[1] "2022-02-18 01:43:24 --- D1115_analyze_glm_Odds_IsHitA_Type24 Start ---"
[1] "2022-02-18 01:43:24 --- Log Start ---"
[1] "2022-02-18 01:43:24 --- analyze_glm.R Start ---"
[1] "analyzeVersion=D1115"
[1] "analyzeCategory=analyze"
[1] "analyzeType=Odds"
[1] "analyzeFamily=IsHitA"
[1] "analyzeFunc=glm"
[1] "analyzeTrackTypeCd=2"
[1] "analyzeJyokenCd=4"
[1] "2022-02-18 01:43:24 --- source_function.R Start ---"
[1] "2022-02-18 01:43:24 --- source_function.R Finished ---"

> print(paste0(Sys.time(), " --- source_library.R Start ---"))
[1] "2022-02-18 01:43:24 --- source_library.R Start ---"

> require("RevoScaleR")

> print(paste0(Sys.time(), " --- source_library.R Finished ---"))
[1] "2022-02-18 01:43:28 --- source_library.R Finished ---"
[1] "2022-02-18 01:43:28 --- RxSqlServerData Start ---"
[1] "2022-02-18 01:43:28 --- RxInSqlServer Start ---"
[1] "2022-02-18 01:43:29 --- RxInSqlServer Finish ---"
[1] "2022-02-18 01:43:29 --- rxSetComputeContext Start ---"
[1] "2022-02-18 01:43:29 --- rxSetComputeContext Finish ---"
[1] "2022-02-18 01:43:29 --- RxSqlServerData Start ---"
[1] "sqlQuery=SELECT * FROM ViewAnalyzeD1115analyze01OddsType24"
[1] "2022-02-18 01:43:29 --- RxSqlServerData Finish ---"
[1] "2022-02-18 01:43:29 --- rxGetVarInfo Start ---"
[1] "2022-02-18 01:43:29 --- rxGetVarInfo Finish---"
[1] "2022-02-18 01:43:29 --- rxImport Start ---"
Rows Read: 47886, Total Rows Processed: 47886, Total Chunk Time: 1.747 seconds 
[1] "2022-02-18 01:43:35 --- rxImport Finish ---"
[1] "object.size(data) auto=9 Mb"
[1] "--------------------------------------------------------------------------------"
[1] "nrow(data) RxSqlServerData=47886"
[1] "--------------------------------------------------------------------------------"
[1] "str(data)="
'data.frame':	47886 obs. of  35 variables:
 $ Race.RaceId                      : Factor w/ 3427 levels "20160116-06-01-05-07",..: 3 3 3 3 3 3 3 4 4 4 ...
 $ Race.IsPredictedRace             : logi  TRUE TRUE TRUE TRUE TRUE TRUE ...
 $ Race.IsAnalyzeNormalPastAndFuture: logi  TRUE TRUE TRUE TRUE TRUE TRUE ...
 $ Race.IsAnalyzeNormalPast         : logi  TRUE TRUE TRUE TRUE TRUE TRUE ...
 $ Race.IsAnalyzeNormalFuture       : logi  FALSE FALSE FALSE FALSE FALSE FALSE ...
 $ Race.IsAnalyzeFullPastAndFuture  : logi  TRUE TRUE TRUE TRUE TRUE TRUE ...
 $ Race.IsAnalyzeFullPast           : logi  TRUE TRUE TRUE TRUE TRUE TRUE ...
 $ Race.IsAnalyzeFullFuture         : logi  FALSE FALSE FALSE FALSE FALSE FALSE ...
 $ Race.JyokenCd                    : Factor w/ 1 level "4": 1 1 1 1 1 1 1 1 1 1 ...
 $ Race.JyoType1Cd                  : Factor w/ 134 levels "2-06-1800-1",..: 3 3 3 3 3 3 3 4 4 4 ...
 $ Race.RaceType0Cd                 : Factor w/ 345 levels "2-06-1800-1-4-X-14",..: 3 3 3 3 3 3 3 4 4 4 ...
 $ Race.RaceType1Cd                 : Factor w/ 2 levels "2-4-X","2-4-E": 1 1 1 1 1 1 1 1 1 1 ...
 $ Race.RaceType2Cd                 : Factor w/ 2 levels "2-4-X","2-4-E": 1 1 1 1 1 1 1 1 1 1 ...
 $ Race.RaceType3Cd                 : Factor w/ 8 levels "4-X-14","4-X-12",..: 1 1 1 1 1 1 1 1 1 1 ...
 $ Race.RaceType4Cd                 : Factor w/ 4 levels "2-4-14","2-4-12",..: 1 1 1 1 1 1 1 1 1 1 ...
 $ RaceHorse.RaceId                 : Factor w/ 3427 levels "20160116-06-01-05-07",..: 3 3 3 3 3 3 3 4 4 4 ...
 $ RaceHorse.KettoNum               : Factor w/ 9597 levels "2011100416","2012102676",..: 11 12 13 14 15 16 17 18 19 20 ...
 $ RaceHorse.IsHit1                 : int  0 0 0 0 0 0 1 0 0 0 ...
 $ RaceHorse.IsHit2                 : int  0 0 0 0 0 0 0 1 0 0 ...
 $ RaceHorse.IsHit3                 : int  0 0 0 0 1 0 0 0 0 0 ...
 $ RaceHorse.IsHit4                 : int  1 0 0 0 0 0 0 0 0 0 ...
 $ RaceHorse.IsHit5                 : int  0 0 1 0 0 0 0 0 0 0 ...
 $ RaceHorse.IsHit6                 : int  0 1 0 1 0 1 0 0 1 1 ...
 $ RaceHorse.IsValidRaceHorse       : logi  TRUE TRUE TRUE FALSE TRUE TRUE ...
 $ RaceHorse.IsHitA                 : int  0 0 0 0 0 0 1 0 0 0 ...
 $ RaceHorse.IsHitB                 : int  0 0 0 0 0 0 1 1 0 0 ...
 $ RaceHorse.IsHitC                 : int  0 0 0 0 1 0 1 1 0 0 ...
 $ OddsByWin.Odds1                  : num  8 57.2 15.3 289.5 16.9 ...
 $ OddsByWin.Ninki                  : num  4 9 6 11 7 5 1 7 4 9 ...
 $ OddsByWin.OddsLog1               : num  2.2 4.06 2.79 5.67 2.88 ...
 $ OddsByWin.OddsRatio1             : num  0.14286 0.01779 0.06993 0.00347 0.06289 ...
 $ OddsByWin.OddsLogit1             : num  -2.08 -4.05 -2.73 -5.67 -2.83 ...
 $ OddsByWin.ApprovalRate1          : num  0.125 0.01748 0.06536 0.00345 0.05917 ...
 $ OddsByWin.ApprovalRateLog1       : num  0.11778 0.01733 0.06331 0.00345 0.05749 ...
 $ EOF                              : int  1 1 1 1 1 1 1 1 1 1 ...
[1] "2022-02-18 01:43:36 --- RxSqlServerData Finish ---"
[1] "2022-02-18 01:43:36 --- subset Start ---"
[1] "--------------------------------------------------------------------------------"
[1] "nrow(data) subset before=47886"
[1] "nrow(data) subset after =39770"
[1] "nrow(data) subset diff =8116"
[1] "--------------------------------------------------------------------------------"
[1] "2022-02-18 01:43:36 --- subset Finish---"
[1] "2022-02-18 01:43:36 --- transform Start ---"
[1] "--------------------------------------------------------------------------------"
[1] "nrow(data) transform before=39770"
[1] "nrow(data) transform after=39770"
[1] "nrow(data) transform diff=0"
[1] "--------------------------------------------------------------------------------"
[1] "str(data)="
'data.frame':	39770 obs. of  35 variables:
 $ Race.RaceId                      : Factor w/ 3427 levels "20160116-06-01-05-07",..: 3 3 3 3 3 3 3 4 4 4 ...
 $ Race.IsPredictedRace             : logi  TRUE TRUE TRUE TRUE TRUE TRUE ...
 $ Race.IsAnalyzeNormalPastAndFuture: logi  TRUE TRUE TRUE TRUE TRUE TRUE ...
 $ Race.IsAnalyzeNormalPast         : logi  TRUE TRUE TRUE TRUE TRUE TRUE ...
 $ Race.IsAnalyzeNormalFuture       : logi  FALSE FALSE FALSE FALSE FALSE FALSE ...
 $ Race.IsAnalyzeFullPastAndFuture  : logi  TRUE TRUE TRUE TRUE TRUE TRUE ...
 $ Race.IsAnalyzeFullPast           : logi  TRUE TRUE TRUE TRUE TRUE TRUE ...
 $ Race.IsAnalyzeFullFuture         : logi  FALSE FALSE FALSE FALSE FALSE FALSE ...
 $ Race.JyokenCd                    : Factor w/ 1 level "4": 1 1 1 1 1 1 1 1 1 1 ...
 $ Race.JyoType1Cd                  : Factor w/ 134 levels "2-06-1800-1",..: 3 3 3 3 3 3 3 4 4 4 ...
 $ Race.RaceType0Cd                 : Factor w/ 345 levels "2-06-1800-1-4-X-14",..: 3 3 3 3 3 3 3 4 4 4 ...
 $ Race.RaceType1Cd                 : Factor w/ 2 levels "2-4-X","2-4-E": 1 1 1 1 1 1 1 1 1 1 ...
 $ Race.RaceType2Cd                 : Factor w/ 2 levels "2-4-X","2-4-E": 1 1 1 1 1 1 1 1 1 1 ...
 $ Race.RaceType3Cd                 : Factor w/ 8 levels "4-X-14","4-X-12",..: 1 1 1 1 1 1 1 1 1 1 ...
 $ Race.RaceType4Cd                 : Factor w/ 4 levels "2-4-14","2-4-12",..: 1 1 1 1 1 1 1 1 1 1 ...
 $ RaceHorse.RaceId                 : Factor w/ 3427 levels "20160116-06-01-05-07",..: 3 3 3 3 3 3 3 4 4 4 ...
 $ RaceHorse.KettoNum               : Factor w/ 9597 levels "2011100416","2012102676",..: 11 12 13 14 15 16 17 18 19 20 ...
 $ RaceHorse.IsHit1                 : int  0 0 0 0 0 0 1 0 0 0 ...
 $ RaceHorse.IsHit2                 : int  0 0 0 0 0 0 0 1 0 0 ...
 $ RaceHorse.IsHit3                 : int  0 0 0 0 1 0 0 0 0 0 ...
 $ RaceHorse.IsHit4                 : int  1 0 0 0 0 0 0 0 0 0 ...
 $ RaceHorse.IsHit5                 : int  0 0 1 0 0 0 0 0 0 0 ...
 $ RaceHorse.IsHit6                 : int  0 1 0 1 0 1 0 0 1 1 ...
 $ RaceHorse.IsValidRaceHorse       : logi  TRUE TRUE TRUE FALSE TRUE TRUE ...
 $ RaceHorse.IsHitA                 : int  0 0 0 0 0 0 1 0 0 0 ...
 $ RaceHorse.IsHitB                 : int  0 0 0 0 0 0 1 1 0 0 ...
 $ RaceHorse.IsHitC                 : int  0 0 0 0 1 0 1 1 0 0 ...
 $ OddsByWin.Odds1                  : num  8 57.2 15.3 289.5 16.9 ...
 $ OddsByWin.Ninki                  : num  4 9 6 11 7 5 1 7 4 9 ...
 $ OddsByWin.OddsLog1               : num  2.2 4.06 2.79 5.67 2.88 ...
 $ OddsByWin.OddsRatio1             : num  0.14286 0.01779 0.06993 0.00347 0.06289 ...
 $ OddsByWin.OddsLogit1             : num  -2.08 -4.05 -2.73 -5.67 -2.83 ...
 $ OddsByWin.ApprovalRate1          : num  0.125 0.01748 0.06536 0.00345 0.05917 ...
 $ OddsByWin.ApprovalRateLog1       : num  0.11778 0.01733 0.06331 0.00345 0.05749 ...
 $ EOF                              : int  1 1 1 1 1 1 1 1 1 1 ...
NULL
[1] "2022-02-18 01:43:36 --- transform Finish ---"
[1] "2022-02-18 01:43:36 --- na.omit Start ---"
[1] "--------------------------------------------------------------------------------"
[1] "nrow(data) na.omit before=39770"
[1] "nrow(data) na.omit after =39616"
[1] "nrow(data) na.omit diff =154"
[1] "--------------------------------------------------------------------------------"
'data.frame':	39616 obs. of  35 variables:
 $ Race.RaceId                      : Factor w/ 3427 levels "20160116-06-01-05-07",..: 3 3 3 3 3 3 3 4 4 4 ...
 $ Race.IsPredictedRace             : logi  TRUE TRUE TRUE TRUE TRUE TRUE ...
 $ Race.IsAnalyzeNormalPastAndFuture: logi  TRUE TRUE TRUE TRUE TRUE TRUE ...
 $ Race.IsAnalyzeNormalPast         : logi  TRUE TRUE TRUE TRUE TRUE TRUE ...
 $ Race.IsAnalyzeNormalFuture       : logi  FALSE FALSE FALSE FALSE FALSE FALSE ...
 $ Race.IsAnalyzeFullPastAndFuture  : logi  TRUE TRUE TRUE TRUE TRUE TRUE ...
 $ Race.IsAnalyzeFullPast           : logi  TRUE TRUE TRUE TRUE TRUE TRUE ...
 $ Race.IsAnalyzeFullFuture         : logi  FALSE FALSE FALSE FALSE FALSE FALSE ...
 $ Race.JyokenCd                    : Factor w/ 1 level "4": 1 1 1 1 1 1 1 1 1 1 ...
 $ Race.JyoType1Cd                  : Factor w/ 134 levels "2-06-1800-1",..: 3 3 3 3 3 3 3 4 4 4 ...
 $ Race.RaceType0Cd                 : Factor w/ 345 levels "2-06-1800-1-4-X-14",..: 3 3 3 3 3 3 3 4 4 4 ...
 $ Race.RaceType1Cd                 : Factor w/ 2 levels "2-4-X","2-4-E": 1 1 1 1 1 1 1 1 1 1 ...
 $ Race.RaceType2Cd                 : Factor w/ 2 levels "2-4-X","2-4-E": 1 1 1 1 1 1 1 1 1 1 ...
 $ Race.RaceType3Cd                 : Factor w/ 8 levels "4-X-14","4-X-12",..: 1 1 1 1 1 1 1 1 1 1 ...
 $ Race.RaceType4Cd                 : Factor w/ 4 levels "2-4-14","2-4-12",..: 1 1 1 1 1 1 1 1 1 1 ...
 $ RaceHorse.RaceId                 : Factor w/ 3427 levels "20160116-06-01-05-07",..: 3 3 3 3 3 3 3 4 4 4 ...
 $ RaceHorse.KettoNum               : Factor w/ 9597 levels "2011100416","2012102676",..: 11 12 13 14 15 16 17 18 19 20 ...
 $ RaceHorse.IsHit1                 : int  0 0 0 0 0 0 1 0 0 0 ...
 $ RaceHorse.IsHit2                 : int  0 0 0 0 0 0 0 1 0 0 ...
 $ RaceHorse.IsHit3                 : int  0 0 0 0 1 0 0 0 0 0 ...
 $ RaceHorse.IsHit4                 : int  1 0 0 0 0 0 0 0 0 0 ...
 $ RaceHorse.IsHit5                 : int  0 0 1 0 0 0 0 0 0 0 ...
 $ RaceHorse.IsHit6                 : int  0 1 0 1 0 1 0 0 1 1 ...
 $ RaceHorse.IsValidRaceHorse       : logi  TRUE TRUE TRUE FALSE TRUE TRUE ...
 $ RaceHorse.IsHitA                 : int  0 0 0 0 0 0 1 0 0 0 ...
 $ RaceHorse.IsHitB                 : int  0 0 0 0 0 0 1 1 0 0 ...
 $ RaceHorse.IsHitC                 : int  0 0 0 0 1 0 1 1 0 0 ...
 $ OddsByWin.Odds1                  : num  8 57.2 15.3 289.5 16.9 ...
 $ OddsByWin.Ninki                  : num  4 9 6 11 7 5 1 7 4 9 ...
 $ OddsByWin.OddsLog1               : num  2.2 4.06 2.79 5.67 2.88 ...
 $ OddsByWin.OddsRatio1             : num  0.14286 0.01779 0.06993 0.00347 0.06289 ...
 $ OddsByWin.OddsLogit1             : num  -2.08 -4.05 -2.73 -5.67 -2.83 ...
 $ OddsByWin.ApprovalRate1          : num  0.125 0.01748 0.06536 0.00345 0.05917 ...
 $ OddsByWin.ApprovalRateLog1       : num  0.11778 0.01733 0.06331 0.00345 0.05749 ...
 $ EOF                              : int  1 1 1 1 1 1 1 1 1 1 ...
 - attr(*, "na.action")= 'omit' Named int  137 345 570 647 933 1293 1713 1858 2544 2614 ...
  ..- attr(*, "names")= chr  "137" "345" "570" "647" ...
[1] "2022-02-18 01:43:37 --- na.omit Finish ---"
[1] "2022-02-18 01:43:37 --- rxGlm with rxStepControl Start ---"

> print(paste0(Sys.time(), " --- source_logic_glm.R Start ---"))
[1] "2022-02-18 01:43:37 --- source_logic_glm.R Start ---"

> formula <- formula(RaceHorse.IsHitA ~ +1 + OddsByWin.OddsLogit1)

> print(paste0(Sys.time(), " --- source_logic_glm.R Finished ---"))
[1] "2022-02-18 01:43:37 --- source_logic_glm.R Finished ---"
Rows Read: 39616, Total Rows Processed: 39616, Total Chunk Time: 0.002 seconds 

Starting values (iteration 1) time: 0.046 secs.
Rows Read: 39616, Total Rows Processed: 39616, Total Chunk Time: 0.007 seconds 

Iteration 2 time: 0.016 secs.
Rows Read: 39616, Total Rows Processed: 39616, Total Chunk Time: 0.003 seconds 

Iteration 3 time: 0.013 secs.
Rows Read: 39616, Total Rows Processed: 39616, Total Chunk Time: 0.004 seconds 

Iteration 4 time: 0.018 secs.
Rows Read: 39616, Total Rows Processed: 39616, Total Chunk Time: 0.004 seconds 

Iteration 5 time: 0.012 secs.
Rows Read: 39616, Total Rows Processed: 39616, Total Chunk Time: 0.006 seconds 

Iteration 6 time: 0.019 secs.

Elapsed computation time: 0.163 secs.
Rows Read: 39616, Total Rows Processed: 39616, Total Chunk Time: Less than .001 seconds 

Starting values (iteration 1) time: 0.010 secs.
Rows Read: 39616, Total Rows Processed: 39616, Total Chunk Time: 0.003 seconds 

Iteration 2 time: 0.010 secs.

Elapsed computation time: 0.034 secs.
Rows Read: 39616, Total Rows Processed: 39616, Total Chunk Time: 0.001 seconds 

Starting values (iteration 1) time: 0.009 secs.
Rows Read: 39616, Total Rows Processed: 39616, Total Chunk Time: 0.003 seconds 

Iteration 2 time: 0.009 secs.
Rows Read: 39616, Total Rows Processed: 39616, Total Chunk Time: 0.003 seconds 

Iteration 3 time: 0.011 secs.
Rows Read: 39616, Total Rows Processed: 39616, Total Chunk Time: 0.003 seconds 

Iteration 4 time: 0.008 secs.
Rows Read: 39616, Total Rows Processed: 39616, Total Chunk Time: 0.003 seconds 

Iteration 5 time: 0.007 secs.
Rows Read: 39616, Total Rows Processed: 39616, Total Chunk Time: 0.003 seconds 

Iteration 6 time: 0.006 secs.

Elapsed computation time: 0.081 secs.

Elapsed computation time: 0.310 secs.
[1] "--------------------------------------------------------------------------------"
[1] "analyze.results.glm.step="
Logistic Regression Results for: RaceHorse.IsHitA ~
    OddsByWin.OddsLogit1
Data: data
Dependent variable(s): RaceHorse.IsHitA
Total independent variables: 2 
Number of valid observations: 39616
Number of missing observations: 0 
 
Coefficients:
                     RaceHorse.IsHitA
(Intercept)                       0.3
OddsByWin.OddsLogit1              1.2
[1] "analyze.results.glm.step.summary"
Call:
rxLogit(formula = formula, data = data, variableSelection = analyze.results.glm.step.varsel)

Logistic Regression Results for: RaceHorse.IsHitA ~
    OddsByWin.OddsLogit1
Data: data
Dependent variable(s): RaceHorse.IsHitA
Total independent variables: 2 
Number of valid observations: 39616
Number of missing observations: 0 
-2*LogLikelihood: 16493.665 (Residual deviance on 39614 degrees of freedom)
 
Coefficients:
                     Estimate Std. Error z value Pr(>|z|)    
(Intercept)            0.2728     0.0480    5.68  1.3e-08 ***
OddsByWin.OddsLogit1   1.1643     0.0228   50.97  2.2e-16 ***
---
Signif. codes:  0 '***' 0.001 '**' 0.01 '*' 0.05 '.' 0.1 ' ' 1

Condition number of final variance-covariance matrix: 1 
Number of iterations: 6
[1] "--------------------------------------------------------------------------------"
[1] "2022-02-18 01:43:37 --- rxGlm with rxStepControl Finish ---"
[1] "2022-02-18 01:43:37 --- rxStepPlot Start ---"
[1] "pdfFilename=pdf_analyze_glm_Odds_Type24_rxStepPlot.pdf"
[1] "rxStepPlot="
[1] "2022-02-18 01:43:45 --- rxStepPlot Finish ---"
[1] "2022-02-18 01:43:45 --- save.image Start ---"
[1] "save.image"
[1] "rdataFilename=RData_analyze_glm_Odds_Type24.RData"
[1] "2022-02-18 01:43:57 --- save.image Finish ---"
[1] "2022-02-18 01:43:57 --- final Start ---"
[1] "--------------------------------------------------------------------------------"
[1] "nrow(data) final=39616"
[1] "--------------------------------------------------------------------------------"
[1] "2022-02-18 01:43:57 --- final Finish ---"
[1] "2022-02-18 01:43:57 --- analyze_glm.R Finished ---"
[1] "2022-02-18 01:43:57 --- log Finish ---"
