[1] "2022-02-26 23:10:39 --- D1115_analyze_glm_Gen01_IsHitA_Type24 Start ---"
[1] "2022-02-26 23:10:39 --- Log Start ---"
[1] "2022-02-26 23:10:39 --- analyze_glm.R Start ---"
[1] "analyzeVersion=D1115"
[1] "analyzeCategory=analyze"
[1] "analyzeType=Gen01"
[1] "analyzeFamily=IsHitA"
[1] "analyzeFunc=glm"
[1] "analyzeTrackTypeCd=2"
[1] "analyzeJyokenCd=4"
[1] "2022-02-26 23:10:39 --- source_function.R Start ---"
[1] "2022-02-26 23:10:39 --- source_function.R Finished ---"

> print(paste0(Sys.time(), " --- source_library.R Start ---"))
[1] "2022-02-26 23:10:39 --- source_library.R Start ---"

> require("RevoScaleR")

> print(paste0(Sys.time(), " --- source_library.R Finished ---"))
[1] "2022-02-26 23:10:39 --- source_library.R Finished ---"
[1] "2022-02-26 23:10:39 --- RxSqlServerData Start ---"
[1] "2022-02-26 23:10:39 --- RxInSqlServer Start ---"
[1] "2022-02-26 23:10:40 --- RxInSqlServer Finish ---"
[1] "2022-02-26 23:10:40 --- rxSetComputeContext Start ---"
[1] "2022-02-26 23:10:40 --- rxSetComputeContext Finish ---"
[1] "2022-02-26 23:10:40 --- RxSqlServerData Start ---"
[1] "sqlQuery=SELECT * FROM ViewAnalyzeD1115analyze01Gen01Type24"
[1] "2022-02-26 23:10:40 --- RxSqlServerData Finish ---"
[1] "2022-02-26 23:10:40 --- rxGetVarInfo Start ---"
[1] "2022-02-26 23:10:40 --- rxGetVarInfo Finish---"
[1] "2022-02-26 23:10:40 --- rxImport Start ---"
Rows Read: 2788, Total Rows Processed: 2788, Total Chunk Time: 97.923 seconds 
[1] "2022-02-26 23:13:02 --- rxImport Finish ---"
[1] "object.size(data) auto=1.4 Mb"
[1] "--------------------------------------------------------------------------------"
[1] "nrow(data) RxSqlServerData=2788"
[1] "--------------------------------------------------------------------------------"
[1] "str(data)="
'data.frame':	2788 obs. of  44 variables:
 $ Race.RaceId                      : Factor w/ 2785 levels "20160105-08-01-01-04",..: 11 12 13 14 15 16 17 18 19 20 ...
 $ Race.IsAnalyzeNormalPastAndFuture: logi  TRUE TRUE TRUE TRUE TRUE TRUE ...
 $ Race.IsAnalyzeNormalPast         : logi  TRUE TRUE TRUE TRUE TRUE TRUE ...
 $ Race.IsAnalyzeNormalFuture       : logi  FALSE FALSE FALSE FALSE FALSE FALSE ...
 $ Race.IsAnalyzeFullPastAndFuture  : logi  TRUE TRUE TRUE TRUE TRUE TRUE ...
 $ Race.IsAnalyzeFullPast           : logi  TRUE TRUE TRUE TRUE TRUE TRUE ...
 $ Race.IsAnalyzeFullFuture         : logi  FALSE FALSE FALSE FALSE FALSE FALSE ...
 $ Race.JyokenCd                    : Factor w/ 1 level "4": 1 1 1 1 1 1 1 1 1 1 ...
 $ Race.JyoType1Cd                  : Factor w/ 131 levels "2-08-1800-4-1",..: 10 8 10 11 3 10 12 13 1 14 ...
 $ Race.RaceType1Cd                 : Factor w/ 5 levels "2-4-X-2","2-4-X-3",..: 4 4 4 4 4 4 4 1 1 4 ...
 $ RaceHorse.RaceId                 : Factor w/ 2785 levels "20160105-08-01-01-04",..: 11 12 13 14 15 16 17 18 19 20 ...
 $ RaceHorse.KettoNum               : Factor w/ 2419 levels "2012104572","2012102222",..: 11 12 13 14 15 16 17 18 19 20 ...
 $ RaceHorse.IsHit1                 : num  1 1 1 1 1 1 1 1 1 1 ...
 $ RaceHorse.IsHit2                 : num  0 0 0 0 0 0 0 0 0 0 ...
 $ RaceHorse.IsHit3                 : num  0 0 0 0 0 0 0 0 0 0 ...
 $ RaceHorse.IsHit4                 : num  0 0 0 0 0 0 0 0 0 0 ...
 $ RaceHorse.IsHit5                 : num  0 0 0 0 0 0 0 0 0 0 ...
 $ RaceHorse.IsHit6                 : num  0 0 0 0 0 0 0 0 0 0 ...
 $ RaceHorse.IsValidRaceHorse       : logi  TRUE TRUE TRUE TRUE TRUE TRUE ...
 $ RaceHorse.TimeSdvByRace          : num  1.2 1.05 1.53 1.1 1.27 ...
 $ RaceHorse.TimeSdv                : num  1.38 0.787 1.114 0.858 0.954 ...
 $ RaceHorse.IsHitA                 : num  1 1 1 1 1 1 1 1 1 1 ...
 $ RaceHorse.IsHitB                 : num  1 1 1 1 1 1 1 1 1 1 ...
 $ RaceHorse.IsHitC                 : num  1 1 1 1 1 1 1 1 1 1 ...
 $ Gen01.HansyokuNum                : Factor w/ 269 levels "11202153","11201672",..: 10 11 12 13 14 15 16 1 17 18 ...
 $ Gen01.TimeSdvByRaceAvg           : num  0.319 0.763 -0.112 -0.154 0.337 ...
 $ Gen01.TimeSdvByRaceMin           : num  -1.51 0.198 -2.891 -2.903 -1.884 ...
 $ Gen01.TimeSdvByRaceMax           : num  1.25 1.3 1.85 2.07 2.16 ...
 $ Gen01.TimeSdvAvg                 : num  0.4272 0.6742 -0.0245 -0.0678 0.3709 ...
 $ Gen01.TimeSdvMin                 : num  -0.6191 -0.0748 -2.5686 -3.0845 -2.1683 ...
 $ Gen01.TimeSdvMax                 : num  1.55 1.53 1.98 2.03 2.03 ...
 $ Gen01.OrderOfFinishSdvAvg        : num  0.4919 0.6778 -0.1328 -0.0913 0.3348 ...
 $ Gen01.RunCount                   : num  11 5 206 275 51 79 49 101 240 326 ...
 $ Gen01.HitCount1                  : num  1 0 14 18 7 11 4 5 24 19 ...
 $ Gen01.HitCount2                  : num  3 1 7 21 2 6 2 4 18 20 ...
 $ Gen01.HitCount3                  : num  0 1 8 14 5 3 7 9 13 22 ...
 $ Gen01.HitCount4                  : num  1 0 13 20 7 8 3 4 21 23 ...
 $ Gen01.HitCount5                  : num  1 0 17 18 2 2 5 8 15 16 ...
 $ Gen01.HitRate1                   : num  0.0909 0 0.068 0.0655 0.1373 ...
 $ Gen01.HitRate2                   : num  0.2727 0.2 0.034 0.0764 0.0392 ...
 $ Gen01.HitRate3                   : num  0 0.2 0.0388 0.0509 0.098 ...
 $ Gen01.HitRate4                   : num  0.0909 0 0.0631 0.0727 0.1373 ...
 $ Gen01.HitRate5                   : num  0.0909 0 0.0825 0.0655 0.0392 ...
 $ EOF                              : int  1 1 1 1 1 1 1 1 1 1 ...
[1] "2022-02-26 23:13:14 --- RxSqlServerData Finish ---"
[1] "2022-02-26 23:13:14 --- subset Start ---"
[1] "--------------------------------------------------------------------------------"
[1] "nrow(data) subset before=2788"
[1] "nrow(data) subset after =2788"
[1] "nrow(data) subset diff =0"
[1] "--------------------------------------------------------------------------------"
[1] "2022-02-26 23:13:15 --- subset Finish---"
[1] "2022-02-26 23:13:15 --- transform Start ---"
[1] "--------------------------------------------------------------------------------"
[1] "nrow(data) transform before=2788"
[1] "nrow(data) transform after=2788"
[1] "nrow(data) transform diff=0"
[1] "--------------------------------------------------------------------------------"
[1] "str(data)="
'data.frame':	2788 obs. of  44 variables:
 $ Race.RaceId                      : Factor w/ 2785 levels "20160105-08-01-01-04",..: 11 12 13 14 15 16 17 18 19 20 ...
 $ Race.IsAnalyzeNormalPastAndFuture: logi  TRUE TRUE TRUE TRUE TRUE TRUE ...
 $ Race.IsAnalyzeNormalPast         : logi  TRUE TRUE TRUE TRUE TRUE TRUE ...
 $ Race.IsAnalyzeNormalFuture       : logi  FALSE FALSE FALSE FALSE FALSE FALSE ...
 $ Race.IsAnalyzeFullPastAndFuture  : logi  TRUE TRUE TRUE TRUE TRUE TRUE ...
 $ Race.IsAnalyzeFullPast           : logi  TRUE TRUE TRUE TRUE TRUE TRUE ...
 $ Race.IsAnalyzeFullFuture         : logi  FALSE FALSE FALSE FALSE FALSE FALSE ...
 $ Race.JyokenCd                    : Factor w/ 1 level "4": 1 1 1 1 1 1 1 1 1 1 ...
 $ Race.JyoType1Cd                  : Factor w/ 131 levels "2-08-1800-4-1",..: 10 8 10 11 3 10 12 13 1 14 ...
 $ Race.RaceType1Cd                 : Factor w/ 5 levels "2-4-X-2","2-4-X-3",..: 4 4 4 4 4 4 4 1 1 4 ...
 $ RaceHorse.RaceId                 : Factor w/ 2785 levels "20160105-08-01-01-04",..: 11 12 13 14 15 16 17 18 19 20 ...
 $ RaceHorse.KettoNum               : Factor w/ 2419 levels "2012104572","2012102222",..: 11 12 13 14 15 16 17 18 19 20 ...
 $ RaceHorse.IsHit1                 : num  1 1 1 1 1 1 1 1 1 1 ...
 $ RaceHorse.IsHit2                 : num  0 0 0 0 0 0 0 0 0 0 ...
 $ RaceHorse.IsHit3                 : num  0 0 0 0 0 0 0 0 0 0 ...
 $ RaceHorse.IsHit4                 : num  0 0 0 0 0 0 0 0 0 0 ...
 $ RaceHorse.IsHit5                 : num  0 0 0 0 0 0 0 0 0 0 ...
 $ RaceHorse.IsHit6                 : num  0 0 0 0 0 0 0 0 0 0 ...
 $ RaceHorse.IsValidRaceHorse       : logi  TRUE TRUE TRUE TRUE TRUE TRUE ...
 $ RaceHorse.TimeSdvByRace          : num  1.2 1.05 1.53 1.1 1.27 ...
 $ RaceHorse.TimeSdv                : num  1.38 0.787 1.114 0.858 0.954 ...
 $ RaceHorse.IsHitA                 : num  1 1 1 1 1 1 1 1 1 1 ...
 $ RaceHorse.IsHitB                 : num  1 1 1 1 1 1 1 1 1 1 ...
 $ RaceHorse.IsHitC                 : num  1 1 1 1 1 1 1 1 1 1 ...
 $ Gen01.HansyokuNum                : Factor w/ 269 levels "11202153","11201672",..: 10 11 12 13 14 15 16 1 17 18 ...
 $ Gen01.TimeSdvByRaceAvg           : num  0.319 0.763 -0.112 -0.154 0.337 ...
 $ Gen01.TimeSdvByRaceMin           : num  -1.51 0.198 -2.891 -2.903 -1.884 ...
 $ Gen01.TimeSdvByRaceMax           : num  1.25 1.3 1.85 2.07 2.16 ...
 $ Gen01.TimeSdvAvg                 : num  0.4272 0.6742 -0.0245 -0.0678 0.3709 ...
 $ Gen01.TimeSdvMin                 : num  -0.6191 -0.0748 -2.5686 -3.0845 -2.1683 ...
 $ Gen01.TimeSdvMax                 : num  1.55 1.53 1.98 2.03 2.03 ...
 $ Gen01.OrderOfFinishSdvAvg        : num  0.4919 0.6778 -0.1328 -0.0913 0.3348 ...
 $ Gen01.RunCount                   : num  11 5 206 275 51 79 49 101 240 326 ...
 $ Gen01.HitCount1                  : num  1 0 14 18 7 11 4 5 24 19 ...
 $ Gen01.HitCount2                  : num  3 1 7 21 2 6 2 4 18 20 ...
 $ Gen01.HitCount3                  : num  0 1 8 14 5 3 7 9 13 22 ...
 $ Gen01.HitCount4                  : num  1 0 13 20 7 8 3 4 21 23 ...
 $ Gen01.HitCount5                  : num  1 0 17 18 2 2 5 8 15 16 ...
 $ Gen01.HitRate1                   : num  0.0909 0 0.068 0.0655 0.1373 ...
 $ Gen01.HitRate2                   : num  0.2727 0.2 0.034 0.0764 0.0392 ...
 $ Gen01.HitRate3                   : num  0 0.2 0.0388 0.0509 0.098 ...
 $ Gen01.HitRate4                   : num  0.0909 0 0.0631 0.0727 0.1373 ...
 $ Gen01.HitRate5                   : num  0.0909 0 0.0825 0.0655 0.0392 ...
 $ EOF                              : int  1 1 1 1 1 1 1 1 1 1 ...
NULL
[1] "2022-02-26 23:13:29 --- transform Finish ---"
[1] "2022-02-26 23:13:30 --- na.omit Start ---"
[1] "--------------------------------------------------------------------------------"
[1] "nrow(data) na.omit before=2788"
[1] "nrow(data) na.omit after =2788"
[1] "nrow(data) na.omit diff =0"
[1] "--------------------------------------------------------------------------------"
'data.frame':	2788 obs. of  44 variables:
 $ Race.RaceId                      : Factor w/ 2785 levels "20160105-08-01-01-04",..: 11 12 13 14 15 16 17 18 19 20 ...
 $ Race.IsAnalyzeNormalPastAndFuture: logi  TRUE TRUE TRUE TRUE TRUE TRUE ...
 $ Race.IsAnalyzeNormalPast         : logi  TRUE TRUE TRUE TRUE TRUE TRUE ...
 $ Race.IsAnalyzeNormalFuture       : logi  FALSE FALSE FALSE FALSE FALSE FALSE ...
 $ Race.IsAnalyzeFullPastAndFuture  : logi  TRUE TRUE TRUE TRUE TRUE TRUE ...
 $ Race.IsAnalyzeFullPast           : logi  TRUE TRUE TRUE TRUE TRUE TRUE ...
 $ Race.IsAnalyzeFullFuture         : logi  FALSE FALSE FALSE FALSE FALSE FALSE ...
 $ Race.JyokenCd                    : Factor w/ 1 level "4": 1 1 1 1 1 1 1 1 1 1 ...
 $ Race.JyoType1Cd                  : Factor w/ 131 levels "2-08-1800-4-1",..: 10 8 10 11 3 10 12 13 1 14 ...
 $ Race.RaceType1Cd                 : Factor w/ 5 levels "2-4-X-2","2-4-X-3",..: 4 4 4 4 4 4 4 1 1 4 ...
 $ RaceHorse.RaceId                 : Factor w/ 2785 levels "20160105-08-01-01-04",..: 11 12 13 14 15 16 17 18 19 20 ...
 $ RaceHorse.KettoNum               : Factor w/ 2419 levels "2012104572","2012102222",..: 11 12 13 14 15 16 17 18 19 20 ...
 $ RaceHorse.IsHit1                 : num  1 1 1 1 1 1 1 1 1 1 ...
 $ RaceHorse.IsHit2                 : num  0 0 0 0 0 0 0 0 0 0 ...
 $ RaceHorse.IsHit3                 : num  0 0 0 0 0 0 0 0 0 0 ...
 $ RaceHorse.IsHit4                 : num  0 0 0 0 0 0 0 0 0 0 ...
 $ RaceHorse.IsHit5                 : num  0 0 0 0 0 0 0 0 0 0 ...
 $ RaceHorse.IsHit6                 : num  0 0 0 0 0 0 0 0 0 0 ...
 $ RaceHorse.IsValidRaceHorse       : logi  TRUE TRUE TRUE TRUE TRUE TRUE ...
 $ RaceHorse.TimeSdvByRace          : num  1.2 1.05 1.53 1.1 1.27 ...
 $ RaceHorse.TimeSdv                : num  1.38 0.787 1.114 0.858 0.954 ...
 $ RaceHorse.IsHitA                 : num  1 1 1 1 1 1 1 1 1 1 ...
 $ RaceHorse.IsHitB                 : num  1 1 1 1 1 1 1 1 1 1 ...
 $ RaceHorse.IsHitC                 : num  1 1 1 1 1 1 1 1 1 1 ...
 $ Gen01.HansyokuNum                : Factor w/ 269 levels "11202153","11201672",..: 10 11 12 13 14 15 16 1 17 18 ...
 $ Gen01.TimeSdvByRaceAvg           : num  0.319 0.763 -0.112 -0.154 0.337 ...
 $ Gen01.TimeSdvByRaceMin           : num  -1.51 0.198 -2.891 -2.903 -1.884 ...
 $ Gen01.TimeSdvByRaceMax           : num  1.25 1.3 1.85 2.07 2.16 ...
 $ Gen01.TimeSdvAvg                 : num  0.4272 0.6742 -0.0245 -0.0678 0.3709 ...
 $ Gen01.TimeSdvMin                 : num  -0.6191 -0.0748 -2.5686 -3.0845 -2.1683 ...
 $ Gen01.TimeSdvMax                 : num  1.55 1.53 1.98 2.03 2.03 ...
 $ Gen01.OrderOfFinishSdvAvg        : num  0.4919 0.6778 -0.1328 -0.0913 0.3348 ...
 $ Gen01.RunCount                   : num  11 5 206 275 51 79 49 101 240 326 ...
 $ Gen01.HitCount1                  : num  1 0 14 18 7 11 4 5 24 19 ...
 $ Gen01.HitCount2                  : num  3 1 7 21 2 6 2 4 18 20 ...
 $ Gen01.HitCount3                  : num  0 1 8 14 5 3 7 9 13 22 ...
 $ Gen01.HitCount4                  : num  1 0 13 20 7 8 3 4 21 23 ...
 $ Gen01.HitCount5                  : num  1 0 17 18 2 2 5 8 15 16 ...
 $ Gen01.HitRate1                   : num  0.0909 0 0.068 0.0655 0.1373 ...
 $ Gen01.HitRate2                   : num  0.2727 0.2 0.034 0.0764 0.0392 ...
 $ Gen01.HitRate3                   : num  0 0.2 0.0388 0.0509 0.098 ...
 $ Gen01.HitRate4                   : num  0.0909 0 0.0631 0.0727 0.1373 ...
 $ Gen01.HitRate5                   : num  0.0909 0 0.0825 0.0655 0.0392 ...
 $ EOF                              : int  1 1 1 1 1 1 1 1 1 1 ...
[1] "2022-02-26 23:13:38 --- na.omit Finish ---"
[1] "2022-02-26 23:13:38 --- rxGlm with rxStepControl Start ---"

> print(paste0(Sys.time(), " --- source_logic_glm.R Start ---"))
[1] "2022-02-26 23:13:38 --- source_logic_glm.R Start ---"

> formula <- formula(RaceHorse.IsHitA ~ +1 + Gen01.TimeSdvByRaceAvg)

> print(paste0(Sys.time(), " --- source_logic_glm.R Finished ---"))
[1] "2022-02-26 23:13:38 --- source_logic_glm.R Finished ---"
Rows Read: 2788, Total Rows Processed: 2788, Total Chunk Time: 0.001 seconds 

Starting values (iteration 1) time: 0.014 secs.
Rows Read: 2788, Total Rows Processed: 2788, Total Chunk Time: 0.001 seconds 

Iteration 2 time: 0.007 secs.

Elapsed computation time: 0.047 secs.
Rows Read: 2788, Total Rows Processed: 2788, Total Chunk Time: Less than .001 seconds 

Starting values (iteration 1) time: 0.008 secs.
Rows Read: 2788, Total Rows Processed: 2788, Total Chunk Time: 0.001 seconds 

Iteration 2 time: 0.006 secs.

Elapsed computation time: 0.028 secs.
Rows Read: 2788, Total Rows Processed: 2788, Total Chunk Time: 0.001 seconds 

Starting values (iteration 1) time: 0.007 secs.
Rows Read: 2788, Total Rows Processed: 2788, Total Chunk Time: 0.001 seconds 

Iteration 2 time: 0.006 secs.

Elapsed computation time: 0.029 secs.
Rows Read: 2788, Total Rows Processed: 2788, Total Chunk Time: Less than .001 seconds 

Starting values (iteration 1) time: 0.007 secs.
Rows Read: 2788, Total Rows Processed: 2788, Total Chunk Time: Less than .001 seconds 

Iteration 2 time: 0.006 secs.

Elapsed computation time: 0.030 secs.

Elapsed computation time: 0.162 secs.
[1] "--------------------------------------------------------------------------------"
[1] "analyze.results.glm.step="
Logistic Regression Results for: RaceHorse.IsHitA ~ 1
Data: data
Dependent variable(s): RaceHorse.IsHitA
Total independent variables: 1 
Number of valid observations: 2788
Number of missing observations: 0 
 
Coefficients:
            RaceHorse.IsHitA
(Intercept)                2
[1] "analyze.results.glm.step.summary"
Call:
rxLogit(formula = formula, data = data, variableSelection = analyze.results.glm.step.varsel)

Logistic Regression Results for: RaceHorse.IsHitA ~ 1
Data: data
Dependent variable(s): RaceHorse.IsHitA
Total independent variables: 1 
Number of valid observations: 2788
Number of missing observations: 0 
-2*LogLikelihood: 3864.989 (Residual deviance on 2787 degrees of freedom)
 
Coefficients:
            Estimate Std. Error z value Pr(>|z|)    
(Intercept)   2.0000     0.0379    52.8  2.2e-16 ***
---
Signif. codes:  0 '***' 0.001 '**' 0.01 '*' 0.05 '.' 0.1 ' ' 1

Condition number of final variance-covariance matrix: 1 
Number of iterations: 2
[1] "--------------------------------------------------------------------------------"
[1] "2022-02-26 23:13:39 --- rxGlm with rxStepControl Finish ---"
[1] "2022-02-26 23:13:39 --- rxStepPlot Start ---"
[1] "pdfFilename=pdf_analyze_glm_Gen01_Type24_rxStepPlot.pdf"
[1] "rxStepPlot="
[1] "2022-02-26 23:13:39 --- rxStepPlot Finish ---"
[1] "2022-02-26 23:13:39 --- save.image Start ---"
[1] "save.image"
[1] "rdataFilename=RData_analyze_glm_Gen01_Type24.RData"
[1] "2022-02-26 23:13:40 --- save.image Finish ---"
[1] "2022-02-26 23:13:40 --- final Start ---"
[1] "--------------------------------------------------------------------------------"
[1] "nrow(data) final=2788"
[1] "--------------------------------------------------------------------------------"
[1] "2022-02-26 23:13:40 --- final Finish ---"
[1] "2022-02-26 23:13:40 --- analyze_glm.R Finished ---"
[1] "2022-02-26 23:13:40 --- log Finish ---"
