[1] "2022-02-26 23:12:35 --- D1115_analyze_glm_Jockey_IsHitA_Type22 Start ---"
[1] "2022-02-26 23:12:35 --- Log Start ---"
[1] "2022-02-26 23:12:35 --- analyze_glm.R Start ---"
[1] "analyzeVersion=D1115"
[1] "analyzeCategory=analyze"
[1] "analyzeType=Jockey"
[1] "analyzeFamily=IsHitA"
[1] "analyzeFunc=glm"
[1] "analyzeTrackTypeCd=2"
[1] "analyzeJyokenCd=2"
[1] "2022-02-26 23:12:35 --- source_function.R Start ---"
[1] "2022-02-26 23:12:35 --- source_function.R Finished ---"

> print(paste0(Sys.time(), " --- source_library.R Start ---"))
[1] "2022-02-26 23:12:35 --- source_library.R Start ---"

> require("RevoScaleR")

> print(paste0(Sys.time(), " --- source_library.R Finished ---"))
[1] "2022-02-26 23:12:37 --- source_library.R Finished ---"
[1] "2022-02-26 23:12:38 --- RxSqlServerData Start ---"
[1] "2022-02-26 23:12:38 --- RxInSqlServer Start ---"
[1] "2022-02-26 23:12:38 --- RxInSqlServer Finish ---"
[1] "2022-02-26 23:12:38 --- rxSetComputeContext Start ---"
[1] "2022-02-26 23:12:38 --- rxSetComputeContext Finish ---"
[1] "2022-02-26 23:12:38 --- RxSqlServerData Start ---"
[1] "sqlQuery=SELECT * FROM ViewAnalyzeD1115analyze01JockeyType22"
[1] "2022-02-26 23:12:38 --- RxSqlServerData Finish ---"
[1] "2022-02-26 23:12:38 --- rxGetVarInfo Start ---"
[1] "2022-02-26 23:12:39 --- rxGetVarInfo Finish---"
[1] "2022-02-26 23:12:39 --- rxImport Start ---"
Rows Read: 397, Total Rows Processed: 397, Total Chunk Time: 13.574 seconds 
[1] "2022-02-26 23:13:08 --- rxImport Finish ---"
[1] "object.size(data) auto=219.4 Kb"
[1] "--------------------------------------------------------------------------------"
[1] "nrow(data) RxSqlServerData=397"
[1] "--------------------------------------------------------------------------------"
[1] "str(data)="
'data.frame':	397 obs. of  43 variables:
 $ Race.RaceId                      : Factor w/ 395 levels "20170521-05-02-10-12",..: 11 12 13 14 15 16 17 18 19 20 ...
 $ Race.IsAnalyzeNormalPastAndFuture: logi  TRUE TRUE TRUE TRUE TRUE TRUE ...
 $ Race.IsAnalyzeNormalPast         : logi  TRUE TRUE TRUE TRUE TRUE TRUE ...
 $ Race.IsAnalyzeNormalFuture       : logi  FALSE FALSE FALSE FALSE FALSE FALSE ...
 $ Race.IsAnalyzeFullPastAndFuture  : logi  TRUE TRUE TRUE TRUE TRUE TRUE ...
 $ Race.IsAnalyzeFullPast           : logi  TRUE TRUE TRUE TRUE TRUE TRUE ...
 $ Race.IsAnalyzeFullFuture         : logi  FALSE FALSE FALSE FALSE FALSE FALSE ...
 $ Race.JyokenCd                    : Factor w/ 1 level "2": 1 1 1 1 1 1 1 1 1 1 ...
 $ Race.JyoType1Cd                  : Factor w/ 71 levels "2-05-2100-2-1",..: 9 9 10 11 2 7 5 7 2 2 ...
 $ Race.RaceType1Cd                 : Factor w/ 2 levels "2-2-E-2","2-2-E-1": 2 2 2 1 1 2 2 2 1 1 ...
 $ RaceHorse.RaceId                 : Factor w/ 395 levels "20170521-05-02-10-12",..: 11 12 13 14 15 16 17 18 19 20 ...
 $ RaceHorse.KettoNum               : Factor w/ 368 levels "2009103516","2013101861",..: 10 11 12 13 14 15 16 17 18 19 ...
 $ RaceHorse.IsHit1                 : num  1 1 1 1 1 1 1 1 1 1 ...
 $ RaceHorse.IsHit2                 : num  0 0 0 0 0 0 0 0 0 0 ...
 $ RaceHorse.IsHit3                 : num  0 0 0 0 0 0 0 0 0 0 ...
 $ RaceHorse.IsHit4                 : num  0 0 0 0 0 0 0 0 0 0 ...
 $ RaceHorse.IsHit5                 : num  0 0 0 0 0 0 0 0 0 0 ...
 $ RaceHorse.IsHit6                 : num  0 0 0 0 0 0 0 0 0 0 ...
 $ RaceHorse.IsValidRaceHorse       : logi  TRUE TRUE TRUE TRUE TRUE TRUE ...
 $ RaceHorse.TimeSdvByRace          : num  1.54 2.03 1.46 1.31 1.48 ...
 $ RaceHorse.TimeSdv                : num  0.496 1.559 1.387 1.859 0.472 ...
 $ RaceHorse.IsHitA                 : num  1 1 1 1 1 1 1 1 1 1 ...
 $ RaceHorse.IsHitB                 : num  1 1 1 1 1 1 1 1 1 1 ...
 $ RaceHorse.IsHitC                 : num  1 1 1 1 1 1 1 1 1 1 ...
 $ Jockey.TimeSdvByRaceAvg          : num  -0.0376 -0.0437 -0.0399 -0.0234 -0.3728 ...
 $ Jockey.TimeSdvByRaceMin          : num  -2.76 -2.71 -2.76 -2.85 -2.94 ...
 $ Jockey.TimeSdvByRaceMax          : num  1.73 1.69 1.73 2.09 1.41 ...
 $ Jockey.TimeSdvAvg                : num  -0.0456 0.0304 -0.0374 -0.0295 -0.2407 ...
 $ Jockey.TimeSdvMin                : num  -3.5 -2.96 -3.5 -2.44 -2.57 ...
 $ Jockey.TimeSdvMax                : num  1.9 1.9 1.9 1.77 1.39 ...
 $ Jockey.OrderOfFinishSdvAvg       : num  -4.04e-05 -4.84e-02 1.61e-02 -7.08e-02 -3.06e-01 ...
 $ Jockey.RunCount                  : num  84 84 84 53 44 44 57 59 35 36 ...
 $ Jockey.HitCount1                 : num  5 5 6 5 1 2 3 3 2 3 ...
 $ Jockey.HitCount2                 : num  10 9 10 2 2 2 5 5 4 4 ...
 $ Jockey.HitCount3                 : num  3 3 3 5 1 5 1 4 1 1 ...
 $ Jockey.HitCount4                 : num  6 5 6 1 3 2 4 2 6 5 ...
 $ Jockey.HitCount5                 : num  4 4 4 4 2 3 4 7 3 3 ...
 $ Jockey.HitRate1                  : num  0.0595 0.0595 0.0714 0.0943 0.0227 ...
 $ Jockey.HitRate2                  : num  0.119 0.1071 0.119 0.0377 0.0455 ...
 $ Jockey.HitRate3                  : num  0.0357 0.0357 0.0357 0.0943 0.0227 ...
 $ Jockey.HitRate4                  : num  0.0714 0.0595 0.0714 0.0189 0.0682 ...
 $ Jockey.HitRate5                  : num  0.0476 0.0476 0.0476 0.0755 0.0455 ...
 $ EOF                              : int  1 1 1 1 1 1 1 1 1 1 ...
[1] "2022-02-26 23:13:13 --- RxSqlServerData Finish ---"
[1] "2022-02-26 23:13:13 --- subset Start ---"
[1] "--------------------------------------------------------------------------------"
[1] "nrow(data) subset before=397"
[1] "nrow(data) subset after =397"
[1] "nrow(data) subset diff =0"
[1] "--------------------------------------------------------------------------------"
[1] "2022-02-26 23:13:14 --- subset Finish---"
[1] "2022-02-26 23:13:14 --- transform Start ---"
[1] "--------------------------------------------------------------------------------"
[1] "nrow(data) transform before=397"
[1] "nrow(data) transform after=397"
[1] "nrow(data) transform diff=0"
[1] "--------------------------------------------------------------------------------"
[1] "str(data)="
'data.frame':	397 obs. of  43 variables:
 $ Race.RaceId                      : Factor w/ 395 levels "20170521-05-02-10-12",..: 11 12 13 14 15 16 17 18 19 20 ...
 $ Race.IsAnalyzeNormalPastAndFuture: logi  TRUE TRUE TRUE TRUE TRUE TRUE ...
 $ Race.IsAnalyzeNormalPast         : logi  TRUE TRUE TRUE TRUE TRUE TRUE ...
 $ Race.IsAnalyzeNormalFuture       : logi  FALSE FALSE FALSE FALSE FALSE FALSE ...
 $ Race.IsAnalyzeFullPastAndFuture  : logi  TRUE TRUE TRUE TRUE TRUE TRUE ...
 $ Race.IsAnalyzeFullPast           : logi  TRUE TRUE TRUE TRUE TRUE TRUE ...
 $ Race.IsAnalyzeFullFuture         : logi  FALSE FALSE FALSE FALSE FALSE FALSE ...
 $ Race.JyokenCd                    : Factor w/ 1 level "2": 1 1 1 1 1 1 1 1 1 1 ...
 $ Race.JyoType1Cd                  : Factor w/ 71 levels "2-05-2100-2-1",..: 9 9 10 11 2 7 5 7 2 2 ...
 $ Race.RaceType1Cd                 : Factor w/ 2 levels "2-2-E-2","2-2-E-1": 2 2 2 1 1 2 2 2 1 1 ...
 $ RaceHorse.RaceId                 : Factor w/ 395 levels "20170521-05-02-10-12",..: 11 12 13 14 15 16 17 18 19 20 ...
 $ RaceHorse.KettoNum               : Factor w/ 368 levels "2009103516","2013101861",..: 10 11 12 13 14 15 16 17 18 19 ...
 $ RaceHorse.IsHit1                 : num  1 1 1 1 1 1 1 1 1 1 ...
 $ RaceHorse.IsHit2                 : num  0 0 0 0 0 0 0 0 0 0 ...
 $ RaceHorse.IsHit3                 : num  0 0 0 0 0 0 0 0 0 0 ...
 $ RaceHorse.IsHit4                 : num  0 0 0 0 0 0 0 0 0 0 ...
 $ RaceHorse.IsHit5                 : num  0 0 0 0 0 0 0 0 0 0 ...
 $ RaceHorse.IsHit6                 : num  0 0 0 0 0 0 0 0 0 0 ...
 $ RaceHorse.IsValidRaceHorse       : logi  TRUE TRUE TRUE TRUE TRUE TRUE ...
 $ RaceHorse.TimeSdvByRace          : num  1.54 2.03 1.46 1.31 1.48 ...
 $ RaceHorse.TimeSdv                : num  0.496 1.559 1.387 1.859 0.472 ...
 $ RaceHorse.IsHitA                 : num  1 1 1 1 1 1 1 1 1 1 ...
 $ RaceHorse.IsHitB                 : num  1 1 1 1 1 1 1 1 1 1 ...
 $ RaceHorse.IsHitC                 : num  1 1 1 1 1 1 1 1 1 1 ...
 $ Jockey.TimeSdvByRaceAvg          : num  -0.0376 -0.0437 -0.0399 -0.0234 -0.3728 ...
 $ Jockey.TimeSdvByRaceMin          : num  -2.76 -2.71 -2.76 -2.85 -2.94 ...
 $ Jockey.TimeSdvByRaceMax          : num  1.73 1.69 1.73 2.09 1.41 ...
 $ Jockey.TimeSdvAvg                : num  -0.0456 0.0304 -0.0374 -0.0295 -0.2407 ...
 $ Jockey.TimeSdvMin                : num  -3.5 -2.96 -3.5 -2.44 -2.57 ...
 $ Jockey.TimeSdvMax                : num  1.9 1.9 1.9 1.77 1.39 ...
 $ Jockey.OrderOfFinishSdvAvg       : num  -4.04e-05 -4.84e-02 1.61e-02 -7.08e-02 -3.06e-01 ...
 $ Jockey.RunCount                  : num  84 84 84 53 44 44 57 59 35 36 ...
 $ Jockey.HitCount1                 : num  5 5 6 5 1 2 3 3 2 3 ...
 $ Jockey.HitCount2                 : num  10 9 10 2 2 2 5 5 4 4 ...
 $ Jockey.HitCount3                 : num  3 3 3 5 1 5 1 4 1 1 ...
 $ Jockey.HitCount4                 : num  6 5 6 1 3 2 4 2 6 5 ...
 $ Jockey.HitCount5                 : num  4 4 4 4 2 3 4 7 3 3 ...
 $ Jockey.HitRate1                  : num  0.0595 0.0595 0.0714 0.0943 0.0227 ...
 $ Jockey.HitRate2                  : num  0.119 0.1071 0.119 0.0377 0.0455 ...
 $ Jockey.HitRate3                  : num  0.0357 0.0357 0.0357 0.0943 0.0227 ...
 $ Jockey.HitRate4                  : num  0.0714 0.0595 0.0714 0.0189 0.0682 ...
 $ Jockey.HitRate5                  : num  0.0476 0.0476 0.0476 0.0755 0.0455 ...
 $ EOF                              : int  1 1 1 1 1 1 1 1 1 1 ...
NULL
[1] "2022-02-26 23:13:23 --- transform Finish ---"
[1] "2022-02-26 23:13:23 --- na.omit Start ---"
[1] "--------------------------------------------------------------------------------"
[1] "nrow(data) na.omit before=397"
[1] "nrow(data) na.omit after =397"
[1] "nrow(data) na.omit diff =0"
[1] "--------------------------------------------------------------------------------"
'data.frame':	397 obs. of  43 variables:
 $ Race.RaceId                      : Factor w/ 395 levels "20170521-05-02-10-12",..: 11 12 13 14 15 16 17 18 19 20 ...
 $ Race.IsAnalyzeNormalPastAndFuture: logi  TRUE TRUE TRUE TRUE TRUE TRUE ...
 $ Race.IsAnalyzeNormalPast         : logi  TRUE TRUE TRUE TRUE TRUE TRUE ...
 $ Race.IsAnalyzeNormalFuture       : logi  FALSE FALSE FALSE FALSE FALSE FALSE ...
 $ Race.IsAnalyzeFullPastAndFuture  : logi  TRUE TRUE TRUE TRUE TRUE TRUE ...
 $ Race.IsAnalyzeFullPast           : logi  TRUE TRUE TRUE TRUE TRUE TRUE ...
 $ Race.IsAnalyzeFullFuture         : logi  FALSE FALSE FALSE FALSE FALSE FALSE ...
 $ Race.JyokenCd                    : Factor w/ 1 level "2": 1 1 1 1 1 1 1 1 1 1 ...
 $ Race.JyoType1Cd                  : Factor w/ 71 levels "2-05-2100-2-1",..: 9 9 10 11 2 7 5 7 2 2 ...
 $ Race.RaceType1Cd                 : Factor w/ 2 levels "2-2-E-2","2-2-E-1": 2 2 2 1 1 2 2 2 1 1 ...
 $ RaceHorse.RaceId                 : Factor w/ 395 levels "20170521-05-02-10-12",..: 11 12 13 14 15 16 17 18 19 20 ...
 $ RaceHorse.KettoNum               : Factor w/ 368 levels "2009103516","2013101861",..: 10 11 12 13 14 15 16 17 18 19 ...
 $ RaceHorse.IsHit1                 : num  1 1 1 1 1 1 1 1 1 1 ...
 $ RaceHorse.IsHit2                 : num  0 0 0 0 0 0 0 0 0 0 ...
 $ RaceHorse.IsHit3                 : num  0 0 0 0 0 0 0 0 0 0 ...
 $ RaceHorse.IsHit4                 : num  0 0 0 0 0 0 0 0 0 0 ...
 $ RaceHorse.IsHit5                 : num  0 0 0 0 0 0 0 0 0 0 ...
 $ RaceHorse.IsHit6                 : num  0 0 0 0 0 0 0 0 0 0 ...
 $ RaceHorse.IsValidRaceHorse       : logi  TRUE TRUE TRUE TRUE TRUE TRUE ...
 $ RaceHorse.TimeSdvByRace          : num  1.54 2.03 1.46 1.31 1.48 ...
 $ RaceHorse.TimeSdv                : num  0.496 1.559 1.387 1.859 0.472 ...
 $ RaceHorse.IsHitA                 : num  1 1 1 1 1 1 1 1 1 1 ...
 $ RaceHorse.IsHitB                 : num  1 1 1 1 1 1 1 1 1 1 ...
 $ RaceHorse.IsHitC                 : num  1 1 1 1 1 1 1 1 1 1 ...
 $ Jockey.TimeSdvByRaceAvg          : num  -0.0376 -0.0437 -0.0399 -0.0234 -0.3728 ...
 $ Jockey.TimeSdvByRaceMin          : num  -2.76 -2.71 -2.76 -2.85 -2.94 ...
 $ Jockey.TimeSdvByRaceMax          : num  1.73 1.69 1.73 2.09 1.41 ...
 $ Jockey.TimeSdvAvg                : num  -0.0456 0.0304 -0.0374 -0.0295 -0.2407 ...
 $ Jockey.TimeSdvMin                : num  -3.5 -2.96 -3.5 -2.44 -2.57 ...
 $ Jockey.TimeSdvMax                : num  1.9 1.9 1.9 1.77 1.39 ...
 $ Jockey.OrderOfFinishSdvAvg       : num  -4.04e-05 -4.84e-02 1.61e-02 -7.08e-02 -3.06e-01 ...
 $ Jockey.RunCount                  : num  84 84 84 53 44 44 57 59 35 36 ...
 $ Jockey.HitCount1                 : num  5 5 6 5 1 2 3 3 2 3 ...
 $ Jockey.HitCount2                 : num  10 9 10 2 2 2 5 5 4 4 ...
 $ Jockey.HitCount3                 : num  3 3 3 5 1 5 1 4 1 1 ...
 $ Jockey.HitCount4                 : num  6 5 6 1 3 2 4 2 6 5 ...
 $ Jockey.HitCount5                 : num  4 4 4 4 2 3 4 7 3 3 ...
 $ Jockey.HitRate1                  : num  0.0595 0.0595 0.0714 0.0943 0.0227 ...
 $ Jockey.HitRate2                  : num  0.119 0.1071 0.119 0.0377 0.0455 ...
 $ Jockey.HitRate3                  : num  0.0357 0.0357 0.0357 0.0943 0.0227 ...
 $ Jockey.HitRate4                  : num  0.0714 0.0595 0.0714 0.0189 0.0682 ...
 $ Jockey.HitRate5                  : num  0.0476 0.0476 0.0476 0.0755 0.0455 ...
 $ EOF                              : int  1 1 1 1 1 1 1 1 1 1 ...
[1] "2022-02-26 23:13:33 --- na.omit Finish ---"
[1] "2022-02-26 23:13:34 --- rxGlm with rxStepControl Start ---"

> print(paste0(Sys.time(), " --- source_logic_glm.R Start ---"))
[1] "2022-02-26 23:13:34 --- source_logic_glm.R Start ---"

> formula <- formula(RaceHorse.IsHitA ~ +1 + Jockey.TimeSdvByRaceAvg)

> print(paste0(Sys.time(), " --- source_logic_glm.R Finished ---"))
[1] "2022-02-26 23:13:34 --- source_logic_glm.R Finished ---"
Rows Read: 397, Total Rows Processed: 397, Total Chunk Time: Less than .001 seconds 

Starting values (iteration 1) time: 0.022 secs.
Rows Read: 397, Total Rows Processed: 397, Total Chunk Time: Less than .001 seconds 

Iteration 2 time: 0.006 secs.

Elapsed computation time: 0.034 secs.
Rows Read: 397, Total Rows Processed: 397, Total Chunk Time: Less than .001 seconds 

Starting values (iteration 1) time: 0.009 secs.
Rows Read: 397, Total Rows Processed: 397, Total Chunk Time: 0.001 seconds 

Iteration 2 time: 0.005 secs.

Elapsed computation time: 0.027 secs.
Rows Read: 397, Total Rows Processed: 397, Total Chunk Time: 0.001 seconds 

Starting values (iteration 1) time: 0.005 secs.
Rows Read: 397, Total Rows Processed: 397, Total Chunk Time: 0.001 seconds 

Iteration 2 time: 0.005 secs.

Elapsed computation time: 0.022 secs.
Rows Read: 397, Total Rows Processed: 397, Total Chunk Time: 0.001 seconds 

Starting values (iteration 1) time: 0.005 secs.
Rows Read: 397, Total Rows Processed: 397, Total Chunk Time: 0.001 seconds 

Iteration 2 time: 0.007 secs.

Elapsed computation time: 0.023 secs.

Elapsed computation time: 0.126 secs.
[1] "--------------------------------------------------------------------------------"
[1] "analyze.results.glm.step="
Logistic Regression Results for: RaceHorse.IsHitA ~ 1
Data: data
Dependent variable(s): RaceHorse.IsHitA
Total independent variables: 1 
Number of valid observations: 397
Number of missing observations: 0 
 
Coefficients:
            RaceHorse.IsHitA
(Intercept)                2
[1] "analyze.results.glm.step.summary"
Call:
rxLogit(formula = formula, data = data, variableSelection = analyze.results.glm.step.varsel)

Logistic Regression Results for: RaceHorse.IsHitA ~ 1
Data: data
Dependent variable(s): RaceHorse.IsHitA
Total independent variables: 1 
Number of valid observations: 397
Number of missing observations: 0 
-2*LogLikelihood: 550.359 (Residual deviance on 396 degrees of freedom)
 
Coefficients:
            Estimate Std. Error z value Pr(>|z|)    
(Intercept)      2.0        0.1    19.9  2.2e-16 ***
---
Signif. codes:  0 '***' 0.001 '**' 0.01 '*' 0.05 '.' 0.1 ' ' 1

Condition number of final variance-covariance matrix: 1 
Number of iterations: 2
[1] "--------------------------------------------------------------------------------"
[1] "2022-02-26 23:13:35 --- rxGlm with rxStepControl Finish ---"
[1] "2022-02-26 23:13:35 --- rxStepPlot Start ---"
[1] "pdfFilename=pdf_analyze_glm_Jockey_Type22_rxStepPlot.pdf"
[1] "rxStepPlot="
[1] "2022-02-26 23:13:35 --- rxStepPlot Finish ---"
[1] "2022-02-26 23:13:35 --- save.image Start ---"
[1] "save.image"
[1] "rdataFilename=RData_analyze_glm_Jockey_Type22.RData"
[1] "2022-02-26 23:13:36 --- save.image Finish ---"
[1] "2022-02-26 23:13:36 --- final Start ---"
[1] "--------------------------------------------------------------------------------"
[1] "nrow(data) final=397"
[1] "--------------------------------------------------------------------------------"
[1] "2022-02-26 23:13:36 --- final Finish ---"
[1] "2022-02-26 23:13:36 --- analyze_glm.R Finished ---"
[1] "2022-02-26 23:13:37 --- log Finish ---"
