[1] "2022-02-26 23:11:00 --- D1115_analyze_glm_Gen02_IsHitA_Type21 Start ---"
[1] "2022-02-26 23:11:00 --- Log Start ---"
[1] "2022-02-26 23:11:00 --- analyze_glm.R Start ---"
[1] "analyzeVersion=D1115"
[1] "analyzeCategory=analyze"
[1] "analyzeType=Gen02"
[1] "analyzeFamily=IsHitA"
[1] "analyzeFunc=glm"
[1] "analyzeTrackTypeCd=2"
[1] "analyzeJyokenCd=1"
[1] "2022-02-26 23:11:00 --- source_function.R Start ---"
[1] "2022-02-26 23:11:00 --- source_function.R Finished ---"

> print(paste0(Sys.time(), " --- source_library.R Start ---"))
[1] "2022-02-26 23:11:01 --- source_library.R Start ---"

> require("RevoScaleR")

> print(paste0(Sys.time(), " --- source_library.R Finished ---"))
[1] "2022-02-26 23:11:01 --- source_library.R Finished ---"
[1] "2022-02-26 23:11:02 --- RxSqlServerData Start ---"
[1] "2022-02-26 23:11:02 --- RxInSqlServer Start ---"
[1] "2022-02-26 23:11:02 --- RxInSqlServer Finish ---"
[1] "2022-02-26 23:11:02 --- rxSetComputeContext Start ---"
[1] "2022-02-26 23:11:02 --- rxSetComputeContext Finish ---"
[1] "2022-02-26 23:11:02 --- RxSqlServerData Start ---"
[1] "sqlQuery=SELECT * FROM ViewAnalyzeD1115analyze01Gen02Type21"
[1] "2022-02-26 23:11:02 --- RxSqlServerData Finish ---"
[1] "2022-02-26 23:11:02 --- rxGetVarInfo Start ---"
[1] "2022-02-26 23:11:04 --- rxGetVarInfo Finish---"
[1] "2022-02-26 23:11:04 --- rxImport Start ---"
Rows Read: 182, Total Rows Processed: 182, Total Chunk Time: 6.581 seconds 
[1] "2022-02-26 23:11:47 --- rxImport Finish ---"
[1] "object.size(data) auto=111 Kb"
[1] "--------------------------------------------------------------------------------"
[1] "nrow(data) RxSqlServerData=182"
[1] "--------------------------------------------------------------------------------"
[1] "str(data)="
'data.frame':	182 obs. of  44 variables:
 $ Race.RaceId                      : Factor w/ 182 levels "20161120-05-05-06-11",..: 11 12 13 14 15 16 17 18 19 20 ...
 $ Race.IsAnalyzeNormalPastAndFuture: logi  TRUE TRUE TRUE TRUE TRUE TRUE ...
 $ Race.IsAnalyzeNormalPast         : logi  TRUE TRUE TRUE TRUE TRUE TRUE ...
 $ Race.IsAnalyzeNormalFuture       : logi  FALSE FALSE FALSE FALSE FALSE FALSE ...
 $ Race.IsAnalyzeFullPastAndFuture  : logi  TRUE TRUE TRUE TRUE TRUE TRUE ...
 $ Race.IsAnalyzeFullPast           : logi  TRUE TRUE TRUE TRUE TRUE TRUE ...
 $ Race.IsAnalyzeFullFuture         : logi  FALSE FALSE FALSE FALSE FALSE FALSE ...
 $ Race.JyokenCd                    : Factor w/ 1 level "1": 1 1 1 1 1 1 1 1 1 1 ...
 $ Race.JyoType1Cd                  : Factor w/ 54 levels "2-05-1400-1-2",..: 11 12 1 13 14 10 15 16 13 13 ...
 $ Race.RaceType1Cd                 : Factor w/ 8 levels "2-1-E-1","2-1-E-2",..: 4 1 1 1 3 1 1 3 1 1 ...
 $ RaceHorse.RaceId                 : Factor w/ 182 levels "20161120-05-05-06-11",..: 11 12 13 14 15 16 17 18 19 20 ...
 $ RaceHorse.KettoNum               : Factor w/ 134 levels "2011102050","2012104108",..: 11 12 13 14 15 16 17 18 19 20 ...
 $ RaceHorse.IsHit1                 : num  1 1 1 1 1 1 1 1 1 1 ...
 $ RaceHorse.IsHit2                 : num  0 0 0 0 0 0 0 0 0 0 ...
 $ RaceHorse.IsHit3                 : num  0 0 0 0 0 0 0 0 0 0 ...
 $ RaceHorse.IsHit4                 : num  0 0 0 0 0 0 0 0 0 0 ...
 $ RaceHorse.IsHit5                 : num  0 0 0 0 0 0 0 0 0 0 ...
 $ RaceHorse.IsHit6                 : num  0 0 0 0 0 0 0 0 0 0 ...
 $ RaceHorse.IsValidRaceHorse       : logi  TRUE TRUE TRUE TRUE TRUE TRUE ...
 $ RaceHorse.TimeSdvByRace          : num  1.39 1.55 1.11 1.57 1.71 ...
 $ RaceHorse.TimeSdv                : num  1.15 1.17 1.77 1.7 1.35 ...
 $ RaceHorse.IsHitA                 : num  1 1 1 1 1 1 1 1 1 1 ...
 $ RaceHorse.IsHitB                 : num  1 1 1 1 1 1 1 1 1 1 ...
 $ RaceHorse.IsHitC                 : num  1 1 1 1 1 1 1 1 1 1 ...
 $ Gen02.HansyokuNum                : Factor w/ 69 levels "11202006","11201853",..: 10 11 6 12 13 14 15 16 17 18 ...
 $ Gen02.TimeSdvByRaceAvg           : num  1.315 -0.617 0.759 0.87 1.19 ...
 $ Gen02.TimeSdvByRaceMin           : num  1.315 -0.617 0.241 0.306 1.19 ...
 $ Gen02.TimeSdvByRaceMax           : num  1.315 -0.617 1.195 1.744 1.19 ...
 $ Gen02.TimeSdvAvg                 : num  0.3935 -0.0148 0.3212 0.5888 1.8774 ...
 $ Gen02.TimeSdvMin                 : num  0.3935 -0.0148 -0.2197 -0.1802 1.8774 ...
 $ Gen02.TimeSdvMax                 : num  0.3935 -0.0148 0.8249 1.2129 1.8774 ...
 $ Gen02.OrderOfFinishSdvAvg        : num  1.397 -0.892 0.836 1.227 1.13 ...
 $ Gen02.RunCount                   : num  1 1 3 5 1 1 3 1 6 1 ...
 $ Gen02.HitCount1                  : num  0 0 0 2 0 0 0 0 0 0 ...
 $ Gen02.HitCount2                  : num  1 0 1 0 0 1 2 0 2 0 ...
 $ Gen02.HitCount3                  : num  0 0 1 2 1 0 0 0 2 0 ...
 $ Gen02.HitCount4                  : num  0 0 0 0 0 0 0 0 1 1 ...
 $ Gen02.HitCount5                  : num  0 0 0 1 0 0 0 0 0 0 ...
 $ Gen02.HitRate1                   : num  0 0 0 0.4 0 0 0 0 0 0 ...
 $ Gen02.HitRate2                   : num  1 0 0.333 0 0 ...
 $ Gen02.HitRate3                   : num  0 0 0.333 0.4 1 ...
 $ Gen02.HitRate4                   : num  0 0 0 0 0 ...
 $ Gen02.HitRate5                   : num  0 0 0 0.2 0 0 0 0 0 0 ...
 $ EOF                              : int  1 1 1 1 1 1 1 1 1 1 ...
[1] "2022-02-26 23:11:48 --- RxSqlServerData Finish ---"
[1] "2022-02-26 23:11:48 --- subset Start ---"
[1] "--------------------------------------------------------------------------------"
[1] "nrow(data) subset before=182"
[1] "nrow(data) subset after =182"
[1] "nrow(data) subset diff =0"
[1] "--------------------------------------------------------------------------------"
[1] "2022-02-26 23:11:48 --- subset Finish---"
[1] "2022-02-26 23:11:48 --- transform Start ---"
[1] "--------------------------------------------------------------------------------"
[1] "nrow(data) transform before=182"
[1] "nrow(data) transform after=182"
[1] "nrow(data) transform diff=0"
[1] "--------------------------------------------------------------------------------"
[1] "str(data)="
'data.frame':	182 obs. of  44 variables:
 $ Race.RaceId                      : Factor w/ 182 levels "20161120-05-05-06-11",..: 11 12 13 14 15 16 17 18 19 20 ...
 $ Race.IsAnalyzeNormalPastAndFuture: logi  TRUE TRUE TRUE TRUE TRUE TRUE ...
 $ Race.IsAnalyzeNormalPast         : logi  TRUE TRUE TRUE TRUE TRUE TRUE ...
 $ Race.IsAnalyzeNormalFuture       : logi  FALSE FALSE FALSE FALSE FALSE FALSE ...
 $ Race.IsAnalyzeFullPastAndFuture  : logi  TRUE TRUE TRUE TRUE TRUE TRUE ...
 $ Race.IsAnalyzeFullPast           : logi  TRUE TRUE TRUE TRUE TRUE TRUE ...
 $ Race.IsAnalyzeFullFuture         : logi  FALSE FALSE FALSE FALSE FALSE FALSE ...
 $ Race.JyokenCd                    : Factor w/ 1 level "1": 1 1 1 1 1 1 1 1 1 1 ...
 $ Race.JyoType1Cd                  : Factor w/ 54 levels "2-05-1400-1-2",..: 11 12 1 13 14 10 15 16 13 13 ...
 $ Race.RaceType1Cd                 : Factor w/ 8 levels "2-1-E-1","2-1-E-2",..: 4 1 1 1 3 1 1 3 1 1 ...
 $ RaceHorse.RaceId                 : Factor w/ 182 levels "20161120-05-05-06-11",..: 11 12 13 14 15 16 17 18 19 20 ...
 $ RaceHorse.KettoNum               : Factor w/ 134 levels "2011102050","2012104108",..: 11 12 13 14 15 16 17 18 19 20 ...
 $ RaceHorse.IsHit1                 : num  1 1 1 1 1 1 1 1 1 1 ...
 $ RaceHorse.IsHit2                 : num  0 0 0 0 0 0 0 0 0 0 ...
 $ RaceHorse.IsHit3                 : num  0 0 0 0 0 0 0 0 0 0 ...
 $ RaceHorse.IsHit4                 : num  0 0 0 0 0 0 0 0 0 0 ...
 $ RaceHorse.IsHit5                 : num  0 0 0 0 0 0 0 0 0 0 ...
 $ RaceHorse.IsHit6                 : num  0 0 0 0 0 0 0 0 0 0 ...
 $ RaceHorse.IsValidRaceHorse       : logi  TRUE TRUE TRUE TRUE TRUE TRUE ...
 $ RaceHorse.TimeSdvByRace          : num  1.39 1.55 1.11 1.57 1.71 ...
 $ RaceHorse.TimeSdv                : num  1.15 1.17 1.77 1.7 1.35 ...
 $ RaceHorse.IsHitA                 : num  1 1 1 1 1 1 1 1 1 1 ...
 $ RaceHorse.IsHitB                 : num  1 1 1 1 1 1 1 1 1 1 ...
 $ RaceHorse.IsHitC                 : num  1 1 1 1 1 1 1 1 1 1 ...
 $ Gen02.HansyokuNum                : Factor w/ 69 levels "11202006","11201853",..: 10 11 6 12 13 14 15 16 17 18 ...
 $ Gen02.TimeSdvByRaceAvg           : num  1.315 -0.617 0.759 0.87 1.19 ...
 $ Gen02.TimeSdvByRaceMin           : num  1.315 -0.617 0.241 0.306 1.19 ...
 $ Gen02.TimeSdvByRaceMax           : num  1.315 -0.617 1.195 1.744 1.19 ...
 $ Gen02.TimeSdvAvg                 : num  0.3935 -0.0148 0.3212 0.5888 1.8774 ...
 $ Gen02.TimeSdvMin                 : num  0.3935 -0.0148 -0.2197 -0.1802 1.8774 ...
 $ Gen02.TimeSdvMax                 : num  0.3935 -0.0148 0.8249 1.2129 1.8774 ...
 $ Gen02.OrderOfFinishSdvAvg        : num  1.397 -0.892 0.836 1.227 1.13 ...
 $ Gen02.RunCount                   : num  1 1 3 5 1 1 3 1 6 1 ...
 $ Gen02.HitCount1                  : num  0 0 0 2 0 0 0 0 0 0 ...
 $ Gen02.HitCount2                  : num  1 0 1 0 0 1 2 0 2 0 ...
 $ Gen02.HitCount3                  : num  0 0 1 2 1 0 0 0 2 0 ...
 $ Gen02.HitCount4                  : num  0 0 0 0 0 0 0 0 1 1 ...
 $ Gen02.HitCount5                  : num  0 0 0 1 0 0 0 0 0 0 ...
 $ Gen02.HitRate1                   : num  0 0 0 0.4 0 0 0 0 0 0 ...
 $ Gen02.HitRate2                   : num  1 0 0.333 0 0 ...
 $ Gen02.HitRate3                   : num  0 0 0.333 0.4 1 ...
 $ Gen02.HitRate4                   : num  0 0 0 0 0 ...
 $ Gen02.HitRate5                   : num  0 0 0 0.2 0 0 0 0 0 0 ...
 $ EOF                              : int  1 1 1 1 1 1 1 1 1 1 ...
NULL
[1] "2022-02-26 23:11:49 --- transform Finish ---"
[1] "2022-02-26 23:11:49 --- na.omit Start ---"
[1] "--------------------------------------------------------------------------------"
[1] "nrow(data) na.omit before=182"
[1] "nrow(data) na.omit after =182"
[1] "nrow(data) na.omit diff =0"
[1] "--------------------------------------------------------------------------------"
'data.frame':	182 obs. of  44 variables:
 $ Race.RaceId                      : Factor w/ 182 levels "20161120-05-05-06-11",..: 11 12 13 14 15 16 17 18 19 20 ...
 $ Race.IsAnalyzeNormalPastAndFuture: logi  TRUE TRUE TRUE TRUE TRUE TRUE ...
 $ Race.IsAnalyzeNormalPast         : logi  TRUE TRUE TRUE TRUE TRUE TRUE ...
 $ Race.IsAnalyzeNormalFuture       : logi  FALSE FALSE FALSE FALSE FALSE FALSE ...
 $ Race.IsAnalyzeFullPastAndFuture  : logi  TRUE TRUE TRUE TRUE TRUE TRUE ...
 $ Race.IsAnalyzeFullPast           : logi  TRUE TRUE TRUE TRUE TRUE TRUE ...
 $ Race.IsAnalyzeFullFuture         : logi  FALSE FALSE FALSE FALSE FALSE FALSE ...
 $ Race.JyokenCd                    : Factor w/ 1 level "1": 1 1 1 1 1 1 1 1 1 1 ...
 $ Race.JyoType1Cd                  : Factor w/ 54 levels "2-05-1400-1-2",..: 11 12 1 13 14 10 15 16 13 13 ...
 $ Race.RaceType1Cd                 : Factor w/ 8 levels "2-1-E-1","2-1-E-2",..: 4 1 1 1 3 1 1 3 1 1 ...
 $ RaceHorse.RaceId                 : Factor w/ 182 levels "20161120-05-05-06-11",..: 11 12 13 14 15 16 17 18 19 20 ...
 $ RaceHorse.KettoNum               : Factor w/ 134 levels "2011102050","2012104108",..: 11 12 13 14 15 16 17 18 19 20 ...
 $ RaceHorse.IsHit1                 : num  1 1 1 1 1 1 1 1 1 1 ...
 $ RaceHorse.IsHit2                 : num  0 0 0 0 0 0 0 0 0 0 ...
 $ RaceHorse.IsHit3                 : num  0 0 0 0 0 0 0 0 0 0 ...
 $ RaceHorse.IsHit4                 : num  0 0 0 0 0 0 0 0 0 0 ...
 $ RaceHorse.IsHit5                 : num  0 0 0 0 0 0 0 0 0 0 ...
 $ RaceHorse.IsHit6                 : num  0 0 0 0 0 0 0 0 0 0 ...
 $ RaceHorse.IsValidRaceHorse       : logi  TRUE TRUE TRUE TRUE TRUE TRUE ...
 $ RaceHorse.TimeSdvByRace          : num  1.39 1.55 1.11 1.57 1.71 ...
 $ RaceHorse.TimeSdv                : num  1.15 1.17 1.77 1.7 1.35 ...
 $ RaceHorse.IsHitA                 : num  1 1 1 1 1 1 1 1 1 1 ...
 $ RaceHorse.IsHitB                 : num  1 1 1 1 1 1 1 1 1 1 ...
 $ RaceHorse.IsHitC                 : num  1 1 1 1 1 1 1 1 1 1 ...
 $ Gen02.HansyokuNum                : Factor w/ 69 levels "11202006","11201853",..: 10 11 6 12 13 14 15 16 17 18 ...
 $ Gen02.TimeSdvByRaceAvg           : num  1.315 -0.617 0.759 0.87 1.19 ...
 $ Gen02.TimeSdvByRaceMin           : num  1.315 -0.617 0.241 0.306 1.19 ...
 $ Gen02.TimeSdvByRaceMax           : num  1.315 -0.617 1.195 1.744 1.19 ...
 $ Gen02.TimeSdvAvg                 : num  0.3935 -0.0148 0.3212 0.5888 1.8774 ...
 $ Gen02.TimeSdvMin                 : num  0.3935 -0.0148 -0.2197 -0.1802 1.8774 ...
 $ Gen02.TimeSdvMax                 : num  0.3935 -0.0148 0.8249 1.2129 1.8774 ...
 $ Gen02.OrderOfFinishSdvAvg        : num  1.397 -0.892 0.836 1.227 1.13 ...
 $ Gen02.RunCount                   : num  1 1 3 5 1 1 3 1 6 1 ...
 $ Gen02.HitCount1                  : num  0 0 0 2 0 0 0 0 0 0 ...
 $ Gen02.HitCount2                  : num  1 0 1 0 0 1 2 0 2 0 ...
 $ Gen02.HitCount3                  : num  0 0 1 2 1 0 0 0 2 0 ...
 $ Gen02.HitCount4                  : num  0 0 0 0 0 0 0 0 1 1 ...
 $ Gen02.HitCount5                  : num  0 0 0 1 0 0 0 0 0 0 ...
 $ Gen02.HitRate1                   : num  0 0 0 0.4 0 0 0 0 0 0 ...
 $ Gen02.HitRate2                   : num  1 0 0.333 0 0 ...
 $ Gen02.HitRate3                   : num  0 0 0.333 0.4 1 ...
 $ Gen02.HitRate4                   : num  0 0 0 0 0 ...
 $ Gen02.HitRate5                   : num  0 0 0 0.2 0 0 0 0 0 0 ...
 $ EOF                              : int  1 1 1 1 1 1 1 1 1 1 ...
[1] "2022-02-26 23:11:49 --- na.omit Finish ---"
[1] "2022-02-26 23:11:49 --- rxGlm with rxStepControl Start ---"

> print(paste0(Sys.time(), " --- source_logic_glm.R Start ---"))
[1] "2022-02-26 23:11:49 --- source_logic_glm.R Start ---"

> formula <- formula(RaceHorse.IsHitA ~ +1 + Gen02.TimeSdvByRaceAvg)

> print(paste0(Sys.time(), " --- source_logic_glm.R Finished ---"))
[1] "2022-02-26 23:11:49 --- source_logic_glm.R Finished ---"
Rows Read: 182, Total Rows Processed: 182, Total Chunk Time: 0.001 seconds 

Starting values (iteration 1) time: 0.011 secs.
Rows Read: 182, Total Rows Processed: 182, Total Chunk Time: Less than .001 seconds 

Iteration 2 time: 0.007 secs.

Elapsed computation time: 0.030 secs.
Rows Read: 182, Total Rows Processed: 182, Total Chunk Time: Less than .001 seconds 

Starting values (iteration 1) time: 0.008 secs.
Rows Read: 182, Total Rows Processed: 182, Total Chunk Time: 0.001 seconds 

Iteration 2 time: 0.008 secs.

Elapsed computation time: 0.032 secs.
Rows Read: 182, Total Rows Processed: 182, Total Chunk Time: Less than .001 seconds 

Starting values (iteration 1) time: 0.005 secs.
Rows Read: 182, Total Rows Processed: 182, Total Chunk Time: Less than .001 seconds 

Iteration 2 time: 0.005 secs.

Elapsed computation time: 0.027 secs.
Rows Read: 182, Total Rows Processed: 182, Total Chunk Time: Less than .001 seconds 

Starting values (iteration 1) time: 0.006 secs.
Rows Read: 182, Total Rows Processed: 182, Total Chunk Time: 0.001 seconds 

Iteration 2 time: 0.008 secs.

Elapsed computation time: 0.029 secs.

Elapsed computation time: 0.150 secs.
[1] "--------------------------------------------------------------------------------"
[1] "analyze.results.glm.step="
Logistic Regression Results for: RaceHorse.IsHitA ~ 1
Data: data
Dependent variable(s): RaceHorse.IsHitA
Total independent variables: 1 
Number of valid observations: 182
Number of missing observations: 0 
 
Coefficients:
            RaceHorse.IsHitA
(Intercept)                2
[1] "analyze.results.glm.step.summary"
Call:
rxLogit(formula = formula, data = data, variableSelection = analyze.results.glm.step.varsel)

Logistic Regression Results for: RaceHorse.IsHitA ~ 1
Data: data
Dependent variable(s): RaceHorse.IsHitA
Total independent variables: 1 
Number of valid observations: 182
Number of missing observations: 0 
-2*LogLikelihood: 252.306 (Residual deviance on 181 degrees of freedom)
 
Coefficients:
            Estimate Std. Error z value Pr(>|z|)    
(Intercept)    2.000      0.148    13.5  2.2e-16 ***
---
Signif. codes:  0 '***' 0.001 '**' 0.01 '*' 0.05 '.' 0.1 ' ' 1

Condition number of final variance-covariance matrix: 1 
Number of iterations: 2
[1] "--------------------------------------------------------------------------------"
[1] "2022-02-26 23:11:50 --- rxGlm with rxStepControl Finish ---"
[1] "2022-02-26 23:11:50 --- rxStepPlot Start ---"
[1] "pdfFilename=pdf_analyze_glm_Gen02_Type21_rxStepPlot.pdf"
[1] "rxStepPlot="
[1] "2022-02-26 23:11:50 --- rxStepPlot Finish ---"
[1] "2022-02-26 23:11:50 --- save.image Start ---"
[1] "save.image"
[1] "rdataFilename=RData_analyze_glm_Gen02_Type21.RData"
[1] "2022-02-26 23:11:50 --- save.image Finish ---"
[1] "2022-02-26 23:11:50 --- final Start ---"
[1] "--------------------------------------------------------------------------------"
[1] "nrow(data) final=182"
[1] "--------------------------------------------------------------------------------"
[1] "2022-02-26 23:11:50 --- final Finish ---"
[1] "2022-02-26 23:11:50 --- analyze_glm.R Finished ---"
[1] "2022-02-26 23:11:50 --- log Finish ---"
