[1] "2022-02-26 23:10:39 --- D1115_analyze_glm_Gen01_IsHitA_Type15 Start ---"
[1] "2022-02-26 23:10:39 --- Log Start ---"
[1] "2022-02-26 23:10:39 --- analyze_glm.R Start ---"
[1] "analyzeVersion=D1115"
[1] "analyzeCategory=analyze"
[1] "analyzeType=Gen01"
[1] "analyzeFamily=IsHitA"
[1] "analyzeFunc=glm"
[1] "analyzeTrackTypeCd=1"
[1] "analyzeJyokenCd=5"
[1] "2022-02-26 23:10:39 --- source_function.R Start ---"
[1] "2022-02-26 23:10:39 --- source_function.R Finished ---"

> print(paste0(Sys.time(), " --- source_library.R Start ---"))
[1] "2022-02-26 23:10:39 --- source_library.R Start ---"

> require("RevoScaleR")

> print(paste0(Sys.time(), " --- source_library.R Finished ---"))
[1] "2022-02-26 23:10:39 --- source_library.R Finished ---"
[1] "2022-02-26 23:10:39 --- RxSqlServerData Start ---"
[1] "2022-02-26 23:10:39 --- RxInSqlServer Start ---"
[1] "2022-02-26 23:10:39 --- RxInSqlServer Finish ---"
[1] "2022-02-26 23:10:39 --- rxSetComputeContext Start ---"
[1] "2022-02-26 23:10:39 --- rxSetComputeContext Finish ---"
[1] "2022-02-26 23:10:39 --- RxSqlServerData Start ---"
[1] "sqlQuery=SELECT * FROM ViewAnalyzeD1115analyze01Gen01Type15"
[1] "2022-02-26 23:10:39 --- RxSqlServerData Finish ---"
[1] "2022-02-26 23:10:39 --- rxGetVarInfo Start ---"
[1] "2022-02-26 23:10:40 --- rxGetVarInfo Finish---"
[1] "2022-02-26 23:10:40 --- rxImport Start ---"
Rows Read: 2450, Total Rows Processed: 2450, Total Chunk Time: 52.808 seconds 
[1] "2022-02-26 23:12:08 --- rxImport Finish ---"
[1] "object.size(data) auto=1.3 Mb"
[1] "--------------------------------------------------------------------------------"
[1] "nrow(data) RxSqlServerData=2450"
[1] "--------------------------------------------------------------------------------"
[1] "str(data)="
'data.frame':	2450 obs. of  44 variables:
 $ Race.RaceId                      : Factor w/ 2444 levels "20160116-08-01-05-05",..: 11 12 13 14 15 16 17 18 19 20 ...
 $ Race.IsAnalyzeNormalPastAndFuture: logi  TRUE TRUE TRUE TRUE TRUE TRUE ...
 $ Race.IsAnalyzeNormalPast         : logi  TRUE TRUE TRUE TRUE TRUE TRUE ...
 $ Race.IsAnalyzeNormalFuture       : logi  FALSE FALSE FALSE FALSE FALSE FALSE ...
 $ Race.IsAnalyzeFullPastAndFuture  : logi  TRUE TRUE TRUE TRUE TRUE TRUE ...
 $ Race.IsAnalyzeFullPast           : logi  TRUE TRUE TRUE TRUE TRUE TRUE ...
 $ Race.IsAnalyzeFullFuture         : logi  FALSE FALSE FALSE FALSE FALSE FALSE ...
 $ Race.JyokenCd                    : Factor w/ 1 level "5": 1 1 1 1 1 1 1 1 1 1 ...
 $ Race.JyoType1Cd                  : Factor w/ 175 levels "1-08-2000-5-1",..: 10 11 7 12 13 14 15 16 17 18 ...
 $ Race.RaceType1Cd                 : Factor w/ 3 levels "1-5-X-2","1-5-X-1",..: 2 2 1 1 2 1 1 1 2 2 ...
 $ RaceHorse.RaceId                 : Factor w/ 2444 levels "20160116-08-01-05-05",..: 11 12 13 14 15 16 17 18 19 20 ...
 $ RaceHorse.KettoNum               : Factor w/ 2450 levels "2013105718","2013106474",..: 11 12 13 14 15 16 17 18 19 20 ...
 $ RaceHorse.IsHit1                 : num  1 1 1 1 1 1 1 1 1 1 ...
 $ RaceHorse.IsHit2                 : num  0 0 0 0 0 0 0 0 0 0 ...
 $ RaceHorse.IsHit3                 : num  0 0 0 0 0 0 0 0 0 0 ...
 $ RaceHorse.IsHit4                 : num  0 0 0 0 0 0 0 0 0 0 ...
 $ RaceHorse.IsHit5                 : num  0 0 0 0 0 0 0 0 0 0 ...
 $ RaceHorse.IsHit6                 : num  0 0 0 0 0 0 0 0 0 0 ...
 $ RaceHorse.IsValidRaceHorse       : logi  TRUE TRUE TRUE TRUE TRUE TRUE ...
 $ RaceHorse.TimeSdvByRace          : num  1.86 1.607 1.196 1.123 0.963 ...
 $ RaceHorse.TimeSdv                : num  1.35 0.872 0.85 0.458 1.007 ...
 $ RaceHorse.IsHitA                 : num  1 1 1 1 1 1 1 1 1 1 ...
 $ RaceHorse.IsHitB                 : num  1 1 1 1 1 1 1 1 1 1 ...
 $ RaceHorse.IsHitC                 : num  1 1 1 1 1 1 1 1 1 1 ...
 $ Gen01.HansyokuNum                : Factor w/ 214 levels "11202086","11201672",..: 3 10 3 11 12 13 14 1 15 1 ...
 $ Gen01.TimeSdvByRaceAvg           : num  0.2801 -0.0223 0.4097 0.056 0.0428 ...
 $ Gen01.TimeSdvByRaceMin           : num  -2.38 -2.72 -2.42 -2.92 -2.87 ...
 $ Gen01.TimeSdvByRaceMax           : num  2.11 1.81 1.95 2.64 1.64 ...
 $ Gen01.TimeSdvAvg                 : num  0.3425 -0.0281 0.2996 0.0244 -0.0582 ...
 $ Gen01.TimeSdvMin                 : num  -1.53 -3.07 -2.02 -3.33 -2.1 ...
 $ Gen01.TimeSdvMax                 : num  1.91 1.72 2.23 2.36 2.29 ...
 $ Gen01.OrderOfFinishSdvAvg        : num  0.25671 -0.04644 0.35446 -0.00883 0.0988 ...
 $ Gen01.RunCount                   : num  128 225 325 664 74 263 30 567 5 390 ...
 $ Gen01.HitCount1                  : num  6 10 30 56 3 19 2 85 0 50 ...
 $ Gen01.HitCount2                  : num  9 16 25 39 7 13 6 69 1 54 ...
 $ Gen01.HitCount3                  : num  16 15 34 46 6 21 7 59 1 38 ...
 $ Gen01.HitCount4                  : num  12 12 30 41 4 18 3 44 0 34 ...
 $ Gen01.HitCount5                  : num  12 13 31 36 8 22 2 64 1 45 ...
 $ Gen01.HitRate1                   : num  0.0469 0.0444 0.0923 0.0843 0.0405 ...
 $ Gen01.HitRate2                   : num  0.0703 0.0711 0.0769 0.0587 0.0946 ...
 $ Gen01.HitRate3                   : num  0.125 0.0667 0.1046 0.0693 0.0811 ...
 $ Gen01.HitRate4                   : num  0.0938 0.0533 0.0923 0.0617 0.0541 ...
 $ Gen01.HitRate5                   : num  0.0938 0.0578 0.0954 0.0542 0.1081 ...
 $ EOF                              : int  1 1 1 1 1 1 1 1 1 1 ...
[1] "2022-02-26 23:12:11 --- RxSqlServerData Finish ---"
[1] "2022-02-26 23:12:11 --- subset Start ---"
[1] "--------------------------------------------------------------------------------"
[1] "nrow(data) subset before=2450"
[1] "nrow(data) subset after =2450"
[1] "nrow(data) subset diff =0"
[1] "--------------------------------------------------------------------------------"
[1] "2022-02-26 23:12:11 --- subset Finish---"
[1] "2022-02-26 23:12:12 --- transform Start ---"
[1] "--------------------------------------------------------------------------------"
[1] "nrow(data) transform before=2450"
[1] "nrow(data) transform after=2450"
[1] "nrow(data) transform diff=0"
[1] "--------------------------------------------------------------------------------"
[1] "str(data)="
'data.frame':	2450 obs. of  44 variables:
 $ Race.RaceId                      : Factor w/ 2444 levels "20160116-08-01-05-05",..: 11 12 13 14 15 16 17 18 19 20 ...
 $ Race.IsAnalyzeNormalPastAndFuture: logi  TRUE TRUE TRUE TRUE TRUE TRUE ...
 $ Race.IsAnalyzeNormalPast         : logi  TRUE TRUE TRUE TRUE TRUE TRUE ...
 $ Race.IsAnalyzeNormalFuture       : logi  FALSE FALSE FALSE FALSE FALSE FALSE ...
 $ Race.IsAnalyzeFullPastAndFuture  : logi  TRUE TRUE TRUE TRUE TRUE TRUE ...
 $ Race.IsAnalyzeFullPast           : logi  TRUE TRUE TRUE TRUE TRUE TRUE ...
 $ Race.IsAnalyzeFullFuture         : logi  FALSE FALSE FALSE FALSE FALSE FALSE ...
 $ Race.JyokenCd                    : Factor w/ 1 level "5": 1 1 1 1 1 1 1 1 1 1 ...
 $ Race.JyoType1Cd                  : Factor w/ 175 levels "1-08-2000-5-1",..: 10 11 7 12 13 14 15 16 17 18 ...
 $ Race.RaceType1Cd                 : Factor w/ 3 levels "1-5-X-2","1-5-X-1",..: 2 2 1 1 2 1 1 1 2 2 ...
 $ RaceHorse.RaceId                 : Factor w/ 2444 levels "20160116-08-01-05-05",..: 11 12 13 14 15 16 17 18 19 20 ...
 $ RaceHorse.KettoNum               : Factor w/ 2450 levels "2013105718","2013106474",..: 11 12 13 14 15 16 17 18 19 20 ...
 $ RaceHorse.IsHit1                 : num  1 1 1 1 1 1 1 1 1 1 ...
 $ RaceHorse.IsHit2                 : num  0 0 0 0 0 0 0 0 0 0 ...
 $ RaceHorse.IsHit3                 : num  0 0 0 0 0 0 0 0 0 0 ...
 $ RaceHorse.IsHit4                 : num  0 0 0 0 0 0 0 0 0 0 ...
 $ RaceHorse.IsHit5                 : num  0 0 0 0 0 0 0 0 0 0 ...
 $ RaceHorse.IsHit6                 : num  0 0 0 0 0 0 0 0 0 0 ...
 $ RaceHorse.IsValidRaceHorse       : logi  TRUE TRUE TRUE TRUE TRUE TRUE ...
 $ RaceHorse.TimeSdvByRace          : num  1.86 1.607 1.196 1.123 0.963 ...
 $ RaceHorse.TimeSdv                : num  1.35 0.872 0.85 0.458 1.007 ...
 $ RaceHorse.IsHitA                 : num  1 1 1 1 1 1 1 1 1 1 ...
 $ RaceHorse.IsHitB                 : num  1 1 1 1 1 1 1 1 1 1 ...
 $ RaceHorse.IsHitC                 : num  1 1 1 1 1 1 1 1 1 1 ...
 $ Gen01.HansyokuNum                : Factor w/ 214 levels "11202086","11201672",..: 3 10 3 11 12 13 14 1 15 1 ...
 $ Gen01.TimeSdvByRaceAvg           : num  0.2801 -0.0223 0.4097 0.056 0.0428 ...
 $ Gen01.TimeSdvByRaceMin           : num  -2.38 -2.72 -2.42 -2.92 -2.87 ...
 $ Gen01.TimeSdvByRaceMax           : num  2.11 1.81 1.95 2.64 1.64 ...
 $ Gen01.TimeSdvAvg                 : num  0.3425 -0.0281 0.2996 0.0244 -0.0582 ...
 $ Gen01.TimeSdvMin                 : num  -1.53 -3.07 -2.02 -3.33 -2.1 ...
 $ Gen01.TimeSdvMax                 : num  1.91 1.72 2.23 2.36 2.29 ...
 $ Gen01.OrderOfFinishSdvAvg        : num  0.25671 -0.04644 0.35446 -0.00883 0.0988 ...
 $ Gen01.RunCount                   : num  128 225 325 664 74 263 30 567 5 390 ...
 $ Gen01.HitCount1                  : num  6 10 30 56 3 19 2 85 0 50 ...
 $ Gen01.HitCount2                  : num  9 16 25 39 7 13 6 69 1 54 ...
 $ Gen01.HitCount3                  : num  16 15 34 46 6 21 7 59 1 38 ...
 $ Gen01.HitCount4                  : num  12 12 30 41 4 18 3 44 0 34 ...
 $ Gen01.HitCount5                  : num  12 13 31 36 8 22 2 64 1 45 ...
 $ Gen01.HitRate1                   : num  0.0469 0.0444 0.0923 0.0843 0.0405 ...
 $ Gen01.HitRate2                   : num  0.0703 0.0711 0.0769 0.0587 0.0946 ...
 $ Gen01.HitRate3                   : num  0.125 0.0667 0.1046 0.0693 0.0811 ...
 $ Gen01.HitRate4                   : num  0.0938 0.0533 0.0923 0.0617 0.0541 ...
 $ Gen01.HitRate5                   : num  0.0938 0.0578 0.0954 0.0542 0.1081 ...
 $ EOF                              : int  1 1 1 1 1 1 1 1 1 1 ...
NULL
[1] "2022-02-26 23:12:18 --- transform Finish ---"
[1] "2022-02-26 23:12:19 --- na.omit Start ---"
[1] "--------------------------------------------------------------------------------"
[1] "nrow(data) na.omit before=2450"
[1] "nrow(data) na.omit after =2450"
[1] "nrow(data) na.omit diff =0"
[1] "--------------------------------------------------------------------------------"
'data.frame':	2450 obs. of  44 variables:
 $ Race.RaceId                      : Factor w/ 2444 levels "20160116-08-01-05-05",..: 11 12 13 14 15 16 17 18 19 20 ...
 $ Race.IsAnalyzeNormalPastAndFuture: logi  TRUE TRUE TRUE TRUE TRUE TRUE ...
 $ Race.IsAnalyzeNormalPast         : logi  TRUE TRUE TRUE TRUE TRUE TRUE ...
 $ Race.IsAnalyzeNormalFuture       : logi  FALSE FALSE FALSE FALSE FALSE FALSE ...
 $ Race.IsAnalyzeFullPastAndFuture  : logi  TRUE TRUE TRUE TRUE TRUE TRUE ...
 $ Race.IsAnalyzeFullPast           : logi  TRUE TRUE TRUE TRUE TRUE TRUE ...
 $ Race.IsAnalyzeFullFuture         : logi  FALSE FALSE FALSE FALSE FALSE FALSE ...
 $ Race.JyokenCd                    : Factor w/ 1 level "5": 1 1 1 1 1 1 1 1 1 1 ...
 $ Race.JyoType1Cd                  : Factor w/ 175 levels "1-08-2000-5-1",..: 10 11 7 12 13 14 15 16 17 18 ...
 $ Race.RaceType1Cd                 : Factor w/ 3 levels "1-5-X-2","1-5-X-1",..: 2 2 1 1 2 1 1 1 2 2 ...
 $ RaceHorse.RaceId                 : Factor w/ 2444 levels "20160116-08-01-05-05",..: 11 12 13 14 15 16 17 18 19 20 ...
 $ RaceHorse.KettoNum               : Factor w/ 2450 levels "2013105718","2013106474",..: 11 12 13 14 15 16 17 18 19 20 ...
 $ RaceHorse.IsHit1                 : num  1 1 1 1 1 1 1 1 1 1 ...
 $ RaceHorse.IsHit2                 : num  0 0 0 0 0 0 0 0 0 0 ...
 $ RaceHorse.IsHit3                 : num  0 0 0 0 0 0 0 0 0 0 ...
 $ RaceHorse.IsHit4                 : num  0 0 0 0 0 0 0 0 0 0 ...
 $ RaceHorse.IsHit5                 : num  0 0 0 0 0 0 0 0 0 0 ...
 $ RaceHorse.IsHit6                 : num  0 0 0 0 0 0 0 0 0 0 ...
 $ RaceHorse.IsValidRaceHorse       : logi  TRUE TRUE TRUE TRUE TRUE TRUE ...
 $ RaceHorse.TimeSdvByRace          : num  1.86 1.607 1.196 1.123 0.963 ...
 $ RaceHorse.TimeSdv                : num  1.35 0.872 0.85 0.458 1.007 ...
 $ RaceHorse.IsHitA                 : num  1 1 1 1 1 1 1 1 1 1 ...
 $ RaceHorse.IsHitB                 : num  1 1 1 1 1 1 1 1 1 1 ...
 $ RaceHorse.IsHitC                 : num  1 1 1 1 1 1 1 1 1 1 ...
 $ Gen01.HansyokuNum                : Factor w/ 214 levels "11202086","11201672",..: 3 10 3 11 12 13 14 1 15 1 ...
 $ Gen01.TimeSdvByRaceAvg           : num  0.2801 -0.0223 0.4097 0.056 0.0428 ...
 $ Gen01.TimeSdvByRaceMin           : num  -2.38 -2.72 -2.42 -2.92 -2.87 ...
 $ Gen01.TimeSdvByRaceMax           : num  2.11 1.81 1.95 2.64 1.64 ...
 $ Gen01.TimeSdvAvg                 : num  0.3425 -0.0281 0.2996 0.0244 -0.0582 ...
 $ Gen01.TimeSdvMin                 : num  -1.53 -3.07 -2.02 -3.33 -2.1 ...
 $ Gen01.TimeSdvMax                 : num  1.91 1.72 2.23 2.36 2.29 ...
 $ Gen01.OrderOfFinishSdvAvg        : num  0.25671 -0.04644 0.35446 -0.00883 0.0988 ...
 $ Gen01.RunCount                   : num  128 225 325 664 74 263 30 567 5 390 ...
 $ Gen01.HitCount1                  : num  6 10 30 56 3 19 2 85 0 50 ...
 $ Gen01.HitCount2                  : num  9 16 25 39 7 13 6 69 1 54 ...
 $ Gen01.HitCount3                  : num  16 15 34 46 6 21 7 59 1 38 ...
 $ Gen01.HitCount4                  : num  12 12 30 41 4 18 3 44 0 34 ...
 $ Gen01.HitCount5                  : num  12 13 31 36 8 22 2 64 1 45 ...
 $ Gen01.HitRate1                   : num  0.0469 0.0444 0.0923 0.0843 0.0405 ...
 $ Gen01.HitRate2                   : num  0.0703 0.0711 0.0769 0.0587 0.0946 ...
 $ Gen01.HitRate3                   : num  0.125 0.0667 0.1046 0.0693 0.0811 ...
 $ Gen01.HitRate4                   : num  0.0938 0.0533 0.0923 0.0617 0.0541 ...
 $ Gen01.HitRate5                   : num  0.0938 0.0578 0.0954 0.0542 0.1081 ...
 $ EOF                              : int  1 1 1 1 1 1 1 1 1 1 ...
[1] "2022-02-26 23:12:23 --- na.omit Finish ---"
[1] "2022-02-26 23:12:23 --- rxGlm with rxStepControl Start ---"

> print(paste0(Sys.time(), " --- source_logic_glm.R Start ---"))
[1] "2022-02-26 23:12:23 --- source_logic_glm.R Start ---"

> formula <- formula(RaceHorse.IsHitA ~ +1 + Gen01.TimeSdvByRaceAvg)

> print(paste0(Sys.time(), " --- source_logic_glm.R Finished ---"))
[1] "2022-02-26 23:12:23 --- source_logic_glm.R Finished ---"
Rows Read: 2450, Total Rows Processed: 2450, Total Chunk Time: 0.001 seconds 

Starting values (iteration 1) time: 0.016 secs.
Rows Read: 2450, Total Rows Processed: 2450, Total Chunk Time: 0.001 seconds 

Iteration 2 time: 0.007 secs.

Elapsed computation time: 0.053 secs.
Rows Read: 2450, Total Rows Processed: 2450, Total Chunk Time: Less than .001 seconds 

Starting values (iteration 1) time: 0.007 secs.
Rows Read: 2450, Total Rows Processed: 2450, Total Chunk Time: 0.001 seconds 

Iteration 2 time: 0.006 secs.

Elapsed computation time: 0.028 secs.
Rows Read: 2450, Total Rows Processed: 2450, Total Chunk Time: Less than .001 seconds 

Starting values (iteration 1) time: 0.007 secs.
Rows Read: 2450, Total Rows Processed: 2450, Total Chunk Time: 0.002 seconds 

Iteration 2 time: 0.006 secs.

Elapsed computation time: 0.027 secs.
Rows Read: 2450, Total Rows Processed: 2450, Total Chunk Time: 0.001 seconds 

Starting values (iteration 1) time: 0.007 secs.
Rows Read: 2450, Total Rows Processed: 2450, Total Chunk Time: 0.001 seconds 

Iteration 2 time: 0.006 secs.

Elapsed computation time: 0.025 secs.

Elapsed computation time: 0.156 secs.
[1] "--------------------------------------------------------------------------------"
[1] "analyze.results.glm.step="
Logistic Regression Results for: RaceHorse.IsHitA ~ 1
Data: data
Dependent variable(s): RaceHorse.IsHitA
Total independent variables: 1 
Number of valid observations: 2450
Number of missing observations: 0 
 
Coefficients:
            RaceHorse.IsHitA
(Intercept)                2
[1] "analyze.results.glm.step.summary"
Call:
rxLogit(formula = formula, data = data, variableSelection = analyze.results.glm.step.varsel)

Logistic Regression Results for: RaceHorse.IsHitA ~ 1
Data: data
Dependent variable(s): RaceHorse.IsHitA
Total independent variables: 1 
Number of valid observations: 2450
Number of missing observations: 0 
-2*LogLikelihood: 3396.421 (Residual deviance on 2449 degrees of freedom)
 
Coefficients:
            Estimate Std. Error z value Pr(>|z|)    
(Intercept)   2.0000     0.0404    49.5  2.2e-16 ***
---
Signif. codes:  0 '***' 0.001 '**' 0.01 '*' 0.05 '.' 0.1 ' ' 1

Condition number of final variance-covariance matrix: 1 
Number of iterations: 2
[1] "--------------------------------------------------------------------------------"
[1] "2022-02-26 23:12:24 --- rxGlm with rxStepControl Finish ---"
[1] "2022-02-26 23:12:24 --- rxStepPlot Start ---"
[1] "pdfFilename=pdf_analyze_glm_Gen01_Type15_rxStepPlot.pdf"
[1] "rxStepPlot="
[1] "2022-02-26 23:12:25 --- rxStepPlot Finish ---"
[1] "2022-02-26 23:12:25 --- save.image Start ---"
[1] "save.image"
[1] "rdataFilename=RData_analyze_glm_Gen01_Type15.RData"
[1] "2022-02-26 23:12:25 --- save.image Finish ---"
[1] "2022-02-26 23:12:25 --- final Start ---"
[1] "--------------------------------------------------------------------------------"
[1] "nrow(data) final=2450"
[1] "--------------------------------------------------------------------------------"
[1] "2022-02-26 23:12:25 --- final Finish ---"
[1] "2022-02-26 23:12:25 --- analyze_glm.R Finished ---"
[1] "2022-02-26 23:12:25 --- log Finish ---"
