[1] "2022-02-26 23:11:04 --- D1115_analyze_glm_Gen02_IsHitA_Type31 Start ---"
[1] "2022-02-26 23:11:04 --- Log Start ---"
[1] "2022-02-26 23:11:04 --- analyze_glm.R Start ---"
[1] "analyzeVersion=D1115"
[1] "analyzeCategory=analyze"
[1] "analyzeType=Gen02"
[1] "analyzeFamily=IsHitA"
[1] "analyzeFunc=glm"
[1] "analyzeTrackTypeCd=3"
[1] "analyzeJyokenCd=1"
[1] "2022-02-26 23:11:04 --- source_function.R Start ---"
[1] "2022-02-26 23:11:05 --- source_function.R Finished ---"

> print(paste0(Sys.time(), " --- source_library.R Start ---"))
[1] "2022-02-26 23:11:05 --- source_library.R Start ---"

> require("RevoScaleR")

> print(paste0(Sys.time(), " --- source_library.R Finished ---"))
[1] "2022-02-26 23:11:07 --- source_library.R Finished ---"
[1] "2022-02-26 23:11:07 --- RxSqlServerData Start ---"
[1] "2022-02-26 23:11:07 --- RxInSqlServer Start ---"
[1] "2022-02-26 23:11:07 --- RxInSqlServer Finish ---"
[1] "2022-02-26 23:11:07 --- rxSetComputeContext Start ---"
[1] "2022-02-26 23:11:07 --- rxSetComputeContext Finish ---"
[1] "2022-02-26 23:11:07 --- RxSqlServerData Start ---"
[1] "sqlQuery=SELECT * FROM ViewAnalyzeD1115analyze01Gen02Type31"
[1] "2022-02-26 23:11:07 --- RxSqlServerData Finish ---"
[1] "2022-02-26 23:11:07 --- rxGetVarInfo Start ---"
[1] "2022-02-26 23:11:10 --- rxGetVarInfo Finish---"
[1] "2022-02-26 23:11:10 --- rxImport Start ---"
Rows Read: 156, Total Rows Processed: 156, Total Chunk Time: 5.037 seconds 
[1] "2022-02-26 23:11:47 --- rxImport Finish ---"
[1] "object.size(data) auto=94.8 Kb"
[1] "--------------------------------------------------------------------------------"
[1] "nrow(data) RxSqlServerData=156"
[1] "--------------------------------------------------------------------------------"
[1] "str(data)="
'data.frame':	156 obs. of  44 variables:
 $ Race.RaceId                      : Factor w/ 156 levels "20160123-07-01-03-05",..: 1 2 3 4 5 6 7 8 9 10 ...
 $ Race.IsAnalyzeNormalPastAndFuture: logi  TRUE TRUE TRUE TRUE TRUE TRUE ...
 $ Race.IsAnalyzeNormalPast         : logi  TRUE TRUE TRUE TRUE TRUE TRUE ...
 $ Race.IsAnalyzeNormalFuture       : logi  FALSE FALSE FALSE FALSE FALSE FALSE ...
 $ Race.IsAnalyzeFullPastAndFuture  : logi  TRUE TRUE TRUE TRUE TRUE TRUE ...
 $ Race.IsAnalyzeFullPast           : logi  TRUE TRUE TRUE TRUE TRUE TRUE ...
 $ Race.IsAnalyzeFullFuture         : logi  FALSE FALSE FALSE FALSE FALSE FALSE ...
 $ Race.JyokenCd                    : Factor w/ 1 level "1": 1 1 1 1 1 1 1 1 1 1 ...
 $ Race.JyoType1Cd                  : Factor w/ 50 levels "3-07-3330-1-2",..: 1 2 3 4 5 6 7 8 1 9 ...
 $ Race.RaceType1Cd                 : Factor w/ 5 levels "3-1-X-3","3-1-E-3",..: 1 2 3 1 2 1 1 2 1 1 ...
 $ RaceHorse.RaceId                 : Factor w/ 156 levels "20160123-07-01-03-05",..: 1 2 3 4 5 6 7 8 9 10 ...
 $ RaceHorse.KettoNum               : Factor w/ 97 levels "2010104560","2009100967",..: 1 2 3 4 5 6 7 6 8 9 ...
 $ RaceHorse.IsHit1                 : num  1 1 1 1 1 1 1 1 1 1 ...
 $ RaceHorse.IsHit2                 : num  0 0 0 0 0 0 0 0 0 0 ...
 $ RaceHorse.IsHit3                 : num  0 0 0 0 0 0 0 0 0 0 ...
 $ RaceHorse.IsHit4                 : num  0 0 0 0 0 0 0 0 0 0 ...
 $ RaceHorse.IsHit5                 : num  0 0 0 0 0 0 0 0 0 0 ...
 $ RaceHorse.IsHit6                 : num  0 0 0 0 0 0 0 0 0 0 ...
 $ RaceHorse.IsValidRaceHorse       : logi  TRUE TRUE TRUE TRUE TRUE TRUE ...
 $ RaceHorse.TimeSdvByRace          : num  0.934 1.174 1.358 1.053 2.081 ...
 $ RaceHorse.TimeSdv                : num  0.0781 -0.2557 1.3545 0.0734 1.0518 ...
 $ RaceHorse.IsHitA                 : num  1 1 1 1 1 1 1 1 1 1 ...
 $ RaceHorse.IsHitB                 : num  1 1 1 1 1 1 1 1 1 1 ...
 $ RaceHorse.IsHitC                 : num  1 1 1 1 1 1 1 1 1 1 ...
 $ Gen02.HansyokuNum                : Factor w/ 51 levels "11202006","11202132",..: 1 2 3 4 5 6 7 6 8 9 ...
 $ Gen02.TimeSdvByRaceAvg           : num  0.568 0.925 0.695 0.73 0.837 ...
 $ Gen02.TimeSdvByRaceMin           : num  0.3992 0.7011 -0.0382 0.7297 0.0668 ...
 $ Gen02.TimeSdvByRaceMax           : num  0.738 1.149 1.169 0.73 1.311 ...
 $ Gen02.TimeSdvAvg                 : num  0.785 -0.488 0.989 0.609 0.511 ...
 $ Gen02.TimeSdvMin                 : num  0.246 -1.149 -0.449 0.609 -1.262 ...
 $ Gen02.TimeSdvMax                 : num  1.325 0.174 2.123 0.609 1.082 ...
 $ Gen02.OrderOfFinishSdvAvg        : num  0.695 0.976 0.883 0.969 0.976 ...
 $ Gen02.RunCount                   : num  2 2 11 1 5 3 6 4 6 5 ...
 $ Gen02.HitCount1                  : num  0 0 2 0 2 2 0 0 2 2 ...
 $ Gen02.HitCount2                  : num  0 1 3 0 0 0 1 1 1 1 ...
 $ Gen02.HitCount3                  : num  0 0 3 1 1 0 1 1 2 0 ...
 $ Gen02.HitCount4                  : num  2 1 1 0 1 0 1 0 0 0 ...
 $ Gen02.HitCount5                  : num  0 0 0 0 0 0 1 1 0 0 ...
 $ Gen02.HitRate1                   : num  0 0 0.182 0 0.4 ...
 $ Gen02.HitRate2                   : num  0 0.5 0.273 0 0 ...
 $ Gen02.HitRate3                   : num  0 0 0.273 1 0.2 ...
 $ Gen02.HitRate4                   : num  1 0.5 0.0909 0 0.2 ...
 $ Gen02.HitRate5                   : num  0 0 0 0 0 ...
 $ EOF                              : int  1 1 1 1 1 1 1 1 1 1 ...
[1] "2022-02-26 23:11:48 --- RxSqlServerData Finish ---"
[1] "2022-02-26 23:11:48 --- subset Start ---"
[1] "--------------------------------------------------------------------------------"
[1] "nrow(data) subset before=156"
[1] "nrow(data) subset after =156"
[1] "nrow(data) subset diff =0"
[1] "--------------------------------------------------------------------------------"
[1] "2022-02-26 23:11:48 --- subset Finish---"
[1] "2022-02-26 23:11:48 --- transform Start ---"
[1] "--------------------------------------------------------------------------------"
[1] "nrow(data) transform before=156"
[1] "nrow(data) transform after=156"
[1] "nrow(data) transform diff=0"
[1] "--------------------------------------------------------------------------------"
[1] "str(data)="
'data.frame':	156 obs. of  44 variables:
 $ Race.RaceId                      : Factor w/ 156 levels "20160123-07-01-03-05",..: 1 2 3 4 5 6 7 8 9 10 ...
 $ Race.IsAnalyzeNormalPastAndFuture: logi  TRUE TRUE TRUE TRUE TRUE TRUE ...
 $ Race.IsAnalyzeNormalPast         : logi  TRUE TRUE TRUE TRUE TRUE TRUE ...
 $ Race.IsAnalyzeNormalFuture       : logi  FALSE FALSE FALSE FALSE FALSE FALSE ...
 $ Race.IsAnalyzeFullPastAndFuture  : logi  TRUE TRUE TRUE TRUE TRUE TRUE ...
 $ Race.IsAnalyzeFullPast           : logi  TRUE TRUE TRUE TRUE TRUE TRUE ...
 $ Race.IsAnalyzeFullFuture         : logi  FALSE FALSE FALSE FALSE FALSE FALSE ...
 $ Race.JyokenCd                    : Factor w/ 1 level "1": 1 1 1 1 1 1 1 1 1 1 ...
 $ Race.JyoType1Cd                  : Factor w/ 50 levels "3-07-3330-1-2",..: 1 2 3 4 5 6 7 8 1 9 ...
 $ Race.RaceType1Cd                 : Factor w/ 5 levels "3-1-X-3","3-1-E-3",..: 1 2 3 1 2 1 1 2 1 1 ...
 $ RaceHorse.RaceId                 : Factor w/ 156 levels "20160123-07-01-03-05",..: 1 2 3 4 5 6 7 8 9 10 ...
 $ RaceHorse.KettoNum               : Factor w/ 97 levels "2010104560","2009100967",..: 1 2 3 4 5 6 7 6 8 9 ...
 $ RaceHorse.IsHit1                 : num  1 1 1 1 1 1 1 1 1 1 ...
 $ RaceHorse.IsHit2                 : num  0 0 0 0 0 0 0 0 0 0 ...
 $ RaceHorse.IsHit3                 : num  0 0 0 0 0 0 0 0 0 0 ...
 $ RaceHorse.IsHit4                 : num  0 0 0 0 0 0 0 0 0 0 ...
 $ RaceHorse.IsHit5                 : num  0 0 0 0 0 0 0 0 0 0 ...
 $ RaceHorse.IsHit6                 : num  0 0 0 0 0 0 0 0 0 0 ...
 $ RaceHorse.IsValidRaceHorse       : logi  TRUE TRUE TRUE TRUE TRUE TRUE ...
 $ RaceHorse.TimeSdvByRace          : num  0.934 1.174 1.358 1.053 2.081 ...
 $ RaceHorse.TimeSdv                : num  0.0781 -0.2557 1.3545 0.0734 1.0518 ...
 $ RaceHorse.IsHitA                 : num  1 1 1 1 1 1 1 1 1 1 ...
 $ RaceHorse.IsHitB                 : num  1 1 1 1 1 1 1 1 1 1 ...
 $ RaceHorse.IsHitC                 : num  1 1 1 1 1 1 1 1 1 1 ...
 $ Gen02.HansyokuNum                : Factor w/ 51 levels "11202006","11202132",..: 1 2 3 4 5 6 7 6 8 9 ...
 $ Gen02.TimeSdvByRaceAvg           : num  0.568 0.925 0.695 0.73 0.837 ...
 $ Gen02.TimeSdvByRaceMin           : num  0.3992 0.7011 -0.0382 0.7297 0.0668 ...
 $ Gen02.TimeSdvByRaceMax           : num  0.738 1.149 1.169 0.73 1.311 ...
 $ Gen02.TimeSdvAvg                 : num  0.785 -0.488 0.989 0.609 0.511 ...
 $ Gen02.TimeSdvMin                 : num  0.246 -1.149 -0.449 0.609 -1.262 ...
 $ Gen02.TimeSdvMax                 : num  1.325 0.174 2.123 0.609 1.082 ...
 $ Gen02.OrderOfFinishSdvAvg        : num  0.695 0.976 0.883 0.969 0.976 ...
 $ Gen02.RunCount                   : num  2 2 11 1 5 3 6 4 6 5 ...
 $ Gen02.HitCount1                  : num  0 0 2 0 2 2 0 0 2 2 ...
 $ Gen02.HitCount2                  : num  0 1 3 0 0 0 1 1 1 1 ...
 $ Gen02.HitCount3                  : num  0 0 3 1 1 0 1 1 2 0 ...
 $ Gen02.HitCount4                  : num  2 1 1 0 1 0 1 0 0 0 ...
 $ Gen02.HitCount5                  : num  0 0 0 0 0 0 1 1 0 0 ...
 $ Gen02.HitRate1                   : num  0 0 0.182 0 0.4 ...
 $ Gen02.HitRate2                   : num  0 0.5 0.273 0 0 ...
 $ Gen02.HitRate3                   : num  0 0 0.273 1 0.2 ...
 $ Gen02.HitRate4                   : num  1 0.5 0.0909 0 0.2 ...
 $ Gen02.HitRate5                   : num  0 0 0 0 0 ...
 $ EOF                              : int  1 1 1 1 1 1 1 1 1 1 ...
NULL
[1] "2022-02-26 23:11:49 --- transform Finish ---"
[1] "2022-02-26 23:11:49 --- na.omit Start ---"
[1] "--------------------------------------------------------------------------------"
[1] "nrow(data) na.omit before=156"
[1] "nrow(data) na.omit after =156"
[1] "nrow(data) na.omit diff =0"
[1] "--------------------------------------------------------------------------------"
'data.frame':	156 obs. of  44 variables:
 $ Race.RaceId                      : Factor w/ 156 levels "20160123-07-01-03-05",..: 1 2 3 4 5 6 7 8 9 10 ...
 $ Race.IsAnalyzeNormalPastAndFuture: logi  TRUE TRUE TRUE TRUE TRUE TRUE ...
 $ Race.IsAnalyzeNormalPast         : logi  TRUE TRUE TRUE TRUE TRUE TRUE ...
 $ Race.IsAnalyzeNormalFuture       : logi  FALSE FALSE FALSE FALSE FALSE FALSE ...
 $ Race.IsAnalyzeFullPastAndFuture  : logi  TRUE TRUE TRUE TRUE TRUE TRUE ...
 $ Race.IsAnalyzeFullPast           : logi  TRUE TRUE TRUE TRUE TRUE TRUE ...
 $ Race.IsAnalyzeFullFuture         : logi  FALSE FALSE FALSE FALSE FALSE FALSE ...
 $ Race.JyokenCd                    : Factor w/ 1 level "1": 1 1 1 1 1 1 1 1 1 1 ...
 $ Race.JyoType1Cd                  : Factor w/ 50 levels "3-07-3330-1-2",..: 1 2 3 4 5 6 7 8 1 9 ...
 $ Race.RaceType1Cd                 : Factor w/ 5 levels "3-1-X-3","3-1-E-3",..: 1 2 3 1 2 1 1 2 1 1 ...
 $ RaceHorse.RaceId                 : Factor w/ 156 levels "20160123-07-01-03-05",..: 1 2 3 4 5 6 7 8 9 10 ...
 $ RaceHorse.KettoNum               : Factor w/ 97 levels "2010104560","2009100967",..: 1 2 3 4 5 6 7 6 8 9 ...
 $ RaceHorse.IsHit1                 : num  1 1 1 1 1 1 1 1 1 1 ...
 $ RaceHorse.IsHit2                 : num  0 0 0 0 0 0 0 0 0 0 ...
 $ RaceHorse.IsHit3                 : num  0 0 0 0 0 0 0 0 0 0 ...
 $ RaceHorse.IsHit4                 : num  0 0 0 0 0 0 0 0 0 0 ...
 $ RaceHorse.IsHit5                 : num  0 0 0 0 0 0 0 0 0 0 ...
 $ RaceHorse.IsHit6                 : num  0 0 0 0 0 0 0 0 0 0 ...
 $ RaceHorse.IsValidRaceHorse       : logi  TRUE TRUE TRUE TRUE TRUE TRUE ...
 $ RaceHorse.TimeSdvByRace          : num  0.934 1.174 1.358 1.053 2.081 ...
 $ RaceHorse.TimeSdv                : num  0.0781 -0.2557 1.3545 0.0734 1.0518 ...
 $ RaceHorse.IsHitA                 : num  1 1 1 1 1 1 1 1 1 1 ...
 $ RaceHorse.IsHitB                 : num  1 1 1 1 1 1 1 1 1 1 ...
 $ RaceHorse.IsHitC                 : num  1 1 1 1 1 1 1 1 1 1 ...
 $ Gen02.HansyokuNum                : Factor w/ 51 levels "11202006","11202132",..: 1 2 3 4 5 6 7 6 8 9 ...
 $ Gen02.TimeSdvByRaceAvg           : num  0.568 0.925 0.695 0.73 0.837 ...
 $ Gen02.TimeSdvByRaceMin           : num  0.3992 0.7011 -0.0382 0.7297 0.0668 ...
 $ Gen02.TimeSdvByRaceMax           : num  0.738 1.149 1.169 0.73 1.311 ...
 $ Gen02.TimeSdvAvg                 : num  0.785 -0.488 0.989 0.609 0.511 ...
 $ Gen02.TimeSdvMin                 : num  0.246 -1.149 -0.449 0.609 -1.262 ...
 $ Gen02.TimeSdvMax                 : num  1.325 0.174 2.123 0.609 1.082 ...
 $ Gen02.OrderOfFinishSdvAvg        : num  0.695 0.976 0.883 0.969 0.976 ...
 $ Gen02.RunCount                   : num  2 2 11 1 5 3 6 4 6 5 ...
 $ Gen02.HitCount1                  : num  0 0 2 0 2 2 0 0 2 2 ...
 $ Gen02.HitCount2                  : num  0 1 3 0 0 0 1 1 1 1 ...
 $ Gen02.HitCount3                  : num  0 0 3 1 1 0 1 1 2 0 ...
 $ Gen02.HitCount4                  : num  2 1 1 0 1 0 1 0 0 0 ...
 $ Gen02.HitCount5                  : num  0 0 0 0 0 0 1 1 0 0 ...
 $ Gen02.HitRate1                   : num  0 0 0.182 0 0.4 ...
 $ Gen02.HitRate2                   : num  0 0.5 0.273 0 0 ...
 $ Gen02.HitRate3                   : num  0 0 0.273 1 0.2 ...
 $ Gen02.HitRate4                   : num  1 0.5 0.0909 0 0.2 ...
 $ Gen02.HitRate5                   : num  0 0 0 0 0 ...
 $ EOF                              : int  1 1 1 1 1 1 1 1 1 1 ...
[1] "2022-02-26 23:11:49 --- na.omit Finish ---"
[1] "2022-02-26 23:11:49 --- rxGlm with rxStepControl Start ---"

> print(paste0(Sys.time(), " --- source_logic_glm.R Start ---"))
[1] "2022-02-26 23:11:49 --- source_logic_glm.R Start ---"

> formula <- formula(RaceHorse.IsHitA ~ +1 + Gen02.TimeSdvByRaceAvg)

> print(paste0(Sys.time(), " --- source_logic_glm.R Finished ---"))
[1] "2022-02-26 23:11:49 --- source_logic_glm.R Finished ---"
Rows Read: 156, Total Rows Processed: 156, Total Chunk Time: Less than .001 seconds 

Starting values (iteration 1) time: 0.010 secs.
Rows Read: 156, Total Rows Processed: 156, Total Chunk Time: 0.001 seconds 

Iteration 2 time: 0.005 secs.

Elapsed computation time: 0.027 secs.
Rows Read: 156, Total Rows Processed: 156, Total Chunk Time: 0.001 seconds 

Starting values (iteration 1) time: 0.005 secs.
Rows Read: 156, Total Rows Processed: 156, Total Chunk Time: Less than .001 seconds 

Iteration 2 time: 0.005 secs.

Elapsed computation time: 0.025 secs.
Rows Read: 156, Total Rows Processed: 156, Total Chunk Time: Less than .001 seconds 

Starting values (iteration 1) time: 0.007 secs.
Rows Read: 156, Total Rows Processed: 156, Total Chunk Time: 0.001 seconds 

Iteration 2 time: 0.008 secs.

Elapsed computation time: 0.029 secs.
Rows Read: 156, Total Rows Processed: 156, Total Chunk Time: Less than .001 seconds 

Starting values (iteration 1) time: 0.004 secs.
Rows Read: 156, Total Rows Processed: 156, Total Chunk Time: Less than .001 seconds 

Iteration 2 time: 0.006 secs.

Elapsed computation time: 0.028 secs.

Elapsed computation time: 0.142 secs.
[1] "--------------------------------------------------------------------------------"
[1] "analyze.results.glm.step="
Logistic Regression Results for: RaceHorse.IsHitA ~ 1
Data: data
Dependent variable(s): RaceHorse.IsHitA
Total independent variables: 1 
Number of valid observations: 156
Number of missing observations: 0 
 
Coefficients:
            RaceHorse.IsHitA
(Intercept)                2
[1] "analyze.results.glm.step.summary"
Call:
rxLogit(formula = formula, data = data, variableSelection = analyze.results.glm.step.varsel)

Logistic Regression Results for: RaceHorse.IsHitA ~ 1
Data: data
Dependent variable(s): RaceHorse.IsHitA
Total independent variables: 1 
Number of valid observations: 156
Number of missing observations: 0 
-2*LogLikelihood: 216.262 (Residual deviance on 155 degrees of freedom)
 
Coefficients:
            Estimate Std. Error z value Pr(>|z|)    
(Intercept)     2.00       0.16    12.5  2.2e-16 ***
---
Signif. codes:  0 '***' 0.001 '**' 0.01 '*' 0.05 '.' 0.1 ' ' 1

Condition number of final variance-covariance matrix: 1 
Number of iterations: 2
[1] "--------------------------------------------------------------------------------"
[1] "2022-02-26 23:11:49 --- rxGlm with rxStepControl Finish ---"
[1] "2022-02-26 23:11:49 --- rxStepPlot Start ---"
[1] "pdfFilename=pdf_analyze_glm_Gen02_Type31_rxStepPlot.pdf"
[1] "rxStepPlot="
[1] "2022-02-26 23:11:50 --- rxStepPlot Finish ---"
[1] "2022-02-26 23:11:50 --- save.image Start ---"
[1] "save.image"
[1] "rdataFilename=RData_analyze_glm_Gen02_Type31.RData"
[1] "2022-02-26 23:11:50 --- save.image Finish ---"
[1] "2022-02-26 23:11:50 --- final Start ---"
[1] "--------------------------------------------------------------------------------"
[1] "nrow(data) final=156"
[1] "--------------------------------------------------------------------------------"
[1] "2022-02-26 23:11:50 --- final Finish ---"
[1] "2022-02-26 23:11:50 --- analyze_glm.R Finished ---"
[1] "2022-02-26 23:11:50 --- log Finish ---"
