[1] "2022-02-26 23:12:31 --- D1115_analyze_glm_Jockey_IsHitA_Type23 Start ---"
[1] "2022-02-26 23:12:31 --- Log Start ---"
[1] "2022-02-26 23:12:31 --- analyze_glm.R Start ---"
[1] "analyzeVersion=D1115"
[1] "analyzeCategory=analyze"
[1] "analyzeType=Jockey"
[1] "analyzeFamily=IsHitA"
[1] "analyzeFunc=glm"
[1] "analyzeTrackTypeCd=2"
[1] "analyzeJyokenCd=3"
[1] "2022-02-26 23:12:31 --- source_function.R Start ---"
[1] "2022-02-26 23:12:31 --- source_function.R Finished ---"

> print(paste0(Sys.time(), " --- source_library.R Start ---"))
[1] "2022-02-26 23:12:31 --- source_library.R Start ---"

> require("RevoScaleR")

> print(paste0(Sys.time(), " --- source_library.R Finished ---"))
[1] "2022-02-26 23:12:33 --- source_library.R Finished ---"
[1] "2022-02-26 23:12:33 --- RxSqlServerData Start ---"
[1] "2022-02-26 23:12:33 --- RxInSqlServer Start ---"
[1] "2022-02-26 23:12:33 --- RxInSqlServer Finish ---"
[1] "2022-02-26 23:12:33 --- rxSetComputeContext Start ---"
[1] "2022-02-26 23:12:33 --- rxSetComputeContext Finish ---"
[1] "2022-02-26 23:12:33 --- RxSqlServerData Start ---"
[1] "sqlQuery=SELECT * FROM ViewAnalyzeD1115analyze01JockeyType23"
[1] "2022-02-26 23:12:33 --- RxSqlServerData Finish ---"
[1] "2022-02-26 23:12:33 --- rxGetVarInfo Start ---"
[1] "2022-02-26 23:12:35 --- rxGetVarInfo Finish---"
[1] "2022-02-26 23:12:36 --- rxImport Start ---"
Rows Read: 998, Total Rows Processed: 998, Total Chunk Time: 14.788 seconds 
[1] "2022-02-26 23:13:02 --- rxImport Finish ---"
[1] "object.size(data) auto=531.9 Kb"
[1] "--------------------------------------------------------------------------------"
[1] "nrow(data) RxSqlServerData=998"
[1] "--------------------------------------------------------------------------------"
[1] "str(data)="
'data.frame':	998 obs. of  43 variables:
 $ Race.RaceId                      : Factor w/ 996 levels "20180812-10-02-06-10",..: 2 1 3 4 5 8 6 7 10 9 ...
 $ Race.IsAnalyzeNormalPastAndFuture: logi  TRUE TRUE TRUE TRUE TRUE TRUE ...
 $ Race.IsAnalyzeNormalPast         : logi  TRUE TRUE TRUE TRUE TRUE TRUE ...
 $ Race.IsAnalyzeNormalFuture       : logi  FALSE FALSE FALSE FALSE FALSE FALSE ...
 $ Race.IsAnalyzeFullPastAndFuture  : logi  TRUE TRUE TRUE TRUE TRUE TRUE ...
 $ Race.IsAnalyzeFullPast           : logi  TRUE TRUE TRUE TRUE TRUE TRUE ...
 $ Race.IsAnalyzeFullFuture         : logi  FALSE FALSE FALSE FALSE FALSE FALSE ...
 $ Race.JyokenCd                    : Factor w/ 1 level "3": 1 1 1 1 1 1 1 1 1 1 ...
 $ Race.JyoType1Cd                  : Factor w/ 105 levels "2-10-1000-3-1",..: 2 1 3 4 5 2 6 7 5 8 ...
 $ Race.RaceType1Cd                 : Factor w/ 6 levels "2-3-E-1","2-3-X-1",..: 2 1 2 2 3 2 4 3 3 2 ...
 $ RaceHorse.RaceId                 : Factor w/ 996 levels "20180812-10-02-06-10",..: 2 1 3 4 5 8 6 7 10 9 ...
 $ RaceHorse.KettoNum               : Factor w/ 903 levels "2011100590","2016101930",..: 2 1 3 4 5 8 6 7 10 9 ...
 $ RaceHorse.IsHit1                 : num  1 1 1 1 1 1 1 1 1 1 ...
 $ RaceHorse.IsHit2                 : num  0 0 0 0 0 0 0 0 0 0 ...
 $ RaceHorse.IsHit3                 : num  0 0 0 0 0 0 0 0 0 0 ...
 $ RaceHorse.IsHit4                 : num  0 0 0 0 0 0 0 0 0 0 ...
 $ RaceHorse.IsHit5                 : num  0 0 0 0 0 0 0 0 0 0 ...
 $ RaceHorse.IsHit6                 : num  0 0 0 0 0 0 0 0 0 0 ...
 $ RaceHorse.IsValidRaceHorse       : logi  TRUE TRUE TRUE TRUE TRUE TRUE ...
 $ RaceHorse.TimeSdvByRace          : num  1.1 1.36 2.05 1.44 1.21 ...
 $ RaceHorse.TimeSdv                : num  1.623 1.824 0.467 1.4 0.646 ...
 $ RaceHorse.IsHitA                 : num  1 1 1 1 1 1 1 1 1 1 ...
 $ RaceHorse.IsHitB                 : num  1 1 1 1 1 1 1 1 1 1 ...
 $ RaceHorse.IsHitC                 : num  1 1 1 1 1 1 1 1 1 1 ...
 $ Jockey.TimeSdvByRaceAvg          : num  0.0558 -0.6254 0.4271 0.2605 -0.2498 ...
 $ Jockey.TimeSdvByRaceMin          : num  -2.73 -2.85 -2.4 -2.07 -2.28 ...
 $ Jockey.TimeSdvByRaceMax          : num  1.8 1.39 1.91 1.91 1.15 ...
 $ Jockey.TimeSdvAvg                : num  0.1218 -0.2126 0.189 0.301 -0.0627 ...
 $ Jockey.TimeSdvMin                : num  -1.78 -4.81 -2.7 -1.87 -2.32 ...
 $ Jockey.TimeSdvMax                : num  1.89 1.99 2.31 2.11 1.31 ...
 $ Jockey.OrderOfFinishSdvAvg       : num  0.0855 -0.555 0.4334 0.1865 -0.2604 ...
 $ Jockey.RunCount                  : num  69 36 83 77 33 14 9 37 48 28 ...
 $ Jockey.HitCount1                 : num  5 3 15 4 1 6 0 2 10 1 ...
 $ Jockey.HitCount2                 : num  3 1 12 13 0 1 0 3 5 2 ...
 $ Jockey.HitCount3                 : num  6 1 5 5 1 3 2 2 9 2 ...
 $ Jockey.HitCount4                 : num  5 1 5 6 1 1 1 4 3 1 ...
 $ Jockey.HitCount5                 : num  7 1 11 5 5 1 1 2 3 1 ...
 $ Jockey.HitRate1                  : num  0.0725 0.0833 0.1807 0.0519 0.0303 ...
 $ Jockey.HitRate2                  : num  0.0435 0.0278 0.1446 0.1688 0 ...
 $ Jockey.HitRate3                  : num  0.087 0.0278 0.0602 0.0649 0.0303 ...
 $ Jockey.HitRate4                  : num  0.0725 0.0278 0.0602 0.0779 0.0303 ...
 $ Jockey.HitRate5                  : num  0.1014 0.0278 0.1325 0.0649 0.1515 ...
 $ EOF                              : int  1 1 1 1 1 1 1 1 1 1 ...
[1] "2022-02-26 23:13:11 --- RxSqlServerData Finish ---"
[1] "2022-02-26 23:13:11 --- subset Start ---"
[1] "--------------------------------------------------------------------------------"
[1] "nrow(data) subset before=998"
[1] "nrow(data) subset after =998"
[1] "nrow(data) subset diff =0"
[1] "--------------------------------------------------------------------------------"
[1] "2022-02-26 23:13:12 --- subset Finish---"
[1] "2022-02-26 23:13:13 --- transform Start ---"
[1] "--------------------------------------------------------------------------------"
[1] "nrow(data) transform before=998"
[1] "nrow(data) transform after=998"
[1] "nrow(data) transform diff=0"
[1] "--------------------------------------------------------------------------------"
[1] "str(data)="
'data.frame':	998 obs. of  43 variables:
 $ Race.RaceId                      : Factor w/ 996 levels "20180812-10-02-06-10",..: 2 1 3 4 5 8 6 7 10 9 ...
 $ Race.IsAnalyzeNormalPastAndFuture: logi  TRUE TRUE TRUE TRUE TRUE TRUE ...
 $ Race.IsAnalyzeNormalPast         : logi  TRUE TRUE TRUE TRUE TRUE TRUE ...
 $ Race.IsAnalyzeNormalFuture       : logi  FALSE FALSE FALSE FALSE FALSE FALSE ...
 $ Race.IsAnalyzeFullPastAndFuture  : logi  TRUE TRUE TRUE TRUE TRUE TRUE ...
 $ Race.IsAnalyzeFullPast           : logi  TRUE TRUE TRUE TRUE TRUE TRUE ...
 $ Race.IsAnalyzeFullFuture         : logi  FALSE FALSE FALSE FALSE FALSE FALSE ...
 $ Race.JyokenCd                    : Factor w/ 1 level "3": 1 1 1 1 1 1 1 1 1 1 ...
 $ Race.JyoType1Cd                  : Factor w/ 105 levels "2-10-1000-3-1",..: 2 1 3 4 5 2 6 7 5 8 ...
 $ Race.RaceType1Cd                 : Factor w/ 6 levels "2-3-E-1","2-3-X-1",..: 2 1 2 2 3 2 4 3 3 2 ...
 $ RaceHorse.RaceId                 : Factor w/ 996 levels "20180812-10-02-06-10",..: 2 1 3 4 5 8 6 7 10 9 ...
 $ RaceHorse.KettoNum               : Factor w/ 903 levels "2011100590","2016101930",..: 2 1 3 4 5 8 6 7 10 9 ...
 $ RaceHorse.IsHit1                 : num  1 1 1 1 1 1 1 1 1 1 ...
 $ RaceHorse.IsHit2                 : num  0 0 0 0 0 0 0 0 0 0 ...
 $ RaceHorse.IsHit3                 : num  0 0 0 0 0 0 0 0 0 0 ...
 $ RaceHorse.IsHit4                 : num  0 0 0 0 0 0 0 0 0 0 ...
 $ RaceHorse.IsHit5                 : num  0 0 0 0 0 0 0 0 0 0 ...
 $ RaceHorse.IsHit6                 : num  0 0 0 0 0 0 0 0 0 0 ...
 $ RaceHorse.IsValidRaceHorse       : logi  TRUE TRUE TRUE TRUE TRUE TRUE ...
 $ RaceHorse.TimeSdvByRace          : num  1.1 1.36 2.05 1.44 1.21 ...
 $ RaceHorse.TimeSdv                : num  1.623 1.824 0.467 1.4 0.646 ...
 $ RaceHorse.IsHitA                 : num  1 1 1 1 1 1 1 1 1 1 ...
 $ RaceHorse.IsHitB                 : num  1 1 1 1 1 1 1 1 1 1 ...
 $ RaceHorse.IsHitC                 : num  1 1 1 1 1 1 1 1 1 1 ...
 $ Jockey.TimeSdvByRaceAvg          : num  0.0558 -0.6254 0.4271 0.2605 -0.2498 ...
 $ Jockey.TimeSdvByRaceMin          : num  -2.73 -2.85 -2.4 -2.07 -2.28 ...
 $ Jockey.TimeSdvByRaceMax          : num  1.8 1.39 1.91 1.91 1.15 ...
 $ Jockey.TimeSdvAvg                : num  0.1218 -0.2126 0.189 0.301 -0.0627 ...
 $ Jockey.TimeSdvMin                : num  -1.78 -4.81 -2.7 -1.87 -2.32 ...
 $ Jockey.TimeSdvMax                : num  1.89 1.99 2.31 2.11 1.31 ...
 $ Jockey.OrderOfFinishSdvAvg       : num  0.0855 -0.555 0.4334 0.1865 -0.2604 ...
 $ Jockey.RunCount                  : num  69 36 83 77 33 14 9 37 48 28 ...
 $ Jockey.HitCount1                 : num  5 3 15 4 1 6 0 2 10 1 ...
 $ Jockey.HitCount2                 : num  3 1 12 13 0 1 0 3 5 2 ...
 $ Jockey.HitCount3                 : num  6 1 5 5 1 3 2 2 9 2 ...
 $ Jockey.HitCount4                 : num  5 1 5 6 1 1 1 4 3 1 ...
 $ Jockey.HitCount5                 : num  7 1 11 5 5 1 1 2 3 1 ...
 $ Jockey.HitRate1                  : num  0.0725 0.0833 0.1807 0.0519 0.0303 ...
 $ Jockey.HitRate2                  : num  0.0435 0.0278 0.1446 0.1688 0 ...
 $ Jockey.HitRate3                  : num  0.087 0.0278 0.0602 0.0649 0.0303 ...
 $ Jockey.HitRate4                  : num  0.0725 0.0278 0.0602 0.0779 0.0303 ...
 $ Jockey.HitRate5                  : num  0.1014 0.0278 0.1325 0.0649 0.1515 ...
 $ EOF                              : int  1 1 1 1 1 1 1 1 1 1 ...
NULL
[1] "2022-02-26 23:13:22 --- transform Finish ---"
[1] "2022-02-26 23:13:22 --- na.omit Start ---"
[1] "--------------------------------------------------------------------------------"
[1] "nrow(data) na.omit before=998"
[1] "nrow(data) na.omit after =998"
[1] "nrow(data) na.omit diff =0"
[1] "--------------------------------------------------------------------------------"
'data.frame':	998 obs. of  43 variables:
 $ Race.RaceId                      : Factor w/ 996 levels "20180812-10-02-06-10",..: 2 1 3 4 5 8 6 7 10 9 ...
 $ Race.IsAnalyzeNormalPastAndFuture: logi  TRUE TRUE TRUE TRUE TRUE TRUE ...
 $ Race.IsAnalyzeNormalPast         : logi  TRUE TRUE TRUE TRUE TRUE TRUE ...
 $ Race.IsAnalyzeNormalFuture       : logi  FALSE FALSE FALSE FALSE FALSE FALSE ...
 $ Race.IsAnalyzeFullPastAndFuture  : logi  TRUE TRUE TRUE TRUE TRUE TRUE ...
 $ Race.IsAnalyzeFullPast           : logi  TRUE TRUE TRUE TRUE TRUE TRUE ...
 $ Race.IsAnalyzeFullFuture         : logi  FALSE FALSE FALSE FALSE FALSE FALSE ...
 $ Race.JyokenCd                    : Factor w/ 1 level "3": 1 1 1 1 1 1 1 1 1 1 ...
 $ Race.JyoType1Cd                  : Factor w/ 105 levels "2-10-1000-3-1",..: 2 1 3 4 5 2 6 7 5 8 ...
 $ Race.RaceType1Cd                 : Factor w/ 6 levels "2-3-E-1","2-3-X-1",..: 2 1 2 2 3 2 4 3 3 2 ...
 $ RaceHorse.RaceId                 : Factor w/ 996 levels "20180812-10-02-06-10",..: 2 1 3 4 5 8 6 7 10 9 ...
 $ RaceHorse.KettoNum               : Factor w/ 903 levels "2011100590","2016101930",..: 2 1 3 4 5 8 6 7 10 9 ...
 $ RaceHorse.IsHit1                 : num  1 1 1 1 1 1 1 1 1 1 ...
 $ RaceHorse.IsHit2                 : num  0 0 0 0 0 0 0 0 0 0 ...
 $ RaceHorse.IsHit3                 : num  0 0 0 0 0 0 0 0 0 0 ...
 $ RaceHorse.IsHit4                 : num  0 0 0 0 0 0 0 0 0 0 ...
 $ RaceHorse.IsHit5                 : num  0 0 0 0 0 0 0 0 0 0 ...
 $ RaceHorse.IsHit6                 : num  0 0 0 0 0 0 0 0 0 0 ...
 $ RaceHorse.IsValidRaceHorse       : logi  TRUE TRUE TRUE TRUE TRUE TRUE ...
 $ RaceHorse.TimeSdvByRace          : num  1.1 1.36 2.05 1.44 1.21 ...
 $ RaceHorse.TimeSdv                : num  1.623 1.824 0.467 1.4 0.646 ...
 $ RaceHorse.IsHitA                 : num  1 1 1 1 1 1 1 1 1 1 ...
 $ RaceHorse.IsHitB                 : num  1 1 1 1 1 1 1 1 1 1 ...
 $ RaceHorse.IsHitC                 : num  1 1 1 1 1 1 1 1 1 1 ...
 $ Jockey.TimeSdvByRaceAvg          : num  0.0558 -0.6254 0.4271 0.2605 -0.2498 ...
 $ Jockey.TimeSdvByRaceMin          : num  -2.73 -2.85 -2.4 -2.07 -2.28 ...
 $ Jockey.TimeSdvByRaceMax          : num  1.8 1.39 1.91 1.91 1.15 ...
 $ Jockey.TimeSdvAvg                : num  0.1218 -0.2126 0.189 0.301 -0.0627 ...
 $ Jockey.TimeSdvMin                : num  -1.78 -4.81 -2.7 -1.87 -2.32 ...
 $ Jockey.TimeSdvMax                : num  1.89 1.99 2.31 2.11 1.31 ...
 $ Jockey.OrderOfFinishSdvAvg       : num  0.0855 -0.555 0.4334 0.1865 -0.2604 ...
 $ Jockey.RunCount                  : num  69 36 83 77 33 14 9 37 48 28 ...
 $ Jockey.HitCount1                 : num  5 3 15 4 1 6 0 2 10 1 ...
 $ Jockey.HitCount2                 : num  3 1 12 13 0 1 0 3 5 2 ...
 $ Jockey.HitCount3                 : num  6 1 5 5 1 3 2 2 9 2 ...
 $ Jockey.HitCount4                 : num  5 1 5 6 1 1 1 4 3 1 ...
 $ Jockey.HitCount5                 : num  7 1 11 5 5 1 1 2 3 1 ...
 $ Jockey.HitRate1                  : num  0.0725 0.0833 0.1807 0.0519 0.0303 ...
 $ Jockey.HitRate2                  : num  0.0435 0.0278 0.1446 0.1688 0 ...
 $ Jockey.HitRate3                  : num  0.087 0.0278 0.0602 0.0649 0.0303 ...
 $ Jockey.HitRate4                  : num  0.0725 0.0278 0.0602 0.0779 0.0303 ...
 $ Jockey.HitRate5                  : num  0.1014 0.0278 0.1325 0.0649 0.1515 ...
 $ EOF                              : int  1 1 1 1 1 1 1 1 1 1 ...
[1] "2022-02-26 23:13:33 --- na.omit Finish ---"
[1] "2022-02-26 23:13:33 --- rxGlm with rxStepControl Start ---"

> print(paste0(Sys.time(), " --- source_logic_glm.R Start ---"))
[1] "2022-02-26 23:13:33 --- source_logic_glm.R Start ---"

> formula <- formula(RaceHorse.IsHitA ~ +1 + Jockey.TimeSdvByRaceAvg)

> print(paste0(Sys.time(), " --- source_logic_glm.R Finished ---"))
[1] "2022-02-26 23:13:33 --- source_logic_glm.R Finished ---"
Rows Read: 998, Total Rows Processed: 998, Total Chunk Time: Less than .001 seconds 

Starting values (iteration 1) time: 0.031 secs.
Rows Read: 998, Total Rows Processed: 998, Total Chunk Time: 0.001 seconds 

Iteration 2 time: 0.005 secs.

Elapsed computation time: 0.049 secs.
Rows Read: 998, Total Rows Processed: 998, Total Chunk Time: Less than .001 seconds 

Starting values (iteration 1) time: 0.005 secs.
Rows Read: 998, Total Rows Processed: 998, Total Chunk Time: Less than .001 seconds 

Iteration 2 time: 0.007 secs.

Elapsed computation time: 0.026 secs.
Rows Read: 998, Total Rows Processed: 998, Total Chunk Time: Less than .001 seconds 

Starting values (iteration 1) time: 0.005 secs.
Rows Read: 998, Total Rows Processed: 998, Total Chunk Time: 0.001 seconds 

Iteration 2 time: 0.006 secs.

Elapsed computation time: 0.026 secs.
Rows Read: 998, Total Rows Processed: 998, Total Chunk Time: 0.001 seconds 

Starting values (iteration 1) time: 0.005 secs.
Rows Read: 998, Total Rows Processed: 998, Total Chunk Time: Less than .001 seconds 

Iteration 2 time: 0.005 secs.

Elapsed computation time: 0.027 secs.

Elapsed computation time: 0.156 secs.
[1] "--------------------------------------------------------------------------------"
[1] "analyze.results.glm.step="
Logistic Regression Results for: RaceHorse.IsHitA ~ 1
Data: data
Dependent variable(s): RaceHorse.IsHitA
Total independent variables: 1 
Number of valid observations: 998
Number of missing observations: 0 
 
Coefficients:
            RaceHorse.IsHitA
(Intercept)                2
[1] "analyze.results.glm.step.summary"
Call:
rxLogit(formula = formula, data = data, variableSelection = analyze.results.glm.step.varsel)

Logistic Regression Results for: RaceHorse.IsHitA ~ 1
Data: data
Dependent variable(s): RaceHorse.IsHitA
Total independent variables: 1 
Number of valid observations: 998
Number of missing observations: 0 
-2*LogLikelihood: 1383.522 (Residual deviance on 997 degrees of freedom)
 
Coefficients:
            Estimate Std. Error z value Pr(>|z|)    
(Intercept)   2.0000     0.0633    31.6  2.2e-16 ***
---
Signif. codes:  0 '***' 0.001 '**' 0.01 '*' 0.05 '.' 0.1 ' ' 1

Condition number of final variance-covariance matrix: 1 
Number of iterations: 2
[1] "--------------------------------------------------------------------------------"
[1] "2022-02-26 23:13:33 --- rxGlm with rxStepControl Finish ---"
[1] "2022-02-26 23:13:34 --- rxStepPlot Start ---"
[1] "pdfFilename=pdf_analyze_glm_Jockey_Type23_rxStepPlot.pdf"
[1] "rxStepPlot="
[1] "2022-02-26 23:13:34 --- rxStepPlot Finish ---"
[1] "2022-02-26 23:13:34 --- save.image Start ---"
[1] "save.image"
[1] "rdataFilename=RData_analyze_glm_Jockey_Type23.RData"
[1] "2022-02-26 23:13:34 --- save.image Finish ---"
[1] "2022-02-26 23:13:34 --- final Start ---"
[1] "--------------------------------------------------------------------------------"
[1] "nrow(data) final=998"
[1] "--------------------------------------------------------------------------------"
[1] "2022-02-26 23:13:34 --- final Finish ---"
[1] "2022-02-26 23:13:34 --- analyze_glm.R Finished ---"
[1] "2022-02-26 23:13:34 --- log Finish ---"
