[1] "2022-02-26 23:10:58 --- D1115_analyze_glm_Gen02_IsHitA_Type13 Start ---"
[1] "2022-02-26 23:10:58 --- Log Start ---"
[1] "2022-02-26 23:10:58 --- analyze_glm.R Start ---"
[1] "analyzeVersion=D1115"
[1] "analyzeCategory=analyze"
[1] "analyzeType=Gen02"
[1] "analyzeFamily=IsHitA"
[1] "analyzeFunc=glm"
[1] "analyzeTrackTypeCd=1"
[1] "analyzeJyokenCd=3"
[1] "2022-02-26 23:10:59 --- source_function.R Start ---"
[1] "2022-02-26 23:10:59 --- source_function.R Finished ---"

> print(paste0(Sys.time(), " --- source_library.R Start ---"))
[1] "2022-02-26 23:10:59 --- source_library.R Start ---"

> require("RevoScaleR")

> print(paste0(Sys.time(), " --- source_library.R Finished ---"))
[1] "2022-02-26 23:10:59 --- source_library.R Finished ---"
[1] "2022-02-26 23:10:59 --- RxSqlServerData Start ---"
[1] "2022-02-26 23:10:59 --- RxInSqlServer Start ---"
[1] "2022-02-26 23:10:59 --- RxInSqlServer Finish ---"
[1] "2022-02-26 23:10:59 --- rxSetComputeContext Start ---"
[1] "2022-02-26 23:10:59 --- rxSetComputeContext Finish ---"
[1] "2022-02-26 23:10:59 --- RxSqlServerData Start ---"
[1] "sqlQuery=SELECT * FROM ViewAnalyzeD1115analyze01Gen02Type13"
[1] "2022-02-26 23:11:00 --- RxSqlServerData Finish ---"
[1] "2022-02-26 23:11:00 --- rxGetVarInfo Start ---"
[1] "2022-02-26 23:11:03 --- rxGetVarInfo Finish---"
[1] "2022-02-26 23:11:03 --- rxImport Start ---"
Rows Read: 826, Total Rows Processed: 826, Total Chunk Time: 18.240 seconds 
[1] "2022-02-26 23:11:40 --- rxImport Finish ---"
[1] "object.size(data) auto=460.5 Kb"
[1] "--------------------------------------------------------------------------------"
[1] "nrow(data) RxSqlServerData=826"
[1] "--------------------------------------------------------------------------------"
[1] "str(data)="
'data.frame':	826 obs. of  44 variables:
 $ Race.RaceId                      : Factor w/ 826 levels "20160213-05-01-05-09",..: 11 12 13 14 15 16 17 18 19 20 ...
 $ Race.IsAnalyzeNormalPastAndFuture: logi  TRUE TRUE TRUE TRUE TRUE TRUE ...
 $ Race.IsAnalyzeNormalPast         : logi  TRUE TRUE TRUE TRUE TRUE TRUE ...
 $ Race.IsAnalyzeNormalFuture       : logi  FALSE FALSE FALSE FALSE FALSE FALSE ...
 $ Race.IsAnalyzeFullPastAndFuture  : logi  TRUE TRUE TRUE TRUE TRUE TRUE ...
 $ Race.IsAnalyzeFullPast           : logi  TRUE TRUE TRUE TRUE TRUE TRUE ...
 $ Race.IsAnalyzeFullFuture         : logi  FALSE FALSE FALSE FALSE FALSE FALSE ...
 $ Race.JyokenCd                    : Factor w/ 1 level "3": 1 1 1 1 1 1 1 1 1 1 ...
 $ Race.JyoType1Cd                  : Factor w/ 133 levels "1-05-1800-3-1",..: 10 11 10 5 12 13 5 14 15 16 ...
 $ Race.RaceType1Cd                 : Factor w/ 6 levels "1-3-E-2","1-3-E-3",..: 5 5 4 5 1 4 5 4 5 1 ...
 $ RaceHorse.RaceId                 : Factor w/ 826 levels "20160213-05-01-05-09",..: 11 12 13 14 15 16 17 18 19 20 ...
 $ RaceHorse.KettoNum               : Factor w/ 768 levels "2011105245","2012104713",..: 11 12 13 14 15 16 17 18 19 20 ...
 $ RaceHorse.IsHit1                 : num  1 1 1 1 1 1 1 1 1 1 ...
 $ RaceHorse.IsHit2                 : num  0 0 0 0 0 0 0 0 0 0 ...
 $ RaceHorse.IsHit3                 : num  0 0 0 0 0 0 0 0 0 0 ...
 $ RaceHorse.IsHit4                 : num  0 0 0 0 0 0 0 0 0 0 ...
 $ RaceHorse.IsHit5                 : num  0 0 0 0 0 0 0 0 0 0 ...
 $ RaceHorse.IsHit6                 : num  0 0 0 0 0 0 0 0 0 0 ...
 $ RaceHorse.IsValidRaceHorse       : logi  TRUE TRUE TRUE TRUE TRUE TRUE ...
 $ RaceHorse.TimeSdvByRace          : num  1.3 1.66 1.25 1.3 1.72 ...
 $ RaceHorse.TimeSdv                : num  1.097 0.517 -0.164 0.74 1.906 ...
 $ RaceHorse.IsHitA                 : num  1 1 1 1 1 1 1 1 1 1 ...
 $ RaceHorse.IsHitB                 : num  1 1 1 1 1 1 1 1 1 1 ...
 $ RaceHorse.IsHitC                 : num  1 1 1 1 1 1 1 1 1 1 ...
 $ Gen02.HansyokuNum                : Factor w/ 142 levels "11201164","11202006",..: 3 7 10 11 12 9 13 14 15 16 ...
 $ Gen02.TimeSdvByRaceAvg           : num  0.821 1.081 -0.183 -0.188 1.595 ...
 $ Gen02.TimeSdvByRaceMin           : num  0.764 0.927 -1.482 -0.872 1.595 ...
 $ Gen02.TimeSdvByRaceMax           : num  0.878 1.235 1.472 0.496 1.595 ...
 $ Gen02.TimeSdvAvg                 : num  0.751 0.788 0.106 0.222 0.609 ...
 $ Gen02.TimeSdvMin                 : num  0.364 0.369 -0.725 0.157 0.609 ...
 $ Gen02.TimeSdvMax                 : num  1.138 1.206 0.957 0.287 0.609 ...
 $ Gen02.OrderOfFinishSdvAvg        : num  0.4949 1.1891 -0.0962 -0.4307 1.4746 ...
 $ Gen02.RunCount                   : num  2 2 7 2 1 2 3 12 3 2 ...
 $ Gen02.HitCount1                  : num  0 0 1 0 1 1 0 0 1 0 ...
 $ Gen02.HitCount2                  : num  0 1 0 0 0 1 0 1 0 1 ...
 $ Gen02.HitCount3                  : num  0 1 0 0 0 0 1 2 1 1 ...
 $ Gen02.HitCount4                  : num  0 0 0 0 0 0 0 1 0 0 ...
 $ Gen02.HitCount5                  : num  1 0 1 1 0 0 0 0 1 0 ...
 $ Gen02.HitRate1                   : num  0 0 0.143 0 1 ...
 $ Gen02.HitRate2                   : num  0 0.5 0 0 0 ...
 $ Gen02.HitRate3                   : num  0 0.5 0 0 0 ...
 $ Gen02.HitRate4                   : num  0 0 0 0 0 ...
 $ Gen02.HitRate5                   : num  0.5 0 0.143 0.5 0 ...
 $ EOF                              : int  1 1 1 1 1 1 1 1 1 1 ...
[1] "2022-02-26 23:11:41 --- RxSqlServerData Finish ---"
[1] "2022-02-26 23:11:41 --- subset Start ---"
[1] "--------------------------------------------------------------------------------"
[1] "nrow(data) subset before=826"
[1] "nrow(data) subset after =826"
[1] "nrow(data) subset diff =0"
[1] "--------------------------------------------------------------------------------"
[1] "2022-02-26 23:11:41 --- subset Finish---"
[1] "2022-02-26 23:11:41 --- transform Start ---"
[1] "--------------------------------------------------------------------------------"
[1] "nrow(data) transform before=826"
[1] "nrow(data) transform after=826"
[1] "nrow(data) transform diff=0"
[1] "--------------------------------------------------------------------------------"
[1] "str(data)="
'data.frame':	826 obs. of  44 variables:
 $ Race.RaceId                      : Factor w/ 826 levels "20160213-05-01-05-09",..: 11 12 13 14 15 16 17 18 19 20 ...
 $ Race.IsAnalyzeNormalPastAndFuture: logi  TRUE TRUE TRUE TRUE TRUE TRUE ...
 $ Race.IsAnalyzeNormalPast         : logi  TRUE TRUE TRUE TRUE TRUE TRUE ...
 $ Race.IsAnalyzeNormalFuture       : logi  FALSE FALSE FALSE FALSE FALSE FALSE ...
 $ Race.IsAnalyzeFullPastAndFuture  : logi  TRUE TRUE TRUE TRUE TRUE TRUE ...
 $ Race.IsAnalyzeFullPast           : logi  TRUE TRUE TRUE TRUE TRUE TRUE ...
 $ Race.IsAnalyzeFullFuture         : logi  FALSE FALSE FALSE FALSE FALSE FALSE ...
 $ Race.JyokenCd                    : Factor w/ 1 level "3": 1 1 1 1 1 1 1 1 1 1 ...
 $ Race.JyoType1Cd                  : Factor w/ 133 levels "1-05-1800-3-1",..: 10 11 10 5 12 13 5 14 15 16 ...
 $ Race.RaceType1Cd                 : Factor w/ 6 levels "1-3-E-2","1-3-E-3",..: 5 5 4 5 1 4 5 4 5 1 ...
 $ RaceHorse.RaceId                 : Factor w/ 826 levels "20160213-05-01-05-09",..: 11 12 13 14 15 16 17 18 19 20 ...
 $ RaceHorse.KettoNum               : Factor w/ 768 levels "2011105245","2012104713",..: 11 12 13 14 15 16 17 18 19 20 ...
 $ RaceHorse.IsHit1                 : num  1 1 1 1 1 1 1 1 1 1 ...
 $ RaceHorse.IsHit2                 : num  0 0 0 0 0 0 0 0 0 0 ...
 $ RaceHorse.IsHit3                 : num  0 0 0 0 0 0 0 0 0 0 ...
 $ RaceHorse.IsHit4                 : num  0 0 0 0 0 0 0 0 0 0 ...
 $ RaceHorse.IsHit5                 : num  0 0 0 0 0 0 0 0 0 0 ...
 $ RaceHorse.IsHit6                 : num  0 0 0 0 0 0 0 0 0 0 ...
 $ RaceHorse.IsValidRaceHorse       : logi  TRUE TRUE TRUE TRUE TRUE TRUE ...
 $ RaceHorse.TimeSdvByRace          : num  1.3 1.66 1.25 1.3 1.72 ...
 $ RaceHorse.TimeSdv                : num  1.097 0.517 -0.164 0.74 1.906 ...
 $ RaceHorse.IsHitA                 : num  1 1 1 1 1 1 1 1 1 1 ...
 $ RaceHorse.IsHitB                 : num  1 1 1 1 1 1 1 1 1 1 ...
 $ RaceHorse.IsHitC                 : num  1 1 1 1 1 1 1 1 1 1 ...
 $ Gen02.HansyokuNum                : Factor w/ 142 levels "11201164","11202006",..: 3 7 10 11 12 9 13 14 15 16 ...
 $ Gen02.TimeSdvByRaceAvg           : num  0.821 1.081 -0.183 -0.188 1.595 ...
 $ Gen02.TimeSdvByRaceMin           : num  0.764 0.927 -1.482 -0.872 1.595 ...
 $ Gen02.TimeSdvByRaceMax           : num  0.878 1.235 1.472 0.496 1.595 ...
 $ Gen02.TimeSdvAvg                 : num  0.751 0.788 0.106 0.222 0.609 ...
 $ Gen02.TimeSdvMin                 : num  0.364 0.369 -0.725 0.157 0.609 ...
 $ Gen02.TimeSdvMax                 : num  1.138 1.206 0.957 0.287 0.609 ...
 $ Gen02.OrderOfFinishSdvAvg        : num  0.4949 1.1891 -0.0962 -0.4307 1.4746 ...
 $ Gen02.RunCount                   : num  2 2 7 2 1 2 3 12 3 2 ...
 $ Gen02.HitCount1                  : num  0 0 1 0 1 1 0 0 1 0 ...
 $ Gen02.HitCount2                  : num  0 1 0 0 0 1 0 1 0 1 ...
 $ Gen02.HitCount3                  : num  0 1 0 0 0 0 1 2 1 1 ...
 $ Gen02.HitCount4                  : num  0 0 0 0 0 0 0 1 0 0 ...
 $ Gen02.HitCount5                  : num  1 0 1 1 0 0 0 0 1 0 ...
 $ Gen02.HitRate1                   : num  0 0 0.143 0 1 ...
 $ Gen02.HitRate2                   : num  0 0.5 0 0 0 ...
 $ Gen02.HitRate3                   : num  0 0.5 0 0 0 ...
 $ Gen02.HitRate4                   : num  0 0 0 0 0 ...
 $ Gen02.HitRate5                   : num  0.5 0 0.143 0.5 0 ...
 $ EOF                              : int  1 1 1 1 1 1 1 1 1 1 ...
NULL
[1] "2022-02-26 23:11:43 --- transform Finish ---"
[1] "2022-02-26 23:11:43 --- na.omit Start ---"
[1] "--------------------------------------------------------------------------------"
[1] "nrow(data) na.omit before=826"
[1] "nrow(data) na.omit after =826"
[1] "nrow(data) na.omit diff =0"
[1] "--------------------------------------------------------------------------------"
'data.frame':	826 obs. of  44 variables:
 $ Race.RaceId                      : Factor w/ 826 levels "20160213-05-01-05-09",..: 11 12 13 14 15 16 17 18 19 20 ...
 $ Race.IsAnalyzeNormalPastAndFuture: logi  TRUE TRUE TRUE TRUE TRUE TRUE ...
 $ Race.IsAnalyzeNormalPast         : logi  TRUE TRUE TRUE TRUE TRUE TRUE ...
 $ Race.IsAnalyzeNormalFuture       : logi  FALSE FALSE FALSE FALSE FALSE FALSE ...
 $ Race.IsAnalyzeFullPastAndFuture  : logi  TRUE TRUE TRUE TRUE TRUE TRUE ...
 $ Race.IsAnalyzeFullPast           : logi  TRUE TRUE TRUE TRUE TRUE TRUE ...
 $ Race.IsAnalyzeFullFuture         : logi  FALSE FALSE FALSE FALSE FALSE FALSE ...
 $ Race.JyokenCd                    : Factor w/ 1 level "3": 1 1 1 1 1 1 1 1 1 1 ...
 $ Race.JyoType1Cd                  : Factor w/ 133 levels "1-05-1800-3-1",..: 10 11 10 5 12 13 5 14 15 16 ...
 $ Race.RaceType1Cd                 : Factor w/ 6 levels "1-3-E-2","1-3-E-3",..: 5 5 4 5 1 4 5 4 5 1 ...
 $ RaceHorse.RaceId                 : Factor w/ 826 levels "20160213-05-01-05-09",..: 11 12 13 14 15 16 17 18 19 20 ...
 $ RaceHorse.KettoNum               : Factor w/ 768 levels "2011105245","2012104713",..: 11 12 13 14 15 16 17 18 19 20 ...
 $ RaceHorse.IsHit1                 : num  1 1 1 1 1 1 1 1 1 1 ...
 $ RaceHorse.IsHit2                 : num  0 0 0 0 0 0 0 0 0 0 ...
 $ RaceHorse.IsHit3                 : num  0 0 0 0 0 0 0 0 0 0 ...
 $ RaceHorse.IsHit4                 : num  0 0 0 0 0 0 0 0 0 0 ...
 $ RaceHorse.IsHit5                 : num  0 0 0 0 0 0 0 0 0 0 ...
 $ RaceHorse.IsHit6                 : num  0 0 0 0 0 0 0 0 0 0 ...
 $ RaceHorse.IsValidRaceHorse       : logi  TRUE TRUE TRUE TRUE TRUE TRUE ...
 $ RaceHorse.TimeSdvByRace          : num  1.3 1.66 1.25 1.3 1.72 ...
 $ RaceHorse.TimeSdv                : num  1.097 0.517 -0.164 0.74 1.906 ...
 $ RaceHorse.IsHitA                 : num  1 1 1 1 1 1 1 1 1 1 ...
 $ RaceHorse.IsHitB                 : num  1 1 1 1 1 1 1 1 1 1 ...
 $ RaceHorse.IsHitC                 : num  1 1 1 1 1 1 1 1 1 1 ...
 $ Gen02.HansyokuNum                : Factor w/ 142 levels "11201164","11202006",..: 3 7 10 11 12 9 13 14 15 16 ...
 $ Gen02.TimeSdvByRaceAvg           : num  0.821 1.081 -0.183 -0.188 1.595 ...
 $ Gen02.TimeSdvByRaceMin           : num  0.764 0.927 -1.482 -0.872 1.595 ...
 $ Gen02.TimeSdvByRaceMax           : num  0.878 1.235 1.472 0.496 1.595 ...
 $ Gen02.TimeSdvAvg                 : num  0.751 0.788 0.106 0.222 0.609 ...
 $ Gen02.TimeSdvMin                 : num  0.364 0.369 -0.725 0.157 0.609 ...
 $ Gen02.TimeSdvMax                 : num  1.138 1.206 0.957 0.287 0.609 ...
 $ Gen02.OrderOfFinishSdvAvg        : num  0.4949 1.1891 -0.0962 -0.4307 1.4746 ...
 $ Gen02.RunCount                   : num  2 2 7 2 1 2 3 12 3 2 ...
 $ Gen02.HitCount1                  : num  0 0 1 0 1 1 0 0 1 0 ...
 $ Gen02.HitCount2                  : num  0 1 0 0 0 1 0 1 0 1 ...
 $ Gen02.HitCount3                  : num  0 1 0 0 0 0 1 2 1 1 ...
 $ Gen02.HitCount4                  : num  0 0 0 0 0 0 0 1 0 0 ...
 $ Gen02.HitCount5                  : num  1 0 1 1 0 0 0 0 1 0 ...
 $ Gen02.HitRate1                   : num  0 0 0.143 0 1 ...
 $ Gen02.HitRate2                   : num  0 0.5 0 0 0 ...
 $ Gen02.HitRate3                   : num  0 0.5 0 0 0 ...
 $ Gen02.HitRate4                   : num  0 0 0 0 0 ...
 $ Gen02.HitRate5                   : num  0.5 0 0.143 0.5 0 ...
 $ EOF                              : int  1 1 1 1 1 1 1 1 1 1 ...
[1] "2022-02-26 23:11:43 --- na.omit Finish ---"
[1] "2022-02-26 23:11:43 --- rxGlm with rxStepControl Start ---"

> print(paste0(Sys.time(), " --- source_logic_glm.R Start ---"))
[1] "2022-02-26 23:11:43 --- source_logic_glm.R Start ---"

> formula <- formula(RaceHorse.IsHitA ~ +1 + Gen02.TimeSdvByRaceAvg)

> print(paste0(Sys.time(), " --- source_logic_glm.R Finished ---"))
[1] "2022-02-26 23:11:43 --- source_logic_glm.R Finished ---"
Rows Read: 826, Total Rows Processed: 826, Total Chunk Time: Less than .001 seconds 

Starting values (iteration 1) time: 0.008 secs.
Rows Read: 826, Total Rows Processed: 826, Total Chunk Time: Less than .001 seconds 

Iteration 2 time: 0.005 secs.

Elapsed computation time: 0.018 secs.
Rows Read: 826, Total Rows Processed: 826, Total Chunk Time: Less than .001 seconds 

Starting values (iteration 1) time: 0.005 secs.
Rows Read: 826, Total Rows Processed: 826, Total Chunk Time: Less than .001 seconds 

Iteration 2 time: 0.005 secs.

Elapsed computation time: 0.019 secs.
Rows Read: 826, Total Rows Processed: 826, Total Chunk Time: Less than .001 seconds 

Starting values (iteration 1) time: 0.004 secs.
Rows Read: 826, Total Rows Processed: 826, Total Chunk Time: Less than .001 seconds 

Iteration 2 time: 0.004 secs.

Elapsed computation time: 0.016 secs.
Rows Read: 826, Total Rows Processed: 826, Total Chunk Time: Less than .001 seconds 

Starting values (iteration 1) time: 0.005 secs.
Rows Read: 826, Total Rows Processed: 826, Total Chunk Time: Less than .001 seconds 

Iteration 2 time: 0.004 secs.

Elapsed computation time: 0.020 secs.

Elapsed computation time: 0.093 secs.
[1] "--------------------------------------------------------------------------------"
[1] "analyze.results.glm.step="
Logistic Regression Results for: RaceHorse.IsHitA ~ 1
Data: data
Dependent variable(s): RaceHorse.IsHitA
Total independent variables: 1 
Number of valid observations: 826
Number of missing observations: 0 
 
Coefficients:
            RaceHorse.IsHitA
(Intercept)                2
[1] "analyze.results.glm.step.summary"
Call:
rxLogit(formula = formula, data = data, variableSelection = analyze.results.glm.step.varsel)

Logistic Regression Results for: RaceHorse.IsHitA ~ 1
Data: data
Dependent variable(s): RaceHorse.IsHitA
Total independent variables: 1 
Number of valid observations: 826
Number of missing observations: 0 
-2*LogLikelihood: 1145.079 (Residual deviance on 825 degrees of freedom)
 
Coefficients:
            Estimate Std. Error z value Pr(>|z|)    
(Intercept)   2.0000     0.0696    28.7  2.2e-16 ***
---
Signif. codes:  0 '***' 0.001 '**' 0.01 '*' 0.05 '.' 0.1 ' ' 1

Condition number of final variance-covariance matrix: 1 
Number of iterations: 2
[1] "--------------------------------------------------------------------------------"
[1] "2022-02-26 23:11:44 --- rxGlm with rxStepControl Finish ---"
[1] "2022-02-26 23:11:44 --- rxStepPlot Start ---"
[1] "pdfFilename=pdf_analyze_glm_Gen02_Type13_rxStepPlot.pdf"
[1] "rxStepPlot="
[1] "2022-02-26 23:11:44 --- rxStepPlot Finish ---"
[1] "2022-02-26 23:11:44 --- save.image Start ---"
[1] "save.image"
[1] "rdataFilename=RData_analyze_glm_Gen02_Type13.RData"
[1] "2022-02-26 23:11:44 --- save.image Finish ---"
[1] "2022-02-26 23:11:44 --- final Start ---"
[1] "--------------------------------------------------------------------------------"
[1] "nrow(data) final=826"
[1] "--------------------------------------------------------------------------------"
[1] "2022-02-26 23:11:44 --- final Finish ---"
[1] "2022-02-26 23:11:44 --- analyze_glm.R Finished ---"
[1] "2022-02-26 23:11:44 --- log Finish ---"
