[1] "2022-02-26 23:10:58 --- D1115_analyze_glm_Gen02_IsHitA_Type35 Start ---"
[1] "2022-02-26 23:10:58 --- Log Start ---"
[1] "2022-02-26 23:10:58 --- analyze_glm.R Start ---"
[1] "analyzeVersion=D1115"
[1] "analyzeCategory=analyze"
[1] "analyzeType=Gen02"
[1] "analyzeFamily=IsHitA"
[1] "analyzeFunc=glm"
[1] "analyzeTrackTypeCd=3"
[1] "analyzeJyokenCd=5"
[1] "2022-02-26 23:10:58 --- source_function.R Start ---"
[1] "2022-02-26 23:10:58 --- source_function.R Finished ---"

> print(paste0(Sys.time(), " --- source_library.R Start ---"))
[1] "2022-02-26 23:10:58 --- source_library.R Start ---"

> require("RevoScaleR")

> print(paste0(Sys.time(), " --- source_library.R Finished ---"))
[1] "2022-02-26 23:10:59 --- source_library.R Finished ---"
[1] "2022-02-26 23:10:59 --- RxSqlServerData Start ---"
[1] "2022-02-26 23:10:59 --- RxInSqlServer Start ---"
[1] "2022-02-26 23:10:59 --- RxInSqlServer Finish ---"
[1] "2022-02-26 23:10:59 --- rxSetComputeContext Start ---"
[1] "2022-02-26 23:10:59 --- rxSetComputeContext Finish ---"
[1] "2022-02-26 23:10:59 --- RxSqlServerData Start ---"
[1] "sqlQuery=SELECT * FROM ViewAnalyzeD1115analyze01Gen02Type35"
[1] "2022-02-26 23:10:59 --- RxSqlServerData Finish ---"
[1] "2022-02-26 23:10:59 --- rxGetVarInfo Start ---"
[1] "2022-02-26 23:11:01 --- rxGetVarInfo Finish---"
[1] "2022-02-26 23:11:01 --- rxImport Start ---"
Rows Read: 374, Total Rows Processed: 374, Total Chunk Time: 18.842 seconds 
[1] "2022-02-26 23:11:46 --- rxImport Finish ---"
[1] "object.size(data) auto=217.4 Kb"
[1] "--------------------------------------------------------------------------------"
[1] "nrow(data) RxSqlServerData=374"
[1] "--------------------------------------------------------------------------------"
[1] "str(data)="
'data.frame':	374 obs. of  44 variables:
 $ Race.RaceId                      : Factor w/ 374 levels "20180407-03-01-01-04",..: 11 12 13 14 15 16 17 18 19 20 ...
 $ Race.IsAnalyzeNormalPastAndFuture: logi  TRUE TRUE TRUE TRUE TRUE TRUE ...
 $ Race.IsAnalyzeNormalPast         : logi  TRUE TRUE TRUE TRUE TRUE TRUE ...
 $ Race.IsAnalyzeNormalFuture       : logi  FALSE FALSE FALSE FALSE FALSE FALSE ...
 $ Race.IsAnalyzeFullPastAndFuture  : logi  TRUE TRUE TRUE TRUE TRUE TRUE ...
 $ Race.IsAnalyzeFullPast           : logi  TRUE TRUE TRUE TRUE TRUE TRUE ...
 $ Race.IsAnalyzeFullFuture         : logi  FALSE FALSE FALSE FALSE FALSE FALSE ...
 $ Race.JyokenCd                    : Factor w/ 1 level "5": 1 1 1 1 1 1 1 1 1 1 ...
 $ Race.JyoType1Cd                  : Factor w/ 33 levels "3-03-2750-5-1",..: 1 8 9 10 10 10 11 2 7 12 ...
 $ Race.RaceType1Cd                 : Factor w/ 1 level "3-5-X-3": 1 1 1 1 1 1 1 1 1 1 ...
 $ RaceHorse.RaceId                 : Factor w/ 374 levels "20180407-03-01-01-04",..: 11 12 13 14 15 16 17 18 19 20 ...
 $ RaceHorse.KettoNum               : Factor w/ 374 levels "2011102512","2011103161",..: 11 12 13 14 15 16 17 18 19 20 ...
 $ RaceHorse.IsHit1                 : num  1 1 1 1 1 1 1 1 1 1 ...
 $ RaceHorse.IsHit2                 : num  0 0 0 0 0 0 0 0 0 0 ...
 $ RaceHorse.IsHit3                 : num  0 0 0 0 0 0 0 0 0 0 ...
 $ RaceHorse.IsHit4                 : num  0 0 0 0 0 0 0 0 0 0 ...
 $ RaceHorse.IsHit5                 : num  0 0 0 0 0 0 0 0 0 0 ...
 $ RaceHorse.IsHit6                 : num  0 0 0 0 0 0 0 0 0 0 ...
 $ RaceHorse.IsValidRaceHorse       : logi  TRUE TRUE TRUE TRUE TRUE TRUE ...
 $ RaceHorse.TimeSdvByRace          : num  1.05 1.51 1.65 1.18 0.78 ...
 $ RaceHorse.TimeSdv                : num  0.363 1.502 0.531 1.605 0.761 ...
 $ RaceHorse.IsHitA                 : num  1 1 1 1 1 1 1 1 1 1 ...
 $ RaceHorse.IsHitB                 : num  1 1 1 1 1 1 1 1 1 1 ...
 $ RaceHorse.IsHitC                 : num  1 1 1 1 1 1 1 1 1 1 ...
 $ Gen02.HansyokuNum                : Factor w/ 121 levels "11202006","11201916",..: 9 10 3 11 12 13 14 15 16 17 ...
 $ Gen02.TimeSdvByRaceAvg           : num  -0.863 0.298 -0.392 0.92 0.545 ...
 $ Gen02.TimeSdvByRaceMin           : num  -1.6811 -0.3419 -2.1976 0.3945 0.0694 ...
 $ Gen02.TimeSdvByRaceMax           : num  -0.0454 0.9371 1.4145 1.445 1.0703 ...
 $ Gen02.TimeSdvAvg                 : num  -0.3695 0.074 0.4553 0.8511 -0.0594 ...
 $ Gen02.TimeSdvMin                 : num  -1.081 -1.257 -0.504 0.509 -1.888 ...
 $ Gen02.TimeSdvMax                 : num  0.342 1.405 1.415 1.193 0.864 ...
 $ Gen02.OrderOfFinishSdvAvg        : num  -0.915 0.31 0.446 0.582 0.355 ...
 $ Gen02.RunCount                   : num  2 2 2 2 3 1 2 6 4 5 ...
 $ Gen02.HitCount1                  : num  0 0 0 0 0 0 0 0 0 0 ...
 $ Gen02.HitCount2                  : num  0 0 1 1 1 0 1 1 0 1 ...
 $ Gen02.HitCount3                  : num  0 1 0 0 0 0 0 2 1 0 ...
 $ Gen02.HitCount4                  : num  0 0 0 0 0 1 0 1 0 1 ...
 $ Gen02.HitCount5                  : num  0 0 0 0 1 0 0 0 2 1 ...
 $ Gen02.HitRate1                   : num  0 0 0 0 0 0 0 0 0 0 ...
 $ Gen02.HitRate2                   : num  0 0 0.5 0.5 0.333 ...
 $ Gen02.HitRate3                   : num  0 0.5 0 0 0 ...
 $ Gen02.HitRate4                   : num  0 0 0 0 0 ...
 $ Gen02.HitRate5                   : num  0 0 0 0 0.333 ...
 $ EOF                              : int  1 1 1 1 1 1 1 1 1 1 ...
[1] "2022-02-26 23:11:46 --- RxSqlServerData Finish ---"
[1] "2022-02-26 23:11:47 --- subset Start ---"
[1] "--------------------------------------------------------------------------------"
[1] "nrow(data) subset before=374"
[1] "nrow(data) subset after =374"
[1] "nrow(data) subset diff =0"
[1] "--------------------------------------------------------------------------------"
[1] "2022-02-26 23:11:47 --- subset Finish---"
[1] "2022-02-26 23:11:47 --- transform Start ---"
[1] "--------------------------------------------------------------------------------"
[1] "nrow(data) transform before=374"
[1] "nrow(data) transform after=374"
[1] "nrow(data) transform diff=0"
[1] "--------------------------------------------------------------------------------"
[1] "str(data)="
'data.frame':	374 obs. of  44 variables:
 $ Race.RaceId                      : Factor w/ 374 levels "20180407-03-01-01-04",..: 11 12 13 14 15 16 17 18 19 20 ...
 $ Race.IsAnalyzeNormalPastAndFuture: logi  TRUE TRUE TRUE TRUE TRUE TRUE ...
 $ Race.IsAnalyzeNormalPast         : logi  TRUE TRUE TRUE TRUE TRUE TRUE ...
 $ Race.IsAnalyzeNormalFuture       : logi  FALSE FALSE FALSE FALSE FALSE FALSE ...
 $ Race.IsAnalyzeFullPastAndFuture  : logi  TRUE TRUE TRUE TRUE TRUE TRUE ...
 $ Race.IsAnalyzeFullPast           : logi  TRUE TRUE TRUE TRUE TRUE TRUE ...
 $ Race.IsAnalyzeFullFuture         : logi  FALSE FALSE FALSE FALSE FALSE FALSE ...
 $ Race.JyokenCd                    : Factor w/ 1 level "5": 1 1 1 1 1 1 1 1 1 1 ...
 $ Race.JyoType1Cd                  : Factor w/ 33 levels "3-03-2750-5-1",..: 1 8 9 10 10 10 11 2 7 12 ...
 $ Race.RaceType1Cd                 : Factor w/ 1 level "3-5-X-3": 1 1 1 1 1 1 1 1 1 1 ...
 $ RaceHorse.RaceId                 : Factor w/ 374 levels "20180407-03-01-01-04",..: 11 12 13 14 15 16 17 18 19 20 ...
 $ RaceHorse.KettoNum               : Factor w/ 374 levels "2011102512","2011103161",..: 11 12 13 14 15 16 17 18 19 20 ...
 $ RaceHorse.IsHit1                 : num  1 1 1 1 1 1 1 1 1 1 ...
 $ RaceHorse.IsHit2                 : num  0 0 0 0 0 0 0 0 0 0 ...
 $ RaceHorse.IsHit3                 : num  0 0 0 0 0 0 0 0 0 0 ...
 $ RaceHorse.IsHit4                 : num  0 0 0 0 0 0 0 0 0 0 ...
 $ RaceHorse.IsHit5                 : num  0 0 0 0 0 0 0 0 0 0 ...
 $ RaceHorse.IsHit6                 : num  0 0 0 0 0 0 0 0 0 0 ...
 $ RaceHorse.IsValidRaceHorse       : logi  TRUE TRUE TRUE TRUE TRUE TRUE ...
 $ RaceHorse.TimeSdvByRace          : num  1.05 1.51 1.65 1.18 0.78 ...
 $ RaceHorse.TimeSdv                : num  0.363 1.502 0.531 1.605 0.761 ...
 $ RaceHorse.IsHitA                 : num  1 1 1 1 1 1 1 1 1 1 ...
 $ RaceHorse.IsHitB                 : num  1 1 1 1 1 1 1 1 1 1 ...
 $ RaceHorse.IsHitC                 : num  1 1 1 1 1 1 1 1 1 1 ...
 $ Gen02.HansyokuNum                : Factor w/ 121 levels "11202006","11201916",..: 9 10 3 11 12 13 14 15 16 17 ...
 $ Gen02.TimeSdvByRaceAvg           : num  -0.863 0.298 -0.392 0.92 0.545 ...
 $ Gen02.TimeSdvByRaceMin           : num  -1.6811 -0.3419 -2.1976 0.3945 0.0694 ...
 $ Gen02.TimeSdvByRaceMax           : num  -0.0454 0.9371 1.4145 1.445 1.0703 ...
 $ Gen02.TimeSdvAvg                 : num  -0.3695 0.074 0.4553 0.8511 -0.0594 ...
 $ Gen02.TimeSdvMin                 : num  -1.081 -1.257 -0.504 0.509 -1.888 ...
 $ Gen02.TimeSdvMax                 : num  0.342 1.405 1.415 1.193 0.864 ...
 $ Gen02.OrderOfFinishSdvAvg        : num  -0.915 0.31 0.446 0.582 0.355 ...
 $ Gen02.RunCount                   : num  2 2 2 2 3 1 2 6 4 5 ...
 $ Gen02.HitCount1                  : num  0 0 0 0 0 0 0 0 0 0 ...
 $ Gen02.HitCount2                  : num  0 0 1 1 1 0 1 1 0 1 ...
 $ Gen02.HitCount3                  : num  0 1 0 0 0 0 0 2 1 0 ...
 $ Gen02.HitCount4                  : num  0 0 0 0 0 1 0 1 0 1 ...
 $ Gen02.HitCount5                  : num  0 0 0 0 1 0 0 0 2 1 ...
 $ Gen02.HitRate1                   : num  0 0 0 0 0 0 0 0 0 0 ...
 $ Gen02.HitRate2                   : num  0 0 0.5 0.5 0.333 ...
 $ Gen02.HitRate3                   : num  0 0.5 0 0 0 ...
 $ Gen02.HitRate4                   : num  0 0 0 0 0 ...
 $ Gen02.HitRate5                   : num  0 0 0 0 0.333 ...
 $ EOF                              : int  1 1 1 1 1 1 1 1 1 1 ...
NULL
[1] "2022-02-26 23:11:47 --- transform Finish ---"
[1] "2022-02-26 23:11:47 --- na.omit Start ---"
[1] "--------------------------------------------------------------------------------"
[1] "nrow(data) na.omit before=374"
[1] "nrow(data) na.omit after =374"
[1] "nrow(data) na.omit diff =0"
[1] "--------------------------------------------------------------------------------"
'data.frame':	374 obs. of  44 variables:
 $ Race.RaceId                      : Factor w/ 374 levels "20180407-03-01-01-04",..: 11 12 13 14 15 16 17 18 19 20 ...
 $ Race.IsAnalyzeNormalPastAndFuture: logi  TRUE TRUE TRUE TRUE TRUE TRUE ...
 $ Race.IsAnalyzeNormalPast         : logi  TRUE TRUE TRUE TRUE TRUE TRUE ...
 $ Race.IsAnalyzeNormalFuture       : logi  FALSE FALSE FALSE FALSE FALSE FALSE ...
 $ Race.IsAnalyzeFullPastAndFuture  : logi  TRUE TRUE TRUE TRUE TRUE TRUE ...
 $ Race.IsAnalyzeFullPast           : logi  TRUE TRUE TRUE TRUE TRUE TRUE ...
 $ Race.IsAnalyzeFullFuture         : logi  FALSE FALSE FALSE FALSE FALSE FALSE ...
 $ Race.JyokenCd                    : Factor w/ 1 level "5": 1 1 1 1 1 1 1 1 1 1 ...
 $ Race.JyoType1Cd                  : Factor w/ 33 levels "3-03-2750-5-1",..: 1 8 9 10 10 10 11 2 7 12 ...
 $ Race.RaceType1Cd                 : Factor w/ 1 level "3-5-X-3": 1 1 1 1 1 1 1 1 1 1 ...
 $ RaceHorse.RaceId                 : Factor w/ 374 levels "20180407-03-01-01-04",..: 11 12 13 14 15 16 17 18 19 20 ...
 $ RaceHorse.KettoNum               : Factor w/ 374 levels "2011102512","2011103161",..: 11 12 13 14 15 16 17 18 19 20 ...
 $ RaceHorse.IsHit1                 : num  1 1 1 1 1 1 1 1 1 1 ...
 $ RaceHorse.IsHit2                 : num  0 0 0 0 0 0 0 0 0 0 ...
 $ RaceHorse.IsHit3                 : num  0 0 0 0 0 0 0 0 0 0 ...
 $ RaceHorse.IsHit4                 : num  0 0 0 0 0 0 0 0 0 0 ...
 $ RaceHorse.IsHit5                 : num  0 0 0 0 0 0 0 0 0 0 ...
 $ RaceHorse.IsHit6                 : num  0 0 0 0 0 0 0 0 0 0 ...
 $ RaceHorse.IsValidRaceHorse       : logi  TRUE TRUE TRUE TRUE TRUE TRUE ...
 $ RaceHorse.TimeSdvByRace          : num  1.05 1.51 1.65 1.18 0.78 ...
 $ RaceHorse.TimeSdv                : num  0.363 1.502 0.531 1.605 0.761 ...
 $ RaceHorse.IsHitA                 : num  1 1 1 1 1 1 1 1 1 1 ...
 $ RaceHorse.IsHitB                 : num  1 1 1 1 1 1 1 1 1 1 ...
 $ RaceHorse.IsHitC                 : num  1 1 1 1 1 1 1 1 1 1 ...
 $ Gen02.HansyokuNum                : Factor w/ 121 levels "11202006","11201916",..: 9 10 3 11 12 13 14 15 16 17 ...
 $ Gen02.TimeSdvByRaceAvg           : num  -0.863 0.298 -0.392 0.92 0.545 ...
 $ Gen02.TimeSdvByRaceMin           : num  -1.6811 -0.3419 -2.1976 0.3945 0.0694 ...
 $ Gen02.TimeSdvByRaceMax           : num  -0.0454 0.9371 1.4145 1.445 1.0703 ...
 $ Gen02.TimeSdvAvg                 : num  -0.3695 0.074 0.4553 0.8511 -0.0594 ...
 $ Gen02.TimeSdvMin                 : num  -1.081 -1.257 -0.504 0.509 -1.888 ...
 $ Gen02.TimeSdvMax                 : num  0.342 1.405 1.415 1.193 0.864 ...
 $ Gen02.OrderOfFinishSdvAvg        : num  -0.915 0.31 0.446 0.582 0.355 ...
 $ Gen02.RunCount                   : num  2 2 2 2 3 1 2 6 4 5 ...
 $ Gen02.HitCount1                  : num  0 0 0 0 0 0 0 0 0 0 ...
 $ Gen02.HitCount2                  : num  0 0 1 1 1 0 1 1 0 1 ...
 $ Gen02.HitCount3                  : num  0 1 0 0 0 0 0 2 1 0 ...
 $ Gen02.HitCount4                  : num  0 0 0 0 0 1 0 1 0 1 ...
 $ Gen02.HitCount5                  : num  0 0 0 0 1 0 0 0 2 1 ...
 $ Gen02.HitRate1                   : num  0 0 0 0 0 0 0 0 0 0 ...
 $ Gen02.HitRate2                   : num  0 0 0.5 0.5 0.333 ...
 $ Gen02.HitRate3                   : num  0 0.5 0 0 0 ...
 $ Gen02.HitRate4                   : num  0 0 0 0 0 ...
 $ Gen02.HitRate5                   : num  0 0 0 0 0.333 ...
 $ EOF                              : int  1 1 1 1 1 1 1 1 1 1 ...
[1] "2022-02-26 23:11:47 --- na.omit Finish ---"
[1] "2022-02-26 23:11:47 --- rxGlm with rxStepControl Start ---"

> print(paste0(Sys.time(), " --- source_logic_glm.R Start ---"))
[1] "2022-02-26 23:11:47 --- source_logic_glm.R Start ---"

> formula <- formula(RaceHorse.IsHitA ~ +1 + Gen02.TimeSdvByRaceAvg)

> print(paste0(Sys.time(), " --- source_logic_glm.R Finished ---"))
[1] "2022-02-26 23:11:47 --- source_logic_glm.R Finished ---"
Rows Read: 374, Total Rows Processed: 374, Total Chunk Time: 0.001 seconds 

Starting values (iteration 1) time: 0.006 secs.
Rows Read: 374, Total Rows Processed: 374, Total Chunk Time: Less than .001 seconds 

Iteration 2 time: 0.005 secs.

Elapsed computation time: 0.018 secs.
Rows Read: 374, Total Rows Processed: 374, Total Chunk Time: Less than .001 seconds 

Starting values (iteration 1) time: 0.004 secs.
Rows Read: 374, Total Rows Processed: 374, Total Chunk Time: Less than .001 seconds 

Iteration 2 time: 0.004 secs.

Elapsed computation time: 0.020 secs.
Rows Read: 374, Total Rows Processed: 374, Total Chunk Time: Less than .001 seconds 

Starting values (iteration 1) time: 0.005 secs.
Rows Read: 374, Total Rows Processed: 374, Total Chunk Time: Less than .001 seconds 

Iteration 2 time: 0.004 secs.

Elapsed computation time: 0.019 secs.
Rows Read: 374, Total Rows Processed: 374, Total Chunk Time: 0.001 seconds 

Starting values (iteration 1) time: 0.005 secs.
Rows Read: 374, Total Rows Processed: 374, Total Chunk Time: 0.001 seconds 

Iteration 2 time: 0.005 secs.

Elapsed computation time: 0.018 secs.

Elapsed computation time: 0.092 secs.
[1] "--------------------------------------------------------------------------------"
[1] "analyze.results.glm.step="
Logistic Regression Results for: RaceHorse.IsHitA ~ 1
Data: data
Dependent variable(s): RaceHorse.IsHitA
Total independent variables: 1 
Number of valid observations: 374
Number of missing observations: 0 
 
Coefficients:
            RaceHorse.IsHitA
(Intercept)                2
[1] "analyze.results.glm.step.summary"
Call:
rxLogit(formula = formula, data = data, variableSelection = analyze.results.glm.step.varsel)

Logistic Regression Results for: RaceHorse.IsHitA ~ 1
Data: data
Dependent variable(s): RaceHorse.IsHitA
Total independent variables: 1 
Number of valid observations: 374
Number of missing observations: 0 
-2*LogLikelihood: 518.474 (Residual deviance on 373 degrees of freedom)
 
Coefficients:
            Estimate Std. Error z value Pr(>|z|)    
(Intercept)    2.000      0.103    19.3  2.2e-16 ***
---
Signif. codes:  0 '***' 0.001 '**' 0.01 '*' 0.05 '.' 0.1 ' ' 1

Condition number of final variance-covariance matrix: 1 
Number of iterations: 2
[1] "--------------------------------------------------------------------------------"
[1] "2022-02-26 23:11:47 --- rxGlm with rxStepControl Finish ---"
[1] "2022-02-26 23:11:47 --- rxStepPlot Start ---"
[1] "pdfFilename=pdf_analyze_glm_Gen02_Type35_rxStepPlot.pdf"
[1] "rxStepPlot="
[1] "2022-02-26 23:11:48 --- rxStepPlot Finish ---"
[1] "2022-02-26 23:11:48 --- save.image Start ---"
[1] "save.image"
[1] "rdataFilename=RData_analyze_glm_Gen02_Type35.RData"
[1] "2022-02-26 23:11:48 --- save.image Finish ---"
[1] "2022-02-26 23:11:48 --- final Start ---"
[1] "--------------------------------------------------------------------------------"
[1] "nrow(data) final=374"
[1] "--------------------------------------------------------------------------------"
[1] "2022-02-26 23:11:48 --- final Finish ---"
[1] "2022-02-26 23:11:48 --- analyze_glm.R Finished ---"
[1] "2022-02-26 23:11:48 --- log Finish ---"
