[1] "2022-02-26 23:11:48 --- D1115_analyze_glm_Horse_IsHitA_Type11 Start ---"
[1] "2022-02-26 23:11:48 --- Log Start ---"
[1] "2022-02-26 23:11:48 --- analyze_glm.R Start ---"
[1] "analyzeVersion=D1115"
[1] "analyzeCategory=analyze"
[1] "analyzeType=Horse"
[1] "analyzeFamily=IsHitA"
[1] "analyzeFunc=glm"
[1] "analyzeTrackTypeCd=1"
[1] "analyzeJyokenCd=1"
[1] "2022-02-26 23:11:48 --- source_function.R Start ---"
[1] "2022-02-26 23:11:48 --- source_function.R Finished ---"

> print(paste0(Sys.time(), " --- source_library.R Start ---"))
[1] "2022-02-26 23:11:48 --- source_library.R Start ---"

> require("RevoScaleR")

> print(paste0(Sys.time(), " --- source_library.R Finished ---"))
[1] "2022-02-26 23:11:53 --- source_library.R Finished ---"
[1] "2022-02-26 23:11:53 --- RxSqlServerData Start ---"
[1] "2022-02-26 23:11:53 --- RxInSqlServer Start ---"
[1] "2022-02-26 23:11:54 --- RxInSqlServer Finish ---"
[1] "2022-02-26 23:11:54 --- rxSetComputeContext Start ---"
[1] "2022-02-26 23:11:54 --- rxSetComputeContext Finish ---"
[1] "2022-02-26 23:11:54 --- RxSqlServerData Start ---"
[1] "sqlQuery=SELECT * FROM ViewAnalyzeD1115analyze01HorseType11"
[1] "2022-02-26 23:11:54 --- RxSqlServerData Finish ---"
[1] "2022-02-26 23:11:54 --- rxGetVarInfo Start ---"
[1] "2022-02-26 23:11:54 --- rxGetVarInfo Finish---"
[1] "2022-02-26 23:11:54 --- rxImport Start ---"
Rows Read: 926, Total Rows Processed: 926, Total Chunk Time: 371.824 seconds 
[1] "2022-02-26 23:27:46 --- rxImport Finish ---"
[1] "object.size(data) auto=520.4 Kb"
[1] "--------------------------------------------------------------------------------"
[1] "nrow(data) RxSqlServerData=926"
[1] "--------------------------------------------------------------------------------"
[1] "str(data)="
'data.frame':	926 obs. of  44 variables:
 $ Race.RaceId                      : Factor w/ 925 levels "20160410-03-01-02-11",..: 11 12 13 14 15 16 17 18 19 20 ...
 $ Race.IsAnalyzeNormalPastAndFuture: logi  TRUE TRUE TRUE TRUE TRUE TRUE ...
 $ Race.IsAnalyzeNormalPast         : logi  TRUE TRUE TRUE TRUE TRUE TRUE ...
 $ Race.IsAnalyzeNormalFuture       : logi  FALSE FALSE FALSE FALSE FALSE FALSE ...
 $ Race.IsAnalyzeFullPastAndFuture  : logi  TRUE TRUE TRUE TRUE TRUE TRUE ...
 $ Race.IsAnalyzeFullPast           : logi  TRUE TRUE TRUE TRUE TRUE TRUE ...
 $ Race.IsAnalyzeFullFuture         : logi  FALSE FALSE FALSE FALSE FALSE FALSE ...
 $ Race.JyokenCd                    : Factor w/ 1 level "1": 1 1 1 1 1 1 1 1 1 1 ...
 $ Race.JyoType1Cd                  : Factor w/ 141 levels "1-03-2000-1-1",..: 10 11 12 13 14 15 16 4 17 18 ...
 $ Race.RaceType1Cd                 : Factor w/ 16 levels "1-1-E-2","1-1-E-1",..: 6 3 6 2 2 7 4 8 2 4 ...
 $ RaceHorse.RaceId                 : Factor w/ 925 levels "20160410-03-01-02-11",..: 11 12 13 14 15 16 17 18 19 20 ...
 $ RaceHorse.KettoNum               : Factor w/ 549 levels "2010100035","2010100690",..: 11 12 13 14 15 16 17 18 19 20 ...
 $ RaceHorse.IsHit1                 : num  1 1 1 1 1 1 1 1 1 1 ...
 $ RaceHorse.IsHit2                 : num  0 0 0 0 0 0 0 0 0 0 ...
 $ RaceHorse.IsHit3                 : num  0 0 0 0 0 0 0 0 0 0 ...
 $ RaceHorse.IsHit4                 : num  0 0 0 0 0 0 0 0 0 0 ...
 $ RaceHorse.IsHit5                 : num  0 0 0 0 0 0 0 0 0 0 ...
 $ RaceHorse.IsHit6                 : num  0 0 0 0 0 0 0 0 0 0 ...
 $ RaceHorse.IsValidRaceHorse       : logi  TRUE TRUE TRUE TRUE TRUE TRUE ...
 $ RaceHorse.TimeSdvByRace          : num  1.771 0.571 1.188 1.286 1.027 ...
 $ RaceHorse.TimeSdv                : num  1.446 0.89 1.825 0.843 0.896 ...
 $ RaceHorse.IsHitA                 : num  1 1 1 1 1 1 1 1 1 1 ...
 $ RaceHorse.IsHitB                 : num  1 1 1 1 1 1 1 1 1 1 ...
 $ RaceHorse.IsHitC                 : num  1 1 1 1 1 1 1 1 1 1 ...
 $ Horse.KettoNum                   : Factor w/ 549 levels "2010100035","2010100690",..: 11 12 13 14 15 16 17 18 19 20 ...
 $ Horse.TimeSdvByRaceAvg           : num  1.583 0.589 1.235 0.6 0.921 ...
 $ Horse.TimeSdvByRaceMin           : num  0.541 -1.196 0.552 -0.938 0 ...
 $ Horse.TimeSdvByRaceMax           : num  2.28 1.89 2.4 1.7 2.09 ...
 $ Horse.TimeSdvAvg                 : num  1.52 0.211 0.801 0.24 0.819 ...
 $ Horse.TimeSdvMin                 : num  1.0288 -1.7539 -0.7844 -0.8835 0.0144 ...
 $ Horse.TimeSdvMax                 : num  2.44 1.92 2.2 1.86 1.54 ...
 $ Horse.OrderOfFinishSdvAvg        : num  1.398 0.606 1.133 0.649 0.899 ...
 $ Horse.RunCount                   : num  11 21 17 27 13 15 15 36 17 25 ...
 $ Horse.HitCount1                  : num  7 4 5 5 2 8 4 4 6 5 ...
 $ Horse.HitCount2                  : num  2 3 4 2 4 2 3 8 3 4 ...
 $ Horse.HitCount3                  : num  1 3 3 5 0 1 1 5 3 4 ...
 $ Horse.HitCount4                  : num  0 3 2 4 2 2 1 1 1 1 ...
 $ Horse.HitCount5                  : num  1 0 1 1 1 0 2 5 0 4 ...
 $ Horse.HitRate1                   : num  0.636 0.19 0.294 0.185 0.154 ...
 $ Horse.HitRate2                   : num  0.1818 0.1429 0.2353 0.0741 0.3077 ...
 $ Horse.HitRate3                   : num  0.0909 0.1429 0.1765 0.1852 0 ...
 $ Horse.HitRate4                   : num  0 0.143 0.118 0.148 0.154 ...
 $ Horse.HitRate5                   : num  0.0909 0 0.0588 0.037 0.0769 ...
 $ EOF                              : int  1 1 1 1 1 1 1 1 1 1 ...
[1] "2022-02-26 23:27:46 --- RxSqlServerData Finish ---"
[1] "2022-02-26 23:27:46 --- subset Start ---"
[1] "--------------------------------------------------------------------------------"
[1] "nrow(data) subset before=926"
[1] "nrow(data) subset after =926"
[1] "nrow(data) subset diff =0"
[1] "--------------------------------------------------------------------------------"
[1] "2022-02-26 23:27:46 --- subset Finish---"
[1] "2022-02-26 23:27:46 --- transform Start ---"
[1] "--------------------------------------------------------------------------------"
[1] "nrow(data) transform before=926"
[1] "nrow(data) transform after=926"
[1] "nrow(data) transform diff=0"
[1] "--------------------------------------------------------------------------------"
[1] "str(data)="
'data.frame':	926 obs. of  44 variables:
 $ Race.RaceId                      : Factor w/ 925 levels "20160410-03-01-02-11",..: 11 12 13 14 15 16 17 18 19 20 ...
 $ Race.IsAnalyzeNormalPastAndFuture: logi  TRUE TRUE TRUE TRUE TRUE TRUE ...
 $ Race.IsAnalyzeNormalPast         : logi  TRUE TRUE TRUE TRUE TRUE TRUE ...
 $ Race.IsAnalyzeNormalFuture       : logi  FALSE FALSE FALSE FALSE FALSE FALSE ...
 $ Race.IsAnalyzeFullPastAndFuture  : logi  TRUE TRUE TRUE TRUE TRUE TRUE ...
 $ Race.IsAnalyzeFullPast           : logi  TRUE TRUE TRUE TRUE TRUE TRUE ...
 $ Race.IsAnalyzeFullFuture         : logi  FALSE FALSE FALSE FALSE FALSE FALSE ...
 $ Race.JyokenCd                    : Factor w/ 1 level "1": 1 1 1 1 1 1 1 1 1 1 ...
 $ Race.JyoType1Cd                  : Factor w/ 141 levels "1-03-2000-1-1",..: 10 11 12 13 14 15 16 4 17 18 ...
 $ Race.RaceType1Cd                 : Factor w/ 16 levels "1-1-E-2","1-1-E-1",..: 6 3 6 2 2 7 4 8 2 4 ...
 $ RaceHorse.RaceId                 : Factor w/ 925 levels "20160410-03-01-02-11",..: 11 12 13 14 15 16 17 18 19 20 ...
 $ RaceHorse.KettoNum               : Factor w/ 549 levels "2010100035","2010100690",..: 11 12 13 14 15 16 17 18 19 20 ...
 $ RaceHorse.IsHit1                 : num  1 1 1 1 1 1 1 1 1 1 ...
 $ RaceHorse.IsHit2                 : num  0 0 0 0 0 0 0 0 0 0 ...
 $ RaceHorse.IsHit3                 : num  0 0 0 0 0 0 0 0 0 0 ...
 $ RaceHorse.IsHit4                 : num  0 0 0 0 0 0 0 0 0 0 ...
 $ RaceHorse.IsHit5                 : num  0 0 0 0 0 0 0 0 0 0 ...
 $ RaceHorse.IsHit6                 : num  0 0 0 0 0 0 0 0 0 0 ...
 $ RaceHorse.IsValidRaceHorse       : logi  TRUE TRUE TRUE TRUE TRUE TRUE ...
 $ RaceHorse.TimeSdvByRace          : num  1.771 0.571 1.188 1.286 1.027 ...
 $ RaceHorse.TimeSdv                : num  1.446 0.89 1.825 0.843 0.896 ...
 $ RaceHorse.IsHitA                 : num  1 1 1 1 1 1 1 1 1 1 ...
 $ RaceHorse.IsHitB                 : num  1 1 1 1 1 1 1 1 1 1 ...
 $ RaceHorse.IsHitC                 : num  1 1 1 1 1 1 1 1 1 1 ...
 $ Horse.KettoNum                   : Factor w/ 549 levels "2010100035","2010100690",..: 11 12 13 14 15 16 17 18 19 20 ...
 $ Horse.TimeSdvByRaceAvg           : num  1.583 0.589 1.235 0.6 0.921 ...
 $ Horse.TimeSdvByRaceMin           : num  0.541 -1.196 0.552 -0.938 0 ...
 $ Horse.TimeSdvByRaceMax           : num  2.28 1.89 2.4 1.7 2.09 ...
 $ Horse.TimeSdvAvg                 : num  1.52 0.211 0.801 0.24 0.819 ...
 $ Horse.TimeSdvMin                 : num  1.0288 -1.7539 -0.7844 -0.8835 0.0144 ...
 $ Horse.TimeSdvMax                 : num  2.44 1.92 2.2 1.86 1.54 ...
 $ Horse.OrderOfFinishSdvAvg        : num  1.398 0.606 1.133 0.649 0.899 ...
 $ Horse.RunCount                   : num  11 21 17 27 13 15 15 36 17 25 ...
 $ Horse.HitCount1                  : num  7 4 5 5 2 8 4 4 6 5 ...
 $ Horse.HitCount2                  : num  2 3 4 2 4 2 3 8 3 4 ...
 $ Horse.HitCount3                  : num  1 3 3 5 0 1 1 5 3 4 ...
 $ Horse.HitCount4                  : num  0 3 2 4 2 2 1 1 1 1 ...
 $ Horse.HitCount5                  : num  1 0 1 1 1 0 2 5 0 4 ...
 $ Horse.HitRate1                   : num  0.636 0.19 0.294 0.185 0.154 ...
 $ Horse.HitRate2                   : num  0.1818 0.1429 0.2353 0.0741 0.3077 ...
 $ Horse.HitRate3                   : num  0.0909 0.1429 0.1765 0.1852 0 ...
 $ Horse.HitRate4                   : num  0 0.143 0.118 0.148 0.154 ...
 $ Horse.HitRate5                   : num  0.0909 0 0.0588 0.037 0.0769 ...
 $ EOF                              : int  1 1 1 1 1 1 1 1 1 1 ...
NULL
[1] "2022-02-26 23:27:46 --- transform Finish ---"
[1] "2022-02-26 23:27:46 --- na.omit Start ---"
[1] "--------------------------------------------------------------------------------"
[1] "nrow(data) na.omit before=926"
[1] "nrow(data) na.omit after =926"
[1] "nrow(data) na.omit diff =0"
[1] "--------------------------------------------------------------------------------"
'data.frame':	926 obs. of  44 variables:
 $ Race.RaceId                      : Factor w/ 925 levels "20160410-03-01-02-11",..: 11 12 13 14 15 16 17 18 19 20 ...
 $ Race.IsAnalyzeNormalPastAndFuture: logi  TRUE TRUE TRUE TRUE TRUE TRUE ...
 $ Race.IsAnalyzeNormalPast         : logi  TRUE TRUE TRUE TRUE TRUE TRUE ...
 $ Race.IsAnalyzeNormalFuture       : logi  FALSE FALSE FALSE FALSE FALSE FALSE ...
 $ Race.IsAnalyzeFullPastAndFuture  : logi  TRUE TRUE TRUE TRUE TRUE TRUE ...
 $ Race.IsAnalyzeFullPast           : logi  TRUE TRUE TRUE TRUE TRUE TRUE ...
 $ Race.IsAnalyzeFullFuture         : logi  FALSE FALSE FALSE FALSE FALSE FALSE ...
 $ Race.JyokenCd                    : Factor w/ 1 level "1": 1 1 1 1 1 1 1 1 1 1 ...
 $ Race.JyoType1Cd                  : Factor w/ 141 levels "1-03-2000-1-1",..: 10 11 12 13 14 15 16 4 17 18 ...
 $ Race.RaceType1Cd                 : Factor w/ 16 levels "1-1-E-2","1-1-E-1",..: 6 3 6 2 2 7 4 8 2 4 ...
 $ RaceHorse.RaceId                 : Factor w/ 925 levels "20160410-03-01-02-11",..: 11 12 13 14 15 16 17 18 19 20 ...
 $ RaceHorse.KettoNum               : Factor w/ 549 levels "2010100035","2010100690",..: 11 12 13 14 15 16 17 18 19 20 ...
 $ RaceHorse.IsHit1                 : num  1 1 1 1 1 1 1 1 1 1 ...
 $ RaceHorse.IsHit2                 : num  0 0 0 0 0 0 0 0 0 0 ...
 $ RaceHorse.IsHit3                 : num  0 0 0 0 0 0 0 0 0 0 ...
 $ RaceHorse.IsHit4                 : num  0 0 0 0 0 0 0 0 0 0 ...
 $ RaceHorse.IsHit5                 : num  0 0 0 0 0 0 0 0 0 0 ...
 $ RaceHorse.IsHit6                 : num  0 0 0 0 0 0 0 0 0 0 ...
 $ RaceHorse.IsValidRaceHorse       : logi  TRUE TRUE TRUE TRUE TRUE TRUE ...
 $ RaceHorse.TimeSdvByRace          : num  1.771 0.571 1.188 1.286 1.027 ...
 $ RaceHorse.TimeSdv                : num  1.446 0.89 1.825 0.843 0.896 ...
 $ RaceHorse.IsHitA                 : num  1 1 1 1 1 1 1 1 1 1 ...
 $ RaceHorse.IsHitB                 : num  1 1 1 1 1 1 1 1 1 1 ...
 $ RaceHorse.IsHitC                 : num  1 1 1 1 1 1 1 1 1 1 ...
 $ Horse.KettoNum                   : Factor w/ 549 levels "2010100035","2010100690",..: 11 12 13 14 15 16 17 18 19 20 ...
 $ Horse.TimeSdvByRaceAvg           : num  1.583 0.589 1.235 0.6 0.921 ...
 $ Horse.TimeSdvByRaceMin           : num  0.541 -1.196 0.552 -0.938 0 ...
 $ Horse.TimeSdvByRaceMax           : num  2.28 1.89 2.4 1.7 2.09 ...
 $ Horse.TimeSdvAvg                 : num  1.52 0.211 0.801 0.24 0.819 ...
 $ Horse.TimeSdvMin                 : num  1.0288 -1.7539 -0.7844 -0.8835 0.0144 ...
 $ Horse.TimeSdvMax                 : num  2.44 1.92 2.2 1.86 1.54 ...
 $ Horse.OrderOfFinishSdvAvg        : num  1.398 0.606 1.133 0.649 0.899 ...
 $ Horse.RunCount                   : num  11 21 17 27 13 15 15 36 17 25 ...
 $ Horse.HitCount1                  : num  7 4 5 5 2 8 4 4 6 5 ...
 $ Horse.HitCount2                  : num  2 3 4 2 4 2 3 8 3 4 ...
 $ Horse.HitCount3                  : num  1 3 3 5 0 1 1 5 3 4 ...
 $ Horse.HitCount4                  : num  0 3 2 4 2 2 1 1 1 1 ...
 $ Horse.HitCount5                  : num  1 0 1 1 1 0 2 5 0 4 ...
 $ Horse.HitRate1                   : num  0.636 0.19 0.294 0.185 0.154 ...
 $ Horse.HitRate2                   : num  0.1818 0.1429 0.2353 0.0741 0.3077 ...
 $ Horse.HitRate3                   : num  0.0909 0.1429 0.1765 0.1852 0 ...
 $ Horse.HitRate4                   : num  0 0.143 0.118 0.148 0.154 ...
 $ Horse.HitRate5                   : num  0.0909 0 0.0588 0.037 0.0769 ...
 $ EOF                              : int  1 1 1 1 1 1 1 1 1 1 ...
[1] "2022-02-26 23:27:46 --- na.omit Finish ---"
[1] "2022-02-26 23:27:46 --- rxGlm with rxStepControl Start ---"

> print(paste0(Sys.time(), " --- source_logic_glm.R Start ---"))
[1] "2022-02-26 23:27:46 --- source_logic_glm.R Start ---"

> formula <- formula(RaceHorse.IsHitA ~ +1 + Horse.TimeSdvByRaceAvg)

> print(paste0(Sys.time(), " --- source_logic_glm.R Finished ---"))
[1] "2022-02-26 23:27:46 --- source_logic_glm.R Finished ---"
Rows Read: 926, Total Rows Processed: 926, Total Chunk Time: Less than .001 seconds 

Starting values (iteration 1) time: 0.008 secs.
Rows Read: 926, Total Rows Processed: 926, Total Chunk Time: Less than .001 seconds 

Iteration 2 time: 0.005 secs.

Elapsed computation time: 0.018 secs.
Rows Read: 926, Total Rows Processed: 926, Total Chunk Time: Less than .001 seconds 

Starting values (iteration 1) time: 0.005 secs.
Rows Read: 926, Total Rows Processed: 926, Total Chunk Time: Less than .001 seconds 

Iteration 2 time: 0.005 secs.

Elapsed computation time: 0.018 secs.
Rows Read: 926, Total Rows Processed: 926, Total Chunk Time: Less than .001 seconds 

Starting values (iteration 1) time: 0.006 secs.
Rows Read: 926, Total Rows Processed: 926, Total Chunk Time: Less than .001 seconds 

Iteration 2 time: 0.005 secs.

Elapsed computation time: 0.019 secs.
Rows Read: 926, Total Rows Processed: 926, Total Chunk Time: Less than .001 seconds 

Starting values (iteration 1) time: 0.004 secs.
Rows Read: 926, Total Rows Processed: 926, Total Chunk Time: Less than .001 seconds 

Iteration 2 time: 0.004 secs.

Elapsed computation time: 0.018 secs.

Elapsed computation time: 0.092 secs.
[1] "--------------------------------------------------------------------------------"
[1] "analyze.results.glm.step="
Logistic Regression Results for: RaceHorse.IsHitA ~ 1
Data: data
Dependent variable(s): RaceHorse.IsHitA
Total independent variables: 1 
Number of valid observations: 926
Number of missing observations: 0 
 
Coefficients:
            RaceHorse.IsHitA
(Intercept)                2
[1] "analyze.results.glm.step.summary"
Call:
rxLogit(formula = formula, data = data, variableSelection = analyze.results.glm.step.varsel)

Logistic Regression Results for: RaceHorse.IsHitA ~ 1
Data: data
Dependent variable(s): RaceHorse.IsHitA
Total independent variables: 1 
Number of valid observations: 926
Number of missing observations: 0 
-2*LogLikelihood: 1283.709 (Residual deviance on 925 degrees of freedom)
 
Coefficients:
            Estimate Std. Error z value Pr(>|z|)    
(Intercept)   2.0000     0.0657    30.4  2.2e-16 ***
---
Signif. codes:  0 '***' 0.001 '**' 0.01 '*' 0.05 '.' 0.1 ' ' 1

Condition number of final variance-covariance matrix: 1 
Number of iterations: 2
[1] "--------------------------------------------------------------------------------"
[1] "2022-02-26 23:27:47 --- rxGlm with rxStepControl Finish ---"
[1] "2022-02-26 23:27:47 --- rxStepPlot Start ---"
[1] "pdfFilename=pdf_analyze_glm_Horse_Type11_rxStepPlot.pdf"
[1] "rxStepPlot="
[1] "2022-02-26 23:27:47 --- rxStepPlot Finish ---"
[1] "2022-02-26 23:27:47 --- save.image Start ---"
[1] "save.image"
[1] "rdataFilename=RData_analyze_glm_Horse_Type11.RData"
[1] "2022-02-26 23:27:47 --- save.image Finish ---"
[1] "2022-02-26 23:27:47 --- final Start ---"
[1] "--------------------------------------------------------------------------------"
[1] "nrow(data) final=926"
[1] "--------------------------------------------------------------------------------"
[1] "2022-02-26 23:27:47 --- final Finish ---"
[1] "2022-02-26 23:27:47 --- analyze_glm.R Finished ---"
[1] "2022-02-26 23:27:47 --- log Finish ---"
