[1] "2022-02-26 23:10:39 --- D1115_analyze_glm_Gen01_IsHitA_Type21 Start ---"
[1] "2022-02-26 23:10:39 --- Log Start ---"
[1] "2022-02-26 23:10:39 --- analyze_glm.R Start ---"
[1] "analyzeVersion=D1115"
[1] "analyzeCategory=analyze"
[1] "analyzeType=Gen01"
[1] "analyzeFamily=IsHitA"
[1] "analyzeFunc=glm"
[1] "analyzeTrackTypeCd=2"
[1] "analyzeJyokenCd=1"
[1] "2022-02-26 23:10:39 --- source_function.R Start ---"
[1] "2022-02-26 23:10:39 --- source_function.R Finished ---"

> print(paste0(Sys.time(), " --- source_library.R Start ---"))
[1] "2022-02-26 23:10:39 --- source_library.R Start ---"

> require("RevoScaleR")

> print(paste0(Sys.time(), " --- source_library.R Finished ---"))
[1] "2022-02-26 23:10:39 --- source_library.R Finished ---"
[1] "2022-02-26 23:10:39 --- RxSqlServerData Start ---"
[1] "2022-02-26 23:10:39 --- RxInSqlServer Start ---"
[1] "2022-02-26 23:10:39 --- RxInSqlServer Finish ---"
[1] "2022-02-26 23:10:39 --- rxSetComputeContext Start ---"
[1] "2022-02-26 23:10:39 --- rxSetComputeContext Finish ---"
[1] "2022-02-26 23:10:39 --- RxSqlServerData Start ---"
[1] "sqlQuery=SELECT * FROM ViewAnalyzeD1115analyze01Gen01Type21"
[1] "2022-02-26 23:10:39 --- RxSqlServerData Finish ---"
[1] "2022-02-26 23:10:39 --- rxGetVarInfo Start ---"
[1] "2022-02-26 23:10:40 --- rxGetVarInfo Finish---"
[1] "2022-02-26 23:10:40 --- rxImport Start ---"
Rows Read: 258, Total Rows Processed: 258, Total Chunk Time: 3.401 seconds 
[1] "2022-02-26 23:10:46 --- rxImport Finish ---"
[1] "object.size(data) auto=149.6 Kb"
[1] "--------------------------------------------------------------------------------"
[1] "nrow(data) RxSqlServerData=258"
[1] "--------------------------------------------------------------------------------"
[1] "str(data)="
'data.frame':	258 obs. of  44 variables:
 $ Race.RaceId                      : Factor w/ 258 levels "20161127-08-05-08-11",..: 11 12 13 14 15 16 17 18 19 20 ...
 $ Race.IsAnalyzeNormalPastAndFuture: logi  TRUE TRUE TRUE TRUE TRUE TRUE ...
 $ Race.IsAnalyzeNormalPast         : logi  TRUE TRUE TRUE TRUE TRUE TRUE ...
 $ Race.IsAnalyzeNormalFuture       : logi  FALSE FALSE FALSE FALSE FALSE FALSE ...
 $ Race.IsAnalyzeFullPastAndFuture  : logi  TRUE TRUE TRUE TRUE TRUE TRUE ...
 $ Race.IsAnalyzeFullPast           : logi  TRUE TRUE TRUE TRUE TRUE TRUE ...
 $ Race.IsAnalyzeFullFuture         : logi  FALSE FALSE FALSE FALSE FALSE FALSE ...
 $ Race.JyokenCd                    : Factor w/ 1 level "1": 1 1 1 1 1 1 1 1 1 1 ...
 $ Race.JyoType1Cd                  : Factor w/ 59 levels "2-08-1200-1-4",..: 8 10 10 11 9 12 11 13 14 4 ...
 $ Race.RaceType1Cd                 : Factor w/ 9 levels "2-1-E-1","2-1-C-1",..: 1 4 3 1 1 1 1 3 4 4 ...
 $ RaceHorse.RaceId                 : Factor w/ 258 levels "20161127-08-05-08-11",..: 11 12 13 14 15 16 17 18 19 20 ...
 $ RaceHorse.KettoNum               : Factor w/ 174 levels "2012105131","2012106056",..: 11 12 13 14 4 7 15 16 17 18 ...
 $ RaceHorse.IsHit1                 : num  1 1 1 1 1 1 1 1 1 1 ...
 $ RaceHorse.IsHit2                 : num  0 0 0 0 0 0 0 0 0 0 ...
 $ RaceHorse.IsHit3                 : num  0 0 0 0 0 0 0 0 0 0 ...
 $ RaceHorse.IsHit4                 : num  0 0 0 0 0 0 0 0 0 0 ...
 $ RaceHorse.IsHit5                 : num  0 0 0 0 0 0 0 0 0 0 ...
 $ RaceHorse.IsHit6                 : num  0 0 0 0 0 0 0 0 0 0 ...
 $ RaceHorse.IsValidRaceHorse       : logi  TRUE TRUE TRUE TRUE TRUE TRUE ...
 $ RaceHorse.TimeSdvByRace          : num  1.74 1.33 1.69 1.85 1.44 ...
 $ RaceHorse.TimeSdv                : num  1.012 0.301 1.431 1.359 0.808 ...
 $ RaceHorse.IsHitA                 : num  1 1 1 1 1 1 1 1 1 1 ...
 $ RaceHorse.IsHitB                 : num  1 1 1 1 1 1 1 1 1 1 ...
 $ RaceHorse.IsHitC                 : num  1 1 1 1 1 1 1 1 1 1 ...
 $ Gen01.HansyokuNum                : Factor w/ 77 levels "11202208","11202024",..: 10 3 11 12 4 2 13 14 8 15 ...
 $ Gen01.TimeSdvByRaceAvg           : num  1.66 0.31 -0.247 0.392 0.317 ...
 $ Gen01.TimeSdvByRaceMin           : num  1.6596 -1.1111 -1.8677 -2.4293 -0.0712 ...
 $ Gen01.TimeSdvByRaceMax           : num  1.66 1.199 1.497 2.466 0.781 ...
 $ Gen01.TimeSdvAvg                 : num  1.2915 0.3837 0.0424 0.279 0.3491 ...
 $ Gen01.TimeSdvMin                 : num  1.29 -1.03 -2.03 -1.58 -0.25 ...
 $ Gen01.TimeSdvMax                 : num  1.291 1.523 1.384 1.434 0.825 ...
 $ Gen01.OrderOfFinishSdvAvg        : num  1.587 0.456 -0.259 0.277 0.066 ...
 $ Gen01.RunCount                   : num  1 14 12 32 4 21 42 2 3 11 ...
 $ Gen01.HitCount1                  : num  1 2 0 5 0 2 3 0 1 0 ...
 $ Gen01.HitCount2                  : num  0 0 2 2 0 3 1 0 0 2 ...
 $ Gen01.HitCount3                  : num  0 3 0 2 0 7 5 1 0 1 ...
 $ Gen01.HitCount4                  : num  0 1 1 2 1 1 4 0 1 0 ...
 $ Gen01.HitCount5                  : num  0 1 1 1 0 0 3 0 0 2 ...
 $ Gen01.HitRate1                   : num  1 0.143 0 0.156 0 ...
 $ Gen01.HitRate2                   : num  0 0 0.1667 0.0625 0 ...
 $ Gen01.HitRate3                   : num  0 0.2143 0 0.0625 0 ...
 $ Gen01.HitRate4                   : num  0 0.0714 0.0833 0.0625 0.25 ...
 $ Gen01.HitRate5                   : num  0 0.0714 0.0833 0.0312 0 ...
 $ EOF                              : int  1 1 1 1 1 1 1 1 1 1 ...
[1] "2022-02-26 23:10:47 --- RxSqlServerData Finish ---"
[1] "2022-02-26 23:10:47 --- subset Start ---"
[1] "--------------------------------------------------------------------------------"
[1] "nrow(data) subset before=258"
[1] "nrow(data) subset after =258"
[1] "nrow(data) subset diff =0"
[1] "--------------------------------------------------------------------------------"
[1] "2022-02-26 23:10:47 --- subset Finish---"
[1] "2022-02-26 23:10:47 --- transform Start ---"
[1] "--------------------------------------------------------------------------------"
[1] "nrow(data) transform before=258"
[1] "nrow(data) transform after=258"
[1] "nrow(data) transform diff=0"
[1] "--------------------------------------------------------------------------------"
[1] "str(data)="
'data.frame':	258 obs. of  44 variables:
 $ Race.RaceId                      : Factor w/ 258 levels "20161127-08-05-08-11",..: 11 12 13 14 15 16 17 18 19 20 ...
 $ Race.IsAnalyzeNormalPastAndFuture: logi  TRUE TRUE TRUE TRUE TRUE TRUE ...
 $ Race.IsAnalyzeNormalPast         : logi  TRUE TRUE TRUE TRUE TRUE TRUE ...
 $ Race.IsAnalyzeNormalFuture       : logi  FALSE FALSE FALSE FALSE FALSE FALSE ...
 $ Race.IsAnalyzeFullPastAndFuture  : logi  TRUE TRUE TRUE TRUE TRUE TRUE ...
 $ Race.IsAnalyzeFullPast           : logi  TRUE TRUE TRUE TRUE TRUE TRUE ...
 $ Race.IsAnalyzeFullFuture         : logi  FALSE FALSE FALSE FALSE FALSE FALSE ...
 $ Race.JyokenCd                    : Factor w/ 1 level "1": 1 1 1 1 1 1 1 1 1 1 ...
 $ Race.JyoType1Cd                  : Factor w/ 59 levels "2-08-1200-1-4",..: 8 10 10 11 9 12 11 13 14 4 ...
 $ Race.RaceType1Cd                 : Factor w/ 9 levels "2-1-E-1","2-1-C-1",..: 1 4 3 1 1 1 1 3 4 4 ...
 $ RaceHorse.RaceId                 : Factor w/ 258 levels "20161127-08-05-08-11",..: 11 12 13 14 15 16 17 18 19 20 ...
 $ RaceHorse.KettoNum               : Factor w/ 174 levels "2012105131","2012106056",..: 11 12 13 14 4 7 15 16 17 18 ...
 $ RaceHorse.IsHit1                 : num  1 1 1 1 1 1 1 1 1 1 ...
 $ RaceHorse.IsHit2                 : num  0 0 0 0 0 0 0 0 0 0 ...
 $ RaceHorse.IsHit3                 : num  0 0 0 0 0 0 0 0 0 0 ...
 $ RaceHorse.IsHit4                 : num  0 0 0 0 0 0 0 0 0 0 ...
 $ RaceHorse.IsHit5                 : num  0 0 0 0 0 0 0 0 0 0 ...
 $ RaceHorse.IsHit6                 : num  0 0 0 0 0 0 0 0 0 0 ...
 $ RaceHorse.IsValidRaceHorse       : logi  TRUE TRUE TRUE TRUE TRUE TRUE ...
 $ RaceHorse.TimeSdvByRace          : num  1.74 1.33 1.69 1.85 1.44 ...
 $ RaceHorse.TimeSdv                : num  1.012 0.301 1.431 1.359 0.808 ...
 $ RaceHorse.IsHitA                 : num  1 1 1 1 1 1 1 1 1 1 ...
 $ RaceHorse.IsHitB                 : num  1 1 1 1 1 1 1 1 1 1 ...
 $ RaceHorse.IsHitC                 : num  1 1 1 1 1 1 1 1 1 1 ...
 $ Gen01.HansyokuNum                : Factor w/ 77 levels "11202208","11202024",..: 10 3 11 12 4 2 13 14 8 15 ...
 $ Gen01.TimeSdvByRaceAvg           : num  1.66 0.31 -0.247 0.392 0.317 ...
 $ Gen01.TimeSdvByRaceMin           : num  1.6596 -1.1111 -1.8677 -2.4293 -0.0712 ...
 $ Gen01.TimeSdvByRaceMax           : num  1.66 1.199 1.497 2.466 0.781 ...
 $ Gen01.TimeSdvAvg                 : num  1.2915 0.3837 0.0424 0.279 0.3491 ...
 $ Gen01.TimeSdvMin                 : num  1.29 -1.03 -2.03 -1.58 -0.25 ...
 $ Gen01.TimeSdvMax                 : num  1.291 1.523 1.384 1.434 0.825 ...
 $ Gen01.OrderOfFinishSdvAvg        : num  1.587 0.456 -0.259 0.277 0.066 ...
 $ Gen01.RunCount                   : num  1 14 12 32 4 21 42 2 3 11 ...
 $ Gen01.HitCount1                  : num  1 2 0 5 0 2 3 0 1 0 ...
 $ Gen01.HitCount2                  : num  0 0 2 2 0 3 1 0 0 2 ...
 $ Gen01.HitCount3                  : num  0 3 0 2 0 7 5 1 0 1 ...
 $ Gen01.HitCount4                  : num  0 1 1 2 1 1 4 0 1 0 ...
 $ Gen01.HitCount5                  : num  0 1 1 1 0 0 3 0 0 2 ...
 $ Gen01.HitRate1                   : num  1 0.143 0 0.156 0 ...
 $ Gen01.HitRate2                   : num  0 0 0.1667 0.0625 0 ...
 $ Gen01.HitRate3                   : num  0 0.2143 0 0.0625 0 ...
 $ Gen01.HitRate4                   : num  0 0.0714 0.0833 0.0625 0.25 ...
 $ Gen01.HitRate5                   : num  0 0.0714 0.0833 0.0312 0 ...
 $ EOF                              : int  1 1 1 1 1 1 1 1 1 1 ...
NULL
[1] "2022-02-26 23:10:47 --- transform Finish ---"
[1] "2022-02-26 23:10:47 --- na.omit Start ---"
[1] "--------------------------------------------------------------------------------"
[1] "nrow(data) na.omit before=258"
[1] "nrow(data) na.omit after =258"
[1] "nrow(data) na.omit diff =0"
[1] "--------------------------------------------------------------------------------"
'data.frame':	258 obs. of  44 variables:
 $ Race.RaceId                      : Factor w/ 258 levels "20161127-08-05-08-11",..: 11 12 13 14 15 16 17 18 19 20 ...
 $ Race.IsAnalyzeNormalPastAndFuture: logi  TRUE TRUE TRUE TRUE TRUE TRUE ...
 $ Race.IsAnalyzeNormalPast         : logi  TRUE TRUE TRUE TRUE TRUE TRUE ...
 $ Race.IsAnalyzeNormalFuture       : logi  FALSE FALSE FALSE FALSE FALSE FALSE ...
 $ Race.IsAnalyzeFullPastAndFuture  : logi  TRUE TRUE TRUE TRUE TRUE TRUE ...
 $ Race.IsAnalyzeFullPast           : logi  TRUE TRUE TRUE TRUE TRUE TRUE ...
 $ Race.IsAnalyzeFullFuture         : logi  FALSE FALSE FALSE FALSE FALSE FALSE ...
 $ Race.JyokenCd                    : Factor w/ 1 level "1": 1 1 1 1 1 1 1 1 1 1 ...
 $ Race.JyoType1Cd                  : Factor w/ 59 levels "2-08-1200-1-4",..: 8 10 10 11 9 12 11 13 14 4 ...
 $ Race.RaceType1Cd                 : Factor w/ 9 levels "2-1-E-1","2-1-C-1",..: 1 4 3 1 1 1 1 3 4 4 ...
 $ RaceHorse.RaceId                 : Factor w/ 258 levels "20161127-08-05-08-11",..: 11 12 13 14 15 16 17 18 19 20 ...
 $ RaceHorse.KettoNum               : Factor w/ 174 levels "2012105131","2012106056",..: 11 12 13 14 4 7 15 16 17 18 ...
 $ RaceHorse.IsHit1                 : num  1 1 1 1 1 1 1 1 1 1 ...
 $ RaceHorse.IsHit2                 : num  0 0 0 0 0 0 0 0 0 0 ...
 $ RaceHorse.IsHit3                 : num  0 0 0 0 0 0 0 0 0 0 ...
 $ RaceHorse.IsHit4                 : num  0 0 0 0 0 0 0 0 0 0 ...
 $ RaceHorse.IsHit5                 : num  0 0 0 0 0 0 0 0 0 0 ...
 $ RaceHorse.IsHit6                 : num  0 0 0 0 0 0 0 0 0 0 ...
 $ RaceHorse.IsValidRaceHorse       : logi  TRUE TRUE TRUE TRUE TRUE TRUE ...
 $ RaceHorse.TimeSdvByRace          : num  1.74 1.33 1.69 1.85 1.44 ...
 $ RaceHorse.TimeSdv                : num  1.012 0.301 1.431 1.359 0.808 ...
 $ RaceHorse.IsHitA                 : num  1 1 1 1 1 1 1 1 1 1 ...
 $ RaceHorse.IsHitB                 : num  1 1 1 1 1 1 1 1 1 1 ...
 $ RaceHorse.IsHitC                 : num  1 1 1 1 1 1 1 1 1 1 ...
 $ Gen01.HansyokuNum                : Factor w/ 77 levels "11202208","11202024",..: 10 3 11 12 4 2 13 14 8 15 ...
 $ Gen01.TimeSdvByRaceAvg           : num  1.66 0.31 -0.247 0.392 0.317 ...
 $ Gen01.TimeSdvByRaceMin           : num  1.6596 -1.1111 -1.8677 -2.4293 -0.0712 ...
 $ Gen01.TimeSdvByRaceMax           : num  1.66 1.199 1.497 2.466 0.781 ...
 $ Gen01.TimeSdvAvg                 : num  1.2915 0.3837 0.0424 0.279 0.3491 ...
 $ Gen01.TimeSdvMin                 : num  1.29 -1.03 -2.03 -1.58 -0.25 ...
 $ Gen01.TimeSdvMax                 : num  1.291 1.523 1.384 1.434 0.825 ...
 $ Gen01.OrderOfFinishSdvAvg        : num  1.587 0.456 -0.259 0.277 0.066 ...
 $ Gen01.RunCount                   : num  1 14 12 32 4 21 42 2 3 11 ...
 $ Gen01.HitCount1                  : num  1 2 0 5 0 2 3 0 1 0 ...
 $ Gen01.HitCount2                  : num  0 0 2 2 0 3 1 0 0 2 ...
 $ Gen01.HitCount3                  : num  0 3 0 2 0 7 5 1 0 1 ...
 $ Gen01.HitCount4                  : num  0 1 1 2 1 1 4 0 1 0 ...
 $ Gen01.HitCount5                  : num  0 1 1 1 0 0 3 0 0 2 ...
 $ Gen01.HitRate1                   : num  1 0.143 0 0.156 0 ...
 $ Gen01.HitRate2                   : num  0 0 0.1667 0.0625 0 ...
 $ Gen01.HitRate3                   : num  0 0.2143 0 0.0625 0 ...
 $ Gen01.HitRate4                   : num  0 0.0714 0.0833 0.0625 0.25 ...
 $ Gen01.HitRate5                   : num  0 0.0714 0.0833 0.0312 0 ...
 $ EOF                              : int  1 1 1 1 1 1 1 1 1 1 ...
[1] "2022-02-26 23:10:48 --- na.omit Finish ---"
[1] "2022-02-26 23:10:48 --- rxGlm with rxStepControl Start ---"

> print(paste0(Sys.time(), " --- source_logic_glm.R Start ---"))
[1] "2022-02-26 23:10:48 --- source_logic_glm.R Start ---"

> formula <- formula(RaceHorse.IsHitA ~ +1 + Gen01.TimeSdvByRaceAvg)

> print(paste0(Sys.time(), " --- source_logic_glm.R Finished ---"))
[1] "2022-02-26 23:10:48 --- source_logic_glm.R Finished ---"
Rows Read: 258, Total Rows Processed: 258, Total Chunk Time: 0.001 seconds 

Starting values (iteration 1) time: 0.008 secs.
Rows Read: 258, Total Rows Processed: 258, Total Chunk Time: Less than .001 seconds 

Iteration 2 time: 0.009 secs.

Elapsed computation time: 0.026 secs.
Rows Read: 258, Total Rows Processed: 258, Total Chunk Time: Less than .001 seconds 

Starting values (iteration 1) time: 0.004 secs.
Rows Read: 258, Total Rows Processed: 258, Total Chunk Time: Less than .001 seconds 

Iteration 2 time: 0.007 secs.

Elapsed computation time: 0.025 secs.
Rows Read: 258, Total Rows Processed: 258, Total Chunk Time: 0.001 seconds 

Starting values (iteration 1) time: 0.005 secs.
Rows Read: 258, Total Rows Processed: 258, Total Chunk Time: Less than .001 seconds 

Iteration 2 time: 0.005 secs.

Elapsed computation time: 0.028 secs.
Rows Read: 258, Total Rows Processed: 258, Total Chunk Time: Less than .001 seconds 

Starting values (iteration 1) time: 0.005 secs.
Rows Read: 258, Total Rows Processed: 258, Total Chunk Time: Less than .001 seconds 

Iteration 2 time: 0.005 secs.

Elapsed computation time: 0.029 secs.

Elapsed computation time: 0.136 secs.
[1] "--------------------------------------------------------------------------------"
[1] "analyze.results.glm.step="
Logistic Regression Results for: RaceHorse.IsHitA ~ 1
Data: data
Dependent variable(s): RaceHorse.IsHitA
Total independent variables: 1 
Number of valid observations: 258
Number of missing observations: 0 
 
Coefficients:
            RaceHorse.IsHitA
(Intercept)                2
[1] "analyze.results.glm.step.summary"
Call:
rxLogit(formula = formula, data = data, variableSelection = analyze.results.glm.step.varsel)

Logistic Regression Results for: RaceHorse.IsHitA ~ 1
Data: data
Dependent variable(s): RaceHorse.IsHitA
Total independent variables: 1 
Number of valid observations: 258
Number of missing observations: 0 
-2*LogLikelihood: 357.664 (Residual deviance on 257 degrees of freedom)
 
Coefficients:
            Estimate Std. Error z value Pr(>|z|)    
(Intercept)    2.000      0.125    16.1  2.2e-16 ***
---
Signif. codes:  0 '***' 0.001 '**' 0.01 '*' 0.05 '.' 0.1 ' ' 1

Condition number of final variance-covariance matrix: 1 
Number of iterations: 2
[1] "--------------------------------------------------------------------------------"
[1] "2022-02-26 23:10:48 --- rxGlm with rxStepControl Finish ---"
[1] "2022-02-26 23:10:48 --- rxStepPlot Start ---"
[1] "pdfFilename=pdf_analyze_glm_Gen01_Type21_rxStepPlot.pdf"
[1] "rxStepPlot="
[1] "2022-02-26 23:10:48 --- rxStepPlot Finish ---"
[1] "2022-02-26 23:10:48 --- save.image Start ---"
[1] "save.image"
[1] "rdataFilename=RData_analyze_glm_Gen01_Type21.RData"
[1] "2022-02-26 23:10:48 --- save.image Finish ---"
[1] "2022-02-26 23:10:48 --- final Start ---"
[1] "--------------------------------------------------------------------------------"
[1] "nrow(data) final=258"
[1] "--------------------------------------------------------------------------------"
[1] "2022-02-26 23:10:48 --- final Finish ---"
[1] "2022-02-26 23:10:48 --- analyze_glm.R Finished ---"
[1] "2022-02-26 23:10:48 --- log Finish ---"
