[1] "2022-02-26 23:10:38 --- D1115_analyze_glm_Gen01_IsHitA_Type12 Start ---"
[1] "2022-02-26 23:10:38 --- Log Start ---"
[1] "2022-02-26 23:10:38 --- analyze_glm.R Start ---"
[1] "analyzeVersion=D1115"
[1] "analyzeCategory=analyze"
[1] "analyzeType=Gen01"
[1] "analyzeFamily=IsHitA"
[1] "analyzeFunc=glm"
[1] "analyzeTrackTypeCd=1"
[1] "analyzeJyokenCd=2"
[1] "2022-02-26 23:10:38 --- source_function.R Start ---"
[1] "2022-02-26 23:10:38 --- source_function.R Finished ---"

> print(paste0(Sys.time(), " --- source_library.R Start ---"))
[1] "2022-02-26 23:10:39 --- source_library.R Start ---"

> require("RevoScaleR")

> print(paste0(Sys.time(), " --- source_library.R Finished ---"))
[1] "2022-02-26 23:10:39 --- source_library.R Finished ---"
[1] "2022-02-26 23:10:39 --- RxSqlServerData Start ---"
[1] "2022-02-26 23:10:39 --- RxInSqlServer Start ---"
[1] "2022-02-26 23:10:39 --- RxInSqlServer Finish ---"
[1] "2022-02-26 23:10:39 --- rxSetComputeContext Start ---"
[1] "2022-02-26 23:10:39 --- rxSetComputeContext Finish ---"
[1] "2022-02-26 23:10:39 --- RxSqlServerData Start ---"
[1] "sqlQuery=SELECT * FROM ViewAnalyzeD1115analyze01Gen01Type12"
[1] "2022-02-26 23:10:39 --- RxSqlServerData Finish ---"
[1] "2022-02-26 23:10:39 --- rxGetVarInfo Start ---"
[1] "2022-02-26 23:10:39 --- rxGetVarInfo Finish---"
[1] "2022-02-26 23:10:39 --- rxImport Start ---"
Rows Read: 503, Total Rows Processed: 503, Total Chunk Time: 6.843 seconds 
[1] "2022-02-26 23:10:57 --- rxImport Finish ---"
[1] "object.size(data) auto=287.4 Kb"
[1] "--------------------------------------------------------------------------------"
[1] "nrow(data) RxSqlServerData=503"
[1] "--------------------------------------------------------------------------------"
[1] "str(data)="
'data.frame':	503 obs. of  44 variables:
 $ Race.RaceId                      : Factor w/ 503 levels "20160111-08-01-04-10",..: 11 12 13 14 15 16 17 18 19 20 ...
 $ Race.IsAnalyzeNormalPastAndFuture: logi  TRUE TRUE TRUE TRUE TRUE TRUE ...
 $ Race.IsAnalyzeNormalPast         : logi  TRUE TRUE TRUE TRUE TRUE TRUE ...
 $ Race.IsAnalyzeNormalFuture       : logi  FALSE FALSE FALSE FALSE FALSE FALSE ...
 $ Race.IsAnalyzeFullPastAndFuture  : logi  TRUE TRUE TRUE TRUE TRUE TRUE ...
 $ Race.IsAnalyzeFullPast           : logi  TRUE TRUE TRUE TRUE TRUE TRUE ...
 $ Race.IsAnalyzeFullFuture         : logi  FALSE FALSE FALSE FALSE FALSE FALSE ...
 $ Race.JyokenCd                    : Factor w/ 1 level "2": 1 1 1 1 1 1 1 1 1 1 ...
 $ Race.JyoType1Cd                  : Factor w/ 110 levels "1-08-1400-2-1",..: 11 12 13 14 15 16 17 7 2 10 ...
 $ Race.RaceType1Cd                 : Factor w/ 3 levels "1-2-E-1","1-2-E-2",..: 1 1 1 1 2 3 2 1 2 2 ...
 $ RaceHorse.RaceId                 : Factor w/ 503 levels "20160111-08-01-04-10",..: 11 12 13 14 15 16 17 18 19 20 ...
 $ RaceHorse.KettoNum               : Factor w/ 472 levels "2012100636","2011104957",..: 11 12 13 14 15 16 17 18 19 20 ...
 $ RaceHorse.IsHit1                 : num  1 1 1 1 1 1 1 1 1 1 ...
 $ RaceHorse.IsHit2                 : num  0 0 0 0 0 0 0 0 0 0 ...
 $ RaceHorse.IsHit3                 : num  0 0 0 0 0 0 0 0 0 0 ...
 $ RaceHorse.IsHit4                 : num  0 0 0 0 0 0 0 0 0 0 ...
 $ RaceHorse.IsHit5                 : num  0 0 0 0 0 0 0 0 0 0 ...
 $ RaceHorse.IsHit6                 : num  0 0 0 0 0 0 0 0 0 0 ...
 $ RaceHorse.IsValidRaceHorse       : logi  TRUE TRUE TRUE TRUE TRUE TRUE ...
 $ RaceHorse.TimeSdvByRace          : num  1.34 1.5 2.31 2.11 1.54 ...
 $ RaceHorse.TimeSdv                : num  1.069 1.321 1.027 -0.167 0.43 ...
 $ RaceHorse.IsHitA                 : num  1 1 1 1 1 1 1 1 1 1 ...
 $ RaceHorse.IsHitB                 : num  1 1 1 1 1 1 1 1 1 1 ...
 $ RaceHorse.IsHitC                 : num  1 1 1 1 1 1 1 1 1 1 ...
 $ Gen01.HansyokuNum                : Factor w/ 101 levels "11201614","11202179",..: 9 10 11 10 12 6 5 13 14 15 ...
 $ Gen01.TimeSdvByRaceAvg           : num  -0.0752 0.4434 -0.2227 0.3658 0.5574 ...
 $ Gen01.TimeSdvByRaceMin           : num  -2.6 -2.41 -2.91 -2.41 -1.68 ...
 $ Gen01.TimeSdvByRaceMax           : num  1.82 2.2 1.48 2.08 2.05 ...
 $ Gen01.TimeSdvAvg                 : num  0.075 0.33113 0.00101 0.22817 0.41434 ...
 $ Gen01.TimeSdvMin                 : num  -2.38 -1.93 -2.38 -1.93 -2.2 ...
 $ Gen01.TimeSdvMax                 : num  1.76 1.91 2.14 1.84 2.06 ...
 $ Gen01.OrderOfFinishSdvAvg        : num  -0.199 0.426 -0.218 0.33 0.456 ...
 $ Gen01.RunCount                   : num  124 106 73 130 31 18 109 173 26 3 ...
 $ Gen01.HitCount1                  : num  10 6 2 9 4 5 11 8 2 1 ...
 $ Gen01.HitCount2                  : num  8 21 4 21 4 2 10 8 4 1 ...
 $ Gen01.HitCount3                  : num  0 11 1 14 4 1 10 12 4 1 ...
 $ Gen01.HitCount4                  : num  9 13 7 11 7 0 5 12 3 0 ...
 $ Gen01.HitCount5                  : num  4 7 3 8 2 1 7 12 2 0 ...
 $ Gen01.HitRate1                   : num  0.0806 0.0566 0.0274 0.0692 0.129 ...
 $ Gen01.HitRate2                   : num  0.0645 0.1981 0.0548 0.1615 0.129 ...
 $ Gen01.HitRate3                   : num  0 0.1038 0.0137 0.1077 0.129 ...
 $ Gen01.HitRate4                   : num  0.0726 0.1226 0.0959 0.0846 0.2258 ...
 $ Gen01.HitRate5                   : num  0.0323 0.066 0.0411 0.0615 0.0645 ...
 $ EOF                              : int  1 1 1 1 1 1 1 1 1 1 ...
[1] "2022-02-26 23:11:00 --- RxSqlServerData Finish ---"
[1] "2022-02-26 23:11:00 --- subset Start ---"
[1] "--------------------------------------------------------------------------------"
[1] "nrow(data) subset before=503"
[1] "nrow(data) subset after =503"
[1] "nrow(data) subset diff =0"
[1] "--------------------------------------------------------------------------------"
[1] "2022-02-26 23:11:01 --- subset Finish---"
[1] "2022-02-26 23:11:01 --- transform Start ---"
[1] "--------------------------------------------------------------------------------"
[1] "nrow(data) transform before=503"
[1] "nrow(data) transform after=503"
[1] "nrow(data) transform diff=0"
[1] "--------------------------------------------------------------------------------"
[1] "str(data)="
'data.frame':	503 obs. of  44 variables:
 $ Race.RaceId                      : Factor w/ 503 levels "20160111-08-01-04-10",..: 11 12 13 14 15 16 17 18 19 20 ...
 $ Race.IsAnalyzeNormalPastAndFuture: logi  TRUE TRUE TRUE TRUE TRUE TRUE ...
 $ Race.IsAnalyzeNormalPast         : logi  TRUE TRUE TRUE TRUE TRUE TRUE ...
 $ Race.IsAnalyzeNormalFuture       : logi  FALSE FALSE FALSE FALSE FALSE FALSE ...
 $ Race.IsAnalyzeFullPastAndFuture  : logi  TRUE TRUE TRUE TRUE TRUE TRUE ...
 $ Race.IsAnalyzeFullPast           : logi  TRUE TRUE TRUE TRUE TRUE TRUE ...
 $ Race.IsAnalyzeFullFuture         : logi  FALSE FALSE FALSE FALSE FALSE FALSE ...
 $ Race.JyokenCd                    : Factor w/ 1 level "2": 1 1 1 1 1 1 1 1 1 1 ...
 $ Race.JyoType1Cd                  : Factor w/ 110 levels "1-08-1400-2-1",..: 11 12 13 14 15 16 17 7 2 10 ...
 $ Race.RaceType1Cd                 : Factor w/ 3 levels "1-2-E-1","1-2-E-2",..: 1 1 1 1 2 3 2 1 2 2 ...
 $ RaceHorse.RaceId                 : Factor w/ 503 levels "20160111-08-01-04-10",..: 11 12 13 14 15 16 17 18 19 20 ...
 $ RaceHorse.KettoNum               : Factor w/ 472 levels "2012100636","2011104957",..: 11 12 13 14 15 16 17 18 19 20 ...
 $ RaceHorse.IsHit1                 : num  1 1 1 1 1 1 1 1 1 1 ...
 $ RaceHorse.IsHit2                 : num  0 0 0 0 0 0 0 0 0 0 ...
 $ RaceHorse.IsHit3                 : num  0 0 0 0 0 0 0 0 0 0 ...
 $ RaceHorse.IsHit4                 : num  0 0 0 0 0 0 0 0 0 0 ...
 $ RaceHorse.IsHit5                 : num  0 0 0 0 0 0 0 0 0 0 ...
 $ RaceHorse.IsHit6                 : num  0 0 0 0 0 0 0 0 0 0 ...
 $ RaceHorse.IsValidRaceHorse       : logi  TRUE TRUE TRUE TRUE TRUE TRUE ...
 $ RaceHorse.TimeSdvByRace          : num  1.34 1.5 2.31 2.11 1.54 ...
 $ RaceHorse.TimeSdv                : num  1.069 1.321 1.027 -0.167 0.43 ...
 $ RaceHorse.IsHitA                 : num  1 1 1 1 1 1 1 1 1 1 ...
 $ RaceHorse.IsHitB                 : num  1 1 1 1 1 1 1 1 1 1 ...
 $ RaceHorse.IsHitC                 : num  1 1 1 1 1 1 1 1 1 1 ...
 $ Gen01.HansyokuNum                : Factor w/ 101 levels "11201614","11202179",..: 9 10 11 10 12 6 5 13 14 15 ...
 $ Gen01.TimeSdvByRaceAvg           : num  -0.0752 0.4434 -0.2227 0.3658 0.5574 ...
 $ Gen01.TimeSdvByRaceMin           : num  -2.6 -2.41 -2.91 -2.41 -1.68 ...
 $ Gen01.TimeSdvByRaceMax           : num  1.82 2.2 1.48 2.08 2.05 ...
 $ Gen01.TimeSdvAvg                 : num  0.075 0.33113 0.00101 0.22817 0.41434 ...
 $ Gen01.TimeSdvMin                 : num  -2.38 -1.93 -2.38 -1.93 -2.2 ...
 $ Gen01.TimeSdvMax                 : num  1.76 1.91 2.14 1.84 2.06 ...
 $ Gen01.OrderOfFinishSdvAvg        : num  -0.199 0.426 -0.218 0.33 0.456 ...
 $ Gen01.RunCount                   : num  124 106 73 130 31 18 109 173 26 3 ...
 $ Gen01.HitCount1                  : num  10 6 2 9 4 5 11 8 2 1 ...
 $ Gen01.HitCount2                  : num  8 21 4 21 4 2 10 8 4 1 ...
 $ Gen01.HitCount3                  : num  0 11 1 14 4 1 10 12 4 1 ...
 $ Gen01.HitCount4                  : num  9 13 7 11 7 0 5 12 3 0 ...
 $ Gen01.HitCount5                  : num  4 7 3 8 2 1 7 12 2 0 ...
 $ Gen01.HitRate1                   : num  0.0806 0.0566 0.0274 0.0692 0.129 ...
 $ Gen01.HitRate2                   : num  0.0645 0.1981 0.0548 0.1615 0.129 ...
 $ Gen01.HitRate3                   : num  0 0.1038 0.0137 0.1077 0.129 ...
 $ Gen01.HitRate4                   : num  0.0726 0.1226 0.0959 0.0846 0.2258 ...
 $ Gen01.HitRate5                   : num  0.0323 0.066 0.0411 0.0615 0.0645 ...
 $ EOF                              : int  1 1 1 1 1 1 1 1 1 1 ...
NULL
[1] "2022-02-26 23:11:07 --- transform Finish ---"
[1] "2022-02-26 23:11:07 --- na.omit Start ---"
[1] "--------------------------------------------------------------------------------"
[1] "nrow(data) na.omit before=503"
[1] "nrow(data) na.omit after =503"
[1] "nrow(data) na.omit diff =0"
[1] "--------------------------------------------------------------------------------"
'data.frame':	503 obs. of  44 variables:
 $ Race.RaceId                      : Factor w/ 503 levels "20160111-08-01-04-10",..: 11 12 13 14 15 16 17 18 19 20 ...
 $ Race.IsAnalyzeNormalPastAndFuture: logi  TRUE TRUE TRUE TRUE TRUE TRUE ...
 $ Race.IsAnalyzeNormalPast         : logi  TRUE TRUE TRUE TRUE TRUE TRUE ...
 $ Race.IsAnalyzeNormalFuture       : logi  FALSE FALSE FALSE FALSE FALSE FALSE ...
 $ Race.IsAnalyzeFullPastAndFuture  : logi  TRUE TRUE TRUE TRUE TRUE TRUE ...
 $ Race.IsAnalyzeFullPast           : logi  TRUE TRUE TRUE TRUE TRUE TRUE ...
 $ Race.IsAnalyzeFullFuture         : logi  FALSE FALSE FALSE FALSE FALSE FALSE ...
 $ Race.JyokenCd                    : Factor w/ 1 level "2": 1 1 1 1 1 1 1 1 1 1 ...
 $ Race.JyoType1Cd                  : Factor w/ 110 levels "1-08-1400-2-1",..: 11 12 13 14 15 16 17 7 2 10 ...
 $ Race.RaceType1Cd                 : Factor w/ 3 levels "1-2-E-1","1-2-E-2",..: 1 1 1 1 2 3 2 1 2 2 ...
 $ RaceHorse.RaceId                 : Factor w/ 503 levels "20160111-08-01-04-10",..: 11 12 13 14 15 16 17 18 19 20 ...
 $ RaceHorse.KettoNum               : Factor w/ 472 levels "2012100636","2011104957",..: 11 12 13 14 15 16 17 18 19 20 ...
 $ RaceHorse.IsHit1                 : num  1 1 1 1 1 1 1 1 1 1 ...
 $ RaceHorse.IsHit2                 : num  0 0 0 0 0 0 0 0 0 0 ...
 $ RaceHorse.IsHit3                 : num  0 0 0 0 0 0 0 0 0 0 ...
 $ RaceHorse.IsHit4                 : num  0 0 0 0 0 0 0 0 0 0 ...
 $ RaceHorse.IsHit5                 : num  0 0 0 0 0 0 0 0 0 0 ...
 $ RaceHorse.IsHit6                 : num  0 0 0 0 0 0 0 0 0 0 ...
 $ RaceHorse.IsValidRaceHorse       : logi  TRUE TRUE TRUE TRUE TRUE TRUE ...
 $ RaceHorse.TimeSdvByRace          : num  1.34 1.5 2.31 2.11 1.54 ...
 $ RaceHorse.TimeSdv                : num  1.069 1.321 1.027 -0.167 0.43 ...
 $ RaceHorse.IsHitA                 : num  1 1 1 1 1 1 1 1 1 1 ...
 $ RaceHorse.IsHitB                 : num  1 1 1 1 1 1 1 1 1 1 ...
 $ RaceHorse.IsHitC                 : num  1 1 1 1 1 1 1 1 1 1 ...
 $ Gen01.HansyokuNum                : Factor w/ 101 levels "11201614","11202179",..: 9 10 11 10 12 6 5 13 14 15 ...
 $ Gen01.TimeSdvByRaceAvg           : num  -0.0752 0.4434 -0.2227 0.3658 0.5574 ...
 $ Gen01.TimeSdvByRaceMin           : num  -2.6 -2.41 -2.91 -2.41 -1.68 ...
 $ Gen01.TimeSdvByRaceMax           : num  1.82 2.2 1.48 2.08 2.05 ...
 $ Gen01.TimeSdvAvg                 : num  0.075 0.33113 0.00101 0.22817 0.41434 ...
 $ Gen01.TimeSdvMin                 : num  -2.38 -1.93 -2.38 -1.93 -2.2 ...
 $ Gen01.TimeSdvMax                 : num  1.76 1.91 2.14 1.84 2.06 ...
 $ Gen01.OrderOfFinishSdvAvg        : num  -0.199 0.426 -0.218 0.33 0.456 ...
 $ Gen01.RunCount                   : num  124 106 73 130 31 18 109 173 26 3 ...
 $ Gen01.HitCount1                  : num  10 6 2 9 4 5 11 8 2 1 ...
 $ Gen01.HitCount2                  : num  8 21 4 21 4 2 10 8 4 1 ...
 $ Gen01.HitCount3                  : num  0 11 1 14 4 1 10 12 4 1 ...
 $ Gen01.HitCount4                  : num  9 13 7 11 7 0 5 12 3 0 ...
 $ Gen01.HitCount5                  : num  4 7 3 8 2 1 7 12 2 0 ...
 $ Gen01.HitRate1                   : num  0.0806 0.0566 0.0274 0.0692 0.129 ...
 $ Gen01.HitRate2                   : num  0.0645 0.1981 0.0548 0.1615 0.129 ...
 $ Gen01.HitRate3                   : num  0 0.1038 0.0137 0.1077 0.129 ...
 $ Gen01.HitRate4                   : num  0.0726 0.1226 0.0959 0.0846 0.2258 ...
 $ Gen01.HitRate5                   : num  0.0323 0.066 0.0411 0.0615 0.0645 ...
 $ EOF                              : int  1 1 1 1 1 1 1 1 1 1 ...
[1] "2022-02-26 23:11:09 --- na.omit Finish ---"
[1] "2022-02-26 23:11:09 --- rxGlm with rxStepControl Start ---"

> print(paste0(Sys.time(), " --- source_logic_glm.R Start ---"))
[1] "2022-02-26 23:11:10 --- source_logic_glm.R Start ---"

> formula <- formula(RaceHorse.IsHitA ~ +1 + Gen01.TimeSdvByRaceAvg)

> print(paste0(Sys.time(), " --- source_logic_glm.R Finished ---"))
[1] "2022-02-26 23:11:10 --- source_logic_glm.R Finished ---"
Rows Read: 503, Total Rows Processed: 503, Total Chunk Time: Less than .001 seconds 

Starting values (iteration 1) time: 0.035 secs.
Rows Read: 503, Total Rows Processed: 503, Total Chunk Time: 0.002 seconds 

Iteration 2 time: 0.007 secs.

Elapsed computation time: 0.049 secs.
Rows Read: 503, Total Rows Processed: 503, Total Chunk Time: 0.001 seconds 

Starting values (iteration 1) time: 0.007 secs.
Rows Read: 503, Total Rows Processed: 503, Total Chunk Time: Less than .001 seconds 

Iteration 2 time: 0.009 secs.

Elapsed computation time: 0.036 secs.
Rows Read: 503, Total Rows Processed: 503, Total Chunk Time: 0.001 seconds 

Starting values (iteration 1) time: 0.005 secs.
Rows Read: 503, Total Rows Processed: 503, Total Chunk Time: 0.001 seconds 

Iteration 2 time: 0.008 secs.

Elapsed computation time: 0.028 secs.
Rows Read: 503, Total Rows Processed: 503, Total Chunk Time: Less than .001 seconds 

Starting values (iteration 1) time: 0.006 secs.
Rows Read: 503, Total Rows Processed: 503, Total Chunk Time: Less than .001 seconds 

Iteration 2 time: 0.007 secs.

Elapsed computation time: 0.029 secs.

Elapsed computation time: 0.174 secs.
[1] "--------------------------------------------------------------------------------"
[1] "analyze.results.glm.step="
Logistic Regression Results for: RaceHorse.IsHitA ~ 1
Data: data
Dependent variable(s): RaceHorse.IsHitA
Total independent variables: 1 
Number of valid observations: 503
Number of missing observations: 0 
 
Coefficients:
            RaceHorse.IsHitA
(Intercept)                2
[1] "analyze.results.glm.step.summary"
Call:
rxLogit(formula = formula, data = data, variableSelection = analyze.results.glm.step.varsel)

Logistic Regression Results for: RaceHorse.IsHitA ~ 1
Data: data
Dependent variable(s): RaceHorse.IsHitA
Total independent variables: 1 
Number of valid observations: 503
Number of missing observations: 0 
-2*LogLikelihood: 697.306 (Residual deviance on 502 degrees of freedom)
 
Coefficients:
            Estimate Std. Error z value Pr(>|z|)    
(Intercept)   2.0000     0.0892    22.4  2.2e-16 ***
---
Signif. codes:  0 '***' 0.001 '**' 0.01 '*' 0.05 '.' 0.1 ' ' 1

Condition number of final variance-covariance matrix: 1 
Number of iterations: 2
[1] "--------------------------------------------------------------------------------"
[1] "2022-02-26 23:11:11 --- rxGlm with rxStepControl Finish ---"
[1] "2022-02-26 23:11:11 --- rxStepPlot Start ---"
[1] "pdfFilename=pdf_analyze_glm_Gen01_Type12_rxStepPlot.pdf"
[1] "rxStepPlot="
[1] "2022-02-26 23:11:11 --- rxStepPlot Finish ---"
[1] "2022-02-26 23:11:11 --- save.image Start ---"
[1] "save.image"
[1] "rdataFilename=RData_analyze_glm_Gen01_Type12.RData"
[1] "2022-02-26 23:11:11 --- save.image Finish ---"
[1] "2022-02-26 23:11:11 --- final Start ---"
[1] "--------------------------------------------------------------------------------"
[1] "nrow(data) final=503"
[1] "--------------------------------------------------------------------------------"
[1] "2022-02-26 23:11:11 --- final Finish ---"
[1] "2022-02-26 23:11:12 --- analyze_glm.R Finished ---"
[1] "2022-02-26 23:11:12 --- log Finish ---"
