[1] "2022-02-26 23:10:39 --- D1115_analyze_glm_Gen01_IsHitA_Type22 Start ---"
[1] "2022-02-26 23:10:39 --- Log Start ---"
[1] "2022-02-26 23:10:39 --- analyze_glm.R Start ---"
[1] "analyzeVersion=D1115"
[1] "analyzeCategory=analyze"
[1] "analyzeType=Gen01"
[1] "analyzeFamily=IsHitA"
[1] "analyzeFunc=glm"
[1] "analyzeTrackTypeCd=2"
[1] "analyzeJyokenCd=2"
[1] "2022-02-26 23:10:39 --- source_function.R Start ---"
[1] "2022-02-26 23:10:39 --- source_function.R Finished ---"

> print(paste0(Sys.time(), " --- source_library.R Start ---"))
[1] "2022-02-26 23:10:39 --- source_library.R Start ---"

> require("RevoScaleR")

> print(paste0(Sys.time(), " --- source_library.R Finished ---"))
[1] "2022-02-26 23:10:39 --- source_library.R Finished ---"
[1] "2022-02-26 23:10:39 --- RxSqlServerData Start ---"
[1] "2022-02-26 23:10:39 --- RxInSqlServer Start ---"
[1] "2022-02-26 23:10:39 --- RxInSqlServer Finish ---"
[1] "2022-02-26 23:10:39 --- rxSetComputeContext Start ---"
[1] "2022-02-26 23:10:39 --- rxSetComputeContext Finish ---"
[1] "2022-02-26 23:10:39 --- RxSqlServerData Start ---"
[1] "sqlQuery=SELECT * FROM ViewAnalyzeD1115analyze01Gen01Type22"
[1] "2022-02-26 23:10:39 --- RxSqlServerData Finish ---"
[1] "2022-02-26 23:10:39 --- rxGetVarInfo Start ---"
[1] "2022-02-26 23:10:40 --- rxGetVarInfo Finish---"
[1] "2022-02-26 23:10:40 --- rxImport Start ---"
Rows Read: 382, Total Rows Processed: 382, Total Chunk Time: 4.480 seconds 
[1] "2022-02-26 23:10:51 --- rxImport Finish ---"
[1] "object.size(data) auto=221.5 Kb"
[1] "--------------------------------------------------------------------------------"
[1] "nrow(data) RxSqlServerData=382"
[1] "--------------------------------------------------------------------------------"
[1] "str(data)="
'data.frame':	382 obs. of  44 variables:
 $ Race.RaceId                      : Factor w/ 381 levels "20160116-06-01-05-10",..: 11 12 13 14 15 16 17 18 19 20 ...
 $ Race.IsAnalyzeNormalPastAndFuture: logi  TRUE TRUE TRUE TRUE TRUE TRUE ...
 $ Race.IsAnalyzeNormalPast         : logi  TRUE TRUE TRUE TRUE TRUE TRUE ...
 $ Race.IsAnalyzeNormalFuture       : logi  FALSE FALSE FALSE FALSE FALSE FALSE ...
 $ Race.IsAnalyzeFullPastAndFuture  : logi  TRUE TRUE TRUE TRUE TRUE TRUE ...
 $ Race.IsAnalyzeFullPast           : logi  TRUE TRUE TRUE TRUE TRUE TRUE ...
 $ Race.IsAnalyzeFullFuture         : logi  FALSE FALSE FALSE FALSE FALSE FALSE ...
 $ Race.JyokenCd                    : Factor w/ 1 level "2": 1 1 1 1 1 1 1 1 1 1 ...
 $ Race.JyoType1Cd                  : Factor w/ 68 levels "2-06-1200-2-1",..: 6 7 10 11 2 11 7 12 13 14 ...
 $ Race.RaceType1Cd                 : Factor w/ 2 levels "2-2-E-1","2-2-E-2": 1 2 2 1 2 1 2 1 1 2 ...
 $ RaceHorse.RaceId                 : Factor w/ 381 levels "20160116-06-01-05-10",..: 11 12 13 14 15 16 17 18 19 20 ...
 $ RaceHorse.KettoNum               : Factor w/ 358 levels "2010100960","2012104706",..: 11 12 13 14 15 16 17 18 19 20 ...
 $ RaceHorse.IsHit1                 : num  1 1 1 1 1 1 1 1 1 1 ...
 $ RaceHorse.IsHit2                 : num  0 0 0 0 0 0 0 0 0 0 ...
 $ RaceHorse.IsHit3                 : num  0 0 0 0 0 0 0 0 0 0 ...
 $ RaceHorse.IsHit4                 : num  0 0 0 0 0 0 0 0 0 0 ...
 $ RaceHorse.IsHit5                 : num  0 0 0 0 0 0 0 0 0 0 ...
 $ RaceHorse.IsHit6                 : num  0 0 0 0 0 0 0 0 0 0 ...
 $ RaceHorse.IsValidRaceHorse       : logi  TRUE TRUE TRUE TRUE TRUE TRUE ...
 $ RaceHorse.TimeSdvByRace          : num  1.74 1.28 1.36 1.64 1.52 ...
 $ RaceHorse.TimeSdv                : num  0.988 1.4 0.737 1.359 1.856 ...
 $ RaceHorse.IsHitA                 : num  1 1 1 1 1 1 1 1 1 1 ...
 $ RaceHorse.IsHitB                 : num  1 1 1 1 1 1 1 1 1 1 ...
 $ RaceHorse.IsHitC                 : num  1 1 1 1 1 1 1 1 1 1 ...
 $ Gen01.HansyokuNum                : Factor w/ 111 levels "11201801","11201872",..: 11 12 13 14 15 16 17 18 19 12 ...
 $ Gen01.TimeSdvByRaceAvg           : num  -0.0784 0.1284 0.1033 0.6713 -0.0995 ...
 $ Gen01.TimeSdvByRaceMin           : num  -2.71 -2.96 -2.41 -1.1 -2.62 ...
 $ Gen01.TimeSdvByRaceMax           : num  1.73 2.18 1.88 1.16 1.45 ...
 $ Gen01.TimeSdvAvg                 : num  -0.126 0.16 0.183 0.805 -0.106 ...
 $ Gen01.TimeSdvMin                 : num  -2.7269 -3.3433 -2.9579 0.0521 -1.9826 ...
 $ Gen01.TimeSdvMax                 : num  1.55 2.18 3.02 1.9 1.4 ...
 $ Gen01.OrderOfFinishSdvAvg        : num  -0.1005 0.1579 0.0804 0.8639 -0.0937 ...
 $ Gen01.RunCount                   : num  67 107 114 9 31 12 11 8 6 148 ...
 $ Gen01.HitCount1                  : num  0 16 7 0 1 1 0 0 1 15 ...
 $ Gen01.HitCount2                  : num  6 5 5 2 1 1 3 1 2 14 ...
 $ Gen01.HitCount3                  : num  4 13 11 3 5 3 0 1 2 15 ...
 $ Gen01.HitCount4                  : num  2 5 17 1 1 0 0 1 0 10 ...
 $ Gen01.HitCount5                  : num  7 11 8 2 1 1 0 1 0 12 ...
 $ Gen01.HitRate1                   : num  0 0.1495 0.0614 0 0.0323 ...
 $ Gen01.HitRate2                   : num  0.0896 0.0467 0.0439 0.2222 0.0323 ...
 $ Gen01.HitRate3                   : num  0.0597 0.1215 0.0965 0.3333 0.1613 ...
 $ Gen01.HitRate4                   : num  0.0299 0.0467 0.1491 0.1111 0.0323 ...
 $ Gen01.HitRate5                   : num  0.1045 0.1028 0.0702 0.2222 0.0323 ...
 $ EOF                              : int  1 1 1 1 1 1 1 1 1 1 ...
[1] "2022-02-26 23:10:51 --- RxSqlServerData Finish ---"
[1] "2022-02-26 23:10:51 --- subset Start ---"
[1] "--------------------------------------------------------------------------------"
[1] "nrow(data) subset before=382"
[1] "nrow(data) subset after =382"
[1] "nrow(data) subset diff =0"
[1] "--------------------------------------------------------------------------------"
[1] "2022-02-26 23:10:51 --- subset Finish---"
[1] "2022-02-26 23:10:51 --- transform Start ---"
[1] "--------------------------------------------------------------------------------"
[1] "nrow(data) transform before=382"
[1] "nrow(data) transform after=382"
[1] "nrow(data) transform diff=0"
[1] "--------------------------------------------------------------------------------"
[1] "str(data)="
'data.frame':	382 obs. of  44 variables:
 $ Race.RaceId                      : Factor w/ 381 levels "20160116-06-01-05-10",..: 11 12 13 14 15 16 17 18 19 20 ...
 $ Race.IsAnalyzeNormalPastAndFuture: logi  TRUE TRUE TRUE TRUE TRUE TRUE ...
 $ Race.IsAnalyzeNormalPast         : logi  TRUE TRUE TRUE TRUE TRUE TRUE ...
 $ Race.IsAnalyzeNormalFuture       : logi  FALSE FALSE FALSE FALSE FALSE FALSE ...
 $ Race.IsAnalyzeFullPastAndFuture  : logi  TRUE TRUE TRUE TRUE TRUE TRUE ...
 $ Race.IsAnalyzeFullPast           : logi  TRUE TRUE TRUE TRUE TRUE TRUE ...
 $ Race.IsAnalyzeFullFuture         : logi  FALSE FALSE FALSE FALSE FALSE FALSE ...
 $ Race.JyokenCd                    : Factor w/ 1 level "2": 1 1 1 1 1 1 1 1 1 1 ...
 $ Race.JyoType1Cd                  : Factor w/ 68 levels "2-06-1200-2-1",..: 6 7 10 11 2 11 7 12 13 14 ...
 $ Race.RaceType1Cd                 : Factor w/ 2 levels "2-2-E-1","2-2-E-2": 1 2 2 1 2 1 2 1 1 2 ...
 $ RaceHorse.RaceId                 : Factor w/ 381 levels "20160116-06-01-05-10",..: 11 12 13 14 15 16 17 18 19 20 ...
 $ RaceHorse.KettoNum               : Factor w/ 358 levels "2010100960","2012104706",..: 11 12 13 14 15 16 17 18 19 20 ...
 $ RaceHorse.IsHit1                 : num  1 1 1 1 1 1 1 1 1 1 ...
 $ RaceHorse.IsHit2                 : num  0 0 0 0 0 0 0 0 0 0 ...
 $ RaceHorse.IsHit3                 : num  0 0 0 0 0 0 0 0 0 0 ...
 $ RaceHorse.IsHit4                 : num  0 0 0 0 0 0 0 0 0 0 ...
 $ RaceHorse.IsHit5                 : num  0 0 0 0 0 0 0 0 0 0 ...
 $ RaceHorse.IsHit6                 : num  0 0 0 0 0 0 0 0 0 0 ...
 $ RaceHorse.IsValidRaceHorse       : logi  TRUE TRUE TRUE TRUE TRUE TRUE ...
 $ RaceHorse.TimeSdvByRace          : num  1.74 1.28 1.36 1.64 1.52 ...
 $ RaceHorse.TimeSdv                : num  0.988 1.4 0.737 1.359 1.856 ...
 $ RaceHorse.IsHitA                 : num  1 1 1 1 1 1 1 1 1 1 ...
 $ RaceHorse.IsHitB                 : num  1 1 1 1 1 1 1 1 1 1 ...
 $ RaceHorse.IsHitC                 : num  1 1 1 1 1 1 1 1 1 1 ...
 $ Gen01.HansyokuNum                : Factor w/ 111 levels "11201801","11201872",..: 11 12 13 14 15 16 17 18 19 12 ...
 $ Gen01.TimeSdvByRaceAvg           : num  -0.0784 0.1284 0.1033 0.6713 -0.0995 ...
 $ Gen01.TimeSdvByRaceMin           : num  -2.71 -2.96 -2.41 -1.1 -2.62 ...
 $ Gen01.TimeSdvByRaceMax           : num  1.73 2.18 1.88 1.16 1.45 ...
 $ Gen01.TimeSdvAvg                 : num  -0.126 0.16 0.183 0.805 -0.106 ...
 $ Gen01.TimeSdvMin                 : num  -2.7269 -3.3433 -2.9579 0.0521 -1.9826 ...
 $ Gen01.TimeSdvMax                 : num  1.55 2.18 3.02 1.9 1.4 ...
 $ Gen01.OrderOfFinishSdvAvg        : num  -0.1005 0.1579 0.0804 0.8639 -0.0937 ...
 $ Gen01.RunCount                   : num  67 107 114 9 31 12 11 8 6 148 ...
 $ Gen01.HitCount1                  : num  0 16 7 0 1 1 0 0 1 15 ...
 $ Gen01.HitCount2                  : num  6 5 5 2 1 1 3 1 2 14 ...
 $ Gen01.HitCount3                  : num  4 13 11 3 5 3 0 1 2 15 ...
 $ Gen01.HitCount4                  : num  2 5 17 1 1 0 0 1 0 10 ...
 $ Gen01.HitCount5                  : num  7 11 8 2 1 1 0 1 0 12 ...
 $ Gen01.HitRate1                   : num  0 0.1495 0.0614 0 0.0323 ...
 $ Gen01.HitRate2                   : num  0.0896 0.0467 0.0439 0.2222 0.0323 ...
 $ Gen01.HitRate3                   : num  0.0597 0.1215 0.0965 0.3333 0.1613 ...
 $ Gen01.HitRate4                   : num  0.0299 0.0467 0.1491 0.1111 0.0323 ...
 $ Gen01.HitRate5                   : num  0.1045 0.1028 0.0702 0.2222 0.0323 ...
 $ EOF                              : int  1 1 1 1 1 1 1 1 1 1 ...
NULL
[1] "2022-02-26 23:10:53 --- transform Finish ---"
[1] "2022-02-26 23:10:53 --- na.omit Start ---"
[1] "--------------------------------------------------------------------------------"
[1] "nrow(data) na.omit before=382"
[1] "nrow(data) na.omit after =382"
[1] "nrow(data) na.omit diff =0"
[1] "--------------------------------------------------------------------------------"
'data.frame':	382 obs. of  44 variables:
 $ Race.RaceId                      : Factor w/ 381 levels "20160116-06-01-05-10",..: 11 12 13 14 15 16 17 18 19 20 ...
 $ Race.IsAnalyzeNormalPastAndFuture: logi  TRUE TRUE TRUE TRUE TRUE TRUE ...
 $ Race.IsAnalyzeNormalPast         : logi  TRUE TRUE TRUE TRUE TRUE TRUE ...
 $ Race.IsAnalyzeNormalFuture       : logi  FALSE FALSE FALSE FALSE FALSE FALSE ...
 $ Race.IsAnalyzeFullPastAndFuture  : logi  TRUE TRUE TRUE TRUE TRUE TRUE ...
 $ Race.IsAnalyzeFullPast           : logi  TRUE TRUE TRUE TRUE TRUE TRUE ...
 $ Race.IsAnalyzeFullFuture         : logi  FALSE FALSE FALSE FALSE FALSE FALSE ...
 $ Race.JyokenCd                    : Factor w/ 1 level "2": 1 1 1 1 1 1 1 1 1 1 ...
 $ Race.JyoType1Cd                  : Factor w/ 68 levels "2-06-1200-2-1",..: 6 7 10 11 2 11 7 12 13 14 ...
 $ Race.RaceType1Cd                 : Factor w/ 2 levels "2-2-E-1","2-2-E-2": 1 2 2 1 2 1 2 1 1 2 ...
 $ RaceHorse.RaceId                 : Factor w/ 381 levels "20160116-06-01-05-10",..: 11 12 13 14 15 16 17 18 19 20 ...
 $ RaceHorse.KettoNum               : Factor w/ 358 levels "2010100960","2012104706",..: 11 12 13 14 15 16 17 18 19 20 ...
 $ RaceHorse.IsHit1                 : num  1 1 1 1 1 1 1 1 1 1 ...
 $ RaceHorse.IsHit2                 : num  0 0 0 0 0 0 0 0 0 0 ...
 $ RaceHorse.IsHit3                 : num  0 0 0 0 0 0 0 0 0 0 ...
 $ RaceHorse.IsHit4                 : num  0 0 0 0 0 0 0 0 0 0 ...
 $ RaceHorse.IsHit5                 : num  0 0 0 0 0 0 0 0 0 0 ...
 $ RaceHorse.IsHit6                 : num  0 0 0 0 0 0 0 0 0 0 ...
 $ RaceHorse.IsValidRaceHorse       : logi  TRUE TRUE TRUE TRUE TRUE TRUE ...
 $ RaceHorse.TimeSdvByRace          : num  1.74 1.28 1.36 1.64 1.52 ...
 $ RaceHorse.TimeSdv                : num  0.988 1.4 0.737 1.359 1.856 ...
 $ RaceHorse.IsHitA                 : num  1 1 1 1 1 1 1 1 1 1 ...
 $ RaceHorse.IsHitB                 : num  1 1 1 1 1 1 1 1 1 1 ...
 $ RaceHorse.IsHitC                 : num  1 1 1 1 1 1 1 1 1 1 ...
 $ Gen01.HansyokuNum                : Factor w/ 111 levels "11201801","11201872",..: 11 12 13 14 15 16 17 18 19 12 ...
 $ Gen01.TimeSdvByRaceAvg           : num  -0.0784 0.1284 0.1033 0.6713 -0.0995 ...
 $ Gen01.TimeSdvByRaceMin           : num  -2.71 -2.96 -2.41 -1.1 -2.62 ...
 $ Gen01.TimeSdvByRaceMax           : num  1.73 2.18 1.88 1.16 1.45 ...
 $ Gen01.TimeSdvAvg                 : num  -0.126 0.16 0.183 0.805 -0.106 ...
 $ Gen01.TimeSdvMin                 : num  -2.7269 -3.3433 -2.9579 0.0521 -1.9826 ...
 $ Gen01.TimeSdvMax                 : num  1.55 2.18 3.02 1.9 1.4 ...
 $ Gen01.OrderOfFinishSdvAvg        : num  -0.1005 0.1579 0.0804 0.8639 -0.0937 ...
 $ Gen01.RunCount                   : num  67 107 114 9 31 12 11 8 6 148 ...
 $ Gen01.HitCount1                  : num  0 16 7 0 1 1 0 0 1 15 ...
 $ Gen01.HitCount2                  : num  6 5 5 2 1 1 3 1 2 14 ...
 $ Gen01.HitCount3                  : num  4 13 11 3 5 3 0 1 2 15 ...
 $ Gen01.HitCount4                  : num  2 5 17 1 1 0 0 1 0 10 ...
 $ Gen01.HitCount5                  : num  7 11 8 2 1 1 0 1 0 12 ...
 $ Gen01.HitRate1                   : num  0 0.1495 0.0614 0 0.0323 ...
 $ Gen01.HitRate2                   : num  0.0896 0.0467 0.0439 0.2222 0.0323 ...
 $ Gen01.HitRate3                   : num  0.0597 0.1215 0.0965 0.3333 0.1613 ...
 $ Gen01.HitRate4                   : num  0.0299 0.0467 0.1491 0.1111 0.0323 ...
 $ Gen01.HitRate5                   : num  0.1045 0.1028 0.0702 0.2222 0.0323 ...
 $ EOF                              : int  1 1 1 1 1 1 1 1 1 1 ...
[1] "2022-02-26 23:10:54 --- na.omit Finish ---"
[1] "2022-02-26 23:10:54 --- rxGlm with rxStepControl Start ---"

> print(paste0(Sys.time(), " --- source_logic_glm.R Start ---"))
[1] "2022-02-26 23:10:54 --- source_logic_glm.R Start ---"

> formula <- formula(RaceHorse.IsHitA ~ +1 + Gen01.TimeSdvByRaceAvg)

> print(paste0(Sys.time(), " --- source_logic_glm.R Finished ---"))
[1] "2022-02-26 23:10:54 --- source_logic_glm.R Finished ---"
Rows Read: 382, Total Rows Processed: 382, Total Chunk Time: 0.001 seconds 

Starting values (iteration 1) time: 0.012 secs.
Rows Read: 382, Total Rows Processed: 382, Total Chunk Time: 0.001 seconds 

Iteration 2 time: 0.005 secs.

Elapsed computation time: 0.023 secs.
Rows Read: 382, Total Rows Processed: 382, Total Chunk Time: Less than .001 seconds 

Starting values (iteration 1) time: 0.005 secs.
Rows Read: 382, Total Rows Processed: 382, Total Chunk Time: 0.001 seconds 

Iteration 2 time: 0.004 secs.

Elapsed computation time: 0.023 secs.
Rows Read: 382, Total Rows Processed: 382, Total Chunk Time: 0.001 seconds 

Starting values (iteration 1) time: 0.004 secs.
Rows Read: 382, Total Rows Processed: 382, Total Chunk Time: 0.001 seconds 

Iteration 2 time: 0.006 secs.

Elapsed computation time: 0.026 secs.
Rows Read: 382, Total Rows Processed: 382, Total Chunk Time: 0.001 seconds 

Starting values (iteration 1) time: 0.005 secs.
Rows Read: 382, Total Rows Processed: 382, Total Chunk Time: Less than .001 seconds 

Iteration 2 time: 0.006 secs.

Elapsed computation time: 0.023 secs.

Elapsed computation time: 0.119 secs.
[1] "--------------------------------------------------------------------------------"
[1] "analyze.results.glm.step="
Logistic Regression Results for: RaceHorse.IsHitA ~ 1
Data: data
Dependent variable(s): RaceHorse.IsHitA
Total independent variables: 1 
Number of valid observations: 382
Number of missing observations: 0 
 
Coefficients:
            RaceHorse.IsHitA
(Intercept)                2
[1] "analyze.results.glm.step.summary"
Call:
rxLogit(formula = formula, data = data, variableSelection = analyze.results.glm.step.varsel)

Logistic Regression Results for: RaceHorse.IsHitA ~ 1
Data: data
Dependent variable(s): RaceHorse.IsHitA
Total independent variables: 1 
Number of valid observations: 382
Number of missing observations: 0 
-2*LogLikelihood: 529.564 (Residual deviance on 381 degrees of freedom)
 
Coefficients:
            Estimate Std. Error z value Pr(>|z|)    
(Intercept)    2.000      0.102    19.5  2.2e-16 ***
---
Signif. codes:  0 '***' 0.001 '**' 0.01 '*' 0.05 '.' 0.1 ' ' 1

Condition number of final variance-covariance matrix: 1 
Number of iterations: 2
[1] "--------------------------------------------------------------------------------"
[1] "2022-02-26 23:10:54 --- rxGlm with rxStepControl Finish ---"
[1] "2022-02-26 23:10:54 --- rxStepPlot Start ---"
[1] "pdfFilename=pdf_analyze_glm_Gen01_Type22_rxStepPlot.pdf"
[1] "rxStepPlot="
[1] "2022-02-26 23:10:54 --- rxStepPlot Finish ---"
[1] "2022-02-26 23:10:54 --- save.image Start ---"
[1] "save.image"
[1] "rdataFilename=RData_analyze_glm_Gen01_Type22.RData"
[1] "2022-02-26 23:10:54 --- save.image Finish ---"
[1] "2022-02-26 23:10:54 --- final Start ---"
[1] "--------------------------------------------------------------------------------"
[1] "nrow(data) final=382"
[1] "--------------------------------------------------------------------------------"
[1] "2022-02-26 23:10:54 --- final Finish ---"
[1] "2022-02-26 23:10:54 --- analyze_glm.R Finished ---"
[1] "2022-02-26 23:10:54 --- log Finish ---"
