[1] "2022-02-26 23:12:35 --- D1115_analyze_glm_Jockey_IsHitA_Type21 Start ---"
[1] "2022-02-26 23:12:35 --- Log Start ---"
[1] "2022-02-26 23:12:35 --- analyze_glm.R Start ---"
[1] "analyzeVersion=D1115"
[1] "analyzeCategory=analyze"
[1] "analyzeType=Jockey"
[1] "analyzeFamily=IsHitA"
[1] "analyzeFunc=glm"
[1] "analyzeTrackTypeCd=2"
[1] "analyzeJyokenCd=1"
[1] "2022-02-26 23:12:35 --- source_function.R Start ---"
[1] "2022-02-26 23:12:35 --- source_function.R Finished ---"

> print(paste0(Sys.time(), " --- source_library.R Start ---"))
[1] "2022-02-26 23:12:36 --- source_library.R Start ---"

> require("RevoScaleR")

> print(paste0(Sys.time(), " --- source_library.R Finished ---"))
[1] "2022-02-26 23:12:37 --- source_library.R Finished ---"
[1] "2022-02-26 23:12:37 --- RxSqlServerData Start ---"
[1] "2022-02-26 23:12:37 --- RxInSqlServer Start ---"
[1] "2022-02-26 23:12:37 --- RxInSqlServer Finish ---"
[1] "2022-02-26 23:12:37 --- rxSetComputeContext Start ---"
[1] "2022-02-26 23:12:37 --- rxSetComputeContext Finish ---"
[1] "2022-02-26 23:12:37 --- RxSqlServerData Start ---"
[1] "sqlQuery=SELECT * FROM ViewAnalyzeD1115analyze01JockeyType21"
[1] "2022-02-26 23:12:37 --- RxSqlServerData Finish ---"
[1] "2022-02-26 23:12:38 --- rxGetVarInfo Start ---"
[1] "2022-02-26 23:12:39 --- rxGetVarInfo Finish---"
[1] "2022-02-26 23:12:39 --- rxImport Start ---"
Rows Read: 286, Total Rows Processed: 286, Total Chunk Time: 8.516 seconds 
[1] "2022-02-26 23:12:56 --- rxImport Finish ---"
[1] "object.size(data) auto=156.5 Kb"
[1] "--------------------------------------------------------------------------------"
[1] "nrow(data) RxSqlServerData=286"
[1] "--------------------------------------------------------------------------------"
[1] "str(data)="
'data.frame':	286 obs. of  43 variables:
 $ Race.RaceId                      : Factor w/ 286 levels "20160227-06-02-01-11",..: 1 2 3 4 5 6 7 8 9 10 ...
 $ Race.IsAnalyzeNormalPastAndFuture: logi  TRUE TRUE TRUE TRUE TRUE TRUE ...
 $ Race.IsAnalyzeNormalPast         : logi  TRUE TRUE TRUE TRUE TRUE TRUE ...
 $ Race.IsAnalyzeNormalFuture       : logi  FALSE FALSE FALSE FALSE FALSE FALSE ...
 $ Race.IsAnalyzeFullPastAndFuture  : logi  TRUE TRUE TRUE TRUE TRUE TRUE ...
 $ Race.IsAnalyzeFullPast           : logi  TRUE TRUE TRUE TRUE TRUE TRUE ...
 $ Race.IsAnalyzeFullFuture         : logi  FALSE FALSE FALSE FALSE FALSE FALSE ...
 $ Race.JyokenCd                    : Factor w/ 1 level "1": 1 1 1 1 1 1 1 1 1 1 ...
 $ Race.JyoType1Cd                  : Factor w/ 61 levels "2-06-1800-1-2",..: 1 2 3 4 3 5 2 6 4 7 ...
 $ Race.RaceType1Cd                 : Factor w/ 9 levels "2-1-E-2","2-1-C-1",..: 1 2 3 3 3 1 3 2 4 5 ...
 $ RaceHorse.RaceId                 : Factor w/ 286 levels "20160227-06-02-01-11",..: 1 2 3 4 5 6 7 8 9 10 ...
 $ RaceHorse.KettoNum               : Factor w/ 188 levels "2012103502","2012102452",..: 1 2 3 4 5 4 6 7 7 8 ...
 $ RaceHorse.IsHit1                 : num  1 1 1 1 1 1 1 1 1 1 ...
 $ RaceHorse.IsHit2                 : num  0 0 0 0 0 0 0 0 0 0 ...
 $ RaceHorse.IsHit3                 : num  0 0 0 0 0 0 0 0 0 0 ...
 $ RaceHorse.IsHit4                 : num  0 0 0 0 0 0 0 0 0 0 ...
 $ RaceHorse.IsHit5                 : num  0 0 0 0 0 0 0 0 0 0 ...
 $ RaceHorse.IsHit6                 : num  0 0 0 0 0 0 0 0 0 0 ...
 $ RaceHorse.IsValidRaceHorse       : logi  TRUE TRUE TRUE TRUE TRUE TRUE ...
 $ RaceHorse.TimeSdvByRace          : num  1.067 1.602 0.852 1.405 1.629 ...
 $ RaceHorse.TimeSdv                : num  1.148 1.294 0.434 0.562 2.244 ...
 $ RaceHorse.IsHitA                 : num  1 1 1 1 1 1 1 1 1 1 ...
 $ RaceHorse.IsHitB                 : num  1 1 1 1 1 1 1 1 1 1 ...
 $ RaceHorse.IsHitC                 : num  1 1 1 1 1 1 1 1 1 1 ...
 $ Jockey.TimeSdvByRaceAvg          : num  0.6487 0.0471 0.3023 0.2512 0.2831 ...
 $ Jockey.TimeSdvByRaceMin          : num  -0.242 -1.365 -1.243 -2.611 -2.611 ...
 $ Jockey.TimeSdvByRaceMax          : num  1.51 1.17 1.28 1.68 1.68 ...
 $ Jockey.TimeSdvAvg                : num  0.312 0.12 0.176 0.132 0.142 ...
 $ Jockey.TimeSdvMin                : num  -1.13 -1.8 -2.39 -2.39 -2.39 ...
 $ Jockey.TimeSdvMax                : num  1.472 0.958 1.44 1.448 1.448 ...
 $ Jockey.OrderOfFinishSdvAvg       : num  0.636 0.107 0.325 0.307 0.336 ...
 $ Jockey.RunCount                  : num  16 14 45 47 47 24 47 16 4 11 ...
 $ Jockey.HitCount1                 : num  1 1 2 2 3 1 4 2 0 2 ...
 $ Jockey.HitCount2                 : num  4 1 3 4 4 5 4 1 1 1 ...
 $ Jockey.HitCount3                 : num  3 1 7 8 8 3 8 2 0 0 ...
 $ Jockey.HitCount4                 : num  1 1 4 4 3 3 3 0 0 1 ...
 $ Jockey.HitCount5                 : num  1 0 3 3 4 2 4 0 0 0 ...
 $ Jockey.HitRate1                  : num  0.0625 0.0714 0.0444 0.0426 0.0638 ...
 $ Jockey.HitRate2                  : num  0.25 0.0714 0.0667 0.0851 0.0851 ...
 $ Jockey.HitRate3                  : num  0.1875 0.0714 0.1556 0.1702 0.1702 ...
 $ Jockey.HitRate4                  : num  0.0625 0.0714 0.0889 0.0851 0.0638 ...
 $ Jockey.HitRate5                  : num  0.0625 0 0.0667 0.0638 0.0851 ...
 $ EOF                              : int  1 1 1 1 1 1 1 1 1 1 ...
[1] "2022-02-26 23:13:07 --- RxSqlServerData Finish ---"
[1] "2022-02-26 23:13:07 --- subset Start ---"
[1] "--------------------------------------------------------------------------------"
[1] "nrow(data) subset before=286"
[1] "nrow(data) subset after =286"
[1] "nrow(data) subset diff =0"
[1] "--------------------------------------------------------------------------------"
[1] "2022-02-26 23:13:09 --- subset Finish---"
[1] "2022-02-26 23:13:10 --- transform Start ---"
[1] "--------------------------------------------------------------------------------"
[1] "nrow(data) transform before=286"
[1] "nrow(data) transform after=286"
[1] "nrow(data) transform diff=0"
[1] "--------------------------------------------------------------------------------"
[1] "str(data)="
'data.frame':	286 obs. of  43 variables:
 $ Race.RaceId                      : Factor w/ 286 levels "20160227-06-02-01-11",..: 1 2 3 4 5 6 7 8 9 10 ...
 $ Race.IsAnalyzeNormalPastAndFuture: logi  TRUE TRUE TRUE TRUE TRUE TRUE ...
 $ Race.IsAnalyzeNormalPast         : logi  TRUE TRUE TRUE TRUE TRUE TRUE ...
 $ Race.IsAnalyzeNormalFuture       : logi  FALSE FALSE FALSE FALSE FALSE FALSE ...
 $ Race.IsAnalyzeFullPastAndFuture  : logi  TRUE TRUE TRUE TRUE TRUE TRUE ...
 $ Race.IsAnalyzeFullPast           : logi  TRUE TRUE TRUE TRUE TRUE TRUE ...
 $ Race.IsAnalyzeFullFuture         : logi  FALSE FALSE FALSE FALSE FALSE FALSE ...
 $ Race.JyokenCd                    : Factor w/ 1 level "1": 1 1 1 1 1 1 1 1 1 1 ...
 $ Race.JyoType1Cd                  : Factor w/ 61 levels "2-06-1800-1-2",..: 1 2 3 4 3 5 2 6 4 7 ...
 $ Race.RaceType1Cd                 : Factor w/ 9 levels "2-1-E-2","2-1-C-1",..: 1 2 3 3 3 1 3 2 4 5 ...
 $ RaceHorse.RaceId                 : Factor w/ 286 levels "20160227-06-02-01-11",..: 1 2 3 4 5 6 7 8 9 10 ...
 $ RaceHorse.KettoNum               : Factor w/ 188 levels "2012103502","2012102452",..: 1 2 3 4 5 4 6 7 7 8 ...
 $ RaceHorse.IsHit1                 : num  1 1 1 1 1 1 1 1 1 1 ...
 $ RaceHorse.IsHit2                 : num  0 0 0 0 0 0 0 0 0 0 ...
 $ RaceHorse.IsHit3                 : num  0 0 0 0 0 0 0 0 0 0 ...
 $ RaceHorse.IsHit4                 : num  0 0 0 0 0 0 0 0 0 0 ...
 $ RaceHorse.IsHit5                 : num  0 0 0 0 0 0 0 0 0 0 ...
 $ RaceHorse.IsHit6                 : num  0 0 0 0 0 0 0 0 0 0 ...
 $ RaceHorse.IsValidRaceHorse       : logi  TRUE TRUE TRUE TRUE TRUE TRUE ...
 $ RaceHorse.TimeSdvByRace          : num  1.067 1.602 0.852 1.405 1.629 ...
 $ RaceHorse.TimeSdv                : num  1.148 1.294 0.434 0.562 2.244 ...
 $ RaceHorse.IsHitA                 : num  1 1 1 1 1 1 1 1 1 1 ...
 $ RaceHorse.IsHitB                 : num  1 1 1 1 1 1 1 1 1 1 ...
 $ RaceHorse.IsHitC                 : num  1 1 1 1 1 1 1 1 1 1 ...
 $ Jockey.TimeSdvByRaceAvg          : num  0.6487 0.0471 0.3023 0.2512 0.2831 ...
 $ Jockey.TimeSdvByRaceMin          : num  -0.242 -1.365 -1.243 -2.611 -2.611 ...
 $ Jockey.TimeSdvByRaceMax          : num  1.51 1.17 1.28 1.68 1.68 ...
 $ Jockey.TimeSdvAvg                : num  0.312 0.12 0.176 0.132 0.142 ...
 $ Jockey.TimeSdvMin                : num  -1.13 -1.8 -2.39 -2.39 -2.39 ...
 $ Jockey.TimeSdvMax                : num  1.472 0.958 1.44 1.448 1.448 ...
 $ Jockey.OrderOfFinishSdvAvg       : num  0.636 0.107 0.325 0.307 0.336 ...
 $ Jockey.RunCount                  : num  16 14 45 47 47 24 47 16 4 11 ...
 $ Jockey.HitCount1                 : num  1 1 2 2 3 1 4 2 0 2 ...
 $ Jockey.HitCount2                 : num  4 1 3 4 4 5 4 1 1 1 ...
 $ Jockey.HitCount3                 : num  3 1 7 8 8 3 8 2 0 0 ...
 $ Jockey.HitCount4                 : num  1 1 4 4 3 3 3 0 0 1 ...
 $ Jockey.HitCount5                 : num  1 0 3 3 4 2 4 0 0 0 ...
 $ Jockey.HitRate1                  : num  0.0625 0.0714 0.0444 0.0426 0.0638 ...
 $ Jockey.HitRate2                  : num  0.25 0.0714 0.0667 0.0851 0.0851 ...
 $ Jockey.HitRate3                  : num  0.1875 0.0714 0.1556 0.1702 0.1702 ...
 $ Jockey.HitRate4                  : num  0.0625 0.0714 0.0889 0.0851 0.0638 ...
 $ Jockey.HitRate5                  : num  0.0625 0 0.0667 0.0638 0.0851 ...
 $ EOF                              : int  1 1 1 1 1 1 1 1 1 1 ...
NULL
[1] "2022-02-26 23:13:32 --- transform Finish ---"
[1] "2022-02-26 23:13:32 --- na.omit Start ---"
[1] "--------------------------------------------------------------------------------"
[1] "nrow(data) na.omit before=286"
[1] "nrow(data) na.omit after =286"
[1] "nrow(data) na.omit diff =0"
[1] "--------------------------------------------------------------------------------"
'data.frame':	286 obs. of  43 variables:
 $ Race.RaceId                      : Factor w/ 286 levels "20160227-06-02-01-11",..: 1 2 3 4 5 6 7 8 9 10 ...
 $ Race.IsAnalyzeNormalPastAndFuture: logi  TRUE TRUE TRUE TRUE TRUE TRUE ...
 $ Race.IsAnalyzeNormalPast         : logi  TRUE TRUE TRUE TRUE TRUE TRUE ...
 $ Race.IsAnalyzeNormalFuture       : logi  FALSE FALSE FALSE FALSE FALSE FALSE ...
 $ Race.IsAnalyzeFullPastAndFuture  : logi  TRUE TRUE TRUE TRUE TRUE TRUE ...
 $ Race.IsAnalyzeFullPast           : logi  TRUE TRUE TRUE TRUE TRUE TRUE ...
 $ Race.IsAnalyzeFullFuture         : logi  FALSE FALSE FALSE FALSE FALSE FALSE ...
 $ Race.JyokenCd                    : Factor w/ 1 level "1": 1 1 1 1 1 1 1 1 1 1 ...
 $ Race.JyoType1Cd                  : Factor w/ 61 levels "2-06-1800-1-2",..: 1 2 3 4 3 5 2 6 4 7 ...
 $ Race.RaceType1Cd                 : Factor w/ 9 levels "2-1-E-2","2-1-C-1",..: 1 2 3 3 3 1 3 2 4 5 ...
 $ RaceHorse.RaceId                 : Factor w/ 286 levels "20160227-06-02-01-11",..: 1 2 3 4 5 6 7 8 9 10 ...
 $ RaceHorse.KettoNum               : Factor w/ 188 levels "2012103502","2012102452",..: 1 2 3 4 5 4 6 7 7 8 ...
 $ RaceHorse.IsHit1                 : num  1 1 1 1 1 1 1 1 1 1 ...
 $ RaceHorse.IsHit2                 : num  0 0 0 0 0 0 0 0 0 0 ...
 $ RaceHorse.IsHit3                 : num  0 0 0 0 0 0 0 0 0 0 ...
 $ RaceHorse.IsHit4                 : num  0 0 0 0 0 0 0 0 0 0 ...
 $ RaceHorse.IsHit5                 : num  0 0 0 0 0 0 0 0 0 0 ...
 $ RaceHorse.IsHit6                 : num  0 0 0 0 0 0 0 0 0 0 ...
 $ RaceHorse.IsValidRaceHorse       : logi  TRUE TRUE TRUE TRUE TRUE TRUE ...
 $ RaceHorse.TimeSdvByRace          : num  1.067 1.602 0.852 1.405 1.629 ...
 $ RaceHorse.TimeSdv                : num  1.148 1.294 0.434 0.562 2.244 ...
 $ RaceHorse.IsHitA                 : num  1 1 1 1 1 1 1 1 1 1 ...
 $ RaceHorse.IsHitB                 : num  1 1 1 1 1 1 1 1 1 1 ...
 $ RaceHorse.IsHitC                 : num  1 1 1 1 1 1 1 1 1 1 ...
 $ Jockey.TimeSdvByRaceAvg          : num  0.6487 0.0471 0.3023 0.2512 0.2831 ...
 $ Jockey.TimeSdvByRaceMin          : num  -0.242 -1.365 -1.243 -2.611 -2.611 ...
 $ Jockey.TimeSdvByRaceMax          : num  1.51 1.17 1.28 1.68 1.68 ...
 $ Jockey.TimeSdvAvg                : num  0.312 0.12 0.176 0.132 0.142 ...
 $ Jockey.TimeSdvMin                : num  -1.13 -1.8 -2.39 -2.39 -2.39 ...
 $ Jockey.TimeSdvMax                : num  1.472 0.958 1.44 1.448 1.448 ...
 $ Jockey.OrderOfFinishSdvAvg       : num  0.636 0.107 0.325 0.307 0.336 ...
 $ Jockey.RunCount                  : num  16 14 45 47 47 24 47 16 4 11 ...
 $ Jockey.HitCount1                 : num  1 1 2 2 3 1 4 2 0 2 ...
 $ Jockey.HitCount2                 : num  4 1 3 4 4 5 4 1 1 1 ...
 $ Jockey.HitCount3                 : num  3 1 7 8 8 3 8 2 0 0 ...
 $ Jockey.HitCount4                 : num  1 1 4 4 3 3 3 0 0 1 ...
 $ Jockey.HitCount5                 : num  1 0 3 3 4 2 4 0 0 0 ...
 $ Jockey.HitRate1                  : num  0.0625 0.0714 0.0444 0.0426 0.0638 ...
 $ Jockey.HitRate2                  : num  0.25 0.0714 0.0667 0.0851 0.0851 ...
 $ Jockey.HitRate3                  : num  0.1875 0.0714 0.1556 0.1702 0.1702 ...
 $ Jockey.HitRate4                  : num  0.0625 0.0714 0.0889 0.0851 0.0638 ...
 $ Jockey.HitRate5                  : num  0.0625 0 0.0667 0.0638 0.0851 ...
 $ EOF                              : int  1 1 1 1 1 1 1 1 1 1 ...
[1] "2022-02-26 23:13:51 --- na.omit Finish ---"
[1] "2022-02-26 23:13:51 --- rxGlm with rxStepControl Start ---"

> print(paste0(Sys.time(), " --- source_logic_glm.R Start ---"))
[1] "2022-02-26 23:13:51 --- source_logic_glm.R Start ---"

> formula <- formula(RaceHorse.IsHitA ~ +1 + Jockey.TimeSdvByRaceAvg)

> print(paste0(Sys.time(), " --- source_logic_glm.R Finished ---"))
[1] "2022-02-26 23:13:51 --- source_logic_glm.R Finished ---"
Rows Read: 286, Total Rows Processed: 286, Total Chunk Time: 0.001 seconds 

Starting values (iteration 1) time: 0.008 secs.
Rows Read: 286, Total Rows Processed: 286, Total Chunk Time: 0.001 seconds 

Iteration 2 time: 0.006 secs.

Elapsed computation time: 0.076 secs.
Rows Read: 286, Total Rows Processed: 286, Total Chunk Time: 0.001 seconds 

Starting values (iteration 1) time: 0.005 secs.
Rows Read: 286, Total Rows Processed: 286, Total Chunk Time: 0.001 seconds 

Iteration 2 time: 0.008 secs.

Elapsed computation time: 0.025 secs.
Rows Read: 286, Total Rows Processed: 286, Total Chunk Time: 0.001 seconds 

Starting values (iteration 1) time: 0.005 secs.
Rows Read: 286, Total Rows Processed: 286, Total Chunk Time: Less than .001 seconds 

Iteration 2 time: 0.007 secs.

Elapsed computation time: 0.025 secs.
Rows Read: 286, Total Rows Processed: 286, Total Chunk Time: Less than .001 seconds 

Starting values (iteration 1) time: 0.005 secs.
Rows Read: 286, Total Rows Processed: 286, Total Chunk Time: 0.001 seconds 

Iteration 2 time: 0.008 secs.

Elapsed computation time: 0.025 secs.

Elapsed computation time: 0.178 secs.
[1] "--------------------------------------------------------------------------------"
[1] "analyze.results.glm.step="
Logistic Regression Results for: RaceHorse.IsHitA ~ 1
Data: data
Dependent variable(s): RaceHorse.IsHitA
Total independent variables: 1 
Number of valid observations: 286
Number of missing observations: 0 
 
Coefficients:
            RaceHorse.IsHitA
(Intercept)                2
[1] "analyze.results.glm.step.summary"
Call:
rxLogit(formula = formula, data = data, variableSelection = analyze.results.glm.step.varsel)

Logistic Regression Results for: RaceHorse.IsHitA ~ 1
Data: data
Dependent variable(s): RaceHorse.IsHitA
Total independent variables: 1 
Number of valid observations: 286
Number of missing observations: 0 
-2*LogLikelihood: 396.48 (Residual deviance on 285 degrees of freedom)
 
Coefficients:
            Estimate Std. Error z value Pr(>|z|)    
(Intercept)    2.000      0.118    16.9  2.2e-16 ***
---
Signif. codes:  0 '***' 0.001 '**' 0.01 '*' 0.05 '.' 0.1 ' ' 1

Condition number of final variance-covariance matrix: 1 
Number of iterations: 2
[1] "--------------------------------------------------------------------------------"
[1] "2022-02-26 23:13:53 --- rxGlm with rxStepControl Finish ---"
[1] "2022-02-26 23:13:53 --- rxStepPlot Start ---"
[1] "pdfFilename=pdf_analyze_glm_Jockey_Type21_rxStepPlot.pdf"
[1] "rxStepPlot="
[1] "2022-02-26 23:13:53 --- rxStepPlot Finish ---"
[1] "2022-02-26 23:13:53 --- save.image Start ---"
[1] "save.image"
[1] "rdataFilename=RData_analyze_glm_Jockey_Type21.RData"
[1] "2022-02-26 23:13:54 --- save.image Finish ---"
[1] "2022-02-26 23:13:54 --- final Start ---"
[1] "--------------------------------------------------------------------------------"
[1] "nrow(data) final=286"
[1] "--------------------------------------------------------------------------------"
[1] "2022-02-26 23:13:54 --- final Finish ---"
[1] "2022-02-26 23:13:54 --- analyze_glm.R Finished ---"
[1] "2022-02-26 23:13:54 --- log Finish ---"
