[1] "2022-02-26 23:12:16 --- D1115_analyze_glm_Horse_IsHitA_Type24 Start ---"
[1] "2022-02-26 23:12:16 --- Log Start ---"
[1] "2022-02-26 23:12:16 --- analyze_glm.R Start ---"
[1] "analyzeVersion=D1115"
[1] "analyzeCategory=analyze"
[1] "analyzeType=Horse"
[1] "analyzeFamily=IsHitA"
[1] "analyzeFunc=glm"
[1] "analyzeTrackTypeCd=2"
[1] "analyzeJyokenCd=4"
[1] "2022-02-26 23:12:16 --- source_function.R Start ---"
[1] "2022-02-26 23:12:16 --- source_function.R Finished ---"

> print(paste0(Sys.time(), " --- source_library.R Start ---"))
[1] "2022-02-26 23:12:17 --- source_library.R Start ---"

> require("RevoScaleR")

> print(paste0(Sys.time(), " --- source_library.R Finished ---"))
[1] "2022-02-26 23:12:17 --- source_library.R Finished ---"
[1] "2022-02-26 23:12:17 --- RxSqlServerData Start ---"
[1] "2022-02-26 23:12:17 --- RxInSqlServer Start ---"
[1] "2022-02-26 23:12:17 --- RxInSqlServer Finish ---"
[1] "2022-02-26 23:12:18 --- rxSetComputeContext Start ---"
[1] "2022-02-26 23:12:18 --- rxSetComputeContext Finish ---"
[1] "2022-02-26 23:12:18 --- RxSqlServerData Start ---"
[1] "sqlQuery=SELECT * FROM ViewAnalyzeD1115analyze01HorseType24"
[1] "2022-02-26 23:12:18 --- RxSqlServerData Finish ---"
[1] "2022-02-26 23:12:18 --- rxGetVarInfo Start ---"
[1] "2022-02-26 23:12:18 --- rxGetVarInfo Finish---"
[1] "2022-02-26 23:12:18 --- rxImport Start ---"
Rows Read: 2833, Total Rows Processed: 2833, Total Chunk Time: 698.813 seconds 
[1] "2022-02-26 23:45:42 --- rxImport Finish ---"
[1] "object.size(data) auto=1.6 Mb"
[1] "--------------------------------------------------------------------------------"
[1] "nrow(data) RxSqlServerData=2833"
[1] "--------------------------------------------------------------------------------"
[1] "str(data)="
'data.frame':	2833 obs. of  44 variables:
 $ Race.RaceId                      : Factor w/ 2830 levels "20160409-03-01-01-06",..: 11 12 13 14 15 16 17 18 19 20 ...
 $ Race.IsAnalyzeNormalPastAndFuture: logi  TRUE TRUE TRUE TRUE TRUE TRUE ...
 $ Race.IsAnalyzeNormalPast         : logi  TRUE TRUE TRUE TRUE TRUE TRUE ...
 $ Race.IsAnalyzeNormalFuture       : logi  FALSE FALSE FALSE FALSE FALSE FALSE ...
 $ Race.IsAnalyzeFullPastAndFuture  : logi  TRUE TRUE TRUE TRUE TRUE TRUE ...
 $ Race.IsAnalyzeFullPast           : logi  TRUE TRUE TRUE TRUE TRUE TRUE ...
 $ Race.IsAnalyzeFullFuture         : logi  FALSE FALSE FALSE FALSE FALSE FALSE ...
 $ Race.JyokenCd                    : Factor w/ 1 level "4": 1 1 1 1 1 1 1 1 1 1 ...
 $ Race.JyoType1Cd                  : Factor w/ 131 levels "2-03-1700-4-2",..: 10 11 12 13 14 15 16 17 10 18 ...
 $ Race.RaceType1Cd                 : Factor w/ 5 levels "2-4-X-2","2-4-X-1",..: 2 2 2 2 2 1 1 1 2 1 ...
 $ RaceHorse.RaceId                 : Factor w/ 2830 levels "20160409-03-01-01-06",..: 11 12 13 14 15 16 17 18 19 20 ...
 $ RaceHorse.KettoNum               : Factor w/ 2458 levels "2009104374","2010104563",..: 11 12 13 14 15 16 17 18 19 20 ...
 $ RaceHorse.IsHit1                 : num  1 1 1 1 1 1 1 1 1 1 ...
 $ RaceHorse.IsHit2                 : num  0 0 0 0 0 0 0 0 0 0 ...
 $ RaceHorse.IsHit3                 : num  0 0 0 0 0 0 0 0 0 0 ...
 $ RaceHorse.IsHit4                 : num  0 0 0 0 0 0 0 0 0 0 ...
 $ RaceHorse.IsHit5                 : num  0 0 0 0 0 0 0 0 0 0 ...
 $ RaceHorse.IsHit6                 : num  0 0 0 0 0 0 0 0 0 0 ...
 $ RaceHorse.IsValidRaceHorse       : logi  TRUE TRUE TRUE TRUE TRUE TRUE ...
 $ RaceHorse.TimeSdvByRace          : num  1.54 1.31 1.94 1.24 1.28 ...
 $ RaceHorse.TimeSdv                : num  1.028 1.195 0.315 0.354 0.33 ...
 $ RaceHorse.IsHitA                 : num  1 1 1 1 1 1 1 1 1 1 ...
 $ RaceHorse.IsHitB                 : num  1 1 1 1 1 1 1 1 1 1 ...
 $ RaceHorse.IsHitC                 : num  1 1 1 1 1 1 1 1 1 1 ...
 $ Horse.KettoNum                   : Factor w/ 2458 levels "2009104374","2010104563",..: 11 12 13 14 15 16 17 18 19 20 ...
 $ Horse.TimeSdvByRaceAvg           : num  0.155 0.617 0.728 -0.082 0.157 ...
 $ Horse.TimeSdvByRaceMin           : num  -1.341 -0.551 -0.448 -2.778 -2.021 ...
 $ Horse.TimeSdvByRaceMax           : num  1.33 1.44 1.47 1.21 1.43 ...
 $ Horse.TimeSdvAvg                 : num  0.1999 0.4119 1.0821 0.0589 -0.0101 ...
 $ Horse.TimeSdvMin                 : num  -1.217 -0.711 -0.346 -1.911 -1.457 ...
 $ Horse.TimeSdvMax                 : num  1.26 1.6 2.11 1.24 1.12 ...
 $ Horse.OrderOfFinishSdvAvg        : num  0.114 0.616 0.768 -0.131 0.32 ...
 $ Horse.RunCount                   : num  35 14 12 22 14 14 14 19 15 16 ...
 $ Horse.HitCount1                  : num  1 2 1 1 2 0 2 1 2 2 ...
 $ Horse.HitCount2                  : num  1 1 3 2 0 1 1 4 3 1 ...
 $ Horse.HitCount3                  : num  2 3 1 1 0 1 0 7 2 0 ...
 $ Horse.HitCount4                  : num  4 1 1 1 4 1 1 1 1 2 ...
 $ Horse.HitCount5                  : num  1 2 2 1 1 1 1 0 2 1 ...
 $ Horse.HitRate1                   : num  0.0286 0.1429 0.0833 0.0455 0.1429 ...
 $ Horse.HitRate2                   : num  0.0286 0.0714 0.25 0.0909 0 ...
 $ Horse.HitRate3                   : num  0.0571 0.2143 0.0833 0.0455 0 ...
 $ Horse.HitRate4                   : num  0.1143 0.0714 0.0833 0.0455 0.2857 ...
 $ Horse.HitRate5                   : num  0.0286 0.1429 0.1667 0.0455 0.0714 ...
 $ EOF                              : int  1 1 1 1 1 1 1 1 1 1 ...
[1] "2022-02-26 23:45:43 --- RxSqlServerData Finish ---"
[1] "2022-02-26 23:45:43 --- subset Start ---"
[1] "--------------------------------------------------------------------------------"
[1] "nrow(data) subset before=2833"
[1] "nrow(data) subset after =2833"
[1] "nrow(data) subset diff =0"
[1] "--------------------------------------------------------------------------------"
[1] "2022-02-26 23:45:43 --- subset Finish---"
[1] "2022-02-26 23:45:43 --- transform Start ---"
[1] "--------------------------------------------------------------------------------"
[1] "nrow(data) transform before=2833"
[1] "nrow(data) transform after=2833"
[1] "nrow(data) transform diff=0"
[1] "--------------------------------------------------------------------------------"
[1] "str(data)="
'data.frame':	2833 obs. of  44 variables:
 $ Race.RaceId                      : Factor w/ 2830 levels "20160409-03-01-01-06",..: 11 12 13 14 15 16 17 18 19 20 ...
 $ Race.IsAnalyzeNormalPastAndFuture: logi  TRUE TRUE TRUE TRUE TRUE TRUE ...
 $ Race.IsAnalyzeNormalPast         : logi  TRUE TRUE TRUE TRUE TRUE TRUE ...
 $ Race.IsAnalyzeNormalFuture       : logi  FALSE FALSE FALSE FALSE FALSE FALSE ...
 $ Race.IsAnalyzeFullPastAndFuture  : logi  TRUE TRUE TRUE TRUE TRUE TRUE ...
 $ Race.IsAnalyzeFullPast           : logi  TRUE TRUE TRUE TRUE TRUE TRUE ...
 $ Race.IsAnalyzeFullFuture         : logi  FALSE FALSE FALSE FALSE FALSE FALSE ...
 $ Race.JyokenCd                    : Factor w/ 1 level "4": 1 1 1 1 1 1 1 1 1 1 ...
 $ Race.JyoType1Cd                  : Factor w/ 131 levels "2-03-1700-4-2",..: 10 11 12 13 14 15 16 17 10 18 ...
 $ Race.RaceType1Cd                 : Factor w/ 5 levels "2-4-X-2","2-4-X-1",..: 2 2 2 2 2 1 1 1 2 1 ...
 $ RaceHorse.RaceId                 : Factor w/ 2830 levels "20160409-03-01-01-06",..: 11 12 13 14 15 16 17 18 19 20 ...
 $ RaceHorse.KettoNum               : Factor w/ 2458 levels "2009104374","2010104563",..: 11 12 13 14 15 16 17 18 19 20 ...
 $ RaceHorse.IsHit1                 : num  1 1 1 1 1 1 1 1 1 1 ...
 $ RaceHorse.IsHit2                 : num  0 0 0 0 0 0 0 0 0 0 ...
 $ RaceHorse.IsHit3                 : num  0 0 0 0 0 0 0 0 0 0 ...
 $ RaceHorse.IsHit4                 : num  0 0 0 0 0 0 0 0 0 0 ...
 $ RaceHorse.IsHit5                 : num  0 0 0 0 0 0 0 0 0 0 ...
 $ RaceHorse.IsHit6                 : num  0 0 0 0 0 0 0 0 0 0 ...
 $ RaceHorse.IsValidRaceHorse       : logi  TRUE TRUE TRUE TRUE TRUE TRUE ...
 $ RaceHorse.TimeSdvByRace          : num  1.54 1.31 1.94 1.24 1.28 ...
 $ RaceHorse.TimeSdv                : num  1.028 1.195 0.315 0.354 0.33 ...
 $ RaceHorse.IsHitA                 : num  1 1 1 1 1 1 1 1 1 1 ...
 $ RaceHorse.IsHitB                 : num  1 1 1 1 1 1 1 1 1 1 ...
 $ RaceHorse.IsHitC                 : num  1 1 1 1 1 1 1 1 1 1 ...
 $ Horse.KettoNum                   : Factor w/ 2458 levels "2009104374","2010104563",..: 11 12 13 14 15 16 17 18 19 20 ...
 $ Horse.TimeSdvByRaceAvg           : num  0.155 0.617 0.728 -0.082 0.157 ...
 $ Horse.TimeSdvByRaceMin           : num  -1.341 -0.551 -0.448 -2.778 -2.021 ...
 $ Horse.TimeSdvByRaceMax           : num  1.33 1.44 1.47 1.21 1.43 ...
 $ Horse.TimeSdvAvg                 : num  0.1999 0.4119 1.0821 0.0589 -0.0101 ...
 $ Horse.TimeSdvMin                 : num  -1.217 -0.711 -0.346 -1.911 -1.457 ...
 $ Horse.TimeSdvMax                 : num  1.26 1.6 2.11 1.24 1.12 ...
 $ Horse.OrderOfFinishSdvAvg        : num  0.114 0.616 0.768 -0.131 0.32 ...
 $ Horse.RunCount                   : num  35 14 12 22 14 14 14 19 15 16 ...
 $ Horse.HitCount1                  : num  1 2 1 1 2 0 2 1 2 2 ...
 $ Horse.HitCount2                  : num  1 1 3 2 0 1 1 4 3 1 ...
 $ Horse.HitCount3                  : num  2 3 1 1 0 1 0 7 2 0 ...
 $ Horse.HitCount4                  : num  4 1 1 1 4 1 1 1 1 2 ...
 $ Horse.HitCount5                  : num  1 2 2 1 1 1 1 0 2 1 ...
 $ Horse.HitRate1                   : num  0.0286 0.1429 0.0833 0.0455 0.1429 ...
 $ Horse.HitRate2                   : num  0.0286 0.0714 0.25 0.0909 0 ...
 $ Horse.HitRate3                   : num  0.0571 0.2143 0.0833 0.0455 0 ...
 $ Horse.HitRate4                   : num  0.1143 0.0714 0.0833 0.0455 0.2857 ...
 $ Horse.HitRate5                   : num  0.0286 0.1429 0.1667 0.0455 0.0714 ...
 $ EOF                              : int  1 1 1 1 1 1 1 1 1 1 ...
NULL
[1] "2022-02-26 23:45:43 --- transform Finish ---"
[1] "2022-02-26 23:45:43 --- na.omit Start ---"
[1] "--------------------------------------------------------------------------------"
[1] "nrow(data) na.omit before=2833"
[1] "nrow(data) na.omit after =2833"
[1] "nrow(data) na.omit diff =0"
[1] "--------------------------------------------------------------------------------"
'data.frame':	2833 obs. of  44 variables:
 $ Race.RaceId                      : Factor w/ 2830 levels "20160409-03-01-01-06",..: 11 12 13 14 15 16 17 18 19 20 ...
 $ Race.IsAnalyzeNormalPastAndFuture: logi  TRUE TRUE TRUE TRUE TRUE TRUE ...
 $ Race.IsAnalyzeNormalPast         : logi  TRUE TRUE TRUE TRUE TRUE TRUE ...
 $ Race.IsAnalyzeNormalFuture       : logi  FALSE FALSE FALSE FALSE FALSE FALSE ...
 $ Race.IsAnalyzeFullPastAndFuture  : logi  TRUE TRUE TRUE TRUE TRUE TRUE ...
 $ Race.IsAnalyzeFullPast           : logi  TRUE TRUE TRUE TRUE TRUE TRUE ...
 $ Race.IsAnalyzeFullFuture         : logi  FALSE FALSE FALSE FALSE FALSE FALSE ...
 $ Race.JyokenCd                    : Factor w/ 1 level "4": 1 1 1 1 1 1 1 1 1 1 ...
 $ Race.JyoType1Cd                  : Factor w/ 131 levels "2-03-1700-4-2",..: 10 11 12 13 14 15 16 17 10 18 ...
 $ Race.RaceType1Cd                 : Factor w/ 5 levels "2-4-X-2","2-4-X-1",..: 2 2 2 2 2 1 1 1 2 1 ...
 $ RaceHorse.RaceId                 : Factor w/ 2830 levels "20160409-03-01-01-06",..: 11 12 13 14 15 16 17 18 19 20 ...
 $ RaceHorse.KettoNum               : Factor w/ 2458 levels "2009104374","2010104563",..: 11 12 13 14 15 16 17 18 19 20 ...
 $ RaceHorse.IsHit1                 : num  1 1 1 1 1 1 1 1 1 1 ...
 $ RaceHorse.IsHit2                 : num  0 0 0 0 0 0 0 0 0 0 ...
 $ RaceHorse.IsHit3                 : num  0 0 0 0 0 0 0 0 0 0 ...
 $ RaceHorse.IsHit4                 : num  0 0 0 0 0 0 0 0 0 0 ...
 $ RaceHorse.IsHit5                 : num  0 0 0 0 0 0 0 0 0 0 ...
 $ RaceHorse.IsHit6                 : num  0 0 0 0 0 0 0 0 0 0 ...
 $ RaceHorse.IsValidRaceHorse       : logi  TRUE TRUE TRUE TRUE TRUE TRUE ...
 $ RaceHorse.TimeSdvByRace          : num  1.54 1.31 1.94 1.24 1.28 ...
 $ RaceHorse.TimeSdv                : num  1.028 1.195 0.315 0.354 0.33 ...
 $ RaceHorse.IsHitA                 : num  1 1 1 1 1 1 1 1 1 1 ...
 $ RaceHorse.IsHitB                 : num  1 1 1 1 1 1 1 1 1 1 ...
 $ RaceHorse.IsHitC                 : num  1 1 1 1 1 1 1 1 1 1 ...
 $ Horse.KettoNum                   : Factor w/ 2458 levels "2009104374","2010104563",..: 11 12 13 14 15 16 17 18 19 20 ...
 $ Horse.TimeSdvByRaceAvg           : num  0.155 0.617 0.728 -0.082 0.157 ...
 $ Horse.TimeSdvByRaceMin           : num  -1.341 -0.551 -0.448 -2.778 -2.021 ...
 $ Horse.TimeSdvByRaceMax           : num  1.33 1.44 1.47 1.21 1.43 ...
 $ Horse.TimeSdvAvg                 : num  0.1999 0.4119 1.0821 0.0589 -0.0101 ...
 $ Horse.TimeSdvMin                 : num  -1.217 -0.711 -0.346 -1.911 -1.457 ...
 $ Horse.TimeSdvMax                 : num  1.26 1.6 2.11 1.24 1.12 ...
 $ Horse.OrderOfFinishSdvAvg        : num  0.114 0.616 0.768 -0.131 0.32 ...
 $ Horse.RunCount                   : num  35 14 12 22 14 14 14 19 15 16 ...
 $ Horse.HitCount1                  : num  1 2 1 1 2 0 2 1 2 2 ...
 $ Horse.HitCount2                  : num  1 1 3 2 0 1 1 4 3 1 ...
 $ Horse.HitCount3                  : num  2 3 1 1 0 1 0 7 2 0 ...
 $ Horse.HitCount4                  : num  4 1 1 1 4 1 1 1 1 2 ...
 $ Horse.HitCount5                  : num  1 2 2 1 1 1 1 0 2 1 ...
 $ Horse.HitRate1                   : num  0.0286 0.1429 0.0833 0.0455 0.1429 ...
 $ Horse.HitRate2                   : num  0.0286 0.0714 0.25 0.0909 0 ...
 $ Horse.HitRate3                   : num  0.0571 0.2143 0.0833 0.0455 0 ...
 $ Horse.HitRate4                   : num  0.1143 0.0714 0.0833 0.0455 0.2857 ...
 $ Horse.HitRate5                   : num  0.0286 0.1429 0.1667 0.0455 0.0714 ...
 $ EOF                              : int  1 1 1 1 1 1 1 1 1 1 ...
[1] "2022-02-26 23:45:43 --- na.omit Finish ---"
[1] "2022-02-26 23:45:43 --- rxGlm with rxStepControl Start ---"

> print(paste0(Sys.time(), " --- source_logic_glm.R Start ---"))
[1] "2022-02-26 23:45:43 --- source_logic_glm.R Start ---"

> formula <- formula(RaceHorse.IsHitA ~ +1 + Horse.TimeSdvByRaceAvg)

> print(paste0(Sys.time(), " --- source_logic_glm.R Finished ---"))
[1] "2022-02-26 23:45:43 --- source_logic_glm.R Finished ---"
Rows Read: 2833, Total Rows Processed: 2833, Total Chunk Time: Less than .001 seconds 

Starting values (iteration 1) time: 0.007 secs.
Rows Read: 2833, Total Rows Processed: 2833, Total Chunk Time: Less than .001 seconds 

Iteration 2 time: 0.004 secs.

Elapsed computation time: 0.018 secs.
Rows Read: 2833, Total Rows Processed: 2833, Total Chunk Time: Less than .001 seconds 

Starting values (iteration 1) time: 0.005 secs.
Rows Read: 2833, Total Rows Processed: 2833, Total Chunk Time: Less than .001 seconds 

Iteration 2 time: 0.004 secs.

Elapsed computation time: 0.017 secs.
Rows Read: 2833, Total Rows Processed: 2833, Total Chunk Time: Less than .001 seconds 

Starting values (iteration 1) time: 0.005 secs.
Rows Read: 2833, Total Rows Processed: 2833, Total Chunk Time: Less than .001 seconds 

Iteration 2 time: 0.005 secs.

Elapsed computation time: 0.020 secs.
Rows Read: 2833, Total Rows Processed: 2833, Total Chunk Time: Less than .001 seconds 

Starting values (iteration 1) time: 0.005 secs.
Rows Read: 2833, Total Rows Processed: 2833, Total Chunk Time: Less than .001 seconds 

Iteration 2 time: 0.004 secs.

Elapsed computation time: 0.018 secs.

Elapsed computation time: 0.089 secs.
[1] "--------------------------------------------------------------------------------"
[1] "analyze.results.glm.step="
Logistic Regression Results for: RaceHorse.IsHitA ~ 1
Data: data
Dependent variable(s): RaceHorse.IsHitA
Total independent variables: 1 
Number of valid observations: 2833
Number of missing observations: 0 
 
Coefficients:
            RaceHorse.IsHitA
(Intercept)                2
[1] "analyze.results.glm.step.summary"
Call:
rxLogit(formula = formula, data = data, variableSelection = analyze.results.glm.step.varsel)

Logistic Regression Results for: RaceHorse.IsHitA ~ 1
Data: data
Dependent variable(s): RaceHorse.IsHitA
Total independent variables: 1 
Number of valid observations: 2833
Number of missing observations: 0 
-2*LogLikelihood: 3927.372 (Residual deviance on 2832 degrees of freedom)
 
Coefficients:
            Estimate Std. Error z value Pr(>|z|)    
(Intercept)   2.0000     0.0376    53.2  2.2e-16 ***
---
Signif. codes:  0 '***' 0.001 '**' 0.01 '*' 0.05 '.' 0.1 ' ' 1

Condition number of final variance-covariance matrix: 1 
Number of iterations: 2
[1] "--------------------------------------------------------------------------------"
[1] "2022-02-26 23:45:43 --- rxGlm with rxStepControl Finish ---"
[1] "2022-02-26 23:45:43 --- rxStepPlot Start ---"
[1] "pdfFilename=pdf_analyze_glm_Horse_Type24_rxStepPlot.pdf"
[1] "rxStepPlot="
[1] "2022-02-26 23:45:43 --- rxStepPlot Finish ---"
[1] "2022-02-26 23:45:43 --- save.image Start ---"
[1] "save.image"
[1] "rdataFilename=RData_analyze_glm_Horse_Type24.RData"
[1] "2022-02-26 23:45:43 --- save.image Finish ---"
[1] "2022-02-26 23:45:43 --- final Start ---"
[1] "--------------------------------------------------------------------------------"
[1] "nrow(data) final=2833"
[1] "--------------------------------------------------------------------------------"
[1] "2022-02-26 23:45:43 --- final Finish ---"
[1] "2022-02-26 23:45:44 --- analyze_glm.R Finished ---"
[1] "2022-02-26 23:45:44 --- log Finish ---"
