[1] "2022-02-26 23:10:38 --- D1115_analyze_glm_Gen01_IsHitA_Type35 Start ---"
[1] "2022-02-26 23:10:38 --- Log Start ---"
[1] "2022-02-26 23:10:38 --- analyze_glm.R Start ---"
[1] "analyzeVersion=D1115"
[1] "analyzeCategory=analyze"
[1] "analyzeType=Gen01"
[1] "analyzeFamily=IsHitA"
[1] "analyzeFunc=glm"
[1] "analyzeTrackTypeCd=3"
[1] "analyzeJyokenCd=5"
[1] "2022-02-26 23:10:38 --- source_function.R Start ---"
[1] "2022-02-26 23:10:38 --- source_function.R Finished ---"

> print(paste0(Sys.time(), " --- source_library.R Start ---"))
[1] "2022-02-26 23:10:38 --- source_library.R Start ---"

> require("RevoScaleR")

> print(paste0(Sys.time(), " --- source_library.R Finished ---"))
[1] "2022-02-26 23:10:39 --- source_library.R Finished ---"
[1] "2022-02-26 23:10:39 --- RxSqlServerData Start ---"
[1] "2022-02-26 23:10:39 --- RxInSqlServer Start ---"
[1] "2022-02-26 23:10:39 --- RxInSqlServer Finish ---"
[1] "2022-02-26 23:10:39 --- rxSetComputeContext Start ---"
[1] "2022-02-26 23:10:39 --- rxSetComputeContext Finish ---"
[1] "2022-02-26 23:10:39 --- RxSqlServerData Start ---"
[1] "sqlQuery=SELECT * FROM ViewAnalyzeD1115analyze01Gen01Type35"
[1] "2022-02-26 23:10:39 --- RxSqlServerData Finish ---"
[1] "2022-02-26 23:10:39 --- rxGetVarInfo Start ---"
[1] "2022-02-26 23:10:39 --- rxGetVarInfo Finish---"
[1] "2022-02-26 23:10:39 --- rxImport Start ---"
Rows Read: 417, Total Rows Processed: 417, Total Chunk Time: 8.889 seconds 
[1] "2022-02-26 23:10:57 --- rxImport Finish ---"
[1] "object.size(data) auto=240.4 Kb"
[1] "--------------------------------------------------------------------------------"
[1] "nrow(data) RxSqlServerData=417"
[1] "--------------------------------------------------------------------------------"
[1] "str(data)="
'data.frame':	417 obs. of  44 variables:
 $ Race.RaceId                      : Factor w/ 417 levels "20160117-07-01-02-04",..: 11 12 13 14 15 16 17 18 19 20 ...
 $ Race.IsAnalyzeNormalPastAndFuture: logi  TRUE TRUE TRUE TRUE TRUE TRUE ...
 $ Race.IsAnalyzeNormalPast         : logi  TRUE TRUE TRUE TRUE TRUE TRUE ...
 $ Race.IsAnalyzeNormalFuture       : logi  FALSE FALSE FALSE FALSE FALSE FALSE ...
 $ Race.IsAnalyzeFullPastAndFuture  : logi  TRUE TRUE TRUE TRUE TRUE TRUE ...
 $ Race.IsAnalyzeFullPast           : logi  TRUE TRUE TRUE TRUE TRUE TRUE ...
 $ Race.IsAnalyzeFullFuture         : logi  FALSE FALSE FALSE FALSE FALSE FALSE ...
 $ Race.JyokenCd                    : Factor w/ 1 level "5": 1 1 1 1 1 1 1 1 1 1 ...
 $ Race.JyoType1Cd                  : Factor w/ 34 levels "3-07-3000-5-1",..: 8 7 9 10 2 11 11 2 1 1 ...
 $ Race.RaceType1Cd                 : Factor w/ 1 level "3-5-X-3": 1 1 1 1 1 1 1 1 1 1 ...
 $ RaceHorse.RaceId                 : Factor w/ 417 levels "20160117-07-01-02-04",..: 11 12 13 14 15 16 17 18 19 20 ...
 $ RaceHorse.KettoNum               : Factor w/ 417 levels "2011103161","2010110004",..: 11 12 13 14 15 16 17 18 19 20 ...
 $ RaceHorse.IsHit1                 : num  1 1 1 1 1 1 1 1 1 1 ...
 $ RaceHorse.IsHit2                 : num  0 0 0 0 0 0 0 0 0 0 ...
 $ RaceHorse.IsHit3                 : num  0 0 0 0 0 0 0 0 0 0 ...
 $ RaceHorse.IsHit4                 : num  0 0 0 0 0 0 0 0 0 0 ...
 $ RaceHorse.IsHit5                 : num  0 0 0 0 0 0 0 0 0 0 ...
 $ RaceHorse.IsHit6                 : num  0 0 0 0 0 0 0 0 0 0 ...
 $ RaceHorse.IsValidRaceHorse       : logi  TRUE TRUE TRUE TRUE TRUE TRUE ...
 $ RaceHorse.TimeSdvByRace          : num  1.242 0.818 1.45 1.03 1.23 ...
 $ RaceHorse.TimeSdv                : num  0.955 0.48 0.754 1.466 0.772 ...
 $ RaceHorse.IsHitA                 : num  1 1 1 1 1 1 1 1 1 1 ...
 $ RaceHorse.IsHitB                 : num  1 1 1 1 1 1 1 1 1 1 ...
 $ RaceHorse.IsHitC                 : num  1 1 1 1 1 1 1 1 1 1 ...
 $ Gen01.HansyokuNum                : Factor w/ 124 levels "11201916","11406315",..: 11 12 13 14 15 16 17 5 3 18 ...
 $ Gen01.TimeSdvByRaceAvg           : num  0.0415 -0.0779 -0.2077 0.5599 0.1694 ...
 $ Gen01.TimeSdvByRaceMin           : num  -2.96 -2.74 -1.41 -1.06 -2.27 ...
 $ Gen01.TimeSdvByRaceMax           : num  1.535 1.53 0.579 1.452 1.25 ...
 $ Gen01.TimeSdvAvg                 : num  -0.0106 -0.0711 -0.1405 0.6175 0.1013 ...
 $ Gen01.TimeSdvMin                 : num  -2.991 -3.612 -0.958 -0.773 -2.198 ...
 $ Gen01.TimeSdvMax                 : num  1.386 1.523 0.687 1.501 1.48 ...
 $ Gen01.OrderOfFinishSdvAvg        : num  0.0904 -0.0739 -0.4482 0.5819 0.0508 ...
 $ Gen01.RunCount                   : num  49 100 7 24 31 5 10 30 107 48 ...
 $ Gen01.HitCount1                  : num  3 9 0 3 2 0 0 3 14 3 ...
 $ Gen01.HitCount2                  : num  3 7 0 2 1 0 0 3 7 5 ...
 $ Gen01.HitCount3                  : num  7 6 0 3 3 0 0 4 10 4 ...
 $ Gen01.HitCount4                  : num  7 6 0 4 1 0 0 3 10 3 ...
 $ Gen01.HitCount5                  : num  3 9 1 6 5 0 1 4 6 3 ...
 $ Gen01.HitRate1                   : num  0.0612 0.09 0 0.125 0.0645 ...
 $ Gen01.HitRate2                   : num  0.0612 0.07 0 0.0833 0.0323 ...
 $ Gen01.HitRate3                   : num  0.1429 0.06 0 0.125 0.0968 ...
 $ Gen01.HitRate4                   : num  0.1429 0.06 0 0.1667 0.0323 ...
 $ Gen01.HitRate5                   : num  0.0612 0.09 0.1429 0.25 0.1613 ...
 $ EOF                              : int  1 1 1 1 1 1 1 1 1 1 ...
[1] "2022-02-26 23:10:59 --- RxSqlServerData Finish ---"
[1] "2022-02-26 23:10:59 --- subset Start ---"
[1] "--------------------------------------------------------------------------------"
[1] "nrow(data) subset before=417"
[1] "nrow(data) subset after =417"
[1] "nrow(data) subset diff =0"
[1] "--------------------------------------------------------------------------------"
[1] "2022-02-26 23:10:59 --- subset Finish---"
[1] "2022-02-26 23:10:59 --- transform Start ---"
[1] "--------------------------------------------------------------------------------"
[1] "nrow(data) transform before=417"
[1] "nrow(data) transform after=417"
[1] "nrow(data) transform diff=0"
[1] "--------------------------------------------------------------------------------"
[1] "str(data)="
'data.frame':	417 obs. of  44 variables:
 $ Race.RaceId                      : Factor w/ 417 levels "20160117-07-01-02-04",..: 11 12 13 14 15 16 17 18 19 20 ...
 $ Race.IsAnalyzeNormalPastAndFuture: logi  TRUE TRUE TRUE TRUE TRUE TRUE ...
 $ Race.IsAnalyzeNormalPast         : logi  TRUE TRUE TRUE TRUE TRUE TRUE ...
 $ Race.IsAnalyzeNormalFuture       : logi  FALSE FALSE FALSE FALSE FALSE FALSE ...
 $ Race.IsAnalyzeFullPastAndFuture  : logi  TRUE TRUE TRUE TRUE TRUE TRUE ...
 $ Race.IsAnalyzeFullPast           : logi  TRUE TRUE TRUE TRUE TRUE TRUE ...
 $ Race.IsAnalyzeFullFuture         : logi  FALSE FALSE FALSE FALSE FALSE FALSE ...
 $ Race.JyokenCd                    : Factor w/ 1 level "5": 1 1 1 1 1 1 1 1 1 1 ...
 $ Race.JyoType1Cd                  : Factor w/ 34 levels "3-07-3000-5-1",..: 8 7 9 10 2 11 11 2 1 1 ...
 $ Race.RaceType1Cd                 : Factor w/ 1 level "3-5-X-3": 1 1 1 1 1 1 1 1 1 1 ...
 $ RaceHorse.RaceId                 : Factor w/ 417 levels "20160117-07-01-02-04",..: 11 12 13 14 15 16 17 18 19 20 ...
 $ RaceHorse.KettoNum               : Factor w/ 417 levels "2011103161","2010110004",..: 11 12 13 14 15 16 17 18 19 20 ...
 $ RaceHorse.IsHit1                 : num  1 1 1 1 1 1 1 1 1 1 ...
 $ RaceHorse.IsHit2                 : num  0 0 0 0 0 0 0 0 0 0 ...
 $ RaceHorse.IsHit3                 : num  0 0 0 0 0 0 0 0 0 0 ...
 $ RaceHorse.IsHit4                 : num  0 0 0 0 0 0 0 0 0 0 ...
 $ RaceHorse.IsHit5                 : num  0 0 0 0 0 0 0 0 0 0 ...
 $ RaceHorse.IsHit6                 : num  0 0 0 0 0 0 0 0 0 0 ...
 $ RaceHorse.IsValidRaceHorse       : logi  TRUE TRUE TRUE TRUE TRUE TRUE ...
 $ RaceHorse.TimeSdvByRace          : num  1.242 0.818 1.45 1.03 1.23 ...
 $ RaceHorse.TimeSdv                : num  0.955 0.48 0.754 1.466 0.772 ...
 $ RaceHorse.IsHitA                 : num  1 1 1 1 1 1 1 1 1 1 ...
 $ RaceHorse.IsHitB                 : num  1 1 1 1 1 1 1 1 1 1 ...
 $ RaceHorse.IsHitC                 : num  1 1 1 1 1 1 1 1 1 1 ...
 $ Gen01.HansyokuNum                : Factor w/ 124 levels "11201916","11406315",..: 11 12 13 14 15 16 17 5 3 18 ...
 $ Gen01.TimeSdvByRaceAvg           : num  0.0415 -0.0779 -0.2077 0.5599 0.1694 ...
 $ Gen01.TimeSdvByRaceMin           : num  -2.96 -2.74 -1.41 -1.06 -2.27 ...
 $ Gen01.TimeSdvByRaceMax           : num  1.535 1.53 0.579 1.452 1.25 ...
 $ Gen01.TimeSdvAvg                 : num  -0.0106 -0.0711 -0.1405 0.6175 0.1013 ...
 $ Gen01.TimeSdvMin                 : num  -2.991 -3.612 -0.958 -0.773 -2.198 ...
 $ Gen01.TimeSdvMax                 : num  1.386 1.523 0.687 1.501 1.48 ...
 $ Gen01.OrderOfFinishSdvAvg        : num  0.0904 -0.0739 -0.4482 0.5819 0.0508 ...
 $ Gen01.RunCount                   : num  49 100 7 24 31 5 10 30 107 48 ...
 $ Gen01.HitCount1                  : num  3 9 0 3 2 0 0 3 14 3 ...
 $ Gen01.HitCount2                  : num  3 7 0 2 1 0 0 3 7 5 ...
 $ Gen01.HitCount3                  : num  7 6 0 3 3 0 0 4 10 4 ...
 $ Gen01.HitCount4                  : num  7 6 0 4 1 0 0 3 10 3 ...
 $ Gen01.HitCount5                  : num  3 9 1 6 5 0 1 4 6 3 ...
 $ Gen01.HitRate1                   : num  0.0612 0.09 0 0.125 0.0645 ...
 $ Gen01.HitRate2                   : num  0.0612 0.07 0 0.0833 0.0323 ...
 $ Gen01.HitRate3                   : num  0.1429 0.06 0 0.125 0.0968 ...
 $ Gen01.HitRate4                   : num  0.1429 0.06 0 0.1667 0.0323 ...
 $ Gen01.HitRate5                   : num  0.0612 0.09 0.1429 0.25 0.1613 ...
 $ EOF                              : int  1 1 1 1 1 1 1 1 1 1 ...
NULL
[1] "2022-02-26 23:11:05 --- transform Finish ---"
[1] "2022-02-26 23:11:05 --- na.omit Start ---"
[1] "--------------------------------------------------------------------------------"
[1] "nrow(data) na.omit before=417"
[1] "nrow(data) na.omit after =417"
[1] "nrow(data) na.omit diff =0"
[1] "--------------------------------------------------------------------------------"
'data.frame':	417 obs. of  44 variables:
 $ Race.RaceId                      : Factor w/ 417 levels "20160117-07-01-02-04",..: 11 12 13 14 15 16 17 18 19 20 ...
 $ Race.IsAnalyzeNormalPastAndFuture: logi  TRUE TRUE TRUE TRUE TRUE TRUE ...
 $ Race.IsAnalyzeNormalPast         : logi  TRUE TRUE TRUE TRUE TRUE TRUE ...
 $ Race.IsAnalyzeNormalFuture       : logi  FALSE FALSE FALSE FALSE FALSE FALSE ...
 $ Race.IsAnalyzeFullPastAndFuture  : logi  TRUE TRUE TRUE TRUE TRUE TRUE ...
 $ Race.IsAnalyzeFullPast           : logi  TRUE TRUE TRUE TRUE TRUE TRUE ...
 $ Race.IsAnalyzeFullFuture         : logi  FALSE FALSE FALSE FALSE FALSE FALSE ...
 $ Race.JyokenCd                    : Factor w/ 1 level "5": 1 1 1 1 1 1 1 1 1 1 ...
 $ Race.JyoType1Cd                  : Factor w/ 34 levels "3-07-3000-5-1",..: 8 7 9 10 2 11 11 2 1 1 ...
 $ Race.RaceType1Cd                 : Factor w/ 1 level "3-5-X-3": 1 1 1 1 1 1 1 1 1 1 ...
 $ RaceHorse.RaceId                 : Factor w/ 417 levels "20160117-07-01-02-04",..: 11 12 13 14 15 16 17 18 19 20 ...
 $ RaceHorse.KettoNum               : Factor w/ 417 levels "2011103161","2010110004",..: 11 12 13 14 15 16 17 18 19 20 ...
 $ RaceHorse.IsHit1                 : num  1 1 1 1 1 1 1 1 1 1 ...
 $ RaceHorse.IsHit2                 : num  0 0 0 0 0 0 0 0 0 0 ...
 $ RaceHorse.IsHit3                 : num  0 0 0 0 0 0 0 0 0 0 ...
 $ RaceHorse.IsHit4                 : num  0 0 0 0 0 0 0 0 0 0 ...
 $ RaceHorse.IsHit5                 : num  0 0 0 0 0 0 0 0 0 0 ...
 $ RaceHorse.IsHit6                 : num  0 0 0 0 0 0 0 0 0 0 ...
 $ RaceHorse.IsValidRaceHorse       : logi  TRUE TRUE TRUE TRUE TRUE TRUE ...
 $ RaceHorse.TimeSdvByRace          : num  1.242 0.818 1.45 1.03 1.23 ...
 $ RaceHorse.TimeSdv                : num  0.955 0.48 0.754 1.466 0.772 ...
 $ RaceHorse.IsHitA                 : num  1 1 1 1 1 1 1 1 1 1 ...
 $ RaceHorse.IsHitB                 : num  1 1 1 1 1 1 1 1 1 1 ...
 $ RaceHorse.IsHitC                 : num  1 1 1 1 1 1 1 1 1 1 ...
 $ Gen01.HansyokuNum                : Factor w/ 124 levels "11201916","11406315",..: 11 12 13 14 15 16 17 5 3 18 ...
 $ Gen01.TimeSdvByRaceAvg           : num  0.0415 -0.0779 -0.2077 0.5599 0.1694 ...
 $ Gen01.TimeSdvByRaceMin           : num  -2.96 -2.74 -1.41 -1.06 -2.27 ...
 $ Gen01.TimeSdvByRaceMax           : num  1.535 1.53 0.579 1.452 1.25 ...
 $ Gen01.TimeSdvAvg                 : num  -0.0106 -0.0711 -0.1405 0.6175 0.1013 ...
 $ Gen01.TimeSdvMin                 : num  -2.991 -3.612 -0.958 -0.773 -2.198 ...
 $ Gen01.TimeSdvMax                 : num  1.386 1.523 0.687 1.501 1.48 ...
 $ Gen01.OrderOfFinishSdvAvg        : num  0.0904 -0.0739 -0.4482 0.5819 0.0508 ...
 $ Gen01.RunCount                   : num  49 100 7 24 31 5 10 30 107 48 ...
 $ Gen01.HitCount1                  : num  3 9 0 3 2 0 0 3 14 3 ...
 $ Gen01.HitCount2                  : num  3 7 0 2 1 0 0 3 7 5 ...
 $ Gen01.HitCount3                  : num  7 6 0 3 3 0 0 4 10 4 ...
 $ Gen01.HitCount4                  : num  7 6 0 4 1 0 0 3 10 3 ...
 $ Gen01.HitCount5                  : num  3 9 1 6 5 0 1 4 6 3 ...
 $ Gen01.HitRate1                   : num  0.0612 0.09 0 0.125 0.0645 ...
 $ Gen01.HitRate2                   : num  0.0612 0.07 0 0.0833 0.0323 ...
 $ Gen01.HitRate3                   : num  0.1429 0.06 0 0.125 0.0968 ...
 $ Gen01.HitRate4                   : num  0.1429 0.06 0 0.1667 0.0323 ...
 $ Gen01.HitRate5                   : num  0.0612 0.09 0.1429 0.25 0.1613 ...
 $ EOF                              : int  1 1 1 1 1 1 1 1 1 1 ...
[1] "2022-02-26 23:11:07 --- na.omit Finish ---"
[1] "2022-02-26 23:11:08 --- rxGlm with rxStepControl Start ---"

> print(paste0(Sys.time(), " --- source_logic_glm.R Start ---"))
[1] "2022-02-26 23:11:08 --- source_logic_glm.R Start ---"

> formula <- formula(RaceHorse.IsHitA ~ +1 + Gen01.TimeSdvByRaceAvg)

> print(paste0(Sys.time(), " --- source_logic_glm.R Finished ---"))
[1] "2022-02-26 23:11:08 --- source_logic_glm.R Finished ---"
Rows Read: 417, Total Rows Processed: 417, Total Chunk Time: 0.001 seconds 

Starting values (iteration 1) time: 0.032 secs.
Rows Read: 417, Total Rows Processed: 417, Total Chunk Time: 0.002 seconds 

Iteration 2 time: 0.010 secs.

Elapsed computation time: 0.051 secs.
Rows Read: 417, Total Rows Processed: 417, Total Chunk Time: 0.001 seconds 

Starting values (iteration 1) time: 0.016 secs.
Rows Read: 417, Total Rows Processed: 417, Total Chunk Time: 0.001 seconds 

Iteration 2 time: 0.011 secs.

Elapsed computation time: 0.050 secs.
Rows Read: 417, Total Rows Processed: 417, Total Chunk Time: 0.001 seconds 

Starting values (iteration 1) time: 0.010 secs.
Rows Read: 417, Total Rows Processed: 417, Total Chunk Time: Less than .001 seconds 

Iteration 2 time: 0.007 secs.

Elapsed computation time: 0.036 secs.
Rows Read: 417, Total Rows Processed: 417, Total Chunk Time: 0.001 seconds 

Starting values (iteration 1) time: 0.007 secs.
Rows Read: 417, Total Rows Processed: 417, Total Chunk Time: 0.001 seconds 

Iteration 2 time: 0.009 secs.

Elapsed computation time: 0.040 secs.

Elapsed computation time: 0.211 secs.
[1] "--------------------------------------------------------------------------------"
[1] "analyze.results.glm.step="
Logistic Regression Results for: RaceHorse.IsHitA ~ 1
Data: data
Dependent variable(s): RaceHorse.IsHitA
Total independent variables: 1 
Number of valid observations: 417
Number of missing observations: 0 
 
Coefficients:
            RaceHorse.IsHitA
(Intercept)                2
[1] "analyze.results.glm.step.summary"
Call:
rxLogit(formula = formula, data = data, variableSelection = analyze.results.glm.step.varsel)

Logistic Regression Results for: RaceHorse.IsHitA ~ 1
Data: data
Dependent variable(s): RaceHorse.IsHitA
Total independent variables: 1 
Number of valid observations: 417
Number of missing observations: 0 
-2*LogLikelihood: 578.085 (Residual deviance on 416 degrees of freedom)
 
Coefficients:
            Estimate Std. Error z value Pr(>|z|)    
(Intercept)   2.0000     0.0979    20.4  2.2e-16 ***
---
Signif. codes:  0 '***' 0.001 '**' 0.01 '*' 0.05 '.' 0.1 ' ' 1

Condition number of final variance-covariance matrix: 1 
Number of iterations: 2
[1] "--------------------------------------------------------------------------------"
[1] "2022-02-26 23:11:08 --- rxGlm with rxStepControl Finish ---"
[1] "2022-02-26 23:11:08 --- rxStepPlot Start ---"
[1] "pdfFilename=pdf_analyze_glm_Gen01_Type35_rxStepPlot.pdf"
[1] "rxStepPlot="
[1] "2022-02-26 23:11:08 --- rxStepPlot Finish ---"
[1] "2022-02-26 23:11:08 --- save.image Start ---"
[1] "save.image"
[1] "rdataFilename=RData_analyze_glm_Gen01_Type35.RData"
[1] "2022-02-26 23:11:09 --- save.image Finish ---"
[1] "2022-02-26 23:11:09 --- final Start ---"
[1] "--------------------------------------------------------------------------------"
[1] "nrow(data) final=417"
[1] "--------------------------------------------------------------------------------"
[1] "2022-02-26 23:11:09 --- final Finish ---"
[1] "2022-02-26 23:11:09 --- analyze_glm.R Finished ---"
[1] "2022-02-26 23:11:09 --- log Finish ---"
