[1] "2022-02-26 23:12:32 --- D1115_analyze_glm_Jockey_IsHitA_Type13 Start ---"
[1] "2022-02-26 23:12:32 --- Log Start ---"
[1] "2022-02-26 23:12:32 --- analyze_glm.R Start ---"
[1] "analyzeVersion=D1115"
[1] "analyzeCategory=analyze"
[1] "analyzeType=Jockey"
[1] "analyzeFamily=IsHitA"
[1] "analyzeFunc=glm"
[1] "analyzeTrackTypeCd=1"
[1] "analyzeJyokenCd=3"
[1] "2022-02-26 23:12:32 --- source_function.R Start ---"
[1] "2022-02-26 23:12:32 --- source_function.R Finished ---"

> print(paste0(Sys.time(), " --- source_library.R Start ---"))
[1] "2022-02-26 23:12:32 --- source_library.R Start ---"

> require("RevoScaleR")

> print(paste0(Sys.time(), " --- source_library.R Finished ---"))
[1] "2022-02-26 23:12:37 --- source_library.R Finished ---"
[1] "2022-02-26 23:12:37 --- RxSqlServerData Start ---"
[1] "2022-02-26 23:12:37 --- RxInSqlServer Start ---"
[1] "2022-02-26 23:12:37 --- RxInSqlServer Finish ---"
[1] "2022-02-26 23:12:37 --- rxSetComputeContext Start ---"
[1] "2022-02-26 23:12:37 --- rxSetComputeContext Finish ---"
[1] "2022-02-26 23:12:38 --- RxSqlServerData Start ---"
[1] "sqlQuery=SELECT * FROM ViewAnalyzeD1115analyze01JockeyType13"
[1] "2022-02-26 23:12:38 --- RxSqlServerData Finish ---"
[1] "2022-02-26 23:12:38 --- rxGetVarInfo Start ---"
[1] "2022-02-26 23:12:40 --- rxGetVarInfo Finish---"
[1] "2022-02-26 23:12:40 --- rxImport Start ---"
Rows Read: 1177, Total Rows Processed: 1177, Total Chunk Time: 10.189 seconds 
[1] "2022-02-26 23:13:45 --- rxImport Finish ---"
[1] "object.size(data) auto=628.1 Kb"
[1] "--------------------------------------------------------------------------------"
[1] "nrow(data) RxSqlServerData=1177"
[1] "--------------------------------------------------------------------------------"
[1] "str(data)="
'data.frame':	1177 obs. of  43 variables:
 $ Race.RaceId                      : Factor w/ 1175 levels "20160924-09-04-05-10",..: 1 2 3 4 5 7 6 8 9 10 ...
 $ Race.IsAnalyzeNormalPastAndFuture: logi  TRUE TRUE TRUE TRUE TRUE TRUE ...
 $ Race.IsAnalyzeNormalPast         : logi  TRUE TRUE TRUE TRUE TRUE TRUE ...
 $ Race.IsAnalyzeNormalFuture       : logi  FALSE FALSE FALSE FALSE FALSE FALSE ...
 $ Race.IsAnalyzeFullPastAndFuture  : logi  TRUE TRUE TRUE TRUE TRUE TRUE ...
 $ Race.IsAnalyzeFullPast           : logi  TRUE TRUE TRUE TRUE TRUE TRUE ...
 $ Race.IsAnalyzeFullFuture         : logi  FALSE FALSE FALSE FALSE FALSE FALSE ...
 $ Race.JyokenCd                    : Factor w/ 1 level "3": 1 1 1 1 1 1 1 1 1 1 ...
 $ Race.JyoType1Cd                  : Factor w/ 152 levels "1-09-1800-3-2",..: 1 2 3 4 5 7 6 8 9 8 ...
 $ Race.RaceType1Cd                 : Factor w/ 6 levels "1-3-E-2","1-3-E-1",..: 1 2 2 1 2 1 3 2 1 2 ...
 $ RaceHorse.RaceId                 : Factor w/ 1175 levels "20160924-09-04-05-10",..: 1 2 3 4 5 7 6 8 9 10 ...
 $ RaceHorse.KettoNum               : Factor w/ 1069 levels "2013104496","2012104535",..: 1 2 3 4 5 7 6 8 9 10 ...
 $ RaceHorse.IsHit1                 : num  1 1 1 1 1 1 1 1 1 1 ...
 $ RaceHorse.IsHit2                 : num  0 0 0 0 0 0 0 0 0 0 ...
 $ RaceHorse.IsHit3                 : num  0 0 0 0 0 0 0 0 0 0 ...
 $ RaceHorse.IsHit4                 : num  0 0 0 0 0 0 0 0 0 0 ...
 $ RaceHorse.IsHit5                 : num  0 0 0 0 0 0 0 0 0 0 ...
 $ RaceHorse.IsHit6                 : num  0 0 0 0 0 0 0 0 0 0 ...
 $ RaceHorse.IsValidRaceHorse       : logi  TRUE TRUE TRUE TRUE TRUE TRUE ...
 $ RaceHorse.TimeSdvByRace          : num  1.214 0.937 2.005 1.746 1.241 ...
 $ RaceHorse.TimeSdv                : num  0.458 1.068 0.802 0.547 1.292 ...
 $ RaceHorse.IsHitA                 : num  1 1 1 1 1 1 1 1 1 1 ...
 $ RaceHorse.IsHitB                 : num  1 1 1 1 1 1 1 1 1 1 ...
 $ RaceHorse.IsHitC                 : num  1 1 1 1 1 1 1 1 1 1 ...
 $ Jockey.TimeSdvByRaceAvg          : num  -0.61791 0.55593 0.00449 0.15245 -0.00765 ...
 $ Jockey.TimeSdvByRaceMin          : num  -2.91 -2.65 -2.83 -2.34 -1.12 ...
 $ Jockey.TimeSdvByRaceMax          : num  1.47 2.45 1.58 1.92 1.85 ...
 $ Jockey.TimeSdvAvg                : num  -0.486 0.379 0.252 0.15 0.372 ...
 $ Jockey.TimeSdvMin                : num  -2.901 -1.667 -2.457 -2.175 -0.599 ...
 $ Jockey.TimeSdvMax                : num  1.23 2.26 1.65 1.95 1.53 ...
 $ Jockey.OrderOfFinishSdvAvg       : num  -0.6415 0.5426 0.0373 0.1197 -0.2556 ...
 $ Jockey.RunCount                  : num  28 118 32 90 6 72 3 94 114 2 ...
 $ Jockey.HitCount1                 : num  1 21 1 7 1 3 0 15 26 0 ...
 $ Jockey.HitCount2                 : num  2 17 1 14 0 12 0 7 23 0 ...
 $ Jockey.HitCount3                 : num  0 13 3 7 1 7 0 11 10 0 ...
 $ Jockey.HitCount4                 : num  0 10 7 5 0 5 0 5 20 0 ...
 $ Jockey.HitCount5                 : num  1 9 1 8 0 9 0 9 8 0 ...
 $ Jockey.HitRate1                  : num  0.0357 0.178 0.0312 0.0778 0.1667 ...
 $ Jockey.HitRate2                  : num  0.0714 0.1441 0.0312 0.1556 0 ...
 $ Jockey.HitRate3                  : num  0 0.1102 0.0938 0.0778 0.1667 ...
 $ Jockey.HitRate4                  : num  0 0.0847 0.2188 0.0556 0 ...
 $ Jockey.HitRate5                  : num  0.0357 0.0763 0.0312 0.0889 0 ...
 $ EOF                              : int  1 1 1 1 1 1 1 1 1 1 ...
[1] "2022-02-26 23:13:53 --- RxSqlServerData Finish ---"
[1] "2022-02-26 23:13:53 --- subset Start ---"
[1] "--------------------------------------------------------------------------------"
[1] "nrow(data) subset before=1177"
[1] "nrow(data) subset after =1177"
[1] "nrow(data) subset diff =0"
[1] "--------------------------------------------------------------------------------"
[1] "2022-02-26 23:13:54 --- subset Finish---"
[1] "2022-02-26 23:13:54 --- transform Start ---"
[1] "--------------------------------------------------------------------------------"
[1] "nrow(data) transform before=1177"
[1] "nrow(data) transform after=1177"
[1] "nrow(data) transform diff=0"
[1] "--------------------------------------------------------------------------------"
[1] "str(data)="
'data.frame':	1177 obs. of  43 variables:
 $ Race.RaceId                      : Factor w/ 1175 levels "20160924-09-04-05-10",..: 1 2 3 4 5 7 6 8 9 10 ...
 $ Race.IsAnalyzeNormalPastAndFuture: logi  TRUE TRUE TRUE TRUE TRUE TRUE ...
 $ Race.IsAnalyzeNormalPast         : logi  TRUE TRUE TRUE TRUE TRUE TRUE ...
 $ Race.IsAnalyzeNormalFuture       : logi  FALSE FALSE FALSE FALSE FALSE FALSE ...
 $ Race.IsAnalyzeFullPastAndFuture  : logi  TRUE TRUE TRUE TRUE TRUE TRUE ...
 $ Race.IsAnalyzeFullPast           : logi  TRUE TRUE TRUE TRUE TRUE TRUE ...
 $ Race.IsAnalyzeFullFuture         : logi  FALSE FALSE FALSE FALSE FALSE FALSE ...
 $ Race.JyokenCd                    : Factor w/ 1 level "3": 1 1 1 1 1 1 1 1 1 1 ...
 $ Race.JyoType1Cd                  : Factor w/ 152 levels "1-09-1800-3-2",..: 1 2 3 4 5 7 6 8 9 8 ...
 $ Race.RaceType1Cd                 : Factor w/ 6 levels "1-3-E-2","1-3-E-1",..: 1 2 2 1 2 1 3 2 1 2 ...
 $ RaceHorse.RaceId                 : Factor w/ 1175 levels "20160924-09-04-05-10",..: 1 2 3 4 5 7 6 8 9 10 ...
 $ RaceHorse.KettoNum               : Factor w/ 1069 levels "2013104496","2012104535",..: 1 2 3 4 5 7 6 8 9 10 ...
 $ RaceHorse.IsHit1                 : num  1 1 1 1 1 1 1 1 1 1 ...
 $ RaceHorse.IsHit2                 : num  0 0 0 0 0 0 0 0 0 0 ...
 $ RaceHorse.IsHit3                 : num  0 0 0 0 0 0 0 0 0 0 ...
 $ RaceHorse.IsHit4                 : num  0 0 0 0 0 0 0 0 0 0 ...
 $ RaceHorse.IsHit5                 : num  0 0 0 0 0 0 0 0 0 0 ...
 $ RaceHorse.IsHit6                 : num  0 0 0 0 0 0 0 0 0 0 ...
 $ RaceHorse.IsValidRaceHorse       : logi  TRUE TRUE TRUE TRUE TRUE TRUE ...
 $ RaceHorse.TimeSdvByRace          : num  1.214 0.937 2.005 1.746 1.241 ...
 $ RaceHorse.TimeSdv                : num  0.458 1.068 0.802 0.547 1.292 ...
 $ RaceHorse.IsHitA                 : num  1 1 1 1 1 1 1 1 1 1 ...
 $ RaceHorse.IsHitB                 : num  1 1 1 1 1 1 1 1 1 1 ...
 $ RaceHorse.IsHitC                 : num  1 1 1 1 1 1 1 1 1 1 ...
 $ Jockey.TimeSdvByRaceAvg          : num  -0.61791 0.55593 0.00449 0.15245 -0.00765 ...
 $ Jockey.TimeSdvByRaceMin          : num  -2.91 -2.65 -2.83 -2.34 -1.12 ...
 $ Jockey.TimeSdvByRaceMax          : num  1.47 2.45 1.58 1.92 1.85 ...
 $ Jockey.TimeSdvAvg                : num  -0.486 0.379 0.252 0.15 0.372 ...
 $ Jockey.TimeSdvMin                : num  -2.901 -1.667 -2.457 -2.175 -0.599 ...
 $ Jockey.TimeSdvMax                : num  1.23 2.26 1.65 1.95 1.53 ...
 $ Jockey.OrderOfFinishSdvAvg       : num  -0.6415 0.5426 0.0373 0.1197 -0.2556 ...
 $ Jockey.RunCount                  : num  28 118 32 90 6 72 3 94 114 2 ...
 $ Jockey.HitCount1                 : num  1 21 1 7 1 3 0 15 26 0 ...
 $ Jockey.HitCount2                 : num  2 17 1 14 0 12 0 7 23 0 ...
 $ Jockey.HitCount3                 : num  0 13 3 7 1 7 0 11 10 0 ...
 $ Jockey.HitCount4                 : num  0 10 7 5 0 5 0 5 20 0 ...
 $ Jockey.HitCount5                 : num  1 9 1 8 0 9 0 9 8 0 ...
 $ Jockey.HitRate1                  : num  0.0357 0.178 0.0312 0.0778 0.1667 ...
 $ Jockey.HitRate2                  : num  0.0714 0.1441 0.0312 0.1556 0 ...
 $ Jockey.HitRate3                  : num  0 0.1102 0.0938 0.0778 0.1667 ...
 $ Jockey.HitRate4                  : num  0 0.0847 0.2188 0.0556 0 ...
 $ Jockey.HitRate5                  : num  0.0357 0.0763 0.0312 0.0889 0 ...
 $ EOF                              : int  1 1 1 1 1 1 1 1 1 1 ...
NULL
[1] "2022-02-26 23:14:03 --- transform Finish ---"
[1] "2022-02-26 23:14:03 --- na.omit Start ---"
[1] "--------------------------------------------------------------------------------"
[1] "nrow(data) na.omit before=1177"
[1] "nrow(data) na.omit after =1177"
[1] "nrow(data) na.omit diff =0"
[1] "--------------------------------------------------------------------------------"
'data.frame':	1177 obs. of  43 variables:
 $ Race.RaceId                      : Factor w/ 1175 levels "20160924-09-04-05-10",..: 1 2 3 4 5 7 6 8 9 10 ...
 $ Race.IsAnalyzeNormalPastAndFuture: logi  TRUE TRUE TRUE TRUE TRUE TRUE ...
 $ Race.IsAnalyzeNormalPast         : logi  TRUE TRUE TRUE TRUE TRUE TRUE ...
 $ Race.IsAnalyzeNormalFuture       : logi  FALSE FALSE FALSE FALSE FALSE FALSE ...
 $ Race.IsAnalyzeFullPastAndFuture  : logi  TRUE TRUE TRUE TRUE TRUE TRUE ...
 $ Race.IsAnalyzeFullPast           : logi  TRUE TRUE TRUE TRUE TRUE TRUE ...
 $ Race.IsAnalyzeFullFuture         : logi  FALSE FALSE FALSE FALSE FALSE FALSE ...
 $ Race.JyokenCd                    : Factor w/ 1 level "3": 1 1 1 1 1 1 1 1 1 1 ...
 $ Race.JyoType1Cd                  : Factor w/ 152 levels "1-09-1800-3-2",..: 1 2 3 4 5 7 6 8 9 8 ...
 $ Race.RaceType1Cd                 : Factor w/ 6 levels "1-3-E-2","1-3-E-1",..: 1 2 2 1 2 1 3 2 1 2 ...
 $ RaceHorse.RaceId                 : Factor w/ 1175 levels "20160924-09-04-05-10",..: 1 2 3 4 5 7 6 8 9 10 ...
 $ RaceHorse.KettoNum               : Factor w/ 1069 levels "2013104496","2012104535",..: 1 2 3 4 5 7 6 8 9 10 ...
 $ RaceHorse.IsHit1                 : num  1 1 1 1 1 1 1 1 1 1 ...
 $ RaceHorse.IsHit2                 : num  0 0 0 0 0 0 0 0 0 0 ...
 $ RaceHorse.IsHit3                 : num  0 0 0 0 0 0 0 0 0 0 ...
 $ RaceHorse.IsHit4                 : num  0 0 0 0 0 0 0 0 0 0 ...
 $ RaceHorse.IsHit5                 : num  0 0 0 0 0 0 0 0 0 0 ...
 $ RaceHorse.IsHit6                 : num  0 0 0 0 0 0 0 0 0 0 ...
 $ RaceHorse.IsValidRaceHorse       : logi  TRUE TRUE TRUE TRUE TRUE TRUE ...
 $ RaceHorse.TimeSdvByRace          : num  1.214 0.937 2.005 1.746 1.241 ...
 $ RaceHorse.TimeSdv                : num  0.458 1.068 0.802 0.547 1.292 ...
 $ RaceHorse.IsHitA                 : num  1 1 1 1 1 1 1 1 1 1 ...
 $ RaceHorse.IsHitB                 : num  1 1 1 1 1 1 1 1 1 1 ...
 $ RaceHorse.IsHitC                 : num  1 1 1 1 1 1 1 1 1 1 ...
 $ Jockey.TimeSdvByRaceAvg          : num  -0.61791 0.55593 0.00449 0.15245 -0.00765 ...
 $ Jockey.TimeSdvByRaceMin          : num  -2.91 -2.65 -2.83 -2.34 -1.12 ...
 $ Jockey.TimeSdvByRaceMax          : num  1.47 2.45 1.58 1.92 1.85 ...
 $ Jockey.TimeSdvAvg                : num  -0.486 0.379 0.252 0.15 0.372 ...
 $ Jockey.TimeSdvMin                : num  -2.901 -1.667 -2.457 -2.175 -0.599 ...
 $ Jockey.TimeSdvMax                : num  1.23 2.26 1.65 1.95 1.53 ...
 $ Jockey.OrderOfFinishSdvAvg       : num  -0.6415 0.5426 0.0373 0.1197 -0.2556 ...
 $ Jockey.RunCount                  : num  28 118 32 90 6 72 3 94 114 2 ...
 $ Jockey.HitCount1                 : num  1 21 1 7 1 3 0 15 26 0 ...
 $ Jockey.HitCount2                 : num  2 17 1 14 0 12 0 7 23 0 ...
 $ Jockey.HitCount3                 : num  0 13 3 7 1 7 0 11 10 0 ...
 $ Jockey.HitCount4                 : num  0 10 7 5 0 5 0 5 20 0 ...
 $ Jockey.HitCount5                 : num  1 9 1 8 0 9 0 9 8 0 ...
 $ Jockey.HitRate1                  : num  0.0357 0.178 0.0312 0.0778 0.1667 ...
 $ Jockey.HitRate2                  : num  0.0714 0.1441 0.0312 0.1556 0 ...
 $ Jockey.HitRate3                  : num  0 0.1102 0.0938 0.0778 0.1667 ...
 $ Jockey.HitRate4                  : num  0 0.0847 0.2188 0.0556 0 ...
 $ Jockey.HitRate5                  : num  0.0357 0.0763 0.0312 0.0889 0 ...
 $ EOF                              : int  1 1 1 1 1 1 1 1 1 1 ...
[1] "2022-02-26 23:14:05 --- na.omit Finish ---"
[1] "2022-02-26 23:14:05 --- rxGlm with rxStepControl Start ---"

> print(paste0(Sys.time(), " --- source_logic_glm.R Start ---"))
[1] "2022-02-26 23:14:05 --- source_logic_glm.R Start ---"

> formula <- formula(RaceHorse.IsHitA ~ +1 + Jockey.TimeSdvByRaceAvg)

> print(paste0(Sys.time(), " --- source_logic_glm.R Finished ---"))
[1] "2022-02-26 23:14:05 --- source_logic_glm.R Finished ---"
Rows Read: 1177, Total Rows Processed: 1177, Total Chunk Time: 0.001 seconds 

Starting values (iteration 1) time: 0.011 secs.
Rows Read: 1177, Total Rows Processed: 1177, Total Chunk Time: 0.001 seconds 

Iteration 2 time: 0.008 secs.

Elapsed computation time: 0.025 secs.
Rows Read: 1177, Total Rows Processed: 1177, Total Chunk Time: 0.001 seconds 

Starting values (iteration 1) time: 0.006 secs.
Rows Read: 1177, Total Rows Processed: 1177, Total Chunk Time: 0.001 seconds 

Iteration 2 time: 0.005 secs.

Elapsed computation time: 0.026 secs.
Rows Read: 1177, Total Rows Processed: 1177, Total Chunk Time: 0.001 seconds 

Starting values (iteration 1) time: 0.007 secs.
Rows Read: 1177, Total Rows Processed: 1177, Total Chunk Time: 0.002 seconds 

Iteration 2 time: 0.006 secs.

Elapsed computation time: 0.028 secs.
Rows Read: 1177, Total Rows Processed: 1177, Total Chunk Time: 0.001 seconds 

Starting values (iteration 1) time: 0.005 secs.
Rows Read: 1177, Total Rows Processed: 1177, Total Chunk Time: 0.001 seconds 

Iteration 2 time: 0.005 secs.

Elapsed computation time: 0.027 secs.

Elapsed computation time: 0.132 secs.
[1] "--------------------------------------------------------------------------------"
[1] "analyze.results.glm.step="
Logistic Regression Results for: RaceHorse.IsHitA ~ 1
Data: data
Dependent variable(s): RaceHorse.IsHitA
Total independent variables: 1 
Number of valid observations: 1177
Number of missing observations: 0 
 
Coefficients:
            RaceHorse.IsHitA
(Intercept)                2
[1] "analyze.results.glm.step.summary"
Call:
rxLogit(formula = formula, data = data, variableSelection = analyze.results.glm.step.varsel)

Logistic Regression Results for: RaceHorse.IsHitA ~ 1
Data: data
Dependent variable(s): RaceHorse.IsHitA
Total independent variables: 1 
Number of valid observations: 1177
Number of missing observations: 0 
-2*LogLikelihood: 1631.668 (Residual deviance on 1176 degrees of freedom)
 
Coefficients:
            Estimate Std. Error z value Pr(>|z|)    
(Intercept)   2.0000     0.0583    34.3  2.2e-16 ***
---
Signif. codes:  0 '***' 0.001 '**' 0.01 '*' 0.05 '.' 0.1 ' ' 1

Condition number of final variance-covariance matrix: 1 
Number of iterations: 2
[1] "--------------------------------------------------------------------------------"
[1] "2022-02-26 23:14:06 --- rxGlm with rxStepControl Finish ---"
[1] "2022-02-26 23:14:06 --- rxStepPlot Start ---"
[1] "pdfFilename=pdf_analyze_glm_Jockey_Type13_rxStepPlot.pdf"
[1] "rxStepPlot="
[1] "2022-02-26 23:14:06 --- rxStepPlot Finish ---"
[1] "2022-02-26 23:14:07 --- save.image Start ---"
[1] "save.image"
[1] "rdataFilename=RData_analyze_glm_Jockey_Type13.RData"
[1] "2022-02-26 23:14:07 --- save.image Finish ---"
[1] "2022-02-26 23:14:07 --- final Start ---"
[1] "--------------------------------------------------------------------------------"
[1] "nrow(data) final=1177"
[1] "--------------------------------------------------------------------------------"
[1] "2022-02-26 23:14:07 --- final Finish ---"
[1] "2022-02-26 23:14:07 --- analyze_glm.R Finished ---"
[1] "2022-02-26 23:14:07 --- log Finish ---"
