[1] "2022-02-26 23:12:34 --- D1115_analyze_glm_Jockey_IsHitA_Type11 Start ---"
[1] "2022-02-26 23:12:35 --- Log Start ---"
[1] "2022-02-26 23:12:35 --- analyze_glm.R Start ---"
[1] "analyzeVersion=D1115"
[1] "analyzeCategory=analyze"
[1] "analyzeType=Jockey"
[1] "analyzeFamily=IsHitA"
[1] "analyzeFunc=glm"
[1] "analyzeTrackTypeCd=1"
[1] "analyzeJyokenCd=1"
[1] "2022-02-26 23:12:35 --- source_function.R Start ---"
[1] "2022-02-26 23:12:36 --- source_function.R Finished ---"

> print(paste0(Sys.time(), " --- source_library.R Start ---"))
[1] "2022-02-26 23:12:36 --- source_library.R Start ---"

> require("RevoScaleR")

> print(paste0(Sys.time(), " --- source_library.R Finished ---"))
[1] "2022-02-26 23:12:37 --- source_library.R Finished ---"
[1] "2022-02-26 23:12:37 --- RxSqlServerData Start ---"
[1] "2022-02-26 23:12:37 --- RxInSqlServer Start ---"
[1] "2022-02-26 23:12:37 --- RxInSqlServer Finish ---"
[1] "2022-02-26 23:12:38 --- rxSetComputeContext Start ---"
[1] "2022-02-26 23:12:38 --- rxSetComputeContext Finish ---"
[1] "2022-02-26 23:12:38 --- RxSqlServerData Start ---"
[1] "sqlQuery=SELECT * FROM ViewAnalyzeD1115analyze01JockeyType11"
[1] "2022-02-26 23:12:38 --- RxSqlServerData Finish ---"
[1] "2022-02-26 23:12:39 --- rxGetVarInfo Start ---"
[1] "2022-02-26 23:12:40 --- rxGetVarInfo Finish---"
[1] "2022-02-26 23:12:40 --- rxImport Start ---"
Rows Read: 897, Total Rows Processed: 897, Total Chunk Time: 10.687 seconds 
[1] "2022-02-26 23:13:14 --- rxImport Finish ---"
[1] "object.size(data) auto=464 Kb"
[1] "--------------------------------------------------------------------------------"
[1] "nrow(data) RxSqlServerData=897"
[1] "--------------------------------------------------------------------------------"
[1] "str(data)="
'data.frame':	897 obs. of  43 variables:
 $ Race.RaceId                      : Factor w/ 897 levels "20160430-05-02-03-11",..: 11 12 13 14 15 16 17 18 19 20 ...
 $ Race.IsAnalyzeNormalPastAndFuture: logi  TRUE TRUE TRUE TRUE TRUE TRUE ...
 $ Race.IsAnalyzeNormalPast         : logi  TRUE TRUE TRUE TRUE TRUE TRUE ...
 $ Race.IsAnalyzeNormalFuture       : logi  FALSE FALSE FALSE FALSE FALSE FALSE ...
 $ Race.IsAnalyzeFullPastAndFuture  : logi  TRUE TRUE TRUE TRUE TRUE TRUE ...
 $ Race.IsAnalyzeFullPast           : logi  TRUE TRUE TRUE TRUE TRUE TRUE ...
 $ Race.IsAnalyzeFullFuture         : logi  FALSE FALSE FALSE FALSE FALSE FALSE ...
 $ Race.JyokenCd                    : Factor w/ 1 level "1": 1 1 1 1 1 1 1 1 1 1 ...
 $ Race.JyoType1Cd                  : Factor w/ 140 levels "1-05-2400-1-1",..: 8 10 11 12 13 7 14 7 15 6 ...
 $ Race.RaceType1Cd                 : Factor w/ 16 levels "1-1-B-3","1-1-C-1",..: 7 7 4 8 7 3 7 2 2 9 ...
 $ RaceHorse.RaceId                 : Factor w/ 897 levels "20160430-05-02-03-11",..: 11 12 13 14 15 16 17 18 19 20 ...
 $ RaceHorse.KettoNum               : Factor w/ 538 levels "2013105718","2012104808",..: 10 11 12 13 14 15 16 15 17 18 ...
 $ RaceHorse.IsHit1                 : num  1 1 1 1 1 1 1 1 1 1 ...
 $ RaceHorse.IsHit2                 : num  0 0 0 0 0 0 0 0 0 0 ...
 $ RaceHorse.IsHit3                 : num  0 0 0 0 0 0 0 0 0 0 ...
 $ RaceHorse.IsHit4                 : num  0 0 0 0 0 0 0 0 0 0 ...
 $ RaceHorse.IsHit5                 : num  0 0 0 0 0 0 0 0 0 0 ...
 $ RaceHorse.IsHit6                 : num  0 0 0 0 0 0 0 0 0 0 ...
 $ RaceHorse.IsValidRaceHorse       : logi  TRUE TRUE TRUE TRUE TRUE TRUE ...
 $ RaceHorse.TimeSdvByRace          : num  1.18 1.2 1.02 1.64 1.47 ...
 $ RaceHorse.TimeSdv                : num  -0.0248 0.6828 0.9965 -0.5052 0.787 ...
 $ RaceHorse.IsHitA                 : num  1 1 1 1 1 1 1 1 1 1 ...
 $ RaceHorse.IsHitB                 : num  1 1 1 1 1 1 1 1 1 1 ...
 $ RaceHorse.IsHitC                 : num  1 1 1 1 1 1 1 1 1 1 ...
 $ Jockey.TimeSdvByRaceAvg          : num  -0.1263 -0.2166 -0.0782 -0.3932 -0.2307 ...
 $ Jockey.TimeSdvByRaceMin          : num  -2.13 -2.19 -2.46 -2.49 -2.13 ...
 $ Jockey.TimeSdvByRaceMax          : num  1.471 1.471 1.39 0.873 1.166 ...
 $ Jockey.TimeSdvAvg                : num  -0.1141 -0.0614 -0.3316 -0.1792 -0.1236 ...
 $ Jockey.TimeSdvMin                : num  -1.77 -1.77 -2.56 -2 -2.26 ...
 $ Jockey.TimeSdvMax                : num  1.66 1.66 1.43 1.55 1.66 ...
 $ Jockey.OrderOfFinishSdvAvg       : num  -0.0129 -0.0478 -0.0845 -0.5002 -0.1235 ...
 $ Jockey.RunCount                  : num  35 38 25 18 34 33 20 22 23 11 ...
 $ Jockey.HitCount1                 : num  3 4 0 0 2 1 0 2 1 2 ...
 $ Jockey.HitCount2                 : num  2 2 3 0 1 1 1 2 2 2 ...
 $ Jockey.HitCount3                 : num  3 2 1 1 3 2 1 2 2 1 ...
 $ Jockey.HitCount4                 : num  1 1 3 0 1 2 1 2 1 0 ...
 $ Jockey.HitCount5                 : num  2 2 2 1 2 4 1 1 1 0 ...
 $ Jockey.HitRate1                  : num  0.0857 0.1053 0 0 0.0588 ...
 $ Jockey.HitRate2                  : num  0.0571 0.0526 0.12 0 0.0294 ...
 $ Jockey.HitRate3                  : num  0.0857 0.0526 0.04 0.0556 0.0882 ...
 $ Jockey.HitRate4                  : num  0.0286 0.0263 0.12 0 0.0294 ...
 $ Jockey.HitRate5                  : num  0.0571 0.0526 0.08 0.0556 0.0588 ...
 $ EOF                              : int  1 1 1 1 1 1 1 1 1 1 ...
[1] "2022-02-26 23:13:29 --- RxSqlServerData Finish ---"
[1] "2022-02-26 23:13:30 --- subset Start ---"
[1] "--------------------------------------------------------------------------------"
[1] "nrow(data) subset before=897"
[1] "nrow(data) subset after =897"
[1] "nrow(data) subset diff =0"
[1] "--------------------------------------------------------------------------------"
[1] "2022-02-26 23:13:31 --- subset Finish---"
[1] "2022-02-26 23:13:31 --- transform Start ---"
[1] "--------------------------------------------------------------------------------"
[1] "nrow(data) transform before=897"
[1] "nrow(data) transform after=897"
[1] "nrow(data) transform diff=0"
[1] "--------------------------------------------------------------------------------"
[1] "str(data)="
'data.frame':	897 obs. of  43 variables:
 $ Race.RaceId                      : Factor w/ 897 levels "20160430-05-02-03-11",..: 11 12 13 14 15 16 17 18 19 20 ...
 $ Race.IsAnalyzeNormalPastAndFuture: logi  TRUE TRUE TRUE TRUE TRUE TRUE ...
 $ Race.IsAnalyzeNormalPast         : logi  TRUE TRUE TRUE TRUE TRUE TRUE ...
 $ Race.IsAnalyzeNormalFuture       : logi  FALSE FALSE FALSE FALSE FALSE FALSE ...
 $ Race.IsAnalyzeFullPastAndFuture  : logi  TRUE TRUE TRUE TRUE TRUE TRUE ...
 $ Race.IsAnalyzeFullPast           : logi  TRUE TRUE TRUE TRUE TRUE TRUE ...
 $ Race.IsAnalyzeFullFuture         : logi  FALSE FALSE FALSE FALSE FALSE FALSE ...
 $ Race.JyokenCd                    : Factor w/ 1 level "1": 1 1 1 1 1 1 1 1 1 1 ...
 $ Race.JyoType1Cd                  : Factor w/ 140 levels "1-05-2400-1-1",..: 8 10 11 12 13 7 14 7 15 6 ...
 $ Race.RaceType1Cd                 : Factor w/ 16 levels "1-1-B-3","1-1-C-1",..: 7 7 4 8 7 3 7 2 2 9 ...
 $ RaceHorse.RaceId                 : Factor w/ 897 levels "20160430-05-02-03-11",..: 11 12 13 14 15 16 17 18 19 20 ...
 $ RaceHorse.KettoNum               : Factor w/ 538 levels "2013105718","2012104808",..: 10 11 12 13 14 15 16 15 17 18 ...
 $ RaceHorse.IsHit1                 : num  1 1 1 1 1 1 1 1 1 1 ...
 $ RaceHorse.IsHit2                 : num  0 0 0 0 0 0 0 0 0 0 ...
 $ RaceHorse.IsHit3                 : num  0 0 0 0 0 0 0 0 0 0 ...
 $ RaceHorse.IsHit4                 : num  0 0 0 0 0 0 0 0 0 0 ...
 $ RaceHorse.IsHit5                 : num  0 0 0 0 0 0 0 0 0 0 ...
 $ RaceHorse.IsHit6                 : num  0 0 0 0 0 0 0 0 0 0 ...
 $ RaceHorse.IsValidRaceHorse       : logi  TRUE TRUE TRUE TRUE TRUE TRUE ...
 $ RaceHorse.TimeSdvByRace          : num  1.18 1.2 1.02 1.64 1.47 ...
 $ RaceHorse.TimeSdv                : num  -0.0248 0.6828 0.9965 -0.5052 0.787 ...
 $ RaceHorse.IsHitA                 : num  1 1 1 1 1 1 1 1 1 1 ...
 $ RaceHorse.IsHitB                 : num  1 1 1 1 1 1 1 1 1 1 ...
 $ RaceHorse.IsHitC                 : num  1 1 1 1 1 1 1 1 1 1 ...
 $ Jockey.TimeSdvByRaceAvg          : num  -0.1263 -0.2166 -0.0782 -0.3932 -0.2307 ...
 $ Jockey.TimeSdvByRaceMin          : num  -2.13 -2.19 -2.46 -2.49 -2.13 ...
 $ Jockey.TimeSdvByRaceMax          : num  1.471 1.471 1.39 0.873 1.166 ...
 $ Jockey.TimeSdvAvg                : num  -0.1141 -0.0614 -0.3316 -0.1792 -0.1236 ...
 $ Jockey.TimeSdvMin                : num  -1.77 -1.77 -2.56 -2 -2.26 ...
 $ Jockey.TimeSdvMax                : num  1.66 1.66 1.43 1.55 1.66 ...
 $ Jockey.OrderOfFinishSdvAvg       : num  -0.0129 -0.0478 -0.0845 -0.5002 -0.1235 ...
 $ Jockey.RunCount                  : num  35 38 25 18 34 33 20 22 23 11 ...
 $ Jockey.HitCount1                 : num  3 4 0 0 2 1 0 2 1 2 ...
 $ Jockey.HitCount2                 : num  2 2 3 0 1 1 1 2 2 2 ...
 $ Jockey.HitCount3                 : num  3 2 1 1 3 2 1 2 2 1 ...
 $ Jockey.HitCount4                 : num  1 1 3 0 1 2 1 2 1 0 ...
 $ Jockey.HitCount5                 : num  2 2 2 1 2 4 1 1 1 0 ...
 $ Jockey.HitRate1                  : num  0.0857 0.1053 0 0 0.0588 ...
 $ Jockey.HitRate2                  : num  0.0571 0.0526 0.12 0 0.0294 ...
 $ Jockey.HitRate3                  : num  0.0857 0.0526 0.04 0.0556 0.0882 ...
 $ Jockey.HitRate4                  : num  0.0286 0.0263 0.12 0 0.0294 ...
 $ Jockey.HitRate5                  : num  0.0571 0.0526 0.08 0.0556 0.0588 ...
 $ EOF                              : int  1 1 1 1 1 1 1 1 1 1 ...
NULL
[1] "2022-02-26 23:13:46 --- transform Finish ---"
[1] "2022-02-26 23:13:47 --- na.omit Start ---"
[1] "--------------------------------------------------------------------------------"
[1] "nrow(data) na.omit before=897"
[1] "nrow(data) na.omit after =897"
[1] "nrow(data) na.omit diff =0"
[1] "--------------------------------------------------------------------------------"
'data.frame':	897 obs. of  43 variables:
 $ Race.RaceId                      : Factor w/ 897 levels "20160430-05-02-03-11",..: 11 12 13 14 15 16 17 18 19 20 ...
 $ Race.IsAnalyzeNormalPastAndFuture: logi  TRUE TRUE TRUE TRUE TRUE TRUE ...
 $ Race.IsAnalyzeNormalPast         : logi  TRUE TRUE TRUE TRUE TRUE TRUE ...
 $ Race.IsAnalyzeNormalFuture       : logi  FALSE FALSE FALSE FALSE FALSE FALSE ...
 $ Race.IsAnalyzeFullPastAndFuture  : logi  TRUE TRUE TRUE TRUE TRUE TRUE ...
 $ Race.IsAnalyzeFullPast           : logi  TRUE TRUE TRUE TRUE TRUE TRUE ...
 $ Race.IsAnalyzeFullFuture         : logi  FALSE FALSE FALSE FALSE FALSE FALSE ...
 $ Race.JyokenCd                    : Factor w/ 1 level "1": 1 1 1 1 1 1 1 1 1 1 ...
 $ Race.JyoType1Cd                  : Factor w/ 140 levels "1-05-2400-1-1",..: 8 10 11 12 13 7 14 7 15 6 ...
 $ Race.RaceType1Cd                 : Factor w/ 16 levels "1-1-B-3","1-1-C-1",..: 7 7 4 8 7 3 7 2 2 9 ...
 $ RaceHorse.RaceId                 : Factor w/ 897 levels "20160430-05-02-03-11",..: 11 12 13 14 15 16 17 18 19 20 ...
 $ RaceHorse.KettoNum               : Factor w/ 538 levels "2013105718","2012104808",..: 10 11 12 13 14 15 16 15 17 18 ...
 $ RaceHorse.IsHit1                 : num  1 1 1 1 1 1 1 1 1 1 ...
 $ RaceHorse.IsHit2                 : num  0 0 0 0 0 0 0 0 0 0 ...
 $ RaceHorse.IsHit3                 : num  0 0 0 0 0 0 0 0 0 0 ...
 $ RaceHorse.IsHit4                 : num  0 0 0 0 0 0 0 0 0 0 ...
 $ RaceHorse.IsHit5                 : num  0 0 0 0 0 0 0 0 0 0 ...
 $ RaceHorse.IsHit6                 : num  0 0 0 0 0 0 0 0 0 0 ...
 $ RaceHorse.IsValidRaceHorse       : logi  TRUE TRUE TRUE TRUE TRUE TRUE ...
 $ RaceHorse.TimeSdvByRace          : num  1.18 1.2 1.02 1.64 1.47 ...
 $ RaceHorse.TimeSdv                : num  -0.0248 0.6828 0.9965 -0.5052 0.787 ...
 $ RaceHorse.IsHitA                 : num  1 1 1 1 1 1 1 1 1 1 ...
 $ RaceHorse.IsHitB                 : num  1 1 1 1 1 1 1 1 1 1 ...
 $ RaceHorse.IsHitC                 : num  1 1 1 1 1 1 1 1 1 1 ...
 $ Jockey.TimeSdvByRaceAvg          : num  -0.1263 -0.2166 -0.0782 -0.3932 -0.2307 ...
 $ Jockey.TimeSdvByRaceMin          : num  -2.13 -2.19 -2.46 -2.49 -2.13 ...
 $ Jockey.TimeSdvByRaceMax          : num  1.471 1.471 1.39 0.873 1.166 ...
 $ Jockey.TimeSdvAvg                : num  -0.1141 -0.0614 -0.3316 -0.1792 -0.1236 ...
 $ Jockey.TimeSdvMin                : num  -1.77 -1.77 -2.56 -2 -2.26 ...
 $ Jockey.TimeSdvMax                : num  1.66 1.66 1.43 1.55 1.66 ...
 $ Jockey.OrderOfFinishSdvAvg       : num  -0.0129 -0.0478 -0.0845 -0.5002 -0.1235 ...
 $ Jockey.RunCount                  : num  35 38 25 18 34 33 20 22 23 11 ...
 $ Jockey.HitCount1                 : num  3 4 0 0 2 1 0 2 1 2 ...
 $ Jockey.HitCount2                 : num  2 2 3 0 1 1 1 2 2 2 ...
 $ Jockey.HitCount3                 : num  3 2 1 1 3 2 1 2 2 1 ...
 $ Jockey.HitCount4                 : num  1 1 3 0 1 2 1 2 1 0 ...
 $ Jockey.HitCount5                 : num  2 2 2 1 2 4 1 1 1 0 ...
 $ Jockey.HitRate1                  : num  0.0857 0.1053 0 0 0.0588 ...
 $ Jockey.HitRate2                  : num  0.0571 0.0526 0.12 0 0.0294 ...
 $ Jockey.HitRate3                  : num  0.0857 0.0526 0.04 0.0556 0.0882 ...
 $ Jockey.HitRate4                  : num  0.0286 0.0263 0.12 0 0.0294 ...
 $ Jockey.HitRate5                  : num  0.0571 0.0526 0.08 0.0556 0.0588 ...
 $ EOF                              : int  1 1 1 1 1 1 1 1 1 1 ...
[1] "2022-02-26 23:13:57 --- na.omit Finish ---"
[1] "2022-02-26 23:13:57 --- rxGlm with rxStepControl Start ---"

> print(paste0(Sys.time(), " --- source_logic_glm.R Start ---"))
[1] "2022-02-26 23:13:57 --- source_logic_glm.R Start ---"

> formula <- formula(RaceHorse.IsHitA ~ +1 + Jockey.TimeSdvByRaceAvg)

> print(paste0(Sys.time(), " --- source_logic_glm.R Finished ---"))
[1] "2022-02-26 23:13:58 --- source_logic_glm.R Finished ---"
Rows Read: 897, Total Rows Processed: 897, Total Chunk Time: 0.001 seconds 

Starting values (iteration 1) time: 0.023 secs.
Rows Read: 897, Total Rows Processed: 897, Total Chunk Time: 0.001 seconds 

Iteration 2 time: 0.008 secs.

Elapsed computation time: 0.036 secs.
Rows Read: 897, Total Rows Processed: 897, Total Chunk Time: Less than .001 seconds 

Starting values (iteration 1) time: 0.005 secs.
Rows Read: 897, Total Rows Processed: 897, Total Chunk Time: Less than .001 seconds 

Iteration 2 time: 0.007 secs.

Elapsed computation time: 0.030 secs.
Rows Read: 897, Total Rows Processed: 897, Total Chunk Time: Less than .001 seconds 

Starting values (iteration 1) time: 0.005 secs.
Rows Read: 897, Total Rows Processed: 897, Total Chunk Time: 0.001 seconds 

Iteration 2 time: 0.006 secs.

Elapsed computation time: 0.027 secs.
Rows Read: 897, Total Rows Processed: 897, Total Chunk Time: 0.001 seconds 

Starting values (iteration 1) time: 0.005 secs.
Rows Read: 897, Total Rows Processed: 897, Total Chunk Time: 0.001 seconds 

Iteration 2 time: 0.007 secs.

Elapsed computation time: 0.029 secs.

Elapsed computation time: 0.150 secs.
[1] "--------------------------------------------------------------------------------"
[1] "analyze.results.glm.step="
Logistic Regression Results for: RaceHorse.IsHitA ~ 1
Data: data
Dependent variable(s): RaceHorse.IsHitA
Total independent variables: 1 
Number of valid observations: 897
Number of missing observations: 0 
 
Coefficients:
            RaceHorse.IsHitA
(Intercept)                2
[1] "analyze.results.glm.step.summary"
Call:
rxLogit(formula = formula, data = data, variableSelection = analyze.results.glm.step.varsel)

Logistic Regression Results for: RaceHorse.IsHitA ~ 1
Data: data
Dependent variable(s): RaceHorse.IsHitA
Total independent variables: 1 
Number of valid observations: 897
Number of missing observations: 0 
-2*LogLikelihood: 1243.506 (Residual deviance on 896 degrees of freedom)
 
Coefficients:
            Estimate Std. Error z value Pr(>|z|)    
(Intercept)   2.0000     0.0668    29.9  2.2e-16 ***
---
Signif. codes:  0 '***' 0.001 '**' 0.01 '*' 0.05 '.' 0.1 ' ' 1

Condition number of final variance-covariance matrix: 1 
Number of iterations: 2
[1] "--------------------------------------------------------------------------------"
[1] "2022-02-26 23:13:58 --- rxGlm with rxStepControl Finish ---"
[1] "2022-02-26 23:13:58 --- rxStepPlot Start ---"
[1] "pdfFilename=pdf_analyze_glm_Jockey_Type11_rxStepPlot.pdf"
[1] "rxStepPlot="
[1] "2022-02-26 23:13:58 --- rxStepPlot Finish ---"
[1] "2022-02-26 23:13:58 --- save.image Start ---"
[1] "save.image"
[1] "rdataFilename=RData_analyze_glm_Jockey_Type11.RData"
[1] "2022-02-26 23:13:59 --- save.image Finish ---"
[1] "2022-02-26 23:13:59 --- final Start ---"
[1] "--------------------------------------------------------------------------------"
[1] "nrow(data) final=897"
[1] "--------------------------------------------------------------------------------"
[1] "2022-02-26 23:13:59 --- final Finish ---"
[1] "2022-02-26 23:13:59 --- analyze_glm.R Finished ---"
[1] "2022-02-26 23:13:59 --- log Finish ---"
