[1] "2022-02-26 23:10:59 --- D1115_analyze_glm_Gen02_IsHitA_Type22 Start ---"
[1] "2022-02-26 23:10:59 --- Log Start ---"
[1] "2022-02-26 23:11:00 --- analyze_glm.R Start ---"
[1] "analyzeVersion=D1115"
[1] "analyzeCategory=analyze"
[1] "analyzeType=Gen02"
[1] "analyzeFamily=IsHitA"
[1] "analyzeFunc=glm"
[1] "analyzeTrackTypeCd=2"
[1] "analyzeJyokenCd=2"
[1] "2022-02-26 23:11:00 --- source_function.R Start ---"
[1] "2022-02-26 23:11:00 --- source_function.R Finished ---"

> print(paste0(Sys.time(), " --- source_library.R Start ---"))
[1] "2022-02-26 23:11:00 --- source_library.R Start ---"

> require("RevoScaleR")

> print(paste0(Sys.time(), " --- source_library.R Finished ---"))
[1] "2022-02-26 23:11:01 --- source_library.R Finished ---"
[1] "2022-02-26 23:11:02 --- RxSqlServerData Start ---"
[1] "2022-02-26 23:11:02 --- RxInSqlServer Start ---"
[1] "2022-02-26 23:11:02 --- RxInSqlServer Finish ---"
[1] "2022-02-26 23:11:03 --- rxSetComputeContext Start ---"
[1] "2022-02-26 23:11:04 --- rxSetComputeContext Finish ---"
[1] "2022-02-26 23:11:04 --- RxSqlServerData Start ---"
[1] "sqlQuery=SELECT * FROM ViewAnalyzeD1115analyze01Gen02Type22"
[1] "2022-02-26 23:11:04 --- RxSqlServerData Finish ---"
[1] "2022-02-26 23:11:04 --- rxGetVarInfo Start ---"
[1] "2022-02-26 23:11:05 --- rxGetVarInfo Finish---"
[1] "2022-02-26 23:11:05 --- rxImport Start ---"
Rows Read: 296, Total Rows Processed: 296, Total Chunk Time: 9.795 seconds 
[1] "2022-02-26 23:11:47 --- rxImport Finish ---"
[1] "object.size(data) auto=176.4 Kb"
[1] "--------------------------------------------------------------------------------"
[1] "nrow(data) RxSqlServerData=296"
[1] "--------------------------------------------------------------------------------"
[1] "str(data)="
'data.frame':	296 obs. of  44 variables:
 $ Race.RaceId                      : Factor w/ 296 levels "20200126-10-01-04-11",..: 11 12 13 14 15 16 17 18 19 20 ...
 $ Race.IsAnalyzeNormalPastAndFuture: logi  TRUE TRUE TRUE TRUE TRUE TRUE ...
 $ Race.IsAnalyzeNormalPast         : logi  TRUE TRUE TRUE TRUE TRUE TRUE ...
 $ Race.IsAnalyzeNormalFuture       : logi  FALSE FALSE FALSE FALSE FALSE FALSE ...
 $ Race.IsAnalyzeFullPastAndFuture  : logi  TRUE TRUE TRUE TRUE TRUE TRUE ...
 $ Race.IsAnalyzeFullPast           : logi  TRUE TRUE TRUE TRUE TRUE TRUE ...
 $ Race.IsAnalyzeFullFuture         : logi  FALSE FALSE FALSE FALSE FALSE FALSE ...
 $ Race.JyokenCd                    : Factor w/ 1 level "2": 1 1 1 1 1 1 1 1 1 1 ...
 $ Race.JyoType1Cd                  : Factor w/ 64 levels "2-10-1700-2-4",..: 4 11 9 12 13 14 2 10 11 15 ...
 $ Race.RaceType1Cd                 : Factor w/ 2 levels "2-2-E-2","2-2-E-1": 2 2 2 2 2 1 2 1 2 2 ...
 $ RaceHorse.RaceId                 : Factor w/ 296 levels "20200126-10-01-04-11",..: 11 12 13 14 15 16 17 18 19 20 ...
 $ RaceHorse.KettoNum               : Factor w/ 281 levels "2014106361","2014105513",..: 11 12 13 14 15 16 17 18 19 20 ...
 $ RaceHorse.IsHit1                 : num  1 1 1 1 1 1 1 1 1 1 ...
 $ RaceHorse.IsHit2                 : num  0 0 0 0 0 0 0 0 0 0 ...
 $ RaceHorse.IsHit3                 : num  0 0 0 0 0 0 0 0 0 0 ...
 $ RaceHorse.IsHit4                 : num  0 0 0 0 0 0 0 0 0 0 ...
 $ RaceHorse.IsHit5                 : num  0 0 0 0 0 0 0 0 0 0 ...
 $ RaceHorse.IsHit6                 : num  0 0 0 0 0 0 0 0 0 0 ...
 $ RaceHorse.IsValidRaceHorse       : logi  TRUE TRUE TRUE TRUE TRUE TRUE ...
 $ RaceHorse.TimeSdvByRace          : num  0.975 1.503 0.99 1.421 1.618 ...
 $ RaceHorse.TimeSdv                : num  0.333 1.442 0.928 0.758 1.07 ...
 $ RaceHorse.IsHitA                 : num  1 1 1 1 1 1 1 1 1 1 ...
 $ RaceHorse.IsHitB                 : num  1 1 1 1 1 1 1 1 1 1 ...
 $ RaceHorse.IsHitC                 : num  1 1 1 1 1 1 1 1 1 1 ...
 $ Gen02.HansyokuNum                : Factor w/ 106 levels "11202004","11201872",..: 11 12 13 14 15 16 17 18 19 20 ...
 $ Gen02.TimeSdvByRaceAvg           : num  0.262 0.595 -0.233 0.819 0.765 ...
 $ Gen02.TimeSdvByRaceMin           : num  -1.438 -0.129 -1.75 0.819 0.312 ...
 $ Gen02.TimeSdvByRaceMax           : num  0.889 1.253 0.496 0.819 1.219 ...
 $ Gen02.TimeSdvAvg                 : num  -0.308 0.185 0.279 1.404 0.314 ...
 $ Gen02.TimeSdvMin                 : num  -3.053 -0.224 -0.78 1.404 0.201 ...
 $ Gen02.TimeSdvMax                 : num  0.797 0.803 0.928 1.404 0.426 ...
 $ Gen02.OrderOfFinishSdvAvg        : num  0.387 0.914 -0.159 0.914 0.914 ...
 $ Gen02.RunCount                   : num  6 4 4 1 2 1 2 1 7 20 ...
 $ Gen02.HitCount1                  : num  0 2 0 0 0 0 0 0 0 3 ...
 $ Gen02.HitCount2                  : num  0 0 0 0 1 1 0 1 0 0 ...
 $ Gen02.HitCount3                  : num  4 0 0 0 0 0 0 0 1 0 ...
 $ Gen02.HitCount4                  : num  0 0 0 1 0 0 0 0 1 4 ...
 $ Gen02.HitCount5                  : num  0 0 0 0 0 0 0 0 1 1 ...
 $ Gen02.HitRate1                   : num  0 0.5 0 0 0 0 0 0 0 0.15 ...
 $ Gen02.HitRate2                   : num  0 0 0 0 0.5 1 0 1 0 0 ...
 $ Gen02.HitRate3                   : num  0.667 0 0 0 0 ...
 $ Gen02.HitRate4                   : num  0 0 0 1 0 ...
 $ Gen02.HitRate5                   : num  0 0 0 0 0 ...
 $ EOF                              : int  1 1 1 1 1 1 1 1 1 1 ...
[1] "2022-02-26 23:11:48 --- RxSqlServerData Finish ---"
[1] "2022-02-26 23:11:48 --- subset Start ---"
[1] "--------------------------------------------------------------------------------"
[1] "nrow(data) subset before=296"
[1] "nrow(data) subset after =296"
[1] "nrow(data) subset diff =0"
[1] "--------------------------------------------------------------------------------"
[1] "2022-02-26 23:11:48 --- subset Finish---"
[1] "2022-02-26 23:11:48 --- transform Start ---"
[1] "--------------------------------------------------------------------------------"
[1] "nrow(data) transform before=296"
[1] "nrow(data) transform after=296"
[1] "nrow(data) transform diff=0"
[1] "--------------------------------------------------------------------------------"
[1] "str(data)="
'data.frame':	296 obs. of  44 variables:
 $ Race.RaceId                      : Factor w/ 296 levels "20200126-10-01-04-11",..: 11 12 13 14 15 16 17 18 19 20 ...
 $ Race.IsAnalyzeNormalPastAndFuture: logi  TRUE TRUE TRUE TRUE TRUE TRUE ...
 $ Race.IsAnalyzeNormalPast         : logi  TRUE TRUE TRUE TRUE TRUE TRUE ...
 $ Race.IsAnalyzeNormalFuture       : logi  FALSE FALSE FALSE FALSE FALSE FALSE ...
 $ Race.IsAnalyzeFullPastAndFuture  : logi  TRUE TRUE TRUE TRUE TRUE TRUE ...
 $ Race.IsAnalyzeFullPast           : logi  TRUE TRUE TRUE TRUE TRUE TRUE ...
 $ Race.IsAnalyzeFullFuture         : logi  FALSE FALSE FALSE FALSE FALSE FALSE ...
 $ Race.JyokenCd                    : Factor w/ 1 level "2": 1 1 1 1 1 1 1 1 1 1 ...
 $ Race.JyoType1Cd                  : Factor w/ 64 levels "2-10-1700-2-4",..: 4 11 9 12 13 14 2 10 11 15 ...
 $ Race.RaceType1Cd                 : Factor w/ 2 levels "2-2-E-2","2-2-E-1": 2 2 2 2 2 1 2 1 2 2 ...
 $ RaceHorse.RaceId                 : Factor w/ 296 levels "20200126-10-01-04-11",..: 11 12 13 14 15 16 17 18 19 20 ...
 $ RaceHorse.KettoNum               : Factor w/ 281 levels "2014106361","2014105513",..: 11 12 13 14 15 16 17 18 19 20 ...
 $ RaceHorse.IsHit1                 : num  1 1 1 1 1 1 1 1 1 1 ...
 $ RaceHorse.IsHit2                 : num  0 0 0 0 0 0 0 0 0 0 ...
 $ RaceHorse.IsHit3                 : num  0 0 0 0 0 0 0 0 0 0 ...
 $ RaceHorse.IsHit4                 : num  0 0 0 0 0 0 0 0 0 0 ...
 $ RaceHorse.IsHit5                 : num  0 0 0 0 0 0 0 0 0 0 ...
 $ RaceHorse.IsHit6                 : num  0 0 0 0 0 0 0 0 0 0 ...
 $ RaceHorse.IsValidRaceHorse       : logi  TRUE TRUE TRUE TRUE TRUE TRUE ...
 $ RaceHorse.TimeSdvByRace          : num  0.975 1.503 0.99 1.421 1.618 ...
 $ RaceHorse.TimeSdv                : num  0.333 1.442 0.928 0.758 1.07 ...
 $ RaceHorse.IsHitA                 : num  1 1 1 1 1 1 1 1 1 1 ...
 $ RaceHorse.IsHitB                 : num  1 1 1 1 1 1 1 1 1 1 ...
 $ RaceHorse.IsHitC                 : num  1 1 1 1 1 1 1 1 1 1 ...
 $ Gen02.HansyokuNum                : Factor w/ 106 levels "11202004","11201872",..: 11 12 13 14 15 16 17 18 19 20 ...
 $ Gen02.TimeSdvByRaceAvg           : num  0.262 0.595 -0.233 0.819 0.765 ...
 $ Gen02.TimeSdvByRaceMin           : num  -1.438 -0.129 -1.75 0.819 0.312 ...
 $ Gen02.TimeSdvByRaceMax           : num  0.889 1.253 0.496 0.819 1.219 ...
 $ Gen02.TimeSdvAvg                 : num  -0.308 0.185 0.279 1.404 0.314 ...
 $ Gen02.TimeSdvMin                 : num  -3.053 -0.224 -0.78 1.404 0.201 ...
 $ Gen02.TimeSdvMax                 : num  0.797 0.803 0.928 1.404 0.426 ...
 $ Gen02.OrderOfFinishSdvAvg        : num  0.387 0.914 -0.159 0.914 0.914 ...
 $ Gen02.RunCount                   : num  6 4 4 1 2 1 2 1 7 20 ...
 $ Gen02.HitCount1                  : num  0 2 0 0 0 0 0 0 0 3 ...
 $ Gen02.HitCount2                  : num  0 0 0 0 1 1 0 1 0 0 ...
 $ Gen02.HitCount3                  : num  4 0 0 0 0 0 0 0 1 0 ...
 $ Gen02.HitCount4                  : num  0 0 0 1 0 0 0 0 1 4 ...
 $ Gen02.HitCount5                  : num  0 0 0 0 0 0 0 0 1 1 ...
 $ Gen02.HitRate1                   : num  0 0.5 0 0 0 0 0 0 0 0.15 ...
 $ Gen02.HitRate2                   : num  0 0 0 0 0.5 1 0 1 0 0 ...
 $ Gen02.HitRate3                   : num  0.667 0 0 0 0 ...
 $ Gen02.HitRate4                   : num  0 0 0 1 0 ...
 $ Gen02.HitRate5                   : num  0 0 0 0 0 ...
 $ EOF                              : int  1 1 1 1 1 1 1 1 1 1 ...
NULL
[1] "2022-02-26 23:11:49 --- transform Finish ---"
[1] "2022-02-26 23:11:49 --- na.omit Start ---"
[1] "--------------------------------------------------------------------------------"
[1] "nrow(data) na.omit before=296"
[1] "nrow(data) na.omit after =296"
[1] "nrow(data) na.omit diff =0"
[1] "--------------------------------------------------------------------------------"
'data.frame':	296 obs. of  44 variables:
 $ Race.RaceId                      : Factor w/ 296 levels "20200126-10-01-04-11",..: 11 12 13 14 15 16 17 18 19 20 ...
 $ Race.IsAnalyzeNormalPastAndFuture: logi  TRUE TRUE TRUE TRUE TRUE TRUE ...
 $ Race.IsAnalyzeNormalPast         : logi  TRUE TRUE TRUE TRUE TRUE TRUE ...
 $ Race.IsAnalyzeNormalFuture       : logi  FALSE FALSE FALSE FALSE FALSE FALSE ...
 $ Race.IsAnalyzeFullPastAndFuture  : logi  TRUE TRUE TRUE TRUE TRUE TRUE ...
 $ Race.IsAnalyzeFullPast           : logi  TRUE TRUE TRUE TRUE TRUE TRUE ...
 $ Race.IsAnalyzeFullFuture         : logi  FALSE FALSE FALSE FALSE FALSE FALSE ...
 $ Race.JyokenCd                    : Factor w/ 1 level "2": 1 1 1 1 1 1 1 1 1 1 ...
 $ Race.JyoType1Cd                  : Factor w/ 64 levels "2-10-1700-2-4",..: 4 11 9 12 13 14 2 10 11 15 ...
 $ Race.RaceType1Cd                 : Factor w/ 2 levels "2-2-E-2","2-2-E-1": 2 2 2 2 2 1 2 1 2 2 ...
 $ RaceHorse.RaceId                 : Factor w/ 296 levels "20200126-10-01-04-11",..: 11 12 13 14 15 16 17 18 19 20 ...
 $ RaceHorse.KettoNum               : Factor w/ 281 levels "2014106361","2014105513",..: 11 12 13 14 15 16 17 18 19 20 ...
 $ RaceHorse.IsHit1                 : num  1 1 1 1 1 1 1 1 1 1 ...
 $ RaceHorse.IsHit2                 : num  0 0 0 0 0 0 0 0 0 0 ...
 $ RaceHorse.IsHit3                 : num  0 0 0 0 0 0 0 0 0 0 ...
 $ RaceHorse.IsHit4                 : num  0 0 0 0 0 0 0 0 0 0 ...
 $ RaceHorse.IsHit5                 : num  0 0 0 0 0 0 0 0 0 0 ...
 $ RaceHorse.IsHit6                 : num  0 0 0 0 0 0 0 0 0 0 ...
 $ RaceHorse.IsValidRaceHorse       : logi  TRUE TRUE TRUE TRUE TRUE TRUE ...
 $ RaceHorse.TimeSdvByRace          : num  0.975 1.503 0.99 1.421 1.618 ...
 $ RaceHorse.TimeSdv                : num  0.333 1.442 0.928 0.758 1.07 ...
 $ RaceHorse.IsHitA                 : num  1 1 1 1 1 1 1 1 1 1 ...
 $ RaceHorse.IsHitB                 : num  1 1 1 1 1 1 1 1 1 1 ...
 $ RaceHorse.IsHitC                 : num  1 1 1 1 1 1 1 1 1 1 ...
 $ Gen02.HansyokuNum                : Factor w/ 106 levels "11202004","11201872",..: 11 12 13 14 15 16 17 18 19 20 ...
 $ Gen02.TimeSdvByRaceAvg           : num  0.262 0.595 -0.233 0.819 0.765 ...
 $ Gen02.TimeSdvByRaceMin           : num  -1.438 -0.129 -1.75 0.819 0.312 ...
 $ Gen02.TimeSdvByRaceMax           : num  0.889 1.253 0.496 0.819 1.219 ...
 $ Gen02.TimeSdvAvg                 : num  -0.308 0.185 0.279 1.404 0.314 ...
 $ Gen02.TimeSdvMin                 : num  -3.053 -0.224 -0.78 1.404 0.201 ...
 $ Gen02.TimeSdvMax                 : num  0.797 0.803 0.928 1.404 0.426 ...
 $ Gen02.OrderOfFinishSdvAvg        : num  0.387 0.914 -0.159 0.914 0.914 ...
 $ Gen02.RunCount                   : num  6 4 4 1 2 1 2 1 7 20 ...
 $ Gen02.HitCount1                  : num  0 2 0 0 0 0 0 0 0 3 ...
 $ Gen02.HitCount2                  : num  0 0 0 0 1 1 0 1 0 0 ...
 $ Gen02.HitCount3                  : num  4 0 0 0 0 0 0 0 1 0 ...
 $ Gen02.HitCount4                  : num  0 0 0 1 0 0 0 0 1 4 ...
 $ Gen02.HitCount5                  : num  0 0 0 0 0 0 0 0 1 1 ...
 $ Gen02.HitRate1                   : num  0 0.5 0 0 0 0 0 0 0 0.15 ...
 $ Gen02.HitRate2                   : num  0 0 0 0 0.5 1 0 1 0 0 ...
 $ Gen02.HitRate3                   : num  0.667 0 0 0 0 ...
 $ Gen02.HitRate4                   : num  0 0 0 1 0 ...
 $ Gen02.HitRate5                   : num  0 0 0 0 0 ...
 $ EOF                              : int  1 1 1 1 1 1 1 1 1 1 ...
[1] "2022-02-26 23:11:49 --- na.omit Finish ---"
[1] "2022-02-26 23:11:49 --- rxGlm with rxStepControl Start ---"

> print(paste0(Sys.time(), " --- source_logic_glm.R Start ---"))
[1] "2022-02-26 23:11:49 --- source_logic_glm.R Start ---"

> formula <- formula(RaceHorse.IsHitA ~ +1 + Gen02.TimeSdvByRaceAvg)

> print(paste0(Sys.time(), " --- source_logic_glm.R Finished ---"))
[1] "2022-02-26 23:11:49 --- source_logic_glm.R Finished ---"
Rows Read: 296, Total Rows Processed: 296, Total Chunk Time: Less than .001 seconds 

Starting values (iteration 1) time: 0.011 secs.
Rows Read: 296, Total Rows Processed: 296, Total Chunk Time: 0.002 seconds 

Iteration 2 time: 0.008 secs.

Elapsed computation time: 0.027 secs.
Rows Read: 296, Total Rows Processed: 296, Total Chunk Time: Less than .001 seconds 

Starting values (iteration 1) time: 0.004 secs.
Rows Read: 296, Total Rows Processed: 296, Total Chunk Time: 0.001 seconds 

Iteration 2 time: 0.005 secs.

Elapsed computation time: 0.028 secs.
Rows Read: 296, Total Rows Processed: 296, Total Chunk Time: Less than .001 seconds 

Starting values (iteration 1) time: 0.006 secs.
Rows Read: 296, Total Rows Processed: 296, Total Chunk Time: 0.001 seconds 

Iteration 2 time: 0.008 secs.

Elapsed computation time: 0.027 secs.
Rows Read: 296, Total Rows Processed: 296, Total Chunk Time: Less than .001 seconds 

Starting values (iteration 1) time: 0.005 secs.
Rows Read: 296, Total Rows Processed: 296, Total Chunk Time: Less than .001 seconds 

Iteration 2 time: 0.007 secs.

Elapsed computation time: 0.027 secs.

Elapsed computation time: 0.143 secs.
[1] "--------------------------------------------------------------------------------"
[1] "analyze.results.glm.step="
Logistic Regression Results for: RaceHorse.IsHitA ~ 1
Data: data
Dependent variable(s): RaceHorse.IsHitA
Total independent variables: 1 
Number of valid observations: 296
Number of missing observations: 0 
 
Coefficients:
            RaceHorse.IsHitA
(Intercept)                2
[1] "analyze.results.glm.step.summary"
Call:
rxLogit(formula = formula, data = data, variableSelection = analyze.results.glm.step.varsel)

Logistic Regression Results for: RaceHorse.IsHitA ~ 1
Data: data
Dependent variable(s): RaceHorse.IsHitA
Total independent variables: 1 
Number of valid observations: 296
Number of missing observations: 0 
-2*LogLikelihood: 410.343 (Residual deviance on 295 degrees of freedom)
 
Coefficients:
            Estimate Std. Error z value Pr(>|z|)    
(Intercept)    2.000      0.116    17.2  2.2e-16 ***
---
Signif. codes:  0 '***' 0.001 '**' 0.01 '*' 0.05 '.' 0.1 ' ' 1

Condition number of final variance-covariance matrix: 1 
Number of iterations: 2
[1] "--------------------------------------------------------------------------------"
[1] "2022-02-26 23:11:50 --- rxGlm with rxStepControl Finish ---"
[1] "2022-02-26 23:11:50 --- rxStepPlot Start ---"
[1] "pdfFilename=pdf_analyze_glm_Gen02_Type22_rxStepPlot.pdf"
[1] "rxStepPlot="
[1] "2022-02-26 23:11:50 --- rxStepPlot Finish ---"
[1] "2022-02-26 23:11:50 --- save.image Start ---"
[1] "save.image"
[1] "rdataFilename=RData_analyze_glm_Gen02_Type22.RData"
[1] "2022-02-26 23:11:50 --- save.image Finish ---"
[1] "2022-02-26 23:11:50 --- final Start ---"
[1] "--------------------------------------------------------------------------------"
[1] "nrow(data) final=296"
[1] "--------------------------------------------------------------------------------"
[1] "2022-02-26 23:11:50 --- final Finish ---"
[1] "2022-02-26 23:11:50 --- analyze_glm.R Finished ---"
[1] "2022-02-26 23:11:50 --- log Finish ---"
