[1] "2022-02-26 23:12:31 --- D1115_analyze_glm_Jockey_IsHitA_Type16 Start ---"
[1] "2022-02-26 23:12:31 --- Log Start ---"
[1] "2022-02-26 23:12:31 --- analyze_glm.R Start ---"
[1] "analyzeVersion=D1115"
[1] "analyzeCategory=analyze"
[1] "analyzeType=Jockey"
[1] "analyzeFamily=IsHitA"
[1] "analyzeFunc=glm"
[1] "analyzeTrackTypeCd=1"
[1] "analyzeJyokenCd=6"
[1] "2022-02-26 23:12:32 --- source_function.R Start ---"
[1] "2022-02-26 23:12:32 --- source_function.R Finished ---"

> print(paste0(Sys.time(), " --- source_library.R Start ---"))
[1] "2022-02-26 23:12:32 --- source_library.R Start ---"

> require("RevoScaleR")

> print(paste0(Sys.time(), " --- source_library.R Finished ---"))
[1] "2022-02-26 23:12:33 --- source_library.R Finished ---"
[1] "2022-02-26 23:12:33 --- RxSqlServerData Start ---"
[1] "2022-02-26 23:12:33 --- RxInSqlServer Start ---"
[1] "2022-02-26 23:12:33 --- RxInSqlServer Finish ---"
[1] "2022-02-26 23:12:33 --- rxSetComputeContext Start ---"
[1] "2022-02-26 23:12:33 --- rxSetComputeContext Finish ---"
[1] "2022-02-26 23:12:33 --- RxSqlServerData Start ---"
[1] "sqlQuery=SELECT * FROM ViewAnalyzeD1115analyze01JockeyType16"
[1] "2022-02-26 23:12:33 --- RxSqlServerData Finish ---"
[1] "2022-02-26 23:12:33 --- rxGetVarInfo Start ---"
[1] "2022-02-26 23:12:34 --- rxGetVarInfo Finish---"
[1] "2022-02-26 23:12:34 --- rxImport Start ---"
Rows Read: 989, Total Rows Processed: 989, Total Chunk Time: 131.432 seconds 
[1] "2022-02-26 23:16:23 --- rxImport Finish ---"
[1] "object.size(data) auto=534.7 Kb"
[1] "--------------------------------------------------------------------------------"
[1] "nrow(data) RxSqlServerData=989"
[1] "--------------------------------------------------------------------------------"
[1] "str(data)="
'data.frame':	989 obs. of  43 variables:
 $ Race.RaceId                      : Factor w/ 987 levels "20170618-09-03-06-05",..: 11 12 13 14 15 16 17 18 19 20 ...
 $ Race.IsAnalyzeNormalPastAndFuture: logi  TRUE TRUE TRUE TRUE TRUE TRUE ...
 $ Race.IsAnalyzeNormalPast         : logi  TRUE TRUE TRUE TRUE TRUE TRUE ...
 $ Race.IsAnalyzeNormalFuture       : logi  FALSE FALSE FALSE FALSE FALSE FALSE ...
 $ Race.IsAnalyzeFullPastAndFuture  : logi  TRUE TRUE TRUE TRUE TRUE TRUE ...
 $ Race.IsAnalyzeFullPast           : logi  TRUE TRUE TRUE TRUE TRUE TRUE ...
 $ Race.IsAnalyzeFullFuture         : logi  FALSE FALSE FALSE FALSE FALSE FALSE ...
 $ Race.JyokenCd                    : Factor w/ 1 level "6": 1 1 1 1 1 1 1 1 1 1 ...
 $ Race.JyoType1Cd                  : Factor w/ 119 levels "1-09-1600-6-1",..: 5 9 10 11 8 12 13 8 10 14 ...
 $ Race.RaceType1Cd                 : Factor w/ 2 levels "1-6-X-1","1-6-X-2": 1 2 1 1 1 1 2 1 1 1 ...
 $ RaceHorse.RaceId                 : Factor w/ 987 levels "20170618-09-03-06-05",..: 11 12 13 14 15 16 17 18 19 20 ...
 $ RaceHorse.KettoNum               : Factor w/ 989 levels "2015106379","2015104170",..: 11 12 13 14 15 16 17 18 19 20 ...
 $ RaceHorse.IsHit1                 : num  1 1 1 1 1 1 1 1 1 1 ...
 $ RaceHorse.IsHit2                 : num  0 0 0 0 0 0 0 0 0 0 ...
 $ RaceHorse.IsHit3                 : num  0 0 0 0 0 0 0 0 0 0 ...
 $ RaceHorse.IsHit4                 : num  0 0 0 0 0 0 0 0 0 0 ...
 $ RaceHorse.IsHit5                 : num  0 0 0 0 0 0 0 0 0 0 ...
 $ RaceHorse.IsHit6                 : num  0 0 0 0 0 0 0 0 0 0 ...
 $ RaceHorse.IsValidRaceHorse       : logi  TRUE TRUE TRUE TRUE TRUE TRUE ...
 $ RaceHorse.TimeSdvByRace          : num  1.42 1.96 1.56 1.37 1.6 ...
 $ RaceHorse.TimeSdv                : num  1.392 1.442 0.824 1.491 -0.362 ...
 $ RaceHorse.IsHitA                 : num  1 1 1 1 1 1 1 1 1 1 ...
 $ RaceHorse.IsHitB                 : num  1 1 1 1 1 1 1 1 1 1 ...
 $ RaceHorse.IsHitC                 : num  1 1 1 1 1 1 1 1 1 1 ...
 $ Jockey.TimeSdvByRaceAvg          : num  0.398 0.148 0.398 0.404 0.383 ...
 $ Jockey.TimeSdvByRaceMin          : num  -2.62 -2.23 -2.79 -2.62 -2.79 ...
 $ Jockey.TimeSdvByRaceMax          : num  1.83 1.63 1.83 1.83 1.83 ...
 $ Jockey.TimeSdvAvg                : num  0.2194 0.0901 0.2073 0.225 0.2005 ...
 $ Jockey.TimeSdvMin                : num  -2.74 -2.54 -2.74 -2.74 -2.74 ...
 $ Jockey.TimeSdvMax                : num  2.29 1.7 2.29 2.29 2.29 ...
 $ Jockey.OrderOfFinishSdvAvg       : num  0.327 0.139 0.356 0.331 0.34 ...
 $ Jockey.RunCount                  : num  166 99 179 166 178 181 90 149 134 146 ...
 $ Jockey.HitCount1                 : num  30 6 35 31 35 34 6 6 6 7 ...
 $ Jockey.HitCount2                 : num  17 12 15 17 15 19 9 13 11 13 ...
 $ Jockey.HitCount3                 : num  15 15 16 15 16 16 11 12 10 11 ...
 $ Jockey.HitCount4                 : num  26 8 24 25 24 22 8 9 8 9 ...
 $ Jockey.HitCount5                 : num  7 5 11 7 9 11 4 8 9 8 ...
 $ Jockey.HitRate1                  : num  0.1807 0.0606 0.1955 0.1867 0.1966 ...
 $ Jockey.HitRate2                  : num  0.1024 0.1212 0.0838 0.1024 0.0843 ...
 $ Jockey.HitRate3                  : num  0.0904 0.1515 0.0894 0.0904 0.0899 ...
 $ Jockey.HitRate4                  : num  0.1566 0.0808 0.1341 0.1506 0.1348 ...
 $ Jockey.HitRate5                  : num  0.0422 0.0505 0.0615 0.0422 0.0506 ...
 $ EOF                              : int  1 1 1 1 1 1 1 1 1 1 ...
[1] "2022-02-26 23:16:28 --- RxSqlServerData Finish ---"
[1] "2022-02-26 23:16:28 --- subset Start ---"
[1] "--------------------------------------------------------------------------------"
[1] "nrow(data) subset before=989"
[1] "nrow(data) subset after =989"
[1] "nrow(data) subset diff =0"
[1] "--------------------------------------------------------------------------------"
[1] "2022-02-26 23:16:28 --- subset Finish---"
[1] "2022-02-26 23:16:28 --- transform Start ---"
[1] "--------------------------------------------------------------------------------"
[1] "nrow(data) transform before=989"
[1] "nrow(data) transform after=989"
[1] "nrow(data) transform diff=0"
[1] "--------------------------------------------------------------------------------"
[1] "str(data)="
'data.frame':	989 obs. of  43 variables:
 $ Race.RaceId                      : Factor w/ 987 levels "20170618-09-03-06-05",..: 11 12 13 14 15 16 17 18 19 20 ...
 $ Race.IsAnalyzeNormalPastAndFuture: logi  TRUE TRUE TRUE TRUE TRUE TRUE ...
 $ Race.IsAnalyzeNormalPast         : logi  TRUE TRUE TRUE TRUE TRUE TRUE ...
 $ Race.IsAnalyzeNormalFuture       : logi  FALSE FALSE FALSE FALSE FALSE FALSE ...
 $ Race.IsAnalyzeFullPastAndFuture  : logi  TRUE TRUE TRUE TRUE TRUE TRUE ...
 $ Race.IsAnalyzeFullPast           : logi  TRUE TRUE TRUE TRUE TRUE TRUE ...
 $ Race.IsAnalyzeFullFuture         : logi  FALSE FALSE FALSE FALSE FALSE FALSE ...
 $ Race.JyokenCd                    : Factor w/ 1 level "6": 1 1 1 1 1 1 1 1 1 1 ...
 $ Race.JyoType1Cd                  : Factor w/ 119 levels "1-09-1600-6-1",..: 5 9 10 11 8 12 13 8 10 14 ...
 $ Race.RaceType1Cd                 : Factor w/ 2 levels "1-6-X-1","1-6-X-2": 1 2 1 1 1 1 2 1 1 1 ...
 $ RaceHorse.RaceId                 : Factor w/ 987 levels "20170618-09-03-06-05",..: 11 12 13 14 15 16 17 18 19 20 ...
 $ RaceHorse.KettoNum               : Factor w/ 989 levels "2015106379","2015104170",..: 11 12 13 14 15 16 17 18 19 20 ...
 $ RaceHorse.IsHit1                 : num  1 1 1 1 1 1 1 1 1 1 ...
 $ RaceHorse.IsHit2                 : num  0 0 0 0 0 0 0 0 0 0 ...
 $ RaceHorse.IsHit3                 : num  0 0 0 0 0 0 0 0 0 0 ...
 $ RaceHorse.IsHit4                 : num  0 0 0 0 0 0 0 0 0 0 ...
 $ RaceHorse.IsHit5                 : num  0 0 0 0 0 0 0 0 0 0 ...
 $ RaceHorse.IsHit6                 : num  0 0 0 0 0 0 0 0 0 0 ...
 $ RaceHorse.IsValidRaceHorse       : logi  TRUE TRUE TRUE TRUE TRUE TRUE ...
 $ RaceHorse.TimeSdvByRace          : num  1.42 1.96 1.56 1.37 1.6 ...
 $ RaceHorse.TimeSdv                : num  1.392 1.442 0.824 1.491 -0.362 ...
 $ RaceHorse.IsHitA                 : num  1 1 1 1 1 1 1 1 1 1 ...
 $ RaceHorse.IsHitB                 : num  1 1 1 1 1 1 1 1 1 1 ...
 $ RaceHorse.IsHitC                 : num  1 1 1 1 1 1 1 1 1 1 ...
 $ Jockey.TimeSdvByRaceAvg          : num  0.398 0.148 0.398 0.404 0.383 ...
 $ Jockey.TimeSdvByRaceMin          : num  -2.62 -2.23 -2.79 -2.62 -2.79 ...
 $ Jockey.TimeSdvByRaceMax          : num  1.83 1.63 1.83 1.83 1.83 ...
 $ Jockey.TimeSdvAvg                : num  0.2194 0.0901 0.2073 0.225 0.2005 ...
 $ Jockey.TimeSdvMin                : num  -2.74 -2.54 -2.74 -2.74 -2.74 ...
 $ Jockey.TimeSdvMax                : num  2.29 1.7 2.29 2.29 2.29 ...
 $ Jockey.OrderOfFinishSdvAvg       : num  0.327 0.139 0.356 0.331 0.34 ...
 $ Jockey.RunCount                  : num  166 99 179 166 178 181 90 149 134 146 ...
 $ Jockey.HitCount1                 : num  30 6 35 31 35 34 6 6 6 7 ...
 $ Jockey.HitCount2                 : num  17 12 15 17 15 19 9 13 11 13 ...
 $ Jockey.HitCount3                 : num  15 15 16 15 16 16 11 12 10 11 ...
 $ Jockey.HitCount4                 : num  26 8 24 25 24 22 8 9 8 9 ...
 $ Jockey.HitCount5                 : num  7 5 11 7 9 11 4 8 9 8 ...
 $ Jockey.HitRate1                  : num  0.1807 0.0606 0.1955 0.1867 0.1966 ...
 $ Jockey.HitRate2                  : num  0.1024 0.1212 0.0838 0.1024 0.0843 ...
 $ Jockey.HitRate3                  : num  0.0904 0.1515 0.0894 0.0904 0.0899 ...
 $ Jockey.HitRate4                  : num  0.1566 0.0808 0.1341 0.1506 0.1348 ...
 $ Jockey.HitRate5                  : num  0.0422 0.0505 0.0615 0.0422 0.0506 ...
 $ EOF                              : int  1 1 1 1 1 1 1 1 1 1 ...
NULL
[1] "2022-02-26 23:16:32 --- transform Finish ---"
[1] "2022-02-26 23:16:32 --- na.omit Start ---"
[1] "--------------------------------------------------------------------------------"
[1] "nrow(data) na.omit before=989"
[1] "nrow(data) na.omit after =989"
[1] "nrow(data) na.omit diff =0"
[1] "--------------------------------------------------------------------------------"
'data.frame':	989 obs. of  43 variables:
 $ Race.RaceId                      : Factor w/ 987 levels "20170618-09-03-06-05",..: 11 12 13 14 15 16 17 18 19 20 ...
 $ Race.IsAnalyzeNormalPastAndFuture: logi  TRUE TRUE TRUE TRUE TRUE TRUE ...
 $ Race.IsAnalyzeNormalPast         : logi  TRUE TRUE TRUE TRUE TRUE TRUE ...
 $ Race.IsAnalyzeNormalFuture       : logi  FALSE FALSE FALSE FALSE FALSE FALSE ...
 $ Race.IsAnalyzeFullPastAndFuture  : logi  TRUE TRUE TRUE TRUE TRUE TRUE ...
 $ Race.IsAnalyzeFullPast           : logi  TRUE TRUE TRUE TRUE TRUE TRUE ...
 $ Race.IsAnalyzeFullFuture         : logi  FALSE FALSE FALSE FALSE FALSE FALSE ...
 $ Race.JyokenCd                    : Factor w/ 1 level "6": 1 1 1 1 1 1 1 1 1 1 ...
 $ Race.JyoType1Cd                  : Factor w/ 119 levels "1-09-1600-6-1",..: 5 9 10 11 8 12 13 8 10 14 ...
 $ Race.RaceType1Cd                 : Factor w/ 2 levels "1-6-X-1","1-6-X-2": 1 2 1 1 1 1 2 1 1 1 ...
 $ RaceHorse.RaceId                 : Factor w/ 987 levels "20170618-09-03-06-05",..: 11 12 13 14 15 16 17 18 19 20 ...
 $ RaceHorse.KettoNum               : Factor w/ 989 levels "2015106379","2015104170",..: 11 12 13 14 15 16 17 18 19 20 ...
 $ RaceHorse.IsHit1                 : num  1 1 1 1 1 1 1 1 1 1 ...
 $ RaceHorse.IsHit2                 : num  0 0 0 0 0 0 0 0 0 0 ...
 $ RaceHorse.IsHit3                 : num  0 0 0 0 0 0 0 0 0 0 ...
 $ RaceHorse.IsHit4                 : num  0 0 0 0 0 0 0 0 0 0 ...
 $ RaceHorse.IsHit5                 : num  0 0 0 0 0 0 0 0 0 0 ...
 $ RaceHorse.IsHit6                 : num  0 0 0 0 0 0 0 0 0 0 ...
 $ RaceHorse.IsValidRaceHorse       : logi  TRUE TRUE TRUE TRUE TRUE TRUE ...
 $ RaceHorse.TimeSdvByRace          : num  1.42 1.96 1.56 1.37 1.6 ...
 $ RaceHorse.TimeSdv                : num  1.392 1.442 0.824 1.491 -0.362 ...
 $ RaceHorse.IsHitA                 : num  1 1 1 1 1 1 1 1 1 1 ...
 $ RaceHorse.IsHitB                 : num  1 1 1 1 1 1 1 1 1 1 ...
 $ RaceHorse.IsHitC                 : num  1 1 1 1 1 1 1 1 1 1 ...
 $ Jockey.TimeSdvByRaceAvg          : num  0.398 0.148 0.398 0.404 0.383 ...
 $ Jockey.TimeSdvByRaceMin          : num  -2.62 -2.23 -2.79 -2.62 -2.79 ...
 $ Jockey.TimeSdvByRaceMax          : num  1.83 1.63 1.83 1.83 1.83 ...
 $ Jockey.TimeSdvAvg                : num  0.2194 0.0901 0.2073 0.225 0.2005 ...
 $ Jockey.TimeSdvMin                : num  -2.74 -2.54 -2.74 -2.74 -2.74 ...
 $ Jockey.TimeSdvMax                : num  2.29 1.7 2.29 2.29 2.29 ...
 $ Jockey.OrderOfFinishSdvAvg       : num  0.327 0.139 0.356 0.331 0.34 ...
 $ Jockey.RunCount                  : num  166 99 179 166 178 181 90 149 134 146 ...
 $ Jockey.HitCount1                 : num  30 6 35 31 35 34 6 6 6 7 ...
 $ Jockey.HitCount2                 : num  17 12 15 17 15 19 9 13 11 13 ...
 $ Jockey.HitCount3                 : num  15 15 16 15 16 16 11 12 10 11 ...
 $ Jockey.HitCount4                 : num  26 8 24 25 24 22 8 9 8 9 ...
 $ Jockey.HitCount5                 : num  7 5 11 7 9 11 4 8 9 8 ...
 $ Jockey.HitRate1                  : num  0.1807 0.0606 0.1955 0.1867 0.1966 ...
 $ Jockey.HitRate2                  : num  0.1024 0.1212 0.0838 0.1024 0.0843 ...
 $ Jockey.HitRate3                  : num  0.0904 0.1515 0.0894 0.0904 0.0899 ...
 $ Jockey.HitRate4                  : num  0.1566 0.0808 0.1341 0.1506 0.1348 ...
 $ Jockey.HitRate5                  : num  0.0422 0.0505 0.0615 0.0422 0.0506 ...
 $ EOF                              : int  1 1 1 1 1 1 1 1 1 1 ...
[1] "2022-02-26 23:16:34 --- na.omit Finish ---"
[1] "2022-02-26 23:16:34 --- rxGlm with rxStepControl Start ---"

> print(paste0(Sys.time(), " --- source_logic_glm.R Start ---"))
[1] "2022-02-26 23:16:34 --- source_logic_glm.R Start ---"

> formula <- formula(RaceHorse.IsHitA ~ +1 + Jockey.TimeSdvByRaceAvg)

> print(paste0(Sys.time(), " --- source_logic_glm.R Finished ---"))
[1] "2022-02-26 23:16:34 --- source_logic_glm.R Finished ---"
Rows Read: 989, Total Rows Processed: 989, Total Chunk Time: 0.001 seconds 

Starting values (iteration 1) time: 0.008 secs.
Rows Read: 989, Total Rows Processed: 989, Total Chunk Time: 0.001 seconds 

Iteration 2 time: 0.006 secs.

Elapsed computation time: 0.025 secs.
Rows Read: 989, Total Rows Processed: 989, Total Chunk Time: Less than .001 seconds 

Starting values (iteration 1) time: 0.006 secs.
Rows Read: 989, Total Rows Processed: 989, Total Chunk Time: 0.001 seconds 

Iteration 2 time: 0.006 secs.

Elapsed computation time: 0.025 secs.
Rows Read: 989, Total Rows Processed: 989, Total Chunk Time: Less than .001 seconds 

Starting values (iteration 1) time: 0.005 secs.
Rows Read: 989, Total Rows Processed: 989, Total Chunk Time: Less than .001 seconds 

Iteration 2 time: 0.006 secs.

Elapsed computation time: 0.025 secs.
Rows Read: 989, Total Rows Processed: 989, Total Chunk Time: 0.001 seconds 

Starting values (iteration 1) time: 0.005 secs.
Rows Read: 989, Total Rows Processed: 989, Total Chunk Time: 0.001 seconds 

Iteration 2 time: 0.006 secs.

Elapsed computation time: 0.026 secs.

Elapsed computation time: 0.127 secs.
[1] "--------------------------------------------------------------------------------"
[1] "analyze.results.glm.step="
Logistic Regression Results for: RaceHorse.IsHitA ~ 1
Data: data
Dependent variable(s): RaceHorse.IsHitA
Total independent variables: 1 
Number of valid observations: 989
Number of missing observations: 0 
 
Coefficients:
            RaceHorse.IsHitA
(Intercept)                2
[1] "analyze.results.glm.step.summary"
Call:
rxLogit(formula = formula, data = data, variableSelection = analyze.results.glm.step.varsel)

Logistic Regression Results for: RaceHorse.IsHitA ~ 1
Data: data
Dependent variable(s): RaceHorse.IsHitA
Total independent variables: 1 
Number of valid observations: 989
Number of missing observations: 0 
-2*LogLikelihood: 1371.045 (Residual deviance on 988 degrees of freedom)
 
Coefficients:
            Estimate Std. Error z value Pr(>|z|)    
(Intercept)   2.0000     0.0636    31.4  2.2e-16 ***
---
Signif. codes:  0 '***' 0.001 '**' 0.01 '*' 0.05 '.' 0.1 ' ' 1

Condition number of final variance-covariance matrix: 1 
Number of iterations: 2
[1] "--------------------------------------------------------------------------------"
[1] "2022-02-26 23:16:36 --- rxGlm with rxStepControl Finish ---"
[1] "2022-02-26 23:16:36 --- rxStepPlot Start ---"
[1] "pdfFilename=pdf_analyze_glm_Jockey_Type16_rxStepPlot.pdf"
[1] "rxStepPlot="
[1] "2022-02-26 23:16:36 --- rxStepPlot Finish ---"
[1] "2022-02-26 23:16:36 --- save.image Start ---"
[1] "save.image"
[1] "rdataFilename=RData_analyze_glm_Jockey_Type16.RData"
[1] "2022-02-26 23:16:36 --- save.image Finish ---"
[1] "2022-02-26 23:16:36 --- final Start ---"
[1] "--------------------------------------------------------------------------------"
[1] "nrow(data) final=989"
[1] "--------------------------------------------------------------------------------"
[1] "2022-02-26 23:16:36 --- final Finish ---"
[1] "2022-02-26 23:16:36 --- analyze_glm.R Finished ---"
[1] "2022-02-26 23:16:36 --- log Finish ---"
