[1] "2022-02-26 23:11:04 --- D1115_analyze_glm_Gen02_IsHitA_Type26 Start ---"
[1] "2022-02-26 23:11:04 --- Log Start ---"
[1] "2022-02-26 23:11:04 --- analyze_glm.R Start ---"
[1] "analyzeVersion=D1115"
[1] "analyzeCategory=analyze"
[1] "analyzeType=Gen02"
[1] "analyzeFamily=IsHitA"
[1] "analyzeFunc=glm"
[1] "analyzeTrackTypeCd=2"
[1] "analyzeJyokenCd=6"
[1] "2022-02-26 23:11:05 --- source_function.R Start ---"
[1] "2022-02-26 23:11:05 --- source_function.R Finished ---"

> print(paste0(Sys.time(), " --- source_library.R Start ---"))
[1] "2022-02-26 23:11:05 --- source_library.R Start ---"

> require("RevoScaleR")

> print(paste0(Sys.time(), " --- source_library.R Finished ---"))
[1] "2022-02-26 23:11:07 --- source_library.R Finished ---"
[1] "2022-02-26 23:11:07 --- RxSqlServerData Start ---"
[1] "2022-02-26 23:11:07 --- RxInSqlServer Start ---"
[1] "2022-02-26 23:11:07 --- RxInSqlServer Finish ---"
[1] "2022-02-26 23:11:07 --- rxSetComputeContext Start ---"
[1] "2022-02-26 23:11:07 --- rxSetComputeContext Finish ---"
[1] "2022-02-26 23:11:07 --- RxSqlServerData Start ---"
[1] "sqlQuery=SELECT * FROM ViewAnalyzeD1115analyze01Gen02Type26"
[1] "2022-02-26 23:11:07 --- RxSqlServerData Finish ---"
[1] "2022-02-26 23:11:07 --- rxGetVarInfo Start ---"
[1] "2022-02-26 23:11:11 --- rxGetVarInfo Finish---"
[1] "2022-02-26 23:11:11 --- rxImport Start ---"
Rows Read: 140, Total Rows Processed: 140, Total Chunk Time: 16.128 seconds 
[1] "2022-02-26 23:11:45 --- rxImport Finish ---"
[1] "object.size(data) auto=91.1 Kb"
[1] "--------------------------------------------------------------------------------"
[1] "nrow(data) RxSqlServerData=140"
[1] "--------------------------------------------------------------------------------"
[1] "str(data)="
'data.frame':	140 obs. of  44 variables:
 $ Race.RaceId                      : Factor w/ 140 levels "20160709-02-02-01-06",..: 10 11 12 13 14 15 16 17 18 19 ...
 $ Race.IsAnalyzeNormalPastAndFuture: logi  TRUE TRUE TRUE TRUE TRUE TRUE ...
 $ Race.IsAnalyzeNormalPast         : logi  TRUE TRUE TRUE TRUE TRUE TRUE ...
 $ Race.IsAnalyzeNormalFuture       : logi  FALSE FALSE FALSE FALSE FALSE FALSE ...
 $ Race.IsAnalyzeFullPastAndFuture  : logi  TRUE TRUE TRUE TRUE TRUE TRUE ...
 $ Race.IsAnalyzeFullPast           : logi  TRUE TRUE TRUE TRUE TRUE TRUE ...
 $ Race.IsAnalyzeFullFuture         : logi  FALSE FALSE FALSE FALSE FALSE FALSE ...
 $ Race.JyokenCd                    : Factor w/ 1 level "6": 1 1 1 1 1 1 1 1 1 1 ...
 $ Race.JyoType1Cd                  : Factor w/ 43 levels "2-02-1000-6-1",..: 2 3 3 8 9 5 10 11 12 6 ...
 $ Race.RaceType1Cd                 : Factor w/ 2 levels "2-6-X-1","2-6-X-2": 1 1 1 1 1 2 1 1 1 2 ...
 $ RaceHorse.RaceId                 : Factor w/ 140 levels "20160709-02-02-01-06",..: 10 11 12 13 14 15 16 17 18 19 ...
 $ RaceHorse.KettoNum               : Factor w/ 140 levels "2014101832","2014101697",..: 10 11 12 13 14 15 16 17 18 19 ...
 $ RaceHorse.IsHit1                 : num  1 1 1 1 1 1 1 1 1 1 ...
 $ RaceHorse.IsHit2                 : num  0 0 0 0 0 0 0 0 0 0 ...
 $ RaceHorse.IsHit3                 : num  0 0 0 0 0 0 0 0 0 0 ...
 $ RaceHorse.IsHit4                 : num  0 0 0 0 0 0 0 0 0 0 ...
 $ RaceHorse.IsHit5                 : num  0 0 0 0 0 0 0 0 0 0 ...
 $ RaceHorse.IsHit6                 : num  0 0 0 0 0 0 0 0 0 0 ...
 $ RaceHorse.IsValidRaceHorse       : logi  TRUE TRUE TRUE TRUE TRUE TRUE ...
 $ RaceHorse.TimeSdvByRace          : num  1.41 1.87 1.75 1.13 1.59 ...
 $ RaceHorse.TimeSdv                : num  0.552 1.431 1.614 0.522 1.38 ...
 $ RaceHorse.IsHitA                 : num  1 1 1 1 1 1 1 1 1 1 ...
 $ RaceHorse.IsHitB                 : num  1 1 1 1 1 1 1 1 1 1 ...
 $ RaceHorse.IsHitC                 : num  1 1 1 1 1 1 1 1 1 1 ...
 $ Gen02.HansyokuNum                : Factor w/ 70 levels "11201975","11202222",..: 9 10 10 11 12 13 14 15 16 17 ...
 $ Gen02.TimeSdvByRaceAvg           : num  0.257 -0.228 1.273 0.596 0.317 ...
 $ Gen02.TimeSdvByRaceMin           : num  0.172 -0.228 1.273 0.264 0.187 ...
 $ Gen02.TimeSdvByRaceMax           : num  0.342 -0.228 1.273 0.928 0.447 ...
 $ Gen02.TimeSdvAvg                 : num  -0.127 -0.555 1.247 0.778 0.363 ...
 $ Gen02.TimeSdvMin                 : num  -0.219 -0.555 1.247 0.383 0.348 ...
 $ Gen02.TimeSdvMax                 : num  -0.0355 -0.5554 1.2475 1.1736 0.3774 ...
 $ Gen02.OrderOfFinishSdvAvg        : num  0.202 -0.48 1.566 0.77 0.202 ...
 $ Gen02.RunCount                   : num  2 1 1 2 2 1 1 3 1 1 ...
 $ Gen02.HitCount1                  : num  0 0 1 0 0 0 0 1 0 0 ...
 $ Gen02.HitCount2                  : num  0 0 0 1 0 0 0 0 0 0 ...
 $ Gen02.HitCount3                  : num  0 0 0 0 0 0 0 0 0 0 ...
 $ Gen02.HitCount4                  : num  0 0 0 0 0 0 0 0 0 0 ...
 $ Gen02.HitCount5                  : num  0 0 0 0 1 0 0 0 1 0 ...
 $ Gen02.HitRate1                   : num  0 0 1 0 0 ...
 $ Gen02.HitRate2                   : num  0 0 0 0.5 0 0 0 0 0 0 ...
 $ Gen02.HitRate3                   : num  0 0 0 0 0 0 0 0 0 0 ...
 $ Gen02.HitRate4                   : num  0 0 0 0 0 0 0 0 0 0 ...
 $ Gen02.HitRate5                   : num  0 0 0 0 0.5 0 0 0 1 0 ...
 $ EOF                              : int  1 1 1 1 1 1 1 1 1 1 ...
[1] "2022-02-26 23:11:45 --- RxSqlServerData Finish ---"
[1] "2022-02-26 23:11:45 --- subset Start ---"
[1] "--------------------------------------------------------------------------------"
[1] "nrow(data) subset before=140"
[1] "nrow(data) subset after =140"
[1] "nrow(data) subset diff =0"
[1] "--------------------------------------------------------------------------------"
[1] "2022-02-26 23:11:45 --- subset Finish---"
[1] "2022-02-26 23:11:45 --- transform Start ---"
[1] "--------------------------------------------------------------------------------"
[1] "nrow(data) transform before=140"
[1] "nrow(data) transform after=140"
[1] "nrow(data) transform diff=0"
[1] "--------------------------------------------------------------------------------"
[1] "str(data)="
'data.frame':	140 obs. of  44 variables:
 $ Race.RaceId                      : Factor w/ 140 levels "20160709-02-02-01-06",..: 10 11 12 13 14 15 16 17 18 19 ...
 $ Race.IsAnalyzeNormalPastAndFuture: logi  TRUE TRUE TRUE TRUE TRUE TRUE ...
 $ Race.IsAnalyzeNormalPast         : logi  TRUE TRUE TRUE TRUE TRUE TRUE ...
 $ Race.IsAnalyzeNormalFuture       : logi  FALSE FALSE FALSE FALSE FALSE FALSE ...
 $ Race.IsAnalyzeFullPastAndFuture  : logi  TRUE TRUE TRUE TRUE TRUE TRUE ...
 $ Race.IsAnalyzeFullPast           : logi  TRUE TRUE TRUE TRUE TRUE TRUE ...
 $ Race.IsAnalyzeFullFuture         : logi  FALSE FALSE FALSE FALSE FALSE FALSE ...
 $ Race.JyokenCd                    : Factor w/ 1 level "6": 1 1 1 1 1 1 1 1 1 1 ...
 $ Race.JyoType1Cd                  : Factor w/ 43 levels "2-02-1000-6-1",..: 2 3 3 8 9 5 10 11 12 6 ...
 $ Race.RaceType1Cd                 : Factor w/ 2 levels "2-6-X-1","2-6-X-2": 1 1 1 1 1 2 1 1 1 2 ...
 $ RaceHorse.RaceId                 : Factor w/ 140 levels "20160709-02-02-01-06",..: 10 11 12 13 14 15 16 17 18 19 ...
 $ RaceHorse.KettoNum               : Factor w/ 140 levels "2014101832","2014101697",..: 10 11 12 13 14 15 16 17 18 19 ...
 $ RaceHorse.IsHit1                 : num  1 1 1 1 1 1 1 1 1 1 ...
 $ RaceHorse.IsHit2                 : num  0 0 0 0 0 0 0 0 0 0 ...
 $ RaceHorse.IsHit3                 : num  0 0 0 0 0 0 0 0 0 0 ...
 $ RaceHorse.IsHit4                 : num  0 0 0 0 0 0 0 0 0 0 ...
 $ RaceHorse.IsHit5                 : num  0 0 0 0 0 0 0 0 0 0 ...
 $ RaceHorse.IsHit6                 : num  0 0 0 0 0 0 0 0 0 0 ...
 $ RaceHorse.IsValidRaceHorse       : logi  TRUE TRUE TRUE TRUE TRUE TRUE ...
 $ RaceHorse.TimeSdvByRace          : num  1.41 1.87 1.75 1.13 1.59 ...
 $ RaceHorse.TimeSdv                : num  0.552 1.431 1.614 0.522 1.38 ...
 $ RaceHorse.IsHitA                 : num  1 1 1 1 1 1 1 1 1 1 ...
 $ RaceHorse.IsHitB                 : num  1 1 1 1 1 1 1 1 1 1 ...
 $ RaceHorse.IsHitC                 : num  1 1 1 1 1 1 1 1 1 1 ...
 $ Gen02.HansyokuNum                : Factor w/ 70 levels "11201975","11202222",..: 9 10 10 11 12 13 14 15 16 17 ...
 $ Gen02.TimeSdvByRaceAvg           : num  0.257 -0.228 1.273 0.596 0.317 ...
 $ Gen02.TimeSdvByRaceMin           : num  0.172 -0.228 1.273 0.264 0.187 ...
 $ Gen02.TimeSdvByRaceMax           : num  0.342 -0.228 1.273 0.928 0.447 ...
 $ Gen02.TimeSdvAvg                 : num  -0.127 -0.555 1.247 0.778 0.363 ...
 $ Gen02.TimeSdvMin                 : num  -0.219 -0.555 1.247 0.383 0.348 ...
 $ Gen02.TimeSdvMax                 : num  -0.0355 -0.5554 1.2475 1.1736 0.3774 ...
 $ Gen02.OrderOfFinishSdvAvg        : num  0.202 -0.48 1.566 0.77 0.202 ...
 $ Gen02.RunCount                   : num  2 1 1 2 2 1 1 3 1 1 ...
 $ Gen02.HitCount1                  : num  0 0 1 0 0 0 0 1 0 0 ...
 $ Gen02.HitCount2                  : num  0 0 0 1 0 0 0 0 0 0 ...
 $ Gen02.HitCount3                  : num  0 0 0 0 0 0 0 0 0 0 ...
 $ Gen02.HitCount4                  : num  0 0 0 0 0 0 0 0 0 0 ...
 $ Gen02.HitCount5                  : num  0 0 0 0 1 0 0 0 1 0 ...
 $ Gen02.HitRate1                   : num  0 0 1 0 0 ...
 $ Gen02.HitRate2                   : num  0 0 0 0.5 0 0 0 0 0 0 ...
 $ Gen02.HitRate3                   : num  0 0 0 0 0 0 0 0 0 0 ...
 $ Gen02.HitRate4                   : num  0 0 0 0 0 0 0 0 0 0 ...
 $ Gen02.HitRate5                   : num  0 0 0 0 0.5 0 0 0 1 0 ...
 $ EOF                              : int  1 1 1 1 1 1 1 1 1 1 ...
NULL
[1] "2022-02-26 23:11:46 --- transform Finish ---"
[1] "2022-02-26 23:11:46 --- na.omit Start ---"
[1] "--------------------------------------------------------------------------------"
[1] "nrow(data) na.omit before=140"
[1] "nrow(data) na.omit after =140"
[1] "nrow(data) na.omit diff =0"
[1] "--------------------------------------------------------------------------------"
'data.frame':	140 obs. of  44 variables:
 $ Race.RaceId                      : Factor w/ 140 levels "20160709-02-02-01-06",..: 10 11 12 13 14 15 16 17 18 19 ...
 $ Race.IsAnalyzeNormalPastAndFuture: logi  TRUE TRUE TRUE TRUE TRUE TRUE ...
 $ Race.IsAnalyzeNormalPast         : logi  TRUE TRUE TRUE TRUE TRUE TRUE ...
 $ Race.IsAnalyzeNormalFuture       : logi  FALSE FALSE FALSE FALSE FALSE FALSE ...
 $ Race.IsAnalyzeFullPastAndFuture  : logi  TRUE TRUE TRUE TRUE TRUE TRUE ...
 $ Race.IsAnalyzeFullPast           : logi  TRUE TRUE TRUE TRUE TRUE TRUE ...
 $ Race.IsAnalyzeFullFuture         : logi  FALSE FALSE FALSE FALSE FALSE FALSE ...
 $ Race.JyokenCd                    : Factor w/ 1 level "6": 1 1 1 1 1 1 1 1 1 1 ...
 $ Race.JyoType1Cd                  : Factor w/ 43 levels "2-02-1000-6-1",..: 2 3 3 8 9 5 10 11 12 6 ...
 $ Race.RaceType1Cd                 : Factor w/ 2 levels "2-6-X-1","2-6-X-2": 1 1 1 1 1 2 1 1 1 2 ...
 $ RaceHorse.RaceId                 : Factor w/ 140 levels "20160709-02-02-01-06",..: 10 11 12 13 14 15 16 17 18 19 ...
 $ RaceHorse.KettoNum               : Factor w/ 140 levels "2014101832","2014101697",..: 10 11 12 13 14 15 16 17 18 19 ...
 $ RaceHorse.IsHit1                 : num  1 1 1 1 1 1 1 1 1 1 ...
 $ RaceHorse.IsHit2                 : num  0 0 0 0 0 0 0 0 0 0 ...
 $ RaceHorse.IsHit3                 : num  0 0 0 0 0 0 0 0 0 0 ...
 $ RaceHorse.IsHit4                 : num  0 0 0 0 0 0 0 0 0 0 ...
 $ RaceHorse.IsHit5                 : num  0 0 0 0 0 0 0 0 0 0 ...
 $ RaceHorse.IsHit6                 : num  0 0 0 0 0 0 0 0 0 0 ...
 $ RaceHorse.IsValidRaceHorse       : logi  TRUE TRUE TRUE TRUE TRUE TRUE ...
 $ RaceHorse.TimeSdvByRace          : num  1.41 1.87 1.75 1.13 1.59 ...
 $ RaceHorse.TimeSdv                : num  0.552 1.431 1.614 0.522 1.38 ...
 $ RaceHorse.IsHitA                 : num  1 1 1 1 1 1 1 1 1 1 ...
 $ RaceHorse.IsHitB                 : num  1 1 1 1 1 1 1 1 1 1 ...
 $ RaceHorse.IsHitC                 : num  1 1 1 1 1 1 1 1 1 1 ...
 $ Gen02.HansyokuNum                : Factor w/ 70 levels "11201975","11202222",..: 9 10 10 11 12 13 14 15 16 17 ...
 $ Gen02.TimeSdvByRaceAvg           : num  0.257 -0.228 1.273 0.596 0.317 ...
 $ Gen02.TimeSdvByRaceMin           : num  0.172 -0.228 1.273 0.264 0.187 ...
 $ Gen02.TimeSdvByRaceMax           : num  0.342 -0.228 1.273 0.928 0.447 ...
 $ Gen02.TimeSdvAvg                 : num  -0.127 -0.555 1.247 0.778 0.363 ...
 $ Gen02.TimeSdvMin                 : num  -0.219 -0.555 1.247 0.383 0.348 ...
 $ Gen02.TimeSdvMax                 : num  -0.0355 -0.5554 1.2475 1.1736 0.3774 ...
 $ Gen02.OrderOfFinishSdvAvg        : num  0.202 -0.48 1.566 0.77 0.202 ...
 $ Gen02.RunCount                   : num  2 1 1 2 2 1 1 3 1 1 ...
 $ Gen02.HitCount1                  : num  0 0 1 0 0 0 0 1 0 0 ...
 $ Gen02.HitCount2                  : num  0 0 0 1 0 0 0 0 0 0 ...
 $ Gen02.HitCount3                  : num  0 0 0 0 0 0 0 0 0 0 ...
 $ Gen02.HitCount4                  : num  0 0 0 0 0 0 0 0 0 0 ...
 $ Gen02.HitCount5                  : num  0 0 0 0 1 0 0 0 1 0 ...
 $ Gen02.HitRate1                   : num  0 0 1 0 0 ...
 $ Gen02.HitRate2                   : num  0 0 0 0.5 0 0 0 0 0 0 ...
 $ Gen02.HitRate3                   : num  0 0 0 0 0 0 0 0 0 0 ...
 $ Gen02.HitRate4                   : num  0 0 0 0 0 0 0 0 0 0 ...
 $ Gen02.HitRate5                   : num  0 0 0 0 0.5 0 0 0 1 0 ...
 $ EOF                              : int  1 1 1 1 1 1 1 1 1 1 ...
[1] "2022-02-26 23:11:46 --- na.omit Finish ---"
[1] "2022-02-26 23:11:46 --- rxGlm with rxStepControl Start ---"

> print(paste0(Sys.time(), " --- source_logic_glm.R Start ---"))
[1] "2022-02-26 23:11:46 --- source_logic_glm.R Start ---"

> formula <- formula(RaceHorse.IsHitA ~ +1 + Gen02.TimeSdvByRaceAvg)

> print(paste0(Sys.time(), " --- source_logic_glm.R Finished ---"))
[1] "2022-02-26 23:11:46 --- source_logic_glm.R Finished ---"
Rows Read: 140, Total Rows Processed: 140, Total Chunk Time: 0.001 seconds 

Starting values (iteration 1) time: 0.021 secs.
Rows Read: 140, Total Rows Processed: 140, Total Chunk Time: Less than .001 seconds 

Iteration 2 time: 0.006 secs.

Elapsed computation time: 0.033 secs.
Rows Read: 140, Total Rows Processed: 140, Total Chunk Time: Less than .001 seconds 

Starting values (iteration 1) time: 0.005 secs.
Rows Read: 140, Total Rows Processed: 140, Total Chunk Time: Less than .001 seconds 

Iteration 2 time: 0.005 secs.

Elapsed computation time: 0.023 secs.
Rows Read: 140, Total Rows Processed: 140, Total Chunk Time: Less than .001 seconds 

Starting values (iteration 1) time: 0.004 secs.
Rows Read: 140, Total Rows Processed: 140, Total Chunk Time: Less than .001 seconds 

Iteration 2 time: 0.006 secs.

Elapsed computation time: 0.023 secs.
Rows Read: 140, Total Rows Processed: 140, Total Chunk Time: Less than .001 seconds 

Starting values (iteration 1) time: 0.004 secs.
Rows Read: 140, Total Rows Processed: 140, Total Chunk Time: Less than .001 seconds 

Iteration 2 time: 0.006 secs.

Elapsed computation time: 0.023 secs.

Elapsed computation time: 0.131 secs.
[1] "--------------------------------------------------------------------------------"
[1] "analyze.results.glm.step="
Logistic Regression Results for: RaceHorse.IsHitA ~ 1
Data: data
Dependent variable(s): RaceHorse.IsHitA
Total independent variables: 1 
Number of valid observations: 140
Number of missing observations: 0 
 
Coefficients:
            RaceHorse.IsHitA
(Intercept)                2
[1] "analyze.results.glm.step.summary"
Call:
rxLogit(formula = formula, data = data, variableSelection = analyze.results.glm.step.varsel)

Logistic Regression Results for: RaceHorse.IsHitA ~ 1
Data: data
Dependent variable(s): RaceHorse.IsHitA
Total independent variables: 1 
Number of valid observations: 140
Number of missing observations: 0 
-2*LogLikelihood: 194.081 (Residual deviance on 139 degrees of freedom)
 
Coefficients:
            Estimate Std. Error z value Pr(>|z|)    
(Intercept)    2.000      0.169    11.8  2.2e-16 ***
---
Signif. codes:  0 '***' 0.001 '**' 0.01 '*' 0.05 '.' 0.1 ' ' 1

Condition number of final variance-covariance matrix: 1 
Number of iterations: 2
[1] "--------------------------------------------------------------------------------"
[1] "2022-02-26 23:11:46 --- rxGlm with rxStepControl Finish ---"
[1] "2022-02-26 23:11:46 --- rxStepPlot Start ---"
[1] "pdfFilename=pdf_analyze_glm_Gen02_Type26_rxStepPlot.pdf"
[1] "rxStepPlot="
[1] "2022-02-26 23:11:46 --- rxStepPlot Finish ---"
[1] "2022-02-26 23:11:46 --- save.image Start ---"
[1] "save.image"
[1] "rdataFilename=RData_analyze_glm_Gen02_Type26.RData"
[1] "2022-02-26 23:11:46 --- save.image Finish ---"
[1] "2022-02-26 23:11:46 --- final Start ---"
[1] "--------------------------------------------------------------------------------"
[1] "nrow(data) final=140"
[1] "--------------------------------------------------------------------------------"
[1] "2022-02-26 23:11:46 --- final Finish ---"
[1] "2022-02-26 23:11:46 --- analyze_glm.R Finished ---"
[1] "2022-02-26 23:11:46 --- log Finish ---"
