[1] "2022-02-26 23:10:59 --- D1115_analyze_glm_Gen02_IsHitA_Type14 Start ---"
[1] "2022-02-26 23:10:59 --- Log Start ---"
[1] "2022-02-26 23:10:59 --- analyze_glm.R Start ---"
[1] "analyzeVersion=D1115"
[1] "analyzeCategory=analyze"
[1] "analyzeType=Gen02"
[1] "analyzeFamily=IsHitA"
[1] "analyzeFunc=glm"
[1] "analyzeTrackTypeCd=1"
[1] "analyzeJyokenCd=4"
[1] "2022-02-26 23:10:59 --- source_function.R Start ---"
[1] "2022-02-26 23:10:59 --- source_function.R Finished ---"

> print(paste0(Sys.time(), " --- source_library.R Start ---"))
[1] "2022-02-26 23:10:59 --- source_library.R Start ---"

> require("RevoScaleR")

> print(paste0(Sys.time(), " --- source_library.R Finished ---"))
[1] "2022-02-26 23:11:00 --- source_library.R Finished ---"
[1] "2022-02-26 23:11:00 --- RxSqlServerData Start ---"
[1] "2022-02-26 23:11:00 --- RxInSqlServer Start ---"
[1] "2022-02-26 23:11:00 --- RxInSqlServer Finish ---"
[1] "2022-02-26 23:11:01 --- rxSetComputeContext Start ---"
[1] "2022-02-26 23:11:02 --- rxSetComputeContext Finish ---"
[1] "2022-02-26 23:11:02 --- RxSqlServerData Start ---"
[1] "sqlQuery=SELECT * FROM ViewAnalyzeD1115analyze01Gen02Type14"
[1] "2022-02-26 23:11:02 --- RxSqlServerData Finish ---"
[1] "2022-02-26 23:11:02 --- rxGetVarInfo Start ---"
[1] "2022-02-26 23:11:04 --- rxGetVarInfo Finish---"
[1] "2022-02-26 23:11:04 --- rxImport Start ---"
Rows Read: 1712, Total Rows Processed: 1712, Total Chunk Time: 147.195 seconds 
[1] "2022-02-26 23:14:17 --- rxImport Finish ---"
[1] "object.size(data) auto=926.8 Kb"
[1] "--------------------------------------------------------------------------------"
[1] "nrow(data) RxSqlServerData=1712"
[1] "--------------------------------------------------------------------------------"
[1] "str(data)="
'data.frame':	1712 obs. of  44 variables:
 $ Race.RaceId                      : Factor w/ 1708 levels "20160116-06-01-05-12",..: 11 12 13 14 15 16 17 18 19 20 ...
 $ Race.IsAnalyzeNormalPastAndFuture: logi  TRUE TRUE TRUE TRUE TRUE TRUE ...
 $ Race.IsAnalyzeNormalPast         : logi  TRUE TRUE TRUE TRUE TRUE TRUE ...
 $ Race.IsAnalyzeNormalFuture       : logi  FALSE FALSE FALSE FALSE FALSE FALSE ...
 $ Race.IsAnalyzeFullPastAndFuture  : logi  TRUE TRUE TRUE TRUE TRUE TRUE ...
 $ Race.IsAnalyzeFullPast           : logi  TRUE TRUE TRUE TRUE TRUE TRUE ...
 $ Race.IsAnalyzeFullFuture         : logi  FALSE FALSE FALSE FALSE FALSE FALSE ...
 $ Race.JyokenCd                    : Factor w/ 1 level "4": 1 1 1 1 1 1 1 1 1 1 ...
 $ Race.JyoType1Cd                  : Factor w/ 172 levels "1-06-2000-4-1",..: 10 8 11 12 13 7 14 15 9 16 ...
 $ Race.RaceType1Cd                 : Factor w/ 6 levels "1-4-X-2","1-4-X-1",..: 2 5 6 3 2 2 2 2 4 4 ...
 $ RaceHorse.RaceId                 : Factor w/ 1708 levels "20160116-06-01-05-12",..: 11 12 13 14 15 16 17 18 19 20 ...
 $ RaceHorse.KettoNum               : Factor w/ 1559 levels "2011102151","2011100464",..: 11 12 13 14 15 16 17 18 19 20 ...
 $ RaceHorse.IsHit1                 : num  1 1 1 1 1 1 1 1 1 1 ...
 $ RaceHorse.IsHit2                 : num  0 0 0 0 0 0 0 0 0 0 ...
 $ RaceHorse.IsHit3                 : num  0 0 0 0 0 0 0 0 0 0 ...
 $ RaceHorse.IsHit4                 : num  0 0 0 0 0 0 0 0 0 0 ...
 $ RaceHorse.IsHit5                 : num  0 0 0 0 0 0 0 0 0 0 ...
 $ RaceHorse.IsHit6                 : num  0 0 0 0 0 0 0 0 0 0 ...
 $ RaceHorse.IsValidRaceHorse       : logi  TRUE TRUE TRUE TRUE TRUE TRUE ...
 $ RaceHorse.TimeSdvByRace          : num  1.21 1.33 1.51 1.31 1.18 ...
 $ RaceHorse.TimeSdv                : num  0.582 0.952 0.87 0.658 0.874 ...
 $ RaceHorse.IsHitA                 : num  1 1 1 1 1 1 1 1 1 1 ...
 $ RaceHorse.IsHitB                 : num  1 1 1 1 1 1 1 1 1 1 ...
 $ RaceHorse.IsHitC                 : num  1 1 1 1 1 1 1 1 1 1 ...
 $ Gen02.HansyokuNum                : Factor w/ 195 levels "11202006","11202098",..: 6 10 8 1 11 12 13 14 1 2 ...
 $ Gen02.TimeSdvByRaceAvg           : num  0.1658 -0.0515 -0.8123 0.8955 0.3913 ...
 $ Gen02.TimeSdvByRaceMin           : num  0.1658 -0.0515 -0.8123 0.8181 -0.3031 ...
 $ Gen02.TimeSdvByRaceMax           : num  0.1658 -0.0515 -0.8123 0.9729 1.0242 ...
 $ Gen02.TimeSdvAvg                 : num  -1.02895 0.68818 -0.96569 1.34806 0.00619 ...
 $ Gen02.TimeSdvMin                 : num  -1.029 0.688 -0.966 0.983 -0.42 ...
 $ Gen02.TimeSdvMax                 : num  -1.029 0.688 -0.966 1.713 0.614 ...
 $ Gen02.OrderOfFinishSdvAvg        : num  0.307 0.248 0.139 0.74 0.202 ...
 $ Gen02.RunCount                   : num  1 1 1 2 6 1 1 10 2 3 ...
 $ Gen02.HitCount1                  : num  0 0 0 0 0 0 0 0 0 0 ...
 $ Gen02.HitCount2                  : num  0 0 0 0 0 0 0 1 0 0 ...
 $ Gen02.HitCount3                  : num  0 0 0 0 1 1 0 0 0 1 ...
 $ Gen02.HitCount4                  : num  0 0 0 2 1 0 1 1 0 0 ...
 $ Gen02.HitCount5                  : num  0 0 0 0 1 0 0 0 1 0 ...
 $ Gen02.HitRate1                   : num  0 0 0 0 0 0 0 0 0 0 ...
 $ Gen02.HitRate2                   : num  0 0 0 0 0 0 0 0.1 0 0 ...
 $ Gen02.HitRate3                   : num  0 0 0 0 0.167 ...
 $ Gen02.HitRate4                   : num  0 0 0 1 0.167 ...
 $ Gen02.HitRate5                   : num  0 0 0 0 0.167 ...
 $ EOF                              : int  1 1 1 1 1 1 1 1 1 1 ...
[1] "2022-02-26 23:14:22 --- RxSqlServerData Finish ---"
[1] "2022-02-26 23:14:22 --- subset Start ---"
[1] "--------------------------------------------------------------------------------"
[1] "nrow(data) subset before=1712"
[1] "nrow(data) subset after =1712"
[1] "nrow(data) subset diff =0"
[1] "--------------------------------------------------------------------------------"
[1] "2022-02-26 23:14:22 --- subset Finish---"
[1] "2022-02-26 23:14:22 --- transform Start ---"
[1] "--------------------------------------------------------------------------------"
[1] "nrow(data) transform before=1712"
[1] "nrow(data) transform after=1712"
[1] "nrow(data) transform diff=0"
[1] "--------------------------------------------------------------------------------"
[1] "str(data)="
'data.frame':	1712 obs. of  44 variables:
 $ Race.RaceId                      : Factor w/ 1708 levels "20160116-06-01-05-12",..: 11 12 13 14 15 16 17 18 19 20 ...
 $ Race.IsAnalyzeNormalPastAndFuture: logi  TRUE TRUE TRUE TRUE TRUE TRUE ...
 $ Race.IsAnalyzeNormalPast         : logi  TRUE TRUE TRUE TRUE TRUE TRUE ...
 $ Race.IsAnalyzeNormalFuture       : logi  FALSE FALSE FALSE FALSE FALSE FALSE ...
 $ Race.IsAnalyzeFullPastAndFuture  : logi  TRUE TRUE TRUE TRUE TRUE TRUE ...
 $ Race.IsAnalyzeFullPast           : logi  TRUE TRUE TRUE TRUE TRUE TRUE ...
 $ Race.IsAnalyzeFullFuture         : logi  FALSE FALSE FALSE FALSE FALSE FALSE ...
 $ Race.JyokenCd                    : Factor w/ 1 level "4": 1 1 1 1 1 1 1 1 1 1 ...
 $ Race.JyoType1Cd                  : Factor w/ 172 levels "1-06-2000-4-1",..: 10 8 11 12 13 7 14 15 9 16 ...
 $ Race.RaceType1Cd                 : Factor w/ 6 levels "1-4-X-2","1-4-X-1",..: 2 5 6 3 2 2 2 2 4 4 ...
 $ RaceHorse.RaceId                 : Factor w/ 1708 levels "20160116-06-01-05-12",..: 11 12 13 14 15 16 17 18 19 20 ...
 $ RaceHorse.KettoNum               : Factor w/ 1559 levels "2011102151","2011100464",..: 11 12 13 14 15 16 17 18 19 20 ...
 $ RaceHorse.IsHit1                 : num  1 1 1 1 1 1 1 1 1 1 ...
 $ RaceHorse.IsHit2                 : num  0 0 0 0 0 0 0 0 0 0 ...
 $ RaceHorse.IsHit3                 : num  0 0 0 0 0 0 0 0 0 0 ...
 $ RaceHorse.IsHit4                 : num  0 0 0 0 0 0 0 0 0 0 ...
 $ RaceHorse.IsHit5                 : num  0 0 0 0 0 0 0 0 0 0 ...
 $ RaceHorse.IsHit6                 : num  0 0 0 0 0 0 0 0 0 0 ...
 $ RaceHorse.IsValidRaceHorse       : logi  TRUE TRUE TRUE TRUE TRUE TRUE ...
 $ RaceHorse.TimeSdvByRace          : num  1.21 1.33 1.51 1.31 1.18 ...
 $ RaceHorse.TimeSdv                : num  0.582 0.952 0.87 0.658 0.874 ...
 $ RaceHorse.IsHitA                 : num  1 1 1 1 1 1 1 1 1 1 ...
 $ RaceHorse.IsHitB                 : num  1 1 1 1 1 1 1 1 1 1 ...
 $ RaceHorse.IsHitC                 : num  1 1 1 1 1 1 1 1 1 1 ...
 $ Gen02.HansyokuNum                : Factor w/ 195 levels "11202006","11202098",..: 6 10 8 1 11 12 13 14 1 2 ...
 $ Gen02.TimeSdvByRaceAvg           : num  0.1658 -0.0515 -0.8123 0.8955 0.3913 ...
 $ Gen02.TimeSdvByRaceMin           : num  0.1658 -0.0515 -0.8123 0.8181 -0.3031 ...
 $ Gen02.TimeSdvByRaceMax           : num  0.1658 -0.0515 -0.8123 0.9729 1.0242 ...
 $ Gen02.TimeSdvAvg                 : num  -1.02895 0.68818 -0.96569 1.34806 0.00619 ...
 $ Gen02.TimeSdvMin                 : num  -1.029 0.688 -0.966 0.983 -0.42 ...
 $ Gen02.TimeSdvMax                 : num  -1.029 0.688 -0.966 1.713 0.614 ...
 $ Gen02.OrderOfFinishSdvAvg        : num  0.307 0.248 0.139 0.74 0.202 ...
 $ Gen02.RunCount                   : num  1 1 1 2 6 1 1 10 2 3 ...
 $ Gen02.HitCount1                  : num  0 0 0 0 0 0 0 0 0 0 ...
 $ Gen02.HitCount2                  : num  0 0 0 0 0 0 0 1 0 0 ...
 $ Gen02.HitCount3                  : num  0 0 0 0 1 1 0 0 0 1 ...
 $ Gen02.HitCount4                  : num  0 0 0 2 1 0 1 1 0 0 ...
 $ Gen02.HitCount5                  : num  0 0 0 0 1 0 0 0 1 0 ...
 $ Gen02.HitRate1                   : num  0 0 0 0 0 0 0 0 0 0 ...
 $ Gen02.HitRate2                   : num  0 0 0 0 0 0 0 0.1 0 0 ...
 $ Gen02.HitRate3                   : num  0 0 0 0 0.167 ...
 $ Gen02.HitRate4                   : num  0 0 0 1 0.167 ...
 $ Gen02.HitRate5                   : num  0 0 0 0 0.167 ...
 $ EOF                              : int  1 1 1 1 1 1 1 1 1 1 ...
NULL
[1] "2022-02-26 23:14:29 --- transform Finish ---"
[1] "2022-02-26 23:14:29 --- na.omit Start ---"
[1] "--------------------------------------------------------------------------------"
[1] "nrow(data) na.omit before=1712"
[1] "nrow(data) na.omit after =1712"
[1] "nrow(data) na.omit diff =0"
[1] "--------------------------------------------------------------------------------"
'data.frame':	1712 obs. of  44 variables:
 $ Race.RaceId                      : Factor w/ 1708 levels "20160116-06-01-05-12",..: 11 12 13 14 15 16 17 18 19 20 ...
 $ Race.IsAnalyzeNormalPastAndFuture: logi  TRUE TRUE TRUE TRUE TRUE TRUE ...
 $ Race.IsAnalyzeNormalPast         : logi  TRUE TRUE TRUE TRUE TRUE TRUE ...
 $ Race.IsAnalyzeNormalFuture       : logi  FALSE FALSE FALSE FALSE FALSE FALSE ...
 $ Race.IsAnalyzeFullPastAndFuture  : logi  TRUE TRUE TRUE TRUE TRUE TRUE ...
 $ Race.IsAnalyzeFullPast           : logi  TRUE TRUE TRUE TRUE TRUE TRUE ...
 $ Race.IsAnalyzeFullFuture         : logi  FALSE FALSE FALSE FALSE FALSE FALSE ...
 $ Race.JyokenCd                    : Factor w/ 1 level "4": 1 1 1 1 1 1 1 1 1 1 ...
 $ Race.JyoType1Cd                  : Factor w/ 172 levels "1-06-2000-4-1",..: 10 8 11 12 13 7 14 15 9 16 ...
 $ Race.RaceType1Cd                 : Factor w/ 6 levels "1-4-X-2","1-4-X-1",..: 2 5 6 3 2 2 2 2 4 4 ...
 $ RaceHorse.RaceId                 : Factor w/ 1708 levels "20160116-06-01-05-12",..: 11 12 13 14 15 16 17 18 19 20 ...
 $ RaceHorse.KettoNum               : Factor w/ 1559 levels "2011102151","2011100464",..: 11 12 13 14 15 16 17 18 19 20 ...
 $ RaceHorse.IsHit1                 : num  1 1 1 1 1 1 1 1 1 1 ...
 $ RaceHorse.IsHit2                 : num  0 0 0 0 0 0 0 0 0 0 ...
 $ RaceHorse.IsHit3                 : num  0 0 0 0 0 0 0 0 0 0 ...
 $ RaceHorse.IsHit4                 : num  0 0 0 0 0 0 0 0 0 0 ...
 $ RaceHorse.IsHit5                 : num  0 0 0 0 0 0 0 0 0 0 ...
 $ RaceHorse.IsHit6                 : num  0 0 0 0 0 0 0 0 0 0 ...
 $ RaceHorse.IsValidRaceHorse       : logi  TRUE TRUE TRUE TRUE TRUE TRUE ...
 $ RaceHorse.TimeSdvByRace          : num  1.21 1.33 1.51 1.31 1.18 ...
 $ RaceHorse.TimeSdv                : num  0.582 0.952 0.87 0.658 0.874 ...
 $ RaceHorse.IsHitA                 : num  1 1 1 1 1 1 1 1 1 1 ...
 $ RaceHorse.IsHitB                 : num  1 1 1 1 1 1 1 1 1 1 ...
 $ RaceHorse.IsHitC                 : num  1 1 1 1 1 1 1 1 1 1 ...
 $ Gen02.HansyokuNum                : Factor w/ 195 levels "11202006","11202098",..: 6 10 8 1 11 12 13 14 1 2 ...
 $ Gen02.TimeSdvByRaceAvg           : num  0.1658 -0.0515 -0.8123 0.8955 0.3913 ...
 $ Gen02.TimeSdvByRaceMin           : num  0.1658 -0.0515 -0.8123 0.8181 -0.3031 ...
 $ Gen02.TimeSdvByRaceMax           : num  0.1658 -0.0515 -0.8123 0.9729 1.0242 ...
 $ Gen02.TimeSdvAvg                 : num  -1.02895 0.68818 -0.96569 1.34806 0.00619 ...
 $ Gen02.TimeSdvMin                 : num  -1.029 0.688 -0.966 0.983 -0.42 ...
 $ Gen02.TimeSdvMax                 : num  -1.029 0.688 -0.966 1.713 0.614 ...
 $ Gen02.OrderOfFinishSdvAvg        : num  0.307 0.248 0.139 0.74 0.202 ...
 $ Gen02.RunCount                   : num  1 1 1 2 6 1 1 10 2 3 ...
 $ Gen02.HitCount1                  : num  0 0 0 0 0 0 0 0 0 0 ...
 $ Gen02.HitCount2                  : num  0 0 0 0 0 0 0 1 0 0 ...
 $ Gen02.HitCount3                  : num  0 0 0 0 1 1 0 0 0 1 ...
 $ Gen02.HitCount4                  : num  0 0 0 2 1 0 1 1 0 0 ...
 $ Gen02.HitCount5                  : num  0 0 0 0 1 0 0 0 1 0 ...
 $ Gen02.HitRate1                   : num  0 0 0 0 0 0 0 0 0 0 ...
 $ Gen02.HitRate2                   : num  0 0 0 0 0 0 0 0.1 0 0 ...
 $ Gen02.HitRate3                   : num  0 0 0 0 0.167 ...
 $ Gen02.HitRate4                   : num  0 0 0 1 0.167 ...
 $ Gen02.HitRate5                   : num  0 0 0 0 0.167 ...
 $ EOF                              : int  1 1 1 1 1 1 1 1 1 1 ...
[1] "2022-02-26 23:14:33 --- na.omit Finish ---"
[1] "2022-02-26 23:14:33 --- rxGlm with rxStepControl Start ---"

> print(paste0(Sys.time(), " --- source_logic_glm.R Start ---"))
[1] "2022-02-26 23:14:33 --- source_logic_glm.R Start ---"

> formula <- formula(RaceHorse.IsHitA ~ +1 + Gen02.TimeSdvByRaceAvg)

> print(paste0(Sys.time(), " --- source_logic_glm.R Finished ---"))
[1] "2022-02-26 23:14:33 --- source_logic_glm.R Finished ---"
Rows Read: 1712, Total Rows Processed: 1712, Total Chunk Time: 0.001 seconds 

Starting values (iteration 1) time: 0.037 secs.
Rows Read: 1712, Total Rows Processed: 1712, Total Chunk Time: 0.001 seconds 

Iteration 2 time: 0.010 secs.

Elapsed computation time: 0.054 secs.
Rows Read: 1712, Total Rows Processed: 1712, Total Chunk Time: Less than .001 seconds 

Starting values (iteration 1) time: 0.007 secs.
Rows Read: 1712, Total Rows Processed: 1712, Total Chunk Time: 0.001 seconds 

Iteration 2 time: 0.007 secs.

Elapsed computation time: 0.030 secs.
Rows Read: 1712, Total Rows Processed: 1712, Total Chunk Time: 0.001 seconds 

Starting values (iteration 1) time: 0.006 secs.
Rows Read: 1712, Total Rows Processed: 1712, Total Chunk Time: 0.002 seconds 

Iteration 2 time: 0.006 secs.

Elapsed computation time: 0.025 secs.
Rows Read: 1712, Total Rows Processed: 1712, Total Chunk Time: 0.001 seconds 

Starting values (iteration 1) time: 0.005 secs.
Rows Read: 1712, Total Rows Processed: 1712, Total Chunk Time: 0.001 seconds 

Iteration 2 time: 0.007 secs.

Elapsed computation time: 0.024 secs.

Elapsed computation time: 0.159 secs.
[1] "--------------------------------------------------------------------------------"
[1] "analyze.results.glm.step="
Logistic Regression Results for: RaceHorse.IsHitA ~ 1
Data: data
Dependent variable(s): RaceHorse.IsHitA
Total independent variables: 1 
Number of valid observations: 1712
Number of missing observations: 0 
 
Coefficients:
            RaceHorse.IsHitA
(Intercept)                2
[1] "analyze.results.glm.step.summary"
Call:
rxLogit(formula = formula, data = data, variableSelection = analyze.results.glm.step.varsel)

Logistic Regression Results for: RaceHorse.IsHitA ~ 1
Data: data
Dependent variable(s): RaceHorse.IsHitA
Total independent variables: 1 
Number of valid observations: 1712
Number of missing observations: 0 
-2*LogLikelihood: 2373.336 (Residual deviance on 1711 degrees of freedom)
 
Coefficients:
            Estimate Std. Error z value Pr(>|z|)    
(Intercept)   2.0000     0.0483    41.4  2.2e-16 ***
---
Signif. codes:  0 '***' 0.001 '**' 0.01 '*' 0.05 '.' 0.1 ' ' 1

Condition number of final variance-covariance matrix: 1 
Number of iterations: 2
[1] "--------------------------------------------------------------------------------"
[1] "2022-02-26 23:14:33 --- rxGlm with rxStepControl Finish ---"
[1] "2022-02-26 23:14:33 --- rxStepPlot Start ---"
[1] "pdfFilename=pdf_analyze_glm_Gen02_Type14_rxStepPlot.pdf"
[1] "rxStepPlot="
[1] "2022-02-26 23:14:33 --- rxStepPlot Finish ---"
[1] "2022-02-26 23:14:34 --- save.image Start ---"
[1] "save.image"
[1] "rdataFilename=RData_analyze_glm_Gen02_Type14.RData"
[1] "2022-02-26 23:14:34 --- save.image Finish ---"
[1] "2022-02-26 23:14:34 --- final Start ---"
[1] "--------------------------------------------------------------------------------"
[1] "nrow(data) final=1712"
[1] "--------------------------------------------------------------------------------"
[1] "2022-02-26 23:14:34 --- final Finish ---"
[1] "2022-02-26 23:14:34 --- analyze_glm.R Finished ---"
[1] "2022-02-26 23:14:34 --- log Finish ---"
