[1] "2022-02-26 23:12:36 --- D1115_analyze_glm_Jockey_IsHitA_Type12 Start ---"
[1] "2022-02-26 23:12:37 --- Log Start ---"
[1] "2022-02-26 23:12:38 --- analyze_glm.R Start ---"
[1] "analyzeVersion=D1115"
[1] "analyzeCategory=analyze"
[1] "analyzeType=Jockey"
[1] "analyzeFamily=IsHitA"
[1] "analyzeFunc=glm"
[1] "analyzeTrackTypeCd=1"
[1] "analyzeJyokenCd=2"
[1] "2022-02-26 23:12:38 --- source_function.R Start ---"
[1] "2022-02-26 23:12:38 --- source_function.R Finished ---"

> print(paste0(Sys.time(), " --- source_library.R Start ---"))
[1] "2022-02-26 23:12:38 --- source_library.R Start ---"

> require("RevoScaleR")

> print(paste0(Sys.time(), " --- source_library.R Finished ---"))
[1] "2022-02-26 23:12:40 --- source_library.R Finished ---"
[1] "2022-02-26 23:12:40 --- RxSqlServerData Start ---"
[1] "2022-02-26 23:12:40 --- RxInSqlServer Start ---"
[1] "2022-02-26 23:12:40 --- RxInSqlServer Finish ---"
[1] "2022-02-26 23:12:40 --- rxSetComputeContext Start ---"
[1] "2022-02-26 23:12:40 --- rxSetComputeContext Finish ---"
[1] "2022-02-26 23:12:40 --- RxSqlServerData Start ---"
[1] "sqlQuery=SELECT * FROM ViewAnalyzeD1115analyze01JockeyType12"
[1] "2022-02-26 23:12:40 --- RxSqlServerData Finish ---"
[1] "2022-02-26 23:12:40 --- rxGetVarInfo Start ---"
[1] "2022-02-26 23:12:41 --- rxGetVarInfo Finish---"
[1] "2022-02-26 23:12:41 --- rxImport Start ---"
Rows Read: 521, Total Rows Processed: 521, Total Chunk Time: 20.316 seconds 
[1] "2022-02-26 23:13:28 --- rxImport Finish ---"
[1] "object.size(data) auto=287.1 Kb"
[1] "--------------------------------------------------------------------------------"
[1] "nrow(data) RxSqlServerData=521"
[1] "--------------------------------------------------------------------------------"
[1] "str(data)="
'data.frame':	521 obs. of  43 variables:
 $ Race.RaceId                      : Factor w/ 521 levels "20160320-06-02-07-09",..: 1 2 3 4 5 6 7 8 9 10 ...
 $ Race.IsAnalyzeNormalPastAndFuture: logi  TRUE TRUE TRUE TRUE TRUE TRUE ...
 $ Race.IsAnalyzeNormalPast         : logi  TRUE TRUE TRUE TRUE TRUE TRUE ...
 $ Race.IsAnalyzeNormalFuture       : logi  FALSE FALSE FALSE FALSE FALSE FALSE ...
 $ Race.IsAnalyzeFullPastAndFuture  : logi  TRUE TRUE TRUE TRUE TRUE TRUE ...
 $ Race.IsAnalyzeFullPast           : logi  TRUE TRUE TRUE TRUE TRUE TRUE ...
 $ Race.IsAnalyzeFullFuture         : logi  FALSE FALSE FALSE FALSE FALSE FALSE ...
 $ Race.JyokenCd                    : Factor w/ 1 level "2": 1 1 1 1 1 1 1 1 1 1 ...
 $ Race.JyoType1Cd                  : Factor w/ 110 levels "1-06-1600-2-2",..: 1 2 3 4 5 4 2 6 7 8 ...
 $ Race.RaceType1Cd                 : Factor w/ 3 levels "1-2-E-1","1-2-E-3",..: 1 2 3 3 1 3 2 3 3 3 ...
 $ RaceHorse.RaceId                 : Factor w/ 521 levels "20160320-06-02-07-09",..: 1 2 3 4 5 6 7 8 9 10 ...
 $ RaceHorse.KettoNum               : Factor w/ 487 levels "2012104510","2012104614",..: 1 2 3 4 5 6 7 8 9 10 ...
 $ RaceHorse.IsHit1                 : num  1 1 1 1 1 1 1 1 1 1 ...
 $ RaceHorse.IsHit2                 : num  0 0 0 0 0 0 0 0 0 0 ...
 $ RaceHorse.IsHit3                 : num  0 0 0 0 0 0 0 0 0 0 ...
 $ RaceHorse.IsHit4                 : num  0 0 0 0 0 0 0 0 0 0 ...
 $ RaceHorse.IsHit5                 : num  0 0 0 0 0 0 0 0 0 0 ...
 $ RaceHorse.IsHit6                 : num  0 0 0 0 0 0 0 0 0 0 ...
 $ RaceHorse.IsValidRaceHorse       : logi  TRUE TRUE TRUE TRUE TRUE TRUE ...
 $ RaceHorse.TimeSdvByRace          : num  1.07 1.52 1.29 1.53 1.21 ...
 $ RaceHorse.TimeSdv                : num  1.677 -0.479 1.449 1.171 0.84 ...
 $ RaceHorse.IsHitA                 : num  1 1 1 1 1 1 1 1 1 1 ...
 $ RaceHorse.IsHitB                 : num  1 1 1 1 1 1 1 1 1 1 ...
 $ RaceHorse.IsHitC                 : num  1 1 1 1 1 1 1 1 1 1 ...
 $ Jockey.TimeSdvByRaceAvg          : num  0.2403 0.0426 0.1872 0.1467 0.2243 ...
 $ Jockey.TimeSdvByRaceMin          : num  -1.47 -2.54 -1.82 -1.82 -1.3 ...
 $ Jockey.TimeSdvByRaceMax          : num  1.73 1.82 1.5 1.5 1.73 ...
 $ Jockey.TimeSdvAvg                : num  0.2382 -0.0655 0.2111 0.249 0.2266 ...
 $ Jockey.TimeSdvMin                : num  -2.54 -1.74 -2.54 -2.54 -1.52 ...
 $ Jockey.TimeSdvMax                : num  2.14 1.16 2.09 2.09 2.14 ...
 $ Jockey.OrderOfFinishSdvAvg       : num  0.1164 0.1806 0.0676 0.0436 0.0875 ...
 $ Jockey.RunCount                  : num  74 15 53 56 80 61 14 60 60 59 ...
 $ Jockey.HitCount1                 : num  5 2 7 7 6 6 1 5 5 6 ...
 $ Jockey.HitCount2                 : num  9 4 3 4 11 3 2 3 4 4 ...
 $ Jockey.HitCount3                 : num  7 1 3 2 5 3 1 3 2 3 ...
 $ Jockey.HitCount4                 : num  4 1 3 4 3 5 1 7 7 6 ...
 $ Jockey.HitCount5                 : num  4 0 9 9 1 11 1 12 12 10 ...
 $ Jockey.HitRate1                  : num  0.0676 0.1333 0.1321 0.125 0.075 ...
 $ Jockey.HitRate2                  : num  0.1216 0.2667 0.0566 0.0714 0.1375 ...
 $ Jockey.HitRate3                  : num  0.0946 0.0667 0.0566 0.0357 0.0625 ...
 $ Jockey.HitRate4                  : num  0.0541 0.0667 0.0566 0.0714 0.0375 ...
 $ Jockey.HitRate5                  : num  0.0541 0 0.1698 0.1607 0.0125 ...
 $ EOF                              : int  1 1 1 1 1 1 1 1 1 1 ...
[1] "2022-02-26 23:13:35 --- RxSqlServerData Finish ---"
[1] "2022-02-26 23:13:35 --- subset Start ---"
[1] "--------------------------------------------------------------------------------"
[1] "nrow(data) subset before=521"
[1] "nrow(data) subset after =521"
[1] "nrow(data) subset diff =0"
[1] "--------------------------------------------------------------------------------"
[1] "2022-02-26 23:13:36 --- subset Finish---"
[1] "2022-02-26 23:13:36 --- transform Start ---"
[1] "--------------------------------------------------------------------------------"
[1] "nrow(data) transform before=521"
[1] "nrow(data) transform after=521"
[1] "nrow(data) transform diff=0"
[1] "--------------------------------------------------------------------------------"
[1] "str(data)="
'data.frame':	521 obs. of  43 variables:
 $ Race.RaceId                      : Factor w/ 521 levels "20160320-06-02-07-09",..: 1 2 3 4 5 6 7 8 9 10 ...
 $ Race.IsAnalyzeNormalPastAndFuture: logi  TRUE TRUE TRUE TRUE TRUE TRUE ...
 $ Race.IsAnalyzeNormalPast         : logi  TRUE TRUE TRUE TRUE TRUE TRUE ...
 $ Race.IsAnalyzeNormalFuture       : logi  FALSE FALSE FALSE FALSE FALSE FALSE ...
 $ Race.IsAnalyzeFullPastAndFuture  : logi  TRUE TRUE TRUE TRUE TRUE TRUE ...
 $ Race.IsAnalyzeFullPast           : logi  TRUE TRUE TRUE TRUE TRUE TRUE ...
 $ Race.IsAnalyzeFullFuture         : logi  FALSE FALSE FALSE FALSE FALSE FALSE ...
 $ Race.JyokenCd                    : Factor w/ 1 level "2": 1 1 1 1 1 1 1 1 1 1 ...
 $ Race.JyoType1Cd                  : Factor w/ 110 levels "1-06-1600-2-2",..: 1 2 3 4 5 4 2 6 7 8 ...
 $ Race.RaceType1Cd                 : Factor w/ 3 levels "1-2-E-1","1-2-E-3",..: 1 2 3 3 1 3 2 3 3 3 ...
 $ RaceHorse.RaceId                 : Factor w/ 521 levels "20160320-06-02-07-09",..: 1 2 3 4 5 6 7 8 9 10 ...
 $ RaceHorse.KettoNum               : Factor w/ 487 levels "2012104510","2012104614",..: 1 2 3 4 5 6 7 8 9 10 ...
 $ RaceHorse.IsHit1                 : num  1 1 1 1 1 1 1 1 1 1 ...
 $ RaceHorse.IsHit2                 : num  0 0 0 0 0 0 0 0 0 0 ...
 $ RaceHorse.IsHit3                 : num  0 0 0 0 0 0 0 0 0 0 ...
 $ RaceHorse.IsHit4                 : num  0 0 0 0 0 0 0 0 0 0 ...
 $ RaceHorse.IsHit5                 : num  0 0 0 0 0 0 0 0 0 0 ...
 $ RaceHorse.IsHit6                 : num  0 0 0 0 0 0 0 0 0 0 ...
 $ RaceHorse.IsValidRaceHorse       : logi  TRUE TRUE TRUE TRUE TRUE TRUE ...
 $ RaceHorse.TimeSdvByRace          : num  1.07 1.52 1.29 1.53 1.21 ...
 $ RaceHorse.TimeSdv                : num  1.677 -0.479 1.449 1.171 0.84 ...
 $ RaceHorse.IsHitA                 : num  1 1 1 1 1 1 1 1 1 1 ...
 $ RaceHorse.IsHitB                 : num  1 1 1 1 1 1 1 1 1 1 ...
 $ RaceHorse.IsHitC                 : num  1 1 1 1 1 1 1 1 1 1 ...
 $ Jockey.TimeSdvByRaceAvg          : num  0.2403 0.0426 0.1872 0.1467 0.2243 ...
 $ Jockey.TimeSdvByRaceMin          : num  -1.47 -2.54 -1.82 -1.82 -1.3 ...
 $ Jockey.TimeSdvByRaceMax          : num  1.73 1.82 1.5 1.5 1.73 ...
 $ Jockey.TimeSdvAvg                : num  0.2382 -0.0655 0.2111 0.249 0.2266 ...
 $ Jockey.TimeSdvMin                : num  -2.54 -1.74 -2.54 -2.54 -1.52 ...
 $ Jockey.TimeSdvMax                : num  2.14 1.16 2.09 2.09 2.14 ...
 $ Jockey.OrderOfFinishSdvAvg       : num  0.1164 0.1806 0.0676 0.0436 0.0875 ...
 $ Jockey.RunCount                  : num  74 15 53 56 80 61 14 60 60 59 ...
 $ Jockey.HitCount1                 : num  5 2 7 7 6 6 1 5 5 6 ...
 $ Jockey.HitCount2                 : num  9 4 3 4 11 3 2 3 4 4 ...
 $ Jockey.HitCount3                 : num  7 1 3 2 5 3 1 3 2 3 ...
 $ Jockey.HitCount4                 : num  4 1 3 4 3 5 1 7 7 6 ...
 $ Jockey.HitCount5                 : num  4 0 9 9 1 11 1 12 12 10 ...
 $ Jockey.HitRate1                  : num  0.0676 0.1333 0.1321 0.125 0.075 ...
 $ Jockey.HitRate2                  : num  0.1216 0.2667 0.0566 0.0714 0.1375 ...
 $ Jockey.HitRate3                  : num  0.0946 0.0667 0.0566 0.0357 0.0625 ...
 $ Jockey.HitRate4                  : num  0.0541 0.0667 0.0566 0.0714 0.0375 ...
 $ Jockey.HitRate5                  : num  0.0541 0 0.1698 0.1607 0.0125 ...
 $ EOF                              : int  1 1 1 1 1 1 1 1 1 1 ...
NULL
[1] "2022-02-26 23:13:48 --- transform Finish ---"
[1] "2022-02-26 23:13:48 --- na.omit Start ---"
[1] "--------------------------------------------------------------------------------"
[1] "nrow(data) na.omit before=521"
[1] "nrow(data) na.omit after =521"
[1] "nrow(data) na.omit diff =0"
[1] "--------------------------------------------------------------------------------"
'data.frame':	521 obs. of  43 variables:
 $ Race.RaceId                      : Factor w/ 521 levels "20160320-06-02-07-09",..: 1 2 3 4 5 6 7 8 9 10 ...
 $ Race.IsAnalyzeNormalPastAndFuture: logi  TRUE TRUE TRUE TRUE TRUE TRUE ...
 $ Race.IsAnalyzeNormalPast         : logi  TRUE TRUE TRUE TRUE TRUE TRUE ...
 $ Race.IsAnalyzeNormalFuture       : logi  FALSE FALSE FALSE FALSE FALSE FALSE ...
 $ Race.IsAnalyzeFullPastAndFuture  : logi  TRUE TRUE TRUE TRUE TRUE TRUE ...
 $ Race.IsAnalyzeFullPast           : logi  TRUE TRUE TRUE TRUE TRUE TRUE ...
 $ Race.IsAnalyzeFullFuture         : logi  FALSE FALSE FALSE FALSE FALSE FALSE ...
 $ Race.JyokenCd                    : Factor w/ 1 level "2": 1 1 1 1 1 1 1 1 1 1 ...
 $ Race.JyoType1Cd                  : Factor w/ 110 levels "1-06-1600-2-2",..: 1 2 3 4 5 4 2 6 7 8 ...
 $ Race.RaceType1Cd                 : Factor w/ 3 levels "1-2-E-1","1-2-E-3",..: 1 2 3 3 1 3 2 3 3 3 ...
 $ RaceHorse.RaceId                 : Factor w/ 521 levels "20160320-06-02-07-09",..: 1 2 3 4 5 6 7 8 9 10 ...
 $ RaceHorse.KettoNum               : Factor w/ 487 levels "2012104510","2012104614",..: 1 2 3 4 5 6 7 8 9 10 ...
 $ RaceHorse.IsHit1                 : num  1 1 1 1 1 1 1 1 1 1 ...
 $ RaceHorse.IsHit2                 : num  0 0 0 0 0 0 0 0 0 0 ...
 $ RaceHorse.IsHit3                 : num  0 0 0 0 0 0 0 0 0 0 ...
 $ RaceHorse.IsHit4                 : num  0 0 0 0 0 0 0 0 0 0 ...
 $ RaceHorse.IsHit5                 : num  0 0 0 0 0 0 0 0 0 0 ...
 $ RaceHorse.IsHit6                 : num  0 0 0 0 0 0 0 0 0 0 ...
 $ RaceHorse.IsValidRaceHorse       : logi  TRUE TRUE TRUE TRUE TRUE TRUE ...
 $ RaceHorse.TimeSdvByRace          : num  1.07 1.52 1.29 1.53 1.21 ...
 $ RaceHorse.TimeSdv                : num  1.677 -0.479 1.449 1.171 0.84 ...
 $ RaceHorse.IsHitA                 : num  1 1 1 1 1 1 1 1 1 1 ...
 $ RaceHorse.IsHitB                 : num  1 1 1 1 1 1 1 1 1 1 ...
 $ RaceHorse.IsHitC                 : num  1 1 1 1 1 1 1 1 1 1 ...
 $ Jockey.TimeSdvByRaceAvg          : num  0.2403 0.0426 0.1872 0.1467 0.2243 ...
 $ Jockey.TimeSdvByRaceMin          : num  -1.47 -2.54 -1.82 -1.82 -1.3 ...
 $ Jockey.TimeSdvByRaceMax          : num  1.73 1.82 1.5 1.5 1.73 ...
 $ Jockey.TimeSdvAvg                : num  0.2382 -0.0655 0.2111 0.249 0.2266 ...
 $ Jockey.TimeSdvMin                : num  -2.54 -1.74 -2.54 -2.54 -1.52 ...
 $ Jockey.TimeSdvMax                : num  2.14 1.16 2.09 2.09 2.14 ...
 $ Jockey.OrderOfFinishSdvAvg       : num  0.1164 0.1806 0.0676 0.0436 0.0875 ...
 $ Jockey.RunCount                  : num  74 15 53 56 80 61 14 60 60 59 ...
 $ Jockey.HitCount1                 : num  5 2 7 7 6 6 1 5 5 6 ...
 $ Jockey.HitCount2                 : num  9 4 3 4 11 3 2 3 4 4 ...
 $ Jockey.HitCount3                 : num  7 1 3 2 5 3 1 3 2 3 ...
 $ Jockey.HitCount4                 : num  4 1 3 4 3 5 1 7 7 6 ...
 $ Jockey.HitCount5                 : num  4 0 9 9 1 11 1 12 12 10 ...
 $ Jockey.HitRate1                  : num  0.0676 0.1333 0.1321 0.125 0.075 ...
 $ Jockey.HitRate2                  : num  0.1216 0.2667 0.0566 0.0714 0.1375 ...
 $ Jockey.HitRate3                  : num  0.0946 0.0667 0.0566 0.0357 0.0625 ...
 $ Jockey.HitRate4                  : num  0.0541 0.0667 0.0566 0.0714 0.0375 ...
 $ Jockey.HitRate5                  : num  0.0541 0 0.1698 0.1607 0.0125 ...
 $ EOF                              : int  1 1 1 1 1 1 1 1 1 1 ...
[1] "2022-02-26 23:13:54 --- na.omit Finish ---"
[1] "2022-02-26 23:13:54 --- rxGlm with rxStepControl Start ---"

> print(paste0(Sys.time(), " --- source_logic_glm.R Start ---"))
[1] "2022-02-26 23:13:55 --- source_logic_glm.R Start ---"

> formula <- formula(RaceHorse.IsHitA ~ +1 + Jockey.TimeSdvByRaceAvg)

> print(paste0(Sys.time(), " --- source_logic_glm.R Finished ---"))
[1] "2022-02-26 23:13:55 --- source_logic_glm.R Finished ---"
Rows Read: 521, Total Rows Processed: 521, Total Chunk Time: 0.001 seconds 

Starting values (iteration 1) time: 0.022 secs.
Rows Read: 521, Total Rows Processed: 521, Total Chunk Time: 0.002 seconds 

Iteration 2 time: 0.006 secs.

Elapsed computation time: 0.036 secs.
Rows Read: 521, Total Rows Processed: 521, Total Chunk Time: Less than .001 seconds 

Starting values (iteration 1) time: 0.005 secs.
Rows Read: 521, Total Rows Processed: 521, Total Chunk Time: 0.001 seconds 

Iteration 2 time: 0.006 secs.

Elapsed computation time: 0.026 secs.
Rows Read: 521, Total Rows Processed: 521, Total Chunk Time: 0.001 seconds 

Starting values (iteration 1) time: 0.006 secs.
Rows Read: 521, Total Rows Processed: 521, Total Chunk Time: Less than .001 seconds 

Iteration 2 time: 0.006 secs.

Elapsed computation time: 0.031 secs.
Rows Read: 521, Total Rows Processed: 521, Total Chunk Time: Less than .001 seconds 

Starting values (iteration 1) time: 0.004 secs.
Rows Read: 521, Total Rows Processed: 521, Total Chunk Time: 0.001 seconds 

Iteration 2 time: 0.006 secs.

Elapsed computation time: 0.026 secs.

Elapsed computation time: 0.144 secs.
[1] "--------------------------------------------------------------------------------"
[1] "analyze.results.glm.step="
Logistic Regression Results for: RaceHorse.IsHitA ~ 1
Data: data
Dependent variable(s): RaceHorse.IsHitA
Total independent variables: 1 
Number of valid observations: 521
Number of missing observations: 0 
 
Coefficients:
            RaceHorse.IsHitA
(Intercept)                2
[1] "analyze.results.glm.step.summary"
Call:
rxLogit(formula = formula, data = data, variableSelection = analyze.results.glm.step.varsel)

Logistic Regression Results for: RaceHorse.IsHitA ~ 1
Data: data
Dependent variable(s): RaceHorse.IsHitA
Total independent variables: 1 
Number of valid observations: 521
Number of missing observations: 0 
-2*LogLikelihood: 722.259 (Residual deviance on 520 degrees of freedom)
 
Coefficients:
            Estimate Std. Error z value Pr(>|z|)    
(Intercept)   2.0000     0.0876    22.8  2.2e-16 ***
---
Signif. codes:  0 '***' 0.001 '**' 0.01 '*' 0.05 '.' 0.1 ' ' 1

Condition number of final variance-covariance matrix: 1 
Number of iterations: 2
[1] "--------------------------------------------------------------------------------"
[1] "2022-02-26 23:13:55 --- rxGlm with rxStepControl Finish ---"
[1] "2022-02-26 23:13:55 --- rxStepPlot Start ---"
[1] "pdfFilename=pdf_analyze_glm_Jockey_Type12_rxStepPlot.pdf"
[1] "rxStepPlot="
[1] "2022-02-26 23:13:56 --- rxStepPlot Finish ---"
[1] "2022-02-26 23:13:56 --- save.image Start ---"
[1] "save.image"
[1] "rdataFilename=RData_analyze_glm_Jockey_Type12.RData"
[1] "2022-02-26 23:13:56 --- save.image Finish ---"
[1] "2022-02-26 23:13:56 --- final Start ---"
[1] "--------------------------------------------------------------------------------"
[1] "nrow(data) final=521"
[1] "--------------------------------------------------------------------------------"
[1] "2022-02-26 23:13:56 --- final Finish ---"
[1] "2022-02-26 23:13:56 --- analyze_glm.R Finished ---"
[1] "2022-02-26 23:13:56 --- log Finish ---"
