[1] "2022-02-26 23:12:37 --- D1115_analyze_glm_Jockey_IsHitA_Type26 Start ---"
[1] "2022-02-26 23:12:37 --- Log Start ---"
[1] "2022-02-26 23:12:37 --- analyze_glm.R Start ---"
[1] "analyzeVersion=D1115"
[1] "analyzeCategory=analyze"
[1] "analyzeType=Jockey"
[1] "analyzeFamily=IsHitA"
[1] "analyzeFunc=glm"
[1] "analyzeTrackTypeCd=2"
[1] "analyzeJyokenCd=6"
[1] "2022-02-26 23:12:38 --- source_function.R Start ---"
[1] "2022-02-26 23:12:38 --- source_function.R Finished ---"

> print(paste0(Sys.time(), " --- source_library.R Start ---"))
[1] "2022-02-26 23:12:38 --- source_library.R Start ---"

> require("RevoScaleR")

> print(paste0(Sys.time(), " --- source_library.R Finished ---"))
[1] "2022-02-26 23:12:40 --- source_library.R Finished ---"
[1] "2022-02-26 23:12:40 --- RxSqlServerData Start ---"
[1] "2022-02-26 23:12:40 --- RxInSqlServer Start ---"
[1] "2022-02-26 23:12:40 --- RxInSqlServer Finish ---"
[1] "2022-02-26 23:12:40 --- rxSetComputeContext Start ---"
[1] "2022-02-26 23:12:40 --- rxSetComputeContext Finish ---"
[1] "2022-02-26 23:12:40 --- RxSqlServerData Start ---"
[1] "sqlQuery=SELECT * FROM ViewAnalyzeD1115analyze01JockeyType26"
[1] "2022-02-26 23:12:40 --- RxSqlServerData Finish ---"
[1] "2022-02-26 23:12:40 --- rxGetVarInfo Start ---"
[1] "2022-02-26 23:12:41 --- rxGetVarInfo Finish---"
[1] "2022-02-26 23:12:41 --- rxImport Start ---"
Rows Read: 462, Total Rows Processed: 462, Total Chunk Time: 22.217 seconds 
[1] "2022-02-26 23:13:29 --- rxImport Finish ---"
[1] "object.size(data) auto=255.4 Kb"
[1] "--------------------------------------------------------------------------------"
[1] "nrow(data) RxSqlServerData=462"
[1] "--------------------------------------------------------------------------------"
[1] "str(data)="
'data.frame':	462 obs. of  43 variables:
 $ Race.RaceId                      : Factor w/ 461 levels "20160109-06-01-02-03",..: 11 12 13 14 15 16 17 18 19 20 ...
 $ Race.IsAnalyzeNormalPastAndFuture: logi  TRUE TRUE TRUE TRUE TRUE TRUE ...
 $ Race.IsAnalyzeNormalPast         : logi  TRUE TRUE TRUE TRUE TRUE TRUE ...
 $ Race.IsAnalyzeNormalFuture       : logi  FALSE FALSE FALSE FALSE FALSE FALSE ...
 $ Race.IsAnalyzeFullPastAndFuture  : logi  TRUE TRUE TRUE TRUE TRUE TRUE ...
 $ Race.IsAnalyzeFullPast           : logi  TRUE TRUE TRUE TRUE TRUE TRUE ...
 $ Race.IsAnalyzeFullFuture         : logi  FALSE FALSE FALSE FALSE FALSE FALSE ...
 $ Race.JyokenCd                    : Factor w/ 1 level "6": 1 1 1 1 1 1 1 1 1 1 ...
 $ Race.JyoType1Cd                  : Factor w/ 68 levels "2-06-1200-6-1",..: 2 7 5 4 5 8 9 10 4 3 ...
 $ Race.RaceType1Cd                 : Factor w/ 2 levels "2-6-X-1","2-6-X-2": 1 2 1 2 1 1 2 1 2 2 ...
 $ RaceHorse.RaceId                 : Factor w/ 461 levels "20160109-06-01-02-03",..: 11 12 13 14 15 16 17 18 19 20 ...
 $ RaceHorse.KettoNum               : Factor w/ 462 levels "2013105260","2014104262",..: 11 12 13 14 15 16 17 18 19 20 ...
 $ RaceHorse.IsHit1                 : num  1 1 1 1 1 1 1 1 1 1 ...
 $ RaceHorse.IsHit2                 : num  0 0 0 0 0 0 0 0 0 0 ...
 $ RaceHorse.IsHit3                 : num  0 0 0 0 0 0 0 0 0 0 ...
 $ RaceHorse.IsHit4                 : num  0 0 0 0 0 0 0 0 0 0 ...
 $ RaceHorse.IsHit5                 : num  0 0 0 0 0 0 0 0 0 0 ...
 $ RaceHorse.IsHit6                 : num  0 0 0 0 0 0 0 0 0 0 ...
 $ RaceHorse.IsValidRaceHorse       : logi  TRUE TRUE TRUE TRUE TRUE TRUE ...
 $ RaceHorse.TimeSdvByRace          : num  1.97 0.95 2.08 1.15 1.67 ...
 $ RaceHorse.TimeSdv                : num  2.038 1.531 1.849 0.683 1.107 ...
 $ RaceHorse.IsHitA                 : num  1 1 1 1 1 1 1 1 1 1 ...
 $ RaceHorse.IsHitB                 : num  1 1 1 1 1 1 1 1 1 1 ...
 $ RaceHorse.IsHitC                 : num  1 1 1 1 1 1 1 1 1 1 ...
 $ Jockey.TimeSdvByRaceAvg          : num  0.2389 0.0155 0.0221 0.2716 0.2342 ...
 $ Jockey.TimeSdvByRaceMin          : num  -2.75 -1.88 -2.13 -1.77 -2.07 ...
 $ Jockey.TimeSdvByRaceMax          : num  2.12 1.13 1.86 2.24 1.86 ...
 $ Jockey.TimeSdvAvg                : num  0.2785 0.0477 0.1327 0.2488 0.2153 ...
 $ Jockey.TimeSdvMin                : num  -2 -1.89 -1.71 -1.11 -1.71 ...
 $ Jockey.TimeSdvMax                : num  1.69 1.45 1.9 1.77 1.9 ...
 $ Jockey.OrderOfFinishSdvAvg       : num  0.1978 -0.1214 -0.0289 0.214 0.2123 ...
 $ Jockey.RunCount                  : num  58 26 70 33 86 73 24 67 29 30 ...
 $ Jockey.HitCount1                 : num  5 0 6 3 8 5 0 2 1 2 ...
 $ Jockey.HitCount2                 : num  7 1 7 2 10 9 1 2 2 1 ...
 $ Jockey.HitCount3                 : num  1 4 3 4 7 5 1 6 1 1 ...
 $ Jockey.HitCount4                 : num  7 2 3 2 7 4 0 5 1 1 ...
 $ Jockey.HitCount5                 : num  3 3 5 2 5 6 4 5 1 1 ...
 $ Jockey.HitRate1                  : num  0.0862 0 0.0857 0.0909 0.093 ...
 $ Jockey.HitRate2                  : num  0.1207 0.0385 0.1 0.0606 0.1163 ...
 $ Jockey.HitRate3                  : num  0.0172 0.1538 0.0429 0.1212 0.0814 ...
 $ Jockey.HitRate4                  : num  0.1207 0.0769 0.0429 0.0606 0.0814 ...
 $ Jockey.HitRate5                  : num  0.0517 0.1154 0.0714 0.0606 0.0581 ...
 $ EOF                              : int  1 1 1 1 1 1 1 1 1 1 ...
[1] "2022-02-26 23:13:36 --- RxSqlServerData Finish ---"
[1] "2022-02-26 23:13:36 --- subset Start ---"
[1] "--------------------------------------------------------------------------------"
[1] "nrow(data) subset before=462"
[1] "nrow(data) subset after =462"
[1] "nrow(data) subset diff =0"
[1] "--------------------------------------------------------------------------------"
[1] "2022-02-26 23:13:37 --- subset Finish---"
[1] "2022-02-26 23:13:37 --- transform Start ---"
[1] "--------------------------------------------------------------------------------"
[1] "nrow(data) transform before=462"
[1] "nrow(data) transform after=462"
[1] "nrow(data) transform diff=0"
[1] "--------------------------------------------------------------------------------"
[1] "str(data)="
'data.frame':	462 obs. of  43 variables:
 $ Race.RaceId                      : Factor w/ 461 levels "20160109-06-01-02-03",..: 11 12 13 14 15 16 17 18 19 20 ...
 $ Race.IsAnalyzeNormalPastAndFuture: logi  TRUE TRUE TRUE TRUE TRUE TRUE ...
 $ Race.IsAnalyzeNormalPast         : logi  TRUE TRUE TRUE TRUE TRUE TRUE ...
 $ Race.IsAnalyzeNormalFuture       : logi  FALSE FALSE FALSE FALSE FALSE FALSE ...
 $ Race.IsAnalyzeFullPastAndFuture  : logi  TRUE TRUE TRUE TRUE TRUE TRUE ...
 $ Race.IsAnalyzeFullPast           : logi  TRUE TRUE TRUE TRUE TRUE TRUE ...
 $ Race.IsAnalyzeFullFuture         : logi  FALSE FALSE FALSE FALSE FALSE FALSE ...
 $ Race.JyokenCd                    : Factor w/ 1 level "6": 1 1 1 1 1 1 1 1 1 1 ...
 $ Race.JyoType1Cd                  : Factor w/ 68 levels "2-06-1200-6-1",..: 2 7 5 4 5 8 9 10 4 3 ...
 $ Race.RaceType1Cd                 : Factor w/ 2 levels "2-6-X-1","2-6-X-2": 1 2 1 2 1 1 2 1 2 2 ...
 $ RaceHorse.RaceId                 : Factor w/ 461 levels "20160109-06-01-02-03",..: 11 12 13 14 15 16 17 18 19 20 ...
 $ RaceHorse.KettoNum               : Factor w/ 462 levels "2013105260","2014104262",..: 11 12 13 14 15 16 17 18 19 20 ...
 $ RaceHorse.IsHit1                 : num  1 1 1 1 1 1 1 1 1 1 ...
 $ RaceHorse.IsHit2                 : num  0 0 0 0 0 0 0 0 0 0 ...
 $ RaceHorse.IsHit3                 : num  0 0 0 0 0 0 0 0 0 0 ...
 $ RaceHorse.IsHit4                 : num  0 0 0 0 0 0 0 0 0 0 ...
 $ RaceHorse.IsHit5                 : num  0 0 0 0 0 0 0 0 0 0 ...
 $ RaceHorse.IsHit6                 : num  0 0 0 0 0 0 0 0 0 0 ...
 $ RaceHorse.IsValidRaceHorse       : logi  TRUE TRUE TRUE TRUE TRUE TRUE ...
 $ RaceHorse.TimeSdvByRace          : num  1.97 0.95 2.08 1.15 1.67 ...
 $ RaceHorse.TimeSdv                : num  2.038 1.531 1.849 0.683 1.107 ...
 $ RaceHorse.IsHitA                 : num  1 1 1 1 1 1 1 1 1 1 ...
 $ RaceHorse.IsHitB                 : num  1 1 1 1 1 1 1 1 1 1 ...
 $ RaceHorse.IsHitC                 : num  1 1 1 1 1 1 1 1 1 1 ...
 $ Jockey.TimeSdvByRaceAvg          : num  0.2389 0.0155 0.0221 0.2716 0.2342 ...
 $ Jockey.TimeSdvByRaceMin          : num  -2.75 -1.88 -2.13 -1.77 -2.07 ...
 $ Jockey.TimeSdvByRaceMax          : num  2.12 1.13 1.86 2.24 1.86 ...
 $ Jockey.TimeSdvAvg                : num  0.2785 0.0477 0.1327 0.2488 0.2153 ...
 $ Jockey.TimeSdvMin                : num  -2 -1.89 -1.71 -1.11 -1.71 ...
 $ Jockey.TimeSdvMax                : num  1.69 1.45 1.9 1.77 1.9 ...
 $ Jockey.OrderOfFinishSdvAvg       : num  0.1978 -0.1214 -0.0289 0.214 0.2123 ...
 $ Jockey.RunCount                  : num  58 26 70 33 86 73 24 67 29 30 ...
 $ Jockey.HitCount1                 : num  5 0 6 3 8 5 0 2 1 2 ...
 $ Jockey.HitCount2                 : num  7 1 7 2 10 9 1 2 2 1 ...
 $ Jockey.HitCount3                 : num  1 4 3 4 7 5 1 6 1 1 ...
 $ Jockey.HitCount4                 : num  7 2 3 2 7 4 0 5 1 1 ...
 $ Jockey.HitCount5                 : num  3 3 5 2 5 6 4 5 1 1 ...
 $ Jockey.HitRate1                  : num  0.0862 0 0.0857 0.0909 0.093 ...
 $ Jockey.HitRate2                  : num  0.1207 0.0385 0.1 0.0606 0.1163 ...
 $ Jockey.HitRate3                  : num  0.0172 0.1538 0.0429 0.1212 0.0814 ...
 $ Jockey.HitRate4                  : num  0.1207 0.0769 0.0429 0.0606 0.0814 ...
 $ Jockey.HitRate5                  : num  0.0517 0.1154 0.0714 0.0606 0.0581 ...
 $ EOF                              : int  1 1 1 1 1 1 1 1 1 1 ...
NULL
[1] "2022-02-26 23:13:49 --- transform Finish ---"
[1] "2022-02-26 23:13:49 --- na.omit Start ---"
[1] "--------------------------------------------------------------------------------"
[1] "nrow(data) na.omit before=462"
[1] "nrow(data) na.omit after =462"
[1] "nrow(data) na.omit diff =0"
[1] "--------------------------------------------------------------------------------"
'data.frame':	462 obs. of  43 variables:
 $ Race.RaceId                      : Factor w/ 461 levels "20160109-06-01-02-03",..: 11 12 13 14 15 16 17 18 19 20 ...
 $ Race.IsAnalyzeNormalPastAndFuture: logi  TRUE TRUE TRUE TRUE TRUE TRUE ...
 $ Race.IsAnalyzeNormalPast         : logi  TRUE TRUE TRUE TRUE TRUE TRUE ...
 $ Race.IsAnalyzeNormalFuture       : logi  FALSE FALSE FALSE FALSE FALSE FALSE ...
 $ Race.IsAnalyzeFullPastAndFuture  : logi  TRUE TRUE TRUE TRUE TRUE TRUE ...
 $ Race.IsAnalyzeFullPast           : logi  TRUE TRUE TRUE TRUE TRUE TRUE ...
 $ Race.IsAnalyzeFullFuture         : logi  FALSE FALSE FALSE FALSE FALSE FALSE ...
 $ Race.JyokenCd                    : Factor w/ 1 level "6": 1 1 1 1 1 1 1 1 1 1 ...
 $ Race.JyoType1Cd                  : Factor w/ 68 levels "2-06-1200-6-1",..: 2 7 5 4 5 8 9 10 4 3 ...
 $ Race.RaceType1Cd                 : Factor w/ 2 levels "2-6-X-1","2-6-X-2": 1 2 1 2 1 1 2 1 2 2 ...
 $ RaceHorse.RaceId                 : Factor w/ 461 levels "20160109-06-01-02-03",..: 11 12 13 14 15 16 17 18 19 20 ...
 $ RaceHorse.KettoNum               : Factor w/ 462 levels "2013105260","2014104262",..: 11 12 13 14 15 16 17 18 19 20 ...
 $ RaceHorse.IsHit1                 : num  1 1 1 1 1 1 1 1 1 1 ...
 $ RaceHorse.IsHit2                 : num  0 0 0 0 0 0 0 0 0 0 ...
 $ RaceHorse.IsHit3                 : num  0 0 0 0 0 0 0 0 0 0 ...
 $ RaceHorse.IsHit4                 : num  0 0 0 0 0 0 0 0 0 0 ...
 $ RaceHorse.IsHit5                 : num  0 0 0 0 0 0 0 0 0 0 ...
 $ RaceHorse.IsHit6                 : num  0 0 0 0 0 0 0 0 0 0 ...
 $ RaceHorse.IsValidRaceHorse       : logi  TRUE TRUE TRUE TRUE TRUE TRUE ...
 $ RaceHorse.TimeSdvByRace          : num  1.97 0.95 2.08 1.15 1.67 ...
 $ RaceHorse.TimeSdv                : num  2.038 1.531 1.849 0.683 1.107 ...
 $ RaceHorse.IsHitA                 : num  1 1 1 1 1 1 1 1 1 1 ...
 $ RaceHorse.IsHitB                 : num  1 1 1 1 1 1 1 1 1 1 ...
 $ RaceHorse.IsHitC                 : num  1 1 1 1 1 1 1 1 1 1 ...
 $ Jockey.TimeSdvByRaceAvg          : num  0.2389 0.0155 0.0221 0.2716 0.2342 ...
 $ Jockey.TimeSdvByRaceMin          : num  -2.75 -1.88 -2.13 -1.77 -2.07 ...
 $ Jockey.TimeSdvByRaceMax          : num  2.12 1.13 1.86 2.24 1.86 ...
 $ Jockey.TimeSdvAvg                : num  0.2785 0.0477 0.1327 0.2488 0.2153 ...
 $ Jockey.TimeSdvMin                : num  -2 -1.89 -1.71 -1.11 -1.71 ...
 $ Jockey.TimeSdvMax                : num  1.69 1.45 1.9 1.77 1.9 ...
 $ Jockey.OrderOfFinishSdvAvg       : num  0.1978 -0.1214 -0.0289 0.214 0.2123 ...
 $ Jockey.RunCount                  : num  58 26 70 33 86 73 24 67 29 30 ...
 $ Jockey.HitCount1                 : num  5 0 6 3 8 5 0 2 1 2 ...
 $ Jockey.HitCount2                 : num  7 1 7 2 10 9 1 2 2 1 ...
 $ Jockey.HitCount3                 : num  1 4 3 4 7 5 1 6 1 1 ...
 $ Jockey.HitCount4                 : num  7 2 3 2 7 4 0 5 1 1 ...
 $ Jockey.HitCount5                 : num  3 3 5 2 5 6 4 5 1 1 ...
 $ Jockey.HitRate1                  : num  0.0862 0 0.0857 0.0909 0.093 ...
 $ Jockey.HitRate2                  : num  0.1207 0.0385 0.1 0.0606 0.1163 ...
 $ Jockey.HitRate3                  : num  0.0172 0.1538 0.0429 0.1212 0.0814 ...
 $ Jockey.HitRate4                  : num  0.1207 0.0769 0.0429 0.0606 0.0814 ...
 $ Jockey.HitRate5                  : num  0.0517 0.1154 0.0714 0.0606 0.0581 ...
 $ EOF                              : int  1 1 1 1 1 1 1 1 1 1 ...
[1] "2022-02-26 23:13:56 --- na.omit Finish ---"
[1] "2022-02-26 23:13:56 --- rxGlm with rxStepControl Start ---"

> print(paste0(Sys.time(), " --- source_logic_glm.R Start ---"))
[1] "2022-02-26 23:13:56 --- source_logic_glm.R Start ---"

> formula <- formula(RaceHorse.IsHitA ~ +1 + Jockey.TimeSdvByRaceAvg)

> print(paste0(Sys.time(), " --- source_logic_glm.R Finished ---"))
[1] "2022-02-26 23:13:57 --- source_logic_glm.R Finished ---"
Rows Read: 462, Total Rows Processed: 462, Total Chunk Time: 0.001 seconds 

Starting values (iteration 1) time: 0.014 secs.
Rows Read: 462, Total Rows Processed: 462, Total Chunk Time: Less than .001 seconds 

Iteration 2 time: 0.006 secs.

Elapsed computation time: 0.027 secs.
Rows Read: 462, Total Rows Processed: 462, Total Chunk Time: Less than .001 seconds 

Starting values (iteration 1) time: 0.004 secs.
Rows Read: 462, Total Rows Processed: 462, Total Chunk Time: 0.001 seconds 

Iteration 2 time: 0.005 secs.

Elapsed computation time: 0.025 secs.
Rows Read: 462, Total Rows Processed: 462, Total Chunk Time: 0.001 seconds 

Starting values (iteration 1) time: 0.004 secs.
Rows Read: 462, Total Rows Processed: 462, Total Chunk Time: Less than .001 seconds 

Iteration 2 time: 0.006 secs.

Elapsed computation time: 0.026 secs.
Rows Read: 462, Total Rows Processed: 462, Total Chunk Time: 0.001 seconds 

Starting values (iteration 1) time: 0.005 secs.
Rows Read: 462, Total Rows Processed: 462, Total Chunk Time: Less than .001 seconds 

Iteration 2 time: 0.005 secs.

Elapsed computation time: 0.024 secs.

Elapsed computation time: 0.128 secs.
[1] "--------------------------------------------------------------------------------"
[1] "analyze.results.glm.step="
Logistic Regression Results for: RaceHorse.IsHitA ~ 1
Data: data
Dependent variable(s): RaceHorse.IsHitA
Total independent variables: 1 
Number of valid observations: 462
Number of missing observations: 0 
 
Coefficients:
            RaceHorse.IsHitA
(Intercept)                2
[1] "analyze.results.glm.step.summary"
Call:
rxLogit(formula = formula, data = data, variableSelection = analyze.results.glm.step.varsel)

Logistic Regression Results for: RaceHorse.IsHitA ~ 1
Data: data
Dependent variable(s): RaceHorse.IsHitA
Total independent variables: 1 
Number of valid observations: 462
Number of missing observations: 0 
-2*LogLikelihood: 640.468 (Residual deviance on 461 degrees of freedom)
 
Coefficients:
            Estimate Std. Error z value Pr(>|z|)    
(Intercept)    2.000      0.093    21.5  2.2e-16 ***
---
Signif. codes:  0 '***' 0.001 '**' 0.01 '*' 0.05 '.' 0.1 ' ' 1

Condition number of final variance-covariance matrix: 1 
Number of iterations: 2
[1] "--------------------------------------------------------------------------------"
[1] "2022-02-26 23:13:57 --- rxGlm with rxStepControl Finish ---"
[1] "2022-02-26 23:13:57 --- rxStepPlot Start ---"
[1] "pdfFilename=pdf_analyze_glm_Jockey_Type26_rxStepPlot.pdf"
[1] "rxStepPlot="
[1] "2022-02-26 23:13:57 --- rxStepPlot Finish ---"
[1] "2022-02-26 23:13:57 --- save.image Start ---"
[1] "save.image"
[1] "rdataFilename=RData_analyze_glm_Jockey_Type26.RData"
[1] "2022-02-26 23:13:57 --- save.image Finish ---"
[1] "2022-02-26 23:13:57 --- final Start ---"
[1] "--------------------------------------------------------------------------------"
[1] "nrow(data) final=462"
[1] "--------------------------------------------------------------------------------"
[1] "2022-02-26 23:13:57 --- final Finish ---"
[1] "2022-02-26 23:13:57 --- analyze_glm.R Finished ---"
[1] "2022-02-26 23:13:57 --- log Finish ---"
