[1] "2022-02-26 23:11:01 --- D1115_analyze_glm_Gen02_IsHitA_Type24 Start ---"
[1] "2022-02-26 23:11:02 --- Log Start ---"
[1] "2022-02-26 23:11:02 --- analyze_glm.R Start ---"
[1] "analyzeVersion=D1115"
[1] "analyzeCategory=analyze"
[1] "analyzeType=Gen02"
[1] "analyzeFamily=IsHitA"
[1] "analyzeFunc=glm"
[1] "analyzeTrackTypeCd=2"
[1] "analyzeJyokenCd=4"
[1] "2022-02-26 23:11:03 --- source_function.R Start ---"
[1] "2022-02-26 23:11:03 --- source_function.R Finished ---"

> print(paste0(Sys.time(), " --- source_library.R Start ---"))
[1] "2022-02-26 23:11:03 --- source_library.R Start ---"

> require("RevoScaleR")

> print(paste0(Sys.time(), " --- source_library.R Finished ---"))
[1] "2022-02-26 23:11:04 --- source_library.R Finished ---"
[1] "2022-02-26 23:11:05 --- RxSqlServerData Start ---"
[1] "2022-02-26 23:11:05 --- RxInSqlServer Start ---"
[1] "2022-02-26 23:11:05 --- RxInSqlServer Finish ---"
[1] "2022-02-26 23:11:05 --- rxSetComputeContext Start ---"
[1] "2022-02-26 23:11:05 --- rxSetComputeContext Finish ---"
[1] "2022-02-26 23:11:05 --- RxSqlServerData Start ---"
[1] "sqlQuery=SELECT * FROM ViewAnalyzeD1115analyze01Gen02Type24"
[1] "2022-02-26 23:11:05 --- RxSqlServerData Finish ---"
[1] "2022-02-26 23:11:06 --- rxGetVarInfo Start ---"
[1] "2022-02-26 23:11:13 --- rxGetVarInfo Finish---"
[1] "2022-02-26 23:11:13 --- rxImport Start ---"
Rows Read: 2457, Total Rows Processed: 2457, Total Chunk Time: 281.312 seconds 
[1] "2022-02-26 23:21:22 --- rxImport Finish ---"
[1] "object.size(data) auto=1.3 Mb"
[1] "--------------------------------------------------------------------------------"
[1] "nrow(data) RxSqlServerData=2457"
[1] "--------------------------------------------------------------------------------"
[1] "str(data)="
'data.frame':	2457 obs. of  44 variables:
 $ Race.RaceId                      : Factor w/ 2455 levels "20160109-08-01-02-07",..: 11 12 13 14 15 16 17 18 19 20 ...
 $ Race.IsAnalyzeNormalPastAndFuture: logi  TRUE TRUE TRUE TRUE TRUE TRUE ...
 $ Race.IsAnalyzeNormalPast         : logi  TRUE TRUE TRUE TRUE TRUE TRUE ...
 $ Race.IsAnalyzeNormalFuture       : logi  FALSE FALSE FALSE FALSE FALSE FALSE ...
 $ Race.IsAnalyzeFullPastAndFuture  : logi  TRUE TRUE TRUE TRUE TRUE TRUE ...
 $ Race.IsAnalyzeFullPast           : logi  TRUE TRUE TRUE TRUE TRUE TRUE ...
 $ Race.IsAnalyzeFullFuture         : logi  FALSE FALSE FALSE FALSE FALSE FALSE ...
 $ Race.JyokenCd                    : Factor w/ 1 level "4": 1 1 1 1 1 1 1 1 1 1 ...
 $ Race.JyoType1Cd                  : Factor w/ 130 levels "2-08-1200-4-1",..: 10 4 11 12 13 14 6 15 5 16 ...
 $ Race.RaceType1Cd                 : Factor w/ 5 levels "2-4-X-1","2-4-X-2",..: 2 1 3 2 1 4 1 2 1 1 ...
 $ RaceHorse.RaceId                 : Factor w/ 2455 levels "20160109-08-01-02-07",..: 11 12 13 14 15 16 17 18 19 20 ...
 $ RaceHorse.KettoNum               : Factor w/ 2144 levels "2011104626","2012102066",..: 11 12 13 14 15 16 17 18 19 20 ...
 $ RaceHorse.IsHit1                 : num  1 1 1 1 1 1 1 1 1 1 ...
 $ RaceHorse.IsHit2                 : num  0 0 0 0 0 0 0 0 0 0 ...
 $ RaceHorse.IsHit3                 : num  0 0 0 0 0 0 0 0 0 0 ...
 $ RaceHorse.IsHit4                 : num  0 0 0 0 0 0 0 0 0 0 ...
 $ RaceHorse.IsHit5                 : num  0 0 0 0 0 0 0 0 0 0 ...
 $ RaceHorse.IsHit6                 : num  0 0 0 0 0 0 0 0 0 0 ...
 $ RaceHorse.IsValidRaceHorse       : logi  TRUE TRUE TRUE TRUE TRUE TRUE ...
 $ RaceHorse.TimeSdvByRace          : num  1.64 1.06 1.31 1.01 1.99 ...
 $ RaceHorse.TimeSdv                : num  0.381 0.787 0.333 0.527 0.929 ...
 $ RaceHorse.IsHitA                 : num  1 1 1 1 1 1 1 1 1 1 ...
 $ RaceHorse.IsHitB                 : num  1 1 1 1 1 1 1 1 1 1 ...
 $ RaceHorse.IsHitC                 : num  1 1 1 1 1 1 1 1 1 1 ...
 $ Gen02.HansyokuNum                : Factor w/ 261 levels "11201975","11202018",..: 10 11 12 3 13 14 15 16 17 18 ...
 $ Gen02.TimeSdvByRaceAvg           : num  -0.634 0.641 0.685 0.266 0.385 ...
 $ Gen02.TimeSdvByRaceMin           : num  -2.334 0.641 0.685 -0.801 -1.981 ...
 $ Gen02.TimeSdvByRaceMax           : num  0.352 0.641 0.685 1.398 1.536 ...
 $ Gen02.TimeSdvAvg                 : num  0.0168 0.4477 1.3351 0.3008 0.8059 ...
 $ Gen02.TimeSdvMin                 : num  -0.26 0.448 1.335 -0.781 -0.23 ...
 $ Gen02.TimeSdvMax                 : num  0.56 0.448 1.335 2.117 1.656 ...
 $ Gen02.OrderOfFinishSdvAvg        : num  -0.638 0.451 0.383 0.103 0.507 ...
 $ Gen02.RunCount                   : num  3 1 1 14 4 1 14 5 8 17 ...
 $ Gen02.HitCount1                  : num  0 0 0 1 0 0 0 0 0 1 ...
 $ Gen02.HitCount2                  : num  0 0 0 1 2 0 3 2 1 3 ...
 $ Gen02.HitCount3                  : num  0 0 0 2 1 0 4 2 1 2 ...
 $ Gen02.HitCount4                  : num  0 0 0 0 0 0 0 0 0 2 ...
 $ Gen02.HitCount5                  : num  0 0 0 3 0 0 0 1 0 0 ...
 $ Gen02.HitRate1                   : num  0 0 0 0.0714 0 ...
 $ Gen02.HitRate2                   : num  0 0 0 0.0714 0.5 ...
 $ Gen02.HitRate3                   : num  0 0 0 0.143 0.25 ...
 $ Gen02.HitRate4                   : num  0 0 0 0 0 ...
 $ Gen02.HitRate5                   : num  0 0 0 0.214 0 ...
 $ EOF                              : int  1 1 1 1 1 1 1 1 1 1 ...
[1] "2022-02-26 23:21:23 --- RxSqlServerData Finish ---"
[1] "2022-02-26 23:21:23 --- subset Start ---"
[1] "--------------------------------------------------------------------------------"
[1] "nrow(data) subset before=2457"
[1] "nrow(data) subset after =2457"
[1] "nrow(data) subset diff =0"
[1] "--------------------------------------------------------------------------------"
[1] "2022-02-26 23:21:23 --- subset Finish---"
[1] "2022-02-26 23:21:23 --- transform Start ---"
[1] "--------------------------------------------------------------------------------"
[1] "nrow(data) transform before=2457"
[1] "nrow(data) transform after=2457"
[1] "nrow(data) transform diff=0"
[1] "--------------------------------------------------------------------------------"
[1] "str(data)="
'data.frame':	2457 obs. of  44 variables:
 $ Race.RaceId                      : Factor w/ 2455 levels "20160109-08-01-02-07",..: 11 12 13 14 15 16 17 18 19 20 ...
 $ Race.IsAnalyzeNormalPastAndFuture: logi  TRUE TRUE TRUE TRUE TRUE TRUE ...
 $ Race.IsAnalyzeNormalPast         : logi  TRUE TRUE TRUE TRUE TRUE TRUE ...
 $ Race.IsAnalyzeNormalFuture       : logi  FALSE FALSE FALSE FALSE FALSE FALSE ...
 $ Race.IsAnalyzeFullPastAndFuture  : logi  TRUE TRUE TRUE TRUE TRUE TRUE ...
 $ Race.IsAnalyzeFullPast           : logi  TRUE TRUE TRUE TRUE TRUE TRUE ...
 $ Race.IsAnalyzeFullFuture         : logi  FALSE FALSE FALSE FALSE FALSE FALSE ...
 $ Race.JyokenCd                    : Factor w/ 1 level "4": 1 1 1 1 1 1 1 1 1 1 ...
 $ Race.JyoType1Cd                  : Factor w/ 130 levels "2-08-1200-4-1",..: 10 4 11 12 13 14 6 15 5 16 ...
 $ Race.RaceType1Cd                 : Factor w/ 5 levels "2-4-X-1","2-4-X-2",..: 2 1 3 2 1 4 1 2 1 1 ...
 $ RaceHorse.RaceId                 : Factor w/ 2455 levels "20160109-08-01-02-07",..: 11 12 13 14 15 16 17 18 19 20 ...
 $ RaceHorse.KettoNum               : Factor w/ 2144 levels "2011104626","2012102066",..: 11 12 13 14 15 16 17 18 19 20 ...
 $ RaceHorse.IsHit1                 : num  1 1 1 1 1 1 1 1 1 1 ...
 $ RaceHorse.IsHit2                 : num  0 0 0 0 0 0 0 0 0 0 ...
 $ RaceHorse.IsHit3                 : num  0 0 0 0 0 0 0 0 0 0 ...
 $ RaceHorse.IsHit4                 : num  0 0 0 0 0 0 0 0 0 0 ...
 $ RaceHorse.IsHit5                 : num  0 0 0 0 0 0 0 0 0 0 ...
 $ RaceHorse.IsHit6                 : num  0 0 0 0 0 0 0 0 0 0 ...
 $ RaceHorse.IsValidRaceHorse       : logi  TRUE TRUE TRUE TRUE TRUE TRUE ...
 $ RaceHorse.TimeSdvByRace          : num  1.64 1.06 1.31 1.01 1.99 ...
 $ RaceHorse.TimeSdv                : num  0.381 0.787 0.333 0.527 0.929 ...
 $ RaceHorse.IsHitA                 : num  1 1 1 1 1 1 1 1 1 1 ...
 $ RaceHorse.IsHitB                 : num  1 1 1 1 1 1 1 1 1 1 ...
 $ RaceHorse.IsHitC                 : num  1 1 1 1 1 1 1 1 1 1 ...
 $ Gen02.HansyokuNum                : Factor w/ 261 levels "11201975","11202018",..: 10 11 12 3 13 14 15 16 17 18 ...
 $ Gen02.TimeSdvByRaceAvg           : num  -0.634 0.641 0.685 0.266 0.385 ...
 $ Gen02.TimeSdvByRaceMin           : num  -2.334 0.641 0.685 -0.801 -1.981 ...
 $ Gen02.TimeSdvByRaceMax           : num  0.352 0.641 0.685 1.398 1.536 ...
 $ Gen02.TimeSdvAvg                 : num  0.0168 0.4477 1.3351 0.3008 0.8059 ...
 $ Gen02.TimeSdvMin                 : num  -0.26 0.448 1.335 -0.781 -0.23 ...
 $ Gen02.TimeSdvMax                 : num  0.56 0.448 1.335 2.117 1.656 ...
 $ Gen02.OrderOfFinishSdvAvg        : num  -0.638 0.451 0.383 0.103 0.507 ...
 $ Gen02.RunCount                   : num  3 1 1 14 4 1 14 5 8 17 ...
 $ Gen02.HitCount1                  : num  0 0 0 1 0 0 0 0 0 1 ...
 $ Gen02.HitCount2                  : num  0 0 0 1 2 0 3 2 1 3 ...
 $ Gen02.HitCount3                  : num  0 0 0 2 1 0 4 2 1 2 ...
 $ Gen02.HitCount4                  : num  0 0 0 0 0 0 0 0 0 2 ...
 $ Gen02.HitCount5                  : num  0 0 0 3 0 0 0 1 0 0 ...
 $ Gen02.HitRate1                   : num  0 0 0 0.0714 0 ...
 $ Gen02.HitRate2                   : num  0 0 0 0.0714 0.5 ...
 $ Gen02.HitRate3                   : num  0 0 0 0.143 0.25 ...
 $ Gen02.HitRate4                   : num  0 0 0 0 0 ...
 $ Gen02.HitRate5                   : num  0 0 0 0.214 0 ...
 $ EOF                              : int  1 1 1 1 1 1 1 1 1 1 ...
NULL
[1] "2022-02-26 23:21:24 --- transform Finish ---"
[1] "2022-02-26 23:21:24 --- na.omit Start ---"
[1] "--------------------------------------------------------------------------------"
[1] "nrow(data) na.omit before=2457"
[1] "nrow(data) na.omit after =2457"
[1] "nrow(data) na.omit diff =0"
[1] "--------------------------------------------------------------------------------"
'data.frame':	2457 obs. of  44 variables:
 $ Race.RaceId                      : Factor w/ 2455 levels "20160109-08-01-02-07",..: 11 12 13 14 15 16 17 18 19 20 ...
 $ Race.IsAnalyzeNormalPastAndFuture: logi  TRUE TRUE TRUE TRUE TRUE TRUE ...
 $ Race.IsAnalyzeNormalPast         : logi  TRUE TRUE TRUE TRUE TRUE TRUE ...
 $ Race.IsAnalyzeNormalFuture       : logi  FALSE FALSE FALSE FALSE FALSE FALSE ...
 $ Race.IsAnalyzeFullPastAndFuture  : logi  TRUE TRUE TRUE TRUE TRUE TRUE ...
 $ Race.IsAnalyzeFullPast           : logi  TRUE TRUE TRUE TRUE TRUE TRUE ...
 $ Race.IsAnalyzeFullFuture         : logi  FALSE FALSE FALSE FALSE FALSE FALSE ...
 $ Race.JyokenCd                    : Factor w/ 1 level "4": 1 1 1 1 1 1 1 1 1 1 ...
 $ Race.JyoType1Cd                  : Factor w/ 130 levels "2-08-1200-4-1",..: 10 4 11 12 13 14 6 15 5 16 ...
 $ Race.RaceType1Cd                 : Factor w/ 5 levels "2-4-X-1","2-4-X-2",..: 2 1 3 2 1 4 1 2 1 1 ...
 $ RaceHorse.RaceId                 : Factor w/ 2455 levels "20160109-08-01-02-07",..: 11 12 13 14 15 16 17 18 19 20 ...
 $ RaceHorse.KettoNum               : Factor w/ 2144 levels "2011104626","2012102066",..: 11 12 13 14 15 16 17 18 19 20 ...
 $ RaceHorse.IsHit1                 : num  1 1 1 1 1 1 1 1 1 1 ...
 $ RaceHorse.IsHit2                 : num  0 0 0 0 0 0 0 0 0 0 ...
 $ RaceHorse.IsHit3                 : num  0 0 0 0 0 0 0 0 0 0 ...
 $ RaceHorse.IsHit4                 : num  0 0 0 0 0 0 0 0 0 0 ...
 $ RaceHorse.IsHit5                 : num  0 0 0 0 0 0 0 0 0 0 ...
 $ RaceHorse.IsHit6                 : num  0 0 0 0 0 0 0 0 0 0 ...
 $ RaceHorse.IsValidRaceHorse       : logi  TRUE TRUE TRUE TRUE TRUE TRUE ...
 $ RaceHorse.TimeSdvByRace          : num  1.64 1.06 1.31 1.01 1.99 ...
 $ RaceHorse.TimeSdv                : num  0.381 0.787 0.333 0.527 0.929 ...
 $ RaceHorse.IsHitA                 : num  1 1 1 1 1 1 1 1 1 1 ...
 $ RaceHorse.IsHitB                 : num  1 1 1 1 1 1 1 1 1 1 ...
 $ RaceHorse.IsHitC                 : num  1 1 1 1 1 1 1 1 1 1 ...
 $ Gen02.HansyokuNum                : Factor w/ 261 levels "11201975","11202018",..: 10 11 12 3 13 14 15 16 17 18 ...
 $ Gen02.TimeSdvByRaceAvg           : num  -0.634 0.641 0.685 0.266 0.385 ...
 $ Gen02.TimeSdvByRaceMin           : num  -2.334 0.641 0.685 -0.801 -1.981 ...
 $ Gen02.TimeSdvByRaceMax           : num  0.352 0.641 0.685 1.398 1.536 ...
 $ Gen02.TimeSdvAvg                 : num  0.0168 0.4477 1.3351 0.3008 0.8059 ...
 $ Gen02.TimeSdvMin                 : num  -0.26 0.448 1.335 -0.781 -0.23 ...
 $ Gen02.TimeSdvMax                 : num  0.56 0.448 1.335 2.117 1.656 ...
 $ Gen02.OrderOfFinishSdvAvg        : num  -0.638 0.451 0.383 0.103 0.507 ...
 $ Gen02.RunCount                   : num  3 1 1 14 4 1 14 5 8 17 ...
 $ Gen02.HitCount1                  : num  0 0 0 1 0 0 0 0 0 1 ...
 $ Gen02.HitCount2                  : num  0 0 0 1 2 0 3 2 1 3 ...
 $ Gen02.HitCount3                  : num  0 0 0 2 1 0 4 2 1 2 ...
 $ Gen02.HitCount4                  : num  0 0 0 0 0 0 0 0 0 2 ...
 $ Gen02.HitCount5                  : num  0 0 0 3 0 0 0 1 0 0 ...
 $ Gen02.HitRate1                   : num  0 0 0 0.0714 0 ...
 $ Gen02.HitRate2                   : num  0 0 0 0.0714 0.5 ...
 $ Gen02.HitRate3                   : num  0 0 0 0.143 0.25 ...
 $ Gen02.HitRate4                   : num  0 0 0 0 0 ...
 $ Gen02.HitRate5                   : num  0 0 0 0.214 0 ...
 $ EOF                              : int  1 1 1 1 1 1 1 1 1 1 ...
[1] "2022-02-26 23:21:25 --- na.omit Finish ---"
[1] "2022-02-26 23:21:25 --- rxGlm with rxStepControl Start ---"

> print(paste0(Sys.time(), " --- source_logic_glm.R Start ---"))
[1] "2022-02-26 23:21:25 --- source_logic_glm.R Start ---"

> formula <- formula(RaceHorse.IsHitA ~ +1 + Gen02.TimeSdvByRaceAvg)

> print(paste0(Sys.time(), " --- source_logic_glm.R Finished ---"))
[1] "2022-02-26 23:21:25 --- source_logic_glm.R Finished ---"
Rows Read: 2457, Total Rows Processed: 2457, Total Chunk Time: 0.001 seconds 

Starting values (iteration 1) time: 0.011 secs.
Rows Read: 2457, Total Rows Processed: 2457, Total Chunk Time: Less than .001 seconds 

Iteration 2 time: 0.007 secs.

Elapsed computation time: 0.028 secs.
Rows Read: 2457, Total Rows Processed: 2457, Total Chunk Time: Less than .001 seconds 

Starting values (iteration 1) time: 0.008 secs.
Rows Read: 2457, Total Rows Processed: 2457, Total Chunk Time: Less than .001 seconds 

Iteration 2 time: 0.006 secs.

Elapsed computation time: 0.033 secs.
Rows Read: 2457, Total Rows Processed: 2457, Total Chunk Time: 0.001 seconds 

Starting values (iteration 1) time: 0.007 secs.
Rows Read: 2457, Total Rows Processed: 2457, Total Chunk Time: 0.002 seconds 

Iteration 2 time: 0.007 secs.

Elapsed computation time: 0.028 secs.
Rows Read: 2457, Total Rows Processed: 2457, Total Chunk Time: Less than .001 seconds 

Starting values (iteration 1) time: 0.006 secs.
Rows Read: 2457, Total Rows Processed: 2457, Total Chunk Time: Less than .001 seconds 

Iteration 2 time: 0.007 secs.

Elapsed computation time: 0.028 secs.

Elapsed computation time: 0.142 secs.
[1] "--------------------------------------------------------------------------------"
[1] "analyze.results.glm.step="
Logistic Regression Results for: RaceHorse.IsHitA ~ 1
Data: data
Dependent variable(s): RaceHorse.IsHitA
Total independent variables: 1 
Number of valid observations: 2457
Number of missing observations: 0 
 
Coefficients:
            RaceHorse.IsHitA
(Intercept)                2
[1] "analyze.results.glm.step.summary"
Call:
rxLogit(formula = formula, data = data, variableSelection = analyze.results.glm.step.varsel)

Logistic Regression Results for: RaceHorse.IsHitA ~ 1
Data: data
Dependent variable(s): RaceHorse.IsHitA
Total independent variables: 1 
Number of valid observations: 2457
Number of missing observations: 0 
-2*LogLikelihood: 3406.125 (Residual deviance on 2456 degrees of freedom)
 
Coefficients:
            Estimate Std. Error z value Pr(>|z|)    
(Intercept)   2.0000     0.0403    49.6  2.2e-16 ***
---
Signif. codes:  0 '***' 0.001 '**' 0.01 '*' 0.05 '.' 0.1 ' ' 1

Condition number of final variance-covariance matrix: 1 
Number of iterations: 2
[1] "--------------------------------------------------------------------------------"
[1] "2022-02-26 23:21:25 --- rxGlm with rxStepControl Finish ---"
[1] "2022-02-26 23:21:25 --- rxStepPlot Start ---"
[1] "pdfFilename=pdf_analyze_glm_Gen02_Type24_rxStepPlot.pdf"
[1] "rxStepPlot="
[1] "2022-02-26 23:21:25 --- rxStepPlot Finish ---"
[1] "2022-02-26 23:21:25 --- save.image Start ---"
[1] "save.image"
[1] "rdataFilename=RData_analyze_glm_Gen02_Type24.RData"
[1] "2022-02-26 23:21:25 --- save.image Finish ---"
[1] "2022-02-26 23:21:25 --- final Start ---"
[1] "--------------------------------------------------------------------------------"
[1] "nrow(data) final=2457"
[1] "--------------------------------------------------------------------------------"
[1] "2022-02-26 23:21:25 --- final Finish ---"
[1] "2022-02-26 23:21:25 --- analyze_glm.R Finished ---"
[1] "2022-02-26 23:21:25 --- log Finish ---"
