[1] "2022-02-26 23:10:39 --- D1115_analyze_glm_Gen01_IsHitA_Type16 Start ---"
[1] "2022-02-26 23:10:39 --- Log Start ---"
[1] "2022-02-26 23:10:39 --- analyze_glm.R Start ---"
[1] "analyzeVersion=D1115"
[1] "analyzeCategory=analyze"
[1] "analyzeType=Gen01"
[1] "analyzeFamily=IsHitA"
[1] "analyzeFunc=glm"
[1] "analyzeTrackTypeCd=1"
[1] "analyzeJyokenCd=6"
[1] "2022-02-26 23:10:39 --- source_function.R Start ---"
[1] "2022-02-26 23:10:39 --- source_function.R Finished ---"

> print(paste0(Sys.time(), " --- source_library.R Start ---"))
[1] "2022-02-26 23:10:39 --- source_library.R Start ---"

> require("RevoScaleR")

> print(paste0(Sys.time(), " --- source_library.R Finished ---"))
[1] "2022-02-26 23:10:39 --- source_library.R Finished ---"
[1] "2022-02-26 23:10:39 --- RxSqlServerData Start ---"
[1] "2022-02-26 23:10:39 --- RxInSqlServer Start ---"
[1] "2022-02-26 23:10:39 --- RxInSqlServer Finish ---"
[1] "2022-02-26 23:10:39 --- rxSetComputeContext Start ---"
[1] "2022-02-26 23:10:39 --- rxSetComputeContext Finish ---"
[1] "2022-02-26 23:10:39 --- RxSqlServerData Start ---"
[1] "sqlQuery=SELECT * FROM ViewAnalyzeD1115analyze01Gen01Type16"
[1] "2022-02-26 23:10:39 --- RxSqlServerData Finish ---"
[1] "2022-02-26 23:10:39 --- rxGetVarInfo Start ---"
[1] "2022-02-26 23:10:40 --- rxGetVarInfo Finish---"
[1] "2022-02-26 23:10:40 --- rxImport Start ---"
Rows Read: 960, Total Rows Processed: 960, Total Chunk Time: 28.856 seconds 
[1] "2022-02-26 23:11:25 --- rxImport Finish ---"
[1] "object.size(data) auto=533.5 Kb"
[1] "--------------------------------------------------------------------------------"
[1] "nrow(data) RxSqlServerData=960"
[1] "--------------------------------------------------------------------------------"
[1] "str(data)="
'data.frame':	960 obs. of  44 variables:
 $ Race.RaceId                      : Factor w/ 958 levels "20160207-05-01-04-05",..: 11 12 13 14 15 16 17 18 19 20 ...
 $ Race.IsAnalyzeNormalPastAndFuture: logi  TRUE TRUE TRUE TRUE TRUE TRUE ...
 $ Race.IsAnalyzeNormalPast         : logi  TRUE TRUE TRUE TRUE TRUE TRUE ...
 $ Race.IsAnalyzeNormalFuture       : logi  FALSE FALSE FALSE FALSE FALSE FALSE ...
 $ Race.IsAnalyzeFullPastAndFuture  : logi  TRUE TRUE TRUE TRUE TRUE TRUE ...
 $ Race.IsAnalyzeFullPast           : logi  TRUE TRUE TRUE TRUE TRUE TRUE ...
 $ Race.IsAnalyzeFullFuture         : logi  FALSE FALSE FALSE FALSE FALSE FALSE ...
 $ Race.JyokenCd                    : Factor w/ 1 level "6": 1 1 1 1 1 1 1 1 1 1 ...
 $ Race.JyoType1Cd                  : Factor w/ 118 levels "1-05-1800-6-1",..: 8 9 10 11 12 13 14 15 15 16 ...
 $ Race.RaceType1Cd                 : Factor w/ 2 levels "1-6-X-2","1-6-X-1": 1 2 1 2 2 2 2 1 1 1 ...
 $ RaceHorse.RaceId                 : Factor w/ 958 levels "20160207-05-01-04-05",..: 11 12 13 14 15 16 17 18 19 20 ...
 $ RaceHorse.KettoNum               : Factor w/ 960 levels "2013105870","2014102733",..: 11 12 13 14 15 16 17 18 19 20 ...
 $ RaceHorse.IsHit1                 : num  1 1 1 1 1 1 1 1 1 1 ...
 $ RaceHorse.IsHit2                 : num  0 0 0 0 0 0 0 0 0 0 ...
 $ RaceHorse.IsHit3                 : num  0 0 0 0 0 0 0 0 0 0 ...
 $ RaceHorse.IsHit4                 : num  0 0 0 0 0 0 0 0 0 0 ...
 $ RaceHorse.IsHit5                 : num  0 0 0 0 0 0 0 0 0 0 ...
 $ RaceHorse.IsHit6                 : num  0 0 0 0 0 0 0 0 0 0 ...
 $ RaceHorse.IsValidRaceHorse       : logi  TRUE TRUE TRUE TRUE TRUE TRUE ...
 $ RaceHorse.TimeSdvByRace          : num  1.527 1.351 0.808 1.229 0.94 ...
 $ RaceHorse.TimeSdv                : num  1.527 -0.213 0.525 1.59 1.057 ...
 $ RaceHorse.IsHitA                 : num  1 1 1 1 1 1 1 1 1 1 ...
 $ RaceHorse.IsHitB                 : num  1 1 1 1 1 1 1 1 1 1 ...
 $ RaceHorse.IsHitC                 : num  1 1 1 1 1 1 1 1 1 1 ...
 $ Gen01.HansyokuNum                : Factor w/ 141 levels "11202086","11202119",..: 9 2 10 10 11 12 13 14 4 15 ...
 $ Gen01.TimeSdvByRaceAvg           : num  -0.7293 0.4157 -0.1647 0.0868 -0.1184 ...
 $ Gen01.TimeSdvByRaceMin           : num  -2.44 -2.57 -2.81 -2.49 -1.6 ...
 $ Gen01.TimeSdvByRaceMax           : num  0.888 2.205 1.359 2.1 0.97 ...
 $ Gen01.TimeSdvAvg                 : num  -0.5897 0.2802 -0.1682 -0.0194 0.1419 ...
 $ Gen01.TimeSdvMin                 : num  -2.079 -2.15 -3.47 -2.657 -0.622 ...
 $ Gen01.TimeSdvMax                 : num  0.513 1.842 1.442 1.747 1.527 ...
 $ Gen01.OrderOfFinishSdvAvg        : num  -0.3684 0.4055 -0.0826 0.0404 -0.1601 ...
 $ Gen01.RunCount                   : num  4 203 51 111 12 103 87 27 129 72 ...
 $ Gen01.HitCount1                  : num  0 27 4 12 0 14 2 4 11 4 ...
 $ Gen01.HitCount2                  : num  0 25 3 5 0 13 3 4 17 6 ...
 $ Gen01.HitCount3                  : num  1 32 1 10 2 11 7 6 17 3 ...
 $ Gen01.HitCount4                  : num  0 15 4 9 0 4 7 3 6 5 ...
 $ Gen01.HitCount5                  : num  0 9 4 10 1 9 8 2 13 9 ...
 $ Gen01.HitRate1                   : num  0 0.133 0.0784 0.1081 0 ...
 $ Gen01.HitRate2                   : num  0 0.1232 0.0588 0.045 0 ...
 $ Gen01.HitRate3                   : num  0.25 0.1576 0.0196 0.0901 0.1667 ...
 $ Gen01.HitRate4                   : num  0 0.0739 0.0784 0.0811 0 ...
 $ Gen01.HitRate5                   : num  0 0.0443 0.0784 0.0901 0.0833 ...
 $ EOF                              : int  1 1 1 1 1 1 1 1 1 1 ...
[1] "2022-02-26 23:11:26 --- RxSqlServerData Finish ---"
[1] "2022-02-26 23:11:26 --- subset Start ---"
[1] "--------------------------------------------------------------------------------"
[1] "nrow(data) subset before=960"
[1] "nrow(data) subset after =960"
[1] "nrow(data) subset diff =0"
[1] "--------------------------------------------------------------------------------"
[1] "2022-02-26 23:11:26 --- subset Finish---"
[1] "2022-02-26 23:11:26 --- transform Start ---"
[1] "--------------------------------------------------------------------------------"
[1] "nrow(data) transform before=960"
[1] "nrow(data) transform after=960"
[1] "nrow(data) transform diff=0"
[1] "--------------------------------------------------------------------------------"
[1] "str(data)="
'data.frame':	960 obs. of  44 variables:
 $ Race.RaceId                      : Factor w/ 958 levels "20160207-05-01-04-05",..: 11 12 13 14 15 16 17 18 19 20 ...
 $ Race.IsAnalyzeNormalPastAndFuture: logi  TRUE TRUE TRUE TRUE TRUE TRUE ...
 $ Race.IsAnalyzeNormalPast         : logi  TRUE TRUE TRUE TRUE TRUE TRUE ...
 $ Race.IsAnalyzeNormalFuture       : logi  FALSE FALSE FALSE FALSE FALSE FALSE ...
 $ Race.IsAnalyzeFullPastAndFuture  : logi  TRUE TRUE TRUE TRUE TRUE TRUE ...
 $ Race.IsAnalyzeFullPast           : logi  TRUE TRUE TRUE TRUE TRUE TRUE ...
 $ Race.IsAnalyzeFullFuture         : logi  FALSE FALSE FALSE FALSE FALSE FALSE ...
 $ Race.JyokenCd                    : Factor w/ 1 level "6": 1 1 1 1 1 1 1 1 1 1 ...
 $ Race.JyoType1Cd                  : Factor w/ 118 levels "1-05-1800-6-1",..: 8 9 10 11 12 13 14 15 15 16 ...
 $ Race.RaceType1Cd                 : Factor w/ 2 levels "1-6-X-2","1-6-X-1": 1 2 1 2 2 2 2 1 1 1 ...
 $ RaceHorse.RaceId                 : Factor w/ 958 levels "20160207-05-01-04-05",..: 11 12 13 14 15 16 17 18 19 20 ...
 $ RaceHorse.KettoNum               : Factor w/ 960 levels "2013105870","2014102733",..: 11 12 13 14 15 16 17 18 19 20 ...
 $ RaceHorse.IsHit1                 : num  1 1 1 1 1 1 1 1 1 1 ...
 $ RaceHorse.IsHit2                 : num  0 0 0 0 0 0 0 0 0 0 ...
 $ RaceHorse.IsHit3                 : num  0 0 0 0 0 0 0 0 0 0 ...
 $ RaceHorse.IsHit4                 : num  0 0 0 0 0 0 0 0 0 0 ...
 $ RaceHorse.IsHit5                 : num  0 0 0 0 0 0 0 0 0 0 ...
 $ RaceHorse.IsHit6                 : num  0 0 0 0 0 0 0 0 0 0 ...
 $ RaceHorse.IsValidRaceHorse       : logi  TRUE TRUE TRUE TRUE TRUE TRUE ...
 $ RaceHorse.TimeSdvByRace          : num  1.527 1.351 0.808 1.229 0.94 ...
 $ RaceHorse.TimeSdv                : num  1.527 -0.213 0.525 1.59 1.057 ...
 $ RaceHorse.IsHitA                 : num  1 1 1 1 1 1 1 1 1 1 ...
 $ RaceHorse.IsHitB                 : num  1 1 1 1 1 1 1 1 1 1 ...
 $ RaceHorse.IsHitC                 : num  1 1 1 1 1 1 1 1 1 1 ...
 $ Gen01.HansyokuNum                : Factor w/ 141 levels "11202086","11202119",..: 9 2 10 10 11 12 13 14 4 15 ...
 $ Gen01.TimeSdvByRaceAvg           : num  -0.7293 0.4157 -0.1647 0.0868 -0.1184 ...
 $ Gen01.TimeSdvByRaceMin           : num  -2.44 -2.57 -2.81 -2.49 -1.6 ...
 $ Gen01.TimeSdvByRaceMax           : num  0.888 2.205 1.359 2.1 0.97 ...
 $ Gen01.TimeSdvAvg                 : num  -0.5897 0.2802 -0.1682 -0.0194 0.1419 ...
 $ Gen01.TimeSdvMin                 : num  -2.079 -2.15 -3.47 -2.657 -0.622 ...
 $ Gen01.TimeSdvMax                 : num  0.513 1.842 1.442 1.747 1.527 ...
 $ Gen01.OrderOfFinishSdvAvg        : num  -0.3684 0.4055 -0.0826 0.0404 -0.1601 ...
 $ Gen01.RunCount                   : num  4 203 51 111 12 103 87 27 129 72 ...
 $ Gen01.HitCount1                  : num  0 27 4 12 0 14 2 4 11 4 ...
 $ Gen01.HitCount2                  : num  0 25 3 5 0 13 3 4 17 6 ...
 $ Gen01.HitCount3                  : num  1 32 1 10 2 11 7 6 17 3 ...
 $ Gen01.HitCount4                  : num  0 15 4 9 0 4 7 3 6 5 ...
 $ Gen01.HitCount5                  : num  0 9 4 10 1 9 8 2 13 9 ...
 $ Gen01.HitRate1                   : num  0 0.133 0.0784 0.1081 0 ...
 $ Gen01.HitRate2                   : num  0 0.1232 0.0588 0.045 0 ...
 $ Gen01.HitRate3                   : num  0.25 0.1576 0.0196 0.0901 0.1667 ...
 $ Gen01.HitRate4                   : num  0 0.0739 0.0784 0.0811 0 ...
 $ Gen01.HitRate5                   : num  0 0.0443 0.0784 0.0901 0.0833 ...
 $ EOF                              : int  1 1 1 1 1 1 1 1 1 1 ...
NULL
[1] "2022-02-26 23:11:26 --- transform Finish ---"
[1] "2022-02-26 23:11:26 --- na.omit Start ---"
[1] "--------------------------------------------------------------------------------"
[1] "nrow(data) na.omit before=960"
[1] "nrow(data) na.omit after =960"
[1] "nrow(data) na.omit diff =0"
[1] "--------------------------------------------------------------------------------"
'data.frame':	960 obs. of  44 variables:
 $ Race.RaceId                      : Factor w/ 958 levels "20160207-05-01-04-05",..: 11 12 13 14 15 16 17 18 19 20 ...
 $ Race.IsAnalyzeNormalPastAndFuture: logi  TRUE TRUE TRUE TRUE TRUE TRUE ...
 $ Race.IsAnalyzeNormalPast         : logi  TRUE TRUE TRUE TRUE TRUE TRUE ...
 $ Race.IsAnalyzeNormalFuture       : logi  FALSE FALSE FALSE FALSE FALSE FALSE ...
 $ Race.IsAnalyzeFullPastAndFuture  : logi  TRUE TRUE TRUE TRUE TRUE TRUE ...
 $ Race.IsAnalyzeFullPast           : logi  TRUE TRUE TRUE TRUE TRUE TRUE ...
 $ Race.IsAnalyzeFullFuture         : logi  FALSE FALSE FALSE FALSE FALSE FALSE ...
 $ Race.JyokenCd                    : Factor w/ 1 level "6": 1 1 1 1 1 1 1 1 1 1 ...
 $ Race.JyoType1Cd                  : Factor w/ 118 levels "1-05-1800-6-1",..: 8 9 10 11 12 13 14 15 15 16 ...
 $ Race.RaceType1Cd                 : Factor w/ 2 levels "1-6-X-2","1-6-X-1": 1 2 1 2 2 2 2 1 1 1 ...
 $ RaceHorse.RaceId                 : Factor w/ 958 levels "20160207-05-01-04-05",..: 11 12 13 14 15 16 17 18 19 20 ...
 $ RaceHorse.KettoNum               : Factor w/ 960 levels "2013105870","2014102733",..: 11 12 13 14 15 16 17 18 19 20 ...
 $ RaceHorse.IsHit1                 : num  1 1 1 1 1 1 1 1 1 1 ...
 $ RaceHorse.IsHit2                 : num  0 0 0 0 0 0 0 0 0 0 ...
 $ RaceHorse.IsHit3                 : num  0 0 0 0 0 0 0 0 0 0 ...
 $ RaceHorse.IsHit4                 : num  0 0 0 0 0 0 0 0 0 0 ...
 $ RaceHorse.IsHit5                 : num  0 0 0 0 0 0 0 0 0 0 ...
 $ RaceHorse.IsHit6                 : num  0 0 0 0 0 0 0 0 0 0 ...
 $ RaceHorse.IsValidRaceHorse       : logi  TRUE TRUE TRUE TRUE TRUE TRUE ...
 $ RaceHorse.TimeSdvByRace          : num  1.527 1.351 0.808 1.229 0.94 ...
 $ RaceHorse.TimeSdv                : num  1.527 -0.213 0.525 1.59 1.057 ...
 $ RaceHorse.IsHitA                 : num  1 1 1 1 1 1 1 1 1 1 ...
 $ RaceHorse.IsHitB                 : num  1 1 1 1 1 1 1 1 1 1 ...
 $ RaceHorse.IsHitC                 : num  1 1 1 1 1 1 1 1 1 1 ...
 $ Gen01.HansyokuNum                : Factor w/ 141 levels "11202086","11202119",..: 9 2 10 10 11 12 13 14 4 15 ...
 $ Gen01.TimeSdvByRaceAvg           : num  -0.7293 0.4157 -0.1647 0.0868 -0.1184 ...
 $ Gen01.TimeSdvByRaceMin           : num  -2.44 -2.57 -2.81 -2.49 -1.6 ...
 $ Gen01.TimeSdvByRaceMax           : num  0.888 2.205 1.359 2.1 0.97 ...
 $ Gen01.TimeSdvAvg                 : num  -0.5897 0.2802 -0.1682 -0.0194 0.1419 ...
 $ Gen01.TimeSdvMin                 : num  -2.079 -2.15 -3.47 -2.657 -0.622 ...
 $ Gen01.TimeSdvMax                 : num  0.513 1.842 1.442 1.747 1.527 ...
 $ Gen01.OrderOfFinishSdvAvg        : num  -0.3684 0.4055 -0.0826 0.0404 -0.1601 ...
 $ Gen01.RunCount                   : num  4 203 51 111 12 103 87 27 129 72 ...
 $ Gen01.HitCount1                  : num  0 27 4 12 0 14 2 4 11 4 ...
 $ Gen01.HitCount2                  : num  0 25 3 5 0 13 3 4 17 6 ...
 $ Gen01.HitCount3                  : num  1 32 1 10 2 11 7 6 17 3 ...
 $ Gen01.HitCount4                  : num  0 15 4 9 0 4 7 3 6 5 ...
 $ Gen01.HitCount5                  : num  0 9 4 10 1 9 8 2 13 9 ...
 $ Gen01.HitRate1                   : num  0 0.133 0.0784 0.1081 0 ...
 $ Gen01.HitRate2                   : num  0 0.1232 0.0588 0.045 0 ...
 $ Gen01.HitRate3                   : num  0.25 0.1576 0.0196 0.0901 0.1667 ...
 $ Gen01.HitRate4                   : num  0 0.0739 0.0784 0.0811 0 ...
 $ Gen01.HitRate5                   : num  0 0.0443 0.0784 0.0901 0.0833 ...
 $ EOF                              : int  1 1 1 1 1 1 1 1 1 1 ...
[1] "2022-02-26 23:11:27 --- na.omit Finish ---"
[1] "2022-02-26 23:11:27 --- rxGlm with rxStepControl Start ---"

> print(paste0(Sys.time(), " --- source_logic_glm.R Start ---"))
[1] "2022-02-26 23:11:27 --- source_logic_glm.R Start ---"

> formula <- formula(RaceHorse.IsHitA ~ +1 + Gen01.TimeSdvByRaceAvg)

> print(paste0(Sys.time(), " --- source_logic_glm.R Finished ---"))
[1] "2022-02-26 23:11:27 --- source_logic_glm.R Finished ---"
Rows Read: 960, Total Rows Processed: 960, Total Chunk Time: Less than .001 seconds 

Starting values (iteration 1) time: 0.008 secs.
Rows Read: 960, Total Rows Processed: 960, Total Chunk Time: Less than .001 seconds 

Iteration 2 time: 0.005 secs.

Elapsed computation time: 0.020 secs.
Rows Read: 960, Total Rows Processed: 960, Total Chunk Time: Less than .001 seconds 

Starting values (iteration 1) time: 0.006 secs.
Rows Read: 960, Total Rows Processed: 960, Total Chunk Time: 0.001 seconds 

Iteration 2 time: 0.004 secs.

Elapsed computation time: 0.023 secs.
Rows Read: 960, Total Rows Processed: 960, Total Chunk Time: 0.001 seconds 

Starting values (iteration 1) time: 0.005 secs.
Rows Read: 960, Total Rows Processed: 960, Total Chunk Time: Less than .001 seconds 

Iteration 2 time: 0.004 secs.

Elapsed computation time: 0.018 secs.
Rows Read: 960, Total Rows Processed: 960, Total Chunk Time: Less than .001 seconds 

Starting values (iteration 1) time: 0.005 secs.
Rows Read: 960, Total Rows Processed: 960, Total Chunk Time: 0.001 seconds 

Iteration 2 time: 0.005 secs.

Elapsed computation time: 0.031 secs.

Elapsed computation time: 0.121 secs.
[1] "--------------------------------------------------------------------------------"
[1] "analyze.results.glm.step="
Logistic Regression Results for: RaceHorse.IsHitA ~ 1
Data: data
Dependent variable(s): RaceHorse.IsHitA
Total independent variables: 1 
Number of valid observations: 960
Number of missing observations: 0 
 
Coefficients:
            RaceHorse.IsHitA
(Intercept)                2
[1] "analyze.results.glm.step.summary"
Call:
rxLogit(formula = formula, data = data, variableSelection = analyze.results.glm.step.varsel)

Logistic Regression Results for: RaceHorse.IsHitA ~ 1
Data: data
Dependent variable(s): RaceHorse.IsHitA
Total independent variables: 1 
Number of valid observations: 960
Number of missing observations: 0 
-2*LogLikelihood: 1330.843 (Residual deviance on 959 degrees of freedom)
 
Coefficients:
            Estimate Std. Error z value Pr(>|z|)    
(Intercept)   2.0000     0.0645      31  2.2e-16 ***
---
Signif. codes:  0 '***' 0.001 '**' 0.01 '*' 0.05 '.' 0.1 ' ' 1

Condition number of final variance-covariance matrix: 1 
Number of iterations: 2
[1] "--------------------------------------------------------------------------------"
[1] "2022-02-26 23:11:27 --- rxGlm with rxStepControl Finish ---"
[1] "2022-02-26 23:11:27 --- rxStepPlot Start ---"
[1] "pdfFilename=pdf_analyze_glm_Gen01_Type16_rxStepPlot.pdf"
[1] "rxStepPlot="
[1] "2022-02-26 23:11:27 --- rxStepPlot Finish ---"
[1] "2022-02-26 23:11:27 --- save.image Start ---"
[1] "save.image"
[1] "rdataFilename=RData_analyze_glm_Gen01_Type16.RData"
[1] "2022-02-26 23:11:27 --- save.image Finish ---"
[1] "2022-02-26 23:11:27 --- final Start ---"
[1] "--------------------------------------------------------------------------------"
[1] "nrow(data) final=960"
[1] "--------------------------------------------------------------------------------"
[1] "2022-02-26 23:11:27 --- final Finish ---"
[1] "2022-02-26 23:11:27 --- analyze_glm.R Finished ---"
[1] "2022-02-26 23:11:27 --- log Finish ---"
