[1] "2022-02-26 23:12:00 --- D1115_analyze_glm_Horse_IsHitA_Type13 Start ---"
[1] "2022-02-26 23:12:00 --- Log Start ---"
[1] "2022-02-26 23:12:00 --- analyze_glm.R Start ---"
[1] "analyzeVersion=D1115"
[1] "analyzeCategory=analyze"
[1] "analyzeType=Horse"
[1] "analyzeFamily=IsHitA"
[1] "analyzeFunc=glm"
[1] "analyzeTrackTypeCd=1"
[1] "analyzeJyokenCd=3"
[1] "2022-02-26 23:12:00 --- source_function.R Start ---"
[1] "2022-02-26 23:12:00 --- source_function.R Finished ---"

> print(paste0(Sys.time(), " --- source_library.R Start ---"))
[1] "2022-02-26 23:12:00 --- source_library.R Start ---"

> require("RevoScaleR")

> print(paste0(Sys.time(), " --- source_library.R Finished ---"))
[1] "2022-02-26 23:12:07 --- source_library.R Finished ---"
[1] "2022-02-26 23:12:07 --- RxSqlServerData Start ---"
[1] "2022-02-26 23:12:07 --- RxInSqlServer Start ---"
[1] "2022-02-26 23:12:08 --- RxInSqlServer Finish ---"
[1] "2022-02-26 23:12:08 --- rxSetComputeContext Start ---"
[1] "2022-02-26 23:12:08 --- rxSetComputeContext Finish ---"
[1] "2022-02-26 23:12:08 --- RxSqlServerData Start ---"
[1] "sqlQuery=SELECT * FROM ViewAnalyzeD1115analyze01HorseType13"
[1] "2022-02-26 23:12:09 --- RxSqlServerData Finish ---"
[1] "2022-02-26 23:12:09 --- rxGetVarInfo Start ---"
[1] "2022-02-26 23:12:11 --- rxGetVarInfo Finish---"
[1] "2022-02-26 23:12:11 --- rxImport Start ---"
Rows Read: 1193, Total Rows Processed: 1193, Total Chunk Time: 240.317 seconds 
[1] "2022-02-26 23:33:40 --- rxImport Finish ---"
[1] "object.size(data) auto=717.7 Kb"
[1] "--------------------------------------------------------------------------------"
[1] "nrow(data) RxSqlServerData=1193"
[1] "--------------------------------------------------------------------------------"
[1] "str(data)="
'data.frame':	1193 obs. of  44 variables:
 $ Race.RaceId                      : Factor w/ 1191 levels "20160423-08-03-01-09",..: 1 2 3 4 5 6 7 8 9 10 ...
 $ Race.IsAnalyzeNormalPastAndFuture: logi  TRUE TRUE TRUE TRUE TRUE TRUE ...
 $ Race.IsAnalyzeNormalPast         : logi  TRUE TRUE TRUE TRUE TRUE TRUE ...
 $ Race.IsAnalyzeNormalFuture       : logi  FALSE FALSE FALSE FALSE FALSE FALSE ...
 $ Race.IsAnalyzeFullPastAndFuture  : logi  TRUE TRUE TRUE TRUE TRUE TRUE ...
 $ Race.IsAnalyzeFullPast           : logi  TRUE TRUE TRUE TRUE TRUE TRUE ...
 $ Race.IsAnalyzeFullFuture         : logi  FALSE FALSE FALSE FALSE FALSE FALSE ...
 $ Race.JyokenCd                    : Factor w/ 1 level "3": 1 1 1 1 1 1 1 1 1 1 ...
 $ Race.JyoType1Cd                  : Factor w/ 154 levels "1-08-2200-3-1",..: 1 2 3 4 5 6 1 7 8 9 ...
 $ Race.RaceType1Cd                 : Factor w/ 6 levels "1-3-E-2","1-3-X-1",..: 1 2 3 3 1 3 4 5 2 1 ...
 $ RaceHorse.RaceId                 : Factor w/ 1191 levels "20160423-08-03-01-09",..: 1 2 3 4 5 6 7 8 9 10 ...
 $ RaceHorse.KettoNum               : Factor w/ 1083 levels "2010104159","2011103620",..: 1 2 3 4 5 6 7 8 9 10 ...
 $ RaceHorse.IsHit1                 : num  1 1 1 1 1 1 1 1 1 1 ...
 $ RaceHorse.IsHit2                 : num  0 0 0 0 0 0 0 0 0 0 ...
 $ RaceHorse.IsHit3                 : num  0 0 0 0 0 0 0 0 0 0 ...
 $ RaceHorse.IsHit4                 : num  0 0 0 0 0 0 0 0 0 0 ...
 $ RaceHorse.IsHit5                 : num  0 0 0 0 0 0 0 0 0 0 ...
 $ RaceHorse.IsHit6                 : num  0 0 0 0 0 0 0 0 0 0 ...
 $ RaceHorse.IsValidRaceHorse       : logi  TRUE TRUE TRUE TRUE TRUE TRUE ...
 $ RaceHorse.TimeSdvByRace          : num  1.13 1.15 1.46 1.84 1.53 ...
 $ RaceHorse.TimeSdv                : num  -0.25 1.033 1.135 -0.116 1.02 ...
 $ RaceHorse.IsHitA                 : num  1 1 1 1 1 1 1 1 1 1 ...
 $ RaceHorse.IsHitB                 : num  1 1 1 1 1 1 1 1 1 1 ...
 $ RaceHorse.IsHitC                 : num  1 1 1 1 1 1 1 1 1 1 ...
 $ Horse.KettoNum                   : Factor w/ 1083 levels "2010104159","2011103620",..: 1 2 3 4 5 6 7 8 9 10 ...
 $ Horse.TimeSdvByRaceAvg           : num  0.174 1.08 0.449 0.514 0.229 ...
 $ Horse.TimeSdvByRaceMin           : num  -1.432 0.613 -0.765 -1.582 -2.15 ...
 $ Horse.TimeSdvByRaceMax           : num  1.32 1.36 1.34 1.57 2.01 ...
 $ Horse.TimeSdvAvg                 : num  -0.0436 0.8443 -0.0485 0.2063 0.2815 ...
 $ Horse.TimeSdvMin                 : num  -1.127 -0.389 -2.361 -1.6 -2.264 ...
 $ Horse.TimeSdvMax                 : num  1 1.79 1.58 2.34 1.7 ...
 $ Horse.OrderOfFinishSdvAvg        : num  0.2299 1.3307 0.4876 0.4805 0.0279 ...
 $ Horse.RunCount                   : num  25 12 22 20 35 27 17 32 11 10 ...
 $ Horse.HitCount1                  : num  3 3 3 3 2 3 2 3 3 2 ...
 $ Horse.HitCount2                  : num  0 7 2 3 4 5 3 5 1 1 ...
 $ Horse.HitCount3                  : num  1 1 4 3 2 4 2 6 2 2 ...
 $ Horse.HitCount4                  : num  3 1 1 2 4 2 3 2 2 2 ...
 $ Horse.HitCount5                  : num  4 0 3 3 4 3 3 2 1 2 ...
 $ Horse.HitRate1                   : num  0.12 0.25 0.1364 0.15 0.0571 ...
 $ Horse.HitRate2                   : num  0 0.5833 0.0909 0.15 0.1143 ...
 $ Horse.HitRate3                   : num  0.04 0.0833 0.1818 0.15 0.0571 ...
 $ Horse.HitRate4                   : num  0.12 0.0833 0.0455 0.1 0.1143 ...
 $ Horse.HitRate5                   : num  0.16 0 0.136 0.15 0.114 ...
 $ EOF                              : int  1 1 1 1 1 1 1 1 1 1 ...
[1] "2022-02-26 23:33:40 --- RxSqlServerData Finish ---"
[1] "2022-02-26 23:33:40 --- subset Start ---"
[1] "--------------------------------------------------------------------------------"
[1] "nrow(data) subset before=1193"
[1] "nrow(data) subset after =1193"
[1] "nrow(data) subset diff =0"
[1] "--------------------------------------------------------------------------------"
[1] "2022-02-26 23:33:40 --- subset Finish---"
[1] "2022-02-26 23:33:40 --- transform Start ---"
[1] "--------------------------------------------------------------------------------"
[1] "nrow(data) transform before=1193"
[1] "nrow(data) transform after=1193"
[1] "nrow(data) transform diff=0"
[1] "--------------------------------------------------------------------------------"
[1] "str(data)="
'data.frame':	1193 obs. of  44 variables:
 $ Race.RaceId                      : Factor w/ 1191 levels "20160423-08-03-01-09",..: 1 2 3 4 5 6 7 8 9 10 ...
 $ Race.IsAnalyzeNormalPastAndFuture: logi  TRUE TRUE TRUE TRUE TRUE TRUE ...
 $ Race.IsAnalyzeNormalPast         : logi  TRUE TRUE TRUE TRUE TRUE TRUE ...
 $ Race.IsAnalyzeNormalFuture       : logi  FALSE FALSE FALSE FALSE FALSE FALSE ...
 $ Race.IsAnalyzeFullPastAndFuture  : logi  TRUE TRUE TRUE TRUE TRUE TRUE ...
 $ Race.IsAnalyzeFullPast           : logi  TRUE TRUE TRUE TRUE TRUE TRUE ...
 $ Race.IsAnalyzeFullFuture         : logi  FALSE FALSE FALSE FALSE FALSE FALSE ...
 $ Race.JyokenCd                    : Factor w/ 1 level "3": 1 1 1 1 1 1 1 1 1 1 ...
 $ Race.JyoType1Cd                  : Factor w/ 154 levels "1-08-2200-3-1",..: 1 2 3 4 5 6 1 7 8 9 ...
 $ Race.RaceType1Cd                 : Factor w/ 6 levels "1-3-E-2","1-3-X-1",..: 1 2 3 3 1 3 4 5 2 1 ...
 $ RaceHorse.RaceId                 : Factor w/ 1191 levels "20160423-08-03-01-09",..: 1 2 3 4 5 6 7 8 9 10 ...
 $ RaceHorse.KettoNum               : Factor w/ 1083 levels "2010104159","2011103620",..: 1 2 3 4 5 6 7 8 9 10 ...
 $ RaceHorse.IsHit1                 : num  1 1 1 1 1 1 1 1 1 1 ...
 $ RaceHorse.IsHit2                 : num  0 0 0 0 0 0 0 0 0 0 ...
 $ RaceHorse.IsHit3                 : num  0 0 0 0 0 0 0 0 0 0 ...
 $ RaceHorse.IsHit4                 : num  0 0 0 0 0 0 0 0 0 0 ...
 $ RaceHorse.IsHit5                 : num  0 0 0 0 0 0 0 0 0 0 ...
 $ RaceHorse.IsHit6                 : num  0 0 0 0 0 0 0 0 0 0 ...
 $ RaceHorse.IsValidRaceHorse       : logi  TRUE TRUE TRUE TRUE TRUE TRUE ...
 $ RaceHorse.TimeSdvByRace          : num  1.13 1.15 1.46 1.84 1.53 ...
 $ RaceHorse.TimeSdv                : num  -0.25 1.033 1.135 -0.116 1.02 ...
 $ RaceHorse.IsHitA                 : num  1 1 1 1 1 1 1 1 1 1 ...
 $ RaceHorse.IsHitB                 : num  1 1 1 1 1 1 1 1 1 1 ...
 $ RaceHorse.IsHitC                 : num  1 1 1 1 1 1 1 1 1 1 ...
 $ Horse.KettoNum                   : Factor w/ 1083 levels "2010104159","2011103620",..: 1 2 3 4 5 6 7 8 9 10 ...
 $ Horse.TimeSdvByRaceAvg           : num  0.174 1.08 0.449 0.514 0.229 ...
 $ Horse.TimeSdvByRaceMin           : num  -1.432 0.613 -0.765 -1.582 -2.15 ...
 $ Horse.TimeSdvByRaceMax           : num  1.32 1.36 1.34 1.57 2.01 ...
 $ Horse.TimeSdvAvg                 : num  -0.0436 0.8443 -0.0485 0.2063 0.2815 ...
 $ Horse.TimeSdvMin                 : num  -1.127 -0.389 -2.361 -1.6 -2.264 ...
 $ Horse.TimeSdvMax                 : num  1 1.79 1.58 2.34 1.7 ...
 $ Horse.OrderOfFinishSdvAvg        : num  0.2299 1.3307 0.4876 0.4805 0.0279 ...
 $ Horse.RunCount                   : num  25 12 22 20 35 27 17 32 11 10 ...
 $ Horse.HitCount1                  : num  3 3 3 3 2 3 2 3 3 2 ...
 $ Horse.HitCount2                  : num  0 7 2 3 4 5 3 5 1 1 ...
 $ Horse.HitCount3                  : num  1 1 4 3 2 4 2 6 2 2 ...
 $ Horse.HitCount4                  : num  3 1 1 2 4 2 3 2 2 2 ...
 $ Horse.HitCount5                  : num  4 0 3 3 4 3 3 2 1 2 ...
 $ Horse.HitRate1                   : num  0.12 0.25 0.1364 0.15 0.0571 ...
 $ Horse.HitRate2                   : num  0 0.5833 0.0909 0.15 0.1143 ...
 $ Horse.HitRate3                   : num  0.04 0.0833 0.1818 0.15 0.0571 ...
 $ Horse.HitRate4                   : num  0.12 0.0833 0.0455 0.1 0.1143 ...
 $ Horse.HitRate5                   : num  0.16 0 0.136 0.15 0.114 ...
 $ EOF                              : int  1 1 1 1 1 1 1 1 1 1 ...
NULL
[1] "2022-02-26 23:33:40 --- transform Finish ---"
[1] "2022-02-26 23:33:40 --- na.omit Start ---"
[1] "--------------------------------------------------------------------------------"
[1] "nrow(data) na.omit before=1193"
[1] "nrow(data) na.omit after =1193"
[1] "nrow(data) na.omit diff =0"
[1] "--------------------------------------------------------------------------------"
'data.frame':	1193 obs. of  44 variables:
 $ Race.RaceId                      : Factor w/ 1191 levels "20160423-08-03-01-09",..: 1 2 3 4 5 6 7 8 9 10 ...
 $ Race.IsAnalyzeNormalPastAndFuture: logi  TRUE TRUE TRUE TRUE TRUE TRUE ...
 $ Race.IsAnalyzeNormalPast         : logi  TRUE TRUE TRUE TRUE TRUE TRUE ...
 $ Race.IsAnalyzeNormalFuture       : logi  FALSE FALSE FALSE FALSE FALSE FALSE ...
 $ Race.IsAnalyzeFullPastAndFuture  : logi  TRUE TRUE TRUE TRUE TRUE TRUE ...
 $ Race.IsAnalyzeFullPast           : logi  TRUE TRUE TRUE TRUE TRUE TRUE ...
 $ Race.IsAnalyzeFullFuture         : logi  FALSE FALSE FALSE FALSE FALSE FALSE ...
 $ Race.JyokenCd                    : Factor w/ 1 level "3": 1 1 1 1 1 1 1 1 1 1 ...
 $ Race.JyoType1Cd                  : Factor w/ 154 levels "1-08-2200-3-1",..: 1 2 3 4 5 6 1 7 8 9 ...
 $ Race.RaceType1Cd                 : Factor w/ 6 levels "1-3-E-2","1-3-X-1",..: 1 2 3 3 1 3 4 5 2 1 ...
 $ RaceHorse.RaceId                 : Factor w/ 1191 levels "20160423-08-03-01-09",..: 1 2 3 4 5 6 7 8 9 10 ...
 $ RaceHorse.KettoNum               : Factor w/ 1083 levels "2010104159","2011103620",..: 1 2 3 4 5 6 7 8 9 10 ...
 $ RaceHorse.IsHit1                 : num  1 1 1 1 1 1 1 1 1 1 ...
 $ RaceHorse.IsHit2                 : num  0 0 0 0 0 0 0 0 0 0 ...
 $ RaceHorse.IsHit3                 : num  0 0 0 0 0 0 0 0 0 0 ...
 $ RaceHorse.IsHit4                 : num  0 0 0 0 0 0 0 0 0 0 ...
 $ RaceHorse.IsHit5                 : num  0 0 0 0 0 0 0 0 0 0 ...
 $ RaceHorse.IsHit6                 : num  0 0 0 0 0 0 0 0 0 0 ...
 $ RaceHorse.IsValidRaceHorse       : logi  TRUE TRUE TRUE TRUE TRUE TRUE ...
 $ RaceHorse.TimeSdvByRace          : num  1.13 1.15 1.46 1.84 1.53 ...
 $ RaceHorse.TimeSdv                : num  -0.25 1.033 1.135 -0.116 1.02 ...
 $ RaceHorse.IsHitA                 : num  1 1 1 1 1 1 1 1 1 1 ...
 $ RaceHorse.IsHitB                 : num  1 1 1 1 1 1 1 1 1 1 ...
 $ RaceHorse.IsHitC                 : num  1 1 1 1 1 1 1 1 1 1 ...
 $ Horse.KettoNum                   : Factor w/ 1083 levels "2010104159","2011103620",..: 1 2 3 4 5 6 7 8 9 10 ...
 $ Horse.TimeSdvByRaceAvg           : num  0.174 1.08 0.449 0.514 0.229 ...
 $ Horse.TimeSdvByRaceMin           : num  -1.432 0.613 -0.765 -1.582 -2.15 ...
 $ Horse.TimeSdvByRaceMax           : num  1.32 1.36 1.34 1.57 2.01 ...
 $ Horse.TimeSdvAvg                 : num  -0.0436 0.8443 -0.0485 0.2063 0.2815 ...
 $ Horse.TimeSdvMin                 : num  -1.127 -0.389 -2.361 -1.6 -2.264 ...
 $ Horse.TimeSdvMax                 : num  1 1.79 1.58 2.34 1.7 ...
 $ Horse.OrderOfFinishSdvAvg        : num  0.2299 1.3307 0.4876 0.4805 0.0279 ...
 $ Horse.RunCount                   : num  25 12 22 20 35 27 17 32 11 10 ...
 $ Horse.HitCount1                  : num  3 3 3 3 2 3 2 3 3 2 ...
 $ Horse.HitCount2                  : num  0 7 2 3 4 5 3 5 1 1 ...
 $ Horse.HitCount3                  : num  1 1 4 3 2 4 2 6 2 2 ...
 $ Horse.HitCount4                  : num  3 1 1 2 4 2 3 2 2 2 ...
 $ Horse.HitCount5                  : num  4 0 3 3 4 3 3 2 1 2 ...
 $ Horse.HitRate1                   : num  0.12 0.25 0.1364 0.15 0.0571 ...
 $ Horse.HitRate2                   : num  0 0.5833 0.0909 0.15 0.1143 ...
 $ Horse.HitRate3                   : num  0.04 0.0833 0.1818 0.15 0.0571 ...
 $ Horse.HitRate4                   : num  0.12 0.0833 0.0455 0.1 0.1143 ...
 $ Horse.HitRate5                   : num  0.16 0 0.136 0.15 0.114 ...
 $ EOF                              : int  1 1 1 1 1 1 1 1 1 1 ...
[1] "2022-02-26 23:33:41 --- na.omit Finish ---"
[1] "2022-02-26 23:33:41 --- rxGlm with rxStepControl Start ---"

> print(paste0(Sys.time(), " --- source_logic_glm.R Start ---"))
[1] "2022-02-26 23:33:41 --- source_logic_glm.R Start ---"

> formula <- formula(RaceHorse.IsHitA ~ +1 + Horse.TimeSdvByRaceAvg)

> print(paste0(Sys.time(), " --- source_logic_glm.R Finished ---"))
[1] "2022-02-26 23:33:41 --- source_logic_glm.R Finished ---"
Rows Read: 1193, Total Rows Processed: 1193, Total Chunk Time: Less than .001 seconds 

Starting values (iteration 1) time: 0.007 secs.
Rows Read: 1193, Total Rows Processed: 1193, Total Chunk Time: Less than .001 seconds 

Iteration 2 time: 0.008 secs.

Elapsed computation time: 0.018 secs.
Rows Read: 1193, Total Rows Processed: 1193, Total Chunk Time: Less than .001 seconds 

Starting values (iteration 1) time: 0.005 secs.
Rows Read: 1193, Total Rows Processed: 1193, Total Chunk Time: Less than .001 seconds 

Iteration 2 time: 0.004 secs.

Elapsed computation time: 0.016 secs.
Rows Read: 1193, Total Rows Processed: 1193, Total Chunk Time: Less than .001 seconds 

Starting values (iteration 1) time: 0.005 secs.
Rows Read: 1193, Total Rows Processed: 1193, Total Chunk Time: 0.001 seconds 

Iteration 2 time: 0.004 secs.

Elapsed computation time: 0.018 secs.
Rows Read: 1193, Total Rows Processed: 1193, Total Chunk Time: Less than .001 seconds 

Starting values (iteration 1) time: 0.004 secs.
Rows Read: 1193, Total Rows Processed: 1193, Total Chunk Time: Less than .001 seconds 

Iteration 2 time: 0.004 secs.

Elapsed computation time: 0.015 secs.

Elapsed computation time: 0.085 secs.
[1] "--------------------------------------------------------------------------------"
[1] "analyze.results.glm.step="
Logistic Regression Results for: RaceHorse.IsHitA ~ 1
Data: data
Dependent variable(s): RaceHorse.IsHitA
Total independent variables: 1 
Number of valid observations: 1193
Number of missing observations: 0 
 
Coefficients:
            RaceHorse.IsHitA
(Intercept)                2
[1] "analyze.results.glm.step.summary"
Call:
rxLogit(formula = formula, data = data, variableSelection = analyze.results.glm.step.varsel)

Logistic Regression Results for: RaceHorse.IsHitA ~ 1
Data: data
Dependent variable(s): RaceHorse.IsHitA
Total independent variables: 1 
Number of valid observations: 1193
Number of missing observations: 0 
-2*LogLikelihood: 1653.849 (Residual deviance on 1192 degrees of freedom)
 
Coefficients:
            Estimate Std. Error z value Pr(>|z|)    
(Intercept)   2.0000     0.0579    34.5  2.2e-16 ***
---
Signif. codes:  0 '***' 0.001 '**' 0.01 '*' 0.05 '.' 0.1 ' ' 1

Condition number of final variance-covariance matrix: 1 
Number of iterations: 2
[1] "--------------------------------------------------------------------------------"
[1] "2022-02-26 23:33:41 --- rxGlm with rxStepControl Finish ---"
[1] "2022-02-26 23:33:41 --- rxStepPlot Start ---"
[1] "pdfFilename=pdf_analyze_glm_Horse_Type13_rxStepPlot.pdf"
[1] "rxStepPlot="
[1] "2022-02-26 23:33:41 --- rxStepPlot Finish ---"
[1] "2022-02-26 23:33:41 --- save.image Start ---"
[1] "save.image"
[1] "rdataFilename=RData_analyze_glm_Horse_Type13.RData"
[1] "2022-02-26 23:33:41 --- save.image Finish ---"
[1] "2022-02-26 23:33:41 --- final Start ---"
[1] "--------------------------------------------------------------------------------"
[1] "nrow(data) final=1193"
[1] "--------------------------------------------------------------------------------"
[1] "2022-02-26 23:33:41 --- final Finish ---"
[1] "2022-02-26 23:33:41 --- analyze_glm.R Finished ---"
[1] "2022-02-26 23:33:41 --- log Finish ---"
