[1] "2022-02-26 23:12:16 --- D1115_analyze_glm_Horse_IsHitA_Type25 Start ---"
[1] "2022-02-26 23:12:16 --- Log Start ---"
[1] "2022-02-26 23:12:17 --- analyze_glm.R Start ---"
[1] "analyzeVersion=D1115"
[1] "analyzeCategory=analyze"
[1] "analyzeType=Horse"
[1] "analyzeFamily=IsHitA"
[1] "analyzeFunc=glm"
[1] "analyzeTrackTypeCd=2"
[1] "analyzeJyokenCd=5"
[1] "2022-02-26 23:12:17 --- source_function.R Start ---"
[1] "2022-02-26 23:12:17 --- source_function.R Finished ---"

> print(paste0(Sys.time(), " --- source_library.R Start ---"))
[1] "2022-02-26 23:12:17 --- source_library.R Start ---"

> require("RevoScaleR")

> print(paste0(Sys.time(), " --- source_library.R Finished ---"))
[1] "2022-02-26 23:12:20 --- source_library.R Finished ---"
[1] "2022-02-26 23:12:20 --- RxSqlServerData Start ---"
[1] "2022-02-26 23:12:20 --- RxInSqlServer Start ---"
[1] "2022-02-26 23:12:20 --- RxInSqlServer Finish ---"
[1] "2022-02-26 23:12:20 --- rxSetComputeContext Start ---"
[1] "2022-02-26 23:12:20 --- rxSetComputeContext Finish ---"
[1] "2022-02-26 23:12:20 --- RxSqlServerData Start ---"
[1] "sqlQuery=SELECT * FROM ViewAnalyzeD1115analyze01HorseType25"
[1] "2022-02-26 23:12:20 --- RxSqlServerData Finish ---"
[1] "2022-02-26 23:12:20 --- rxGetVarInfo Start ---"
[1] "2022-02-26 23:12:22 --- rxGetVarInfo Finish---"
[1] "2022-02-26 23:12:22 --- rxImport Start ---"
Rows Read: 3219, Total Rows Processed: 3219, Total Chunk Time: 620.969 seconds 
[1] "2022-02-26 23:44:47 --- rxImport Finish ---"
[1] "object.size(data) auto=1.9 Mb"
[1] "--------------------------------------------------------------------------------"
[1] "nrow(data) RxSqlServerData=3219"
[1] "--------------------------------------------------------------------------------"
[1] "str(data)="
'data.frame':	3219 obs. of  44 variables:
 $ Race.RaceId                      : Factor w/ 3215 levels "20160423-05-02-01-01",..: 11 12 13 14 15 16 17 18 19 20 ...
 $ Race.IsAnalyzeNormalPastAndFuture: logi  TRUE TRUE TRUE TRUE TRUE TRUE ...
 $ Race.IsAnalyzeNormalPast         : logi  TRUE TRUE TRUE TRUE TRUE TRUE ...
 $ Race.IsAnalyzeNormalFuture       : logi  FALSE FALSE FALSE FALSE FALSE FALSE ...
 $ Race.IsAnalyzeFullPastAndFuture  : logi  TRUE TRUE TRUE TRUE TRUE TRUE ...
 $ Race.IsAnalyzeFullPast           : logi  TRUE TRUE TRUE TRUE TRUE TRUE ...
 $ Race.IsAnalyzeFullFuture         : logi  FALSE FALSE FALSE FALSE FALSE FALSE ...
 $ Race.JyokenCd                    : Factor w/ 1 level "5": 1 1 1 1 1 1 1 1 1 1 ...
 $ Race.JyoType1Cd                  : Factor w/ 116 levels "2-05-1400-5-1",..: 1 6 9 10 11 12 1 13 14 15 ...
 $ Race.RaceType1Cd                 : Factor w/ 3 levels "2-5-X-1","2-5-X-2",..: 1 2 1 1 1 2 1 2 1 2 ...
 $ RaceHorse.RaceId                 : Factor w/ 3215 levels "20160423-05-02-01-01",..: 11 12 13 14 15 16 17 18 19 20 ...
 $ RaceHorse.KettoNum               : Factor w/ 3219 levels "2013100079","2013100377",..: 11 12 13 14 15 16 17 18 19 20 ...
 $ RaceHorse.IsHit1                 : num  1 1 1 1 1 1 1 1 1 1 ...
 $ RaceHorse.IsHit2                 : num  0 0 0 0 0 0 0 0 0 0 ...
 $ RaceHorse.IsHit3                 : num  0 0 0 0 0 0 0 0 0 0 ...
 $ RaceHorse.IsHit4                 : num  0 0 0 0 0 0 0 0 0 0 ...
 $ RaceHorse.IsHit5                 : num  0 0 0 0 0 0 0 0 0 0 ...
 $ RaceHorse.IsHit6                 : num  0 0 0 0 0 0 0 0 0 0 ...
 $ RaceHorse.IsValidRaceHorse       : logi  TRUE TRUE TRUE TRUE TRUE TRUE ...
 $ RaceHorse.TimeSdvByRace          : num  1.45 1.74 1.45 1.27 1.31 ...
 $ RaceHorse.TimeSdv                : num  1.669 1.305 1.483 0.895 1.494 ...
 $ RaceHorse.IsHitA                 : num  1 1 1 1 1 1 1 1 1 1 ...
 $ RaceHorse.IsHitB                 : num  1 1 1 1 1 1 1 1 1 1 ...
 $ RaceHorse.IsHitC                 : num  1 1 1 1 1 1 1 1 1 1 ...
 $ Horse.KettoNum                   : Factor w/ 3219 levels "2013100079","2013100377",..: 11 12 13 14 15 16 17 18 19 20 ...
 $ Horse.TimeSdvByRaceAvg           : num  0.947 1.176 -0.714 0.16 0.763 ...
 $ Horse.TimeSdvByRaceMin           : num  0.429 1.176 -0.714 -1.048 -0.085 ...
 $ Horse.TimeSdvByRaceMax           : num  1.401 1.176 -0.714 0.997 1.2 ...
 $ Horse.TimeSdvAvg                 : num  0.658 1.602 -0.758 0.388 0.546 ...
 $ Horse.TimeSdvMin                 : num  0.221 1.602 -0.758 -0.149 0.421 ...
 $ Horse.TimeSdvMax                 : num  1.379 1.602 -0.758 1.123 0.852 ...
 $ Horse.OrderOfFinishSdvAvg        : num  0.974 0.821 -1.107 0.158 0.655 ...
 $ Horse.RunCount                   : num  4 1 1 3 4 3 6 2 9 7 ...
 $ Horse.HitCount1                  : num  0 0 0 0 0 0 0 0 0 0 ...
 $ Horse.HitCount2                  : num  1 0 0 1 0 0 2 0 1 2 ...
 $ Horse.HitCount3                  : num  0 0 0 0 2 1 1 0 3 2 ...
 $ Horse.HitCount4                  : num  3 1 0 0 1 0 2 0 0 1 ...
 $ Horse.HitCount5                  : num  0 0 0 0 0 0 0 0 3 0 ...
 $ Horse.HitRate1                   : num  0 0 0 0 0 0 0 0 0 0 ...
 $ Horse.HitRate2                   : num  0.25 0 0 0.333 0 ...
 $ Horse.HitRate3                   : num  0 0 0 0 0.5 ...
 $ Horse.HitRate4                   : num  0.75 1 0 0 0.25 ...
 $ Horse.HitRate5                   : num  0 0 0 0 0 ...
 $ EOF                              : int  1 1 1 1 1 1 1 1 1 1 ...
[1] "2022-02-26 23:44:47 --- RxSqlServerData Finish ---"
[1] "2022-02-26 23:44:47 --- subset Start ---"
[1] "--------------------------------------------------------------------------------"
[1] "nrow(data) subset before=3219"
[1] "nrow(data) subset after =3219"
[1] "nrow(data) subset diff =0"
[1] "--------------------------------------------------------------------------------"
[1] "2022-02-26 23:44:47 --- subset Finish---"
[1] "2022-02-26 23:44:47 --- transform Start ---"
[1] "--------------------------------------------------------------------------------"
[1] "nrow(data) transform before=3219"
[1] "nrow(data) transform after=3219"
[1] "nrow(data) transform diff=0"
[1] "--------------------------------------------------------------------------------"
[1] "str(data)="
'data.frame':	3219 obs. of  44 variables:
 $ Race.RaceId                      : Factor w/ 3215 levels "20160423-05-02-01-01",..: 11 12 13 14 15 16 17 18 19 20 ...
 $ Race.IsAnalyzeNormalPastAndFuture: logi  TRUE TRUE TRUE TRUE TRUE TRUE ...
 $ Race.IsAnalyzeNormalPast         : logi  TRUE TRUE TRUE TRUE TRUE TRUE ...
 $ Race.IsAnalyzeNormalFuture       : logi  FALSE FALSE FALSE FALSE FALSE FALSE ...
 $ Race.IsAnalyzeFullPastAndFuture  : logi  TRUE TRUE TRUE TRUE TRUE TRUE ...
 $ Race.IsAnalyzeFullPast           : logi  TRUE TRUE TRUE TRUE TRUE TRUE ...
 $ Race.IsAnalyzeFullFuture         : logi  FALSE FALSE FALSE FALSE FALSE FALSE ...
 $ Race.JyokenCd                    : Factor w/ 1 level "5": 1 1 1 1 1 1 1 1 1 1 ...
 $ Race.JyoType1Cd                  : Factor w/ 116 levels "2-05-1400-5-1",..: 1 6 9 10 11 12 1 13 14 15 ...
 $ Race.RaceType1Cd                 : Factor w/ 3 levels "2-5-X-1","2-5-X-2",..: 1 2 1 1 1 2 1 2 1 2 ...
 $ RaceHorse.RaceId                 : Factor w/ 3215 levels "20160423-05-02-01-01",..: 11 12 13 14 15 16 17 18 19 20 ...
 $ RaceHorse.KettoNum               : Factor w/ 3219 levels "2013100079","2013100377",..: 11 12 13 14 15 16 17 18 19 20 ...
 $ RaceHorse.IsHit1                 : num  1 1 1 1 1 1 1 1 1 1 ...
 $ RaceHorse.IsHit2                 : num  0 0 0 0 0 0 0 0 0 0 ...
 $ RaceHorse.IsHit3                 : num  0 0 0 0 0 0 0 0 0 0 ...
 $ RaceHorse.IsHit4                 : num  0 0 0 0 0 0 0 0 0 0 ...
 $ RaceHorse.IsHit5                 : num  0 0 0 0 0 0 0 0 0 0 ...
 $ RaceHorse.IsHit6                 : num  0 0 0 0 0 0 0 0 0 0 ...
 $ RaceHorse.IsValidRaceHorse       : logi  TRUE TRUE TRUE TRUE TRUE TRUE ...
 $ RaceHorse.TimeSdvByRace          : num  1.45 1.74 1.45 1.27 1.31 ...
 $ RaceHorse.TimeSdv                : num  1.669 1.305 1.483 0.895 1.494 ...
 $ RaceHorse.IsHitA                 : num  1 1 1 1 1 1 1 1 1 1 ...
 $ RaceHorse.IsHitB                 : num  1 1 1 1 1 1 1 1 1 1 ...
 $ RaceHorse.IsHitC                 : num  1 1 1 1 1 1 1 1 1 1 ...
 $ Horse.KettoNum                   : Factor w/ 3219 levels "2013100079","2013100377",..: 11 12 13 14 15 16 17 18 19 20 ...
 $ Horse.TimeSdvByRaceAvg           : num  0.947 1.176 -0.714 0.16 0.763 ...
 $ Horse.TimeSdvByRaceMin           : num  0.429 1.176 -0.714 -1.048 -0.085 ...
 $ Horse.TimeSdvByRaceMax           : num  1.401 1.176 -0.714 0.997 1.2 ...
 $ Horse.TimeSdvAvg                 : num  0.658 1.602 -0.758 0.388 0.546 ...
 $ Horse.TimeSdvMin                 : num  0.221 1.602 -0.758 -0.149 0.421 ...
 $ Horse.TimeSdvMax                 : num  1.379 1.602 -0.758 1.123 0.852 ...
 $ Horse.OrderOfFinishSdvAvg        : num  0.974 0.821 -1.107 0.158 0.655 ...
 $ Horse.RunCount                   : num  4 1 1 3 4 3 6 2 9 7 ...
 $ Horse.HitCount1                  : num  0 0 0 0 0 0 0 0 0 0 ...
 $ Horse.HitCount2                  : num  1 0 0 1 0 0 2 0 1 2 ...
 $ Horse.HitCount3                  : num  0 0 0 0 2 1 1 0 3 2 ...
 $ Horse.HitCount4                  : num  3 1 0 0 1 0 2 0 0 1 ...
 $ Horse.HitCount5                  : num  0 0 0 0 0 0 0 0 3 0 ...
 $ Horse.HitRate1                   : num  0 0 0 0 0 0 0 0 0 0 ...
 $ Horse.HitRate2                   : num  0.25 0 0 0.333 0 ...
 $ Horse.HitRate3                   : num  0 0 0 0 0.5 ...
 $ Horse.HitRate4                   : num  0.75 1 0 0 0.25 ...
 $ Horse.HitRate5                   : num  0 0 0 0 0 ...
 $ EOF                              : int  1 1 1 1 1 1 1 1 1 1 ...
NULL
[1] "2022-02-26 23:44:47 --- transform Finish ---"
[1] "2022-02-26 23:44:47 --- na.omit Start ---"
[1] "--------------------------------------------------------------------------------"
[1] "nrow(data) na.omit before=3219"
[1] "nrow(data) na.omit after =3219"
[1] "nrow(data) na.omit diff =0"
[1] "--------------------------------------------------------------------------------"
'data.frame':	3219 obs. of  44 variables:
 $ Race.RaceId                      : Factor w/ 3215 levels "20160423-05-02-01-01",..: 11 12 13 14 15 16 17 18 19 20 ...
 $ Race.IsAnalyzeNormalPastAndFuture: logi  TRUE TRUE TRUE TRUE TRUE TRUE ...
 $ Race.IsAnalyzeNormalPast         : logi  TRUE TRUE TRUE TRUE TRUE TRUE ...
 $ Race.IsAnalyzeNormalFuture       : logi  FALSE FALSE FALSE FALSE FALSE FALSE ...
 $ Race.IsAnalyzeFullPastAndFuture  : logi  TRUE TRUE TRUE TRUE TRUE TRUE ...
 $ Race.IsAnalyzeFullPast           : logi  TRUE TRUE TRUE TRUE TRUE TRUE ...
 $ Race.IsAnalyzeFullFuture         : logi  FALSE FALSE FALSE FALSE FALSE FALSE ...
 $ Race.JyokenCd                    : Factor w/ 1 level "5": 1 1 1 1 1 1 1 1 1 1 ...
 $ Race.JyoType1Cd                  : Factor w/ 116 levels "2-05-1400-5-1",..: 1 6 9 10 11 12 1 13 14 15 ...
 $ Race.RaceType1Cd                 : Factor w/ 3 levels "2-5-X-1","2-5-X-2",..: 1 2 1 1 1 2 1 2 1 2 ...
 $ RaceHorse.RaceId                 : Factor w/ 3215 levels "20160423-05-02-01-01",..: 11 12 13 14 15 16 17 18 19 20 ...
 $ RaceHorse.KettoNum               : Factor w/ 3219 levels "2013100079","2013100377",..: 11 12 13 14 15 16 17 18 19 20 ...
 $ RaceHorse.IsHit1                 : num  1 1 1 1 1 1 1 1 1 1 ...
 $ RaceHorse.IsHit2                 : num  0 0 0 0 0 0 0 0 0 0 ...
 $ RaceHorse.IsHit3                 : num  0 0 0 0 0 0 0 0 0 0 ...
 $ RaceHorse.IsHit4                 : num  0 0 0 0 0 0 0 0 0 0 ...
 $ RaceHorse.IsHit5                 : num  0 0 0 0 0 0 0 0 0 0 ...
 $ RaceHorse.IsHit6                 : num  0 0 0 0 0 0 0 0 0 0 ...
 $ RaceHorse.IsValidRaceHorse       : logi  TRUE TRUE TRUE TRUE TRUE TRUE ...
 $ RaceHorse.TimeSdvByRace          : num  1.45 1.74 1.45 1.27 1.31 ...
 $ RaceHorse.TimeSdv                : num  1.669 1.305 1.483 0.895 1.494 ...
 $ RaceHorse.IsHitA                 : num  1 1 1 1 1 1 1 1 1 1 ...
 $ RaceHorse.IsHitB                 : num  1 1 1 1 1 1 1 1 1 1 ...
 $ RaceHorse.IsHitC                 : num  1 1 1 1 1 1 1 1 1 1 ...
 $ Horse.KettoNum                   : Factor w/ 3219 levels "2013100079","2013100377",..: 11 12 13 14 15 16 17 18 19 20 ...
 $ Horse.TimeSdvByRaceAvg           : num  0.947 1.176 -0.714 0.16 0.763 ...
 $ Horse.TimeSdvByRaceMin           : num  0.429 1.176 -0.714 -1.048 -0.085 ...
 $ Horse.TimeSdvByRaceMax           : num  1.401 1.176 -0.714 0.997 1.2 ...
 $ Horse.TimeSdvAvg                 : num  0.658 1.602 -0.758 0.388 0.546 ...
 $ Horse.TimeSdvMin                 : num  0.221 1.602 -0.758 -0.149 0.421 ...
 $ Horse.TimeSdvMax                 : num  1.379 1.602 -0.758 1.123 0.852 ...
 $ Horse.OrderOfFinishSdvAvg        : num  0.974 0.821 -1.107 0.158 0.655 ...
 $ Horse.RunCount                   : num  4 1 1 3 4 3 6 2 9 7 ...
 $ Horse.HitCount1                  : num  0 0 0 0 0 0 0 0 0 0 ...
 $ Horse.HitCount2                  : num  1 0 0 1 0 0 2 0 1 2 ...
 $ Horse.HitCount3                  : num  0 0 0 0 2 1 1 0 3 2 ...
 $ Horse.HitCount4                  : num  3 1 0 0 1 0 2 0 0 1 ...
 $ Horse.HitCount5                  : num  0 0 0 0 0 0 0 0 3 0 ...
 $ Horse.HitRate1                   : num  0 0 0 0 0 0 0 0 0 0 ...
 $ Horse.HitRate2                   : num  0.25 0 0 0.333 0 ...
 $ Horse.HitRate3                   : num  0 0 0 0 0.5 ...
 $ Horse.HitRate4                   : num  0.75 1 0 0 0.25 ...
 $ Horse.HitRate5                   : num  0 0 0 0 0 ...
 $ EOF                              : int  1 1 1 1 1 1 1 1 1 1 ...
[1] "2022-02-26 23:44:47 --- na.omit Finish ---"
[1] "2022-02-26 23:44:47 --- rxGlm with rxStepControl Start ---"

> print(paste0(Sys.time(), " --- source_logic_glm.R Start ---"))
[1] "2022-02-26 23:44:47 --- source_logic_glm.R Start ---"

> formula <- formula(RaceHorse.IsHitA ~ +1 + Horse.TimeSdvByRaceAvg)

> print(paste0(Sys.time(), " --- source_logic_glm.R Finished ---"))
[1] "2022-02-26 23:44:47 --- source_logic_glm.R Finished ---"
Rows Read: 3219, Total Rows Processed: 3219, Total Chunk Time: Less than .001 seconds 

Starting values (iteration 1) time: 0.014 secs.
Rows Read: 3219, Total Rows Processed: 3219, Total Chunk Time: Less than .001 seconds 

Iteration 2 time: 0.004 secs.

Elapsed computation time: 0.023 secs.
Rows Read: 3219, Total Rows Processed: 3219, Total Chunk Time: Less than .001 seconds 

Starting values (iteration 1) time: 0.006 secs.
Rows Read: 3219, Total Rows Processed: 3219, Total Chunk Time: Less than .001 seconds 

Iteration 2 time: 0.004 secs.

Elapsed computation time: 0.018 secs.
Rows Read: 3219, Total Rows Processed: 3219, Total Chunk Time: Less than .001 seconds 

Starting values (iteration 1) time: 0.005 secs.
Rows Read: 3219, Total Rows Processed: 3219, Total Chunk Time: Less than .001 seconds 

Iteration 2 time: 0.004 secs.

Elapsed computation time: 0.019 secs.
Rows Read: 3219, Total Rows Processed: 3219, Total Chunk Time: Less than .001 seconds 

Starting values (iteration 1) time: 0.006 secs.
Rows Read: 3219, Total Rows Processed: 3219, Total Chunk Time: 0.001 seconds 

Iteration 2 time: 0.004 secs.

Elapsed computation time: 0.017 secs.

Elapsed computation time: 0.093 secs.
[1] "--------------------------------------------------------------------------------"
[1] "analyze.results.glm.step="
Logistic Regression Results for: RaceHorse.IsHitA ~ 1
Data: data
Dependent variable(s): RaceHorse.IsHitA
Total independent variables: 1 
Number of valid observations: 3219
Number of missing observations: 0 
 
Coefficients:
            RaceHorse.IsHitA
(Intercept)                2
[1] "analyze.results.glm.step.summary"
Call:
rxLogit(formula = formula, data = data, variableSelection = analyze.results.glm.step.varsel)

Logistic Regression Results for: RaceHorse.IsHitA ~ 1
Data: data
Dependent variable(s): RaceHorse.IsHitA
Total independent variables: 1 
Number of valid observations: 3219
Number of missing observations: 0 
-2*LogLikelihood: 4462.482 (Residual deviance on 3218 degrees of freedom)
 
Coefficients:
            Estimate Std. Error z value Pr(>|z|)    
(Intercept)   2.0000     0.0353    56.7  2.2e-16 ***
---
Signif. codes:  0 '***' 0.001 '**' 0.01 '*' 0.05 '.' 0.1 ' ' 1

Condition number of final variance-covariance matrix: 1 
Number of iterations: 2
[1] "--------------------------------------------------------------------------------"
[1] "2022-02-26 23:44:48 --- rxGlm with rxStepControl Finish ---"
[1] "2022-02-26 23:44:48 --- rxStepPlot Start ---"
[1] "pdfFilename=pdf_analyze_glm_Horse_Type25_rxStepPlot.pdf"
[1] "rxStepPlot="
[1] "2022-02-26 23:44:48 --- rxStepPlot Finish ---"
[1] "2022-02-26 23:44:48 --- save.image Start ---"
[1] "save.image"
[1] "rdataFilename=RData_analyze_glm_Horse_Type25.RData"
[1] "2022-02-26 23:44:48 --- save.image Finish ---"
[1] "2022-02-26 23:44:48 --- final Start ---"
[1] "--------------------------------------------------------------------------------"
[1] "nrow(data) final=3219"
[1] "--------------------------------------------------------------------------------"
[1] "2022-02-26 23:44:48 --- final Finish ---"
[1] "2022-02-26 23:44:48 --- analyze_glm.R Finished ---"
[1] "2022-02-26 23:44:48 --- log Finish ---"
