[1] "2022-02-26 23:10:39 --- D1115_analyze_glm_Gen01_IsHitA_Type31 Start ---"
[1] "2022-02-26 23:10:39 --- Log Start ---"
[1] "2022-02-26 23:10:39 --- analyze_glm.R Start ---"
[1] "analyzeVersion=D1115"
[1] "analyzeCategory=analyze"
[1] "analyzeType=Gen01"
[1] "analyzeFamily=IsHitA"
[1] "analyzeFunc=glm"
[1] "analyzeTrackTypeCd=3"
[1] "analyzeJyokenCd=1"
[1] "2022-02-26 23:10:39 --- source_function.R Start ---"
[1] "2022-02-26 23:10:39 --- source_function.R Finished ---"

> print(paste0(Sys.time(), " --- source_library.R Start ---"))
[1] "2022-02-26 23:10:39 --- source_library.R Start ---"

> require("RevoScaleR")

> print(paste0(Sys.time(), " --- source_library.R Finished ---"))
[1] "2022-02-26 23:10:40 --- source_library.R Finished ---"
[1] "2022-02-26 23:10:40 --- RxSqlServerData Start ---"
[1] "2022-02-26 23:10:40 --- RxInSqlServer Start ---"
[1] "2022-02-26 23:10:40 --- RxInSqlServer Finish ---"
[1] "2022-02-26 23:10:40 --- rxSetComputeContext Start ---"
[1] "2022-02-26 23:10:40 --- rxSetComputeContext Finish ---"
[1] "2022-02-26 23:10:40 --- RxSqlServerData Start ---"
[1] "sqlQuery=SELECT * FROM ViewAnalyzeD1115analyze01Gen01Type31"
[1] "2022-02-26 23:10:41 --- RxSqlServerData Finish ---"
[1] "2022-02-26 23:10:41 --- rxGetVarInfo Start ---"
[1] "2022-02-26 23:10:44 --- rxGetVarInfo Finish---"
[1] "2022-02-26 23:10:44 --- rxImport Start ---"
Rows Read: 196, Total Rows Processed: 196, Total Chunk Time: 3.431 seconds 
[1] "2022-02-26 23:10:57 --- rxImport Finish ---"
[1] "object.size(data) auto=115 Kb"
[1] "--------------------------------------------------------------------------------"
[1] "nrow(data) RxSqlServerData=196"
[1] "--------------------------------------------------------------------------------"
[1] "str(data)="
'data.frame':	196 obs. of  44 variables:
 $ Race.RaceId                      : Factor w/ 196 levels "20160221-08-02-08-04",..: 11 12 13 14 15 16 17 18 19 20 ...
 $ Race.IsAnalyzeNormalPastAndFuture: logi  TRUE TRUE TRUE TRUE TRUE TRUE ...
 $ Race.IsAnalyzeNormalPast         : logi  TRUE TRUE TRUE TRUE TRUE TRUE ...
 $ Race.IsAnalyzeNormalFuture       : logi  FALSE FALSE FALSE FALSE FALSE FALSE ...
 $ Race.IsAnalyzeFullPastAndFuture  : logi  TRUE TRUE TRUE TRUE TRUE TRUE ...
 $ Race.IsAnalyzeFullPast           : logi  TRUE TRUE TRUE TRUE TRUE TRUE ...
 $ Race.IsAnalyzeFullFuture         : logi  FALSE FALSE FALSE FALSE FALSE FALSE ...
 $ Race.JyokenCd                    : Factor w/ 1 level "1": 1 1 1 1 1 1 1 1 1 1 ...
 $ Race.JyoType1Cd                  : Factor w/ 52 levels "3-08-3170-1-3",..: 2 10 11 2 10 12 13 14 6 15 ...
 $ Race.RaceType1Cd                 : Factor w/ 5 levels "3-1-X-3","3-1-E-3",..: 2 1 1 1 1 1 1 2 1 1 ...
 $ RaceHorse.RaceId                 : Factor w/ 196 levels "20160221-08-02-08-04",..: 11 12 13 14 15 16 17 18 19 20 ...
 $ RaceHorse.KettoNum               : Factor w/ 119 levels "2011105995","2010110004",..: 11 12 13 14 15 16 17 13 18 19 ...
 $ RaceHorse.IsHit1                 : num  1 1 1 1 1 1 1 1 1 1 ...
 $ RaceHorse.IsHit2                 : num  0 0 0 0 0 0 0 0 0 0 ...
 $ RaceHorse.IsHit3                 : num  0 0 0 0 0 0 0 0 0 0 ...
 $ RaceHorse.IsHit4                 : num  0 0 0 0 0 0 0 0 0 0 ...
 $ RaceHorse.IsHit5                 : num  0 0 0 0 0 0 0 0 0 0 ...
 $ RaceHorse.IsHit6                 : num  0 0 0 0 0 0 0 0 0 0 ...
 $ RaceHorse.IsValidRaceHorse       : logi  TRUE TRUE TRUE TRUE TRUE TRUE ...
 $ RaceHorse.TimeSdvByRace          : num  1.458 1.287 0.723 1.562 1.624 ...
 $ RaceHorse.TimeSdv                : num  1.56 0.398 1.136 2.428 1.256 ...
 $ RaceHorse.IsHitA                 : num  1 1 1 1 1 1 1 1 1 1 ...
 $ RaceHorse.IsHitB                 : num  1 1 1 1 1 1 1 1 1 1 ...
 $ RaceHorse.IsHitC                 : num  1 1 1 1 1 1 1 1 1 1 ...
 $ Gen01.HansyokuNum                : Factor w/ 55 levels "11202127","11406315",..: 3 11 6 12 13 14 8 6 15 16 ...
 $ Gen01.TimeSdvByRaceAvg           : num  -0.788 0.9845 0.0805 0.4436 0.5589 ...
 $ Gen01.TimeSdvByRaceMin           : num  -2.598 0.66 -1.436 -1.84 -0.658 ...
 $ Gen01.TimeSdvByRaceMax           : num  0.184 1.308 1.343 1.561 1.248 ...
 $ Gen01.TimeSdvAvg                 : num  -0.8008 0.6813 0.2317 0.521 -0.0602 ...
 $ Gen01.TimeSdvMin                 : num  -4.029 0.408 -1.983 -0.2 -1.6 ...
 $ Gen01.TimeSdvMax                 : num  0.709 0.827 1.473 1.391 1.105 ...
 $ Gen01.OrderOfFinishSdvAvg        : num  -0.80904 0.96886 -0.00961 0.5853 0.65575 ...
 $ Gen01.RunCount                   : num  5 3 21 5 7 17 26 8 1 25 ...
 $ Gen01.HitCount1                  : num  0 0 3 0 1 0 1 1 0 1 ...
 $ Gen01.HitCount2                  : num  0 2 3 1 3 4 1 2 1 2 ...
 $ Gen01.HitCount3                  : num  0 0 1 3 1 2 4 1 0 3 ...
 $ Gen01.HitCount4                  : num  0 0 1 0 0 3 5 1 0 0 ...
 $ Gen01.HitCount5                  : num  0 1 0 0 0 3 4 0 0 0 ...
 $ Gen01.HitRate1                   : num  0 0 0.143 0 0.143 ...
 $ Gen01.HitRate2                   : num  0 0.667 0.143 0.2 0.429 ...
 $ Gen01.HitRate3                   : num  0 0 0.0476 0.6 0.1429 ...
 $ Gen01.HitRate4                   : num  0 0 0.0476 0 0 ...
 $ Gen01.HitRate5                   : num  0 0.333 0 0 0 ...
 $ EOF                              : int  1 1 1 1 1 1 1 1 1 1 ...
[1] "2022-02-26 23:10:58 --- RxSqlServerData Finish ---"
[1] "2022-02-26 23:10:58 --- subset Start ---"
[1] "--------------------------------------------------------------------------------"
[1] "nrow(data) subset before=196"
[1] "nrow(data) subset after =196"
[1] "nrow(data) subset diff =0"
[1] "--------------------------------------------------------------------------------"
[1] "2022-02-26 23:10:59 --- subset Finish---"
[1] "2022-02-26 23:10:59 --- transform Start ---"
[1] "--------------------------------------------------------------------------------"
[1] "nrow(data) transform before=196"
[1] "nrow(data) transform after=196"
[1] "nrow(data) transform diff=0"
[1] "--------------------------------------------------------------------------------"
[1] "str(data)="
'data.frame':	196 obs. of  44 variables:
 $ Race.RaceId                      : Factor w/ 196 levels "20160221-08-02-08-04",..: 11 12 13 14 15 16 17 18 19 20 ...
 $ Race.IsAnalyzeNormalPastAndFuture: logi  TRUE TRUE TRUE TRUE TRUE TRUE ...
 $ Race.IsAnalyzeNormalPast         : logi  TRUE TRUE TRUE TRUE TRUE TRUE ...
 $ Race.IsAnalyzeNormalFuture       : logi  FALSE FALSE FALSE FALSE FALSE FALSE ...
 $ Race.IsAnalyzeFullPastAndFuture  : logi  TRUE TRUE TRUE TRUE TRUE TRUE ...
 $ Race.IsAnalyzeFullPast           : logi  TRUE TRUE TRUE TRUE TRUE TRUE ...
 $ Race.IsAnalyzeFullFuture         : logi  FALSE FALSE FALSE FALSE FALSE FALSE ...
 $ Race.JyokenCd                    : Factor w/ 1 level "1": 1 1 1 1 1 1 1 1 1 1 ...
 $ Race.JyoType1Cd                  : Factor w/ 52 levels "3-08-3170-1-3",..: 2 10 11 2 10 12 13 14 6 15 ...
 $ Race.RaceType1Cd                 : Factor w/ 5 levels "3-1-X-3","3-1-E-3",..: 2 1 1 1 1 1 1 2 1 1 ...
 $ RaceHorse.RaceId                 : Factor w/ 196 levels "20160221-08-02-08-04",..: 11 12 13 14 15 16 17 18 19 20 ...
 $ RaceHorse.KettoNum               : Factor w/ 119 levels "2011105995","2010110004",..: 11 12 13 14 15 16 17 13 18 19 ...
 $ RaceHorse.IsHit1                 : num  1 1 1 1 1 1 1 1 1 1 ...
 $ RaceHorse.IsHit2                 : num  0 0 0 0 0 0 0 0 0 0 ...
 $ RaceHorse.IsHit3                 : num  0 0 0 0 0 0 0 0 0 0 ...
 $ RaceHorse.IsHit4                 : num  0 0 0 0 0 0 0 0 0 0 ...
 $ RaceHorse.IsHit5                 : num  0 0 0 0 0 0 0 0 0 0 ...
 $ RaceHorse.IsHit6                 : num  0 0 0 0 0 0 0 0 0 0 ...
 $ RaceHorse.IsValidRaceHorse       : logi  TRUE TRUE TRUE TRUE TRUE TRUE ...
 $ RaceHorse.TimeSdvByRace          : num  1.458 1.287 0.723 1.562 1.624 ...
 $ RaceHorse.TimeSdv                : num  1.56 0.398 1.136 2.428 1.256 ...
 $ RaceHorse.IsHitA                 : num  1 1 1 1 1 1 1 1 1 1 ...
 $ RaceHorse.IsHitB                 : num  1 1 1 1 1 1 1 1 1 1 ...
 $ RaceHorse.IsHitC                 : num  1 1 1 1 1 1 1 1 1 1 ...
 $ Gen01.HansyokuNum                : Factor w/ 55 levels "11202127","11406315",..: 3 11 6 12 13 14 8 6 15 16 ...
 $ Gen01.TimeSdvByRaceAvg           : num  -0.788 0.9845 0.0805 0.4436 0.5589 ...
 $ Gen01.TimeSdvByRaceMin           : num  -2.598 0.66 -1.436 -1.84 -0.658 ...
 $ Gen01.TimeSdvByRaceMax           : num  0.184 1.308 1.343 1.561 1.248 ...
 $ Gen01.TimeSdvAvg                 : num  -0.8008 0.6813 0.2317 0.521 -0.0602 ...
 $ Gen01.TimeSdvMin                 : num  -4.029 0.408 -1.983 -0.2 -1.6 ...
 $ Gen01.TimeSdvMax                 : num  0.709 0.827 1.473 1.391 1.105 ...
 $ Gen01.OrderOfFinishSdvAvg        : num  -0.80904 0.96886 -0.00961 0.5853 0.65575 ...
 $ Gen01.RunCount                   : num  5 3 21 5 7 17 26 8 1 25 ...
 $ Gen01.HitCount1                  : num  0 0 3 0 1 0 1 1 0 1 ...
 $ Gen01.HitCount2                  : num  0 2 3 1 3 4 1 2 1 2 ...
 $ Gen01.HitCount3                  : num  0 0 1 3 1 2 4 1 0 3 ...
 $ Gen01.HitCount4                  : num  0 0 1 0 0 3 5 1 0 0 ...
 $ Gen01.HitCount5                  : num  0 1 0 0 0 3 4 0 0 0 ...
 $ Gen01.HitRate1                   : num  0 0 0.143 0 0.143 ...
 $ Gen01.HitRate2                   : num  0 0.667 0.143 0.2 0.429 ...
 $ Gen01.HitRate3                   : num  0 0 0.0476 0.6 0.1429 ...
 $ Gen01.HitRate4                   : num  0 0 0.0476 0 0 ...
 $ Gen01.HitRate5                   : num  0 0.333 0 0 0 ...
 $ EOF                              : int  1 1 1 1 1 1 1 1 1 1 ...
NULL
[1] "2022-02-26 23:11:05 --- transform Finish ---"
[1] "2022-02-26 23:11:05 --- na.omit Start ---"
[1] "--------------------------------------------------------------------------------"
[1] "nrow(data) na.omit before=196"
[1] "nrow(data) na.omit after =196"
[1] "nrow(data) na.omit diff =0"
[1] "--------------------------------------------------------------------------------"
'data.frame':	196 obs. of  44 variables:
 $ Race.RaceId                      : Factor w/ 196 levels "20160221-08-02-08-04",..: 11 12 13 14 15 16 17 18 19 20 ...
 $ Race.IsAnalyzeNormalPastAndFuture: logi  TRUE TRUE TRUE TRUE TRUE TRUE ...
 $ Race.IsAnalyzeNormalPast         : logi  TRUE TRUE TRUE TRUE TRUE TRUE ...
 $ Race.IsAnalyzeNormalFuture       : logi  FALSE FALSE FALSE FALSE FALSE FALSE ...
 $ Race.IsAnalyzeFullPastAndFuture  : logi  TRUE TRUE TRUE TRUE TRUE TRUE ...
 $ Race.IsAnalyzeFullPast           : logi  TRUE TRUE TRUE TRUE TRUE TRUE ...
 $ Race.IsAnalyzeFullFuture         : logi  FALSE FALSE FALSE FALSE FALSE FALSE ...
 $ Race.JyokenCd                    : Factor w/ 1 level "1": 1 1 1 1 1 1 1 1 1 1 ...
 $ Race.JyoType1Cd                  : Factor w/ 52 levels "3-08-3170-1-3",..: 2 10 11 2 10 12 13 14 6 15 ...
 $ Race.RaceType1Cd                 : Factor w/ 5 levels "3-1-X-3","3-1-E-3",..: 2 1 1 1 1 1 1 2 1 1 ...
 $ RaceHorse.RaceId                 : Factor w/ 196 levels "20160221-08-02-08-04",..: 11 12 13 14 15 16 17 18 19 20 ...
 $ RaceHorse.KettoNum               : Factor w/ 119 levels "2011105995","2010110004",..: 11 12 13 14 15 16 17 13 18 19 ...
 $ RaceHorse.IsHit1                 : num  1 1 1 1 1 1 1 1 1 1 ...
 $ RaceHorse.IsHit2                 : num  0 0 0 0 0 0 0 0 0 0 ...
 $ RaceHorse.IsHit3                 : num  0 0 0 0 0 0 0 0 0 0 ...
 $ RaceHorse.IsHit4                 : num  0 0 0 0 0 0 0 0 0 0 ...
 $ RaceHorse.IsHit5                 : num  0 0 0 0 0 0 0 0 0 0 ...
 $ RaceHorse.IsHit6                 : num  0 0 0 0 0 0 0 0 0 0 ...
 $ RaceHorse.IsValidRaceHorse       : logi  TRUE TRUE TRUE TRUE TRUE TRUE ...
 $ RaceHorse.TimeSdvByRace          : num  1.458 1.287 0.723 1.562 1.624 ...
 $ RaceHorse.TimeSdv                : num  1.56 0.398 1.136 2.428 1.256 ...
 $ RaceHorse.IsHitA                 : num  1 1 1 1 1 1 1 1 1 1 ...
 $ RaceHorse.IsHitB                 : num  1 1 1 1 1 1 1 1 1 1 ...
 $ RaceHorse.IsHitC                 : num  1 1 1 1 1 1 1 1 1 1 ...
 $ Gen01.HansyokuNum                : Factor w/ 55 levels "11202127","11406315",..: 3 11 6 12 13 14 8 6 15 16 ...
 $ Gen01.TimeSdvByRaceAvg           : num  -0.788 0.9845 0.0805 0.4436 0.5589 ...
 $ Gen01.TimeSdvByRaceMin           : num  -2.598 0.66 -1.436 -1.84 -0.658 ...
 $ Gen01.TimeSdvByRaceMax           : num  0.184 1.308 1.343 1.561 1.248 ...
 $ Gen01.TimeSdvAvg                 : num  -0.8008 0.6813 0.2317 0.521 -0.0602 ...
 $ Gen01.TimeSdvMin                 : num  -4.029 0.408 -1.983 -0.2 -1.6 ...
 $ Gen01.TimeSdvMax                 : num  0.709 0.827 1.473 1.391 1.105 ...
 $ Gen01.OrderOfFinishSdvAvg        : num  -0.80904 0.96886 -0.00961 0.5853 0.65575 ...
 $ Gen01.RunCount                   : num  5 3 21 5 7 17 26 8 1 25 ...
 $ Gen01.HitCount1                  : num  0 0 3 0 1 0 1 1 0 1 ...
 $ Gen01.HitCount2                  : num  0 2 3 1 3 4 1 2 1 2 ...
 $ Gen01.HitCount3                  : num  0 0 1 3 1 2 4 1 0 3 ...
 $ Gen01.HitCount4                  : num  0 0 1 0 0 3 5 1 0 0 ...
 $ Gen01.HitCount5                  : num  0 1 0 0 0 3 4 0 0 0 ...
 $ Gen01.HitRate1                   : num  0 0 0.143 0 0.143 ...
 $ Gen01.HitRate2                   : num  0 0.667 0.143 0.2 0.429 ...
 $ Gen01.HitRate3                   : num  0 0 0.0476 0.6 0.1429 ...
 $ Gen01.HitRate4                   : num  0 0 0.0476 0 0 ...
 $ Gen01.HitRate5                   : num  0 0.333 0 0 0 ...
 $ EOF                              : int  1 1 1 1 1 1 1 1 1 1 ...
[1] "2022-02-26 23:11:07 --- na.omit Finish ---"
[1] "2022-02-26 23:11:07 --- rxGlm with rxStepControl Start ---"

> print(paste0(Sys.time(), " --- source_logic_glm.R Start ---"))
[1] "2022-02-26 23:11:07 --- source_logic_glm.R Start ---"

> formula <- formula(RaceHorse.IsHitA ~ +1 + Gen01.TimeSdvByRaceAvg)

> print(paste0(Sys.time(), " --- source_logic_glm.R Finished ---"))
[1] "2022-02-26 23:11:07 --- source_logic_glm.R Finished ---"
Rows Read: 196, Total Rows Processed: 196, Total Chunk Time: Less than .001 seconds 

Starting values (iteration 1) time: 0.014 secs.
Rows Read: 196, Total Rows Processed: 196, Total Chunk Time: Less than .001 seconds 

Iteration 2 time: 0.008 secs.

Elapsed computation time: 0.031 secs.
Rows Read: 196, Total Rows Processed: 196, Total Chunk Time: 0.001 seconds 

Starting values (iteration 1) time: 0.010 secs.
Rows Read: 196, Total Rows Processed: 196, Total Chunk Time: 0.001 seconds 

Iteration 2 time: 0.010 secs.

Elapsed computation time: 0.037 secs.
Rows Read: 196, Total Rows Processed: 196, Total Chunk Time: Less than .001 seconds 

Starting values (iteration 1) time: 0.005 secs.
Rows Read: 196, Total Rows Processed: 196, Total Chunk Time: 0.001 seconds 

Iteration 2 time: 0.014 secs.

Elapsed computation time: 0.046 secs.
Rows Read: 196, Total Rows Processed: 196, Total Chunk Time: Less than .001 seconds 

Starting values (iteration 1) time: 0.010 secs.
Rows Read: 196, Total Rows Processed: 196, Total Chunk Time: 0.001 seconds 

Iteration 2 time: 0.015 secs.

Elapsed computation time: 0.045 secs.

Elapsed computation time: 0.195 secs.
[1] "--------------------------------------------------------------------------------"
[1] "analyze.results.glm.step="
Logistic Regression Results for: RaceHorse.IsHitA ~ 1
Data: data
Dependent variable(s): RaceHorse.IsHitA
Total independent variables: 1 
Number of valid observations: 196
Number of missing observations: 0 
 
Coefficients:
            RaceHorse.IsHitA
(Intercept)                2
[1] "analyze.results.glm.step.summary"
Call:
rxLogit(formula = formula, data = data, variableSelection = analyze.results.glm.step.varsel)

Logistic Regression Results for: RaceHorse.IsHitA ~ 1
Data: data
Dependent variable(s): RaceHorse.IsHitA
Total independent variables: 1 
Number of valid observations: 196
Number of missing observations: 0 
-2*LogLikelihood: 271.714 (Residual deviance on 195 degrees of freedom)
 
Coefficients:
            Estimate Std. Error z value Pr(>|z|)    
(Intercept)    2.000      0.143      14  2.2e-16 ***
---
Signif. codes:  0 '***' 0.001 '**' 0.01 '*' 0.05 '.' 0.1 ' ' 1

Condition number of final variance-covariance matrix: 1 
Number of iterations: 2
[1] "--------------------------------------------------------------------------------"
[1] "2022-02-26 23:11:08 --- rxGlm with rxStepControl Finish ---"
[1] "2022-02-26 23:11:08 --- rxStepPlot Start ---"
[1] "pdfFilename=pdf_analyze_glm_Gen01_Type31_rxStepPlot.pdf"
[1] "rxStepPlot="
[1] "2022-02-26 23:11:08 --- rxStepPlot Finish ---"
[1] "2022-02-26 23:11:08 --- save.image Start ---"
[1] "save.image"
[1] "rdataFilename=RData_analyze_glm_Gen01_Type31.RData"
[1] "2022-02-26 23:11:09 --- save.image Finish ---"
[1] "2022-02-26 23:11:09 --- final Start ---"
[1] "--------------------------------------------------------------------------------"
[1] "nrow(data) final=196"
[1] "--------------------------------------------------------------------------------"
[1] "2022-02-26 23:11:09 --- final Finish ---"
[1] "2022-02-26 23:11:09 --- analyze_glm.R Finished ---"
[1] "2022-02-26 23:11:09 --- log Finish ---"
