[1] "2022-02-26 23:12:16 --- D1115_analyze_glm_Horse_IsHitA_Type31 Start ---"
[1] "2022-02-26 23:12:16 --- Log Start ---"
[1] "2022-02-26 23:12:16 --- analyze_glm.R Start ---"
[1] "analyzeVersion=D1115"
[1] "analyzeCategory=analyze"
[1] "analyzeType=Horse"
[1] "analyzeFamily=IsHitA"
[1] "analyzeFunc=glm"
[1] "analyzeTrackTypeCd=3"
[1] "analyzeJyokenCd=1"
[1] "2022-02-26 23:12:16 --- source_function.R Start ---"
[1] "2022-02-26 23:12:16 --- source_function.R Finished ---"

> print(paste0(Sys.time(), " --- source_library.R Start ---"))
[1] "2022-02-26 23:12:17 --- source_library.R Start ---"

> require("RevoScaleR")

> print(paste0(Sys.time(), " --- source_library.R Finished ---"))
[1] "2022-02-26 23:12:17 --- source_library.R Finished ---"
[1] "2022-02-26 23:12:17 --- RxSqlServerData Start ---"
[1] "2022-02-26 23:12:17 --- RxInSqlServer Start ---"
[1] "2022-02-26 23:12:18 --- RxInSqlServer Finish ---"
[1] "2022-02-26 23:12:18 --- rxSetComputeContext Start ---"
[1] "2022-02-26 23:12:18 --- rxSetComputeContext Finish ---"
[1] "2022-02-26 23:12:18 --- RxSqlServerData Start ---"
[1] "sqlQuery=SELECT * FROM ViewAnalyzeD1115analyze01HorseType31"
[1] "2022-02-26 23:12:18 --- RxSqlServerData Finish ---"
[1] "2022-02-26 23:12:18 --- rxGetVarInfo Start ---"
[1] "2022-02-26 23:12:19 --- rxGetVarInfo Finish---"
[1] "2022-02-26 23:12:19 --- rxImport Start ---"
Rows Read: 213, Total Rows Processed: 213, Total Chunk Time: 173.571 seconds 
[1] "2022-02-26 23:17:50 --- rxImport Finish ---"
[1] "object.size(data) auto=128.3 Kb"
[1] "--------------------------------------------------------------------------------"
[1] "nrow(data) RxSqlServerData=213"
[1] "--------------------------------------------------------------------------------"
[1] "str(data)="
'data.frame':	213 obs. of  44 variables:
 $ Race.RaceId                      : Factor w/ 213 levels "20160507-04-01-03-04",..: 11 12 13 14 15 16 17 18 19 20 ...
 $ Race.IsAnalyzeNormalPastAndFuture: logi  TRUE TRUE TRUE TRUE TRUE TRUE ...
 $ Race.IsAnalyzeNormalPast         : logi  TRUE TRUE TRUE TRUE TRUE TRUE ...
 $ Race.IsAnalyzeNormalFuture       : logi  FALSE FALSE FALSE FALSE FALSE FALSE ...
 $ Race.IsAnalyzeFullPastAndFuture  : logi  TRUE TRUE TRUE TRUE TRUE TRUE ...
 $ Race.IsAnalyzeFullPast           : logi  TRUE TRUE TRUE TRUE TRUE TRUE ...
 $ Race.IsAnalyzeFullFuture         : logi  FALSE FALSE FALSE FALSE FALSE FALSE ...
 $ Race.JyokenCd                    : Factor w/ 1 level "1": 1 1 1 1 1 1 1 1 1 1 ...
 $ Race.JyoType1Cd                  : Factor w/ 53 levels "3-04-3290-1-2",..: 9 10 11 12 13 14 11 12 15 11 ...
 $ Race.RaceType1Cd                 : Factor w/ 5 levels "3-1-X-3","3-1-H-3",..: 4 1 4 1 4 4 4 1 4 4 ...
 $ RaceHorse.RaceId                 : Factor w/ 213 levels "20160507-04-01-03-04",..: 11 12 13 14 15 16 17 18 19 20 ...
 $ RaceHorse.KettoNum               : Factor w/ 125 levels "2009106291","2011101125",..: 10 11 12 13 14 4 15 16 7 17 ...
 $ RaceHorse.IsHit1                 : num  1 1 1 1 1 1 1 1 1 1 ...
 $ RaceHorse.IsHit2                 : num  0 0 0 0 0 0 0 0 0 0 ...
 $ RaceHorse.IsHit3                 : num  0 0 0 0 0 0 0 0 0 0 ...
 $ RaceHorse.IsHit4                 : num  0 0 0 0 0 0 0 0 0 0 ...
 $ RaceHorse.IsHit5                 : num  0 0 0 0 0 0 0 0 0 0 ...
 $ RaceHorse.IsHit6                 : num  0 0 0 0 0 0 0 0 0 0 ...
 $ RaceHorse.IsValidRaceHorse       : logi  TRUE TRUE TRUE TRUE TRUE TRUE ...
 $ RaceHorse.TimeSdvByRace          : num  1.058 1.233 1.586 0.857 1.361 ...
 $ RaceHorse.TimeSdv                : num  0.844 1.233 0.1108 -0.0102 -1.0293 ...
 $ RaceHorse.IsHitA                 : num  1 1 1 1 1 1 1 1 1 1 ...
 $ RaceHorse.IsHitB                 : num  1 1 1 1 1 1 1 1 1 1 ...
 $ RaceHorse.IsHitC                 : num  1 1 1 1 1 1 1 1 1 1 ...
 $ Horse.KettoNum                   : Factor w/ 125 levels "2009106291","2011101125",..: 10 11 12 13 14 4 15 16 7 17 ...
 $ Horse.TimeSdvByRaceAvg           : num  0.2189 0.0281 0.3296 0.1632 -0.0377 ...
 $ Horse.TimeSdvByRaceMin           : num  -1.75 -0.619 -0.694 -2.262 -2.787 ...
 $ Horse.TimeSdvByRaceMax           : num  1.369 0.749 1.818 1.413 1.159 ...
 $ Horse.TimeSdvAvg                 : num  0.0245 0.2585 0.1308 0.1944 0.0735 ...
 $ Horse.TimeSdvMin                 : num  -1.37 -0.37 -1.08 -2.05 -1.41 ...
 $ Horse.TimeSdvMax                 : num  1.45 1.28 1.27 1.51 1.67 ...
 $ Horse.OrderOfFinishSdvAvg        : num  0.2892 -0.0828 0.2375 0.2446 0.0455 ...
 $ Horse.RunCount                   : num  39 11 18 15 25 50 51 23 19 45 ...
 $ Horse.HitCount1                  : num  4 1 2 2 1 7 7 1 3 7 ...
 $ Horse.HitCount2                  : num  6 0 0 2 4 8 4 1 3 5 ...
 $ Horse.HitCount3                  : num  4 0 2 1 0 5 4 1 3 4 ...
 $ Horse.HitCount4                  : num  2 0 2 0 1 5 8 4 0 4 ...
 $ Horse.HitCount5                  : num  3 2 3 2 1 1 4 3 1 3 ...
 $ Horse.HitRate1                   : num  0.1026 0.0909 0.1111 0.1333 0.04 ...
 $ Horse.HitRate2                   : num  0.154 0 0 0.133 0.16 ...
 $ Horse.HitRate3                   : num  0.1026 0 0.1111 0.0667 0 ...
 $ Horse.HitRate4                   : num  0.0513 0 0.1111 0 0.04 ...
 $ Horse.HitRate5                   : num  0.0769 0.1818 0.1667 0.1333 0.04 ...
 $ EOF                              : int  1 1 1 1 1 1 1 1 1 1 ...
[1] "2022-02-26 23:17:58 --- RxSqlServerData Finish ---"
[1] "2022-02-26 23:17:59 --- subset Start ---"
[1] "--------------------------------------------------------------------------------"
[1] "nrow(data) subset before=213"
[1] "nrow(data) subset after =213"
[1] "nrow(data) subset diff =0"
[1] "--------------------------------------------------------------------------------"
[1] "2022-02-26 23:18:01 --- subset Finish---"
[1] "2022-02-26 23:18:01 --- transform Start ---"
[1] "--------------------------------------------------------------------------------"
[1] "nrow(data) transform before=213"
[1] "nrow(data) transform after=213"
[1] "nrow(data) transform diff=0"
[1] "--------------------------------------------------------------------------------"
[1] "str(data)="
'data.frame':	213 obs. of  44 variables:
 $ Race.RaceId                      : Factor w/ 213 levels "20160507-04-01-03-04",..: 11 12 13 14 15 16 17 18 19 20 ...
 $ Race.IsAnalyzeNormalPastAndFuture: logi  TRUE TRUE TRUE TRUE TRUE TRUE ...
 $ Race.IsAnalyzeNormalPast         : logi  TRUE TRUE TRUE TRUE TRUE TRUE ...
 $ Race.IsAnalyzeNormalFuture       : logi  FALSE FALSE FALSE FALSE FALSE FALSE ...
 $ Race.IsAnalyzeFullPastAndFuture  : logi  TRUE TRUE TRUE TRUE TRUE TRUE ...
 $ Race.IsAnalyzeFullPast           : logi  TRUE TRUE TRUE TRUE TRUE TRUE ...
 $ Race.IsAnalyzeFullFuture         : logi  FALSE FALSE FALSE FALSE FALSE FALSE ...
 $ Race.JyokenCd                    : Factor w/ 1 level "1": 1 1 1 1 1 1 1 1 1 1 ...
 $ Race.JyoType1Cd                  : Factor w/ 53 levels "3-04-3290-1-2",..: 9 10 11 12 13 14 11 12 15 11 ...
 $ Race.RaceType1Cd                 : Factor w/ 5 levels "3-1-X-3","3-1-H-3",..: 4 1 4 1 4 4 4 1 4 4 ...
 $ RaceHorse.RaceId                 : Factor w/ 213 levels "20160507-04-01-03-04",..: 11 12 13 14 15 16 17 18 19 20 ...
 $ RaceHorse.KettoNum               : Factor w/ 125 levels "2009106291","2011101125",..: 10 11 12 13 14 4 15 16 7 17 ...
 $ RaceHorse.IsHit1                 : num  1 1 1 1 1 1 1 1 1 1 ...
 $ RaceHorse.IsHit2                 : num  0 0 0 0 0 0 0 0 0 0 ...
 $ RaceHorse.IsHit3                 : num  0 0 0 0 0 0 0 0 0 0 ...
 $ RaceHorse.IsHit4                 : num  0 0 0 0 0 0 0 0 0 0 ...
 $ RaceHorse.IsHit5                 : num  0 0 0 0 0 0 0 0 0 0 ...
 $ RaceHorse.IsHit6                 : num  0 0 0 0 0 0 0 0 0 0 ...
 $ RaceHorse.IsValidRaceHorse       : logi  TRUE TRUE TRUE TRUE TRUE TRUE ...
 $ RaceHorse.TimeSdvByRace          : num  1.058 1.233 1.586 0.857 1.361 ...
 $ RaceHorse.TimeSdv                : num  0.844 1.233 0.1108 -0.0102 -1.0293 ...
 $ RaceHorse.IsHitA                 : num  1 1 1 1 1 1 1 1 1 1 ...
 $ RaceHorse.IsHitB                 : num  1 1 1 1 1 1 1 1 1 1 ...
 $ RaceHorse.IsHitC                 : num  1 1 1 1 1 1 1 1 1 1 ...
 $ Horse.KettoNum                   : Factor w/ 125 levels "2009106291","2011101125",..: 10 11 12 13 14 4 15 16 7 17 ...
 $ Horse.TimeSdvByRaceAvg           : num  0.2189 0.0281 0.3296 0.1632 -0.0377 ...
 $ Horse.TimeSdvByRaceMin           : num  -1.75 -0.619 -0.694 -2.262 -2.787 ...
 $ Horse.TimeSdvByRaceMax           : num  1.369 0.749 1.818 1.413 1.159 ...
 $ Horse.TimeSdvAvg                 : num  0.0245 0.2585 0.1308 0.1944 0.0735 ...
 $ Horse.TimeSdvMin                 : num  -1.37 -0.37 -1.08 -2.05 -1.41 ...
 $ Horse.TimeSdvMax                 : num  1.45 1.28 1.27 1.51 1.67 ...
 $ Horse.OrderOfFinishSdvAvg        : num  0.2892 -0.0828 0.2375 0.2446 0.0455 ...
 $ Horse.RunCount                   : num  39 11 18 15 25 50 51 23 19 45 ...
 $ Horse.HitCount1                  : num  4 1 2 2 1 7 7 1 3 7 ...
 $ Horse.HitCount2                  : num  6 0 0 2 4 8 4 1 3 5 ...
 $ Horse.HitCount3                  : num  4 0 2 1 0 5 4 1 3 4 ...
 $ Horse.HitCount4                  : num  2 0 2 0 1 5 8 4 0 4 ...
 $ Horse.HitCount5                  : num  3 2 3 2 1 1 4 3 1 3 ...
 $ Horse.HitRate1                   : num  0.1026 0.0909 0.1111 0.1333 0.04 ...
 $ Horse.HitRate2                   : num  0.154 0 0 0.133 0.16 ...
 $ Horse.HitRate3                   : num  0.1026 0 0.1111 0.0667 0 ...
 $ Horse.HitRate4                   : num  0.0513 0 0.1111 0 0.04 ...
 $ Horse.HitRate5                   : num  0.0769 0.1818 0.1667 0.1333 0.04 ...
 $ EOF                              : int  1 1 1 1 1 1 1 1 1 1 ...
NULL
[1] "2022-02-26 23:18:26 --- transform Finish ---"
[1] "2022-02-26 23:18:26 --- na.omit Start ---"
[1] "--------------------------------------------------------------------------------"
[1] "nrow(data) na.omit before=213"
[1] "nrow(data) na.omit after =213"
[1] "nrow(data) na.omit diff =0"
[1] "--------------------------------------------------------------------------------"
'data.frame':	213 obs. of  44 variables:
 $ Race.RaceId                      : Factor w/ 213 levels "20160507-04-01-03-04",..: 11 12 13 14 15 16 17 18 19 20 ...
 $ Race.IsAnalyzeNormalPastAndFuture: logi  TRUE TRUE TRUE TRUE TRUE TRUE ...
 $ Race.IsAnalyzeNormalPast         : logi  TRUE TRUE TRUE TRUE TRUE TRUE ...
 $ Race.IsAnalyzeNormalFuture       : logi  FALSE FALSE FALSE FALSE FALSE FALSE ...
 $ Race.IsAnalyzeFullPastAndFuture  : logi  TRUE TRUE TRUE TRUE TRUE TRUE ...
 $ Race.IsAnalyzeFullPast           : logi  TRUE TRUE TRUE TRUE TRUE TRUE ...
 $ Race.IsAnalyzeFullFuture         : logi  FALSE FALSE FALSE FALSE FALSE FALSE ...
 $ Race.JyokenCd                    : Factor w/ 1 level "1": 1 1 1 1 1 1 1 1 1 1 ...
 $ Race.JyoType1Cd                  : Factor w/ 53 levels "3-04-3290-1-2",..: 9 10 11 12 13 14 11 12 15 11 ...
 $ Race.RaceType1Cd                 : Factor w/ 5 levels "3-1-X-3","3-1-H-3",..: 4 1 4 1 4 4 4 1 4 4 ...
 $ RaceHorse.RaceId                 : Factor w/ 213 levels "20160507-04-01-03-04",..: 11 12 13 14 15 16 17 18 19 20 ...
 $ RaceHorse.KettoNum               : Factor w/ 125 levels "2009106291","2011101125",..: 10 11 12 13 14 4 15 16 7 17 ...
 $ RaceHorse.IsHit1                 : num  1 1 1 1 1 1 1 1 1 1 ...
 $ RaceHorse.IsHit2                 : num  0 0 0 0 0 0 0 0 0 0 ...
 $ RaceHorse.IsHit3                 : num  0 0 0 0 0 0 0 0 0 0 ...
 $ RaceHorse.IsHit4                 : num  0 0 0 0 0 0 0 0 0 0 ...
 $ RaceHorse.IsHit5                 : num  0 0 0 0 0 0 0 0 0 0 ...
 $ RaceHorse.IsHit6                 : num  0 0 0 0 0 0 0 0 0 0 ...
 $ RaceHorse.IsValidRaceHorse       : logi  TRUE TRUE TRUE TRUE TRUE TRUE ...
 $ RaceHorse.TimeSdvByRace          : num  1.058 1.233 1.586 0.857 1.361 ...
 $ RaceHorse.TimeSdv                : num  0.844 1.233 0.1108 -0.0102 -1.0293 ...
 $ RaceHorse.IsHitA                 : num  1 1 1 1 1 1 1 1 1 1 ...
 $ RaceHorse.IsHitB                 : num  1 1 1 1 1 1 1 1 1 1 ...
 $ RaceHorse.IsHitC                 : num  1 1 1 1 1 1 1 1 1 1 ...
 $ Horse.KettoNum                   : Factor w/ 125 levels "2009106291","2011101125",..: 10 11 12 13 14 4 15 16 7 17 ...
 $ Horse.TimeSdvByRaceAvg           : num  0.2189 0.0281 0.3296 0.1632 -0.0377 ...
 $ Horse.TimeSdvByRaceMin           : num  -1.75 -0.619 -0.694 -2.262 -2.787 ...
 $ Horse.TimeSdvByRaceMax           : num  1.369 0.749 1.818 1.413 1.159 ...
 $ Horse.TimeSdvAvg                 : num  0.0245 0.2585 0.1308 0.1944 0.0735 ...
 $ Horse.TimeSdvMin                 : num  -1.37 -0.37 -1.08 -2.05 -1.41 ...
 $ Horse.TimeSdvMax                 : num  1.45 1.28 1.27 1.51 1.67 ...
 $ Horse.OrderOfFinishSdvAvg        : num  0.2892 -0.0828 0.2375 0.2446 0.0455 ...
 $ Horse.RunCount                   : num  39 11 18 15 25 50 51 23 19 45 ...
 $ Horse.HitCount1                  : num  4 1 2 2 1 7 7 1 3 7 ...
 $ Horse.HitCount2                  : num  6 0 0 2 4 8 4 1 3 5 ...
 $ Horse.HitCount3                  : num  4 0 2 1 0 5 4 1 3 4 ...
 $ Horse.HitCount4                  : num  2 0 2 0 1 5 8 4 0 4 ...
 $ Horse.HitCount5                  : num  3 2 3 2 1 1 4 3 1 3 ...
 $ Horse.HitRate1                   : num  0.1026 0.0909 0.1111 0.1333 0.04 ...
 $ Horse.HitRate2                   : num  0.154 0 0 0.133 0.16 ...
 $ Horse.HitRate3                   : num  0.1026 0 0.1111 0.0667 0 ...
 $ Horse.HitRate4                   : num  0.0513 0 0.1111 0 0.04 ...
 $ Horse.HitRate5                   : num  0.0769 0.1818 0.1667 0.1333 0.04 ...
 $ EOF                              : int  1 1 1 1 1 1 1 1 1 1 ...
[1] "2022-02-26 23:18:51 --- na.omit Finish ---"
[1] "2022-02-26 23:18:51 --- rxGlm with rxStepControl Start ---"

> print(paste0(Sys.time(), " --- source_logic_glm.R Start ---"))
[1] "2022-02-26 23:18:52 --- source_logic_glm.R Start ---"

> formula <- formula(RaceHorse.IsHitA ~ +1 + Horse.TimeSdvByRaceAvg)

> print(paste0(Sys.time(), " --- source_logic_glm.R Finished ---"))
[1] "2022-02-26 23:18:52 --- source_logic_glm.R Finished ---"
Rows Read: 213, Total Rows Processed: 213, Total Chunk Time: Less than .001 seconds 

Starting values (iteration 1) time: 0.010 secs.
Rows Read: 213, Total Rows Processed: 213, Total Chunk Time: Less than .001 seconds 

Iteration 2 time: 0.007 secs.

Elapsed computation time: 0.025 secs.
Rows Read: 213, Total Rows Processed: 213, Total Chunk Time: Less than .001 seconds 

Starting values (iteration 1) time: 0.004 secs.
Rows Read: 213, Total Rows Processed: 213, Total Chunk Time: 0.001 seconds 

Iteration 2 time: 0.007 secs.

Elapsed computation time: 0.024 secs.
Rows Read: 213, Total Rows Processed: 213, Total Chunk Time: Less than .001 seconds 

Starting values (iteration 1) time: 0.004 secs.
Rows Read: 213, Total Rows Processed: 213, Total Chunk Time: Less than .001 seconds 

Iteration 2 time: 0.005 secs.

Elapsed computation time: 0.024 secs.
Rows Read: 213, Total Rows Processed: 213, Total Chunk Time: Less than .001 seconds 

Starting values (iteration 1) time: 0.004 secs.
Rows Read: 213, Total Rows Processed: 213, Total Chunk Time: Less than .001 seconds 

Iteration 2 time: 0.006 secs.

Elapsed computation time: 0.024 secs.

Elapsed computation time: 0.117 secs.
[1] "--------------------------------------------------------------------------------"
[1] "analyze.results.glm.step="
Logistic Regression Results for: RaceHorse.IsHitA ~ 1
Data: data
Dependent variable(s): RaceHorse.IsHitA
Total independent variables: 1 
Number of valid observations: 213
Number of missing observations: 0 
 
Coefficients:
            RaceHorse.IsHitA
(Intercept)                2
[1] "analyze.results.glm.step.summary"
Call:
rxLogit(formula = formula, data = data, variableSelection = analyze.results.glm.step.varsel)

Logistic Regression Results for: RaceHorse.IsHitA ~ 1
Data: data
Dependent variable(s): RaceHorse.IsHitA
Total independent variables: 1 
Number of valid observations: 213
Number of missing observations: 0 
-2*LogLikelihood: 295.281 (Residual deviance on 212 degrees of freedom)
 
Coefficients:
            Estimate Std. Error z value Pr(>|z|)    
(Intercept)    2.000      0.137    14.6  2.2e-16 ***
---
Signif. codes:  0 '***' 0.001 '**' 0.01 '*' 0.05 '.' 0.1 ' ' 1

Condition number of final variance-covariance matrix: 1 
Number of iterations: 2
[1] "--------------------------------------------------------------------------------"
[1] "2022-02-26 23:18:54 --- rxGlm with rxStepControl Finish ---"
[1] "2022-02-26 23:18:55 --- rxStepPlot Start ---"
[1] "pdfFilename=pdf_analyze_glm_Horse_Type31_rxStepPlot.pdf"
[1] "rxStepPlot="
[1] "2022-02-26 23:18:56 --- rxStepPlot Finish ---"
[1] "2022-02-26 23:18:57 --- save.image Start ---"
[1] "save.image"
[1] "rdataFilename=RData_analyze_glm_Horse_Type31.RData"
[1] "2022-02-26 23:18:57 --- save.image Finish ---"
[1] "2022-02-26 23:18:57 --- final Start ---"
[1] "--------------------------------------------------------------------------------"
[1] "nrow(data) final=213"
[1] "--------------------------------------------------------------------------------"
[1] "2022-02-26 23:18:57 --- final Finish ---"
[1] "2022-02-26 23:18:57 --- analyze_glm.R Finished ---"
[1] "2022-02-26 23:18:57 --- log Finish ---"
