[1] "2022-02-26 23:11:46 --- D1115_analyze_glm_Horse_IsHitA_Type35 Start ---"
[1] "2022-02-26 23:11:46 --- Log Start ---"
[1] "2022-02-26 23:11:46 --- analyze_glm.R Start ---"
[1] "analyzeVersion=D1115"
[1] "analyzeCategory=analyze"
[1] "analyzeType=Horse"
[1] "analyzeFamily=IsHitA"
[1] "analyzeFunc=glm"
[1] "analyzeTrackTypeCd=3"
[1] "analyzeJyokenCd=5"
[1] "2022-02-26 23:11:46 --- source_function.R Start ---"
[1] "2022-02-26 23:11:46 --- source_function.R Finished ---"

> print(paste0(Sys.time(), " --- source_library.R Start ---"))
[1] "2022-02-26 23:11:46 --- source_library.R Start ---"

> require("RevoScaleR")

> print(paste0(Sys.time(), " --- source_library.R Finished ---"))
[1] "2022-02-26 23:11:48 --- source_library.R Finished ---"
[1] "2022-02-26 23:11:48 --- RxSqlServerData Start ---"
[1] "2022-02-26 23:11:48 --- RxInSqlServer Start ---"
[1] "2022-02-26 23:11:48 --- RxInSqlServer Finish ---"
[1] "2022-02-26 23:11:48 --- rxSetComputeContext Start ---"
[1] "2022-02-26 23:11:48 --- rxSetComputeContext Finish ---"
[1] "2022-02-26 23:11:48 --- RxSqlServerData Start ---"
[1] "sqlQuery=SELECT * FROM ViewAnalyzeD1115analyze01HorseType35"
[1] "2022-02-26 23:11:48 --- RxSqlServerData Finish ---"
[1] "2022-02-26 23:11:48 --- rxGetVarInfo Start ---"
[1] "2022-02-26 23:11:48 --- rxGetVarInfo Finish---"
[1] "2022-02-26 23:11:48 --- rxImport Start ---"
Rows Read: 419, Total Rows Processed: 419, Total Chunk Time: 300.528 seconds 
[1] "2022-02-26 23:21:19 --- rxImport Finish ---"
[1] "object.size(data) auto=262.2 Kb"
[1] "--------------------------------------------------------------------------------"
[1] "nrow(data) RxSqlServerData=419"
[1] "--------------------------------------------------------------------------------"
[1] "str(data)="
'data.frame':	419 obs. of  44 variables:
 $ Race.RaceId                      : Factor w/ 419 levels "20160111-08-01-04-04",..: 11 12 13 14 15 16 17 18 19 20 ...
 $ Race.IsAnalyzeNormalPastAndFuture: logi  TRUE TRUE TRUE TRUE TRUE TRUE ...
 $ Race.IsAnalyzeNormalPast         : logi  TRUE TRUE TRUE TRUE TRUE TRUE ...
 $ Race.IsAnalyzeNormalFuture       : logi  FALSE FALSE FALSE FALSE FALSE FALSE ...
 $ Race.IsAnalyzeFullPastAndFuture  : logi  TRUE TRUE TRUE TRUE TRUE TRUE ...
 $ Race.IsAnalyzeFullPast           : logi  TRUE TRUE TRUE TRUE TRUE TRUE ...
 $ Race.IsAnalyzeFullFuture         : logi  FALSE FALSE FALSE FALSE FALSE FALSE ...
 $ Race.JyokenCd                    : Factor w/ 1 level "5": 1 1 1 1 1 1 1 1 1 1 ...
 $ Race.JyoType1Cd                  : Factor w/ 34 levels "3-08-2910-5-1",..: 8 9 10 11 11 11 12 13 13 14 ...
 $ Race.RaceType1Cd                 : Factor w/ 1 level "3-5-X-3": 1 1 1 1 1 1 1 1 1 1 ...
 $ RaceHorse.RaceId                 : Factor w/ 419 levels "20160111-08-01-04-04",..: 11 12 13 14 15 16 17 18 19 20 ...
 $ RaceHorse.KettoNum               : Factor w/ 419 levels "2011105768","2012105656",..: 11 12 13 14 15 16 17 18 19 20 ...
 $ RaceHorse.IsHit1                 : num  1 1 1 1 1 1 1 1 1 1 ...
 $ RaceHorse.IsHit2                 : num  0 0 0 0 0 0 0 0 0 0 ...
 $ RaceHorse.IsHit3                 : num  0 0 0 0 0 0 0 0 0 0 ...
 $ RaceHorse.IsHit4                 : num  0 0 0 0 0 0 0 0 0 0 ...
 $ RaceHorse.IsHit5                 : num  0 0 0 0 0 0 0 0 0 0 ...
 $ RaceHorse.IsHit6                 : num  0 0 0 0 0 0 0 0 0 0 ...
 $ RaceHorse.IsValidRaceHorse       : logi  TRUE TRUE TRUE TRUE TRUE TRUE ...
 $ RaceHorse.TimeSdvByRace          : num  1.006 0.872 1.766 1.095 1.054 ...
 $ RaceHorse.TimeSdv                : num  0.11 -0.209 0.935 1.605 0.198 ...
 $ RaceHorse.IsHitA                 : num  1 1 1 1 1 1 1 1 1 1 ...
 $ RaceHorse.IsHitB                 : num  1 1 1 1 1 1 1 1 1 1 ...
 $ RaceHorse.IsHitC                 : num  1 1 1 1 1 1 1 1 1 1 ...
 $ Horse.KettoNum                   : Factor w/ 419 levels "2011105768","2012105656",..: 11 12 13 14 15 16 17 18 19 20 ...
 $ Horse.TimeSdvByRaceAvg           : num  0.0604 -0.0145 0.2839 0.4395 0.4924 ...
 $ Horse.TimeSdvByRaceMin           : num  -1.31 -1.59 -1.85 -1.25 -1.21 ...
 $ Horse.TimeSdvByRaceMax           : num  1.01 1.58 1.26 2.02 1.62 ...
 $ Horse.TimeSdvAvg                 : num  -0.0329 -0.2436 0.225 0.1612 0.3182 ...
 $ Horse.TimeSdvMin                 : num  -1.777 -1.544 -1.481 -1.733 -0.921 ...
 $ Horse.TimeSdvMax                 : num  1.13 0.51 1.4 2.19 1.32 ...
 $ Horse.OrderOfFinishSdvAvg        : num  -0.0276 -0.1662 0.252 0.3612 0.4696 ...
 $ Horse.RunCount                   : num  19 10 18 36 17 37 34 15 9 20 ...
 $ Horse.HitCount1                  : num  0 1 0 5 0 1 7 0 0 1 ...
 $ Horse.HitCount2                  : num  1 1 3 4 5 3 5 0 1 1 ...
 $ Horse.HitCount3                  : num  0 0 3 1 0 3 3 0 0 1 ...
 $ Horse.HitCount4                  : num  1 0 2 1 1 2 3 1 0 0 ...
 $ Horse.HitCount5                  : num  1 1 3 5 3 1 2 0 2 0 ...
 $ Horse.HitRate1                   : num  0 0.1 0 0.139 0 ...
 $ Horse.HitRate2                   : num  0.0526 0.1 0.1667 0.1111 0.2941 ...
 $ Horse.HitRate3                   : num  0 0 0.1667 0.0278 0 ...
 $ Horse.HitRate4                   : num  0.0526 0 0.1111 0.0278 0.0588 ...
 $ Horse.HitRate5                   : num  0.0526 0.1 0.1667 0.1389 0.1765 ...
 $ EOF                              : int  1 1 1 1 1 1 1 1 1 1 ...
[1] "2022-02-26 23:21:20 --- RxSqlServerData Finish ---"
[1] "2022-02-26 23:21:20 --- subset Start ---"
[1] "--------------------------------------------------------------------------------"
[1] "nrow(data) subset before=419"
[1] "nrow(data) subset after =419"
[1] "nrow(data) subset diff =0"
[1] "--------------------------------------------------------------------------------"
[1] "2022-02-26 23:21:20 --- subset Finish---"
[1] "2022-02-26 23:21:20 --- transform Start ---"
[1] "--------------------------------------------------------------------------------"
[1] "nrow(data) transform before=419"
[1] "nrow(data) transform after=419"
[1] "nrow(data) transform diff=0"
[1] "--------------------------------------------------------------------------------"
[1] "str(data)="
'data.frame':	419 obs. of  44 variables:
 $ Race.RaceId                      : Factor w/ 419 levels "20160111-08-01-04-04",..: 11 12 13 14 15 16 17 18 19 20 ...
 $ Race.IsAnalyzeNormalPastAndFuture: logi  TRUE TRUE TRUE TRUE TRUE TRUE ...
 $ Race.IsAnalyzeNormalPast         : logi  TRUE TRUE TRUE TRUE TRUE TRUE ...
 $ Race.IsAnalyzeNormalFuture       : logi  FALSE FALSE FALSE FALSE FALSE FALSE ...
 $ Race.IsAnalyzeFullPastAndFuture  : logi  TRUE TRUE TRUE TRUE TRUE TRUE ...
 $ Race.IsAnalyzeFullPast           : logi  TRUE TRUE TRUE TRUE TRUE TRUE ...
 $ Race.IsAnalyzeFullFuture         : logi  FALSE FALSE FALSE FALSE FALSE FALSE ...
 $ Race.JyokenCd                    : Factor w/ 1 level "5": 1 1 1 1 1 1 1 1 1 1 ...
 $ Race.JyoType1Cd                  : Factor w/ 34 levels "3-08-2910-5-1",..: 8 9 10 11 11 11 12 13 13 14 ...
 $ Race.RaceType1Cd                 : Factor w/ 1 level "3-5-X-3": 1 1 1 1 1 1 1 1 1 1 ...
 $ RaceHorse.RaceId                 : Factor w/ 419 levels "20160111-08-01-04-04",..: 11 12 13 14 15 16 17 18 19 20 ...
 $ RaceHorse.KettoNum               : Factor w/ 419 levels "2011105768","2012105656",..: 11 12 13 14 15 16 17 18 19 20 ...
 $ RaceHorse.IsHit1                 : num  1 1 1 1 1 1 1 1 1 1 ...
 $ RaceHorse.IsHit2                 : num  0 0 0 0 0 0 0 0 0 0 ...
 $ RaceHorse.IsHit3                 : num  0 0 0 0 0 0 0 0 0 0 ...
 $ RaceHorse.IsHit4                 : num  0 0 0 0 0 0 0 0 0 0 ...
 $ RaceHorse.IsHit5                 : num  0 0 0 0 0 0 0 0 0 0 ...
 $ RaceHorse.IsHit6                 : num  0 0 0 0 0 0 0 0 0 0 ...
 $ RaceHorse.IsValidRaceHorse       : logi  TRUE TRUE TRUE TRUE TRUE TRUE ...
 $ RaceHorse.TimeSdvByRace          : num  1.006 0.872 1.766 1.095 1.054 ...
 $ RaceHorse.TimeSdv                : num  0.11 -0.209 0.935 1.605 0.198 ...
 $ RaceHorse.IsHitA                 : num  1 1 1 1 1 1 1 1 1 1 ...
 $ RaceHorse.IsHitB                 : num  1 1 1 1 1 1 1 1 1 1 ...
 $ RaceHorse.IsHitC                 : num  1 1 1 1 1 1 1 1 1 1 ...
 $ Horse.KettoNum                   : Factor w/ 419 levels "2011105768","2012105656",..: 11 12 13 14 15 16 17 18 19 20 ...
 $ Horse.TimeSdvByRaceAvg           : num  0.0604 -0.0145 0.2839 0.4395 0.4924 ...
 $ Horse.TimeSdvByRaceMin           : num  -1.31 -1.59 -1.85 -1.25 -1.21 ...
 $ Horse.TimeSdvByRaceMax           : num  1.01 1.58 1.26 2.02 1.62 ...
 $ Horse.TimeSdvAvg                 : num  -0.0329 -0.2436 0.225 0.1612 0.3182 ...
 $ Horse.TimeSdvMin                 : num  -1.777 -1.544 -1.481 -1.733 -0.921 ...
 $ Horse.TimeSdvMax                 : num  1.13 0.51 1.4 2.19 1.32 ...
 $ Horse.OrderOfFinishSdvAvg        : num  -0.0276 -0.1662 0.252 0.3612 0.4696 ...
 $ Horse.RunCount                   : num  19 10 18 36 17 37 34 15 9 20 ...
 $ Horse.HitCount1                  : num  0 1 0 5 0 1 7 0 0 1 ...
 $ Horse.HitCount2                  : num  1 1 3 4 5 3 5 0 1 1 ...
 $ Horse.HitCount3                  : num  0 0 3 1 0 3 3 0 0 1 ...
 $ Horse.HitCount4                  : num  1 0 2 1 1 2 3 1 0 0 ...
 $ Horse.HitCount5                  : num  1 1 3 5 3 1 2 0 2 0 ...
 $ Horse.HitRate1                   : num  0 0.1 0 0.139 0 ...
 $ Horse.HitRate2                   : num  0.0526 0.1 0.1667 0.1111 0.2941 ...
 $ Horse.HitRate3                   : num  0 0 0.1667 0.0278 0 ...
 $ Horse.HitRate4                   : num  0.0526 0 0.1111 0.0278 0.0588 ...
 $ Horse.HitRate5                   : num  0.0526 0.1 0.1667 0.1389 0.1765 ...
 $ EOF                              : int  1 1 1 1 1 1 1 1 1 1 ...
NULL
[1] "2022-02-26 23:21:21 --- transform Finish ---"
[1] "2022-02-26 23:21:21 --- na.omit Start ---"
[1] "--------------------------------------------------------------------------------"
[1] "nrow(data) na.omit before=419"
[1] "nrow(data) na.omit after =419"
[1] "nrow(data) na.omit diff =0"
[1] "--------------------------------------------------------------------------------"
'data.frame':	419 obs. of  44 variables:
 $ Race.RaceId                      : Factor w/ 419 levels "20160111-08-01-04-04",..: 11 12 13 14 15 16 17 18 19 20 ...
 $ Race.IsAnalyzeNormalPastAndFuture: logi  TRUE TRUE TRUE TRUE TRUE TRUE ...
 $ Race.IsAnalyzeNormalPast         : logi  TRUE TRUE TRUE TRUE TRUE TRUE ...
 $ Race.IsAnalyzeNormalFuture       : logi  FALSE FALSE FALSE FALSE FALSE FALSE ...
 $ Race.IsAnalyzeFullPastAndFuture  : logi  TRUE TRUE TRUE TRUE TRUE TRUE ...
 $ Race.IsAnalyzeFullPast           : logi  TRUE TRUE TRUE TRUE TRUE TRUE ...
 $ Race.IsAnalyzeFullFuture         : logi  FALSE FALSE FALSE FALSE FALSE FALSE ...
 $ Race.JyokenCd                    : Factor w/ 1 level "5": 1 1 1 1 1 1 1 1 1 1 ...
 $ Race.JyoType1Cd                  : Factor w/ 34 levels "3-08-2910-5-1",..: 8 9 10 11 11 11 12 13 13 14 ...
 $ Race.RaceType1Cd                 : Factor w/ 1 level "3-5-X-3": 1 1 1 1 1 1 1 1 1 1 ...
 $ RaceHorse.RaceId                 : Factor w/ 419 levels "20160111-08-01-04-04",..: 11 12 13 14 15 16 17 18 19 20 ...
 $ RaceHorse.KettoNum               : Factor w/ 419 levels "2011105768","2012105656",..: 11 12 13 14 15 16 17 18 19 20 ...
 $ RaceHorse.IsHit1                 : num  1 1 1 1 1 1 1 1 1 1 ...
 $ RaceHorse.IsHit2                 : num  0 0 0 0 0 0 0 0 0 0 ...
 $ RaceHorse.IsHit3                 : num  0 0 0 0 0 0 0 0 0 0 ...
 $ RaceHorse.IsHit4                 : num  0 0 0 0 0 0 0 0 0 0 ...
 $ RaceHorse.IsHit5                 : num  0 0 0 0 0 0 0 0 0 0 ...
 $ RaceHorse.IsHit6                 : num  0 0 0 0 0 0 0 0 0 0 ...
 $ RaceHorse.IsValidRaceHorse       : logi  TRUE TRUE TRUE TRUE TRUE TRUE ...
 $ RaceHorse.TimeSdvByRace          : num  1.006 0.872 1.766 1.095 1.054 ...
 $ RaceHorse.TimeSdv                : num  0.11 -0.209 0.935 1.605 0.198 ...
 $ RaceHorse.IsHitA                 : num  1 1 1 1 1 1 1 1 1 1 ...
 $ RaceHorse.IsHitB                 : num  1 1 1 1 1 1 1 1 1 1 ...
 $ RaceHorse.IsHitC                 : num  1 1 1 1 1 1 1 1 1 1 ...
 $ Horse.KettoNum                   : Factor w/ 419 levels "2011105768","2012105656",..: 11 12 13 14 15 16 17 18 19 20 ...
 $ Horse.TimeSdvByRaceAvg           : num  0.0604 -0.0145 0.2839 0.4395 0.4924 ...
 $ Horse.TimeSdvByRaceMin           : num  -1.31 -1.59 -1.85 -1.25 -1.21 ...
 $ Horse.TimeSdvByRaceMax           : num  1.01 1.58 1.26 2.02 1.62 ...
 $ Horse.TimeSdvAvg                 : num  -0.0329 -0.2436 0.225 0.1612 0.3182 ...
 $ Horse.TimeSdvMin                 : num  -1.777 -1.544 -1.481 -1.733 -0.921 ...
 $ Horse.TimeSdvMax                 : num  1.13 0.51 1.4 2.19 1.32 ...
 $ Horse.OrderOfFinishSdvAvg        : num  -0.0276 -0.1662 0.252 0.3612 0.4696 ...
 $ Horse.RunCount                   : num  19 10 18 36 17 37 34 15 9 20 ...
 $ Horse.HitCount1                  : num  0 1 0 5 0 1 7 0 0 1 ...
 $ Horse.HitCount2                  : num  1 1 3 4 5 3 5 0 1 1 ...
 $ Horse.HitCount3                  : num  0 0 3 1 0 3 3 0 0 1 ...
 $ Horse.HitCount4                  : num  1 0 2 1 1 2 3 1 0 0 ...
 $ Horse.HitCount5                  : num  1 1 3 5 3 1 2 0 2 0 ...
 $ Horse.HitRate1                   : num  0 0.1 0 0.139 0 ...
 $ Horse.HitRate2                   : num  0.0526 0.1 0.1667 0.1111 0.2941 ...
 $ Horse.HitRate3                   : num  0 0 0.1667 0.0278 0 ...
 $ Horse.HitRate4                   : num  0.0526 0 0.1111 0.0278 0.0588 ...
 $ Horse.HitRate5                   : num  0.0526 0.1 0.1667 0.1389 0.1765 ...
 $ EOF                              : int  1 1 1 1 1 1 1 1 1 1 ...
[1] "2022-02-26 23:21:21 --- na.omit Finish ---"
[1] "2022-02-26 23:21:21 --- rxGlm with rxStepControl Start ---"

> print(paste0(Sys.time(), " --- source_logic_glm.R Start ---"))
[1] "2022-02-26 23:21:21 --- source_logic_glm.R Start ---"

> formula <- formula(RaceHorse.IsHitA ~ +1 + Horse.TimeSdvByRaceAvg)

> print(paste0(Sys.time(), " --- source_logic_glm.R Finished ---"))
[1] "2022-02-26 23:21:21 --- source_logic_glm.R Finished ---"
Rows Read: 419, Total Rows Processed: 419, Total Chunk Time: 0.001 seconds 

Starting values (iteration 1) time: 0.008 secs.
Rows Read: 419, Total Rows Processed: 419, Total Chunk Time: 0.002 seconds 

Iteration 2 time: 0.005 secs.

Elapsed computation time: 0.023 secs.
Rows Read: 419, Total Rows Processed: 419, Total Chunk Time: Less than .001 seconds 

Starting values (iteration 1) time: 0.005 secs.
Rows Read: 419, Total Rows Processed: 419, Total Chunk Time: Less than .001 seconds 

Iteration 2 time: 0.006 secs.

Elapsed computation time: 0.032 secs.
Rows Read: 419, Total Rows Processed: 419, Total Chunk Time: 0.004 seconds 

Starting values (iteration 1) time: 0.012 secs.
Rows Read: 419, Total Rows Processed: 419, Total Chunk Time: 0.001 seconds 

Iteration 2 time: 0.015 secs.

Elapsed computation time: 0.050 secs.
Rows Read: 419, Total Rows Processed: 419, Total Chunk Time: Less than .001 seconds 

Starting values (iteration 1) time: 0.006 secs.
Rows Read: 419, Total Rows Processed: 419, Total Chunk Time: Less than .001 seconds 

Iteration 2 time: 0.009 secs.

Elapsed computation time: 0.040 secs.

Elapsed computation time: 0.182 secs.
[1] "--------------------------------------------------------------------------------"
[1] "analyze.results.glm.step="
Logistic Regression Results for: RaceHorse.IsHitA ~ 1
Data: data
Dependent variable(s): RaceHorse.IsHitA
Total independent variables: 1 
Number of valid observations: 419
Number of missing observations: 0 
 
Coefficients:
            RaceHorse.IsHitA
(Intercept)                2
[1] "analyze.results.glm.step.summary"
Call:
rxLogit(formula = formula, data = data, variableSelection = analyze.results.glm.step.varsel)

Logistic Regression Results for: RaceHorse.IsHitA ~ 1
Data: data
Dependent variable(s): RaceHorse.IsHitA
Total independent variables: 1 
Number of valid observations: 419
Number of missing observations: 0 
-2*LogLikelihood: 580.857 (Residual deviance on 418 degrees of freedom)
 
Coefficients:
            Estimate Std. Error z value Pr(>|z|)    
(Intercept)   2.0000     0.0977    20.5  2.2e-16 ***
---
Signif. codes:  0 '***' 0.001 '**' 0.01 '*' 0.05 '.' 0.1 ' ' 1

Condition number of final variance-covariance matrix: 1 
Number of iterations: 2
[1] "--------------------------------------------------------------------------------"
[1] "2022-02-26 23:21:22 --- rxGlm with rxStepControl Finish ---"
[1] "2022-02-26 23:21:22 --- rxStepPlot Start ---"
[1] "pdfFilename=pdf_analyze_glm_Horse_Type35_rxStepPlot.pdf"
[1] "rxStepPlot="
[1] "2022-02-26 23:21:22 --- rxStepPlot Finish ---"
[1] "2022-02-26 23:21:22 --- save.image Start ---"
[1] "save.image"
[1] "rdataFilename=RData_analyze_glm_Horse_Type35.RData"
[1] "2022-02-26 23:21:22 --- save.image Finish ---"
[1] "2022-02-26 23:21:22 --- final Start ---"
[1] "--------------------------------------------------------------------------------"
[1] "nrow(data) final=419"
[1] "--------------------------------------------------------------------------------"
[1] "2022-02-26 23:21:22 --- final Finish ---"
[1] "2022-02-26 23:21:22 --- analyze_glm.R Finished ---"
[1] "2022-02-26 23:21:22 --- log Finish ---"
