[1] "2022-02-26 23:10:38 --- D1115_analyze_glm_Gen01_IsHitA_Type11 Start ---"
[1] "2022-02-26 23:10:38 --- Log Start ---"
[1] "2022-02-26 23:10:38 --- analyze_glm.R Start ---"
[1] "analyzeVersion=D1115"
[1] "analyzeCategory=analyze"
[1] "analyzeType=Gen01"
[1] "analyzeFamily=IsHitA"
[1] "analyzeFunc=glm"
[1] "analyzeTrackTypeCd=1"
[1] "analyzeJyokenCd=1"
[1] "2022-02-26 23:10:38 --- source_function.R Start ---"
[1] "2022-02-26 23:10:38 --- source_function.R Finished ---"

> print(paste0(Sys.time(), " --- source_library.R Start ---"))
[1] "2022-02-26 23:10:38 --- source_library.R Start ---"

> require("RevoScaleR")

> print(paste0(Sys.time(), " --- source_library.R Finished ---"))
[1] "2022-02-26 23:10:39 --- source_library.R Finished ---"
[1] "2022-02-26 23:10:39 --- RxSqlServerData Start ---"
[1] "2022-02-26 23:10:39 --- RxInSqlServer Start ---"
[1] "2022-02-26 23:10:39 --- RxInSqlServer Finish ---"
[1] "2022-02-26 23:10:39 --- rxSetComputeContext Start ---"
[1] "2022-02-26 23:10:39 --- rxSetComputeContext Finish ---"
[1] "2022-02-26 23:10:39 --- RxSqlServerData Start ---"
[1] "sqlQuery=SELECT * FROM ViewAnalyzeD1115analyze01Gen01Type11"
[1] "2022-02-26 23:10:39 --- RxSqlServerData Finish ---"
[1] "2022-02-26 23:10:39 --- rxGetVarInfo Start ---"
[1] "2022-02-26 23:10:40 --- rxGetVarInfo Finish---"
[1] "2022-02-26 23:10:40 --- rxImport Start ---"
Rows Read: 855, Total Rows Processed: 855, Total Chunk Time: 6.198 seconds 
[1] "2022-02-26 23:10:57 --- rxImport Finish ---"
[1] "object.size(data) auto=454.4 Kb"
[1] "--------------------------------------------------------------------------------"
[1] "nrow(data) RxSqlServerData=855"
[1] "--------------------------------------------------------------------------------"
[1] "str(data)="
'data.frame':	855 obs. of  44 variables:
 $ Race.RaceId                      : Factor w/ 855 levels "20160124-06-01-08-11",..: 11 12 13 14 15 16 17 18 19 20 ...
 $ Race.IsAnalyzeNormalPastAndFuture: logi  TRUE TRUE TRUE TRUE TRUE TRUE ...
 $ Race.IsAnalyzeNormalPast         : logi  TRUE TRUE TRUE TRUE TRUE TRUE ...
 $ Race.IsAnalyzeNormalFuture       : logi  FALSE FALSE FALSE FALSE FALSE FALSE ...
 $ Race.IsAnalyzeFullPastAndFuture  : logi  TRUE TRUE TRUE TRUE TRUE TRUE ...
 $ Race.IsAnalyzeFullPast           : logi  TRUE TRUE TRUE TRUE TRUE TRUE ...
 $ Race.IsAnalyzeFullFuture         : logi  FALSE FALSE FALSE FALSE FALSE FALSE ...
 $ Race.JyokenCd                    : Factor w/ 1 level "1": 1 1 1 1 1 1 1 1 1 1 ...
 $ Race.JyoType1Cd                  : Factor w/ 139 levels "1-06-2200-1-1",..: 5 11 12 13 12 14 15 15 16 17 ...
 $ Race.RaceType1Cd                 : Factor w/ 16 levels "1-1-B-2","1-1-C-1",..: 7 3 7 6 7 6 1 1 8 3 ...
 $ RaceHorse.RaceId                 : Factor w/ 855 levels "20160124-06-01-08-11",..: 11 12 13 14 15 16 17 18 19 20 ...
 $ RaceHorse.KettoNum               : Factor w/ 514 levels "2009102678","2013105840",..: 11 12 13 14 15 16 17 18 19 20 ...
 $ RaceHorse.IsHit1                 : num  1 1 1 1 1 1 1 1 1 1 ...
 $ RaceHorse.IsHit2                 : num  0 0 0 0 0 0 0 0 0 0 ...
 $ RaceHorse.IsHit3                 : num  0 0 0 0 0 0 0 0 0 0 ...
 $ RaceHorse.IsHit4                 : num  0 0 0 0 0 0 0 0 0 0 ...
 $ RaceHorse.IsHit5                 : num  0 0 0 0 0 0 0 0 0 0 ...
 $ RaceHorse.IsHit6                 : num  0 0 0 0 0 0 0 0 0 0 ...
 $ RaceHorse.IsValidRaceHorse       : logi  TRUE TRUE TRUE TRUE TRUE TRUE ...
 $ RaceHorse.TimeSdvByRace          : num  1.18 1.63 1.14 1.32 1.72 ...
 $ RaceHorse.TimeSdv                : num  0.259 -0.851 -1.131 0.489 0.151 ...
 $ RaceHorse.IsHitA                 : num  1 1 1 1 1 1 1 1 1 1 ...
 $ RaceHorse.IsHitB                 : num  1 1 1 1 1 1 1 1 1 1 ...
 $ RaceHorse.IsHitC                 : num  1 1 1 1 1 1 1 1 1 1 ...
 $ Gen01.HansyokuNum                : Factor w/ 106 levels "11202086","11202119",..: 2 1 1 1 1 1 8 1 1 9 ...
 $ Gen01.TimeSdvByRaceAvg           : num  0.225 0.616 0.346 0.534 0.344 ...
 $ Gen01.TimeSdvByRaceMin           : num  -2.66 -1.71 -2.17 -1.76 -2.17 ...
 $ Gen01.TimeSdvByRaceMax           : num  1.8 2.05 1.63 2.07 1.63 ...
 $ Gen01.TimeSdvAvg                 : num  0.1027 0.1752 0.1471 0.1461 0.0916 ...
 $ Gen01.TimeSdvMin                 : num  -2.22 -2.04 -1.91 -2.42 -1.91 ...
 $ Gen01.TimeSdvMax                 : num  1.37 1.82 2.28 2.21 2.28 ...
 $ Gen01.OrderOfFinishSdvAvg        : num  0.139 0.589 0.35 0.53 0.356 ...
 $ Gen01.RunCount                   : num  94 114 80 156 82 158 58 127 58 18 ...
 $ Gen01.HitCount1                  : num  7 22 11 17 12 19 3 16 5 0 ...
 $ Gen01.HitCount2                  : num  8 16 8 18 8 19 5 16 8 2 ...
 $ Gen01.HitCount3                  : num  5 11 11 16 12 16 7 11 4 1 ...
 $ Gen01.HitCount4                  : num  12 14 8 21 7 20 4 9 4 3 ...
 $ Gen01.HitCount5                  : num  10 15 4 14 3 14 5 6 7 3 ...
 $ Gen01.HitRate1                   : num  0.0745 0.193 0.1375 0.109 0.1463 ...
 $ Gen01.HitRate2                   : num  0.0851 0.1404 0.1 0.1154 0.0976 ...
 $ Gen01.HitRate3                   : num  0.0532 0.0965 0.1375 0.1026 0.1463 ...
 $ Gen01.HitRate4                   : num  0.1277 0.1228 0.1 0.1346 0.0854 ...
 $ Gen01.HitRate5                   : num  0.1064 0.1316 0.05 0.0897 0.0366 ...
 $ EOF                              : int  1 1 1 1 1 1 1 1 1 1 ...
[1] "2022-02-26 23:10:58 --- RxSqlServerData Finish ---"
[1] "2022-02-26 23:10:58 --- subset Start ---"
[1] "--------------------------------------------------------------------------------"
[1] "nrow(data) subset before=855"
[1] "nrow(data) subset after =855"
[1] "nrow(data) subset diff =0"
[1] "--------------------------------------------------------------------------------"
[1] "2022-02-26 23:10:59 --- subset Finish---"
[1] "2022-02-26 23:10:59 --- transform Start ---"
[1] "--------------------------------------------------------------------------------"
[1] "nrow(data) transform before=855"
[1] "nrow(data) transform after=855"
[1] "nrow(data) transform diff=0"
[1] "--------------------------------------------------------------------------------"
[1] "str(data)="
'data.frame':	855 obs. of  44 variables:
 $ Race.RaceId                      : Factor w/ 855 levels "20160124-06-01-08-11",..: 11 12 13 14 15 16 17 18 19 20 ...
 $ Race.IsAnalyzeNormalPastAndFuture: logi  TRUE TRUE TRUE TRUE TRUE TRUE ...
 $ Race.IsAnalyzeNormalPast         : logi  TRUE TRUE TRUE TRUE TRUE TRUE ...
 $ Race.IsAnalyzeNormalFuture       : logi  FALSE FALSE FALSE FALSE FALSE FALSE ...
 $ Race.IsAnalyzeFullPastAndFuture  : logi  TRUE TRUE TRUE TRUE TRUE TRUE ...
 $ Race.IsAnalyzeFullPast           : logi  TRUE TRUE TRUE TRUE TRUE TRUE ...
 $ Race.IsAnalyzeFullFuture         : logi  FALSE FALSE FALSE FALSE FALSE FALSE ...
 $ Race.JyokenCd                    : Factor w/ 1 level "1": 1 1 1 1 1 1 1 1 1 1 ...
 $ Race.JyoType1Cd                  : Factor w/ 139 levels "1-06-2200-1-1",..: 5 11 12 13 12 14 15 15 16 17 ...
 $ Race.RaceType1Cd                 : Factor w/ 16 levels "1-1-B-2","1-1-C-1",..: 7 3 7 6 7 6 1 1 8 3 ...
 $ RaceHorse.RaceId                 : Factor w/ 855 levels "20160124-06-01-08-11",..: 11 12 13 14 15 16 17 18 19 20 ...
 $ RaceHorse.KettoNum               : Factor w/ 514 levels "2009102678","2013105840",..: 11 12 13 14 15 16 17 18 19 20 ...
 $ RaceHorse.IsHit1                 : num  1 1 1 1 1 1 1 1 1 1 ...
 $ RaceHorse.IsHit2                 : num  0 0 0 0 0 0 0 0 0 0 ...
 $ RaceHorse.IsHit3                 : num  0 0 0 0 0 0 0 0 0 0 ...
 $ RaceHorse.IsHit4                 : num  0 0 0 0 0 0 0 0 0 0 ...
 $ RaceHorse.IsHit5                 : num  0 0 0 0 0 0 0 0 0 0 ...
 $ RaceHorse.IsHit6                 : num  0 0 0 0 0 0 0 0 0 0 ...
 $ RaceHorse.IsValidRaceHorse       : logi  TRUE TRUE TRUE TRUE TRUE TRUE ...
 $ RaceHorse.TimeSdvByRace          : num  1.18 1.63 1.14 1.32 1.72 ...
 $ RaceHorse.TimeSdv                : num  0.259 -0.851 -1.131 0.489 0.151 ...
 $ RaceHorse.IsHitA                 : num  1 1 1 1 1 1 1 1 1 1 ...
 $ RaceHorse.IsHitB                 : num  1 1 1 1 1 1 1 1 1 1 ...
 $ RaceHorse.IsHitC                 : num  1 1 1 1 1 1 1 1 1 1 ...
 $ Gen01.HansyokuNum                : Factor w/ 106 levels "11202086","11202119",..: 2 1 1 1 1 1 8 1 1 9 ...
 $ Gen01.TimeSdvByRaceAvg           : num  0.225 0.616 0.346 0.534 0.344 ...
 $ Gen01.TimeSdvByRaceMin           : num  -2.66 -1.71 -2.17 -1.76 -2.17 ...
 $ Gen01.TimeSdvByRaceMax           : num  1.8 2.05 1.63 2.07 1.63 ...
 $ Gen01.TimeSdvAvg                 : num  0.1027 0.1752 0.1471 0.1461 0.0916 ...
 $ Gen01.TimeSdvMin                 : num  -2.22 -2.04 -1.91 -2.42 -1.91 ...
 $ Gen01.TimeSdvMax                 : num  1.37 1.82 2.28 2.21 2.28 ...
 $ Gen01.OrderOfFinishSdvAvg        : num  0.139 0.589 0.35 0.53 0.356 ...
 $ Gen01.RunCount                   : num  94 114 80 156 82 158 58 127 58 18 ...
 $ Gen01.HitCount1                  : num  7 22 11 17 12 19 3 16 5 0 ...
 $ Gen01.HitCount2                  : num  8 16 8 18 8 19 5 16 8 2 ...
 $ Gen01.HitCount3                  : num  5 11 11 16 12 16 7 11 4 1 ...
 $ Gen01.HitCount4                  : num  12 14 8 21 7 20 4 9 4 3 ...
 $ Gen01.HitCount5                  : num  10 15 4 14 3 14 5 6 7 3 ...
 $ Gen01.HitRate1                   : num  0.0745 0.193 0.1375 0.109 0.1463 ...
 $ Gen01.HitRate2                   : num  0.0851 0.1404 0.1 0.1154 0.0976 ...
 $ Gen01.HitRate3                   : num  0.0532 0.0965 0.1375 0.1026 0.1463 ...
 $ Gen01.HitRate4                   : num  0.1277 0.1228 0.1 0.1346 0.0854 ...
 $ Gen01.HitRate5                   : num  0.1064 0.1316 0.05 0.0897 0.0366 ...
 $ EOF                              : int  1 1 1 1 1 1 1 1 1 1 ...
NULL
[1] "2022-02-26 23:11:06 --- transform Finish ---"
[1] "2022-02-26 23:11:06 --- na.omit Start ---"
[1] "--------------------------------------------------------------------------------"
[1] "nrow(data) na.omit before=855"
[1] "nrow(data) na.omit after =855"
[1] "nrow(data) na.omit diff =0"
[1] "--------------------------------------------------------------------------------"
'data.frame':	855 obs. of  44 variables:
 $ Race.RaceId                      : Factor w/ 855 levels "20160124-06-01-08-11",..: 11 12 13 14 15 16 17 18 19 20 ...
 $ Race.IsAnalyzeNormalPastAndFuture: logi  TRUE TRUE TRUE TRUE TRUE TRUE ...
 $ Race.IsAnalyzeNormalPast         : logi  TRUE TRUE TRUE TRUE TRUE TRUE ...
 $ Race.IsAnalyzeNormalFuture       : logi  FALSE FALSE FALSE FALSE FALSE FALSE ...
 $ Race.IsAnalyzeFullPastAndFuture  : logi  TRUE TRUE TRUE TRUE TRUE TRUE ...
 $ Race.IsAnalyzeFullPast           : logi  TRUE TRUE TRUE TRUE TRUE TRUE ...
 $ Race.IsAnalyzeFullFuture         : logi  FALSE FALSE FALSE FALSE FALSE FALSE ...
 $ Race.JyokenCd                    : Factor w/ 1 level "1": 1 1 1 1 1 1 1 1 1 1 ...
 $ Race.JyoType1Cd                  : Factor w/ 139 levels "1-06-2200-1-1",..: 5 11 12 13 12 14 15 15 16 17 ...
 $ Race.RaceType1Cd                 : Factor w/ 16 levels "1-1-B-2","1-1-C-1",..: 7 3 7 6 7 6 1 1 8 3 ...
 $ RaceHorse.RaceId                 : Factor w/ 855 levels "20160124-06-01-08-11",..: 11 12 13 14 15 16 17 18 19 20 ...
 $ RaceHorse.KettoNum               : Factor w/ 514 levels "2009102678","2013105840",..: 11 12 13 14 15 16 17 18 19 20 ...
 $ RaceHorse.IsHit1                 : num  1 1 1 1 1 1 1 1 1 1 ...
 $ RaceHorse.IsHit2                 : num  0 0 0 0 0 0 0 0 0 0 ...
 $ RaceHorse.IsHit3                 : num  0 0 0 0 0 0 0 0 0 0 ...
 $ RaceHorse.IsHit4                 : num  0 0 0 0 0 0 0 0 0 0 ...
 $ RaceHorse.IsHit5                 : num  0 0 0 0 0 0 0 0 0 0 ...
 $ RaceHorse.IsHit6                 : num  0 0 0 0 0 0 0 0 0 0 ...
 $ RaceHorse.IsValidRaceHorse       : logi  TRUE TRUE TRUE TRUE TRUE TRUE ...
 $ RaceHorse.TimeSdvByRace          : num  1.18 1.63 1.14 1.32 1.72 ...
 $ RaceHorse.TimeSdv                : num  0.259 -0.851 -1.131 0.489 0.151 ...
 $ RaceHorse.IsHitA                 : num  1 1 1 1 1 1 1 1 1 1 ...
 $ RaceHorse.IsHitB                 : num  1 1 1 1 1 1 1 1 1 1 ...
 $ RaceHorse.IsHitC                 : num  1 1 1 1 1 1 1 1 1 1 ...
 $ Gen01.HansyokuNum                : Factor w/ 106 levels "11202086","11202119",..: 2 1 1 1 1 1 8 1 1 9 ...
 $ Gen01.TimeSdvByRaceAvg           : num  0.225 0.616 0.346 0.534 0.344 ...
 $ Gen01.TimeSdvByRaceMin           : num  -2.66 -1.71 -2.17 -1.76 -2.17 ...
 $ Gen01.TimeSdvByRaceMax           : num  1.8 2.05 1.63 2.07 1.63 ...
 $ Gen01.TimeSdvAvg                 : num  0.1027 0.1752 0.1471 0.1461 0.0916 ...
 $ Gen01.TimeSdvMin                 : num  -2.22 -2.04 -1.91 -2.42 -1.91 ...
 $ Gen01.TimeSdvMax                 : num  1.37 1.82 2.28 2.21 2.28 ...
 $ Gen01.OrderOfFinishSdvAvg        : num  0.139 0.589 0.35 0.53 0.356 ...
 $ Gen01.RunCount                   : num  94 114 80 156 82 158 58 127 58 18 ...
 $ Gen01.HitCount1                  : num  7 22 11 17 12 19 3 16 5 0 ...
 $ Gen01.HitCount2                  : num  8 16 8 18 8 19 5 16 8 2 ...
 $ Gen01.HitCount3                  : num  5 11 11 16 12 16 7 11 4 1 ...
 $ Gen01.HitCount4                  : num  12 14 8 21 7 20 4 9 4 3 ...
 $ Gen01.HitCount5                  : num  10 15 4 14 3 14 5 6 7 3 ...
 $ Gen01.HitRate1                   : num  0.0745 0.193 0.1375 0.109 0.1463 ...
 $ Gen01.HitRate2                   : num  0.0851 0.1404 0.1 0.1154 0.0976 ...
 $ Gen01.HitRate3                   : num  0.0532 0.0965 0.1375 0.1026 0.1463 ...
 $ Gen01.HitRate4                   : num  0.1277 0.1228 0.1 0.1346 0.0854 ...
 $ Gen01.HitRate5                   : num  0.1064 0.1316 0.05 0.0897 0.0366 ...
 $ EOF                              : int  1 1 1 1 1 1 1 1 1 1 ...
[1] "2022-02-26 23:11:08 --- na.omit Finish ---"
[1] "2022-02-26 23:11:08 --- rxGlm with rxStepControl Start ---"

> print(paste0(Sys.time(), " --- source_logic_glm.R Start ---"))
[1] "2022-02-26 23:11:08 --- source_logic_glm.R Start ---"

> formula <- formula(RaceHorse.IsHitA ~ +1 + Gen01.TimeSdvByRaceAvg)

> print(paste0(Sys.time(), " --- source_logic_glm.R Finished ---"))
[1] "2022-02-26 23:11:08 --- source_logic_glm.R Finished ---"
Rows Read: 855, Total Rows Processed: 855, Total Chunk Time: Less than .001 seconds 

Starting values (iteration 1) time: 0.032 secs.
Rows Read: 855, Total Rows Processed: 855, Total Chunk Time: 0.002 seconds 

Iteration 2 time: 0.012 secs.

Elapsed computation time: 0.054 secs.
Rows Read: 855, Total Rows Processed: 855, Total Chunk Time: 0.001 seconds 

Starting values (iteration 1) time: 0.006 secs.
Rows Read: 855, Total Rows Processed: 855, Total Chunk Time: 0.001 seconds 

Iteration 2 time: 0.006 secs.

Elapsed computation time: 0.026 secs.
Rows Read: 855, Total Rows Processed: 855, Total Chunk Time: 0.001 seconds 

Starting values (iteration 1) time: 0.008 secs.
Rows Read: 855, Total Rows Processed: 855, Total Chunk Time: Less than .001 seconds 

Iteration 2 time: 0.007 secs.

Elapsed computation time: 0.031 secs.
Rows Read: 855, Total Rows Processed: 855, Total Chunk Time: 0.001 seconds 

Starting values (iteration 1) time: 0.005 secs.
Rows Read: 855, Total Rows Processed: 855, Total Chunk Time: Less than .001 seconds 

Iteration 2 time: 0.007 secs.

Elapsed computation time: 0.026 secs.

Elapsed computation time: 0.165 secs.
[1] "--------------------------------------------------------------------------------"
[1] "analyze.results.glm.step="
Logistic Regression Results for: RaceHorse.IsHitA ~ 1
Data: data
Dependent variable(s): RaceHorse.IsHitA
Total independent variables: 1 
Number of valid observations: 855
Number of missing observations: 0 
 
Coefficients:
            RaceHorse.IsHitA
(Intercept)                2
[1] "analyze.results.glm.step.summary"
Call:
rxLogit(formula = formula, data = data, variableSelection = analyze.results.glm.step.varsel)

Logistic Regression Results for: RaceHorse.IsHitA ~ 1
Data: data
Dependent variable(s): RaceHorse.IsHitA
Total independent variables: 1 
Number of valid observations: 855
Number of missing observations: 0 
-2*LogLikelihood: 1185.282 (Residual deviance on 854 degrees of freedom)
 
Coefficients:
            Estimate Std. Error z value Pr(>|z|)    
(Intercept)   2.0000     0.0684    29.2  2.2e-16 ***
---
Signif. codes:  0 '***' 0.001 '**' 0.01 '*' 0.05 '.' 0.1 ' ' 1

Condition number of final variance-covariance matrix: 1 
Number of iterations: 2
[1] "--------------------------------------------------------------------------------"
[1] "2022-02-26 23:11:08 --- rxGlm with rxStepControl Finish ---"
[1] "2022-02-26 23:11:08 --- rxStepPlot Start ---"
[1] "pdfFilename=pdf_analyze_glm_Gen01_Type11_rxStepPlot.pdf"
[1] "rxStepPlot="
[1] "2022-02-26 23:11:09 --- rxStepPlot Finish ---"
[1] "2022-02-26 23:11:09 --- save.image Start ---"
[1] "save.image"
[1] "rdataFilename=RData_analyze_glm_Gen01_Type11.RData"
[1] "2022-02-26 23:11:09 --- save.image Finish ---"
[1] "2022-02-26 23:11:09 --- final Start ---"
[1] "--------------------------------------------------------------------------------"
[1] "nrow(data) final=855"
[1] "--------------------------------------------------------------------------------"
[1] "2022-02-26 23:11:09 --- final Finish ---"
[1] "2022-02-26 23:11:09 --- analyze_glm.R Finished ---"
[1] "2022-02-26 23:11:09 --- log Finish ---"
