[1] "2022-02-26 23:12:35 --- D1115_analyze_glm_Jockey_IsHitA_Type31 Start ---"
[1] "2022-02-26 23:12:35 --- Log Start ---"
[1] "2022-02-26 23:12:35 --- analyze_glm.R Start ---"
[1] "analyzeVersion=D1115"
[1] "analyzeCategory=analyze"
[1] "analyzeType=Jockey"
[1] "analyzeFamily=IsHitA"
[1] "analyzeFunc=glm"
[1] "analyzeTrackTypeCd=3"
[1] "analyzeJyokenCd=1"
[1] "2022-02-26 23:12:35 --- source_function.R Start ---"
[1] "2022-02-26 23:12:35 --- source_function.R Finished ---"

> print(paste0(Sys.time(), " --- source_library.R Start ---"))
[1] "2022-02-26 23:12:35 --- source_library.R Start ---"

> require("RevoScaleR")

> print(paste0(Sys.time(), " --- source_library.R Finished ---"))
[1] "2022-02-26 23:12:37 --- source_library.R Finished ---"
[1] "2022-02-26 23:12:37 --- RxSqlServerData Start ---"
[1] "2022-02-26 23:12:37 --- RxInSqlServer Start ---"
[1] "2022-02-26 23:12:37 --- RxInSqlServer Finish ---"
[1] "2022-02-26 23:12:37 --- rxSetComputeContext Start ---"
[1] "2022-02-26 23:12:37 --- rxSetComputeContext Finish ---"
[1] "2022-02-26 23:12:37 --- RxSqlServerData Start ---"
[1] "sqlQuery=SELECT * FROM ViewAnalyzeD1115analyze01JockeyType31"
[1] "2022-02-26 23:12:37 --- RxSqlServerData Finish ---"
[1] "2022-02-26 23:12:38 --- rxGetVarInfo Start ---"
[1] "2022-02-26 23:12:40 --- rxGetVarInfo Finish---"
[1] "2022-02-26 23:12:40 --- rxImport Start ---"
Rows Read: 213, Total Rows Processed: 213, Total Chunk Time: 4.401 seconds 
[1] "2022-02-26 23:12:51 --- rxImport Finish ---"
[1] "object.size(data) auto=118.2 Kb"
[1] "--------------------------------------------------------------------------------"
[1] "nrow(data) RxSqlServerData=213"
[1] "--------------------------------------------------------------------------------"
[1] "str(data)="
'data.frame':	213 obs. of  43 variables:
 $ Race.RaceId                      : Factor w/ 213 levels "20160903-10-02-11-04",..: 1 2 3 4 5 6 7 8 9 10 ...
 $ Race.IsAnalyzeNormalPastAndFuture: logi  TRUE TRUE TRUE TRUE TRUE TRUE ...
 $ Race.IsAnalyzeNormalPast         : logi  TRUE TRUE TRUE TRUE TRUE TRUE ...
 $ Race.IsAnalyzeNormalFuture       : logi  FALSE FALSE FALSE FALSE FALSE FALSE ...
 $ Race.IsAnalyzeFullPastAndFuture  : logi  TRUE TRUE TRUE TRUE TRUE TRUE ...
 $ Race.IsAnalyzeFullPast           : logi  TRUE TRUE TRUE TRUE TRUE TRUE ...
 $ Race.IsAnalyzeFullFuture         : logi  FALSE FALSE FALSE FALSE FALSE FALSE ...
 $ Race.JyokenCd                    : Factor w/ 1 level "1": 1 1 1 1 1 1 1 1 1 1 ...
 $ Race.JyoType1Cd                  : Factor w/ 53 levels "3-10-2860-1-1",..: 1 2 3 4 5 6 7 8 9 10 ...
 $ Race.RaceType1Cd                 : Factor w/ 5 levels "3-1-X-3","3-1-E-3",..: 1 2 2 1 1 1 3 1 4 2 ...
 $ RaceHorse.RaceId                 : Factor w/ 213 levels "20160903-10-02-11-04",..: 1 2 3 4 5 6 7 8 9 10 ...
 $ RaceHorse.KettoNum               : Factor w/ 125 levels "2009100967","2012104966",..: 1 1 1 2 3 2 3 4 5 6 ...
 $ RaceHorse.IsHit1                 : num  1 1 1 1 1 1 1 1 1 1 ...
 $ RaceHorse.IsHit2                 : num  0 0 0 0 0 0 0 0 0 0 ...
 $ RaceHorse.IsHit3                 : num  0 0 0 0 0 0 0 0 0 0 ...
 $ RaceHorse.IsHit4                 : num  0 0 0 0 0 0 0 0 0 0 ...
 $ RaceHorse.IsHit5                 : num  0 0 0 0 0 0 0 0 0 0 ...
 $ RaceHorse.IsHit6                 : num  0 0 0 0 0 0 0 0 0 0 ...
 $ RaceHorse.IsValidRaceHorse       : logi  TRUE TRUE TRUE TRUE TRUE TRUE ...
 $ RaceHorse.TimeSdvByRace          : num  1.95 1.17 1.91 1.44 1.13 ...
 $ RaceHorse.TimeSdv                : num  0.831 -0.256 2.119 1.863 1.057 ...
 $ RaceHorse.IsHitA                 : num  1 1 1 1 1 1 1 1 1 1 ...
 $ RaceHorse.IsHitB                 : num  1 1 1 1 1 1 1 1 1 1 ...
 $ RaceHorse.IsHitC                 : num  1 1 1 1 1 1 1 1 1 1 ...
 $ Jockey.TimeSdvByRaceAvg          : num  0.0702 -0.0812 -0.0215 0.0449 0.0667 ...
 $ Jockey.TimeSdvByRaceMin          : num  -2.8 -2.22 -2.22 -2.8 -2.8 ...
 $ Jockey.TimeSdvByRaceMax          : num  1.73 1.15 1.17 1.95 1.95 ...
 $ Jockey.TimeSdvAvg                : num  0.0313 -0.32462 -0.32134 -0.02882 0.00073 ...
 $ Jockey.TimeSdvMin                : num  -3.03 -1.99 -1.99 -3.03 -3.03 ...
 $ Jockey.TimeSdvMax                : num  1.494 0.781 0.781 1.494 1.863 ...
 $ Jockey.OrderOfFinishSdvAvg       : num  0.182 -0.16 -0.08 0.121 0.143 ...
 $ Jockey.RunCount                  : num  55 20 21 63 64 65 12 71 18 24 ...
 $ Jockey.HitCount1                 : num  5 1 2 6 7 8 1 9 0 2 ...
 $ Jockey.HitCount2                 : num  7 1 1 9 9 9 1 12 1 1 ...
 $ Jockey.HitCount3                 : num  9 1 1 7 7 7 1 7 0 3 ...
 $ Jockey.HitCount4                 : num  6 3 3 6 6 6 1 3 1 4 ...
 $ Jockey.HitCount5                 : num  2 1 1 2 2 2 1 2 3 1 ...
 $ Jockey.HitRate1                  : num  0.0909 0.05 0.0952 0.0952 0.1094 ...
 $ Jockey.HitRate2                  : num  0.1273 0.05 0.0476 0.1429 0.1406 ...
 $ Jockey.HitRate3                  : num  0.1636 0.05 0.0476 0.1111 0.1094 ...
 $ Jockey.HitRate4                  : num  0.1091 0.15 0.1429 0.0952 0.0938 ...
 $ Jockey.HitRate5                  : num  0.0364 0.05 0.0476 0.0317 0.0312 ...
 $ EOF                              : int  1 1 1 1 1 1 1 1 1 1 ...
[1] "2022-02-26 23:13:00 --- RxSqlServerData Finish ---"
[1] "2022-02-26 23:13:00 --- subset Start ---"
[1] "--------------------------------------------------------------------------------"
[1] "nrow(data) subset before=213"
[1] "nrow(data) subset after =213"
[1] "nrow(data) subset diff =0"
[1] "--------------------------------------------------------------------------------"
[1] "2022-02-26 23:13:01 --- subset Finish---"
[1] "2022-02-26 23:13:02 --- transform Start ---"
[1] "--------------------------------------------------------------------------------"
[1] "nrow(data) transform before=213"
[1] "nrow(data) transform after=213"
[1] "nrow(data) transform diff=0"
[1] "--------------------------------------------------------------------------------"
[1] "str(data)="
'data.frame':	213 obs. of  43 variables:
 $ Race.RaceId                      : Factor w/ 213 levels "20160903-10-02-11-04",..: 1 2 3 4 5 6 7 8 9 10 ...
 $ Race.IsAnalyzeNormalPastAndFuture: logi  TRUE TRUE TRUE TRUE TRUE TRUE ...
 $ Race.IsAnalyzeNormalPast         : logi  TRUE TRUE TRUE TRUE TRUE TRUE ...
 $ Race.IsAnalyzeNormalFuture       : logi  FALSE FALSE FALSE FALSE FALSE FALSE ...
 $ Race.IsAnalyzeFullPastAndFuture  : logi  TRUE TRUE TRUE TRUE TRUE TRUE ...
 $ Race.IsAnalyzeFullPast           : logi  TRUE TRUE TRUE TRUE TRUE TRUE ...
 $ Race.IsAnalyzeFullFuture         : logi  FALSE FALSE FALSE FALSE FALSE FALSE ...
 $ Race.JyokenCd                    : Factor w/ 1 level "1": 1 1 1 1 1 1 1 1 1 1 ...
 $ Race.JyoType1Cd                  : Factor w/ 53 levels "3-10-2860-1-1",..: 1 2 3 4 5 6 7 8 9 10 ...
 $ Race.RaceType1Cd                 : Factor w/ 5 levels "3-1-X-3","3-1-E-3",..: 1 2 2 1 1 1 3 1 4 2 ...
 $ RaceHorse.RaceId                 : Factor w/ 213 levels "20160903-10-02-11-04",..: 1 2 3 4 5 6 7 8 9 10 ...
 $ RaceHorse.KettoNum               : Factor w/ 125 levels "2009100967","2012104966",..: 1 1 1 2 3 2 3 4 5 6 ...
 $ RaceHorse.IsHit1                 : num  1 1 1 1 1 1 1 1 1 1 ...
 $ RaceHorse.IsHit2                 : num  0 0 0 0 0 0 0 0 0 0 ...
 $ RaceHorse.IsHit3                 : num  0 0 0 0 0 0 0 0 0 0 ...
 $ RaceHorse.IsHit4                 : num  0 0 0 0 0 0 0 0 0 0 ...
 $ RaceHorse.IsHit5                 : num  0 0 0 0 0 0 0 0 0 0 ...
 $ RaceHorse.IsHit6                 : num  0 0 0 0 0 0 0 0 0 0 ...
 $ RaceHorse.IsValidRaceHorse       : logi  TRUE TRUE TRUE TRUE TRUE TRUE ...
 $ RaceHorse.TimeSdvByRace          : num  1.95 1.17 1.91 1.44 1.13 ...
 $ RaceHorse.TimeSdv                : num  0.831 -0.256 2.119 1.863 1.057 ...
 $ RaceHorse.IsHitA                 : num  1 1 1 1 1 1 1 1 1 1 ...
 $ RaceHorse.IsHitB                 : num  1 1 1 1 1 1 1 1 1 1 ...
 $ RaceHorse.IsHitC                 : num  1 1 1 1 1 1 1 1 1 1 ...
 $ Jockey.TimeSdvByRaceAvg          : num  0.0702 -0.0812 -0.0215 0.0449 0.0667 ...
 $ Jockey.TimeSdvByRaceMin          : num  -2.8 -2.22 -2.22 -2.8 -2.8 ...
 $ Jockey.TimeSdvByRaceMax          : num  1.73 1.15 1.17 1.95 1.95 ...
 $ Jockey.TimeSdvAvg                : num  0.0313 -0.32462 -0.32134 -0.02882 0.00073 ...
 $ Jockey.TimeSdvMin                : num  -3.03 -1.99 -1.99 -3.03 -3.03 ...
 $ Jockey.TimeSdvMax                : num  1.494 0.781 0.781 1.494 1.863 ...
 $ Jockey.OrderOfFinishSdvAvg       : num  0.182 -0.16 -0.08 0.121 0.143 ...
 $ Jockey.RunCount                  : num  55 20 21 63 64 65 12 71 18 24 ...
 $ Jockey.HitCount1                 : num  5 1 2 6 7 8 1 9 0 2 ...
 $ Jockey.HitCount2                 : num  7 1 1 9 9 9 1 12 1 1 ...
 $ Jockey.HitCount3                 : num  9 1 1 7 7 7 1 7 0 3 ...
 $ Jockey.HitCount4                 : num  6 3 3 6 6 6 1 3 1 4 ...
 $ Jockey.HitCount5                 : num  2 1 1 2 2 2 1 2 3 1 ...
 $ Jockey.HitRate1                  : num  0.0909 0.05 0.0952 0.0952 0.1094 ...
 $ Jockey.HitRate2                  : num  0.1273 0.05 0.0476 0.1429 0.1406 ...
 $ Jockey.HitRate3                  : num  0.1636 0.05 0.0476 0.1111 0.1094 ...
 $ Jockey.HitRate4                  : num  0.1091 0.15 0.1429 0.0952 0.0938 ...
 $ Jockey.HitRate5                  : num  0.0364 0.05 0.0476 0.0317 0.0312 ...
 $ EOF                              : int  1 1 1 1 1 1 1 1 1 1 ...
NULL
[1] "2022-02-26 23:13:25 --- transform Finish ---"
[1] "2022-02-26 23:13:26 --- na.omit Start ---"
[1] "--------------------------------------------------------------------------------"
[1] "nrow(data) na.omit before=213"
[1] "nrow(data) na.omit after =213"
[1] "nrow(data) na.omit diff =0"
[1] "--------------------------------------------------------------------------------"
'data.frame':	213 obs. of  43 variables:
 $ Race.RaceId                      : Factor w/ 213 levels "20160903-10-02-11-04",..: 1 2 3 4 5 6 7 8 9 10 ...
 $ Race.IsAnalyzeNormalPastAndFuture: logi  TRUE TRUE TRUE TRUE TRUE TRUE ...
 $ Race.IsAnalyzeNormalPast         : logi  TRUE TRUE TRUE TRUE TRUE TRUE ...
 $ Race.IsAnalyzeNormalFuture       : logi  FALSE FALSE FALSE FALSE FALSE FALSE ...
 $ Race.IsAnalyzeFullPastAndFuture  : logi  TRUE TRUE TRUE TRUE TRUE TRUE ...
 $ Race.IsAnalyzeFullPast           : logi  TRUE TRUE TRUE TRUE TRUE TRUE ...
 $ Race.IsAnalyzeFullFuture         : logi  FALSE FALSE FALSE FALSE FALSE FALSE ...
 $ Race.JyokenCd                    : Factor w/ 1 level "1": 1 1 1 1 1 1 1 1 1 1 ...
 $ Race.JyoType1Cd                  : Factor w/ 53 levels "3-10-2860-1-1",..: 1 2 3 4 5 6 7 8 9 10 ...
 $ Race.RaceType1Cd                 : Factor w/ 5 levels "3-1-X-3","3-1-E-3",..: 1 2 2 1 1 1 3 1 4 2 ...
 $ RaceHorse.RaceId                 : Factor w/ 213 levels "20160903-10-02-11-04",..: 1 2 3 4 5 6 7 8 9 10 ...
 $ RaceHorse.KettoNum               : Factor w/ 125 levels "2009100967","2012104966",..: 1 1 1 2 3 2 3 4 5 6 ...
 $ RaceHorse.IsHit1                 : num  1 1 1 1 1 1 1 1 1 1 ...
 $ RaceHorse.IsHit2                 : num  0 0 0 0 0 0 0 0 0 0 ...
 $ RaceHorse.IsHit3                 : num  0 0 0 0 0 0 0 0 0 0 ...
 $ RaceHorse.IsHit4                 : num  0 0 0 0 0 0 0 0 0 0 ...
 $ RaceHorse.IsHit5                 : num  0 0 0 0 0 0 0 0 0 0 ...
 $ RaceHorse.IsHit6                 : num  0 0 0 0 0 0 0 0 0 0 ...
 $ RaceHorse.IsValidRaceHorse       : logi  TRUE TRUE TRUE TRUE TRUE TRUE ...
 $ RaceHorse.TimeSdvByRace          : num  1.95 1.17 1.91 1.44 1.13 ...
 $ RaceHorse.TimeSdv                : num  0.831 -0.256 2.119 1.863 1.057 ...
 $ RaceHorse.IsHitA                 : num  1 1 1 1 1 1 1 1 1 1 ...
 $ RaceHorse.IsHitB                 : num  1 1 1 1 1 1 1 1 1 1 ...
 $ RaceHorse.IsHitC                 : num  1 1 1 1 1 1 1 1 1 1 ...
 $ Jockey.TimeSdvByRaceAvg          : num  0.0702 -0.0812 -0.0215 0.0449 0.0667 ...
 $ Jockey.TimeSdvByRaceMin          : num  -2.8 -2.22 -2.22 -2.8 -2.8 ...
 $ Jockey.TimeSdvByRaceMax          : num  1.73 1.15 1.17 1.95 1.95 ...
 $ Jockey.TimeSdvAvg                : num  0.0313 -0.32462 -0.32134 -0.02882 0.00073 ...
 $ Jockey.TimeSdvMin                : num  -3.03 -1.99 -1.99 -3.03 -3.03 ...
 $ Jockey.TimeSdvMax                : num  1.494 0.781 0.781 1.494 1.863 ...
 $ Jockey.OrderOfFinishSdvAvg       : num  0.182 -0.16 -0.08 0.121 0.143 ...
 $ Jockey.RunCount                  : num  55 20 21 63 64 65 12 71 18 24 ...
 $ Jockey.HitCount1                 : num  5 1 2 6 7 8 1 9 0 2 ...
 $ Jockey.HitCount2                 : num  7 1 1 9 9 9 1 12 1 1 ...
 $ Jockey.HitCount3                 : num  9 1 1 7 7 7 1 7 0 3 ...
 $ Jockey.HitCount4                 : num  6 3 3 6 6 6 1 3 1 4 ...
 $ Jockey.HitCount5                 : num  2 1 1 2 2 2 1 2 3 1 ...
 $ Jockey.HitRate1                  : num  0.0909 0.05 0.0952 0.0952 0.1094 ...
 $ Jockey.HitRate2                  : num  0.1273 0.05 0.0476 0.1429 0.1406 ...
 $ Jockey.HitRate3                  : num  0.1636 0.05 0.0476 0.1111 0.1094 ...
 $ Jockey.HitRate4                  : num  0.1091 0.15 0.1429 0.0952 0.0938 ...
 $ Jockey.HitRate5                  : num  0.0364 0.05 0.0476 0.0317 0.0312 ...
 $ EOF                              : int  1 1 1 1 1 1 1 1 1 1 ...
[1] "2022-02-26 23:13:45 --- na.omit Finish ---"
[1] "2022-02-26 23:13:46 --- rxGlm with rxStepControl Start ---"

> print(paste0(Sys.time(), " --- source_logic_glm.R Start ---"))
[1] "2022-02-26 23:13:46 --- source_logic_glm.R Start ---"

> formula <- formula(RaceHorse.IsHitA ~ +1 + Jockey.TimeSdvByRaceAvg)

> print(paste0(Sys.time(), " --- source_logic_glm.R Finished ---"))
[1] "2022-02-26 23:13:47 --- source_logic_glm.R Finished ---"
Rows Read: 213, Total Rows Processed: 213, Total Chunk Time: 0.001 seconds 

Starting values (iteration 1) time: 0.008 secs.
Rows Read: 213, Total Rows Processed: 213, Total Chunk Time: 0.001 seconds 

Iteration 2 time: 0.007 secs.

Elapsed computation time: 0.024 secs.
Rows Read: 213, Total Rows Processed: 213, Total Chunk Time: 0.001 seconds 

Starting values (iteration 1) time: 0.005 secs.
Rows Read: 213, Total Rows Processed: 213, Total Chunk Time: 0.001 seconds 

Iteration 2 time: 0.006 secs.

Elapsed computation time: 0.023 secs.
Rows Read: 213, Total Rows Processed: 213, Total Chunk Time: Less than .001 seconds 

Starting values (iteration 1) time: 0.007 secs.
Rows Read: 213, Total Rows Processed: 213, Total Chunk Time: 0.001 seconds 

Iteration 2 time: 0.006 secs.

Elapsed computation time: 0.028 secs.
Rows Read: 213, Total Rows Processed: 213, Total Chunk Time: Less than .001 seconds 

Starting values (iteration 1) time: 0.004 secs.
Rows Read: 213, Total Rows Processed: 213, Total Chunk Time: Less than .001 seconds 

Iteration 2 time: 0.006 secs.

Elapsed computation time: 0.026 secs.

Elapsed computation time: 0.127 secs.
[1] "--------------------------------------------------------------------------------"
[1] "analyze.results.glm.step="
Logistic Regression Results for: RaceHorse.IsHitA ~ 1
Data: data
Dependent variable(s): RaceHorse.IsHitA
Total independent variables: 1 
Number of valid observations: 213
Number of missing observations: 0 
 
Coefficients:
            RaceHorse.IsHitA
(Intercept)                2
[1] "analyze.results.glm.step.summary"
Call:
rxLogit(formula = formula, data = data, variableSelection = analyze.results.glm.step.varsel)

Logistic Regression Results for: RaceHorse.IsHitA ~ 1
Data: data
Dependent variable(s): RaceHorse.IsHitA
Total independent variables: 1 
Number of valid observations: 213
Number of missing observations: 0 
-2*LogLikelihood: 295.281 (Residual deviance on 212 degrees of freedom)
 
Coefficients:
            Estimate Std. Error z value Pr(>|z|)    
(Intercept)    2.000      0.137    14.6  2.2e-16 ***
---
Signif. codes:  0 '***' 0.001 '**' 0.01 '*' 0.05 '.' 0.1 ' ' 1

Condition number of final variance-covariance matrix: 1 
Number of iterations: 2
[1] "--------------------------------------------------------------------------------"
[1] "2022-02-26 23:13:48 --- rxGlm with rxStepControl Finish ---"
[1] "2022-02-26 23:13:49 --- rxStepPlot Start ---"
[1] "pdfFilename=pdf_analyze_glm_Jockey_Type31_rxStepPlot.pdf"
[1] "rxStepPlot="
[1] "2022-02-26 23:13:49 --- rxStepPlot Finish ---"
[1] "2022-02-26 23:13:49 --- save.image Start ---"
[1] "save.image"
[1] "rdataFilename=RData_analyze_glm_Jockey_Type31.RData"
[1] "2022-02-26 23:13:50 --- save.image Finish ---"
[1] "2022-02-26 23:13:50 --- final Start ---"
[1] "--------------------------------------------------------------------------------"
[1] "nrow(data) final=213"
[1] "--------------------------------------------------------------------------------"
[1] "2022-02-26 23:13:50 --- final Finish ---"
[1] "2022-02-26 23:13:50 --- analyze_glm.R Finished ---"
[1] "2022-02-26 23:13:50 --- log Finish ---"
