[1] "2022-02-26 23:10:39 --- D1115_analyze_glm_Gen01_IsHitA_Type14 Start ---"
[1] "2022-02-26 23:10:39 --- Log Start ---"
[1] "2022-02-26 23:10:39 --- analyze_glm.R Start ---"
[1] "analyzeVersion=D1115"
[1] "analyzeCategory=analyze"
[1] "analyzeType=Gen01"
[1] "analyzeFamily=IsHitA"
[1] "analyzeFunc=glm"
[1] "analyzeTrackTypeCd=1"
[1] "analyzeJyokenCd=4"
[1] "2022-02-26 23:10:39 --- source_function.R Start ---"
[1] "2022-02-26 23:10:39 --- source_function.R Finished ---"

> print(paste0(Sys.time(), " --- source_library.R Start ---"))
[1] "2022-02-26 23:10:39 --- source_library.R Start ---"

> require("RevoScaleR")

> print(paste0(Sys.time(), " --- source_library.R Finished ---"))
[1] "2022-02-26 23:10:39 --- source_library.R Finished ---"
[1] "2022-02-26 23:10:39 --- RxSqlServerData Start ---"
[1] "2022-02-26 23:10:39 --- RxInSqlServer Start ---"
[1] "2022-02-26 23:10:39 --- RxInSqlServer Finish ---"
[1] "2022-02-26 23:10:39 --- rxSetComputeContext Start ---"
[1] "2022-02-26 23:10:39 --- rxSetComputeContext Finish ---"
[1] "2022-02-26 23:10:39 --- RxSqlServerData Start ---"
[1] "sqlQuery=SELECT * FROM ViewAnalyzeD1115analyze01Gen01Type14"
[1] "2022-02-26 23:10:39 --- RxSqlServerData Finish ---"
[1] "2022-02-26 23:10:39 --- rxGetVarInfo Start ---"
[1] "2022-02-26 23:10:40 --- rxGetVarInfo Finish---"
[1] "2022-02-26 23:10:40 --- rxImport Start ---"
Rows Read: 2203, Total Rows Processed: 2203, Total Chunk Time: 17.923 seconds 
[1] "2022-02-26 23:11:15 --- rxImport Finish ---"
[1] "object.size(data) auto=1.2 Mb"
[1] "--------------------------------------------------------------------------------"
[1] "nrow(data) RxSqlServerData=2203"
[1] "--------------------------------------------------------------------------------"
[1] "str(data)="
'data.frame':	2203 obs. of  44 variables:
 $ Race.RaceId                      : Factor w/ 2199 levels "20160116-07-01-01-09",..: 11 12 13 14 15 16 17 18 19 20 ...
 $ Race.IsAnalyzeNormalPastAndFuture: logi  TRUE TRUE TRUE TRUE TRUE TRUE ...
 $ Race.IsAnalyzeNormalPast         : logi  TRUE TRUE TRUE TRUE TRUE TRUE ...
 $ Race.IsAnalyzeNormalFuture       : logi  FALSE FALSE FALSE FALSE FALSE FALSE ...
 $ Race.IsAnalyzeFullPastAndFuture  : logi  TRUE TRUE TRUE TRUE TRUE TRUE ...
 $ Race.IsAnalyzeFullPast           : logi  TRUE TRUE TRUE TRUE TRUE TRUE ...
 $ Race.IsAnalyzeFullFuture         : logi  FALSE FALSE FALSE FALSE FALSE FALSE ...
 $ Race.JyokenCd                    : Factor w/ 1 level "4": 1 1 1 1 1 1 1 1 1 1 ...
 $ Race.JyoType1Cd                  : Factor w/ 176 levels "1-07-2000-4-1",..: 10 11 12 13 14 15 2 16 17 18 ...
 $ Race.RaceType1Cd                 : Factor w/ 6 levels "1-4-X-2","1-4-X-1",..: 1 2 5 6 6 1 1 6 5 2 ...
 $ RaceHorse.RaceId                 : Factor w/ 2199 levels "20160116-07-01-01-09",..: 11 12 13 14 15 16 17 18 19 20 ...
 $ RaceHorse.KettoNum               : Factor w/ 1997 levels "2012104129","2011102899",..: 11 12 13 14 15 16 17 18 19 20 ...
 $ RaceHorse.IsHit1                 : num  1 1 1 1 1 1 1 1 1 1 ...
 $ RaceHorse.IsHit2                 : num  0 0 0 0 0 0 0 0 0 0 ...
 $ RaceHorse.IsHit3                 : num  0 0 0 0 0 0 0 0 0 0 ...
 $ RaceHorse.IsHit4                 : num  0 0 0 0 0 0 0 0 0 0 ...
 $ RaceHorse.IsHit5                 : num  0 0 0 0 0 0 0 0 0 0 ...
 $ RaceHorse.IsHit6                 : num  0 0 0 0 0 0 0 0 0 0 ...
 $ RaceHorse.IsValidRaceHorse       : logi  TRUE TRUE TRUE TRUE TRUE TRUE ...
 $ RaceHorse.TimeSdvByRace          : num  1.56 1.16 1.2 1.6 1.18 ...
 $ RaceHorse.TimeSdv                : num  -0.56 0.26 0.928 0.808 1.364 ...
 $ RaceHorse.IsHitA                 : num  1 1 1 1 1 1 1 1 1 1 ...
 $ RaceHorse.IsHitB                 : num  1 1 1 1 1 1 1 1 1 1 ...
 $ RaceHorse.IsHitC                 : num  1 1 1 1 1 1 1 1 1 1 ...
 $ Gen01.HansyokuNum                : Factor w/ 208 levels "11202219","11201981",..: 10 4 11 12 13 9 14 15 11 16 ...
 $ Gen01.TimeSdvByRaceAvg           : num  0.1429 0.2182 -0.2881 0.301 -0.0574 ...
 $ Gen01.TimeSdvByRaceMin           : num  -2.87 -2.79 -2.27 -3 -2.72 ...
 $ Gen01.TimeSdvByRaceMax           : num  2.28 2.49 1.4 2.4 1.4 ...
 $ Gen01.TimeSdvAvg                 : num  0.147 0.231 -0.17 0.178 0.021 ...
 $ Gen01.TimeSdvMin                 : num  -3.18 -3.51 -2.11 -3.11 -1.93 ...
 $ Gen01.TimeSdvMax                 : num  1.87 2.32 1.22 2.27 1.86 ...
 $ Gen01.OrderOfFinishSdvAvg        : num  0.0528 0.2113 -0.3274 0.2508 -0.1698 ...
 $ Gen01.RunCount                   : num  268 396 22 287 58 199 26 61 23 5 ...
 $ Gen01.HitCount1                  : num  23 30 0 44 3 18 1 6 1 1 ...
 $ Gen01.HitCount2                  : num  19 33 2 33 3 9 0 4 3 0 ...
 $ Gen01.HitCount3                  : num  27 42 2 29 6 12 0 7 2 0 ...
 $ Gen01.HitCount4                  : num  22 29 1 23 1 13 1 5 1 1 ...
 $ Gen01.HitCount5                  : num  11 45 4 26 2 14 1 7 4 1 ...
 $ Gen01.HitRate1                   : num  0.0858 0.0758 0 0.1533 0.0517 ...
 $ Gen01.HitRate2                   : num  0.0709 0.0833 0.0909 0.115 0.0517 ...
 $ Gen01.HitRate3                   : num  0.1007 0.1061 0.0909 0.101 0.1034 ...
 $ Gen01.HitRate4                   : num  0.0821 0.0732 0.0455 0.0801 0.0172 ...
 $ Gen01.HitRate5                   : num  0.041 0.1136 0.1818 0.0906 0.0345 ...
 $ EOF                              : int  1 1 1 1 1 1 1 1 1 1 ...
[1] "2022-02-26 23:11:17 --- RxSqlServerData Finish ---"
[1] "2022-02-26 23:11:17 --- subset Start ---"
[1] "--------------------------------------------------------------------------------"
[1] "nrow(data) subset before=2203"
[1] "nrow(data) subset after =2203"
[1] "nrow(data) subset diff =0"
[1] "--------------------------------------------------------------------------------"
[1] "2022-02-26 23:11:17 --- subset Finish---"
[1] "2022-02-26 23:11:17 --- transform Start ---"
[1] "--------------------------------------------------------------------------------"
[1] "nrow(data) transform before=2203"
[1] "nrow(data) transform after=2203"
[1] "nrow(data) transform diff=0"
[1] "--------------------------------------------------------------------------------"
[1] "str(data)="
'data.frame':	2203 obs. of  44 variables:
 $ Race.RaceId                      : Factor w/ 2199 levels "20160116-07-01-01-09",..: 11 12 13 14 15 16 17 18 19 20 ...
 $ Race.IsAnalyzeNormalPastAndFuture: logi  TRUE TRUE TRUE TRUE TRUE TRUE ...
 $ Race.IsAnalyzeNormalPast         : logi  TRUE TRUE TRUE TRUE TRUE TRUE ...
 $ Race.IsAnalyzeNormalFuture       : logi  FALSE FALSE FALSE FALSE FALSE FALSE ...
 $ Race.IsAnalyzeFullPastAndFuture  : logi  TRUE TRUE TRUE TRUE TRUE TRUE ...
 $ Race.IsAnalyzeFullPast           : logi  TRUE TRUE TRUE TRUE TRUE TRUE ...
 $ Race.IsAnalyzeFullFuture         : logi  FALSE FALSE FALSE FALSE FALSE FALSE ...
 $ Race.JyokenCd                    : Factor w/ 1 level "4": 1 1 1 1 1 1 1 1 1 1 ...
 $ Race.JyoType1Cd                  : Factor w/ 176 levels "1-07-2000-4-1",..: 10 11 12 13 14 15 2 16 17 18 ...
 $ Race.RaceType1Cd                 : Factor w/ 6 levels "1-4-X-2","1-4-X-1",..: 1 2 5 6 6 1 1 6 5 2 ...
 $ RaceHorse.RaceId                 : Factor w/ 2199 levels "20160116-07-01-01-09",..: 11 12 13 14 15 16 17 18 19 20 ...
 $ RaceHorse.KettoNum               : Factor w/ 1997 levels "2012104129","2011102899",..: 11 12 13 14 15 16 17 18 19 20 ...
 $ RaceHorse.IsHit1                 : num  1 1 1 1 1 1 1 1 1 1 ...
 $ RaceHorse.IsHit2                 : num  0 0 0 0 0 0 0 0 0 0 ...
 $ RaceHorse.IsHit3                 : num  0 0 0 0 0 0 0 0 0 0 ...
 $ RaceHorse.IsHit4                 : num  0 0 0 0 0 0 0 0 0 0 ...
 $ RaceHorse.IsHit5                 : num  0 0 0 0 0 0 0 0 0 0 ...
 $ RaceHorse.IsHit6                 : num  0 0 0 0 0 0 0 0 0 0 ...
 $ RaceHorse.IsValidRaceHorse       : logi  TRUE TRUE TRUE TRUE TRUE TRUE ...
 $ RaceHorse.TimeSdvByRace          : num  1.56 1.16 1.2 1.6 1.18 ...
 $ RaceHorse.TimeSdv                : num  -0.56 0.26 0.928 0.808 1.364 ...
 $ RaceHorse.IsHitA                 : num  1 1 1 1 1 1 1 1 1 1 ...
 $ RaceHorse.IsHitB                 : num  1 1 1 1 1 1 1 1 1 1 ...
 $ RaceHorse.IsHitC                 : num  1 1 1 1 1 1 1 1 1 1 ...
 $ Gen01.HansyokuNum                : Factor w/ 208 levels "11202219","11201981",..: 10 4 11 12 13 9 14 15 11 16 ...
 $ Gen01.TimeSdvByRaceAvg           : num  0.1429 0.2182 -0.2881 0.301 -0.0574 ...
 $ Gen01.TimeSdvByRaceMin           : num  -2.87 -2.79 -2.27 -3 -2.72 ...
 $ Gen01.TimeSdvByRaceMax           : num  2.28 2.49 1.4 2.4 1.4 ...
 $ Gen01.TimeSdvAvg                 : num  0.147 0.231 -0.17 0.178 0.021 ...
 $ Gen01.TimeSdvMin                 : num  -3.18 -3.51 -2.11 -3.11 -1.93 ...
 $ Gen01.TimeSdvMax                 : num  1.87 2.32 1.22 2.27 1.86 ...
 $ Gen01.OrderOfFinishSdvAvg        : num  0.0528 0.2113 -0.3274 0.2508 -0.1698 ...
 $ Gen01.RunCount                   : num  268 396 22 287 58 199 26 61 23 5 ...
 $ Gen01.HitCount1                  : num  23 30 0 44 3 18 1 6 1 1 ...
 $ Gen01.HitCount2                  : num  19 33 2 33 3 9 0 4 3 0 ...
 $ Gen01.HitCount3                  : num  27 42 2 29 6 12 0 7 2 0 ...
 $ Gen01.HitCount4                  : num  22 29 1 23 1 13 1 5 1 1 ...
 $ Gen01.HitCount5                  : num  11 45 4 26 2 14 1 7 4 1 ...
 $ Gen01.HitRate1                   : num  0.0858 0.0758 0 0.1533 0.0517 ...
 $ Gen01.HitRate2                   : num  0.0709 0.0833 0.0909 0.115 0.0517 ...
 $ Gen01.HitRate3                   : num  0.1007 0.1061 0.0909 0.101 0.1034 ...
 $ Gen01.HitRate4                   : num  0.0821 0.0732 0.0455 0.0801 0.0172 ...
 $ Gen01.HitRate5                   : num  0.041 0.1136 0.1818 0.0906 0.0345 ...
 $ EOF                              : int  1 1 1 1 1 1 1 1 1 1 ...
NULL
[1] "2022-02-26 23:11:18 --- transform Finish ---"
[1] "2022-02-26 23:11:18 --- na.omit Start ---"
[1] "--------------------------------------------------------------------------------"
[1] "nrow(data) na.omit before=2203"
[1] "nrow(data) na.omit after =2203"
[1] "nrow(data) na.omit diff =0"
[1] "--------------------------------------------------------------------------------"
'data.frame':	2203 obs. of  44 variables:
 $ Race.RaceId                      : Factor w/ 2199 levels "20160116-07-01-01-09",..: 11 12 13 14 15 16 17 18 19 20 ...
 $ Race.IsAnalyzeNormalPastAndFuture: logi  TRUE TRUE TRUE TRUE TRUE TRUE ...
 $ Race.IsAnalyzeNormalPast         : logi  TRUE TRUE TRUE TRUE TRUE TRUE ...
 $ Race.IsAnalyzeNormalFuture       : logi  FALSE FALSE FALSE FALSE FALSE FALSE ...
 $ Race.IsAnalyzeFullPastAndFuture  : logi  TRUE TRUE TRUE TRUE TRUE TRUE ...
 $ Race.IsAnalyzeFullPast           : logi  TRUE TRUE TRUE TRUE TRUE TRUE ...
 $ Race.IsAnalyzeFullFuture         : logi  FALSE FALSE FALSE FALSE FALSE FALSE ...
 $ Race.JyokenCd                    : Factor w/ 1 level "4": 1 1 1 1 1 1 1 1 1 1 ...
 $ Race.JyoType1Cd                  : Factor w/ 176 levels "1-07-2000-4-1",..: 10 11 12 13 14 15 2 16 17 18 ...
 $ Race.RaceType1Cd                 : Factor w/ 6 levels "1-4-X-2","1-4-X-1",..: 1 2 5 6 6 1 1 6 5 2 ...
 $ RaceHorse.RaceId                 : Factor w/ 2199 levels "20160116-07-01-01-09",..: 11 12 13 14 15 16 17 18 19 20 ...
 $ RaceHorse.KettoNum               : Factor w/ 1997 levels "2012104129","2011102899",..: 11 12 13 14 15 16 17 18 19 20 ...
 $ RaceHorse.IsHit1                 : num  1 1 1 1 1 1 1 1 1 1 ...
 $ RaceHorse.IsHit2                 : num  0 0 0 0 0 0 0 0 0 0 ...
 $ RaceHorse.IsHit3                 : num  0 0 0 0 0 0 0 0 0 0 ...
 $ RaceHorse.IsHit4                 : num  0 0 0 0 0 0 0 0 0 0 ...
 $ RaceHorse.IsHit5                 : num  0 0 0 0 0 0 0 0 0 0 ...
 $ RaceHorse.IsHit6                 : num  0 0 0 0 0 0 0 0 0 0 ...
 $ RaceHorse.IsValidRaceHorse       : logi  TRUE TRUE TRUE TRUE TRUE TRUE ...
 $ RaceHorse.TimeSdvByRace          : num  1.56 1.16 1.2 1.6 1.18 ...
 $ RaceHorse.TimeSdv                : num  -0.56 0.26 0.928 0.808 1.364 ...
 $ RaceHorse.IsHitA                 : num  1 1 1 1 1 1 1 1 1 1 ...
 $ RaceHorse.IsHitB                 : num  1 1 1 1 1 1 1 1 1 1 ...
 $ RaceHorse.IsHitC                 : num  1 1 1 1 1 1 1 1 1 1 ...
 $ Gen01.HansyokuNum                : Factor w/ 208 levels "11202219","11201981",..: 10 4 11 12 13 9 14 15 11 16 ...
 $ Gen01.TimeSdvByRaceAvg           : num  0.1429 0.2182 -0.2881 0.301 -0.0574 ...
 $ Gen01.TimeSdvByRaceMin           : num  -2.87 -2.79 -2.27 -3 -2.72 ...
 $ Gen01.TimeSdvByRaceMax           : num  2.28 2.49 1.4 2.4 1.4 ...
 $ Gen01.TimeSdvAvg                 : num  0.147 0.231 -0.17 0.178 0.021 ...
 $ Gen01.TimeSdvMin                 : num  -3.18 -3.51 -2.11 -3.11 -1.93 ...
 $ Gen01.TimeSdvMax                 : num  1.87 2.32 1.22 2.27 1.86 ...
 $ Gen01.OrderOfFinishSdvAvg        : num  0.0528 0.2113 -0.3274 0.2508 -0.1698 ...
 $ Gen01.RunCount                   : num  268 396 22 287 58 199 26 61 23 5 ...
 $ Gen01.HitCount1                  : num  23 30 0 44 3 18 1 6 1 1 ...
 $ Gen01.HitCount2                  : num  19 33 2 33 3 9 0 4 3 0 ...
 $ Gen01.HitCount3                  : num  27 42 2 29 6 12 0 7 2 0 ...
 $ Gen01.HitCount4                  : num  22 29 1 23 1 13 1 5 1 1 ...
 $ Gen01.HitCount5                  : num  11 45 4 26 2 14 1 7 4 1 ...
 $ Gen01.HitRate1                   : num  0.0858 0.0758 0 0.1533 0.0517 ...
 $ Gen01.HitRate2                   : num  0.0709 0.0833 0.0909 0.115 0.0517 ...
 $ Gen01.HitRate3                   : num  0.1007 0.1061 0.0909 0.101 0.1034 ...
 $ Gen01.HitRate4                   : num  0.0821 0.0732 0.0455 0.0801 0.0172 ...
 $ Gen01.HitRate5                   : num  0.041 0.1136 0.1818 0.0906 0.0345 ...
 $ EOF                              : int  1 1 1 1 1 1 1 1 1 1 ...
[1] "2022-02-26 23:11:19 --- na.omit Finish ---"
[1] "2022-02-26 23:11:19 --- rxGlm with rxStepControl Start ---"

> print(paste0(Sys.time(), " --- source_logic_glm.R Start ---"))
[1] "2022-02-26 23:11:19 --- source_logic_glm.R Start ---"

> formula <- formula(RaceHorse.IsHitA ~ +1 + Gen01.TimeSdvByRaceAvg)

> print(paste0(Sys.time(), " --- source_logic_glm.R Finished ---"))
[1] "2022-02-26 23:11:19 --- source_logic_glm.R Finished ---"
Rows Read: 2203, Total Rows Processed: 2203, Total Chunk Time: Less than .001 seconds 

Starting values (iteration 1) time: 0.009 secs.
Rows Read: 2203, Total Rows Processed: 2203, Total Chunk Time: 0.002 seconds 

Iteration 2 time: 0.007 secs.

Elapsed computation time: 0.024 secs.
Rows Read: 2203, Total Rows Processed: 2203, Total Chunk Time: Less than .001 seconds 

Starting values (iteration 1) time: 0.007 secs.
Rows Read: 2203, Total Rows Processed: 2203, Total Chunk Time: 0.001 seconds 

Iteration 2 time: 0.005 secs.

Elapsed computation time: 0.024 secs.
Rows Read: 2203, Total Rows Processed: 2203, Total Chunk Time: Less than .001 seconds 

Starting values (iteration 1) time: 0.005 secs.
Rows Read: 2203, Total Rows Processed: 2203, Total Chunk Time: 0.001 seconds 

Iteration 2 time: 0.006 secs.

Elapsed computation time: 0.024 secs.
Rows Read: 2203, Total Rows Processed: 2203, Total Chunk Time: Less than .001 seconds 

Starting values (iteration 1) time: 0.007 secs.
Rows Read: 2203, Total Rows Processed: 2203, Total Chunk Time: 0.001 seconds 

Iteration 2 time: 0.006 secs.

Elapsed computation time: 0.028 secs.

Elapsed computation time: 0.127 secs.
[1] "--------------------------------------------------------------------------------"
[1] "analyze.results.glm.step="
Logistic Regression Results for: RaceHorse.IsHitA ~ 1
Data: data
Dependent variable(s): RaceHorse.IsHitA
Total independent variables: 1 
Number of valid observations: 2203
Number of missing observations: 0 
 
Coefficients:
            RaceHorse.IsHitA
(Intercept)                2
[1] "analyze.results.glm.step.summary"
Call:
rxLogit(formula = formula, data = data, variableSelection = analyze.results.glm.step.varsel)

Logistic Regression Results for: RaceHorse.IsHitA ~ 1
Data: data
Dependent variable(s): RaceHorse.IsHitA
Total independent variables: 1 
Number of valid observations: 2203
Number of missing observations: 0 
-2*LogLikelihood: 3054.006 (Residual deviance on 2202 degrees of freedom)
 
Coefficients:
            Estimate Std. Error z value Pr(>|z|)    
(Intercept)   2.0000     0.0426    46.9  2.2e-16 ***
---
Signif. codes:  0 '***' 0.001 '**' 0.01 '*' 0.05 '.' 0.1 ' ' 1

Condition number of final variance-covariance matrix: 1 
Number of iterations: 2
[1] "--------------------------------------------------------------------------------"
[1] "2022-02-26 23:11:19 --- rxGlm with rxStepControl Finish ---"
[1] "2022-02-26 23:11:19 --- rxStepPlot Start ---"
[1] "pdfFilename=pdf_analyze_glm_Gen01_Type14_rxStepPlot.pdf"
[1] "rxStepPlot="
[1] "2022-02-26 23:11:19 --- rxStepPlot Finish ---"
[1] "2022-02-26 23:11:19 --- save.image Start ---"
[1] "save.image"
[1] "rdataFilename=RData_analyze_glm_Gen01_Type14.RData"
[1] "2022-02-26 23:11:19 --- save.image Finish ---"
[1] "2022-02-26 23:11:19 --- final Start ---"
[1] "--------------------------------------------------------------------------------"
[1] "nrow(data) final=2203"
[1] "--------------------------------------------------------------------------------"
[1] "2022-02-26 23:11:19 --- final Finish ---"
[1] "2022-02-26 23:11:19 --- analyze_glm.R Finished ---"
[1] "2022-02-26 23:11:19 --- log Finish ---"
