[1] "2022-02-26 23:11:59 --- D1115_analyze_glm_Horse_IsHitA_Type15 Start ---"
[1] "2022-02-26 23:11:59 --- Log Start ---"
[1] "2022-02-26 23:11:59 --- analyze_glm.R Start ---"
[1] "analyzeVersion=D1115"
[1] "analyzeCategory=analyze"
[1] "analyzeType=Horse"
[1] "analyzeFamily=IsHitA"
[1] "analyzeFunc=glm"
[1] "analyzeTrackTypeCd=1"
[1] "analyzeJyokenCd=5"
[1] "2022-02-26 23:11:59 --- source_function.R Start ---"
[1] "2022-02-26 23:11:59 --- source_function.R Finished ---"

> print(paste0(Sys.time(), " --- source_library.R Start ---"))
[1] "2022-02-26 23:11:59 --- source_library.R Start ---"

> require("RevoScaleR")

> print(paste0(Sys.time(), " --- source_library.R Finished ---"))
[1] "2022-02-26 23:12:05 --- source_library.R Finished ---"
[1] "2022-02-26 23:12:05 --- RxSqlServerData Start ---"
[1] "2022-02-26 23:12:05 --- RxInSqlServer Start ---"
[1] "2022-02-26 23:12:05 --- RxInSqlServer Finish ---"
[1] "2022-02-26 23:12:05 --- rxSetComputeContext Start ---"
[1] "2022-02-26 23:12:06 --- rxSetComputeContext Finish ---"
[1] "2022-02-26 23:12:06 --- RxSqlServerData Start ---"
[1] "sqlQuery=SELECT * FROM ViewAnalyzeD1115analyze01HorseType15"
[1] "2022-02-26 23:12:06 --- RxSqlServerData Finish ---"
[1] "2022-02-26 23:12:06 --- rxGetVarInfo Start ---"
[1] "2022-02-26 23:12:07 --- rxGetVarInfo Finish---"
[1] "2022-02-26 23:12:07 --- rxImport Start ---"
Rows Read: 2424, Total Rows Processed: 2424, Total Chunk Time: 562.630 seconds 
[1] "2022-02-26 23:41:58 --- rxImport Finish ---"
[1] "object.size(data) auto=1.4 Mb"
[1] "--------------------------------------------------------------------------------"
[1] "nrow(data) RxSqlServerData=2424"
[1] "--------------------------------------------------------------------------------"
[1] "str(data)="
'data.frame':	2424 obs. of  44 variables:
 $ Race.RaceId                      : Factor w/ 2418 levels "20160806-01-01-03-06",..: 11 12 13 14 15 16 17 18 19 20 ...
 $ Race.IsAnalyzeNormalPastAndFuture: logi  TRUE TRUE TRUE TRUE TRUE TRUE ...
 $ Race.IsAnalyzeNormalPast         : logi  TRUE TRUE TRUE TRUE TRUE TRUE ...
 $ Race.IsAnalyzeNormalFuture       : logi  FALSE FALSE FALSE FALSE FALSE FALSE ...
 $ Race.IsAnalyzeFullPastAndFuture  : logi  TRUE TRUE TRUE TRUE TRUE TRUE ...
 $ Race.IsAnalyzeFullPast           : logi  TRUE TRUE TRUE TRUE TRUE TRUE ...
 $ Race.IsAnalyzeFullFuture         : logi  FALSE FALSE FALSE FALSE FALSE FALSE ...
 $ Race.JyokenCd                    : Factor w/ 1 level "5": 1 1 1 1 1 1 1 1 1 1 ...
 $ Race.JyoType1Cd                  : Factor w/ 174 levels "1-01-2000-5-1",..: 11 12 10 13 14 15 16 17 18 5 ...
 $ Race.RaceType1Cd                 : Factor w/ 3 levels "1-5-X-2","1-5-X-1",..: 1 2 1 2 2 2 1 2 1 2 ...
 $ RaceHorse.RaceId                 : Factor w/ 2418 levels "20160806-01-01-03-06",..: 11 12 13 14 15 16 17 18 19 20 ...
 $ RaceHorse.KettoNum               : Factor w/ 2424 levels "2013100440","2013100640",..: 11 12 13 14 15 16 17 18 19 20 ...
 $ RaceHorse.IsHit1                 : num  1 1 1 1 1 1 1 1 1 1 ...
 $ RaceHorse.IsHit2                 : num  0 0 0 0 0 0 0 0 0 0 ...
 $ RaceHorse.IsHit3                 : num  0 0 0 0 0 0 0 0 0 0 ...
 $ RaceHorse.IsHit4                 : num  0 0 0 0 0 0 0 0 0 0 ...
 $ RaceHorse.IsHit5                 : num  0 0 0 0 0 0 0 0 0 0 ...
 $ RaceHorse.IsHit6                 : num  0 0 0 0 0 0 0 0 0 0 ...
 $ RaceHorse.IsValidRaceHorse       : logi  TRUE TRUE TRUE TRUE TRUE TRUE ...
 $ RaceHorse.TimeSdvByRace          : num  1.261 1.511 0.756 1.081 1.378 ...
 $ RaceHorse.TimeSdv                : num  1.644 0.946 1.341 1.146 1.594 ...
 $ RaceHorse.IsHitA                 : num  1 1 1 1 1 1 1 1 1 1 ...
 $ RaceHorse.IsHitB                 : num  1 1 1 1 1 1 1 1 1 1 ...
 $ RaceHorse.IsHitC                 : num  1 1 1 1 1 1 1 1 1 1 ...
 $ Horse.KettoNum                   : Factor w/ 2424 levels "2013100440","2013100640",..: 11 12 13 14 15 16 17 18 19 20 ...
 $ Horse.TimeSdvByRaceAvg           : num  0.6808 0.8993 0.0144 0.974 0.5311 ...
 $ Horse.TimeSdvByRaceMin           : num  -0.182 0.708 -1.626 0.628 -1.297 ...
 $ Horse.TimeSdvByRaceMax           : num  1.13 1.055 0.844 1.661 1.349 ...
 $ Horse.TimeSdvAvg                 : num  0.403 0.378 0.283 0.673 0.445 ...
 $ Horse.TimeSdvMin                 : num  -0.104 -0.473 -0.578 0.134 -0.442 ...
 $ Horse.TimeSdvMax                 : num  0.696 1.09 1.604 1.356 1.882 ...
 $ Horse.OrderOfFinishSdvAvg        : num  0.562 1.123 0.106 0.977 0.573 ...
 $ Horse.RunCount                   : num  4 5 7 4 7 3 5 2 1 9 ...
 $ Horse.HitCount1                  : num  0 0 0 0 0 0 0 0 0 0 ...
 $ Horse.HitCount2                  : num  1 2 0 1 1 0 1 0 0 2 ...
 $ Horse.HitCount3                  : num  1 2 0 1 2 0 1 0 0 0 ...
 $ Horse.HitCount4                  : num  0 0 2 1 1 1 0 1 0 2 ...
 $ Horse.HitCount5                  : num  1 1 0 1 0 0 0 0 0 3 ...
 $ Horse.HitRate1                   : num  0 0 0 0 0 0 0 0 0 0 ...
 $ Horse.HitRate2                   : num  0.25 0.4 0 0.25 0.143 ...
 $ Horse.HitRate3                   : num  0.25 0.4 0 0.25 0.286 ...
 $ Horse.HitRate4                   : num  0 0 0.286 0.25 0.143 ...
 $ Horse.HitRate5                   : num  0.25 0.2 0 0.25 0 ...
 $ EOF                              : int  1 1 1 1 1 1 1 1 1 1 ...
[1] "2022-02-26 23:41:58 --- RxSqlServerData Finish ---"
[1] "2022-02-26 23:41:58 --- subset Start ---"
[1] "--------------------------------------------------------------------------------"
[1] "nrow(data) subset before=2424"
[1] "nrow(data) subset after =2424"
[1] "nrow(data) subset diff =0"
[1] "--------------------------------------------------------------------------------"
[1] "2022-02-26 23:41:58 --- subset Finish---"
[1] "2022-02-26 23:41:58 --- transform Start ---"
[1] "--------------------------------------------------------------------------------"
[1] "nrow(data) transform before=2424"
[1] "nrow(data) transform after=2424"
[1] "nrow(data) transform diff=0"
[1] "--------------------------------------------------------------------------------"
[1] "str(data)="
'data.frame':	2424 obs. of  44 variables:
 $ Race.RaceId                      : Factor w/ 2418 levels "20160806-01-01-03-06",..: 11 12 13 14 15 16 17 18 19 20 ...
 $ Race.IsAnalyzeNormalPastAndFuture: logi  TRUE TRUE TRUE TRUE TRUE TRUE ...
 $ Race.IsAnalyzeNormalPast         : logi  TRUE TRUE TRUE TRUE TRUE TRUE ...
 $ Race.IsAnalyzeNormalFuture       : logi  FALSE FALSE FALSE FALSE FALSE FALSE ...
 $ Race.IsAnalyzeFullPastAndFuture  : logi  TRUE TRUE TRUE TRUE TRUE TRUE ...
 $ Race.IsAnalyzeFullPast           : logi  TRUE TRUE TRUE TRUE TRUE TRUE ...
 $ Race.IsAnalyzeFullFuture         : logi  FALSE FALSE FALSE FALSE FALSE FALSE ...
 $ Race.JyokenCd                    : Factor w/ 1 level "5": 1 1 1 1 1 1 1 1 1 1 ...
 $ Race.JyoType1Cd                  : Factor w/ 174 levels "1-01-2000-5-1",..: 11 12 10 13 14 15 16 17 18 5 ...
 $ Race.RaceType1Cd                 : Factor w/ 3 levels "1-5-X-2","1-5-X-1",..: 1 2 1 2 2 2 1 2 1 2 ...
 $ RaceHorse.RaceId                 : Factor w/ 2418 levels "20160806-01-01-03-06",..: 11 12 13 14 15 16 17 18 19 20 ...
 $ RaceHorse.KettoNum               : Factor w/ 2424 levels "2013100440","2013100640",..: 11 12 13 14 15 16 17 18 19 20 ...
 $ RaceHorse.IsHit1                 : num  1 1 1 1 1 1 1 1 1 1 ...
 $ RaceHorse.IsHit2                 : num  0 0 0 0 0 0 0 0 0 0 ...
 $ RaceHorse.IsHit3                 : num  0 0 0 0 0 0 0 0 0 0 ...
 $ RaceHorse.IsHit4                 : num  0 0 0 0 0 0 0 0 0 0 ...
 $ RaceHorse.IsHit5                 : num  0 0 0 0 0 0 0 0 0 0 ...
 $ RaceHorse.IsHit6                 : num  0 0 0 0 0 0 0 0 0 0 ...
 $ RaceHorse.IsValidRaceHorse       : logi  TRUE TRUE TRUE TRUE TRUE TRUE ...
 $ RaceHorse.TimeSdvByRace          : num  1.261 1.511 0.756 1.081 1.378 ...
 $ RaceHorse.TimeSdv                : num  1.644 0.946 1.341 1.146 1.594 ...
 $ RaceHorse.IsHitA                 : num  1 1 1 1 1 1 1 1 1 1 ...
 $ RaceHorse.IsHitB                 : num  1 1 1 1 1 1 1 1 1 1 ...
 $ RaceHorse.IsHitC                 : num  1 1 1 1 1 1 1 1 1 1 ...
 $ Horse.KettoNum                   : Factor w/ 2424 levels "2013100440","2013100640",..: 11 12 13 14 15 16 17 18 19 20 ...
 $ Horse.TimeSdvByRaceAvg           : num  0.6808 0.8993 0.0144 0.974 0.5311 ...
 $ Horse.TimeSdvByRaceMin           : num  -0.182 0.708 -1.626 0.628 -1.297 ...
 $ Horse.TimeSdvByRaceMax           : num  1.13 1.055 0.844 1.661 1.349 ...
 $ Horse.TimeSdvAvg                 : num  0.403 0.378 0.283 0.673 0.445 ...
 $ Horse.TimeSdvMin                 : num  -0.104 -0.473 -0.578 0.134 -0.442 ...
 $ Horse.TimeSdvMax                 : num  0.696 1.09 1.604 1.356 1.882 ...
 $ Horse.OrderOfFinishSdvAvg        : num  0.562 1.123 0.106 0.977 0.573 ...
 $ Horse.RunCount                   : num  4 5 7 4 7 3 5 2 1 9 ...
 $ Horse.HitCount1                  : num  0 0 0 0 0 0 0 0 0 0 ...
 $ Horse.HitCount2                  : num  1 2 0 1 1 0 1 0 0 2 ...
 $ Horse.HitCount3                  : num  1 2 0 1 2 0 1 0 0 0 ...
 $ Horse.HitCount4                  : num  0 0 2 1 1 1 0 1 0 2 ...
 $ Horse.HitCount5                  : num  1 1 0 1 0 0 0 0 0 3 ...
 $ Horse.HitRate1                   : num  0 0 0 0 0 0 0 0 0 0 ...
 $ Horse.HitRate2                   : num  0.25 0.4 0 0.25 0.143 ...
 $ Horse.HitRate3                   : num  0.25 0.4 0 0.25 0.286 ...
 $ Horse.HitRate4                   : num  0 0 0.286 0.25 0.143 ...
 $ Horse.HitRate5                   : num  0.25 0.2 0 0.25 0 ...
 $ EOF                              : int  1 1 1 1 1 1 1 1 1 1 ...
NULL
[1] "2022-02-26 23:41:59 --- transform Finish ---"
[1] "2022-02-26 23:41:59 --- na.omit Start ---"
[1] "--------------------------------------------------------------------------------"
[1] "nrow(data) na.omit before=2424"
[1] "nrow(data) na.omit after =2424"
[1] "nrow(data) na.omit diff =0"
[1] "--------------------------------------------------------------------------------"
'data.frame':	2424 obs. of  44 variables:
 $ Race.RaceId                      : Factor w/ 2418 levels "20160806-01-01-03-06",..: 11 12 13 14 15 16 17 18 19 20 ...
 $ Race.IsAnalyzeNormalPastAndFuture: logi  TRUE TRUE TRUE TRUE TRUE TRUE ...
 $ Race.IsAnalyzeNormalPast         : logi  TRUE TRUE TRUE TRUE TRUE TRUE ...
 $ Race.IsAnalyzeNormalFuture       : logi  FALSE FALSE FALSE FALSE FALSE FALSE ...
 $ Race.IsAnalyzeFullPastAndFuture  : logi  TRUE TRUE TRUE TRUE TRUE TRUE ...
 $ Race.IsAnalyzeFullPast           : logi  TRUE TRUE TRUE TRUE TRUE TRUE ...
 $ Race.IsAnalyzeFullFuture         : logi  FALSE FALSE FALSE FALSE FALSE FALSE ...
 $ Race.JyokenCd                    : Factor w/ 1 level "5": 1 1 1 1 1 1 1 1 1 1 ...
 $ Race.JyoType1Cd                  : Factor w/ 174 levels "1-01-2000-5-1",..: 11 12 10 13 14 15 16 17 18 5 ...
 $ Race.RaceType1Cd                 : Factor w/ 3 levels "1-5-X-2","1-5-X-1",..: 1 2 1 2 2 2 1 2 1 2 ...
 $ RaceHorse.RaceId                 : Factor w/ 2418 levels "20160806-01-01-03-06",..: 11 12 13 14 15 16 17 18 19 20 ...
 $ RaceHorse.KettoNum               : Factor w/ 2424 levels "2013100440","2013100640",..: 11 12 13 14 15 16 17 18 19 20 ...
 $ RaceHorse.IsHit1                 : num  1 1 1 1 1 1 1 1 1 1 ...
 $ RaceHorse.IsHit2                 : num  0 0 0 0 0 0 0 0 0 0 ...
 $ RaceHorse.IsHit3                 : num  0 0 0 0 0 0 0 0 0 0 ...
 $ RaceHorse.IsHit4                 : num  0 0 0 0 0 0 0 0 0 0 ...
 $ RaceHorse.IsHit5                 : num  0 0 0 0 0 0 0 0 0 0 ...
 $ RaceHorse.IsHit6                 : num  0 0 0 0 0 0 0 0 0 0 ...
 $ RaceHorse.IsValidRaceHorse       : logi  TRUE TRUE TRUE TRUE TRUE TRUE ...
 $ RaceHorse.TimeSdvByRace          : num  1.261 1.511 0.756 1.081 1.378 ...
 $ RaceHorse.TimeSdv                : num  1.644 0.946 1.341 1.146 1.594 ...
 $ RaceHorse.IsHitA                 : num  1 1 1 1 1 1 1 1 1 1 ...
 $ RaceHorse.IsHitB                 : num  1 1 1 1 1 1 1 1 1 1 ...
 $ RaceHorse.IsHitC                 : num  1 1 1 1 1 1 1 1 1 1 ...
 $ Horse.KettoNum                   : Factor w/ 2424 levels "2013100440","2013100640",..: 11 12 13 14 15 16 17 18 19 20 ...
 $ Horse.TimeSdvByRaceAvg           : num  0.6808 0.8993 0.0144 0.974 0.5311 ...
 $ Horse.TimeSdvByRaceMin           : num  -0.182 0.708 -1.626 0.628 -1.297 ...
 $ Horse.TimeSdvByRaceMax           : num  1.13 1.055 0.844 1.661 1.349 ...
 $ Horse.TimeSdvAvg                 : num  0.403 0.378 0.283 0.673 0.445 ...
 $ Horse.TimeSdvMin                 : num  -0.104 -0.473 -0.578 0.134 -0.442 ...
 $ Horse.TimeSdvMax                 : num  0.696 1.09 1.604 1.356 1.882 ...
 $ Horse.OrderOfFinishSdvAvg        : num  0.562 1.123 0.106 0.977 0.573 ...
 $ Horse.RunCount                   : num  4 5 7 4 7 3 5 2 1 9 ...
 $ Horse.HitCount1                  : num  0 0 0 0 0 0 0 0 0 0 ...
 $ Horse.HitCount2                  : num  1 2 0 1 1 0 1 0 0 2 ...
 $ Horse.HitCount3                  : num  1 2 0 1 2 0 1 0 0 0 ...
 $ Horse.HitCount4                  : num  0 0 2 1 1 1 0 1 0 2 ...
 $ Horse.HitCount5                  : num  1 1 0 1 0 0 0 0 0 3 ...
 $ Horse.HitRate1                   : num  0 0 0 0 0 0 0 0 0 0 ...
 $ Horse.HitRate2                   : num  0.25 0.4 0 0.25 0.143 ...
 $ Horse.HitRate3                   : num  0.25 0.4 0 0.25 0.286 ...
 $ Horse.HitRate4                   : num  0 0 0.286 0.25 0.143 ...
 $ Horse.HitRate5                   : num  0.25 0.2 0 0.25 0 ...
 $ EOF                              : int  1 1 1 1 1 1 1 1 1 1 ...
[1] "2022-02-26 23:41:59 --- na.omit Finish ---"
[1] "2022-02-26 23:41:59 --- rxGlm with rxStepControl Start ---"

> print(paste0(Sys.time(), " --- source_logic_glm.R Start ---"))
[1] "2022-02-26 23:41:59 --- source_logic_glm.R Start ---"

> formula <- formula(RaceHorse.IsHitA ~ +1 + Horse.TimeSdvByRaceAvg)

> print(paste0(Sys.time(), " --- source_logic_glm.R Finished ---"))
[1] "2022-02-26 23:41:59 --- source_logic_glm.R Finished ---"
Rows Read: 2424, Total Rows Processed: 2424, Total Chunk Time: Less than .001 seconds 

Starting values (iteration 1) time: 0.013 secs.
Rows Read: 2424, Total Rows Processed: 2424, Total Chunk Time: Less than .001 seconds 

Iteration 2 time: 0.005 secs.

Elapsed computation time: 0.022 secs.
Rows Read: 2424, Total Rows Processed: 2424, Total Chunk Time: Less than .001 seconds 

Starting values (iteration 1) time: 0.005 secs.
Rows Read: 2424, Total Rows Processed: 2424, Total Chunk Time: Less than .001 seconds 

Iteration 2 time: 0.005 secs.

Elapsed computation time: 0.022 secs.
Rows Read: 2424, Total Rows Processed: 2424, Total Chunk Time: Less than .001 seconds 

Starting values (iteration 1) time: 0.005 secs.
Rows Read: 2424, Total Rows Processed: 2424, Total Chunk Time: Less than .001 seconds 

Iteration 2 time: 0.004 secs.

Elapsed computation time: 0.019 secs.
Rows Read: 2424, Total Rows Processed: 2424, Total Chunk Time: 0.001 seconds 

Starting values (iteration 1) time: 0.005 secs.
Rows Read: 2424, Total Rows Processed: 2424, Total Chunk Time: Less than .001 seconds 

Iteration 2 time: 0.005 secs.

Elapsed computation time: 0.018 secs.

Elapsed computation time: 0.099 secs.
[1] "--------------------------------------------------------------------------------"
[1] "analyze.results.glm.step="
Logistic Regression Results for: RaceHorse.IsHitA ~ 1
Data: data
Dependent variable(s): RaceHorse.IsHitA
Total independent variables: 1 
Number of valid observations: 2424
Number of missing observations: 0 
 
Coefficients:
            RaceHorse.IsHitA
(Intercept)                2
[1] "analyze.results.glm.step.summary"
Call:
rxLogit(formula = formula, data = data, variableSelection = analyze.results.glm.step.varsel)

Logistic Regression Results for: RaceHorse.IsHitA ~ 1
Data: data
Dependent variable(s): RaceHorse.IsHitA
Total independent variables: 1 
Number of valid observations: 2424
Number of missing observations: 0 
-2*LogLikelihood: 3360.378 (Residual deviance on 2423 degrees of freedom)
 
Coefficients:
            Estimate Std. Error z value Pr(>|z|)    
(Intercept)   2.0000     0.0406    49.2  2.2e-16 ***
---
Signif. codes:  0 '***' 0.001 '**' 0.01 '*' 0.05 '.' 0.1 ' ' 1

Condition number of final variance-covariance matrix: 1 
Number of iterations: 2
[1] "--------------------------------------------------------------------------------"
[1] "2022-02-26 23:41:59 --- rxGlm with rxStepControl Finish ---"
[1] "2022-02-26 23:41:59 --- rxStepPlot Start ---"
[1] "pdfFilename=pdf_analyze_glm_Horse_Type15_rxStepPlot.pdf"
[1] "rxStepPlot="
[1] "2022-02-26 23:41:59 --- rxStepPlot Finish ---"
[1] "2022-02-26 23:41:59 --- save.image Start ---"
[1] "save.image"
[1] "rdataFilename=RData_analyze_glm_Horse_Type15.RData"
[1] "2022-02-26 23:41:59 --- save.image Finish ---"
[1] "2022-02-26 23:41:59 --- final Start ---"
[1] "--------------------------------------------------------------------------------"
[1] "nrow(data) final=2424"
[1] "--------------------------------------------------------------------------------"
[1] "2022-02-26 23:41:59 --- final Finish ---"
[1] "2022-02-26 23:41:59 --- analyze_glm.R Finished ---"
[1] "2022-02-26 23:41:59 --- log Finish ---"
