[1] "2022-02-26 23:10:39 --- D1115_analyze_glm_Gen01_IsHitA_Type26 Start ---"
[1] "2022-02-26 23:10:39 --- Log Start ---"
[1] "2022-02-26 23:10:39 --- analyze_glm.R Start ---"
[1] "analyzeVersion=D1115"
[1] "analyzeCategory=analyze"
[1] "analyzeType=Gen01"
[1] "analyzeFamily=IsHitA"
[1] "analyzeFunc=glm"
[1] "analyzeTrackTypeCd=2"
[1] "analyzeJyokenCd=6"
[1] "2022-02-26 23:10:39 --- source_function.R Start ---"
[1] "2022-02-26 23:10:39 --- source_function.R Finished ---"

> print(paste0(Sys.time(), " --- source_library.R Start ---"))
[1] "2022-02-26 23:10:39 --- source_library.R Start ---"

> require("RevoScaleR")

> print(paste0(Sys.time(), " --- source_library.R Finished ---"))
[1] "2022-02-26 23:10:41 --- source_library.R Finished ---"
[1] "2022-02-26 23:10:41 --- RxSqlServerData Start ---"
[1] "2022-02-26 23:10:41 --- RxInSqlServer Start ---"
[1] "2022-02-26 23:10:41 --- RxInSqlServer Finish ---"
[1] "2022-02-26 23:10:41 --- rxSetComputeContext Start ---"
[1] "2022-02-26 23:10:41 --- rxSetComputeContext Finish ---"
[1] "2022-02-26 23:10:41 --- RxSqlServerData Start ---"
[1] "sqlQuery=SELECT * FROM ViewAnalyzeD1115analyze01Gen01Type26"
[1] "2022-02-26 23:10:41 --- RxSqlServerData Finish ---"
[1] "2022-02-26 23:10:41 --- rxGetVarInfo Start ---"
[1] "2022-02-26 23:10:42 --- rxGetVarInfo Finish---"
[1] "2022-02-26 23:10:42 --- rxImport Start ---"
Rows Read: 428, Total Rows Processed: 428, Total Chunk Time: 5.629 seconds 
[1] "2022-02-26 23:10:57 --- rxImport Finish ---"
[1] "object.size(data) auto=248.5 Kb"
[1] "--------------------------------------------------------------------------------"
[1] "nrow(data) RxSqlServerData=428"
[1] "--------------------------------------------------------------------------------"
[1] "str(data)="
'data.frame':	428 obs. of  44 variables:
 $ Race.RaceId                      : Factor w/ 427 levels "20160124-06-01-08-03",..: 11 12 13 14 15 16 17 18 19 20 ...
 $ Race.IsAnalyzeNormalPastAndFuture: logi  TRUE TRUE TRUE TRUE TRUE TRUE ...
 $ Race.IsAnalyzeNormalPast         : logi  TRUE TRUE TRUE TRUE TRUE TRUE ...
 $ Race.IsAnalyzeNormalFuture       : logi  FALSE FALSE FALSE FALSE FALSE FALSE ...
 $ Race.IsAnalyzeFullPastAndFuture  : logi  TRUE TRUE TRUE TRUE TRUE TRUE ...
 $ Race.IsAnalyzeFullPast           : logi  TRUE TRUE TRUE TRUE TRUE TRUE ...
 $ Race.IsAnalyzeFullFuture         : logi  FALSE FALSE FALSE FALSE FALSE FALSE ...
 $ Race.JyokenCd                    : Factor w/ 1 level "6": 1 1 1 1 1 1 1 1 1 1 ...
 $ Race.JyoType1Cd                  : Factor w/ 67 levels "2-06-1200-6-2",..: 10 11 12 13 14 11 1 5 6 11 ...
 $ Race.RaceType1Cd                 : Factor w/ 2 levels "2-6-X-1","2-6-X-2": 1 2 1 1 2 2 1 1 1 2 ...
 $ RaceHorse.RaceId                 : Factor w/ 427 levels "20160124-06-01-08-03",..: 11 12 13 14 15 16 17 18 19 20 ...
 $ RaceHorse.KettoNum               : Factor w/ 428 levels "2013104568","2014104352",..: 11 12 13 14 15 16 17 18 19 20 ...
 $ RaceHorse.IsHit1                 : num  1 1 1 1 1 1 1 1 1 1 ...
 $ RaceHorse.IsHit2                 : num  0 0 0 0 0 0 0 0 0 0 ...
 $ RaceHorse.IsHit3                 : num  0 0 0 0 0 0 0 0 0 0 ...
 $ RaceHorse.IsHit4                 : num  0 0 0 0 0 0 0 0 0 0 ...
 $ RaceHorse.IsHit5                 : num  0 0 0 0 0 0 0 0 0 0 ...
 $ RaceHorse.IsHit6                 : num  0 0 0 0 0 0 0 0 0 0 ...
 $ RaceHorse.IsValidRaceHorse       : logi  TRUE TRUE TRUE TRUE TRUE TRUE ...
 $ RaceHorse.TimeSdvByRace          : num  1.17 1.63 1.73 1.44 1.25 ...
 $ RaceHorse.TimeSdv                : num  0.9789 0.7216 1.2651 0.0516 1.8486 ...
 $ RaceHorse.IsHitA                 : num  1 1 1 1 1 1 1 1 1 1 ...
 $ RaceHorse.IsHitB                 : num  1 1 1 1 1 1 1 1 1 1 ...
 $ RaceHorse.IsHitC                 : num  1 1 1 1 1 1 1 1 1 1 ...
 $ Gen01.HansyokuNum                : Factor w/ 126 levels "11202049","11202115",..: 9 10 11 12 13 14 15 16 4 17 ...
 $ Gen01.TimeSdvByRaceAvg           : num  0.08191 0.12972 -0.00904 0.06341 -0.13885 ...
 $ Gen01.TimeSdvByRaceMin           : num  -2.55 -2.72 -1.43 -2.8 -2.97 ...
 $ Gen01.TimeSdvByRaceMax           : num  1.77 2.27 1.69 1.6 1.46 ...
 $ Gen01.TimeSdvAvg                 : num  0.215 0.205 -0.062 0.106 0.136 ...
 $ Gen01.TimeSdvMin                 : num  -1.89 -1.65 -1.92 -2.94 -3.94 ...
 $ Gen01.TimeSdvMax                 : num  1.89 1.8 1.89 1.62 1.69 ...
 $ Gen01.OrderOfFinishSdvAvg        : num  0.0942 0.1763 -0.0798 0.18 -0.0579 ...
 $ Gen01.RunCount                   : num  55 53 21 136 63 21 5 73 46 8 ...
 $ Gen01.HitCount1                  : num  7 8 2 10 5 3 0 1 5 0 ...
 $ Gen01.HitCount2                  : num  4 3 1 9 3 1 1 8 9 1 ...
 $ Gen01.HitCount3                  : num  5 3 0 11 3 0 0 5 3 0 ...
 $ Gen01.HitCount4                  : num  5 6 2 18 4 1 0 6 5 0 ...
 $ Gen01.HitCount5                  : num  2 5 2 8 5 0 0 4 4 0 ...
 $ Gen01.HitRate1                   : num  0.1273 0.1509 0.0952 0.0735 0.0794 ...
 $ Gen01.HitRate2                   : num  0.0727 0.0566 0.0476 0.0662 0.0476 ...
 $ Gen01.HitRate3                   : num  0.0909 0.0566 0 0.0809 0.0476 ...
 $ Gen01.HitRate4                   : num  0.0909 0.1132 0.0952 0.1324 0.0635 ...
 $ Gen01.HitRate5                   : num  0.0364 0.0943 0.0952 0.0588 0.0794 ...
 $ EOF                              : int  1 1 1 1 1 1 1 1 1 1 ...
[1] "2022-02-26 23:11:00 --- RxSqlServerData Finish ---"
[1] "2022-02-26 23:11:00 --- subset Start ---"
[1] "--------------------------------------------------------------------------------"
[1] "nrow(data) subset before=428"
[1] "nrow(data) subset after =428"
[1] "nrow(data) subset diff =0"
[1] "--------------------------------------------------------------------------------"
[1] "2022-02-26 23:11:00 --- subset Finish---"
[1] "2022-02-26 23:11:00 --- transform Start ---"
[1] "--------------------------------------------------------------------------------"
[1] "nrow(data) transform before=428"
[1] "nrow(data) transform after=428"
[1] "nrow(data) transform diff=0"
[1] "--------------------------------------------------------------------------------"
[1] "str(data)="
'data.frame':	428 obs. of  44 variables:
 $ Race.RaceId                      : Factor w/ 427 levels "20160124-06-01-08-03",..: 11 12 13 14 15 16 17 18 19 20 ...
 $ Race.IsAnalyzeNormalPastAndFuture: logi  TRUE TRUE TRUE TRUE TRUE TRUE ...
 $ Race.IsAnalyzeNormalPast         : logi  TRUE TRUE TRUE TRUE TRUE TRUE ...
 $ Race.IsAnalyzeNormalFuture       : logi  FALSE FALSE FALSE FALSE FALSE FALSE ...
 $ Race.IsAnalyzeFullPastAndFuture  : logi  TRUE TRUE TRUE TRUE TRUE TRUE ...
 $ Race.IsAnalyzeFullPast           : logi  TRUE TRUE TRUE TRUE TRUE TRUE ...
 $ Race.IsAnalyzeFullFuture         : logi  FALSE FALSE FALSE FALSE FALSE FALSE ...
 $ Race.JyokenCd                    : Factor w/ 1 level "6": 1 1 1 1 1 1 1 1 1 1 ...
 $ Race.JyoType1Cd                  : Factor w/ 67 levels "2-06-1200-6-2",..: 10 11 12 13 14 11 1 5 6 11 ...
 $ Race.RaceType1Cd                 : Factor w/ 2 levels "2-6-X-1","2-6-X-2": 1 2 1 1 2 2 1 1 1 2 ...
 $ RaceHorse.RaceId                 : Factor w/ 427 levels "20160124-06-01-08-03",..: 11 12 13 14 15 16 17 18 19 20 ...
 $ RaceHorse.KettoNum               : Factor w/ 428 levels "2013104568","2014104352",..: 11 12 13 14 15 16 17 18 19 20 ...
 $ RaceHorse.IsHit1                 : num  1 1 1 1 1 1 1 1 1 1 ...
 $ RaceHorse.IsHit2                 : num  0 0 0 0 0 0 0 0 0 0 ...
 $ RaceHorse.IsHit3                 : num  0 0 0 0 0 0 0 0 0 0 ...
 $ RaceHorse.IsHit4                 : num  0 0 0 0 0 0 0 0 0 0 ...
 $ RaceHorse.IsHit5                 : num  0 0 0 0 0 0 0 0 0 0 ...
 $ RaceHorse.IsHit6                 : num  0 0 0 0 0 0 0 0 0 0 ...
 $ RaceHorse.IsValidRaceHorse       : logi  TRUE TRUE TRUE TRUE TRUE TRUE ...
 $ RaceHorse.TimeSdvByRace          : num  1.17 1.63 1.73 1.44 1.25 ...
 $ RaceHorse.TimeSdv                : num  0.9789 0.7216 1.2651 0.0516 1.8486 ...
 $ RaceHorse.IsHitA                 : num  1 1 1 1 1 1 1 1 1 1 ...
 $ RaceHorse.IsHitB                 : num  1 1 1 1 1 1 1 1 1 1 ...
 $ RaceHorse.IsHitC                 : num  1 1 1 1 1 1 1 1 1 1 ...
 $ Gen01.HansyokuNum                : Factor w/ 126 levels "11202049","11202115",..: 9 10 11 12 13 14 15 16 4 17 ...
 $ Gen01.TimeSdvByRaceAvg           : num  0.08191 0.12972 -0.00904 0.06341 -0.13885 ...
 $ Gen01.TimeSdvByRaceMin           : num  -2.55 -2.72 -1.43 -2.8 -2.97 ...
 $ Gen01.TimeSdvByRaceMax           : num  1.77 2.27 1.69 1.6 1.46 ...
 $ Gen01.TimeSdvAvg                 : num  0.215 0.205 -0.062 0.106 0.136 ...
 $ Gen01.TimeSdvMin                 : num  -1.89 -1.65 -1.92 -2.94 -3.94 ...
 $ Gen01.TimeSdvMax                 : num  1.89 1.8 1.89 1.62 1.69 ...
 $ Gen01.OrderOfFinishSdvAvg        : num  0.0942 0.1763 -0.0798 0.18 -0.0579 ...
 $ Gen01.RunCount                   : num  55 53 21 136 63 21 5 73 46 8 ...
 $ Gen01.HitCount1                  : num  7 8 2 10 5 3 0 1 5 0 ...
 $ Gen01.HitCount2                  : num  4 3 1 9 3 1 1 8 9 1 ...
 $ Gen01.HitCount3                  : num  5 3 0 11 3 0 0 5 3 0 ...
 $ Gen01.HitCount4                  : num  5 6 2 18 4 1 0 6 5 0 ...
 $ Gen01.HitCount5                  : num  2 5 2 8 5 0 0 4 4 0 ...
 $ Gen01.HitRate1                   : num  0.1273 0.1509 0.0952 0.0735 0.0794 ...
 $ Gen01.HitRate2                   : num  0.0727 0.0566 0.0476 0.0662 0.0476 ...
 $ Gen01.HitRate3                   : num  0.0909 0.0566 0 0.0809 0.0476 ...
 $ Gen01.HitRate4                   : num  0.0909 0.1132 0.0952 0.1324 0.0635 ...
 $ Gen01.HitRate5                   : num  0.0364 0.0943 0.0952 0.0588 0.0794 ...
 $ EOF                              : int  1 1 1 1 1 1 1 1 1 1 ...
NULL
[1] "2022-02-26 23:11:07 --- transform Finish ---"
[1] "2022-02-26 23:11:07 --- na.omit Start ---"
[1] "--------------------------------------------------------------------------------"
[1] "nrow(data) na.omit before=428"
[1] "nrow(data) na.omit after =428"
[1] "nrow(data) na.omit diff =0"
[1] "--------------------------------------------------------------------------------"
'data.frame':	428 obs. of  44 variables:
 $ Race.RaceId                      : Factor w/ 427 levels "20160124-06-01-08-03",..: 11 12 13 14 15 16 17 18 19 20 ...
 $ Race.IsAnalyzeNormalPastAndFuture: logi  TRUE TRUE TRUE TRUE TRUE TRUE ...
 $ Race.IsAnalyzeNormalPast         : logi  TRUE TRUE TRUE TRUE TRUE TRUE ...
 $ Race.IsAnalyzeNormalFuture       : logi  FALSE FALSE FALSE FALSE FALSE FALSE ...
 $ Race.IsAnalyzeFullPastAndFuture  : logi  TRUE TRUE TRUE TRUE TRUE TRUE ...
 $ Race.IsAnalyzeFullPast           : logi  TRUE TRUE TRUE TRUE TRUE TRUE ...
 $ Race.IsAnalyzeFullFuture         : logi  FALSE FALSE FALSE FALSE FALSE FALSE ...
 $ Race.JyokenCd                    : Factor w/ 1 level "6": 1 1 1 1 1 1 1 1 1 1 ...
 $ Race.JyoType1Cd                  : Factor w/ 67 levels "2-06-1200-6-2",..: 10 11 12 13 14 11 1 5 6 11 ...
 $ Race.RaceType1Cd                 : Factor w/ 2 levels "2-6-X-1","2-6-X-2": 1 2 1 1 2 2 1 1 1 2 ...
 $ RaceHorse.RaceId                 : Factor w/ 427 levels "20160124-06-01-08-03",..: 11 12 13 14 15 16 17 18 19 20 ...
 $ RaceHorse.KettoNum               : Factor w/ 428 levels "2013104568","2014104352",..: 11 12 13 14 15 16 17 18 19 20 ...
 $ RaceHorse.IsHit1                 : num  1 1 1 1 1 1 1 1 1 1 ...
 $ RaceHorse.IsHit2                 : num  0 0 0 0 0 0 0 0 0 0 ...
 $ RaceHorse.IsHit3                 : num  0 0 0 0 0 0 0 0 0 0 ...
 $ RaceHorse.IsHit4                 : num  0 0 0 0 0 0 0 0 0 0 ...
 $ RaceHorse.IsHit5                 : num  0 0 0 0 0 0 0 0 0 0 ...
 $ RaceHorse.IsHit6                 : num  0 0 0 0 0 0 0 0 0 0 ...
 $ RaceHorse.IsValidRaceHorse       : logi  TRUE TRUE TRUE TRUE TRUE TRUE ...
 $ RaceHorse.TimeSdvByRace          : num  1.17 1.63 1.73 1.44 1.25 ...
 $ RaceHorse.TimeSdv                : num  0.9789 0.7216 1.2651 0.0516 1.8486 ...
 $ RaceHorse.IsHitA                 : num  1 1 1 1 1 1 1 1 1 1 ...
 $ RaceHorse.IsHitB                 : num  1 1 1 1 1 1 1 1 1 1 ...
 $ RaceHorse.IsHitC                 : num  1 1 1 1 1 1 1 1 1 1 ...
 $ Gen01.HansyokuNum                : Factor w/ 126 levels "11202049","11202115",..: 9 10 11 12 13 14 15 16 4 17 ...
 $ Gen01.TimeSdvByRaceAvg           : num  0.08191 0.12972 -0.00904 0.06341 -0.13885 ...
 $ Gen01.TimeSdvByRaceMin           : num  -2.55 -2.72 -1.43 -2.8 -2.97 ...
 $ Gen01.TimeSdvByRaceMax           : num  1.77 2.27 1.69 1.6 1.46 ...
 $ Gen01.TimeSdvAvg                 : num  0.215 0.205 -0.062 0.106 0.136 ...
 $ Gen01.TimeSdvMin                 : num  -1.89 -1.65 -1.92 -2.94 -3.94 ...
 $ Gen01.TimeSdvMax                 : num  1.89 1.8 1.89 1.62 1.69 ...
 $ Gen01.OrderOfFinishSdvAvg        : num  0.0942 0.1763 -0.0798 0.18 -0.0579 ...
 $ Gen01.RunCount                   : num  55 53 21 136 63 21 5 73 46 8 ...
 $ Gen01.HitCount1                  : num  7 8 2 10 5 3 0 1 5 0 ...
 $ Gen01.HitCount2                  : num  4 3 1 9 3 1 1 8 9 1 ...
 $ Gen01.HitCount3                  : num  5 3 0 11 3 0 0 5 3 0 ...
 $ Gen01.HitCount4                  : num  5 6 2 18 4 1 0 6 5 0 ...
 $ Gen01.HitCount5                  : num  2 5 2 8 5 0 0 4 4 0 ...
 $ Gen01.HitRate1                   : num  0.1273 0.1509 0.0952 0.0735 0.0794 ...
 $ Gen01.HitRate2                   : num  0.0727 0.0566 0.0476 0.0662 0.0476 ...
 $ Gen01.HitRate3                   : num  0.0909 0.0566 0 0.0809 0.0476 ...
 $ Gen01.HitRate4                   : num  0.0909 0.1132 0.0952 0.1324 0.0635 ...
 $ Gen01.HitRate5                   : num  0.0364 0.0943 0.0952 0.0588 0.0794 ...
 $ EOF                              : int  1 1 1 1 1 1 1 1 1 1 ...
[1] "2022-02-26 23:11:09 --- na.omit Finish ---"
[1] "2022-02-26 23:11:09 --- rxGlm with rxStepControl Start ---"

> print(paste0(Sys.time(), " --- source_logic_glm.R Start ---"))
[1] "2022-02-26 23:11:09 --- source_logic_glm.R Start ---"

> formula <- formula(RaceHorse.IsHitA ~ +1 + Gen01.TimeSdvByRaceAvg)

> print(paste0(Sys.time(), " --- source_logic_glm.R Finished ---"))
[1] "2022-02-26 23:11:09 --- source_logic_glm.R Finished ---"
Rows Read: 428, Total Rows Processed: 428, Total Chunk Time: 0.001 seconds 

Starting values (iteration 1) time: 0.031 secs.
Rows Read: 428, Total Rows Processed: 428, Total Chunk Time: 0.001 seconds 

Iteration 2 time: 0.008 secs.

Elapsed computation time: 0.045 secs.
Rows Read: 428, Total Rows Processed: 428, Total Chunk Time: Less than .001 seconds 

Starting values (iteration 1) time: 0.006 secs.
Rows Read: 428, Total Rows Processed: 428, Total Chunk Time: 0.001 seconds 

Iteration 2 time: 0.006 secs.

Elapsed computation time: 0.031 secs.
Rows Read: 428, Total Rows Processed: 428, Total Chunk Time: 0.001 seconds 

Starting values (iteration 1) time: 0.004 secs.
Rows Read: 428, Total Rows Processed: 428, Total Chunk Time: 0.001 seconds 

Iteration 2 time: 0.010 secs.

Elapsed computation time: 0.029 secs.
Rows Read: 428, Total Rows Processed: 428, Total Chunk Time: Less than .001 seconds 

Starting values (iteration 1) time: 0.005 secs.
Rows Read: 428, Total Rows Processed: 428, Total Chunk Time: 0.001 seconds 

Iteration 2 time: 0.008 secs.

Elapsed computation time: 0.026 secs.

Elapsed computation time: 0.158 secs.
[1] "--------------------------------------------------------------------------------"
[1] "analyze.results.glm.step="
Logistic Regression Results for: RaceHorse.IsHitA ~ 1
Data: data
Dependent variable(s): RaceHorse.IsHitA
Total independent variables: 1 
Number of valid observations: 428
Number of missing observations: 0 
 
Coefficients:
            RaceHorse.IsHitA
(Intercept)                2
[1] "analyze.results.glm.step.summary"
Call:
rxLogit(formula = formula, data = data, variableSelection = analyze.results.glm.step.varsel)

Logistic Regression Results for: RaceHorse.IsHitA ~ 1
Data: data
Dependent variable(s): RaceHorse.IsHitA
Total independent variables: 1 
Number of valid observations: 428
Number of missing observations: 0 
-2*LogLikelihood: 593.334 (Residual deviance on 427 degrees of freedom)
 
Coefficients:
            Estimate Std. Error z value Pr(>|z|)    
(Intercept)   2.0000     0.0967    20.7  2.2e-16 ***
---
Signif. codes:  0 '***' 0.001 '**' 0.01 '*' 0.05 '.' 0.1 ' ' 1

Condition number of final variance-covariance matrix: 1 
Number of iterations: 2
[1] "--------------------------------------------------------------------------------"
[1] "2022-02-26 23:11:10 --- rxGlm with rxStepControl Finish ---"
[1] "2022-02-26 23:11:10 --- rxStepPlot Start ---"
[1] "pdfFilename=pdf_analyze_glm_Gen01_Type26_rxStepPlot.pdf"
[1] "rxStepPlot="
[1] "2022-02-26 23:11:10 --- rxStepPlot Finish ---"
[1] "2022-02-26 23:11:10 --- save.image Start ---"
[1] "save.image"
[1] "rdataFilename=RData_analyze_glm_Gen01_Type26.RData"
[1] "2022-02-26 23:11:11 --- save.image Finish ---"
[1] "2022-02-26 23:11:11 --- final Start ---"
[1] "--------------------------------------------------------------------------------"
[1] "nrow(data) final=428"
[1] "--------------------------------------------------------------------------------"
[1] "2022-02-26 23:11:11 --- final Finish ---"
[1] "2022-02-26 23:11:11 --- analyze_glm.R Finished ---"
[1] "2022-02-26 23:11:11 --- log Finish ---"
