[1] "2022-02-26 23:10:39 --- D1115_analyze_glm_Gen01_IsHitA_Type23 Start ---"
[1] "2022-02-26 23:10:39 --- Log Start ---"
[1] "2022-02-26 23:10:39 --- analyze_glm.R Start ---"
[1] "analyzeVersion=D1115"
[1] "analyzeCategory=analyze"
[1] "analyzeType=Gen01"
[1] "analyzeFamily=IsHitA"
[1] "analyzeFunc=glm"
[1] "analyzeTrackTypeCd=2"
[1] "analyzeJyokenCd=3"
[1] "2022-02-26 23:10:39 --- source_function.R Start ---"
[1] "2022-02-26 23:10:39 --- source_function.R Finished ---"

> print(paste0(Sys.time(), " --- source_library.R Start ---"))
[1] "2022-02-26 23:10:39 --- source_library.R Start ---"

> require("RevoScaleR")

> print(paste0(Sys.time(), " --- source_library.R Finished ---"))
[1] "2022-02-26 23:10:39 --- source_library.R Finished ---"
[1] "2022-02-26 23:10:39 --- RxSqlServerData Start ---"
[1] "2022-02-26 23:10:39 --- RxInSqlServer Start ---"
[1] "2022-02-26 23:10:39 --- RxInSqlServer Finish ---"
[1] "2022-02-26 23:10:39 --- rxSetComputeContext Start ---"
[1] "2022-02-26 23:10:39 --- rxSetComputeContext Finish ---"
[1] "2022-02-26 23:10:39 --- RxSqlServerData Start ---"
[1] "sqlQuery=SELECT * FROM ViewAnalyzeD1115analyze01Gen01Type23"
[1] "2022-02-26 23:10:39 --- RxSqlServerData Finish ---"
[1] "2022-02-26 23:10:39 --- rxGetVarInfo Start ---"
[1] "2022-02-26 23:10:41 --- rxGetVarInfo Finish---"
[1] "2022-02-26 23:10:41 --- rxImport Start ---"
Rows Read: 966, Total Rows Processed: 966, Total Chunk Time: 5.850 seconds 
[1] "2022-02-26 23:10:57 --- rxImport Finish ---"
[1] "object.size(data) auto=532.4 Kb"
[1] "--------------------------------------------------------------------------------"
[1] "nrow(data) RxSqlServerData=966"
[1] "--------------------------------------------------------------------------------"
[1] "str(data)="
'data.frame':	966 obs. of  44 variables:
 $ Race.RaceId                      : Factor w/ 963 levels "20160105-06-01-01-08",..: 11 12 13 14 15 16 17 18 19 20 ...
 $ Race.IsAnalyzeNormalPastAndFuture: logi  TRUE TRUE TRUE TRUE TRUE TRUE ...
 $ Race.IsAnalyzeNormalPast         : logi  TRUE TRUE TRUE TRUE TRUE TRUE ...
 $ Race.IsAnalyzeNormalFuture       : logi  FALSE FALSE FALSE FALSE FALSE FALSE ...
 $ Race.IsAnalyzeFullPastAndFuture  : logi  TRUE TRUE TRUE TRUE TRUE TRUE ...
 $ Race.IsAnalyzeFullPast           : logi  TRUE TRUE TRUE TRUE TRUE TRUE ...
 $ Race.IsAnalyzeFullFuture         : logi  FALSE FALSE FALSE FALSE FALSE FALSE ...
 $ Race.JyokenCd                    : Factor w/ 1 level "3": 1 1 1 1 1 1 1 1 1 1 ...
 $ Race.JyoType1Cd                  : Factor w/ 105 levels "2-06-1200-3-1",..: 11 7 12 11 13 1 14 15 16 17 ...
 $ Race.RaceType1Cd                 : Factor w/ 6 levels "2-3-X-1","2-3-E-1",..: 4 4 1 4 1 1 3 4 4 2 ...
 $ RaceHorse.RaceId                 : Factor w/ 963 levels "20160105-06-01-01-08",..: 11 12 13 14 15 16 17 18 19 20 ...
 $ RaceHorse.KettoNum               : Factor w/ 877 levels "2012101489","2012105337",..: 11 12 13 14 15 16 17 18 19 20 ...
 $ RaceHorse.IsHit1                 : num  1 1 1 1 1 1 1 1 1 1 ...
 $ RaceHorse.IsHit2                 : num  0 0 0 0 0 0 0 0 0 0 ...
 $ RaceHorse.IsHit3                 : num  0 0 0 0 0 0 0 0 0 0 ...
 $ RaceHorse.IsHit4                 : num  0 0 0 0 0 0 0 0 0 0 ...
 $ RaceHorse.IsHit5                 : num  0 0 0 0 0 0 0 0 0 0 ...
 $ RaceHorse.IsHit6                 : num  0 0 0 0 0 0 0 0 0 0 ...
 $ RaceHorse.IsValidRaceHorse       : logi  TRUE TRUE TRUE TRUE TRUE TRUE ...
 $ RaceHorse.TimeSdvByRace          : num  2.31 1.26 1.4 1.32 1.08 ...
 $ RaceHorse.TimeSdv                : num  2.574 -0.687 0.647 0.261 0.274 ...
 $ RaceHorse.IsHitA                 : num  1 1 1 1 1 1 1 1 1 1 ...
 $ RaceHorse.IsHitB                 : num  1 1 1 1 1 1 1 1 1 1 ...
 $ RaceHorse.IsHitC                 : num  1 1 1 1 1 1 1 1 1 1 ...
 $ Gen01.HansyokuNum                : Factor w/ 182 levels "11201799","11202238",..: 9 10 11 12 13 14 3 15 16 9 ...
 $ Gen01.TimeSdvByRaceAvg           : num  0.3466 -0.0874 0.105 0.379 0.867 ...
 $ Gen01.TimeSdvByRaceMin           : num  -2.98 -2.52 -2.13 -1.12 0.73 ...
 $ Gen01.TimeSdvByRaceMax           : num  2.965 1.618 1.846 0.957 1.004 ...
 $ Gen01.TimeSdvAvg                 : num  -0.0589 0.0941 0.0238 0.6099 0.6626 ...
 $ Gen01.TimeSdvMin                 : num  -20.069 -1.778 -2.26 -0.813 -0.168 ...
 $ Gen01.TimeSdvMax                 : num  1.82 1.82 1.81 1.5 1.49 ...
 $ Gen01.OrderOfFinishSdvAvg        : num  0.3438 -0.0385 0.0712 0.3243 0.837 ...
 $ Gen01.RunCount                   : num  92 38 81 5 2 52 49 42 14 70 ...
 $ Gen01.HitCount1                  : num  13 5 5 0 0 3 4 5 1 4 ...
 $ Gen01.HitCount2                  : num  10 1 7 2 0 4 4 3 0 5 ...
 $ Gen01.HitCount3                  : num  5 6 10 0 0 4 5 7 1 7 ...
 $ Gen01.HitCount4                  : num  9 0 2 0 1 2 5 3 0 6 ...
 $ Gen01.HitCount5                  : num  6 3 4 0 1 4 3 2 0 3 ...
 $ Gen01.HitRate1                   : num  0.1413 0.1316 0.0617 0 0 ...
 $ Gen01.HitRate2                   : num  0.1087 0.0263 0.0864 0.4 0 ...
 $ Gen01.HitRate3                   : num  0.0543 0.1579 0.1235 0 0 ...
 $ Gen01.HitRate4                   : num  0.0978 0 0.0247 0 0.5 ...
 $ Gen01.HitRate5                   : num  0.0652 0.0789 0.0494 0 0.5 ...
 $ EOF                              : int  1 1 1 1 1 1 1 1 1 1 ...
[1] "2022-02-26 23:10:59 --- RxSqlServerData Finish ---"
[1] "2022-02-26 23:10:59 --- subset Start ---"
[1] "--------------------------------------------------------------------------------"
[1] "nrow(data) subset before=966"
[1] "nrow(data) subset after =966"
[1] "nrow(data) subset diff =0"
[1] "--------------------------------------------------------------------------------"
[1] "2022-02-26 23:11:00 --- subset Finish---"
[1] "2022-02-26 23:11:00 --- transform Start ---"
[1] "--------------------------------------------------------------------------------"
[1] "nrow(data) transform before=966"
[1] "nrow(data) transform after=966"
[1] "nrow(data) transform diff=0"
[1] "--------------------------------------------------------------------------------"
[1] "str(data)="
'data.frame':	966 obs. of  44 variables:
 $ Race.RaceId                      : Factor w/ 963 levels "20160105-06-01-01-08",..: 11 12 13 14 15 16 17 18 19 20 ...
 $ Race.IsAnalyzeNormalPastAndFuture: logi  TRUE TRUE TRUE TRUE TRUE TRUE ...
 $ Race.IsAnalyzeNormalPast         : logi  TRUE TRUE TRUE TRUE TRUE TRUE ...
 $ Race.IsAnalyzeNormalFuture       : logi  FALSE FALSE FALSE FALSE FALSE FALSE ...
 $ Race.IsAnalyzeFullPastAndFuture  : logi  TRUE TRUE TRUE TRUE TRUE TRUE ...
 $ Race.IsAnalyzeFullPast           : logi  TRUE TRUE TRUE TRUE TRUE TRUE ...
 $ Race.IsAnalyzeFullFuture         : logi  FALSE FALSE FALSE FALSE FALSE FALSE ...
 $ Race.JyokenCd                    : Factor w/ 1 level "3": 1 1 1 1 1 1 1 1 1 1 ...
 $ Race.JyoType1Cd                  : Factor w/ 105 levels "2-06-1200-3-1",..: 11 7 12 11 13 1 14 15 16 17 ...
 $ Race.RaceType1Cd                 : Factor w/ 6 levels "2-3-X-1","2-3-E-1",..: 4 4 1 4 1 1 3 4 4 2 ...
 $ RaceHorse.RaceId                 : Factor w/ 963 levels "20160105-06-01-01-08",..: 11 12 13 14 15 16 17 18 19 20 ...
 $ RaceHorse.KettoNum               : Factor w/ 877 levels "2012101489","2012105337",..: 11 12 13 14 15 16 17 18 19 20 ...
 $ RaceHorse.IsHit1                 : num  1 1 1 1 1 1 1 1 1 1 ...
 $ RaceHorse.IsHit2                 : num  0 0 0 0 0 0 0 0 0 0 ...
 $ RaceHorse.IsHit3                 : num  0 0 0 0 0 0 0 0 0 0 ...
 $ RaceHorse.IsHit4                 : num  0 0 0 0 0 0 0 0 0 0 ...
 $ RaceHorse.IsHit5                 : num  0 0 0 0 0 0 0 0 0 0 ...
 $ RaceHorse.IsHit6                 : num  0 0 0 0 0 0 0 0 0 0 ...
 $ RaceHorse.IsValidRaceHorse       : logi  TRUE TRUE TRUE TRUE TRUE TRUE ...
 $ RaceHorse.TimeSdvByRace          : num  2.31 1.26 1.4 1.32 1.08 ...
 $ RaceHorse.TimeSdv                : num  2.574 -0.687 0.647 0.261 0.274 ...
 $ RaceHorse.IsHitA                 : num  1 1 1 1 1 1 1 1 1 1 ...
 $ RaceHorse.IsHitB                 : num  1 1 1 1 1 1 1 1 1 1 ...
 $ RaceHorse.IsHitC                 : num  1 1 1 1 1 1 1 1 1 1 ...
 $ Gen01.HansyokuNum                : Factor w/ 182 levels "11201799","11202238",..: 9 10 11 12 13 14 3 15 16 9 ...
 $ Gen01.TimeSdvByRaceAvg           : num  0.3466 -0.0874 0.105 0.379 0.867 ...
 $ Gen01.TimeSdvByRaceMin           : num  -2.98 -2.52 -2.13 -1.12 0.73 ...
 $ Gen01.TimeSdvByRaceMax           : num  2.965 1.618 1.846 0.957 1.004 ...
 $ Gen01.TimeSdvAvg                 : num  -0.0589 0.0941 0.0238 0.6099 0.6626 ...
 $ Gen01.TimeSdvMin                 : num  -20.069 -1.778 -2.26 -0.813 -0.168 ...
 $ Gen01.TimeSdvMax                 : num  1.82 1.82 1.81 1.5 1.49 ...
 $ Gen01.OrderOfFinishSdvAvg        : num  0.3438 -0.0385 0.0712 0.3243 0.837 ...
 $ Gen01.RunCount                   : num  92 38 81 5 2 52 49 42 14 70 ...
 $ Gen01.HitCount1                  : num  13 5 5 0 0 3 4 5 1 4 ...
 $ Gen01.HitCount2                  : num  10 1 7 2 0 4 4 3 0 5 ...
 $ Gen01.HitCount3                  : num  5 6 10 0 0 4 5 7 1 7 ...
 $ Gen01.HitCount4                  : num  9 0 2 0 1 2 5 3 0 6 ...
 $ Gen01.HitCount5                  : num  6 3 4 0 1 4 3 2 0 3 ...
 $ Gen01.HitRate1                   : num  0.1413 0.1316 0.0617 0 0 ...
 $ Gen01.HitRate2                   : num  0.1087 0.0263 0.0864 0.4 0 ...
 $ Gen01.HitRate3                   : num  0.0543 0.1579 0.1235 0 0 ...
 $ Gen01.HitRate4                   : num  0.0978 0 0.0247 0 0.5 ...
 $ Gen01.HitRate5                   : num  0.0652 0.0789 0.0494 0 0.5 ...
 $ EOF                              : int  1 1 1 1 1 1 1 1 1 1 ...
NULL
[1] "2022-02-26 23:11:07 --- transform Finish ---"
[1] "2022-02-26 23:11:07 --- na.omit Start ---"
[1] "--------------------------------------------------------------------------------"
[1] "nrow(data) na.omit before=966"
[1] "nrow(data) na.omit after =966"
[1] "nrow(data) na.omit diff =0"
[1] "--------------------------------------------------------------------------------"
'data.frame':	966 obs. of  44 variables:
 $ Race.RaceId                      : Factor w/ 963 levels "20160105-06-01-01-08",..: 11 12 13 14 15 16 17 18 19 20 ...
 $ Race.IsAnalyzeNormalPastAndFuture: logi  TRUE TRUE TRUE TRUE TRUE TRUE ...
 $ Race.IsAnalyzeNormalPast         : logi  TRUE TRUE TRUE TRUE TRUE TRUE ...
 $ Race.IsAnalyzeNormalFuture       : logi  FALSE FALSE FALSE FALSE FALSE FALSE ...
 $ Race.IsAnalyzeFullPastAndFuture  : logi  TRUE TRUE TRUE TRUE TRUE TRUE ...
 $ Race.IsAnalyzeFullPast           : logi  TRUE TRUE TRUE TRUE TRUE TRUE ...
 $ Race.IsAnalyzeFullFuture         : logi  FALSE FALSE FALSE FALSE FALSE FALSE ...
 $ Race.JyokenCd                    : Factor w/ 1 level "3": 1 1 1 1 1 1 1 1 1 1 ...
 $ Race.JyoType1Cd                  : Factor w/ 105 levels "2-06-1200-3-1",..: 11 7 12 11 13 1 14 15 16 17 ...
 $ Race.RaceType1Cd                 : Factor w/ 6 levels "2-3-X-1","2-3-E-1",..: 4 4 1 4 1 1 3 4 4 2 ...
 $ RaceHorse.RaceId                 : Factor w/ 963 levels "20160105-06-01-01-08",..: 11 12 13 14 15 16 17 18 19 20 ...
 $ RaceHorse.KettoNum               : Factor w/ 877 levels "2012101489","2012105337",..: 11 12 13 14 15 16 17 18 19 20 ...
 $ RaceHorse.IsHit1                 : num  1 1 1 1 1 1 1 1 1 1 ...
 $ RaceHorse.IsHit2                 : num  0 0 0 0 0 0 0 0 0 0 ...
 $ RaceHorse.IsHit3                 : num  0 0 0 0 0 0 0 0 0 0 ...
 $ RaceHorse.IsHit4                 : num  0 0 0 0 0 0 0 0 0 0 ...
 $ RaceHorse.IsHit5                 : num  0 0 0 0 0 0 0 0 0 0 ...
 $ RaceHorse.IsHit6                 : num  0 0 0 0 0 0 0 0 0 0 ...
 $ RaceHorse.IsValidRaceHorse       : logi  TRUE TRUE TRUE TRUE TRUE TRUE ...
 $ RaceHorse.TimeSdvByRace          : num  2.31 1.26 1.4 1.32 1.08 ...
 $ RaceHorse.TimeSdv                : num  2.574 -0.687 0.647 0.261 0.274 ...
 $ RaceHorse.IsHitA                 : num  1 1 1 1 1 1 1 1 1 1 ...
 $ RaceHorse.IsHitB                 : num  1 1 1 1 1 1 1 1 1 1 ...
 $ RaceHorse.IsHitC                 : num  1 1 1 1 1 1 1 1 1 1 ...
 $ Gen01.HansyokuNum                : Factor w/ 182 levels "11201799","11202238",..: 9 10 11 12 13 14 3 15 16 9 ...
 $ Gen01.TimeSdvByRaceAvg           : num  0.3466 -0.0874 0.105 0.379 0.867 ...
 $ Gen01.TimeSdvByRaceMin           : num  -2.98 -2.52 -2.13 -1.12 0.73 ...
 $ Gen01.TimeSdvByRaceMax           : num  2.965 1.618 1.846 0.957 1.004 ...
 $ Gen01.TimeSdvAvg                 : num  -0.0589 0.0941 0.0238 0.6099 0.6626 ...
 $ Gen01.TimeSdvMin                 : num  -20.069 -1.778 -2.26 -0.813 -0.168 ...
 $ Gen01.TimeSdvMax                 : num  1.82 1.82 1.81 1.5 1.49 ...
 $ Gen01.OrderOfFinishSdvAvg        : num  0.3438 -0.0385 0.0712 0.3243 0.837 ...
 $ Gen01.RunCount                   : num  92 38 81 5 2 52 49 42 14 70 ...
 $ Gen01.HitCount1                  : num  13 5 5 0 0 3 4 5 1 4 ...
 $ Gen01.HitCount2                  : num  10 1 7 2 0 4 4 3 0 5 ...
 $ Gen01.HitCount3                  : num  5 6 10 0 0 4 5 7 1 7 ...
 $ Gen01.HitCount4                  : num  9 0 2 0 1 2 5 3 0 6 ...
 $ Gen01.HitCount5                  : num  6 3 4 0 1 4 3 2 0 3 ...
 $ Gen01.HitRate1                   : num  0.1413 0.1316 0.0617 0 0 ...
 $ Gen01.HitRate2                   : num  0.1087 0.0263 0.0864 0.4 0 ...
 $ Gen01.HitRate3                   : num  0.0543 0.1579 0.1235 0 0 ...
 $ Gen01.HitRate4                   : num  0.0978 0 0.0247 0 0.5 ...
 $ Gen01.HitRate5                   : num  0.0652 0.0789 0.0494 0 0.5 ...
 $ EOF                              : int  1 1 1 1 1 1 1 1 1 1 ...
[1] "2022-02-26 23:11:09 --- na.omit Finish ---"
[1] "2022-02-26 23:11:09 --- rxGlm with rxStepControl Start ---"

> print(paste0(Sys.time(), " --- source_logic_glm.R Start ---"))
[1] "2022-02-26 23:11:09 --- source_logic_glm.R Start ---"

> formula <- formula(RaceHorse.IsHitA ~ +1 + Gen01.TimeSdvByRaceAvg)

> print(paste0(Sys.time(), " --- source_logic_glm.R Finished ---"))
[1] "2022-02-26 23:11:09 --- source_logic_glm.R Finished ---"
Rows Read: 966, Total Rows Processed: 966, Total Chunk Time: 0.001 seconds 

Starting values (iteration 1) time: 0.029 secs.
Rows Read: 966, Total Rows Processed: 966, Total Chunk Time: 0.002 seconds 

Iteration 2 time: 0.009 secs.

Elapsed computation time: 0.049 secs.
Rows Read: 966, Total Rows Processed: 966, Total Chunk Time: 0.001 seconds 

Starting values (iteration 1) time: 0.005 secs.
Rows Read: 966, Total Rows Processed: 966, Total Chunk Time: 0.001 seconds 

Iteration 2 time: 0.006 secs.

Elapsed computation time: 0.031 secs.
Rows Read: 966, Total Rows Processed: 966, Total Chunk Time: 0.001 seconds 

Starting values (iteration 1) time: 0.005 secs.
Rows Read: 966, Total Rows Processed: 966, Total Chunk Time: 0.001 seconds 

Iteration 2 time: 0.011 secs.

Elapsed computation time: 0.030 secs.
Rows Read: 966, Total Rows Processed: 966, Total Chunk Time: Less than .001 seconds 

Starting values (iteration 1) time: 0.005 secs.
Rows Read: 966, Total Rows Processed: 966, Total Chunk Time: 0.001 seconds 

Iteration 2 time: 0.006 secs.

Elapsed computation time: 0.029 secs.

Elapsed computation time: 0.163 secs.
[1] "--------------------------------------------------------------------------------"
[1] "analyze.results.glm.step="
Logistic Regression Results for: RaceHorse.IsHitA ~ 1
Data: data
Dependent variable(s): RaceHorse.IsHitA
Total independent variables: 1 
Number of valid observations: 966
Number of missing observations: 0 
 
Coefficients:
            RaceHorse.IsHitA
(Intercept)                2
[1] "analyze.results.glm.step.summary"
Call:
rxLogit(formula = formula, data = data, variableSelection = analyze.results.glm.step.varsel)

Logistic Regression Results for: RaceHorse.IsHitA ~ 1
Data: data
Dependent variable(s): RaceHorse.IsHitA
Total independent variables: 1 
Number of valid observations: 966
Number of missing observations: 0 
-2*LogLikelihood: 1339.16 (Residual deviance on 965 degrees of freedom)
 
Coefficients:
            Estimate Std. Error z value Pr(>|z|)    
(Intercept)   2.0000     0.0643    31.1  2.2e-16 ***
---
Signif. codes:  0 '***' 0.001 '**' 0.01 '*' 0.05 '.' 0.1 ' ' 1

Condition number of final variance-covariance matrix: 1 
Number of iterations: 2
[1] "--------------------------------------------------------------------------------"
[1] "2022-02-26 23:11:11 --- rxGlm with rxStepControl Finish ---"
[1] "2022-02-26 23:11:11 --- rxStepPlot Start ---"
[1] "pdfFilename=pdf_analyze_glm_Gen01_Type23_rxStepPlot.pdf"
[1] "rxStepPlot="
[1] "2022-02-26 23:11:11 --- rxStepPlot Finish ---"
[1] "2022-02-26 23:11:11 --- save.image Start ---"
[1] "save.image"
[1] "rdataFilename=RData_analyze_glm_Gen01_Type23.RData"
[1] "2022-02-26 23:11:12 --- save.image Finish ---"
[1] "2022-02-26 23:11:12 --- final Start ---"
[1] "--------------------------------------------------------------------------------"
[1] "nrow(data) final=966"
[1] "--------------------------------------------------------------------------------"
[1] "2022-02-26 23:11:12 --- final Finish ---"
[1] "2022-02-26 23:11:12 --- analyze_glm.R Finished ---"
[1] "2022-02-26 23:11:12 --- log Finish ---"
