[1] "2022-02-26 23:10:58 --- D1115_analyze_glm_Gen02_IsHitA_Type11 Start ---"
[1] "2022-02-26 23:10:58 --- Log Start ---"
[1] "2022-02-26 23:10:58 --- analyze_glm.R Start ---"
[1] "analyzeVersion=D1115"
[1] "analyzeCategory=analyze"
[1] "analyzeType=Gen02"
[1] "analyzeFamily=IsHitA"
[1] "analyzeFunc=glm"
[1] "analyzeTrackTypeCd=1"
[1] "analyzeJyokenCd=1"
[1] "2022-02-26 23:10:58 --- source_function.R Start ---"
[1] "2022-02-26 23:10:58 --- source_function.R Finished ---"

> print(paste0(Sys.time(), " --- source_library.R Start ---"))
[1] "2022-02-26 23:10:58 --- source_library.R Start ---"

> require("RevoScaleR")

> print(paste0(Sys.time(), " --- source_library.R Finished ---"))
[1] "2022-02-26 23:10:59 --- source_library.R Finished ---"
[1] "2022-02-26 23:10:59 --- RxSqlServerData Start ---"
[1] "2022-02-26 23:10:59 --- RxInSqlServer Start ---"
[1] "2022-02-26 23:10:59 --- RxInSqlServer Finish ---"
[1] "2022-02-26 23:10:59 --- rxSetComputeContext Start ---"
[1] "2022-02-26 23:10:59 --- rxSetComputeContext Finish ---"
[1] "2022-02-26 23:10:59 --- RxSqlServerData Start ---"
[1] "sqlQuery=SELECT * FROM ViewAnalyzeD1115analyze01Gen02Type11"
[1] "2022-02-26 23:10:59 --- RxSqlServerData Finish ---"
[1] "2022-02-26 23:10:59 --- rxGetVarInfo Start ---"
[1] "2022-02-26 23:11:01 --- rxGetVarInfo Finish---"
[1] "2022-02-26 23:11:01 --- rxImport Start ---"
Rows Read: 549, Total Rows Processed: 549, Total Chunk Time: 9.476 seconds 
[1] "2022-02-26 23:11:47 --- rxImport Finish ---"
[1] "object.size(data) auto=302 Kb"
[1] "--------------------------------------------------------------------------------"
[1] "nrow(data) RxSqlServerData=549"
[1] "--------------------------------------------------------------------------------"
[1] "str(data)="
'data.frame':	549 obs. of  44 variables:
 $ Race.RaceId                      : Factor w/ 549 levels "20160306-06-02-04-11",..: 11 12 13 14 15 16 17 18 19 20 ...
 $ Race.IsAnalyzeNormalPastAndFuture: logi  TRUE TRUE TRUE TRUE TRUE TRUE ...
 $ Race.IsAnalyzeNormalPast         : logi  TRUE TRUE TRUE TRUE TRUE TRUE ...
 $ Race.IsAnalyzeNormalFuture       : logi  FALSE FALSE FALSE FALSE FALSE FALSE ...
 $ Race.IsAnalyzeFullPastAndFuture  : logi  TRUE TRUE TRUE TRUE TRUE TRUE ...
 $ Race.IsAnalyzeFullPast           : logi  TRUE TRUE TRUE TRUE TRUE TRUE ...
 $ Race.IsAnalyzeFullFuture         : logi  FALSE FALSE FALSE FALSE FALSE FALSE ...
 $ Race.JyokenCd                    : Factor w/ 1 level "1": 1 1 1 1 1 1 1 1 1 1 ...
 $ Race.JyoType1Cd                  : Factor w/ 123 levels "1-06-2000-1-1",..: 11 12 8 13 7 14 15 16 17 18 ...
 $ Race.RaceType1Cd                 : Factor w/ 14 levels "1-1-B-2","1-1-E-1",..: 5 1 6 3 3 2 7 2 8 1 ...
 $ RaceHorse.RaceId                 : Factor w/ 549 levels "20160306-06-02-04-11",..: 11 12 13 14 15 16 17 18 19 20 ...
 $ RaceHorse.KettoNum               : Factor w/ 361 levels "2013105788","2010103731",..: 11 12 13 14 15 16 17 18 19 13 ...
 $ RaceHorse.IsHit1                 : num  1 1 1 1 1 1 1 1 1 1 ...
 $ RaceHorse.IsHit2                 : num  0 0 0 0 0 0 0 0 0 0 ...
 $ RaceHorse.IsHit3                 : num  0 0 0 0 0 0 0 0 0 0 ...
 $ RaceHorse.IsHit4                 : num  0 0 0 0 0 0 0 0 0 0 ...
 $ RaceHorse.IsHit5                 : num  0 0 0 0 0 0 0 0 0 0 ...
 $ RaceHorse.IsHit6                 : num  0 0 0 0 0 0 0 0 0 0 ...
 $ RaceHorse.IsValidRaceHorse       : logi  TRUE TRUE TRUE TRUE TRUE TRUE ...
 $ RaceHorse.TimeSdvByRace          : num  2.07 1.83 1.64 1.95 1.52 ...
 $ RaceHorse.TimeSdv                : num  -0.1133 0.0742 1.5381 1.3273 1.7967 ...
 $ RaceHorse.IsHitA                 : num  1 1 1 1 1 1 1 1 1 1 ...
 $ RaceHorse.IsHitB                 : num  1 1 1 1 1 1 1 1 1 1 ...
 $ RaceHorse.IsHitC                 : num  1 1 1 1 1 1 1 1 1 1 ...
 $ Gen02.HansyokuNum                : Factor w/ 98 levels "11202086","11201853",..: 4 11 1 1 1 12 1 13 14 1 ...
 $ Gen02.TimeSdvByRaceAvg           : num  0.373 1.4 0.704 0.929 1.146 ...
 $ Gen02.TimeSdvByRaceMin           : num  -0.727 1.4 0.553 0.305 0.48 ...
 $ Gen02.TimeSdvByRaceMax           : num  1.187 1.4 0.855 2.002 1.816 ...
 $ Gen02.TimeSdvAvg                 : num  -0.435 0.742 -0.65 0.738 0.243 ...
 $ Gen02.TimeSdvMin                 : num  -2.359 0.742 -1.189 -0.829 -0.222 ...
 $ Gen02.TimeSdvMax                 : num  0.895 0.742 -0.112 2.209 0.564 ...
 $ Gen02.OrderOfFinishSdvAvg        : num  0.631 1.512 1.149 0.823 1.167 ...
 $ Gen02.RunCount                   : num  4 1 2 9 3 3 1 9 1 2 ...
 $ Gen02.HitCount1                  : num  1 1 0 2 2 0 1 1 0 0 ...
 $ Gen02.HitCount2                  : num  0 0 0 0 0 0 0 1 0 0 ...
 $ Gen02.HitCount3                  : num  1 0 2 0 0 1 0 2 1 1 ...
 $ Gen02.HitCount4                  : num  0 0 0 3 0 0 0 0 0 0 ...
 $ Gen02.HitCount5                  : num  1 0 0 1 0 0 0 2 0 0 ...
 $ Gen02.HitRate1                   : num  0.25 1 0 0.222 0.667 ...
 $ Gen02.HitRate2                   : num  0 0 0 0 0 ...
 $ Gen02.HitRate3                   : num  0.25 0 1 0 0 ...
 $ Gen02.HitRate4                   : num  0 0 0 0.333 0 ...
 $ Gen02.HitRate5                   : num  0.25 0 0 0.111 0 ...
 $ EOF                              : int  1 1 1 1 1 1 1 1 1 1 ...
[1] "2022-02-26 23:11:48 --- RxSqlServerData Finish ---"
[1] "2022-02-26 23:11:48 --- subset Start ---"
[1] "--------------------------------------------------------------------------------"
[1] "nrow(data) subset before=549"
[1] "nrow(data) subset after =549"
[1] "nrow(data) subset diff =0"
[1] "--------------------------------------------------------------------------------"
[1] "2022-02-26 23:11:48 --- subset Finish---"
[1] "2022-02-26 23:11:48 --- transform Start ---"
[1] "--------------------------------------------------------------------------------"
[1] "nrow(data) transform before=549"
[1] "nrow(data) transform after=549"
[1] "nrow(data) transform diff=0"
[1] "--------------------------------------------------------------------------------"
[1] "str(data)="
'data.frame':	549 obs. of  44 variables:
 $ Race.RaceId                      : Factor w/ 549 levels "20160306-06-02-04-11",..: 11 12 13 14 15 16 17 18 19 20 ...
 $ Race.IsAnalyzeNormalPastAndFuture: logi  TRUE TRUE TRUE TRUE TRUE TRUE ...
 $ Race.IsAnalyzeNormalPast         : logi  TRUE TRUE TRUE TRUE TRUE TRUE ...
 $ Race.IsAnalyzeNormalFuture       : logi  FALSE FALSE FALSE FALSE FALSE FALSE ...
 $ Race.IsAnalyzeFullPastAndFuture  : logi  TRUE TRUE TRUE TRUE TRUE TRUE ...
 $ Race.IsAnalyzeFullPast           : logi  TRUE TRUE TRUE TRUE TRUE TRUE ...
 $ Race.IsAnalyzeFullFuture         : logi  FALSE FALSE FALSE FALSE FALSE FALSE ...
 $ Race.JyokenCd                    : Factor w/ 1 level "1": 1 1 1 1 1 1 1 1 1 1 ...
 $ Race.JyoType1Cd                  : Factor w/ 123 levels "1-06-2000-1-1",..: 11 12 8 13 7 14 15 16 17 18 ...
 $ Race.RaceType1Cd                 : Factor w/ 14 levels "1-1-B-2","1-1-E-1",..: 5 1 6 3 3 2 7 2 8 1 ...
 $ RaceHorse.RaceId                 : Factor w/ 549 levels "20160306-06-02-04-11",..: 11 12 13 14 15 16 17 18 19 20 ...
 $ RaceHorse.KettoNum               : Factor w/ 361 levels "2013105788","2010103731",..: 11 12 13 14 15 16 17 18 19 13 ...
 $ RaceHorse.IsHit1                 : num  1 1 1 1 1 1 1 1 1 1 ...
 $ RaceHorse.IsHit2                 : num  0 0 0 0 0 0 0 0 0 0 ...
 $ RaceHorse.IsHit3                 : num  0 0 0 0 0 0 0 0 0 0 ...
 $ RaceHorse.IsHit4                 : num  0 0 0 0 0 0 0 0 0 0 ...
 $ RaceHorse.IsHit5                 : num  0 0 0 0 0 0 0 0 0 0 ...
 $ RaceHorse.IsHit6                 : num  0 0 0 0 0 0 0 0 0 0 ...
 $ RaceHorse.IsValidRaceHorse       : logi  TRUE TRUE TRUE TRUE TRUE TRUE ...
 $ RaceHorse.TimeSdvByRace          : num  2.07 1.83 1.64 1.95 1.52 ...
 $ RaceHorse.TimeSdv                : num  -0.1133 0.0742 1.5381 1.3273 1.7967 ...
 $ RaceHorse.IsHitA                 : num  1 1 1 1 1 1 1 1 1 1 ...
 $ RaceHorse.IsHitB                 : num  1 1 1 1 1 1 1 1 1 1 ...
 $ RaceHorse.IsHitC                 : num  1 1 1 1 1 1 1 1 1 1 ...
 $ Gen02.HansyokuNum                : Factor w/ 98 levels "11202086","11201853",..: 4 11 1 1 1 12 1 13 14 1 ...
 $ Gen02.TimeSdvByRaceAvg           : num  0.373 1.4 0.704 0.929 1.146 ...
 $ Gen02.TimeSdvByRaceMin           : num  -0.727 1.4 0.553 0.305 0.48 ...
 $ Gen02.TimeSdvByRaceMax           : num  1.187 1.4 0.855 2.002 1.816 ...
 $ Gen02.TimeSdvAvg                 : num  -0.435 0.742 -0.65 0.738 0.243 ...
 $ Gen02.TimeSdvMin                 : num  -2.359 0.742 -1.189 -0.829 -0.222 ...
 $ Gen02.TimeSdvMax                 : num  0.895 0.742 -0.112 2.209 0.564 ...
 $ Gen02.OrderOfFinishSdvAvg        : num  0.631 1.512 1.149 0.823 1.167 ...
 $ Gen02.RunCount                   : num  4 1 2 9 3 3 1 9 1 2 ...
 $ Gen02.HitCount1                  : num  1 1 0 2 2 0 1 1 0 0 ...
 $ Gen02.HitCount2                  : num  0 0 0 0 0 0 0 1 0 0 ...
 $ Gen02.HitCount3                  : num  1 0 2 0 0 1 0 2 1 1 ...
 $ Gen02.HitCount4                  : num  0 0 0 3 0 0 0 0 0 0 ...
 $ Gen02.HitCount5                  : num  1 0 0 1 0 0 0 2 0 0 ...
 $ Gen02.HitRate1                   : num  0.25 1 0 0.222 0.667 ...
 $ Gen02.HitRate2                   : num  0 0 0 0 0 ...
 $ Gen02.HitRate3                   : num  0.25 0 1 0 0 ...
 $ Gen02.HitRate4                   : num  0 0 0 0.333 0 ...
 $ Gen02.HitRate5                   : num  0.25 0 0 0.111 0 ...
 $ EOF                              : int  1 1 1 1 1 1 1 1 1 1 ...
NULL
[1] "2022-02-26 23:11:49 --- transform Finish ---"
[1] "2022-02-26 23:11:49 --- na.omit Start ---"
[1] "--------------------------------------------------------------------------------"
[1] "nrow(data) na.omit before=549"
[1] "nrow(data) na.omit after =549"
[1] "nrow(data) na.omit diff =0"
[1] "--------------------------------------------------------------------------------"
'data.frame':	549 obs. of  44 variables:
 $ Race.RaceId                      : Factor w/ 549 levels "20160306-06-02-04-11",..: 11 12 13 14 15 16 17 18 19 20 ...
 $ Race.IsAnalyzeNormalPastAndFuture: logi  TRUE TRUE TRUE TRUE TRUE TRUE ...
 $ Race.IsAnalyzeNormalPast         : logi  TRUE TRUE TRUE TRUE TRUE TRUE ...
 $ Race.IsAnalyzeNormalFuture       : logi  FALSE FALSE FALSE FALSE FALSE FALSE ...
 $ Race.IsAnalyzeFullPastAndFuture  : logi  TRUE TRUE TRUE TRUE TRUE TRUE ...
 $ Race.IsAnalyzeFullPast           : logi  TRUE TRUE TRUE TRUE TRUE TRUE ...
 $ Race.IsAnalyzeFullFuture         : logi  FALSE FALSE FALSE FALSE FALSE FALSE ...
 $ Race.JyokenCd                    : Factor w/ 1 level "1": 1 1 1 1 1 1 1 1 1 1 ...
 $ Race.JyoType1Cd                  : Factor w/ 123 levels "1-06-2000-1-1",..: 11 12 8 13 7 14 15 16 17 18 ...
 $ Race.RaceType1Cd                 : Factor w/ 14 levels "1-1-B-2","1-1-E-1",..: 5 1 6 3 3 2 7 2 8 1 ...
 $ RaceHorse.RaceId                 : Factor w/ 549 levels "20160306-06-02-04-11",..: 11 12 13 14 15 16 17 18 19 20 ...
 $ RaceHorse.KettoNum               : Factor w/ 361 levels "2013105788","2010103731",..: 11 12 13 14 15 16 17 18 19 13 ...
 $ RaceHorse.IsHit1                 : num  1 1 1 1 1 1 1 1 1 1 ...
 $ RaceHorse.IsHit2                 : num  0 0 0 0 0 0 0 0 0 0 ...
 $ RaceHorse.IsHit3                 : num  0 0 0 0 0 0 0 0 0 0 ...
 $ RaceHorse.IsHit4                 : num  0 0 0 0 0 0 0 0 0 0 ...
 $ RaceHorse.IsHit5                 : num  0 0 0 0 0 0 0 0 0 0 ...
 $ RaceHorse.IsHit6                 : num  0 0 0 0 0 0 0 0 0 0 ...
 $ RaceHorse.IsValidRaceHorse       : logi  TRUE TRUE TRUE TRUE TRUE TRUE ...
 $ RaceHorse.TimeSdvByRace          : num  2.07 1.83 1.64 1.95 1.52 ...
 $ RaceHorse.TimeSdv                : num  -0.1133 0.0742 1.5381 1.3273 1.7967 ...
 $ RaceHorse.IsHitA                 : num  1 1 1 1 1 1 1 1 1 1 ...
 $ RaceHorse.IsHitB                 : num  1 1 1 1 1 1 1 1 1 1 ...
 $ RaceHorse.IsHitC                 : num  1 1 1 1 1 1 1 1 1 1 ...
 $ Gen02.HansyokuNum                : Factor w/ 98 levels "11202086","11201853",..: 4 11 1 1 1 12 1 13 14 1 ...
 $ Gen02.TimeSdvByRaceAvg           : num  0.373 1.4 0.704 0.929 1.146 ...
 $ Gen02.TimeSdvByRaceMin           : num  -0.727 1.4 0.553 0.305 0.48 ...
 $ Gen02.TimeSdvByRaceMax           : num  1.187 1.4 0.855 2.002 1.816 ...
 $ Gen02.TimeSdvAvg                 : num  -0.435 0.742 -0.65 0.738 0.243 ...
 $ Gen02.TimeSdvMin                 : num  -2.359 0.742 -1.189 -0.829 -0.222 ...
 $ Gen02.TimeSdvMax                 : num  0.895 0.742 -0.112 2.209 0.564 ...
 $ Gen02.OrderOfFinishSdvAvg        : num  0.631 1.512 1.149 0.823 1.167 ...
 $ Gen02.RunCount                   : num  4 1 2 9 3 3 1 9 1 2 ...
 $ Gen02.HitCount1                  : num  1 1 0 2 2 0 1 1 0 0 ...
 $ Gen02.HitCount2                  : num  0 0 0 0 0 0 0 1 0 0 ...
 $ Gen02.HitCount3                  : num  1 0 2 0 0 1 0 2 1 1 ...
 $ Gen02.HitCount4                  : num  0 0 0 3 0 0 0 0 0 0 ...
 $ Gen02.HitCount5                  : num  1 0 0 1 0 0 0 2 0 0 ...
 $ Gen02.HitRate1                   : num  0.25 1 0 0.222 0.667 ...
 $ Gen02.HitRate2                   : num  0 0 0 0 0 ...
 $ Gen02.HitRate3                   : num  0.25 0 1 0 0 ...
 $ Gen02.HitRate4                   : num  0 0 0 0.333 0 ...
 $ Gen02.HitRate5                   : num  0.25 0 0 0.111 0 ...
 $ EOF                              : int  1 1 1 1 1 1 1 1 1 1 ...
[1] "2022-02-26 23:11:49 --- na.omit Finish ---"
[1] "2022-02-26 23:11:49 --- rxGlm with rxStepControl Start ---"

> print(paste0(Sys.time(), " --- source_logic_glm.R Start ---"))
[1] "2022-02-26 23:11:49 --- source_logic_glm.R Start ---"

> formula <- formula(RaceHorse.IsHitA ~ +1 + Gen02.TimeSdvByRaceAvg)

> print(paste0(Sys.time(), " --- source_logic_glm.R Finished ---"))
[1] "2022-02-26 23:11:49 --- source_logic_glm.R Finished ---"
Rows Read: 549, Total Rows Processed: 549, Total Chunk Time: Less than .001 seconds 

Starting values (iteration 1) time: 0.013 secs.
Rows Read: 549, Total Rows Processed: 549, Total Chunk Time: Less than .001 seconds 

Iteration 2 time: 0.007 secs.

Elapsed computation time: 0.027 secs.
Rows Read: 549, Total Rows Processed: 549, Total Chunk Time: Less than .001 seconds 

Starting values (iteration 1) time: 0.008 secs.
Rows Read: 549, Total Rows Processed: 549, Total Chunk Time: Less than .001 seconds 

Iteration 2 time: 0.006 secs.

Elapsed computation time: 0.029 secs.
Rows Read: 549, Total Rows Processed: 549, Total Chunk Time: 0.001 seconds 

Starting values (iteration 1) time: 0.005 secs.
Rows Read: 549, Total Rows Processed: 549, Total Chunk Time: Less than .001 seconds 

Iteration 2 time: 0.008 secs.

Elapsed computation time: 0.035 secs.
Rows Read: 549, Total Rows Processed: 549, Total Chunk Time: Less than .001 seconds 

Starting values (iteration 1) time: 0.008 secs.
Rows Read: 549, Total Rows Processed: 549, Total Chunk Time: 0.001 seconds 

Iteration 2 time: 0.007 secs.

Elapsed computation time: 0.029 secs.

Elapsed computation time: 0.147 secs.
[1] "--------------------------------------------------------------------------------"
[1] "analyze.results.glm.step="
Logistic Regression Results for: RaceHorse.IsHitA ~ 1
Data: data
Dependent variable(s): RaceHorse.IsHitA
Total independent variables: 1 
Number of valid observations: 549
Number of missing observations: 0 
 
Coefficients:
            RaceHorse.IsHitA
(Intercept)                2
[1] "analyze.results.glm.step.summary"
Call:
rxLogit(formula = formula, data = data, variableSelection = analyze.results.glm.step.varsel)

Logistic Regression Results for: RaceHorse.IsHitA ~ 1
Data: data
Dependent variable(s): RaceHorse.IsHitA
Total independent variables: 1 
Number of valid observations: 549
Number of missing observations: 0 
-2*LogLikelihood: 761.076 (Residual deviance on 548 degrees of freedom)
 
Coefficients:
            Estimate Std. Error z value Pr(>|z|)    
(Intercept)   2.0000     0.0854    23.4  2.2e-16 ***
---
Signif. codes:  0 '***' 0.001 '**' 0.01 '*' 0.05 '.' 0.1 ' ' 1

Condition number of final variance-covariance matrix: 1 
Number of iterations: 2
[1] "--------------------------------------------------------------------------------"
[1] "2022-02-26 23:11:49 --- rxGlm with rxStepControl Finish ---"
[1] "2022-02-26 23:11:49 --- rxStepPlot Start ---"
[1] "pdfFilename=pdf_analyze_glm_Gen02_Type11_rxStepPlot.pdf"
[1] "rxStepPlot="
[1] "2022-02-26 23:11:50 --- rxStepPlot Finish ---"
[1] "2022-02-26 23:11:50 --- save.image Start ---"
[1] "save.image"
[1] "rdataFilename=RData_analyze_glm_Gen02_Type11.RData"
[1] "2022-02-26 23:11:50 --- save.image Finish ---"
[1] "2022-02-26 23:11:50 --- final Start ---"
[1] "--------------------------------------------------------------------------------"
[1] "nrow(data) final=549"
[1] "--------------------------------------------------------------------------------"
[1] "2022-02-26 23:11:50 --- final Finish ---"
[1] "2022-02-26 23:11:50 --- analyze_glm.R Finished ---"
[1] "2022-02-26 23:11:50 --- log Finish ---"
