[1] "2022-02-26 23:12:31 --- D1115_analyze_glm_Jockey_IsHitA_Type14 Start ---"
[1] "2022-02-26 23:12:31 --- Log Start ---"
[1] "2022-02-26 23:12:31 --- analyze_glm.R Start ---"
[1] "analyzeVersion=D1115"
[1] "analyzeCategory=analyze"
[1] "analyzeType=Jockey"
[1] "analyzeFamily=IsHitA"
[1] "analyzeFunc=glm"
[1] "analyzeTrackTypeCd=1"
[1] "analyzeJyokenCd=4"
[1] "2022-02-26 23:12:31 --- source_function.R Start ---"
[1] "2022-02-26 23:12:31 --- source_function.R Finished ---"

> print(paste0(Sys.time(), " --- source_library.R Start ---"))
[1] "2022-02-26 23:12:31 --- source_library.R Start ---"

> require("RevoScaleR")

> print(paste0(Sys.time(), " --- source_library.R Finished ---"))
[1] "2022-02-26 23:12:32 --- source_library.R Finished ---"
[1] "2022-02-26 23:12:32 --- RxSqlServerData Start ---"
[1] "2022-02-26 23:12:32 --- RxInSqlServer Start ---"
[1] "2022-02-26 23:12:32 --- RxInSqlServer Finish ---"
[1] "2022-02-26 23:12:33 --- rxSetComputeContext Start ---"
[1] "2022-02-26 23:12:33 --- rxSetComputeContext Finish ---"
[1] "2022-02-26 23:12:33 --- RxSqlServerData Start ---"
[1] "sqlQuery=SELECT * FROM ViewAnalyzeD1115analyze01JockeyType14"
[1] "2022-02-26 23:12:33 --- RxSqlServerData Finish ---"
[1] "2022-02-26 23:12:33 --- rxGetVarInfo Start ---"
[1] "2022-02-26 23:12:35 --- rxGetVarInfo Finish---"
[1] "2022-02-26 23:12:35 --- rxImport Start ---"
Rows Read: 2233, Total Rows Processed: 2233, Total Chunk Time: 37.048 seconds 
[1] "2022-02-26 23:13:59 --- rxImport Finish ---"
[1] "object.size(data) auto=1.1 Mb"
[1] "--------------------------------------------------------------------------------"
[1] "nrow(data) RxSqlServerData=2233"
[1] "--------------------------------------------------------------------------------"
[1] "str(data)="
'data.frame':	2233 obs. of  43 variables:
 $ Race.RaceId                      : Factor w/ 2229 levels "20190601-05-03-01-09",..: 3 2 1 7 8 6 4 5 9 10 ...
 $ Race.IsAnalyzeNormalPastAndFuture: logi  TRUE TRUE TRUE TRUE TRUE TRUE ...
 $ Race.IsAnalyzeNormalPast         : logi  TRUE TRUE TRUE TRUE TRUE TRUE ...
 $ Race.IsAnalyzeNormalFuture       : logi  FALSE FALSE FALSE FALSE FALSE FALSE ...
 $ Race.IsAnalyzeFullPastAndFuture  : logi  TRUE TRUE TRUE TRUE TRUE TRUE ...
 $ Race.IsAnalyzeFullPast           : logi  TRUE TRUE TRUE TRUE TRUE TRUE ...
 $ Race.IsAnalyzeFullFuture         : logi  FALSE FALSE FALSE FALSE FALSE FALSE ...
 $ Race.JyokenCd                    : Factor w/ 1 level "4": 1 1 1 1 1 1 1 1 1 1 ...
 $ Race.JyoType1Cd                  : Factor w/ 177 levels "1-05-1800-4-1",..: 3 2 1 7 8 6 4 5 9 10 ...
 $ Race.RaceType1Cd                 : Factor w/ 6 levels "1-4-E-2","1-4-X-2",..: 3 2 1 2 4 4 4 1 3 1 ...
 $ RaceHorse.RaceId                 : Factor w/ 2229 levels "20190601-05-03-01-09",..: 3 2 1 7 8 6 4 5 9 10 ...
 $ RaceHorse.KettoNum               : Factor w/ 2025 levels "2016101163","2012104859",..: 3 2 1 7 8 6 4 5 9 10 ...
 $ RaceHorse.IsHit1                 : num  1 1 1 1 1 1 1 1 1 1 ...
 $ RaceHorse.IsHit2                 : num  0 0 0 0 0 0 0 0 0 0 ...
 $ RaceHorse.IsHit3                 : num  0 0 0 0 0 0 0 0 0 0 ...
 $ RaceHorse.IsHit4                 : num  0 0 0 0 0 0 0 0 0 0 ...
 $ RaceHorse.IsHit5                 : num  0 0 0 0 0 0 0 0 0 0 ...
 $ RaceHorse.IsHit6                 : num  0 0 0 0 0 0 0 0 0 0 ...
 $ RaceHorse.IsValidRaceHorse       : logi  TRUE TRUE TRUE TRUE TRUE TRUE ...
 $ RaceHorse.TimeSdvByRace          : num  1.06 1.22 1.35 1.41 1.65 ...
 $ RaceHorse.TimeSdv                : num  -0.238 1.535 2.157 -0.346 1.548 ...
 $ RaceHorse.IsHitA                 : num  1 1 1 1 1 1 1 1 1 1 ...
 $ RaceHorse.IsHitB                 : num  1 1 1 1 1 1 1 1 1 1 ...
 $ RaceHorse.IsHitC                 : num  1 1 1 1 1 1 1 1 1 1 ...
 $ Jockey.TimeSdvByRaceAvg          : num  -0.357 0.102 0.758 0.606 0.773 ...
 $ Jockey.TimeSdvByRaceMin          : num  -2.68 -2.65 -1.15 -2.37 -1.74 ...
 $ Jockey.TimeSdvByRaceMax          : num  1.37 1.74 2.01 2.17 2.33 ...
 $ Jockey.TimeSdvAvg                : num  -0.55 0.221 0.606 0.512 0.668 ...
 $ Jockey.TimeSdvMin                : num  -4.05 -2.07 -1.65 -1.65 -1.64 ...
 $ Jockey.TimeSdvMax                : num  1.2 1.9 2.24 2.92 2.55 ...
 $ Jockey.OrderOfFinishSdvAvg       : num  -0.401 0.0235 0.8841 0.5434 0.8433 ...
 $ Jockey.RunCount                  : num  54 129 74 118 140 114 152 169 110 56 ...
 $ Jockey.HitCount1                 : num  2 6 20 17 36 13 27 31 19 5 ...
 $ Jockey.HitCount2                 : num  4 18 16 25 22 4 16 17 7 2 ...
 $ Jockey.HitCount3                 : num  2 7 10 11 18 7 21 14 8 7 ...
 $ Jockey.HitCount4                 : num  3 9 13 3 16 10 15 17 8 11 ...
 $ Jockey.HitCount5                 : num  2 13 3 14 11 6 17 13 5 2 ...
 $ Jockey.HitRate1                  : num  0.037 0.0465 0.2703 0.1441 0.2571 ...
 $ Jockey.HitRate2                  : num  0.0741 0.1395 0.2162 0.2119 0.1571 ...
 $ Jockey.HitRate3                  : num  0.037 0.0543 0.1351 0.0932 0.1286 ...
 $ Jockey.HitRate4                  : num  0.0556 0.0698 0.1757 0.0254 0.1143 ...
 $ Jockey.HitRate5                  : num  0.037 0.1008 0.0405 0.1186 0.0786 ...
 $ EOF                              : int  1 1 1 1 1 1 1 1 1 1 ...
[1] "2022-02-26 23:14:00 --- RxSqlServerData Finish ---"
[1] "2022-02-26 23:14:00 --- subset Start ---"
[1] "--------------------------------------------------------------------------------"
[1] "nrow(data) subset before=2233"
[1] "nrow(data) subset after =2233"
[1] "nrow(data) subset diff =0"
[1] "--------------------------------------------------------------------------------"
[1] "2022-02-26 23:14:00 --- subset Finish---"
[1] "2022-02-26 23:14:00 --- transform Start ---"
[1] "--------------------------------------------------------------------------------"
[1] "nrow(data) transform before=2233"
[1] "nrow(data) transform after=2233"
[1] "nrow(data) transform diff=0"
[1] "--------------------------------------------------------------------------------"
[1] "str(data)="
'data.frame':	2233 obs. of  43 variables:
 $ Race.RaceId                      : Factor w/ 2229 levels "20190601-05-03-01-09",..: 3 2 1 7 8 6 4 5 9 10 ...
 $ Race.IsAnalyzeNormalPastAndFuture: logi  TRUE TRUE TRUE TRUE TRUE TRUE ...
 $ Race.IsAnalyzeNormalPast         : logi  TRUE TRUE TRUE TRUE TRUE TRUE ...
 $ Race.IsAnalyzeNormalFuture       : logi  FALSE FALSE FALSE FALSE FALSE FALSE ...
 $ Race.IsAnalyzeFullPastAndFuture  : logi  TRUE TRUE TRUE TRUE TRUE TRUE ...
 $ Race.IsAnalyzeFullPast           : logi  TRUE TRUE TRUE TRUE TRUE TRUE ...
 $ Race.IsAnalyzeFullFuture         : logi  FALSE FALSE FALSE FALSE FALSE FALSE ...
 $ Race.JyokenCd                    : Factor w/ 1 level "4": 1 1 1 1 1 1 1 1 1 1 ...
 $ Race.JyoType1Cd                  : Factor w/ 177 levels "1-05-1800-4-1",..: 3 2 1 7 8 6 4 5 9 10 ...
 $ Race.RaceType1Cd                 : Factor w/ 6 levels "1-4-E-2","1-4-X-2",..: 3 2 1 2 4 4 4 1 3 1 ...
 $ RaceHorse.RaceId                 : Factor w/ 2229 levels "20190601-05-03-01-09",..: 3 2 1 7 8 6 4 5 9 10 ...
 $ RaceHorse.KettoNum               : Factor w/ 2025 levels "2016101163","2012104859",..: 3 2 1 7 8 6 4 5 9 10 ...
 $ RaceHorse.IsHit1                 : num  1 1 1 1 1 1 1 1 1 1 ...
 $ RaceHorse.IsHit2                 : num  0 0 0 0 0 0 0 0 0 0 ...
 $ RaceHorse.IsHit3                 : num  0 0 0 0 0 0 0 0 0 0 ...
 $ RaceHorse.IsHit4                 : num  0 0 0 0 0 0 0 0 0 0 ...
 $ RaceHorse.IsHit5                 : num  0 0 0 0 0 0 0 0 0 0 ...
 $ RaceHorse.IsHit6                 : num  0 0 0 0 0 0 0 0 0 0 ...
 $ RaceHorse.IsValidRaceHorse       : logi  TRUE TRUE TRUE TRUE TRUE TRUE ...
 $ RaceHorse.TimeSdvByRace          : num  1.06 1.22 1.35 1.41 1.65 ...
 $ RaceHorse.TimeSdv                : num  -0.238 1.535 2.157 -0.346 1.548 ...
 $ RaceHorse.IsHitA                 : num  1 1 1 1 1 1 1 1 1 1 ...
 $ RaceHorse.IsHitB                 : num  1 1 1 1 1 1 1 1 1 1 ...
 $ RaceHorse.IsHitC                 : num  1 1 1 1 1 1 1 1 1 1 ...
 $ Jockey.TimeSdvByRaceAvg          : num  -0.357 0.102 0.758 0.606 0.773 ...
 $ Jockey.TimeSdvByRaceMin          : num  -2.68 -2.65 -1.15 -2.37 -1.74 ...
 $ Jockey.TimeSdvByRaceMax          : num  1.37 1.74 2.01 2.17 2.33 ...
 $ Jockey.TimeSdvAvg                : num  -0.55 0.221 0.606 0.512 0.668 ...
 $ Jockey.TimeSdvMin                : num  -4.05 -2.07 -1.65 -1.65 -1.64 ...
 $ Jockey.TimeSdvMax                : num  1.2 1.9 2.24 2.92 2.55 ...
 $ Jockey.OrderOfFinishSdvAvg       : num  -0.401 0.0235 0.8841 0.5434 0.8433 ...
 $ Jockey.RunCount                  : num  54 129 74 118 140 114 152 169 110 56 ...
 $ Jockey.HitCount1                 : num  2 6 20 17 36 13 27 31 19 5 ...
 $ Jockey.HitCount2                 : num  4 18 16 25 22 4 16 17 7 2 ...
 $ Jockey.HitCount3                 : num  2 7 10 11 18 7 21 14 8 7 ...
 $ Jockey.HitCount4                 : num  3 9 13 3 16 10 15 17 8 11 ...
 $ Jockey.HitCount5                 : num  2 13 3 14 11 6 17 13 5 2 ...
 $ Jockey.HitRate1                  : num  0.037 0.0465 0.2703 0.1441 0.2571 ...
 $ Jockey.HitRate2                  : num  0.0741 0.1395 0.2162 0.2119 0.1571 ...
 $ Jockey.HitRate3                  : num  0.037 0.0543 0.1351 0.0932 0.1286 ...
 $ Jockey.HitRate4                  : num  0.0556 0.0698 0.1757 0.0254 0.1143 ...
 $ Jockey.HitRate5                  : num  0.037 0.1008 0.0405 0.1186 0.0786 ...
 $ EOF                              : int  1 1 1 1 1 1 1 1 1 1 ...
NULL
[1] "2022-02-26 23:14:02 --- transform Finish ---"
[1] "2022-02-26 23:14:02 --- na.omit Start ---"
[1] "--------------------------------------------------------------------------------"
[1] "nrow(data) na.omit before=2233"
[1] "nrow(data) na.omit after =2233"
[1] "nrow(data) na.omit diff =0"
[1] "--------------------------------------------------------------------------------"
'data.frame':	2233 obs. of  43 variables:
 $ Race.RaceId                      : Factor w/ 2229 levels "20190601-05-03-01-09",..: 3 2 1 7 8 6 4 5 9 10 ...
 $ Race.IsAnalyzeNormalPastAndFuture: logi  TRUE TRUE TRUE TRUE TRUE TRUE ...
 $ Race.IsAnalyzeNormalPast         : logi  TRUE TRUE TRUE TRUE TRUE TRUE ...
 $ Race.IsAnalyzeNormalFuture       : logi  FALSE FALSE FALSE FALSE FALSE FALSE ...
 $ Race.IsAnalyzeFullPastAndFuture  : logi  TRUE TRUE TRUE TRUE TRUE TRUE ...
 $ Race.IsAnalyzeFullPast           : logi  TRUE TRUE TRUE TRUE TRUE TRUE ...
 $ Race.IsAnalyzeFullFuture         : logi  FALSE FALSE FALSE FALSE FALSE FALSE ...
 $ Race.JyokenCd                    : Factor w/ 1 level "4": 1 1 1 1 1 1 1 1 1 1 ...
 $ Race.JyoType1Cd                  : Factor w/ 177 levels "1-05-1800-4-1",..: 3 2 1 7 8 6 4 5 9 10 ...
 $ Race.RaceType1Cd                 : Factor w/ 6 levels "1-4-E-2","1-4-X-2",..: 3 2 1 2 4 4 4 1 3 1 ...
 $ RaceHorse.RaceId                 : Factor w/ 2229 levels "20190601-05-03-01-09",..: 3 2 1 7 8 6 4 5 9 10 ...
 $ RaceHorse.KettoNum               : Factor w/ 2025 levels "2016101163","2012104859",..: 3 2 1 7 8 6 4 5 9 10 ...
 $ RaceHorse.IsHit1                 : num  1 1 1 1 1 1 1 1 1 1 ...
 $ RaceHorse.IsHit2                 : num  0 0 0 0 0 0 0 0 0 0 ...
 $ RaceHorse.IsHit3                 : num  0 0 0 0 0 0 0 0 0 0 ...
 $ RaceHorse.IsHit4                 : num  0 0 0 0 0 0 0 0 0 0 ...
 $ RaceHorse.IsHit5                 : num  0 0 0 0 0 0 0 0 0 0 ...
 $ RaceHorse.IsHit6                 : num  0 0 0 0 0 0 0 0 0 0 ...
 $ RaceHorse.IsValidRaceHorse       : logi  TRUE TRUE TRUE TRUE TRUE TRUE ...
 $ RaceHorse.TimeSdvByRace          : num  1.06 1.22 1.35 1.41 1.65 ...
 $ RaceHorse.TimeSdv                : num  -0.238 1.535 2.157 -0.346 1.548 ...
 $ RaceHorse.IsHitA                 : num  1 1 1 1 1 1 1 1 1 1 ...
 $ RaceHorse.IsHitB                 : num  1 1 1 1 1 1 1 1 1 1 ...
 $ RaceHorse.IsHitC                 : num  1 1 1 1 1 1 1 1 1 1 ...
 $ Jockey.TimeSdvByRaceAvg          : num  -0.357 0.102 0.758 0.606 0.773 ...
 $ Jockey.TimeSdvByRaceMin          : num  -2.68 -2.65 -1.15 -2.37 -1.74 ...
 $ Jockey.TimeSdvByRaceMax          : num  1.37 1.74 2.01 2.17 2.33 ...
 $ Jockey.TimeSdvAvg                : num  -0.55 0.221 0.606 0.512 0.668 ...
 $ Jockey.TimeSdvMin                : num  -4.05 -2.07 -1.65 -1.65 -1.64 ...
 $ Jockey.TimeSdvMax                : num  1.2 1.9 2.24 2.92 2.55 ...
 $ Jockey.OrderOfFinishSdvAvg       : num  -0.401 0.0235 0.8841 0.5434 0.8433 ...
 $ Jockey.RunCount                  : num  54 129 74 118 140 114 152 169 110 56 ...
 $ Jockey.HitCount1                 : num  2 6 20 17 36 13 27 31 19 5 ...
 $ Jockey.HitCount2                 : num  4 18 16 25 22 4 16 17 7 2 ...
 $ Jockey.HitCount3                 : num  2 7 10 11 18 7 21 14 8 7 ...
 $ Jockey.HitCount4                 : num  3 9 13 3 16 10 15 17 8 11 ...
 $ Jockey.HitCount5                 : num  2 13 3 14 11 6 17 13 5 2 ...
 $ Jockey.HitRate1                  : num  0.037 0.0465 0.2703 0.1441 0.2571 ...
 $ Jockey.HitRate2                  : num  0.0741 0.1395 0.2162 0.2119 0.1571 ...
 $ Jockey.HitRate3                  : num  0.037 0.0543 0.1351 0.0932 0.1286 ...
 $ Jockey.HitRate4                  : num  0.0556 0.0698 0.1757 0.0254 0.1143 ...
 $ Jockey.HitRate5                  : num  0.037 0.1008 0.0405 0.1186 0.0786 ...
 $ EOF                              : int  1 1 1 1 1 1 1 1 1 1 ...
[1] "2022-02-26 23:14:04 --- na.omit Finish ---"
[1] "2022-02-26 23:14:04 --- rxGlm with rxStepControl Start ---"

> print(paste0(Sys.time(), " --- source_logic_glm.R Start ---"))
[1] "2022-02-26 23:14:04 --- source_logic_glm.R Start ---"

> formula <- formula(RaceHorse.IsHitA ~ +1 + Jockey.TimeSdvByRaceAvg)

> print(paste0(Sys.time(), " --- source_logic_glm.R Finished ---"))
[1] "2022-02-26 23:14:04 --- source_logic_glm.R Finished ---"
Rows Read: 2233, Total Rows Processed: 2233, Total Chunk Time: Less than .001 seconds 

Starting values (iteration 1) time: 0.010 secs.
Rows Read: 2233, Total Rows Processed: 2233, Total Chunk Time: 0.001 seconds 

Iteration 2 time: 0.006 secs.

Elapsed computation time: 0.023 secs.
Rows Read: 2233, Total Rows Processed: 2233, Total Chunk Time: 0.001 seconds 

Starting values (iteration 1) time: 0.007 secs.
Rows Read: 2233, Total Rows Processed: 2233, Total Chunk Time: Less than .001 seconds 

Iteration 2 time: 0.006 secs.

Elapsed computation time: 0.024 secs.
Rows Read: 2233, Total Rows Processed: 2233, Total Chunk Time: 0.001 seconds 

Starting values (iteration 1) time: 0.007 secs.
Rows Read: 2233, Total Rows Processed: 2233, Total Chunk Time: Less than .001 seconds 

Iteration 2 time: 0.006 secs.

Elapsed computation time: 0.023 secs.
Rows Read: 2233, Total Rows Processed: 2233, Total Chunk Time: 0.001 seconds 

Starting values (iteration 1) time: 0.006 secs.
Rows Read: 2233, Total Rows Processed: 2233, Total Chunk Time: 0.001 seconds 

Iteration 2 time: 0.005 secs.

Elapsed computation time: 0.022 secs.

Elapsed computation time: 0.114 secs.
[1] "--------------------------------------------------------------------------------"
[1] "analyze.results.glm.step="
Logistic Regression Results for: RaceHorse.IsHitA ~ 1
Data: data
Dependent variable(s): RaceHorse.IsHitA
Total independent variables: 1 
Number of valid observations: 2233
Number of missing observations: 0 
 
Coefficients:
            RaceHorse.IsHitA
(Intercept)                2
[1] "analyze.results.glm.step.summary"
Call:
rxLogit(formula = formula, data = data, variableSelection = analyze.results.glm.step.varsel)

Logistic Regression Results for: RaceHorse.IsHitA ~ 1
Data: data
Dependent variable(s): RaceHorse.IsHitA
Total independent variables: 1 
Number of valid observations: 2233
Number of missing observations: 0 
-2*LogLikelihood: 3095.595 (Residual deviance on 2232 degrees of freedom)
 
Coefficients:
            Estimate Std. Error z value Pr(>|z|)    
(Intercept)   2.0000     0.0423    47.2  2.2e-16 ***
---
Signif. codes:  0 '***' 0.001 '**' 0.01 '*' 0.05 '.' 0.1 ' ' 1

Condition number of final variance-covariance matrix: 1 
Number of iterations: 2
[1] "--------------------------------------------------------------------------------"
[1] "2022-02-26 23:14:05 --- rxGlm with rxStepControl Finish ---"
[1] "2022-02-26 23:14:05 --- rxStepPlot Start ---"
[1] "pdfFilename=pdf_analyze_glm_Jockey_Type14_rxStepPlot.pdf"
[1] "rxStepPlot="
[1] "2022-02-26 23:14:05 --- rxStepPlot Finish ---"
[1] "2022-02-26 23:14:05 --- save.image Start ---"
[1] "save.image"
[1] "rdataFilename=RData_analyze_glm_Jockey_Type14.RData"
[1] "2022-02-26 23:14:05 --- save.image Finish ---"
[1] "2022-02-26 23:14:05 --- final Start ---"
[1] "--------------------------------------------------------------------------------"
[1] "nrow(data) final=2233"
[1] "--------------------------------------------------------------------------------"
[1] "2022-02-26 23:14:05 --- final Finish ---"
[1] "2022-02-26 23:14:05 --- analyze_glm.R Finished ---"
[1] "2022-02-26 23:14:05 --- log Finish ---"
