[1] "2022-02-26 23:12:35 --- D1115_analyze_glm_Jockey_IsHitA_Type35 Start ---"
[1] "2022-02-26 23:12:35 --- Log Start ---"
[1] "2022-02-26 23:12:35 --- analyze_glm.R Start ---"
[1] "analyzeVersion=D1115"
[1] "analyzeCategory=analyze"
[1] "analyzeType=Jockey"
[1] "analyzeFamily=IsHitA"
[1] "analyzeFunc=glm"
[1] "analyzeTrackTypeCd=3"
[1] "analyzeJyokenCd=5"
[1] "2022-02-26 23:12:35 --- source_function.R Start ---"
[1] "2022-02-26 23:12:35 --- source_function.R Finished ---"

> print(paste0(Sys.time(), " --- source_library.R Start ---"))
[1] "2022-02-26 23:12:35 --- source_library.R Start ---"

> require("RevoScaleR")

> print(paste0(Sys.time(), " --- source_library.R Finished ---"))
[1] "2022-02-26 23:12:37 --- source_library.R Finished ---"
[1] "2022-02-26 23:12:38 --- RxSqlServerData Start ---"
[1] "2022-02-26 23:12:38 --- RxInSqlServer Start ---"
[1] "2022-02-26 23:12:38 --- RxInSqlServer Finish ---"
[1] "2022-02-26 23:12:38 --- rxSetComputeContext Start ---"
[1] "2022-02-26 23:12:38 --- rxSetComputeContext Finish ---"
[1] "2022-02-26 23:12:38 --- RxSqlServerData Start ---"
[1] "sqlQuery=SELECT * FROM ViewAnalyzeD1115analyze01JockeyType35"
[1] "2022-02-26 23:12:38 --- RxSqlServerData Finish ---"
[1] "2022-02-26 23:12:38 --- rxGetVarInfo Start ---"
[1] "2022-02-26 23:12:40 --- rxGetVarInfo Finish---"
[1] "2022-02-26 23:12:40 --- rxImport Start ---"
Rows Read: 419, Total Rows Processed: 419, Total Chunk Time: 34.870 seconds 
[1] "2022-02-26 23:14:47 --- rxImport Finish ---"
[1] "object.size(data) auto=230.6 Kb"
[1] "--------------------------------------------------------------------------------"
[1] "nrow(data) RxSqlServerData=419"
[1] "--------------------------------------------------------------------------------"
[1] "str(data)="
'data.frame':	419 obs. of  43 variables:
 $ Race.RaceId                      : Factor w/ 419 levels "20160228-09-01-02-04",..: 11 12 13 14 15 16 17 18 19 20 ...
 $ Race.IsAnalyzeNormalPastAndFuture: logi  TRUE TRUE TRUE TRUE TRUE TRUE ...
 $ Race.IsAnalyzeNormalPast         : logi  TRUE TRUE TRUE TRUE TRUE TRUE ...
 $ Race.IsAnalyzeNormalFuture       : logi  FALSE FALSE FALSE FALSE FALSE FALSE ...
 $ Race.IsAnalyzeFullPastAndFuture  : logi  TRUE TRUE TRUE TRUE TRUE TRUE ...
 $ Race.IsAnalyzeFullPast           : logi  TRUE TRUE TRUE TRUE TRUE TRUE ...
 $ Race.IsAnalyzeFullFuture         : logi  FALSE FALSE FALSE FALSE FALSE FALSE ...
 $ Race.JyokenCd                    : Factor w/ 1 level "5": 1 1 1 1 1 1 1 1 1 1 ...
 $ Race.JyoType1Cd                  : Factor w/ 34 levels "3-09-2970-5-1",..: 7 1 1 8 9 7 10 11 1 9 ...
 $ Race.RaceType1Cd                 : Factor w/ 1 level "3-5-X-3": 1 1 1 1 1 1 1 1 1 1 ...
 $ RaceHorse.RaceId                 : Factor w/ 419 levels "20160228-09-01-02-04",..: 11 12 13 14 15 16 17 18 19 20 ...
 $ RaceHorse.KettoNum               : Factor w/ 419 levels "2012105240","2011103537",..: 11 12 13 14 15 16 17 18 19 20 ...
 $ RaceHorse.IsHit1                 : num  1 1 1 1 1 1 1 1 1 1 ...
 $ RaceHorse.IsHit2                 : num  0 0 0 0 0 0 0 0 0 0 ...
 $ RaceHorse.IsHit3                 : num  0 0 0 0 0 0 0 0 0 0 ...
 $ RaceHorse.IsHit4                 : num  0 0 0 0 0 0 0 0 0 0 ...
 $ RaceHorse.IsHit5                 : num  0 0 0 0 0 0 0 0 0 0 ...
 $ RaceHorse.IsHit6                 : num  0 0 0 0 0 0 0 0 0 0 ...
 $ RaceHorse.IsValidRaceHorse       : logi  TRUE TRUE TRUE TRUE TRUE TRUE ...
 $ RaceHorse.TimeSdvByRace          : num  0.827 1.192 1.153 1.054 1.142 ...
 $ RaceHorse.TimeSdv                : num  0.453 -0.3 0.812 0.198 0.982 ...
 $ RaceHorse.IsHitA                 : num  1 1 1 1 1 1 1 1 1 1 ...
 $ RaceHorse.IsHitB                 : num  1 1 1 1 1 1 1 1 1 1 ...
 $ RaceHorse.IsHitC                 : num  1 1 1 1 1 1 1 1 1 1 ...
 $ Jockey.TimeSdvByRaceAvg          : num  0.1924 0.0842 -0.0302 0.1385 -0.0136 ...
 $ Jockey.TimeSdvByRaceMin          : num  -3 -3 -2.96 -3 -2.96 ...
 $ Jockey.TimeSdvByRaceMax          : num  2.29 1.61 1.47 2.29 1.47 ...
 $ Jockey.TimeSdvAvg                : num  0.079 -0.1167 -0.2389 0.0116 -0.2158 ...
 $ Jockey.TimeSdvMin                : num  -6.03 -6.03 -6.03 -6.03 -6.03 ...
 $ Jockey.TimeSdvMax                : num  1.93 1.78 1.78 1.93 1.78 ...
 $ Jockey.OrderOfFinishSdvAvg       : num  0.302 0.1853 0.056 0.2191 0.0777 ...
 $ Jockey.RunCount                  : num  157 141 134 150 136 140 132 119 142 300 ...
 $ Jockey.HitCount1                 : num  19 13 11 17 11 10 10 8 11 34 ...
 $ Jockey.HitCount2                 : num  19 17 13 17 14 12 12 9 14 32 ...
 $ Jockey.HitCount3                 : num  19 14 9 14 10 7 8 5 11 23 ...
 $ Jockey.HitCount4                 : num  18 13 14 16 13 11 8 7 14 30 ...
 $ Jockey.HitCount5                 : num  13 14 13 14 14 18 15 12 16 23 ...
 $ Jockey.HitRate1                  : num  0.121 0.0922 0.0821 0.1133 0.0809 ...
 $ Jockey.HitRate2                  : num  0.121 0.121 0.097 0.113 0.103 ...
 $ Jockey.HitRate3                  : num  0.121 0.0993 0.0672 0.0933 0.0735 ...
 $ Jockey.HitRate4                  : num  0.1146 0.0922 0.1045 0.1067 0.0956 ...
 $ Jockey.HitRate5                  : num  0.0828 0.0993 0.097 0.0933 0.1029 ...
 $ EOF                              : int  1 1 1 1 1 1 1 1 1 1 ...
[1] "2022-02-26 23:14:57 --- RxSqlServerData Finish ---"
[1] "2022-02-26 23:14:57 --- subset Start ---"
[1] "--------------------------------------------------------------------------------"
[1] "nrow(data) subset before=419"
[1] "nrow(data) subset after =419"
[1] "nrow(data) subset diff =0"
[1] "--------------------------------------------------------------------------------"
[1] "2022-02-26 23:14:58 --- subset Finish---"
[1] "2022-02-26 23:14:58 --- transform Start ---"
[1] "--------------------------------------------------------------------------------"
[1] "nrow(data) transform before=419"
[1] "nrow(data) transform after=419"
[1] "nrow(data) transform diff=0"
[1] "--------------------------------------------------------------------------------"
[1] "str(data)="
'data.frame':	419 obs. of  43 variables:
 $ Race.RaceId                      : Factor w/ 419 levels "20160228-09-01-02-04",..: 11 12 13 14 15 16 17 18 19 20 ...
 $ Race.IsAnalyzeNormalPastAndFuture: logi  TRUE TRUE TRUE TRUE TRUE TRUE ...
 $ Race.IsAnalyzeNormalPast         : logi  TRUE TRUE TRUE TRUE TRUE TRUE ...
 $ Race.IsAnalyzeNormalFuture       : logi  FALSE FALSE FALSE FALSE FALSE FALSE ...
 $ Race.IsAnalyzeFullPastAndFuture  : logi  TRUE TRUE TRUE TRUE TRUE TRUE ...
 $ Race.IsAnalyzeFullPast           : logi  TRUE TRUE TRUE TRUE TRUE TRUE ...
 $ Race.IsAnalyzeFullFuture         : logi  FALSE FALSE FALSE FALSE FALSE FALSE ...
 $ Race.JyokenCd                    : Factor w/ 1 level "5": 1 1 1 1 1 1 1 1 1 1 ...
 $ Race.JyoType1Cd                  : Factor w/ 34 levels "3-09-2970-5-1",..: 7 1 1 8 9 7 10 11 1 9 ...
 $ Race.RaceType1Cd                 : Factor w/ 1 level "3-5-X-3": 1 1 1 1 1 1 1 1 1 1 ...
 $ RaceHorse.RaceId                 : Factor w/ 419 levels "20160228-09-01-02-04",..: 11 12 13 14 15 16 17 18 19 20 ...
 $ RaceHorse.KettoNum               : Factor w/ 419 levels "2012105240","2011103537",..: 11 12 13 14 15 16 17 18 19 20 ...
 $ RaceHorse.IsHit1                 : num  1 1 1 1 1 1 1 1 1 1 ...
 $ RaceHorse.IsHit2                 : num  0 0 0 0 0 0 0 0 0 0 ...
 $ RaceHorse.IsHit3                 : num  0 0 0 0 0 0 0 0 0 0 ...
 $ RaceHorse.IsHit4                 : num  0 0 0 0 0 0 0 0 0 0 ...
 $ RaceHorse.IsHit5                 : num  0 0 0 0 0 0 0 0 0 0 ...
 $ RaceHorse.IsHit6                 : num  0 0 0 0 0 0 0 0 0 0 ...
 $ RaceHorse.IsValidRaceHorse       : logi  TRUE TRUE TRUE TRUE TRUE TRUE ...
 $ RaceHorse.TimeSdvByRace          : num  0.827 1.192 1.153 1.054 1.142 ...
 $ RaceHorse.TimeSdv                : num  0.453 -0.3 0.812 0.198 0.982 ...
 $ RaceHorse.IsHitA                 : num  1 1 1 1 1 1 1 1 1 1 ...
 $ RaceHorse.IsHitB                 : num  1 1 1 1 1 1 1 1 1 1 ...
 $ RaceHorse.IsHitC                 : num  1 1 1 1 1 1 1 1 1 1 ...
 $ Jockey.TimeSdvByRaceAvg          : num  0.1924 0.0842 -0.0302 0.1385 -0.0136 ...
 $ Jockey.TimeSdvByRaceMin          : num  -3 -3 -2.96 -3 -2.96 ...
 $ Jockey.TimeSdvByRaceMax          : num  2.29 1.61 1.47 2.29 1.47 ...
 $ Jockey.TimeSdvAvg                : num  0.079 -0.1167 -0.2389 0.0116 -0.2158 ...
 $ Jockey.TimeSdvMin                : num  -6.03 -6.03 -6.03 -6.03 -6.03 ...
 $ Jockey.TimeSdvMax                : num  1.93 1.78 1.78 1.93 1.78 ...
 $ Jockey.OrderOfFinishSdvAvg       : num  0.302 0.1853 0.056 0.2191 0.0777 ...
 $ Jockey.RunCount                  : num  157 141 134 150 136 140 132 119 142 300 ...
 $ Jockey.HitCount1                 : num  19 13 11 17 11 10 10 8 11 34 ...
 $ Jockey.HitCount2                 : num  19 17 13 17 14 12 12 9 14 32 ...
 $ Jockey.HitCount3                 : num  19 14 9 14 10 7 8 5 11 23 ...
 $ Jockey.HitCount4                 : num  18 13 14 16 13 11 8 7 14 30 ...
 $ Jockey.HitCount5                 : num  13 14 13 14 14 18 15 12 16 23 ...
 $ Jockey.HitRate1                  : num  0.121 0.0922 0.0821 0.1133 0.0809 ...
 $ Jockey.HitRate2                  : num  0.121 0.121 0.097 0.113 0.103 ...
 $ Jockey.HitRate3                  : num  0.121 0.0993 0.0672 0.0933 0.0735 ...
 $ Jockey.HitRate4                  : num  0.1146 0.0922 0.1045 0.1067 0.0956 ...
 $ Jockey.HitRate5                  : num  0.0828 0.0993 0.097 0.0933 0.1029 ...
 $ EOF                              : int  1 1 1 1 1 1 1 1 1 1 ...
NULL
[1] "2022-02-26 23:15:08 --- transform Finish ---"
[1] "2022-02-26 23:15:09 --- na.omit Start ---"
[1] "--------------------------------------------------------------------------------"
[1] "nrow(data) na.omit before=419"
[1] "nrow(data) na.omit after =419"
[1] "nrow(data) na.omit diff =0"
[1] "--------------------------------------------------------------------------------"
'data.frame':	419 obs. of  43 variables:
 $ Race.RaceId                      : Factor w/ 419 levels "20160228-09-01-02-04",..: 11 12 13 14 15 16 17 18 19 20 ...
 $ Race.IsAnalyzeNormalPastAndFuture: logi  TRUE TRUE TRUE TRUE TRUE TRUE ...
 $ Race.IsAnalyzeNormalPast         : logi  TRUE TRUE TRUE TRUE TRUE TRUE ...
 $ Race.IsAnalyzeNormalFuture       : logi  FALSE FALSE FALSE FALSE FALSE FALSE ...
 $ Race.IsAnalyzeFullPastAndFuture  : logi  TRUE TRUE TRUE TRUE TRUE TRUE ...
 $ Race.IsAnalyzeFullPast           : logi  TRUE TRUE TRUE TRUE TRUE TRUE ...
 $ Race.IsAnalyzeFullFuture         : logi  FALSE FALSE FALSE FALSE FALSE FALSE ...
 $ Race.JyokenCd                    : Factor w/ 1 level "5": 1 1 1 1 1 1 1 1 1 1 ...
 $ Race.JyoType1Cd                  : Factor w/ 34 levels "3-09-2970-5-1",..: 7 1 1 8 9 7 10 11 1 9 ...
 $ Race.RaceType1Cd                 : Factor w/ 1 level "3-5-X-3": 1 1 1 1 1 1 1 1 1 1 ...
 $ RaceHorse.RaceId                 : Factor w/ 419 levels "20160228-09-01-02-04",..: 11 12 13 14 15 16 17 18 19 20 ...
 $ RaceHorse.KettoNum               : Factor w/ 419 levels "2012105240","2011103537",..: 11 12 13 14 15 16 17 18 19 20 ...
 $ RaceHorse.IsHit1                 : num  1 1 1 1 1 1 1 1 1 1 ...
 $ RaceHorse.IsHit2                 : num  0 0 0 0 0 0 0 0 0 0 ...
 $ RaceHorse.IsHit3                 : num  0 0 0 0 0 0 0 0 0 0 ...
 $ RaceHorse.IsHit4                 : num  0 0 0 0 0 0 0 0 0 0 ...
 $ RaceHorse.IsHit5                 : num  0 0 0 0 0 0 0 0 0 0 ...
 $ RaceHorse.IsHit6                 : num  0 0 0 0 0 0 0 0 0 0 ...
 $ RaceHorse.IsValidRaceHorse       : logi  TRUE TRUE TRUE TRUE TRUE TRUE ...
 $ RaceHorse.TimeSdvByRace          : num  0.827 1.192 1.153 1.054 1.142 ...
 $ RaceHorse.TimeSdv                : num  0.453 -0.3 0.812 0.198 0.982 ...
 $ RaceHorse.IsHitA                 : num  1 1 1 1 1 1 1 1 1 1 ...
 $ RaceHorse.IsHitB                 : num  1 1 1 1 1 1 1 1 1 1 ...
 $ RaceHorse.IsHitC                 : num  1 1 1 1 1 1 1 1 1 1 ...
 $ Jockey.TimeSdvByRaceAvg          : num  0.1924 0.0842 -0.0302 0.1385 -0.0136 ...
 $ Jockey.TimeSdvByRaceMin          : num  -3 -3 -2.96 -3 -2.96 ...
 $ Jockey.TimeSdvByRaceMax          : num  2.29 1.61 1.47 2.29 1.47 ...
 $ Jockey.TimeSdvAvg                : num  0.079 -0.1167 -0.2389 0.0116 -0.2158 ...
 $ Jockey.TimeSdvMin                : num  -6.03 -6.03 -6.03 -6.03 -6.03 ...
 $ Jockey.TimeSdvMax                : num  1.93 1.78 1.78 1.93 1.78 ...
 $ Jockey.OrderOfFinishSdvAvg       : num  0.302 0.1853 0.056 0.2191 0.0777 ...
 $ Jockey.RunCount                  : num  157 141 134 150 136 140 132 119 142 300 ...
 $ Jockey.HitCount1                 : num  19 13 11 17 11 10 10 8 11 34 ...
 $ Jockey.HitCount2                 : num  19 17 13 17 14 12 12 9 14 32 ...
 $ Jockey.HitCount3                 : num  19 14 9 14 10 7 8 5 11 23 ...
 $ Jockey.HitCount4                 : num  18 13 14 16 13 11 8 7 14 30 ...
 $ Jockey.HitCount5                 : num  13 14 13 14 14 18 15 12 16 23 ...
 $ Jockey.HitRate1                  : num  0.121 0.0922 0.0821 0.1133 0.0809 ...
 $ Jockey.HitRate2                  : num  0.121 0.121 0.097 0.113 0.103 ...
 $ Jockey.HitRate3                  : num  0.121 0.0993 0.0672 0.0933 0.0735 ...
 $ Jockey.HitRate4                  : num  0.1146 0.0922 0.1045 0.1067 0.0956 ...
 $ Jockey.HitRate5                  : num  0.0828 0.0993 0.097 0.0933 0.1029 ...
 $ EOF                              : int  1 1 1 1 1 1 1 1 1 1 ...
[1] "2022-02-26 23:15:16 --- na.omit Finish ---"
[1] "2022-02-26 23:15:16 --- rxGlm with rxStepControl Start ---"

> print(paste0(Sys.time(), " --- source_logic_glm.R Start ---"))
[1] "2022-02-26 23:15:16 --- source_logic_glm.R Start ---"

> formula <- formula(RaceHorse.IsHitA ~ +1 + Jockey.TimeSdvByRaceAvg)

> print(paste0(Sys.time(), " --- source_logic_glm.R Finished ---"))
[1] "2022-02-26 23:15:17 --- source_logic_glm.R Finished ---"
Rows Read: 419, Total Rows Processed: 419, Total Chunk Time: 0.001 seconds 

Starting values (iteration 1) time: 0.008 secs.
Rows Read: 419, Total Rows Processed: 419, Total Chunk Time: 0.001 seconds 

Iteration 2 time: 0.006 secs.

Elapsed computation time: 0.024 secs.
Rows Read: 419, Total Rows Processed: 419, Total Chunk Time: 0.001 seconds 

Starting values (iteration 1) time: 0.012 secs.
Rows Read: 419, Total Rows Processed: 419, Total Chunk Time: 0.001 seconds 

Iteration 2 time: 0.005 secs.

Elapsed computation time: 0.032 secs.
Rows Read: 419, Total Rows Processed: 419, Total Chunk Time: 0.001 seconds 

Starting values (iteration 1) time: 0.005 secs.
Rows Read: 419, Total Rows Processed: 419, Total Chunk Time: 0.001 seconds 

Iteration 2 time: 0.006 secs.

Elapsed computation time: 0.025 secs.
Rows Read: 419, Total Rows Processed: 419, Total Chunk Time: 0.001 seconds 

Starting values (iteration 1) time: 0.004 secs.
Rows Read: 419, Total Rows Processed: 419, Total Chunk Time: 0.001 seconds 

Iteration 2 time: 0.005 secs.

Elapsed computation time: 0.025 secs.

Elapsed computation time: 0.128 secs.
[1] "--------------------------------------------------------------------------------"
[1] "analyze.results.glm.step="
Logistic Regression Results for: RaceHorse.IsHitA ~ 1
Data: data
Dependent variable(s): RaceHorse.IsHitA
Total independent variables: 1 
Number of valid observations: 419
Number of missing observations: 0 
 
Coefficients:
            RaceHorse.IsHitA
(Intercept)                2
[1] "analyze.results.glm.step.summary"
Call:
rxLogit(formula = formula, data = data, variableSelection = analyze.results.glm.step.varsel)

Logistic Regression Results for: RaceHorse.IsHitA ~ 1
Data: data
Dependent variable(s): RaceHorse.IsHitA
Total independent variables: 1 
Number of valid observations: 419
Number of missing observations: 0 
-2*LogLikelihood: 580.857 (Residual deviance on 418 degrees of freedom)
 
Coefficients:
            Estimate Std. Error z value Pr(>|z|)    
(Intercept)   2.0000     0.0977    20.5  2.2e-16 ***
---
Signif. codes:  0 '***' 0.001 '**' 0.01 '*' 0.05 '.' 0.1 ' ' 1

Condition number of final variance-covariance matrix: 1 
Number of iterations: 2
[1] "--------------------------------------------------------------------------------"
[1] "2022-02-26 23:15:17 --- rxGlm with rxStepControl Finish ---"
[1] "2022-02-26 23:15:17 --- rxStepPlot Start ---"
[1] "pdfFilename=pdf_analyze_glm_Jockey_Type35_rxStepPlot.pdf"
[1] "rxStepPlot="
[1] "2022-02-26 23:15:18 --- rxStepPlot Finish ---"
[1] "2022-02-26 23:15:18 --- save.image Start ---"
[1] "save.image"
[1] "rdataFilename=RData_analyze_glm_Jockey_Type35.RData"
[1] "2022-02-26 23:15:18 --- save.image Finish ---"
[1] "2022-02-26 23:15:18 --- final Start ---"
[1] "--------------------------------------------------------------------------------"
[1] "nrow(data) final=419"
[1] "--------------------------------------------------------------------------------"
[1] "2022-02-26 23:15:18 --- final Finish ---"
[1] "2022-02-26 23:15:18 --- analyze_glm.R Finished ---"
[1] "2022-02-26 23:15:18 --- log Finish ---"
