[1] "2022-02-26 23:12:15 --- D1115_analyze_glm_Horse_IsHitA_Type21 Start ---"
[1] "2022-02-26 23:12:16 --- Log Start ---"
[1] "2022-02-26 23:12:16 --- analyze_glm.R Start ---"
[1] "analyzeVersion=D1115"
[1] "analyzeCategory=analyze"
[1] "analyzeType=Horse"
[1] "analyzeFamily=IsHitA"
[1] "analyzeFunc=glm"
[1] "analyzeTrackTypeCd=2"
[1] "analyzeJyokenCd=1"
[1] "2022-02-26 23:12:16 --- source_function.R Start ---"
[1] "2022-02-26 23:12:17 --- source_function.R Finished ---"

> print(paste0(Sys.time(), " --- source_library.R Start ---"))
[1] "2022-02-26 23:12:17 --- source_library.R Start ---"

> require("RevoScaleR")

> print(paste0(Sys.time(), " --- source_library.R Finished ---"))
[1] "2022-02-26 23:12:17 --- source_library.R Finished ---"
[1] "2022-02-26 23:12:17 --- RxSqlServerData Start ---"
[1] "2022-02-26 23:12:17 --- RxInSqlServer Start ---"
[1] "2022-02-26 23:12:17 --- RxInSqlServer Finish ---"
[1] "2022-02-26 23:12:18 --- rxSetComputeContext Start ---"
[1] "2022-02-26 23:12:18 --- rxSetComputeContext Finish ---"
[1] "2022-02-26 23:12:18 --- RxSqlServerData Start ---"
[1] "sqlQuery=SELECT * FROM ViewAnalyzeD1115analyze01HorseType21"
[1] "2022-02-26 23:12:18 --- RxSqlServerData Finish ---"
[1] "2022-02-26 23:12:18 --- rxGetVarInfo Start ---"
[1] "2022-02-26 23:12:18 --- rxGetVarInfo Finish---"
[1] "2022-02-26 23:12:18 --- rxImport Start ---"
Rows Read: 301, Total Rows Processed: 301, Total Chunk Time: 360.665 seconds 
[1] "2022-02-26 23:24:27 --- rxImport Finish ---"
[1] "object.size(data) auto=179 Kb"
[1] "--------------------------------------------------------------------------------"
[1] "nrow(data) RxSqlServerData=301"
[1] "--------------------------------------------------------------------------------"
[1] "str(data)="
'data.frame':	301 obs. of  44 variables:
 $ Race.RaceId                      : Factor w/ 301 levels "20160206-08-02-03-11",..: 11 12 13 14 15 16 17 18 19 20 ...
 $ Race.IsAnalyzeNormalPastAndFuture: logi  TRUE TRUE TRUE TRUE TRUE TRUE ...
 $ Race.IsAnalyzeNormalPast         : logi  TRUE TRUE TRUE TRUE TRUE TRUE ...
 $ Race.IsAnalyzeNormalFuture       : logi  FALSE FALSE FALSE FALSE FALSE FALSE ...
 $ Race.IsAnalyzeFullPastAndFuture  : logi  TRUE TRUE TRUE TRUE TRUE TRUE ...
 $ Race.IsAnalyzeFullPast           : logi  TRUE TRUE TRUE TRUE TRUE TRUE ...
 $ Race.IsAnalyzeFullFuture         : logi  FALSE FALSE FALSE FALSE FALSE FALSE ...
 $ Race.JyokenCd                    : Factor w/ 1 level "1": 1 1 1 1 1 1 1 1 1 1 ...
 $ Race.JyoType1Cd                  : Factor w/ 62 levels "2-08-1900-1-1",..: 9 10 11 12 13 14 15 14 5 16 ...
 $ Race.RaceType1Cd                 : Factor w/ 9 levels "2-1-E-2","2-1-C-2",..: 3 3 1 2 3 4 3 1 1 3 ...
 $ RaceHorse.RaceId                 : Factor w/ 301 levels "20160206-08-02-03-11",..: 11 12 13 14 15 16 17 18 19 20 ...
 $ RaceHorse.KettoNum               : Factor w/ 193 levels "2009103518","2010104916",..: 11 12 13 3 14 15 16 17 18 19 ...
 $ RaceHorse.IsHit1                 : num  1 1 1 1 1 1 1 1 1 1 ...
 $ RaceHorse.IsHit2                 : num  0 0 0 0 0 0 0 0 0 0 ...
 $ RaceHorse.IsHit3                 : num  0 0 0 0 0 0 0 0 0 0 ...
 $ RaceHorse.IsHit4                 : num  0 0 0 0 0 0 0 0 0 0 ...
 $ RaceHorse.IsHit5                 : num  0 0 0 0 0 0 0 0 0 0 ...
 $ RaceHorse.IsHit6                 : num  0 0 0 0 0 0 0 0 0 0 ...
 $ RaceHorse.IsValidRaceHorse       : logi  TRUE TRUE TRUE TRUE TRUE TRUE ...
 $ RaceHorse.TimeSdvByRace          : num  1.43 1.07 1.67 1.3 1.5 ...
 $ RaceHorse.TimeSdv                : num  0.666 -0.672 2.035 1.122 1.076 ...
 $ RaceHorse.IsHitA                 : num  1 1 1 1 1 1 1 1 1 1 ...
 $ RaceHorse.IsHitB                 : num  1 1 1 1 1 1 1 1 1 1 ...
 $ RaceHorse.IsHitC                 : num  1 1 1 1 1 1 1 1 1 1 ...
 $ Horse.KettoNum                   : Factor w/ 193 levels "2009103518","2010104916",..: 11 12 13 3 14 15 16 17 18 19 ...
 $ Horse.TimeSdvByRaceAvg           : num  0.666 0.818 1.189 0.536 0.589 ...
 $ Horse.TimeSdvByRaceMin           : num  -0.8779 -0.9215 0.0471 -0.6093 -1.6885 ...
 $ Horse.TimeSdvByRaceMax           : num  1.84 1.62 2.31 1.56 1.6 ...
 $ Horse.TimeSdvAvg                 : num  0.199 0.629 1.053 0.681 0.568 ...
 $ Horse.TimeSdvMin                 : num  -0.838 -0.496 -1.088 -0.557 -1.003 ...
 $ Horse.TimeSdvMax                 : num  1.08 1.9 2.91 2.2 2.6 ...
 $ Horse.OrderOfFinishSdvAvg        : num  0.654 0.897 0.998 0.553 0.557 ...
 $ Horse.RunCount                   : num  23 33 15 44 37 17 18 12 32 21 ...
 $ Horse.HitCount1                  : num  4 5 5 6 7 5 3 5 6 6 ...
 $ Horse.HitCount2                  : num  5 8 4 2 5 3 3 1 3 4 ...
 $ Horse.HitCount3                  : num  1 8 0 6 4 0 0 0 5 5 ...
 $ Horse.HitCount4                  : num  2 1 1 7 3 3 3 0 2 1 ...
 $ Horse.HitCount5                  : num  1 2 0 3 3 1 3 1 3 1 ...
 $ Horse.HitRate1                   : num  0.174 0.152 0.333 0.136 0.189 ...
 $ Horse.HitRate2                   : num  0.2174 0.2424 0.2667 0.0455 0.1351 ...
 $ Horse.HitRate3                   : num  0.0435 0.2424 0 0.1364 0.1081 ...
 $ Horse.HitRate4                   : num  0.087 0.0303 0.0667 0.1591 0.0811 ...
 $ Horse.HitRate5                   : num  0.0435 0.0606 0 0.0682 0.0811 ...
 $ EOF                              : int  1 1 1 1 1 1 1 1 1 1 ...
[1] "2022-02-26 23:24:30 --- RxSqlServerData Finish ---"
[1] "2022-02-26 23:24:30 --- subset Start ---"
[1] "--------------------------------------------------------------------------------"
[1] "nrow(data) subset before=301"
[1] "nrow(data) subset after =301"
[1] "nrow(data) subset diff =0"
[1] "--------------------------------------------------------------------------------"
[1] "2022-02-26 23:24:30 --- subset Finish---"
[1] "2022-02-26 23:24:30 --- transform Start ---"
[1] "--------------------------------------------------------------------------------"
[1] "nrow(data) transform before=301"
[1] "nrow(data) transform after=301"
[1] "nrow(data) transform diff=0"
[1] "--------------------------------------------------------------------------------"
[1] "str(data)="
'data.frame':	301 obs. of  44 variables:
 $ Race.RaceId                      : Factor w/ 301 levels "20160206-08-02-03-11",..: 11 12 13 14 15 16 17 18 19 20 ...
 $ Race.IsAnalyzeNormalPastAndFuture: logi  TRUE TRUE TRUE TRUE TRUE TRUE ...
 $ Race.IsAnalyzeNormalPast         : logi  TRUE TRUE TRUE TRUE TRUE TRUE ...
 $ Race.IsAnalyzeNormalFuture       : logi  FALSE FALSE FALSE FALSE FALSE FALSE ...
 $ Race.IsAnalyzeFullPastAndFuture  : logi  TRUE TRUE TRUE TRUE TRUE TRUE ...
 $ Race.IsAnalyzeFullPast           : logi  TRUE TRUE TRUE TRUE TRUE TRUE ...
 $ Race.IsAnalyzeFullFuture         : logi  FALSE FALSE FALSE FALSE FALSE FALSE ...
 $ Race.JyokenCd                    : Factor w/ 1 level "1": 1 1 1 1 1 1 1 1 1 1 ...
 $ Race.JyoType1Cd                  : Factor w/ 62 levels "2-08-1900-1-1",..: 9 10 11 12 13 14 15 14 5 16 ...
 $ Race.RaceType1Cd                 : Factor w/ 9 levels "2-1-E-2","2-1-C-2",..: 3 3 1 2 3 4 3 1 1 3 ...
 $ RaceHorse.RaceId                 : Factor w/ 301 levels "20160206-08-02-03-11",..: 11 12 13 14 15 16 17 18 19 20 ...
 $ RaceHorse.KettoNum               : Factor w/ 193 levels "2009103518","2010104916",..: 11 12 13 3 14 15 16 17 18 19 ...
 $ RaceHorse.IsHit1                 : num  1 1 1 1 1 1 1 1 1 1 ...
 $ RaceHorse.IsHit2                 : num  0 0 0 0 0 0 0 0 0 0 ...
 $ RaceHorse.IsHit3                 : num  0 0 0 0 0 0 0 0 0 0 ...
 $ RaceHorse.IsHit4                 : num  0 0 0 0 0 0 0 0 0 0 ...
 $ RaceHorse.IsHit5                 : num  0 0 0 0 0 0 0 0 0 0 ...
 $ RaceHorse.IsHit6                 : num  0 0 0 0 0 0 0 0 0 0 ...
 $ RaceHorse.IsValidRaceHorse       : logi  TRUE TRUE TRUE TRUE TRUE TRUE ...
 $ RaceHorse.TimeSdvByRace          : num  1.43 1.07 1.67 1.3 1.5 ...
 $ RaceHorse.TimeSdv                : num  0.666 -0.672 2.035 1.122 1.076 ...
 $ RaceHorse.IsHitA                 : num  1 1 1 1 1 1 1 1 1 1 ...
 $ RaceHorse.IsHitB                 : num  1 1 1 1 1 1 1 1 1 1 ...
 $ RaceHorse.IsHitC                 : num  1 1 1 1 1 1 1 1 1 1 ...
 $ Horse.KettoNum                   : Factor w/ 193 levels "2009103518","2010104916",..: 11 12 13 3 14 15 16 17 18 19 ...
 $ Horse.TimeSdvByRaceAvg           : num  0.666 0.818 1.189 0.536 0.589 ...
 $ Horse.TimeSdvByRaceMin           : num  -0.8779 -0.9215 0.0471 -0.6093 -1.6885 ...
 $ Horse.TimeSdvByRaceMax           : num  1.84 1.62 2.31 1.56 1.6 ...
 $ Horse.TimeSdvAvg                 : num  0.199 0.629 1.053 0.681 0.568 ...
 $ Horse.TimeSdvMin                 : num  -0.838 -0.496 -1.088 -0.557 -1.003 ...
 $ Horse.TimeSdvMax                 : num  1.08 1.9 2.91 2.2 2.6 ...
 $ Horse.OrderOfFinishSdvAvg        : num  0.654 0.897 0.998 0.553 0.557 ...
 $ Horse.RunCount                   : num  23 33 15 44 37 17 18 12 32 21 ...
 $ Horse.HitCount1                  : num  4 5 5 6 7 5 3 5 6 6 ...
 $ Horse.HitCount2                  : num  5 8 4 2 5 3 3 1 3 4 ...
 $ Horse.HitCount3                  : num  1 8 0 6 4 0 0 0 5 5 ...
 $ Horse.HitCount4                  : num  2 1 1 7 3 3 3 0 2 1 ...
 $ Horse.HitCount5                  : num  1 2 0 3 3 1 3 1 3 1 ...
 $ Horse.HitRate1                   : num  0.174 0.152 0.333 0.136 0.189 ...
 $ Horse.HitRate2                   : num  0.2174 0.2424 0.2667 0.0455 0.1351 ...
 $ Horse.HitRate3                   : num  0.0435 0.2424 0 0.1364 0.1081 ...
 $ Horse.HitRate4                   : num  0.087 0.0303 0.0667 0.1591 0.0811 ...
 $ Horse.HitRate5                   : num  0.0435 0.0606 0 0.0682 0.0811 ...
 $ EOF                              : int  1 1 1 1 1 1 1 1 1 1 ...
NULL
[1] "2022-02-26 23:24:37 --- transform Finish ---"
[1] "2022-02-26 23:24:37 --- na.omit Start ---"
[1] "--------------------------------------------------------------------------------"
[1] "nrow(data) na.omit before=301"
[1] "nrow(data) na.omit after =301"
[1] "nrow(data) na.omit diff =0"
[1] "--------------------------------------------------------------------------------"
'data.frame':	301 obs. of  44 variables:
 $ Race.RaceId                      : Factor w/ 301 levels "20160206-08-02-03-11",..: 11 12 13 14 15 16 17 18 19 20 ...
 $ Race.IsAnalyzeNormalPastAndFuture: logi  TRUE TRUE TRUE TRUE TRUE TRUE ...
 $ Race.IsAnalyzeNormalPast         : logi  TRUE TRUE TRUE TRUE TRUE TRUE ...
 $ Race.IsAnalyzeNormalFuture       : logi  FALSE FALSE FALSE FALSE FALSE FALSE ...
 $ Race.IsAnalyzeFullPastAndFuture  : logi  TRUE TRUE TRUE TRUE TRUE TRUE ...
 $ Race.IsAnalyzeFullPast           : logi  TRUE TRUE TRUE TRUE TRUE TRUE ...
 $ Race.IsAnalyzeFullFuture         : logi  FALSE FALSE FALSE FALSE FALSE FALSE ...
 $ Race.JyokenCd                    : Factor w/ 1 level "1": 1 1 1 1 1 1 1 1 1 1 ...
 $ Race.JyoType1Cd                  : Factor w/ 62 levels "2-08-1900-1-1",..: 9 10 11 12 13 14 15 14 5 16 ...
 $ Race.RaceType1Cd                 : Factor w/ 9 levels "2-1-E-2","2-1-C-2",..: 3 3 1 2 3 4 3 1 1 3 ...
 $ RaceHorse.RaceId                 : Factor w/ 301 levels "20160206-08-02-03-11",..: 11 12 13 14 15 16 17 18 19 20 ...
 $ RaceHorse.KettoNum               : Factor w/ 193 levels "2009103518","2010104916",..: 11 12 13 3 14 15 16 17 18 19 ...
 $ RaceHorse.IsHit1                 : num  1 1 1 1 1 1 1 1 1 1 ...
 $ RaceHorse.IsHit2                 : num  0 0 0 0 0 0 0 0 0 0 ...
 $ RaceHorse.IsHit3                 : num  0 0 0 0 0 0 0 0 0 0 ...
 $ RaceHorse.IsHit4                 : num  0 0 0 0 0 0 0 0 0 0 ...
 $ RaceHorse.IsHit5                 : num  0 0 0 0 0 0 0 0 0 0 ...
 $ RaceHorse.IsHit6                 : num  0 0 0 0 0 0 0 0 0 0 ...
 $ RaceHorse.IsValidRaceHorse       : logi  TRUE TRUE TRUE TRUE TRUE TRUE ...
 $ RaceHorse.TimeSdvByRace          : num  1.43 1.07 1.67 1.3 1.5 ...
 $ RaceHorse.TimeSdv                : num  0.666 -0.672 2.035 1.122 1.076 ...
 $ RaceHorse.IsHitA                 : num  1 1 1 1 1 1 1 1 1 1 ...
 $ RaceHorse.IsHitB                 : num  1 1 1 1 1 1 1 1 1 1 ...
 $ RaceHorse.IsHitC                 : num  1 1 1 1 1 1 1 1 1 1 ...
 $ Horse.KettoNum                   : Factor w/ 193 levels "2009103518","2010104916",..: 11 12 13 3 14 15 16 17 18 19 ...
 $ Horse.TimeSdvByRaceAvg           : num  0.666 0.818 1.189 0.536 0.589 ...
 $ Horse.TimeSdvByRaceMin           : num  -0.8779 -0.9215 0.0471 -0.6093 -1.6885 ...
 $ Horse.TimeSdvByRaceMax           : num  1.84 1.62 2.31 1.56 1.6 ...
 $ Horse.TimeSdvAvg                 : num  0.199 0.629 1.053 0.681 0.568 ...
 $ Horse.TimeSdvMin                 : num  -0.838 -0.496 -1.088 -0.557 -1.003 ...
 $ Horse.TimeSdvMax                 : num  1.08 1.9 2.91 2.2 2.6 ...
 $ Horse.OrderOfFinishSdvAvg        : num  0.654 0.897 0.998 0.553 0.557 ...
 $ Horse.RunCount                   : num  23 33 15 44 37 17 18 12 32 21 ...
 $ Horse.HitCount1                  : num  4 5 5 6 7 5 3 5 6 6 ...
 $ Horse.HitCount2                  : num  5 8 4 2 5 3 3 1 3 4 ...
 $ Horse.HitCount3                  : num  1 8 0 6 4 0 0 0 5 5 ...
 $ Horse.HitCount4                  : num  2 1 1 7 3 3 3 0 2 1 ...
 $ Horse.HitCount5                  : num  1 2 0 3 3 1 3 1 3 1 ...
 $ Horse.HitRate1                   : num  0.174 0.152 0.333 0.136 0.189 ...
 $ Horse.HitRate2                   : num  0.2174 0.2424 0.2667 0.0455 0.1351 ...
 $ Horse.HitRate3                   : num  0.0435 0.2424 0 0.1364 0.1081 ...
 $ Horse.HitRate4                   : num  0.087 0.0303 0.0667 0.1591 0.0811 ...
 $ Horse.HitRate5                   : num  0.0435 0.0606 0 0.0682 0.0811 ...
 $ EOF                              : int  1 1 1 1 1 1 1 1 1 1 ...
[1] "2022-02-26 23:24:40 --- na.omit Finish ---"
[1] "2022-02-26 23:24:40 --- rxGlm with rxStepControl Start ---"

> print(paste0(Sys.time(), " --- source_logic_glm.R Start ---"))
[1] "2022-02-26 23:24:40 --- source_logic_glm.R Start ---"

> formula <- formula(RaceHorse.IsHitA ~ +1 + Horse.TimeSdvByRaceAvg)

> print(paste0(Sys.time(), " --- source_logic_glm.R Finished ---"))
[1] "2022-02-26 23:24:41 --- source_logic_glm.R Finished ---"
Rows Read: 301, Total Rows Processed: 301, Total Chunk Time: Less than .001 seconds 

Starting values (iteration 1) time: 0.007 secs.
Rows Read: 301, Total Rows Processed: 301, Total Chunk Time: 0.001 seconds 

Iteration 2 time: 0.006 secs.

Elapsed computation time: 0.028 secs.
Rows Read: 301, Total Rows Processed: 301, Total Chunk Time: Less than .001 seconds 

Starting values (iteration 1) time: 0.005 secs.
Rows Read: 301, Total Rows Processed: 301, Total Chunk Time: Less than .001 seconds 

Iteration 2 time: 0.005 secs.

Elapsed computation time: 0.024 secs.
Rows Read: 301, Total Rows Processed: 301, Total Chunk Time: Less than .001 seconds 

Starting values (iteration 1) time: 0.005 secs.
Rows Read: 301, Total Rows Processed: 301, Total Chunk Time: Less than .001 seconds 

Iteration 2 time: 0.009 secs.

Elapsed computation time: 0.027 secs.
Rows Read: 301, Total Rows Processed: 301, Total Chunk Time: Less than .001 seconds 

Starting values (iteration 1) time: 0.005 secs.
Rows Read: 301, Total Rows Processed: 301, Total Chunk Time: Less than .001 seconds 

Iteration 2 time: 0.006 secs.

Elapsed computation time: 0.027 secs.

Elapsed computation time: 0.129 secs.
[1] "--------------------------------------------------------------------------------"
[1] "analyze.results.glm.step="
Logistic Regression Results for: RaceHorse.IsHitA ~ 1
Data: data
Dependent variable(s): RaceHorse.IsHitA
Total independent variables: 1 
Number of valid observations: 301
Number of missing observations: 0 
 
Coefficients:
            RaceHorse.IsHitA
(Intercept)                2
[1] "analyze.results.glm.step.summary"
Call:
rxLogit(formula = formula, data = data, variableSelection = analyze.results.glm.step.varsel)

Logistic Regression Results for: RaceHorse.IsHitA ~ 1
Data: data
Dependent variable(s): RaceHorse.IsHitA
Total independent variables: 1 
Number of valid observations: 301
Number of missing observations: 0 
-2*LogLikelihood: 417.275 (Residual deviance on 300 degrees of freedom)
 
Coefficients:
            Estimate Std. Error z value Pr(>|z|)    
(Intercept)    2.000      0.115    17.4  2.2e-16 ***
---
Signif. codes:  0 '***' 0.001 '**' 0.01 '*' 0.05 '.' 0.1 ' ' 1

Condition number of final variance-covariance matrix: 1 
Number of iterations: 2
[1] "--------------------------------------------------------------------------------"
[1] "2022-02-26 23:24:41 --- rxGlm with rxStepControl Finish ---"
[1] "2022-02-26 23:24:41 --- rxStepPlot Start ---"
[1] "pdfFilename=pdf_analyze_glm_Horse_Type21_rxStepPlot.pdf"
[1] "rxStepPlot="
[1] "2022-02-26 23:24:41 --- rxStepPlot Finish ---"
[1] "2022-02-26 23:24:41 --- save.image Start ---"
[1] "save.image"
[1] "rdataFilename=RData_analyze_glm_Horse_Type21.RData"
[1] "2022-02-26 23:24:41 --- save.image Finish ---"
[1] "2022-02-26 23:24:41 --- final Start ---"
[1] "--------------------------------------------------------------------------------"
[1] "nrow(data) final=301"
[1] "--------------------------------------------------------------------------------"
[1] "2022-02-26 23:24:41 --- final Finish ---"
[1] "2022-02-26 23:24:41 --- analyze_glm.R Finished ---"
[1] "2022-02-26 23:24:41 --- log Finish ---"
