[1] "2022-02-26 23:11:48 --- D1115_analyze_glm_Horse_IsHitA_Type12 Start ---"
[1] "2022-02-26 23:11:48 --- Log Start ---"
[1] "2022-02-26 23:11:48 --- analyze_glm.R Start ---"
[1] "analyzeVersion=D1115"
[1] "analyzeCategory=analyze"
[1] "analyzeType=Horse"
[1] "analyzeFamily=IsHitA"
[1] "analyzeFunc=glm"
[1] "analyzeTrackTypeCd=1"
[1] "analyzeJyokenCd=2"
[1] "2022-02-26 23:11:48 --- source_function.R Start ---"
[1] "2022-02-26 23:11:48 --- source_function.R Finished ---"

> print(paste0(Sys.time(), " --- source_library.R Start ---"))
[1] "2022-02-26 23:11:48 --- source_library.R Start ---"

> require("RevoScaleR")

> print(paste0(Sys.time(), " --- source_library.R Finished ---"))
[1] "2022-02-26 23:11:53 --- source_library.R Finished ---"
[1] "2022-02-26 23:11:54 --- RxSqlServerData Start ---"
[1] "2022-02-26 23:11:54 --- RxInSqlServer Start ---"
[1] "2022-02-26 23:11:54 --- RxInSqlServer Finish ---"
[1] "2022-02-26 23:11:54 --- rxSetComputeContext Start ---"
[1] "2022-02-26 23:11:54 --- rxSetComputeContext Finish ---"
[1] "2022-02-26 23:11:54 --- RxSqlServerData Start ---"
[1] "sqlQuery=SELECT * FROM ViewAnalyzeD1115analyze01HorseType12"
[1] "2022-02-26 23:11:54 --- RxSqlServerData Finish ---"
[1] "2022-02-26 23:11:54 --- rxGetVarInfo Start ---"
[1] "2022-02-26 23:11:55 --- rxGetVarInfo Finish---"
[1] "2022-02-26 23:11:55 --- rxImport Start ---"
Rows Read: 529, Total Rows Processed: 529, Total Chunk Time: 480.598 seconds 
[1] "2022-02-26 23:24:43 --- rxImport Finish ---"
[1] "object.size(data) auto=328.7 Kb"
[1] "--------------------------------------------------------------------------------"
[1] "nrow(data) RxSqlServerData=529"
[1] "--------------------------------------------------------------------------------"
[1] "str(data)="
'data.frame':	529 obs. of  44 variables:
 $ Race.RaceId                      : Factor w/ 529 levels "20160417-06-03-08-12",..: 11 12 13 14 15 16 17 18 19 20 ...
 $ Race.IsAnalyzeNormalPastAndFuture: logi  TRUE TRUE TRUE TRUE TRUE TRUE ...
 $ Race.IsAnalyzeNormalPast         : logi  TRUE TRUE TRUE TRUE TRUE TRUE ...
 $ Race.IsAnalyzeNormalFuture       : logi  FALSE FALSE FALSE FALSE FALSE FALSE ...
 $ Race.IsAnalyzeFullPastAndFuture  : logi  TRUE TRUE TRUE TRUE TRUE TRUE ...
 $ Race.IsAnalyzeFullPast           : logi  TRUE TRUE TRUE TRUE TRUE TRUE ...
 $ Race.IsAnalyzeFullFuture         : logi  FALSE FALSE FALSE FALSE FALSE FALSE ...
 $ Race.JyokenCd                    : Factor w/ 1 level "2": 1 1 1 1 1 1 1 1 1 1 ...
 $ Race.JyoType1Cd                  : Factor w/ 112 levels "1-06-1600-2-1",..: 10 11 12 7 13 14 12 14 15 16 ...
 $ Race.RaceType1Cd                 : Factor w/ 3 levels "1-2-E-1","1-2-E-2",..: 2 1 1 2 3 2 1 2 2 1 ...
 $ RaceHorse.RaceId                 : Factor w/ 529 levels "20160417-06-03-08-12",..: 11 12 13 14 15 16 17 18 19 20 ...
 $ RaceHorse.KettoNum               : Factor w/ 495 levels "2012104808","2012104733",..: 11 12 13 14 15 16 17 18 19 20 ...
 $ RaceHorse.IsHit1                 : num  1 1 1 1 1 1 1 1 1 1 ...
 $ RaceHorse.IsHit2                 : num  0 0 0 0 0 0 0 0 0 0 ...
 $ RaceHorse.IsHit3                 : num  0 0 0 0 0 0 0 0 0 0 ...
 $ RaceHorse.IsHit4                 : num  0 0 0 0 0 0 0 0 0 0 ...
 $ RaceHorse.IsHit5                 : num  0 0 0 0 0 0 0 0 0 0 ...
 $ RaceHorse.IsHit6                 : num  0 0 0 0 0 0 0 0 0 0 ...
 $ RaceHorse.IsValidRaceHorse       : logi  TRUE TRUE TRUE TRUE TRUE TRUE ...
 $ RaceHorse.TimeSdvByRace          : num  1.449 1.237 1.256 1.572 0.898 ...
 $ RaceHorse.TimeSdv                : num  0.936 1.444 0.817 1.263 0.784 ...
 $ RaceHorse.IsHitA                 : num  1 1 1 1 1 1 1 1 1 1 ...
 $ RaceHorse.IsHitB                 : num  1 1 1 1 1 1 1 1 1 1 ...
 $ RaceHorse.IsHitC                 : num  1 1 1 1 1 1 1 1 1 1 ...
 $ Horse.KettoNum                   : Factor w/ 495 levels "2012104808","2012104733",..: 11 12 13 14 15 16 17 18 19 20 ...
 $ Horse.TimeSdvByRaceAvg           : num  0.288 0.719 0.903 1.032 0.427 ...
 $ Horse.TimeSdvByRaceMin           : num  -1.735 -1.491 -0.245 0 -1.276 ...
 $ Horse.TimeSdvByRaceMax           : num  1.49 1.57 2.09 2.13 1.38 ...
 $ Horse.TimeSdvAvg                 : num  0.2007 0.5405 0.333 0.0202 0.2947 ...
 $ Horse.TimeSdvMin                 : num  -1.51 -0.234 -0.961 -1.509 -1.542 ...
 $ Horse.TimeSdvMax                 : num  1.22 1.4 1.53 1.56 1.48 ...
 $ Horse.OrderOfFinishSdvAvg        : num  0.259 0.774 0.889 0.897 0.35 ...
 $ Horse.RunCount                   : num  24 27 14 11 17 5 12 15 24 8 ...
 $ Horse.HitCount1                  : num  4 4 3 3 3 3 3 4 4 3 ...
 $ Horse.HitCount2                  : num  0 9 5 3 1 0 3 7 7 2 ...
 $ Horse.HitCount3                  : num  1 1 0 2 1 0 2 1 1 0 ...
 $ Horse.HitCount4                  : num  4 4 0 0 2 0 0 1 0 0 ...
 $ Horse.HitCount5                  : num  3 2 0 0 1 0 2 1 3 1 ...
 $ Horse.HitRate1                   : num  0.167 0.148 0.214 0.273 0.176 ...
 $ Horse.HitRate2                   : num  0 0.3333 0.3571 0.2727 0.0588 ...
 $ Horse.HitRate3                   : num  0.0417 0.037 0 0.1818 0.0588 ...
 $ Horse.HitRate4                   : num  0.167 0.148 0 0 0.118 ...
 $ Horse.HitRate5                   : num  0.125 0.0741 0 0 0.0588 ...
 $ EOF                              : int  1 1 1 1 1 1 1 1 1 1 ...
[1] "2022-02-26 23:24:45 --- RxSqlServerData Finish ---"
[1] "2022-02-26 23:24:45 --- subset Start ---"
[1] "--------------------------------------------------------------------------------"
[1] "nrow(data) subset before=529"
[1] "nrow(data) subset after =529"
[1] "nrow(data) subset diff =0"
[1] "--------------------------------------------------------------------------------"
[1] "2022-02-26 23:24:45 --- subset Finish---"
[1] "2022-02-26 23:24:45 --- transform Start ---"
[1] "--------------------------------------------------------------------------------"
[1] "nrow(data) transform before=529"
[1] "nrow(data) transform after=529"
[1] "nrow(data) transform diff=0"
[1] "--------------------------------------------------------------------------------"
[1] "str(data)="
'data.frame':	529 obs. of  44 variables:
 $ Race.RaceId                      : Factor w/ 529 levels "20160417-06-03-08-12",..: 11 12 13 14 15 16 17 18 19 20 ...
 $ Race.IsAnalyzeNormalPastAndFuture: logi  TRUE TRUE TRUE TRUE TRUE TRUE ...
 $ Race.IsAnalyzeNormalPast         : logi  TRUE TRUE TRUE TRUE TRUE TRUE ...
 $ Race.IsAnalyzeNormalFuture       : logi  FALSE FALSE FALSE FALSE FALSE FALSE ...
 $ Race.IsAnalyzeFullPastAndFuture  : logi  TRUE TRUE TRUE TRUE TRUE TRUE ...
 $ Race.IsAnalyzeFullPast           : logi  TRUE TRUE TRUE TRUE TRUE TRUE ...
 $ Race.IsAnalyzeFullFuture         : logi  FALSE FALSE FALSE FALSE FALSE FALSE ...
 $ Race.JyokenCd                    : Factor w/ 1 level "2": 1 1 1 1 1 1 1 1 1 1 ...
 $ Race.JyoType1Cd                  : Factor w/ 112 levels "1-06-1600-2-1",..: 10 11 12 7 13 14 12 14 15 16 ...
 $ Race.RaceType1Cd                 : Factor w/ 3 levels "1-2-E-1","1-2-E-2",..: 2 1 1 2 3 2 1 2 2 1 ...
 $ RaceHorse.RaceId                 : Factor w/ 529 levels "20160417-06-03-08-12",..: 11 12 13 14 15 16 17 18 19 20 ...
 $ RaceHorse.KettoNum               : Factor w/ 495 levels "2012104808","2012104733",..: 11 12 13 14 15 16 17 18 19 20 ...
 $ RaceHorse.IsHit1                 : num  1 1 1 1 1 1 1 1 1 1 ...
 $ RaceHorse.IsHit2                 : num  0 0 0 0 0 0 0 0 0 0 ...
 $ RaceHorse.IsHit3                 : num  0 0 0 0 0 0 0 0 0 0 ...
 $ RaceHorse.IsHit4                 : num  0 0 0 0 0 0 0 0 0 0 ...
 $ RaceHorse.IsHit5                 : num  0 0 0 0 0 0 0 0 0 0 ...
 $ RaceHorse.IsHit6                 : num  0 0 0 0 0 0 0 0 0 0 ...
 $ RaceHorse.IsValidRaceHorse       : logi  TRUE TRUE TRUE TRUE TRUE TRUE ...
 $ RaceHorse.TimeSdvByRace          : num  1.449 1.237 1.256 1.572 0.898 ...
 $ RaceHorse.TimeSdv                : num  0.936 1.444 0.817 1.263 0.784 ...
 $ RaceHorse.IsHitA                 : num  1 1 1 1 1 1 1 1 1 1 ...
 $ RaceHorse.IsHitB                 : num  1 1 1 1 1 1 1 1 1 1 ...
 $ RaceHorse.IsHitC                 : num  1 1 1 1 1 1 1 1 1 1 ...
 $ Horse.KettoNum                   : Factor w/ 495 levels "2012104808","2012104733",..: 11 12 13 14 15 16 17 18 19 20 ...
 $ Horse.TimeSdvByRaceAvg           : num  0.288 0.719 0.903 1.032 0.427 ...
 $ Horse.TimeSdvByRaceMin           : num  -1.735 -1.491 -0.245 0 -1.276 ...
 $ Horse.TimeSdvByRaceMax           : num  1.49 1.57 2.09 2.13 1.38 ...
 $ Horse.TimeSdvAvg                 : num  0.2007 0.5405 0.333 0.0202 0.2947 ...
 $ Horse.TimeSdvMin                 : num  -1.51 -0.234 -0.961 -1.509 -1.542 ...
 $ Horse.TimeSdvMax                 : num  1.22 1.4 1.53 1.56 1.48 ...
 $ Horse.OrderOfFinishSdvAvg        : num  0.259 0.774 0.889 0.897 0.35 ...
 $ Horse.RunCount                   : num  24 27 14 11 17 5 12 15 24 8 ...
 $ Horse.HitCount1                  : num  4 4 3 3 3 3 3 4 4 3 ...
 $ Horse.HitCount2                  : num  0 9 5 3 1 0 3 7 7 2 ...
 $ Horse.HitCount3                  : num  1 1 0 2 1 0 2 1 1 0 ...
 $ Horse.HitCount4                  : num  4 4 0 0 2 0 0 1 0 0 ...
 $ Horse.HitCount5                  : num  3 2 0 0 1 0 2 1 3 1 ...
 $ Horse.HitRate1                   : num  0.167 0.148 0.214 0.273 0.176 ...
 $ Horse.HitRate2                   : num  0 0.3333 0.3571 0.2727 0.0588 ...
 $ Horse.HitRate3                   : num  0.0417 0.037 0 0.1818 0.0588 ...
 $ Horse.HitRate4                   : num  0.167 0.148 0 0 0.118 ...
 $ Horse.HitRate5                   : num  0.125 0.0741 0 0 0.0588 ...
 $ EOF                              : int  1 1 1 1 1 1 1 1 1 1 ...
NULL
[1] "2022-02-26 23:24:47 --- transform Finish ---"
[1] "2022-02-26 23:24:47 --- na.omit Start ---"
[1] "--------------------------------------------------------------------------------"
[1] "nrow(data) na.omit before=529"
[1] "nrow(data) na.omit after =529"
[1] "nrow(data) na.omit diff =0"
[1] "--------------------------------------------------------------------------------"
'data.frame':	529 obs. of  44 variables:
 $ Race.RaceId                      : Factor w/ 529 levels "20160417-06-03-08-12",..: 11 12 13 14 15 16 17 18 19 20 ...
 $ Race.IsAnalyzeNormalPastAndFuture: logi  TRUE TRUE TRUE TRUE TRUE TRUE ...
 $ Race.IsAnalyzeNormalPast         : logi  TRUE TRUE TRUE TRUE TRUE TRUE ...
 $ Race.IsAnalyzeNormalFuture       : logi  FALSE FALSE FALSE FALSE FALSE FALSE ...
 $ Race.IsAnalyzeFullPastAndFuture  : logi  TRUE TRUE TRUE TRUE TRUE TRUE ...
 $ Race.IsAnalyzeFullPast           : logi  TRUE TRUE TRUE TRUE TRUE TRUE ...
 $ Race.IsAnalyzeFullFuture         : logi  FALSE FALSE FALSE FALSE FALSE FALSE ...
 $ Race.JyokenCd                    : Factor w/ 1 level "2": 1 1 1 1 1 1 1 1 1 1 ...
 $ Race.JyoType1Cd                  : Factor w/ 112 levels "1-06-1600-2-1",..: 10 11 12 7 13 14 12 14 15 16 ...
 $ Race.RaceType1Cd                 : Factor w/ 3 levels "1-2-E-1","1-2-E-2",..: 2 1 1 2 3 2 1 2 2 1 ...
 $ RaceHorse.RaceId                 : Factor w/ 529 levels "20160417-06-03-08-12",..: 11 12 13 14 15 16 17 18 19 20 ...
 $ RaceHorse.KettoNum               : Factor w/ 495 levels "2012104808","2012104733",..: 11 12 13 14 15 16 17 18 19 20 ...
 $ RaceHorse.IsHit1                 : num  1 1 1 1 1 1 1 1 1 1 ...
 $ RaceHorse.IsHit2                 : num  0 0 0 0 0 0 0 0 0 0 ...
 $ RaceHorse.IsHit3                 : num  0 0 0 0 0 0 0 0 0 0 ...
 $ RaceHorse.IsHit4                 : num  0 0 0 0 0 0 0 0 0 0 ...
 $ RaceHorse.IsHit5                 : num  0 0 0 0 0 0 0 0 0 0 ...
 $ RaceHorse.IsHit6                 : num  0 0 0 0 0 0 0 0 0 0 ...
 $ RaceHorse.IsValidRaceHorse       : logi  TRUE TRUE TRUE TRUE TRUE TRUE ...
 $ RaceHorse.TimeSdvByRace          : num  1.449 1.237 1.256 1.572 0.898 ...
 $ RaceHorse.TimeSdv                : num  0.936 1.444 0.817 1.263 0.784 ...
 $ RaceHorse.IsHitA                 : num  1 1 1 1 1 1 1 1 1 1 ...
 $ RaceHorse.IsHitB                 : num  1 1 1 1 1 1 1 1 1 1 ...
 $ RaceHorse.IsHitC                 : num  1 1 1 1 1 1 1 1 1 1 ...
 $ Horse.KettoNum                   : Factor w/ 495 levels "2012104808","2012104733",..: 11 12 13 14 15 16 17 18 19 20 ...
 $ Horse.TimeSdvByRaceAvg           : num  0.288 0.719 0.903 1.032 0.427 ...
 $ Horse.TimeSdvByRaceMin           : num  -1.735 -1.491 -0.245 0 -1.276 ...
 $ Horse.TimeSdvByRaceMax           : num  1.49 1.57 2.09 2.13 1.38 ...
 $ Horse.TimeSdvAvg                 : num  0.2007 0.5405 0.333 0.0202 0.2947 ...
 $ Horse.TimeSdvMin                 : num  -1.51 -0.234 -0.961 -1.509 -1.542 ...
 $ Horse.TimeSdvMax                 : num  1.22 1.4 1.53 1.56 1.48 ...
 $ Horse.OrderOfFinishSdvAvg        : num  0.259 0.774 0.889 0.897 0.35 ...
 $ Horse.RunCount                   : num  24 27 14 11 17 5 12 15 24 8 ...
 $ Horse.HitCount1                  : num  4 4 3 3 3 3 3 4 4 3 ...
 $ Horse.HitCount2                  : num  0 9 5 3 1 0 3 7 7 2 ...
 $ Horse.HitCount3                  : num  1 1 0 2 1 0 2 1 1 0 ...
 $ Horse.HitCount4                  : num  4 4 0 0 2 0 0 1 0 0 ...
 $ Horse.HitCount5                  : num  3 2 0 0 1 0 2 1 3 1 ...
 $ Horse.HitRate1                   : num  0.167 0.148 0.214 0.273 0.176 ...
 $ Horse.HitRate2                   : num  0 0.3333 0.3571 0.2727 0.0588 ...
 $ Horse.HitRate3                   : num  0.0417 0.037 0 0.1818 0.0588 ...
 $ Horse.HitRate4                   : num  0.167 0.148 0 0 0.118 ...
 $ Horse.HitRate5                   : num  0.125 0.0741 0 0 0.0588 ...
 $ EOF                              : int  1 1 1 1 1 1 1 1 1 1 ...
[1] "2022-02-26 23:24:49 --- na.omit Finish ---"
[1] "2022-02-26 23:24:49 --- rxGlm with rxStepControl Start ---"

> print(paste0(Sys.time(), " --- source_logic_glm.R Start ---"))
[1] "2022-02-26 23:24:49 --- source_logic_glm.R Start ---"

> formula <- formula(RaceHorse.IsHitA ~ +1 + Horse.TimeSdvByRaceAvg)

> print(paste0(Sys.time(), " --- source_logic_glm.R Finished ---"))
[1] "2022-02-26 23:24:50 --- source_logic_glm.R Finished ---"
Rows Read: 529, Total Rows Processed: 529, Total Chunk Time: Less than .001 seconds 

Starting values (iteration 1) time: 0.008 secs.
Rows Read: 529, Total Rows Processed: 529, Total Chunk Time: Less than .001 seconds 

Iteration 2 time: 0.006 secs.

Elapsed computation time: 0.029 secs.
Rows Read: 529, Total Rows Processed: 529, Total Chunk Time: Less than .001 seconds 

Starting values (iteration 1) time: 0.006 secs.
Rows Read: 529, Total Rows Processed: 529, Total Chunk Time: Less than .001 seconds 

Iteration 2 time: 0.006 secs.

Elapsed computation time: 0.024 secs.
Rows Read: 529, Total Rows Processed: 529, Total Chunk Time: Less than .001 seconds 

Starting values (iteration 1) time: 0.005 secs.
Rows Read: 529, Total Rows Processed: 529, Total Chunk Time: 0.001 seconds 

Iteration 2 time: 0.006 secs.

Elapsed computation time: 0.025 secs.
Rows Read: 529, Total Rows Processed: 529, Total Chunk Time: Less than .001 seconds 

Starting values (iteration 1) time: 0.005 secs.
Rows Read: 529, Total Rows Processed: 529, Total Chunk Time: Less than .001 seconds 

Iteration 2 time: 0.006 secs.

Elapsed computation time: 0.027 secs.

Elapsed computation time: 0.127 secs.
[1] "--------------------------------------------------------------------------------"
[1] "analyze.results.glm.step="
Logistic Regression Results for: RaceHorse.IsHitA ~ 1
Data: data
Dependent variable(s): RaceHorse.IsHitA
Total independent variables: 1 
Number of valid observations: 529
Number of missing observations: 0 
 
Coefficients:
            RaceHorse.IsHitA
(Intercept)                2
[1] "analyze.results.glm.step.summary"
Call:
rxLogit(formula = formula, data = data, variableSelection = analyze.results.glm.step.varsel)

Logistic Regression Results for: RaceHorse.IsHitA ~ 1
Data: data
Dependent variable(s): RaceHorse.IsHitA
Total independent variables: 1 
Number of valid observations: 529
Number of missing observations: 0 
-2*LogLikelihood: 733.35 (Residual deviance on 528 degrees of freedom)
 
Coefficients:
            Estimate Std. Error z value Pr(>|z|)    
(Intercept)    2.000      0.087      23  2.2e-16 ***
---
Signif. codes:  0 '***' 0.001 '**' 0.01 '*' 0.05 '.' 0.1 ' ' 1

Condition number of final variance-covariance matrix: 1 
Number of iterations: 2
[1] "--------------------------------------------------------------------------------"
[1] "2022-02-26 23:24:50 --- rxGlm with rxStepControl Finish ---"
[1] "2022-02-26 23:24:50 --- rxStepPlot Start ---"
[1] "pdfFilename=pdf_analyze_glm_Horse_Type12_rxStepPlot.pdf"
[1] "rxStepPlot="
[1] "2022-02-26 23:24:50 --- rxStepPlot Finish ---"
[1] "2022-02-26 23:24:50 --- save.image Start ---"
[1] "save.image"
[1] "rdataFilename=RData_analyze_glm_Horse_Type12.RData"
[1] "2022-02-26 23:24:50 --- save.image Finish ---"
[1] "2022-02-26 23:24:50 --- final Start ---"
[1] "--------------------------------------------------------------------------------"
[1] "nrow(data) final=529"
[1] "--------------------------------------------------------------------------------"
[1] "2022-02-26 23:24:51 --- final Finish ---"
[1] "2022-02-26 23:24:51 --- analyze_glm.R Finished ---"
[1] "2022-02-26 23:24:51 --- log Finish ---"
