[1] "2022-02-26 23:12:32 --- D1115_analyze_glm_Jockey_IsHitA_Type15 Start ---"
[1] "2022-02-26 23:12:32 --- Log Start ---"
[1] "2022-02-26 23:12:32 --- analyze_glm.R Start ---"
[1] "analyzeVersion=D1115"
[1] "analyzeCategory=analyze"
[1] "analyzeType=Jockey"
[1] "analyzeFamily=IsHitA"
[1] "analyzeFunc=glm"
[1] "analyzeTrackTypeCd=1"
[1] "analyzeJyokenCd=5"
[1] "2022-02-26 23:12:32 --- source_function.R Start ---"
[1] "2022-02-26 23:12:32 --- source_function.R Finished ---"

> print(paste0(Sys.time(), " --- source_library.R Start ---"))
[1] "2022-02-26 23:12:32 --- source_library.R Start ---"

> require("RevoScaleR")

> print(paste0(Sys.time(), " --- source_library.R Finished ---"))
[1] "2022-02-26 23:12:36 --- source_library.R Finished ---"
[1] "2022-02-26 23:12:37 --- RxSqlServerData Start ---"
[1] "2022-02-26 23:12:37 --- RxInSqlServer Start ---"
[1] "2022-02-26 23:12:37 --- RxInSqlServer Finish ---"
[1] "2022-02-26 23:12:37 --- rxSetComputeContext Start ---"
[1] "2022-02-26 23:12:37 --- rxSetComputeContext Finish ---"
[1] "2022-02-26 23:12:37 --- RxSqlServerData Start ---"
[1] "sqlQuery=SELECT * FROM ViewAnalyzeD1115analyze01JockeyType15"
[1] "2022-02-26 23:12:37 --- RxSqlServerData Finish ---"
[1] "2022-02-26 23:12:38 --- rxGetVarInfo Start ---"
[1] "2022-02-26 23:12:39 --- rxGetVarInfo Finish---"
[1] "2022-02-26 23:12:39 --- rxImport Start ---"
Rows Read: 2467, Total Rows Processed: 2467, Total Chunk Time: 68.049 seconds 
[1] "2022-02-26 23:15:12 --- rxImport Finish ---"
[1] "object.size(data) auto=1.3 Mb"
[1] "--------------------------------------------------------------------------------"
[1] "nrow(data) RxSqlServerData=2467"
[1] "--------------------------------------------------------------------------------"
[1] "str(data)="
'data.frame':	2467 obs. of  43 variables:
 $ Race.RaceId                      : Factor w/ 2461 levels "20201114-09-05-03-03",..: 4 3 5 7 6 2 8 1 11 12 ...
 $ Race.IsAnalyzeNormalPastAndFuture: logi  TRUE TRUE TRUE TRUE TRUE TRUE ...
 $ Race.IsAnalyzeNormalPast         : logi  TRUE TRUE TRUE TRUE TRUE TRUE ...
 $ Race.IsAnalyzeNormalFuture       : logi  FALSE FALSE FALSE FALSE FALSE FALSE ...
 $ Race.IsAnalyzeFullPastAndFuture  : logi  TRUE TRUE TRUE TRUE TRUE TRUE ...
 $ Race.IsAnalyzeFullPast           : logi  TRUE TRUE TRUE TRUE TRUE TRUE ...
 $ Race.IsAnalyzeFullFuture         : logi  FALSE FALSE FALSE FALSE FALSE FALSE ...
 $ Race.JyokenCd                    : Factor w/ 1 level "5": 1 1 1 1 1 1 1 1 1 1 ...
 $ Race.JyoType1Cd                  : Factor w/ 175 levels "1-09-1200-5-1",..: 4 3 5 7 6 2 8 1 10 11 ...
 $ Race.RaceType1Cd                 : Factor w/ 3 levels "1-5-X-1","1-5-X-2",..: 2 2 2 1 2 1 1 1 2 1 ...
 $ RaceHorse.RaceId                 : Factor w/ 2461 levels "20201114-09-05-03-03",..: 4 3 5 7 6 2 8 1 11 12 ...
 $ RaceHorse.KettoNum               : Factor w/ 2467 levels "2018103105","2016106161",..: 4 3 5 7 6 2 8 1 11 12 ...
 $ RaceHorse.IsHit1                 : num  1 1 1 1 1 1 1 1 1 1 ...
 $ RaceHorse.IsHit2                 : num  0 0 0 0 0 0 0 0 0 0 ...
 $ RaceHorse.IsHit3                 : num  0 0 0 0 0 0 0 0 0 0 ...
 $ RaceHorse.IsHit4                 : num  0 0 0 0 0 0 0 0 0 0 ...
 $ RaceHorse.IsHit5                 : num  0 0 0 0 0 0 0 0 0 0 ...
 $ RaceHorse.IsHit6                 : num  0 0 0 0 0 0 0 0 0 0 ...
 $ RaceHorse.IsValidRaceHorse       : logi  TRUE TRUE TRUE TRUE TRUE TRUE ...
 $ RaceHorse.TimeSdvByRace          : num  1.52 1.29 1.427 1.48 0.997 ...
 $ RaceHorse.TimeSdv                : num  -0.638 0.754 1.3 0.43 0.68 ...
 $ RaceHorse.IsHitA                 : num  1 1 1 1 1 1 1 1 1 1 ...
 $ RaceHorse.IsHitB                 : num  1 1 1 1 1 1 1 1 1 1 ...
 $ RaceHorse.IsHitC                 : num  1 1 1 1 1 1 1 1 1 1 ...
 $ Jockey.TimeSdvByRaceAvg          : num  -0.114 -0.268 0.184 0.391 0.114 ...
 $ Jockey.TimeSdvByRaceMin          : num  -2.44 -2.96 -2.99 -2.3 -2.57 ...
 $ Jockey.TimeSdvByRaceMax          : num  2.64 1.63 1.8 2.24 1.91 ...
 $ Jockey.TimeSdvAvg                : num  0.00569 -0.16093 0.18368 0.29243 0.03553 ...
 $ Jockey.TimeSdvMin                : num  -2.63 -3.17 -4.2 -2.73 -3 ...
 $ Jockey.TimeSdvMax                : num  2.15 1.71 2.18 2.73 2.18 ...
 $ Jockey.OrderOfFinishSdvAvg       : num  -0.1568 -0.3494 0.2397 0.3771 0.0288 ...
 $ Jockey.RunCount                  : num  103 146 103 261 325 8 51 254 274 135 ...
 $ Jockey.HitCount1                 : num  4 7 10 35 21 2 4 33 20 5 ...
 $ Jockey.HitCount2                 : num  4 7 12 24 16 1 4 23 24 5 ...
 $ Jockey.HitCount3                 : num  6 4 10 22 24 0 1 25 25 3 ...
 $ Jockey.HitCount4                 : num  6 7 7 19 16 1 4 18 19 8 ...
 $ Jockey.HitCount5                 : num  6 5 5 18 27 1 6 23 23 9 ...
 $ Jockey.HitRate1                  : num  0.0388 0.0479 0.0971 0.1341 0.0646 ...
 $ Jockey.HitRate2                  : num  0.0388 0.0479 0.1165 0.092 0.0492 ...
 $ Jockey.HitRate3                  : num  0.0583 0.0274 0.0971 0.0843 0.0738 ...
 $ Jockey.HitRate4                  : num  0.0583 0.0479 0.068 0.0728 0.0492 ...
 $ Jockey.HitRate5                  : num  0.0583 0.0342 0.0485 0.069 0.0831 ...
 $ EOF                              : int  1 1 1 1 1 1 1 1 1 1 ...
[1] "2022-02-26 23:15:14 --- RxSqlServerData Finish ---"
[1] "2022-02-26 23:15:14 --- subset Start ---"
[1] "--------------------------------------------------------------------------------"
[1] "nrow(data) subset before=2467"
[1] "nrow(data) subset after =2467"
[1] "nrow(data) subset diff =0"
[1] "--------------------------------------------------------------------------------"
[1] "2022-02-26 23:15:14 --- subset Finish---"
[1] "2022-02-26 23:15:14 --- transform Start ---"
[1] "--------------------------------------------------------------------------------"
[1] "nrow(data) transform before=2467"
[1] "nrow(data) transform after=2467"
[1] "nrow(data) transform diff=0"
[1] "--------------------------------------------------------------------------------"
[1] "str(data)="
'data.frame':	2467 obs. of  43 variables:
 $ Race.RaceId                      : Factor w/ 2461 levels "20201114-09-05-03-03",..: 4 3 5 7 6 2 8 1 11 12 ...
 $ Race.IsAnalyzeNormalPastAndFuture: logi  TRUE TRUE TRUE TRUE TRUE TRUE ...
 $ Race.IsAnalyzeNormalPast         : logi  TRUE TRUE TRUE TRUE TRUE TRUE ...
 $ Race.IsAnalyzeNormalFuture       : logi  FALSE FALSE FALSE FALSE FALSE FALSE ...
 $ Race.IsAnalyzeFullPastAndFuture  : logi  TRUE TRUE TRUE TRUE TRUE TRUE ...
 $ Race.IsAnalyzeFullPast           : logi  TRUE TRUE TRUE TRUE TRUE TRUE ...
 $ Race.IsAnalyzeFullFuture         : logi  FALSE FALSE FALSE FALSE FALSE FALSE ...
 $ Race.JyokenCd                    : Factor w/ 1 level "5": 1 1 1 1 1 1 1 1 1 1 ...
 $ Race.JyoType1Cd                  : Factor w/ 175 levels "1-09-1200-5-1",..: 4 3 5 7 6 2 8 1 10 11 ...
 $ Race.RaceType1Cd                 : Factor w/ 3 levels "1-5-X-1","1-5-X-2",..: 2 2 2 1 2 1 1 1 2 1 ...
 $ RaceHorse.RaceId                 : Factor w/ 2461 levels "20201114-09-05-03-03",..: 4 3 5 7 6 2 8 1 11 12 ...
 $ RaceHorse.KettoNum               : Factor w/ 2467 levels "2018103105","2016106161",..: 4 3 5 7 6 2 8 1 11 12 ...
 $ RaceHorse.IsHit1                 : num  1 1 1 1 1 1 1 1 1 1 ...
 $ RaceHorse.IsHit2                 : num  0 0 0 0 0 0 0 0 0 0 ...
 $ RaceHorse.IsHit3                 : num  0 0 0 0 0 0 0 0 0 0 ...
 $ RaceHorse.IsHit4                 : num  0 0 0 0 0 0 0 0 0 0 ...
 $ RaceHorse.IsHit5                 : num  0 0 0 0 0 0 0 0 0 0 ...
 $ RaceHorse.IsHit6                 : num  0 0 0 0 0 0 0 0 0 0 ...
 $ RaceHorse.IsValidRaceHorse       : logi  TRUE TRUE TRUE TRUE TRUE TRUE ...
 $ RaceHorse.TimeSdvByRace          : num  1.52 1.29 1.427 1.48 0.997 ...
 $ RaceHorse.TimeSdv                : num  -0.638 0.754 1.3 0.43 0.68 ...
 $ RaceHorse.IsHitA                 : num  1 1 1 1 1 1 1 1 1 1 ...
 $ RaceHorse.IsHitB                 : num  1 1 1 1 1 1 1 1 1 1 ...
 $ RaceHorse.IsHitC                 : num  1 1 1 1 1 1 1 1 1 1 ...
 $ Jockey.TimeSdvByRaceAvg          : num  -0.114 -0.268 0.184 0.391 0.114 ...
 $ Jockey.TimeSdvByRaceMin          : num  -2.44 -2.96 -2.99 -2.3 -2.57 ...
 $ Jockey.TimeSdvByRaceMax          : num  2.64 1.63 1.8 2.24 1.91 ...
 $ Jockey.TimeSdvAvg                : num  0.00569 -0.16093 0.18368 0.29243 0.03553 ...
 $ Jockey.TimeSdvMin                : num  -2.63 -3.17 -4.2 -2.73 -3 ...
 $ Jockey.TimeSdvMax                : num  2.15 1.71 2.18 2.73 2.18 ...
 $ Jockey.OrderOfFinishSdvAvg       : num  -0.1568 -0.3494 0.2397 0.3771 0.0288 ...
 $ Jockey.RunCount                  : num  103 146 103 261 325 8 51 254 274 135 ...
 $ Jockey.HitCount1                 : num  4 7 10 35 21 2 4 33 20 5 ...
 $ Jockey.HitCount2                 : num  4 7 12 24 16 1 4 23 24 5 ...
 $ Jockey.HitCount3                 : num  6 4 10 22 24 0 1 25 25 3 ...
 $ Jockey.HitCount4                 : num  6 7 7 19 16 1 4 18 19 8 ...
 $ Jockey.HitCount5                 : num  6 5 5 18 27 1 6 23 23 9 ...
 $ Jockey.HitRate1                  : num  0.0388 0.0479 0.0971 0.1341 0.0646 ...
 $ Jockey.HitRate2                  : num  0.0388 0.0479 0.1165 0.092 0.0492 ...
 $ Jockey.HitRate3                  : num  0.0583 0.0274 0.0971 0.0843 0.0738 ...
 $ Jockey.HitRate4                  : num  0.0583 0.0479 0.068 0.0728 0.0492 ...
 $ Jockey.HitRate5                  : num  0.0583 0.0342 0.0485 0.069 0.0831 ...
 $ EOF                              : int  1 1 1 1 1 1 1 1 1 1 ...
NULL
[1] "2022-02-26 23:15:18 --- transform Finish ---"
[1] "2022-02-26 23:15:18 --- na.omit Start ---"
[1] "--------------------------------------------------------------------------------"
[1] "nrow(data) na.omit before=2467"
[1] "nrow(data) na.omit after =2467"
[1] "nrow(data) na.omit diff =0"
[1] "--------------------------------------------------------------------------------"
'data.frame':	2467 obs. of  43 variables:
 $ Race.RaceId                      : Factor w/ 2461 levels "20201114-09-05-03-03",..: 4 3 5 7 6 2 8 1 11 12 ...
 $ Race.IsAnalyzeNormalPastAndFuture: logi  TRUE TRUE TRUE TRUE TRUE TRUE ...
 $ Race.IsAnalyzeNormalPast         : logi  TRUE TRUE TRUE TRUE TRUE TRUE ...
 $ Race.IsAnalyzeNormalFuture       : logi  FALSE FALSE FALSE FALSE FALSE FALSE ...
 $ Race.IsAnalyzeFullPastAndFuture  : logi  TRUE TRUE TRUE TRUE TRUE TRUE ...
 $ Race.IsAnalyzeFullPast           : logi  TRUE TRUE TRUE TRUE TRUE TRUE ...
 $ Race.IsAnalyzeFullFuture         : logi  FALSE FALSE FALSE FALSE FALSE FALSE ...
 $ Race.JyokenCd                    : Factor w/ 1 level "5": 1 1 1 1 1 1 1 1 1 1 ...
 $ Race.JyoType1Cd                  : Factor w/ 175 levels "1-09-1200-5-1",..: 4 3 5 7 6 2 8 1 10 11 ...
 $ Race.RaceType1Cd                 : Factor w/ 3 levels "1-5-X-1","1-5-X-2",..: 2 2 2 1 2 1 1 1 2 1 ...
 $ RaceHorse.RaceId                 : Factor w/ 2461 levels "20201114-09-05-03-03",..: 4 3 5 7 6 2 8 1 11 12 ...
 $ RaceHorse.KettoNum               : Factor w/ 2467 levels "2018103105","2016106161",..: 4 3 5 7 6 2 8 1 11 12 ...
 $ RaceHorse.IsHit1                 : num  1 1 1 1 1 1 1 1 1 1 ...
 $ RaceHorse.IsHit2                 : num  0 0 0 0 0 0 0 0 0 0 ...
 $ RaceHorse.IsHit3                 : num  0 0 0 0 0 0 0 0 0 0 ...
 $ RaceHorse.IsHit4                 : num  0 0 0 0 0 0 0 0 0 0 ...
 $ RaceHorse.IsHit5                 : num  0 0 0 0 0 0 0 0 0 0 ...
 $ RaceHorse.IsHit6                 : num  0 0 0 0 0 0 0 0 0 0 ...
 $ RaceHorse.IsValidRaceHorse       : logi  TRUE TRUE TRUE TRUE TRUE TRUE ...
 $ RaceHorse.TimeSdvByRace          : num  1.52 1.29 1.427 1.48 0.997 ...
 $ RaceHorse.TimeSdv                : num  -0.638 0.754 1.3 0.43 0.68 ...
 $ RaceHorse.IsHitA                 : num  1 1 1 1 1 1 1 1 1 1 ...
 $ RaceHorse.IsHitB                 : num  1 1 1 1 1 1 1 1 1 1 ...
 $ RaceHorse.IsHitC                 : num  1 1 1 1 1 1 1 1 1 1 ...
 $ Jockey.TimeSdvByRaceAvg          : num  -0.114 -0.268 0.184 0.391 0.114 ...
 $ Jockey.TimeSdvByRaceMin          : num  -2.44 -2.96 -2.99 -2.3 -2.57 ...
 $ Jockey.TimeSdvByRaceMax          : num  2.64 1.63 1.8 2.24 1.91 ...
 $ Jockey.TimeSdvAvg                : num  0.00569 -0.16093 0.18368 0.29243 0.03553 ...
 $ Jockey.TimeSdvMin                : num  -2.63 -3.17 -4.2 -2.73 -3 ...
 $ Jockey.TimeSdvMax                : num  2.15 1.71 2.18 2.73 2.18 ...
 $ Jockey.OrderOfFinishSdvAvg       : num  -0.1568 -0.3494 0.2397 0.3771 0.0288 ...
 $ Jockey.RunCount                  : num  103 146 103 261 325 8 51 254 274 135 ...
 $ Jockey.HitCount1                 : num  4 7 10 35 21 2 4 33 20 5 ...
 $ Jockey.HitCount2                 : num  4 7 12 24 16 1 4 23 24 5 ...
 $ Jockey.HitCount3                 : num  6 4 10 22 24 0 1 25 25 3 ...
 $ Jockey.HitCount4                 : num  6 7 7 19 16 1 4 18 19 8 ...
 $ Jockey.HitCount5                 : num  6 5 5 18 27 1 6 23 23 9 ...
 $ Jockey.HitRate1                  : num  0.0388 0.0479 0.0971 0.1341 0.0646 ...
 $ Jockey.HitRate2                  : num  0.0388 0.0479 0.1165 0.092 0.0492 ...
 $ Jockey.HitRate3                  : num  0.0583 0.0274 0.0971 0.0843 0.0738 ...
 $ Jockey.HitRate4                  : num  0.0583 0.0479 0.068 0.0728 0.0492 ...
 $ Jockey.HitRate5                  : num  0.0583 0.0342 0.0485 0.069 0.0831 ...
 $ EOF                              : int  1 1 1 1 1 1 1 1 1 1 ...
[1] "2022-02-26 23:15:20 --- na.omit Finish ---"
[1] "2022-02-26 23:15:20 --- rxGlm with rxStepControl Start ---"

> print(paste0(Sys.time(), " --- source_logic_glm.R Start ---"))
[1] "2022-02-26 23:15:20 --- source_logic_glm.R Start ---"

> formula <- formula(RaceHorse.IsHitA ~ +1 + Jockey.TimeSdvByRaceAvg)

> print(paste0(Sys.time(), " --- source_logic_glm.R Finished ---"))
[1] "2022-02-26 23:15:20 --- source_logic_glm.R Finished ---"
Rows Read: 2467, Total Rows Processed: 2467, Total Chunk Time: 0.001 seconds 

Starting values (iteration 1) time: 0.020 secs.
Rows Read: 2467, Total Rows Processed: 2467, Total Chunk Time: 0.001 seconds 

Iteration 2 time: 0.005 secs.

Elapsed computation time: 0.031 secs.
Rows Read: 2467, Total Rows Processed: 2467, Total Chunk Time: 0.001 seconds 

Starting values (iteration 1) time: 0.007 secs.
Rows Read: 2467, Total Rows Processed: 2467, Total Chunk Time: 0.001 seconds 

Iteration 2 time: 0.006 secs.

Elapsed computation time: 0.026 secs.
Rows Read: 2467, Total Rows Processed: 2467, Total Chunk Time: 0.001 seconds 

Starting values (iteration 1) time: 0.006 secs.
Rows Read: 2467, Total Rows Processed: 2467, Total Chunk Time: 0.001 seconds 

Iteration 2 time: 0.011 secs.

Elapsed computation time: 0.027 secs.
Rows Read: 2467, Total Rows Processed: 2467, Total Chunk Time: 0.001 seconds 

Starting values (iteration 1) time: 0.007 secs.
Rows Read: 2467, Total Rows Processed: 2467, Total Chunk Time: 0.001 seconds 

Iteration 2 time: 0.005 secs.

Elapsed computation time: 0.023 secs.

Elapsed computation time: 0.143 secs.
[1] "--------------------------------------------------------------------------------"
[1] "analyze.results.glm.step="
Logistic Regression Results for: RaceHorse.IsHitA ~ 1
Data: data
Dependent variable(s): RaceHorse.IsHitA
Total independent variables: 1 
Number of valid observations: 2467
Number of missing observations: 0 
 
Coefficients:
            RaceHorse.IsHitA
(Intercept)                2
[1] "analyze.results.glm.step.summary"
Call:
rxLogit(formula = formula, data = data, variableSelection = analyze.results.glm.step.varsel)

Logistic Regression Results for: RaceHorse.IsHitA ~ 1
Data: data
Dependent variable(s): RaceHorse.IsHitA
Total independent variables: 1 
Number of valid observations: 2467
Number of missing observations: 0 
-2*LogLikelihood: 3419.988 (Residual deviance on 2466 degrees of freedom)
 
Coefficients:
            Estimate Std. Error z value Pr(>|z|)    
(Intercept)   2.0000     0.0403    49.7  2.2e-16 ***
---
Signif. codes:  0 '***' 0.001 '**' 0.01 '*' 0.05 '.' 0.1 ' ' 1

Condition number of final variance-covariance matrix: 1 
Number of iterations: 2
[1] "--------------------------------------------------------------------------------"
[1] "2022-02-26 23:15:21 --- rxGlm with rxStepControl Finish ---"
[1] "2022-02-26 23:15:21 --- rxStepPlot Start ---"
[1] "pdfFilename=pdf_analyze_glm_Jockey_Type15_rxStepPlot.pdf"
[1] "rxStepPlot="
[1] "2022-02-26 23:15:21 --- rxStepPlot Finish ---"
[1] "2022-02-26 23:15:21 --- save.image Start ---"
[1] "save.image"
[1] "rdataFilename=RData_analyze_glm_Jockey_Type15.RData"
[1] "2022-02-26 23:15:21 --- save.image Finish ---"
[1] "2022-02-26 23:15:21 --- final Start ---"
[1] "--------------------------------------------------------------------------------"
[1] "nrow(data) final=2467"
[1] "--------------------------------------------------------------------------------"
[1] "2022-02-26 23:15:21 --- final Finish ---"
[1] "2022-02-26 23:15:21 --- analyze_glm.R Finished ---"
[1] "2022-02-26 23:15:21 --- log Finish ---"
