[1] "2022-02-26 23:12:02 --- D1115_analyze_glm_Horse_IsHitA_Type14 Start ---"
[1] "2022-02-26 23:12:02 --- Log Start ---"
[1] "2022-02-26 23:12:02 --- analyze_glm.R Start ---"
[1] "analyzeVersion=D1115"
[1] "analyzeCategory=analyze"
[1] "analyzeType=Horse"
[1] "analyzeFamily=IsHitA"
[1] "analyzeFunc=glm"
[1] "analyzeTrackTypeCd=1"
[1] "analyzeJyokenCd=4"
[1] "2022-02-26 23:12:02 --- source_function.R Start ---"
[1] "2022-02-26 23:12:02 --- source_function.R Finished ---"

> print(paste0(Sys.time(), " --- source_library.R Start ---"))
[1] "2022-02-26 23:12:03 --- source_library.R Start ---"

> require("RevoScaleR")

> print(paste0(Sys.time(), " --- source_library.R Finished ---"))
[1] "2022-02-26 23:12:08 --- source_library.R Finished ---"
[1] "2022-02-26 23:12:09 --- RxSqlServerData Start ---"
[1] "2022-02-26 23:12:10 --- RxInSqlServer Start ---"
[1] "2022-02-26 23:12:11 --- RxInSqlServer Finish ---"
[1] "2022-02-26 23:12:11 --- rxSetComputeContext Start ---"
[1] "2022-02-26 23:12:12 --- rxSetComputeContext Finish ---"
[1] "2022-02-26 23:12:12 --- RxSqlServerData Start ---"
[1] "sqlQuery=SELECT * FROM ViewAnalyzeD1115analyze01HorseType14"
[1] "2022-02-26 23:12:12 --- RxSqlServerData Finish ---"
[1] "2022-02-26 23:12:12 --- rxGetVarInfo Start ---"
[1] "2022-02-26 23:12:14 --- rxGetVarInfo Finish---"
[1] "2022-02-26 23:12:14 --- rxImport Start ---"
Rows Read: 2250, Total Rows Processed: 2250, Total Chunk Time: 497.382 seconds 
[1] "2022-02-26 23:43:29 --- rxImport Finish ---"
[1] "object.size(data) auto=1.3 Mb"
[1] "--------------------------------------------------------------------------------"
[1] "nrow(data) RxSqlServerData=2250"
[1] "--------------------------------------------------------------------------------"
[1] "str(data)="
'data.frame':	2250 obs. of  44 variables:
 $ Race.RaceId                      : Factor w/ 2246 levels "20160214-10-01-02-08",..: 11 12 13 14 15 16 17 18 19 20 ...
 $ Race.IsAnalyzeNormalPastAndFuture: logi  TRUE TRUE TRUE TRUE TRUE TRUE ...
 $ Race.IsAnalyzeNormalPast         : logi  TRUE TRUE TRUE TRUE TRUE TRUE ...
 $ Race.IsAnalyzeNormalFuture       : logi  FALSE FALSE FALSE FALSE FALSE FALSE ...
 $ Race.IsAnalyzeFullPastAndFuture  : logi  TRUE TRUE TRUE TRUE TRUE TRUE ...
 $ Race.IsAnalyzeFullPast           : logi  TRUE TRUE TRUE TRUE TRUE TRUE ...
 $ Race.IsAnalyzeFullFuture         : logi  FALSE FALSE FALSE FALSE FALSE FALSE ...
 $ Race.JyokenCd                    : Factor w/ 1 level "4": 1 1 1 1 1 1 1 1 1 1 ...
 $ Race.JyoType1Cd                  : Factor w/ 177 levels "1-10-1200-4-2",..: 11 12 13 14 15 13 9 16 16 3 ...
 $ Race.RaceType1Cd                 : Factor w/ 6 levels "1-4-X-1","1-4-E-1",..: 2 1 3 2 1 4 1 3 3 2 ...
 $ RaceHorse.RaceId                 : Factor w/ 2246 levels "20160214-10-01-02-08",..: 11 12 13 14 15 16 17 18 19 20 ...
 $ RaceHorse.KettoNum               : Factor w/ 2040 levels "2011100548","2011103993",..: 11 12 13 14 15 16 17 18 19 20 ...
 $ RaceHorse.IsHit1                 : num  1 1 1 1 1 1 1 1 1 1 ...
 $ RaceHorse.IsHit2                 : num  0 0 0 0 0 0 0 0 0 0 ...
 $ RaceHorse.IsHit3                 : num  0 0 0 0 0 0 0 0 0 0 ...
 $ RaceHorse.IsHit4                 : num  0 0 0 0 0 0 0 0 0 0 ...
 $ RaceHorse.IsHit5                 : num  0 0 0 0 0 0 0 0 0 0 ...
 $ RaceHorse.IsHit6                 : num  0 0 0 0 0 0 0 0 0 0 ...
 $ RaceHorse.IsValidRaceHorse       : logi  TRUE TRUE TRUE TRUE TRUE TRUE ...
 $ RaceHorse.TimeSdvByRace          : num  0.925 1.568 1.097 1.276 1.165 ...
 $ RaceHorse.TimeSdv                : num  1.697 1.537 0.683 1.549 0.26 ...
 $ RaceHorse.IsHitA                 : num  1 1 1 1 1 1 1 1 1 1 ...
 $ RaceHorse.IsHitB                 : num  1 1 1 1 1 1 1 1 1 1 ...
 $ RaceHorse.IsHitC                 : num  1 1 1 1 1 1 1 1 1 1 ...
 $ Horse.KettoNum                   : Factor w/ 2040 levels "2011100548","2011103993",..: 11 12 13 14 15 16 17 18 19 20 ...
 $ Horse.TimeSdvByRaceAvg           : num  0.245 -0.307 0.274 0.583 0.383 ...
 $ Horse.TimeSdvByRaceMin           : num  -0.746 -2.784 -1.788 -1.666 -1.52 ...
 $ Horse.TimeSdvByRaceMax           : num  1.38 1.09 1.19 1.49 1.66 ...
 $ Horse.TimeSdvAvg                 : num  0.1857 -0.3619 0.0155 0.5039 0.4604 ...
 $ Horse.TimeSdvMin                 : num  -1.122 -2.439 -1.333 -1.52 -0.375 ...
 $ Horse.TimeSdvMax                 : num  1.331 0.648 1.669 1.836 1.524 ...
 $ Horse.OrderOfFinishSdvAvg        : num  0.193 -0.314 0.257 0.571 0.334 ...
 $ Horse.RunCount                   : num  24 12 32 20 26 20 22 8 16 23 ...
 $ Horse.HitCount1                  : num  1 2 1 1 1 0 1 0 2 1 ...
 $ Horse.HitCount2                  : num  1 0 3 3 1 2 1 1 1 2 ...
 $ Horse.HitCount3                  : num  1 0 4 6 4 4 5 1 0 1 ...
 $ Horse.HitCount4                  : num  2 0 2 2 4 0 3 2 3 1 ...
 $ Horse.HitCount5                  : num  3 1 4 0 4 1 0 1 1 4 ...
 $ Horse.HitRate1                   : num  0.0417 0.1667 0.0312 0.05 0.0385 ...
 $ Horse.HitRate2                   : num  0.0417 0 0.0938 0.15 0.0385 ...
 $ Horse.HitRate3                   : num  0.0417 0 0.125 0.3 0.1538 ...
 $ Horse.HitRate4                   : num  0.0833 0 0.0625 0.1 0.1538 ...
 $ Horse.HitRate5                   : num  0.125 0.0833 0.125 0 0.1538 ...
 $ EOF                              : int  1 1 1 1 1 1 1 1 1 1 ...
[1] "2022-02-26 23:43:29 --- RxSqlServerData Finish ---"
[1] "2022-02-26 23:43:29 --- subset Start ---"
[1] "--------------------------------------------------------------------------------"
[1] "nrow(data) subset before=2250"
[1] "nrow(data) subset after =2250"
[1] "nrow(data) subset diff =0"
[1] "--------------------------------------------------------------------------------"
[1] "2022-02-26 23:43:29 --- subset Finish---"
[1] "2022-02-26 23:43:29 --- transform Start ---"
[1] "--------------------------------------------------------------------------------"
[1] "nrow(data) transform before=2250"
[1] "nrow(data) transform after=2250"
[1] "nrow(data) transform diff=0"
[1] "--------------------------------------------------------------------------------"
[1] "str(data)="
'data.frame':	2250 obs. of  44 variables:
 $ Race.RaceId                      : Factor w/ 2246 levels "20160214-10-01-02-08",..: 11 12 13 14 15 16 17 18 19 20 ...
 $ Race.IsAnalyzeNormalPastAndFuture: logi  TRUE TRUE TRUE TRUE TRUE TRUE ...
 $ Race.IsAnalyzeNormalPast         : logi  TRUE TRUE TRUE TRUE TRUE TRUE ...
 $ Race.IsAnalyzeNormalFuture       : logi  FALSE FALSE FALSE FALSE FALSE FALSE ...
 $ Race.IsAnalyzeFullPastAndFuture  : logi  TRUE TRUE TRUE TRUE TRUE TRUE ...
 $ Race.IsAnalyzeFullPast           : logi  TRUE TRUE TRUE TRUE TRUE TRUE ...
 $ Race.IsAnalyzeFullFuture         : logi  FALSE FALSE FALSE FALSE FALSE FALSE ...
 $ Race.JyokenCd                    : Factor w/ 1 level "4": 1 1 1 1 1 1 1 1 1 1 ...
 $ Race.JyoType1Cd                  : Factor w/ 177 levels "1-10-1200-4-2",..: 11 12 13 14 15 13 9 16 16 3 ...
 $ Race.RaceType1Cd                 : Factor w/ 6 levels "1-4-X-1","1-4-E-1",..: 2 1 3 2 1 4 1 3 3 2 ...
 $ RaceHorse.RaceId                 : Factor w/ 2246 levels "20160214-10-01-02-08",..: 11 12 13 14 15 16 17 18 19 20 ...
 $ RaceHorse.KettoNum               : Factor w/ 2040 levels "2011100548","2011103993",..: 11 12 13 14 15 16 17 18 19 20 ...
 $ RaceHorse.IsHit1                 : num  1 1 1 1 1 1 1 1 1 1 ...
 $ RaceHorse.IsHit2                 : num  0 0 0 0 0 0 0 0 0 0 ...
 $ RaceHorse.IsHit3                 : num  0 0 0 0 0 0 0 0 0 0 ...
 $ RaceHorse.IsHit4                 : num  0 0 0 0 0 0 0 0 0 0 ...
 $ RaceHorse.IsHit5                 : num  0 0 0 0 0 0 0 0 0 0 ...
 $ RaceHorse.IsHit6                 : num  0 0 0 0 0 0 0 0 0 0 ...
 $ RaceHorse.IsValidRaceHorse       : logi  TRUE TRUE TRUE TRUE TRUE TRUE ...
 $ RaceHorse.TimeSdvByRace          : num  0.925 1.568 1.097 1.276 1.165 ...
 $ RaceHorse.TimeSdv                : num  1.697 1.537 0.683 1.549 0.26 ...
 $ RaceHorse.IsHitA                 : num  1 1 1 1 1 1 1 1 1 1 ...
 $ RaceHorse.IsHitB                 : num  1 1 1 1 1 1 1 1 1 1 ...
 $ RaceHorse.IsHitC                 : num  1 1 1 1 1 1 1 1 1 1 ...
 $ Horse.KettoNum                   : Factor w/ 2040 levels "2011100548","2011103993",..: 11 12 13 14 15 16 17 18 19 20 ...
 $ Horse.TimeSdvByRaceAvg           : num  0.245 -0.307 0.274 0.583 0.383 ...
 $ Horse.TimeSdvByRaceMin           : num  -0.746 -2.784 -1.788 -1.666 -1.52 ...
 $ Horse.TimeSdvByRaceMax           : num  1.38 1.09 1.19 1.49 1.66 ...
 $ Horse.TimeSdvAvg                 : num  0.1857 -0.3619 0.0155 0.5039 0.4604 ...
 $ Horse.TimeSdvMin                 : num  -1.122 -2.439 -1.333 -1.52 -0.375 ...
 $ Horse.TimeSdvMax                 : num  1.331 0.648 1.669 1.836 1.524 ...
 $ Horse.OrderOfFinishSdvAvg        : num  0.193 -0.314 0.257 0.571 0.334 ...
 $ Horse.RunCount                   : num  24 12 32 20 26 20 22 8 16 23 ...
 $ Horse.HitCount1                  : num  1 2 1 1 1 0 1 0 2 1 ...
 $ Horse.HitCount2                  : num  1 0 3 3 1 2 1 1 1 2 ...
 $ Horse.HitCount3                  : num  1 0 4 6 4 4 5 1 0 1 ...
 $ Horse.HitCount4                  : num  2 0 2 2 4 0 3 2 3 1 ...
 $ Horse.HitCount5                  : num  3 1 4 0 4 1 0 1 1 4 ...
 $ Horse.HitRate1                   : num  0.0417 0.1667 0.0312 0.05 0.0385 ...
 $ Horse.HitRate2                   : num  0.0417 0 0.0938 0.15 0.0385 ...
 $ Horse.HitRate3                   : num  0.0417 0 0.125 0.3 0.1538 ...
 $ Horse.HitRate4                   : num  0.0833 0 0.0625 0.1 0.1538 ...
 $ Horse.HitRate5                   : num  0.125 0.0833 0.125 0 0.1538 ...
 $ EOF                              : int  1 1 1 1 1 1 1 1 1 1 ...
NULL
[1] "2022-02-26 23:43:29 --- transform Finish ---"
[1] "2022-02-26 23:43:29 --- na.omit Start ---"
[1] "--------------------------------------------------------------------------------"
[1] "nrow(data) na.omit before=2250"
[1] "nrow(data) na.omit after =2250"
[1] "nrow(data) na.omit diff =0"
[1] "--------------------------------------------------------------------------------"
'data.frame':	2250 obs. of  44 variables:
 $ Race.RaceId                      : Factor w/ 2246 levels "20160214-10-01-02-08",..: 11 12 13 14 15 16 17 18 19 20 ...
 $ Race.IsAnalyzeNormalPastAndFuture: logi  TRUE TRUE TRUE TRUE TRUE TRUE ...
 $ Race.IsAnalyzeNormalPast         : logi  TRUE TRUE TRUE TRUE TRUE TRUE ...
 $ Race.IsAnalyzeNormalFuture       : logi  FALSE FALSE FALSE FALSE FALSE FALSE ...
 $ Race.IsAnalyzeFullPastAndFuture  : logi  TRUE TRUE TRUE TRUE TRUE TRUE ...
 $ Race.IsAnalyzeFullPast           : logi  TRUE TRUE TRUE TRUE TRUE TRUE ...
 $ Race.IsAnalyzeFullFuture         : logi  FALSE FALSE FALSE FALSE FALSE FALSE ...
 $ Race.JyokenCd                    : Factor w/ 1 level "4": 1 1 1 1 1 1 1 1 1 1 ...
 $ Race.JyoType1Cd                  : Factor w/ 177 levels "1-10-1200-4-2",..: 11 12 13 14 15 13 9 16 16 3 ...
 $ Race.RaceType1Cd                 : Factor w/ 6 levels "1-4-X-1","1-4-E-1",..: 2 1 3 2 1 4 1 3 3 2 ...
 $ RaceHorse.RaceId                 : Factor w/ 2246 levels "20160214-10-01-02-08",..: 11 12 13 14 15 16 17 18 19 20 ...
 $ RaceHorse.KettoNum               : Factor w/ 2040 levels "2011100548","2011103993",..: 11 12 13 14 15 16 17 18 19 20 ...
 $ RaceHorse.IsHit1                 : num  1 1 1 1 1 1 1 1 1 1 ...
 $ RaceHorse.IsHit2                 : num  0 0 0 0 0 0 0 0 0 0 ...
 $ RaceHorse.IsHit3                 : num  0 0 0 0 0 0 0 0 0 0 ...
 $ RaceHorse.IsHit4                 : num  0 0 0 0 0 0 0 0 0 0 ...
 $ RaceHorse.IsHit5                 : num  0 0 0 0 0 0 0 0 0 0 ...
 $ RaceHorse.IsHit6                 : num  0 0 0 0 0 0 0 0 0 0 ...
 $ RaceHorse.IsValidRaceHorse       : logi  TRUE TRUE TRUE TRUE TRUE TRUE ...
 $ RaceHorse.TimeSdvByRace          : num  0.925 1.568 1.097 1.276 1.165 ...
 $ RaceHorse.TimeSdv                : num  1.697 1.537 0.683 1.549 0.26 ...
 $ RaceHorse.IsHitA                 : num  1 1 1 1 1 1 1 1 1 1 ...
 $ RaceHorse.IsHitB                 : num  1 1 1 1 1 1 1 1 1 1 ...
 $ RaceHorse.IsHitC                 : num  1 1 1 1 1 1 1 1 1 1 ...
 $ Horse.KettoNum                   : Factor w/ 2040 levels "2011100548","2011103993",..: 11 12 13 14 15 16 17 18 19 20 ...
 $ Horse.TimeSdvByRaceAvg           : num  0.245 -0.307 0.274 0.583 0.383 ...
 $ Horse.TimeSdvByRaceMin           : num  -0.746 -2.784 -1.788 -1.666 -1.52 ...
 $ Horse.TimeSdvByRaceMax           : num  1.38 1.09 1.19 1.49 1.66 ...
 $ Horse.TimeSdvAvg                 : num  0.1857 -0.3619 0.0155 0.5039 0.4604 ...
 $ Horse.TimeSdvMin                 : num  -1.122 -2.439 -1.333 -1.52 -0.375 ...
 $ Horse.TimeSdvMax                 : num  1.331 0.648 1.669 1.836 1.524 ...
 $ Horse.OrderOfFinishSdvAvg        : num  0.193 -0.314 0.257 0.571 0.334 ...
 $ Horse.RunCount                   : num  24 12 32 20 26 20 22 8 16 23 ...
 $ Horse.HitCount1                  : num  1 2 1 1 1 0 1 0 2 1 ...
 $ Horse.HitCount2                  : num  1 0 3 3 1 2 1 1 1 2 ...
 $ Horse.HitCount3                  : num  1 0 4 6 4 4 5 1 0 1 ...
 $ Horse.HitCount4                  : num  2 0 2 2 4 0 3 2 3 1 ...
 $ Horse.HitCount5                  : num  3 1 4 0 4 1 0 1 1 4 ...
 $ Horse.HitRate1                   : num  0.0417 0.1667 0.0312 0.05 0.0385 ...
 $ Horse.HitRate2                   : num  0.0417 0 0.0938 0.15 0.0385 ...
 $ Horse.HitRate3                   : num  0.0417 0 0.125 0.3 0.1538 ...
 $ Horse.HitRate4                   : num  0.0833 0 0.0625 0.1 0.1538 ...
 $ Horse.HitRate5                   : num  0.125 0.0833 0.125 0 0.1538 ...
 $ EOF                              : int  1 1 1 1 1 1 1 1 1 1 ...
[1] "2022-02-26 23:43:29 --- na.omit Finish ---"
[1] "2022-02-26 23:43:29 --- rxGlm with rxStepControl Start ---"

> print(paste0(Sys.time(), " --- source_logic_glm.R Start ---"))
[1] "2022-02-26 23:43:29 --- source_logic_glm.R Start ---"

> formula <- formula(RaceHorse.IsHitA ~ +1 + Horse.TimeSdvByRaceAvg)

> print(paste0(Sys.time(), " --- source_logic_glm.R Finished ---"))
[1] "2022-02-26 23:43:29 --- source_logic_glm.R Finished ---"
Rows Read: 2250, Total Rows Processed: 2250, Total Chunk Time: Less than .001 seconds 

Starting values (iteration 1) time: 0.008 secs.
Rows Read: 2250, Total Rows Processed: 2250, Total Chunk Time: Less than .001 seconds 

Iteration 2 time: 0.005 secs.

Elapsed computation time: 0.017 secs.
Rows Read: 2250, Total Rows Processed: 2250, Total Chunk Time: Less than .001 seconds 

Starting values (iteration 1) time: 0.004 secs.
Rows Read: 2250, Total Rows Processed: 2250, Total Chunk Time: Less than .001 seconds 

Iteration 2 time: 0.004 secs.

Elapsed computation time: 0.016 secs.
Rows Read: 2250, Total Rows Processed: 2250, Total Chunk Time: Less than .001 seconds 

Starting values (iteration 1) time: 0.004 secs.
Rows Read: 2250, Total Rows Processed: 2250, Total Chunk Time: Less than .001 seconds 

Iteration 2 time: 0.004 secs.

Elapsed computation time: 0.017 secs.
Rows Read: 2250, Total Rows Processed: 2250, Total Chunk Time: Less than .001 seconds 

Starting values (iteration 1) time: 0.004 secs.
Rows Read: 2250, Total Rows Processed: 2250, Total Chunk Time: Less than .001 seconds 

Iteration 2 time: 0.004 secs.

Elapsed computation time: 0.016 secs.

Elapsed computation time: 0.081 secs.
[1] "--------------------------------------------------------------------------------"
[1] "analyze.results.glm.step="
Logistic Regression Results for: RaceHorse.IsHitA ~ 1
Data: data
Dependent variable(s): RaceHorse.IsHitA
Total independent variables: 1 
Number of valid observations: 2250
Number of missing observations: 0 
 
Coefficients:
            RaceHorse.IsHitA
(Intercept)                2
[1] "analyze.results.glm.step.summary"
Call:
rxLogit(formula = formula, data = data, variableSelection = analyze.results.glm.step.varsel)

Logistic Regression Results for: RaceHorse.IsHitA ~ 1
Data: data
Dependent variable(s): RaceHorse.IsHitA
Total independent variables: 1 
Number of valid observations: 2250
Number of missing observations: 0 
-2*LogLikelihood: 3119.162 (Residual deviance on 2249 degrees of freedom)
 
Coefficients:
            Estimate Std. Error z value Pr(>|z|)    
(Intercept)   2.0000     0.0422    47.4  2.2e-16 ***
---
Signif. codes:  0 '***' 0.001 '**' 0.01 '*' 0.05 '.' 0.1 ' ' 1

Condition number of final variance-covariance matrix: 1 
Number of iterations: 2
[1] "--------------------------------------------------------------------------------"
[1] "2022-02-26 23:43:29 --- rxGlm with rxStepControl Finish ---"
[1] "2022-02-26 23:43:29 --- rxStepPlot Start ---"
[1] "pdfFilename=pdf_analyze_glm_Horse_Type14_rxStepPlot.pdf"
[1] "rxStepPlot="
[1] "2022-02-26 23:43:30 --- rxStepPlot Finish ---"
[1] "2022-02-26 23:43:30 --- save.image Start ---"
[1] "save.image"
[1] "rdataFilename=RData_analyze_glm_Horse_Type14.RData"
[1] "2022-02-26 23:43:30 --- save.image Finish ---"
[1] "2022-02-26 23:43:30 --- final Start ---"
[1] "--------------------------------------------------------------------------------"
[1] "nrow(data) final=2250"
[1] "--------------------------------------------------------------------------------"
[1] "2022-02-26 23:43:30 --- final Finish ---"
[1] "2022-02-26 23:43:30 --- analyze_glm.R Finished ---"
[1] "2022-02-26 23:43:30 --- log Finish ---"
