[1] "2022-02-26 23:10:39 --- D1115_analyze_glm_Gen01_IsHitA_Type25 Start ---"
[1] "2022-02-26 23:10:39 --- Log Start ---"
[1] "2022-02-26 23:10:39 --- analyze_glm.R Start ---"
[1] "analyzeVersion=D1115"
[1] "analyzeCategory=analyze"
[1] "analyzeType=Gen01"
[1] "analyzeFamily=IsHitA"
[1] "analyzeFunc=glm"
[1] "analyzeTrackTypeCd=2"
[1] "analyzeJyokenCd=5"
[1] "2022-02-26 23:10:39 --- source_function.R Start ---"
[1] "2022-02-26 23:10:39 --- source_function.R Finished ---"

> print(paste0(Sys.time(), " --- source_library.R Start ---"))
[1] "2022-02-26 23:10:39 --- source_library.R Start ---"

> require("RevoScaleR")

> print(paste0(Sys.time(), " --- source_library.R Finished ---"))
[1] "2022-02-26 23:10:40 --- source_library.R Finished ---"
[1] "2022-02-26 23:10:40 --- RxSqlServerData Start ---"
[1] "2022-02-26 23:10:40 --- RxInSqlServer Start ---"
[1] "2022-02-26 23:10:40 --- RxInSqlServer Finish ---"
[1] "2022-02-26 23:10:40 --- rxSetComputeContext Start ---"
[1] "2022-02-26 23:10:40 --- rxSetComputeContext Finish ---"
[1] "2022-02-26 23:10:40 --- RxSqlServerData Start ---"
[1] "sqlQuery=SELECT * FROM ViewAnalyzeD1115analyze01Gen01Type25"
[1] "2022-02-26 23:10:41 --- RxSqlServerData Finish ---"
[1] "2022-02-26 23:10:41 --- rxGetVarInfo Start ---"
[1] "2022-02-26 23:10:42 --- rxGetVarInfo Finish---"
[1] "2022-02-26 23:10:42 --- rxImport Start ---"
Rows Read: 3229, Total Rows Processed: 3229, Total Chunk Time: 200.986 seconds 
[1] "2022-02-26 23:17:11 --- rxImport Finish ---"
[1] "object.size(data) auto=1.7 Mb"
[1] "--------------------------------------------------------------------------------"
[1] "nrow(data) RxSqlServerData=3229"
[1] "--------------------------------------------------------------------------------"
[1] "str(data)="
'data.frame':	3229 obs. of  44 variables:
 $ Race.RaceId                      : Factor w/ 3225 levels "20160109-06-01-02-02",..: 1 2 3 4 5 6 7 8 9 10 ...
 $ Race.IsAnalyzeNormalPastAndFuture: logi  TRUE TRUE TRUE TRUE TRUE TRUE ...
 $ Race.IsAnalyzeNormalPast         : logi  TRUE TRUE TRUE TRUE TRUE TRUE ...
 $ Race.IsAnalyzeNormalFuture       : logi  FALSE FALSE FALSE FALSE FALSE FALSE ...
 $ Race.IsAnalyzeFullPastAndFuture  : logi  TRUE TRUE TRUE TRUE TRUE TRUE ...
 $ Race.IsAnalyzeFullPast           : logi  TRUE TRUE TRUE TRUE TRUE TRUE ...
 $ Race.IsAnalyzeFullFuture         : logi  FALSE FALSE FALSE FALSE FALSE FALSE ...
 $ Race.JyokenCd                    : Factor w/ 1 level "5": 1 1 1 1 1 1 1 1 1 1 ...
 $ Race.JyoType1Cd                  : Factor w/ 115 levels "2-06-1800-5-1",..: 1 2 3 2 4 5 6 7 1 8 ...
 $ Race.RaceType1Cd                 : Factor w/ 3 levels "2-5-X-2","2-5-X-1",..: 1 2 2 2 2 2 1 1 1 1 ...
 $ RaceHorse.RaceId                 : Factor w/ 3225 levels "20160109-06-01-02-02",..: 1 2 3 4 5 6 7 8 9 10 ...
 $ RaceHorse.KettoNum               : Factor w/ 3229 levels "2013100944","2013106202",..: 1 2 3 4 5 6 7 8 9 10 ...
 $ RaceHorse.IsHit1                 : num  1 1 1 1 1 1 1 1 1 1 ...
 $ RaceHorse.IsHit2                 : num  0 0 0 0 0 0 0 0 0 0 ...
 $ RaceHorse.IsHit3                 : num  0 0 0 0 0 0 0 0 0 0 ...
 $ RaceHorse.IsHit4                 : num  0 0 0 0 0 0 0 0 0 0 ...
 $ RaceHorse.IsHit5                 : num  0 0 0 0 0 0 0 0 0 0 ...
 $ RaceHorse.IsHit6                 : num  0 0 0 0 0 0 0 0 0 0 ...
 $ RaceHorse.IsValidRaceHorse       : logi  TRUE TRUE TRUE TRUE TRUE TRUE ...
 $ RaceHorse.TimeSdvByRace          : num  1.35 1.27 1.11 1.35 1.33 ...
 $ RaceHorse.TimeSdv                : num  0.889 0.514 1.34 0.514 0.775 ...
 $ RaceHorse.IsHitA                 : num  1 1 1 1 1 1 1 1 1 1 ...
 $ RaceHorse.IsHitB                 : num  1 1 1 1 1 1 1 1 1 1 ...
 $ RaceHorse.IsHitC                 : num  1 1 1 1 1 1 1 1 1 1 ...
 $ Gen01.HansyokuNum                : Factor w/ 301 levels "11202119","11201736",..: 1 2 3 4 5 6 7 6 8 9 ...
 $ Gen01.TimeSdvByRaceAvg           : num  0.0799 -0.0133 0.1561 0.2606 -0.4484 ...
 $ Gen01.TimeSdvByRaceMin           : num  -2.76 -2.77 -2.87 -1.21 -2.24 ...
 $ Gen01.TimeSdvByRaceMax           : num  2.32 1.63 2.55 1.56 1.44 ...
 $ Gen01.TimeSdvAvg                 : num  0.04285 -0.00901 0.2001 0.11996 -0.3255 ...
 $ Gen01.TimeSdvMin                 : num  -3.26 -3.04 -3.51 -1.59 -2.99 ...
 $ Gen01.TimeSdvMax                 : num  1.827 2.172 1.908 1.67 0.989 ...
 $ Gen01.OrderOfFinishSdvAvg        : num  0.0381 -0.0675 0.1291 0.2674 -0.511 ...
 $ Gen01.RunCount                   : num  268 84 351 56 37 159 93 62 110 34 ...
 $ Gen01.HitCount1                  : num  20 2 27 8 1 19 7 7 9 4 ...
 $ Gen01.HitCount2                  : num  21 4 26 4 0 17 6 7 9 1 ...
 $ Gen01.HitCount3                  : num  26 4 34 4 0 18 5 5 7 1 ...
 $ Gen01.HitCount4                  : num  18 7 26 4 1 7 8 6 12 0 ...
 $ Gen01.HitCount5                  : num  16 6 25 2 2 12 9 8 5 4 ...
 $ Gen01.HitRate1                   : num  0.0746 0.0238 0.0769 0.1429 0.027 ...
 $ Gen01.HitRate2                   : num  0.0784 0.0476 0.0741 0.0714 0 ...
 $ Gen01.HitRate3                   : num  0.097 0.0476 0.0969 0.0714 0 ...
 $ Gen01.HitRate4                   : num  0.0672 0.0833 0.0741 0.0714 0.027 ...
 $ Gen01.HitRate5                   : num  0.0597 0.0714 0.0712 0.0357 0.0541 ...
 $ EOF                              : int  1 1 1 1 1 1 1 1 1 1 ...
[1] "2022-02-26 23:17:32 --- RxSqlServerData Finish ---"
[1] "2022-02-26 23:17:32 --- subset Start ---"
[1] "--------------------------------------------------------------------------------"
[1] "nrow(data) subset before=3229"
[1] "nrow(data) subset after =3229"
[1] "nrow(data) subset diff =0"
[1] "--------------------------------------------------------------------------------"
[1] "2022-02-26 23:17:33 --- subset Finish---"
[1] "2022-02-26 23:17:34 --- transform Start ---"
[1] "--------------------------------------------------------------------------------"
[1] "nrow(data) transform before=3229"
[1] "nrow(data) transform after=3229"
[1] "nrow(data) transform diff=0"
[1] "--------------------------------------------------------------------------------"
[1] "str(data)="
'data.frame':	3229 obs. of  44 variables:
 $ Race.RaceId                      : Factor w/ 3225 levels "20160109-06-01-02-02",..: 1 2 3 4 5 6 7 8 9 10 ...
 $ Race.IsAnalyzeNormalPastAndFuture: logi  TRUE TRUE TRUE TRUE TRUE TRUE ...
 $ Race.IsAnalyzeNormalPast         : logi  TRUE TRUE TRUE TRUE TRUE TRUE ...
 $ Race.IsAnalyzeNormalFuture       : logi  FALSE FALSE FALSE FALSE FALSE FALSE ...
 $ Race.IsAnalyzeFullPastAndFuture  : logi  TRUE TRUE TRUE TRUE TRUE TRUE ...
 $ Race.IsAnalyzeFullPast           : logi  TRUE TRUE TRUE TRUE TRUE TRUE ...
 $ Race.IsAnalyzeFullFuture         : logi  FALSE FALSE FALSE FALSE FALSE FALSE ...
 $ Race.JyokenCd                    : Factor w/ 1 level "5": 1 1 1 1 1 1 1 1 1 1 ...
 $ Race.JyoType1Cd                  : Factor w/ 115 levels "2-06-1800-5-1",..: 1 2 3 2 4 5 6 7 1 8 ...
 $ Race.RaceType1Cd                 : Factor w/ 3 levels "2-5-X-2","2-5-X-1",..: 1 2 2 2 2 2 1 1 1 1 ...
 $ RaceHorse.RaceId                 : Factor w/ 3225 levels "20160109-06-01-02-02",..: 1 2 3 4 5 6 7 8 9 10 ...
 $ RaceHorse.KettoNum               : Factor w/ 3229 levels "2013100944","2013106202",..: 1 2 3 4 5 6 7 8 9 10 ...
 $ RaceHorse.IsHit1                 : num  1 1 1 1 1 1 1 1 1 1 ...
 $ RaceHorse.IsHit2                 : num  0 0 0 0 0 0 0 0 0 0 ...
 $ RaceHorse.IsHit3                 : num  0 0 0 0 0 0 0 0 0 0 ...
 $ RaceHorse.IsHit4                 : num  0 0 0 0 0 0 0 0 0 0 ...
 $ RaceHorse.IsHit5                 : num  0 0 0 0 0 0 0 0 0 0 ...
 $ RaceHorse.IsHit6                 : num  0 0 0 0 0 0 0 0 0 0 ...
 $ RaceHorse.IsValidRaceHorse       : logi  TRUE TRUE TRUE TRUE TRUE TRUE ...
 $ RaceHorse.TimeSdvByRace          : num  1.35 1.27 1.11 1.35 1.33 ...
 $ RaceHorse.TimeSdv                : num  0.889 0.514 1.34 0.514 0.775 ...
 $ RaceHorse.IsHitA                 : num  1 1 1 1 1 1 1 1 1 1 ...
 $ RaceHorse.IsHitB                 : num  1 1 1 1 1 1 1 1 1 1 ...
 $ RaceHorse.IsHitC                 : num  1 1 1 1 1 1 1 1 1 1 ...
 $ Gen01.HansyokuNum                : Factor w/ 301 levels "11202119","11201736",..: 1 2 3 4 5 6 7 6 8 9 ...
 $ Gen01.TimeSdvByRaceAvg           : num  0.0799 -0.0133 0.1561 0.2606 -0.4484 ...
 $ Gen01.TimeSdvByRaceMin           : num  -2.76 -2.77 -2.87 -1.21 -2.24 ...
 $ Gen01.TimeSdvByRaceMax           : num  2.32 1.63 2.55 1.56 1.44 ...
 $ Gen01.TimeSdvAvg                 : num  0.04285 -0.00901 0.2001 0.11996 -0.3255 ...
 $ Gen01.TimeSdvMin                 : num  -3.26 -3.04 -3.51 -1.59 -2.99 ...
 $ Gen01.TimeSdvMax                 : num  1.827 2.172 1.908 1.67 0.989 ...
 $ Gen01.OrderOfFinishSdvAvg        : num  0.0381 -0.0675 0.1291 0.2674 -0.511 ...
 $ Gen01.RunCount                   : num  268 84 351 56 37 159 93 62 110 34 ...
 $ Gen01.HitCount1                  : num  20 2 27 8 1 19 7 7 9 4 ...
 $ Gen01.HitCount2                  : num  21 4 26 4 0 17 6 7 9 1 ...
 $ Gen01.HitCount3                  : num  26 4 34 4 0 18 5 5 7 1 ...
 $ Gen01.HitCount4                  : num  18 7 26 4 1 7 8 6 12 0 ...
 $ Gen01.HitCount5                  : num  16 6 25 2 2 12 9 8 5 4 ...
 $ Gen01.HitRate1                   : num  0.0746 0.0238 0.0769 0.1429 0.027 ...
 $ Gen01.HitRate2                   : num  0.0784 0.0476 0.0741 0.0714 0 ...
 $ Gen01.HitRate3                   : num  0.097 0.0476 0.0969 0.0714 0 ...
 $ Gen01.HitRate4                   : num  0.0672 0.0833 0.0741 0.0714 0.027 ...
 $ Gen01.HitRate5                   : num  0.0597 0.0714 0.0712 0.0357 0.0541 ...
 $ EOF                              : int  1 1 1 1 1 1 1 1 1 1 ...
NULL
[1] "2022-02-26 23:17:54 --- transform Finish ---"
[1] "2022-02-26 23:17:54 --- na.omit Start ---"
[1] "--------------------------------------------------------------------------------"
[1] "nrow(data) na.omit before=3229"
[1] "nrow(data) na.omit after =3229"
[1] "nrow(data) na.omit diff =0"
[1] "--------------------------------------------------------------------------------"
'data.frame':	3229 obs. of  44 variables:
 $ Race.RaceId                      : Factor w/ 3225 levels "20160109-06-01-02-02",..: 1 2 3 4 5 6 7 8 9 10 ...
 $ Race.IsAnalyzeNormalPastAndFuture: logi  TRUE TRUE TRUE TRUE TRUE TRUE ...
 $ Race.IsAnalyzeNormalPast         : logi  TRUE TRUE TRUE TRUE TRUE TRUE ...
 $ Race.IsAnalyzeNormalFuture       : logi  FALSE FALSE FALSE FALSE FALSE FALSE ...
 $ Race.IsAnalyzeFullPastAndFuture  : logi  TRUE TRUE TRUE TRUE TRUE TRUE ...
 $ Race.IsAnalyzeFullPast           : logi  TRUE TRUE TRUE TRUE TRUE TRUE ...
 $ Race.IsAnalyzeFullFuture         : logi  FALSE FALSE FALSE FALSE FALSE FALSE ...
 $ Race.JyokenCd                    : Factor w/ 1 level "5": 1 1 1 1 1 1 1 1 1 1 ...
 $ Race.JyoType1Cd                  : Factor w/ 115 levels "2-06-1800-5-1",..: 1 2 3 2 4 5 6 7 1 8 ...
 $ Race.RaceType1Cd                 : Factor w/ 3 levels "2-5-X-2","2-5-X-1",..: 1 2 2 2 2 2 1 1 1 1 ...
 $ RaceHorse.RaceId                 : Factor w/ 3225 levels "20160109-06-01-02-02",..: 1 2 3 4 5 6 7 8 9 10 ...
 $ RaceHorse.KettoNum               : Factor w/ 3229 levels "2013100944","2013106202",..: 1 2 3 4 5 6 7 8 9 10 ...
 $ RaceHorse.IsHit1                 : num  1 1 1 1 1 1 1 1 1 1 ...
 $ RaceHorse.IsHit2                 : num  0 0 0 0 0 0 0 0 0 0 ...
 $ RaceHorse.IsHit3                 : num  0 0 0 0 0 0 0 0 0 0 ...
 $ RaceHorse.IsHit4                 : num  0 0 0 0 0 0 0 0 0 0 ...
 $ RaceHorse.IsHit5                 : num  0 0 0 0 0 0 0 0 0 0 ...
 $ RaceHorse.IsHit6                 : num  0 0 0 0 0 0 0 0 0 0 ...
 $ RaceHorse.IsValidRaceHorse       : logi  TRUE TRUE TRUE TRUE TRUE TRUE ...
 $ RaceHorse.TimeSdvByRace          : num  1.35 1.27 1.11 1.35 1.33 ...
 $ RaceHorse.TimeSdv                : num  0.889 0.514 1.34 0.514 0.775 ...
 $ RaceHorse.IsHitA                 : num  1 1 1 1 1 1 1 1 1 1 ...
 $ RaceHorse.IsHitB                 : num  1 1 1 1 1 1 1 1 1 1 ...
 $ RaceHorse.IsHitC                 : num  1 1 1 1 1 1 1 1 1 1 ...
 $ Gen01.HansyokuNum                : Factor w/ 301 levels "11202119","11201736",..: 1 2 3 4 5 6 7 6 8 9 ...
 $ Gen01.TimeSdvByRaceAvg           : num  0.0799 -0.0133 0.1561 0.2606 -0.4484 ...
 $ Gen01.TimeSdvByRaceMin           : num  -2.76 -2.77 -2.87 -1.21 -2.24 ...
 $ Gen01.TimeSdvByRaceMax           : num  2.32 1.63 2.55 1.56 1.44 ...
 $ Gen01.TimeSdvAvg                 : num  0.04285 -0.00901 0.2001 0.11996 -0.3255 ...
 $ Gen01.TimeSdvMin                 : num  -3.26 -3.04 -3.51 -1.59 -2.99 ...
 $ Gen01.TimeSdvMax                 : num  1.827 2.172 1.908 1.67 0.989 ...
 $ Gen01.OrderOfFinishSdvAvg        : num  0.0381 -0.0675 0.1291 0.2674 -0.511 ...
 $ Gen01.RunCount                   : num  268 84 351 56 37 159 93 62 110 34 ...
 $ Gen01.HitCount1                  : num  20 2 27 8 1 19 7 7 9 4 ...
 $ Gen01.HitCount2                  : num  21 4 26 4 0 17 6 7 9 1 ...
 $ Gen01.HitCount3                  : num  26 4 34 4 0 18 5 5 7 1 ...
 $ Gen01.HitCount4                  : num  18 7 26 4 1 7 8 6 12 0 ...
 $ Gen01.HitCount5                  : num  16 6 25 2 2 12 9 8 5 4 ...
 $ Gen01.HitRate1                   : num  0.0746 0.0238 0.0769 0.1429 0.027 ...
 $ Gen01.HitRate2                   : num  0.0784 0.0476 0.0741 0.0714 0 ...
 $ Gen01.HitRate3                   : num  0.097 0.0476 0.0969 0.0714 0 ...
 $ Gen01.HitRate4                   : num  0.0672 0.0833 0.0741 0.0714 0.027 ...
 $ Gen01.HitRate5                   : num  0.0597 0.0714 0.0712 0.0357 0.0541 ...
 $ EOF                              : int  1 1 1 1 1 1 1 1 1 1 ...
[1] "2022-02-26 23:18:16 --- na.omit Finish ---"
[1] "2022-02-26 23:18:17 --- rxGlm with rxStepControl Start ---"

> print(paste0(Sys.time(), " --- source_logic_glm.R Start ---"))
[1] "2022-02-26 23:18:18 --- source_logic_glm.R Start ---"

> formula <- formula(RaceHorse.IsHitA ~ +1 + Gen01.TimeSdvByRaceAvg)

> print(paste0(Sys.time(), " --- source_logic_glm.R Finished ---"))
[1] "2022-02-26 23:18:19 --- source_logic_glm.R Finished ---"
Rows Read: 3229, Total Rows Processed: 3229, Total Chunk Time: 0.001 seconds 

Starting values (iteration 1) time: 0.010 secs.
Rows Read: 3229, Total Rows Processed: 3229, Total Chunk Time: 0.002 seconds 

Iteration 2 time: 0.013 secs.

Elapsed computation time: 0.117 secs.
Rows Read: 3229, Total Rows Processed: 3229, Total Chunk Time: Less than .001 seconds 

Starting values (iteration 1) time: 0.008 secs.
Rows Read: 3229, Total Rows Processed: 3229, Total Chunk Time: 0.001 seconds 

Iteration 2 time: 0.006 secs.

Elapsed computation time: 0.030 secs.
Rows Read: 3229, Total Rows Processed: 3229, Total Chunk Time: Less than .001 seconds 

Starting values (iteration 1) time: 0.007 secs.
Rows Read: 3229, Total Rows Processed: 3229, Total Chunk Time: 0.001 seconds 

Iteration 2 time: 0.007 secs.

Elapsed computation time: 0.028 secs.
Rows Read: 3229, Total Rows Processed: 3229, Total Chunk Time: Less than .001 seconds 

Starting values (iteration 1) time: 0.012 secs.
Rows Read: 3229, Total Rows Processed: 3229, Total Chunk Time: Less than .001 seconds 

Iteration 2 time: 0.010 secs.

Elapsed computation time: 0.035 secs.

Elapsed computation time: 0.242 secs.
[1] "--------------------------------------------------------------------------------"
[1] "analyze.results.glm.step="
Logistic Regression Results for: RaceHorse.IsHitA ~ 1
Data: data
Dependent variable(s): RaceHorse.IsHitA
Total independent variables: 1 
Number of valid observations: 3229
Number of missing observations: 0 
 
Coefficients:
            RaceHorse.IsHitA
(Intercept)                2
[1] "analyze.results.glm.step.summary"
Call:
rxLogit(formula = formula, data = data, variableSelection = analyze.results.glm.step.varsel)

Logistic Regression Results for: RaceHorse.IsHitA ~ 1
Data: data
Dependent variable(s): RaceHorse.IsHitA
Total independent variables: 1 
Number of valid observations: 3229
Number of missing observations: 0 
-2*LogLikelihood: 4476.344 (Residual deviance on 3228 degrees of freedom)
 
Coefficients:
            Estimate Std. Error z value Pr(>|z|)    
(Intercept)   2.0000     0.0352    56.8  2.2e-16 ***
---
Signif. codes:  0 '***' 0.001 '**' 0.01 '*' 0.05 '.' 0.1 ' ' 1

Condition number of final variance-covariance matrix: 1 
Number of iterations: 2
[1] "--------------------------------------------------------------------------------"
[1] "2022-02-26 23:18:21 --- rxGlm with rxStepControl Finish ---"
[1] "2022-02-26 23:18:22 --- rxStepPlot Start ---"
[1] "pdfFilename=pdf_analyze_glm_Gen01_Type25_rxStepPlot.pdf"
[1] "rxStepPlot="
[1] "2022-02-26 23:18:22 --- rxStepPlot Finish ---"
[1] "2022-02-26 23:18:23 --- save.image Start ---"
[1] "save.image"
[1] "rdataFilename=RData_analyze_glm_Gen01_Type25.RData"
[1] "2022-02-26 23:18:24 --- save.image Finish ---"
[1] "2022-02-26 23:18:24 --- final Start ---"
[1] "--------------------------------------------------------------------------------"
[1] "nrow(data) final=3229"
[1] "--------------------------------------------------------------------------------"
[1] "2022-02-26 23:18:24 --- final Finish ---"
[1] "2022-02-26 23:18:24 --- analyze_glm.R Finished ---"
[1] "2022-02-26 23:18:24 --- log Finish ---"
