[1] "2022-02-26 23:10:39 --- D1115_analyze_glm_Gen01_IsHitA_Type13 Start ---"
[1] "2022-02-26 23:10:39 --- Log Start ---"
[1] "2022-02-26 23:10:39 --- analyze_glm.R Start ---"
[1] "analyzeVersion=D1115"
[1] "analyzeCategory=analyze"
[1] "analyzeType=Gen01"
[1] "analyzeFamily=IsHitA"
[1] "analyzeFunc=glm"
[1] "analyzeTrackTypeCd=1"
[1] "analyzeJyokenCd=3"
[1] "2022-02-26 23:10:39 --- source_function.R Start ---"
[1] "2022-02-26 23:10:39 --- source_function.R Finished ---"

> print(paste0(Sys.time(), " --- source_library.R Start ---"))
[1] "2022-02-26 23:10:39 --- source_library.R Start ---"

> require("RevoScaleR")

> print(paste0(Sys.time(), " --- source_library.R Finished ---"))
[1] "2022-02-26 23:10:39 --- source_library.R Finished ---"
[1] "2022-02-26 23:10:39 --- RxSqlServerData Start ---"
[1] "2022-02-26 23:10:39 --- RxInSqlServer Start ---"
[1] "2022-02-26 23:10:39 --- RxInSqlServer Finish ---"
[1] "2022-02-26 23:10:39 --- rxSetComputeContext Start ---"
[1] "2022-02-26 23:10:39 --- rxSetComputeContext Finish ---"
[1] "2022-02-26 23:10:39 --- RxSqlServerData Start ---"
[1] "sqlQuery=SELECT * FROM ViewAnalyzeD1115analyze01Gen01Type13"
[1] "2022-02-26 23:10:39 --- RxSqlServerData Finish ---"
[1] "2022-02-26 23:10:39 --- rxGetVarInfo Start ---"
[1] "2022-02-26 23:10:40 --- rxGetVarInfo Finish---"
[1] "2022-02-26 23:10:40 --- rxImport Start ---"
Rows Read: 1145, Total Rows Processed: 1145, Total Chunk Time: 9.830 seconds 
[1] "2022-02-26 23:10:57 --- rxImport Finish ---"
[1] "object.size(data) auto=627 Kb"
[1] "--------------------------------------------------------------------------------"
[1] "nrow(data) RxSqlServerData=1145"
[1] "--------------------------------------------------------------------------------"
[1] "str(data)="
'data.frame':	1145 obs. of  44 variables:
 $ Race.RaceId                      : Factor w/ 1144 levels "20160105-08-01-01-12",..: 11 12 13 14 15 16 17 18 19 20 ...
 $ Race.IsAnalyzeNormalPastAndFuture: logi  TRUE TRUE TRUE TRUE TRUE TRUE ...
 $ Race.IsAnalyzeNormalPast         : logi  TRUE TRUE TRUE TRUE TRUE TRUE ...
 $ Race.IsAnalyzeNormalFuture       : logi  FALSE FALSE FALSE FALSE FALSE FALSE ...
 $ Race.IsAnalyzeFullPastAndFuture  : logi  TRUE TRUE TRUE TRUE TRUE TRUE ...
 $ Race.IsAnalyzeFullPast           : logi  TRUE TRUE TRUE TRUE TRUE TRUE ...
 $ Race.IsAnalyzeFullFuture         : logi  FALSE FALSE FALSE FALSE FALSE FALSE ...
 $ Race.JyokenCd                    : Factor w/ 1 level "3": 1 1 1 1 1 1 1 1 1 1 ...
 $ Race.JyoType1Cd                  : Factor w/ 154 levels "1-08-2000-3-1",..: 9 10 11 12 13 14 15 16 17 18 ...
 $ Race.RaceType1Cd                 : Factor w/ 6 levels "1-3-X-2","1-3-E-1",..: 4 1 5 4 2 2 2 2 4 2 ...
 $ RaceHorse.RaceId                 : Factor w/ 1144 levels "20160105-08-01-01-12",..: 11 12 13 14 15 16 17 18 19 20 ...
 $ RaceHorse.KettoNum               : Factor w/ 1041 levels "2011104957","2012104142",..: 11 12 13 14 15 16 17 18 19 20 ...
 $ RaceHorse.IsHit1                 : num  1 1 1 1 1 1 1 1 1 1 ...
 $ RaceHorse.IsHit2                 : num  0 0 0 0 0 0 0 0 0 0 ...
 $ RaceHorse.IsHit3                 : num  0 0 0 0 0 0 0 0 0 0 ...
 $ RaceHorse.IsHit4                 : num  0 0 0 0 0 0 0 0 0 0 ...
 $ RaceHorse.IsHit5                 : num  0 0 0 0 0 0 0 0 0 0 ...
 $ RaceHorse.IsHit6                 : num  0 0 0 0 0 0 0 0 0 0 ...
 $ RaceHorse.IsValidRaceHorse       : logi  TRUE TRUE TRUE TRUE TRUE TRUE ...
 $ RaceHorse.TimeSdvByRace          : num  1.13 1.16 2.09 1.07 1.98 ...
 $ RaceHorse.TimeSdv                : num  0.755 1.6 1.073 1.98 0.797 ...
 $ RaceHorse.IsHitA                 : num  1 1 1 1 1 1 1 1 1 1 ...
 $ RaceHorse.IsHitB                 : num  1 1 1 1 1 1 1 1 1 1 ...
 $ RaceHorse.IsHitC                 : num  1 1 1 1 1 1 1 1 1 1 ...
 $ Gen01.HansyokuNum                : Factor w/ 144 levels "11202179","11202004",..: 7 5 10 11 12 12 13 14 4 15 ...
 $ Gen01.TimeSdvByRaceAvg           : num  0.2938 0.1847 0.08 -0.0743 0.0682 ...
 $ Gen01.TimeSdvByRaceMin           : num  -2.65 -2.8 -1.5 -2.38 -2.93 ...
 $ Gen01.TimeSdvByRaceMax           : num  1.93 1.7 1.91 2.46 1.83 ...
 $ Gen01.TimeSdvAvg                 : num  0.26563 0.01705 0.04135 -0.00798 0.00399 ...
 $ Gen01.TimeSdvMin                 : num  -2.43 -2.78 -1.73 -2.51 -2.97 ...
 $ Gen01.TimeSdvMax                 : num  2.15 1.56 1.86 2.27 2.26 ...
 $ Gen01.OrderOfFinishSdvAvg        : num  0.237 0.1634 -0.0626 -0.0663 0.033 ...
 $ Gen01.RunCount                   : num  299 27 33 86 232 233 42 16 31 3 ...
 $ Gen01.HitCount1                  : num  35 2 1 7 17 18 6 1 6 1 ...
 $ Gen01.HitCount2                  : num  27 4 5 6 17 17 3 0 6 0 ...
 $ Gen01.HitCount3                  : num  42 1 1 9 18 18 2 1 3 1 ...
 $ Gen01.HitCount4                  : num  31 5 1 3 16 16 2 1 1 0 ...
 $ Gen01.HitCount5                  : num  31 4 8 9 22 22 5 1 3 0 ...
 $ Gen01.HitRate1                   : num  0.1171 0.0741 0.0303 0.0814 0.0733 ...
 $ Gen01.HitRate2                   : num  0.0903 0.1481 0.1515 0.0698 0.0733 ...
 $ Gen01.HitRate3                   : num  0.1405 0.037 0.0303 0.1047 0.0776 ...
 $ Gen01.HitRate4                   : num  0.1037 0.1852 0.0303 0.0349 0.069 ...
 $ Gen01.HitRate5                   : num  0.1037 0.1481 0.2424 0.1047 0.0948 ...
 $ EOF                              : int  1 1 1 1 1 1 1 1 1 1 ...
[1] "2022-02-26 23:10:59 --- RxSqlServerData Finish ---"
[1] "2022-02-26 23:10:59 --- subset Start ---"
[1] "--------------------------------------------------------------------------------"
[1] "nrow(data) subset before=1145"
[1] "nrow(data) subset after =1145"
[1] "nrow(data) subset diff =0"
[1] "--------------------------------------------------------------------------------"
[1] "2022-02-26 23:10:59 --- subset Finish---"
[1] "2022-02-26 23:10:59 --- transform Start ---"
[1] "--------------------------------------------------------------------------------"
[1] "nrow(data) transform before=1145"
[1] "nrow(data) transform after=1145"
[1] "nrow(data) transform diff=0"
[1] "--------------------------------------------------------------------------------"
[1] "str(data)="
'data.frame':	1145 obs. of  44 variables:
 $ Race.RaceId                      : Factor w/ 1144 levels "20160105-08-01-01-12",..: 11 12 13 14 15 16 17 18 19 20 ...
 $ Race.IsAnalyzeNormalPastAndFuture: logi  TRUE TRUE TRUE TRUE TRUE TRUE ...
 $ Race.IsAnalyzeNormalPast         : logi  TRUE TRUE TRUE TRUE TRUE TRUE ...
 $ Race.IsAnalyzeNormalFuture       : logi  FALSE FALSE FALSE FALSE FALSE FALSE ...
 $ Race.IsAnalyzeFullPastAndFuture  : logi  TRUE TRUE TRUE TRUE TRUE TRUE ...
 $ Race.IsAnalyzeFullPast           : logi  TRUE TRUE TRUE TRUE TRUE TRUE ...
 $ Race.IsAnalyzeFullFuture         : logi  FALSE FALSE FALSE FALSE FALSE FALSE ...
 $ Race.JyokenCd                    : Factor w/ 1 level "3": 1 1 1 1 1 1 1 1 1 1 ...
 $ Race.JyoType1Cd                  : Factor w/ 154 levels "1-08-2000-3-1",..: 9 10 11 12 13 14 15 16 17 18 ...
 $ Race.RaceType1Cd                 : Factor w/ 6 levels "1-3-X-2","1-3-E-1",..: 4 1 5 4 2 2 2 2 4 2 ...
 $ RaceHorse.RaceId                 : Factor w/ 1144 levels "20160105-08-01-01-12",..: 11 12 13 14 15 16 17 18 19 20 ...
 $ RaceHorse.KettoNum               : Factor w/ 1041 levels "2011104957","2012104142",..: 11 12 13 14 15 16 17 18 19 20 ...
 $ RaceHorse.IsHit1                 : num  1 1 1 1 1 1 1 1 1 1 ...
 $ RaceHorse.IsHit2                 : num  0 0 0 0 0 0 0 0 0 0 ...
 $ RaceHorse.IsHit3                 : num  0 0 0 0 0 0 0 0 0 0 ...
 $ RaceHorse.IsHit4                 : num  0 0 0 0 0 0 0 0 0 0 ...
 $ RaceHorse.IsHit5                 : num  0 0 0 0 0 0 0 0 0 0 ...
 $ RaceHorse.IsHit6                 : num  0 0 0 0 0 0 0 0 0 0 ...
 $ RaceHorse.IsValidRaceHorse       : logi  TRUE TRUE TRUE TRUE TRUE TRUE ...
 $ RaceHorse.TimeSdvByRace          : num  1.13 1.16 2.09 1.07 1.98 ...
 $ RaceHorse.TimeSdv                : num  0.755 1.6 1.073 1.98 0.797 ...
 $ RaceHorse.IsHitA                 : num  1 1 1 1 1 1 1 1 1 1 ...
 $ RaceHorse.IsHitB                 : num  1 1 1 1 1 1 1 1 1 1 ...
 $ RaceHorse.IsHitC                 : num  1 1 1 1 1 1 1 1 1 1 ...
 $ Gen01.HansyokuNum                : Factor w/ 144 levels "11202179","11202004",..: 7 5 10 11 12 12 13 14 4 15 ...
 $ Gen01.TimeSdvByRaceAvg           : num  0.2938 0.1847 0.08 -0.0743 0.0682 ...
 $ Gen01.TimeSdvByRaceMin           : num  -2.65 -2.8 -1.5 -2.38 -2.93 ...
 $ Gen01.TimeSdvByRaceMax           : num  1.93 1.7 1.91 2.46 1.83 ...
 $ Gen01.TimeSdvAvg                 : num  0.26563 0.01705 0.04135 -0.00798 0.00399 ...
 $ Gen01.TimeSdvMin                 : num  -2.43 -2.78 -1.73 -2.51 -2.97 ...
 $ Gen01.TimeSdvMax                 : num  2.15 1.56 1.86 2.27 2.26 ...
 $ Gen01.OrderOfFinishSdvAvg        : num  0.237 0.1634 -0.0626 -0.0663 0.033 ...
 $ Gen01.RunCount                   : num  299 27 33 86 232 233 42 16 31 3 ...
 $ Gen01.HitCount1                  : num  35 2 1 7 17 18 6 1 6 1 ...
 $ Gen01.HitCount2                  : num  27 4 5 6 17 17 3 0 6 0 ...
 $ Gen01.HitCount3                  : num  42 1 1 9 18 18 2 1 3 1 ...
 $ Gen01.HitCount4                  : num  31 5 1 3 16 16 2 1 1 0 ...
 $ Gen01.HitCount5                  : num  31 4 8 9 22 22 5 1 3 0 ...
 $ Gen01.HitRate1                   : num  0.1171 0.0741 0.0303 0.0814 0.0733 ...
 $ Gen01.HitRate2                   : num  0.0903 0.1481 0.1515 0.0698 0.0733 ...
 $ Gen01.HitRate3                   : num  0.1405 0.037 0.0303 0.1047 0.0776 ...
 $ Gen01.HitRate4                   : num  0.1037 0.1852 0.0303 0.0349 0.069 ...
 $ Gen01.HitRate5                   : num  0.1037 0.1481 0.2424 0.1047 0.0948 ...
 $ EOF                              : int  1 1 1 1 1 1 1 1 1 1 ...
NULL
[1] "2022-02-26 23:11:07 --- transform Finish ---"
[1] "2022-02-26 23:11:07 --- na.omit Start ---"
[1] "--------------------------------------------------------------------------------"
[1] "nrow(data) na.omit before=1145"
[1] "nrow(data) na.omit after =1145"
[1] "nrow(data) na.omit diff =0"
[1] "--------------------------------------------------------------------------------"
'data.frame':	1145 obs. of  44 variables:
 $ Race.RaceId                      : Factor w/ 1144 levels "20160105-08-01-01-12",..: 11 12 13 14 15 16 17 18 19 20 ...
 $ Race.IsAnalyzeNormalPastAndFuture: logi  TRUE TRUE TRUE TRUE TRUE TRUE ...
 $ Race.IsAnalyzeNormalPast         : logi  TRUE TRUE TRUE TRUE TRUE TRUE ...
 $ Race.IsAnalyzeNormalFuture       : logi  FALSE FALSE FALSE FALSE FALSE FALSE ...
 $ Race.IsAnalyzeFullPastAndFuture  : logi  TRUE TRUE TRUE TRUE TRUE TRUE ...
 $ Race.IsAnalyzeFullPast           : logi  TRUE TRUE TRUE TRUE TRUE TRUE ...
 $ Race.IsAnalyzeFullFuture         : logi  FALSE FALSE FALSE FALSE FALSE FALSE ...
 $ Race.JyokenCd                    : Factor w/ 1 level "3": 1 1 1 1 1 1 1 1 1 1 ...
 $ Race.JyoType1Cd                  : Factor w/ 154 levels "1-08-2000-3-1",..: 9 10 11 12 13 14 15 16 17 18 ...
 $ Race.RaceType1Cd                 : Factor w/ 6 levels "1-3-X-2","1-3-E-1",..: 4 1 5 4 2 2 2 2 4 2 ...
 $ RaceHorse.RaceId                 : Factor w/ 1144 levels "20160105-08-01-01-12",..: 11 12 13 14 15 16 17 18 19 20 ...
 $ RaceHorse.KettoNum               : Factor w/ 1041 levels "2011104957","2012104142",..: 11 12 13 14 15 16 17 18 19 20 ...
 $ RaceHorse.IsHit1                 : num  1 1 1 1 1 1 1 1 1 1 ...
 $ RaceHorse.IsHit2                 : num  0 0 0 0 0 0 0 0 0 0 ...
 $ RaceHorse.IsHit3                 : num  0 0 0 0 0 0 0 0 0 0 ...
 $ RaceHorse.IsHit4                 : num  0 0 0 0 0 0 0 0 0 0 ...
 $ RaceHorse.IsHit5                 : num  0 0 0 0 0 0 0 0 0 0 ...
 $ RaceHorse.IsHit6                 : num  0 0 0 0 0 0 0 0 0 0 ...
 $ RaceHorse.IsValidRaceHorse       : logi  TRUE TRUE TRUE TRUE TRUE TRUE ...
 $ RaceHorse.TimeSdvByRace          : num  1.13 1.16 2.09 1.07 1.98 ...
 $ RaceHorse.TimeSdv                : num  0.755 1.6 1.073 1.98 0.797 ...
 $ RaceHorse.IsHitA                 : num  1 1 1 1 1 1 1 1 1 1 ...
 $ RaceHorse.IsHitB                 : num  1 1 1 1 1 1 1 1 1 1 ...
 $ RaceHorse.IsHitC                 : num  1 1 1 1 1 1 1 1 1 1 ...
 $ Gen01.HansyokuNum                : Factor w/ 144 levels "11202179","11202004",..: 7 5 10 11 12 12 13 14 4 15 ...
 $ Gen01.TimeSdvByRaceAvg           : num  0.2938 0.1847 0.08 -0.0743 0.0682 ...
 $ Gen01.TimeSdvByRaceMin           : num  -2.65 -2.8 -1.5 -2.38 -2.93 ...
 $ Gen01.TimeSdvByRaceMax           : num  1.93 1.7 1.91 2.46 1.83 ...
 $ Gen01.TimeSdvAvg                 : num  0.26563 0.01705 0.04135 -0.00798 0.00399 ...
 $ Gen01.TimeSdvMin                 : num  -2.43 -2.78 -1.73 -2.51 -2.97 ...
 $ Gen01.TimeSdvMax                 : num  2.15 1.56 1.86 2.27 2.26 ...
 $ Gen01.OrderOfFinishSdvAvg        : num  0.237 0.1634 -0.0626 -0.0663 0.033 ...
 $ Gen01.RunCount                   : num  299 27 33 86 232 233 42 16 31 3 ...
 $ Gen01.HitCount1                  : num  35 2 1 7 17 18 6 1 6 1 ...
 $ Gen01.HitCount2                  : num  27 4 5 6 17 17 3 0 6 0 ...
 $ Gen01.HitCount3                  : num  42 1 1 9 18 18 2 1 3 1 ...
 $ Gen01.HitCount4                  : num  31 5 1 3 16 16 2 1 1 0 ...
 $ Gen01.HitCount5                  : num  31 4 8 9 22 22 5 1 3 0 ...
 $ Gen01.HitRate1                   : num  0.1171 0.0741 0.0303 0.0814 0.0733 ...
 $ Gen01.HitRate2                   : num  0.0903 0.1481 0.1515 0.0698 0.0733 ...
 $ Gen01.HitRate3                   : num  0.1405 0.037 0.0303 0.1047 0.0776 ...
 $ Gen01.HitRate4                   : num  0.1037 0.1852 0.0303 0.0349 0.069 ...
 $ Gen01.HitRate5                   : num  0.1037 0.1481 0.2424 0.1047 0.0948 ...
 $ EOF                              : int  1 1 1 1 1 1 1 1 1 1 ...
[1] "2022-02-26 23:11:09 --- na.omit Finish ---"
[1] "2022-02-26 23:11:09 --- rxGlm with rxStepControl Start ---"

> print(paste0(Sys.time(), " --- source_logic_glm.R Start ---"))
[1] "2022-02-26 23:11:09 --- source_logic_glm.R Start ---"

> formula <- formula(RaceHorse.IsHitA ~ +1 + Gen01.TimeSdvByRaceAvg)

> print(paste0(Sys.time(), " --- source_logic_glm.R Finished ---"))
[1] "2022-02-26 23:11:09 --- source_logic_glm.R Finished ---"
Rows Read: 1145, Total Rows Processed: 1145, Total Chunk Time: Less than .001 seconds 

Starting values (iteration 1) time: 0.025 secs.
Rows Read: 1145, Total Rows Processed: 1145, Total Chunk Time: 0.001 seconds 

Iteration 2 time: 0.008 secs.

Elapsed computation time: 0.041 secs.
Rows Read: 1145, Total Rows Processed: 1145, Total Chunk Time: 0.001 seconds 

Starting values (iteration 1) time: 0.021 secs.
Rows Read: 1145, Total Rows Processed: 1145, Total Chunk Time: 0.001 seconds 

Iteration 2 time: 0.074 secs.

Elapsed computation time: 0.209 secs.
Rows Read: 1145, Total Rows Processed: 1145, Total Chunk Time: 0.001 seconds 

Starting values (iteration 1) time: 0.005 secs.
Rows Read: 1145, Total Rows Processed: 1145, Total Chunk Time: Less than .001 seconds 

Iteration 2 time: 0.006 secs.

Elapsed computation time: 0.029 secs.
Rows Read: 1145, Total Rows Processed: 1145, Total Chunk Time: 0.001 seconds 

Starting values (iteration 1) time: 0.006 secs.
Rows Read: 1145, Total Rows Processed: 1145, Total Chunk Time: Less than .001 seconds 

Iteration 2 time: 0.009 secs.

Elapsed computation time: 0.031 secs.

Elapsed computation time: 0.340 secs.
[1] "--------------------------------------------------------------------------------"
[1] "analyze.results.glm.step="
Logistic Regression Results for: RaceHorse.IsHitA ~ 1
Data: data
Dependent variable(s): RaceHorse.IsHitA
Total independent variables: 1 
Number of valid observations: 1145
Number of missing observations: 0 
 
Coefficients:
            RaceHorse.IsHitA
(Intercept)                2
[1] "analyze.results.glm.step.summary"
Call:
rxLogit(formula = formula, data = data, variableSelection = analyze.results.glm.step.varsel)

Logistic Regression Results for: RaceHorse.IsHitA ~ 1
Data: data
Dependent variable(s): RaceHorse.IsHitA
Total independent variables: 1 
Number of valid observations: 1145
Number of missing observations: 0 
-2*LogLikelihood: 1587.307 (Residual deviance on 1144 degrees of freedom)
 
Coefficients:
            Estimate Std. Error z value Pr(>|z|)    
(Intercept)   2.0000     0.0591    33.8  2.2e-16 ***
---
Signif. codes:  0 '***' 0.001 '**' 0.01 '*' 0.05 '.' 0.1 ' ' 1

Condition number of final variance-covariance matrix: 1 
Number of iterations: 2
[1] "--------------------------------------------------------------------------------"
[1] "2022-02-26 23:11:11 --- rxGlm with rxStepControl Finish ---"
[1] "2022-02-26 23:11:11 --- rxStepPlot Start ---"
[1] "pdfFilename=pdf_analyze_glm_Gen01_Type13_rxStepPlot.pdf"
[1] "rxStepPlot="
[1] "2022-02-26 23:11:12 --- rxStepPlot Finish ---"
[1] "2022-02-26 23:11:12 --- save.image Start ---"
[1] "save.image"
[1] "rdataFilename=RData_analyze_glm_Gen01_Type13.RData"
[1] "2022-02-26 23:11:12 --- save.image Finish ---"
[1] "2022-02-26 23:11:12 --- final Start ---"
[1] "--------------------------------------------------------------------------------"
[1] "nrow(data) final=1145"
[1] "--------------------------------------------------------------------------------"
[1] "2022-02-26 23:11:12 --- final Finish ---"
[1] "2022-02-26 23:11:12 --- analyze_glm.R Finished ---"
[1] "2022-02-26 23:11:12 --- log Finish ---"
