[1] "2022-02-26 23:12:15 --- D1115_analyze_glm_Horse_IsHitA_Type22 Start ---"
[1] "2022-02-26 23:12:16 --- Log Start ---"
[1] "2022-02-26 23:12:16 --- analyze_glm.R Start ---"
[1] "analyzeVersion=D1115"
[1] "analyzeCategory=analyze"
[1] "analyzeType=Horse"
[1] "analyzeFamily=IsHitA"
[1] "analyzeFunc=glm"
[1] "analyzeTrackTypeCd=2"
[1] "analyzeJyokenCd=2"
[1] "2022-02-26 23:12:16 --- source_function.R Start ---"
[1] "2022-02-26 23:12:17 --- source_function.R Finished ---"

> print(paste0(Sys.time(), " --- source_library.R Start ---"))
[1] "2022-02-26 23:12:17 --- source_library.R Start ---"

> require("RevoScaleR")

> print(paste0(Sys.time(), " --- source_library.R Finished ---"))
[1] "2022-02-26 23:12:18 --- source_library.R Finished ---"
[1] "2022-02-26 23:12:18 --- RxSqlServerData Start ---"
[1] "2022-02-26 23:12:18 --- RxInSqlServer Start ---"
[1] "2022-02-26 23:12:18 --- RxInSqlServer Finish ---"
[1] "2022-02-26 23:12:18 --- rxSetComputeContext Start ---"
[1] "2022-02-26 23:12:18 --- rxSetComputeContext Finish ---"
[1] "2022-02-26 23:12:18 --- RxSqlServerData Start ---"
[1] "sqlQuery=SELECT * FROM ViewAnalyzeD1115analyze01HorseType22"
[1] "2022-02-26 23:12:18 --- RxSqlServerData Finish ---"
[1] "2022-02-26 23:12:18 --- rxGetVarInfo Start ---"
[1] "2022-02-26 23:12:19 --- rxGetVarInfo Finish---"
[1] "2022-02-26 23:12:19 --- rxImport Start ---"
Rows Read: 401, Total Rows Processed: 401, Total Chunk Time: 285.670 seconds 
[1] "2022-02-26 23:21:51 --- rxImport Finish ---"
[1] "object.size(data) auto=249.6 Kb"
[1] "--------------------------------------------------------------------------------"
[1] "nrow(data) RxSqlServerData=401"
[1] "--------------------------------------------------------------------------------"
[1] "str(data)="
'data.frame':	401 obs. of  44 variables:
 $ Race.RaceId                      : Factor w/ 399 levels "20160110-06-01-03-10",..: 11 12 13 14 15 16 17 18 19 20 ...
 $ Race.IsAnalyzeNormalPastAndFuture: logi  TRUE TRUE TRUE TRUE TRUE TRUE ...
 $ Race.IsAnalyzeNormalPast         : logi  TRUE TRUE TRUE TRUE TRUE TRUE ...
 $ Race.IsAnalyzeNormalFuture       : logi  FALSE FALSE FALSE FALSE FALSE FALSE ...
 $ Race.IsAnalyzeFullPastAndFuture  : logi  TRUE TRUE TRUE TRUE TRUE TRUE ...
 $ Race.IsAnalyzeFullPast           : logi  TRUE TRUE TRUE TRUE TRUE TRUE ...
 $ Race.IsAnalyzeFullFuture         : logi  FALSE FALSE FALSE FALSE FALSE FALSE ...
 $ Race.JyokenCd                    : Factor w/ 1 level "2": 1 1 1 1 1 1 1 1 1 1 ...
 $ Race.JyoType1Cd                  : Factor w/ 71 levels "2-06-1800-2-1",..: 9 10 4 3 6 1 11 6 2 12 ...
 $ Race.RaceType1Cd                 : Factor w/ 2 levels "2-2-E-2","2-2-E-1": 1 1 2 2 2 1 2 2 1 1 ...
 $ RaceHorse.RaceId                 : Factor w/ 399 levels "20160110-06-01-03-10",..: 11 12 13 14 15 16 17 18 19 20 ...
 $ RaceHorse.KettoNum               : Factor w/ 372 levels "2009102472","2012110098",..: 10 11 12 13 14 15 16 17 18 19 ...
 $ RaceHorse.IsHit1                 : num  1 1 1 1 1 1 1 1 1 1 ...
 $ RaceHorse.IsHit2                 : num  0 0 0 0 0 0 0 0 0 0 ...
 $ RaceHorse.IsHit3                 : num  0 0 0 0 0 0 0 0 0 0 ...
 $ RaceHorse.IsHit4                 : num  0 0 0 0 0 0 0 0 0 0 ...
 $ RaceHorse.IsHit5                 : num  0 0 0 0 0 0 0 0 0 0 ...
 $ RaceHorse.IsHit6                 : num  0 0 0 0 0 0 0 0 0 0 ...
 $ RaceHorse.IsValidRaceHorse       : logi  TRUE TRUE TRUE TRUE TRUE TRUE ...
 $ RaceHorse.TimeSdvByRace          : num  1.13 1.14 1.21 1.51 1.59 ...
 $ RaceHorse.TimeSdv                : num  0.828 0.339 1.71 1.053 1.387 ...
 $ RaceHorse.IsHitA                 : num  1 1 1 1 1 1 1 1 1 1 ...
 $ RaceHorse.IsHitB                 : num  1 1 1 1 1 1 1 1 1 1 ...
 $ RaceHorse.IsHitC                 : num  1 1 1 1 1 1 1 1 1 1 ...
 $ Horse.KettoNum                   : Factor w/ 372 levels "2009102472","2012110098",..: 10 11 12 13 14 15 16 17 18 19 ...
 $ Horse.TimeSdvByRaceAvg           : num  -0.0194 0.7432 1.0101 0.7029 0.7942 ...
 $ Horse.TimeSdvByRaceMin           : num  -2.8485 -0.0246 -0.2604 -0.4347 -2.1731 ...
 $ Horse.TimeSdvByRaceMax           : num  1.35 1.31 1.88 1.72 1.92 ...
 $ Horse.TimeSdvAvg                 : num  0.266 0.397 0.926 0.738 0.924 ...
 $ Horse.TimeSdvMin                 : num  -0.985 -1.091 -0.157 -0.8 -1.205 ...
 $ Horse.TimeSdvMax                 : num  2.4 1.89 1.93 1.69 2.4 ...
 $ Horse.OrderOfFinishSdvAvg        : num  0.0401 0.782 1.1262 0.7833 0.8722 ...
 $ Horse.RunCount                   : num  32 22 17 22 27 14 12 15 15 19 ...
 $ Horse.HitCount1                  : num  3 4 4 4 3 3 4 4 2 4 ...
 $ Horse.HitCount2                  : num  4 3 7 3 10 2 2 2 0 1 ...
 $ Horse.HitCount3                  : num  3 4 3 2 3 1 0 0 0 3 ...
 $ Horse.HitCount4                  : num  4 3 0 2 3 0 3 2 3 1 ...
 $ Horse.HitCount5                  : num  2 3 1 5 1 1 0 0 1 0 ...
 $ Horse.HitRate1                   : num  0.0938 0.1818 0.2353 0.1818 0.1111 ...
 $ Horse.HitRate2                   : num  0.125 0.136 0.412 0.136 0.37 ...
 $ Horse.HitRate3                   : num  0.0938 0.1818 0.1765 0.0909 0.1111 ...
 $ Horse.HitRate4                   : num  0.125 0.1364 0 0.0909 0.1111 ...
 $ Horse.HitRate5                   : num  0.0625 0.1364 0.0588 0.2273 0.037 ...
 $ EOF                              : int  1 1 1 1 1 1 1 1 1 1 ...
[1] "2022-02-26 23:22:12 --- RxSqlServerData Finish ---"
[1] "2022-02-26 23:22:13 --- subset Start ---"
[1] "--------------------------------------------------------------------------------"
[1] "nrow(data) subset before=401"
[1] "nrow(data) subset after =401"
[1] "nrow(data) subset diff =0"
[1] "--------------------------------------------------------------------------------"
[1] "2022-02-26 23:22:18 --- subset Finish---"
[1] "2022-02-26 23:22:18 --- transform Start ---"
[1] "--------------------------------------------------------------------------------"
[1] "nrow(data) transform before=401"
[1] "nrow(data) transform after=401"
[1] "nrow(data) transform diff=0"
[1] "--------------------------------------------------------------------------------"
[1] "str(data)="
'data.frame':	401 obs. of  44 variables:
 $ Race.RaceId                      : Factor w/ 399 levels "20160110-06-01-03-10",..: 11 12 13 14 15 16 17 18 19 20 ...
 $ Race.IsAnalyzeNormalPastAndFuture: logi  TRUE TRUE TRUE TRUE TRUE TRUE ...
 $ Race.IsAnalyzeNormalPast         : logi  TRUE TRUE TRUE TRUE TRUE TRUE ...
 $ Race.IsAnalyzeNormalFuture       : logi  FALSE FALSE FALSE FALSE FALSE FALSE ...
 $ Race.IsAnalyzeFullPastAndFuture  : logi  TRUE TRUE TRUE TRUE TRUE TRUE ...
 $ Race.IsAnalyzeFullPast           : logi  TRUE TRUE TRUE TRUE TRUE TRUE ...
 $ Race.IsAnalyzeFullFuture         : logi  FALSE FALSE FALSE FALSE FALSE FALSE ...
 $ Race.JyokenCd                    : Factor w/ 1 level "2": 1 1 1 1 1 1 1 1 1 1 ...
 $ Race.JyoType1Cd                  : Factor w/ 71 levels "2-06-1800-2-1",..: 9 10 4 3 6 1 11 6 2 12 ...
 $ Race.RaceType1Cd                 : Factor w/ 2 levels "2-2-E-2","2-2-E-1": 1 1 2 2 2 1 2 2 1 1 ...
 $ RaceHorse.RaceId                 : Factor w/ 399 levels "20160110-06-01-03-10",..: 11 12 13 14 15 16 17 18 19 20 ...
 $ RaceHorse.KettoNum               : Factor w/ 372 levels "2009102472","2012110098",..: 10 11 12 13 14 15 16 17 18 19 ...
 $ RaceHorse.IsHit1                 : num  1 1 1 1 1 1 1 1 1 1 ...
 $ RaceHorse.IsHit2                 : num  0 0 0 0 0 0 0 0 0 0 ...
 $ RaceHorse.IsHit3                 : num  0 0 0 0 0 0 0 0 0 0 ...
 $ RaceHorse.IsHit4                 : num  0 0 0 0 0 0 0 0 0 0 ...
 $ RaceHorse.IsHit5                 : num  0 0 0 0 0 0 0 0 0 0 ...
 $ RaceHorse.IsHit6                 : num  0 0 0 0 0 0 0 0 0 0 ...
 $ RaceHorse.IsValidRaceHorse       : logi  TRUE TRUE TRUE TRUE TRUE TRUE ...
 $ RaceHorse.TimeSdvByRace          : num  1.13 1.14 1.21 1.51 1.59 ...
 $ RaceHorse.TimeSdv                : num  0.828 0.339 1.71 1.053 1.387 ...
 $ RaceHorse.IsHitA                 : num  1 1 1 1 1 1 1 1 1 1 ...
 $ RaceHorse.IsHitB                 : num  1 1 1 1 1 1 1 1 1 1 ...
 $ RaceHorse.IsHitC                 : num  1 1 1 1 1 1 1 1 1 1 ...
 $ Horse.KettoNum                   : Factor w/ 372 levels "2009102472","2012110098",..: 10 11 12 13 14 15 16 17 18 19 ...
 $ Horse.TimeSdvByRaceAvg           : num  -0.0194 0.7432 1.0101 0.7029 0.7942 ...
 $ Horse.TimeSdvByRaceMin           : num  -2.8485 -0.0246 -0.2604 -0.4347 -2.1731 ...
 $ Horse.TimeSdvByRaceMax           : num  1.35 1.31 1.88 1.72 1.92 ...
 $ Horse.TimeSdvAvg                 : num  0.266 0.397 0.926 0.738 0.924 ...
 $ Horse.TimeSdvMin                 : num  -0.985 -1.091 -0.157 -0.8 -1.205 ...
 $ Horse.TimeSdvMax                 : num  2.4 1.89 1.93 1.69 2.4 ...
 $ Horse.OrderOfFinishSdvAvg        : num  0.0401 0.782 1.1262 0.7833 0.8722 ...
 $ Horse.RunCount                   : num  32 22 17 22 27 14 12 15 15 19 ...
 $ Horse.HitCount1                  : num  3 4 4 4 3 3 4 4 2 4 ...
 $ Horse.HitCount2                  : num  4 3 7 3 10 2 2 2 0 1 ...
 $ Horse.HitCount3                  : num  3 4 3 2 3 1 0 0 0 3 ...
 $ Horse.HitCount4                  : num  4 3 0 2 3 0 3 2 3 1 ...
 $ Horse.HitCount5                  : num  2 3 1 5 1 1 0 0 1 0 ...
 $ Horse.HitRate1                   : num  0.0938 0.1818 0.2353 0.1818 0.1111 ...
 $ Horse.HitRate2                   : num  0.125 0.136 0.412 0.136 0.37 ...
 $ Horse.HitRate3                   : num  0.0938 0.1818 0.1765 0.0909 0.1111 ...
 $ Horse.HitRate4                   : num  0.125 0.1364 0 0.0909 0.1111 ...
 $ Horse.HitRate5                   : num  0.0625 0.1364 0.0588 0.2273 0.037 ...
 $ EOF                              : int  1 1 1 1 1 1 1 1 1 1 ...
NULL
[1] "2022-02-26 23:23:06 --- transform Finish ---"
[1] "2022-02-26 23:23:07 --- na.omit Start ---"
[1] "--------------------------------------------------------------------------------"
[1] "nrow(data) na.omit before=401"
[1] "nrow(data) na.omit after =401"
[1] "nrow(data) na.omit diff =0"
[1] "--------------------------------------------------------------------------------"
'data.frame':	401 obs. of  44 variables:
 $ Race.RaceId                      : Factor w/ 399 levels "20160110-06-01-03-10",..: 11 12 13 14 15 16 17 18 19 20 ...
 $ Race.IsAnalyzeNormalPastAndFuture: logi  TRUE TRUE TRUE TRUE TRUE TRUE ...
 $ Race.IsAnalyzeNormalPast         : logi  TRUE TRUE TRUE TRUE TRUE TRUE ...
 $ Race.IsAnalyzeNormalFuture       : logi  FALSE FALSE FALSE FALSE FALSE FALSE ...
 $ Race.IsAnalyzeFullPastAndFuture  : logi  TRUE TRUE TRUE TRUE TRUE TRUE ...
 $ Race.IsAnalyzeFullPast           : logi  TRUE TRUE TRUE TRUE TRUE TRUE ...
 $ Race.IsAnalyzeFullFuture         : logi  FALSE FALSE FALSE FALSE FALSE FALSE ...
 $ Race.JyokenCd                    : Factor w/ 1 level "2": 1 1 1 1 1 1 1 1 1 1 ...
 $ Race.JyoType1Cd                  : Factor w/ 71 levels "2-06-1800-2-1",..: 9 10 4 3 6 1 11 6 2 12 ...
 $ Race.RaceType1Cd                 : Factor w/ 2 levels "2-2-E-2","2-2-E-1": 1 1 2 2 2 1 2 2 1 1 ...
 $ RaceHorse.RaceId                 : Factor w/ 399 levels "20160110-06-01-03-10",..: 11 12 13 14 15 16 17 18 19 20 ...
 $ RaceHorse.KettoNum               : Factor w/ 372 levels "2009102472","2012110098",..: 10 11 12 13 14 15 16 17 18 19 ...
 $ RaceHorse.IsHit1                 : num  1 1 1 1 1 1 1 1 1 1 ...
 $ RaceHorse.IsHit2                 : num  0 0 0 0 0 0 0 0 0 0 ...
 $ RaceHorse.IsHit3                 : num  0 0 0 0 0 0 0 0 0 0 ...
 $ RaceHorse.IsHit4                 : num  0 0 0 0 0 0 0 0 0 0 ...
 $ RaceHorse.IsHit5                 : num  0 0 0 0 0 0 0 0 0 0 ...
 $ RaceHorse.IsHit6                 : num  0 0 0 0 0 0 0 0 0 0 ...
 $ RaceHorse.IsValidRaceHorse       : logi  TRUE TRUE TRUE TRUE TRUE TRUE ...
 $ RaceHorse.TimeSdvByRace          : num  1.13 1.14 1.21 1.51 1.59 ...
 $ RaceHorse.TimeSdv                : num  0.828 0.339 1.71 1.053 1.387 ...
 $ RaceHorse.IsHitA                 : num  1 1 1 1 1 1 1 1 1 1 ...
 $ RaceHorse.IsHitB                 : num  1 1 1 1 1 1 1 1 1 1 ...
 $ RaceHorse.IsHitC                 : num  1 1 1 1 1 1 1 1 1 1 ...
 $ Horse.KettoNum                   : Factor w/ 372 levels "2009102472","2012110098",..: 10 11 12 13 14 15 16 17 18 19 ...
 $ Horse.TimeSdvByRaceAvg           : num  -0.0194 0.7432 1.0101 0.7029 0.7942 ...
 $ Horse.TimeSdvByRaceMin           : num  -2.8485 -0.0246 -0.2604 -0.4347 -2.1731 ...
 $ Horse.TimeSdvByRaceMax           : num  1.35 1.31 1.88 1.72 1.92 ...
 $ Horse.TimeSdvAvg                 : num  0.266 0.397 0.926 0.738 0.924 ...
 $ Horse.TimeSdvMin                 : num  -0.985 -1.091 -0.157 -0.8 -1.205 ...
 $ Horse.TimeSdvMax                 : num  2.4 1.89 1.93 1.69 2.4 ...
 $ Horse.OrderOfFinishSdvAvg        : num  0.0401 0.782 1.1262 0.7833 0.8722 ...
 $ Horse.RunCount                   : num  32 22 17 22 27 14 12 15 15 19 ...
 $ Horse.HitCount1                  : num  3 4 4 4 3 3 4 4 2 4 ...
 $ Horse.HitCount2                  : num  4 3 7 3 10 2 2 2 0 1 ...
 $ Horse.HitCount3                  : num  3 4 3 2 3 1 0 0 0 3 ...
 $ Horse.HitCount4                  : num  4 3 0 2 3 0 3 2 3 1 ...
 $ Horse.HitCount5                  : num  2 3 1 5 1 1 0 0 1 0 ...
 $ Horse.HitRate1                   : num  0.0938 0.1818 0.2353 0.1818 0.1111 ...
 $ Horse.HitRate2                   : num  0.125 0.136 0.412 0.136 0.37 ...
 $ Horse.HitRate3                   : num  0.0938 0.1818 0.1765 0.0909 0.1111 ...
 $ Horse.HitRate4                   : num  0.125 0.1364 0 0.0909 0.1111 ...
 $ Horse.HitRate5                   : num  0.0625 0.1364 0.0588 0.2273 0.037 ...
 $ EOF                              : int  1 1 1 1 1 1 1 1 1 1 ...
[1] "2022-02-26 23:24:00 --- na.omit Finish ---"
[1] "2022-02-26 23:24:00 --- rxGlm with rxStepControl Start ---"

> print(paste0(Sys.time(), " --- source_logic_glm.R Start ---"))
[1] "2022-02-26 23:24:01 --- source_logic_glm.R Start ---"

> formula <- formula(RaceHorse.IsHitA ~ +1 + Horse.TimeSdvByRaceAvg)

> print(paste0(Sys.time(), " --- source_logic_glm.R Finished ---"))
[1] "2022-02-26 23:24:03 --- source_logic_glm.R Finished ---"
Rows Read: 401, Total Rows Processed: 401, Total Chunk Time: Less than .001 seconds 

Starting values (iteration 1) time: 0.007 secs.
Rows Read: 401, Total Rows Processed: 401, Total Chunk Time: Less than .001 seconds 

Iteration 2 time: 0.005 secs.

Elapsed computation time: 0.039 secs.
Rows Read: 401, Total Rows Processed: 401, Total Chunk Time: Less than .001 seconds 

Starting values (iteration 1) time: 0.004 secs.
Rows Read: 401, Total Rows Processed: 401, Total Chunk Time: Less than .001 seconds 

Iteration 2 time: 0.005 secs.

Elapsed computation time: 0.134 secs.
Rows Read: 401, Total Rows Processed: 401, Total Chunk Time: Less than .001 seconds 

Starting values (iteration 1) time: 0.005 secs.
Rows Read: 401, Total Rows Processed: 401, Total Chunk Time: 0.001 seconds 

Iteration 2 time: 0.006 secs.

Elapsed computation time: 0.024 secs.
Rows Read: 401, Total Rows Processed: 401, Total Chunk Time: Less than .001 seconds 

Starting values (iteration 1) time: 0.005 secs.
Rows Read: 401, Total Rows Processed: 401, Total Chunk Time: Less than .001 seconds 

Iteration 2 time: 0.005 secs.

Elapsed computation time: 0.025 secs.

Elapsed computation time: 0.243 secs.
[1] "--------------------------------------------------------------------------------"
[1] "analyze.results.glm.step="
Logistic Regression Results for: RaceHorse.IsHitA ~ 1
Data: data
Dependent variable(s): RaceHorse.IsHitA
Total independent variables: 1 
Number of valid observations: 401
Number of missing observations: 0 
 
Coefficients:
            RaceHorse.IsHitA
(Intercept)                2
[1] "analyze.results.glm.step.summary"
Call:
rxLogit(formula = formula, data = data, variableSelection = analyze.results.glm.step.varsel)

Logistic Regression Results for: RaceHorse.IsHitA ~ 1
Data: data
Dependent variable(s): RaceHorse.IsHitA
Total independent variables: 1 
Number of valid observations: 401
Number of missing observations: 0 
-2*LogLikelihood: 555.904 (Residual deviance on 400 degrees of freedom)
 
Coefficients:
            Estimate Std. Error z value Pr(>|z|)    
(Intercept)   2.0000     0.0999      20  2.2e-16 ***
---
Signif. codes:  0 '***' 0.001 '**' 0.01 '*' 0.05 '.' 0.1 ' ' 1

Condition number of final variance-covariance matrix: 1 
Number of iterations: 2
[1] "--------------------------------------------------------------------------------"
[1] "2022-02-26 23:24:06 --- rxGlm with rxStepControl Finish ---"
[1] "2022-02-26 23:24:06 --- rxStepPlot Start ---"
[1] "pdfFilename=pdf_analyze_glm_Horse_Type22_rxStepPlot.pdf"
[1] "rxStepPlot="
[1] "2022-02-26 23:24:07 --- rxStepPlot Finish ---"
[1] "2022-02-26 23:24:07 --- save.image Start ---"
[1] "save.image"
[1] "rdataFilename=RData_analyze_glm_Horse_Type22.RData"
[1] "2022-02-26 23:24:07 --- save.image Finish ---"
[1] "2022-02-26 23:24:07 --- final Start ---"
[1] "--------------------------------------------------------------------------------"
[1] "nrow(data) final=401"
[1] "--------------------------------------------------------------------------------"
[1] "2022-02-26 23:24:07 --- final Finish ---"
[1] "2022-02-26 23:24:07 --- analyze_glm.R Finished ---"
[1] "2022-02-26 23:24:07 --- log Finish ---"
