[1] "2022-02-26 23:10:58 --- D1115_analyze_glm_Gen02_IsHitA_Type12 Start ---"
[1] "2022-02-26 23:10:58 --- Log Start ---"
[1] "2022-02-26 23:10:58 --- analyze_glm.R Start ---"
[1] "analyzeVersion=D1115"
[1] "analyzeCategory=analyze"
[1] "analyzeType=Gen02"
[1] "analyzeFamily=IsHitA"
[1] "analyzeFunc=glm"
[1] "analyzeTrackTypeCd=1"
[1] "analyzeJyokenCd=2"
[1] "2022-02-26 23:10:58 --- source_function.R Start ---"
[1] "2022-02-26 23:10:58 --- source_function.R Finished ---"

> print(paste0(Sys.time(), " --- source_library.R Start ---"))
[1] "2022-02-26 23:10:59 --- source_library.R Start ---"

> require("RevoScaleR")

> print(paste0(Sys.time(), " --- source_library.R Finished ---"))
[1] "2022-02-26 23:10:59 --- source_library.R Finished ---"
[1] "2022-02-26 23:10:59 --- RxSqlServerData Start ---"
[1] "2022-02-26 23:10:59 --- RxInSqlServer Start ---"
[1] "2022-02-26 23:10:59 --- RxInSqlServer Finish ---"
[1] "2022-02-26 23:10:59 --- rxSetComputeContext Start ---"
[1] "2022-02-26 23:10:59 --- rxSetComputeContext Finish ---"
[1] "2022-02-26 23:11:00 --- RxSqlServerData Start ---"
[1] "sqlQuery=SELECT * FROM ViewAnalyzeD1115analyze01Gen02Type12"
[1] "2022-02-26 23:11:00 --- RxSqlServerData Finish ---"
[1] "2022-02-26 23:11:00 --- rxGetVarInfo Start ---"
[1] "2022-02-26 23:11:01 --- rxGetVarInfo Finish---"
[1] "2022-02-26 23:11:01 --- rxImport Start ---"
Rows Read: 390, Total Rows Processed: 390, Total Chunk Time: 17.064 seconds 
[1] "2022-02-26 23:11:45 --- rxImport Finish ---"
[1] "object.size(data) auto=227.5 Kb"
[1] "--------------------------------------------------------------------------------"
[1] "nrow(data) RxSqlServerData=390"
[1] "--------------------------------------------------------------------------------"
[1] "str(data)="
'data.frame':	390 obs. of  44 variables:
 $ Race.RaceId                      : Factor w/ 390 levels "20190511-05-02-07-10",..: 11 12 13 14 15 16 17 18 19 20 ...
 $ Race.IsAnalyzeNormalPastAndFuture: logi  TRUE TRUE TRUE TRUE TRUE TRUE ...
 $ Race.IsAnalyzeNormalPast         : logi  TRUE TRUE TRUE TRUE TRUE TRUE ...
 $ Race.IsAnalyzeNormalFuture       : logi  FALSE FALSE FALSE FALSE FALSE FALSE ...
 $ Race.IsAnalyzeFullPastAndFuture  : logi  TRUE TRUE TRUE TRUE TRUE TRUE ...
 $ Race.IsAnalyzeFullPast           : logi  TRUE TRUE TRUE TRUE TRUE TRUE ...
 $ Race.IsAnalyzeFullFuture         : logi  FALSE FALSE FALSE FALSE FALSE FALSE ...
 $ Race.JyokenCd                    : Factor w/ 1 level "2": 1 1 1 1 1 1 1 1 1 1 ...
 $ Race.JyoType1Cd                  : Factor w/ 96 levels "1-05-2400-2-1",..: 11 12 13 14 10 15 16 12 17 18 ...
 $ Race.RaceType1Cd                 : Factor w/ 3 levels "1-2-E-3","1-2-E-2",..: 2 2 2 2 3 3 3 2 3 3 ...
 $ RaceHorse.RaceId                 : Factor w/ 390 levels "20190511-05-02-07-10",..: 11 12 13 14 15 16 17 18 19 20 ...
 $ RaceHorse.KettoNum               : Factor w/ 369 levels "2014102892","2011104676",..: 11 12 13 14 15 16 17 18 19 20 ...
 $ RaceHorse.IsHit1                 : num  1 1 1 1 1 1 1 1 1 1 ...
 $ RaceHorse.IsHit2                 : num  0 0 0 0 0 0 0 0 0 0 ...
 $ RaceHorse.IsHit3                 : num  0 0 0 0 0 0 0 0 0 0 ...
 $ RaceHorse.IsHit4                 : num  0 0 0 0 0 0 0 0 0 0 ...
 $ RaceHorse.IsHit5                 : num  0 0 0 0 0 0 0 0 0 0 ...
 $ RaceHorse.IsHit6                 : num  0 0 0 0 0 0 0 0 0 0 ...
 $ RaceHorse.IsValidRaceHorse       : logi  TRUE TRUE TRUE TRUE TRUE TRUE ...
 $ RaceHorse.TimeSdvByRace          : num  1.09 1.32 1.04 1.99 1.32 ...
 $ RaceHorse.TimeSdv                : num  2.183 0.522 0.587 1.488 -0.35 ...
 $ RaceHorse.IsHitA                 : num  1 1 1 1 1 1 1 1 1 1 ...
 $ RaceHorse.IsHitB                 : num  1 1 1 1 1 1 1 1 1 1 ...
 $ RaceHorse.IsHitC                 : num  1 1 1 1 1 1 1 1 1 1 ...
 $ Gen02.HansyokuNum                : Factor w/ 102 levels "11201914","11202006",..: 1 8 9 10 11 12 8 5 13 11 ...
 $ Gen02.TimeSdvByRaceAvg           : num  0.437 0.314 0.664 0.873 1.067 ...
 $ Gen02.TimeSdvByRaceMin           : num  0.342 -0.624 0.664 0.873 0.386 ...
 $ Gen02.TimeSdvByRaceMax           : num  0.516 1.252 0.664 0.873 1.747 ...
 $ Gen02.TimeSdvAvg                 : num  0.0698 0.624 0.3733 1.6555 0.5066 ...
 $ Gen02.TimeSdvMin                 : num  -0.823 -1.02 0.373 1.655 -0.378 ...
 $ Gen02.TimeSdvMax                 : num  0.965 2.268 0.373 1.655 1.391 ...
 $ Gen02.OrderOfFinishSdvAvg        : num  0.0421 0.8446 0.9713 0.9713 0.761 ...
 $ Gen02.RunCount                   : num  3 2 1 1 2 3 2 13 1 2 ...
 $ Gen02.HitCount1                  : num  0 0 0 0 1 0 0 0 0 0 ...
 $ Gen02.HitCount2                  : num  0 1 0 0 0 0 0 1 0 0 ...
 $ Gen02.HitCount3                  : num  0 0 1 1 0 0 1 2 0 0 ...
 $ Gen02.HitCount4                  : num  0 0 0 0 0 0 0 1 1 0 ...
 $ Gen02.HitCount5                  : num  0 1 0 0 0 0 0 2 0 0 ...
 $ Gen02.HitRate1                   : num  0 0 0 0 0.5 0 0 0 0 0 ...
 $ Gen02.HitRate2                   : num  0 0.5 0 0 0 ...
 $ Gen02.HitRate3                   : num  0 0 1 1 0 ...
 $ Gen02.HitRate4                   : num  0 0 0 0 0 ...
 $ Gen02.HitRate5                   : num  0 0.5 0 0 0 ...
 $ EOF                              : int  1 1 1 1 1 1 1 1 1 1 ...
[1] "2022-02-26 23:11:46 --- RxSqlServerData Finish ---"
[1] "2022-02-26 23:11:46 --- subset Start ---"
[1] "--------------------------------------------------------------------------------"
[1] "nrow(data) subset before=390"
[1] "nrow(data) subset after =390"
[1] "nrow(data) subset diff =0"
[1] "--------------------------------------------------------------------------------"
[1] "2022-02-26 23:11:46 --- subset Finish---"
[1] "2022-02-26 23:11:46 --- transform Start ---"
[1] "--------------------------------------------------------------------------------"
[1] "nrow(data) transform before=390"
[1] "nrow(data) transform after=390"
[1] "nrow(data) transform diff=0"
[1] "--------------------------------------------------------------------------------"
[1] "str(data)="
'data.frame':	390 obs. of  44 variables:
 $ Race.RaceId                      : Factor w/ 390 levels "20190511-05-02-07-10",..: 11 12 13 14 15 16 17 18 19 20 ...
 $ Race.IsAnalyzeNormalPastAndFuture: logi  TRUE TRUE TRUE TRUE TRUE TRUE ...
 $ Race.IsAnalyzeNormalPast         : logi  TRUE TRUE TRUE TRUE TRUE TRUE ...
 $ Race.IsAnalyzeNormalFuture       : logi  FALSE FALSE FALSE FALSE FALSE FALSE ...
 $ Race.IsAnalyzeFullPastAndFuture  : logi  TRUE TRUE TRUE TRUE TRUE TRUE ...
 $ Race.IsAnalyzeFullPast           : logi  TRUE TRUE TRUE TRUE TRUE TRUE ...
 $ Race.IsAnalyzeFullFuture         : logi  FALSE FALSE FALSE FALSE FALSE FALSE ...
 $ Race.JyokenCd                    : Factor w/ 1 level "2": 1 1 1 1 1 1 1 1 1 1 ...
 $ Race.JyoType1Cd                  : Factor w/ 96 levels "1-05-2400-2-1",..: 11 12 13 14 10 15 16 12 17 18 ...
 $ Race.RaceType1Cd                 : Factor w/ 3 levels "1-2-E-3","1-2-E-2",..: 2 2 2 2 3 3 3 2 3 3 ...
 $ RaceHorse.RaceId                 : Factor w/ 390 levels "20190511-05-02-07-10",..: 11 12 13 14 15 16 17 18 19 20 ...
 $ RaceHorse.KettoNum               : Factor w/ 369 levels "2014102892","2011104676",..: 11 12 13 14 15 16 17 18 19 20 ...
 $ RaceHorse.IsHit1                 : num  1 1 1 1 1 1 1 1 1 1 ...
 $ RaceHorse.IsHit2                 : num  0 0 0 0 0 0 0 0 0 0 ...
 $ RaceHorse.IsHit3                 : num  0 0 0 0 0 0 0 0 0 0 ...
 $ RaceHorse.IsHit4                 : num  0 0 0 0 0 0 0 0 0 0 ...
 $ RaceHorse.IsHit5                 : num  0 0 0 0 0 0 0 0 0 0 ...
 $ RaceHorse.IsHit6                 : num  0 0 0 0 0 0 0 0 0 0 ...
 $ RaceHorse.IsValidRaceHorse       : logi  TRUE TRUE TRUE TRUE TRUE TRUE ...
 $ RaceHorse.TimeSdvByRace          : num  1.09 1.32 1.04 1.99 1.32 ...
 $ RaceHorse.TimeSdv                : num  2.183 0.522 0.587 1.488 -0.35 ...
 $ RaceHorse.IsHitA                 : num  1 1 1 1 1 1 1 1 1 1 ...
 $ RaceHorse.IsHitB                 : num  1 1 1 1 1 1 1 1 1 1 ...
 $ RaceHorse.IsHitC                 : num  1 1 1 1 1 1 1 1 1 1 ...
 $ Gen02.HansyokuNum                : Factor w/ 102 levels "11201914","11202006",..: 1 8 9 10 11 12 8 5 13 11 ...
 $ Gen02.TimeSdvByRaceAvg           : num  0.437 0.314 0.664 0.873 1.067 ...
 $ Gen02.TimeSdvByRaceMin           : num  0.342 -0.624 0.664 0.873 0.386 ...
 $ Gen02.TimeSdvByRaceMax           : num  0.516 1.252 0.664 0.873 1.747 ...
 $ Gen02.TimeSdvAvg                 : num  0.0698 0.624 0.3733 1.6555 0.5066 ...
 $ Gen02.TimeSdvMin                 : num  -0.823 -1.02 0.373 1.655 -0.378 ...
 $ Gen02.TimeSdvMax                 : num  0.965 2.268 0.373 1.655 1.391 ...
 $ Gen02.OrderOfFinishSdvAvg        : num  0.0421 0.8446 0.9713 0.9713 0.761 ...
 $ Gen02.RunCount                   : num  3 2 1 1 2 3 2 13 1 2 ...
 $ Gen02.HitCount1                  : num  0 0 0 0 1 0 0 0 0 0 ...
 $ Gen02.HitCount2                  : num  0 1 0 0 0 0 0 1 0 0 ...
 $ Gen02.HitCount3                  : num  0 0 1 1 0 0 1 2 0 0 ...
 $ Gen02.HitCount4                  : num  0 0 0 0 0 0 0 1 1 0 ...
 $ Gen02.HitCount5                  : num  0 1 0 0 0 0 0 2 0 0 ...
 $ Gen02.HitRate1                   : num  0 0 0 0 0.5 0 0 0 0 0 ...
 $ Gen02.HitRate2                   : num  0 0.5 0 0 0 ...
 $ Gen02.HitRate3                   : num  0 0 1 1 0 ...
 $ Gen02.HitRate4                   : num  0 0 0 0 0 ...
 $ Gen02.HitRate5                   : num  0 0.5 0 0 0 ...
 $ EOF                              : int  1 1 1 1 1 1 1 1 1 1 ...
NULL
[1] "2022-02-26 23:11:46 --- transform Finish ---"
[1] "2022-02-26 23:11:46 --- na.omit Start ---"
[1] "--------------------------------------------------------------------------------"
[1] "nrow(data) na.omit before=390"
[1] "nrow(data) na.omit after =390"
[1] "nrow(data) na.omit diff =0"
[1] "--------------------------------------------------------------------------------"
'data.frame':	390 obs. of  44 variables:
 $ Race.RaceId                      : Factor w/ 390 levels "20190511-05-02-07-10",..: 11 12 13 14 15 16 17 18 19 20 ...
 $ Race.IsAnalyzeNormalPastAndFuture: logi  TRUE TRUE TRUE TRUE TRUE TRUE ...
 $ Race.IsAnalyzeNormalPast         : logi  TRUE TRUE TRUE TRUE TRUE TRUE ...
 $ Race.IsAnalyzeNormalFuture       : logi  FALSE FALSE FALSE FALSE FALSE FALSE ...
 $ Race.IsAnalyzeFullPastAndFuture  : logi  TRUE TRUE TRUE TRUE TRUE TRUE ...
 $ Race.IsAnalyzeFullPast           : logi  TRUE TRUE TRUE TRUE TRUE TRUE ...
 $ Race.IsAnalyzeFullFuture         : logi  FALSE FALSE FALSE FALSE FALSE FALSE ...
 $ Race.JyokenCd                    : Factor w/ 1 level "2": 1 1 1 1 1 1 1 1 1 1 ...
 $ Race.JyoType1Cd                  : Factor w/ 96 levels "1-05-2400-2-1",..: 11 12 13 14 10 15 16 12 17 18 ...
 $ Race.RaceType1Cd                 : Factor w/ 3 levels "1-2-E-3","1-2-E-2",..: 2 2 2 2 3 3 3 2 3 3 ...
 $ RaceHorse.RaceId                 : Factor w/ 390 levels "20190511-05-02-07-10",..: 11 12 13 14 15 16 17 18 19 20 ...
 $ RaceHorse.KettoNum               : Factor w/ 369 levels "2014102892","2011104676",..: 11 12 13 14 15 16 17 18 19 20 ...
 $ RaceHorse.IsHit1                 : num  1 1 1 1 1 1 1 1 1 1 ...
 $ RaceHorse.IsHit2                 : num  0 0 0 0 0 0 0 0 0 0 ...
 $ RaceHorse.IsHit3                 : num  0 0 0 0 0 0 0 0 0 0 ...
 $ RaceHorse.IsHit4                 : num  0 0 0 0 0 0 0 0 0 0 ...
 $ RaceHorse.IsHit5                 : num  0 0 0 0 0 0 0 0 0 0 ...
 $ RaceHorse.IsHit6                 : num  0 0 0 0 0 0 0 0 0 0 ...
 $ RaceHorse.IsValidRaceHorse       : logi  TRUE TRUE TRUE TRUE TRUE TRUE ...
 $ RaceHorse.TimeSdvByRace          : num  1.09 1.32 1.04 1.99 1.32 ...
 $ RaceHorse.TimeSdv                : num  2.183 0.522 0.587 1.488 -0.35 ...
 $ RaceHorse.IsHitA                 : num  1 1 1 1 1 1 1 1 1 1 ...
 $ RaceHorse.IsHitB                 : num  1 1 1 1 1 1 1 1 1 1 ...
 $ RaceHorse.IsHitC                 : num  1 1 1 1 1 1 1 1 1 1 ...
 $ Gen02.HansyokuNum                : Factor w/ 102 levels "11201914","11202006",..: 1 8 9 10 11 12 8 5 13 11 ...
 $ Gen02.TimeSdvByRaceAvg           : num  0.437 0.314 0.664 0.873 1.067 ...
 $ Gen02.TimeSdvByRaceMin           : num  0.342 -0.624 0.664 0.873 0.386 ...
 $ Gen02.TimeSdvByRaceMax           : num  0.516 1.252 0.664 0.873 1.747 ...
 $ Gen02.TimeSdvAvg                 : num  0.0698 0.624 0.3733 1.6555 0.5066 ...
 $ Gen02.TimeSdvMin                 : num  -0.823 -1.02 0.373 1.655 -0.378 ...
 $ Gen02.TimeSdvMax                 : num  0.965 2.268 0.373 1.655 1.391 ...
 $ Gen02.OrderOfFinishSdvAvg        : num  0.0421 0.8446 0.9713 0.9713 0.761 ...
 $ Gen02.RunCount                   : num  3 2 1 1 2 3 2 13 1 2 ...
 $ Gen02.HitCount1                  : num  0 0 0 0 1 0 0 0 0 0 ...
 $ Gen02.HitCount2                  : num  0 1 0 0 0 0 0 1 0 0 ...
 $ Gen02.HitCount3                  : num  0 0 1 1 0 0 1 2 0 0 ...
 $ Gen02.HitCount4                  : num  0 0 0 0 0 0 0 1 1 0 ...
 $ Gen02.HitCount5                  : num  0 1 0 0 0 0 0 2 0 0 ...
 $ Gen02.HitRate1                   : num  0 0 0 0 0.5 0 0 0 0 0 ...
 $ Gen02.HitRate2                   : num  0 0.5 0 0 0 ...
 $ Gen02.HitRate3                   : num  0 0 1 1 0 ...
 $ Gen02.HitRate4                   : num  0 0 0 0 0 ...
 $ Gen02.HitRate5                   : num  0 0.5 0 0 0 ...
 $ EOF                              : int  1 1 1 1 1 1 1 1 1 1 ...
[1] "2022-02-26 23:11:46 --- na.omit Finish ---"
[1] "2022-02-26 23:11:46 --- rxGlm with rxStepControl Start ---"

> print(paste0(Sys.time(), " --- source_logic_glm.R Start ---"))
[1] "2022-02-26 23:11:46 --- source_logic_glm.R Start ---"

> formula <- formula(RaceHorse.IsHitA ~ +1 + Gen02.TimeSdvByRaceAvg)

> print(paste0(Sys.time(), " --- source_logic_glm.R Finished ---"))
[1] "2022-02-26 23:11:46 --- source_logic_glm.R Finished ---"
Rows Read: 390, Total Rows Processed: 390, Total Chunk Time: Less than .001 seconds 

Starting values (iteration 1) time: 0.007 secs.
Rows Read: 390, Total Rows Processed: 390, Total Chunk Time: Less than .001 seconds 

Iteration 2 time: 0.006 secs.

Elapsed computation time: 0.026 secs.
Rows Read: 390, Total Rows Processed: 390, Total Chunk Time: Less than .001 seconds 

Starting values (iteration 1) time: 0.005 secs.
Rows Read: 390, Total Rows Processed: 390, Total Chunk Time: Less than .001 seconds 

Iteration 2 time: 0.005 secs.

Elapsed computation time: 0.021 secs.
Rows Read: 390, Total Rows Processed: 390, Total Chunk Time: 0.001 seconds 

Starting values (iteration 1) time: 0.005 secs.
Rows Read: 390, Total Rows Processed: 390, Total Chunk Time: Less than .001 seconds 

Iteration 2 time: 0.007 secs.

Elapsed computation time: 0.022 secs.
Rows Read: 390, Total Rows Processed: 390, Total Chunk Time: Less than .001 seconds 

Starting values (iteration 1) time: 0.005 secs.
Rows Read: 390, Total Rows Processed: 390, Total Chunk Time: Less than .001 seconds 

Iteration 2 time: 0.007 secs.

Elapsed computation time: 0.022 secs.

Elapsed computation time: 0.113 secs.
[1] "--------------------------------------------------------------------------------"
[1] "analyze.results.glm.step="
Logistic Regression Results for: RaceHorse.IsHitA ~ 1
Data: data
Dependent variable(s): RaceHorse.IsHitA
Total independent variables: 1 
Number of valid observations: 390
Number of missing observations: 0 
 
Coefficients:
            RaceHorse.IsHitA
(Intercept)                2
[1] "analyze.results.glm.step.summary"
Call:
rxLogit(formula = formula, data = data, variableSelection = analyze.results.glm.step.varsel)

Logistic Regression Results for: RaceHorse.IsHitA ~ 1
Data: data
Dependent variable(s): RaceHorse.IsHitA
Total independent variables: 1 
Number of valid observations: 390
Number of missing observations: 0 
-2*LogLikelihood: 540.655 (Residual deviance on 389 degrees of freedom)
 
Coefficients:
            Estimate Std. Error z value Pr(>|z|)    
(Intercept)    2.000      0.101    19.8  2.2e-16 ***
---
Signif. codes:  0 '***' 0.001 '**' 0.01 '*' 0.05 '.' 0.1 ' ' 1

Condition number of final variance-covariance matrix: 1 
Number of iterations: 2
[1] "--------------------------------------------------------------------------------"
[1] "2022-02-26 23:11:47 --- rxGlm with rxStepControl Finish ---"
[1] "2022-02-26 23:11:47 --- rxStepPlot Start ---"
[1] "pdfFilename=pdf_analyze_glm_Gen02_Type12_rxStepPlot.pdf"
[1] "rxStepPlot="
[1] "2022-02-26 23:11:47 --- rxStepPlot Finish ---"
[1] "2022-02-26 23:11:47 --- save.image Start ---"
[1] "save.image"
[1] "rdataFilename=RData_analyze_glm_Gen02_Type12.RData"
[1] "2022-02-26 23:11:47 --- save.image Finish ---"
[1] "2022-02-26 23:11:47 --- final Start ---"
[1] "--------------------------------------------------------------------------------"
[1] "nrow(data) final=390"
[1] "--------------------------------------------------------------------------------"
[1] "2022-02-26 23:11:47 --- final Finish ---"
[1] "2022-02-26 23:11:47 --- analyze_glm.R Finished ---"
[1] "2022-02-26 23:11:47 --- log Finish ---"
