[1] "2022-02-26 23:12:35 --- D1115_analyze_glm_Jockey_IsHitA_Type24 Start ---"
[1] "2022-02-26 23:12:35 --- Log Start ---"
[1] "2022-02-26 23:12:35 --- analyze_glm.R Start ---"
[1] "analyzeVersion=D1115"
[1] "analyzeCategory=analyze"
[1] "analyzeType=Jockey"
[1] "analyzeFamily=IsHitA"
[1] "analyzeFunc=glm"
[1] "analyzeTrackTypeCd=2"
[1] "analyzeJyokenCd=4"
[1] "2022-02-26 23:12:35 --- source_function.R Start ---"
[1] "2022-02-26 23:12:35 --- source_function.R Finished ---"

> print(paste0(Sys.time(), " --- source_library.R Start ---"))
[1] "2022-02-26 23:12:35 --- source_library.R Start ---"

> require("RevoScaleR")

> print(paste0(Sys.time(), " --- source_library.R Finished ---"))
[1] "2022-02-26 23:12:37 --- source_library.R Finished ---"
[1] "2022-02-26 23:12:38 --- RxSqlServerData Start ---"
[1] "2022-02-26 23:12:38 --- RxInSqlServer Start ---"
[1] "2022-02-26 23:12:38 --- RxInSqlServer Finish ---"
[1] "2022-02-26 23:12:38 --- rxSetComputeContext Start ---"
[1] "2022-02-26 23:12:38 --- rxSetComputeContext Finish ---"
[1] "2022-02-26 23:12:38 --- RxSqlServerData Start ---"
[1] "sqlQuery=SELECT * FROM ViewAnalyzeD1115analyze01JockeyType24"
[1] "2022-02-26 23:12:38 --- RxSqlServerData Finish ---"
[1] "2022-02-26 23:12:38 --- rxGetVarInfo Start ---"
[1] "2022-02-26 23:12:40 --- rxGetVarInfo Finish---"
[1] "2022-02-26 23:12:40 --- rxImport Start ---"
Rows Read: 2819, Total Rows Processed: 2819, Total Chunk Time: 72.536 seconds 
[1] "2022-02-26 23:18:31 --- rxImport Finish ---"
[1] "object.size(data) auto=1.4 Mb"
[1] "--------------------------------------------------------------------------------"
[1] "nrow(data) RxSqlServerData=2819"
[1] "--------------------------------------------------------------------------------"
[1] "str(data)="
'data.frame':	2819 obs. of  43 variables:
 $ Race.RaceId                      : Factor w/ 2816 levels "20171112-08-05-04-06",..: 1 3 2 7 6 5 8 4 11 10 ...
 $ Race.IsAnalyzeNormalPastAndFuture: logi  TRUE TRUE TRUE TRUE TRUE TRUE ...
 $ Race.IsAnalyzeNormalPast         : logi  TRUE TRUE TRUE TRUE TRUE TRUE ...
 $ Race.IsAnalyzeNormalFuture       : logi  FALSE FALSE FALSE FALSE FALSE FALSE ...
 $ Race.IsAnalyzeFullPastAndFuture  : logi  TRUE TRUE TRUE TRUE TRUE TRUE ...
 $ Race.IsAnalyzeFullPast           : logi  TRUE TRUE TRUE TRUE TRUE TRUE ...
 $ Race.IsAnalyzeFullFuture         : logi  FALSE FALSE FALSE FALSE FALSE FALSE ...
 $ Race.JyokenCd                    : Factor w/ 1 level "4": 1 1 1 1 1 1 1 1 1 1 ...
 $ Race.JyoType1Cd                  : Factor w/ 131 levels "2-08-1800-4-1",..: 1 3 2 7 6 5 8 4 11 10 ...
 $ Race.RaceType1Cd                 : Factor w/ 5 levels "2-4-X-2","2-4-X-1",..: 1 2 2 2 1 1 1 2 1 2 ...
 $ RaceHorse.RaceId                 : Factor w/ 2816 levels "20171112-08-05-04-06",..: 1 3 2 7 6 5 8 4 11 10 ...
 $ RaceHorse.KettoNum               : Factor w/ 2450 levels "2013105705","2014101742",..: 1 3 2 7 6 5 8 4 11 10 ...
 $ RaceHorse.IsHit1                 : num  1 1 1 1 1 1 1 1 1 1 ...
 $ RaceHorse.IsHit2                 : num  0 0 0 0 0 0 0 0 0 0 ...
 $ RaceHorse.IsHit3                 : num  0 0 0 0 0 0 0 0 0 0 ...
 $ RaceHorse.IsHit4                 : num  0 0 0 0 0 0 0 0 0 0 ...
 $ RaceHorse.IsHit5                 : num  0 0 0 0 0 0 0 0 0 0 ...
 $ RaceHorse.IsHit6                 : num  0 0 0 0 0 0 0 0 0 0 ...
 $ RaceHorse.IsValidRaceHorse       : logi  TRUE TRUE TRUE TRUE TRUE TRUE ...
 $ RaceHorse.TimeSdvByRace          : num  1.46 1.69 1.34 1.43 1.35 ...
 $ RaceHorse.TimeSdv                : num  0.872 1.028 0.697 0.87 0.867 ...
 $ RaceHorse.IsHitA                 : num  1 1 1 1 1 1 1 1 1 1 ...
 $ RaceHorse.IsHitB                 : num  1 1 1 1 1 1 1 1 1 1 ...
 $ RaceHorse.IsHitC                 : num  1 1 1 1 1 1 1 1 1 1 ...
 $ Jockey.TimeSdvByRaceAvg          : num  0.0499 0.1213 -0.0451 0.0393 0.354 ...
 $ Jockey.TimeSdvByRaceMin          : num  -2.89 -2.45 -2.85 -2.88 -2.98 ...
 $ Jockey.TimeSdvByRaceMax          : num  2 2.23 1.72 2.13 2.32 ...
 $ Jockey.TimeSdvAvg                : num  0.17987 0.23498 0.00869 0.02977 0.3555 ...
 $ Jockey.TimeSdvMin                : num  -4.04 -3.66 -4.31 -3.2 -4.55 ...
 $ Jockey.TimeSdvMax                : num  2.12 1.93 1.99 2.39 2.27 ...
 $ Jockey.OrderOfFinishSdvAvg       : num  0.0134 0.1801 -0.0707 0.0129 0.3438 ...
 $ Jockey.RunCount                  : num  342 173 278 273 224 245 292 318 240 184 ...
 $ Jockey.HitCount1                 : num  20 18 17 17 29 22 28 54 24 35 ...
 $ Jockey.HitCount2                 : num  33 10 16 20 23 18 30 31 20 28 ...
 $ Jockey.HitCount3                 : num  23 13 25 17 29 14 22 30 21 23 ...
 $ Jockey.HitCount4                 : num  24 15 18 22 24 19 29 33 19 13 ...
 $ Jockey.HitCount5                 : num  38 21 14 16 18 23 19 18 24 19 ...
 $ Jockey.HitRate1                  : num  0.0585 0.104 0.0612 0.0623 0.1295 ...
 $ Jockey.HitRate2                  : num  0.0965 0.0578 0.0576 0.0733 0.1027 ...
 $ Jockey.HitRate3                  : num  0.0673 0.0751 0.0899 0.0623 0.1295 ...
 $ Jockey.HitRate4                  : num  0.0702 0.0867 0.0647 0.0806 0.1071 ...
 $ Jockey.HitRate5                  : num  0.1111 0.1214 0.0504 0.0586 0.0804 ...
 $ EOF                              : int  1 1 1 1 1 1 1 1 1 1 ...
[1] "2022-02-26 23:18:48 --- RxSqlServerData Finish ---"
[1] "2022-02-26 23:18:49 --- subset Start ---"
[1] "--------------------------------------------------------------------------------"
[1] "nrow(data) subset before=2819"
[1] "nrow(data) subset after =2819"
[1] "nrow(data) subset diff =0"
[1] "--------------------------------------------------------------------------------"
[1] "2022-02-26 23:18:54 --- subset Finish---"
[1] "2022-02-26 23:18:55 --- transform Start ---"
[1] "--------------------------------------------------------------------------------"
[1] "nrow(data) transform before=2819"
[1] "nrow(data) transform after=2819"
[1] "nrow(data) transform diff=0"
[1] "--------------------------------------------------------------------------------"
[1] "str(data)="
'data.frame':	2819 obs. of  43 variables:
 $ Race.RaceId                      : Factor w/ 2816 levels "20171112-08-05-04-06",..: 1 3 2 7 6 5 8 4 11 10 ...
 $ Race.IsAnalyzeNormalPastAndFuture: logi  TRUE TRUE TRUE TRUE TRUE TRUE ...
 $ Race.IsAnalyzeNormalPast         : logi  TRUE TRUE TRUE TRUE TRUE TRUE ...
 $ Race.IsAnalyzeNormalFuture       : logi  FALSE FALSE FALSE FALSE FALSE FALSE ...
 $ Race.IsAnalyzeFullPastAndFuture  : logi  TRUE TRUE TRUE TRUE TRUE TRUE ...
 $ Race.IsAnalyzeFullPast           : logi  TRUE TRUE TRUE TRUE TRUE TRUE ...
 $ Race.IsAnalyzeFullFuture         : logi  FALSE FALSE FALSE FALSE FALSE FALSE ...
 $ Race.JyokenCd                    : Factor w/ 1 level "4": 1 1 1 1 1 1 1 1 1 1 ...
 $ Race.JyoType1Cd                  : Factor w/ 131 levels "2-08-1800-4-1",..: 1 3 2 7 6 5 8 4 11 10 ...
 $ Race.RaceType1Cd                 : Factor w/ 5 levels "2-4-X-2","2-4-X-1",..: 1 2 2 2 1 1 1 2 1 2 ...
 $ RaceHorse.RaceId                 : Factor w/ 2816 levels "20171112-08-05-04-06",..: 1 3 2 7 6 5 8 4 11 10 ...
 $ RaceHorse.KettoNum               : Factor w/ 2450 levels "2013105705","2014101742",..: 1 3 2 7 6 5 8 4 11 10 ...
 $ RaceHorse.IsHit1                 : num  1 1 1 1 1 1 1 1 1 1 ...
 $ RaceHorse.IsHit2                 : num  0 0 0 0 0 0 0 0 0 0 ...
 $ RaceHorse.IsHit3                 : num  0 0 0 0 0 0 0 0 0 0 ...
 $ RaceHorse.IsHit4                 : num  0 0 0 0 0 0 0 0 0 0 ...
 $ RaceHorse.IsHit5                 : num  0 0 0 0 0 0 0 0 0 0 ...
 $ RaceHorse.IsHit6                 : num  0 0 0 0 0 0 0 0 0 0 ...
 $ RaceHorse.IsValidRaceHorse       : logi  TRUE TRUE TRUE TRUE TRUE TRUE ...
 $ RaceHorse.TimeSdvByRace          : num  1.46 1.69 1.34 1.43 1.35 ...
 $ RaceHorse.TimeSdv                : num  0.872 1.028 0.697 0.87 0.867 ...
 $ RaceHorse.IsHitA                 : num  1 1 1 1 1 1 1 1 1 1 ...
 $ RaceHorse.IsHitB                 : num  1 1 1 1 1 1 1 1 1 1 ...
 $ RaceHorse.IsHitC                 : num  1 1 1 1 1 1 1 1 1 1 ...
 $ Jockey.TimeSdvByRaceAvg          : num  0.0499 0.1213 -0.0451 0.0393 0.354 ...
 $ Jockey.TimeSdvByRaceMin          : num  -2.89 -2.45 -2.85 -2.88 -2.98 ...
 $ Jockey.TimeSdvByRaceMax          : num  2 2.23 1.72 2.13 2.32 ...
 $ Jockey.TimeSdvAvg                : num  0.17987 0.23498 0.00869 0.02977 0.3555 ...
 $ Jockey.TimeSdvMin                : num  -4.04 -3.66 -4.31 -3.2 -4.55 ...
 $ Jockey.TimeSdvMax                : num  2.12 1.93 1.99 2.39 2.27 ...
 $ Jockey.OrderOfFinishSdvAvg       : num  0.0134 0.1801 -0.0707 0.0129 0.3438 ...
 $ Jockey.RunCount                  : num  342 173 278 273 224 245 292 318 240 184 ...
 $ Jockey.HitCount1                 : num  20 18 17 17 29 22 28 54 24 35 ...
 $ Jockey.HitCount2                 : num  33 10 16 20 23 18 30 31 20 28 ...
 $ Jockey.HitCount3                 : num  23 13 25 17 29 14 22 30 21 23 ...
 $ Jockey.HitCount4                 : num  24 15 18 22 24 19 29 33 19 13 ...
 $ Jockey.HitCount5                 : num  38 21 14 16 18 23 19 18 24 19 ...
 $ Jockey.HitRate1                  : num  0.0585 0.104 0.0612 0.0623 0.1295 ...
 $ Jockey.HitRate2                  : num  0.0965 0.0578 0.0576 0.0733 0.1027 ...
 $ Jockey.HitRate3                  : num  0.0673 0.0751 0.0899 0.0623 0.1295 ...
 $ Jockey.HitRate4                  : num  0.0702 0.0867 0.0647 0.0806 0.1071 ...
 $ Jockey.HitRate5                  : num  0.1111 0.1214 0.0504 0.0586 0.0804 ...
 $ EOF                              : int  1 1 1 1 1 1 1 1 1 1 ...
NULL
[1] "2022-02-26 23:19:01 --- transform Finish ---"
[1] "2022-02-26 23:19:01 --- na.omit Start ---"
[1] "--------------------------------------------------------------------------------"
[1] "nrow(data) na.omit before=2819"
[1] "nrow(data) na.omit after =2819"
[1] "nrow(data) na.omit diff =0"
[1] "--------------------------------------------------------------------------------"
'data.frame':	2819 obs. of  43 variables:
 $ Race.RaceId                      : Factor w/ 2816 levels "20171112-08-05-04-06",..: 1 3 2 7 6 5 8 4 11 10 ...
 $ Race.IsAnalyzeNormalPastAndFuture: logi  TRUE TRUE TRUE TRUE TRUE TRUE ...
 $ Race.IsAnalyzeNormalPast         : logi  TRUE TRUE TRUE TRUE TRUE TRUE ...
 $ Race.IsAnalyzeNormalFuture       : logi  FALSE FALSE FALSE FALSE FALSE FALSE ...
 $ Race.IsAnalyzeFullPastAndFuture  : logi  TRUE TRUE TRUE TRUE TRUE TRUE ...
 $ Race.IsAnalyzeFullPast           : logi  TRUE TRUE TRUE TRUE TRUE TRUE ...
 $ Race.IsAnalyzeFullFuture         : logi  FALSE FALSE FALSE FALSE FALSE FALSE ...
 $ Race.JyokenCd                    : Factor w/ 1 level "4": 1 1 1 1 1 1 1 1 1 1 ...
 $ Race.JyoType1Cd                  : Factor w/ 131 levels "2-08-1800-4-1",..: 1 3 2 7 6 5 8 4 11 10 ...
 $ Race.RaceType1Cd                 : Factor w/ 5 levels "2-4-X-2","2-4-X-1",..: 1 2 2 2 1 1 1 2 1 2 ...
 $ RaceHorse.RaceId                 : Factor w/ 2816 levels "20171112-08-05-04-06",..: 1 3 2 7 6 5 8 4 11 10 ...
 $ RaceHorse.KettoNum               : Factor w/ 2450 levels "2013105705","2014101742",..: 1 3 2 7 6 5 8 4 11 10 ...
 $ RaceHorse.IsHit1                 : num  1 1 1 1 1 1 1 1 1 1 ...
 $ RaceHorse.IsHit2                 : num  0 0 0 0 0 0 0 0 0 0 ...
 $ RaceHorse.IsHit3                 : num  0 0 0 0 0 0 0 0 0 0 ...
 $ RaceHorse.IsHit4                 : num  0 0 0 0 0 0 0 0 0 0 ...
 $ RaceHorse.IsHit5                 : num  0 0 0 0 0 0 0 0 0 0 ...
 $ RaceHorse.IsHit6                 : num  0 0 0 0 0 0 0 0 0 0 ...
 $ RaceHorse.IsValidRaceHorse       : logi  TRUE TRUE TRUE TRUE TRUE TRUE ...
 $ RaceHorse.TimeSdvByRace          : num  1.46 1.69 1.34 1.43 1.35 ...
 $ RaceHorse.TimeSdv                : num  0.872 1.028 0.697 0.87 0.867 ...
 $ RaceHorse.IsHitA                 : num  1 1 1 1 1 1 1 1 1 1 ...
 $ RaceHorse.IsHitB                 : num  1 1 1 1 1 1 1 1 1 1 ...
 $ RaceHorse.IsHitC                 : num  1 1 1 1 1 1 1 1 1 1 ...
 $ Jockey.TimeSdvByRaceAvg          : num  0.0499 0.1213 -0.0451 0.0393 0.354 ...
 $ Jockey.TimeSdvByRaceMin          : num  -2.89 -2.45 -2.85 -2.88 -2.98 ...
 $ Jockey.TimeSdvByRaceMax          : num  2 2.23 1.72 2.13 2.32 ...
 $ Jockey.TimeSdvAvg                : num  0.17987 0.23498 0.00869 0.02977 0.3555 ...
 $ Jockey.TimeSdvMin                : num  -4.04 -3.66 -4.31 -3.2 -4.55 ...
 $ Jockey.TimeSdvMax                : num  2.12 1.93 1.99 2.39 2.27 ...
 $ Jockey.OrderOfFinishSdvAvg       : num  0.0134 0.1801 -0.0707 0.0129 0.3438 ...
 $ Jockey.RunCount                  : num  342 173 278 273 224 245 292 318 240 184 ...
 $ Jockey.HitCount1                 : num  20 18 17 17 29 22 28 54 24 35 ...
 $ Jockey.HitCount2                 : num  33 10 16 20 23 18 30 31 20 28 ...
 $ Jockey.HitCount3                 : num  23 13 25 17 29 14 22 30 21 23 ...
 $ Jockey.HitCount4                 : num  24 15 18 22 24 19 29 33 19 13 ...
 $ Jockey.HitCount5                 : num  38 21 14 16 18 23 19 18 24 19 ...
 $ Jockey.HitRate1                  : num  0.0585 0.104 0.0612 0.0623 0.1295 ...
 $ Jockey.HitRate2                  : num  0.0965 0.0578 0.0576 0.0733 0.1027 ...
 $ Jockey.HitRate3                  : num  0.0673 0.0751 0.0899 0.0623 0.1295 ...
 $ Jockey.HitRate4                  : num  0.0702 0.0867 0.0647 0.0806 0.1071 ...
 $ Jockey.HitRate5                  : num  0.1111 0.1214 0.0504 0.0586 0.0804 ...
 $ EOF                              : int  1 1 1 1 1 1 1 1 1 1 ...
[1] "2022-02-26 23:19:02 --- na.omit Finish ---"
[1] "2022-02-26 23:19:02 --- rxGlm with rxStepControl Start ---"

> print(paste0(Sys.time(), " --- source_logic_glm.R Start ---"))
[1] "2022-02-26 23:19:02 --- source_logic_glm.R Start ---"

> formula <- formula(RaceHorse.IsHitA ~ +1 + Jockey.TimeSdvByRaceAvg)

> print(paste0(Sys.time(), " --- source_logic_glm.R Finished ---"))
[1] "2022-02-26 23:19:02 --- source_logic_glm.R Finished ---"
Rows Read: 2819, Total Rows Processed: 2819, Total Chunk Time: Less than .001 seconds 

Starting values (iteration 1) time: 0.010 secs.
Rows Read: 2819, Total Rows Processed: 2819, Total Chunk Time: 0.002 seconds 

Iteration 2 time: 0.007 secs.

Elapsed computation time: 0.025 secs.
Rows Read: 2819, Total Rows Processed: 2819, Total Chunk Time: Less than .001 seconds 

Starting values (iteration 1) time: 0.007 secs.
Rows Read: 2819, Total Rows Processed: 2819, Total Chunk Time: 0.001 seconds 

Iteration 2 time: 0.006 secs.

Elapsed computation time: 0.025 secs.
Rows Read: 2819, Total Rows Processed: 2819, Total Chunk Time: Less than .001 seconds 

Starting values (iteration 1) time: 0.007 secs.
Rows Read: 2819, Total Rows Processed: 2819, Total Chunk Time: Less than .001 seconds 

Iteration 2 time: 0.006 secs.

Elapsed computation time: 0.024 secs.
Rows Read: 2819, Total Rows Processed: 2819, Total Chunk Time: Less than .001 seconds 

Starting values (iteration 1) time: 0.007 secs.
Rows Read: 2819, Total Rows Processed: 2819, Total Chunk Time: 0.001 seconds 

Iteration 2 time: 0.005 secs.

Elapsed computation time: 0.024 secs.

Elapsed computation time: 0.120 secs.
[1] "--------------------------------------------------------------------------------"
[1] "analyze.results.glm.step="
Logistic Regression Results for: RaceHorse.IsHitA ~ 1
Data: data
Dependent variable(s): RaceHorse.IsHitA
Total independent variables: 1 
Number of valid observations: 2819
Number of missing observations: 0 
 
Coefficients:
            RaceHorse.IsHitA
(Intercept)                2
[1] "analyze.results.glm.step.summary"
Call:
rxLogit(formula = formula, data = data, variableSelection = analyze.results.glm.step.varsel)

Logistic Regression Results for: RaceHorse.IsHitA ~ 1
Data: data
Dependent variable(s): RaceHorse.IsHitA
Total independent variables: 1 
Number of valid observations: 2819
Number of missing observations: 0 
-2*LogLikelihood: 3907.964 (Residual deviance on 2818 degrees of freedom)
 
Coefficients:
            Estimate Std. Error z value Pr(>|z|)    
(Intercept)   2.0000     0.0377    53.1  2.2e-16 ***
---
Signif. codes:  0 '***' 0.001 '**' 0.01 '*' 0.05 '.' 0.1 ' ' 1

Condition number of final variance-covariance matrix: 1 
Number of iterations: 2
[1] "--------------------------------------------------------------------------------"
[1] "2022-02-26 23:19:02 --- rxGlm with rxStepControl Finish ---"
[1] "2022-02-26 23:19:02 --- rxStepPlot Start ---"
[1] "pdfFilename=pdf_analyze_glm_Jockey_Type24_rxStepPlot.pdf"
[1] "rxStepPlot="
[1] "2022-02-26 23:19:02 --- rxStepPlot Finish ---"
[1] "2022-02-26 23:19:02 --- save.image Start ---"
[1] "save.image"
[1] "rdataFilename=RData_analyze_glm_Jockey_Type24.RData"
[1] "2022-02-26 23:19:02 --- save.image Finish ---"
[1] "2022-02-26 23:19:02 --- final Start ---"
[1] "--------------------------------------------------------------------------------"
[1] "nrow(data) final=2819"
[1] "--------------------------------------------------------------------------------"
[1] "2022-02-26 23:19:02 --- final Finish ---"
[1] "2022-02-26 23:19:02 --- analyze_glm.R Finished ---"
[1] "2022-02-26 23:19:02 --- log Finish ---"
