[1] "2022-02-26 23:12:13 --- D1115_analyze_glm_Horse_IsHitA_Type23 Start ---"
[1] "2022-02-26 23:12:13 --- Log Start ---"
[1] "2022-02-26 23:12:13 --- analyze_glm.R Start ---"
[1] "analyzeVersion=D1115"
[1] "analyzeCategory=analyze"
[1] "analyzeType=Horse"
[1] "analyzeFamily=IsHitA"
[1] "analyzeFunc=glm"
[1] "analyzeTrackTypeCd=2"
[1] "analyzeJyokenCd=3"
[1] "2022-02-26 23:12:13 --- source_function.R Start ---"
[1] "2022-02-26 23:12:13 --- source_function.R Finished ---"

> print(paste0(Sys.time(), " --- source_library.R Start ---"))
[1] "2022-02-26 23:12:13 --- source_library.R Start ---"

> require("RevoScaleR")

> print(paste0(Sys.time(), " --- source_library.R Finished ---"))
[1] "2022-02-26 23:12:16 --- source_library.R Finished ---"
[1] "2022-02-26 23:12:16 --- RxSqlServerData Start ---"
[1] "2022-02-26 23:12:16 --- RxInSqlServer Start ---"
[1] "2022-02-26 23:12:16 --- RxInSqlServer Finish ---"
[1] "2022-02-26 23:12:16 --- rxSetComputeContext Start ---"
[1] "2022-02-26 23:12:16 --- rxSetComputeContext Finish ---"
[1] "2022-02-26 23:12:16 --- RxSqlServerData Start ---"
[1] "sqlQuery=SELECT * FROM ViewAnalyzeD1115analyze01HorseType23"
[1] "2022-02-26 23:12:16 --- RxSqlServerData Finish ---"
[1] "2022-02-26 23:12:16 --- rxGetVarInfo Start ---"
[1] "2022-02-26 23:12:18 --- rxGetVarInfo Finish---"
[1] "2022-02-26 23:12:18 --- rxImport Start ---"
Rows Read: 1014, Total Rows Processed: 1014, Total Chunk Time: 293.852 seconds 
[1] "2022-02-26 23:30:12 --- rxImport Finish ---"
[1] "object.size(data) auto=608.9 Kb"
[1] "--------------------------------------------------------------------------------"
[1] "nrow(data) RxSqlServerData=1014"
[1] "--------------------------------------------------------------------------------"
[1] "str(data)="
'data.frame':	1014 obs. of  44 variables:
 $ Race.RaceId                      : Factor w/ 1011 levels "20160710-03-02-04-10",..: 11 12 13 14 15 16 17 18 19 20 ...
 $ Race.IsAnalyzeNormalPastAndFuture: logi  TRUE TRUE TRUE TRUE TRUE TRUE ...
 $ Race.IsAnalyzeNormalPast         : logi  TRUE TRUE TRUE TRUE TRUE TRUE ...
 $ Race.IsAnalyzeNormalFuture       : logi  FALSE FALSE FALSE FALSE FALSE FALSE ...
 $ Race.IsAnalyzeFullPastAndFuture  : logi  TRUE TRUE TRUE TRUE TRUE TRUE ...
 $ Race.IsAnalyzeFullPast           : logi  TRUE TRUE TRUE TRUE TRUE TRUE ...
 $ Race.IsAnalyzeFullFuture         : logi  FALSE FALSE FALSE FALSE FALSE FALSE ...
 $ Race.JyokenCd                    : Factor w/ 1 level "3": 1 1 1 1 1 1 1 1 1 1 ...
 $ Race.JyoType1Cd                  : Factor w/ 105 levels "2-03-1700-3-1",..: 10 10 11 12 13 14 15 16 17 8 ...
 $ Race.RaceType1Cd                 : Factor w/ 6 levels "2-3-E-2","2-3-X-2",..: 5 4 4 4 5 1 5 1 4 4 ...
 $ RaceHorse.RaceId                 : Factor w/ 1011 levels "20160710-03-02-04-10",..: 11 12 13 14 15 16 17 18 19 20 ...
 $ RaceHorse.KettoNum               : Factor w/ 917 levels "2010103165","2011102515",..: 11 12 13 14 15 16 17 17 18 19 ...
 $ RaceHorse.IsHit1                 : num  1 1 1 1 1 1 1 1 1 1 ...
 $ RaceHorse.IsHit2                 : num  0 0 0 0 0 0 0 0 0 0 ...
 $ RaceHorse.IsHit3                 : num  0 0 0 0 0 0 0 0 0 0 ...
 $ RaceHorse.IsHit4                 : num  0 0 0 0 0 0 0 0 0 0 ...
 $ RaceHorse.IsHit5                 : num  0 0 0 0 0 0 0 0 0 0 ...
 $ RaceHorse.IsHit6                 : num  0 0 0 0 0 0 0 0 0 0 ...
 $ RaceHorse.IsValidRaceHorse       : logi  TRUE TRUE TRUE TRUE TRUE TRUE ...
 $ RaceHorse.TimeSdvByRace          : num  1.09 1.31 1.6 1.22 1.32 ...
 $ RaceHorse.TimeSdv                : num  0.127 0.807 1.257 1.405 1.258 ...
 $ RaceHorse.IsHitA                 : num  1 1 1 1 1 1 1 1 1 1 ...
 $ RaceHorse.IsHitB                 : num  1 1 1 1 1 1 1 1 1 1 ...
 $ RaceHorse.IsHitC                 : num  1 1 1 1 1 1 1 1 1 1 ...
 $ Horse.KettoNum                   : Factor w/ 917 levels "2010103165","2011102515",..: 11 12 13 14 15 16 17 17 18 19 ...
 $ Horse.TimeSdvByRaceAvg           : num  0.6277 0.0695 0.6516 0.9678 0.4999 ...
 $ Horse.TimeSdvByRaceMin           : num  -0.541 -2.097 -1.516 0.433 -1.832 ...
 $ Horse.TimeSdvByRaceMax           : num  1.56 1.48 1.59 1.75 1.29 ...
 $ Horse.TimeSdvAvg                 : num  0.625 -0.119 0.586 0.998 0.619 ...
 $ Horse.TimeSdvMin                 : num  -1.2177 -1.5572 -1.2555 -0.0473 -1.5525 ...
 $ Horse.TimeSdvMax                 : num  1.99 1.46 1.91 1.91 1.72 ...
 $ Horse.OrderOfFinishSdvAvg        : num  0.6154 0.0451 0.6895 1.254 0.5409 ...
 $ Horse.RunCount                   : num  26 12 26 6 28 37 18 24 18 13 ...
 $ Horse.HitCount1                  : num  3 1 3 3 3 3 2 3 1 3 ...
 $ Horse.HitCount2                  : num  5 2 3 0 5 6 4 7 3 1 ...
 $ Horse.HitCount3                  : num  2 0 3 2 1 8 1 3 2 3 ...
 $ Horse.HitCount4                  : num  2 1 8 0 5 5 5 5 2 2 ...
 $ Horse.HitCount5                  : num  3 0 1 0 3 4 2 2 2 1 ...
 $ Horse.HitRate1                   : num  0.1154 0.0833 0.1154 0.5 0.1071 ...
 $ Horse.HitRate2                   : num  0.192 0.167 0.115 0 0.179 ...
 $ Horse.HitRate3                   : num  0.0769 0 0.1154 0.3333 0.0357 ...
 $ Horse.HitRate4                   : num  0.0769 0.0833 0.3077 0 0.1786 ...
 $ Horse.HitRate5                   : num  0.1154 0 0.0385 0 0.1071 ...
 $ EOF                              : int  1 1 1 1 1 1 1 1 1 1 ...
[1] "2022-02-26 23:30:12 --- RxSqlServerData Finish ---"
[1] "2022-02-26 23:30:12 --- subset Start ---"
[1] "--------------------------------------------------------------------------------"
[1] "nrow(data) subset before=1014"
[1] "nrow(data) subset after =1014"
[1] "nrow(data) subset diff =0"
[1] "--------------------------------------------------------------------------------"
[1] "2022-02-26 23:30:12 --- subset Finish---"
[1] "2022-02-26 23:30:12 --- transform Start ---"
[1] "--------------------------------------------------------------------------------"
[1] "nrow(data) transform before=1014"
[1] "nrow(data) transform after=1014"
[1] "nrow(data) transform diff=0"
[1] "--------------------------------------------------------------------------------"
[1] "str(data)="
'data.frame':	1014 obs. of  44 variables:
 $ Race.RaceId                      : Factor w/ 1011 levels "20160710-03-02-04-10",..: 11 12 13 14 15 16 17 18 19 20 ...
 $ Race.IsAnalyzeNormalPastAndFuture: logi  TRUE TRUE TRUE TRUE TRUE TRUE ...
 $ Race.IsAnalyzeNormalPast         : logi  TRUE TRUE TRUE TRUE TRUE TRUE ...
 $ Race.IsAnalyzeNormalFuture       : logi  FALSE FALSE FALSE FALSE FALSE FALSE ...
 $ Race.IsAnalyzeFullPastAndFuture  : logi  TRUE TRUE TRUE TRUE TRUE TRUE ...
 $ Race.IsAnalyzeFullPast           : logi  TRUE TRUE TRUE TRUE TRUE TRUE ...
 $ Race.IsAnalyzeFullFuture         : logi  FALSE FALSE FALSE FALSE FALSE FALSE ...
 $ Race.JyokenCd                    : Factor w/ 1 level "3": 1 1 1 1 1 1 1 1 1 1 ...
 $ Race.JyoType1Cd                  : Factor w/ 105 levels "2-03-1700-3-1",..: 10 10 11 12 13 14 15 16 17 8 ...
 $ Race.RaceType1Cd                 : Factor w/ 6 levels "2-3-E-2","2-3-X-2",..: 5 4 4 4 5 1 5 1 4 4 ...
 $ RaceHorse.RaceId                 : Factor w/ 1011 levels "20160710-03-02-04-10",..: 11 12 13 14 15 16 17 18 19 20 ...
 $ RaceHorse.KettoNum               : Factor w/ 917 levels "2010103165","2011102515",..: 11 12 13 14 15 16 17 17 18 19 ...
 $ RaceHorse.IsHit1                 : num  1 1 1 1 1 1 1 1 1 1 ...
 $ RaceHorse.IsHit2                 : num  0 0 0 0 0 0 0 0 0 0 ...
 $ RaceHorse.IsHit3                 : num  0 0 0 0 0 0 0 0 0 0 ...
 $ RaceHorse.IsHit4                 : num  0 0 0 0 0 0 0 0 0 0 ...
 $ RaceHorse.IsHit5                 : num  0 0 0 0 0 0 0 0 0 0 ...
 $ RaceHorse.IsHit6                 : num  0 0 0 0 0 0 0 0 0 0 ...
 $ RaceHorse.IsValidRaceHorse       : logi  TRUE TRUE TRUE TRUE TRUE TRUE ...
 $ RaceHorse.TimeSdvByRace          : num  1.09 1.31 1.6 1.22 1.32 ...
 $ RaceHorse.TimeSdv                : num  0.127 0.807 1.257 1.405 1.258 ...
 $ RaceHorse.IsHitA                 : num  1 1 1 1 1 1 1 1 1 1 ...
 $ RaceHorse.IsHitB                 : num  1 1 1 1 1 1 1 1 1 1 ...
 $ RaceHorse.IsHitC                 : num  1 1 1 1 1 1 1 1 1 1 ...
 $ Horse.KettoNum                   : Factor w/ 917 levels "2010103165","2011102515",..: 11 12 13 14 15 16 17 17 18 19 ...
 $ Horse.TimeSdvByRaceAvg           : num  0.6277 0.0695 0.6516 0.9678 0.4999 ...
 $ Horse.TimeSdvByRaceMin           : num  -0.541 -2.097 -1.516 0.433 -1.832 ...
 $ Horse.TimeSdvByRaceMax           : num  1.56 1.48 1.59 1.75 1.29 ...
 $ Horse.TimeSdvAvg                 : num  0.625 -0.119 0.586 0.998 0.619 ...
 $ Horse.TimeSdvMin                 : num  -1.2177 -1.5572 -1.2555 -0.0473 -1.5525 ...
 $ Horse.TimeSdvMax                 : num  1.99 1.46 1.91 1.91 1.72 ...
 $ Horse.OrderOfFinishSdvAvg        : num  0.6154 0.0451 0.6895 1.254 0.5409 ...
 $ Horse.RunCount                   : num  26 12 26 6 28 37 18 24 18 13 ...
 $ Horse.HitCount1                  : num  3 1 3 3 3 3 2 3 1 3 ...
 $ Horse.HitCount2                  : num  5 2 3 0 5 6 4 7 3 1 ...
 $ Horse.HitCount3                  : num  2 0 3 2 1 8 1 3 2 3 ...
 $ Horse.HitCount4                  : num  2 1 8 0 5 5 5 5 2 2 ...
 $ Horse.HitCount5                  : num  3 0 1 0 3 4 2 2 2 1 ...
 $ Horse.HitRate1                   : num  0.1154 0.0833 0.1154 0.5 0.1071 ...
 $ Horse.HitRate2                   : num  0.192 0.167 0.115 0 0.179 ...
 $ Horse.HitRate3                   : num  0.0769 0 0.1154 0.3333 0.0357 ...
 $ Horse.HitRate4                   : num  0.0769 0.0833 0.3077 0 0.1786 ...
 $ Horse.HitRate5                   : num  0.1154 0 0.0385 0 0.1071 ...
 $ EOF                              : int  1 1 1 1 1 1 1 1 1 1 ...
NULL
[1] "2022-02-26 23:30:12 --- transform Finish ---"
[1] "2022-02-26 23:30:12 --- na.omit Start ---"
[1] "--------------------------------------------------------------------------------"
[1] "nrow(data) na.omit before=1014"
[1] "nrow(data) na.omit after =1014"
[1] "nrow(data) na.omit diff =0"
[1] "--------------------------------------------------------------------------------"
'data.frame':	1014 obs. of  44 variables:
 $ Race.RaceId                      : Factor w/ 1011 levels "20160710-03-02-04-10",..: 11 12 13 14 15 16 17 18 19 20 ...
 $ Race.IsAnalyzeNormalPastAndFuture: logi  TRUE TRUE TRUE TRUE TRUE TRUE ...
 $ Race.IsAnalyzeNormalPast         : logi  TRUE TRUE TRUE TRUE TRUE TRUE ...
 $ Race.IsAnalyzeNormalFuture       : logi  FALSE FALSE FALSE FALSE FALSE FALSE ...
 $ Race.IsAnalyzeFullPastAndFuture  : logi  TRUE TRUE TRUE TRUE TRUE TRUE ...
 $ Race.IsAnalyzeFullPast           : logi  TRUE TRUE TRUE TRUE TRUE TRUE ...
 $ Race.IsAnalyzeFullFuture         : logi  FALSE FALSE FALSE FALSE FALSE FALSE ...
 $ Race.JyokenCd                    : Factor w/ 1 level "3": 1 1 1 1 1 1 1 1 1 1 ...
 $ Race.JyoType1Cd                  : Factor w/ 105 levels "2-03-1700-3-1",..: 10 10 11 12 13 14 15 16 17 8 ...
 $ Race.RaceType1Cd                 : Factor w/ 6 levels "2-3-E-2","2-3-X-2",..: 5 4 4 4 5 1 5 1 4 4 ...
 $ RaceHorse.RaceId                 : Factor w/ 1011 levels "20160710-03-02-04-10",..: 11 12 13 14 15 16 17 18 19 20 ...
 $ RaceHorse.KettoNum               : Factor w/ 917 levels "2010103165","2011102515",..: 11 12 13 14 15 16 17 17 18 19 ...
 $ RaceHorse.IsHit1                 : num  1 1 1 1 1 1 1 1 1 1 ...
 $ RaceHorse.IsHit2                 : num  0 0 0 0 0 0 0 0 0 0 ...
 $ RaceHorse.IsHit3                 : num  0 0 0 0 0 0 0 0 0 0 ...
 $ RaceHorse.IsHit4                 : num  0 0 0 0 0 0 0 0 0 0 ...
 $ RaceHorse.IsHit5                 : num  0 0 0 0 0 0 0 0 0 0 ...
 $ RaceHorse.IsHit6                 : num  0 0 0 0 0 0 0 0 0 0 ...
 $ RaceHorse.IsValidRaceHorse       : logi  TRUE TRUE TRUE TRUE TRUE TRUE ...
 $ RaceHorse.TimeSdvByRace          : num  1.09 1.31 1.6 1.22 1.32 ...
 $ RaceHorse.TimeSdv                : num  0.127 0.807 1.257 1.405 1.258 ...
 $ RaceHorse.IsHitA                 : num  1 1 1 1 1 1 1 1 1 1 ...
 $ RaceHorse.IsHitB                 : num  1 1 1 1 1 1 1 1 1 1 ...
 $ RaceHorse.IsHitC                 : num  1 1 1 1 1 1 1 1 1 1 ...
 $ Horse.KettoNum                   : Factor w/ 917 levels "2010103165","2011102515",..: 11 12 13 14 15 16 17 17 18 19 ...
 $ Horse.TimeSdvByRaceAvg           : num  0.6277 0.0695 0.6516 0.9678 0.4999 ...
 $ Horse.TimeSdvByRaceMin           : num  -0.541 -2.097 -1.516 0.433 -1.832 ...
 $ Horse.TimeSdvByRaceMax           : num  1.56 1.48 1.59 1.75 1.29 ...
 $ Horse.TimeSdvAvg                 : num  0.625 -0.119 0.586 0.998 0.619 ...
 $ Horse.TimeSdvMin                 : num  -1.2177 -1.5572 -1.2555 -0.0473 -1.5525 ...
 $ Horse.TimeSdvMax                 : num  1.99 1.46 1.91 1.91 1.72 ...
 $ Horse.OrderOfFinishSdvAvg        : num  0.6154 0.0451 0.6895 1.254 0.5409 ...
 $ Horse.RunCount                   : num  26 12 26 6 28 37 18 24 18 13 ...
 $ Horse.HitCount1                  : num  3 1 3 3 3 3 2 3 1 3 ...
 $ Horse.HitCount2                  : num  5 2 3 0 5 6 4 7 3 1 ...
 $ Horse.HitCount3                  : num  2 0 3 2 1 8 1 3 2 3 ...
 $ Horse.HitCount4                  : num  2 1 8 0 5 5 5 5 2 2 ...
 $ Horse.HitCount5                  : num  3 0 1 0 3 4 2 2 2 1 ...
 $ Horse.HitRate1                   : num  0.1154 0.0833 0.1154 0.5 0.1071 ...
 $ Horse.HitRate2                   : num  0.192 0.167 0.115 0 0.179 ...
 $ Horse.HitRate3                   : num  0.0769 0 0.1154 0.3333 0.0357 ...
 $ Horse.HitRate4                   : num  0.0769 0.0833 0.3077 0 0.1786 ...
 $ Horse.HitRate5                   : num  0.1154 0 0.0385 0 0.1071 ...
 $ EOF                              : int  1 1 1 1 1 1 1 1 1 1 ...
[1] "2022-02-26 23:30:13 --- na.omit Finish ---"
[1] "2022-02-26 23:30:13 --- rxGlm with rxStepControl Start ---"

> print(paste0(Sys.time(), " --- source_logic_glm.R Start ---"))
[1] "2022-02-26 23:30:13 --- source_logic_glm.R Start ---"

> formula <- formula(RaceHorse.IsHitA ~ +1 + Horse.TimeSdvByRaceAvg)

> print(paste0(Sys.time(), " --- source_logic_glm.R Finished ---"))
[1] "2022-02-26 23:30:13 --- source_logic_glm.R Finished ---"
Rows Read: 1014, Total Rows Processed: 1014, Total Chunk Time: Less than .001 seconds 

Starting values (iteration 1) time: 0.008 secs.
Rows Read: 1014, Total Rows Processed: 1014, Total Chunk Time: Less than .001 seconds 

Iteration 2 time: 0.006 secs.

Elapsed computation time: 0.021 secs.
Rows Read: 1014, Total Rows Processed: 1014, Total Chunk Time: Less than .001 seconds 

Starting values (iteration 1) time: 0.006 secs.
Rows Read: 1014, Total Rows Processed: 1014, Total Chunk Time: Less than .001 seconds 

Iteration 2 time: 0.005 secs.

Elapsed computation time: 0.020 secs.
Rows Read: 1014, Total Rows Processed: 1014, Total Chunk Time: Less than .001 seconds 

Starting values (iteration 1) time: 0.006 secs.
Rows Read: 1014, Total Rows Processed: 1014, Total Chunk Time: Less than .001 seconds 

Iteration 2 time: 0.005 secs.

Elapsed computation time: 0.018 secs.
Rows Read: 1014, Total Rows Processed: 1014, Total Chunk Time: Less than .001 seconds 

Starting values (iteration 1) time: 0.005 secs.
Rows Read: 1014, Total Rows Processed: 1014, Total Chunk Time: Less than .001 seconds 

Iteration 2 time: 0.005 secs.

Elapsed computation time: 0.020 secs.

Elapsed computation time: 0.105 secs.
[1] "--------------------------------------------------------------------------------"
[1] "analyze.results.glm.step="
Logistic Regression Results for: RaceHorse.IsHitA ~ 1
Data: data
Dependent variable(s): RaceHorse.IsHitA
Total independent variables: 1 
Number of valid observations: 1014
Number of missing observations: 0 
 
Coefficients:
            RaceHorse.IsHitA
(Intercept)                2
[1] "analyze.results.glm.step.summary"
Call:
rxLogit(formula = formula, data = data, variableSelection = analyze.results.glm.step.varsel)

Logistic Regression Results for: RaceHorse.IsHitA ~ 1
Data: data
Dependent variable(s): RaceHorse.IsHitA
Total independent variables: 1 
Number of valid observations: 1014
Number of missing observations: 0 
-2*LogLikelihood: 1405.702 (Residual deviance on 1013 degrees of freedom)
 
Coefficients:
            Estimate Std. Error z value Pr(>|z|)    
(Intercept)   2.0000     0.0628    31.8  2.2e-16 ***
---
Signif. codes:  0 '***' 0.001 '**' 0.01 '*' 0.05 '.' 0.1 ' ' 1

Condition number of final variance-covariance matrix: 1 
Number of iterations: 2
[1] "--------------------------------------------------------------------------------"
[1] "2022-02-26 23:30:13 --- rxGlm with rxStepControl Finish ---"
[1] "2022-02-26 23:30:13 --- rxStepPlot Start ---"
[1] "pdfFilename=pdf_analyze_glm_Horse_Type23_rxStepPlot.pdf"
[1] "rxStepPlot="
[1] "2022-02-26 23:30:13 --- rxStepPlot Finish ---"
[1] "2022-02-26 23:30:13 --- save.image Start ---"
[1] "save.image"
[1] "rdataFilename=RData_analyze_glm_Horse_Type23.RData"
[1] "2022-02-26 23:30:13 --- save.image Finish ---"
[1] "2022-02-26 23:30:13 --- final Start ---"
[1] "--------------------------------------------------------------------------------"
[1] "nrow(data) final=1014"
[1] "--------------------------------------------------------------------------------"
[1] "2022-02-26 23:30:13 --- final Finish ---"
[1] "2022-02-26 23:30:13 --- analyze_glm.R Finished ---"
[1] "2022-02-26 23:30:13 --- log Finish ---"
