[1] "2022-02-26 23:11:00 --- D1115_analyze_glm_Gen02_IsHitA_Type25 Start ---"
[1] "2022-02-26 23:11:00 --- Log Start ---"
[1] "2022-02-26 23:11:00 --- analyze_glm.R Start ---"
[1] "analyzeVersion=D1115"
[1] "analyzeCategory=analyze"
[1] "analyzeType=Gen02"
[1] "analyzeFamily=IsHitA"
[1] "analyzeFunc=glm"
[1] "analyzeTrackTypeCd=2"
[1] "analyzeJyokenCd=5"
[1] "2022-02-26 23:11:00 --- source_function.R Start ---"
[1] "2022-02-26 23:11:00 --- source_function.R Finished ---"

> print(paste0(Sys.time(), " --- source_library.R Start ---"))
[1] "2022-02-26 23:11:01 --- source_library.R Start ---"

> require("RevoScaleR")

> print(paste0(Sys.time(), " --- source_library.R Finished ---"))
[1] "2022-02-26 23:11:01 --- source_library.R Finished ---"
[1] "2022-02-26 23:11:02 --- RxSqlServerData Start ---"
[1] "2022-02-26 23:11:02 --- RxInSqlServer Start ---"
[1] "2022-02-26 23:11:02 --- RxInSqlServer Finish ---"
[1] "2022-02-26 23:11:02 --- rxSetComputeContext Start ---"
[1] "2022-02-26 23:11:02 --- rxSetComputeContext Finish ---"
[1] "2022-02-26 23:11:02 --- RxSqlServerData Start ---"
[1] "sqlQuery=SELECT * FROM ViewAnalyzeD1115analyze01Gen02Type25"
[1] "2022-02-26 23:11:02 --- RxSqlServerData Finish ---"
[1] "2022-02-26 23:11:02 --- rxGetVarInfo Start ---"
[1] "2022-02-26 23:11:04 --- rxGetVarInfo Finish---"
[1] "2022-02-26 23:11:04 --- rxImport Start ---"
Rows Read: 2807, Total Rows Processed: 2807, Total Chunk Time: 314.330 seconds 
[1] "2022-02-26 23:24:18 --- rxImport Finish ---"
[1] "object.size(data) auto=1.5 Mb"
[1] "--------------------------------------------------------------------------------"
[1] "nrow(data) RxSqlServerData=2807"
[1] "--------------------------------------------------------------------------------"
[1] "str(data)="
'data.frame':	2807 obs. of  44 variables:
 $ Race.RaceId                      : Factor w/ 2803 levels "20160110-08-01-03-02",..: 11 12 13 14 15 16 17 18 19 20 ...
 $ Race.IsAnalyzeNormalPastAndFuture: logi  TRUE TRUE TRUE TRUE TRUE TRUE ...
 $ Race.IsAnalyzeNormalPast         : logi  TRUE TRUE TRUE TRUE TRUE TRUE ...
 $ Race.IsAnalyzeNormalFuture       : logi  FALSE FALSE FALSE FALSE FALSE FALSE ...
 $ Race.IsAnalyzeFullPastAndFuture  : logi  TRUE TRUE TRUE TRUE TRUE TRUE ...
 $ Race.IsAnalyzeFullPast           : logi  TRUE TRUE TRUE TRUE TRUE TRUE ...
 $ Race.IsAnalyzeFullFuture         : logi  FALSE FALSE FALSE FALSE FALSE FALSE ...
 $ Race.JyokenCd                    : Factor w/ 1 level "5": 1 1 1 1 1 1 1 1 1 1 ...
 $ Race.JyoType1Cd                  : Factor w/ 113 levels "2-08-1800-5-1",..: 9 10 11 12 4 13 14 13 15 9 ...
 $ Race.RaceType1Cd                 : Factor w/ 3 levels "2-5-X-2","2-5-X-1",..: 2 1 2 2 2 1 2 1 2 2 ...
 $ RaceHorse.RaceId                 : Factor w/ 2803 levels "20160110-08-01-03-02",..: 11 12 13 14 15 16 17 18 19 20 ...
 $ RaceHorse.KettoNum               : Factor w/ 2807 levels "2013100416","2013104209",..: 11 12 13 14 15 16 17 18 19 20 ...
 $ RaceHorse.IsHit1                 : num  1 1 1 1 1 1 1 1 1 1 ...
 $ RaceHorse.IsHit2                 : num  0 0 0 0 0 0 0 0 0 0 ...
 $ RaceHorse.IsHit3                 : num  0 0 0 0 0 0 0 0 0 0 ...
 $ RaceHorse.IsHit4                 : num  0 0 0 0 0 0 0 0 0 0 ...
 $ RaceHorse.IsHit5                 : num  0 0 0 0 0 0 0 0 0 0 ...
 $ RaceHorse.IsHit6                 : num  0 0 0 0 0 0 0 0 0 0 ...
 $ RaceHorse.IsValidRaceHorse       : logi  TRUE TRUE TRUE TRUE TRUE TRUE ...
 $ RaceHorse.TimeSdvByRace          : num  1.573 0.915 1.273 0.932 1.405 ...
 $ RaceHorse.TimeSdv                : num  0.531 -0.628 1.299 1.494 1.432 ...
 $ RaceHorse.IsHitA                 : num  1 1 1 1 1 1 1 1 1 1 ...
 $ RaceHorse.IsHitB                 : num  1 1 1 1 1 1 1 1 1 1 ...
 $ RaceHorse.IsHitC                 : num  1 1 1 1 1 1 1 1 1 1 ...
 $ Gen02.HansyokuNum                : Factor w/ 284 levels "11202115","11202216",..: 2 10 11 11 12 13 14 15 16 7 ...
 $ Gen02.TimeSdvByRaceAvg           : num  0.454 -0.642 1.283 0.263 1.181 ...
 $ Gen02.TimeSdvByRaceMin           : num  -1 -1.03 1.28 -1.92 1.18 ...
 $ Gen02.TimeSdvByRaceMax           : num  1.2578 0.0127 1.283 1.4069 1.1809 ...
 $ Gen02.TimeSdvAvg                 : num  0.392 0.163 1.243 0.513 1.18 ...
 $ Gen02.TimeSdvMin                 : num  -0.7003 0.0468 1.2432 -0.7147 1.1801 ...
 $ Gen02.TimeSdvMax                 : num  1.327 0.275 1.243 1.411 1.18 ...
 $ Gen02.OrderOfFinishSdvAvg        : num  0.407 -0.354 1.369 0.268 1.144 ...
 $ Gen02.RunCount                   : num  11 3 1 9 1 7 6 9 1 15 ...
 $ Gen02.HitCount1                  : num  1 0 0 0 0 1 2 0 0 0 ...
 $ Gen02.HitCount2                  : num  0 0 1 2 0 0 0 1 0 1 ...
 $ Gen02.HitCount3                  : num  1 0 0 2 1 3 1 1 0 0 ...
 $ Gen02.HitCount4                  : num  3 0 0 0 0 0 1 2 0 2 ...
 $ Gen02.HitCount5                  : num  2 0 0 1 0 2 0 1 0 2 ...
 $ Gen02.HitRate1                   : num  0.0909 0 0 0 0 ...
 $ Gen02.HitRate2                   : num  0 0 1 0.222 0 ...
 $ Gen02.HitRate3                   : num  0.0909 0 0 0.2222 1 ...
 $ Gen02.HitRate4                   : num  0.273 0 0 0 0 ...
 $ Gen02.HitRate5                   : num  0.182 0 0 0.111 0 ...
 $ EOF                              : int  1 1 1 1 1 1 1 1 1 1 ...
[1] "2022-02-26 23:24:21 --- RxSqlServerData Finish ---"
[1] "2022-02-26 23:24:21 --- subset Start ---"
[1] "--------------------------------------------------------------------------------"
[1] "nrow(data) subset before=2807"
[1] "nrow(data) subset after =2807"
[1] "nrow(data) subset diff =0"
[1] "--------------------------------------------------------------------------------"
[1] "2022-02-26 23:24:21 --- subset Finish---"
[1] "2022-02-26 23:24:21 --- transform Start ---"
[1] "--------------------------------------------------------------------------------"
[1] "nrow(data) transform before=2807"
[1] "nrow(data) transform after=2807"
[1] "nrow(data) transform diff=0"
[1] "--------------------------------------------------------------------------------"
[1] "str(data)="
'data.frame':	2807 obs. of  44 variables:
 $ Race.RaceId                      : Factor w/ 2803 levels "20160110-08-01-03-02",..: 11 12 13 14 15 16 17 18 19 20 ...
 $ Race.IsAnalyzeNormalPastAndFuture: logi  TRUE TRUE TRUE TRUE TRUE TRUE ...
 $ Race.IsAnalyzeNormalPast         : logi  TRUE TRUE TRUE TRUE TRUE TRUE ...
 $ Race.IsAnalyzeNormalFuture       : logi  FALSE FALSE FALSE FALSE FALSE FALSE ...
 $ Race.IsAnalyzeFullPastAndFuture  : logi  TRUE TRUE TRUE TRUE TRUE TRUE ...
 $ Race.IsAnalyzeFullPast           : logi  TRUE TRUE TRUE TRUE TRUE TRUE ...
 $ Race.IsAnalyzeFullFuture         : logi  FALSE FALSE FALSE FALSE FALSE FALSE ...
 $ Race.JyokenCd                    : Factor w/ 1 level "5": 1 1 1 1 1 1 1 1 1 1 ...
 $ Race.JyoType1Cd                  : Factor w/ 113 levels "2-08-1800-5-1",..: 9 10 11 12 4 13 14 13 15 9 ...
 $ Race.RaceType1Cd                 : Factor w/ 3 levels "2-5-X-2","2-5-X-1",..: 2 1 2 2 2 1 2 1 2 2 ...
 $ RaceHorse.RaceId                 : Factor w/ 2803 levels "20160110-08-01-03-02",..: 11 12 13 14 15 16 17 18 19 20 ...
 $ RaceHorse.KettoNum               : Factor w/ 2807 levels "2013100416","2013104209",..: 11 12 13 14 15 16 17 18 19 20 ...
 $ RaceHorse.IsHit1                 : num  1 1 1 1 1 1 1 1 1 1 ...
 $ RaceHorse.IsHit2                 : num  0 0 0 0 0 0 0 0 0 0 ...
 $ RaceHorse.IsHit3                 : num  0 0 0 0 0 0 0 0 0 0 ...
 $ RaceHorse.IsHit4                 : num  0 0 0 0 0 0 0 0 0 0 ...
 $ RaceHorse.IsHit5                 : num  0 0 0 0 0 0 0 0 0 0 ...
 $ RaceHorse.IsHit6                 : num  0 0 0 0 0 0 0 0 0 0 ...
 $ RaceHorse.IsValidRaceHorse       : logi  TRUE TRUE TRUE TRUE TRUE TRUE ...
 $ RaceHorse.TimeSdvByRace          : num  1.573 0.915 1.273 0.932 1.405 ...
 $ RaceHorse.TimeSdv                : num  0.531 -0.628 1.299 1.494 1.432 ...
 $ RaceHorse.IsHitA                 : num  1 1 1 1 1 1 1 1 1 1 ...
 $ RaceHorse.IsHitB                 : num  1 1 1 1 1 1 1 1 1 1 ...
 $ RaceHorse.IsHitC                 : num  1 1 1 1 1 1 1 1 1 1 ...
 $ Gen02.HansyokuNum                : Factor w/ 284 levels "11202115","11202216",..: 2 10 11 11 12 13 14 15 16 7 ...
 $ Gen02.TimeSdvByRaceAvg           : num  0.454 -0.642 1.283 0.263 1.181 ...
 $ Gen02.TimeSdvByRaceMin           : num  -1 -1.03 1.28 -1.92 1.18 ...
 $ Gen02.TimeSdvByRaceMax           : num  1.2578 0.0127 1.283 1.4069 1.1809 ...
 $ Gen02.TimeSdvAvg                 : num  0.392 0.163 1.243 0.513 1.18 ...
 $ Gen02.TimeSdvMin                 : num  -0.7003 0.0468 1.2432 -0.7147 1.1801 ...
 $ Gen02.TimeSdvMax                 : num  1.327 0.275 1.243 1.411 1.18 ...
 $ Gen02.OrderOfFinishSdvAvg        : num  0.407 -0.354 1.369 0.268 1.144 ...
 $ Gen02.RunCount                   : num  11 3 1 9 1 7 6 9 1 15 ...
 $ Gen02.HitCount1                  : num  1 0 0 0 0 1 2 0 0 0 ...
 $ Gen02.HitCount2                  : num  0 0 1 2 0 0 0 1 0 1 ...
 $ Gen02.HitCount3                  : num  1 0 0 2 1 3 1 1 0 0 ...
 $ Gen02.HitCount4                  : num  3 0 0 0 0 0 1 2 0 2 ...
 $ Gen02.HitCount5                  : num  2 0 0 1 0 2 0 1 0 2 ...
 $ Gen02.HitRate1                   : num  0.0909 0 0 0 0 ...
 $ Gen02.HitRate2                   : num  0 0 1 0.222 0 ...
 $ Gen02.HitRate3                   : num  0.0909 0 0 0.2222 1 ...
 $ Gen02.HitRate4                   : num  0.273 0 0 0 0 ...
 $ Gen02.HitRate5                   : num  0.182 0 0 0.111 0 ...
 $ EOF                              : int  1 1 1 1 1 1 1 1 1 1 ...
NULL
[1] "2022-02-26 23:24:24 --- transform Finish ---"
[1] "2022-02-26 23:24:24 --- na.omit Start ---"
[1] "--------------------------------------------------------------------------------"
[1] "nrow(data) na.omit before=2807"
[1] "nrow(data) na.omit after =2807"
[1] "nrow(data) na.omit diff =0"
[1] "--------------------------------------------------------------------------------"
'data.frame':	2807 obs. of  44 variables:
 $ Race.RaceId                      : Factor w/ 2803 levels "20160110-08-01-03-02",..: 11 12 13 14 15 16 17 18 19 20 ...
 $ Race.IsAnalyzeNormalPastAndFuture: logi  TRUE TRUE TRUE TRUE TRUE TRUE ...
 $ Race.IsAnalyzeNormalPast         : logi  TRUE TRUE TRUE TRUE TRUE TRUE ...
 $ Race.IsAnalyzeNormalFuture       : logi  FALSE FALSE FALSE FALSE FALSE FALSE ...
 $ Race.IsAnalyzeFullPastAndFuture  : logi  TRUE TRUE TRUE TRUE TRUE TRUE ...
 $ Race.IsAnalyzeFullPast           : logi  TRUE TRUE TRUE TRUE TRUE TRUE ...
 $ Race.IsAnalyzeFullFuture         : logi  FALSE FALSE FALSE FALSE FALSE FALSE ...
 $ Race.JyokenCd                    : Factor w/ 1 level "5": 1 1 1 1 1 1 1 1 1 1 ...
 $ Race.JyoType1Cd                  : Factor w/ 113 levels "2-08-1800-5-1",..: 9 10 11 12 4 13 14 13 15 9 ...
 $ Race.RaceType1Cd                 : Factor w/ 3 levels "2-5-X-2","2-5-X-1",..: 2 1 2 2 2 1 2 1 2 2 ...
 $ RaceHorse.RaceId                 : Factor w/ 2803 levels "20160110-08-01-03-02",..: 11 12 13 14 15 16 17 18 19 20 ...
 $ RaceHorse.KettoNum               : Factor w/ 2807 levels "2013100416","2013104209",..: 11 12 13 14 15 16 17 18 19 20 ...
 $ RaceHorse.IsHit1                 : num  1 1 1 1 1 1 1 1 1 1 ...
 $ RaceHorse.IsHit2                 : num  0 0 0 0 0 0 0 0 0 0 ...
 $ RaceHorse.IsHit3                 : num  0 0 0 0 0 0 0 0 0 0 ...
 $ RaceHorse.IsHit4                 : num  0 0 0 0 0 0 0 0 0 0 ...
 $ RaceHorse.IsHit5                 : num  0 0 0 0 0 0 0 0 0 0 ...
 $ RaceHorse.IsHit6                 : num  0 0 0 0 0 0 0 0 0 0 ...
 $ RaceHorse.IsValidRaceHorse       : logi  TRUE TRUE TRUE TRUE TRUE TRUE ...
 $ RaceHorse.TimeSdvByRace          : num  1.573 0.915 1.273 0.932 1.405 ...
 $ RaceHorse.TimeSdv                : num  0.531 -0.628 1.299 1.494 1.432 ...
 $ RaceHorse.IsHitA                 : num  1 1 1 1 1 1 1 1 1 1 ...
 $ RaceHorse.IsHitB                 : num  1 1 1 1 1 1 1 1 1 1 ...
 $ RaceHorse.IsHitC                 : num  1 1 1 1 1 1 1 1 1 1 ...
 $ Gen02.HansyokuNum                : Factor w/ 284 levels "11202115","11202216",..: 2 10 11 11 12 13 14 15 16 7 ...
 $ Gen02.TimeSdvByRaceAvg           : num  0.454 -0.642 1.283 0.263 1.181 ...
 $ Gen02.TimeSdvByRaceMin           : num  -1 -1.03 1.28 -1.92 1.18 ...
 $ Gen02.TimeSdvByRaceMax           : num  1.2578 0.0127 1.283 1.4069 1.1809 ...
 $ Gen02.TimeSdvAvg                 : num  0.392 0.163 1.243 0.513 1.18 ...
 $ Gen02.TimeSdvMin                 : num  -0.7003 0.0468 1.2432 -0.7147 1.1801 ...
 $ Gen02.TimeSdvMax                 : num  1.327 0.275 1.243 1.411 1.18 ...
 $ Gen02.OrderOfFinishSdvAvg        : num  0.407 -0.354 1.369 0.268 1.144 ...
 $ Gen02.RunCount                   : num  11 3 1 9 1 7 6 9 1 15 ...
 $ Gen02.HitCount1                  : num  1 0 0 0 0 1 2 0 0 0 ...
 $ Gen02.HitCount2                  : num  0 0 1 2 0 0 0 1 0 1 ...
 $ Gen02.HitCount3                  : num  1 0 0 2 1 3 1 1 0 0 ...
 $ Gen02.HitCount4                  : num  3 0 0 0 0 0 1 2 0 2 ...
 $ Gen02.HitCount5                  : num  2 0 0 1 0 2 0 1 0 2 ...
 $ Gen02.HitRate1                   : num  0.0909 0 0 0 0 ...
 $ Gen02.HitRate2                   : num  0 0 1 0.222 0 ...
 $ Gen02.HitRate3                   : num  0.0909 0 0 0.2222 1 ...
 $ Gen02.HitRate4                   : num  0.273 0 0 0 0 ...
 $ Gen02.HitRate5                   : num  0.182 0 0 0.111 0 ...
 $ EOF                              : int  1 1 1 1 1 1 1 1 1 1 ...
[1] "2022-02-26 23:24:28 --- na.omit Finish ---"
[1] "2022-02-26 23:24:28 --- rxGlm with rxStepControl Start ---"

> print(paste0(Sys.time(), " --- source_logic_glm.R Start ---"))
[1] "2022-02-26 23:24:28 --- source_logic_glm.R Start ---"

> formula <- formula(RaceHorse.IsHitA ~ +1 + Gen02.TimeSdvByRaceAvg)

> print(paste0(Sys.time(), " --- source_logic_glm.R Finished ---"))
[1] "2022-02-26 23:24:28 --- source_logic_glm.R Finished ---"
Rows Read: 2807, Total Rows Processed: 2807, Total Chunk Time: 0.001 seconds 

Starting values (iteration 1) time: 0.010 secs.
Rows Read: 2807, Total Rows Processed: 2807, Total Chunk Time: 0.002 seconds 

Iteration 2 time: 0.007 secs.

Elapsed computation time: 0.055 secs.
Rows Read: 2807, Total Rows Processed: 2807, Total Chunk Time: Less than .001 seconds 

Starting values (iteration 1) time: 0.007 secs.
Rows Read: 2807, Total Rows Processed: 2807, Total Chunk Time: 0.001 seconds 

Iteration 2 time: 0.006 secs.

Elapsed computation time: 0.026 secs.
Rows Read: 2807, Total Rows Processed: 2807, Total Chunk Time: Less than .001 seconds 

Starting values (iteration 1) time: 0.007 secs.
Rows Read: 2807, Total Rows Processed: 2807, Total Chunk Time: 0.001 seconds 

Iteration 2 time: 0.006 secs.

Elapsed computation time: 0.024 secs.
Rows Read: 2807, Total Rows Processed: 2807, Total Chunk Time: Less than .001 seconds 

Starting values (iteration 1) time: 0.007 secs.
Rows Read: 2807, Total Rows Processed: 2807, Total Chunk Time: Less than .001 seconds 

Iteration 2 time: 0.005 secs.

Elapsed computation time: 0.023 secs.

Elapsed computation time: 0.150 secs.
[1] "--------------------------------------------------------------------------------"
[1] "analyze.results.glm.step="
Logistic Regression Results for: RaceHorse.IsHitA ~ 1
Data: data
Dependent variable(s): RaceHorse.IsHitA
Total independent variables: 1 
Number of valid observations: 2807
Number of missing observations: 0 
 
Coefficients:
            RaceHorse.IsHitA
(Intercept)                2
[1] "analyze.results.glm.step.summary"
Call:
rxLogit(formula = formula, data = data, variableSelection = analyze.results.glm.step.varsel)

Logistic Regression Results for: RaceHorse.IsHitA ~ 1
Data: data
Dependent variable(s): RaceHorse.IsHitA
Total independent variables: 1 
Number of valid observations: 2807
Number of missing observations: 0 
-2*LogLikelihood: 3891.328 (Residual deviance on 2806 degrees of freedom)
 
Coefficients:
            Estimate Std. Error z value Pr(>|z|)    
(Intercept)   2.0000     0.0377      53  2.2e-16 ***
---
Signif. codes:  0 '***' 0.001 '**' 0.01 '*' 0.05 '.' 0.1 ' ' 1

Condition number of final variance-covariance matrix: 1 
Number of iterations: 2
[1] "--------------------------------------------------------------------------------"
[1] "2022-02-26 23:24:28 --- rxGlm with rxStepControl Finish ---"
[1] "2022-02-26 23:24:28 --- rxStepPlot Start ---"
[1] "pdfFilename=pdf_analyze_glm_Gen02_Type25_rxStepPlot.pdf"
[1] "rxStepPlot="
[1] "2022-02-26 23:24:28 --- rxStepPlot Finish ---"
[1] "2022-02-26 23:24:28 --- save.image Start ---"
[1] "save.image"
[1] "rdataFilename=RData_analyze_glm_Gen02_Type25.RData"
[1] "2022-02-26 23:24:28 --- save.image Finish ---"
[1] "2022-02-26 23:24:28 --- final Start ---"
[1] "--------------------------------------------------------------------------------"
[1] "nrow(data) final=2807"
[1] "--------------------------------------------------------------------------------"
[1] "2022-02-26 23:24:28 --- final Finish ---"
[1] "2022-02-26 23:24:28 --- analyze_glm.R Finished ---"
[1] "2022-02-26 23:24:28 --- log Finish ---"
