[1] "2022-02-26 23:10:59 --- D1115_analyze_glm_Gen02_IsHitA_Type16 Start ---"
[1] "2022-02-26 23:10:59 --- Log Start ---"
[1] "2022-02-26 23:10:59 --- analyze_glm.R Start ---"
[1] "analyzeVersion=D1115"
[1] "analyzeCategory=analyze"
[1] "analyzeType=Gen02"
[1] "analyzeFamily=IsHitA"
[1] "analyzeFunc=glm"
[1] "analyzeTrackTypeCd=1"
[1] "analyzeJyokenCd=6"
[1] "2022-02-26 23:10:59 --- source_function.R Start ---"
[1] "2022-02-26 23:10:59 --- source_function.R Finished ---"

> print(paste0(Sys.time(), " --- source_library.R Start ---"))
[1] "2022-02-26 23:10:59 --- source_library.R Start ---"

> require("RevoScaleR")

> print(paste0(Sys.time(), " --- source_library.R Finished ---"))
[1] "2022-02-26 23:11:01 --- source_library.R Finished ---"
[1] "2022-02-26 23:11:02 --- RxSqlServerData Start ---"
[1] "2022-02-26 23:11:02 --- RxInSqlServer Start ---"
[1] "2022-02-26 23:11:02 --- RxInSqlServer Finish ---"
[1] "2022-02-26 23:11:03 --- rxSetComputeContext Start ---"
[1] "2022-02-26 23:11:03 --- rxSetComputeContext Finish ---"
[1] "2022-02-26 23:11:03 --- RxSqlServerData Start ---"
[1] "sqlQuery=SELECT * FROM ViewAnalyzeD1115analyze01Gen02Type16"
[1] "2022-02-26 23:11:03 --- RxSqlServerData Finish ---"
[1] "2022-02-26 23:11:04 --- rxGetVarInfo Start ---"
[1] "2022-02-26 23:11:06 --- rxGetVarInfo Finish---"
[1] "2022-02-26 23:11:06 --- rxImport Start ---"
Rows Read: 541, Total Rows Processed: 541, Total Chunk Time: 154.088 seconds 
[1] "2022-02-26 23:14:36 --- rxImport Finish ---"
[1] "object.size(data) auto=308.9 Kb"
[1] "--------------------------------------------------------------------------------"
[1] "nrow(data) RxSqlServerData=541"
[1] "--------------------------------------------------------------------------------"
[1] "str(data)="
'data.frame':	541 obs. of  44 variables:
 $ Race.RaceId                      : Factor w/ 541 levels "20160605-09-03-02-05",..: 11 12 13 14 15 16 17 18 19 20 ...
 $ Race.IsAnalyzeNormalPastAndFuture: logi  TRUE TRUE TRUE TRUE TRUE TRUE ...
 $ Race.IsAnalyzeNormalPast         : logi  TRUE TRUE TRUE TRUE TRUE TRUE ...
 $ Race.IsAnalyzeNormalFuture       : logi  FALSE FALSE FALSE FALSE FALSE FALSE ...
 $ Race.IsAnalyzeFullPastAndFuture  : logi  TRUE TRUE TRUE TRUE TRUE TRUE ...
 $ Race.IsAnalyzeFullPast           : logi  TRUE TRUE TRUE TRUE TRUE TRUE ...
 $ Race.IsAnalyzeFullFuture         : logi  FALSE FALSE FALSE FALSE FALSE FALSE ...
 $ Race.JyokenCd                    : Factor w/ 1 level "6": 1 1 1 1 1 1 1 1 1 1 ...
 $ Race.JyoType1Cd                  : Factor w/ 105 levels "1-09-1400-6-3",..: 11 8 12 13 14 5 15 16 17 9 ...
 $ Race.RaceType1Cd                 : Factor w/ 2 levels "1-6-X-1","1-6-X-2": 2 2 2 1 2 1 1 2 1 1 ...
 $ RaceHorse.RaceId                 : Factor w/ 541 levels "20160605-09-03-02-05",..: 11 12 13 14 15 16 17 18 19 20 ...
 $ RaceHorse.KettoNum               : Factor w/ 541 levels "2014105958","2014103798",..: 11 12 13 14 15 16 17 18 19 20 ...
 $ RaceHorse.IsHit1                 : num  1 1 1 1 1 1 1 1 1 1 ...
 $ RaceHorse.IsHit2                 : num  0 0 0 0 0 0 0 0 0 0 ...
 $ RaceHorse.IsHit3                 : num  0 0 0 0 0 0 0 0 0 0 ...
 $ RaceHorse.IsHit4                 : num  0 0 0 0 0 0 0 0 0 0 ...
 $ RaceHorse.IsHit5                 : num  0 0 0 0 0 0 0 0 0 0 ...
 $ RaceHorse.IsHit6                 : num  0 0 0 0 0 0 0 0 0 0 ...
 $ RaceHorse.IsValidRaceHorse       : logi  TRUE TRUE TRUE TRUE TRUE TRUE ...
 $ RaceHorse.TimeSdvByRace          : num  2.09 0.594 1.562 1.577 1.078 ...
 $ RaceHorse.TimeSdv                : num  1.2953 1.2966 0.0533 0.6357 1.3437 ...
 $ RaceHorse.IsHitA                 : num  1 1 1 1 1 1 1 1 1 1 ...
 $ RaceHorse.IsHitB                 : num  1 1 1 1 1 1 1 1 1 1 ...
 $ RaceHorse.IsHitC                 : num  1 1 1 1 1 1 1 1 1 1 ...
 $ Gen02.HansyokuNum                : Factor w/ 97 levels "11201916","11202024",..: 9 10 11 11 12 13 14 6 15 7 ...
 $ Gen02.TimeSdvByRaceAvg           : num  0.888 0.853 0.435 0.359 0.459 ...
 $ Gen02.TimeSdvByRaceMin           : num  0.888 0.528 0.435 -0.627 0.459 ...
 $ Gen02.TimeSdvByRaceMax           : num  0.888 1.178 0.435 1.216 0.459 ...
 $ Gen02.TimeSdvAvg                 : num  0.513 0.976 -0.197 -0.123 0.834 ...
 $ Gen02.TimeSdvMin                 : num  0.513 0.805 -0.197 -1.233 0.834 ...
 $ Gen02.TimeSdvMax                 : num  0.513 1.148 -0.197 0.469 0.834 ...
 $ Gen02.OrderOfFinishSdvAvg        : num  0.762 0.405 0.286 0.984 0.762 ...
 $ Gen02.RunCount                   : num  1 2 1 3 1 1 1 1 2 2 ...
 $ Gen02.HitCount1                  : num  0 0 0 1 0 0 1 0 1 2 ...
 $ Gen02.HitCount2                  : num  0 0 0 0 0 0 0 1 0 0 ...
 $ Gen02.HitCount3                  : num  0 1 0 1 0 0 0 0 0 0 ...
 $ Gen02.HitCount4                  : num  1 0 0 0 1 0 0 0 0 0 ...
 $ Gen02.HitCount5                  : num  0 0 0 0 0 0 0 0 0 0 ...
 $ Gen02.HitRate1                   : num  0 0 0 0.333 0 ...
 $ Gen02.HitRate2                   : num  0 0 0 0 0 0 0 1 0 0 ...
 $ Gen02.HitRate3                   : num  0 0.5 0 0.333 0 ...
 $ Gen02.HitRate4                   : num  1 0 0 0 1 0 0 0 0 0 ...
 $ Gen02.HitRate5                   : num  0 0 0 0 0 0 0 0 0 0 ...
 $ EOF                              : int  1 1 1 1 1 1 1 1 1 1 ...
[1] "2022-02-26 23:14:38 --- RxSqlServerData Finish ---"
[1] "2022-02-26 23:14:38 --- subset Start ---"
[1] "--------------------------------------------------------------------------------"
[1] "nrow(data) subset before=541"
[1] "nrow(data) subset after =541"
[1] "nrow(data) subset diff =0"
[1] "--------------------------------------------------------------------------------"
[1] "2022-02-26 23:14:38 --- subset Finish---"
[1] "2022-02-26 23:14:38 --- transform Start ---"
[1] "--------------------------------------------------------------------------------"
[1] "nrow(data) transform before=541"
[1] "nrow(data) transform after=541"
[1] "nrow(data) transform diff=0"
[1] "--------------------------------------------------------------------------------"
[1] "str(data)="
'data.frame':	541 obs. of  44 variables:
 $ Race.RaceId                      : Factor w/ 541 levels "20160605-09-03-02-05",..: 11 12 13 14 15 16 17 18 19 20 ...
 $ Race.IsAnalyzeNormalPastAndFuture: logi  TRUE TRUE TRUE TRUE TRUE TRUE ...
 $ Race.IsAnalyzeNormalPast         : logi  TRUE TRUE TRUE TRUE TRUE TRUE ...
 $ Race.IsAnalyzeNormalFuture       : logi  FALSE FALSE FALSE FALSE FALSE FALSE ...
 $ Race.IsAnalyzeFullPastAndFuture  : logi  TRUE TRUE TRUE TRUE TRUE TRUE ...
 $ Race.IsAnalyzeFullPast           : logi  TRUE TRUE TRUE TRUE TRUE TRUE ...
 $ Race.IsAnalyzeFullFuture         : logi  FALSE FALSE FALSE FALSE FALSE FALSE ...
 $ Race.JyokenCd                    : Factor w/ 1 level "6": 1 1 1 1 1 1 1 1 1 1 ...
 $ Race.JyoType1Cd                  : Factor w/ 105 levels "1-09-1400-6-3",..: 11 8 12 13 14 5 15 16 17 9 ...
 $ Race.RaceType1Cd                 : Factor w/ 2 levels "1-6-X-1","1-6-X-2": 2 2 2 1 2 1 1 2 1 1 ...
 $ RaceHorse.RaceId                 : Factor w/ 541 levels "20160605-09-03-02-05",..: 11 12 13 14 15 16 17 18 19 20 ...
 $ RaceHorse.KettoNum               : Factor w/ 541 levels "2014105958","2014103798",..: 11 12 13 14 15 16 17 18 19 20 ...
 $ RaceHorse.IsHit1                 : num  1 1 1 1 1 1 1 1 1 1 ...
 $ RaceHorse.IsHit2                 : num  0 0 0 0 0 0 0 0 0 0 ...
 $ RaceHorse.IsHit3                 : num  0 0 0 0 0 0 0 0 0 0 ...
 $ RaceHorse.IsHit4                 : num  0 0 0 0 0 0 0 0 0 0 ...
 $ RaceHorse.IsHit5                 : num  0 0 0 0 0 0 0 0 0 0 ...
 $ RaceHorse.IsHit6                 : num  0 0 0 0 0 0 0 0 0 0 ...
 $ RaceHorse.IsValidRaceHorse       : logi  TRUE TRUE TRUE TRUE TRUE TRUE ...
 $ RaceHorse.TimeSdvByRace          : num  2.09 0.594 1.562 1.577 1.078 ...
 $ RaceHorse.TimeSdv                : num  1.2953 1.2966 0.0533 0.6357 1.3437 ...
 $ RaceHorse.IsHitA                 : num  1 1 1 1 1 1 1 1 1 1 ...
 $ RaceHorse.IsHitB                 : num  1 1 1 1 1 1 1 1 1 1 ...
 $ RaceHorse.IsHitC                 : num  1 1 1 1 1 1 1 1 1 1 ...
 $ Gen02.HansyokuNum                : Factor w/ 97 levels "11201916","11202024",..: 9 10 11 11 12 13 14 6 15 7 ...
 $ Gen02.TimeSdvByRaceAvg           : num  0.888 0.853 0.435 0.359 0.459 ...
 $ Gen02.TimeSdvByRaceMin           : num  0.888 0.528 0.435 -0.627 0.459 ...
 $ Gen02.TimeSdvByRaceMax           : num  0.888 1.178 0.435 1.216 0.459 ...
 $ Gen02.TimeSdvAvg                 : num  0.513 0.976 -0.197 -0.123 0.834 ...
 $ Gen02.TimeSdvMin                 : num  0.513 0.805 -0.197 -1.233 0.834 ...
 $ Gen02.TimeSdvMax                 : num  0.513 1.148 -0.197 0.469 0.834 ...
 $ Gen02.OrderOfFinishSdvAvg        : num  0.762 0.405 0.286 0.984 0.762 ...
 $ Gen02.RunCount                   : num  1 2 1 3 1 1 1 1 2 2 ...
 $ Gen02.HitCount1                  : num  0 0 0 1 0 0 1 0 1 2 ...
 $ Gen02.HitCount2                  : num  0 0 0 0 0 0 0 1 0 0 ...
 $ Gen02.HitCount3                  : num  0 1 0 1 0 0 0 0 0 0 ...
 $ Gen02.HitCount4                  : num  1 0 0 0 1 0 0 0 0 0 ...
 $ Gen02.HitCount5                  : num  0 0 0 0 0 0 0 0 0 0 ...
 $ Gen02.HitRate1                   : num  0 0 0 0.333 0 ...
 $ Gen02.HitRate2                   : num  0 0 0 0 0 0 0 1 0 0 ...
 $ Gen02.HitRate3                   : num  0 0.5 0 0.333 0 ...
 $ Gen02.HitRate4                   : num  1 0 0 0 1 0 0 0 0 0 ...
 $ Gen02.HitRate5                   : num  0 0 0 0 0 0 0 0 0 0 ...
 $ EOF                              : int  1 1 1 1 1 1 1 1 1 1 ...
NULL
[1] "2022-02-26 23:14:51 --- transform Finish ---"
[1] "2022-02-26 23:14:51 --- na.omit Start ---"
[1] "--------------------------------------------------------------------------------"
[1] "nrow(data) na.omit before=541"
[1] "nrow(data) na.omit after =541"
[1] "nrow(data) na.omit diff =0"
[1] "--------------------------------------------------------------------------------"
'data.frame':	541 obs. of  44 variables:
 $ Race.RaceId                      : Factor w/ 541 levels "20160605-09-03-02-05",..: 11 12 13 14 15 16 17 18 19 20 ...
 $ Race.IsAnalyzeNormalPastAndFuture: logi  TRUE TRUE TRUE TRUE TRUE TRUE ...
 $ Race.IsAnalyzeNormalPast         : logi  TRUE TRUE TRUE TRUE TRUE TRUE ...
 $ Race.IsAnalyzeNormalFuture       : logi  FALSE FALSE FALSE FALSE FALSE FALSE ...
 $ Race.IsAnalyzeFullPastAndFuture  : logi  TRUE TRUE TRUE TRUE TRUE TRUE ...
 $ Race.IsAnalyzeFullPast           : logi  TRUE TRUE TRUE TRUE TRUE TRUE ...
 $ Race.IsAnalyzeFullFuture         : logi  FALSE FALSE FALSE FALSE FALSE FALSE ...
 $ Race.JyokenCd                    : Factor w/ 1 level "6": 1 1 1 1 1 1 1 1 1 1 ...
 $ Race.JyoType1Cd                  : Factor w/ 105 levels "1-09-1400-6-3",..: 11 8 12 13 14 5 15 16 17 9 ...
 $ Race.RaceType1Cd                 : Factor w/ 2 levels "1-6-X-1","1-6-X-2": 2 2 2 1 2 1 1 2 1 1 ...
 $ RaceHorse.RaceId                 : Factor w/ 541 levels "20160605-09-03-02-05",..: 11 12 13 14 15 16 17 18 19 20 ...
 $ RaceHorse.KettoNum               : Factor w/ 541 levels "2014105958","2014103798",..: 11 12 13 14 15 16 17 18 19 20 ...
 $ RaceHorse.IsHit1                 : num  1 1 1 1 1 1 1 1 1 1 ...
 $ RaceHorse.IsHit2                 : num  0 0 0 0 0 0 0 0 0 0 ...
 $ RaceHorse.IsHit3                 : num  0 0 0 0 0 0 0 0 0 0 ...
 $ RaceHorse.IsHit4                 : num  0 0 0 0 0 0 0 0 0 0 ...
 $ RaceHorse.IsHit5                 : num  0 0 0 0 0 0 0 0 0 0 ...
 $ RaceHorse.IsHit6                 : num  0 0 0 0 0 0 0 0 0 0 ...
 $ RaceHorse.IsValidRaceHorse       : logi  TRUE TRUE TRUE TRUE TRUE TRUE ...
 $ RaceHorse.TimeSdvByRace          : num  2.09 0.594 1.562 1.577 1.078 ...
 $ RaceHorse.TimeSdv                : num  1.2953 1.2966 0.0533 0.6357 1.3437 ...
 $ RaceHorse.IsHitA                 : num  1 1 1 1 1 1 1 1 1 1 ...
 $ RaceHorse.IsHitB                 : num  1 1 1 1 1 1 1 1 1 1 ...
 $ RaceHorse.IsHitC                 : num  1 1 1 1 1 1 1 1 1 1 ...
 $ Gen02.HansyokuNum                : Factor w/ 97 levels "11201916","11202024",..: 9 10 11 11 12 13 14 6 15 7 ...
 $ Gen02.TimeSdvByRaceAvg           : num  0.888 0.853 0.435 0.359 0.459 ...
 $ Gen02.TimeSdvByRaceMin           : num  0.888 0.528 0.435 -0.627 0.459 ...
 $ Gen02.TimeSdvByRaceMax           : num  0.888 1.178 0.435 1.216 0.459 ...
 $ Gen02.TimeSdvAvg                 : num  0.513 0.976 -0.197 -0.123 0.834 ...
 $ Gen02.TimeSdvMin                 : num  0.513 0.805 -0.197 -1.233 0.834 ...
 $ Gen02.TimeSdvMax                 : num  0.513 1.148 -0.197 0.469 0.834 ...
 $ Gen02.OrderOfFinishSdvAvg        : num  0.762 0.405 0.286 0.984 0.762 ...
 $ Gen02.RunCount                   : num  1 2 1 3 1 1 1 1 2 2 ...
 $ Gen02.HitCount1                  : num  0 0 0 1 0 0 1 0 1 2 ...
 $ Gen02.HitCount2                  : num  0 0 0 0 0 0 0 1 0 0 ...
 $ Gen02.HitCount3                  : num  0 1 0 1 0 0 0 0 0 0 ...
 $ Gen02.HitCount4                  : num  1 0 0 0 1 0 0 0 0 0 ...
 $ Gen02.HitCount5                  : num  0 0 0 0 0 0 0 0 0 0 ...
 $ Gen02.HitRate1                   : num  0 0 0 0.333 0 ...
 $ Gen02.HitRate2                   : num  0 0 0 0 0 0 0 1 0 0 ...
 $ Gen02.HitRate3                   : num  0 0.5 0 0.333 0 ...
 $ Gen02.HitRate4                   : num  1 0 0 0 1 0 0 0 0 0 ...
 $ Gen02.HitRate5                   : num  0 0 0 0 0 0 0 0 0 0 ...
 $ EOF                              : int  1 1 1 1 1 1 1 1 1 1 ...
[1] "2022-02-26 23:14:58 --- na.omit Finish ---"
[1] "2022-02-26 23:14:58 --- rxGlm with rxStepControl Start ---"

> print(paste0(Sys.time(), " --- source_logic_glm.R Start ---"))
[1] "2022-02-26 23:14:58 --- source_logic_glm.R Start ---"

> formula <- formula(RaceHorse.IsHitA ~ +1 + Gen02.TimeSdvByRaceAvg)

> print(paste0(Sys.time(), " --- source_logic_glm.R Finished ---"))
[1] "2022-02-26 23:14:59 --- source_logic_glm.R Finished ---"
Rows Read: 541, Total Rows Processed: 541, Total Chunk Time: Less than .001 seconds 

Starting values (iteration 1) time: 0.031 secs.
Rows Read: 541, Total Rows Processed: 541, Total Chunk Time: 0.002 seconds 

Iteration 2 time: 0.006 secs.

Elapsed computation time: 0.044 secs.
Rows Read: 541, Total Rows Processed: 541, Total Chunk Time: 0.001 seconds 

Starting values (iteration 1) time: 0.005 secs.
Rows Read: 541, Total Rows Processed: 541, Total Chunk Time: Less than .001 seconds 

Iteration 2 time: 0.005 secs.

Elapsed computation time: 0.025 secs.
Rows Read: 541, Total Rows Processed: 541, Total Chunk Time: 0.001 seconds 

Starting values (iteration 1) time: 0.005 secs.
Rows Read: 541, Total Rows Processed: 541, Total Chunk Time: 0.001 seconds 

Iteration 2 time: 0.006 secs.

Elapsed computation time: 0.025 secs.
Rows Read: 541, Total Rows Processed: 541, Total Chunk Time: 0.001 seconds 

Starting values (iteration 1) time: 0.005 secs.
Rows Read: 541, Total Rows Processed: 541, Total Chunk Time: Less than .001 seconds 

Iteration 2 time: 0.009 secs.

Elapsed computation time: 0.164 secs.

Elapsed computation time: 0.279 secs.
[1] "--------------------------------------------------------------------------------"
[1] "analyze.results.glm.step="
Logistic Regression Results for: RaceHorse.IsHitA ~ 1
Data: data
Dependent variable(s): RaceHorse.IsHitA
Total independent variables: 1 
Number of valid observations: 541
Number of missing observations: 0 
 
Coefficients:
            RaceHorse.IsHitA
(Intercept)                2
[1] "analyze.results.glm.step.summary"
Call:
rxLogit(formula = formula, data = data, variableSelection = analyze.results.glm.step.varsel)

Logistic Regression Results for: RaceHorse.IsHitA ~ 1
Data: data
Dependent variable(s): RaceHorse.IsHitA
Total independent variables: 1 
Number of valid observations: 541
Number of missing observations: 0 
-2*LogLikelihood: 749.985 (Residual deviance on 540 degrees of freedom)
 
Coefficients:
            Estimate Std. Error z value Pr(>|z|)    
(Intercept)    2.000      0.086    23.3  2.2e-16 ***
---
Signif. codes:  0 '***' 0.001 '**' 0.01 '*' 0.05 '.' 0.1 ' ' 1

Condition number of final variance-covariance matrix: 1 
Number of iterations: 2
[1] "--------------------------------------------------------------------------------"
[1] "2022-02-26 23:15:00 --- rxGlm with rxStepControl Finish ---"
[1] "2022-02-26 23:15:00 --- rxStepPlot Start ---"
[1] "pdfFilename=pdf_analyze_glm_Gen02_Type16_rxStepPlot.pdf"
[1] "rxStepPlot="
[1] "2022-02-26 23:15:01 --- rxStepPlot Finish ---"
[1] "2022-02-26 23:15:01 --- save.image Start ---"
[1] "save.image"
[1] "rdataFilename=RData_analyze_glm_Gen02_Type16.RData"
[1] "2022-02-26 23:15:01 --- save.image Finish ---"
[1] "2022-02-26 23:15:01 --- final Start ---"
[1] "--------------------------------------------------------------------------------"
[1] "nrow(data) final=541"
[1] "--------------------------------------------------------------------------------"
[1] "2022-02-26 23:15:01 --- final Finish ---"
[1] "2022-02-26 23:15:01 --- analyze_glm.R Finished ---"
[1] "2022-02-26 23:15:01 --- log Finish ---"
