[1] "2022-02-26 23:10:59 --- D1115_analyze_glm_Gen02_IsHitA_Type15 Start ---"
[1] "2022-02-26 23:10:59 --- Log Start ---"
[1] "2022-02-26 23:10:59 --- analyze_glm.R Start ---"
[1] "analyzeVersion=D1115"
[1] "analyzeCategory=analyze"
[1] "analyzeType=Gen02"
[1] "analyzeFamily=IsHitA"
[1] "analyzeFunc=glm"
[1] "analyzeTrackTypeCd=1"
[1] "analyzeJyokenCd=5"
[1] "2022-02-26 23:10:59 --- source_function.R Start ---"
[1] "2022-02-26 23:10:59 --- source_function.R Finished ---"

> print(paste0(Sys.time(), " --- source_library.R Start ---"))
[1] "2022-02-26 23:10:59 --- source_library.R Start ---"

> require("RevoScaleR")

> print(paste0(Sys.time(), " --- source_library.R Finished ---"))
[1] "2022-02-26 23:11:01 --- source_library.R Finished ---"
[1] "2022-02-26 23:11:01 --- RxSqlServerData Start ---"
[1] "2022-02-26 23:11:01 --- RxInSqlServer Start ---"
[1] "2022-02-26 23:11:01 --- RxInSqlServer Finish ---"
[1] "2022-02-26 23:11:02 --- rxSetComputeContext Start ---"
[1] "2022-02-26 23:11:02 --- rxSetComputeContext Finish ---"
[1] "2022-02-26 23:11:02 --- RxSqlServerData Start ---"
[1] "sqlQuery=SELECT * FROM ViewAnalyzeD1115analyze01Gen02Type15"
[1] "2022-02-26 23:11:02 --- RxSqlServerData Finish ---"
[1] "2022-02-26 23:11:02 --- rxGetVarInfo Start ---"
[1] "2022-02-26 23:11:05 --- rxGetVarInfo Finish---"
[1] "2022-02-26 23:11:05 --- rxImport Start ---"
Rows Read: 2042, Total Rows Processed: 2042, Total Chunk Time: 215.851 seconds 
[1] "2022-02-26 23:19:27 --- rxImport Finish ---"
[1] "object.size(data) auto=1.1 Mb"
[1] "--------------------------------------------------------------------------------"
[1] "nrow(data) RxSqlServerData=2042"
[1] "--------------------------------------------------------------------------------"
[1] "str(data)="
'data.frame':	2042 obs. of  44 variables:
 $ Race.RaceId                      : Factor w/ 2038 levels "20160130-08-02-01-05",..: 10 11 12 13 14 15 16 17 18 19 ...
 $ Race.IsAnalyzeNormalPastAndFuture: logi  TRUE TRUE TRUE TRUE TRUE TRUE ...
 $ Race.IsAnalyzeNormalPast         : logi  TRUE TRUE TRUE TRUE TRUE TRUE ...
 $ Race.IsAnalyzeNormalFuture       : logi  FALSE FALSE FALSE FALSE FALSE FALSE ...
 $ Race.IsAnalyzeFullPastAndFuture  : logi  TRUE TRUE TRUE TRUE TRUE TRUE ...
 $ Race.IsAnalyzeFullPast           : logi  TRUE TRUE TRUE TRUE TRUE TRUE ...
 $ Race.IsAnalyzeFullFuture         : logi  FALSE FALSE FALSE FALSE FALSE FALSE ...
 $ Race.JyokenCd                    : Factor w/ 1 level "5": 1 1 1 1 1 1 1 1 1 1 ...
 $ Race.JyoType1Cd                  : Factor w/ 173 levels "1-08-1600-5-3",..: 10 11 12 13 14 15 5 16 17 18 ...
 $ Race.RaceType1Cd                 : Factor w/ 3 levels "1-5-X-1","1-5-X-2",..: 2 1 2 2 1 2 1 2 2 1 ...
 $ RaceHorse.RaceId                 : Factor w/ 2038 levels "20160130-08-02-01-05",..: 10 11 12 13 14 15 16 17 18 19 ...
 $ RaceHorse.KettoNum               : Factor w/ 2042 levels "2013106129","2013105521",..: 11 12 13 14 15 16 17 18 19 20 ...
 $ RaceHorse.IsHit1                 : num  1 1 1 1 1 1 1 1 1 1 ...
 $ RaceHorse.IsHit2                 : num  0 0 0 0 0 0 0 0 0 0 ...
 $ RaceHorse.IsHit3                 : num  0 0 0 0 0 0 0 0 0 0 ...
 $ RaceHorse.IsHit4                 : num  0 0 0 0 0 0 0 0 0 0 ...
 $ RaceHorse.IsHit5                 : num  0 0 0 0 0 0 0 0 0 0 ...
 $ RaceHorse.IsHit6                 : num  0 0 0 0 0 0 0 0 0 0 ...
 $ RaceHorse.IsValidRaceHorse       : logi  TRUE TRUE TRUE TRUE TRUE TRUE ...
 $ RaceHorse.TimeSdvByRace          : num  1.46 1.4 1.25 1.05 1.55 ...
 $ RaceHorse.TimeSdv                : num  -0.0432 1.4252 1.1469 0.8574 -0.2981 ...
 $ RaceHorse.IsHitA                 : num  1 1 1 1 1 1 1 1 1 1 ...
 $ RaceHorse.IsHitB                 : num  1 1 1 1 1 1 1 1 1 1 ...
 $ RaceHorse.IsHitC                 : num  1 1 1 1 1 1 1 1 1 1 ...
 $ Gen02.HansyokuNum                : Factor w/ 201 levels "11202006","11202219",..: 11 1 12 4 13 12 8 14 6 15 ...
 $ Gen02.TimeSdvByRaceAvg           : num  0.128 -2.2 1.219 0.342 0.044 ...
 $ Gen02.TimeSdvByRaceMin           : num  -1.71 -2.2 1.22 -1.1 -1.45 ...
 $ Gen02.TimeSdvByRaceMax           : num  1.239 -2.2 1.219 1.238 0.926 ...
 $ Gen02.TimeSdvAvg                 : num  0.0825 -2.0419 0.7361 -0.0757 -0.0263 ...
 $ Gen02.TimeSdvMin                 : num  -1.277 -2.042 0.736 -1.048 -1.224 ...
 $ Gen02.TimeSdvMax                 : num  1.217 -2.042 0.736 0.46 1.508 ...
 $ Gen02.OrderOfFinishSdvAvg        : num  0.1927 -1.7912 1.3418 0.4332 0.0408 ...
 $ Gen02.RunCount                   : num  8 1 1 4 8 2 2 2 3 5 ...
 $ Gen02.HitCount1                  : num  1 0 0 0 0 0 0 1 0 0 ...
 $ Gen02.HitCount2                  : num  0 0 1 2 1 2 0 0 0 0 ...
 $ Gen02.HitCount3                  : num  1 0 0 0 0 0 1 0 0 0 ...
 $ Gen02.HitCount4                  : num  1 0 0 0 1 0 0 0 1 0 ...
 $ Gen02.HitCount5                  : num  2 0 0 0 0 0 0 0 0 1 ...
 $ Gen02.HitRate1                   : num  0.125 0 0 0 0 0 0 0.5 0 0 ...
 $ Gen02.HitRate2                   : num  0 0 1 0.5 0.125 1 0 0 0 0 ...
 $ Gen02.HitRate3                   : num  0.125 0 0 0 0 0 0.5 0 0 0 ...
 $ Gen02.HitRate4                   : num  0.125 0 0 0 0.125 ...
 $ Gen02.HitRate5                   : num  0.25 0 0 0 0 0 0 0 0 0.2 ...
 $ EOF                              : int  1 1 1 1 1 1 1 1 1 1 ...
[1] "2022-02-26 23:19:29 --- RxSqlServerData Finish ---"
[1] "2022-02-26 23:19:29 --- subset Start ---"
[1] "--------------------------------------------------------------------------------"
[1] "nrow(data) subset before=2042"
[1] "nrow(data) subset after =2042"
[1] "nrow(data) subset diff =0"
[1] "--------------------------------------------------------------------------------"
[1] "2022-02-26 23:19:29 --- subset Finish---"
[1] "2022-02-26 23:19:29 --- transform Start ---"
[1] "--------------------------------------------------------------------------------"
[1] "nrow(data) transform before=2042"
[1] "nrow(data) transform after=2042"
[1] "nrow(data) transform diff=0"
[1] "--------------------------------------------------------------------------------"
[1] "str(data)="
'data.frame':	2042 obs. of  44 variables:
 $ Race.RaceId                      : Factor w/ 2038 levels "20160130-08-02-01-05",..: 10 11 12 13 14 15 16 17 18 19 ...
 $ Race.IsAnalyzeNormalPastAndFuture: logi  TRUE TRUE TRUE TRUE TRUE TRUE ...
 $ Race.IsAnalyzeNormalPast         : logi  TRUE TRUE TRUE TRUE TRUE TRUE ...
 $ Race.IsAnalyzeNormalFuture       : logi  FALSE FALSE FALSE FALSE FALSE FALSE ...
 $ Race.IsAnalyzeFullPastAndFuture  : logi  TRUE TRUE TRUE TRUE TRUE TRUE ...
 $ Race.IsAnalyzeFullPast           : logi  TRUE TRUE TRUE TRUE TRUE TRUE ...
 $ Race.IsAnalyzeFullFuture         : logi  FALSE FALSE FALSE FALSE FALSE FALSE ...
 $ Race.JyokenCd                    : Factor w/ 1 level "5": 1 1 1 1 1 1 1 1 1 1 ...
 $ Race.JyoType1Cd                  : Factor w/ 173 levels "1-08-1600-5-3",..: 10 11 12 13 14 15 5 16 17 18 ...
 $ Race.RaceType1Cd                 : Factor w/ 3 levels "1-5-X-1","1-5-X-2",..: 2 1 2 2 1 2 1 2 2 1 ...
 $ RaceHorse.RaceId                 : Factor w/ 2038 levels "20160130-08-02-01-05",..: 10 11 12 13 14 15 16 17 18 19 ...
 $ RaceHorse.KettoNum               : Factor w/ 2042 levels "2013106129","2013105521",..: 11 12 13 14 15 16 17 18 19 20 ...
 $ RaceHorse.IsHit1                 : num  1 1 1 1 1 1 1 1 1 1 ...
 $ RaceHorse.IsHit2                 : num  0 0 0 0 0 0 0 0 0 0 ...
 $ RaceHorse.IsHit3                 : num  0 0 0 0 0 0 0 0 0 0 ...
 $ RaceHorse.IsHit4                 : num  0 0 0 0 0 0 0 0 0 0 ...
 $ RaceHorse.IsHit5                 : num  0 0 0 0 0 0 0 0 0 0 ...
 $ RaceHorse.IsHit6                 : num  0 0 0 0 0 0 0 0 0 0 ...
 $ RaceHorse.IsValidRaceHorse       : logi  TRUE TRUE TRUE TRUE TRUE TRUE ...
 $ RaceHorse.TimeSdvByRace          : num  1.46 1.4 1.25 1.05 1.55 ...
 $ RaceHorse.TimeSdv                : num  -0.0432 1.4252 1.1469 0.8574 -0.2981 ...
 $ RaceHorse.IsHitA                 : num  1 1 1 1 1 1 1 1 1 1 ...
 $ RaceHorse.IsHitB                 : num  1 1 1 1 1 1 1 1 1 1 ...
 $ RaceHorse.IsHitC                 : num  1 1 1 1 1 1 1 1 1 1 ...
 $ Gen02.HansyokuNum                : Factor w/ 201 levels "11202006","11202219",..: 11 1 12 4 13 12 8 14 6 15 ...
 $ Gen02.TimeSdvByRaceAvg           : num  0.128 -2.2 1.219 0.342 0.044 ...
 $ Gen02.TimeSdvByRaceMin           : num  -1.71 -2.2 1.22 -1.1 -1.45 ...
 $ Gen02.TimeSdvByRaceMax           : num  1.239 -2.2 1.219 1.238 0.926 ...
 $ Gen02.TimeSdvAvg                 : num  0.0825 -2.0419 0.7361 -0.0757 -0.0263 ...
 $ Gen02.TimeSdvMin                 : num  -1.277 -2.042 0.736 -1.048 -1.224 ...
 $ Gen02.TimeSdvMax                 : num  1.217 -2.042 0.736 0.46 1.508 ...
 $ Gen02.OrderOfFinishSdvAvg        : num  0.1927 -1.7912 1.3418 0.4332 0.0408 ...
 $ Gen02.RunCount                   : num  8 1 1 4 8 2 2 2 3 5 ...
 $ Gen02.HitCount1                  : num  1 0 0 0 0 0 0 1 0 0 ...
 $ Gen02.HitCount2                  : num  0 0 1 2 1 2 0 0 0 0 ...
 $ Gen02.HitCount3                  : num  1 0 0 0 0 0 1 0 0 0 ...
 $ Gen02.HitCount4                  : num  1 0 0 0 1 0 0 0 1 0 ...
 $ Gen02.HitCount5                  : num  2 0 0 0 0 0 0 0 0 1 ...
 $ Gen02.HitRate1                   : num  0.125 0 0 0 0 0 0 0.5 0 0 ...
 $ Gen02.HitRate2                   : num  0 0 1 0.5 0.125 1 0 0 0 0 ...
 $ Gen02.HitRate3                   : num  0.125 0 0 0 0 0 0.5 0 0 0 ...
 $ Gen02.HitRate4                   : num  0.125 0 0 0 0.125 ...
 $ Gen02.HitRate5                   : num  0.25 0 0 0 0 0 0 0 0 0.2 ...
 $ EOF                              : int  1 1 1 1 1 1 1 1 1 1 ...
NULL
[1] "2022-02-26 23:19:31 --- transform Finish ---"
[1] "2022-02-26 23:19:31 --- na.omit Start ---"
[1] "--------------------------------------------------------------------------------"
[1] "nrow(data) na.omit before=2042"
[1] "nrow(data) na.omit after =2042"
[1] "nrow(data) na.omit diff =0"
[1] "--------------------------------------------------------------------------------"
'data.frame':	2042 obs. of  44 variables:
 $ Race.RaceId                      : Factor w/ 2038 levels "20160130-08-02-01-05",..: 10 11 12 13 14 15 16 17 18 19 ...
 $ Race.IsAnalyzeNormalPastAndFuture: logi  TRUE TRUE TRUE TRUE TRUE TRUE ...
 $ Race.IsAnalyzeNormalPast         : logi  TRUE TRUE TRUE TRUE TRUE TRUE ...
 $ Race.IsAnalyzeNormalFuture       : logi  FALSE FALSE FALSE FALSE FALSE FALSE ...
 $ Race.IsAnalyzeFullPastAndFuture  : logi  TRUE TRUE TRUE TRUE TRUE TRUE ...
 $ Race.IsAnalyzeFullPast           : logi  TRUE TRUE TRUE TRUE TRUE TRUE ...
 $ Race.IsAnalyzeFullFuture         : logi  FALSE FALSE FALSE FALSE FALSE FALSE ...
 $ Race.JyokenCd                    : Factor w/ 1 level "5": 1 1 1 1 1 1 1 1 1 1 ...
 $ Race.JyoType1Cd                  : Factor w/ 173 levels "1-08-1600-5-3",..: 10 11 12 13 14 15 5 16 17 18 ...
 $ Race.RaceType1Cd                 : Factor w/ 3 levels "1-5-X-1","1-5-X-2",..: 2 1 2 2 1 2 1 2 2 1 ...
 $ RaceHorse.RaceId                 : Factor w/ 2038 levels "20160130-08-02-01-05",..: 10 11 12 13 14 15 16 17 18 19 ...
 $ RaceHorse.KettoNum               : Factor w/ 2042 levels "2013106129","2013105521",..: 11 12 13 14 15 16 17 18 19 20 ...
 $ RaceHorse.IsHit1                 : num  1 1 1 1 1 1 1 1 1 1 ...
 $ RaceHorse.IsHit2                 : num  0 0 0 0 0 0 0 0 0 0 ...
 $ RaceHorse.IsHit3                 : num  0 0 0 0 0 0 0 0 0 0 ...
 $ RaceHorse.IsHit4                 : num  0 0 0 0 0 0 0 0 0 0 ...
 $ RaceHorse.IsHit5                 : num  0 0 0 0 0 0 0 0 0 0 ...
 $ RaceHorse.IsHit6                 : num  0 0 0 0 0 0 0 0 0 0 ...
 $ RaceHorse.IsValidRaceHorse       : logi  TRUE TRUE TRUE TRUE TRUE TRUE ...
 $ RaceHorse.TimeSdvByRace          : num  1.46 1.4 1.25 1.05 1.55 ...
 $ RaceHorse.TimeSdv                : num  -0.0432 1.4252 1.1469 0.8574 -0.2981 ...
 $ RaceHorse.IsHitA                 : num  1 1 1 1 1 1 1 1 1 1 ...
 $ RaceHorse.IsHitB                 : num  1 1 1 1 1 1 1 1 1 1 ...
 $ RaceHorse.IsHitC                 : num  1 1 1 1 1 1 1 1 1 1 ...
 $ Gen02.HansyokuNum                : Factor w/ 201 levels "11202006","11202219",..: 11 1 12 4 13 12 8 14 6 15 ...
 $ Gen02.TimeSdvByRaceAvg           : num  0.128 -2.2 1.219 0.342 0.044 ...
 $ Gen02.TimeSdvByRaceMin           : num  -1.71 -2.2 1.22 -1.1 -1.45 ...
 $ Gen02.TimeSdvByRaceMax           : num  1.239 -2.2 1.219 1.238 0.926 ...
 $ Gen02.TimeSdvAvg                 : num  0.0825 -2.0419 0.7361 -0.0757 -0.0263 ...
 $ Gen02.TimeSdvMin                 : num  -1.277 -2.042 0.736 -1.048 -1.224 ...
 $ Gen02.TimeSdvMax                 : num  1.217 -2.042 0.736 0.46 1.508 ...
 $ Gen02.OrderOfFinishSdvAvg        : num  0.1927 -1.7912 1.3418 0.4332 0.0408 ...
 $ Gen02.RunCount                   : num  8 1 1 4 8 2 2 2 3 5 ...
 $ Gen02.HitCount1                  : num  1 0 0 0 0 0 0 1 0 0 ...
 $ Gen02.HitCount2                  : num  0 0 1 2 1 2 0 0 0 0 ...
 $ Gen02.HitCount3                  : num  1 0 0 0 0 0 1 0 0 0 ...
 $ Gen02.HitCount4                  : num  1 0 0 0 1 0 0 0 1 0 ...
 $ Gen02.HitCount5                  : num  2 0 0 0 0 0 0 0 0 1 ...
 $ Gen02.HitRate1                   : num  0.125 0 0 0 0 0 0 0.5 0 0 ...
 $ Gen02.HitRate2                   : num  0 0 1 0.5 0.125 1 0 0 0 0 ...
 $ Gen02.HitRate3                   : num  0.125 0 0 0 0 0 0.5 0 0 0 ...
 $ Gen02.HitRate4                   : num  0.125 0 0 0 0.125 ...
 $ Gen02.HitRate5                   : num  0.25 0 0 0 0 0 0 0 0 0.2 ...
 $ EOF                              : int  1 1 1 1 1 1 1 1 1 1 ...
[1] "2022-02-26 23:19:33 --- na.omit Finish ---"
[1] "2022-02-26 23:19:33 --- rxGlm with rxStepControl Start ---"

> print(paste0(Sys.time(), " --- source_logic_glm.R Start ---"))
[1] "2022-02-26 23:19:33 --- source_logic_glm.R Start ---"

> formula <- formula(RaceHorse.IsHitA ~ +1 + Gen02.TimeSdvByRaceAvg)

> print(paste0(Sys.time(), " --- source_logic_glm.R Finished ---"))
[1] "2022-02-26 23:19:33 --- source_logic_glm.R Finished ---"
Rows Read: 2042, Total Rows Processed: 2042, Total Chunk Time: Less than .001 seconds 

Starting values (iteration 1) time: 0.019 secs.
Rows Read: 2042, Total Rows Processed: 2042, Total Chunk Time: 0.002 seconds 

Iteration 2 time: 0.006 secs.

Elapsed computation time: 0.036 secs.
Rows Read: 2042, Total Rows Processed: 2042, Total Chunk Time: Less than .001 seconds 

Starting values (iteration 1) time: 0.006 secs.
Rows Read: 2042, Total Rows Processed: 2042, Total Chunk Time: 0.001 seconds 

Iteration 2 time: 0.007 secs.

Elapsed computation time: 0.027 secs.
Rows Read: 2042, Total Rows Processed: 2042, Total Chunk Time: Less than .001 seconds 

Starting values (iteration 1) time: 0.006 secs.
Rows Read: 2042, Total Rows Processed: 2042, Total Chunk Time: Less than .001 seconds 

Iteration 2 time: 0.005 secs.

Elapsed computation time: 0.025 secs.
Rows Read: 2042, Total Rows Processed: 2042, Total Chunk Time: Less than .001 seconds 

Starting values (iteration 1) time: 0.007 secs.
Rows Read: 2042, Total Rows Processed: 2042, Total Chunk Time: 0.001 seconds 

Iteration 2 time: 0.007 secs.

Elapsed computation time: 0.026 secs.

Elapsed computation time: 0.141 secs.
[1] "--------------------------------------------------------------------------------"
[1] "analyze.results.glm.step="
Logistic Regression Results for: RaceHorse.IsHitA ~ 1
Data: data
Dependent variable(s): RaceHorse.IsHitA
Total independent variables: 1 
Number of valid observations: 2042
Number of missing observations: 0 
 
Coefficients:
            RaceHorse.IsHitA
(Intercept)                2
[1] "analyze.results.glm.step.summary"
Call:
rxLogit(formula = formula, data = data, variableSelection = analyze.results.glm.step.varsel)

Logistic Regression Results for: RaceHorse.IsHitA ~ 1
Data: data
Dependent variable(s): RaceHorse.IsHitA
Total independent variables: 1 
Number of valid observations: 2042
Number of missing observations: 0 
-2*LogLikelihood: 2830.813 (Residual deviance on 2041 degrees of freedom)
 
Coefficients:
            Estimate Std. Error z value Pr(>|z|)    
(Intercept)   2.0000     0.0443    45.2  2.2e-16 ***
---
Signif. codes:  0 '***' 0.001 '**' 0.01 '*' 0.05 '.' 0.1 ' ' 1

Condition number of final variance-covariance matrix: 1 
Number of iterations: 2
[1] "--------------------------------------------------------------------------------"
[1] "2022-02-26 23:19:34 --- rxGlm with rxStepControl Finish ---"
[1] "2022-02-26 23:19:34 --- rxStepPlot Start ---"
[1] "pdfFilename=pdf_analyze_glm_Gen02_Type15_rxStepPlot.pdf"
[1] "rxStepPlot="
[1] "2022-02-26 23:19:34 --- rxStepPlot Finish ---"
[1] "2022-02-26 23:19:34 --- save.image Start ---"
[1] "save.image"
[1] "rdataFilename=RData_analyze_glm_Gen02_Type15.RData"
[1] "2022-02-26 23:19:34 --- save.image Finish ---"
[1] "2022-02-26 23:19:34 --- final Start ---"
[1] "--------------------------------------------------------------------------------"
[1] "nrow(data) final=2042"
[1] "--------------------------------------------------------------------------------"
[1] "2022-02-26 23:19:34 --- final Finish ---"
[1] "2022-02-26 23:19:34 --- analyze_glm.R Finished ---"
[1] "2022-02-26 23:19:34 --- log Finish ---"
