[1] "2022-02-26 23:12:35 --- D1115_analyze_glm_Jockey_IsHitA_Type25 Start ---"
[1] "2022-02-26 23:12:35 --- Log Start ---"
[1] "2022-02-26 23:12:35 --- analyze_glm.R Start ---"
[1] "analyzeVersion=D1115"
[1] "analyzeCategory=analyze"
[1] "analyzeType=Jockey"
[1] "analyzeFamily=IsHitA"
[1] "analyzeFunc=glm"
[1] "analyzeTrackTypeCd=2"
[1] "analyzeJyokenCd=5"
[1] "2022-02-26 23:12:35 --- source_function.R Start ---"
[1] "2022-02-26 23:12:36 --- source_function.R Finished ---"

> print(paste0(Sys.time(), " --- source_library.R Start ---"))
[1] "2022-02-26 23:12:36 --- source_library.R Start ---"

> require("RevoScaleR")

> print(paste0(Sys.time(), " --- source_library.R Finished ---"))
[1] "2022-02-26 23:12:37 --- source_library.R Finished ---"
[1] "2022-02-26 23:12:37 --- RxSqlServerData Start ---"
[1] "2022-02-26 23:12:37 --- RxInSqlServer Start ---"
[1] "2022-02-26 23:12:37 --- RxInSqlServer Finish ---"
[1] "2022-02-26 23:12:38 --- rxSetComputeContext Start ---"
[1] "2022-02-26 23:12:38 --- rxSetComputeContext Finish ---"
[1] "2022-02-26 23:12:38 --- RxSqlServerData Start ---"
[1] "sqlQuery=SELECT * FROM ViewAnalyzeD1115analyze01JockeyType25"
[1] "2022-02-26 23:12:38 --- RxSqlServerData Finish ---"
[1] "2022-02-26 23:12:38 --- rxGetVarInfo Start ---"
[1] "2022-02-26 23:12:41 --- rxGetVarInfo Finish---"
[1] "2022-02-26 23:12:41 --- rxImport Start ---"
Rows Read: 3264, Total Rows Processed: 3264, Total Chunk Time: 85.255 seconds 
[1] "2022-02-26 23:18:48 --- rxImport Finish ---"
[1] "object.size(data) auto=1.7 Mb"
[1] "--------------------------------------------------------------------------------"
[1] "nrow(data) RxSqlServerData=3264"
[1] "--------------------------------------------------------------------------------"
[1] "str(data)="
'data.frame':	3264 obs. of  43 variables:
 $ Race.RaceId                      : Factor w/ 3261 levels "20170520-08-03-09-03",..: 1 2 8 6 3 4 7 5 11 9 ...
 $ Race.IsAnalyzeNormalPastAndFuture: logi  TRUE TRUE TRUE TRUE TRUE TRUE ...
 $ Race.IsAnalyzeNormalPast         : logi  TRUE TRUE TRUE TRUE TRUE TRUE ...
 $ Race.IsAnalyzeNormalFuture       : logi  FALSE FALSE FALSE FALSE FALSE FALSE ...
 $ Race.IsAnalyzeFullPastAndFuture  : logi  TRUE TRUE TRUE TRUE TRUE TRUE ...
 $ Race.IsAnalyzeFullPast           : logi  TRUE TRUE TRUE TRUE TRUE TRUE ...
 $ Race.IsAnalyzeFullFuture         : logi  FALSE FALSE FALSE FALSE FALSE FALSE ...
 $ Race.JyokenCd                    : Factor w/ 1 level "5": 1 1 1 1 1 1 1 1 1 1 ...
 $ Race.JyoType1Cd                  : Factor w/ 116 levels "2-08-1900-5-1",..: 1 2 8 6 3 4 7 5 3 9 ...
 $ Race.RaceType1Cd                 : Factor w/ 3 levels "2-5-X-2","2-5-X-1",..: 1 2 2 1 1 2 2 1 1 1 ...
 $ RaceHorse.RaceId                 : Factor w/ 3261 levels "20170520-08-03-09-03",..: 1 2 8 6 3 4 7 5 11 9 ...
 $ RaceHorse.KettoNum               : Factor w/ 3264 levels "2014100641","2015104435",..: 1 2 8 6 3 4 7 5 11 9 ...
 $ RaceHorse.IsHit1                 : num  1 1 1 1 1 1 1 1 1 1 ...
 $ RaceHorse.IsHit2                 : num  0 0 0 0 0 0 0 0 0 0 ...
 $ RaceHorse.IsHit3                 : num  0 0 0 0 0 0 0 0 0 0 ...
 $ RaceHorse.IsHit4                 : num  0 0 0 0 0 0 0 0 0 0 ...
 $ RaceHorse.IsHit5                 : num  0 0 0 0 0 0 0 0 0 0 ...
 $ RaceHorse.IsHit6                 : num  0 0 0 0 0 0 0 0 0 0 ...
 $ RaceHorse.IsValidRaceHorse       : logi  TRUE TRUE TRUE TRUE TRUE TRUE ...
 $ RaceHorse.TimeSdvByRace          : num  1.07 1.36 1.16 1.86 1.66 ...
 $ RaceHorse.TimeSdv                : num  1.444 0.376 0.484 0.936 0.275 ...
 $ RaceHorse.IsHitA                 : num  1 1 1 1 1 1 1 1 1 1 ...
 $ RaceHorse.IsHitB                 : num  1 1 1 1 1 1 1 1 1 1 ...
 $ RaceHorse.IsHitC                 : num  1 1 1 1 1 1 1 1 1 1 ...
 $ Jockey.TimeSdvByRaceAvg          : num  0.1571 0.0532 -0.0755 0.2563 0.064 ...
 $ Jockey.TimeSdvByRaceMin          : num  -2.63 -2.81 -2.89 -2.81 -2.75 ...
 $ Jockey.TimeSdvByRaceMax          : num  2.02 2.03 2.07 2.33 1.97 ...
 $ Jockey.TimeSdvAvg                : num  0.3155 0.1481 -0.0135 0.247 0.1829 ...
 $ Jockey.TimeSdvMin                : num  -2.98 -3.19 -4.06 -2.78 -3.53 ...
 $ Jockey.TimeSdvMax                : num  2.38 2.4 1.71 2.11 2.25 ...
 $ Jockey.OrderOfFinishSdvAvg       : num  0.1093 0.0182 -0.0902 0.2854 0.0855 ...
 $ Jockey.RunCount                  : num  296 453 411 256 375 258 238 298 159 94 ...
 $ Jockey.HitCount1                 : num  27 30 21 30 30 10 14 27 10 11 ...
 $ Jockey.HitCount2                 : num  27 38 21 25 40 18 23 28 10 4 ...
 $ Jockey.HitCount3                 : num  14 33 25 15 30 14 13 25 11 17 ...
 $ Jockey.HitCount4                 : num  22 34 21 23 26 21 15 25 15 6 ...
 $ Jockey.HitCount5                 : num  24 26 23 21 27 16 21 24 8 9 ...
 $ Jockey.HitRate1                  : num  0.0912 0.0662 0.0511 0.1172 0.08 ...
 $ Jockey.HitRate2                  : num  0.0912 0.0839 0.0511 0.0977 0.1067 ...
 $ Jockey.HitRate3                  : num  0.0473 0.0728 0.0608 0.0586 0.08 ...
 $ Jockey.HitRate4                  : num  0.0743 0.0751 0.0511 0.0898 0.0693 ...
 $ Jockey.HitRate5                  : num  0.0811 0.0574 0.056 0.082 0.072 ...
 $ EOF                              : int  1 1 1 1 1 1 1 1 1 1 ...
[1] "2022-02-26 23:19:06 --- RxSqlServerData Finish ---"
[1] "2022-02-26 23:19:06 --- subset Start ---"
[1] "--------------------------------------------------------------------------------"
[1] "nrow(data) subset before=3264"
[1] "nrow(data) subset after =3264"
[1] "nrow(data) subset diff =0"
[1] "--------------------------------------------------------------------------------"
[1] "2022-02-26 23:19:07 --- subset Finish---"
[1] "2022-02-26 23:19:08 --- transform Start ---"
[1] "--------------------------------------------------------------------------------"
[1] "nrow(data) transform before=3264"
[1] "nrow(data) transform after=3264"
[1] "nrow(data) transform diff=0"
[1] "--------------------------------------------------------------------------------"
[1] "str(data)="
'data.frame':	3264 obs. of  43 variables:
 $ Race.RaceId                      : Factor w/ 3261 levels "20170520-08-03-09-03",..: 1 2 8 6 3 4 7 5 11 9 ...
 $ Race.IsAnalyzeNormalPastAndFuture: logi  TRUE TRUE TRUE TRUE TRUE TRUE ...
 $ Race.IsAnalyzeNormalPast         : logi  TRUE TRUE TRUE TRUE TRUE TRUE ...
 $ Race.IsAnalyzeNormalFuture       : logi  FALSE FALSE FALSE FALSE FALSE FALSE ...
 $ Race.IsAnalyzeFullPastAndFuture  : logi  TRUE TRUE TRUE TRUE TRUE TRUE ...
 $ Race.IsAnalyzeFullPast           : logi  TRUE TRUE TRUE TRUE TRUE TRUE ...
 $ Race.IsAnalyzeFullFuture         : logi  FALSE FALSE FALSE FALSE FALSE FALSE ...
 $ Race.JyokenCd                    : Factor w/ 1 level "5": 1 1 1 1 1 1 1 1 1 1 ...
 $ Race.JyoType1Cd                  : Factor w/ 116 levels "2-08-1900-5-1",..: 1 2 8 6 3 4 7 5 3 9 ...
 $ Race.RaceType1Cd                 : Factor w/ 3 levels "2-5-X-2","2-5-X-1",..: 1 2 2 1 1 2 2 1 1 1 ...
 $ RaceHorse.RaceId                 : Factor w/ 3261 levels "20170520-08-03-09-03",..: 1 2 8 6 3 4 7 5 11 9 ...
 $ RaceHorse.KettoNum               : Factor w/ 3264 levels "2014100641","2015104435",..: 1 2 8 6 3 4 7 5 11 9 ...
 $ RaceHorse.IsHit1                 : num  1 1 1 1 1 1 1 1 1 1 ...
 $ RaceHorse.IsHit2                 : num  0 0 0 0 0 0 0 0 0 0 ...
 $ RaceHorse.IsHit3                 : num  0 0 0 0 0 0 0 0 0 0 ...
 $ RaceHorse.IsHit4                 : num  0 0 0 0 0 0 0 0 0 0 ...
 $ RaceHorse.IsHit5                 : num  0 0 0 0 0 0 0 0 0 0 ...
 $ RaceHorse.IsHit6                 : num  0 0 0 0 0 0 0 0 0 0 ...
 $ RaceHorse.IsValidRaceHorse       : logi  TRUE TRUE TRUE TRUE TRUE TRUE ...
 $ RaceHorse.TimeSdvByRace          : num  1.07 1.36 1.16 1.86 1.66 ...
 $ RaceHorse.TimeSdv                : num  1.444 0.376 0.484 0.936 0.275 ...
 $ RaceHorse.IsHitA                 : num  1 1 1 1 1 1 1 1 1 1 ...
 $ RaceHorse.IsHitB                 : num  1 1 1 1 1 1 1 1 1 1 ...
 $ RaceHorse.IsHitC                 : num  1 1 1 1 1 1 1 1 1 1 ...
 $ Jockey.TimeSdvByRaceAvg          : num  0.1571 0.0532 -0.0755 0.2563 0.064 ...
 $ Jockey.TimeSdvByRaceMin          : num  -2.63 -2.81 -2.89 -2.81 -2.75 ...
 $ Jockey.TimeSdvByRaceMax          : num  2.02 2.03 2.07 2.33 1.97 ...
 $ Jockey.TimeSdvAvg                : num  0.3155 0.1481 -0.0135 0.247 0.1829 ...
 $ Jockey.TimeSdvMin                : num  -2.98 -3.19 -4.06 -2.78 -3.53 ...
 $ Jockey.TimeSdvMax                : num  2.38 2.4 1.71 2.11 2.25 ...
 $ Jockey.OrderOfFinishSdvAvg       : num  0.1093 0.0182 -0.0902 0.2854 0.0855 ...
 $ Jockey.RunCount                  : num  296 453 411 256 375 258 238 298 159 94 ...
 $ Jockey.HitCount1                 : num  27 30 21 30 30 10 14 27 10 11 ...
 $ Jockey.HitCount2                 : num  27 38 21 25 40 18 23 28 10 4 ...
 $ Jockey.HitCount3                 : num  14 33 25 15 30 14 13 25 11 17 ...
 $ Jockey.HitCount4                 : num  22 34 21 23 26 21 15 25 15 6 ...
 $ Jockey.HitCount5                 : num  24 26 23 21 27 16 21 24 8 9 ...
 $ Jockey.HitRate1                  : num  0.0912 0.0662 0.0511 0.1172 0.08 ...
 $ Jockey.HitRate2                  : num  0.0912 0.0839 0.0511 0.0977 0.1067 ...
 $ Jockey.HitRate3                  : num  0.0473 0.0728 0.0608 0.0586 0.08 ...
 $ Jockey.HitRate4                  : num  0.0743 0.0751 0.0511 0.0898 0.0693 ...
 $ Jockey.HitRate5                  : num  0.0811 0.0574 0.056 0.082 0.072 ...
 $ EOF                              : int  1 1 1 1 1 1 1 1 1 1 ...
NULL
[1] "2022-02-26 23:19:16 --- transform Finish ---"
[1] "2022-02-26 23:19:16 --- na.omit Start ---"
[1] "--------------------------------------------------------------------------------"
[1] "nrow(data) na.omit before=3264"
[1] "nrow(data) na.omit after =3264"
[1] "nrow(data) na.omit diff =0"
[1] "--------------------------------------------------------------------------------"
'data.frame':	3264 obs. of  43 variables:
 $ Race.RaceId                      : Factor w/ 3261 levels "20170520-08-03-09-03",..: 1 2 8 6 3 4 7 5 11 9 ...
 $ Race.IsAnalyzeNormalPastAndFuture: logi  TRUE TRUE TRUE TRUE TRUE TRUE ...
 $ Race.IsAnalyzeNormalPast         : logi  TRUE TRUE TRUE TRUE TRUE TRUE ...
 $ Race.IsAnalyzeNormalFuture       : logi  FALSE FALSE FALSE FALSE FALSE FALSE ...
 $ Race.IsAnalyzeFullPastAndFuture  : logi  TRUE TRUE TRUE TRUE TRUE TRUE ...
 $ Race.IsAnalyzeFullPast           : logi  TRUE TRUE TRUE TRUE TRUE TRUE ...
 $ Race.IsAnalyzeFullFuture         : logi  FALSE FALSE FALSE FALSE FALSE FALSE ...
 $ Race.JyokenCd                    : Factor w/ 1 level "5": 1 1 1 1 1 1 1 1 1 1 ...
 $ Race.JyoType1Cd                  : Factor w/ 116 levels "2-08-1900-5-1",..: 1 2 8 6 3 4 7 5 3 9 ...
 $ Race.RaceType1Cd                 : Factor w/ 3 levels "2-5-X-2","2-5-X-1",..: 1 2 2 1 1 2 2 1 1 1 ...
 $ RaceHorse.RaceId                 : Factor w/ 3261 levels "20170520-08-03-09-03",..: 1 2 8 6 3 4 7 5 11 9 ...
 $ RaceHorse.KettoNum               : Factor w/ 3264 levels "2014100641","2015104435",..: 1 2 8 6 3 4 7 5 11 9 ...
 $ RaceHorse.IsHit1                 : num  1 1 1 1 1 1 1 1 1 1 ...
 $ RaceHorse.IsHit2                 : num  0 0 0 0 0 0 0 0 0 0 ...
 $ RaceHorse.IsHit3                 : num  0 0 0 0 0 0 0 0 0 0 ...
 $ RaceHorse.IsHit4                 : num  0 0 0 0 0 0 0 0 0 0 ...
 $ RaceHorse.IsHit5                 : num  0 0 0 0 0 0 0 0 0 0 ...
 $ RaceHorse.IsHit6                 : num  0 0 0 0 0 0 0 0 0 0 ...
 $ RaceHorse.IsValidRaceHorse       : logi  TRUE TRUE TRUE TRUE TRUE TRUE ...
 $ RaceHorse.TimeSdvByRace          : num  1.07 1.36 1.16 1.86 1.66 ...
 $ RaceHorse.TimeSdv                : num  1.444 0.376 0.484 0.936 0.275 ...
 $ RaceHorse.IsHitA                 : num  1 1 1 1 1 1 1 1 1 1 ...
 $ RaceHorse.IsHitB                 : num  1 1 1 1 1 1 1 1 1 1 ...
 $ RaceHorse.IsHitC                 : num  1 1 1 1 1 1 1 1 1 1 ...
 $ Jockey.TimeSdvByRaceAvg          : num  0.1571 0.0532 -0.0755 0.2563 0.064 ...
 $ Jockey.TimeSdvByRaceMin          : num  -2.63 -2.81 -2.89 -2.81 -2.75 ...
 $ Jockey.TimeSdvByRaceMax          : num  2.02 2.03 2.07 2.33 1.97 ...
 $ Jockey.TimeSdvAvg                : num  0.3155 0.1481 -0.0135 0.247 0.1829 ...
 $ Jockey.TimeSdvMin                : num  -2.98 -3.19 -4.06 -2.78 -3.53 ...
 $ Jockey.TimeSdvMax                : num  2.38 2.4 1.71 2.11 2.25 ...
 $ Jockey.OrderOfFinishSdvAvg       : num  0.1093 0.0182 -0.0902 0.2854 0.0855 ...
 $ Jockey.RunCount                  : num  296 453 411 256 375 258 238 298 159 94 ...
 $ Jockey.HitCount1                 : num  27 30 21 30 30 10 14 27 10 11 ...
 $ Jockey.HitCount2                 : num  27 38 21 25 40 18 23 28 10 4 ...
 $ Jockey.HitCount3                 : num  14 33 25 15 30 14 13 25 11 17 ...
 $ Jockey.HitCount4                 : num  22 34 21 23 26 21 15 25 15 6 ...
 $ Jockey.HitCount5                 : num  24 26 23 21 27 16 21 24 8 9 ...
 $ Jockey.HitRate1                  : num  0.0912 0.0662 0.0511 0.1172 0.08 ...
 $ Jockey.HitRate2                  : num  0.0912 0.0839 0.0511 0.0977 0.1067 ...
 $ Jockey.HitRate3                  : num  0.0473 0.0728 0.0608 0.0586 0.08 ...
 $ Jockey.HitRate4                  : num  0.0743 0.0751 0.0511 0.0898 0.0693 ...
 $ Jockey.HitRate5                  : num  0.0811 0.0574 0.056 0.082 0.072 ...
 $ EOF                              : int  1 1 1 1 1 1 1 1 1 1 ...
[1] "2022-02-26 23:19:18 --- na.omit Finish ---"
[1] "2022-02-26 23:19:18 --- rxGlm with rxStepControl Start ---"

> print(paste0(Sys.time(), " --- source_logic_glm.R Start ---"))
[1] "2022-02-26 23:19:18 --- source_logic_glm.R Start ---"

> formula <- formula(RaceHorse.IsHitA ~ +1 + Jockey.TimeSdvByRaceAvg)

> print(paste0(Sys.time(), " --- source_logic_glm.R Finished ---"))
[1] "2022-02-26 23:19:18 --- source_logic_glm.R Finished ---"
Rows Read: 3264, Total Rows Processed: 3264, Total Chunk Time: 0.001 seconds 

Starting values (iteration 1) time: 0.026 secs.
Rows Read: 3264, Total Rows Processed: 3264, Total Chunk Time: 0.001 seconds 

Iteration 2 time: 0.007 secs.

Elapsed computation time: 0.043 secs.
Rows Read: 3264, Total Rows Processed: 3264, Total Chunk Time: Less than .001 seconds 

Starting values (iteration 1) time: 0.008 secs.
Rows Read: 3264, Total Rows Processed: 3264, Total Chunk Time: 0.001 seconds 

Iteration 2 time: 0.006 secs.

Elapsed computation time: 0.028 secs.
Rows Read: 3264, Total Rows Processed: 3264, Total Chunk Time: 0.001 seconds 

Starting values (iteration 1) time: 0.007 secs.
Rows Read: 3264, Total Rows Processed: 3264, Total Chunk Time: 0.001 seconds 

Iteration 2 time: 0.006 secs.

Elapsed computation time: 0.028 secs.
Rows Read: 3264, Total Rows Processed: 3264, Total Chunk Time: Less than .001 seconds 

Starting values (iteration 1) time: 0.007 secs.
Rows Read: 3264, Total Rows Processed: 3264, Total Chunk Time: Less than .001 seconds 

Iteration 2 time: 0.006 secs.

Elapsed computation time: 0.028 secs.

Elapsed computation time: 0.151 secs.
[1] "--------------------------------------------------------------------------------"
[1] "analyze.results.glm.step="
Logistic Regression Results for: RaceHorse.IsHitA ~ 1
Data: data
Dependent variable(s): RaceHorse.IsHitA
Total independent variables: 1 
Number of valid observations: 3264
Number of missing observations: 0 
 
Coefficients:
            RaceHorse.IsHitA
(Intercept)                2
[1] "analyze.results.glm.step.summary"
Call:
rxLogit(formula = formula, data = data, variableSelection = analyze.results.glm.step.varsel)

Logistic Regression Results for: RaceHorse.IsHitA ~ 1
Data: data
Dependent variable(s): RaceHorse.IsHitA
Total independent variables: 1 
Number of valid observations: 3264
Number of missing observations: 0 
-2*LogLikelihood: 4524.865 (Residual deviance on 3263 degrees of freedom)
 
Coefficients:
            Estimate Std. Error z value Pr(>|z|)    
(Intercept)    2.000      0.035    57.1  2.2e-16 ***
---
Signif. codes:  0 '***' 0.001 '**' 0.01 '*' 0.05 '.' 0.1 ' ' 1

Condition number of final variance-covariance matrix: 1 
Number of iterations: 2
[1] "--------------------------------------------------------------------------------"
[1] "2022-02-26 23:19:18 --- rxGlm with rxStepControl Finish ---"
[1] "2022-02-26 23:19:18 --- rxStepPlot Start ---"
[1] "pdfFilename=pdf_analyze_glm_Jockey_Type25_rxStepPlot.pdf"
[1] "rxStepPlot="
[1] "2022-02-26 23:19:18 --- rxStepPlot Finish ---"
[1] "2022-02-26 23:19:19 --- save.image Start ---"
[1] "save.image"
[1] "rdataFilename=RData_analyze_glm_Jockey_Type25.RData"
[1] "2022-02-26 23:19:19 --- save.image Finish ---"
[1] "2022-02-26 23:19:19 --- final Start ---"
[1] "--------------------------------------------------------------------------------"
[1] "nrow(data) final=3264"
[1] "--------------------------------------------------------------------------------"
[1] "2022-02-26 23:19:19 --- final Finish ---"
[1] "2022-02-26 23:19:19 --- analyze_glm.R Finished ---"
[1] "2022-02-26 23:19:19 --- log Finish ---"
