[1] "2022-03-09 20:49:14 --- D1116_analyze_glm_Basic_IsHitA_Type11 Start ---"
[1] "2022-03-09 20:49:14 --- Log Start ---"
[1] "2022-03-09 20:49:14 --- analyze_glm.R Start ---"
[1] "analyzeVersion=D1116"
[1] "analyzeCategory=analyze"
[1] "analyzeType=Basic"
[1] "analyzeFamily=IsHitA"
[1] "analyzeFunc=glm"
[1] "analyzeTrackTypeCd=1"
[1] "analyzeJyokenCd=1"
[1] "2022-03-09 20:49:14 --- source_function.R Start ---"
[1] "2022-03-09 20:49:14 --- source_function.R Finished ---"

> print(paste0(Sys.time(), " --- source_library.R Start ---"))
[1] "2022-03-09 20:49:14 --- source_library.R Start ---"

> require("RevoScaleR")

> print(paste0(Sys.time(), " --- source_library.R Finished ---"))
[1] "2022-03-09 20:49:14 --- source_library.R Finished ---"
[1] "2022-03-09 20:49:14 --- RxSqlServerData Start ---"
[1] "2022-03-09 20:49:14 --- RxInSqlServer Start ---"
[1] "2022-03-09 20:49:14 --- RxInSqlServer Finish ---"
[1] "2022-03-09 20:49:14 --- rxSetComputeContext Start ---"
[1] "2022-03-09 20:49:14 --- rxSetComputeContext Finish ---"
[1] "2022-03-09 20:49:14 --- RxSqlServerData Start ---"
[1] "sqlQuery=SELECT * FROM ViewAnalyzeD1116analyze01BasicType11"
[1] "2022-03-09 20:49:14 --- RxSqlServerData Finish ---"
[1] "2022-03-09 20:49:14 --- rxGetVarInfo Start ---"
[1] "2022-03-09 20:49:14 --- rxGetVarInfo Finish---"
[1] "2022-03-09 20:49:14 --- rxImport Start ---"
Rows Read: 12852, Total Rows Processed: 12852, Total Chunk Time: 1.035 seconds 
[1] "2022-03-09 20:49:16 --- rxImport Finish ---"
[1] "object.size(data) auto=3.9 Mb"
[1] "--------------------------------------------------------------------------------"
[1] "nrow(data) RxSqlServerData=12852"
[1] "--------------------------------------------------------------------------------"
[1] "str(data)="
'data.frame':	12852 obs. of  43 variables:
 $ Race.RaceId                        : Factor w/ 928 levels "20200802-04-02-04-11",..: 1 1 1 1 1 1 1 1 1 1 ...
 $ Race.IsAnalyzeNormalPastAndFuture  : logi  TRUE TRUE TRUE TRUE TRUE TRUE ...
 $ Race.IsAnalyzeNormalPast           : logi  TRUE TRUE TRUE TRUE TRUE TRUE ...
 $ Race.IsAnalyzeNormalFuture         : logi  FALSE FALSE FALSE FALSE FALSE FALSE ...
 $ Race.IsAnalyzeFullPastAndFuture    : logi  TRUE TRUE TRUE TRUE TRUE TRUE ...
 $ Race.IsAnalyzeFullPast             : logi  TRUE TRUE TRUE TRUE TRUE TRUE ...
 $ Race.IsAnalyzeFullFuture           : logi  FALSE FALSE FALSE FALSE FALSE FALSE ...
 $ Race.JyokenCd                      : Factor w/ 1 level "1": 1 1 1 1 1 1 1 1 1 1 ...
 $ Race.JyoType1Cd                    : Factor w/ 141 levels "12-04-1800-1",..: 1 1 1 1 1 1 1 1 1 1 ...
 $ Race.RaceType1Cd                   : Factor w/ 4 levels "1-1-13","1-1-11",..: 1 1 1 1 1 1 1 1 1 1 ...
 $ RaceHorse.RaceId                   : Factor w/ 928 levels "20200802-04-02-04-11",..: 1 1 1 1 1 1 1 1 1 1 ...
 $ RaceHorse.KettoNum                 : Factor w/ 3103 levels "2015105105","2013106128",..: 1 2 3 4 5 6 7 8 9 10 ...
 $ RaceHorse.IsValidRaceHorse         : logi  TRUE TRUE TRUE TRUE TRUE TRUE ...
 $ RaceHorse.HorseNumRatio            : num  0.0714 0.1429 0.2143 0.2857 0.3571 ...
 $ RaceHorse.WeightSdvByRace          : num  -2.031 1.266 0.648 -0.795 1.266 ...
 $ RaceHorse.WeightDeltaSdvByRace     : num  0.871 -0.348 0.871 -0.836 -1.324 ...
 $ RaceHorse.WeightDeltaRatioSdvByRace: num  1.004 -0.355 0.863 -0.871 -1.307 ...
 $ RaceHorse.HandicapSdvByRace        : num  0.224 0.224 0.224 -2.907 0.224 ...
 $ RaceHorse.HandicapRatioSdvByRace   : num  2.2466 -1.1844 -0.608 -0.0795 -1.1844 ...
 $ RaceHorse.WeightSdv                : num  -1.396 1.139 0.663 -0.445 1.139 ...
 $ RaceHorse.WeightDeltaSdv           : num  1.5721 -0.0863 1.5721 -0.7496 -1.413 ...
 $ RaceHorse.WeightDeltaRatioSdv      : num  1.7067 -0.0819 1.5207 -0.761 -1.334 ...
 $ RaceHorse.HandicapSdv              : num  0.379 0.379 0.379 -0.765 0.379 ...
 $ RaceHorse.HandicapRatioSdv         : num  1.668 -0.8805 -0.4523 -0.0597 -0.8805 ...
 $ RaceHorse.FinishTimeSdvByRace      : num  0.16 0.575 0.658 -0.255 0.492 ...
 $ RaceHorse.FirstTimeSdvByRace       : num  -0.436 3.052 0.145 -0.339 -0.533 ...
 $ RaceHorse.LastTimeSdvByRace        : num  0.4008 -1.532 0.4008 0.0267 0.7126 ...
 $ RaceHorse.FinishTimeSdv            : num  1.237 1.497 1.549 0.978 1.445 ...
 $ RaceHorse.FirstTimeSdv             : num  0.669 2.726 1.012 0.727 0.612 ...
 $ RaceHorse.LastTimeSdv              : num  0.939 -1.465 0.939 0.473 1.327 ...
 $ RaceHorse.IsHitA                   : num  0 0 0 0 0 0 0 0 0 0 ...
 $ RaceHorse.IsHitB                   : num  0 0 0 0 0 0 0 0 0 0 ...
 $ RaceHorse.IsHitC                   : num  0 0 1 0 0 0 0 0 0 0 ...
 $ DataMining.DmTimeSdv               : num  0.25 1.098 1.55 0.504 0.956 ...
 $ DataMiningTaisen.TmScoreSdv        : num  0.416 0.332 1.804 -1.002 0.266 ...
 $ OddsByWin.Odds1                    : num  7.5 19.4 5.6 46.7 7.2 ...
 $ OddsByWin.RealOdds1                : num  9.38 24.25 7 58.38 9 ...
 $ OddsByWin.Ninki                    : num  5 8 2 10 3 6 9 13 7 14 ...
 $ OddsByWin.OddsLog1                 : num  2.01 2.97 1.72 3.84 1.97 ...
 $ OddsByWin.ApprovalRate1            : num  0.1067 0.0412 0.1429 0.0171 0.1111 ...
 $ OddsByWin.RealOddsLog1             : num  2.24 3.19 1.95 4.07 2.2 ...
 $ OddsByWin.RealApprovalRate1        : num  0.1333 0.0515 0.1786 0.0214 0.1389 ...
 $ EOF                                : int  1 1 1 1 1 1 1 1 1 1 ...
[1] "2022-03-09 20:49:16 --- RxSqlServerData Finish ---"
[1] "2022-03-09 20:49:16 --- subset Start ---"
[1] "--------------------------------------------------------------------------------"
[1] "nrow(data) subset before=12852"
[1] "nrow(data) subset after =12852"
[1] "nrow(data) subset diff =0"
[1] "--------------------------------------------------------------------------------"
[1] "2022-03-09 20:49:16 --- subset Finish---"
[1] "2022-03-09 20:49:16 --- transform Start ---"
[1] "--------------------------------------------------------------------------------"
[1] "nrow(data) transform before=12852"
[1] "nrow(data) transform after=12852"
[1] "nrow(data) transform diff=0"
[1] "--------------------------------------------------------------------------------"
[1] "str(data)="
'data.frame':	12852 obs. of  43 variables:
 $ Race.RaceId                        : Factor w/ 928 levels "20200802-04-02-04-11",..: 1 1 1 1 1 1 1 1 1 1 ...
 $ Race.IsAnalyzeNormalPastAndFuture  : logi  TRUE TRUE TRUE TRUE TRUE TRUE ...
 $ Race.IsAnalyzeNormalPast           : logi  TRUE TRUE TRUE TRUE TRUE TRUE ...
 $ Race.IsAnalyzeNormalFuture         : logi  FALSE FALSE FALSE FALSE FALSE FALSE ...
 $ Race.IsAnalyzeFullPastAndFuture    : logi  TRUE TRUE TRUE TRUE TRUE TRUE ...
 $ Race.IsAnalyzeFullPast             : logi  TRUE TRUE TRUE TRUE TRUE TRUE ...
 $ Race.IsAnalyzeFullFuture           : logi  FALSE FALSE FALSE FALSE FALSE FALSE ...
 $ Race.JyokenCd                      : Factor w/ 1 level "1": 1 1 1 1 1 1 1 1 1 1 ...
 $ Race.JyoType1Cd                    : Factor w/ 141 levels "12-04-1800-1",..: 1 1 1 1 1 1 1 1 1 1 ...
 $ Race.RaceType1Cd                   : Factor w/ 4 levels "1-1-13","1-1-11",..: 1 1 1 1 1 1 1 1 1 1 ...
 $ RaceHorse.RaceId                   : Factor w/ 928 levels "20200802-04-02-04-11",..: 1 1 1 1 1 1 1 1 1 1 ...
 $ RaceHorse.KettoNum                 : Factor w/ 3103 levels "2015105105","2013106128",..: 1 2 3 4 5 6 7 8 9 10 ...
 $ RaceHorse.IsValidRaceHorse         : logi  TRUE TRUE TRUE TRUE TRUE TRUE ...
 $ RaceHorse.HorseNumRatio            : num  0.0714 0.1429 0.2143 0.2857 0.3571 ...
 $ RaceHorse.WeightSdvByRace          : num  -2.031 1.266 0.648 -0.795 1.266 ...
 $ RaceHorse.WeightDeltaSdvByRace     : num  0.871 -0.348 0.871 -0.836 -1.324 ...
 $ RaceHorse.WeightDeltaRatioSdvByRace: num  1.004 -0.355 0.863 -0.871 -1.307 ...
 $ RaceHorse.HandicapSdvByRace        : num  0.224 0.224 0.224 -2.907 0.224 ...
 $ RaceHorse.HandicapRatioSdvByRace   : num  2.2466 -1.1844 -0.608 -0.0795 -1.1844 ...
 $ RaceHorse.WeightSdv                : num  -1.396 1.139 0.663 -0.445 1.139 ...
 $ RaceHorse.WeightDeltaSdv           : num  1.5721 -0.0863 1.5721 -0.7496 -1.413 ...
 $ RaceHorse.WeightDeltaRatioSdv      : num  1.7067 -0.0819 1.5207 -0.761 -1.334 ...
 $ RaceHorse.HandicapSdv              : num  0.379 0.379 0.379 -0.765 0.379 ...
 $ RaceHorse.HandicapRatioSdv         : num  1.668 -0.8805 -0.4523 -0.0597 -0.8805 ...
 $ RaceHorse.FinishTimeSdvByRace      : num  0.16 0.575 0.658 -0.255 0.492 ...
 $ RaceHorse.FirstTimeSdvByRace       : num  -0.436 3.052 0.145 -0.339 -0.533 ...
 $ RaceHorse.LastTimeSdvByRace        : num  0.4008 -1.532 0.4008 0.0267 0.7126 ...
 $ RaceHorse.FinishTimeSdv            : num  1.237 1.497 1.549 0.978 1.445 ...
 $ RaceHorse.FirstTimeSdv             : num  0.669 2.726 1.012 0.727 0.612 ...
 $ RaceHorse.LastTimeSdv              : num  0.939 -1.465 0.939 0.473 1.327 ...
 $ RaceHorse.IsHitA                   : num  0 0 0 0 0 0 0 0 0 0 ...
 $ RaceHorse.IsHitB                   : num  0 0 0 0 0 0 0 0 0 0 ...
 $ RaceHorse.IsHitC                   : num  0 0 1 0 0 0 0 0 0 0 ...
 $ DataMining.DmTimeSdv               : num  0.25 1.098 1.55 0.504 0.956 ...
 $ DataMiningTaisen.TmScoreSdv        : num  0.416 0.332 1.804 -1.002 0.266 ...
 $ OddsByWin.Odds1                    : num  7.5 19.4 5.6 46.7 7.2 ...
 $ OddsByWin.RealOdds1                : num  9.38 24.25 7 58.38 9 ...
 $ OddsByWin.Ninki                    : num  5 8 2 10 3 6 9 13 7 14 ...
 $ OddsByWin.OddsLog1                 : num  2.01 2.97 1.72 3.84 1.97 ...
 $ OddsByWin.ApprovalRate1            : num  0.1067 0.0412 0.1429 0.0171 0.1111 ...
 $ OddsByWin.RealOddsLog1             : num  2.24 3.19 1.95 4.07 2.2 ...
 $ OddsByWin.RealApprovalRate1        : num  0.1333 0.0515 0.1786 0.0214 0.1389 ...
 $ EOF                                : int  1 1 1 1 1 1 1 1 1 1 ...
NULL
[1] "2022-03-09 20:49:16 --- transform Finish ---"
[1] "2022-03-09 20:49:16 --- na.omit Start ---"
[1] "--------------------------------------------------------------------------------"
[1] "nrow(data) na.omit before=12852"
[1] "nrow(data) na.omit after =12776"
[1] "nrow(data) na.omit diff =76"
[1] "--------------------------------------------------------------------------------"
'data.frame':	12776 obs. of  43 variables:
 $ Race.RaceId                        : Factor w/ 928 levels "20200802-04-02-04-11",..: 1 1 1 1 1 1 1 1 1 1 ...
 $ Race.IsAnalyzeNormalPastAndFuture  : logi  TRUE TRUE TRUE TRUE TRUE TRUE ...
 $ Race.IsAnalyzeNormalPast           : logi  TRUE TRUE TRUE TRUE TRUE TRUE ...
 $ Race.IsAnalyzeNormalFuture         : logi  FALSE FALSE FALSE FALSE FALSE FALSE ...
 $ Race.IsAnalyzeFullPastAndFuture    : logi  TRUE TRUE TRUE TRUE TRUE TRUE ...
 $ Race.IsAnalyzeFullPast             : logi  TRUE TRUE TRUE TRUE TRUE TRUE ...
 $ Race.IsAnalyzeFullFuture           : logi  FALSE FALSE FALSE FALSE FALSE FALSE ...
 $ Race.JyokenCd                      : Factor w/ 1 level "1": 1 1 1 1 1 1 1 1 1 1 ...
 $ Race.JyoType1Cd                    : Factor w/ 141 levels "12-04-1800-1",..: 1 1 1 1 1 1 1 1 1 1 ...
 $ Race.RaceType1Cd                   : Factor w/ 4 levels "1-1-13","1-1-11",..: 1 1 1 1 1 1 1 1 1 1 ...
 $ RaceHorse.RaceId                   : Factor w/ 928 levels "20200802-04-02-04-11",..: 1 1 1 1 1 1 1 1 1 1 ...
 $ RaceHorse.KettoNum                 : Factor w/ 3103 levels "2015105105","2013106128",..: 1 2 3 4 5 6 7 8 9 10 ...
 $ RaceHorse.IsValidRaceHorse         : logi  TRUE TRUE TRUE TRUE TRUE TRUE ...
 $ RaceHorse.HorseNumRatio            : num  0.0714 0.1429 0.2143 0.2857 0.3571 ...
 $ RaceHorse.WeightSdvByRace          : num  -2.031 1.266 0.648 -0.795 1.266 ...
 $ RaceHorse.WeightDeltaSdvByRace     : num  0.871 -0.348 0.871 -0.836 -1.324 ...
 $ RaceHorse.WeightDeltaRatioSdvByRace: num  1.004 -0.355 0.863 -0.871 -1.307 ...
 $ RaceHorse.HandicapSdvByRace        : num  0.224 0.224 0.224 -2.907 0.224 ...
 $ RaceHorse.HandicapRatioSdvByRace   : num  2.2466 -1.1844 -0.608 -0.0795 -1.1844 ...
 $ RaceHorse.WeightSdv                : num  -1.396 1.139 0.663 -0.445 1.139 ...
 $ RaceHorse.WeightDeltaSdv           : num  1.5721 -0.0863 1.5721 -0.7496 -1.413 ...
 $ RaceHorse.WeightDeltaRatioSdv      : num  1.7067 -0.0819 1.5207 -0.761 -1.334 ...
 $ RaceHorse.HandicapSdv              : num  0.379 0.379 0.379 -0.765 0.379 ...
 $ RaceHorse.HandicapRatioSdv         : num  1.668 -0.8805 -0.4523 -0.0597 -0.8805 ...
 $ RaceHorse.FinishTimeSdvByRace      : num  0.16 0.575 0.658 -0.255 0.492 ...
 $ RaceHorse.FirstTimeSdvByRace       : num  -0.436 3.052 0.145 -0.339 -0.533 ...
 $ RaceHorse.LastTimeSdvByRace        : num  0.4008 -1.532 0.4008 0.0267 0.7126 ...
 $ RaceHorse.FinishTimeSdv            : num  1.237 1.497 1.549 0.978 1.445 ...
 $ RaceHorse.FirstTimeSdv             : num  0.669 2.726 1.012 0.727 0.612 ...
 $ RaceHorse.LastTimeSdv              : num  0.939 -1.465 0.939 0.473 1.327 ...
 $ RaceHorse.IsHitA                   : num  0 0 0 0 0 0 0 0 0 0 ...
 $ RaceHorse.IsHitB                   : num  0 0 0 0 0 0 0 0 0 0 ...
 $ RaceHorse.IsHitC                   : num  0 0 1 0 0 0 0 0 0 0 ...
 $ DataMining.DmTimeSdv               : num  0.25 1.098 1.55 0.504 0.956 ...
 $ DataMiningTaisen.TmScoreSdv        : num  0.416 0.332 1.804 -1.002 0.266 ...
 $ OddsByWin.Odds1                    : num  7.5 19.4 5.6 46.7 7.2 ...
 $ OddsByWin.RealOdds1                : num  9.38 24.25 7 58.38 9 ...
 $ OddsByWin.Ninki                    : num  5 8 2 10 3 6 9 13 7 14 ...
 $ OddsByWin.OddsLog1                 : num  2.01 2.97 1.72 3.84 1.97 ...
 $ OddsByWin.ApprovalRate1            : num  0.1067 0.0412 0.1429 0.0171 0.1111 ...
 $ OddsByWin.RealOddsLog1             : num  2.24 3.19 1.95 4.07 2.2 ...
 $ OddsByWin.RealApprovalRate1        : num  0.1333 0.0515 0.1786 0.0214 0.1389 ...
 $ EOF                                : int  1 1 1 1 1 1 1 1 1 1 ...
 - attr(*, "na.action")= 'omit' Named int  359 419 491 891 1127 1216 1335 1336 1369 1506 ...
  ..- attr(*, "names")= chr  "359" "419" "491" "891" ...
[1] "2022-03-09 20:49:17 --- na.omit Finish ---"
[1] "2022-03-09 20:49:17 --- rxLogit with rxStepControl Start ---"

> print(paste0(Sys.time(), " --- source_logic_glm.R Start ---"))
[1] "2022-03-09 20:49:17 --- source_logic_glm.R Start ---"

> formula <- formula(RaceHorse.IsHitA ~ +1 + RaceHorse.WeightDeltaRatioSdvByRace + 
+     RaceHorse.HandicapRatioSdvByRace + DataMiningTaisen.TmScoreSdv + 
+     log(OddsByWin.RealOdds1))

> print(paste0(Sys.time(), " --- source_logic_glm.R Finished ---"))
[1] "2022-03-09 20:49:17 --- source_logic_glm.R Finished ---"
[1] "--------------------------------------------------------------------------------"
[1] "analyze.results.glm.step="

Call:  glm(formula = formula, family = binomial(logit), data = data)

Coefficients:
                        (Intercept)  RaceHorse.WeightDeltaRatioSdvByRace  
                            0.68042                             -0.00884  
   RaceHorse.HandicapRatioSdvByRace          DataMiningTaisen.TmScoreSdv  
                           -0.09531                              0.01069  
           log(OddsByWin.RealOdds1)  
                           -1.23568  

Degrees of Freedom: 12775 Total (i.e. Null);  12771 Residual
Null Deviance:	    6660 
Residual Deviance: 5260 	AIC: 5270
[1] "analyze.results.glm.step.summary"

Call:
glm(formula = formula, family = binomial(logit), data = data)

Deviance Residuals: 
   Min      1Q  Median      3Q     Max  
-1.254  -0.406  -0.216  -0.100   3.663  

Coefficients:
                                    Estimate Std. Error z value Pr(>|z|)    
(Intercept)                          0.68042    0.13085    5.20    2e-07 ***
RaceHorse.WeightDeltaRatioSdvByRace -0.00884    0.03794   -0.23    0.816    
RaceHorse.HandicapRatioSdvByRace    -0.09531    0.03749   -2.54    0.011 *  
DataMiningTaisen.TmScoreSdv          0.01069    0.05352    0.20    0.842    
log(OddsByWin.RealOdds1)            -1.23568    0.04937  -25.03   <2e-16 ***
---
Signif. codes:  0 '***' 0.001 '**' 0.01 '*' 0.05 '.' 0.1 ' ' 1

(Dispersion parameter for binomial family taken to be 1)

    Null deviance: 6659.0  on 12775  degrees of freedom
Residual deviance: 5258.9  on 12771  degrees of freedom
AIC: 5269

Number of Fisher Scoring iterations: 7

[1] "--------------------------------------------------------------------------------"
[1] "2022-03-09 20:49:17 --- rxLogit with rxStepControl Finish ---"
[1] "2022-03-09 20:49:17 --- rxStepPlot Start ---"
[1] "pdfFilename=pdf_analyze_glm_Basic_Type11_rxStepPlot.pdf"
[1] "rxStepPlot="
