[1] "2022-02-26 17:57:16 --- D1115_analyze_glm_Gen02_IsHitA_Type22 Start ---"
[1] "2022-02-26 17:57:16 --- Log Start ---"
[1] "2022-02-26 17:57:16 --- analyze_glm.R Start ---"
[1] "analyzeVersion=D1115"
[1] "analyzeCategory=analyze"
[1] "analyzeType=Gen02"
[1] "analyzeFamily=IsHitA"
[1] "analyzeFunc=glm"
[1] "analyzeTrackTypeCd=2"
[1] "analyzeJyokenCd=2"
[1] "2022-02-26 17:57:17 --- source_function.R Start ---"
[1] "2022-02-26 17:57:18 --- source_function.R Finished ---"

> print(paste0(Sys.time(), " --- source_library.R Start ---"))
[1] "2022-02-26 17:57:18 --- source_library.R Start ---"

> require("RevoScaleR")

> print(paste0(Sys.time(), " --- source_library.R Finished ---"))
[1] "2022-02-26 17:57:20 --- source_library.R Finished ---"
[1] "2022-02-26 17:57:20 --- RxSqlServerData Start ---"
[1] "2022-02-26 17:57:20 --- RxInSqlServer Start ---"
[1] "2022-02-26 17:57:20 --- RxInSqlServer Finish ---"
[1] "2022-02-26 17:57:21 --- rxSetComputeContext Start ---"
[1] "2022-02-26 17:57:21 --- rxSetComputeContext Finish ---"
[1] "2022-02-26 17:57:21 --- RxSqlServerData Start ---"
[1] "sqlQuery=SELECT * FROM ViewAnalyzeD1115analyze01Gen02Type22"
[1] "2022-02-26 17:57:21 --- RxSqlServerData Finish ---"
[1] "2022-02-26 17:57:22 --- rxGetVarInfo Start ---"
[1] "2022-02-26 17:57:24 --- rxGetVarInfo Finish---"
[1] "2022-02-26 17:57:24 --- rxImport Start ---"
Rows Read: 4704, Total Rows Processed: 4704, Total Chunk Time: 63.785 seconds 
[1] "2022-02-26 17:59:32 --- rxImport Finish ---"
[1] "object.size(data) auto=1.5 Mb"
[1] "--------------------------------------------------------------------------------"
[1] "nrow(data) RxSqlServerData=4704"
[1] "--------------------------------------------------------------------------------"
[1] "str(data)="
'data.frame':	4704 obs. of  44 variables:
 $ Race.RaceId                      : Factor w/ 399 levels "20160827-10-02-09-11",..: 11 12 13 14 15 16 17 18 19 20 ...
 $ Race.IsAnalyzeNormalPastAndFuture: logi  TRUE TRUE TRUE TRUE TRUE TRUE ...
 $ Race.IsAnalyzeNormalPast         : logi  TRUE TRUE TRUE TRUE TRUE TRUE ...
 $ Race.IsAnalyzeNormalFuture       : logi  FALSE FALSE FALSE FALSE FALSE FALSE ...
 $ Race.IsAnalyzeFullPastAndFuture  : logi  TRUE TRUE TRUE TRUE TRUE TRUE ...
 $ Race.IsAnalyzeFullPast           : logi  TRUE TRUE TRUE TRUE TRUE TRUE ...
 $ Race.IsAnalyzeFullFuture         : logi  FALSE FALSE FALSE FALSE FALSE FALSE ...
 $ Race.JyokenCd                    : Factor w/ 1 level "2": 1 1 1 1 1 1 1 1 1 1 ...
 $ Race.JyoType1Cd                  : Factor w/ 71 levels "2-10-1700-2-1",..: 11 12 13 14 15 16 1 17 18 5 ...
 $ Race.RaceType1Cd                 : Factor w/ 2 levels "2-2-E-2","2-2-E-1": 2 2 1 1 1 2 1 2 1 1 ...
 $ RaceHorse.RaceId                 : Factor w/ 399 levels "20160827-10-02-09-11",..: 11 12 13 14 15 16 17 18 19 20 ...
 $ RaceHorse.KettoNum               : Factor w/ 945 levels "2011103443","2012104626",..: 9 10 11 12 13 14 11 14 15 16 ...
 $ RaceHorse.IsHit1                 : num  0 0 0 0 0 0 0 0 0 0 ...
 $ RaceHorse.IsHit2                 : num  1 0 0 0 1 0 0 0 0 0 ...
 $ RaceHorse.IsHit3                 : num  0 1 1 0 0 0 0 1 0 0 ...
 $ RaceHorse.IsHit4                 : num  0 0 0 0 0 0 1 0 0 0 ...
 $ RaceHorse.IsHit5                 : num  0 0 0 0 0 0 0 0 0 0 ...
 $ RaceHorse.IsHit6                 : num  0 0 0 1 0 1 0 0 1 1 ...
 $ RaceHorse.IsValidRaceHorse       : logi  TRUE TRUE TRUE TRUE TRUE TRUE ...
 $ RaceHorse.TimeSdvByRace          : num  1.11 1.23 0.99 -1.7 1.13 ...
 $ RaceHorse.TimeSdv                : num  1.45 1.22 1.56 -2.17 1.02 ...
 $ RaceHorse.IsHitA                 : num  0 0 0 0 0 0 0 0 0 0 ...
 $ RaceHorse.IsHitB                 : num  1 0 0 0 1 0 0 0 0 0 ...
 $ RaceHorse.IsHitC                 : num  1 1 1 0 1 0 0 1 0 0 ...
 $ Gen02.HansyokuNum                : Factor w/ 206 levels "11202004","11406188",..: 9 10 11 11 12 13 11 13 14 12 ...
 $ Gen02.TimeSdvByRaceAvg           : num  0.697 0.797 0.277 -0.919 -0.444 ...
 $ Gen02.TimeSdvByRaceMin           : num  -1.148 -0.812 -0.567 -0.919 -1.629 ...
 $ Gen02.TimeSdvByRaceMax           : num  2.011 2.105 1.013 -0.919 0.343 ...
 $ Gen02.TimeSdvAvg                 : num  0.63558 0.80337 0.44361 -0.59648 -0.00962 ...
 $ Gen02.TimeSdvMin                 : num  -1.6029 -0.1753 0.0176 -0.5965 -0.3461 ...
 $ Gen02.TimeSdvMax                 : num  1.912 2.045 0.842 -0.596 0.482 ...
 $ Gen02.OrderOfFinishSdvAvg        : num  0.688 0.643 0.268 -0.511 -0.587 ...
 $ Gen02.RunCount                   : num  18 5 8 1 3 2 9 3 1 8 ...
 $ Gen02.HitCount1                  : num  1 2 0 0 0 0 0 0 0 1 ...
 $ Gen02.HitCount2                  : num  3 0 0 0 0 0 0 0 0 0 ...
 $ Gen02.HitCount3                  : num  5 1 1 0 0 0 2 0 0 0 ...
 $ Gen02.HitCount4                  : num  1 0 2 0 0 0 2 0 0 0 ...
 $ Gen02.HitCount5                  : num  2 0 1 0 0 0 1 0 0 2 ...
 $ Gen02.HitRate1                   : num  0.0556 0.4 0 0 0 ...
 $ Gen02.HitRate2                   : num  0.167 0 0 0 0 ...
 $ Gen02.HitRate3                   : num  0.278 0.2 0.125 0 0 ...
 $ Gen02.HitRate4                   : num  0.0556 0 0.25 0 0 ...
 $ Gen02.HitRate5                   : num  0.111 0 0.125 0 0 ...
 $ EOF                              : int  1 1 1 1 1 1 1 1 1 1 ...
[1] "2022-02-26 18:00:33 --- RxSqlServerData Finish ---"
[1] "2022-02-26 18:00:38 --- subset Start ---"
[1] "--------------------------------------------------------------------------------"
[1] "nrow(data) subset before=4704"
[1] "nrow(data) subset after =4704"
[1] "nrow(data) subset diff =0"
[1] "--------------------------------------------------------------------------------"
[1] "2022-02-26 18:00:51 --- subset Finish---"
[1] "2022-02-26 18:00:55 --- transform Start ---"
[1] "--------------------------------------------------------------------------------"
[1] "nrow(data) transform before=4704"
[1] "nrow(data) transform after=4704"
[1] "nrow(data) transform diff=0"
[1] "--------------------------------------------------------------------------------"
[1] "str(data)="
'data.frame':	4704 obs. of  44 variables:
 $ Race.RaceId                      : Factor w/ 399 levels "20160827-10-02-09-11",..: 11 12 13 14 15 16 17 18 19 20 ...
 $ Race.IsAnalyzeNormalPastAndFuture: logi  TRUE TRUE TRUE TRUE TRUE TRUE ...
 $ Race.IsAnalyzeNormalPast         : logi  TRUE TRUE TRUE TRUE TRUE TRUE ...
 $ Race.IsAnalyzeNormalFuture       : logi  FALSE FALSE FALSE FALSE FALSE FALSE ...
 $ Race.IsAnalyzeFullPastAndFuture  : logi  TRUE TRUE TRUE TRUE TRUE TRUE ...
 $ Race.IsAnalyzeFullPast           : logi  TRUE TRUE TRUE TRUE TRUE TRUE ...
 $ Race.IsAnalyzeFullFuture         : logi  FALSE FALSE FALSE FALSE FALSE FALSE ...
 $ Race.JyokenCd                    : Factor w/ 1 level "2": 1 1 1 1 1 1 1 1 1 1 ...
 $ Race.JyoType1Cd                  : Factor w/ 71 levels "2-10-1700-2-1",..: 11 12 13 14 15 16 1 17 18 5 ...
 $ Race.RaceType1Cd                 : Factor w/ 2 levels "2-2-E-2","2-2-E-1": 2 2 1 1 1 2 1 2 1 1 ...
 $ RaceHorse.RaceId                 : Factor w/ 399 levels "20160827-10-02-09-11",..: 11 12 13 14 15 16 17 18 19 20 ...
 $ RaceHorse.KettoNum               : Factor w/ 945 levels "2011103443","2012104626",..: 9 10 11 12 13 14 11 14 15 16 ...
 $ RaceHorse.IsHit1                 : num  0 0 0 0 0 0 0 0 0 0 ...
 $ RaceHorse.IsHit2                 : num  1 0 0 0 1 0 0 0 0 0 ...
 $ RaceHorse.IsHit3                 : num  0 1 1 0 0 0 0 1 0 0 ...
 $ RaceHorse.IsHit4                 : num  0 0 0 0 0 0 1 0 0 0 ...
 $ RaceHorse.IsHit5                 : num  0 0 0 0 0 0 0 0 0 0 ...
 $ RaceHorse.IsHit6                 : num  0 0 0 1 0 1 0 0 1 1 ...
 $ RaceHorse.IsValidRaceHorse       : logi  TRUE TRUE TRUE TRUE TRUE TRUE ...
 $ RaceHorse.TimeSdvByRace          : num  1.11 1.23 0.99 -1.7 1.13 ...
 $ RaceHorse.TimeSdv                : num  1.45 1.22 1.56 -2.17 1.02 ...
 $ RaceHorse.IsHitA                 : num  0 0 0 0 0 0 0 0 0 0 ...
 $ RaceHorse.IsHitB                 : num  1 0 0 0 1 0 0 0 0 0 ...
 $ RaceHorse.IsHitC                 : num  1 1 1 0 1 0 0 1 0 0 ...
 $ Gen02.HansyokuNum                : Factor w/ 206 levels "11202004","11406188",..: 9 10 11 11 12 13 11 13 14 12 ...
 $ Gen02.TimeSdvByRaceAvg           : num  0.697 0.797 0.277 -0.919 -0.444 ...
 $ Gen02.TimeSdvByRaceMin           : num  -1.148 -0.812 -0.567 -0.919 -1.629 ...
 $ Gen02.TimeSdvByRaceMax           : num  2.011 2.105 1.013 -0.919 0.343 ...
 $ Gen02.TimeSdvAvg                 : num  0.63558 0.80337 0.44361 -0.59648 -0.00962 ...
 $ Gen02.TimeSdvMin                 : num  -1.6029 -0.1753 0.0176 -0.5965 -0.3461 ...
 $ Gen02.TimeSdvMax                 : num  1.912 2.045 0.842 -0.596 0.482 ...
 $ Gen02.OrderOfFinishSdvAvg        : num  0.688 0.643 0.268 -0.511 -0.587 ...
 $ Gen02.RunCount                   : num  18 5 8 1 3 2 9 3 1 8 ...
 $ Gen02.HitCount1                  : num  1 2 0 0 0 0 0 0 0 1 ...
 $ Gen02.HitCount2                  : num  3 0 0 0 0 0 0 0 0 0 ...
 $ Gen02.HitCount3                  : num  5 1 1 0 0 0 2 0 0 0 ...
 $ Gen02.HitCount4                  : num  1 0 2 0 0 0 2 0 0 0 ...
 $ Gen02.HitCount5                  : num  2 0 1 0 0 0 1 0 0 2 ...
 $ Gen02.HitRate1                   : num  0.0556 0.4 0 0 0 ...
 $ Gen02.HitRate2                   : num  0.167 0 0 0 0 ...
 $ Gen02.HitRate3                   : num  0.278 0.2 0.125 0 0 ...
 $ Gen02.HitRate4                   : num  0.0556 0 0.25 0 0 ...
 $ Gen02.HitRate5                   : num  0.111 0 0.125 0 0 ...
 $ EOF                              : int  1 1 1 1 1 1 1 1 1 1 ...
NULL
[1] "2022-02-26 18:01:22 --- transform Finish ---"
[1] "2022-02-26 18:01:22 --- na.omit Start ---"
[1] "--------------------------------------------------------------------------------"
[1] "nrow(data) na.omit before=4704"
[1] "nrow(data) na.omit after =4677"
[1] "nrow(data) na.omit diff =27"
[1] "--------------------------------------------------------------------------------"
'data.frame':	4677 obs. of  44 variables:
 $ Race.RaceId                      : Factor w/ 399 levels "20160827-10-02-09-11",..: 11 12 13 14 15 16 17 18 19 20 ...
 $ Race.IsAnalyzeNormalPastAndFuture: logi  TRUE TRUE TRUE TRUE TRUE TRUE ...
 $ Race.IsAnalyzeNormalPast         : logi  TRUE TRUE TRUE TRUE TRUE TRUE ...
 $ Race.IsAnalyzeNormalFuture       : logi  FALSE FALSE FALSE FALSE FALSE FALSE ...
 $ Race.IsAnalyzeFullPastAndFuture  : logi  TRUE TRUE TRUE TRUE TRUE TRUE ...
 $ Race.IsAnalyzeFullPast           : logi  TRUE TRUE TRUE TRUE TRUE TRUE ...
 $ Race.IsAnalyzeFullFuture         : logi  FALSE FALSE FALSE FALSE FALSE FALSE ...
 $ Race.JyokenCd                    : Factor w/ 1 level "2": 1 1 1 1 1 1 1 1 1 1 ...
 $ Race.JyoType1Cd                  : Factor w/ 71 levels "2-10-1700-2-1",..: 11 12 13 14 15 16 1 17 18 5 ...
 $ Race.RaceType1Cd                 : Factor w/ 2 levels "2-2-E-2","2-2-E-1": 2 2 1 1 1 2 1 2 1 1 ...
 $ RaceHorse.RaceId                 : Factor w/ 399 levels "20160827-10-02-09-11",..: 11 12 13 14 15 16 17 18 19 20 ...
 $ RaceHorse.KettoNum               : Factor w/ 945 levels "2011103443","2012104626",..: 9 10 11 12 13 14 11 14 15 16 ...
 $ RaceHorse.IsHit1                 : num  0 0 0 0 0 0 0 0 0 0 ...
 $ RaceHorse.IsHit2                 : num  1 0 0 0 1 0 0 0 0 0 ...
 $ RaceHorse.IsHit3                 : num  0 1 1 0 0 0 0 1 0 0 ...
 $ RaceHorse.IsHit4                 : num  0 0 0 0 0 0 1 0 0 0 ...
 $ RaceHorse.IsHit5                 : num  0 0 0 0 0 0 0 0 0 0 ...
 $ RaceHorse.IsHit6                 : num  0 0 0 1 0 1 0 0 1 1 ...
 $ RaceHorse.IsValidRaceHorse       : logi  TRUE TRUE TRUE TRUE TRUE TRUE ...
 $ RaceHorse.TimeSdvByRace          : num  1.11 1.23 0.99 -1.7 1.13 ...
 $ RaceHorse.TimeSdv                : num  1.45 1.22 1.56 -2.17 1.02 ...
 $ RaceHorse.IsHitA                 : num  0 0 0 0 0 0 0 0 0 0 ...
 $ RaceHorse.IsHitB                 : num  1 0 0 0 1 0 0 0 0 0 ...
 $ RaceHorse.IsHitC                 : num  1 1 1 0 1 0 0 1 0 0 ...
 $ Gen02.HansyokuNum                : Factor w/ 206 levels "11202004","11406188",..: 9 10 11 11 12 13 11 13 14 12 ...
 $ Gen02.TimeSdvByRaceAvg           : num  0.697 0.797 0.277 -0.919 -0.444 ...
 $ Gen02.TimeSdvByRaceMin           : num  -1.148 -0.812 -0.567 -0.919 -1.629 ...
 $ Gen02.TimeSdvByRaceMax           : num  2.011 2.105 1.013 -0.919 0.343 ...
 $ Gen02.TimeSdvAvg                 : num  0.63558 0.80337 0.44361 -0.59648 -0.00962 ...
 $ Gen02.TimeSdvMin                 : num  -1.6029 -0.1753 0.0176 -0.5965 -0.3461 ...
 $ Gen02.TimeSdvMax                 : num  1.912 2.045 0.842 -0.596 0.482 ...
 $ Gen02.OrderOfFinishSdvAvg        : num  0.688 0.643 0.268 -0.511 -0.587 ...
 $ Gen02.RunCount                   : num  18 5 8 1 3 2 9 3 1 8 ...
 $ Gen02.HitCount1                  : num  1 2 0 0 0 0 0 0 0 1 ...
 $ Gen02.HitCount2                  : num  3 0 0 0 0 0 0 0 0 0 ...
 $ Gen02.HitCount3                  : num  5 1 1 0 0 0 2 0 0 0 ...
 $ Gen02.HitCount4                  : num  1 0 2 0 0 0 2 0 0 0 ...
 $ Gen02.HitCount5                  : num  2 0 1 0 0 0 1 0 0 2 ...
 $ Gen02.HitRate1                   : num  0.0556 0.4 0 0 0 ...
 $ Gen02.HitRate2                   : num  0.167 0 0 0 0 ...
 $ Gen02.HitRate3                   : num  0.278 0.2 0.125 0 0 ...
 $ Gen02.HitRate4                   : num  0.0556 0 0.25 0 0 ...
 $ Gen02.HitRate5                   : num  0.111 0 0.125 0 0 ...
 $ EOF                              : int  1 1 1 1 1 1 1 1 1 1 ...
 - attr(*, "na.action")= 'omit' Named int  66 216 272 451 515 530 629 682 702 838 ...
  ..- attr(*, "names")= chr  "66" "216" "272" "451" ...
[1] "2022-02-26 18:01:35 --- na.omit Finish ---"
[1] "2022-02-26 18:01:35 --- rxGlm with rxStepControl Start ---"

> print(paste0(Sys.time(), " --- source_logic_glm.R Start ---"))
[1] "2022-02-26 18:01:36 --- source_logic_glm.R Start ---"

> formula <- formula(RaceHorse.IsHitA ~ +1 + Gen02.TimeSdvByRaceAvg)

> print(paste0(Sys.time(), " --- source_logic_glm.R Finished ---"))
[1] "2022-02-26 18:01:36 --- source_logic_glm.R Finished ---"
Rows Read: 4677, Total Rows Processed: 4677, Total Chunk Time: 0.001 seconds 

Starting values (iteration 1) time: 0.007 secs.
Rows Read: 4677, Total Rows Processed: 4677, Total Chunk Time: Less than .001 seconds 

Iteration 2 time: 0.008 secs.
Rows Read: 4677, Total Rows Processed: 4677, Total Chunk Time: Less than .001 seconds 

Iteration 3 time: 0.008 secs.
Rows Read: 4677, Total Rows Processed: 4677, Total Chunk Time: 0.001 seconds 

Iteration 4 time: 0.008 secs.
Rows Read: 4677, Total Rows Processed: 4677, Total Chunk Time: 0.001 seconds 

Iteration 5 time: 0.004 secs.

Elapsed computation time: 0.723 secs.
Rows Read: 4677, Total Rows Processed: 4677, Total Chunk Time: Less than .001 seconds 

Starting values (iteration 1) time: 0.005 secs.
Rows Read: 4677, Total Rows Processed: 4677, Total Chunk Time: Less than .001 seconds 

Iteration 2 time: 0.021 secs.

Elapsed computation time: 0.041 secs.
Rows Read: 4677, Total Rows Processed: 4677, Total Chunk Time: Less than .001 seconds 

Starting values (iteration 1) time: 0.005 secs.
Rows Read: 4677, Total Rows Processed: 4677, Total Chunk Time: 0.002 seconds 

Iteration 2 time: 0.042 secs.
Rows Read: 4677, Total Rows Processed: 4677, Total Chunk Time: 0.001 seconds 

Iteration 3 time: 0.095 secs.
Rows Read: 4677, Total Rows Processed: 4677, Total Chunk Time: 0.002 seconds 

Iteration 4 time: 0.115 secs.
Rows Read: 4677, Total Rows Processed: 4677, Total Chunk Time: 0.001 seconds 

Iteration 5 time: 0.005 secs.

Elapsed computation time: 0.355 secs.

Elapsed computation time: 1.142 secs.
[1] "--------------------------------------------------------------------------------"
[1] "analyze.results.glm.step="
Logistic Regression Results for: RaceHorse.IsHitA ~
    Gen02.TimeSdvByRaceAvg
Data: data
Dependent variable(s): RaceHorse.IsHitA
Total independent variables: 2 
Number of valid observations: 4677
Number of missing observations: 0 
 
Coefficients:
                       RaceHorse.IsHitA
(Intercept)                          -3
Gen02.TimeSdvByRaceAvg                1
[1] "analyze.results.glm.step.summary"
Call:
rxLogit(formula = formula, data = data, variableSelection = analyze.results.glm.step.varsel)

Logistic Regression Results for: RaceHorse.IsHitA ~
    Gen02.TimeSdvByRaceAvg
Data: data
Dependent variable(s): RaceHorse.IsHitA
Total independent variables: 2 
Number of valid observations: 4677
Number of missing observations: 0 
-2*LogLikelihood: 2100.74 (Residual deviance on 4675 degrees of freedom)
 
Coefficients:
                       Estimate Std. Error z value Pr(>|z|)    
(Intercept)             -3.0078     0.0777  -38.71  2.2e-16 ***
Gen02.TimeSdvByRaceAvg   1.1234     0.1143    9.83  2.2e-16 ***
---
Signif. codes:  0 '***' 0.001 '**' 0.01 '*' 0.05 '.' 0.1 ' ' 1

Condition number of final variance-covariance matrix: 1 
Number of iterations: 5
[1] "--------------------------------------------------------------------------------"
[1] "2022-02-26 18:01:39 --- rxGlm with rxStepControl Finish ---"
[1] "2022-02-26 18:01:39 --- rxStepPlot Start ---"
[1] "pdfFilename=pdf_analyze_glm_Gen02_Type22_rxStepPlot.pdf"
[1] "rxStepPlot="
[1] "2022-02-26 18:01:40 --- rxStepPlot Finish ---"
[1] "2022-02-26 18:01:42 --- save.image Start ---"
[1] "save.image"
[1] "rdataFilename=RData_analyze_glm_Gen02_Type22.RData"
[1] "2022-02-26 18:01:42 --- save.image Finish ---"
[1] "2022-02-26 18:01:44 --- final Start ---"
[1] "--------------------------------------------------------------------------------"
[1] "nrow(data) final=4677"
[1] "--------------------------------------------------------------------------------"
[1] "2022-02-26 18:01:44 --- final Finish ---"
[1] "2022-02-26 18:01:44 --- analyze_glm.R Finished ---"
[1] "2022-02-26 18:01:44 --- log Finish ---"
