[1] "2022-02-27 12:24:07 --- D1115_analyze_glm_Horse_IsHitA_Type23 Start ---"
[1] "2022-02-27 12:24:07 --- Log Start ---"
[1] "2022-02-27 12:24:07 --- analyze_glm.R Start ---"
[1] "analyzeVersion=D1115"
[1] "analyzeCategory=analyze"
[1] "analyzeType=Horse"
[1] "analyzeFamily=IsHitA"
[1] "analyzeFunc=glm"
[1] "analyzeTrackTypeCd=2"
[1] "analyzeJyokenCd=3"
[1] "2022-02-27 12:24:07 --- source_function.R Start ---"
[1] "2022-02-27 12:24:07 --- source_function.R Finished ---"

> print(paste0(Sys.time(), " --- source_library.R Start ---"))
[1] "2022-02-27 12:24:07 --- source_library.R Start ---"

> require("RevoScaleR")

> print(paste0(Sys.time(), " --- source_library.R Finished ---"))
[1] "2022-02-27 12:24:07 --- source_library.R Finished ---"
[1] "2022-02-27 12:24:07 --- RxSqlServerData Start ---"
[1] "2022-02-27 12:24:07 --- RxInSqlServer Start ---"
[1] "2022-02-27 12:24:07 --- RxInSqlServer Finish ---"
[1] "2022-02-27 12:24:07 --- rxSetComputeContext Start ---"
[1] "2022-02-27 12:24:07 --- rxSetComputeContext Finish ---"
[1] "2022-02-27 12:24:07 --- RxSqlServerData Start ---"
[1] "sqlQuery=SELECT * FROM ViewAnalyzeD1115analyze01HorseType23"
[1] "2022-02-27 12:24:07 --- RxSqlServerData Finish ---"
[1] "2022-02-27 12:24:07 --- rxGetVarInfo Start ---"
[1] "2022-02-27 12:24:08 --- rxGetVarInfo Finish---"
[1] "2022-02-27 12:24:08 --- rxImport Start ---"
Rows Read: 15121, Total Rows Processed: 15121, Total Chunk Time: 1.672 seconds 
[1] "2022-02-27 12:24:14 --- rxImport Finish ---"
[1] "object.size(data) auto=4.8 Mb"
[1] "--------------------------------------------------------------------------------"
[1] "nrow(data) RxSqlServerData=15121"
[1] "--------------------------------------------------------------------------------"
[1] "str(data)="
'data.frame':	15121 obs. of  44 variables:
 $ Race.RaceId                      : Factor w/ 1011 levels "20190127-07-01-04-11",..: 11 12 13 14 15 16 17 18 19 20 ...
 $ Race.IsAnalyzeNormalPastAndFuture: logi  TRUE TRUE TRUE TRUE TRUE TRUE ...
 $ Race.IsAnalyzeNormalPast         : logi  TRUE TRUE TRUE TRUE TRUE TRUE ...
 $ Race.IsAnalyzeNormalFuture       : logi  FALSE FALSE FALSE FALSE FALSE FALSE ...
 $ Race.IsAnalyzeFullPastAndFuture  : logi  TRUE TRUE TRUE TRUE TRUE TRUE ...
 $ Race.IsAnalyzeFullPast           : logi  TRUE TRUE TRUE TRUE TRUE TRUE ...
 $ Race.IsAnalyzeFullFuture         : logi  FALSE FALSE FALSE FALSE FALSE FALSE ...
 $ Race.JyokenCd                    : Factor w/ 1 level "3": 1 1 1 1 1 1 1 1 1 1 ...
 $ Race.JyoType1Cd                  : Factor w/ 105 levels "2-07-1900-3-1",..: 11 12 10 13 3 14 10 15 15 16 ...
 $ Race.RaceType1Cd                 : Factor w/ 6 levels "2-3-E-2","2-3-X-1",..: 2 2 4 5 2 2 2 2 2 2 ...
 $ RaceHorse.RaceId                 : Factor w/ 1011 levels "20190127-07-01-04-11",..: 11 12 13 14 15 16 17 18 19 20 ...
 $ RaceHorse.KettoNum               : Factor w/ 3181 levels "2012101483","2012100406",..: 6 6 6 7 8 8 9 8 8 8 ...
 $ RaceHorse.IsHit1                 : num  0 0 0 0 0 0 0 0 0 0 ...
 $ RaceHorse.IsHit2                 : num  1 0 0 1 0 0 0 0 0 0 ...
 $ RaceHorse.IsHit3                 : num  0 0 0 0 0 0 0 0 1 0 ...
 $ RaceHorse.IsHit4                 : num  0 0 0 0 0 0 0 0 0 0 ...
 $ RaceHorse.IsHit5                 : num  0 0 0 0 0 1 0 0 0 0 ...
 $ RaceHorse.IsHit6                 : num  0 1 1 0 1 0 1 1 0 1 ...
 $ RaceHorse.IsValidRaceHorse       : logi  TRUE TRUE TRUE TRUE TRUE TRUE ...
 $ RaceHorse.TimeSdvByRace          : num  0.724 0.325 -1.791 0.971 0.461 ...
 $ RaceHorse.TimeSdv                : num  0.53 0.686 -2.004 -0.125 0.208 ...
 $ RaceHorse.IsHitA                 : num  0 0 0 0 0 0 0 0 0 0 ...
 $ RaceHorse.IsHitB                 : num  1 0 0 1 0 0 0 0 0 0 ...
 $ RaceHorse.IsHitC                 : num  1 0 0 1 0 0 0 0 1 0 ...
 $ Horse.KettoNum                   : Factor w/ 3181 levels "2012101483","2012100406",..: 6 6 6 7 8 8 9 8 8 8 ...
 $ Horse.TimeSdvByRaceAvg           : num  0.202 0.289 0.294 0.549 0.303 ...
 $ Horse.TimeSdvByRaceMin           : num  -0.7803 -0.7803 -0.7803 0.0522 -0.8449 ...
 $ Horse.TimeSdvByRaceMax           : num  1.43 1.43 1.43 1.35 1.47 ...
 $ Horse.TimeSdvAvg                 : num  0.329 0.362 0.408 0.369 0.39 ...
 $ Horse.TimeSdvMin                 : num  -0.6079 -0.6079 -0.6079 -0.0266 -1.5775 ...
 $ Horse.TimeSdvMax                 : num  1.54 1.54 1.54 1 1.2 ...
 $ Horse.OrderOfFinishSdvAvg        : num  0.0559 0.2782 0.2791 0.4523 0.1661 ...
 $ Horse.RunCount                   : num  5 6 7 10 11 16 7 14 15 19 ...
 $ Horse.HitCount1                  : num  1 1 1 2 1 1 0 1 1 1 ...
 $ Horse.HitCount2                  : num  0 1 1 1 0 0 0 0 0 0 ...
 $ Horse.HitCount3                  : num  0 0 0 1 1 2 0 1 1 2 ...
 $ Horse.HitCount4                  : num  0 0 0 0 0 0 1 0 0 0 ...
 $ Horse.HitCount5                  : num  0 0 0 0 1 1 0 1 1 2 ...
 $ Horse.HitRate1                   : num  0.2 0.1667 0.1429 0.2 0.0909 ...
 $ Horse.HitRate2                   : num  0 0.167 0.143 0.1 0 ...
 $ Horse.HitRate3                   : num  0 0 0 0.1 0.0909 ...
 $ Horse.HitRate4                   : num  0 0 0 0 0 ...
 $ Horse.HitRate5                   : num  0 0 0 0 0.0909 ...
 $ EOF                              : int  1 1 1 1 1 1 1 1 1 1 ...
[1] "2022-02-27 12:24:15 --- RxSqlServerData Finish ---"
[1] "2022-02-27 12:24:15 --- subset Start ---"
[1] "--------------------------------------------------------------------------------"
[1] "nrow(data) subset before=15121"
[1] "nrow(data) subset after =15121"
[1] "nrow(data) subset diff =0"
[1] "--------------------------------------------------------------------------------"
[1] "2022-02-27 12:24:15 --- subset Finish---"
[1] "2022-02-27 12:24:15 --- transform Start ---"
[1] "--------------------------------------------------------------------------------"
[1] "nrow(data) transform before=15121"
[1] "nrow(data) transform after=15121"
[1] "nrow(data) transform diff=0"
[1] "--------------------------------------------------------------------------------"
[1] "str(data)="
'data.frame':	15121 obs. of  44 variables:
 $ Race.RaceId                      : Factor w/ 1011 levels "20190127-07-01-04-11",..: 11 12 13 14 15 16 17 18 19 20 ...
 $ Race.IsAnalyzeNormalPastAndFuture: logi  TRUE TRUE TRUE TRUE TRUE TRUE ...
 $ Race.IsAnalyzeNormalPast         : logi  TRUE TRUE TRUE TRUE TRUE TRUE ...
 $ Race.IsAnalyzeNormalFuture       : logi  FALSE FALSE FALSE FALSE FALSE FALSE ...
 $ Race.IsAnalyzeFullPastAndFuture  : logi  TRUE TRUE TRUE TRUE TRUE TRUE ...
 $ Race.IsAnalyzeFullPast           : logi  TRUE TRUE TRUE TRUE TRUE TRUE ...
 $ Race.IsAnalyzeFullFuture         : logi  FALSE FALSE FALSE FALSE FALSE FALSE ...
 $ Race.JyokenCd                    : Factor w/ 1 level "3": 1 1 1 1 1 1 1 1 1 1 ...
 $ Race.JyoType1Cd                  : Factor w/ 105 levels "2-07-1900-3-1",..: 11 12 10 13 3 14 10 15 15 16 ...
 $ Race.RaceType1Cd                 : Factor w/ 6 levels "2-3-E-2","2-3-X-1",..: 2 2 4 5 2 2 2 2 2 2 ...
 $ RaceHorse.RaceId                 : Factor w/ 1011 levels "20190127-07-01-04-11",..: 11 12 13 14 15 16 17 18 19 20 ...
 $ RaceHorse.KettoNum               : Factor w/ 3181 levels "2012101483","2012100406",..: 6 6 6 7 8 8 9 8 8 8 ...
 $ RaceHorse.IsHit1                 : num  0 0 0 0 0 0 0 0 0 0 ...
 $ RaceHorse.IsHit2                 : num  1 0 0 1 0 0 0 0 0 0 ...
 $ RaceHorse.IsHit3                 : num  0 0 0 0 0 0 0 0 1 0 ...
 $ RaceHorse.IsHit4                 : num  0 0 0 0 0 0 0 0 0 0 ...
 $ RaceHorse.IsHit5                 : num  0 0 0 0 0 1 0 0 0 0 ...
 $ RaceHorse.IsHit6                 : num  0 1 1 0 1 0 1 1 0 1 ...
 $ RaceHorse.IsValidRaceHorse       : logi  TRUE TRUE TRUE TRUE TRUE TRUE ...
 $ RaceHorse.TimeSdvByRace          : num  0.724 0.325 -1.791 0.971 0.461 ...
 $ RaceHorse.TimeSdv                : num  0.53 0.686 -2.004 -0.125 0.208 ...
 $ RaceHorse.IsHitA                 : num  0 0 0 0 0 0 0 0 0 0 ...
 $ RaceHorse.IsHitB                 : num  1 0 0 1 0 0 0 0 0 0 ...
 $ RaceHorse.IsHitC                 : num  1 0 0 1 0 0 0 0 1 0 ...
 $ Horse.KettoNum                   : Factor w/ 3181 levels "2012101483","2012100406",..: 6 6 6 7 8 8 9 8 8 8 ...
 $ Horse.TimeSdvByRaceAvg           : num  0.202 0.289 0.294 0.549 0.303 ...
 $ Horse.TimeSdvByRaceMin           : num  -0.7803 -0.7803 -0.7803 0.0522 -0.8449 ...
 $ Horse.TimeSdvByRaceMax           : num  1.43 1.43 1.43 1.35 1.47 ...
 $ Horse.TimeSdvAvg                 : num  0.329 0.362 0.408 0.369 0.39 ...
 $ Horse.TimeSdvMin                 : num  -0.6079 -0.6079 -0.6079 -0.0266 -1.5775 ...
 $ Horse.TimeSdvMax                 : num  1.54 1.54 1.54 1 1.2 ...
 $ Horse.OrderOfFinishSdvAvg        : num  0.0559 0.2782 0.2791 0.4523 0.1661 ...
 $ Horse.RunCount                   : num  5 6 7 10 11 16 7 14 15 19 ...
 $ Horse.HitCount1                  : num  1 1 1 2 1 1 0 1 1 1 ...
 $ Horse.HitCount2                  : num  0 1 1 1 0 0 0 0 0 0 ...
 $ Horse.HitCount3                  : num  0 0 0 1 1 2 0 1 1 2 ...
 $ Horse.HitCount4                  : num  0 0 0 0 0 0 1 0 0 0 ...
 $ Horse.HitCount5                  : num  0 0 0 0 1 1 0 1 1 2 ...
 $ Horse.HitRate1                   : num  0.2 0.1667 0.1429 0.2 0.0909 ...
 $ Horse.HitRate2                   : num  0 0.167 0.143 0.1 0 ...
 $ Horse.HitRate3                   : num  0 0 0 0.1 0.0909 ...
 $ Horse.HitRate4                   : num  0 0 0 0 0 ...
 $ Horse.HitRate5                   : num  0 0 0 0 0.0909 ...
 $ EOF                              : int  1 1 1 1 1 1 1 1 1 1 ...
NULL
[1] "2022-02-27 12:24:15 --- transform Finish ---"
[1] "2022-02-27 12:24:15 --- na.omit Start ---"
[1] "--------------------------------------------------------------------------------"
[1] "nrow(data) na.omit before=15121"
[1] "nrow(data) na.omit after =15011"
[1] "nrow(data) na.omit diff =110"
[1] "--------------------------------------------------------------------------------"
'data.frame':	15011 obs. of  44 variables:
 $ Race.RaceId                      : Factor w/ 1011 levels "20190127-07-01-04-11",..: 11 12 13 14 15 16 17 18 19 20 ...
 $ Race.IsAnalyzeNormalPastAndFuture: logi  TRUE TRUE TRUE TRUE TRUE TRUE ...
 $ Race.IsAnalyzeNormalPast         : logi  TRUE TRUE TRUE TRUE TRUE TRUE ...
 $ Race.IsAnalyzeNormalFuture       : logi  FALSE FALSE FALSE FALSE FALSE FALSE ...
 $ Race.IsAnalyzeFullPastAndFuture  : logi  TRUE TRUE TRUE TRUE TRUE TRUE ...
 $ Race.IsAnalyzeFullPast           : logi  TRUE TRUE TRUE TRUE TRUE TRUE ...
 $ Race.IsAnalyzeFullFuture         : logi  FALSE FALSE FALSE FALSE FALSE FALSE ...
 $ Race.JyokenCd                    : Factor w/ 1 level "3": 1 1 1 1 1 1 1 1 1 1 ...
 $ Race.JyoType1Cd                  : Factor w/ 105 levels "2-07-1900-3-1",..: 11 12 10 13 3 14 10 15 15 16 ...
 $ Race.RaceType1Cd                 : Factor w/ 6 levels "2-3-E-2","2-3-X-1",..: 2 2 4 5 2 2 2 2 2 2 ...
 $ RaceHorse.RaceId                 : Factor w/ 1011 levels "20190127-07-01-04-11",..: 11 12 13 14 15 16 17 18 19 20 ...
 $ RaceHorse.KettoNum               : Factor w/ 3181 levels "2012101483","2012100406",..: 6 6 6 7 8 8 9 8 8 8 ...
 $ RaceHorse.IsHit1                 : num  0 0 0 0 0 0 0 0 0 0 ...
 $ RaceHorse.IsHit2                 : num  1 0 0 1 0 0 0 0 0 0 ...
 $ RaceHorse.IsHit3                 : num  0 0 0 0 0 0 0 0 1 0 ...
 $ RaceHorse.IsHit4                 : num  0 0 0 0 0 0 0 0 0 0 ...
 $ RaceHorse.IsHit5                 : num  0 0 0 0 0 1 0 0 0 0 ...
 $ RaceHorse.IsHit6                 : num  0 1 1 0 1 0 1 1 0 1 ...
 $ RaceHorse.IsValidRaceHorse       : logi  TRUE TRUE TRUE TRUE TRUE TRUE ...
 $ RaceHorse.TimeSdvByRace          : num  0.724 0.325 -1.791 0.971 0.461 ...
 $ RaceHorse.TimeSdv                : num  0.53 0.686 -2.004 -0.125 0.208 ...
 $ RaceHorse.IsHitA                 : num  0 0 0 0 0 0 0 0 0 0 ...
 $ RaceHorse.IsHitB                 : num  1 0 0 1 0 0 0 0 0 0 ...
 $ RaceHorse.IsHitC                 : num  1 0 0 1 0 0 0 0 1 0 ...
 $ Horse.KettoNum                   : Factor w/ 3181 levels "2012101483","2012100406",..: 6 6 6 7 8 8 9 8 8 8 ...
 $ Horse.TimeSdvByRaceAvg           : num  0.202 0.289 0.294 0.549 0.303 ...
 $ Horse.TimeSdvByRaceMin           : num  -0.7803 -0.7803 -0.7803 0.0522 -0.8449 ...
 $ Horse.TimeSdvByRaceMax           : num  1.43 1.43 1.43 1.35 1.47 ...
 $ Horse.TimeSdvAvg                 : num  0.329 0.362 0.408 0.369 0.39 ...
 $ Horse.TimeSdvMin                 : num  -0.6079 -0.6079 -0.6079 -0.0266 -1.5775 ...
 $ Horse.TimeSdvMax                 : num  1.54 1.54 1.54 1 1.2 ...
 $ Horse.OrderOfFinishSdvAvg        : num  0.0559 0.2782 0.2791 0.4523 0.1661 ...
 $ Horse.RunCount                   : num  5 6 7 10 11 16 7 14 15 19 ...
 $ Horse.HitCount1                  : num  1 1 1 2 1 1 0 1 1 1 ...
 $ Horse.HitCount2                  : num  0 1 1 1 0 0 0 0 0 0 ...
 $ Horse.HitCount3                  : num  0 0 0 1 1 2 0 1 1 2 ...
 $ Horse.HitCount4                  : num  0 0 0 0 0 0 1 0 0 0 ...
 $ Horse.HitCount5                  : num  0 0 0 0 1 1 0 1 1 2 ...
 $ Horse.HitRate1                   : num  0.2 0.1667 0.1429 0.2 0.0909 ...
 $ Horse.HitRate2                   : num  0 0.167 0.143 0.1 0 ...
 $ Horse.HitRate3                   : num  0 0 0 0.1 0.0909 ...
 $ Horse.HitRate4                   : num  0 0 0 0 0 ...
 $ Horse.HitRate5                   : num  0 0 0 0 0.0909 ...
 $ EOF                              : int  1 1 1 1 1 1 1 1 1 1 ...
 - attr(*, "na.action")= 'omit' Named int  349 471 576 658 707 832 880 947 1091 1639 ...
  ..- attr(*, "names")= chr  "349" "471" "576" "658" ...
[1] "2022-02-27 12:24:16 --- na.omit Finish ---"
[1] "2022-02-27 12:24:16 --- rxGlm with rxStepControl Start ---"

> print(paste0(Sys.time(), " --- source_logic_glm.R Start ---"))
[1] "2022-02-27 12:24:16 --- source_logic_glm.R Start ---"

> formula <- formula(RaceHorse.IsHitA ~ +1 + Horse.TimeSdvByRaceAvg)

> print(paste0(Sys.time(), " --- source_logic_glm.R Finished ---"))
[1] "2022-02-27 12:24:16 --- source_logic_glm.R Finished ---"
Rows Read: 15011, Total Rows Processed: 15011, Total Chunk Time: Less than .001 seconds 

Starting values (iteration 1) time: 0.013 secs.
Rows Read: 15011, Total Rows Processed: 15011, Total Chunk Time: 0.002 seconds 

Iteration 2 time: 0.008 secs.
Rows Read: 15011, Total Rows Processed: 15011, Total Chunk Time: 0.002 seconds 

Iteration 3 time: 0.005 secs.
Rows Read: 15011, Total Rows Processed: 15011, Total Chunk Time: 0.002 seconds 

Iteration 4 time: 0.006 secs.
Rows Read: 15011, Total Rows Processed: 15011, Total Chunk Time: 0.002 seconds 

Iteration 5 time: 0.005 secs.

Elapsed computation time: 0.074 secs.
Rows Read: 15011, Total Rows Processed: 15011, Total Chunk Time: Less than .001 seconds 

Starting values (iteration 1) time: 0.007 secs.
Rows Read: 15011, Total Rows Processed: 15011, Total Chunk Time: Less than .001 seconds 

Iteration 2 time: 0.008 secs.

Elapsed computation time: 0.030 secs.
Rows Read: 15011, Total Rows Processed: 15011, Total Chunk Time: 0.001 seconds 

Starting values (iteration 1) time: 0.008 secs.
Rows Read: 15011, Total Rows Processed: 15011, Total Chunk Time: 0.002 seconds 

Iteration 2 time: 0.007 secs.
Rows Read: 15011, Total Rows Processed: 15011, Total Chunk Time: Less than .001 seconds 

Iteration 3 time: 0.010 secs.
Rows Read: 15011, Total Rows Processed: 15011, Total Chunk Time: 0.002 seconds 

Iteration 4 time: 0.005 secs.
Rows Read: 15011, Total Rows Processed: 15011, Total Chunk Time: Less than .001 seconds 

Iteration 5 time: 0.007 secs.

Elapsed computation time: 0.077 secs.

Elapsed computation time: 0.202 secs.
[1] "--------------------------------------------------------------------------------"
[1] "analyze.results.glm.step="
Logistic Regression Results for: RaceHorse.IsHitA ~
    Horse.TimeSdvByRaceAvg
Data: data
Dependent variable(s): RaceHorse.IsHitA
Total independent variables: 2 
Number of valid observations: 15011
Number of missing observations: 0 
 
Coefficients:
                       RaceHorse.IsHitA
(Intercept)                          -4
Horse.TimeSdvByRaceAvg                2
[1] "analyze.results.glm.step.summary"
Call:
rxLogit(formula = formula, data = data, variableSelection = analyze.results.glm.step.varsel)

Logistic Regression Results for: RaceHorse.IsHitA ~
    Horse.TimeSdvByRaceAvg
Data: data
Dependent variable(s): RaceHorse.IsHitA
Total independent variables: 2 
Number of valid observations: 15011
Number of missing observations: 0 
-2*LogLikelihood: 6966.602 (Residual deviance on 15009 degrees of freedom)
 
Coefficients:
                       Estimate Std. Error z value Pr(>|z|)    
(Intercept)             -3.7987     0.0739   -51.4  2.2e-16 ***
Horse.TimeSdvByRaceAvg   2.1904     0.1060    20.7  2.2e-16 ***
---
Signif. codes:  0 '***' 0.001 '**' 0.01 '*' 0.05 '.' 0.1 ' ' 1

Condition number of final variance-covariance matrix: 1 
Number of iterations: 5
[1] "--------------------------------------------------------------------------------"
[1] "2022-02-27 12:24:16 --- rxGlm with rxStepControl Finish ---"
[1] "2022-02-27 12:24:16 --- rxStepPlot Start ---"
[1] "pdfFilename=pdf_analyze_glm_Horse_Type23_rxStepPlot.pdf"
[1] "rxStepPlot="
[1] "2022-02-27 12:24:16 --- rxStepPlot Finish ---"
[1] "2022-02-27 12:24:16 --- save.image Start ---"
[1] "save.image"
[1] "rdataFilename=RData_analyze_glm_Horse_Type23.RData"
[1] "2022-02-27 12:24:17 --- save.image Finish ---"
[1] "2022-02-27 12:24:17 --- final Start ---"
[1] "--------------------------------------------------------------------------------"
[1] "nrow(data) final=15011"
[1] "--------------------------------------------------------------------------------"
[1] "2022-02-27 12:24:17 --- final Finish ---"
[1] "2022-02-27 12:24:17 --- analyze_glm.R Finished ---"
[1] "2022-02-27 12:24:17 --- log Finish ---"
