[1] "2022-02-27 12:24:07 --- D1115_analyze_glm_Horse_IsHitA_Type24 Start ---"
[1] "2022-02-27 12:24:07 --- Log Start ---"
[1] "2022-02-27 12:24:07 --- analyze_glm.R Start ---"
[1] "analyzeVersion=D1115"
[1] "analyzeCategory=analyze"
[1] "analyzeType=Horse"
[1] "analyzeFamily=IsHitA"
[1] "analyzeFunc=glm"
[1] "analyzeTrackTypeCd=2"
[1] "analyzeJyokenCd=4"
[1] "2022-02-27 12:24:07 --- source_function.R Start ---"
[1] "2022-02-27 12:24:07 --- source_function.R Finished ---"

> print(paste0(Sys.time(), " --- source_library.R Start ---"))
[1] "2022-02-27 12:24:07 --- source_library.R Start ---"

> require("RevoScaleR")

> print(paste0(Sys.time(), " --- source_library.R Finished ---"))
[1] "2022-02-27 12:24:07 --- source_library.R Finished ---"
[1] "2022-02-27 12:24:07 --- RxSqlServerData Start ---"
[1] "2022-02-27 12:24:07 --- RxInSqlServer Start ---"
[1] "2022-02-27 12:24:07 --- RxInSqlServer Finish ---"
[1] "2022-02-27 12:24:07 --- rxSetComputeContext Start ---"
[1] "2022-02-27 12:24:07 --- rxSetComputeContext Finish ---"
[1] "2022-02-27 12:24:07 --- RxSqlServerData Start ---"
[1] "sqlQuery=SELECT * FROM ViewAnalyzeD1115analyze01HorseType24"
[1] "2022-02-27 12:24:07 --- RxSqlServerData Finish ---"
[1] "2022-02-27 12:24:07 --- rxGetVarInfo Start ---"
[1] "2022-02-27 12:24:08 --- rxGetVarInfo Finish---"
[1] "2022-02-27 12:24:08 --- rxImport Start ---"
Rows Read: 39666, Total Rows Processed: 39666, Total Chunk Time: 1.832 seconds 
[1] "2022-02-27 12:24:16 --- rxImport Finish ---"
[1] "object.size(data) auto=12.6 Mb"
[1] "--------------------------------------------------------------------------------"
[1] "nrow(data) RxSqlServerData=39666"
[1] "--------------------------------------------------------------------------------"
[1] "str(data)="
'data.frame':	39666 obs. of  44 variables:
 $ Race.RaceId                      : Factor w/ 2833 levels "20160604-09-03-01-12",..: 10 11 12 13 14 15 16 17 2 2 ...
 $ Race.IsAnalyzeNormalPastAndFuture: logi  TRUE TRUE TRUE TRUE TRUE TRUE ...
 $ Race.IsAnalyzeNormalPast         : logi  TRUE TRUE TRUE TRUE TRUE TRUE ...
 $ Race.IsAnalyzeNormalFuture       : logi  FALSE FALSE FALSE FALSE FALSE FALSE ...
 $ Race.IsAnalyzeFullPastAndFuture  : logi  TRUE TRUE TRUE TRUE TRUE TRUE ...
 $ Race.IsAnalyzeFullPast           : logi  TRUE TRUE TRUE TRUE TRUE TRUE ...
 $ Race.IsAnalyzeFullFuture         : logi  FALSE FALSE FALSE FALSE FALSE FALSE ...
 $ Race.JyokenCd                    : Factor w/ 1 level "4": 1 1 1 1 1 1 1 1 1 1 ...
 $ Race.JyoType1Cd                  : Factor w/ 131 levels "2-09-1200-4-1",..: 9 10 6 11 12 13 14 15 2 2 ...
 $ Race.RaceType1Cd                 : Factor w/ 5 levels "2-4-X-1","2-4-X-2",..: 2 1 1 2 1 2 1 2 2 2 ...
 $ RaceHorse.RaceId                 : Factor w/ 2833 levels "20160604-09-03-01-12",..: 10 11 12 13 14 15 16 17 2 2 ...
 $ RaceHorse.KettoNum               : Factor w/ 7958 levels "2006106231","2010102288",..: 11 12 13 14 15 16 17 18 19 20 ...
 $ RaceHorse.IsHit1                 : num  0 0 0 0 0 0 0 0 0 0 ...
 $ RaceHorse.IsHit2                 : num  1 0 0 0 0 0 0 0 0 0 ...
 $ RaceHorse.IsHit3                 : num  0 0 0 0 0 0 0 0 0 0 ...
 $ RaceHorse.IsHit4                 : num  0 0 0 0 0 0 0 0 0 1 ...
 $ RaceHorse.IsHit5                 : num  0 0 0 0 0 0 0 0 0 0 ...
 $ RaceHorse.IsHit6                 : num  0 1 1 1 1 1 1 1 1 0 ...
 $ RaceHorse.IsValidRaceHorse       : logi  TRUE TRUE TRUE TRUE TRUE TRUE ...
 $ RaceHorse.TimeSdvByRace          : num  1.0779 0.0138 -1.0963 -0.6595 0.1009 ...
 $ RaceHorse.TimeSdv                : num  0.114 0.278 -0.481 -0.671 -0.19 ...
 $ RaceHorse.IsHitA                 : num  0 0 0 0 0 0 0 0 0 0 ...
 $ RaceHorse.IsHitB                 : num  1 0 0 0 0 0 0 0 0 0 ...
 $ RaceHorse.IsHitC                 : num  1 0 0 0 0 0 0 0 0 0 ...
 $ Horse.KettoNum                   : Factor w/ 7958 levels "2006106231","2010102288",..: 11 12 13 14 15 16 17 18 19 20 ...
 $ Horse.TimeSdvByRaceAvg           : num  0.147 0.37 -0.905 0.043 0.528 ...
 $ Horse.TimeSdvByRaceMin           : num  -1.859 -1.004 -2.37 -1.34 -0.476 ...
 $ Horse.TimeSdvByRaceMax           : num  1.225 1.668 0.166 1.821 1.406 ...
 $ Horse.TimeSdvAvg                 : num  0.0924 0.4145 -0.24 0.1212 0.3012 ...
 $ Horse.TimeSdvMin                 : num  -2.26 -1.01 -1.61 -1.21 -1.82 ...
 $ Horse.TimeSdvMax                 : num  1.23 2.13 0.57 1.25 1.61 ...
 $ Horse.OrderOfFinishSdvAvg        : num  0.134 0.282 -1.098 -0.137 0.52 ...
 $ Horse.RunCount                   : num  33 28 7 18 28 29 21 19 19 33 ...
 $ Horse.HitCount1                  : num  0 2 0 2 1 1 1 1 1 1 ...
 $ Horse.HitCount2                  : num  2 1 0 0 4 0 0 1 1 4 ...
 $ Horse.HitCount3                  : num  2 2 0 0 3 6 1 2 0 4 ...
 $ Horse.HitCount4                  : num  5 3 0 1 2 4 1 0 2 2 ...
 $ Horse.HitCount5                  : num  6 3 0 1 3 3 1 1 3 2 ...
 $ Horse.HitRate1                   : num  0 0.0714 0 0.1111 0.0357 ...
 $ Horse.HitRate2                   : num  0.0606 0.0357 0 0 0.1429 ...
 $ Horse.HitRate3                   : num  0.0606 0.0714 0 0 0.1071 ...
 $ Horse.HitRate4                   : num  0.1515 0.1071 0 0.0556 0.0714 ...
 $ Horse.HitRate5                   : num  0.1818 0.1071 0 0.0556 0.1071 ...
 $ EOF                              : int  1 1 1 1 1 1 1 1 1 1 ...
[1] "2022-02-27 12:24:16 --- RxSqlServerData Finish ---"
[1] "2022-02-27 12:24:16 --- subset Start ---"
[1] "--------------------------------------------------------------------------------"
[1] "nrow(data) subset before=39666"
[1] "nrow(data) subset after =39666"
[1] "nrow(data) subset diff =0"
[1] "--------------------------------------------------------------------------------"
[1] "2022-02-27 12:24:17 --- subset Finish---"
[1] "2022-02-27 12:24:17 --- transform Start ---"
[1] "--------------------------------------------------------------------------------"
[1] "nrow(data) transform before=39666"
[1] "nrow(data) transform after=39666"
[1] "nrow(data) transform diff=0"
[1] "--------------------------------------------------------------------------------"
[1] "str(data)="
'data.frame':	39666 obs. of  44 variables:
 $ Race.RaceId                      : Factor w/ 2833 levels "20160604-09-03-01-12",..: 10 11 12 13 14 15 16 17 2 2 ...
 $ Race.IsAnalyzeNormalPastAndFuture: logi  TRUE TRUE TRUE TRUE TRUE TRUE ...
 $ Race.IsAnalyzeNormalPast         : logi  TRUE TRUE TRUE TRUE TRUE TRUE ...
 $ Race.IsAnalyzeNormalFuture       : logi  FALSE FALSE FALSE FALSE FALSE FALSE ...
 $ Race.IsAnalyzeFullPastAndFuture  : logi  TRUE TRUE TRUE TRUE TRUE TRUE ...
 $ Race.IsAnalyzeFullPast           : logi  TRUE TRUE TRUE TRUE TRUE TRUE ...
 $ Race.IsAnalyzeFullFuture         : logi  FALSE FALSE FALSE FALSE FALSE FALSE ...
 $ Race.JyokenCd                    : Factor w/ 1 level "4": 1 1 1 1 1 1 1 1 1 1 ...
 $ Race.JyoType1Cd                  : Factor w/ 131 levels "2-09-1200-4-1",..: 9 10 6 11 12 13 14 15 2 2 ...
 $ Race.RaceType1Cd                 : Factor w/ 5 levels "2-4-X-1","2-4-X-2",..: 2 1 1 2 1 2 1 2 2 2 ...
 $ RaceHorse.RaceId                 : Factor w/ 2833 levels "20160604-09-03-01-12",..: 10 11 12 13 14 15 16 17 2 2 ...
 $ RaceHorse.KettoNum               : Factor w/ 7958 levels "2006106231","2010102288",..: 11 12 13 14 15 16 17 18 19 20 ...
 $ RaceHorse.IsHit1                 : num  0 0 0 0 0 0 0 0 0 0 ...
 $ RaceHorse.IsHit2                 : num  1 0 0 0 0 0 0 0 0 0 ...
 $ RaceHorse.IsHit3                 : num  0 0 0 0 0 0 0 0 0 0 ...
 $ RaceHorse.IsHit4                 : num  0 0 0 0 0 0 0 0 0 1 ...
 $ RaceHorse.IsHit5                 : num  0 0 0 0 0 0 0 0 0 0 ...
 $ RaceHorse.IsHit6                 : num  0 1 1 1 1 1 1 1 1 0 ...
 $ RaceHorse.IsValidRaceHorse       : logi  TRUE TRUE TRUE TRUE TRUE TRUE ...
 $ RaceHorse.TimeSdvByRace          : num  1.0779 0.0138 -1.0963 -0.6595 0.1009 ...
 $ RaceHorse.TimeSdv                : num  0.114 0.278 -0.481 -0.671 -0.19 ...
 $ RaceHorse.IsHitA                 : num  0 0 0 0 0 0 0 0 0 0 ...
 $ RaceHorse.IsHitB                 : num  1 0 0 0 0 0 0 0 0 0 ...
 $ RaceHorse.IsHitC                 : num  1 0 0 0 0 0 0 0 0 0 ...
 $ Horse.KettoNum                   : Factor w/ 7958 levels "2006106231","2010102288",..: 11 12 13 14 15 16 17 18 19 20 ...
 $ Horse.TimeSdvByRaceAvg           : num  0.147 0.37 -0.905 0.043 0.528 ...
 $ Horse.TimeSdvByRaceMin           : num  -1.859 -1.004 -2.37 -1.34 -0.476 ...
 $ Horse.TimeSdvByRaceMax           : num  1.225 1.668 0.166 1.821 1.406 ...
 $ Horse.TimeSdvAvg                 : num  0.0924 0.4145 -0.24 0.1212 0.3012 ...
 $ Horse.TimeSdvMin                 : num  -2.26 -1.01 -1.61 -1.21 -1.82 ...
 $ Horse.TimeSdvMax                 : num  1.23 2.13 0.57 1.25 1.61 ...
 $ Horse.OrderOfFinishSdvAvg        : num  0.134 0.282 -1.098 -0.137 0.52 ...
 $ Horse.RunCount                   : num  33 28 7 18 28 29 21 19 19 33 ...
 $ Horse.HitCount1                  : num  0 2 0 2 1 1 1 1 1 1 ...
 $ Horse.HitCount2                  : num  2 1 0 0 4 0 0 1 1 4 ...
 $ Horse.HitCount3                  : num  2 2 0 0 3 6 1 2 0 4 ...
 $ Horse.HitCount4                  : num  5 3 0 1 2 4 1 0 2 2 ...
 $ Horse.HitCount5                  : num  6 3 0 1 3 3 1 1 3 2 ...
 $ Horse.HitRate1                   : num  0 0.0714 0 0.1111 0.0357 ...
 $ Horse.HitRate2                   : num  0.0606 0.0357 0 0 0.1429 ...
 $ Horse.HitRate3                   : num  0.0606 0.0714 0 0 0.1071 ...
 $ Horse.HitRate4                   : num  0.1515 0.1071 0 0.0556 0.0714 ...
 $ Horse.HitRate5                   : num  0.1818 0.1071 0 0.0556 0.1071 ...
 $ EOF                              : int  1 1 1 1 1 1 1 1 1 1 ...
NULL
[1] "2022-02-27 12:24:17 --- transform Finish ---"
[1] "2022-02-27 12:24:17 --- na.omit Start ---"
[1] "--------------------------------------------------------------------------------"
[1] "nrow(data) na.omit before=39666"
[1] "nrow(data) na.omit after =39401"
[1] "nrow(data) na.omit diff =265"
[1] "--------------------------------------------------------------------------------"
'data.frame':	39401 obs. of  44 variables:
 $ Race.RaceId                      : Factor w/ 2833 levels "20160604-09-03-01-12",..: 10 11 12 13 14 15 16 17 2 2 ...
 $ Race.IsAnalyzeNormalPastAndFuture: logi  TRUE TRUE TRUE TRUE TRUE TRUE ...
 $ Race.IsAnalyzeNormalPast         : logi  TRUE TRUE TRUE TRUE TRUE TRUE ...
 $ Race.IsAnalyzeNormalFuture       : logi  FALSE FALSE FALSE FALSE FALSE FALSE ...
 $ Race.IsAnalyzeFullPastAndFuture  : logi  TRUE TRUE TRUE TRUE TRUE TRUE ...
 $ Race.IsAnalyzeFullPast           : logi  TRUE TRUE TRUE TRUE TRUE TRUE ...
 $ Race.IsAnalyzeFullFuture         : logi  FALSE FALSE FALSE FALSE FALSE FALSE ...
 $ Race.JyokenCd                    : Factor w/ 1 level "4": 1 1 1 1 1 1 1 1 1 1 ...
 $ Race.JyoType1Cd                  : Factor w/ 131 levels "2-09-1200-4-1",..: 9 10 6 11 12 13 14 15 2 2 ...
 $ Race.RaceType1Cd                 : Factor w/ 5 levels "2-4-X-1","2-4-X-2",..: 2 1 1 2 1 2 1 2 2 2 ...
 $ RaceHorse.RaceId                 : Factor w/ 2833 levels "20160604-09-03-01-12",..: 10 11 12 13 14 15 16 17 2 2 ...
 $ RaceHorse.KettoNum               : Factor w/ 7958 levels "2006106231","2010102288",..: 11 12 13 14 15 16 17 18 19 20 ...
 $ RaceHorse.IsHit1                 : num  0 0 0 0 0 0 0 0 0 0 ...
 $ RaceHorse.IsHit2                 : num  1 0 0 0 0 0 0 0 0 0 ...
 $ RaceHorse.IsHit3                 : num  0 0 0 0 0 0 0 0 0 0 ...
 $ RaceHorse.IsHit4                 : num  0 0 0 0 0 0 0 0 0 1 ...
 $ RaceHorse.IsHit5                 : num  0 0 0 0 0 0 0 0 0 0 ...
 $ RaceHorse.IsHit6                 : num  0 1 1 1 1 1 1 1 1 0 ...
 $ RaceHorse.IsValidRaceHorse       : logi  TRUE TRUE TRUE TRUE TRUE TRUE ...
 $ RaceHorse.TimeSdvByRace          : num  1.0779 0.0138 -1.0963 -0.6595 0.1009 ...
 $ RaceHorse.TimeSdv                : num  0.114 0.278 -0.481 -0.671 -0.19 ...
 $ RaceHorse.IsHitA                 : num  0 0 0 0 0 0 0 0 0 0 ...
 $ RaceHorse.IsHitB                 : num  1 0 0 0 0 0 0 0 0 0 ...
 $ RaceHorse.IsHitC                 : num  1 0 0 0 0 0 0 0 0 0 ...
 $ Horse.KettoNum                   : Factor w/ 7958 levels "2006106231","2010102288",..: 11 12 13 14 15 16 17 18 19 20 ...
 $ Horse.TimeSdvByRaceAvg           : num  0.147 0.37 -0.905 0.043 0.528 ...
 $ Horse.TimeSdvByRaceMin           : num  -1.859 -1.004 -2.37 -1.34 -0.476 ...
 $ Horse.TimeSdvByRaceMax           : num  1.225 1.668 0.166 1.821 1.406 ...
 $ Horse.TimeSdvAvg                 : num  0.0924 0.4145 -0.24 0.1212 0.3012 ...
 $ Horse.TimeSdvMin                 : num  -2.26 -1.01 -1.61 -1.21 -1.82 ...
 $ Horse.TimeSdvMax                 : num  1.23 2.13 0.57 1.25 1.61 ...
 $ Horse.OrderOfFinishSdvAvg        : num  0.134 0.282 -1.098 -0.137 0.52 ...
 $ Horse.RunCount                   : num  33 28 7 18 28 29 21 19 19 33 ...
 $ Horse.HitCount1                  : num  0 2 0 2 1 1 1 1 1 1 ...
 $ Horse.HitCount2                  : num  2 1 0 0 4 0 0 1 1 4 ...
 $ Horse.HitCount3                  : num  2 2 0 0 3 6 1 2 0 4 ...
 $ Horse.HitCount4                  : num  5 3 0 1 2 4 1 0 2 2 ...
 $ Horse.HitCount5                  : num  6 3 0 1 3 3 1 1 3 2 ...
 $ Horse.HitRate1                   : num  0 0.0714 0 0.1111 0.0357 ...
 $ Horse.HitRate2                   : num  0.0606 0.0357 0 0 0.1429 ...
 $ Horse.HitRate3                   : num  0.0606 0.0714 0 0 0.1071 ...
 $ Horse.HitRate4                   : num  0.1515 0.1071 0 0.0556 0.0714 ...
 $ Horse.HitRate5                   : num  0.1818 0.1071 0 0.0556 0.1071 ...
 $ EOF                              : int  1 1 1 1 1 1 1 1 1 1 ...
 - attr(*, "na.action")= 'omit' Named int  70 400 404 471 578 634 662 970 1141 1365 ...
  ..- attr(*, "names")= chr  "70" "400" "404" "471" ...
[1] "2022-02-27 12:24:17 --- na.omit Finish ---"
[1] "2022-02-27 12:24:17 --- rxGlm with rxStepControl Start ---"

> print(paste0(Sys.time(), " --- source_logic_glm.R Start ---"))
[1] "2022-02-27 12:24:17 --- source_logic_glm.R Start ---"

> formula <- formula(RaceHorse.IsHitA ~ +1 + Horse.TimeSdvByRaceAvg)

> print(paste0(Sys.time(), " --- source_logic_glm.R Finished ---"))
[1] "2022-02-27 12:24:17 --- source_logic_glm.R Finished ---"
Rows Read: 39401, Total Rows Processed: 39401, Total Chunk Time: Less than .001 seconds 

Starting values (iteration 1) time: 0.014 secs.
Rows Read: 39401, Total Rows Processed: 39401, Total Chunk Time: 0.003 seconds 

Iteration 2 time: 0.010 secs.
Rows Read: 39401, Total Rows Processed: 39401, Total Chunk Time: 0.003 seconds 

Iteration 3 time: 0.007 secs.
Rows Read: 39401, Total Rows Processed: 39401, Total Chunk Time: 0.004 seconds 

Iteration 4 time: 0.008 secs.
Rows Read: 39401, Total Rows Processed: 39401, Total Chunk Time: 0.003 seconds 

Iteration 5 time: 0.006 secs.

Elapsed computation time: 0.070 secs.
Rows Read: 39401, Total Rows Processed: 39401, Total Chunk Time: 0.002 seconds 

Starting values (iteration 1) time: 0.012 secs.
Rows Read: 39401, Total Rows Processed: 39401, Total Chunk Time: 0.003 seconds 

Iteration 2 time: 0.009 secs.

Elapsed computation time: 0.030 secs.
Rows Read: 39401, Total Rows Processed: 39401, Total Chunk Time: 0.002 seconds 

Starting values (iteration 1) time: 0.010 secs.
Rows Read: 39401, Total Rows Processed: 39401, Total Chunk Time: 0.004 seconds 

Iteration 2 time: 0.012 secs.
Rows Read: 39401, Total Rows Processed: 39401, Total Chunk Time: 0.003 seconds 

Iteration 3 time: 0.006 secs.
Rows Read: 39401, Total Rows Processed: 39401, Total Chunk Time: 0.003 seconds 

Iteration 4 time: 0.006 secs.
Rows Read: 39401, Total Rows Processed: 39401, Total Chunk Time: 0.003 seconds 

Iteration 5 time: 0.008 secs.

Elapsed computation time: 0.063 secs.

Elapsed computation time: 0.181 secs.
[1] "--------------------------------------------------------------------------------"
[1] "analyze.results.glm.step="
Logistic Regression Results for: RaceHorse.IsHitA ~
    Horse.TimeSdvByRaceAvg
Data: data
Dependent variable(s): RaceHorse.IsHitA
Total independent variables: 2 
Number of valid observations: 39401
Number of missing observations: 0 
 
Coefficients:
                       RaceHorse.IsHitA
(Intercept)                          -3
Horse.TimeSdvByRaceAvg                1
[1] "analyze.results.glm.step.summary"
Call:
rxLogit(formula = formula, data = data, variableSelection = analyze.results.glm.step.varsel)

Logistic Regression Results for: RaceHorse.IsHitA ~
    Horse.TimeSdvByRaceAvg
Data: data
Dependent variable(s): RaceHorse.IsHitA
Total independent variables: 2 
Number of valid observations: 39401
Number of missing observations: 0 
-2*LogLikelihood: 19243.273 (Residual deviance on 39399 degrees of freedom)
 
Coefficients:
                       Estimate Std. Error z value Pr(>|z|)    
(Intercept)             -3.1479     0.0307  -102.5  2.2e-16 ***
Horse.TimeSdvByRaceAvg   1.4515     0.0447    32.5  2.2e-16 ***
---
Signif. codes:  0 '***' 0.001 '**' 0.01 '*' 0.05 '.' 0.1 ' ' 1

Condition number of final variance-covariance matrix: 1 
Number of iterations: 5
[1] "--------------------------------------------------------------------------------"
[1] "2022-02-27 12:24:18 --- rxGlm with rxStepControl Finish ---"
[1] "2022-02-27 12:24:18 --- rxStepPlot Start ---"
[1] "pdfFilename=pdf_analyze_glm_Horse_Type24_rxStepPlot.pdf"
[1] "rxStepPlot="
[1] "2022-02-27 12:24:18 --- rxStepPlot Finish ---"
[1] "2022-02-27 12:24:18 --- save.image Start ---"
[1] "save.image"
[1] "rdataFilename=RData_analyze_glm_Horse_Type24.RData"
[1] "2022-02-27 12:24:18 --- save.image Finish ---"
[1] "2022-02-27 12:24:18 --- final Start ---"
[1] "--------------------------------------------------------------------------------"
[1] "nrow(data) final=39401"
[1] "--------------------------------------------------------------------------------"
[1] "2022-02-27 12:24:18 --- final Finish ---"
[1] "2022-02-27 12:24:18 --- analyze_glm.R Finished ---"
[1] "2022-02-27 12:24:18 --- log Finish ---"
