[1] "2022-02-26 17:58:08 --- D1115_analyze_glm_Jockey_IsHitA_Type21 Start ---"
[1] "2022-02-26 17:58:08 --- Log Start ---"
[1] "2022-02-26 17:58:09 --- analyze_glm.R Start ---"
[1] "analyzeVersion=D1115"
[1] "analyzeCategory=analyze"
[1] "analyzeType=Jockey"
[1] "analyzeFamily=IsHitA"
[1] "analyzeFunc=glm"
[1] "analyzeTrackTypeCd=2"
[1] "analyzeJyokenCd=1"
[1] "2022-02-26 17:58:10 --- source_function.R Start ---"
[1] "2022-02-26 17:58:10 --- source_function.R Finished ---"

> print(paste0(Sys.time(), " --- source_library.R Start ---"))
[1] "2022-02-26 17:58:11 --- source_library.R Start ---"

> require("RevoScaleR")

> print(paste0(Sys.time(), " --- source_library.R Finished ---"))
[1] "2022-02-26 17:58:13 --- source_library.R Finished ---"
[1] "2022-02-26 17:58:15 --- RxSqlServerData Start ---"
[1] "2022-02-26 17:58:17 --- RxInSqlServer Start ---"
[1] "2022-02-26 17:58:18 --- RxInSqlServer Finish ---"
[1] "2022-02-26 17:58:18 --- rxSetComputeContext Start ---"
[1] "2022-02-26 17:58:18 --- rxSetComputeContext Finish ---"
[1] "2022-02-26 17:58:18 --- RxSqlServerData Start ---"
[1] "sqlQuery=SELECT * FROM ViewAnalyzeD1115analyze01JockeyType21"
[1] "2022-02-26 17:58:19 --- RxSqlServerData Finish ---"
[1] "2022-02-26 17:58:20 --- rxGetVarInfo Start ---"
[1] "2022-02-26 17:58:22 --- rxGetVarInfo Finish---"
[1] "2022-02-26 17:58:22 --- rxImport Start ---"
Rows Read: 4007, Total Rows Processed: 4007, Total Chunk Time: 7.273 seconds 
[1] "2022-02-26 17:58:39 --- rxImport Finish ---"
[1] "object.size(data) auto=1.2 Mb"
[1] "--------------------------------------------------------------------------------"
[1] "nrow(data) RxSqlServerData=4007"
[1] "--------------------------------------------------------------------------------"
[1] "str(data)="
'data.frame':	4007 obs. of  43 variables:
 $ Race.RaceId                      : Factor w/ 299 levels "20180616-09-03-05-11",..: 2 2 2 2 2 2 2 2 2 2 ...
 $ Race.IsAnalyzeNormalPastAndFuture: logi  TRUE TRUE TRUE TRUE TRUE TRUE ...
 $ Race.IsAnalyzeNormalPast         : logi  TRUE TRUE TRUE TRUE TRUE TRUE ...
 $ Race.IsAnalyzeNormalFuture       : logi  FALSE FALSE FALSE FALSE FALSE FALSE ...
 $ Race.IsAnalyzeFullPastAndFuture  : logi  TRUE TRUE TRUE TRUE TRUE TRUE ...
 $ Race.IsAnalyzeFullPast           : logi  TRUE TRUE TRUE TRUE TRUE TRUE ...
 $ Race.IsAnalyzeFullFuture         : logi  FALSE FALSE FALSE FALSE FALSE FALSE ...
 $ Race.JyokenCd                    : Factor w/ 1 level "1": 1 1 1 1 1 1 1 1 1 1 ...
 $ Race.JyoType1Cd                  : Factor w/ 62 levels "2-09-1400-1-1",..: 2 2 2 2 2 2 2 2 2 2 ...
 $ Race.RaceType1Cd                 : Factor w/ 9 levels "2-1-E-1","2-1-C-2",..: 1 1 1 1 1 1 1 1 1 1 ...
 $ RaceHorse.RaceId                 : Factor w/ 299 levels "20180616-09-03-05-11",..: 2 2 2 2 2 2 2 2 2 2 ...
 $ RaceHorse.KettoNum               : Factor w/ 906 levels "2012101489","2013102815",..: 11 12 13 14 15 16 17 18 19 20 ...
 $ RaceHorse.IsHit1                 : num  0 0 0 0 0 0 0 0 0 0 ...
 $ RaceHorse.IsHit2                 : num  0 0 0 1 0 0 0 0 0 0 ...
 $ RaceHorse.IsHit3                 : num  0 0 0 0 0 0 0 0 0 1 ...
 $ RaceHorse.IsHit4                 : num  0 0 0 0 0 0 0 0 0 0 ...
 $ RaceHorse.IsHit5                 : num  0 0 0 0 0 1 0 0 0 0 ...
 $ RaceHorse.IsHit6                 : num  1 1 1 0 1 0 1 1 1 0 ...
 $ RaceHorse.IsValidRaceHorse       : logi  TRUE TRUE TRUE TRUE TRUE TRUE ...
 $ RaceHorse.TimeSdvByRace          : num  0.0144 0.0144 -0.8506 1.0525 -0.6776 ...
 $ RaceHorse.TimeSdv                : num  -0.666 -0.666 -1.322 0.121 -1.191 ...
 $ RaceHorse.IsHitA                 : num  0 0 0 0 0 0 0 0 0 0 ...
 $ RaceHorse.IsHitB                 : num  0 0 0 1 0 0 0 0 0 0 ...
 $ RaceHorse.IsHitC                 : num  0 0 0 1 0 0 0 0 0 1 ...
 $ Jockey.TimeSdvByRaceAvg          : num  0.397 -0.264 0.195 0.108 -0.133 ...
 $ Jockey.TimeSdvByRaceMin          : num  -0.985 -1.297 -1.998 -1.238 -2.731 ...
 $ Jockey.TimeSdvByRaceMax          : num  1.461 0.769 1.297 1.739 1.884 ...
 $ Jockey.TimeSdvAvg                : num  0.2905 -0.1808 0.0561 0.2512 0.0517 ...
 $ Jockey.TimeSdvMin                : num  -1.13 -1.04 -1.67 -1.1 -2.53 ...
 $ Jockey.TimeSdvMax                : num  1.81 0.68 1.83 1.38 1.81 ...
 $ Jockey.OrderOfFinishSdvAvg       : num  0.354 -0.4411 0.2077 0.0447 -0.1406 ...
 $ Jockey.RunCount                  : num  36 2 33 45 33 46 3 38 9 2 ...
 $ Jockey.HitCount1                 : num  4 0 2 3 4 2 0 4 1 0 ...
 $ Jockey.HitCount2                 : num  4 0 2 3 1 4 0 3 2 0 ...
 $ Jockey.HitCount3                 : num  3 0 4 0 1 4 0 3 1 0 ...
 $ Jockey.HitCount4                 : num  2 0 2 2 1 1 0 6 0 0 ...
 $ Jockey.HitCount5                 : num  3 0 4 5 1 3 0 0 0 0 ...
 $ Jockey.HitRate1                  : num  0.1111 0 0.0606 0.0667 0.1212 ...
 $ Jockey.HitRate2                  : num  0.1111 0 0.0606 0.0667 0.0303 ...
 $ Jockey.HitRate3                  : num  0.0833 0 0.1212 0 0.0303 ...
 $ Jockey.HitRate4                  : num  0.0556 0 0.0606 0.0444 0.0303 ...
 $ Jockey.HitRate5                  : num  0.0833 0 0.1212 0.1111 0.0303 ...
 $ EOF                              : int  1 1 1 1 1 1 1 1 1 1 ...
[1] "2022-02-26 17:59:37 --- RxSqlServerData Finish ---"
[1] "2022-02-26 17:59:39 --- subset Start ---"
[1] "--------------------------------------------------------------------------------"
[1] "nrow(data) subset before=4007"
[1] "nrow(data) subset after =4007"
[1] "nrow(data) subset diff =0"
[1] "--------------------------------------------------------------------------------"
[1] "2022-02-26 17:59:41 --- subset Finish---"
[1] "2022-02-26 17:59:41 --- transform Start ---"
[1] "--------------------------------------------------------------------------------"
[1] "nrow(data) transform before=4007"
[1] "nrow(data) transform after=4007"
[1] "nrow(data) transform diff=0"
[1] "--------------------------------------------------------------------------------"
[1] "str(data)="
'data.frame':	4007 obs. of  43 variables:
 $ Race.RaceId                      : Factor w/ 299 levels "20180616-09-03-05-11",..: 2 2 2 2 2 2 2 2 2 2 ...
 $ Race.IsAnalyzeNormalPastAndFuture: logi  TRUE TRUE TRUE TRUE TRUE TRUE ...
 $ Race.IsAnalyzeNormalPast         : logi  TRUE TRUE TRUE TRUE TRUE TRUE ...
 $ Race.IsAnalyzeNormalFuture       : logi  FALSE FALSE FALSE FALSE FALSE FALSE ...
 $ Race.IsAnalyzeFullPastAndFuture  : logi  TRUE TRUE TRUE TRUE TRUE TRUE ...
 $ Race.IsAnalyzeFullPast           : logi  TRUE TRUE TRUE TRUE TRUE TRUE ...
 $ Race.IsAnalyzeFullFuture         : logi  FALSE FALSE FALSE FALSE FALSE FALSE ...
 $ Race.JyokenCd                    : Factor w/ 1 level "1": 1 1 1 1 1 1 1 1 1 1 ...
 $ Race.JyoType1Cd                  : Factor w/ 62 levels "2-09-1400-1-1",..: 2 2 2 2 2 2 2 2 2 2 ...
 $ Race.RaceType1Cd                 : Factor w/ 9 levels "2-1-E-1","2-1-C-2",..: 1 1 1 1 1 1 1 1 1 1 ...
 $ RaceHorse.RaceId                 : Factor w/ 299 levels "20180616-09-03-05-11",..: 2 2 2 2 2 2 2 2 2 2 ...
 $ RaceHorse.KettoNum               : Factor w/ 906 levels "2012101489","2013102815",..: 11 12 13 14 15 16 17 18 19 20 ...
 $ RaceHorse.IsHit1                 : num  0 0 0 0 0 0 0 0 0 0 ...
 $ RaceHorse.IsHit2                 : num  0 0 0 1 0 0 0 0 0 0 ...
 $ RaceHorse.IsHit3                 : num  0 0 0 0 0 0 0 0 0 1 ...
 $ RaceHorse.IsHit4                 : num  0 0 0 0 0 0 0 0 0 0 ...
 $ RaceHorse.IsHit5                 : num  0 0 0 0 0 1 0 0 0 0 ...
 $ RaceHorse.IsHit6                 : num  1 1 1 0 1 0 1 1 1 0 ...
 $ RaceHorse.IsValidRaceHorse       : logi  TRUE TRUE TRUE TRUE TRUE TRUE ...
 $ RaceHorse.TimeSdvByRace          : num  0.0144 0.0144 -0.8506 1.0525 -0.6776 ...
 $ RaceHorse.TimeSdv                : num  -0.666 -0.666 -1.322 0.121 -1.191 ...
 $ RaceHorse.IsHitA                 : num  0 0 0 0 0 0 0 0 0 0 ...
 $ RaceHorse.IsHitB                 : num  0 0 0 1 0 0 0 0 0 0 ...
 $ RaceHorse.IsHitC                 : num  0 0 0 1 0 0 0 0 0 1 ...
 $ Jockey.TimeSdvByRaceAvg          : num  0.397 -0.264 0.195 0.108 -0.133 ...
 $ Jockey.TimeSdvByRaceMin          : num  -0.985 -1.297 -1.998 -1.238 -2.731 ...
 $ Jockey.TimeSdvByRaceMax          : num  1.461 0.769 1.297 1.739 1.884 ...
 $ Jockey.TimeSdvAvg                : num  0.2905 -0.1808 0.0561 0.2512 0.0517 ...
 $ Jockey.TimeSdvMin                : num  -1.13 -1.04 -1.67 -1.1 -2.53 ...
 $ Jockey.TimeSdvMax                : num  1.81 0.68 1.83 1.38 1.81 ...
 $ Jockey.OrderOfFinishSdvAvg       : num  0.354 -0.4411 0.2077 0.0447 -0.1406 ...
 $ Jockey.RunCount                  : num  36 2 33 45 33 46 3 38 9 2 ...
 $ Jockey.HitCount1                 : num  4 0 2 3 4 2 0 4 1 0 ...
 $ Jockey.HitCount2                 : num  4 0 2 3 1 4 0 3 2 0 ...
 $ Jockey.HitCount3                 : num  3 0 4 0 1 4 0 3 1 0 ...
 $ Jockey.HitCount4                 : num  2 0 2 2 1 1 0 6 0 0 ...
 $ Jockey.HitCount5                 : num  3 0 4 5 1 3 0 0 0 0 ...
 $ Jockey.HitRate1                  : num  0.1111 0 0.0606 0.0667 0.1212 ...
 $ Jockey.HitRate2                  : num  0.1111 0 0.0606 0.0667 0.0303 ...
 $ Jockey.HitRate3                  : num  0.0833 0 0.1212 0 0.0303 ...
 $ Jockey.HitRate4                  : num  0.0556 0 0.0606 0.0444 0.0303 ...
 $ Jockey.HitRate5                  : num  0.0833 0 0.1212 0.1111 0.0303 ...
 $ EOF                              : int  1 1 1 1 1 1 1 1 1 1 ...
NULL
[1] "2022-02-26 18:00:06 --- transform Finish ---"
[1] "2022-02-26 18:00:08 --- na.omit Start ---"
[1] "--------------------------------------------------------------------------------"
[1] "nrow(data) na.omit before=4007"
[1] "nrow(data) na.omit after =3984"
[1] "nrow(data) na.omit diff =23"
[1] "--------------------------------------------------------------------------------"
'data.frame':	3984 obs. of  43 variables:
 $ Race.RaceId                      : Factor w/ 299 levels "20180616-09-03-05-11",..: 2 2 2 2 2 2 2 2 2 2 ...
 $ Race.IsAnalyzeNormalPastAndFuture: logi  TRUE TRUE TRUE TRUE TRUE TRUE ...
 $ Race.IsAnalyzeNormalPast         : logi  TRUE TRUE TRUE TRUE TRUE TRUE ...
 $ Race.IsAnalyzeNormalFuture       : logi  FALSE FALSE FALSE FALSE FALSE FALSE ...
 $ Race.IsAnalyzeFullPastAndFuture  : logi  TRUE TRUE TRUE TRUE TRUE TRUE ...
 $ Race.IsAnalyzeFullPast           : logi  TRUE TRUE TRUE TRUE TRUE TRUE ...
 $ Race.IsAnalyzeFullFuture         : logi  FALSE FALSE FALSE FALSE FALSE FALSE ...
 $ Race.JyokenCd                    : Factor w/ 1 level "1": 1 1 1 1 1 1 1 1 1 1 ...
 $ Race.JyoType1Cd                  : Factor w/ 62 levels "2-09-1400-1-1",..: 2 2 2 2 2 2 2 2 2 2 ...
 $ Race.RaceType1Cd                 : Factor w/ 9 levels "2-1-E-1","2-1-C-2",..: 1 1 1 1 1 1 1 1 1 1 ...
 $ RaceHorse.RaceId                 : Factor w/ 299 levels "20180616-09-03-05-11",..: 2 2 2 2 2 2 2 2 2 2 ...
 $ RaceHorse.KettoNum               : Factor w/ 906 levels "2012101489","2013102815",..: 11 12 13 14 15 16 17 18 19 20 ...
 $ RaceHorse.IsHit1                 : num  0 0 0 0 0 0 0 0 0 0 ...
 $ RaceHorse.IsHit2                 : num  0 0 0 1 0 0 0 0 0 0 ...
 $ RaceHorse.IsHit3                 : num  0 0 0 0 0 0 0 0 0 1 ...
 $ RaceHorse.IsHit4                 : num  0 0 0 0 0 0 0 0 0 0 ...
 $ RaceHorse.IsHit5                 : num  0 0 0 0 0 1 0 0 0 0 ...
 $ RaceHorse.IsHit6                 : num  1 1 1 0 1 0 1 1 1 0 ...
 $ RaceHorse.IsValidRaceHorse       : logi  TRUE TRUE TRUE TRUE TRUE TRUE ...
 $ RaceHorse.TimeSdvByRace          : num  0.0144 0.0144 -0.8506 1.0525 -0.6776 ...
 $ RaceHorse.TimeSdv                : num  -0.666 -0.666 -1.322 0.121 -1.191 ...
 $ RaceHorse.IsHitA                 : num  0 0 0 0 0 0 0 0 0 0 ...
 $ RaceHorse.IsHitB                 : num  0 0 0 1 0 0 0 0 0 0 ...
 $ RaceHorse.IsHitC                 : num  0 0 0 1 0 0 0 0 0 1 ...
 $ Jockey.TimeSdvByRaceAvg          : num  0.397 -0.264 0.195 0.108 -0.133 ...
 $ Jockey.TimeSdvByRaceMin          : num  -0.985 -1.297 -1.998 -1.238 -2.731 ...
 $ Jockey.TimeSdvByRaceMax          : num  1.461 0.769 1.297 1.739 1.884 ...
 $ Jockey.TimeSdvAvg                : num  0.2905 -0.1808 0.0561 0.2512 0.0517 ...
 $ Jockey.TimeSdvMin                : num  -1.13 -1.04 -1.67 -1.1 -2.53 ...
 $ Jockey.TimeSdvMax                : num  1.81 0.68 1.83 1.38 1.81 ...
 $ Jockey.OrderOfFinishSdvAvg       : num  0.354 -0.4411 0.2077 0.0447 -0.1406 ...
 $ Jockey.RunCount                  : num  36 2 33 45 33 46 3 38 9 2 ...
 $ Jockey.HitCount1                 : num  4 0 2 3 4 2 0 4 1 0 ...
 $ Jockey.HitCount2                 : num  4 0 2 3 1 4 0 3 2 0 ...
 $ Jockey.HitCount3                 : num  3 0 4 0 1 4 0 3 1 0 ...
 $ Jockey.HitCount4                 : num  2 0 2 2 1 1 0 6 0 0 ...
 $ Jockey.HitCount5                 : num  3 0 4 5 1 3 0 0 0 0 ...
 $ Jockey.HitRate1                  : num  0.1111 0 0.0606 0.0667 0.1212 ...
 $ Jockey.HitRate2                  : num  0.1111 0 0.0606 0.0667 0.0303 ...
 $ Jockey.HitRate3                  : num  0.0833 0 0.1212 0 0.0303 ...
 $ Jockey.HitRate4                  : num  0.0556 0 0.0606 0.0444 0.0303 ...
 $ Jockey.HitRate5                  : num  0.0833 0 0.1212 0.1111 0.0303 ...
 $ EOF                              : int  1 1 1 1 1 1 1 1 1 1 ...
 - attr(*, "na.action")= 'omit' Named int  78 166 168 225 271 565 568 884 893 1224 ...
  ..- attr(*, "names")= chr  "78" "166" "168" "225" ...
[1] "2022-02-26 18:00:56 --- na.omit Finish ---"
[1] "2022-02-26 18:00:57 --- rxGlm with rxStepControl Start ---"

> print(paste0(Sys.time(), " --- source_logic_glm.R Start ---"))
[1] "2022-02-26 18:00:57 --- source_logic_glm.R Start ---"

> formula <- formula(RaceHorse.IsHitA ~ +1 + Jockey.TimeSdvByRaceAvg)

> print(paste0(Sys.time(), " --- source_logic_glm.R Finished ---"))
[1] "2022-02-26 18:00:59 --- source_logic_glm.R Finished ---"
Rows Read: 3984, Total Rows Processed: 3984, Total Chunk Time: 0.001 seconds 

Starting values (iteration 1) time: 0.008 secs.
Rows Read: 3984, Total Rows Processed: 3984, Total Chunk Time: 0.001 seconds 

Iteration 2 time: 0.005 secs.
Rows Read: 3984, Total Rows Processed: 3984, Total Chunk Time: 0.001 seconds 

Iteration 3 time: 0.004 secs.
Rows Read: 3984, Total Rows Processed: 3984, Total Chunk Time: 0.001 seconds 

Iteration 4 time: 0.006 secs.

Elapsed computation time: 0.045 secs.
Rows Read: 3984, Total Rows Processed: 3984, Total Chunk Time: Less than .001 seconds 

Starting values (iteration 1) time: 0.005 secs.
Rows Read: 3984, Total Rows Processed: 3984, Total Chunk Time: 0.001 seconds 

Iteration 2 time: 0.005 secs.

Elapsed computation time: 0.022 secs.
Rows Read: 3984, Total Rows Processed: 3984, Total Chunk Time: 0.001 seconds 

Starting values (iteration 1) time: 0.006 secs.
Rows Read: 3984, Total Rows Processed: 3984, Total Chunk Time: 0.002 seconds 

Iteration 2 time: 0.005 secs.
Rows Read: 3984, Total Rows Processed: 3984, Total Chunk Time: 0.001 seconds 

Iteration 3 time: 0.005 secs.
Rows Read: 3984, Total Rows Processed: 3984, Total Chunk Time: 0.001 seconds 

Iteration 4 time: 0.004 secs.

Elapsed computation time: 0.044 secs.

Elapsed computation time: 0.126 secs.
[1] "--------------------------------------------------------------------------------"
[1] "analyze.results.glm.step="
Logistic Regression Results for: RaceHorse.IsHitA ~
    Jockey.TimeSdvByRaceAvg
Data: data
Dependent variable(s): RaceHorse.IsHitA
Total independent variables: 2 
Number of valid observations: 3984
Number of missing observations: 0 
 
Coefficients:
                        RaceHorse.IsHitA
(Intercept)                         -2.6
Jockey.TimeSdvByRaceAvg              0.8
[1] "analyze.results.glm.step.summary"
Call:
rxLogit(formula = formula, data = data, variableSelection = analyze.results.glm.step.varsel)

Logistic Regression Results for: RaceHorse.IsHitA ~
    Jockey.TimeSdvByRaceAvg
Data: data
Dependent variable(s): RaceHorse.IsHitA
Total independent variables: 2 
Number of valid observations: 3984
Number of missing observations: 0 
-2*LogLikelihood: 2027.85 (Residual deviance on 3982 degrees of freedom)
 
Coefficients:
                        Estimate Std. Error z value Pr(>|z|)    
(Intercept)              -2.6455     0.0665  -39.80  2.2e-16 ***
Jockey.TimeSdvByRaceAvg   0.7708     0.1440    5.35  8.7e-08 ***
---
Signif. codes:  0 '***' 0.001 '**' 0.01 '*' 0.05 '.' 0.1 ' ' 1

Condition number of final variance-covariance matrix: 1 
Number of iterations: 4
[1] "--------------------------------------------------------------------------------"
[1] "2022-02-26 18:01:02 --- rxGlm with rxStepControl Finish ---"
[1] "2022-02-26 18:01:02 --- rxStepPlot Start ---"
[1] "pdfFilename=pdf_analyze_glm_Jockey_Type21_rxStepPlot.pdf"
[1] "rxStepPlot="
[1] "2022-02-26 18:01:03 --- rxStepPlot Finish ---"
[1] "2022-02-26 18:01:03 --- save.image Start ---"
[1] "save.image"
[1] "rdataFilename=RData_analyze_glm_Jockey_Type21.RData"
[1] "2022-02-26 18:01:04 --- save.image Finish ---"
[1] "2022-02-26 18:01:04 --- final Start ---"
[1] "--------------------------------------------------------------------------------"
[1] "nrow(data) final=3984"
[1] "--------------------------------------------------------------------------------"
[1] "2022-02-26 18:01:04 --- final Finish ---"
[1] "2022-02-26 18:01:04 --- analyze_glm.R Finished ---"
[1] "2022-02-26 18:01:04 --- log Finish ---"
