[1] "2022-02-26 17:56:56 --- D1115_analyze_glm_Gen01_IsHitA_Type13 Start ---"
[1] "2022-02-26 17:56:56 --- Log Start ---"
[1] "2022-02-26 17:56:56 --- analyze_glm.R Start ---"
[1] "analyzeVersion=D1115"
[1] "analyzeCategory=analyze"
[1] "analyzeType=Gen01"
[1] "analyzeFamily=IsHitA"
[1] "analyzeFunc=glm"
[1] "analyzeTrackTypeCd=1"
[1] "analyzeJyokenCd=3"
[1] "2022-02-26 17:56:56 --- source_function.R Start ---"
[1] "2022-02-26 17:56:56 --- source_function.R Finished ---"

> print(paste0(Sys.time(), " --- source_library.R Start ---"))
[1] "2022-02-26 17:56:56 --- source_library.R Start ---"

> require("RevoScaleR")

> print(paste0(Sys.time(), " --- source_library.R Finished ---"))
[1] "2022-02-26 17:56:57 --- source_library.R Finished ---"
[1] "2022-02-26 17:56:57 --- RxSqlServerData Start ---"
[1] "2022-02-26 17:56:57 --- RxInSqlServer Start ---"
[1] "2022-02-26 17:56:57 --- RxInSqlServer Finish ---"
[1] "2022-02-26 17:56:57 --- rxSetComputeContext Start ---"
[1] "2022-02-26 17:56:57 --- rxSetComputeContext Finish ---"
[1] "2022-02-26 17:56:57 --- RxSqlServerData Start ---"
[1] "sqlQuery=SELECT * FROM ViewAnalyzeD1115analyze01Gen01Type13"
[1] "2022-02-26 17:56:58 --- RxSqlServerData Finish ---"
[1] "2022-02-26 17:56:58 --- rxGetVarInfo Start ---"
[1] "2022-02-26 17:56:58 --- rxGetVarInfo Finish---"
[1] "2022-02-26 17:56:58 --- rxImport Start ---"
Rows Read: 14367, Total Rows Processed: 14367, Total Chunk Time: 194.769 seconds 
[1] "2022-02-26 18:03:26 --- rxImport Finish ---"
[1] "object.size(data) auto=4.4 Mb"
[1] "--------------------------------------------------------------------------------"
[1] "nrow(data) RxSqlServerData=14367"
[1] "--------------------------------------------------------------------------------"
[1] "str(data)="
'data.frame':	14367 obs. of  44 variables:
 $ Race.RaceId                      : Factor w/ 1192 levels "20160105-06-01-01-12",..: 1 2 3 4 5 6 6 7 8 9 ...
 $ Race.IsAnalyzeNormalPastAndFuture: logi  TRUE TRUE TRUE TRUE TRUE TRUE ...
 $ Race.IsAnalyzeNormalPast         : logi  TRUE TRUE TRUE TRUE TRUE TRUE ...
 $ Race.IsAnalyzeNormalFuture       : logi  FALSE FALSE FALSE FALSE FALSE FALSE ...
 $ Race.IsAnalyzeFullPastAndFuture  : logi  TRUE TRUE TRUE TRUE TRUE TRUE ...
 $ Race.IsAnalyzeFullPast           : logi  TRUE TRUE TRUE TRUE TRUE TRUE ...
 $ Race.IsAnalyzeFullFuture         : logi  FALSE FALSE FALSE FALSE FALSE FALSE ...
 $ Race.JyokenCd                    : Factor w/ 1 level "3": 1 1 1 1 1 1 1 1 1 1 ...
 $ Race.JyoType1Cd                  : Factor w/ 154 levels "1-06-1600-3-1",..: 1 2 3 4 1 5 5 6 7 6 ...
 $ Race.RaceType1Cd                 : Factor w/ 6 levels "1-3-X-1","1-3-X-2",..: 1 1 2 3 1 3 3 2 4 5 ...
 $ RaceHorse.RaceId                 : Factor w/ 1192 levels "20160105-06-01-01-12",..: 1 2 3 4 5 6 6 7 8 9 ...
 $ RaceHorse.KettoNum               : Factor w/ 2893 levels "2012100287","2009104888",..: 1 2 3 4 1 5 6 7 8 9 ...
 $ RaceHorse.IsHit1                 : num  0 0 0 1 0 0 0 0 0 0 ...
 $ RaceHorse.IsHit2                 : num  0 0 0 0 0 0 0 0 0 0 ...
 $ RaceHorse.IsHit3                 : num  0 0 0 0 0 0 0 0 0 0 ...
 $ RaceHorse.IsHit4                 : num  0 0 0 0 0 0 0 0 0 0 ...
 $ RaceHorse.IsHit5                 : num  0 0 0 0 1 0 0 1 0 0 ...
 $ RaceHorse.IsHit6                 : num  1 1 1 0 0 1 1 0 1 1 ...
 $ RaceHorse.IsValidRaceHorse       : logi  TRUE TRUE TRUE TRUE TRUE TRUE ...
 $ RaceHorse.TimeSdvByRace          : num  0.0965 0.0522 0.2686 1.4899 0.5033 ...
 $ RaceHorse.TimeSdv                : num  0.517 0.677 0.205 1.481 0.812 ...
 $ RaceHorse.IsHitA                 : num  0 0 0 1 0 0 0 0 0 0 ...
 $ RaceHorse.IsHitB                 : num  0 0 0 1 0 0 0 0 0 0 ...
 $ RaceHorse.IsHitC                 : num  0 0 0 1 0 0 0 0 0 0 ...
 $ Gen01.HansyokuNum                : Factor w/ 257 levels "11201954","11201966",..: 1 2 3 3 1 1 2 3 3 3 ...
 $ Gen01.TimeSdvByRaceAvg           : num  -1.0684 0.8796 -0.534 0.0158 -1.012 ...
 $ Gen01.TimeSdvByRaceMin           : num  -2.227 0.256 -2.696 -2.848 -2.227 ...
 $ Gen01.TimeSdvByRaceMax           : num  1.05 1.35 1.31 1.69 1.05 ...
 $ Gen01.TimeSdvAvg                 : num  -0.73253 0.62774 -0.23035 -0.00131 -0.54583 ...
 $ Gen01.TimeSdvMin                 : num  -1.7479 0.0923 -1.5731 -2.4152 -1.7479 ...
 $ Gen01.TimeSdvMax                 : num  0.372 1.138 2.005 1.907 0.517 ...
 $ Gen01.OrderOfFinishSdvAvg        : num  -0.803 0.842 -0.345 -0.071 -0.701 ...
 $ Gen01.RunCount                   : num  9 7 15 52 9 12 29 16 44 101 ...
 $ Gen01.HitCount1                  : num  1 0 0 3 1 0 2 0 1 8 ...
 $ Gen01.HitCount2                  : num  0 3 1 6 0 0 2 1 4 6 ...
 $ Gen01.HitCount3                  : num  0 1 2 3 0 1 1 2 1 11 ...
 $ Gen01.HitCount4                  : num  0 0 1 1 0 1 2 1 3 6 ...
 $ Gen01.HitCount5                  : num  0 1 0 4 0 1 2 0 4 8 ...
 $ Gen01.HitRate1                   : num  0.1111 0 0 0.0577 0.1111 ...
 $ Gen01.HitRate2                   : num  0 0.4286 0.0667 0.1154 0 ...
 $ Gen01.HitRate3                   : num  0 0.1429 0.1333 0.0577 0 ...
 $ Gen01.HitRate4                   : num  0 0 0.0667 0.0192 0 ...
 $ Gen01.HitRate5                   : num  0 0.1429 0 0.0769 0 ...
 $ EOF                              : int  1 1 1 1 1 1 1 1 1 1 ...
[1] "2022-02-26 18:03:28 --- RxSqlServerData Finish ---"
[1] "2022-02-26 18:03:28 --- subset Start ---"
[1] "--------------------------------------------------------------------------------"
[1] "nrow(data) subset before=14367"
[1] "nrow(data) subset after =14367"
[1] "nrow(data) subset diff =0"
[1] "--------------------------------------------------------------------------------"
[1] "2022-02-26 18:03:29 --- subset Finish---"
[1] "2022-02-26 18:03:29 --- transform Start ---"
[1] "--------------------------------------------------------------------------------"
[1] "nrow(data) transform before=14367"
[1] "nrow(data) transform after=14367"
[1] "nrow(data) transform diff=0"
[1] "--------------------------------------------------------------------------------"
[1] "str(data)="
'data.frame':	14367 obs. of  44 variables:
 $ Race.RaceId                      : Factor w/ 1192 levels "20160105-06-01-01-12",..: 1 2 3 4 5 6 6 7 8 9 ...
 $ Race.IsAnalyzeNormalPastAndFuture: logi  TRUE TRUE TRUE TRUE TRUE TRUE ...
 $ Race.IsAnalyzeNormalPast         : logi  TRUE TRUE TRUE TRUE TRUE TRUE ...
 $ Race.IsAnalyzeNormalFuture       : logi  FALSE FALSE FALSE FALSE FALSE FALSE ...
 $ Race.IsAnalyzeFullPastAndFuture  : logi  TRUE TRUE TRUE TRUE TRUE TRUE ...
 $ Race.IsAnalyzeFullPast           : logi  TRUE TRUE TRUE TRUE TRUE TRUE ...
 $ Race.IsAnalyzeFullFuture         : logi  FALSE FALSE FALSE FALSE FALSE FALSE ...
 $ Race.JyokenCd                    : Factor w/ 1 level "3": 1 1 1 1 1 1 1 1 1 1 ...
 $ Race.JyoType1Cd                  : Factor w/ 154 levels "1-06-1600-3-1",..: 1 2 3 4 1 5 5 6 7 6 ...
 $ Race.RaceType1Cd                 : Factor w/ 6 levels "1-3-X-1","1-3-X-2",..: 1 1 2 3 1 3 3 2 4 5 ...
 $ RaceHorse.RaceId                 : Factor w/ 1192 levels "20160105-06-01-01-12",..: 1 2 3 4 5 6 6 7 8 9 ...
 $ RaceHorse.KettoNum               : Factor w/ 2893 levels "2012100287","2009104888",..: 1 2 3 4 1 5 6 7 8 9 ...
 $ RaceHorse.IsHit1                 : num  0 0 0 1 0 0 0 0 0 0 ...
 $ RaceHorse.IsHit2                 : num  0 0 0 0 0 0 0 0 0 0 ...
 $ RaceHorse.IsHit3                 : num  0 0 0 0 0 0 0 0 0 0 ...
 $ RaceHorse.IsHit4                 : num  0 0 0 0 0 0 0 0 0 0 ...
 $ RaceHorse.IsHit5                 : num  0 0 0 0 1 0 0 1 0 0 ...
 $ RaceHorse.IsHit6                 : num  1 1 1 0 0 1 1 0 1 1 ...
 $ RaceHorse.IsValidRaceHorse       : logi  TRUE TRUE TRUE TRUE TRUE TRUE ...
 $ RaceHorse.TimeSdvByRace          : num  0.0965 0.0522 0.2686 1.4899 0.5033 ...
 $ RaceHorse.TimeSdv                : num  0.517 0.677 0.205 1.481 0.812 ...
 $ RaceHorse.IsHitA                 : num  0 0 0 1 0 0 0 0 0 0 ...
 $ RaceHorse.IsHitB                 : num  0 0 0 1 0 0 0 0 0 0 ...
 $ RaceHorse.IsHitC                 : num  0 0 0 1 0 0 0 0 0 0 ...
 $ Gen01.HansyokuNum                : Factor w/ 257 levels "11201954","11201966",..: 1 2 3 3 1 1 2 3 3 3 ...
 $ Gen01.TimeSdvByRaceAvg           : num  -1.0684 0.8796 -0.534 0.0158 -1.012 ...
 $ Gen01.TimeSdvByRaceMin           : num  -2.227 0.256 -2.696 -2.848 -2.227 ...
 $ Gen01.TimeSdvByRaceMax           : num  1.05 1.35 1.31 1.69 1.05 ...
 $ Gen01.TimeSdvAvg                 : num  -0.73253 0.62774 -0.23035 -0.00131 -0.54583 ...
 $ Gen01.TimeSdvMin                 : num  -1.7479 0.0923 -1.5731 -2.4152 -1.7479 ...
 $ Gen01.TimeSdvMax                 : num  0.372 1.138 2.005 1.907 0.517 ...
 $ Gen01.OrderOfFinishSdvAvg        : num  -0.803 0.842 -0.345 -0.071 -0.701 ...
 $ Gen01.RunCount                   : num  9 7 15 52 9 12 29 16 44 101 ...
 $ Gen01.HitCount1                  : num  1 0 0 3 1 0 2 0 1 8 ...
 $ Gen01.HitCount2                  : num  0 3 1 6 0 0 2 1 4 6 ...
 $ Gen01.HitCount3                  : num  0 1 2 3 0 1 1 2 1 11 ...
 $ Gen01.HitCount4                  : num  0 0 1 1 0 1 2 1 3 6 ...
 $ Gen01.HitCount5                  : num  0 1 0 4 0 1 2 0 4 8 ...
 $ Gen01.HitRate1                   : num  0.1111 0 0 0.0577 0.1111 ...
 $ Gen01.HitRate2                   : num  0 0.4286 0.0667 0.1154 0 ...
 $ Gen01.HitRate3                   : num  0 0.1429 0.1333 0.0577 0 ...
 $ Gen01.HitRate4                   : num  0 0 0.0667 0.0192 0 ...
 $ Gen01.HitRate5                   : num  0 0.1429 0 0.0769 0 ...
 $ EOF                              : int  1 1 1 1 1 1 1 1 1 1 ...
NULL
[1] "2022-02-26 18:03:32 --- transform Finish ---"
[1] "2022-02-26 18:03:32 --- na.omit Start ---"
[1] "--------------------------------------------------------------------------------"
[1] "nrow(data) na.omit before=14367"
[1] "nrow(data) na.omit after =14300"
[1] "nrow(data) na.omit diff =67"
[1] "--------------------------------------------------------------------------------"
'data.frame':	14300 obs. of  44 variables:
 $ Race.RaceId                      : Factor w/ 1192 levels "20160105-06-01-01-12",..: 1 2 3 4 5 6 6 7 8 9 ...
 $ Race.IsAnalyzeNormalPastAndFuture: logi  TRUE TRUE TRUE TRUE TRUE TRUE ...
 $ Race.IsAnalyzeNormalPast         : logi  TRUE TRUE TRUE TRUE TRUE TRUE ...
 $ Race.IsAnalyzeNormalFuture       : logi  FALSE FALSE FALSE FALSE FALSE FALSE ...
 $ Race.IsAnalyzeFullPastAndFuture  : logi  TRUE TRUE TRUE TRUE TRUE TRUE ...
 $ Race.IsAnalyzeFullPast           : logi  TRUE TRUE TRUE TRUE TRUE TRUE ...
 $ Race.IsAnalyzeFullFuture         : logi  FALSE FALSE FALSE FALSE FALSE FALSE ...
 $ Race.JyokenCd                    : Factor w/ 1 level "3": 1 1 1 1 1 1 1 1 1 1 ...
 $ Race.JyoType1Cd                  : Factor w/ 154 levels "1-06-1600-3-1",..: 1 2 3 4 1 5 5 6 7 6 ...
 $ Race.RaceType1Cd                 : Factor w/ 6 levels "1-3-X-1","1-3-X-2",..: 1 1 2 3 1 3 3 2 4 5 ...
 $ RaceHorse.RaceId                 : Factor w/ 1192 levels "20160105-06-01-01-12",..: 1 2 3 4 5 6 6 7 8 9 ...
 $ RaceHorse.KettoNum               : Factor w/ 2893 levels "2012100287","2009104888",..: 1 2 3 4 1 5 6 7 8 9 ...
 $ RaceHorse.IsHit1                 : num  0 0 0 1 0 0 0 0 0 0 ...
 $ RaceHorse.IsHit2                 : num  0 0 0 0 0 0 0 0 0 0 ...
 $ RaceHorse.IsHit3                 : num  0 0 0 0 0 0 0 0 0 0 ...
 $ RaceHorse.IsHit4                 : num  0 0 0 0 0 0 0 0 0 0 ...
 $ RaceHorse.IsHit5                 : num  0 0 0 0 1 0 0 1 0 0 ...
 $ RaceHorse.IsHit6                 : num  1 1 1 0 0 1 1 0 1 1 ...
 $ RaceHorse.IsValidRaceHorse       : logi  TRUE TRUE TRUE TRUE TRUE TRUE ...
 $ RaceHorse.TimeSdvByRace          : num  0.0965 0.0522 0.2686 1.4899 0.5033 ...
 $ RaceHorse.TimeSdv                : num  0.517 0.677 0.205 1.481 0.812 ...
 $ RaceHorse.IsHitA                 : num  0 0 0 1 0 0 0 0 0 0 ...
 $ RaceHorse.IsHitB                 : num  0 0 0 1 0 0 0 0 0 0 ...
 $ RaceHorse.IsHitC                 : num  0 0 0 1 0 0 0 0 0 0 ...
 $ Gen01.HansyokuNum                : Factor w/ 257 levels "11201954","11201966",..: 1 2 3 3 1 1 2 3 3 3 ...
 $ Gen01.TimeSdvByRaceAvg           : num  -1.0684 0.8796 -0.534 0.0158 -1.012 ...
 $ Gen01.TimeSdvByRaceMin           : num  -2.227 0.256 -2.696 -2.848 -2.227 ...
 $ Gen01.TimeSdvByRaceMax           : num  1.05 1.35 1.31 1.69 1.05 ...
 $ Gen01.TimeSdvAvg                 : num  -0.73253 0.62774 -0.23035 -0.00131 -0.54583 ...
 $ Gen01.TimeSdvMin                 : num  -1.7479 0.0923 -1.5731 -2.4152 -1.7479 ...
 $ Gen01.TimeSdvMax                 : num  0.372 1.138 2.005 1.907 0.517 ...
 $ Gen01.OrderOfFinishSdvAvg        : num  -0.803 0.842 -0.345 -0.071 -0.701 ...
 $ Gen01.RunCount                   : num  9 7 15 52 9 12 29 16 44 101 ...
 $ Gen01.HitCount1                  : num  1 0 0 3 1 0 2 0 1 8 ...
 $ Gen01.HitCount2                  : num  0 3 1 6 0 0 2 1 4 6 ...
 $ Gen01.HitCount3                  : num  0 1 2 3 0 1 1 2 1 11 ...
 $ Gen01.HitCount4                  : num  0 0 1 1 0 1 2 1 3 6 ...
 $ Gen01.HitCount5                  : num  0 1 0 4 0 1 2 0 4 8 ...
 $ Gen01.HitRate1                   : num  0.1111 0 0 0.0577 0.1111 ...
 $ Gen01.HitRate2                   : num  0 0.4286 0.0667 0.1154 0 ...
 $ Gen01.HitRate3                   : num  0 0.1429 0.1333 0.0577 0 ...
 $ Gen01.HitRate4                   : num  0 0 0.0667 0.0192 0 ...
 $ Gen01.HitRate5                   : num  0 0.1429 0 0.0769 0 ...
 $ EOF                              : int  1 1 1 1 1 1 1 1 1 1 ...
 - attr(*, "na.action")= 'omit' Named int  103 303 435 474 747 819 1063 1125 1206 1234 ...
  ..- attr(*, "names")= chr  "103" "303" "435" "474" ...
[1] "2022-02-26 18:03:36 --- na.omit Finish ---"
[1] "2022-02-26 18:03:36 --- rxGlm with rxStepControl Start ---"

> print(paste0(Sys.time(), " --- source_logic_glm.R Start ---"))
[1] "2022-02-26 18:03:36 --- source_logic_glm.R Start ---"

> formula <- formula(RaceHorse.IsHitA ~ +1 + Gen01.TimeSdvByRaceAvg)

> print(paste0(Sys.time(), " --- source_logic_glm.R Finished ---"))
[1] "2022-02-26 18:03:36 --- source_logic_glm.R Finished ---"
Rows Read: 14300, Total Rows Processed: 14300, Total Chunk Time: 0.001 seconds 

Starting values (iteration 1) time: 0.009 secs.
Rows Read: 14300, Total Rows Processed: 14300, Total Chunk Time: 0.002 seconds 

Iteration 2 time: 0.007 secs.
Rows Read: 14300, Total Rows Processed: 14300, Total Chunk Time: 0.002 seconds 

Iteration 3 time: 0.005 secs.
Rows Read: 14300, Total Rows Processed: 14300, Total Chunk Time: 0.002 seconds 

Iteration 4 time: 0.006 secs.
Rows Read: 14300, Total Rows Processed: 14300, Total Chunk Time: 0.002 seconds 

Iteration 5 time: 0.006 secs.

Elapsed computation time: 0.208 secs.
Rows Read: 14300, Total Rows Processed: 14300, Total Chunk Time: 0.001 seconds 

Starting values (iteration 1) time: 0.007 secs.
Rows Read: 14300, Total Rows Processed: 14300, Total Chunk Time: 0.002 seconds 

Iteration 2 time: 0.006 secs.

Elapsed computation time: 0.027 secs.
Rows Read: 14300, Total Rows Processed: 14300, Total Chunk Time: 0.001 seconds 

Starting values (iteration 1) time: 0.006 secs.
Rows Read: 14300, Total Rows Processed: 14300, Total Chunk Time: 0.002 seconds 

Iteration 2 time: 0.008 secs.
Rows Read: 14300, Total Rows Processed: 14300, Total Chunk Time: 0.002 seconds 

Iteration 3 time: 0.022 secs.
Rows Read: 14300, Total Rows Processed: 14300, Total Chunk Time: 0.002 seconds 

Iteration 4 time: 0.005 secs.
Rows Read: 14300, Total Rows Processed: 14300, Total Chunk Time: 0.002 seconds 

Iteration 5 time: 0.005 secs.

Elapsed computation time: 0.083 secs.

Elapsed computation time: 0.335 secs.
[1] "--------------------------------------------------------------------------------"
[1] "analyze.results.glm.step="
Logistic Regression Results for: RaceHorse.IsHitA ~
    Gen01.TimeSdvByRaceAvg
Data: data
Dependent variable(s): RaceHorse.IsHitA
Total independent variables: 2 
Number of valid observations: 14300
Number of missing observations: 0 
 
Coefficients:
                       RaceHorse.IsHitA
(Intercept)                        -2.5
Gen01.TimeSdvByRaceAvg              0.8
[1] "analyze.results.glm.step.summary"
Call:
rxLogit(formula = formula, data = data, variableSelection = analyze.results.glm.step.varsel)

Logistic Regression Results for: RaceHorse.IsHitA ~
    Gen01.TimeSdvByRaceAvg
Data: data
Dependent variable(s): RaceHorse.IsHitA
Total independent variables: 2 
Number of valid observations: 14300
Number of missing observations: 0 
-2*LogLikelihood: 7890.924 (Residual deviance on 14298 degrees of freedom)
 
Coefficients:
                       Estimate Std. Error z value Pr(>|z|)    
(Intercept)             -2.5404     0.0342  -74.22  2.2e-16 ***
Gen01.TimeSdvByRaceAvg   0.8206     0.0906    9.06  2.2e-16 ***
---
Signif. codes:  0 '***' 0.001 '**' 0.01 '*' 0.05 '.' 0.1 ' ' 1

Condition number of final variance-covariance matrix: 1 
Number of iterations: 5
[1] "--------------------------------------------------------------------------------"
[1] "2022-02-26 18:03:37 --- rxGlm with rxStepControl Finish ---"
[1] "2022-02-26 18:03:37 --- rxStepPlot Start ---"
[1] "pdfFilename=pdf_analyze_glm_Gen01_Type13_rxStepPlot.pdf"
[1] "rxStepPlot="
[1] "2022-02-26 18:03:37 --- rxStepPlot Finish ---"
[1] "2022-02-26 18:03:38 --- save.image Start ---"
[1] "save.image"
[1] "rdataFilename=RData_analyze_glm_Gen01_Type13.RData"
[1] "2022-02-26 18:03:38 --- save.image Finish ---"
[1] "2022-02-26 18:03:38 --- final Start ---"
[1] "--------------------------------------------------------------------------------"
[1] "nrow(data) final=14300"
[1] "--------------------------------------------------------------------------------"
[1] "2022-02-26 18:03:38 --- final Finish ---"
[1] "2022-02-26 18:03:38 --- analyze_glm.R Finished ---"
[1] "2022-02-26 18:03:38 --- log Finish ---"
