[1] "2022-02-26 17:57:17 --- D1115_analyze_glm_Gen02_IsHitA_Type31 Start ---"
[1] "2022-02-26 17:57:17 --- Log Start ---"
[1] "2022-02-26 17:57:18 --- analyze_glm.R Start ---"
[1] "analyzeVersion=D1115"
[1] "analyzeCategory=analyze"
[1] "analyzeType=Gen02"
[1] "analyzeFamily=IsHitA"
[1] "analyzeFunc=glm"
[1] "analyzeTrackTypeCd=3"
[1] "analyzeJyokenCd=1"
[1] "2022-02-26 17:57:20 --- source_function.R Start ---"
[1] "2022-02-26 17:57:21 --- source_function.R Finished ---"

> print(paste0(Sys.time(), " --- source_library.R Start ---"))
[1] "2022-02-26 17:57:21 --- source_library.R Start ---"

> require("RevoScaleR")

> print(paste0(Sys.time(), " --- source_library.R Finished ---"))
[1] "2022-02-26 17:57:23 --- source_library.R Finished ---"
[1] "2022-02-26 17:57:23 --- RxSqlServerData Start ---"
[1] "2022-02-26 17:57:23 --- RxInSqlServer Start ---"
[1] "2022-02-26 17:57:24 --- RxInSqlServer Finish ---"
[1] "2022-02-26 17:57:26 --- rxSetComputeContext Start ---"
[1] "2022-02-26 17:57:28 --- rxSetComputeContext Finish ---"
[1] "2022-02-26 17:57:29 --- RxSqlServerData Start ---"
[1] "sqlQuery=SELECT * FROM ViewAnalyzeD1115analyze01Gen02Type31"
[1] "2022-02-26 17:57:34 --- RxSqlServerData Finish ---"
[1] "2022-02-26 17:57:38 --- rxGetVarInfo Start ---"
[1] "2022-02-26 17:57:49 --- rxGetVarInfo Finish---"
[1] "2022-02-26 17:57:53 --- rxImport Start ---"
Rows Read: 1663, Total Rows Processed: 1663, Total Chunk Time: 42.282 seconds 
[1] "2022-02-26 17:59:24 --- rxImport Finish ---"
[1] "object.size(data) auto=559.5 Kb"
[1] "--------------------------------------------------------------------------------"
[1] "nrow(data) RxSqlServerData=1663"
[1] "--------------------------------------------------------------------------------"
[1] "str(data)="
'data.frame':	1663 obs. of  44 variables:
 $ Race.RaceId                      : Factor w/ 213 levels "20160123-07-01-03-05",..: 10 2 11 4 12 6 8 9 9 13 ...
 $ Race.IsAnalyzeNormalPastAndFuture: logi  TRUE TRUE TRUE TRUE TRUE TRUE ...
 $ Race.IsAnalyzeNormalPast         : logi  TRUE TRUE TRUE TRUE TRUE TRUE ...
 $ Race.IsAnalyzeNormalFuture       : logi  FALSE FALSE FALSE FALSE FALSE FALSE ...
 $ Race.IsAnalyzeFullPastAndFuture  : logi  TRUE TRUE TRUE TRUE TRUE TRUE ...
 $ Race.IsAnalyzeFullPast           : logi  TRUE TRUE TRUE TRUE TRUE TRUE ...
 $ Race.IsAnalyzeFullFuture         : logi  FALSE FALSE FALSE FALSE FALSE FALSE ...
 $ Race.JyokenCd                    : Factor w/ 1 level "1": 1 1 1 1 1 1 1 1 1 1 ...
 $ Race.JyoType1Cd                  : Factor w/ 53 levels "3-07-3330-1-2",..: 10 2 10 4 11 6 8 9 9 12 ...
 $ Race.RaceType1Cd                 : Factor w/ 5 levels "3-1-X-3","3-1-G-3",..: 3 1 1 1 3 1 1 1 1 1 ...
 $ RaceHorse.RaceId                 : Factor w/ 213 levels "20160123-07-01-03-05",..: 10 2 11 4 12 6 8 9 9 13 ...
 $ RaceHorse.KettoNum               : Factor w/ 379 levels "2011102100","2012103134",..: 10 11 12 13 14 15 5 16 17 18 ...
 $ RaceHorse.IsHit1                 : num  0 1 0 0 0 0 0 0 0 0 ...
 $ RaceHorse.IsHit2                 : num  0 0 0 0 0 0 1 0 0 0 ...
 $ RaceHorse.IsHit3                 : num  0 0 0 0 0 0 0 0 0 0 ...
 $ RaceHorse.IsHit4                 : num  0 0 0 0 0 0 0 0 0 0 ...
 $ RaceHorse.IsHit5                 : num  0 0 0 0 0 0 0 0 0 0 ...
 $ RaceHorse.IsHit6                 : num  0 0 1 1 1 1 0 1 1 1 ...
 $ RaceHorse.IsValidRaceHorse       : logi  FALSE TRUE TRUE TRUE TRUE TRUE ...
 $ RaceHorse.TimeSdvByRace          : num  NA 1.20827 -0.35438 -0.00351 -2.05923 ...
 $ RaceHorse.TimeSdv                : num  NA 0.71312 0.59797 -0.00351 -1.86269 ...
 $ RaceHorse.IsHitA                 : num  0 1 0 0 0 0 0 0 0 0 ...
 $ RaceHorse.IsHitB                 : num  0 1 0 0 0 0 1 0 0 0 ...
 $ RaceHorse.IsHitC                 : num  0 1 0 0 0 0 1 0 0 0 ...
 $ Gen02.HansyokuNum                : Factor w/ 123 levels "11201853","11201700",..: 8 9 10 1 10 11 5 3 12 13 ...
 $ Gen02.TimeSdvByRaceAvg           : num  0.4074 -0.1095 0.0123 -1.0955 0.6701 ...
 $ Gen02.TimeSdvByRaceMin           : num  0.4074 -0.1736 0.0123 -2.7069 0.6701 ...
 $ Gen02.TimeSdvByRaceMax           : num  0.4074 -0.0495 0.0123 0.3224 0.6701 ...
 $ Gen02.TimeSdvAvg                 : num  0.0251 0.5389 0.1983 -0.3222 -0.2146 ...
 $ Gen02.TimeSdvMin                 : num  0.0251 -0.1053 0.1983 -2.1068 -0.2146 ...
 $ Gen02.TimeSdvMax                 : num  0.0251 0.897 0.1983 1.2633 -0.2146 ...
 $ Gen02.OrderOfFinishSdvAvg        : num  0.165 0.238 -0.949 -0.785 0.435 ...
 $ Gen02.RunCount                   : num  1 3 1 5 1 2 3 3 1 2 ...
 $ Gen02.HitCount1                  : num  0 0 0 0 0 0 2 1 0 0 ...
 $ Gen02.HitCount2                  : num  0 0 0 0 0 0 0 0 0 0 ...
 $ Gen02.HitCount3                  : num  0 0 0 0 0 0 1 0 0 0 ...
 $ Gen02.HitCount4                  : num  0 1 0 1 0 0 0 0 0 1 ...
 $ Gen02.HitCount5                  : num  0 0 0 0 1 0 0 0 0 0 ...
 $ Gen02.HitRate1                   : num  0 0 0 0 0 ...
 $ Gen02.HitRate2                   : num  0 0 0 0 0 0 0 0 0 0 ...
 $ Gen02.HitRate3                   : num  0 0 0 0 0 ...
 $ Gen02.HitRate4                   : num  0 0.333 0 0.2 0 ...
 $ Gen02.HitRate5                   : num  0 0 0 0 1 0 0 0 0 0 ...
 $ EOF                              : int  1 1 1 1 1 1 1 1 1 1 ...
[1] "2022-02-26 18:01:13 --- RxSqlServerData Finish ---"
[1] "2022-02-26 18:01:16 --- subset Start ---"
[1] "--------------------------------------------------------------------------------"
[1] "nrow(data) subset before=1663"
[1] "nrow(data) subset after =1663"
[1] "nrow(data) subset diff =0"
[1] "--------------------------------------------------------------------------------"
[1] "2022-02-26 18:01:29 --- subset Finish---"
[1] "2022-02-26 18:01:31 --- transform Start ---"
[1] "--------------------------------------------------------------------------------"
[1] "nrow(data) transform before=1663"
[1] "nrow(data) transform after=1663"
[1] "nrow(data) transform diff=0"
[1] "--------------------------------------------------------------------------------"
[1] "str(data)="
'data.frame':	1663 obs. of  44 variables:
 $ Race.RaceId                      : Factor w/ 213 levels "20160123-07-01-03-05",..: 10 2 11 4 12 6 8 9 9 13 ...
 $ Race.IsAnalyzeNormalPastAndFuture: logi  TRUE TRUE TRUE TRUE TRUE TRUE ...
 $ Race.IsAnalyzeNormalPast         : logi  TRUE TRUE TRUE TRUE TRUE TRUE ...
 $ Race.IsAnalyzeNormalFuture       : logi  FALSE FALSE FALSE FALSE FALSE FALSE ...
 $ Race.IsAnalyzeFullPastAndFuture  : logi  TRUE TRUE TRUE TRUE TRUE TRUE ...
 $ Race.IsAnalyzeFullPast           : logi  TRUE TRUE TRUE TRUE TRUE TRUE ...
 $ Race.IsAnalyzeFullFuture         : logi  FALSE FALSE FALSE FALSE FALSE FALSE ...
 $ Race.JyokenCd                    : Factor w/ 1 level "1": 1 1 1 1 1 1 1 1 1 1 ...
 $ Race.JyoType1Cd                  : Factor w/ 53 levels "3-07-3330-1-2",..: 10 2 10 4 11 6 8 9 9 12 ...
 $ Race.RaceType1Cd                 : Factor w/ 5 levels "3-1-X-3","3-1-G-3",..: 3 1 1 1 3 1 1 1 1 1 ...
 $ RaceHorse.RaceId                 : Factor w/ 213 levels "20160123-07-01-03-05",..: 10 2 11 4 12 6 8 9 9 13 ...
 $ RaceHorse.KettoNum               : Factor w/ 379 levels "2011102100","2012103134",..: 10 11 12 13 14 15 5 16 17 18 ...
 $ RaceHorse.IsHit1                 : num  0 1 0 0 0 0 0 0 0 0 ...
 $ RaceHorse.IsHit2                 : num  0 0 0 0 0 0 1 0 0 0 ...
 $ RaceHorse.IsHit3                 : num  0 0 0 0 0 0 0 0 0 0 ...
 $ RaceHorse.IsHit4                 : num  0 0 0 0 0 0 0 0 0 0 ...
 $ RaceHorse.IsHit5                 : num  0 0 0 0 0 0 0 0 0 0 ...
 $ RaceHorse.IsHit6                 : num  0 0 1 1 1 1 0 1 1 1 ...
 $ RaceHorse.IsValidRaceHorse       : logi  FALSE TRUE TRUE TRUE TRUE TRUE ...
 $ RaceHorse.TimeSdvByRace          : num  NA 1.20827 -0.35438 -0.00351 -2.05923 ...
 $ RaceHorse.TimeSdv                : num  NA 0.71312 0.59797 -0.00351 -1.86269 ...
 $ RaceHorse.IsHitA                 : num  0 1 0 0 0 0 0 0 0 0 ...
 $ RaceHorse.IsHitB                 : num  0 1 0 0 0 0 1 0 0 0 ...
 $ RaceHorse.IsHitC                 : num  0 1 0 0 0 0 1 0 0 0 ...
 $ Gen02.HansyokuNum                : Factor w/ 123 levels "11201853","11201700",..: 8 9 10 1 10 11 5 3 12 13 ...
 $ Gen02.TimeSdvByRaceAvg           : num  0.4074 -0.1095 0.0123 -1.0955 0.6701 ...
 $ Gen02.TimeSdvByRaceMin           : num  0.4074 -0.1736 0.0123 -2.7069 0.6701 ...
 $ Gen02.TimeSdvByRaceMax           : num  0.4074 -0.0495 0.0123 0.3224 0.6701 ...
 $ Gen02.TimeSdvAvg                 : num  0.0251 0.5389 0.1983 -0.3222 -0.2146 ...
 $ Gen02.TimeSdvMin                 : num  0.0251 -0.1053 0.1983 -2.1068 -0.2146 ...
 $ Gen02.TimeSdvMax                 : num  0.0251 0.897 0.1983 1.2633 -0.2146 ...
 $ Gen02.OrderOfFinishSdvAvg        : num  0.165 0.238 -0.949 -0.785 0.435 ...
 $ Gen02.RunCount                   : num  1 3 1 5 1 2 3 3 1 2 ...
 $ Gen02.HitCount1                  : num  0 0 0 0 0 0 2 1 0 0 ...
 $ Gen02.HitCount2                  : num  0 0 0 0 0 0 0 0 0 0 ...
 $ Gen02.HitCount3                  : num  0 0 0 0 0 0 1 0 0 0 ...
 $ Gen02.HitCount4                  : num  0 1 0 1 0 0 0 0 0 1 ...
 $ Gen02.HitCount5                  : num  0 0 0 0 1 0 0 0 0 0 ...
 $ Gen02.HitRate1                   : num  0 0 0 0 0 ...
 $ Gen02.HitRate2                   : num  0 0 0 0 0 0 0 0 0 0 ...
 $ Gen02.HitRate3                   : num  0 0 0 0 0 ...
 $ Gen02.HitRate4                   : num  0 0.333 0 0.2 0 ...
 $ Gen02.HitRate5                   : num  0 0 0 0 1 0 0 0 0 0 ...
 $ EOF                              : int  1 1 1 1 1 1 1 1 1 1 ...
NULL
[1] "2022-02-26 18:02:37 --- transform Finish ---"
[1] "2022-02-26 18:02:38 --- na.omit Start ---"
[1] "--------------------------------------------------------------------------------"
[1] "nrow(data) na.omit before=1663"
[1] "nrow(data) na.omit after =1584"
[1] "nrow(data) na.omit diff =79"
[1] "--------------------------------------------------------------------------------"
'data.frame':	1584 obs. of  44 variables:
 $ Race.RaceId                      : Factor w/ 213 levels "20160123-07-01-03-05",..: 2 11 4 12 6 8 9 9 13 14 ...
 $ Race.IsAnalyzeNormalPastAndFuture: logi  TRUE TRUE TRUE TRUE TRUE TRUE ...
 $ Race.IsAnalyzeNormalPast         : logi  TRUE TRUE TRUE TRUE TRUE TRUE ...
 $ Race.IsAnalyzeNormalFuture       : logi  FALSE FALSE FALSE FALSE FALSE FALSE ...
 $ Race.IsAnalyzeFullPastAndFuture  : logi  TRUE TRUE TRUE TRUE TRUE TRUE ...
 $ Race.IsAnalyzeFullPast           : logi  TRUE TRUE TRUE TRUE TRUE TRUE ...
 $ Race.IsAnalyzeFullFuture         : logi  FALSE FALSE FALSE FALSE FALSE FALSE ...
 $ Race.JyokenCd                    : Factor w/ 1 level "1": 1 1 1 1 1 1 1 1 1 1 ...
 $ Race.JyoType1Cd                  : Factor w/ 53 levels "3-07-3330-1-2",..: 2 10 4 11 6 8 9 9 12 13 ...
 $ Race.RaceType1Cd                 : Factor w/ 5 levels "3-1-X-3","3-1-G-3",..: 1 1 1 3 1 1 1 1 1 1 ...
 $ RaceHorse.RaceId                 : Factor w/ 213 levels "20160123-07-01-03-05",..: 2 11 4 12 6 8 9 9 13 14 ...
 $ RaceHorse.KettoNum               : Factor w/ 379 levels "2011102100","2012103134",..: 11 12 13 14 15 5 16 17 18 19 ...
 $ RaceHorse.IsHit1                 : num  1 0 0 0 0 0 0 0 0 0 ...
 $ RaceHorse.IsHit2                 : num  0 0 0 0 0 1 0 0 0 0 ...
 $ RaceHorse.IsHit3                 : num  0 0 0 0 0 0 0 0 0 0 ...
 $ RaceHorse.IsHit4                 : num  0 0 0 0 0 0 0 0 0 0 ...
 $ RaceHorse.IsHit5                 : num  0 0 0 0 0 0 0 0 0 0 ...
 $ RaceHorse.IsHit6                 : num  0 1 1 1 1 0 1 1 1 1 ...
 $ RaceHorse.IsValidRaceHorse       : logi  TRUE TRUE TRUE TRUE TRUE TRUE ...
 $ RaceHorse.TimeSdvByRace          : num  1.20827 -0.35438 -0.00351 -2.05923 -0.7696 ...
 $ RaceHorse.TimeSdv                : num  0.71312 0.59797 -0.00351 -1.86269 -0.59167 ...
 $ RaceHorse.IsHitA                 : num  1 0 0 0 0 0 0 0 0 0 ...
 $ RaceHorse.IsHitB                 : num  1 0 0 0 0 1 0 0 0 0 ...
 $ RaceHorse.IsHitC                 : num  1 0 0 0 0 1 0 0 0 0 ...
 $ Gen02.HansyokuNum                : Factor w/ 123 levels "11201853","11201700",..: 9 10 1 10 11 5 3 12 13 14 ...
 $ Gen02.TimeSdvByRaceAvg           : num  -0.1095 0.0123 -1.0955 0.6701 -1.8663 ...
 $ Gen02.TimeSdvByRaceMin           : num  -0.1736 0.0123 -2.7069 0.6701 -1.9359 ...
 $ Gen02.TimeSdvByRaceMax           : num  -0.0495 0.0123 0.3224 0.6701 -1.7967 ...
 $ Gen02.TimeSdvAvg                 : num  0.539 0.198 -0.322 -0.215 -0.83 ...
 $ Gen02.TimeSdvMin                 : num  -0.105 0.198 -2.107 -0.215 -1.234 ...
 $ Gen02.TimeSdvMax                 : num  0.897 0.198 1.263 -0.215 -0.426 ...
 $ Gen02.OrderOfFinishSdvAvg        : num  0.238 -0.949 -0.785 0.435 -1.908 ...
 $ Gen02.RunCount                   : num  3 1 5 1 2 3 3 1 2 1 ...
 $ Gen02.HitCount1                  : num  0 0 0 0 0 2 1 0 0 0 ...
 $ Gen02.HitCount2                  : num  0 0 0 0 0 0 0 0 0 0 ...
 $ Gen02.HitCount3                  : num  0 0 0 0 0 1 0 0 0 1 ...
 $ Gen02.HitCount4                  : num  1 0 1 0 0 0 0 0 1 0 ...
 $ Gen02.HitCount5                  : num  0 0 0 1 0 0 0 0 0 0 ...
 $ Gen02.HitRate1                   : num  0 0 0 0 0 ...
 $ Gen02.HitRate2                   : num  0 0 0 0 0 0 0 0 0 0 ...
 $ Gen02.HitRate3                   : num  0 0 0 0 0 ...
 $ Gen02.HitRate4                   : num  0.333 0 0.2 0 0 ...
 $ Gen02.HitRate5                   : num  0 0 0 1 0 0 0 0 0 0 ...
 $ EOF                              : int  1 1 1 1 1 1 1 1 1 1 ...
 - attr(*, "na.action")= 'omit' Named int  1 33 80 89 94 159 180 205 225 285 ...
  ..- attr(*, "names")= chr  "1" "33" "80" "89" ...
[1] "2022-02-26 18:03:13 --- na.omit Finish ---"
[1] "2022-02-26 18:03:13 --- rxGlm with rxStepControl Start ---"

> print(paste0(Sys.time(), " --- source_logic_glm.R Start ---"))
[1] "2022-02-26 18:03:15 --- source_logic_glm.R Start ---"

> formula <- formula(RaceHorse.IsHitA ~ +1 + Gen02.TimeSdvByRaceAvg)

> print(paste0(Sys.time(), " --- source_logic_glm.R Finished ---"))
[1] "2022-02-26 18:03:17 --- source_logic_glm.R Finished ---"
Rows Read: 1584, Total Rows Processed: 1584, Total Chunk Time: Less than .001 seconds 

Starting values (iteration 1) time: 0.007 secs.
Rows Read: 1584, Total Rows Processed: 1584, Total Chunk Time: 0.002 seconds 

Iteration 2 time: 0.005 secs.
Rows Read: 1584, Total Rows Processed: 1584, Total Chunk Time: 0.001 seconds 

Iteration 3 time: 0.006 secs.
Rows Read: 1584, Total Rows Processed: 1584, Total Chunk Time: Less than .001 seconds 

Iteration 4 time: 0.006 secs.
Rows Read: 1584, Total Rows Processed: 1584, Total Chunk Time: 0.002 seconds 

Iteration 5 time: 0.005 secs.
Rows Read: 1584, Total Rows Processed: 1584, Total Chunk Time: Less than .001 seconds 

Iteration 6 time: 0.005 secs.

Elapsed computation time: 0.220 secs.
Rows Read: 1584, Total Rows Processed: 1584, Total Chunk Time: 0.001 seconds 

Starting values (iteration 1) time: 0.004 secs.
Rows Read: 1584, Total Rows Processed: 1584, Total Chunk Time: 0.001 seconds 

Iteration 2 time: 0.006 secs.

Elapsed computation time: 0.024 secs.
Rows Read: 1584, Total Rows Processed: 1584, Total Chunk Time: Less than .001 seconds 

Starting values (iteration 1) time: 0.005 secs.
Rows Read: 1584, Total Rows Processed: 1584, Total Chunk Time: 0.001 seconds 

Iteration 2 time: 0.005 secs.
Rows Read: 1584, Total Rows Processed: 1584, Total Chunk Time: 0.001 seconds 

Iteration 3 time: 0.006 secs.
Rows Read: 1584, Total Rows Processed: 1584, Total Chunk Time: Less than .001 seconds 

Iteration 4 time: 0.004 secs.
Rows Read: 1584, Total Rows Processed: 1584, Total Chunk Time: 0.001 seconds 

Iteration 5 time: 0.005 secs.
Rows Read: 1584, Total Rows Processed: 1584, Total Chunk Time: 0.002 seconds 

Iteration 6 time: 0.004 secs.

Elapsed computation time: 0.070 secs.

Elapsed computation time: 0.333 secs.
[1] "--------------------------------------------------------------------------------"
[1] "analyze.results.glm.step="
Logistic Regression Results for: RaceHorse.IsHitA ~
    Gen02.TimeSdvByRaceAvg
Data: data
Dependent variable(s): RaceHorse.IsHitA
Total independent variables: 2 
Number of valid observations: 1584
Number of missing observations: 0 
 
Coefficients:
                       RaceHorse.IsHitA
(Intercept)                          -3
Gen02.TimeSdvByRaceAvg                1
[1] "analyze.results.glm.step.summary"
Call:
rxLogit(formula = formula, data = data, variableSelection = analyze.results.glm.step.varsel)

Logistic Regression Results for: RaceHorse.IsHitA ~
    Gen02.TimeSdvByRaceAvg
Data: data
Dependent variable(s): RaceHorse.IsHitA
Total independent variables: 2 
Number of valid observations: 1584
Number of missing observations: 0 
-2*LogLikelihood: 926.163 (Residual deviance on 1582 degrees of freedom)
 
Coefficients:
                       Estimate Std. Error z value Pr(>|z|)    
(Intercept)               -2.77       0.13  -21.39  2.2e-16 ***
Gen02.TimeSdvByRaceAvg     1.45       0.17    8.53  2.2e-16 ***
---
Signif. codes:  0 '***' 0.001 '**' 0.01 '*' 0.05 '.' 0.1 ' ' 1

Condition number of final variance-covariance matrix: 1 
Number of iterations: 6
[1] "--------------------------------------------------------------------------------"
[1] "2022-02-26 18:03:23 --- rxGlm with rxStepControl Finish ---"
[1] "2022-02-26 18:03:23 --- rxStepPlot Start ---"
[1] "pdfFilename=pdf_analyze_glm_Gen02_Type31_rxStepPlot.pdf"
[1] "rxStepPlot="
[1] "2022-02-26 18:03:24 --- rxStepPlot Finish ---"
[1] "2022-02-26 18:03:25 --- save.image Start ---"
[1] "save.image"
[1] "rdataFilename=RData_analyze_glm_Gen02_Type31.RData"
[1] "2022-02-26 18:03:26 --- save.image Finish ---"
[1] "2022-02-26 18:03:26 --- final Start ---"
[1] "--------------------------------------------------------------------------------"
[1] "nrow(data) final=1584"
[1] "--------------------------------------------------------------------------------"
[1] "2022-02-26 18:03:26 --- final Finish ---"
[1] "2022-02-26 18:03:26 --- analyze_glm.R Finished ---"
[1] "2022-02-26 18:03:26 --- log Finish ---"
