[1] "2022-02-26 17:57:00 --- D1115_analyze_glm_Gen01_IsHitA_Type22 Start ---"
[1] "2022-02-26 17:57:00 --- Log Start ---"
[1] "2022-02-26 17:57:00 --- analyze_glm.R Start ---"
[1] "analyzeVersion=D1115"
[1] "analyzeCategory=analyze"
[1] "analyzeType=Gen01"
[1] "analyzeFamily=IsHitA"
[1] "analyzeFunc=glm"
[1] "analyzeTrackTypeCd=2"
[1] "analyzeJyokenCd=2"
[1] "2022-02-26 17:57:00 --- source_function.R Start ---"
[1] "2022-02-26 17:57:00 --- source_function.R Finished ---"

> print(paste0(Sys.time(), " --- source_library.R Start ---"))
[1] "2022-02-26 17:57:00 --- source_library.R Start ---"

> require("RevoScaleR")

> print(paste0(Sys.time(), " --- source_library.R Finished ---"))
[1] "2022-02-26 17:57:01 --- source_library.R Finished ---"
[1] "2022-02-26 17:57:01 --- RxSqlServerData Start ---"
[1] "2022-02-26 17:57:01 --- RxInSqlServer Start ---"
[1] "2022-02-26 17:57:01 --- RxInSqlServer Finish ---"
[1] "2022-02-26 17:57:01 --- rxSetComputeContext Start ---"
[1] "2022-02-26 17:57:01 --- rxSetComputeContext Finish ---"
[1] "2022-02-26 17:57:02 --- RxSqlServerData Start ---"
[1] "sqlQuery=SELECT * FROM ViewAnalyzeD1115analyze01Gen01Type22"
[1] "2022-02-26 17:57:02 --- RxSqlServerData Finish ---"
[1] "2022-02-26 17:57:02 --- rxGetVarInfo Start ---"
[1] "2022-02-26 17:57:02 --- rxGetVarInfo Finish---"
[1] "2022-02-26 17:57:02 --- rxImport Start ---"
Rows Read: 5568, Total Rows Processed: 5568, Total Chunk Time: 82.998 seconds 
[1] "2022-02-26 17:59:22 --- rxImport Finish ---"
[1] "object.size(data) auto=1.7 Mb"
[1] "--------------------------------------------------------------------------------"
[1] "nrow(data) RxSqlServerData=5568"
[1] "--------------------------------------------------------------------------------"
[1] "str(data)="
'data.frame':	5568 obs. of  44 variables:
 $ Race.RaceId                      : Factor w/ 399 levels "20180422-05-02-02-10",..: 11 12 9 10 13 1 2 3 4 14 ...
 $ Race.IsAnalyzeNormalPastAndFuture: logi  TRUE TRUE TRUE TRUE TRUE TRUE ...
 $ Race.IsAnalyzeNormalPast         : logi  TRUE TRUE TRUE TRUE TRUE TRUE ...
 $ Race.IsAnalyzeNormalFuture       : logi  FALSE FALSE FALSE FALSE FALSE FALSE ...
 $ Race.IsAnalyzeFullPastAndFuture  : logi  TRUE TRUE TRUE TRUE TRUE TRUE ...
 $ Race.IsAnalyzeFullPast           : logi  TRUE TRUE TRUE TRUE TRUE TRUE ...
 $ Race.IsAnalyzeFullFuture         : logi  FALSE FALSE FALSE FALSE FALSE FALSE ...
 $ Race.JyokenCd                    : Factor w/ 1 level "2": 1 1 1 1 1 1 1 1 1 1 ...
 $ Race.JyoType1Cd                  : Factor w/ 71 levels "2-05-1400-2-1",..: 8 9 7 6 10 1 2 3 4 11 ...
 $ Race.RaceType1Cd                 : Factor w/ 2 levels "2-2-E-1","2-2-E-2": 2 2 1 2 1 1 1 2 2 2 ...
 $ RaceHorse.RaceId                 : Factor w/ 399 levels "20180422-05-02-02-10",..: 11 12 9 10 13 1 2 3 4 14 ...
 $ RaceHorse.KettoNum               : Factor w/ 1156 levels "2013102858","2013101616",..: 4 4 1 3 2 1 2 3 4 3 ...
 $ RaceHorse.IsHit1                 : num  0 0 0 1 0 0 0 0 0 0 ...
 $ RaceHorse.IsHit2                 : num  0 0 0 0 0 0 0 0 0 0 ...
 $ RaceHorse.IsHit3                 : num  0 0 0 0 1 0 1 0 0 0 ...
 $ RaceHorse.IsHit4                 : num  0 0 0 0 0 0 0 0 0 1 ...
 $ RaceHorse.IsHit5                 : num  1 0 0 0 0 0 0 0 0 0 ...
 $ RaceHorse.IsHit6                 : num  0 1 1 0 0 1 0 1 1 0 ...
 $ RaceHorse.IsValidRaceHorse       : logi  TRUE TRUE TRUE TRUE TRUE TRUE ...
 $ RaceHorse.TimeSdvByRace          : num  0.6639 -0.0726 -0.0443 1.2337 0.8341 ...
 $ RaceHorse.TimeSdv                : num  -0.195 -1.051 -0.27 1.658 0.122 ...
 $ RaceHorse.IsHitA                 : num  0 0 0 1 0 0 0 0 0 0 ...
 $ RaceHorse.IsHitB                 : num  0 0 0 1 0 0 0 0 0 0 ...
 $ RaceHorse.IsHitC                 : num  0 0 0 1 1 0 1 0 0 0 ...
 $ Gen01.HansyokuNum                : Factor w/ 210 levels "11201953","11201954",..: 1 1 1 1 1 1 1 1 1 1 ...
 $ Gen01.TimeSdvByRaceAvg           : num  0.265 0.332 -0.247 0.107 -0.324 ...
 $ Gen01.TimeSdvByRaceMin           : num  -0.636 -0.636 -1.1 -0.636 -0.942 ...
 $ Gen01.TimeSdvByRaceMax           : num  1.234 1.234 0.843 0.598 0.843 ...
 $ Gen01.TimeSdvAvg                 : num  0.333 0.61 -0.377 0.348 -0.47 ...
 $ Gen01.TimeSdvMin                 : num  -1.051 -0.479 -1.207 -0.479 -1.207 ...
 $ Gen01.TimeSdvMax                 : num  1.658 1.658 0.122 0.763 0.178 ...
 $ Gen01.OrderOfFinishSdvAvg        : num  0.297 0.458 -0.316 0.182 -0.516 ...
 $ Gen01.RunCount                   : num  6 5 9 4 6 5 5 8 1 9 ...
 $ Gen01.HitCount1                  : num  1 1 0 0 0 0 0 1 0 1 ...
 $ Gen01.HitCount2                  : num  0 0 0 0 0 0 0 0 0 0 ...
 $ Gen01.HitCount3                  : num  0 0 2 0 1 1 0 0 0 0 ...
 $ Gen01.HitCount4                  : num  0 0 0 0 0 0 0 0 0 1 ...
 $ Gen01.HitCount5                  : num  0 0 0 0 0 0 0 1 0 1 ...
 $ Gen01.HitRate1                   : num  0.167 0.2 0 0 0 ...
 $ Gen01.HitRate2                   : num  0 0 0 0 0 0 0 0 0 0 ...
 $ Gen01.HitRate3                   : num  0 0 0.222 0 0.167 ...
 $ Gen01.HitRate4                   : num  0 0 0 0 0 ...
 $ Gen01.HitRate5                   : num  0 0 0 0 0 ...
 $ EOF                              : int  1 1 1 1 1 1 1 1 1 1 ...
[1] "2022-02-26 18:00:05 --- RxSqlServerData Finish ---"
[1] "2022-02-26 18:00:07 --- subset Start ---"
[1] "--------------------------------------------------------------------------------"
[1] "nrow(data) subset before=5568"
[1] "nrow(data) subset after =5568"
[1] "nrow(data) subset diff =0"
[1] "--------------------------------------------------------------------------------"
[1] "2022-02-26 18:00:12 --- subset Finish---"
[1] "2022-02-26 18:00:12 --- transform Start ---"
[1] "--------------------------------------------------------------------------------"
[1] "nrow(data) transform before=5568"
[1] "nrow(data) transform after=5568"
[1] "nrow(data) transform diff=0"
[1] "--------------------------------------------------------------------------------"
[1] "str(data)="
'data.frame':	5568 obs. of  44 variables:
 $ Race.RaceId                      : Factor w/ 399 levels "20180422-05-02-02-10",..: 11 12 9 10 13 1 2 3 4 14 ...
 $ Race.IsAnalyzeNormalPastAndFuture: logi  TRUE TRUE TRUE TRUE TRUE TRUE ...
 $ Race.IsAnalyzeNormalPast         : logi  TRUE TRUE TRUE TRUE TRUE TRUE ...
 $ Race.IsAnalyzeNormalFuture       : logi  FALSE FALSE FALSE FALSE FALSE FALSE ...
 $ Race.IsAnalyzeFullPastAndFuture  : logi  TRUE TRUE TRUE TRUE TRUE TRUE ...
 $ Race.IsAnalyzeFullPast           : logi  TRUE TRUE TRUE TRUE TRUE TRUE ...
 $ Race.IsAnalyzeFullFuture         : logi  FALSE FALSE FALSE FALSE FALSE FALSE ...
 $ Race.JyokenCd                    : Factor w/ 1 level "2": 1 1 1 1 1 1 1 1 1 1 ...
 $ Race.JyoType1Cd                  : Factor w/ 71 levels "2-05-1400-2-1",..: 8 9 7 6 10 1 2 3 4 11 ...
 $ Race.RaceType1Cd                 : Factor w/ 2 levels "2-2-E-1","2-2-E-2": 2 2 1 2 1 1 1 2 2 2 ...
 $ RaceHorse.RaceId                 : Factor w/ 399 levels "20180422-05-02-02-10",..: 11 12 9 10 13 1 2 3 4 14 ...
 $ RaceHorse.KettoNum               : Factor w/ 1156 levels "2013102858","2013101616",..: 4 4 1 3 2 1 2 3 4 3 ...
 $ RaceHorse.IsHit1                 : num  0 0 0 1 0 0 0 0 0 0 ...
 $ RaceHorse.IsHit2                 : num  0 0 0 0 0 0 0 0 0 0 ...
 $ RaceHorse.IsHit3                 : num  0 0 0 0 1 0 1 0 0 0 ...
 $ RaceHorse.IsHit4                 : num  0 0 0 0 0 0 0 0 0 1 ...
 $ RaceHorse.IsHit5                 : num  1 0 0 0 0 0 0 0 0 0 ...
 $ RaceHorse.IsHit6                 : num  0 1 1 0 0 1 0 1 1 0 ...
 $ RaceHorse.IsValidRaceHorse       : logi  TRUE TRUE TRUE TRUE TRUE TRUE ...
 $ RaceHorse.TimeSdvByRace          : num  0.6639 -0.0726 -0.0443 1.2337 0.8341 ...
 $ RaceHorse.TimeSdv                : num  -0.195 -1.051 -0.27 1.658 0.122 ...
 $ RaceHorse.IsHitA                 : num  0 0 0 1 0 0 0 0 0 0 ...
 $ RaceHorse.IsHitB                 : num  0 0 0 1 0 0 0 0 0 0 ...
 $ RaceHorse.IsHitC                 : num  0 0 0 1 1 0 1 0 0 0 ...
 $ Gen01.HansyokuNum                : Factor w/ 210 levels "11201953","11201954",..: 1 1 1 1 1 1 1 1 1 1 ...
 $ Gen01.TimeSdvByRaceAvg           : num  0.265 0.332 -0.247 0.107 -0.324 ...
 $ Gen01.TimeSdvByRaceMin           : num  -0.636 -0.636 -1.1 -0.636 -0.942 ...
 $ Gen01.TimeSdvByRaceMax           : num  1.234 1.234 0.843 0.598 0.843 ...
 $ Gen01.TimeSdvAvg                 : num  0.333 0.61 -0.377 0.348 -0.47 ...
 $ Gen01.TimeSdvMin                 : num  -1.051 -0.479 -1.207 -0.479 -1.207 ...
 $ Gen01.TimeSdvMax                 : num  1.658 1.658 0.122 0.763 0.178 ...
 $ Gen01.OrderOfFinishSdvAvg        : num  0.297 0.458 -0.316 0.182 -0.516 ...
 $ Gen01.RunCount                   : num  6 5 9 4 6 5 5 8 1 9 ...
 $ Gen01.HitCount1                  : num  1 1 0 0 0 0 0 1 0 1 ...
 $ Gen01.HitCount2                  : num  0 0 0 0 0 0 0 0 0 0 ...
 $ Gen01.HitCount3                  : num  0 0 2 0 1 1 0 0 0 0 ...
 $ Gen01.HitCount4                  : num  0 0 0 0 0 0 0 0 0 1 ...
 $ Gen01.HitCount5                  : num  0 0 0 0 0 0 0 1 0 1 ...
 $ Gen01.HitRate1                   : num  0.167 0.2 0 0 0 ...
 $ Gen01.HitRate2                   : num  0 0 0 0 0 0 0 0 0 0 ...
 $ Gen01.HitRate3                   : num  0 0 0.222 0 0.167 ...
 $ Gen01.HitRate4                   : num  0 0 0 0 0 ...
 $ Gen01.HitRate5                   : num  0 0 0 0 0 ...
 $ EOF                              : int  1 1 1 1 1 1 1 1 1 1 ...
NULL
[1] "2022-02-26 18:01:12 --- transform Finish ---"
[1] "2022-02-26 18:01:12 --- na.omit Start ---"
[1] "--------------------------------------------------------------------------------"
[1] "nrow(data) na.omit before=5568"
[1] "nrow(data) na.omit after =5531"
[1] "nrow(data) na.omit diff =37"
[1] "--------------------------------------------------------------------------------"
'data.frame':	5531 obs. of  44 variables:
 $ Race.RaceId                      : Factor w/ 399 levels "20180422-05-02-02-10",..: 11 12 9 10 13 1 2 3 4 14 ...
 $ Race.IsAnalyzeNormalPastAndFuture: logi  TRUE TRUE TRUE TRUE TRUE TRUE ...
 $ Race.IsAnalyzeNormalPast         : logi  TRUE TRUE TRUE TRUE TRUE TRUE ...
 $ Race.IsAnalyzeNormalFuture       : logi  FALSE FALSE FALSE FALSE FALSE FALSE ...
 $ Race.IsAnalyzeFullPastAndFuture  : logi  TRUE TRUE TRUE TRUE TRUE TRUE ...
 $ Race.IsAnalyzeFullPast           : logi  TRUE TRUE TRUE TRUE TRUE TRUE ...
 $ Race.IsAnalyzeFullFuture         : logi  FALSE FALSE FALSE FALSE FALSE FALSE ...
 $ Race.JyokenCd                    : Factor w/ 1 level "2": 1 1 1 1 1 1 1 1 1 1 ...
 $ Race.JyoType1Cd                  : Factor w/ 71 levels "2-05-1400-2-1",..: 8 9 7 6 10 1 2 3 4 11 ...
 $ Race.RaceType1Cd                 : Factor w/ 2 levels "2-2-E-1","2-2-E-2": 2 2 1 2 1 1 1 2 2 2 ...
 $ RaceHorse.RaceId                 : Factor w/ 399 levels "20180422-05-02-02-10",..: 11 12 9 10 13 1 2 3 4 14 ...
 $ RaceHorse.KettoNum               : Factor w/ 1156 levels "2013102858","2013101616",..: 4 4 1 3 2 1 2 3 4 3 ...
 $ RaceHorse.IsHit1                 : num  0 0 0 1 0 0 0 0 0 0 ...
 $ RaceHorse.IsHit2                 : num  0 0 0 0 0 0 0 0 0 0 ...
 $ RaceHorse.IsHit3                 : num  0 0 0 0 1 0 1 0 0 0 ...
 $ RaceHorse.IsHit4                 : num  0 0 0 0 0 0 0 0 0 1 ...
 $ RaceHorse.IsHit5                 : num  1 0 0 0 0 0 0 0 0 0 ...
 $ RaceHorse.IsHit6                 : num  0 1 1 0 0 1 0 1 1 0 ...
 $ RaceHorse.IsValidRaceHorse       : logi  TRUE TRUE TRUE TRUE TRUE TRUE ...
 $ RaceHorse.TimeSdvByRace          : num  0.6639 -0.0726 -0.0443 1.2337 0.8341 ...
 $ RaceHorse.TimeSdv                : num  -0.195 -1.051 -0.27 1.658 0.122 ...
 $ RaceHorse.IsHitA                 : num  0 0 0 1 0 0 0 0 0 0 ...
 $ RaceHorse.IsHitB                 : num  0 0 0 1 0 0 0 0 0 0 ...
 $ RaceHorse.IsHitC                 : num  0 0 0 1 1 0 1 0 0 0 ...
 $ Gen01.HansyokuNum                : Factor w/ 210 levels "11201953","11201954",..: 1 1 1 1 1 1 1 1 1 1 ...
 $ Gen01.TimeSdvByRaceAvg           : num  0.265 0.332 -0.247 0.107 -0.324 ...
 $ Gen01.TimeSdvByRaceMin           : num  -0.636 -0.636 -1.1 -0.636 -0.942 ...
 $ Gen01.TimeSdvByRaceMax           : num  1.234 1.234 0.843 0.598 0.843 ...
 $ Gen01.TimeSdvAvg                 : num  0.333 0.61 -0.377 0.348 -0.47 ...
 $ Gen01.TimeSdvMin                 : num  -1.051 -0.479 -1.207 -0.479 -1.207 ...
 $ Gen01.TimeSdvMax                 : num  1.658 1.658 0.122 0.763 0.178 ...
 $ Gen01.OrderOfFinishSdvAvg        : num  0.297 0.458 -0.316 0.182 -0.516 ...
 $ Gen01.RunCount                   : num  6 5 9 4 6 5 5 8 1 9 ...
 $ Gen01.HitCount1                  : num  1 1 0 0 0 0 0 1 0 1 ...
 $ Gen01.HitCount2                  : num  0 0 0 0 0 0 0 0 0 0 ...
 $ Gen01.HitCount3                  : num  0 0 2 0 1 1 0 0 0 0 ...
 $ Gen01.HitCount4                  : num  0 0 0 0 0 0 0 0 0 1 ...
 $ Gen01.HitCount5                  : num  0 0 0 0 0 0 0 1 0 1 ...
 $ Gen01.HitRate1                   : num  0.167 0.2 0 0 0 ...
 $ Gen01.HitRate2                   : num  0 0 0 0 0 0 0 0 0 0 ...
 $ Gen01.HitRate3                   : num  0 0 0.222 0 0.167 ...
 $ Gen01.HitRate4                   : num  0 0 0 0 0 ...
 $ Gen01.HitRate5                   : num  0 0 0 0 0 ...
 $ EOF                              : int  1 1 1 1 1 1 1 1 1 1 ...
 - attr(*, "na.action")= 'omit' Named int  11 41 53 145 197 256 348 438 494 826 ...
  ..- attr(*, "names")= chr  "11" "41" "53" "145" ...
[1] "2022-02-26 18:01:26 --- na.omit Finish ---"
[1] "2022-02-26 18:01:26 --- rxGlm with rxStepControl Start ---"

> print(paste0(Sys.time(), " --- source_logic_glm.R Start ---"))
[1] "2022-02-26 18:01:27 --- source_logic_glm.R Start ---"

> formula <- formula(RaceHorse.IsHitA ~ +1 + Gen01.TimeSdvByRaceAvg)

> print(paste0(Sys.time(), " --- source_logic_glm.R Finished ---"))
[1] "2022-02-26 18:01:28 --- source_logic_glm.R Finished ---"
Rows Read: 5531, Total Rows Processed: 5531, Total Chunk Time: Less than .001 seconds 

Starting values (iteration 1) time: 0.009 secs.
Rows Read: 5531, Total Rows Processed: 5531, Total Chunk Time: 0.002 seconds 

Iteration 2 time: 0.006 secs.
Rows Read: 5531, Total Rows Processed: 5531, Total Chunk Time: 0.002 seconds 

Iteration 3 time: 0.006 secs.
Rows Read: 5531, Total Rows Processed: 5531, Total Chunk Time: 0.002 seconds 

Iteration 4 time: 0.004 secs.

Elapsed computation time: 0.049 secs.
Rows Read: 5531, Total Rows Processed: 5531, Total Chunk Time: Less than .001 seconds 

Starting values (iteration 1) time: 0.005 secs.
Rows Read: 5531, Total Rows Processed: 5531, Total Chunk Time: 0.002 seconds 

Iteration 2 time: 0.009 secs.

Elapsed computation time: 0.047 secs.
Rows Read: 5531, Total Rows Processed: 5531, Total Chunk Time: Less than .001 seconds 

Starting values (iteration 1) time: 0.005 secs.
Rows Read: 5531, Total Rows Processed: 5531, Total Chunk Time: Less than .001 seconds 

Iteration 2 time: 0.005 secs.
Rows Read: 5531, Total Rows Processed: 5531, Total Chunk Time: Less than .001 seconds 

Iteration 3 time: 0.005 secs.
Rows Read: 5531, Total Rows Processed: 5531, Total Chunk Time: Less than .001 seconds 

Iteration 4 time: 0.007 secs.

Elapsed computation time: 0.054 secs.

Elapsed computation time: 0.167 secs.
[1] "--------------------------------------------------------------------------------"
[1] "analyze.results.glm.step="
Logistic Regression Results for: RaceHorse.IsHitA ~
    Gen01.TimeSdvByRaceAvg
Data: data
Dependent variable(s): RaceHorse.IsHitA
Total independent variables: 2 
Number of valid observations: 5531
Number of missing observations: 0 
 
Coefficients:
                       RaceHorse.IsHitA
(Intercept)                        -2.7
Gen01.TimeSdvByRaceAvg              0.8
[1] "analyze.results.glm.step.summary"
Call:
rxLogit(formula = formula, data = data, variableSelection = analyze.results.glm.step.varsel)

Logistic Regression Results for: RaceHorse.IsHitA ~
    Gen01.TimeSdvByRaceAvg
Data: data
Dependent variable(s): RaceHorse.IsHitA
Total independent variables: 2 
Number of valid observations: 5531
Number of missing observations: 0 
-2*LogLikelihood: 2740.393 (Residual deviance on 5529 degrees of freedom)
 
Coefficients:
                       Estimate Std. Error z value Pr(>|z|)    
(Intercept)             -2.7013     0.0581  -46.47  2.2e-16 ***
Gen01.TimeSdvByRaceAvg   0.8255     0.1328    6.22  5.1e-10 ***
---
Signif. codes:  0 '***' 0.001 '**' 0.01 '*' 0.05 '.' 0.1 ' ' 1

Condition number of final variance-covariance matrix: 1 
Number of iterations: 4
[1] "--------------------------------------------------------------------------------"
[1] "2022-02-26 18:01:33 --- rxGlm with rxStepControl Finish ---"
[1] "2022-02-26 18:01:33 --- rxStepPlot Start ---"
[1] "pdfFilename=pdf_analyze_glm_Gen01_Type22_rxStepPlot.pdf"
[1] "rxStepPlot="
[1] "2022-02-26 18:01:34 --- rxStepPlot Finish ---"
[1] "2022-02-26 18:01:36 --- save.image Start ---"
[1] "save.image"
[1] "rdataFilename=RData_analyze_glm_Gen01_Type22.RData"
[1] "2022-02-26 18:01:37 --- save.image Finish ---"
[1] "2022-02-26 18:01:37 --- final Start ---"
[1] "--------------------------------------------------------------------------------"
[1] "nrow(data) final=5531"
[1] "--------------------------------------------------------------------------------"
[1] "2022-02-26 18:01:37 --- final Finish ---"
[1] "2022-02-26 18:01:39 --- analyze_glm.R Finished ---"
[1] "2022-02-26 18:01:39 --- log Finish ---"
