[1] "2022-02-27 12:24:06 --- D1115_analyze_glm_Horse_IsHitA_Type13 Start ---"
[1] "2022-02-27 12:24:06 --- Log Start ---"
[1] "2022-02-27 12:24:06 --- analyze_glm.R Start ---"
[1] "analyzeVersion=D1115"
[1] "analyzeCategory=analyze"
[1] "analyzeType=Horse"
[1] "analyzeFamily=IsHitA"
[1] "analyzeFunc=glm"
[1] "analyzeTrackTypeCd=1"
[1] "analyzeJyokenCd=3"
[1] "2022-02-27 12:24:06 --- source_function.R Start ---"
[1] "2022-02-27 12:24:06 --- source_function.R Finished ---"

> print(paste0(Sys.time(), " --- source_library.R Start ---"))
[1] "2022-02-27 12:24:06 --- source_library.R Start ---"

> require("RevoScaleR")

> print(paste0(Sys.time(), " --- source_library.R Finished ---"))
[1] "2022-02-27 12:24:07 --- source_library.R Finished ---"
[1] "2022-02-27 12:24:07 --- RxSqlServerData Start ---"
[1] "2022-02-27 12:24:07 --- RxInSqlServer Start ---"
[1] "2022-02-27 12:24:07 --- RxInSqlServer Finish ---"
[1] "2022-02-27 12:24:07 --- rxSetComputeContext Start ---"
[1] "2022-02-27 12:24:07 --- rxSetComputeContext Finish ---"
[1] "2022-02-27 12:24:07 --- RxSqlServerData Start ---"
[1] "sqlQuery=SELECT * FROM ViewAnalyzeD1115analyze01HorseType13"
[1] "2022-02-27 12:24:07 --- RxSqlServerData Finish ---"
[1] "2022-02-27 12:24:07 --- rxGetVarInfo Start ---"
[1] "2022-02-27 12:24:07 --- rxGetVarInfo Finish---"
[1] "2022-02-27 12:24:07 --- rxImport Start ---"
Rows Read: 14902, Total Rows Processed: 14902, Total Chunk Time: 5.123 seconds 
[1] "2022-02-27 12:24:18 --- rxImport Finish ---"
[1] "object.size(data) auto=4.8 Mb"
[1] "--------------------------------------------------------------------------------"
[1] "nrow(data) RxSqlServerData=14902"
[1] "--------------------------------------------------------------------------------"
[1] "str(data)="
'data.frame':	14902 obs. of  44 variables:
 $ Race.RaceId                      : Factor w/ 1192 levels "20180204-08-02-04-12",..: 2 3 11 12 9 10 13 14 6 7 ...
 $ Race.IsAnalyzeNormalPastAndFuture: logi  TRUE TRUE TRUE TRUE TRUE TRUE ...
 $ Race.IsAnalyzeNormalPast         : logi  TRUE TRUE TRUE TRUE TRUE TRUE ...
 $ Race.IsAnalyzeNormalFuture       : logi  FALSE FALSE FALSE FALSE FALSE FALSE ...
 $ Race.IsAnalyzeFullPastAndFuture  : logi  TRUE TRUE TRUE TRUE TRUE TRUE ...
 $ Race.IsAnalyzeFullPast           : logi  TRUE TRUE TRUE TRUE TRUE TRUE ...
 $ Race.IsAnalyzeFullFuture         : logi  FALSE FALSE FALSE FALSE FALSE FALSE ...
 $ Race.JyokenCd                    : Factor w/ 1 level "3": 1 1 1 1 1 1 1 1 1 1 ...
 $ Race.JyoType1Cd                  : Factor w/ 154 levels "1-08-1200-3-1",..: 2 3 2 1 9 4 10 2 6 7 ...
 $ Race.RaceType1Cd                 : Factor w/ 6 levels "1-3-X-1","1-3-E-1",..: 2 2 2 1 2 2 2 2 2 2 ...
 $ RaceHorse.RaceId                 : Factor w/ 1192 levels "20180204-08-02-04-12",..: 2 3 11 12 9 10 13 14 6 7 ...
 $ RaceHorse.KettoNum               : Factor w/ 3006 levels "2014102019","2016102504",..: 1 1 1 1 1 1 1 1 1 1 ...
 $ RaceHorse.IsHit1                 : num  0 1 0 0 0 0 0 0 0 0 ...
 $ RaceHorse.IsHit2                 : num  0 0 0 0 0 0 0 0 0 0 ...
 $ RaceHorse.IsHit3                 : num  1 0 0 0 0 0 0 0 1 0 ...
 $ RaceHorse.IsHit4                 : num  0 0 1 0 0 1 0 0 0 0 ...
 $ RaceHorse.IsHit5                 : num  0 0 0 0 1 0 0 1 0 0 ...
 $ RaceHorse.IsHit6                 : num  0 0 0 1 0 0 1 0 0 1 ...
 $ RaceHorse.IsValidRaceHorse       : logi  TRUE TRUE TRUE TRUE TRUE TRUE ...
 $ RaceHorse.TimeSdvByRace          : num  1.074 1.4621 1.0076 -0.0579 0.7438 ...
 $ RaceHorse.TimeSdv                : num  1.7983 1.1619 -0.0242 -0.7857 1.0067 ...
 $ RaceHorse.IsHitA                 : num  0 1 0 0 0 0 0 0 0 0 ...
 $ RaceHorse.IsHitB                 : num  0 1 0 0 0 0 0 0 0 0 ...
 $ RaceHorse.IsHitC                 : num  1 1 0 0 0 0 0 0 1 0 ...
 $ Horse.KettoNum                   : Factor w/ 3006 levels "2014102019","2016102504",..: 1 1 1 1 1 1 1 1 1 1 ...
 $ Horse.TimeSdvByRaceAvg           : num  0.941 0.683 0.954 0.959 0.884 ...
 $ Horse.TimeSdvByRaceMin           : num  -0.466 -1.012 -0.466 -0.466 -0.466 ...
 $ Horse.TimeSdvByRaceMax           : num  1.51 1.51 1.51 1.51 1.51 ...
 $ Horse.TimeSdvAvg                 : num  0.53 0.289 0.657 0.595 0.428 ...
 $ Horse.TimeSdvMin                 : num  -0.655 -1.667 -0.655 -0.655 -1.667 ...
 $ Horse.TimeSdvMax                 : num  2.76 2.76 2.76 2.76 2.76 ...
 $ Horse.OrderOfFinishSdvAvg        : num  0.977 0.622 0.988 0.976 0.915 ...
 $ Horse.RunCount                   : num  9 23 10 11 14 15 20 21 16 17 ...
 $ Horse.HitCount1                  : num  2 3 2 2 3 3 3 3 3 3 ...
 $ Horse.HitCount2                  : num  1 1 1 1 1 1 1 1 1 1 ...
 $ Horse.HitCount3                  : num  2 5 3 3 4 4 5 5 4 5 ...
 $ Horse.HitCount4                  : num  3 5 3 4 4 4 5 5 5 5 ...
 $ Horse.HitCount5                  : num  0 2 0 0 0 1 1 1 1 1 ...
 $ Horse.HitRate1                   : num  0.222 0.13 0.2 0.182 0.214 ...
 $ Horse.HitRate2                   : num  0.1111 0.0435 0.1 0.0909 0.0714 ...
 $ Horse.HitRate3                   : num  0.222 0.217 0.3 0.273 0.286 ...
 $ Horse.HitRate4                   : num  0.333 0.217 0.3 0.364 0.286 ...
 $ Horse.HitRate5                   : num  0 0.087 0 0 0 ...
 $ EOF                              : int  1 1 1 1 1 1 1 1 1 1 ...
[1] "2022-02-27 12:24:19 --- RxSqlServerData Finish ---"
[1] "2022-02-27 12:24:19 --- subset Start ---"
[1] "--------------------------------------------------------------------------------"
[1] "nrow(data) subset before=14902"
[1] "nrow(data) subset after =14902"
[1] "nrow(data) subset diff =0"
[1] "--------------------------------------------------------------------------------"
[1] "2022-02-27 12:24:19 --- subset Finish---"
[1] "2022-02-27 12:24:19 --- transform Start ---"
[1] "--------------------------------------------------------------------------------"
[1] "nrow(data) transform before=14902"
[1] "nrow(data) transform after=14902"
[1] "nrow(data) transform diff=0"
[1] "--------------------------------------------------------------------------------"
[1] "str(data)="
'data.frame':	14902 obs. of  44 variables:
 $ Race.RaceId                      : Factor w/ 1192 levels "20180204-08-02-04-12",..: 2 3 11 12 9 10 13 14 6 7 ...
 $ Race.IsAnalyzeNormalPastAndFuture: logi  TRUE TRUE TRUE TRUE TRUE TRUE ...
 $ Race.IsAnalyzeNormalPast         : logi  TRUE TRUE TRUE TRUE TRUE TRUE ...
 $ Race.IsAnalyzeNormalFuture       : logi  FALSE FALSE FALSE FALSE FALSE FALSE ...
 $ Race.IsAnalyzeFullPastAndFuture  : logi  TRUE TRUE TRUE TRUE TRUE TRUE ...
 $ Race.IsAnalyzeFullPast           : logi  TRUE TRUE TRUE TRUE TRUE TRUE ...
 $ Race.IsAnalyzeFullFuture         : logi  FALSE FALSE FALSE FALSE FALSE FALSE ...
 $ Race.JyokenCd                    : Factor w/ 1 level "3": 1 1 1 1 1 1 1 1 1 1 ...
 $ Race.JyoType1Cd                  : Factor w/ 154 levels "1-08-1200-3-1",..: 2 3 2 1 9 4 10 2 6 7 ...
 $ Race.RaceType1Cd                 : Factor w/ 6 levels "1-3-X-1","1-3-E-1",..: 2 2 2 1 2 2 2 2 2 2 ...
 $ RaceHorse.RaceId                 : Factor w/ 1192 levels "20180204-08-02-04-12",..: 2 3 11 12 9 10 13 14 6 7 ...
 $ RaceHorse.KettoNum               : Factor w/ 3006 levels "2014102019","2016102504",..: 1 1 1 1 1 1 1 1 1 1 ...
 $ RaceHorse.IsHit1                 : num  0 1 0 0 0 0 0 0 0 0 ...
 $ RaceHorse.IsHit2                 : num  0 0 0 0 0 0 0 0 0 0 ...
 $ RaceHorse.IsHit3                 : num  1 0 0 0 0 0 0 0 1 0 ...
 $ RaceHorse.IsHit4                 : num  0 0 1 0 0 1 0 0 0 0 ...
 $ RaceHorse.IsHit5                 : num  0 0 0 0 1 0 0 1 0 0 ...
 $ RaceHorse.IsHit6                 : num  0 0 0 1 0 0 1 0 0 1 ...
 $ RaceHorse.IsValidRaceHorse       : logi  TRUE TRUE TRUE TRUE TRUE TRUE ...
 $ RaceHorse.TimeSdvByRace          : num  1.074 1.4621 1.0076 -0.0579 0.7438 ...
 $ RaceHorse.TimeSdv                : num  1.7983 1.1619 -0.0242 -0.7857 1.0067 ...
 $ RaceHorse.IsHitA                 : num  0 1 0 0 0 0 0 0 0 0 ...
 $ RaceHorse.IsHitB                 : num  0 1 0 0 0 0 0 0 0 0 ...
 $ RaceHorse.IsHitC                 : num  1 1 0 0 0 0 0 0 1 0 ...
 $ Horse.KettoNum                   : Factor w/ 3006 levels "2014102019","2016102504",..: 1 1 1 1 1 1 1 1 1 1 ...
 $ Horse.TimeSdvByRaceAvg           : num  0.941 0.683 0.954 0.959 0.884 ...
 $ Horse.TimeSdvByRaceMin           : num  -0.466 -1.012 -0.466 -0.466 -0.466 ...
 $ Horse.TimeSdvByRaceMax           : num  1.51 1.51 1.51 1.51 1.51 ...
 $ Horse.TimeSdvAvg                 : num  0.53 0.289 0.657 0.595 0.428 ...
 $ Horse.TimeSdvMin                 : num  -0.655 -1.667 -0.655 -0.655 -1.667 ...
 $ Horse.TimeSdvMax                 : num  2.76 2.76 2.76 2.76 2.76 ...
 $ Horse.OrderOfFinishSdvAvg        : num  0.977 0.622 0.988 0.976 0.915 ...
 $ Horse.RunCount                   : num  9 23 10 11 14 15 20 21 16 17 ...
 $ Horse.HitCount1                  : num  2 3 2 2 3 3 3 3 3 3 ...
 $ Horse.HitCount2                  : num  1 1 1 1 1 1 1 1 1 1 ...
 $ Horse.HitCount3                  : num  2 5 3 3 4 4 5 5 4 5 ...
 $ Horse.HitCount4                  : num  3 5 3 4 4 4 5 5 5 5 ...
 $ Horse.HitCount5                  : num  0 2 0 0 0 1 1 1 1 1 ...
 $ Horse.HitRate1                   : num  0.222 0.13 0.2 0.182 0.214 ...
 $ Horse.HitRate2                   : num  0.1111 0.0435 0.1 0.0909 0.0714 ...
 $ Horse.HitRate3                   : num  0.222 0.217 0.3 0.273 0.286 ...
 $ Horse.HitRate4                   : num  0.333 0.217 0.3 0.364 0.286 ...
 $ Horse.HitRate5                   : num  0 0.087 0 0 0 ...
 $ EOF                              : int  1 1 1 1 1 1 1 1 1 1 ...
NULL
[1] "2022-02-27 12:24:19 --- transform Finish ---"
[1] "2022-02-27 12:24:19 --- na.omit Start ---"
[1] "--------------------------------------------------------------------------------"
[1] "nrow(data) na.omit before=14902"
[1] "nrow(data) na.omit after =14830"
[1] "nrow(data) na.omit diff =72"
[1] "--------------------------------------------------------------------------------"
'data.frame':	14830 obs. of  44 variables:
 $ Race.RaceId                      : Factor w/ 1192 levels "20180204-08-02-04-12",..: 2 3 11 12 9 10 13 14 6 7 ...
 $ Race.IsAnalyzeNormalPastAndFuture: logi  TRUE TRUE TRUE TRUE TRUE TRUE ...
 $ Race.IsAnalyzeNormalPast         : logi  TRUE TRUE TRUE TRUE TRUE TRUE ...
 $ Race.IsAnalyzeNormalFuture       : logi  FALSE FALSE FALSE FALSE FALSE FALSE ...
 $ Race.IsAnalyzeFullPastAndFuture  : logi  TRUE TRUE TRUE TRUE TRUE TRUE ...
 $ Race.IsAnalyzeFullPast           : logi  TRUE TRUE TRUE TRUE TRUE TRUE ...
 $ Race.IsAnalyzeFullFuture         : logi  FALSE FALSE FALSE FALSE FALSE FALSE ...
 $ Race.JyokenCd                    : Factor w/ 1 level "3": 1 1 1 1 1 1 1 1 1 1 ...
 $ Race.JyoType1Cd                  : Factor w/ 154 levels "1-08-1200-3-1",..: 2 3 2 1 9 4 10 2 6 7 ...
 $ Race.RaceType1Cd                 : Factor w/ 6 levels "1-3-X-1","1-3-E-1",..: 2 2 2 1 2 2 2 2 2 2 ...
 $ RaceHorse.RaceId                 : Factor w/ 1192 levels "20180204-08-02-04-12",..: 2 3 11 12 9 10 13 14 6 7 ...
 $ RaceHorse.KettoNum               : Factor w/ 3006 levels "2014102019","2016102504",..: 1 1 1 1 1 1 1 1 1 1 ...
 $ RaceHorse.IsHit1                 : num  0 1 0 0 0 0 0 0 0 0 ...
 $ RaceHorse.IsHit2                 : num  0 0 0 0 0 0 0 0 0 0 ...
 $ RaceHorse.IsHit3                 : num  1 0 0 0 0 0 0 0 1 0 ...
 $ RaceHorse.IsHit4                 : num  0 0 1 0 0 1 0 0 0 0 ...
 $ RaceHorse.IsHit5                 : num  0 0 0 0 1 0 0 1 0 0 ...
 $ RaceHorse.IsHit6                 : num  0 0 0 1 0 0 1 0 0 1 ...
 $ RaceHorse.IsValidRaceHorse       : logi  TRUE TRUE TRUE TRUE TRUE TRUE ...
 $ RaceHorse.TimeSdvByRace          : num  1.074 1.4621 1.0076 -0.0579 0.7438 ...
 $ RaceHorse.TimeSdv                : num  1.7983 1.1619 -0.0242 -0.7857 1.0067 ...
 $ RaceHorse.IsHitA                 : num  0 1 0 0 0 0 0 0 0 0 ...
 $ RaceHorse.IsHitB                 : num  0 1 0 0 0 0 0 0 0 0 ...
 $ RaceHorse.IsHitC                 : num  1 1 0 0 0 0 0 0 1 0 ...
 $ Horse.KettoNum                   : Factor w/ 3006 levels "2014102019","2016102504",..: 1 1 1 1 1 1 1 1 1 1 ...
 $ Horse.TimeSdvByRaceAvg           : num  0.941 0.683 0.954 0.959 0.884 ...
 $ Horse.TimeSdvByRaceMin           : num  -0.466 -1.012 -0.466 -0.466 -0.466 ...
 $ Horse.TimeSdvByRaceMax           : num  1.51 1.51 1.51 1.51 1.51 ...
 $ Horse.TimeSdvAvg                 : num  0.53 0.289 0.657 0.595 0.428 ...
 $ Horse.TimeSdvMin                 : num  -0.655 -1.667 -0.655 -0.655 -1.667 ...
 $ Horse.TimeSdvMax                 : num  2.76 2.76 2.76 2.76 2.76 ...
 $ Horse.OrderOfFinishSdvAvg        : num  0.977 0.622 0.988 0.976 0.915 ...
 $ Horse.RunCount                   : num  9 23 10 11 14 15 20 21 16 17 ...
 $ Horse.HitCount1                  : num  2 3 2 2 3 3 3 3 3 3 ...
 $ Horse.HitCount2                  : num  1 1 1 1 1 1 1 1 1 1 ...
 $ Horse.HitCount3                  : num  2 5 3 3 4 4 5 5 4 5 ...
 $ Horse.HitCount4                  : num  3 5 3 4 4 4 5 5 5 5 ...
 $ Horse.HitCount5                  : num  0 2 0 0 0 1 1 1 1 1 ...
 $ Horse.HitRate1                   : num  0.222 0.13 0.2 0.182 0.214 ...
 $ Horse.HitRate2                   : num  0.1111 0.0435 0.1 0.0909 0.0714 ...
 $ Horse.HitRate3                   : num  0.222 0.217 0.3 0.273 0.286 ...
 $ Horse.HitRate4                   : num  0.333 0.217 0.3 0.364 0.286 ...
 $ Horse.HitRate5                   : num  0 0.087 0 0 0 ...
 $ EOF                              : int  1 1 1 1 1 1 1 1 1 1 ...
 - attr(*, "na.action")= 'omit' Named int  753 765 936 1044 1076 1128 1175 1461 1552 1689 ...
  ..- attr(*, "names")= chr  "753" "765" "936" "1044" ...
[1] "2022-02-27 12:24:19 --- na.omit Finish ---"
[1] "2022-02-27 12:24:19 --- rxGlm with rxStepControl Start ---"

> print(paste0(Sys.time(), " --- source_logic_glm.R Start ---"))
[1] "2022-02-27 12:24:19 --- source_logic_glm.R Start ---"

> formula <- formula(RaceHorse.IsHitA ~ +1 + Horse.TimeSdvByRaceAvg)

> print(paste0(Sys.time(), " --- source_logic_glm.R Finished ---"))
[1] "2022-02-27 12:24:19 --- source_logic_glm.R Finished ---"
Rows Read: 14830, Total Rows Processed: 14830, Total Chunk Time: Less than .001 seconds 

Starting values (iteration 1) time: 0.010 secs.
Rows Read: 14830, Total Rows Processed: 14830, Total Chunk Time: 0.002 seconds 

Iteration 2 time: 0.007 secs.
Rows Read: 14830, Total Rows Processed: 14830, Total Chunk Time: 0.002 seconds 

Iteration 3 time: 0.004 secs.
Rows Read: 14830, Total Rows Processed: 14830, Total Chunk Time: 0.002 seconds 

Iteration 4 time: 0.005 secs.
Rows Read: 14830, Total Rows Processed: 14830, Total Chunk Time: Less than .001 seconds 

Iteration 5 time: 0.005 secs.

Elapsed computation time: 0.051 secs.
Rows Read: 14830, Total Rows Processed: 14830, Total Chunk Time: 0.001 seconds 

Starting values (iteration 1) time: 0.007 secs.
Rows Read: 14830, Total Rows Processed: 14830, Total Chunk Time: 0.001 seconds 

Iteration 2 time: 0.004 secs.

Elapsed computation time: 0.021 secs.
Rows Read: 14830, Total Rows Processed: 14830, Total Chunk Time: Less than .001 seconds 

Starting values (iteration 1) time: 0.006 secs.
Rows Read: 14830, Total Rows Processed: 14830, Total Chunk Time: 0.002 seconds 

Iteration 2 time: 0.007 secs.
Rows Read: 14830, Total Rows Processed: 14830, Total Chunk Time: 0.002 seconds 

Iteration 3 time: 0.004 secs.
Rows Read: 14830, Total Rows Processed: 14830, Total Chunk Time: Less than .001 seconds 

Iteration 4 time: 0.006 secs.
Rows Read: 14830, Total Rows Processed: 14830, Total Chunk Time: 0.002 seconds 

Iteration 5 time: 0.004 secs.

Elapsed computation time: 0.045 secs.

Elapsed computation time: 0.133 secs.
[1] "--------------------------------------------------------------------------------"
[1] "analyze.results.glm.step="
Logistic Regression Results for: RaceHorse.IsHitA ~
    Horse.TimeSdvByRaceAvg
Data: data
Dependent variable(s): RaceHorse.IsHitA
Total independent variables: 2 
Number of valid observations: 14830
Number of missing observations: 0 
 
Coefficients:
                       RaceHorse.IsHitA
(Intercept)                          -4
Horse.TimeSdvByRaceAvg                2
[1] "analyze.results.glm.step.summary"
Call:
rxLogit(formula = formula, data = data, variableSelection = analyze.results.glm.step.varsel)

Logistic Regression Results for: RaceHorse.IsHitA ~
    Horse.TimeSdvByRaceAvg
Data: data
Dependent variable(s): RaceHorse.IsHitA
Total independent variables: 2 
Number of valid observations: 14830
Number of missing observations: 0 
-2*LogLikelihood: 7680.035 (Residual deviance on 14828 degrees of freedom)
 
Coefficients:
                       Estimate Std. Error z value Pr(>|z|)    
(Intercept)             -3.6649     0.0697   -52.6  2.2e-16 ***
Horse.TimeSdvByRaceAvg   2.3277     0.1000    23.3  2.2e-16 ***
---
Signif. codes:  0 '***' 0.001 '**' 0.01 '*' 0.05 '.' 0.1 ' ' 1

Condition number of final variance-covariance matrix: 1 
Number of iterations: 5
[1] "--------------------------------------------------------------------------------"
[1] "2022-02-27 12:24:20 --- rxGlm with rxStepControl Finish ---"
[1] "2022-02-27 12:24:20 --- rxStepPlot Start ---"
[1] "pdfFilename=pdf_analyze_glm_Horse_Type13_rxStepPlot.pdf"
[1] "rxStepPlot="
[1] "2022-02-27 12:24:20 --- rxStepPlot Finish ---"
[1] "2022-02-27 12:24:20 --- save.image Start ---"
[1] "save.image"
[1] "rdataFilename=RData_analyze_glm_Horse_Type13.RData"
[1] "2022-02-27 12:24:20 --- save.image Finish ---"
[1] "2022-02-27 12:24:20 --- final Start ---"
[1] "--------------------------------------------------------------------------------"
[1] "nrow(data) final=14830"
[1] "--------------------------------------------------------------------------------"
[1] "2022-02-27 12:24:20 --- final Finish ---"
[1] "2022-02-27 12:24:20 --- analyze_glm.R Finished ---"
[1] "2022-02-27 12:24:20 --- log Finish ---"
