[1] "2022-02-27 12:24:06 --- D1115_analyze_glm_Horse_IsHitA_Type15 Start ---"
[1] "2022-02-27 12:24:06 --- Log Start ---"
[1] "2022-02-27 12:24:06 --- analyze_glm.R Start ---"
[1] "analyzeVersion=D1115"
[1] "analyzeCategory=analyze"
[1] "analyzeType=Horse"
[1] "analyzeFamily=IsHitA"
[1] "analyzeFunc=glm"
[1] "analyzeTrackTypeCd=1"
[1] "analyzeJyokenCd=5"
[1] "2022-02-27 12:24:06 --- source_function.R Start ---"
[1] "2022-02-27 12:24:06 --- source_function.R Finished ---"

> print(paste0(Sys.time(), " --- source_library.R Start ---"))
[1] "2022-02-27 12:24:06 --- source_library.R Start ---"

> require("RevoScaleR")

> print(paste0(Sys.time(), " --- source_library.R Finished ---"))
[1] "2022-02-27 12:24:07 --- source_library.R Finished ---"
[1] "2022-02-27 12:24:07 --- RxSqlServerData Start ---"
[1] "2022-02-27 12:24:07 --- RxInSqlServer Start ---"
[1] "2022-02-27 12:24:07 --- RxInSqlServer Finish ---"
[1] "2022-02-27 12:24:07 --- rxSetComputeContext Start ---"
[1] "2022-02-27 12:24:07 --- rxSetComputeContext Finish ---"
[1] "2022-02-27 12:24:07 --- RxSqlServerData Start ---"
[1] "sqlQuery=SELECT * FROM ViewAnalyzeD1115analyze01HorseType15"
[1] "2022-02-27 12:24:07 --- RxSqlServerData Finish ---"
[1] "2022-02-27 12:24:07 --- rxGetVarInfo Start ---"
[1] "2022-02-27 12:24:07 --- rxGetVarInfo Finish---"
[1] "2022-02-27 12:24:07 --- rxImport Start ---"
Rows Read: 35673, Total Rows Processed: 35673, Total Chunk Time: 1.373 seconds 
[1] "2022-02-27 12:24:17 --- rxImport Finish ---"
[1] "object.size(data) auto=12.2 Mb"
[1] "--------------------------------------------------------------------------------"
[1] "nrow(data) RxSqlServerData=35673"
[1] "--------------------------------------------------------------------------------"
[1] "str(data)="
'data.frame':	35673 obs. of  44 variables:
 $ Race.RaceId                      : Factor w/ 2474 levels "20160806-10-02-03-07",..: 11 12 13 14 15 16 17 18 19 20 ...
 $ Race.IsAnalyzeNormalPastAndFuture: logi  TRUE TRUE TRUE TRUE TRUE TRUE ...
 $ Race.IsAnalyzeNormalPast         : logi  TRUE TRUE TRUE TRUE TRUE TRUE ...
 $ Race.IsAnalyzeNormalFuture       : logi  FALSE FALSE FALSE FALSE FALSE FALSE ...
 $ Race.IsAnalyzeFullPastAndFuture  : logi  TRUE TRUE TRUE TRUE TRUE TRUE ...
 $ Race.IsAnalyzeFullPast           : logi  TRUE TRUE TRUE TRUE TRUE TRUE ...
 $ Race.IsAnalyzeFullFuture         : logi  FALSE FALSE FALSE FALSE FALSE FALSE ...
 $ Race.JyokenCd                    : Factor w/ 1 level "5": 1 1 1 1 1 1 1 1 1 1 ...
 $ Race.JyoType1Cd                  : Factor w/ 175 levels "1-10-1800-5-1",..: 10 11 12 13 14 15 16 17 18 19 ...
 $ Race.RaceType1Cd                 : Factor w/ 3 levels "1-5-X-2","1-5-X-1",..: 1 1 1 2 2 2 1 2 2 1 ...
 $ RaceHorse.RaceId                 : Factor w/ 2474 levels "20160806-10-02-03-07",..: 11 12 13 14 15 16 17 18 19 20 ...
 $ RaceHorse.KettoNum               : Factor w/ 13391 levels "2013100771","2013100774",..: 11 12 13 14 15 16 17 18 19 20 ...
 $ RaceHorse.IsHit1                 : num  0 0 0 0 0 0 0 1 0 0 ...
 $ RaceHorse.IsHit2                 : num  0 0 0 0 0 0 0 0 0 0 ...
 $ RaceHorse.IsHit3                 : num  0 0 0 0 0 0 0 0 0 0 ...
 $ RaceHorse.IsHit4                 : num  0 0 0 1 0 0 0 0 0 0 ...
 $ RaceHorse.IsHit5                 : num  0 0 0 0 0 0 0 0 0 0 ...
 $ RaceHorse.IsHit6                 : num  1 1 1 0 1 1 1 0 1 1 ...
 $ RaceHorse.IsValidRaceHorse       : logi  TRUE TRUE TRUE TRUE TRUE TRUE ...
 $ RaceHorse.TimeSdvByRace          : num  -1.208 -0.166 -0.288 0.735 0.713 ...
 $ RaceHorse.TimeSdv                : num  -1.163 0.273 -0.225 0.862 1.084 ...
 $ RaceHorse.IsHitA                 : num  0 0 0 0 0 0 0 1 0 0 ...
 $ RaceHorse.IsHitB                 : num  0 0 0 0 0 0 0 1 0 0 ...
 $ RaceHorse.IsHitC                 : num  0 0 0 0 0 0 0 1 0 0 ...
 $ Horse.KettoNum                   : Factor w/ 13391 levels "2013100771","2013100774",..: 11 12 13 14 15 16 17 18 19 20 ...
 $ Horse.TimeSdvByRaceAvg           : num  0.1269 0.5528 0.3767 0.0889 1.0282 ...
 $ Horse.TimeSdvByRaceMin           : num  -0.579 0.553 -0.104 -0.425 0.61 ...
 $ Horse.TimeSdvByRaceMax           : num  0.477 0.553 0.737 0.436 1.42 ...
 $ Horse.TimeSdvAvg                 : num  0.232 0.167 -0.539 -0.055 0.474 ...
 $ Horse.TimeSdvMin                 : num  -0.368 0.167 -1.267 -0.572 -0.162 ...
 $ Horse.TimeSdvMax                 : num  1.038 0.167 -0.163 0.24 1.221 ...
 $ Horse.OrderOfFinishSdvAvg        : num  -0.0472 0.0481 -0.0898 -0.2117 1.0312 ...
 $ Horse.RunCount                   : num  4 1 3 3 4 6 3 5 5 3 ...
 $ Horse.HitCount1                  : num  0 0 0 0 0 0 0 0 0 0 ...
 $ Horse.HitCount2                  : num  0 0 0 0 2 1 0 0 0 0 ...
 $ Horse.HitCount3                  : num  0 0 0 0 1 0 0 0 0 0 ...
 $ Horse.HitCount4                  : num  0 0 0 0 0 2 0 0 0 3 ...
 $ Horse.HitCount5                  : num  1 0 0 0 0 0 0 0 0 0 ...
 $ Horse.HitRate1                   : num  0 0 0 0 0 0 0 0 0 0 ...
 $ Horse.HitRate2                   : num  0 0 0 0 0.5 ...
 $ Horse.HitRate3                   : num  0 0 0 0 0.25 0 0 0 0 0 ...
 $ Horse.HitRate4                   : num  0 0 0 0 0 ...
 $ Horse.HitRate5                   : num  0.25 0 0 0 0 0 0 0 0 0 ...
 $ EOF                              : int  1 1 1 1 1 1 1 1 1 1 ...
[1] "2022-02-27 12:24:17 --- RxSqlServerData Finish ---"
[1] "2022-02-27 12:24:17 --- subset Start ---"
[1] "--------------------------------------------------------------------------------"
[1] "nrow(data) subset before=35673"
[1] "nrow(data) subset after =35673"
[1] "nrow(data) subset diff =0"
[1] "--------------------------------------------------------------------------------"
[1] "2022-02-27 12:24:17 --- subset Finish---"
[1] "2022-02-27 12:24:17 --- transform Start ---"
[1] "--------------------------------------------------------------------------------"
[1] "nrow(data) transform before=35673"
[1] "nrow(data) transform after=35673"
[1] "nrow(data) transform diff=0"
[1] "--------------------------------------------------------------------------------"
[1] "str(data)="
'data.frame':	35673 obs. of  44 variables:
 $ Race.RaceId                      : Factor w/ 2474 levels "20160806-10-02-03-07",..: 11 12 13 14 15 16 17 18 19 20 ...
 $ Race.IsAnalyzeNormalPastAndFuture: logi  TRUE TRUE TRUE TRUE TRUE TRUE ...
 $ Race.IsAnalyzeNormalPast         : logi  TRUE TRUE TRUE TRUE TRUE TRUE ...
 $ Race.IsAnalyzeNormalFuture       : logi  FALSE FALSE FALSE FALSE FALSE FALSE ...
 $ Race.IsAnalyzeFullPastAndFuture  : logi  TRUE TRUE TRUE TRUE TRUE TRUE ...
 $ Race.IsAnalyzeFullPast           : logi  TRUE TRUE TRUE TRUE TRUE TRUE ...
 $ Race.IsAnalyzeFullFuture         : logi  FALSE FALSE FALSE FALSE FALSE FALSE ...
 $ Race.JyokenCd                    : Factor w/ 1 level "5": 1 1 1 1 1 1 1 1 1 1 ...
 $ Race.JyoType1Cd                  : Factor w/ 175 levels "1-10-1800-5-1",..: 10 11 12 13 14 15 16 17 18 19 ...
 $ Race.RaceType1Cd                 : Factor w/ 3 levels "1-5-X-2","1-5-X-1",..: 1 1 1 2 2 2 1 2 2 1 ...
 $ RaceHorse.RaceId                 : Factor w/ 2474 levels "20160806-10-02-03-07",..: 11 12 13 14 15 16 17 18 19 20 ...
 $ RaceHorse.KettoNum               : Factor w/ 13391 levels "2013100771","2013100774",..: 11 12 13 14 15 16 17 18 19 20 ...
 $ RaceHorse.IsHit1                 : num  0 0 0 0 0 0 0 1 0 0 ...
 $ RaceHorse.IsHit2                 : num  0 0 0 0 0 0 0 0 0 0 ...
 $ RaceHorse.IsHit3                 : num  0 0 0 0 0 0 0 0 0 0 ...
 $ RaceHorse.IsHit4                 : num  0 0 0 1 0 0 0 0 0 0 ...
 $ RaceHorse.IsHit5                 : num  0 0 0 0 0 0 0 0 0 0 ...
 $ RaceHorse.IsHit6                 : num  1 1 1 0 1 1 1 0 1 1 ...
 $ RaceHorse.IsValidRaceHorse       : logi  TRUE TRUE TRUE TRUE TRUE TRUE ...
 $ RaceHorse.TimeSdvByRace          : num  -1.208 -0.166 -0.288 0.735 0.713 ...
 $ RaceHorse.TimeSdv                : num  -1.163 0.273 -0.225 0.862 1.084 ...
 $ RaceHorse.IsHitA                 : num  0 0 0 0 0 0 0 1 0 0 ...
 $ RaceHorse.IsHitB                 : num  0 0 0 0 0 0 0 1 0 0 ...
 $ RaceHorse.IsHitC                 : num  0 0 0 0 0 0 0 1 0 0 ...
 $ Horse.KettoNum                   : Factor w/ 13391 levels "2013100771","2013100774",..: 11 12 13 14 15 16 17 18 19 20 ...
 $ Horse.TimeSdvByRaceAvg           : num  0.1269 0.5528 0.3767 0.0889 1.0282 ...
 $ Horse.TimeSdvByRaceMin           : num  -0.579 0.553 -0.104 -0.425 0.61 ...
 $ Horse.TimeSdvByRaceMax           : num  0.477 0.553 0.737 0.436 1.42 ...
 $ Horse.TimeSdvAvg                 : num  0.232 0.167 -0.539 -0.055 0.474 ...
 $ Horse.TimeSdvMin                 : num  -0.368 0.167 -1.267 -0.572 -0.162 ...
 $ Horse.TimeSdvMax                 : num  1.038 0.167 -0.163 0.24 1.221 ...
 $ Horse.OrderOfFinishSdvAvg        : num  -0.0472 0.0481 -0.0898 -0.2117 1.0312 ...
 $ Horse.RunCount                   : num  4 1 3 3 4 6 3 5 5 3 ...
 $ Horse.HitCount1                  : num  0 0 0 0 0 0 0 0 0 0 ...
 $ Horse.HitCount2                  : num  0 0 0 0 2 1 0 0 0 0 ...
 $ Horse.HitCount3                  : num  0 0 0 0 1 0 0 0 0 0 ...
 $ Horse.HitCount4                  : num  0 0 0 0 0 2 0 0 0 3 ...
 $ Horse.HitCount5                  : num  1 0 0 0 0 0 0 0 0 0 ...
 $ Horse.HitRate1                   : num  0 0 0 0 0 0 0 0 0 0 ...
 $ Horse.HitRate2                   : num  0 0 0 0 0.5 ...
 $ Horse.HitRate3                   : num  0 0 0 0 0.25 0 0 0 0 0 ...
 $ Horse.HitRate4                   : num  0 0 0 0 0 ...
 $ Horse.HitRate5                   : num  0.25 0 0 0 0 0 0 0 0 0 ...
 $ EOF                              : int  1 1 1 1 1 1 1 1 1 1 ...
NULL
[1] "2022-02-27 12:24:18 --- transform Finish ---"
[1] "2022-02-27 12:24:18 --- na.omit Start ---"
[1] "--------------------------------------------------------------------------------"
[1] "nrow(data) na.omit before=35673"
[1] "nrow(data) na.omit after =35439"
[1] "nrow(data) na.omit diff =234"
[1] "--------------------------------------------------------------------------------"
'data.frame':	35439 obs. of  44 variables:
 $ Race.RaceId                      : Factor w/ 2474 levels "20160806-10-02-03-07",..: 11 12 13 14 15 16 17 18 19 20 ...
 $ Race.IsAnalyzeNormalPastAndFuture: logi  TRUE TRUE TRUE TRUE TRUE TRUE ...
 $ Race.IsAnalyzeNormalPast         : logi  TRUE TRUE TRUE TRUE TRUE TRUE ...
 $ Race.IsAnalyzeNormalFuture       : logi  FALSE FALSE FALSE FALSE FALSE FALSE ...
 $ Race.IsAnalyzeFullPastAndFuture  : logi  TRUE TRUE TRUE TRUE TRUE TRUE ...
 $ Race.IsAnalyzeFullPast           : logi  TRUE TRUE TRUE TRUE TRUE TRUE ...
 $ Race.IsAnalyzeFullFuture         : logi  FALSE FALSE FALSE FALSE FALSE FALSE ...
 $ Race.JyokenCd                    : Factor w/ 1 level "5": 1 1 1 1 1 1 1 1 1 1 ...
 $ Race.JyoType1Cd                  : Factor w/ 175 levels "1-10-1800-5-1",..: 10 11 12 13 14 15 16 17 18 19 ...
 $ Race.RaceType1Cd                 : Factor w/ 3 levels "1-5-X-2","1-5-X-1",..: 1 1 1 2 2 2 1 2 2 1 ...
 $ RaceHorse.RaceId                 : Factor w/ 2474 levels "20160806-10-02-03-07",..: 11 12 13 14 15 16 17 18 19 20 ...
 $ RaceHorse.KettoNum               : Factor w/ 13391 levels "2013100771","2013100774",..: 11 12 13 14 15 16 17 18 19 20 ...
 $ RaceHorse.IsHit1                 : num  0 0 0 0 0 0 0 1 0 0 ...
 $ RaceHorse.IsHit2                 : num  0 0 0 0 0 0 0 0 0 0 ...
 $ RaceHorse.IsHit3                 : num  0 0 0 0 0 0 0 0 0 0 ...
 $ RaceHorse.IsHit4                 : num  0 0 0 1 0 0 0 0 0 0 ...
 $ RaceHorse.IsHit5                 : num  0 0 0 0 0 0 0 0 0 0 ...
 $ RaceHorse.IsHit6                 : num  1 1 1 0 1 1 1 0 1 1 ...
 $ RaceHorse.IsValidRaceHorse       : logi  TRUE TRUE TRUE TRUE TRUE TRUE ...
 $ RaceHorse.TimeSdvByRace          : num  -1.208 -0.166 -0.288 0.735 0.713 ...
 $ RaceHorse.TimeSdv                : num  -1.163 0.273 -0.225 0.862 1.084 ...
 $ RaceHorse.IsHitA                 : num  0 0 0 0 0 0 0 1 0 0 ...
 $ RaceHorse.IsHitB                 : num  0 0 0 0 0 0 0 1 0 0 ...
 $ RaceHorse.IsHitC                 : num  0 0 0 0 0 0 0 1 0 0 ...
 $ Horse.KettoNum                   : Factor w/ 13391 levels "2013100771","2013100774",..: 11 12 13 14 15 16 17 18 19 20 ...
 $ Horse.TimeSdvByRaceAvg           : num  0.1269 0.5528 0.3767 0.0889 1.0282 ...
 $ Horse.TimeSdvByRaceMin           : num  -0.579 0.553 -0.104 -0.425 0.61 ...
 $ Horse.TimeSdvByRaceMax           : num  0.477 0.553 0.737 0.436 1.42 ...
 $ Horse.TimeSdvAvg                 : num  0.232 0.167 -0.539 -0.055 0.474 ...
 $ Horse.TimeSdvMin                 : num  -0.368 0.167 -1.267 -0.572 -0.162 ...
 $ Horse.TimeSdvMax                 : num  1.038 0.167 -0.163 0.24 1.221 ...
 $ Horse.OrderOfFinishSdvAvg        : num  -0.0472 0.0481 -0.0898 -0.2117 1.0312 ...
 $ Horse.RunCount                   : num  4 1 3 3 4 6 3 5 5 3 ...
 $ Horse.HitCount1                  : num  0 0 0 0 0 0 0 0 0 0 ...
 $ Horse.HitCount2                  : num  0 0 0 0 2 1 0 0 0 0 ...
 $ Horse.HitCount3                  : num  0 0 0 0 1 0 0 0 0 0 ...
 $ Horse.HitCount4                  : num  0 0 0 0 0 2 0 0 0 3 ...
 $ Horse.HitCount5                  : num  1 0 0 0 0 0 0 0 0 0 ...
 $ Horse.HitRate1                   : num  0 0 0 0 0 0 0 0 0 0 ...
 $ Horse.HitRate2                   : num  0 0 0 0 0.5 ...
 $ Horse.HitRate3                   : num  0 0 0 0 0.25 0 0 0 0 0 ...
 $ Horse.HitRate4                   : num  0 0 0 0 0 ...
 $ Horse.HitRate5                   : num  0.25 0 0 0 0 0 0 0 0 0 ...
 $ EOF                              : int  1 1 1 1 1 1 1 1 1 1 ...
 - attr(*, "na.action")= 'omit' Named int  65 222 240 301 319 603 813 1015 1197 1334 ...
  ..- attr(*, "names")= chr  "65" "222" "240" "301" ...
[1] "2022-02-27 12:24:18 --- na.omit Finish ---"
[1] "2022-02-27 12:24:18 --- rxGlm with rxStepControl Start ---"

> print(paste0(Sys.time(), " --- source_logic_glm.R Start ---"))
[1] "2022-02-27 12:24:18 --- source_logic_glm.R Start ---"

> formula <- formula(RaceHorse.IsHitA ~ +1 + Horse.TimeSdvByRaceAvg)

> print(paste0(Sys.time(), " --- source_logic_glm.R Finished ---"))
[1] "2022-02-27 12:24:18 --- source_logic_glm.R Finished ---"
Rows Read: 35439, Total Rows Processed: 35439, Total Chunk Time: 0.002 seconds 

Starting values (iteration 1) time: 0.021 secs.
Rows Read: 35439, Total Rows Processed: 35439, Total Chunk Time: 0.003 seconds 

Iteration 2 time: 0.011 secs.
Rows Read: 35439, Total Rows Processed: 35439, Total Chunk Time: 0.003 seconds 

Iteration 3 time: 0.006 secs.
Rows Read: 35439, Total Rows Processed: 35439, Total Chunk Time: 0.003 seconds 

Iteration 4 time: 0.006 secs.
Rows Read: 35439, Total Rows Processed: 35439, Total Chunk Time: 0.003 seconds 

Iteration 5 time: 0.006 secs.
Rows Read: 35439, Total Rows Processed: 35439, Total Chunk Time: 0.003 seconds 

Iteration 6 time: 0.007 secs.

Elapsed computation time: 0.089 secs.
Rows Read: 35439, Total Rows Processed: 35439, Total Chunk Time: Less than .001 seconds 

Starting values (iteration 1) time: 0.020 secs.
Rows Read: 35439, Total Rows Processed: 35439, Total Chunk Time: 0.002 seconds 

Iteration 2 time: 0.011 secs.

Elapsed computation time: 0.038 secs.
Rows Read: 35439, Total Rows Processed: 35439, Total Chunk Time: 0.001 seconds 

Starting values (iteration 1) time: 0.013 secs.
Rows Read: 35439, Total Rows Processed: 35439, Total Chunk Time: 0.002 seconds 

Iteration 2 time: 0.010 secs.
Rows Read: 35439, Total Rows Processed: 35439, Total Chunk Time: 0.003 seconds 

Iteration 3 time: 0.006 secs.
Rows Read: 35439, Total Rows Processed: 35439, Total Chunk Time: 0.003 seconds 

Iteration 4 time: 0.006 secs.
Rows Read: 35439, Total Rows Processed: 35439, Total Chunk Time: 0.003 seconds 

Iteration 5 time: 0.006 secs.
Rows Read: 35439, Total Rows Processed: 35439, Total Chunk Time: 0.004 seconds 

Iteration 6 time: 0.006 secs.

Elapsed computation time: 0.071 secs.

Elapsed computation time: 0.230 secs.
[1] "--------------------------------------------------------------------------------"
[1] "analyze.results.glm.step="
Logistic Regression Results for: RaceHorse.IsHitA ~
    Horse.TimeSdvByRaceAvg
Data: data
Dependent variable(s): RaceHorse.IsHitA
Total independent variables: 2 
Number of valid observations: 35439
Number of missing observations: 0 
 
Coefficients:
                       RaceHorse.IsHitA
(Intercept)                          -3
Horse.TimeSdvByRaceAvg                2
[1] "analyze.results.glm.step.summary"
Call:
rxLogit(formula = formula, data = data, variableSelection = analyze.results.glm.step.varsel)

Logistic Regression Results for: RaceHorse.IsHitA ~
    Horse.TimeSdvByRaceAvg
Data: data
Dependent variable(s): RaceHorse.IsHitA
Total independent variables: 2 
Number of valid observations: 35439
Number of missing observations: 0 
-2*LogLikelihood: 15369.137 (Residual deviance on 35437 degrees of freedom)
 
Coefficients:
                       Estimate Std. Error z value Pr(>|z|)    
(Intercept)             -3.3370     0.0359   -93.0  2.2e-16 ***
Horse.TimeSdvByRaceAvg   1.9746     0.0485    40.7  2.2e-16 ***
---
Signif. codes:  0 '***' 0.001 '**' 0.01 '*' 0.05 '.' 0.1 ' ' 1

Condition number of final variance-covariance matrix: 1 
Number of iterations: 6
[1] "--------------------------------------------------------------------------------"
[1] "2022-02-27 12:24:18 --- rxGlm with rxStepControl Finish ---"
[1] "2022-02-27 12:24:18 --- rxStepPlot Start ---"
[1] "pdfFilename=pdf_analyze_glm_Horse_Type15_rxStepPlot.pdf"
[1] "rxStepPlot="
[1] "2022-02-27 12:24:19 --- rxStepPlot Finish ---"
[1] "2022-02-27 12:24:19 --- save.image Start ---"
[1] "save.image"
[1] "rdataFilename=RData_analyze_glm_Horse_Type15.RData"
[1] "2022-02-27 12:24:19 --- save.image Finish ---"
[1] "2022-02-27 12:24:19 --- final Start ---"
[1] "--------------------------------------------------------------------------------"
[1] "nrow(data) final=35439"
[1] "--------------------------------------------------------------------------------"
[1] "2022-02-27 12:24:19 --- final Finish ---"
[1] "2022-02-27 12:24:19 --- analyze_glm.R Finished ---"
[1] "2022-02-27 12:24:19 --- log Finish ---"
