[1] "2022-02-27 12:24:07 --- D1115_analyze_glm_Horse_IsHitA_Type31 Start ---"
[1] "2022-02-27 12:24:07 --- Log Start ---"
[1] "2022-02-27 12:24:07 --- analyze_glm.R Start ---"
[1] "analyzeVersion=D1115"
[1] "analyzeCategory=analyze"
[1] "analyzeType=Horse"
[1] "analyzeFamily=IsHitA"
[1] "analyzeFunc=glm"
[1] "analyzeTrackTypeCd=3"
[1] "analyzeJyokenCd=1"
[1] "2022-02-27 12:24:07 --- source_function.R Start ---"
[1] "2022-02-27 12:24:07 --- source_function.R Finished ---"

> print(paste0(Sys.time(), " --- source_library.R Start ---"))
[1] "2022-02-27 12:24:07 --- source_library.R Start ---"

> require("RevoScaleR")

> print(paste0(Sys.time(), " --- source_library.R Finished ---"))
[1] "2022-02-27 12:24:08 --- source_library.R Finished ---"
[1] "2022-02-27 12:24:08 --- RxSqlServerData Start ---"
[1] "2022-02-27 12:24:08 --- RxInSqlServer Start ---"
[1] "2022-02-27 12:24:08 --- RxInSqlServer Finish ---"
[1] "2022-02-27 12:24:08 --- rxSetComputeContext Start ---"
[1] "2022-02-27 12:24:08 --- rxSetComputeContext Finish ---"
[1] "2022-02-27 12:24:08 --- RxSqlServerData Start ---"
[1] "sqlQuery=SELECT * FROM ViewAnalyzeD1115analyze01HorseType31"
[1] "2022-02-27 12:24:08 --- RxSqlServerData Finish ---"
[1] "2022-02-27 12:24:08 --- rxGetVarInfo Start ---"
[1] "2022-02-27 12:24:09 --- rxGetVarInfo Finish---"
[1] "2022-02-27 12:24:09 --- rxImport Start ---"
Rows Read: 2534, Total Rows Processed: 2534, Total Chunk Time: 333.676 seconds 
[1] "2022-02-27 12:35:30 --- rxImport Finish ---"
[1] "object.size(data) auto=839.7 Kb"
[1] "--------------------------------------------------------------------------------"
[1] "nrow(data) RxSqlServerData=2534"
[1] "--------------------------------------------------------------------------------"
[1] "str(data)="
'data.frame':	2534 obs. of  44 variables:
 $ Race.RaceId                      : Factor w/ 213 levels "20160924-06-04-05-08",..: 10 11 12 13 14 15 16 17 18 19 ...
 $ Race.IsAnalyzeNormalPastAndFuture: logi  TRUE TRUE TRUE TRUE TRUE TRUE ...
 $ Race.IsAnalyzeNormalPast         : logi  TRUE TRUE TRUE TRUE TRUE TRUE ...
 $ Race.IsAnalyzeNormalFuture       : logi  FALSE FALSE FALSE FALSE FALSE FALSE ...
 $ Race.IsAnalyzeFullPastAndFuture  : logi  TRUE TRUE TRUE TRUE TRUE TRUE ...
 $ Race.IsAnalyzeFullPast           : logi  TRUE TRUE TRUE TRUE TRUE TRUE ...
 $ Race.IsAnalyzeFullFuture         : logi  FALSE FALSE FALSE FALSE FALSE FALSE ...
 $ Race.JyokenCd                    : Factor w/ 1 level "1": 1 1 1 1 1 1 1 1 1 1 ...
 $ Race.JyoType1Cd                  : Factor w/ 53 levels "3-06-3210-1-2",..: 9 6 10 5 11 6 12 13 14 15 ...
 $ Race.RaceType1Cd                 : Factor w/ 5 levels "3-1-E-3","3-1-X-3",..: 2 2 4 2 2 1 3 1 2 2 ...
 $ RaceHorse.RaceId                 : Factor w/ 213 levels "20160924-06-04-05-08",..: 10 11 12 13 14 15 16 17 18 19 ...
 $ RaceHorse.KettoNum               : Factor w/ 478 levels "2007101410","2007104703",..: 11 11 12 8 9 13 10 14 15 16 ...
 $ RaceHorse.IsHit1                 : num  0 0 0 1 0 0 0 0 0 0 ...
 $ RaceHorse.IsHit2                 : num  0 0 0 0 0 0 0 0 0 0 ...
 $ RaceHorse.IsHit3                 : num  0 0 0 0 0 0 0 0 0 0 ...
 $ RaceHorse.IsHit4                 : num  0 0 0 0 0 0 0 1 0 0 ...
 $ RaceHorse.IsHit5                 : num  0 0 0 0 0 0 0 0 0 0 ...
 $ RaceHorse.IsHit6                 : num  1 1 1 0 1 1 1 0 1 1 ...
 $ RaceHorse.IsValidRaceHorse       : logi  TRUE TRUE TRUE TRUE FALSE TRUE ...
 $ RaceHorse.TimeSdvByRace          : num  -2.3 -1.71 -2.29 1.19 -3.26 ...
 $ RaceHorse.TimeSdv                : num  -1.568 0.189 -1.626 0.122 -1.976 ...
 $ RaceHorse.IsHitA                 : num  0 0 0 1 0 0 0 0 0 0 ...
 $ RaceHorse.IsHitB                 : num  0 0 0 1 0 0 0 0 0 0 ...
 $ RaceHorse.IsHitC                 : num  0 0 0 1 0 0 0 0 0 0 ...
 $ Horse.KettoNum                   : Factor w/ 478 levels "2007101410","2007104703",..: 11 11 12 8 9 13 10 14 15 16 ...
 $ Horse.TimeSdvByRaceAvg           : num  -0.0575 -0.1199 0.5594 0.1509 0.384 ...
 $ Horse.TimeSdvByRaceMin           : num  -1.59 -2.3 -2.22 -1.94 -2.06 ...
 $ Horse.TimeSdvByRaceMax           : num  1.47 1.47 1.65 1.61 1.29 ...
 $ Horse.TimeSdvAvg                 : num  -0.055 -0.0971 0.4949 -0.0522 0.1526 ...
 $ Horse.TimeSdvMin                 : num  -1.32 -1.57 -3.01 -1.89 -3.78 ...
 $ Horse.TimeSdvMax                 : num  1.06 1.06 1.95 1.89 2.02 ...
 $ Horse.OrderOfFinishSdvAvg        : num  -0.157 -0.194 0.551 0.225 0.327 ...
 $ Horse.RunCount                   : num  35 36 43 52 42 32 43 49 36 37 ...
 $ Horse.HitCount1                  : num  2 2 5 2 4 5 4 6 3 3 ...
 $ Horse.HitCount2                  : num  1 1 9 5 9 4 5 4 4 2 ...
 $ Horse.HitCount3                  : num  0 0 5 5 3 3 4 4 2 3 ...
 $ Horse.HitCount4                  : num  2 2 4 4 5 4 3 7 1 6 ...
 $ Horse.HitCount5                  : num  5 5 2 7 2 0 5 4 4 0 ...
 $ Horse.HitRate1                   : num  0.0571 0.0556 0.1163 0.0385 0.0952 ...
 $ Horse.HitRate2                   : num  0.0286 0.0278 0.2093 0.0962 0.2143 ...
 $ Horse.HitRate3                   : num  0 0 0.1163 0.0962 0.0714 ...
 $ Horse.HitRate4                   : num  0.0571 0.0556 0.093 0.0769 0.119 ...
 $ Horse.HitRate5                   : num  0.1429 0.1389 0.0465 0.1346 0.0476 ...
 $ EOF                              : int  1 1 1 1 1 1 1 1 1 1 ...
[1] "2022-02-27 12:35:31 --- RxSqlServerData Finish ---"
[1] "2022-02-27 12:35:31 --- subset Start ---"
[1] "--------------------------------------------------------------------------------"
[1] "nrow(data) subset before=2534"
[1] "nrow(data) subset after =2534"
[1] "nrow(data) subset diff =0"
[1] "--------------------------------------------------------------------------------"
[1] "2022-02-27 12:35:31 --- subset Finish---"
[1] "2022-02-27 12:35:31 --- transform Start ---"
[1] "--------------------------------------------------------------------------------"
[1] "nrow(data) transform before=2534"
[1] "nrow(data) transform after=2534"
[1] "nrow(data) transform diff=0"
[1] "--------------------------------------------------------------------------------"
[1] "str(data)="
'data.frame':	2534 obs. of  44 variables:
 $ Race.RaceId                      : Factor w/ 213 levels "20160924-06-04-05-08",..: 10 11 12 13 14 15 16 17 18 19 ...
 $ Race.IsAnalyzeNormalPastAndFuture: logi  TRUE TRUE TRUE TRUE TRUE TRUE ...
 $ Race.IsAnalyzeNormalPast         : logi  TRUE TRUE TRUE TRUE TRUE TRUE ...
 $ Race.IsAnalyzeNormalFuture       : logi  FALSE FALSE FALSE FALSE FALSE FALSE ...
 $ Race.IsAnalyzeFullPastAndFuture  : logi  TRUE TRUE TRUE TRUE TRUE TRUE ...
 $ Race.IsAnalyzeFullPast           : logi  TRUE TRUE TRUE TRUE TRUE TRUE ...
 $ Race.IsAnalyzeFullFuture         : logi  FALSE FALSE FALSE FALSE FALSE FALSE ...
 $ Race.JyokenCd                    : Factor w/ 1 level "1": 1 1 1 1 1 1 1 1 1 1 ...
 $ Race.JyoType1Cd                  : Factor w/ 53 levels "3-06-3210-1-2",..: 9 6 10 5 11 6 12 13 14 15 ...
 $ Race.RaceType1Cd                 : Factor w/ 5 levels "3-1-E-3","3-1-X-3",..: 2 2 4 2 2 1 3 1 2 2 ...
 $ RaceHorse.RaceId                 : Factor w/ 213 levels "20160924-06-04-05-08",..: 10 11 12 13 14 15 16 17 18 19 ...
 $ RaceHorse.KettoNum               : Factor w/ 478 levels "2007101410","2007104703",..: 11 11 12 8 9 13 10 14 15 16 ...
 $ RaceHorse.IsHit1                 : num  0 0 0 1 0 0 0 0 0 0 ...
 $ RaceHorse.IsHit2                 : num  0 0 0 0 0 0 0 0 0 0 ...
 $ RaceHorse.IsHit3                 : num  0 0 0 0 0 0 0 0 0 0 ...
 $ RaceHorse.IsHit4                 : num  0 0 0 0 0 0 0 1 0 0 ...
 $ RaceHorse.IsHit5                 : num  0 0 0 0 0 0 0 0 0 0 ...
 $ RaceHorse.IsHit6                 : num  1 1 1 0 1 1 1 0 1 1 ...
 $ RaceHorse.IsValidRaceHorse       : logi  TRUE TRUE TRUE TRUE FALSE TRUE ...
 $ RaceHorse.TimeSdvByRace          : num  -2.3 -1.71 -2.29 1.19 -3.26 ...
 $ RaceHorse.TimeSdv                : num  -1.568 0.189 -1.626 0.122 -1.976 ...
 $ RaceHorse.IsHitA                 : num  0 0 0 1 0 0 0 0 0 0 ...
 $ RaceHorse.IsHitB                 : num  0 0 0 1 0 0 0 0 0 0 ...
 $ RaceHorse.IsHitC                 : num  0 0 0 1 0 0 0 0 0 0 ...
 $ Horse.KettoNum                   : Factor w/ 478 levels "2007101410","2007104703",..: 11 11 12 8 9 13 10 14 15 16 ...
 $ Horse.TimeSdvByRaceAvg           : num  -0.0575 -0.1199 0.5594 0.1509 0.384 ...
 $ Horse.TimeSdvByRaceMin           : num  -1.59 -2.3 -2.22 -1.94 -2.06 ...
 $ Horse.TimeSdvByRaceMax           : num  1.47 1.47 1.65 1.61 1.29 ...
 $ Horse.TimeSdvAvg                 : num  -0.055 -0.0971 0.4949 -0.0522 0.1526 ...
 $ Horse.TimeSdvMin                 : num  -1.32 -1.57 -3.01 -1.89 -3.78 ...
 $ Horse.TimeSdvMax                 : num  1.06 1.06 1.95 1.89 2.02 ...
 $ Horse.OrderOfFinishSdvAvg        : num  -0.157 -0.194 0.551 0.225 0.327 ...
 $ Horse.RunCount                   : num  35 36 43 52 42 32 43 49 36 37 ...
 $ Horse.HitCount1                  : num  2 2 5 2 4 5 4 6 3 3 ...
 $ Horse.HitCount2                  : num  1 1 9 5 9 4 5 4 4 2 ...
 $ Horse.HitCount3                  : num  0 0 5 5 3 3 4 4 2 3 ...
 $ Horse.HitCount4                  : num  2 2 4 4 5 4 3 7 1 6 ...
 $ Horse.HitCount5                  : num  5 5 2 7 2 0 5 4 4 0 ...
 $ Horse.HitRate1                   : num  0.0571 0.0556 0.1163 0.0385 0.0952 ...
 $ Horse.HitRate2                   : num  0.0286 0.0278 0.2093 0.0962 0.2143 ...
 $ Horse.HitRate3                   : num  0 0 0.1163 0.0962 0.0714 ...
 $ Horse.HitRate4                   : num  0.0571 0.0556 0.093 0.0769 0.119 ...
 $ Horse.HitRate5                   : num  0.1429 0.1389 0.0465 0.1346 0.0476 ...
 $ EOF                              : int  1 1 1 1 1 1 1 1 1 1 ...
NULL
[1] "2022-02-27 12:35:31 --- transform Finish ---"
[1] "2022-02-27 12:35:31 --- na.omit Start ---"
[1] "--------------------------------------------------------------------------------"
[1] "nrow(data) na.omit before=2534"
[1] "nrow(data) na.omit after =2416"
[1] "nrow(data) na.omit diff =118"
[1] "--------------------------------------------------------------------------------"
'data.frame':	2416 obs. of  44 variables:
 $ Race.RaceId                      : Factor w/ 213 levels "20160924-06-04-05-08",..: 10 11 12 13 14 15 16 17 18 19 ...
 $ Race.IsAnalyzeNormalPastAndFuture: logi  TRUE TRUE TRUE TRUE TRUE TRUE ...
 $ Race.IsAnalyzeNormalPast         : logi  TRUE TRUE TRUE TRUE TRUE TRUE ...
 $ Race.IsAnalyzeNormalFuture       : logi  FALSE FALSE FALSE FALSE FALSE FALSE ...
 $ Race.IsAnalyzeFullPastAndFuture  : logi  TRUE TRUE TRUE TRUE TRUE TRUE ...
 $ Race.IsAnalyzeFullPast           : logi  TRUE TRUE TRUE TRUE TRUE TRUE ...
 $ Race.IsAnalyzeFullFuture         : logi  FALSE FALSE FALSE FALSE FALSE FALSE ...
 $ Race.JyokenCd                    : Factor w/ 1 level "1": 1 1 1 1 1 1 1 1 1 1 ...
 $ Race.JyoType1Cd                  : Factor w/ 53 levels "3-06-3210-1-2",..: 9 6 10 5 11 6 12 13 14 15 ...
 $ Race.RaceType1Cd                 : Factor w/ 5 levels "3-1-E-3","3-1-X-3",..: 2 2 4 2 2 1 3 1 2 2 ...
 $ RaceHorse.RaceId                 : Factor w/ 213 levels "20160924-06-04-05-08",..: 10 11 12 13 14 15 16 17 18 19 ...
 $ RaceHorse.KettoNum               : Factor w/ 478 levels "2007101410","2007104703",..: 11 11 12 8 9 13 10 14 15 16 ...
 $ RaceHorse.IsHit1                 : num  0 0 0 1 0 0 0 0 0 0 ...
 $ RaceHorse.IsHit2                 : num  0 0 0 0 0 0 0 0 0 0 ...
 $ RaceHorse.IsHit3                 : num  0 0 0 0 0 0 0 0 0 0 ...
 $ RaceHorse.IsHit4                 : num  0 0 0 0 0 0 0 1 0 0 ...
 $ RaceHorse.IsHit5                 : num  0 0 0 0 0 0 0 0 0 0 ...
 $ RaceHorse.IsHit6                 : num  1 1 1 0 1 1 1 0 1 1 ...
 $ RaceHorse.IsValidRaceHorse       : logi  TRUE TRUE TRUE TRUE FALSE TRUE ...
 $ RaceHorse.TimeSdvByRace          : num  -2.3 -1.71 -2.29 1.19 -3.26 ...
 $ RaceHorse.TimeSdv                : num  -1.568 0.189 -1.626 0.122 -1.976 ...
 $ RaceHorse.IsHitA                 : num  0 0 0 1 0 0 0 0 0 0 ...
 $ RaceHorse.IsHitB                 : num  0 0 0 1 0 0 0 0 0 0 ...
 $ RaceHorse.IsHitC                 : num  0 0 0 1 0 0 0 0 0 0 ...
 $ Horse.KettoNum                   : Factor w/ 478 levels "2007101410","2007104703",..: 11 11 12 8 9 13 10 14 15 16 ...
 $ Horse.TimeSdvByRaceAvg           : num  -0.0575 -0.1199 0.5594 0.1509 0.384 ...
 $ Horse.TimeSdvByRaceMin           : num  -1.59 -2.3 -2.22 -1.94 -2.06 ...
 $ Horse.TimeSdvByRaceMax           : num  1.47 1.47 1.65 1.61 1.29 ...
 $ Horse.TimeSdvAvg                 : num  -0.055 -0.0971 0.4949 -0.0522 0.1526 ...
 $ Horse.TimeSdvMin                 : num  -1.32 -1.57 -3.01 -1.89 -3.78 ...
 $ Horse.TimeSdvMax                 : num  1.06 1.06 1.95 1.89 2.02 ...
 $ Horse.OrderOfFinishSdvAvg        : num  -0.157 -0.194 0.551 0.225 0.327 ...
 $ Horse.RunCount                   : num  35 36 43 52 42 32 43 49 36 37 ...
 $ Horse.HitCount1                  : num  2 2 5 2 4 5 4 6 3 3 ...
 $ Horse.HitCount2                  : num  1 1 9 5 9 4 5 4 4 2 ...
 $ Horse.HitCount3                  : num  0 0 5 5 3 3 4 4 2 3 ...
 $ Horse.HitCount4                  : num  2 2 4 4 5 4 3 7 1 6 ...
 $ Horse.HitCount5                  : num  5 5 2 7 2 0 5 4 4 0 ...
 $ Horse.HitRate1                   : num  0.0571 0.0556 0.1163 0.0385 0.0952 ...
 $ Horse.HitRate2                   : num  0.0286 0.0278 0.2093 0.0962 0.2143 ...
 $ Horse.HitRate3                   : num  0 0 0.1163 0.0962 0.0714 ...
 $ Horse.HitRate4                   : num  0.0571 0.0556 0.093 0.0769 0.119 ...
 $ Horse.HitRate5                   : num  0.1429 0.1389 0.0465 0.1346 0.0476 ...
 $ EOF                              : int  1 1 1 1 1 1 1 1 1 1 ...
 - attr(*, "na.action")= 'omit' Named int  30 86 103 133 147 165 181 190 201 211 ...
  ..- attr(*, "names")= chr  "30" "86" "103" "133" ...
[1] "2022-02-27 12:35:31 --- na.omit Finish ---"
[1] "2022-02-27 12:35:31 --- rxGlm with rxStepControl Start ---"

> print(paste0(Sys.time(), " --- source_logic_glm.R Start ---"))
[1] "2022-02-27 12:35:31 --- source_logic_glm.R Start ---"

> formula <- formula(RaceHorse.IsHitA ~ +1 + Horse.TimeSdvByRaceAvg)

> print(paste0(Sys.time(), " --- source_logic_glm.R Finished ---"))
[1] "2022-02-27 12:35:31 --- source_logic_glm.R Finished ---"
Rows Read: 2416, Total Rows Processed: 2416, Total Chunk Time: Less than .001 seconds 

Starting values (iteration 1) time: 0.005 secs.
Rows Read: 2416, Total Rows Processed: 2416, Total Chunk Time: Less than .001 seconds 

Iteration 2 time: 0.003 secs.
Rows Read: 2416, Total Rows Processed: 2416, Total Chunk Time: Less than .001 seconds 

Iteration 3 time: 0.003 secs.
Rows Read: 2416, Total Rows Processed: 2416, Total Chunk Time: Less than .001 seconds 

Iteration 4 time: 0.004 secs.
Rows Read: 2416, Total Rows Processed: 2416, Total Chunk Time: Less than .001 seconds 

Iteration 5 time: 0.003 secs.

Elapsed computation time: 0.035 secs.
Rows Read: 2416, Total Rows Processed: 2416, Total Chunk Time: Less than .001 seconds 

Starting values (iteration 1) time: 0.005 secs.
Rows Read: 2416, Total Rows Processed: 2416, Total Chunk Time: Less than .001 seconds 

Iteration 2 time: 0.003 secs.

Elapsed computation time: 0.015 secs.
Rows Read: 2416, Total Rows Processed: 2416, Total Chunk Time: Less than .001 seconds 

Starting values (iteration 1) time: 0.003 secs.
Rows Read: 2416, Total Rows Processed: 2416, Total Chunk Time: Less than .001 seconds 

Iteration 2 time: 0.003 secs.
Rows Read: 2416, Total Rows Processed: 2416, Total Chunk Time: Less than .001 seconds 

Iteration 3 time: 0.004 secs.
Rows Read: 2416, Total Rows Processed: 2416, Total Chunk Time: Less than .001 seconds 

Iteration 4 time: 0.003 secs.
Rows Read: 2416, Total Rows Processed: 2416, Total Chunk Time: 0.001 seconds 

Iteration 5 time: 0.004 secs.

Elapsed computation time: 0.038 secs.

Elapsed computation time: 0.101 secs.
[1] "--------------------------------------------------------------------------------"
[1] "analyze.results.glm.step="
Logistic Regression Results for: RaceHorse.IsHitA ~
    Horse.TimeSdvByRaceAvg
Data: data
Dependent variable(s): RaceHorse.IsHitA
Total independent variables: 2 
Number of valid observations: 2416
Number of missing observations: 0 
 
Coefficients:
                       RaceHorse.IsHitA
(Intercept)                          -3
Horse.TimeSdvByRaceAvg                3
[1] "analyze.results.glm.step.summary"
Call:
rxLogit(formula = formula, data = data, variableSelection = analyze.results.glm.step.varsel)

Logistic Regression Results for: RaceHorse.IsHitA ~
    Horse.TimeSdvByRaceAvg
Data: data
Dependent variable(s): RaceHorse.IsHitA
Total independent variables: 2 
Number of valid observations: 2416
Number of missing observations: 0 
-2*LogLikelihood: 1362.159 (Residual deviance on 2414 degrees of freedom)
 
Coefficients:
                       Estimate Std. Error z value Pr(>|z|)    
(Intercept)              -3.033      0.126   -24.1  2.2e-16 ***
Horse.TimeSdvByRaceAvg    2.524      0.300     8.4  2.2e-16 ***
---
Signif. codes:  0 '***' 0.001 '**' 0.01 '*' 0.05 '.' 0.1 ' ' 1

Condition number of final variance-covariance matrix: 1 
Number of iterations: 5
[1] "--------------------------------------------------------------------------------"
[1] "2022-02-27 12:35:31 --- rxGlm with rxStepControl Finish ---"
[1] "2022-02-27 12:35:31 --- rxStepPlot Start ---"
[1] "pdfFilename=pdf_analyze_glm_Horse_Type31_rxStepPlot.pdf"
[1] "rxStepPlot="
[1] "2022-02-27 12:35:31 --- rxStepPlot Finish ---"
[1] "2022-02-27 12:35:31 --- save.image Start ---"
[1] "save.image"
[1] "rdataFilename=RData_analyze_glm_Horse_Type31.RData"
[1] "2022-02-27 12:35:32 --- save.image Finish ---"
[1] "2022-02-27 12:35:32 --- final Start ---"
[1] "--------------------------------------------------------------------------------"
[1] "nrow(data) final=2416"
[1] "--------------------------------------------------------------------------------"
[1] "2022-02-27 12:35:32 --- final Finish ---"
[1] "2022-02-27 12:35:32 --- analyze_glm.R Finished ---"
[1] "2022-02-27 12:35:32 --- log Finish ---"
