[1] "2022-02-26 17:57:59 --- D1115_analyze_glm_Jockey_IsHitA_Type22 Start ---"
[1] "2022-02-26 17:58:00 --- Log Start ---"
[1] "2022-02-26 17:58:00 --- analyze_glm.R Start ---"
[1] "analyzeVersion=D1115"
[1] "analyzeCategory=analyze"
[1] "analyzeType=Jockey"
[1] "analyzeFamily=IsHitA"
[1] "analyzeFunc=glm"
[1] "analyzeTrackTypeCd=2"
[1] "analyzeJyokenCd=2"
[1] "2022-02-26 17:58:04 --- source_function.R Start ---"
[1] "2022-02-26 17:58:06 --- source_function.R Finished ---"

> print(paste0(Sys.time(), " --- source_library.R Start ---"))
[1] "2022-02-26 17:58:07 --- source_library.R Start ---"

> require("RevoScaleR")

> print(paste0(Sys.time(), " --- source_library.R Finished ---"))
[1] "2022-02-26 17:58:08 --- source_library.R Finished ---"
[1] "2022-02-26 17:58:09 --- RxSqlServerData Start ---"
[1] "2022-02-26 17:58:09 --- RxInSqlServer Start ---"
[1] "2022-02-26 17:58:09 --- RxInSqlServer Finish ---"
[1] "2022-02-26 17:58:09 --- rxSetComputeContext Start ---"
[1] "2022-02-26 17:58:10 --- rxSetComputeContext Finish ---"
[1] "2022-02-26 17:58:10 --- RxSqlServerData Start ---"
[1] "sqlQuery=SELECT * FROM ViewAnalyzeD1115analyze01JockeyType22"
[1] "2022-02-26 17:58:10 --- RxSqlServerData Finish ---"
[1] "2022-02-26 17:58:11 --- rxGetVarInfo Start ---"
[1] "2022-02-26 17:58:14 --- rxGetVarInfo Finish---"
[1] "2022-02-26 17:58:14 --- rxImport Start ---"
Rows Read: 5687, Total Rows Processed: 5687, Total Chunk Time: 15.103 seconds 
[1] "2022-02-26 17:58:47 --- rxImport Finish ---"
[1] "object.size(data) auto=1.7 Mb"
[1] "--------------------------------------------------------------------------------"
[1] "nrow(data) RxSqlServerData=5687"
[1] "--------------------------------------------------------------------------------"
[1] "str(data)="
'data.frame':	5687 obs. of  43 variables:
 $ Race.RaceId                      : Factor w/ 399 levels "20160116-08-01-05-11",..: 1 2 3 4 5 6 7 8 9 10 ...
 $ Race.IsAnalyzeNormalPastAndFuture: logi  TRUE TRUE TRUE TRUE TRUE TRUE ...
 $ Race.IsAnalyzeNormalPast         : logi  TRUE TRUE TRUE TRUE TRUE TRUE ...
 $ Race.IsAnalyzeNormalFuture       : logi  FALSE FALSE FALSE FALSE FALSE FALSE ...
 $ Race.IsAnalyzeFullPastAndFuture  : logi  TRUE TRUE TRUE TRUE TRUE TRUE ...
 $ Race.IsAnalyzeFullPast           : logi  TRUE TRUE TRUE TRUE TRUE TRUE ...
 $ Race.IsAnalyzeFullFuture         : logi  FALSE FALSE FALSE FALSE FALSE FALSE ...
 $ Race.JyokenCd                    : Factor w/ 1 level "2": 1 1 1 1 1 1 1 1 1 1 ...
 $ Race.JyoType1Cd                  : Factor w/ 71 levels "2-08-1800-2-1",..: 1 2 3 4 5 6 7 8 9 10 ...
 $ Race.RaceType1Cd                 : Factor w/ 2 levels "2-2-E-2","2-2-E-1": 1 1 2 1 2 2 2 1 1 2 ...
 $ RaceHorse.RaceId                 : Factor w/ 399 levels "20160116-08-01-05-11",..: 1 2 3 4 5 6 7 8 9 10 ...
 $ RaceHorse.KettoNum               : Factor w/ 1196 levels "2012105586","2010104035",..: 11 12 13 14 15 16 17 18 11 19 ...
 $ RaceHorse.IsHit1                 : num  0 0 0 0 0 0 0 0 0 0 ...
 $ RaceHorse.IsHit2                 : num  0 0 0 0 0 0 0 0 0 0 ...
 $ RaceHorse.IsHit3                 : num  0 1 0 0 0 0 0 0 1 0 ...
 $ RaceHorse.IsHit4                 : num  0 0 0 0 0 0 0 0 0 1 ...
 $ RaceHorse.IsHit5                 : num  0 0 0 0 0 0 0 0 0 0 ...
 $ RaceHorse.IsHit6                 : num  1 0 1 1 1 1 1 1 0 0 ...
 $ RaceHorse.IsValidRaceHorse       : logi  TRUE TRUE TRUE TRUE TRUE TRUE ...
 $ RaceHorse.TimeSdvByRace          : num  -2.2114 0.8992 0.0724 0.3406 0.6235 ...
 $ RaceHorse.TimeSdv                : num  -1.141 0.647 -1.405 0.998 0.68 ...
 $ RaceHorse.IsHitA                 : num  0 0 0 0 0 0 0 0 0 0 ...
 $ RaceHorse.IsHitB                 : num  0 0 0 0 0 0 0 0 0 0 ...
 $ RaceHorse.IsHitC                 : num  0 1 0 0 0 0 0 0 1 0 ...
 $ Jockey.TimeSdvByRaceAvg          : num  -0.1385 0.0811 0.2691 0.4094 -0.0455 ...
 $ Jockey.TimeSdvByRaceMin          : num  -1.945 -2.853 0.269 -2.657 -2.756 ...
 $ Jockey.TimeSdvByRaceMax          : num  1.224 2.091 0.269 1.93 1.726 ...
 $ Jockey.TimeSdvAvg                : num  0.0236 0.0723 -0.7706 0.3721 -0.0544 ...
 $ Jockey.TimeSdvMin                : num  -2.303 -2.437 -0.771 -4.344 -3.498 ...
 $ Jockey.TimeSdvMax                : num  1.306 1.771 -0.771 2.178 1.898 ...
 $ Jockey.OrderOfFinishSdvAvg       : num  -0.04908 0.03096 0.4624 0.4237 -0.00289 ...
 $ Jockey.RunCount                  : num  16 49 1 61 83 2 10 22 34 45 ...
 $ Jockey.HitCount1                 : num  3 5 0 7 5 0 0 1 1 6 ...
 $ Jockey.HitCount2                 : num  1 3 0 7 10 0 0 2 3 2 ...
 $ Jockey.HitCount3                 : num  0 4 0 6 3 0 1 1 2 4 ...
 $ Jockey.HitCount4                 : num  0 1 0 2 6 0 1 0 3 5 ...
 $ Jockey.HitCount5                 : num  0 4 0 8 4 0 0 0 1 6 ...
 $ Jockey.HitRate1                  : num  0.1875 0.102 0 0.1148 0.0602 ...
 $ Jockey.HitRate2                  : num  0.0625 0.0612 0 0.1148 0.1205 ...
 $ Jockey.HitRate3                  : num  0 0.0816 0 0.0984 0.0361 ...
 $ Jockey.HitRate4                  : num  0 0.0204 0 0.0328 0.0723 ...
 $ Jockey.HitRate5                  : num  0 0.0816 0 0.1311 0.0482 ...
 $ EOF                              : int  1 1 1 1 1 1 1 1 1 1 ...
[1] "2022-02-26 17:59:16 --- RxSqlServerData Finish ---"
[1] "2022-02-26 17:59:16 --- subset Start ---"
[1] "--------------------------------------------------------------------------------"
[1] "nrow(data) subset before=5687"
[1] "nrow(data) subset after =5687"
[1] "nrow(data) subset diff =0"
[1] "--------------------------------------------------------------------------------"
[1] "2022-02-26 17:59:16 --- subset Finish---"
[1] "2022-02-26 17:59:16 --- transform Start ---"
[1] "--------------------------------------------------------------------------------"
[1] "nrow(data) transform before=5687"
[1] "nrow(data) transform after=5687"
[1] "nrow(data) transform diff=0"
[1] "--------------------------------------------------------------------------------"
[1] "str(data)="
'data.frame':	5687 obs. of  43 variables:
 $ Race.RaceId                      : Factor w/ 399 levels "20160116-08-01-05-11",..: 1 2 3 4 5 6 7 8 9 10 ...
 $ Race.IsAnalyzeNormalPastAndFuture: logi  TRUE TRUE TRUE TRUE TRUE TRUE ...
 $ Race.IsAnalyzeNormalPast         : logi  TRUE TRUE TRUE TRUE TRUE TRUE ...
 $ Race.IsAnalyzeNormalFuture       : logi  FALSE FALSE FALSE FALSE FALSE FALSE ...
 $ Race.IsAnalyzeFullPastAndFuture  : logi  TRUE TRUE TRUE TRUE TRUE TRUE ...
 $ Race.IsAnalyzeFullPast           : logi  TRUE TRUE TRUE TRUE TRUE TRUE ...
 $ Race.IsAnalyzeFullFuture         : logi  FALSE FALSE FALSE FALSE FALSE FALSE ...
 $ Race.JyokenCd                    : Factor w/ 1 level "2": 1 1 1 1 1 1 1 1 1 1 ...
 $ Race.JyoType1Cd                  : Factor w/ 71 levels "2-08-1800-2-1",..: 1 2 3 4 5 6 7 8 9 10 ...
 $ Race.RaceType1Cd                 : Factor w/ 2 levels "2-2-E-2","2-2-E-1": 1 1 2 1 2 2 2 1 1 2 ...
 $ RaceHorse.RaceId                 : Factor w/ 399 levels "20160116-08-01-05-11",..: 1 2 3 4 5 6 7 8 9 10 ...
 $ RaceHorse.KettoNum               : Factor w/ 1196 levels "2012105586","2010104035",..: 11 12 13 14 15 16 17 18 11 19 ...
 $ RaceHorse.IsHit1                 : num  0 0 0 0 0 0 0 0 0 0 ...
 $ RaceHorse.IsHit2                 : num  0 0 0 0 0 0 0 0 0 0 ...
 $ RaceHorse.IsHit3                 : num  0 1 0 0 0 0 0 0 1 0 ...
 $ RaceHorse.IsHit4                 : num  0 0 0 0 0 0 0 0 0 1 ...
 $ RaceHorse.IsHit5                 : num  0 0 0 0 0 0 0 0 0 0 ...
 $ RaceHorse.IsHit6                 : num  1 0 1 1 1 1 1 1 0 0 ...
 $ RaceHorse.IsValidRaceHorse       : logi  TRUE TRUE TRUE TRUE TRUE TRUE ...
 $ RaceHorse.TimeSdvByRace          : num  -2.2114 0.8992 0.0724 0.3406 0.6235 ...
 $ RaceHorse.TimeSdv                : num  -1.141 0.647 -1.405 0.998 0.68 ...
 $ RaceHorse.IsHitA                 : num  0 0 0 0 0 0 0 0 0 0 ...
 $ RaceHorse.IsHitB                 : num  0 0 0 0 0 0 0 0 0 0 ...
 $ RaceHorse.IsHitC                 : num  0 1 0 0 0 0 0 0 1 0 ...
 $ Jockey.TimeSdvByRaceAvg          : num  -0.1385 0.0811 0.2691 0.4094 -0.0455 ...
 $ Jockey.TimeSdvByRaceMin          : num  -1.945 -2.853 0.269 -2.657 -2.756 ...
 $ Jockey.TimeSdvByRaceMax          : num  1.224 2.091 0.269 1.93 1.726 ...
 $ Jockey.TimeSdvAvg                : num  0.0236 0.0723 -0.7706 0.3721 -0.0544 ...
 $ Jockey.TimeSdvMin                : num  -2.303 -2.437 -0.771 -4.344 -3.498 ...
 $ Jockey.TimeSdvMax                : num  1.306 1.771 -0.771 2.178 1.898 ...
 $ Jockey.OrderOfFinishSdvAvg       : num  -0.04908 0.03096 0.4624 0.4237 -0.00289 ...
 $ Jockey.RunCount                  : num  16 49 1 61 83 2 10 22 34 45 ...
 $ Jockey.HitCount1                 : num  3 5 0 7 5 0 0 1 1 6 ...
 $ Jockey.HitCount2                 : num  1 3 0 7 10 0 0 2 3 2 ...
 $ Jockey.HitCount3                 : num  0 4 0 6 3 0 1 1 2 4 ...
 $ Jockey.HitCount4                 : num  0 1 0 2 6 0 1 0 3 5 ...
 $ Jockey.HitCount5                 : num  0 4 0 8 4 0 0 0 1 6 ...
 $ Jockey.HitRate1                  : num  0.1875 0.102 0 0.1148 0.0602 ...
 $ Jockey.HitRate2                  : num  0.0625 0.0612 0 0.1148 0.1205 ...
 $ Jockey.HitRate3                  : num  0 0.0816 0 0.0984 0.0361 ...
 $ Jockey.HitRate4                  : num  0 0.0204 0 0.0328 0.0723 ...
 $ Jockey.HitRate5                  : num  0 0.0816 0 0.1311 0.0482 ...
 $ EOF                              : int  1 1 1 1 1 1 1 1 1 1 ...
NULL
[1] "2022-02-26 18:00:03 --- transform Finish ---"
[1] "2022-02-26 18:00:04 --- na.omit Start ---"
[1] "--------------------------------------------------------------------------------"
[1] "nrow(data) na.omit before=5687"
[1] "nrow(data) na.omit after =5649"
[1] "nrow(data) na.omit diff =38"
[1] "--------------------------------------------------------------------------------"
'data.frame':	5649 obs. of  43 variables:
 $ Race.RaceId                      : Factor w/ 399 levels "20160116-08-01-05-11",..: 1 2 3 4 5 6 7 8 9 10 ...
 $ Race.IsAnalyzeNormalPastAndFuture: logi  TRUE TRUE TRUE TRUE TRUE TRUE ...
 $ Race.IsAnalyzeNormalPast         : logi  TRUE TRUE TRUE TRUE TRUE TRUE ...
 $ Race.IsAnalyzeNormalFuture       : logi  FALSE FALSE FALSE FALSE FALSE FALSE ...
 $ Race.IsAnalyzeFullPastAndFuture  : logi  TRUE TRUE TRUE TRUE TRUE TRUE ...
 $ Race.IsAnalyzeFullPast           : logi  TRUE TRUE TRUE TRUE TRUE TRUE ...
 $ Race.IsAnalyzeFullFuture         : logi  FALSE FALSE FALSE FALSE FALSE FALSE ...
 $ Race.JyokenCd                    : Factor w/ 1 level "2": 1 1 1 1 1 1 1 1 1 1 ...
 $ Race.JyoType1Cd                  : Factor w/ 71 levels "2-08-1800-2-1",..: 1 2 3 4 5 6 7 8 9 10 ...
 $ Race.RaceType1Cd                 : Factor w/ 2 levels "2-2-E-2","2-2-E-1": 1 1 2 1 2 2 2 1 1 2 ...
 $ RaceHorse.RaceId                 : Factor w/ 399 levels "20160116-08-01-05-11",..: 1 2 3 4 5 6 7 8 9 10 ...
 $ RaceHorse.KettoNum               : Factor w/ 1196 levels "2012105586","2010104035",..: 11 12 13 14 15 16 17 18 11 19 ...
 $ RaceHorse.IsHit1                 : num  0 0 0 0 0 0 0 0 0 0 ...
 $ RaceHorse.IsHit2                 : num  0 0 0 0 0 0 0 0 0 0 ...
 $ RaceHorse.IsHit3                 : num  0 1 0 0 0 0 0 0 1 0 ...
 $ RaceHorse.IsHit4                 : num  0 0 0 0 0 0 0 0 0 1 ...
 $ RaceHorse.IsHit5                 : num  0 0 0 0 0 0 0 0 0 0 ...
 $ RaceHorse.IsHit6                 : num  1 0 1 1 1 1 1 1 0 0 ...
 $ RaceHorse.IsValidRaceHorse       : logi  TRUE TRUE TRUE TRUE TRUE TRUE ...
 $ RaceHorse.TimeSdvByRace          : num  -2.2114 0.8992 0.0724 0.3406 0.6235 ...
 $ RaceHorse.TimeSdv                : num  -1.141 0.647 -1.405 0.998 0.68 ...
 $ RaceHorse.IsHitA                 : num  0 0 0 0 0 0 0 0 0 0 ...
 $ RaceHorse.IsHitB                 : num  0 0 0 0 0 0 0 0 0 0 ...
 $ RaceHorse.IsHitC                 : num  0 1 0 0 0 0 0 0 1 0 ...
 $ Jockey.TimeSdvByRaceAvg          : num  -0.1385 0.0811 0.2691 0.4094 -0.0455 ...
 $ Jockey.TimeSdvByRaceMin          : num  -1.945 -2.853 0.269 -2.657 -2.756 ...
 $ Jockey.TimeSdvByRaceMax          : num  1.224 2.091 0.269 1.93 1.726 ...
 $ Jockey.TimeSdvAvg                : num  0.0236 0.0723 -0.7706 0.3721 -0.0544 ...
 $ Jockey.TimeSdvMin                : num  -2.303 -2.437 -0.771 -4.344 -3.498 ...
 $ Jockey.TimeSdvMax                : num  1.306 1.771 -0.771 2.178 1.898 ...
 $ Jockey.OrderOfFinishSdvAvg       : num  -0.04908 0.03096 0.4624 0.4237 -0.00289 ...
 $ Jockey.RunCount                  : num  16 49 1 61 83 2 10 22 34 45 ...
 $ Jockey.HitCount1                 : num  3 5 0 7 5 0 0 1 1 6 ...
 $ Jockey.HitCount2                 : num  1 3 0 7 10 0 0 2 3 2 ...
 $ Jockey.HitCount3                 : num  0 4 0 6 3 0 1 1 2 4 ...
 $ Jockey.HitCount4                 : num  0 1 0 2 6 0 1 0 3 5 ...
 $ Jockey.HitCount5                 : num  0 4 0 8 4 0 0 0 1 6 ...
 $ Jockey.HitRate1                  : num  0.1875 0.102 0 0.1148 0.0602 ...
 $ Jockey.HitRate2                  : num  0.0625 0.0612 0 0.1148 0.1205 ...
 $ Jockey.HitRate3                  : num  0 0.0816 0 0.0984 0.0361 ...
 $ Jockey.HitRate4                  : num  0 0.0204 0 0.0328 0.0723 ...
 $ Jockey.HitRate5                  : num  0 0.0816 0 0.1311 0.0482 ...
 $ EOF                              : int  1 1 1 1 1 1 1 1 1 1 ...
 - attr(*, "na.action")= 'omit' Named int  83 99 409 422 424 478 579 597 724 768 ...
  ..- attr(*, "names")= chr  "83" "99" "409" "422" ...
[1] "2022-02-26 18:00:54 --- na.omit Finish ---"
[1] "2022-02-26 18:00:55 --- rxGlm with rxStepControl Start ---"

> print(paste0(Sys.time(), " --- source_logic_glm.R Start ---"))
[1] "2022-02-26 18:00:57 --- source_logic_glm.R Start ---"

> formula <- formula(RaceHorse.IsHitA ~ +1 + Jockey.TimeSdvByRaceAvg)

> print(paste0(Sys.time(), " --- source_logic_glm.R Finished ---"))
[1] "2022-02-26 18:00:59 --- source_logic_glm.R Finished ---"
Rows Read: 5649, Total Rows Processed: 5649, Total Chunk Time: 0.002 seconds 

Starting values (iteration 1) time: 0.010 secs.
Rows Read: 5649, Total Rows Processed: 5649, Total Chunk Time: 0.002 seconds 

Iteration 2 time: 0.006 secs.
Rows Read: 5649, Total Rows Processed: 5649, Total Chunk Time: 0.002 seconds 

Iteration 3 time: 0.004 secs.
Rows Read: 5649, Total Rows Processed: 5649, Total Chunk Time: 0.001 seconds 

Iteration 4 time: 0.005 secs.
Rows Read: 5649, Total Rows Processed: 5649, Total Chunk Time: 0.001 seconds 

Iteration 5 time: 0.006 secs.

Elapsed computation time: 0.107 secs.
Rows Read: 5649, Total Rows Processed: 5649, Total Chunk Time: 0.001 seconds 

Starting values (iteration 1) time: 0.005 secs.
Rows Read: 5649, Total Rows Processed: 5649, Total Chunk Time: 0.001 seconds 

Iteration 2 time: 0.010 secs.

Elapsed computation time: 0.029 secs.
Rows Read: 5649, Total Rows Processed: 5649, Total Chunk Time: 0.002 seconds 

Starting values (iteration 1) time: 0.007 secs.
Rows Read: 5649, Total Rows Processed: 5649, Total Chunk Time: 0.002 seconds 

Iteration 2 time: 0.006 secs.
Rows Read: 5649, Total Rows Processed: 5649, Total Chunk Time: 0.001 seconds 

Iteration 3 time: 0.004 secs.
Rows Read: 5649, Total Rows Processed: 5649, Total Chunk Time: 0.002 seconds 

Iteration 4 time: 0.005 secs.
Rows Read: 5649, Total Rows Processed: 5649, Total Chunk Time: 0.001 seconds 

Iteration 5 time: 0.006 secs.

Elapsed computation time: 0.082 secs.

Elapsed computation time: 0.239 secs.
[1] "--------------------------------------------------------------------------------"
[1] "analyze.results.glm.step="
Logistic Regression Results for: RaceHorse.IsHitA ~
    Jockey.TimeSdvByRaceAvg
Data: data
Dependent variable(s): RaceHorse.IsHitA
Total independent variables: 2 
Number of valid observations: 5649
Number of missing observations: 0 
 
Coefficients:
                        RaceHorse.IsHitA
(Intercept)                           -3
Jockey.TimeSdvByRaceAvg                1
[1] "analyze.results.glm.step.summary"
Call:
rxLogit(formula = formula, data = data, variableSelection = analyze.results.glm.step.varsel)

Logistic Regression Results for: RaceHorse.IsHitA ~
    Jockey.TimeSdvByRaceAvg
Data: data
Dependent variable(s): RaceHorse.IsHitA
Total independent variables: 2 
Number of valid observations: 5649
Number of missing observations: 0 
-2*LogLikelihood: 2808.219 (Residual deviance on 5647 degrees of freedom)
 
Coefficients:
                        Estimate Std. Error z value Pr(>|z|)    
(Intercept)              -2.6907     0.0574   -46.9  2.2e-16 ***
Jockey.TimeSdvByRaceAvg   1.2441     0.1595     7.8  2.2e-16 ***
---
Signif. codes:  0 '***' 0.001 '**' 0.01 '*' 0.05 '.' 0.1 ' ' 1

Condition number of final variance-covariance matrix: 1 
Number of iterations: 5
[1] "--------------------------------------------------------------------------------"
[1] "2022-02-26 18:01:03 --- rxGlm with rxStepControl Finish ---"
[1] "2022-02-26 18:01:03 --- rxStepPlot Start ---"
[1] "pdfFilename=pdf_analyze_glm_Jockey_Type22_rxStepPlot.pdf"
[1] "rxStepPlot="
[1] "2022-02-26 18:01:05 --- rxStepPlot Finish ---"
[1] "2022-02-26 18:01:05 --- save.image Start ---"
[1] "save.image"
[1] "rdataFilename=RData_analyze_glm_Jockey_Type22.RData"
[1] "2022-02-26 18:01:06 --- save.image Finish ---"
[1] "2022-02-26 18:01:06 --- final Start ---"
[1] "--------------------------------------------------------------------------------"
[1] "nrow(data) final=5649"
[1] "--------------------------------------------------------------------------------"
[1] "2022-02-26 18:01:06 --- final Finish ---"
[1] "2022-02-26 18:01:06 --- analyze_glm.R Finished ---"
[1] "2022-02-26 18:01:06 --- log Finish ---"
