[1] "2022-02-27 12:24:07 --- D1115_analyze_glm_Horse_IsHitA_Type22 Start ---"
[1] "2022-02-27 12:24:07 --- Log Start ---"
[1] "2022-02-27 12:24:07 --- analyze_glm.R Start ---"
[1] "analyzeVersion=D1115"
[1] "analyzeCategory=analyze"
[1] "analyzeType=Horse"
[1] "analyzeFamily=IsHitA"
[1] "analyzeFunc=glm"
[1] "analyzeTrackTypeCd=2"
[1] "analyzeJyokenCd=2"
[1] "2022-02-27 12:24:07 --- source_function.R Start ---"
[1] "2022-02-27 12:24:07 --- source_function.R Finished ---"

> print(paste0(Sys.time(), " --- source_library.R Start ---"))
[1] "2022-02-27 12:24:07 --- source_library.R Start ---"

> require("RevoScaleR")

> print(paste0(Sys.time(), " --- source_library.R Finished ---"))
[1] "2022-02-27 12:24:07 --- source_library.R Finished ---"
[1] "2022-02-27 12:24:07 --- RxSqlServerData Start ---"
[1] "2022-02-27 12:24:07 --- RxInSqlServer Start ---"
[1] "2022-02-27 12:24:07 --- RxInSqlServer Finish ---"
[1] "2022-02-27 12:24:07 --- rxSetComputeContext Start ---"
[1] "2022-02-27 12:24:07 --- rxSetComputeContext Finish ---"
[1] "2022-02-27 12:24:07 --- RxSqlServerData Start ---"
[1] "sqlQuery=SELECT * FROM ViewAnalyzeD1115analyze01HorseType22"
[1] "2022-02-27 12:24:07 --- RxSqlServerData Finish ---"
[1] "2022-02-27 12:24:07 --- rxGetVarInfo Start ---"
[1] "2022-02-27 12:24:07 --- rxGetVarInfo Finish---"
[1] "2022-02-27 12:24:07 --- rxImport Start ---"
Rows Read: 5788, Total Rows Processed: 5788, Total Chunk Time: 536.991 seconds 
[1] "2022-02-27 12:41:10 --- rxImport Finish ---"
[1] "object.size(data) auto=1.9 Mb"
[1] "--------------------------------------------------------------------------------"
[1] "nrow(data) RxSqlServerData=5788"
[1] "--------------------------------------------------------------------------------"
[1] "str(data)="
'data.frame':	5788 obs. of  44 variables:
 $ Race.RaceId                      : Factor w/ 399 levels "20160110-06-01-03-10",..: 10 10 11 12 11 13 10 14 12 15 ...
 $ Race.IsAnalyzeNormalPastAndFuture: logi  TRUE TRUE TRUE TRUE TRUE TRUE ...
 $ Race.IsAnalyzeNormalPast         : logi  TRUE TRUE TRUE TRUE TRUE TRUE ...
 $ Race.IsAnalyzeNormalFuture       : logi  FALSE FALSE FALSE FALSE FALSE FALSE ...
 $ Race.IsAnalyzeFullPastAndFuture  : logi  TRUE TRUE TRUE TRUE TRUE TRUE ...
 $ Race.IsAnalyzeFullPast           : logi  TRUE TRUE TRUE TRUE TRUE TRUE ...
 $ Race.IsAnalyzeFullFuture         : logi  FALSE FALSE FALSE FALSE FALSE FALSE ...
 $ Race.JyokenCd                    : Factor w/ 1 level "2": 1 1 1 1 1 1 1 1 1 1 ...
 $ Race.JyoType1Cd                  : Factor w/ 71 levels "2-06-1800-2-1",..: 10 10 11 11 11 12 10 11 11 13 ...
 $ Race.RaceType1Cd                 : Factor w/ 2 levels "2-2-E-2","2-2-E-1": 2 2 2 2 2 1 2 2 2 2 ...
 $ RaceHorse.RaceId                 : Factor w/ 399 levels "20160110-06-01-03-10",..: 10 10 11 12 11 13 10 14 12 15 ...
 $ RaceHorse.KettoNum               : Factor w/ 1204 levels "2008101058","2008110132",..: 6 7 7 7 8 9 10 2 2 3 ...
 $ RaceHorse.IsHit1                 : num  0 0 0 0 0 0 0 0 0 0 ...
 $ RaceHorse.IsHit2                 : num  0 0 0 0 0 0 0 0 0 0 ...
 $ RaceHorse.IsHit3                 : num  0 0 0 0 0 0 0 1 0 1 ...
 $ RaceHorse.IsHit4                 : num  0 0 0 0 0 0 0 0 0 0 ...
 $ RaceHorse.IsHit5                 : num  0 0 0 0 0 0 0 0 0 0 ...
 $ RaceHorse.IsHit6                 : num  1 1 1 1 1 1 1 0 1 0 ...
 $ RaceHorse.IsValidRaceHorse       : logi  TRUE TRUE TRUE TRUE TRUE TRUE ...
 $ RaceHorse.TimeSdvByRace          : num  0.0523 -0.0698 -1.1758 -0.1688 -1.687 ...
 $ RaceHorse.TimeSdv                : num  -0.67 -0.803 -0.574 -0.699 -0.824 ...
 $ RaceHorse.IsHitA                 : num  0 0 0 0 0 0 0 0 0 0 ...
 $ RaceHorse.IsHitB                 : num  0 0 0 0 0 0 0 0 0 0 ...
 $ RaceHorse.IsHitC                 : num  0 0 0 0 0 0 0 1 0 1 ...
 $ Horse.KettoNum                   : Factor w/ 1204 levels "2008101058","2008110132",..: 6 7 7 7 8 9 10 2 2 3 ...
 $ Horse.TimeSdvByRaceAvg           : num  -0.00276 0.37926 0.31729 0.43796 0.3345 ...
 $ Horse.TimeSdvByRaceMin           : num  -2.14 -1.24 -1.24 -1.24 -1.28 ...
 $ Horse.TimeSdvByRaceMax           : num  2.43 1.95 1.95 1.95 1.48 ...
 $ Horse.TimeSdvAvg                 : num  0.0482 0.1827 0.1197 0.221 0.2064 ...
 $ Horse.TimeSdvMin                 : num  -2.04 -1.84 -1.84 -1.84 -1.24 ...
 $ Horse.TimeSdvMax                 : num  2.05 1.75 1.75 1.75 1.72 ...
 $ Horse.OrderOfFinishSdvAvg        : num  -0.0368 0.3306 0.2522 0.4122 0.4641 ...
 $ Horse.RunCount                   : num  31 44 48 39 29 37 40 33 29 18 ...
 $ Horse.HitCount1                  : num  4 4 4 4 4 3 4 4 4 4 ...
 $ Horse.HitCount2                  : num  1 6 6 6 4 9 2 4 4 3 ...
 $ Horse.HitCount3                  : num  0 4 4 4 2 2 7 5 5 0 ...
 $ Horse.HitCount4                  : num  3 0 0 0 2 3 4 4 4 1 ...
 $ Horse.HitCount5                  : num  3 3 3 3 3 2 4 1 1 4 ...
 $ Horse.HitRate1                   : num  0.129 0.0909 0.0833 0.1026 0.1379 ...
 $ Horse.HitRate2                   : num  0.0323 0.1364 0.125 0.1538 0.1379 ...
 $ Horse.HitRate3                   : num  0 0.0909 0.0833 0.1026 0.069 ...
 $ Horse.HitRate4                   : num  0.0968 0 0 0 0.069 ...
 $ Horse.HitRate5                   : num  0.0968 0.0682 0.0625 0.0769 0.1034 ...
 $ EOF                              : int  1 1 1 1 1 1 1 1 1 1 ...
[1] "2022-02-27 12:41:10 --- RxSqlServerData Finish ---"
[1] "2022-02-27 12:41:10 --- subset Start ---"
[1] "--------------------------------------------------------------------------------"
[1] "nrow(data) subset before=5788"
[1] "nrow(data) subset after =5788"
[1] "nrow(data) subset diff =0"
[1] "--------------------------------------------------------------------------------"
[1] "2022-02-27 12:41:10 --- subset Finish---"
[1] "2022-02-27 12:41:10 --- transform Start ---"
[1] "--------------------------------------------------------------------------------"
[1] "nrow(data) transform before=5788"
[1] "nrow(data) transform after=5788"
[1] "nrow(data) transform diff=0"
[1] "--------------------------------------------------------------------------------"
[1] "str(data)="
'data.frame':	5788 obs. of  44 variables:
 $ Race.RaceId                      : Factor w/ 399 levels "20160110-06-01-03-10",..: 10 10 11 12 11 13 10 14 12 15 ...
 $ Race.IsAnalyzeNormalPastAndFuture: logi  TRUE TRUE TRUE TRUE TRUE TRUE ...
 $ Race.IsAnalyzeNormalPast         : logi  TRUE TRUE TRUE TRUE TRUE TRUE ...
 $ Race.IsAnalyzeNormalFuture       : logi  FALSE FALSE FALSE FALSE FALSE FALSE ...
 $ Race.IsAnalyzeFullPastAndFuture  : logi  TRUE TRUE TRUE TRUE TRUE TRUE ...
 $ Race.IsAnalyzeFullPast           : logi  TRUE TRUE TRUE TRUE TRUE TRUE ...
 $ Race.IsAnalyzeFullFuture         : logi  FALSE FALSE FALSE FALSE FALSE FALSE ...
 $ Race.JyokenCd                    : Factor w/ 1 level "2": 1 1 1 1 1 1 1 1 1 1 ...
 $ Race.JyoType1Cd                  : Factor w/ 71 levels "2-06-1800-2-1",..: 10 10 11 11 11 12 10 11 11 13 ...
 $ Race.RaceType1Cd                 : Factor w/ 2 levels "2-2-E-2","2-2-E-1": 2 2 2 2 2 1 2 2 2 2 ...
 $ RaceHorse.RaceId                 : Factor w/ 399 levels "20160110-06-01-03-10",..: 10 10 11 12 11 13 10 14 12 15 ...
 $ RaceHorse.KettoNum               : Factor w/ 1204 levels "2008101058","2008110132",..: 6 7 7 7 8 9 10 2 2 3 ...
 $ RaceHorse.IsHit1                 : num  0 0 0 0 0 0 0 0 0 0 ...
 $ RaceHorse.IsHit2                 : num  0 0 0 0 0 0 0 0 0 0 ...
 $ RaceHorse.IsHit3                 : num  0 0 0 0 0 0 0 1 0 1 ...
 $ RaceHorse.IsHit4                 : num  0 0 0 0 0 0 0 0 0 0 ...
 $ RaceHorse.IsHit5                 : num  0 0 0 0 0 0 0 0 0 0 ...
 $ RaceHorse.IsHit6                 : num  1 1 1 1 1 1 1 0 1 0 ...
 $ RaceHorse.IsValidRaceHorse       : logi  TRUE TRUE TRUE TRUE TRUE TRUE ...
 $ RaceHorse.TimeSdvByRace          : num  0.0523 -0.0698 -1.1758 -0.1688 -1.687 ...
 $ RaceHorse.TimeSdv                : num  -0.67 -0.803 -0.574 -0.699 -0.824 ...
 $ RaceHorse.IsHitA                 : num  0 0 0 0 0 0 0 0 0 0 ...
 $ RaceHorse.IsHitB                 : num  0 0 0 0 0 0 0 0 0 0 ...
 $ RaceHorse.IsHitC                 : num  0 0 0 0 0 0 0 1 0 1 ...
 $ Horse.KettoNum                   : Factor w/ 1204 levels "2008101058","2008110132",..: 6 7 7 7 8 9 10 2 2 3 ...
 $ Horse.TimeSdvByRaceAvg           : num  -0.00276 0.37926 0.31729 0.43796 0.3345 ...
 $ Horse.TimeSdvByRaceMin           : num  -2.14 -1.24 -1.24 -1.24 -1.28 ...
 $ Horse.TimeSdvByRaceMax           : num  2.43 1.95 1.95 1.95 1.48 ...
 $ Horse.TimeSdvAvg                 : num  0.0482 0.1827 0.1197 0.221 0.2064 ...
 $ Horse.TimeSdvMin                 : num  -2.04 -1.84 -1.84 -1.84 -1.24 ...
 $ Horse.TimeSdvMax                 : num  2.05 1.75 1.75 1.75 1.72 ...
 $ Horse.OrderOfFinishSdvAvg        : num  -0.0368 0.3306 0.2522 0.4122 0.4641 ...
 $ Horse.RunCount                   : num  31 44 48 39 29 37 40 33 29 18 ...
 $ Horse.HitCount1                  : num  4 4 4 4 4 3 4 4 4 4 ...
 $ Horse.HitCount2                  : num  1 6 6 6 4 9 2 4 4 3 ...
 $ Horse.HitCount3                  : num  0 4 4 4 2 2 7 5 5 0 ...
 $ Horse.HitCount4                  : num  3 0 0 0 2 3 4 4 4 1 ...
 $ Horse.HitCount5                  : num  3 3 3 3 3 2 4 1 1 4 ...
 $ Horse.HitRate1                   : num  0.129 0.0909 0.0833 0.1026 0.1379 ...
 $ Horse.HitRate2                   : num  0.0323 0.1364 0.125 0.1538 0.1379 ...
 $ Horse.HitRate3                   : num  0 0.0909 0.0833 0.1026 0.069 ...
 $ Horse.HitRate4                   : num  0.0968 0 0 0 0.069 ...
 $ Horse.HitRate5                   : num  0.0968 0.0682 0.0625 0.0769 0.1034 ...
 $ EOF                              : int  1 1 1 1 1 1 1 1 1 1 ...
NULL
[1] "2022-02-27 12:41:10 --- transform Finish ---"
[1] "2022-02-27 12:41:10 --- na.omit Start ---"
[1] "--------------------------------------------------------------------------------"
[1] "nrow(data) na.omit before=5788"
[1] "nrow(data) na.omit after =5749"
[1] "nrow(data) na.omit diff =39"
[1] "--------------------------------------------------------------------------------"
'data.frame':	5749 obs. of  44 variables:
 $ Race.RaceId                      : Factor w/ 399 levels "20160110-06-01-03-10",..: 10 10 11 12 11 13 10 14 12 15 ...
 $ Race.IsAnalyzeNormalPastAndFuture: logi  TRUE TRUE TRUE TRUE TRUE TRUE ...
 $ Race.IsAnalyzeNormalPast         : logi  TRUE TRUE TRUE TRUE TRUE TRUE ...
 $ Race.IsAnalyzeNormalFuture       : logi  FALSE FALSE FALSE FALSE FALSE FALSE ...
 $ Race.IsAnalyzeFullPastAndFuture  : logi  TRUE TRUE TRUE TRUE TRUE TRUE ...
 $ Race.IsAnalyzeFullPast           : logi  TRUE TRUE TRUE TRUE TRUE TRUE ...
 $ Race.IsAnalyzeFullFuture         : logi  FALSE FALSE FALSE FALSE FALSE FALSE ...
 $ Race.JyokenCd                    : Factor w/ 1 level "2": 1 1 1 1 1 1 1 1 1 1 ...
 $ Race.JyoType1Cd                  : Factor w/ 71 levels "2-06-1800-2-1",..: 10 10 11 11 11 12 10 11 11 13 ...
 $ Race.RaceType1Cd                 : Factor w/ 2 levels "2-2-E-2","2-2-E-1": 2 2 2 2 2 1 2 2 2 2 ...
 $ RaceHorse.RaceId                 : Factor w/ 399 levels "20160110-06-01-03-10",..: 10 10 11 12 11 13 10 14 12 15 ...
 $ RaceHorse.KettoNum               : Factor w/ 1204 levels "2008101058","2008110132",..: 6 7 7 7 8 9 10 2 2 3 ...
 $ RaceHorse.IsHit1                 : num  0 0 0 0 0 0 0 0 0 0 ...
 $ RaceHorse.IsHit2                 : num  0 0 0 0 0 0 0 0 0 0 ...
 $ RaceHorse.IsHit3                 : num  0 0 0 0 0 0 0 1 0 1 ...
 $ RaceHorse.IsHit4                 : num  0 0 0 0 0 0 0 0 0 0 ...
 $ RaceHorse.IsHit5                 : num  0 0 0 0 0 0 0 0 0 0 ...
 $ RaceHorse.IsHit6                 : num  1 1 1 1 1 1 1 0 1 0 ...
 $ RaceHorse.IsValidRaceHorse       : logi  TRUE TRUE TRUE TRUE TRUE TRUE ...
 $ RaceHorse.TimeSdvByRace          : num  0.0523 -0.0698 -1.1758 -0.1688 -1.687 ...
 $ RaceHorse.TimeSdv                : num  -0.67 -0.803 -0.574 -0.699 -0.824 ...
 $ RaceHorse.IsHitA                 : num  0 0 0 0 0 0 0 0 0 0 ...
 $ RaceHorse.IsHitB                 : num  0 0 0 0 0 0 0 0 0 0 ...
 $ RaceHorse.IsHitC                 : num  0 0 0 0 0 0 0 1 0 1 ...
 $ Horse.KettoNum                   : Factor w/ 1204 levels "2008101058","2008110132",..: 6 7 7 7 8 9 10 2 2 3 ...
 $ Horse.TimeSdvByRaceAvg           : num  -0.00276 0.37926 0.31729 0.43796 0.3345 ...
 $ Horse.TimeSdvByRaceMin           : num  -2.14 -1.24 -1.24 -1.24 -1.28 ...
 $ Horse.TimeSdvByRaceMax           : num  2.43 1.95 1.95 1.95 1.48 ...
 $ Horse.TimeSdvAvg                 : num  0.0482 0.1827 0.1197 0.221 0.2064 ...
 $ Horse.TimeSdvMin                 : num  -2.04 -1.84 -1.84 -1.84 -1.24 ...
 $ Horse.TimeSdvMax                 : num  2.05 1.75 1.75 1.75 1.72 ...
 $ Horse.OrderOfFinishSdvAvg        : num  -0.0368 0.3306 0.2522 0.4122 0.4641 ...
 $ Horse.RunCount                   : num  31 44 48 39 29 37 40 33 29 18 ...
 $ Horse.HitCount1                  : num  4 4 4 4 4 3 4 4 4 4 ...
 $ Horse.HitCount2                  : num  1 6 6 6 4 9 2 4 4 3 ...
 $ Horse.HitCount3                  : num  0 4 4 4 2 2 7 5 5 0 ...
 $ Horse.HitCount4                  : num  3 0 0 0 2 3 4 4 4 1 ...
 $ Horse.HitCount5                  : num  3 3 3 3 3 2 4 1 1 4 ...
 $ Horse.HitRate1                   : num  0.129 0.0909 0.0833 0.1026 0.1379 ...
 $ Horse.HitRate2                   : num  0.0323 0.1364 0.125 0.1538 0.1379 ...
 $ Horse.HitRate3                   : num  0 0.0909 0.0833 0.1026 0.069 ...
 $ Horse.HitRate4                   : num  0.0968 0 0 0 0.069 ...
 $ Horse.HitRate5                   : num  0.0968 0.0682 0.0625 0.0769 0.1034 ...
 $ EOF                              : int  1 1 1 1 1 1 1 1 1 1 ...
 - attr(*, "na.action")= 'omit' Named int  262 279 438 1248 1337 1373 1544 1631 1936 2312 ...
  ..- attr(*, "names")= chr  "262" "279" "438" "1248" ...
[1] "2022-02-27 12:41:10 --- na.omit Finish ---"
[1] "2022-02-27 12:41:10 --- rxGlm with rxStepControl Start ---"

> print(paste0(Sys.time(), " --- source_logic_glm.R Start ---"))
[1] "2022-02-27 12:41:10 --- source_logic_glm.R Start ---"

> formula <- formula(RaceHorse.IsHitA ~ +1 + Horse.TimeSdvByRaceAvg)

> print(paste0(Sys.time(), " --- source_logic_glm.R Finished ---"))
[1] "2022-02-27 12:41:10 --- source_logic_glm.R Finished ---"
Rows Read: 5749, Total Rows Processed: 5749, Total Chunk Time: 0.001 seconds 

Starting values (iteration 1) time: 0.005 secs.
Rows Read: 5749, Total Rows Processed: 5749, Total Chunk Time: Less than .001 seconds 

Iteration 2 time: 0.005 secs.
Rows Read: 5749, Total Rows Processed: 5749, Total Chunk Time: 0.001 seconds 

Iteration 3 time: 0.004 secs.
Rows Read: 5749, Total Rows Processed: 5749, Total Chunk Time: Less than .001 seconds 

Iteration 4 time: 0.004 secs.
Rows Read: 5749, Total Rows Processed: 5749, Total Chunk Time: 0.001 seconds 

Iteration 5 time: 0.004 secs.

Elapsed computation time: 0.037 secs.
Rows Read: 5749, Total Rows Processed: 5749, Total Chunk Time: Less than .001 seconds 

Starting values (iteration 1) time: 0.004 secs.
Rows Read: 5749, Total Rows Processed: 5749, Total Chunk Time: Less than .001 seconds 

Iteration 2 time: 0.004 secs.

Elapsed computation time: 0.015 secs.
Rows Read: 5749, Total Rows Processed: 5749, Total Chunk Time: Less than .001 seconds 

Starting values (iteration 1) time: 0.004 secs.
Rows Read: 5749, Total Rows Processed: 5749, Total Chunk Time: Less than .001 seconds 

Iteration 2 time: 0.004 secs.
Rows Read: 5749, Total Rows Processed: 5749, Total Chunk Time: Less than .001 seconds 

Iteration 3 time: 0.003 secs.
Rows Read: 5749, Total Rows Processed: 5749, Total Chunk Time: Less than .001 seconds 

Iteration 4 time: 0.004 secs.
Rows Read: 5749, Total Rows Processed: 5749, Total Chunk Time: Less than .001 seconds 

Iteration 5 time: 0.003 secs.

Elapsed computation time: 0.037 secs.

Elapsed computation time: 0.100 secs.
[1] "--------------------------------------------------------------------------------"
[1] "analyze.results.glm.step="
Logistic Regression Results for: RaceHorse.IsHitA ~
    Horse.TimeSdvByRaceAvg
Data: data
Dependent variable(s): RaceHorse.IsHitA
Total independent variables: 2 
Number of valid observations: 5749
Number of missing observations: 0 
 
Coefficients:
                       RaceHorse.IsHitA
(Intercept)                          -4
Horse.TimeSdvByRaceAvg                2
[1] "analyze.results.glm.step.summary"
Call:
rxLogit(formula = formula, data = data, variableSelection = analyze.results.glm.step.varsel)

Logistic Regression Results for: RaceHorse.IsHitA ~
    Horse.TimeSdvByRaceAvg
Data: data
Dependent variable(s): RaceHorse.IsHitA
Total independent variables: 2 
Number of valid observations: 5749
Number of missing observations: 0 
-2*LogLikelihood: 2739.175 (Residual deviance on 5747 degrees of freedom)
 
Coefficients:
                       Estimate Std. Error z value Pr(>|z|)    
(Intercept)              -3.929      0.131   -30.1  2.2e-16 ***
Horse.TimeSdvByRaceAvg    2.186      0.172    12.7  2.2e-16 ***
---
Signif. codes:  0 '***' 0.001 '**' 0.01 '*' 0.05 '.' 0.1 ' ' 1

Condition number of final variance-covariance matrix: 1 
Number of iterations: 5
[1] "--------------------------------------------------------------------------------"
[1] "2022-02-27 12:41:11 --- rxGlm with rxStepControl Finish ---"
[1] "2022-02-27 12:41:11 --- rxStepPlot Start ---"
[1] "pdfFilename=pdf_analyze_glm_Horse_Type22_rxStepPlot.pdf"
[1] "rxStepPlot="
[1] "2022-02-27 12:41:11 --- rxStepPlot Finish ---"
[1] "2022-02-27 12:41:11 --- save.image Start ---"
[1] "save.image"
[1] "rdataFilename=RData_analyze_glm_Horse_Type22.RData"
[1] "2022-02-27 12:41:11 --- save.image Finish ---"
[1] "2022-02-27 12:41:11 --- final Start ---"
[1] "--------------------------------------------------------------------------------"
[1] "nrow(data) final=5749"
[1] "--------------------------------------------------------------------------------"
[1] "2022-02-27 12:41:11 --- final Finish ---"
[1] "2022-02-27 12:41:11 --- analyze_glm.R Finished ---"
[1] "2022-02-27 12:41:11 --- log Finish ---"
