[1] "2022-02-26 17:57:19 --- D1115_analyze_glm_Gen02_IsHitA_Type15 Start ---"
[1] "2022-02-26 17:57:19 --- Log Start ---"
[1] "2022-02-26 17:57:19 --- analyze_glm.R Start ---"
[1] "analyzeVersion=D1115"
[1] "analyzeCategory=analyze"
[1] "analyzeType=Gen02"
[1] "analyzeFamily=IsHitA"
[1] "analyzeFunc=glm"
[1] "analyzeTrackTypeCd=1"
[1] "analyzeJyokenCd=5"
[1] "2022-02-26 17:57:20 --- source_function.R Start ---"
[1] "2022-02-26 17:57:20 --- source_function.R Finished ---"

> print(paste0(Sys.time(), " --- source_library.R Start ---"))
[1] "2022-02-26 17:57:20 --- source_library.R Start ---"

> require("RevoScaleR")

> print(paste0(Sys.time(), " --- source_library.R Finished ---"))
[1] "2022-02-26 17:57:21 --- source_library.R Finished ---"
[1] "2022-02-26 17:57:21 --- RxSqlServerData Start ---"
[1] "2022-02-26 17:57:21 --- RxInSqlServer Start ---"
[1] "2022-02-26 17:57:21 --- RxInSqlServer Finish ---"
[1] "2022-02-26 17:57:22 --- rxSetComputeContext Start ---"
[1] "2022-02-26 17:57:22 --- rxSetComputeContext Finish ---"
[1] "2022-02-26 17:57:22 --- RxSqlServerData Start ---"
[1] "sqlQuery=SELECT * FROM ViewAnalyzeD1115analyze01Gen02Type15"
[1] "2022-02-26 17:57:22 --- RxSqlServerData Finish ---"
[1] "2022-02-26 17:57:22 --- rxGetVarInfo Start ---"
[1] "2022-02-26 17:57:26 --- rxGetVarInfo Finish---"
[1] "2022-02-26 17:57:27 --- rxImport Start ---"
Rows Read: 29068, Total Rows Processed: 29068, Total Chunk Time: 430.110 seconds 
[1] "2022-02-26 18:25:01 --- rxImport Finish ---"
[1] "object.size(data) auto=9.3 Mb"
[1] "--------------------------------------------------------------------------------"
[1] "nrow(data) RxSqlServerData=29068"
[1] "--------------------------------------------------------------------------------"
[1] "str(data)="
'data.frame':	29068 obs. of  44 variables:
 $ Race.RaceId                      : Factor w/ 2473 levels "20160105-08-01-01-05",..: 2 4 5 5 6 7 8 9 10 11 ...
 $ Race.IsAnalyzeNormalPastAndFuture: logi  TRUE TRUE TRUE TRUE TRUE TRUE ...
 $ Race.IsAnalyzeNormalPast         : logi  TRUE TRUE TRUE TRUE TRUE TRUE ...
 $ Race.IsAnalyzeNormalFuture       : logi  FALSE FALSE FALSE FALSE FALSE FALSE ...
 $ Race.IsAnalyzeFullPastAndFuture  : logi  TRUE TRUE TRUE TRUE TRUE TRUE ...
 $ Race.IsAnalyzeFullPast           : logi  TRUE TRUE TRUE TRUE TRUE TRUE ...
 $ Race.IsAnalyzeFullFuture         : logi  FALSE FALSE FALSE FALSE FALSE FALSE ...
 $ Race.JyokenCd                    : Factor w/ 1 level "5": 1 1 1 1 1 1 1 1 1 1 ...
 $ Race.JyoType1Cd                  : Factor w/ 175 levels "1-08-2000-5-1",..: 2 2 4 4 5 4 2 6 7 8 ...
 $ Race.RaceType1Cd                 : Factor w/ 3 levels "1-5-X-2","1-5-X-1",..: 2 2 2 2 1 2 2 1 1 2 ...
 $ RaceHorse.RaceId                 : Factor w/ 2473 levels "20160105-08-01-01-05",..: 2 4 5 5 6 7 8 9 10 11 ...
 $ RaceHorse.KettoNum               : Factor w/ 11174 levels "2013104232","2013105599",..: 2 4 5 6 7 8 9 10 11 12 ...
 $ RaceHorse.IsHit1                 : num  0 0 0 0 0 0 0 0 0 0 ...
 $ RaceHorse.IsHit2                 : num  0 0 0 0 0 0 0 0 0 0 ...
 $ RaceHorse.IsHit3                 : num  0 1 0 0 0 0 0 0 0 0 ...
 $ RaceHorse.IsHit4                 : num  0 0 0 0 0 0 0 1 0 0 ...
 $ RaceHorse.IsHit5                 : num  0 0 0 0 0 0 0 0 0 0 ...
 $ RaceHorse.IsHit6                 : num  1 0 1 1 1 1 1 0 1 1 ...
 $ RaceHorse.IsValidRaceHorse       : logi  TRUE TRUE TRUE TRUE TRUE TRUE ...
 $ RaceHorse.TimeSdvByRace          : num  0.541 1.128 -0.43 -0.736 -0.111 ...
 $ RaceHorse.TimeSdv                : num  -0.07353 -0.00164 0.52891 0.37953 0.45849 ...
 $ RaceHorse.IsHitA                 : num  0 0 0 0 0 0 0 0 0 0 ...
 $ RaceHorse.IsHitB                 : num  0 0 0 0 0 0 0 0 0 0 ...
 $ RaceHorse.IsHitC                 : num  0 1 0 0 0 0 0 0 0 0 ...
 $ Gen02.HansyokuNum                : Factor w/ 410 levels "11201964","11201954",..: 2 2 1 3 1 1 4 1 1 1 ...
 $ Gen02.TimeSdvByRaceAvg           : num  1.1022 0.7359 0.515 -0.0349 -0.2805 ...
 $ Gen02.TimeSdvByRaceMin           : num  1.1022 -0.1952 0.0426 -2.5566 -0.2805 ...
 $ Gen02.TimeSdvByRaceMax           : num  1.102 1.47 1.033 0.928 -0.28 ...
 $ Gen02.TimeSdvAvg                 : num  0.2859 0.5931 0.0975 -0.2271 -0.5635 ...
 $ Gen02.TimeSdvMin                 : num  0.2859 -0.2027 -0.0679 -2.4646 -0.5635 ...
 $ Gen02.TimeSdvMax                 : num  0.286 1.291 0.252 1.047 -0.563 ...
 $ Gen02.OrderOfFinishSdvAvg        : num  1.14 0.6794 0.6515 -0.1272 0.0591 ...
 $ Gen02.RunCount                   : num  1 5 3 19 1 1 1 2 6 2 ...
 $ Gen02.HitCount1                  : num  0 1 1 0 0 0 0 0 1 0 ...
 $ Gen02.HitCount2                  : num  0 2 0 0 0 0 0 0 0 0 ...
 $ Gen02.HitCount3                  : num  1 0 0 0 0 0 0 1 2 0 ...
 $ Gen02.HitCount4                  : num  0 0 0 1 0 0 0 0 1 0 ...
 $ Gen02.HitCount5                  : num  0 0 0 1 0 0 0 1 0 0 ...
 $ Gen02.HitRate1                   : num  0 0.2 0.333 0 0 ...
 $ Gen02.HitRate2                   : num  0 0.4 0 0 0 0 0 0 0 0 ...
 $ Gen02.HitRate3                   : num  1 0 0 0 0 ...
 $ Gen02.HitRate4                   : num  0 0 0 0.0526 0 ...
 $ Gen02.HitRate5                   : num  0 0 0 0.0526 0 ...
 $ EOF                              : int  1 1 1 1 1 1 1 1 1 1 ...
[1] "2022-02-26 18:25:01 --- RxSqlServerData Finish ---"
[1] "2022-02-26 18:25:01 --- subset Start ---"
[1] "--------------------------------------------------------------------------------"
[1] "nrow(data) subset before=29068"
[1] "nrow(data) subset after =29068"
[1] "nrow(data) subset diff =0"
[1] "--------------------------------------------------------------------------------"
[1] "2022-02-26 18:25:01 --- subset Finish---"
[1] "2022-02-26 18:25:01 --- transform Start ---"
[1] "--------------------------------------------------------------------------------"
[1] "nrow(data) transform before=29068"
[1] "nrow(data) transform after=29068"
[1] "nrow(data) transform diff=0"
[1] "--------------------------------------------------------------------------------"
[1] "str(data)="
'data.frame':	29068 obs. of  44 variables:
 $ Race.RaceId                      : Factor w/ 2473 levels "20160105-08-01-01-05",..: 2 4 5 5 6 7 8 9 10 11 ...
 $ Race.IsAnalyzeNormalPastAndFuture: logi  TRUE TRUE TRUE TRUE TRUE TRUE ...
 $ Race.IsAnalyzeNormalPast         : logi  TRUE TRUE TRUE TRUE TRUE TRUE ...
 $ Race.IsAnalyzeNormalFuture       : logi  FALSE FALSE FALSE FALSE FALSE FALSE ...
 $ Race.IsAnalyzeFullPastAndFuture  : logi  TRUE TRUE TRUE TRUE TRUE TRUE ...
 $ Race.IsAnalyzeFullPast           : logi  TRUE TRUE TRUE TRUE TRUE TRUE ...
 $ Race.IsAnalyzeFullFuture         : logi  FALSE FALSE FALSE FALSE FALSE FALSE ...
 $ Race.JyokenCd                    : Factor w/ 1 level "5": 1 1 1 1 1 1 1 1 1 1 ...
 $ Race.JyoType1Cd                  : Factor w/ 175 levels "1-08-2000-5-1",..: 2 2 4 4 5 4 2 6 7 8 ...
 $ Race.RaceType1Cd                 : Factor w/ 3 levels "1-5-X-2","1-5-X-1",..: 2 2 2 2 1 2 2 1 1 2 ...
 $ RaceHorse.RaceId                 : Factor w/ 2473 levels "20160105-08-01-01-05",..: 2 4 5 5 6 7 8 9 10 11 ...
 $ RaceHorse.KettoNum               : Factor w/ 11174 levels "2013104232","2013105599",..: 2 4 5 6 7 8 9 10 11 12 ...
 $ RaceHorse.IsHit1                 : num  0 0 0 0 0 0 0 0 0 0 ...
 $ RaceHorse.IsHit2                 : num  0 0 0 0 0 0 0 0 0 0 ...
 $ RaceHorse.IsHit3                 : num  0 1 0 0 0 0 0 0 0 0 ...
 $ RaceHorse.IsHit4                 : num  0 0 0 0 0 0 0 1 0 0 ...
 $ RaceHorse.IsHit5                 : num  0 0 0 0 0 0 0 0 0 0 ...
 $ RaceHorse.IsHit6                 : num  1 0 1 1 1 1 1 0 1 1 ...
 $ RaceHorse.IsValidRaceHorse       : logi  TRUE TRUE TRUE TRUE TRUE TRUE ...
 $ RaceHorse.TimeSdvByRace          : num  0.541 1.128 -0.43 -0.736 -0.111 ...
 $ RaceHorse.TimeSdv                : num  -0.07353 -0.00164 0.52891 0.37953 0.45849 ...
 $ RaceHorse.IsHitA                 : num  0 0 0 0 0 0 0 0 0 0 ...
 $ RaceHorse.IsHitB                 : num  0 0 0 0 0 0 0 0 0 0 ...
 $ RaceHorse.IsHitC                 : num  0 1 0 0 0 0 0 0 0 0 ...
 $ Gen02.HansyokuNum                : Factor w/ 410 levels "11201964","11201954",..: 2 2 1 3 1 1 4 1 1 1 ...
 $ Gen02.TimeSdvByRaceAvg           : num  1.1022 0.7359 0.515 -0.0349 -0.2805 ...
 $ Gen02.TimeSdvByRaceMin           : num  1.1022 -0.1952 0.0426 -2.5566 -0.2805 ...
 $ Gen02.TimeSdvByRaceMax           : num  1.102 1.47 1.033 0.928 -0.28 ...
 $ Gen02.TimeSdvAvg                 : num  0.2859 0.5931 0.0975 -0.2271 -0.5635 ...
 $ Gen02.TimeSdvMin                 : num  0.2859 -0.2027 -0.0679 -2.4646 -0.5635 ...
 $ Gen02.TimeSdvMax                 : num  0.286 1.291 0.252 1.047 -0.563 ...
 $ Gen02.OrderOfFinishSdvAvg        : num  1.14 0.6794 0.6515 -0.1272 0.0591 ...
 $ Gen02.RunCount                   : num  1 5 3 19 1 1 1 2 6 2 ...
 $ Gen02.HitCount1                  : num  0 1 1 0 0 0 0 0 1 0 ...
 $ Gen02.HitCount2                  : num  0 2 0 0 0 0 0 0 0 0 ...
 $ Gen02.HitCount3                  : num  1 0 0 0 0 0 0 1 2 0 ...
 $ Gen02.HitCount4                  : num  0 0 0 1 0 0 0 0 1 0 ...
 $ Gen02.HitCount5                  : num  0 0 0 1 0 0 0 1 0 0 ...
 $ Gen02.HitRate1                   : num  0 0.2 0.333 0 0 ...
 $ Gen02.HitRate2                   : num  0 0.4 0 0 0 0 0 0 0 0 ...
 $ Gen02.HitRate3                   : num  1 0 0 0 0 ...
 $ Gen02.HitRate4                   : num  0 0 0 0.0526 0 ...
 $ Gen02.HitRate5                   : num  0 0 0 0.0526 0 ...
 $ EOF                              : int  1 1 1 1 1 1 1 1 1 1 ...
NULL
[1] "2022-02-26 18:25:01 --- transform Finish ---"
[1] "2022-02-26 18:25:01 --- na.omit Start ---"
[1] "--------------------------------------------------------------------------------"
[1] "nrow(data) na.omit before=29068"
[1] "nrow(data) na.omit after =28883"
[1] "nrow(data) na.omit diff =185"
[1] "--------------------------------------------------------------------------------"
'data.frame':	28883 obs. of  44 variables:
 $ Race.RaceId                      : Factor w/ 2473 levels "20160105-08-01-01-05",..: 2 4 5 5 6 7 8 9 10 11 ...
 $ Race.IsAnalyzeNormalPastAndFuture: logi  TRUE TRUE TRUE TRUE TRUE TRUE ...
 $ Race.IsAnalyzeNormalPast         : logi  TRUE TRUE TRUE TRUE TRUE TRUE ...
 $ Race.IsAnalyzeNormalFuture       : logi  FALSE FALSE FALSE FALSE FALSE FALSE ...
 $ Race.IsAnalyzeFullPastAndFuture  : logi  TRUE TRUE TRUE TRUE TRUE TRUE ...
 $ Race.IsAnalyzeFullPast           : logi  TRUE TRUE TRUE TRUE TRUE TRUE ...
 $ Race.IsAnalyzeFullFuture         : logi  FALSE FALSE FALSE FALSE FALSE FALSE ...
 $ Race.JyokenCd                    : Factor w/ 1 level "5": 1 1 1 1 1 1 1 1 1 1 ...
 $ Race.JyoType1Cd                  : Factor w/ 175 levels "1-08-2000-5-1",..: 2 2 4 4 5 4 2 6 7 8 ...
 $ Race.RaceType1Cd                 : Factor w/ 3 levels "1-5-X-2","1-5-X-1",..: 2 2 2 2 1 2 2 1 1 2 ...
 $ RaceHorse.RaceId                 : Factor w/ 2473 levels "20160105-08-01-01-05",..: 2 4 5 5 6 7 8 9 10 11 ...
 $ RaceHorse.KettoNum               : Factor w/ 11174 levels "2013104232","2013105599",..: 2 4 5 6 7 8 9 10 11 12 ...
 $ RaceHorse.IsHit1                 : num  0 0 0 0 0 0 0 0 0 0 ...
 $ RaceHorse.IsHit2                 : num  0 0 0 0 0 0 0 0 0 0 ...
 $ RaceHorse.IsHit3                 : num  0 1 0 0 0 0 0 0 0 0 ...
 $ RaceHorse.IsHit4                 : num  0 0 0 0 0 0 0 1 0 0 ...
 $ RaceHorse.IsHit5                 : num  0 0 0 0 0 0 0 0 0 0 ...
 $ RaceHorse.IsHit6                 : num  1 0 1 1 1 1 1 0 1 1 ...
 $ RaceHorse.IsValidRaceHorse       : logi  TRUE TRUE TRUE TRUE TRUE TRUE ...
 $ RaceHorse.TimeSdvByRace          : num  0.541 1.128 -0.43 -0.736 -0.111 ...
 $ RaceHorse.TimeSdv                : num  -0.07353 -0.00164 0.52891 0.37953 0.45849 ...
 $ RaceHorse.IsHitA                 : num  0 0 0 0 0 0 0 0 0 0 ...
 $ RaceHorse.IsHitB                 : num  0 0 0 0 0 0 0 0 0 0 ...
 $ RaceHorse.IsHitC                 : num  0 1 0 0 0 0 0 0 0 0 ...
 $ Gen02.HansyokuNum                : Factor w/ 410 levels "11201964","11201954",..: 2 2 1 3 1 1 4 1 1 1 ...
 $ Gen02.TimeSdvByRaceAvg           : num  1.1022 0.7359 0.515 -0.0349 -0.2805 ...
 $ Gen02.TimeSdvByRaceMin           : num  1.1022 -0.1952 0.0426 -2.5566 -0.2805 ...
 $ Gen02.TimeSdvByRaceMax           : num  1.102 1.47 1.033 0.928 -0.28 ...
 $ Gen02.TimeSdvAvg                 : num  0.2859 0.5931 0.0975 -0.2271 -0.5635 ...
 $ Gen02.TimeSdvMin                 : num  0.2859 -0.2027 -0.0679 -2.4646 -0.5635 ...
 $ Gen02.TimeSdvMax                 : num  0.286 1.291 0.252 1.047 -0.563 ...
 $ Gen02.OrderOfFinishSdvAvg        : num  1.14 0.6794 0.6515 -0.1272 0.0591 ...
 $ Gen02.RunCount                   : num  1 5 3 19 1 1 1 2 6 2 ...
 $ Gen02.HitCount1                  : num  0 1 1 0 0 0 0 0 1 0 ...
 $ Gen02.HitCount2                  : num  0 2 0 0 0 0 0 0 0 0 ...
 $ Gen02.HitCount3                  : num  1 0 0 0 0 0 0 1 2 0 ...
 $ Gen02.HitCount4                  : num  0 0 0 1 0 0 0 0 1 0 ...
 $ Gen02.HitCount5                  : num  0 0 0 1 0 0 0 1 0 0 ...
 $ Gen02.HitRate1                   : num  0 0.2 0.333 0 0 ...
 $ Gen02.HitRate2                   : num  0 0.4 0 0 0 0 0 0 0 0 ...
 $ Gen02.HitRate3                   : num  1 0 0 0 0 ...
 $ Gen02.HitRate4                   : num  0 0 0 0.0526 0 ...
 $ Gen02.HitRate5                   : num  0 0 0 0.0526 0 ...
 $ EOF                              : int  1 1 1 1 1 1 1 1 1 1 ...
 - attr(*, "na.action")= 'omit' Named int  200 283 309 472 516 567 573 587 716 1115 ...
  ..- attr(*, "names")= chr  "200" "283" "309" "472" ...
[1] "2022-02-26 18:25:02 --- na.omit Finish ---"
[1] "2022-02-26 18:25:02 --- rxGlm with rxStepControl Start ---"

> print(paste0(Sys.time(), " --- source_logic_glm.R Start ---"))
[1] "2022-02-26 18:25:02 --- source_logic_glm.R Start ---"

> formula <- formula(RaceHorse.IsHitA ~ +1 + Gen02.TimeSdvByRaceAvg)

> print(paste0(Sys.time(), " --- source_logic_glm.R Finished ---"))
[1] "2022-02-26 18:25:02 --- source_logic_glm.R Finished ---"
Rows Read: 28883, Total Rows Processed: 28883, Total Chunk Time: 0.002 seconds 

Starting values (iteration 1) time: 0.011 secs.
Rows Read: 28883, Total Rows Processed: 28883, Total Chunk Time: 0.002 seconds 

Iteration 2 time: 0.006 secs.
Rows Read: 28883, Total Rows Processed: 28883, Total Chunk Time: 0.002 seconds 

Iteration 3 time: 0.004 secs.
Rows Read: 28883, Total Rows Processed: 28883, Total Chunk Time: 0.002 seconds 

Iteration 4 time: 0.004 secs.
Rows Read: 28883, Total Rows Processed: 28883, Total Chunk Time: 0.002 seconds 

Iteration 5 time: 0.004 secs.

Elapsed computation time: 0.045 secs.
Rows Read: 28883, Total Rows Processed: 28883, Total Chunk Time: Less than .001 seconds 

Starting values (iteration 1) time: 0.007 secs.
Rows Read: 28883, Total Rows Processed: 28883, Total Chunk Time: Less than .001 seconds 

Iteration 2 time: 0.005 secs.

Elapsed computation time: 0.019 secs.
Rows Read: 28883, Total Rows Processed: 28883, Total Chunk Time: 0.001 seconds 

Starting values (iteration 1) time: 0.007 secs.
Rows Read: 28883, Total Rows Processed: 28883, Total Chunk Time: 0.002 seconds 

Iteration 2 time: 0.006 secs.
Rows Read: 28883, Total Rows Processed: 28883, Total Chunk Time: 0.002 seconds 

Iteration 3 time: 0.004 secs.
Rows Read: 28883, Total Rows Processed: 28883, Total Chunk Time: 0.003 seconds 

Iteration 4 time: 0.004 secs.
Rows Read: 28883, Total Rows Processed: 28883, Total Chunk Time: 0.002 seconds 

Iteration 5 time: 0.005 secs.

Elapsed computation time: 0.040 secs.

Elapsed computation time: 0.120 secs.
[1] "--------------------------------------------------------------------------------"
[1] "analyze.results.glm.step="
Logistic Regression Results for: RaceHorse.IsHitA ~
    Gen02.TimeSdvByRaceAvg
Data: data
Dependent variable(s): RaceHorse.IsHitA
Total independent variables: 2 
Number of valid observations: 28883
Number of missing observations: 0 
 
Coefficients:
                       RaceHorse.IsHitA
(Intercept)                          -3
Gen02.TimeSdvByRaceAvg                1
[1] "analyze.results.glm.step.summary"
Call:
rxLogit(formula = formula, data = data, variableSelection = analyze.results.glm.step.varsel)

Logistic Regression Results for: RaceHorse.IsHitA ~
    Gen02.TimeSdvByRaceAvg
Data: data
Dependent variable(s): RaceHorse.IsHitA
Total independent variables: 2 
Number of valid observations: 28883
Number of missing observations: 0 
-2*LogLikelihood: 14100.481 (Residual deviance on 28881 degrees of freedom)
 
Coefficients:
                       Estimate Std. Error z value Pr(>|z|)    
(Intercept)             -2.8781     0.0300   -96.0  2.2e-16 ***
Gen02.TimeSdvByRaceAvg   1.0148     0.0428    23.7  2.2e-16 ***
---
Signif. codes:  0 '***' 0.001 '**' 0.01 '*' 0.05 '.' 0.1 ' ' 1

Condition number of final variance-covariance matrix: 1 
Number of iterations: 5
[1] "--------------------------------------------------------------------------------"
[1] "2022-02-26 18:25:02 --- rxGlm with rxStepControl Finish ---"
[1] "2022-02-26 18:25:02 --- rxStepPlot Start ---"
[1] "pdfFilename=pdf_analyze_glm_Gen02_Type15_rxStepPlot.pdf"
[1] "rxStepPlot="
[1] "2022-02-26 18:25:02 --- rxStepPlot Finish ---"
[1] "2022-02-26 18:25:02 --- save.image Start ---"
[1] "save.image"
[1] "rdataFilename=RData_analyze_glm_Gen02_Type15.RData"
[1] "2022-02-26 18:25:02 --- save.image Finish ---"
[1] "2022-02-26 18:25:02 --- final Start ---"
[1] "--------------------------------------------------------------------------------"
[1] "nrow(data) final=28883"
[1] "--------------------------------------------------------------------------------"
[1] "2022-02-26 18:25:02 --- final Finish ---"
[1] "2022-02-26 18:25:02 --- analyze_glm.R Finished ---"
[1] "2022-02-26 18:25:02 --- log Finish ---"
