[1] "2022-02-26 17:57:15 --- D1115_analyze_glm_Gen02_IsHitA_Type35 Start ---"
[1] "2022-02-26 17:57:16 --- Log Start ---"
[1] "2022-02-26 17:57:16 --- analyze_glm.R Start ---"
[1] "analyzeVersion=D1115"
[1] "analyzeCategory=analyze"
[1] "analyzeType=Gen02"
[1] "analyzeFamily=IsHitA"
[1] "analyzeFunc=glm"
[1] "analyzeTrackTypeCd=3"
[1] "analyzeJyokenCd=5"
[1] "2022-02-26 17:57:16 --- source_function.R Start ---"
[1] "2022-02-26 17:57:16 --- source_function.R Finished ---"

> print(paste0(Sys.time(), " --- source_library.R Start ---"))
[1] "2022-02-26 17:57:17 --- source_library.R Start ---"

> require("RevoScaleR")

> print(paste0(Sys.time(), " --- source_library.R Finished ---"))
[1] "2022-02-26 17:57:18 --- source_library.R Finished ---"
[1] "2022-02-26 17:57:18 --- RxSqlServerData Start ---"
[1] "2022-02-26 17:57:19 --- RxInSqlServer Start ---"
[1] "2022-02-26 17:57:19 --- RxInSqlServer Finish ---"
[1] "2022-02-26 17:57:20 --- rxSetComputeContext Start ---"
[1] "2022-02-26 17:57:20 --- rxSetComputeContext Finish ---"
[1] "2022-02-26 17:57:20 --- RxSqlServerData Start ---"
[1] "sqlQuery=SELECT * FROM ViewAnalyzeD1115analyze01Gen02Type35"
[1] "2022-02-26 17:57:20 --- RxSqlServerData Finish ---"
[1] "2022-02-26 17:57:20 --- rxGetVarInfo Start ---"
[1] "2022-02-26 17:57:23 --- rxGetVarInfo Finish---"
[1] "2022-02-26 17:57:23 --- rxImport Start ---"
Rows Read: 4090, Total Rows Processed: 4090, Total Chunk Time: 74.726 seconds 
[1] "2022-02-26 17:59:51 --- rxImport Finish ---"
[1] "object.size(data) auto=1.3 Mb"
[1] "--------------------------------------------------------------------------------"
[1] "nrow(data) RxSqlServerData=4090"
[1] "--------------------------------------------------------------------------------"
[1] "str(data)="
'data.frame':	4090 obs. of  44 variables:
 $ Race.RaceId                      : Factor w/ 419 levels "20160424-03-01-06-04",..: 11 12 13 14 15 16 17 18 19 20 ...
 $ Race.IsAnalyzeNormalPastAndFuture: logi  TRUE TRUE TRUE TRUE TRUE TRUE ...
 $ Race.IsAnalyzeNormalPast         : logi  TRUE TRUE TRUE TRUE TRUE TRUE ...
 $ Race.IsAnalyzeNormalFuture       : logi  FALSE FALSE FALSE FALSE FALSE FALSE ...
 $ Race.IsAnalyzeFullPastAndFuture  : logi  TRUE TRUE TRUE TRUE TRUE TRUE ...
 $ Race.IsAnalyzeFullPast           : logi  TRUE TRUE TRUE TRUE TRUE TRUE ...
 $ Race.IsAnalyzeFullFuture         : logi  FALSE FALSE FALSE FALSE FALSE FALSE ...
 $ Race.JyokenCd                    : Factor w/ 1 level "5": 1 1 1 1 1 1 1 1 1 1 ...
 $ Race.JyoType1Cd                  : Factor w/ 34 levels "3-03-2770-5-1",..: 5 5 6 5 7 7 8 4 9 8 ...
 $ Race.RaceType1Cd                 : Factor w/ 1 level "3-5-X-3": 1 1 1 1 1 1 1 1 1 1 ...
 $ RaceHorse.RaceId                 : Factor w/ 419 levels "20160424-03-01-06-04",..: 11 12 13 14 15 16 17 18 19 20 ...
 $ RaceHorse.KettoNum               : Factor w/ 1269 levels "2012103115","2010101206",..: 10 11 12 13 14 15 16 17 18 19 ...
 $ RaceHorse.IsHit1                 : num  0 0 0 0 1 1 0 0 0 0 ...
 $ RaceHorse.IsHit2                 : num  0 0 1 0 0 0 0 0 0 0 ...
 $ RaceHorse.IsHit3                 : num  0 1 0 0 0 0 0 0 0 0 ...
 $ RaceHorse.IsHit4                 : num  0 0 0 0 0 0 0 0 0 0 ...
 $ RaceHorse.IsHit5                 : num  0 0 0 1 0 0 0 0 0 0 ...
 $ RaceHorse.IsHit6                 : num  1 0 0 0 0 0 1 1 1 1 ...
 $ RaceHorse.IsValidRaceHorse       : logi  TRUE TRUE TRUE TRUE TRUE TRUE ...
 $ RaceHorse.TimeSdvByRace          : num  0.0761 0.6074 1.0687 0.5475 0.8845 ...
 $ RaceHorse.TimeSdv                : num  -0.371 0.273 0.771 -0.448 0.651 ...
 $ RaceHorse.IsHitA                 : num  0 0 0 0 1 1 0 0 0 0 ...
 $ RaceHorse.IsHitB                 : num  0 0 1 0 1 1 0 0 0 0 ...
 $ RaceHorse.IsHitC                 : num  0 1 1 0 1 1 0 0 0 0 ...
 $ Gen02.HansyokuNum                : Factor w/ 223 levels "11202050","11201940",..: 10 11 4 12 13 14 15 16 17 10 ...
 $ Gen02.TimeSdvByRaceAvg           : num  0.09 0.631 0.352 0.626 0.919 ...
 $ Gen02.TimeSdvByRaceMin           : num  -1.565 0.443 -0.919 0.443 0.919 ...
 $ Gen02.TimeSdvByRaceMax           : num  0.821 1.012 1.169 1.012 0.919 ...
 $ Gen02.TimeSdvAvg                 : num  0.14 0.1308 0.2015 0.1592 0.0944 ...
 $ Gen02.TimeSdvMin                 : num  -1.6689 -0.0538 -0.2847 -0.0538 0.0944 ...
 $ Gen02.TimeSdvMax                 : num  1.2428 0.3401 0.7448 0.3401 0.0944 ...
 $ Gen02.OrderOfFinishSdvAvg        : num  -0.0242 0.5139 0.1737 0.6091 1.2621 ...
 $ Gen02.RunCount                   : num  11 4 11 5 1 1 1 1 1 1 ...
 $ Gen02.HitCount1                  : num  0 0 0 0 0 0 0 0 0 0 ...
 $ Gen02.HitCount2                  : num  1 0 2 0 1 0 0 0 0 0 ...
 $ Gen02.HitCount3                  : num  0 1 0 2 0 0 0 0 0 0 ...
 $ Gen02.HitCount4                  : num  1 1 1 1 0 0 0 0 0 0 ...
 $ Gen02.HitCount5                  : num  2 1 2 1 0 0 0 0 0 0 ...
 $ Gen02.HitRate1                   : num  0 0 0 0 0 0 0 0 0 0 ...
 $ Gen02.HitRate2                   : num  0.0909 0 0.1818 0 1 ...
 $ Gen02.HitRate3                   : num  0 0.25 0 0.4 0 0 0 0 0 0 ...
 $ Gen02.HitRate4                   : num  0.0909 0.25 0.0909 0.2 0 ...
 $ Gen02.HitRate5                   : num  0.182 0.25 0.182 0.2 0 ...
 $ EOF                              : int  1 1 1 1 1 1 1 1 1 1 ...
[1] "2022-02-26 18:00:14 --- RxSqlServerData Finish ---"
[1] "2022-02-26 18:00:14 --- subset Start ---"
[1] "--------------------------------------------------------------------------------"
[1] "nrow(data) subset before=4090"
[1] "nrow(data) subset after =4090"
[1] "nrow(data) subset diff =0"
[1] "--------------------------------------------------------------------------------"
[1] "2022-02-26 18:00:16 --- subset Finish---"
[1] "2022-02-26 18:00:16 --- transform Start ---"
[1] "--------------------------------------------------------------------------------"
[1] "nrow(data) transform before=4090"
[1] "nrow(data) transform after=4090"
[1] "nrow(data) transform diff=0"
[1] "--------------------------------------------------------------------------------"
[1] "str(data)="
'data.frame':	4090 obs. of  44 variables:
 $ Race.RaceId                      : Factor w/ 419 levels "20160424-03-01-06-04",..: 11 12 13 14 15 16 17 18 19 20 ...
 $ Race.IsAnalyzeNormalPastAndFuture: logi  TRUE TRUE TRUE TRUE TRUE TRUE ...
 $ Race.IsAnalyzeNormalPast         : logi  TRUE TRUE TRUE TRUE TRUE TRUE ...
 $ Race.IsAnalyzeNormalFuture       : logi  FALSE FALSE FALSE FALSE FALSE FALSE ...
 $ Race.IsAnalyzeFullPastAndFuture  : logi  TRUE TRUE TRUE TRUE TRUE TRUE ...
 $ Race.IsAnalyzeFullPast           : logi  TRUE TRUE TRUE TRUE TRUE TRUE ...
 $ Race.IsAnalyzeFullFuture         : logi  FALSE FALSE FALSE FALSE FALSE FALSE ...
 $ Race.JyokenCd                    : Factor w/ 1 level "5": 1 1 1 1 1 1 1 1 1 1 ...
 $ Race.JyoType1Cd                  : Factor w/ 34 levels "3-03-2770-5-1",..: 5 5 6 5 7 7 8 4 9 8 ...
 $ Race.RaceType1Cd                 : Factor w/ 1 level "3-5-X-3": 1 1 1 1 1 1 1 1 1 1 ...
 $ RaceHorse.RaceId                 : Factor w/ 419 levels "20160424-03-01-06-04",..: 11 12 13 14 15 16 17 18 19 20 ...
 $ RaceHorse.KettoNum               : Factor w/ 1269 levels "2012103115","2010101206",..: 10 11 12 13 14 15 16 17 18 19 ...
 $ RaceHorse.IsHit1                 : num  0 0 0 0 1 1 0 0 0 0 ...
 $ RaceHorse.IsHit2                 : num  0 0 1 0 0 0 0 0 0 0 ...
 $ RaceHorse.IsHit3                 : num  0 1 0 0 0 0 0 0 0 0 ...
 $ RaceHorse.IsHit4                 : num  0 0 0 0 0 0 0 0 0 0 ...
 $ RaceHorse.IsHit5                 : num  0 0 0 1 0 0 0 0 0 0 ...
 $ RaceHorse.IsHit6                 : num  1 0 0 0 0 0 1 1 1 1 ...
 $ RaceHorse.IsValidRaceHorse       : logi  TRUE TRUE TRUE TRUE TRUE TRUE ...
 $ RaceHorse.TimeSdvByRace          : num  0.0761 0.6074 1.0687 0.5475 0.8845 ...
 $ RaceHorse.TimeSdv                : num  -0.371 0.273 0.771 -0.448 0.651 ...
 $ RaceHorse.IsHitA                 : num  0 0 0 0 1 1 0 0 0 0 ...
 $ RaceHorse.IsHitB                 : num  0 0 1 0 1 1 0 0 0 0 ...
 $ RaceHorse.IsHitC                 : num  0 1 1 0 1 1 0 0 0 0 ...
 $ Gen02.HansyokuNum                : Factor w/ 223 levels "11202050","11201940",..: 10 11 4 12 13 14 15 16 17 10 ...
 $ Gen02.TimeSdvByRaceAvg           : num  0.09 0.631 0.352 0.626 0.919 ...
 $ Gen02.TimeSdvByRaceMin           : num  -1.565 0.443 -0.919 0.443 0.919 ...
 $ Gen02.TimeSdvByRaceMax           : num  0.821 1.012 1.169 1.012 0.919 ...
 $ Gen02.TimeSdvAvg                 : num  0.14 0.1308 0.2015 0.1592 0.0944 ...
 $ Gen02.TimeSdvMin                 : num  -1.6689 -0.0538 -0.2847 -0.0538 0.0944 ...
 $ Gen02.TimeSdvMax                 : num  1.2428 0.3401 0.7448 0.3401 0.0944 ...
 $ Gen02.OrderOfFinishSdvAvg        : num  -0.0242 0.5139 0.1737 0.6091 1.2621 ...
 $ Gen02.RunCount                   : num  11 4 11 5 1 1 1 1 1 1 ...
 $ Gen02.HitCount1                  : num  0 0 0 0 0 0 0 0 0 0 ...
 $ Gen02.HitCount2                  : num  1 0 2 0 1 0 0 0 0 0 ...
 $ Gen02.HitCount3                  : num  0 1 0 2 0 0 0 0 0 0 ...
 $ Gen02.HitCount4                  : num  1 1 1 1 0 0 0 0 0 0 ...
 $ Gen02.HitCount5                  : num  2 1 2 1 0 0 0 0 0 0 ...
 $ Gen02.HitRate1                   : num  0 0 0 0 0 0 0 0 0 0 ...
 $ Gen02.HitRate2                   : num  0.0909 0 0.1818 0 1 ...
 $ Gen02.HitRate3                   : num  0 0.25 0 0.4 0 0 0 0 0 0 ...
 $ Gen02.HitRate4                   : num  0.0909 0.25 0.0909 0.2 0 ...
 $ Gen02.HitRate5                   : num  0.182 0.25 0.182 0.2 0 ...
 $ EOF                              : int  1 1 1 1 1 1 1 1 1 1 ...
NULL
[1] "2022-02-26 18:00:59 --- transform Finish ---"
[1] "2022-02-26 18:00:59 --- na.omit Start ---"
[1] "--------------------------------------------------------------------------------"
[1] "nrow(data) na.omit before=4090"
[1] "nrow(data) na.omit after =3888"
[1] "nrow(data) na.omit diff =202"
[1] "--------------------------------------------------------------------------------"
'data.frame':	3888 obs. of  44 variables:
 $ Race.RaceId                      : Factor w/ 419 levels "20160424-03-01-06-04",..: 11 12 13 14 15 16 17 18 19 20 ...
 $ Race.IsAnalyzeNormalPastAndFuture: logi  TRUE TRUE TRUE TRUE TRUE TRUE ...
 $ Race.IsAnalyzeNormalPast         : logi  TRUE TRUE TRUE TRUE TRUE TRUE ...
 $ Race.IsAnalyzeNormalFuture       : logi  FALSE FALSE FALSE FALSE FALSE FALSE ...
 $ Race.IsAnalyzeFullPastAndFuture  : logi  TRUE TRUE TRUE TRUE TRUE TRUE ...
 $ Race.IsAnalyzeFullPast           : logi  TRUE TRUE TRUE TRUE TRUE TRUE ...
 $ Race.IsAnalyzeFullFuture         : logi  FALSE FALSE FALSE FALSE FALSE FALSE ...
 $ Race.JyokenCd                    : Factor w/ 1 level "5": 1 1 1 1 1 1 1 1 1 1 ...
 $ Race.JyoType1Cd                  : Factor w/ 34 levels "3-03-2770-5-1",..: 5 5 6 5 7 7 8 4 9 8 ...
 $ Race.RaceType1Cd                 : Factor w/ 1 level "3-5-X-3": 1 1 1 1 1 1 1 1 1 1 ...
 $ RaceHorse.RaceId                 : Factor w/ 419 levels "20160424-03-01-06-04",..: 11 12 13 14 15 16 17 18 19 20 ...
 $ RaceHorse.KettoNum               : Factor w/ 1269 levels "2012103115","2010101206",..: 10 11 12 13 14 15 16 17 18 19 ...
 $ RaceHorse.IsHit1                 : num  0 0 0 0 1 1 0 0 0 0 ...
 $ RaceHorse.IsHit2                 : num  0 0 1 0 0 0 0 0 0 0 ...
 $ RaceHorse.IsHit3                 : num  0 1 0 0 0 0 0 0 0 0 ...
 $ RaceHorse.IsHit4                 : num  0 0 0 0 0 0 0 0 0 0 ...
 $ RaceHorse.IsHit5                 : num  0 0 0 1 0 0 0 0 0 0 ...
 $ RaceHorse.IsHit6                 : num  1 0 0 0 0 0 1 1 1 1 ...
 $ RaceHorse.IsValidRaceHorse       : logi  TRUE TRUE TRUE TRUE TRUE TRUE ...
 $ RaceHorse.TimeSdvByRace          : num  0.0761 0.6074 1.0687 0.5475 0.8845 ...
 $ RaceHorse.TimeSdv                : num  -0.371 0.273 0.771 -0.448 0.651 ...
 $ RaceHorse.IsHitA                 : num  0 0 0 0 1 1 0 0 0 0 ...
 $ RaceHorse.IsHitB                 : num  0 0 1 0 1 1 0 0 0 0 ...
 $ RaceHorse.IsHitC                 : num  0 1 1 0 1 1 0 0 0 0 ...
 $ Gen02.HansyokuNum                : Factor w/ 223 levels "11202050","11201940",..: 10 11 4 12 13 14 15 16 17 10 ...
 $ Gen02.TimeSdvByRaceAvg           : num  0.09 0.631 0.352 0.626 0.919 ...
 $ Gen02.TimeSdvByRaceMin           : num  -1.565 0.443 -0.919 0.443 0.919 ...
 $ Gen02.TimeSdvByRaceMax           : num  0.821 1.012 1.169 1.012 0.919 ...
 $ Gen02.TimeSdvAvg                 : num  0.14 0.1308 0.2015 0.1592 0.0944 ...
 $ Gen02.TimeSdvMin                 : num  -1.6689 -0.0538 -0.2847 -0.0538 0.0944 ...
 $ Gen02.TimeSdvMax                 : num  1.2428 0.3401 0.7448 0.3401 0.0944 ...
 $ Gen02.OrderOfFinishSdvAvg        : num  -0.0242 0.5139 0.1737 0.6091 1.2621 ...
 $ Gen02.RunCount                   : num  11 4 11 5 1 1 1 1 1 1 ...
 $ Gen02.HitCount1                  : num  0 0 0 0 0 0 0 0 0 0 ...
 $ Gen02.HitCount2                  : num  1 0 2 0 1 0 0 0 0 0 ...
 $ Gen02.HitCount3                  : num  0 1 0 2 0 0 0 0 0 0 ...
 $ Gen02.HitCount4                  : num  1 1 1 1 0 0 0 0 0 0 ...
 $ Gen02.HitCount5                  : num  2 1 2 1 0 0 0 0 0 0 ...
 $ Gen02.HitRate1                   : num  0 0 0 0 0 0 0 0 0 0 ...
 $ Gen02.HitRate2                   : num  0.0909 0 0.1818 0 1 ...
 $ Gen02.HitRate3                   : num  0 0.25 0 0.4 0 0 0 0 0 0 ...
 $ Gen02.HitRate4                   : num  0.0909 0.25 0.0909 0.2 0 ...
 $ Gen02.HitRate5                   : num  0.182 0.25 0.182 0.2 0 ...
 $ EOF                              : int  1 1 1 1 1 1 1 1 1 1 ...
 - attr(*, "na.action")= 'omit' Named int  18 23 27 91 96 97 133 177 230 249 ...
  ..- attr(*, "names")= chr  "18" "23" "27" "91" ...
[1] "2022-02-26 18:01:14 --- na.omit Finish ---"
[1] "2022-02-26 18:01:14 --- rxGlm with rxStepControl Start ---"

> print(paste0(Sys.time(), " --- source_logic_glm.R Start ---"))
[1] "2022-02-26 18:01:14 --- source_logic_glm.R Start ---"

> formula <- formula(RaceHorse.IsHitA ~ +1 + Gen02.TimeSdvByRaceAvg)

> print(paste0(Sys.time(), " --- source_logic_glm.R Finished ---"))
[1] "2022-02-26 18:01:15 --- source_logic_glm.R Finished ---"
Rows Read: 3888, Total Rows Processed: 3888, Total Chunk Time: 0.001 seconds 

Starting values (iteration 1) time: 0.010 secs.
Rows Read: 3888, Total Rows Processed: 3888, Total Chunk Time: 0.002 seconds 

Iteration 2 time: 0.006 secs.
Rows Read: 3888, Total Rows Processed: 3888, Total Chunk Time: 0.002 seconds 

Iteration 3 time: 0.005 secs.
Rows Read: 3888, Total Rows Processed: 3888, Total Chunk Time: 0.001 seconds 

Iteration 4 time: 0.006 secs.
Rows Read: 3888, Total Rows Processed: 3888, Total Chunk Time: 0.001 seconds 

Iteration 5 time: 0.006 secs.
Rows Read: 3888, Total Rows Processed: 3888, Total Chunk Time: 0.001 seconds 

Iteration 6 time: 0.007 secs.

Elapsed computation time: 0.079 secs.
Rows Read: 3888, Total Rows Processed: 3888, Total Chunk Time: 0.001 seconds 

Starting values (iteration 1) time: 0.005 secs.
Rows Read: 3888, Total Rows Processed: 3888, Total Chunk Time: 0.001 seconds 

Iteration 2 time: 0.005 secs.

Elapsed computation time: 0.025 secs.
Rows Read: 3888, Total Rows Processed: 3888, Total Chunk Time: Less than .001 seconds 

Starting values (iteration 1) time: 0.005 secs.
Rows Read: 3888, Total Rows Processed: 3888, Total Chunk Time: Less than .001 seconds 

Iteration 2 time: 0.013 secs.
Rows Read: 3888, Total Rows Processed: 3888, Total Chunk Time: 0.001 seconds 

Iteration 3 time: 0.138 secs.
Rows Read: 3888, Total Rows Processed: 3888, Total Chunk Time: 0.001 seconds 

Iteration 4 time: 0.146 secs.
Rows Read: 3888, Total Rows Processed: 3888, Total Chunk Time: 0.001 seconds 

Iteration 5 time: 0.006 secs.
Rows Read: 3888, Total Rows Processed: 3888, Total Chunk Time: 0.001 seconds 

Iteration 6 time: 0.007 secs.

Elapsed computation time: 1.131 secs.

Elapsed computation time: 1.254 secs.
[1] "--------------------------------------------------------------------------------"
[1] "analyze.results.glm.step="
Logistic Regression Results for: RaceHorse.IsHitA ~
    Gen02.TimeSdvByRaceAvg
Data: data
Dependent variable(s): RaceHorse.IsHitA
Total independent variables: 2 
Number of valid observations: 3888
Number of missing observations: 0 
 
Coefficients:
                       RaceHorse.IsHitA
(Intercept)                          -3
Gen02.TimeSdvByRaceAvg                1
[1] "analyze.results.glm.step.summary"
Call:
rxLogit(formula = formula, data = data, variableSelection = analyze.results.glm.step.varsel)

Logistic Regression Results for: RaceHorse.IsHitA ~
    Gen02.TimeSdvByRaceAvg
Data: data
Dependent variable(s): RaceHorse.IsHitA
Total independent variables: 2 
Number of valid observations: 3888
Number of missing observations: 0 
-2*LogLikelihood: 2275.271 (Residual deviance on 3886 degrees of freedom)
 
Coefficients:
                       Estimate Std. Error z value Pr(>|z|)    
(Intercept)             -2.5198     0.0708   -35.6  2.2e-16 ***
Gen02.TimeSdvByRaceAvg   1.4187     0.1216    11.7  2.2e-16 ***
---
Signif. codes:  0 '***' 0.001 '**' 0.01 '*' 0.05 '.' 0.1 ' ' 1

Condition number of final variance-covariance matrix: 1 
Number of iterations: 6
[1] "--------------------------------------------------------------------------------"
[1] "2022-02-26 18:01:17 --- rxGlm with rxStepControl Finish ---"
[1] "2022-02-26 18:01:17 --- rxStepPlot Start ---"
[1] "pdfFilename=pdf_analyze_glm_Gen02_Type35_rxStepPlot.pdf"
[1] "rxStepPlot="
[1] "2022-02-26 18:01:18 --- rxStepPlot Finish ---"
[1] "2022-02-26 18:01:18 --- save.image Start ---"
[1] "save.image"
[1] "rdataFilename=RData_analyze_glm_Gen02_Type35.RData"
[1] "2022-02-26 18:01:19 --- save.image Finish ---"
[1] "2022-02-26 18:01:19 --- final Start ---"
[1] "--------------------------------------------------------------------------------"
[1] "nrow(data) final=3888"
[1] "--------------------------------------------------------------------------------"
[1] "2022-02-26 18:01:20 --- final Finish ---"
[1] "2022-02-26 18:01:20 --- analyze_glm.R Finished ---"
[1] "2022-02-26 18:01:20 --- log Finish ---"
