[1] "2022-02-27 12:24:06 --- D1115_analyze_glm_Horse_IsHitA_Type11 Start ---"
[1] "2022-02-27 12:24:06 --- Log Start ---"
[1] "2022-02-27 12:24:06 --- analyze_glm.R Start ---"
[1] "analyzeVersion=D1115"
[1] "analyzeCategory=analyze"
[1] "analyzeType=Horse"
[1] "analyzeFamily=IsHitA"
[1] "analyzeFunc=glm"
[1] "analyzeTrackTypeCd=1"
[1] "analyzeJyokenCd=1"
[1] "2022-02-27 12:24:06 --- source_function.R Start ---"
[1] "2022-02-27 12:24:06 --- source_function.R Finished ---"

> print(paste0(Sys.time(), " --- source_library.R Start ---"))
[1] "2022-02-27 12:24:06 --- source_library.R Start ---"

> require("RevoScaleR")

> print(paste0(Sys.time(), " --- source_library.R Finished ---"))
[1] "2022-02-27 12:24:07 --- source_library.R Finished ---"
[1] "2022-02-27 12:24:07 --- RxSqlServerData Start ---"
[1] "2022-02-27 12:24:07 --- RxInSqlServer Start ---"
[1] "2022-02-27 12:24:07 --- RxInSqlServer Finish ---"
[1] "2022-02-27 12:24:07 --- rxSetComputeContext Start ---"
[1] "2022-02-27 12:24:07 --- rxSetComputeContext Finish ---"
[1] "2022-02-27 12:24:07 --- RxSqlServerData Start ---"
[1] "sqlQuery=SELECT * FROM ViewAnalyzeD1115analyze01HorseType11"
[1] "2022-02-27 12:24:07 --- RxSqlServerData Finish ---"
[1] "2022-02-27 12:24:07 --- rxGetVarInfo Start ---"
[1] "2022-02-27 12:24:07 --- rxGetVarInfo Finish---"
[1] "2022-02-27 12:24:07 --- rxImport Start ---"
Rows Read: 12702, Total Rows Processed: 12702, Total Chunk Time: 1.048 seconds 
[1] "2022-02-27 12:24:12 --- rxImport Finish ---"
[1] "object.size(data) auto=4.1 Mb"
[1] "--------------------------------------------------------------------------------"
[1] "nrow(data) RxSqlServerData=12702"
[1] "--------------------------------------------------------------------------------"
[1] "str(data)="
'data.frame':	12702 obs. of  44 variables:
 $ Race.RaceId                      : Factor w/ 928 levels "20160807-01-01-04-11",..: 2 2 2 2 2 2 2 2 2 2 ...
 $ Race.IsAnalyzeNormalPastAndFuture: logi  TRUE TRUE TRUE TRUE TRUE TRUE ...
 $ Race.IsAnalyzeNormalPast         : logi  TRUE TRUE TRUE TRUE TRUE TRUE ...
 $ Race.IsAnalyzeNormalFuture       : logi  FALSE FALSE FALSE FALSE FALSE FALSE ...
 $ Race.IsAnalyzeFullPastAndFuture  : logi  TRUE TRUE TRUE TRUE TRUE TRUE ...
 $ Race.IsAnalyzeFullPast           : logi  TRUE TRUE TRUE TRUE TRUE TRUE ...
 $ Race.IsAnalyzeFullFuture         : logi  FALSE FALSE FALSE FALSE FALSE FALSE ...
 $ Race.JyokenCd                    : Factor w/ 1 level "1": 1 1 1 1 1 1 1 1 1 1 ...
 $ Race.JyoType1Cd                  : Factor w/ 141 levels "1-01-1200-1-1",..: 2 2 2 2 2 2 2 2 2 2 ...
 $ Race.RaceType1Cd                 : Factor w/ 16 levels "1-1-E-1","1-1-B-2",..: 2 2 2 2 2 2 2 2 2 2 ...
 $ RaceHorse.RaceId                 : Factor w/ 928 levels "20160807-01-01-04-11",..: 2 2 2 2 2 2 2 2 2 2 ...
 $ RaceHorse.KettoNum               : Factor w/ 2993 levels "2008101350","2008103002",..: 11 12 13 14 15 16 17 18 19 20 ...
 $ RaceHorse.IsHit1                 : num  0 0 0 0 0 0 0 0 1 0 ...
 $ RaceHorse.IsHit2                 : num  0 0 0 0 0 0 0 0 0 1 ...
 $ RaceHorse.IsHit3                 : num  0 0 0 0 0 0 0 1 0 0 ...
 $ RaceHorse.IsHit4                 : num  0 0 0 0 0 0 1 0 0 0 ...
 $ RaceHorse.IsHit5                 : num  0 0 0 0 0 0 0 0 0 0 ...
 $ RaceHorse.IsHit6                 : num  1 1 1 1 1 1 0 0 0 0 ...
 $ RaceHorse.IsValidRaceHorse       : logi  TRUE TRUE TRUE TRUE TRUE TRUE ...
 $ RaceHorse.TimeSdvByRace          : num  -2.6265 -0.2368 0.2153 0.0861 -0.6243 ...
 $ RaceHorse.TimeSdv                : num  -2.285 -0.376 -0.015 -0.118 -0.686 ...
 $ RaceHorse.IsHitA                 : num  0 0 0 0 0 0 0 0 1 0 ...
 $ RaceHorse.IsHitB                 : num  0 0 0 0 0 0 0 0 1 1 ...
 $ RaceHorse.IsHitC                 : num  0 0 0 0 0 0 0 1 1 1 ...
 $ Horse.KettoNum                   : Factor w/ 2993 levels "2008101350","2008103002",..: 11 12 13 14 15 16 17 18 19 20 ...
 $ Horse.TimeSdvByRaceAvg           : num  0.829 -0.408 0.604 0.912 0.792 ...
 $ Horse.TimeSdvByRaceMin           : num  0.0713 -2.9684 -0.0345 0.3386 -0.6527 ...
 $ Horse.TimeSdvByRaceMax           : num  1.16 1.61 1.25 1.23 1.35 ...
 $ Horse.TimeSdvAvg                 : num  0.485 -0.525 0.163 0.18 0.167 ...
 $ Horse.TimeSdvMin                 : num  -0.146 -2.291 -1.029 -1.707 -0.235 ...
 $ Horse.TimeSdvMax                 : num  1.835 0.745 0.862 1.313 0.683 ...
 $ Horse.OrderOfFinishSdvAvg        : num  0.911 -0.167 0.535 1.187 0.833 ...
 $ Horse.RunCount                   : num  4 7 6 3 5 5 6 3 2 2 ...
 $ Horse.HitCount1                  : num  1 1 1 1 1 1 2 2 2 2 ...
 $ Horse.HitCount2                  : num  0 0 1 1 2 0 2 1 0 0 ...
 $ Horse.HitCount3                  : num  2 0 0 0 0 1 0 0 0 0 ...
 $ Horse.HitCount4                  : num  0 0 0 1 0 0 0 0 0 0 ...
 $ Horse.HitCount5                  : num  0 0 2 0 1 0 0 0 0 0 ...
 $ Horse.HitRate1                   : num  0.25 0.143 0.167 0.333 0.2 ...
 $ Horse.HitRate2                   : num  0 0 0.167 0.333 0.4 ...
 $ Horse.HitRate3                   : num  0.5 0 0 0 0 0.2 0 0 0 0 ...
 $ Horse.HitRate4                   : num  0 0 0 0.333 0 ...
 $ Horse.HitRate5                   : num  0 0 0.333 0 0.2 ...
 $ EOF                              : int  1 1 1 1 1 1 1 1 1 1 ...
[1] "2022-02-27 12:24:12 --- RxSqlServerData Finish ---"
[1] "2022-02-27 12:24:12 --- subset Start ---"
[1] "--------------------------------------------------------------------------------"
[1] "nrow(data) subset before=12702"
[1] "nrow(data) subset after =12702"
[1] "nrow(data) subset diff =0"
[1] "--------------------------------------------------------------------------------"
[1] "2022-02-27 12:24:12 --- subset Finish---"
[1] "2022-02-27 12:24:12 --- transform Start ---"
[1] "--------------------------------------------------------------------------------"
[1] "nrow(data) transform before=12702"
[1] "nrow(data) transform after=12702"
[1] "nrow(data) transform diff=0"
[1] "--------------------------------------------------------------------------------"
[1] "str(data)="
'data.frame':	12702 obs. of  44 variables:
 $ Race.RaceId                      : Factor w/ 928 levels "20160807-01-01-04-11",..: 2 2 2 2 2 2 2 2 2 2 ...
 $ Race.IsAnalyzeNormalPastAndFuture: logi  TRUE TRUE TRUE TRUE TRUE TRUE ...
 $ Race.IsAnalyzeNormalPast         : logi  TRUE TRUE TRUE TRUE TRUE TRUE ...
 $ Race.IsAnalyzeNormalFuture       : logi  FALSE FALSE FALSE FALSE FALSE FALSE ...
 $ Race.IsAnalyzeFullPastAndFuture  : logi  TRUE TRUE TRUE TRUE TRUE TRUE ...
 $ Race.IsAnalyzeFullPast           : logi  TRUE TRUE TRUE TRUE TRUE TRUE ...
 $ Race.IsAnalyzeFullFuture         : logi  FALSE FALSE FALSE FALSE FALSE FALSE ...
 $ Race.JyokenCd                    : Factor w/ 1 level "1": 1 1 1 1 1 1 1 1 1 1 ...
 $ Race.JyoType1Cd                  : Factor w/ 141 levels "1-01-1200-1-1",..: 2 2 2 2 2 2 2 2 2 2 ...
 $ Race.RaceType1Cd                 : Factor w/ 16 levels "1-1-E-1","1-1-B-2",..: 2 2 2 2 2 2 2 2 2 2 ...
 $ RaceHorse.RaceId                 : Factor w/ 928 levels "20160807-01-01-04-11",..: 2 2 2 2 2 2 2 2 2 2 ...
 $ RaceHorse.KettoNum               : Factor w/ 2993 levels "2008101350","2008103002",..: 11 12 13 14 15 16 17 18 19 20 ...
 $ RaceHorse.IsHit1                 : num  0 0 0 0 0 0 0 0 1 0 ...
 $ RaceHorse.IsHit2                 : num  0 0 0 0 0 0 0 0 0 1 ...
 $ RaceHorse.IsHit3                 : num  0 0 0 0 0 0 0 1 0 0 ...
 $ RaceHorse.IsHit4                 : num  0 0 0 0 0 0 1 0 0 0 ...
 $ RaceHorse.IsHit5                 : num  0 0 0 0 0 0 0 0 0 0 ...
 $ RaceHorse.IsHit6                 : num  1 1 1 1 1 1 0 0 0 0 ...
 $ RaceHorse.IsValidRaceHorse       : logi  TRUE TRUE TRUE TRUE TRUE TRUE ...
 $ RaceHorse.TimeSdvByRace          : num  -2.6265 -0.2368 0.2153 0.0861 -0.6243 ...
 $ RaceHorse.TimeSdv                : num  -2.285 -0.376 -0.015 -0.118 -0.686 ...
 $ RaceHorse.IsHitA                 : num  0 0 0 0 0 0 0 0 1 0 ...
 $ RaceHorse.IsHitB                 : num  0 0 0 0 0 0 0 0 1 1 ...
 $ RaceHorse.IsHitC                 : num  0 0 0 0 0 0 0 1 1 1 ...
 $ Horse.KettoNum                   : Factor w/ 2993 levels "2008101350","2008103002",..: 11 12 13 14 15 16 17 18 19 20 ...
 $ Horse.TimeSdvByRaceAvg           : num  0.829 -0.408 0.604 0.912 0.792 ...
 $ Horse.TimeSdvByRaceMin           : num  0.0713 -2.9684 -0.0345 0.3386 -0.6527 ...
 $ Horse.TimeSdvByRaceMax           : num  1.16 1.61 1.25 1.23 1.35 ...
 $ Horse.TimeSdvAvg                 : num  0.485 -0.525 0.163 0.18 0.167 ...
 $ Horse.TimeSdvMin                 : num  -0.146 -2.291 -1.029 -1.707 -0.235 ...
 $ Horse.TimeSdvMax                 : num  1.835 0.745 0.862 1.313 0.683 ...
 $ Horse.OrderOfFinishSdvAvg        : num  0.911 -0.167 0.535 1.187 0.833 ...
 $ Horse.RunCount                   : num  4 7 6 3 5 5 6 3 2 2 ...
 $ Horse.HitCount1                  : num  1 1 1 1 1 1 2 2 2 2 ...
 $ Horse.HitCount2                  : num  0 0 1 1 2 0 2 1 0 0 ...
 $ Horse.HitCount3                  : num  2 0 0 0 0 1 0 0 0 0 ...
 $ Horse.HitCount4                  : num  0 0 0 1 0 0 0 0 0 0 ...
 $ Horse.HitCount5                  : num  0 0 2 0 1 0 0 0 0 0 ...
 $ Horse.HitRate1                   : num  0.25 0.143 0.167 0.333 0.2 ...
 $ Horse.HitRate2                   : num  0 0 0.167 0.333 0.4 ...
 $ Horse.HitRate3                   : num  0.5 0 0 0 0 0.2 0 0 0 0 ...
 $ Horse.HitRate4                   : num  0 0 0 0.333 0 ...
 $ Horse.HitRate5                   : num  0 0 0.333 0 0.2 ...
 $ EOF                              : int  1 1 1 1 1 1 1 1 1 1 ...
NULL
[1] "2022-02-27 12:24:12 --- transform Finish ---"
[1] "2022-02-27 12:24:12 --- na.omit Start ---"
[1] "--------------------------------------------------------------------------------"
[1] "nrow(data) na.omit before=12702"
[1] "nrow(data) na.omit after =12633"
[1] "nrow(data) na.omit diff =69"
[1] "--------------------------------------------------------------------------------"
'data.frame':	12633 obs. of  44 variables:
 $ Race.RaceId                      : Factor w/ 928 levels "20160807-01-01-04-11",..: 2 2 2 2 2 2 2 2 2 2 ...
 $ Race.IsAnalyzeNormalPastAndFuture: logi  TRUE TRUE TRUE TRUE TRUE TRUE ...
 $ Race.IsAnalyzeNormalPast         : logi  TRUE TRUE TRUE TRUE TRUE TRUE ...
 $ Race.IsAnalyzeNormalFuture       : logi  FALSE FALSE FALSE FALSE FALSE FALSE ...
 $ Race.IsAnalyzeFullPastAndFuture  : logi  TRUE TRUE TRUE TRUE TRUE TRUE ...
 $ Race.IsAnalyzeFullPast           : logi  TRUE TRUE TRUE TRUE TRUE TRUE ...
 $ Race.IsAnalyzeFullFuture         : logi  FALSE FALSE FALSE FALSE FALSE FALSE ...
 $ Race.JyokenCd                    : Factor w/ 1 level "1": 1 1 1 1 1 1 1 1 1 1 ...
 $ Race.JyoType1Cd                  : Factor w/ 141 levels "1-01-1200-1-1",..: 2 2 2 2 2 2 2 2 2 2 ...
 $ Race.RaceType1Cd                 : Factor w/ 16 levels "1-1-E-1","1-1-B-2",..: 2 2 2 2 2 2 2 2 2 2 ...
 $ RaceHorse.RaceId                 : Factor w/ 928 levels "20160807-01-01-04-11",..: 2 2 2 2 2 2 2 2 2 2 ...
 $ RaceHorse.KettoNum               : Factor w/ 2993 levels "2008101350","2008103002",..: 11 12 13 14 15 16 17 18 19 20 ...
 $ RaceHorse.IsHit1                 : num  0 0 0 0 0 0 0 0 1 0 ...
 $ RaceHorse.IsHit2                 : num  0 0 0 0 0 0 0 0 0 1 ...
 $ RaceHorse.IsHit3                 : num  0 0 0 0 0 0 0 1 0 0 ...
 $ RaceHorse.IsHit4                 : num  0 0 0 0 0 0 1 0 0 0 ...
 $ RaceHorse.IsHit5                 : num  0 0 0 0 0 0 0 0 0 0 ...
 $ RaceHorse.IsHit6                 : num  1 1 1 1 1 1 0 0 0 0 ...
 $ RaceHorse.IsValidRaceHorse       : logi  TRUE TRUE TRUE TRUE TRUE TRUE ...
 $ RaceHorse.TimeSdvByRace          : num  -2.6265 -0.2368 0.2153 0.0861 -0.6243 ...
 $ RaceHorse.TimeSdv                : num  -2.285 -0.376 -0.015 -0.118 -0.686 ...
 $ RaceHorse.IsHitA                 : num  0 0 0 0 0 0 0 0 1 0 ...
 $ RaceHorse.IsHitB                 : num  0 0 0 0 0 0 0 0 1 1 ...
 $ RaceHorse.IsHitC                 : num  0 0 0 0 0 0 0 1 1 1 ...
 $ Horse.KettoNum                   : Factor w/ 2993 levels "2008101350","2008103002",..: 11 12 13 14 15 16 17 18 19 20 ...
 $ Horse.TimeSdvByRaceAvg           : num  0.829 -0.408 0.604 0.912 0.792 ...
 $ Horse.TimeSdvByRaceMin           : num  0.0713 -2.9684 -0.0345 0.3386 -0.6527 ...
 $ Horse.TimeSdvByRaceMax           : num  1.16 1.61 1.25 1.23 1.35 ...
 $ Horse.TimeSdvAvg                 : num  0.485 -0.525 0.163 0.18 0.167 ...
 $ Horse.TimeSdvMin                 : num  -0.146 -2.291 -1.029 -1.707 -0.235 ...
 $ Horse.TimeSdvMax                 : num  1.835 0.745 0.862 1.313 0.683 ...
 $ Horse.OrderOfFinishSdvAvg        : num  0.911 -0.167 0.535 1.187 0.833 ...
 $ Horse.RunCount                   : num  4 7 6 3 5 5 6 3 2 2 ...
 $ Horse.HitCount1                  : num  1 1 1 1 1 1 2 2 2 2 ...
 $ Horse.HitCount2                  : num  0 0 1 1 2 0 2 1 0 0 ...
 $ Horse.HitCount3                  : num  2 0 0 0 0 1 0 0 0 0 ...
 $ Horse.HitCount4                  : num  0 0 0 1 0 0 0 0 0 0 ...
 $ Horse.HitCount5                  : num  0 0 2 0 1 0 0 0 0 0 ...
 $ Horse.HitRate1                   : num  0.25 0.143 0.167 0.333 0.2 ...
 $ Horse.HitRate2                   : num  0 0 0.167 0.333 0.4 ...
 $ Horse.HitRate3                   : num  0.5 0 0 0 0 0.2 0 0 0 0 ...
 $ Horse.HitRate4                   : num  0 0 0 0.333 0 ...
 $ Horse.HitRate5                   : num  0 0 0.333 0 0.2 ...
 $ EOF                              : int  1 1 1 1 1 1 1 1 1 1 ...
 - attr(*, "na.action")= 'omit' Named int  93 797 894 1302 1336 1427 1515 1623 1819 1854 ...
  ..- attr(*, "names")= chr  "93" "797" "894" "1302" ...
[1] "2022-02-27 12:24:13 --- na.omit Finish ---"
[1] "2022-02-27 12:24:13 --- rxGlm with rxStepControl Start ---"

> print(paste0(Sys.time(), " --- source_logic_glm.R Start ---"))
[1] "2022-02-27 12:24:13 --- source_logic_glm.R Start ---"

> formula <- formula(RaceHorse.IsHitA ~ +1 + Horse.TimeSdvByRaceAvg)

> print(paste0(Sys.time(), " --- source_logic_glm.R Finished ---"))
[1] "2022-02-27 12:24:13 --- source_logic_glm.R Finished ---"
Rows Read: 12633, Total Rows Processed: 12633, Total Chunk Time: 0.005 seconds 

Starting values (iteration 1) time: 0.044 secs.
Rows Read: 12633, Total Rows Processed: 12633, Total Chunk Time: 0.002 seconds 

Iteration 2 time: 0.007 secs.
Rows Read: 12633, Total Rows Processed: 12633, Total Chunk Time: 0.002 seconds 

Iteration 3 time: 0.004 secs.
Rows Read: 12633, Total Rows Processed: 12633, Total Chunk Time: 0.002 seconds 

Iteration 4 time: 0.006 secs.
Rows Read: 12633, Total Rows Processed: 12633, Total Chunk Time: 0.002 seconds 

Iteration 5 time: 0.005 secs.

Elapsed computation time: 0.091 secs.
Rows Read: 12633, Total Rows Processed: 12633, Total Chunk Time: 0.001 seconds 

Starting values (iteration 1) time: 0.007 secs.
Rows Read: 12633, Total Rows Processed: 12633, Total Chunk Time: 0.001 seconds 

Iteration 2 time: 0.008 secs.

Elapsed computation time: 0.025 secs.
Rows Read: 12633, Total Rows Processed: 12633, Total Chunk Time: 0.001 seconds 

Starting values (iteration 1) time: 0.007 secs.
Rows Read: 12633, Total Rows Processed: 12633, Total Chunk Time: 0.002 seconds 

Iteration 2 time: 0.007 secs.
Rows Read: 12633, Total Rows Processed: 12633, Total Chunk Time: 0.002 seconds 

Iteration 3 time: 0.007 secs.
Rows Read: 12633, Total Rows Processed: 12633, Total Chunk Time: 0.002 seconds 

Iteration 4 time: 0.007 secs.
Rows Read: 12633, Total Rows Processed: 12633, Total Chunk Time: 0.002 seconds 

Iteration 5 time: 0.006 secs.

Elapsed computation time: 0.057 secs.

Elapsed computation time: 0.206 secs.
[1] "--------------------------------------------------------------------------------"
[1] "analyze.results.glm.step="
Logistic Regression Results for: RaceHorse.IsHitA ~
    Horse.TimeSdvByRaceAvg
Data: data
Dependent variable(s): RaceHorse.IsHitA
Total independent variables: 2 
Number of valid observations: 12633
Number of missing observations: 0 
 
Coefficients:
                       RaceHorse.IsHitA
(Intercept)                          -4
Horse.TimeSdvByRaceAvg                2
[1] "analyze.results.glm.step.summary"
Call:
rxLogit(formula = formula, data = data, variableSelection = analyze.results.glm.step.varsel)

Logistic Regression Results for: RaceHorse.IsHitA ~
    Horse.TimeSdvByRaceAvg
Data: data
Dependent variable(s): RaceHorse.IsHitA
Total independent variables: 2 
Number of valid observations: 12633
Number of missing observations: 0 
-2*LogLikelihood: 6242.607 (Residual deviance on 12631 degrees of freedom)
 
Coefficients:
                       Estimate Std. Error z value Pr(>|z|)    
(Intercept)             -3.8957     0.0877   -44.4  2.2e-16 ***
Horse.TimeSdvByRaceAvg   1.6820     0.0882    19.1  2.2e-16 ***
---
Signif. codes:  0 '***' 0.001 '**' 0.01 '*' 0.05 '.' 0.1 ' ' 1

Condition number of final variance-covariance matrix: 1 
Number of iterations: 5
[1] "--------------------------------------------------------------------------------"
[1] "2022-02-27 12:24:14 --- rxGlm with rxStepControl Finish ---"
[1] "2022-02-27 12:24:14 --- rxStepPlot Start ---"
[1] "pdfFilename=pdf_analyze_glm_Horse_Type11_rxStepPlot.pdf"
[1] "rxStepPlot="
[1] "2022-02-27 12:24:14 --- rxStepPlot Finish ---"
[1] "2022-02-27 12:24:14 --- save.image Start ---"
[1] "save.image"
[1] "rdataFilename=RData_analyze_glm_Horse_Type11.RData"
[1] "2022-02-27 12:24:14 --- save.image Finish ---"
[1] "2022-02-27 12:24:14 --- final Start ---"
[1] "--------------------------------------------------------------------------------"
[1] "nrow(data) final=12633"
[1] "--------------------------------------------------------------------------------"
[1] "2022-02-27 12:24:14 --- final Finish ---"
[1] "2022-02-27 12:24:14 --- analyze_glm.R Finished ---"
[1] "2022-02-27 12:24:14 --- log Finish ---"
