[1] "2022-02-27 12:24:06 --- D1115_analyze_glm_Horse_IsHitA_Type21 Start ---"
[1] "2022-02-27 12:24:06 --- Log Start ---"
[1] "2022-02-27 12:24:06 --- analyze_glm.R Start ---"
[1] "analyzeVersion=D1115"
[1] "analyzeCategory=analyze"
[1] "analyzeType=Horse"
[1] "analyzeFamily=IsHitA"
[1] "analyzeFunc=glm"
[1] "analyzeTrackTypeCd=2"
[1] "analyzeJyokenCd=1"
[1] "2022-02-27 12:24:07 --- source_function.R Start ---"
[1] "2022-02-27 12:24:07 --- source_function.R Finished ---"

> print(paste0(Sys.time(), " --- source_library.R Start ---"))
[1] "2022-02-27 12:24:07 --- source_library.R Start ---"

> require("RevoScaleR")

> print(paste0(Sys.time(), " --- source_library.R Finished ---"))
[1] "2022-02-27 12:24:07 --- source_library.R Finished ---"
[1] "2022-02-27 12:24:07 --- RxSqlServerData Start ---"
[1] "2022-02-27 12:24:07 --- RxInSqlServer Start ---"
[1] "2022-02-27 12:24:07 --- RxInSqlServer Finish ---"
[1] "2022-02-27 12:24:07 --- rxSetComputeContext Start ---"
[1] "2022-02-27 12:24:07 --- rxSetComputeContext Finish ---"
[1] "2022-02-27 12:24:07 --- RxSqlServerData Start ---"
[1] "sqlQuery=SELECT * FROM ViewAnalyzeD1115analyze01HorseType21"
[1] "2022-02-27 12:24:07 --- RxSqlServerData Finish ---"
[1] "2022-02-27 12:24:07 --- rxGetVarInfo Start ---"
[1] "2022-02-27 12:24:08 --- rxGetVarInfo Finish---"
[1] "2022-02-27 12:24:08 --- rxImport Start ---"
Rows Read: 4394, Total Rows Processed: 4394, Total Chunk Time: 3.848 seconds 
[1] "2022-02-27 12:24:14 --- rxImport Finish ---"
[1] "object.size(data) auto=1.4 Mb"
[1] "--------------------------------------------------------------------------------"
[1] "nrow(data) RxSqlServerData=4394"
[1] "--------------------------------------------------------------------------------"
[1] "str(data)="
'data.frame':	4394 obs. of  44 variables:
 $ Race.RaceId                      : Factor w/ 301 levels "20180805-04-02-04-11",..: 4 4 4 4 4 4 4 4 4 4 ...
 $ Race.IsAnalyzeNormalPastAndFuture: logi  TRUE TRUE TRUE TRUE TRUE TRUE ...
 $ Race.IsAnalyzeNormalPast         : logi  TRUE TRUE TRUE TRUE TRUE TRUE ...
 $ Race.IsAnalyzeNormalFuture       : logi  FALSE FALSE FALSE FALSE FALSE FALSE ...
 $ Race.IsAnalyzeFullPastAndFuture  : logi  TRUE TRUE TRUE TRUE TRUE TRUE ...
 $ Race.IsAnalyzeFullPast           : logi  TRUE TRUE TRUE TRUE TRUE TRUE ...
 $ Race.IsAnalyzeFullFuture         : logi  FALSE FALSE FALSE FALSE FALSE FALSE ...
 $ Race.JyokenCd                    : Factor w/ 1 level "1": 1 1 1 1 1 1 1 1 1 1 ...
 $ Race.JyoType1Cd                  : Factor w/ 62 levels "2-04-1800-1-1",..: 3 3 3 3 3 3 3 3 3 3 ...
 $ Race.RaceType1Cd                 : Factor w/ 9 levels "2-1-C-2","2-1-E-2",..: 3 3 3 3 3 3 3 3 3 3 ...
 $ RaceHorse.RaceId                 : Factor w/ 301 levels "20180805-04-02-04-11",..: 4 4 4 4 4 4 4 4 4 4 ...
 $ RaceHorse.KettoNum               : Factor w/ 952 levels "2015100995","2015102491",..: 10 11 12 13 14 15 16 17 18 19 ...
 $ RaceHorse.IsHit1                 : num  0 0 0 0 0 0 0 1 0 0 ...
 $ RaceHorse.IsHit2                 : num  0 0 0 0 0 0 0 0 1 0 ...
 $ RaceHorse.IsHit3                 : num  0 0 1 0 0 0 0 0 0 0 ...
 $ RaceHorse.IsHit4                 : num  0 0 0 0 0 1 0 0 0 0 ...
 $ RaceHorse.IsHit5                 : num  1 0 0 0 0 0 0 0 0 0 ...
 $ RaceHorse.IsHit6                 : num  0 1 0 1 1 0 1 0 0 1 ...
 $ RaceHorse.IsValidRaceHorse       : logi  TRUE TRUE TRUE TRUE TRUE TRUE ...
 $ RaceHorse.TimeSdvByRace          : num  0.438 -1.888 0.77 0.438 -1.223 ...
 $ RaceHorse.TimeSdv                : num  0.465 -1.105 0.689 0.465 -0.656 ...
 $ RaceHorse.IsHitA                 : num  0 0 0 0 0 0 0 1 0 0 ...
 $ RaceHorse.IsHitB                 : num  0 0 0 0 0 0 0 1 1 0 ...
 $ RaceHorse.IsHitC                 : num  0 0 1 0 0 0 0 1 1 0 ...
 $ Horse.KettoNum                   : Factor w/ 952 levels "2015100995","2015102491",..: 10 11 12 13 14 15 16 17 18 19 ...
 $ Horse.TimeSdvByRaceAvg           : num  0.589 0.415 0.599 0.552 0.555 ...
 $ Horse.TimeSdvByRaceMin           : num  -1.015 -2.857 -1.496 -1.204 -0.938 ...
 $ Horse.TimeSdvByRaceMax           : num  1.89 2.19 1.85 1.69 1.66 ...
 $ Horse.TimeSdvAvg                 : num  0.355 0.108 0.459 0.475 0.494 ...
 $ Horse.TimeSdvMin                 : num  -1.24 -4.98 -1.53 -1.36 -0.75 ...
 $ Horse.TimeSdvMax                 : num  1.65 1.53 1.96 1.63 1.64 ...
 $ Horse.OrderOfFinishSdvAvg        : num  0.611 0.408 0.654 0.495 0.524 ...
 $ Horse.RunCount                   : num  50 45 28 27 37 27 30 27 27 18 ...
 $ Horse.HitCount1                  : num  6 5 6 5 5 5 5 6 5 4 ...
 $ Horse.HitCount2                  : num  3 6 1 4 4 6 5 8 0 2 ...
 $ Horse.HitCount3                  : num  9 5 3 4 1 3 4 1 3 3 ...
 $ Horse.HitCount4                  : num  6 4 4 1 8 1 5 4 4 2 ...
 $ Horse.HitCount5                  : num  5 2 4 0 4 1 2 1 1 0 ...
 $ Horse.HitRate1                   : num  0.12 0.111 0.214 0.185 0.135 ...
 $ Horse.HitRate2                   : num  0.06 0.1333 0.0357 0.1481 0.1081 ...
 $ Horse.HitRate3                   : num  0.18 0.111 0.107 0.148 0.027 ...
 $ Horse.HitRate4                   : num  0.12 0.0889 0.1429 0.037 0.2162 ...
 $ Horse.HitRate5                   : num  0.1 0.0444 0.1429 0 0.1081 ...
 $ EOF                              : int  1 1 1 1 1 1 1 1 1 1 ...
[1] "2022-02-27 12:24:14 --- RxSqlServerData Finish ---"
[1] "2022-02-27 12:24:14 --- subset Start ---"
[1] "--------------------------------------------------------------------------------"
[1] "nrow(data) subset before=4394"
[1] "nrow(data) subset after =4394"
[1] "nrow(data) subset diff =0"
[1] "--------------------------------------------------------------------------------"
[1] "2022-02-27 12:24:15 --- subset Finish---"
[1] "2022-02-27 12:24:15 --- transform Start ---"
[1] "--------------------------------------------------------------------------------"
[1] "nrow(data) transform before=4394"
[1] "nrow(data) transform after=4394"
[1] "nrow(data) transform diff=0"
[1] "--------------------------------------------------------------------------------"
[1] "str(data)="
'data.frame':	4394 obs. of  44 variables:
 $ Race.RaceId                      : Factor w/ 301 levels "20180805-04-02-04-11",..: 4 4 4 4 4 4 4 4 4 4 ...
 $ Race.IsAnalyzeNormalPastAndFuture: logi  TRUE TRUE TRUE TRUE TRUE TRUE ...
 $ Race.IsAnalyzeNormalPast         : logi  TRUE TRUE TRUE TRUE TRUE TRUE ...
 $ Race.IsAnalyzeNormalFuture       : logi  FALSE FALSE FALSE FALSE FALSE FALSE ...
 $ Race.IsAnalyzeFullPastAndFuture  : logi  TRUE TRUE TRUE TRUE TRUE TRUE ...
 $ Race.IsAnalyzeFullPast           : logi  TRUE TRUE TRUE TRUE TRUE TRUE ...
 $ Race.IsAnalyzeFullFuture         : logi  FALSE FALSE FALSE FALSE FALSE FALSE ...
 $ Race.JyokenCd                    : Factor w/ 1 level "1": 1 1 1 1 1 1 1 1 1 1 ...
 $ Race.JyoType1Cd                  : Factor w/ 62 levels "2-04-1800-1-1",..: 3 3 3 3 3 3 3 3 3 3 ...
 $ Race.RaceType1Cd                 : Factor w/ 9 levels "2-1-C-2","2-1-E-2",..: 3 3 3 3 3 3 3 3 3 3 ...
 $ RaceHorse.RaceId                 : Factor w/ 301 levels "20180805-04-02-04-11",..: 4 4 4 4 4 4 4 4 4 4 ...
 $ RaceHorse.KettoNum               : Factor w/ 952 levels "2015100995","2015102491",..: 10 11 12 13 14 15 16 17 18 19 ...
 $ RaceHorse.IsHit1                 : num  0 0 0 0 0 0 0 1 0 0 ...
 $ RaceHorse.IsHit2                 : num  0 0 0 0 0 0 0 0 1 0 ...
 $ RaceHorse.IsHit3                 : num  0 0 1 0 0 0 0 0 0 0 ...
 $ RaceHorse.IsHit4                 : num  0 0 0 0 0 1 0 0 0 0 ...
 $ RaceHorse.IsHit5                 : num  1 0 0 0 0 0 0 0 0 0 ...
 $ RaceHorse.IsHit6                 : num  0 1 0 1 1 0 1 0 0 1 ...
 $ RaceHorse.IsValidRaceHorse       : logi  TRUE TRUE TRUE TRUE TRUE TRUE ...
 $ RaceHorse.TimeSdvByRace          : num  0.438 -1.888 0.77 0.438 -1.223 ...
 $ RaceHorse.TimeSdv                : num  0.465 -1.105 0.689 0.465 -0.656 ...
 $ RaceHorse.IsHitA                 : num  0 0 0 0 0 0 0 1 0 0 ...
 $ RaceHorse.IsHitB                 : num  0 0 0 0 0 0 0 1 1 0 ...
 $ RaceHorse.IsHitC                 : num  0 0 1 0 0 0 0 1 1 0 ...
 $ Horse.KettoNum                   : Factor w/ 952 levels "2015100995","2015102491",..: 10 11 12 13 14 15 16 17 18 19 ...
 $ Horse.TimeSdvByRaceAvg           : num  0.589 0.415 0.599 0.552 0.555 ...
 $ Horse.TimeSdvByRaceMin           : num  -1.015 -2.857 -1.496 -1.204 -0.938 ...
 $ Horse.TimeSdvByRaceMax           : num  1.89 2.19 1.85 1.69 1.66 ...
 $ Horse.TimeSdvAvg                 : num  0.355 0.108 0.459 0.475 0.494 ...
 $ Horse.TimeSdvMin                 : num  -1.24 -4.98 -1.53 -1.36 -0.75 ...
 $ Horse.TimeSdvMax                 : num  1.65 1.53 1.96 1.63 1.64 ...
 $ Horse.OrderOfFinishSdvAvg        : num  0.611 0.408 0.654 0.495 0.524 ...
 $ Horse.RunCount                   : num  50 45 28 27 37 27 30 27 27 18 ...
 $ Horse.HitCount1                  : num  6 5 6 5 5 5 5 6 5 4 ...
 $ Horse.HitCount2                  : num  3 6 1 4 4 6 5 8 0 2 ...
 $ Horse.HitCount3                  : num  9 5 3 4 1 3 4 1 3 3 ...
 $ Horse.HitCount4                  : num  6 4 4 1 8 1 5 4 4 2 ...
 $ Horse.HitCount5                  : num  5 2 4 0 4 1 2 1 1 0 ...
 $ Horse.HitRate1                   : num  0.12 0.111 0.214 0.185 0.135 ...
 $ Horse.HitRate2                   : num  0.06 0.1333 0.0357 0.1481 0.1081 ...
 $ Horse.HitRate3                   : num  0.18 0.111 0.107 0.148 0.027 ...
 $ Horse.HitRate4                   : num  0.12 0.0889 0.1429 0.037 0.2162 ...
 $ Horse.HitRate5                   : num  0.1 0.0444 0.1429 0 0.1081 ...
 $ EOF                              : int  1 1 1 1 1 1 1 1 1 1 ...
NULL
[1] "2022-02-27 12:24:15 --- transform Finish ---"
[1] "2022-02-27 12:24:15 --- na.omit Start ---"
[1] "--------------------------------------------------------------------------------"
[1] "nrow(data) na.omit before=4394"
[1] "nrow(data) na.omit after =4369"
[1] "nrow(data) na.omit diff =25"
[1] "--------------------------------------------------------------------------------"
'data.frame':	4369 obs. of  44 variables:
 $ Race.RaceId                      : Factor w/ 301 levels "20180805-04-02-04-11",..: 4 4 4 4 4 4 4 4 4 4 ...
 $ Race.IsAnalyzeNormalPastAndFuture: logi  TRUE TRUE TRUE TRUE TRUE TRUE ...
 $ Race.IsAnalyzeNormalPast         : logi  TRUE TRUE TRUE TRUE TRUE TRUE ...
 $ Race.IsAnalyzeNormalFuture       : logi  FALSE FALSE FALSE FALSE FALSE FALSE ...
 $ Race.IsAnalyzeFullPastAndFuture  : logi  TRUE TRUE TRUE TRUE TRUE TRUE ...
 $ Race.IsAnalyzeFullPast           : logi  TRUE TRUE TRUE TRUE TRUE TRUE ...
 $ Race.IsAnalyzeFullFuture         : logi  FALSE FALSE FALSE FALSE FALSE FALSE ...
 $ Race.JyokenCd                    : Factor w/ 1 level "1": 1 1 1 1 1 1 1 1 1 1 ...
 $ Race.JyoType1Cd                  : Factor w/ 62 levels "2-04-1800-1-1",..: 3 3 3 3 3 3 3 3 3 3 ...
 $ Race.RaceType1Cd                 : Factor w/ 9 levels "2-1-C-2","2-1-E-2",..: 3 3 3 3 3 3 3 3 3 3 ...
 $ RaceHorse.RaceId                 : Factor w/ 301 levels "20180805-04-02-04-11",..: 4 4 4 4 4 4 4 4 4 4 ...
 $ RaceHorse.KettoNum               : Factor w/ 952 levels "2015100995","2015102491",..: 10 11 12 13 14 15 16 17 18 19 ...
 $ RaceHorse.IsHit1                 : num  0 0 0 0 0 0 0 1 0 0 ...
 $ RaceHorse.IsHit2                 : num  0 0 0 0 0 0 0 0 1 0 ...
 $ RaceHorse.IsHit3                 : num  0 0 1 0 0 0 0 0 0 0 ...
 $ RaceHorse.IsHit4                 : num  0 0 0 0 0 1 0 0 0 0 ...
 $ RaceHorse.IsHit5                 : num  1 0 0 0 0 0 0 0 0 0 ...
 $ RaceHorse.IsHit6                 : num  0 1 0 1 1 0 1 0 0 1 ...
 $ RaceHorse.IsValidRaceHorse       : logi  TRUE TRUE TRUE TRUE TRUE TRUE ...
 $ RaceHorse.TimeSdvByRace          : num  0.438 -1.888 0.77 0.438 -1.223 ...
 $ RaceHorse.TimeSdv                : num  0.465 -1.105 0.689 0.465 -0.656 ...
 $ RaceHorse.IsHitA                 : num  0 0 0 0 0 0 0 1 0 0 ...
 $ RaceHorse.IsHitB                 : num  0 0 0 0 0 0 0 1 1 0 ...
 $ RaceHorse.IsHitC                 : num  0 0 1 0 0 0 0 1 1 0 ...
 $ Horse.KettoNum                   : Factor w/ 952 levels "2015100995","2015102491",..: 10 11 12 13 14 15 16 17 18 19 ...
 $ Horse.TimeSdvByRaceAvg           : num  0.589 0.415 0.599 0.552 0.555 ...
 $ Horse.TimeSdvByRaceMin           : num  -1.015 -2.857 -1.496 -1.204 -0.938 ...
 $ Horse.TimeSdvByRaceMax           : num  1.89 2.19 1.85 1.69 1.66 ...
 $ Horse.TimeSdvAvg                 : num  0.355 0.108 0.459 0.475 0.494 ...
 $ Horse.TimeSdvMin                 : num  -1.24 -4.98 -1.53 -1.36 -0.75 ...
 $ Horse.TimeSdvMax                 : num  1.65 1.53 1.96 1.63 1.64 ...
 $ Horse.OrderOfFinishSdvAvg        : num  0.611 0.408 0.654 0.495 0.524 ...
 $ Horse.RunCount                   : num  50 45 28 27 37 27 30 27 27 18 ...
 $ Horse.HitCount1                  : num  6 5 6 5 5 5 5 6 5 4 ...
 $ Horse.HitCount2                  : num  3 6 1 4 4 6 5 8 0 2 ...
 $ Horse.HitCount3                  : num  9 5 3 4 1 3 4 1 3 3 ...
 $ Horse.HitCount4                  : num  6 4 4 1 8 1 5 4 4 2 ...
 $ Horse.HitCount5                  : num  5 2 4 0 4 1 2 1 1 0 ...
 $ Horse.HitRate1                   : num  0.12 0.111 0.214 0.185 0.135 ...
 $ Horse.HitRate2                   : num  0.06 0.1333 0.0357 0.1481 0.1081 ...
 $ Horse.HitRate3                   : num  0.18 0.111 0.107 0.148 0.027 ...
 $ Horse.HitRate4                   : num  0.12 0.0889 0.1429 0.037 0.2162 ...
 $ Horse.HitRate5                   : num  0.1 0.0444 0.1429 0 0.1081 ...
 $ EOF                              : int  1 1 1 1 1 1 1 1 1 1 ...
 - attr(*, "na.action")= 'omit' Named int  12 46 135 209 813 884 1201 1352 1384 1791 ...
  ..- attr(*, "names")= chr  "12" "46" "135" "209" ...
[1] "2022-02-27 12:24:16 --- na.omit Finish ---"
[1] "2022-02-27 12:24:16 --- rxGlm with rxStepControl Start ---"

> print(paste0(Sys.time(), " --- source_logic_glm.R Start ---"))
[1] "2022-02-27 12:24:16 --- source_logic_glm.R Start ---"

> formula <- formula(RaceHorse.IsHitA ~ +1 + Horse.TimeSdvByRaceAvg)

> print(paste0(Sys.time(), " --- source_logic_glm.R Finished ---"))
[1] "2022-02-27 12:24:16 --- source_logic_glm.R Finished ---"
Rows Read: 4369, Total Rows Processed: 4369, Total Chunk Time: Less than .001 seconds 

Starting values (iteration 1) time: 0.011 secs.
Rows Read: 4369, Total Rows Processed: 4369, Total Chunk Time: 0.001 seconds 

Iteration 2 time: 0.006 secs.
Rows Read: 4369, Total Rows Processed: 4369, Total Chunk Time: 0.001 seconds 

Iteration 3 time: 0.005 secs.
Rows Read: 4369, Total Rows Processed: 4369, Total Chunk Time: Less than .001 seconds 

Iteration 4 time: 0.007 secs.
Rows Read: 4369, Total Rows Processed: 4369, Total Chunk Time: Less than .001 seconds 

Iteration 5 time: 0.007 secs.

Elapsed computation time: 0.072 secs.
Rows Read: 4369, Total Rows Processed: 4369, Total Chunk Time: Less than .001 seconds 

Starting values (iteration 1) time: 0.006 secs.
Rows Read: 4369, Total Rows Processed: 4369, Total Chunk Time: Less than .001 seconds 

Iteration 2 time: 0.004 secs.

Elapsed computation time: 0.026 secs.
Rows Read: 4369, Total Rows Processed: 4369, Total Chunk Time: Less than .001 seconds 

Starting values (iteration 1) time: 0.005 secs.
Rows Read: 4369, Total Rows Processed: 4369, Total Chunk Time: Less than .001 seconds 

Iteration 2 time: 0.007 secs.
Rows Read: 4369, Total Rows Processed: 4369, Total Chunk Time: Less than .001 seconds 

Iteration 3 time: 0.008 secs.
Rows Read: 4369, Total Rows Processed: 4369, Total Chunk Time: Less than .001 seconds 

Iteration 4 time: 0.006 secs.
Rows Read: 4369, Total Rows Processed: 4369, Total Chunk Time: 0.002 seconds 

Iteration 5 time: 0.006 secs.

Elapsed computation time: 0.068 secs.

Elapsed computation time: 0.182 secs.
[1] "--------------------------------------------------------------------------------"
[1] "analyze.results.glm.step="
Logistic Regression Results for: RaceHorse.IsHitA ~
    Horse.TimeSdvByRaceAvg
Data: data
Dependent variable(s): RaceHorse.IsHitA
Total independent variables: 2 
Number of valid observations: 4369
Number of missing observations: 0 
 
Coefficients:
                       RaceHorse.IsHitA
(Intercept)                          -4
Horse.TimeSdvByRaceAvg                2
[1] "analyze.results.glm.step.summary"
Call:
rxLogit(formula = formula, data = data, variableSelection = analyze.results.glm.step.varsel)

Logistic Regression Results for: RaceHorse.IsHitA ~
    Horse.TimeSdvByRaceAvg
Data: data
Dependent variable(s): RaceHorse.IsHitA
Total independent variables: 2 
Number of valid observations: 4369
Number of missing observations: 0 
-2*LogLikelihood: 2083.376 (Residual deviance on 4367 degrees of freedom)
 
Coefficients:
                       Estimate Std. Error z value Pr(>|z|)    
(Intercept)              -3.863      0.149   -25.9  2.2e-16 ***
Horse.TimeSdvByRaceAvg    1.717      0.166    10.4  2.2e-16 ***
---
Signif. codes:  0 '***' 0.001 '**' 0.01 '*' 0.05 '.' 0.1 ' ' 1

Condition number of final variance-covariance matrix: 1 
Number of iterations: 5
[1] "--------------------------------------------------------------------------------"
[1] "2022-02-27 12:24:16 --- rxGlm with rxStepControl Finish ---"
[1] "2022-02-27 12:24:16 --- rxStepPlot Start ---"
[1] "pdfFilename=pdf_analyze_glm_Horse_Type21_rxStepPlot.pdf"
[1] "rxStepPlot="
[1] "2022-02-27 12:24:16 --- rxStepPlot Finish ---"
[1] "2022-02-27 12:24:16 --- save.image Start ---"
[1] "save.image"
[1] "rdataFilename=RData_analyze_glm_Horse_Type21.RData"
[1] "2022-02-27 12:24:16 --- save.image Finish ---"
[1] "2022-02-27 12:24:16 --- final Start ---"
[1] "--------------------------------------------------------------------------------"
[1] "nrow(data) final=4369"
[1] "--------------------------------------------------------------------------------"
[1] "2022-02-27 12:24:16 --- final Finish ---"
[1] "2022-02-27 12:24:16 --- analyze_glm.R Finished ---"
[1] "2022-02-27 12:24:16 --- log Finish ---"
