[1] "2022-02-27 12:24:06 --- D1115_analyze_glm_Horse_IsHitA_Type12 Start ---"
[1] "2022-02-27 12:24:06 --- Log Start ---"
[1] "2022-02-27 12:24:06 --- analyze_glm.R Start ---"
[1] "analyzeVersion=D1115"
[1] "analyzeCategory=analyze"
[1] "analyzeType=Horse"
[1] "analyzeFamily=IsHitA"
[1] "analyzeFunc=glm"
[1] "analyzeTrackTypeCd=1"
[1] "analyzeJyokenCd=2"
[1] "2022-02-27 12:24:06 --- source_function.R Start ---"
[1] "2022-02-27 12:24:06 --- source_function.R Finished ---"

> print(paste0(Sys.time(), " --- source_library.R Start ---"))
[1] "2022-02-27 12:24:06 --- source_library.R Start ---"

> require("RevoScaleR")

> print(paste0(Sys.time(), " --- source_library.R Finished ---"))
[1] "2022-02-27 12:24:07 --- source_library.R Finished ---"
[1] "2022-02-27 12:24:07 --- RxSqlServerData Start ---"
[1] "2022-02-27 12:24:07 --- RxInSqlServer Start ---"
[1] "2022-02-27 12:24:07 --- RxInSqlServer Finish ---"
[1] "2022-02-27 12:24:07 --- rxSetComputeContext Start ---"
[1] "2022-02-27 12:24:07 --- rxSetComputeContext Finish ---"
[1] "2022-02-27 12:24:07 --- RxSqlServerData Start ---"
[1] "sqlQuery=SELECT * FROM ViewAnalyzeD1115analyze01HorseType12"
[1] "2022-02-27 12:24:07 --- RxSqlServerData Finish ---"
[1] "2022-02-27 12:24:07 --- rxGetVarInfo Start ---"
[1] "2022-02-27 12:24:07 --- rxGetVarInfo Finish---"
[1] "2022-02-27 12:24:07 --- rxImport Start ---"
Rows Read: 6806, Total Rows Processed: 6806, Total Chunk Time: 569.890 seconds 
[1] "2022-02-27 12:42:54 --- rxImport Finish ---"
[1] "object.size(data) auto=2.2 Mb"
[1] "--------------------------------------------------------------------------------"
[1] "nrow(data) RxSqlServerData=6806"
[1] "--------------------------------------------------------------------------------"
[1] "str(data)="
'data.frame':	6806 obs. of  44 variables:
 $ Race.RaceId                      : Factor w/ 529 levels "20161015-05-04-04-10",..: 8 8 9 10 8 11 10 9 12 13 ...
 $ Race.IsAnalyzeNormalPastAndFuture: logi  TRUE TRUE TRUE TRUE TRUE TRUE ...
 $ Race.IsAnalyzeNormalPast         : logi  TRUE TRUE TRUE TRUE TRUE TRUE ...
 $ Race.IsAnalyzeNormalFuture       : logi  FALSE FALSE FALSE FALSE FALSE FALSE ...
 $ Race.IsAnalyzeFullPastAndFuture  : logi  TRUE TRUE TRUE TRUE TRUE TRUE ...
 $ Race.IsAnalyzeFullPast           : logi  TRUE TRUE TRUE TRUE TRUE TRUE ...
 $ Race.IsAnalyzeFullFuture         : logi  FALSE FALSE FALSE FALSE FALSE FALSE ...
 $ Race.JyokenCd                    : Factor w/ 1 level "2": 1 1 1 1 1 1 1 1 1 1 ...
 $ Race.JyoType1Cd                  : Factor w/ 112 levels "1-05-1400-2-1",..: 7 7 8 9 7 10 9 8 11 3 ...
 $ Race.RaceType1Cd                 : Factor w/ 3 levels "1-2-E-1","1-2-E-2",..: 1 1 3 2 1 1 2 3 2 2 ...
 $ RaceHorse.RaceId                 : Factor w/ 529 levels "20161015-05-04-04-10",..: 8 8 9 10 8 11 10 9 12 13 ...
 $ RaceHorse.KettoNum               : Factor w/ 1438 levels "2008100889","2008101162",..: 8 9 10 10 1 1 3 11 12 5 ...
 $ RaceHorse.IsHit1                 : num  0 0 0 0 0 0 0 0 0 0 ...
 $ RaceHorse.IsHit2                 : num  0 0 0 0 1 0 0 0 0 0 ...
 $ RaceHorse.IsHit3                 : num  0 0 0 0 0 0 0 0 0 0 ...
 $ RaceHorse.IsHit4                 : num  0 1 0 1 0 1 0 0 0 0 ...
 $ RaceHorse.IsHit5                 : num  0 0 0 0 0 0 0 1 0 0 ...
 $ RaceHorse.IsHit6                 : num  1 0 1 0 0 0 1 0 1 1 ...
 $ RaceHorse.IsValidRaceHorse       : logi  TRUE TRUE TRUE TRUE TRUE TRUE ...
 $ RaceHorse.TimeSdvByRace          : num  -1.0607 0.8839 -0.0853 0.4596 1.0607 ...
 $ RaceHorse.TimeSdv                : num  0.149 1.244 0.989 -0.249 1.344 ...
 $ RaceHorse.IsHitA                 : num  0 0 0 0 0 0 0 0 0 0 ...
 $ RaceHorse.IsHitB                 : num  0 0 0 0 1 0 0 0 0 0 ...
 $ RaceHorse.IsHitC                 : num  0 0 0 0 1 0 0 0 0 0 ...
 $ Horse.KettoNum                   : Factor w/ 1438 levels "2008100889","2008101162",..: 8 9 10 10 1 1 3 11 12 5 ...
 $ Horse.TimeSdvByRaceAvg           : num  -0.0891 0.4027 0.2028 0.1402 0.4142 ...
 $ Horse.TimeSdvByRaceMin           : num  -2.93 -2.93 -1.21 -1.37 -1.53 ...
 $ Horse.TimeSdvByRaceMax           : num  1.39 1.81 1.4 1.4 1.65 ...
 $ Horse.TimeSdvAvg                 : num  0.0298 0.3453 -0.0317 -0.013 0.3465 ...
 $ Horse.TimeSdvMin                 : num  -2.71 -2.07 -3.2 -3.2 -1.72 ...
 $ Horse.TimeSdvMax                 : num  1.62 2.1 1.6 1.6 2.01 ...
 $ Horse.OrderOfFinishSdvAvg        : num  0.00724 0.42406 0.06053 0.00654 0.34291 ...
 $ Horse.RunCount                   : num  41 49 51 56 53 57 50 28 48 40 ...
 $ Horse.HitCount1                  : num  2 3 4 4 4 4 4 3 2 4 ...
 $ Horse.HitCount2                  : num  4 5 4 4 6 7 3 3 2 8 ...
 $ Horse.HitCount3                  : num  6 4 3 3 5 5 8 2 1 3 ...
 $ Horse.HitCount4                  : num  2 6 7 7 7 8 7 5 4 5 ...
 $ Horse.HitCount5                  : num  2 10 4 4 5 5 3 4 5 6 ...
 $ Horse.HitRate1                   : num  0.0488 0.0612 0.0784 0.0714 0.0755 ...
 $ Horse.HitRate2                   : num  0.0976 0.102 0.0784 0.0714 0.1132 ...
 $ Horse.HitRate3                   : num  0.1463 0.0816 0.0588 0.0536 0.0943 ...
 $ Horse.HitRate4                   : num  0.0488 0.1224 0.1373 0.125 0.1321 ...
 $ Horse.HitRate5                   : num  0.0488 0.2041 0.0784 0.0714 0.0943 ...
 $ EOF                              : int  1 1 1 1 1 1 1 1 1 1 ...
[1] "2022-02-27 12:42:54 --- RxSqlServerData Finish ---"
[1] "2022-02-27 12:42:54 --- subset Start ---"
[1] "--------------------------------------------------------------------------------"
[1] "nrow(data) subset before=6806"
[1] "nrow(data) subset after =6806"
[1] "nrow(data) subset diff =0"
[1] "--------------------------------------------------------------------------------"
[1] "2022-02-27 12:42:54 --- subset Finish---"
[1] "2022-02-27 12:42:54 --- transform Start ---"
[1] "--------------------------------------------------------------------------------"
[1] "nrow(data) transform before=6806"
[1] "nrow(data) transform after=6806"
[1] "nrow(data) transform diff=0"
[1] "--------------------------------------------------------------------------------"
[1] "str(data)="
'data.frame':	6806 obs. of  44 variables:
 $ Race.RaceId                      : Factor w/ 529 levels "20161015-05-04-04-10",..: 8 8 9 10 8 11 10 9 12 13 ...
 $ Race.IsAnalyzeNormalPastAndFuture: logi  TRUE TRUE TRUE TRUE TRUE TRUE ...
 $ Race.IsAnalyzeNormalPast         : logi  TRUE TRUE TRUE TRUE TRUE TRUE ...
 $ Race.IsAnalyzeNormalFuture       : logi  FALSE FALSE FALSE FALSE FALSE FALSE ...
 $ Race.IsAnalyzeFullPastAndFuture  : logi  TRUE TRUE TRUE TRUE TRUE TRUE ...
 $ Race.IsAnalyzeFullPast           : logi  TRUE TRUE TRUE TRUE TRUE TRUE ...
 $ Race.IsAnalyzeFullFuture         : logi  FALSE FALSE FALSE FALSE FALSE FALSE ...
 $ Race.JyokenCd                    : Factor w/ 1 level "2": 1 1 1 1 1 1 1 1 1 1 ...
 $ Race.JyoType1Cd                  : Factor w/ 112 levels "1-05-1400-2-1",..: 7 7 8 9 7 10 9 8 11 3 ...
 $ Race.RaceType1Cd                 : Factor w/ 3 levels "1-2-E-1","1-2-E-2",..: 1 1 3 2 1 1 2 3 2 2 ...
 $ RaceHorse.RaceId                 : Factor w/ 529 levels "20161015-05-04-04-10",..: 8 8 9 10 8 11 10 9 12 13 ...
 $ RaceHorse.KettoNum               : Factor w/ 1438 levels "2008100889","2008101162",..: 8 9 10 10 1 1 3 11 12 5 ...
 $ RaceHorse.IsHit1                 : num  0 0 0 0 0 0 0 0 0 0 ...
 $ RaceHorse.IsHit2                 : num  0 0 0 0 1 0 0 0 0 0 ...
 $ RaceHorse.IsHit3                 : num  0 0 0 0 0 0 0 0 0 0 ...
 $ RaceHorse.IsHit4                 : num  0 1 0 1 0 1 0 0 0 0 ...
 $ RaceHorse.IsHit5                 : num  0 0 0 0 0 0 0 1 0 0 ...
 $ RaceHorse.IsHit6                 : num  1 0 1 0 0 0 1 0 1 1 ...
 $ RaceHorse.IsValidRaceHorse       : logi  TRUE TRUE TRUE TRUE TRUE TRUE ...
 $ RaceHorse.TimeSdvByRace          : num  -1.0607 0.8839 -0.0853 0.4596 1.0607 ...
 $ RaceHorse.TimeSdv                : num  0.149 1.244 0.989 -0.249 1.344 ...
 $ RaceHorse.IsHitA                 : num  0 0 0 0 0 0 0 0 0 0 ...
 $ RaceHorse.IsHitB                 : num  0 0 0 0 1 0 0 0 0 0 ...
 $ RaceHorse.IsHitC                 : num  0 0 0 0 1 0 0 0 0 0 ...
 $ Horse.KettoNum                   : Factor w/ 1438 levels "2008100889","2008101162",..: 8 9 10 10 1 1 3 11 12 5 ...
 $ Horse.TimeSdvByRaceAvg           : num  -0.0891 0.4027 0.2028 0.1402 0.4142 ...
 $ Horse.TimeSdvByRaceMin           : num  -2.93 -2.93 -1.21 -1.37 -1.53 ...
 $ Horse.TimeSdvByRaceMax           : num  1.39 1.81 1.4 1.4 1.65 ...
 $ Horse.TimeSdvAvg                 : num  0.0298 0.3453 -0.0317 -0.013 0.3465 ...
 $ Horse.TimeSdvMin                 : num  -2.71 -2.07 -3.2 -3.2 -1.72 ...
 $ Horse.TimeSdvMax                 : num  1.62 2.1 1.6 1.6 2.01 ...
 $ Horse.OrderOfFinishSdvAvg        : num  0.00724 0.42406 0.06053 0.00654 0.34291 ...
 $ Horse.RunCount                   : num  41 49 51 56 53 57 50 28 48 40 ...
 $ Horse.HitCount1                  : num  2 3 4 4 4 4 4 3 2 4 ...
 $ Horse.HitCount2                  : num  4 5 4 4 6 7 3 3 2 8 ...
 $ Horse.HitCount3                  : num  6 4 3 3 5 5 8 2 1 3 ...
 $ Horse.HitCount4                  : num  2 6 7 7 7 8 7 5 4 5 ...
 $ Horse.HitCount5                  : num  2 10 4 4 5 5 3 4 5 6 ...
 $ Horse.HitRate1                   : num  0.0488 0.0612 0.0784 0.0714 0.0755 ...
 $ Horse.HitRate2                   : num  0.0976 0.102 0.0784 0.0714 0.1132 ...
 $ Horse.HitRate3                   : num  0.1463 0.0816 0.0588 0.0536 0.0943 ...
 $ Horse.HitRate4                   : num  0.0488 0.1224 0.1373 0.125 0.1321 ...
 $ Horse.HitRate5                   : num  0.0488 0.2041 0.0784 0.0714 0.0943 ...
 $ EOF                              : int  1 1 1 1 1 1 1 1 1 1 ...
NULL
[1] "2022-02-27 12:42:55 --- transform Finish ---"
[1] "2022-02-27 12:42:55 --- na.omit Start ---"
[1] "--------------------------------------------------------------------------------"
[1] "nrow(data) na.omit before=6806"
[1] "nrow(data) na.omit after =6758"
[1] "nrow(data) na.omit diff =48"
[1] "--------------------------------------------------------------------------------"
'data.frame':	6758 obs. of  44 variables:
 $ Race.RaceId                      : Factor w/ 529 levels "20161015-05-04-04-10",..: 8 8 9 10 8 11 10 9 12 13 ...
 $ Race.IsAnalyzeNormalPastAndFuture: logi  TRUE TRUE TRUE TRUE TRUE TRUE ...
 $ Race.IsAnalyzeNormalPast         : logi  TRUE TRUE TRUE TRUE TRUE TRUE ...
 $ Race.IsAnalyzeNormalFuture       : logi  FALSE FALSE FALSE FALSE FALSE FALSE ...
 $ Race.IsAnalyzeFullPastAndFuture  : logi  TRUE TRUE TRUE TRUE TRUE TRUE ...
 $ Race.IsAnalyzeFullPast           : logi  TRUE TRUE TRUE TRUE TRUE TRUE ...
 $ Race.IsAnalyzeFullFuture         : logi  FALSE FALSE FALSE FALSE FALSE FALSE ...
 $ Race.JyokenCd                    : Factor w/ 1 level "2": 1 1 1 1 1 1 1 1 1 1 ...
 $ Race.JyoType1Cd                  : Factor w/ 112 levels "1-05-1400-2-1",..: 7 7 8 9 7 10 9 8 11 3 ...
 $ Race.RaceType1Cd                 : Factor w/ 3 levels "1-2-E-1","1-2-E-2",..: 1 1 3 2 1 1 2 3 2 2 ...
 $ RaceHorse.RaceId                 : Factor w/ 529 levels "20161015-05-04-04-10",..: 8 8 9 10 8 11 10 9 12 13 ...
 $ RaceHorse.KettoNum               : Factor w/ 1438 levels "2008100889","2008101162",..: 8 9 10 10 1 1 3 11 12 5 ...
 $ RaceHorse.IsHit1                 : num  0 0 0 0 0 0 0 0 0 0 ...
 $ RaceHorse.IsHit2                 : num  0 0 0 0 1 0 0 0 0 0 ...
 $ RaceHorse.IsHit3                 : num  0 0 0 0 0 0 0 0 0 0 ...
 $ RaceHorse.IsHit4                 : num  0 1 0 1 0 1 0 0 0 0 ...
 $ RaceHorse.IsHit5                 : num  0 0 0 0 0 0 0 1 0 0 ...
 $ RaceHorse.IsHit6                 : num  1 0 1 0 0 0 1 0 1 1 ...
 $ RaceHorse.IsValidRaceHorse       : logi  TRUE TRUE TRUE TRUE TRUE TRUE ...
 $ RaceHorse.TimeSdvByRace          : num  -1.0607 0.8839 -0.0853 0.4596 1.0607 ...
 $ RaceHorse.TimeSdv                : num  0.149 1.244 0.989 -0.249 1.344 ...
 $ RaceHorse.IsHitA                 : num  0 0 0 0 0 0 0 0 0 0 ...
 $ RaceHorse.IsHitB                 : num  0 0 0 0 1 0 0 0 0 0 ...
 $ RaceHorse.IsHitC                 : num  0 0 0 0 1 0 0 0 0 0 ...
 $ Horse.KettoNum                   : Factor w/ 1438 levels "2008100889","2008101162",..: 8 9 10 10 1 1 3 11 12 5 ...
 $ Horse.TimeSdvByRaceAvg           : num  -0.0891 0.4027 0.2028 0.1402 0.4142 ...
 $ Horse.TimeSdvByRaceMin           : num  -2.93 -2.93 -1.21 -1.37 -1.53 ...
 $ Horse.TimeSdvByRaceMax           : num  1.39 1.81 1.4 1.4 1.65 ...
 $ Horse.TimeSdvAvg                 : num  0.0298 0.3453 -0.0317 -0.013 0.3465 ...
 $ Horse.TimeSdvMin                 : num  -2.71 -2.07 -3.2 -3.2 -1.72 ...
 $ Horse.TimeSdvMax                 : num  1.62 2.1 1.6 1.6 2.01 ...
 $ Horse.OrderOfFinishSdvAvg        : num  0.00724 0.42406 0.06053 0.00654 0.34291 ...
 $ Horse.RunCount                   : num  41 49 51 56 53 57 50 28 48 40 ...
 $ Horse.HitCount1                  : num  2 3 4 4 4 4 4 3 2 4 ...
 $ Horse.HitCount2                  : num  4 5 4 4 6 7 3 3 2 8 ...
 $ Horse.HitCount3                  : num  6 4 3 3 5 5 8 2 1 3 ...
 $ Horse.HitCount4                  : num  2 6 7 7 7 8 7 5 4 5 ...
 $ Horse.HitCount5                  : num  2 10 4 4 5 5 3 4 5 6 ...
 $ Horse.HitRate1                   : num  0.0488 0.0612 0.0784 0.0714 0.0755 ...
 $ Horse.HitRate2                   : num  0.0976 0.102 0.0784 0.0714 0.1132 ...
 $ Horse.HitRate3                   : num  0.1463 0.0816 0.0588 0.0536 0.0943 ...
 $ Horse.HitRate4                   : num  0.0488 0.1224 0.1373 0.125 0.1321 ...
 $ Horse.HitRate5                   : num  0.0488 0.2041 0.0784 0.0714 0.0943 ...
 $ EOF                              : int  1 1 1 1 1 1 1 1 1 1 ...
 - attr(*, "na.action")= 'omit' Named int  269 363 724 854 893 1022 1091 1196 1451 1527 ...
  ..- attr(*, "names")= chr  "269" "363" "724" "854" ...
[1] "2022-02-27 12:42:55 --- na.omit Finish ---"
[1] "2022-02-27 12:42:55 --- rxGlm with rxStepControl Start ---"

> print(paste0(Sys.time(), " --- source_logic_glm.R Start ---"))
[1] "2022-02-27 12:42:55 --- source_logic_glm.R Start ---"

> formula <- formula(RaceHorse.IsHitA ~ +1 + Horse.TimeSdvByRaceAvg)

> print(paste0(Sys.time(), " --- source_logic_glm.R Finished ---"))
[1] "2022-02-27 12:42:55 --- source_logic_glm.R Finished ---"
Rows Read: 6758, Total Rows Processed: 6758, Total Chunk Time: Less than .001 seconds 

Starting values (iteration 1) time: 0.005 secs.
Rows Read: 6758, Total Rows Processed: 6758, Total Chunk Time: Less than .001 seconds 

Iteration 2 time: 0.004 secs.
Rows Read: 6758, Total Rows Processed: 6758, Total Chunk Time: Less than .001 seconds 

Iteration 3 time: 0.002 secs.
Rows Read: 6758, Total Rows Processed: 6758, Total Chunk Time: Less than .001 seconds 

Iteration 4 time: 0.003 secs.
Rows Read: 6758, Total Rows Processed: 6758, Total Chunk Time: Less than .001 seconds 

Iteration 5 time: 0.003 secs.

Elapsed computation time: 0.032 secs.
Rows Read: 6758, Total Rows Processed: 6758, Total Chunk Time: Less than .001 seconds 

Starting values (iteration 1) time: 0.003 secs.
Rows Read: 6758, Total Rows Processed: 6758, Total Chunk Time: Less than .001 seconds 

Iteration 2 time: 0.003 secs.

Elapsed computation time: 0.013 secs.
Rows Read: 6758, Total Rows Processed: 6758, Total Chunk Time: Less than .001 seconds 

Starting values (iteration 1) time: 0.003 secs.
Rows Read: 6758, Total Rows Processed: 6758, Total Chunk Time: Less than .001 seconds 

Iteration 2 time: 0.004 secs.
Rows Read: 6758, Total Rows Processed: 6758, Total Chunk Time: Less than .001 seconds 

Iteration 3 time: 0.003 secs.
Rows Read: 6758, Total Rows Processed: 6758, Total Chunk Time: Less than .001 seconds 

Iteration 4 time: 0.003 secs.
Rows Read: 6758, Total Rows Processed: 6758, Total Chunk Time: Less than .001 seconds 

Iteration 5 time: 0.003 secs.

Elapsed computation time: 0.035 secs.

Elapsed computation time: 0.092 secs.
[1] "--------------------------------------------------------------------------------"
[1] "analyze.results.glm.step="
Logistic Regression Results for: RaceHorse.IsHitA ~
    Horse.TimeSdvByRaceAvg
Data: data
Dependent variable(s): RaceHorse.IsHitA
Total independent variables: 2 
Number of valid observations: 6758
Number of missing observations: 0 
 
Coefficients:
                       RaceHorse.IsHitA
(Intercept)                          -4
Horse.TimeSdvByRaceAvg                2
[1] "analyze.results.glm.step.summary"
Call:
rxLogit(formula = formula, data = data, variableSelection = analyze.results.glm.step.varsel)

Logistic Regression Results for: RaceHorse.IsHitA ~
    Horse.TimeSdvByRaceAvg
Data: data
Dependent variable(s): RaceHorse.IsHitA
Total independent variables: 2 
Number of valid observations: 6758
Number of missing observations: 0 
-2*LogLikelihood: 3481.311 (Residual deviance on 6756 degrees of freedom)
 
Coefficients:
                       Estimate Std. Error z value Pr(>|z|)    
(Intercept)              -3.762      0.114   -33.1  2.2e-16 ***
Horse.TimeSdvByRaceAvg    2.212      0.155    14.3  2.2e-16 ***
---
Signif. codes:  0 '***' 0.001 '**' 0.01 '*' 0.05 '.' 0.1 ' ' 1

Condition number of final variance-covariance matrix: 1 
Number of iterations: 5
[1] "--------------------------------------------------------------------------------"
[1] "2022-02-27 12:42:55 --- rxGlm with rxStepControl Finish ---"
[1] "2022-02-27 12:42:55 --- rxStepPlot Start ---"
[1] "pdfFilename=pdf_analyze_glm_Horse_Type12_rxStepPlot.pdf"
[1] "rxStepPlot="
[1] "2022-02-27 12:42:55 --- rxStepPlot Finish ---"
[1] "2022-02-27 12:42:55 --- save.image Start ---"
[1] "save.image"
[1] "rdataFilename=RData_analyze_glm_Horse_Type12.RData"
[1] "2022-02-27 12:42:55 --- save.image Finish ---"
[1] "2022-02-27 12:42:55 --- final Start ---"
[1] "--------------------------------------------------------------------------------"
[1] "nrow(data) final=6758"
[1] "--------------------------------------------------------------------------------"
[1] "2022-02-27 12:42:55 --- final Finish ---"
[1] "2022-02-27 12:42:55 --- analyze_glm.R Finished ---"
[1] "2022-02-27 12:42:55 --- log Finish ---"
