[1] "2022-02-27 12:24:07 --- D1115_analyze_glm_Horse_IsHitA_Type25 Start ---"
[1] "2022-02-27 12:24:07 --- Log Start ---"
[1] "2022-02-27 12:24:07 --- analyze_glm.R Start ---"
[1] "analyzeVersion=D1115"
[1] "analyzeCategory=analyze"
[1] "analyzeType=Horse"
[1] "analyzeFamily=IsHitA"
[1] "analyzeFunc=glm"
[1] "analyzeTrackTypeCd=2"
[1] "analyzeJyokenCd=5"
[1] "2022-02-27 12:24:07 --- source_function.R Start ---"
[1] "2022-02-27 12:24:07 --- source_function.R Finished ---"

> print(paste0(Sys.time(), " --- source_library.R Start ---"))
[1] "2022-02-27 12:24:07 --- source_library.R Start ---"

> require("RevoScaleR")

> print(paste0(Sys.time(), " --- source_library.R Finished ---"))
[1] "2022-02-27 12:24:07 --- source_library.R Finished ---"
[1] "2022-02-27 12:24:07 --- RxSqlServerData Start ---"
[1] "2022-02-27 12:24:07 --- RxInSqlServer Start ---"
[1] "2022-02-27 12:24:07 --- RxInSqlServer Finish ---"
[1] "2022-02-27 12:24:07 --- rxSetComputeContext Start ---"
[1] "2022-02-27 12:24:08 --- rxSetComputeContext Finish ---"
[1] "2022-02-27 12:24:08 --- RxSqlServerData Start ---"
[1] "sqlQuery=SELECT * FROM ViewAnalyzeD1115analyze01HorseType25"
[1] "2022-02-27 12:24:08 --- RxSqlServerData Finish ---"
[1] "2022-02-27 12:24:08 --- rxGetVarInfo Start ---"
[1] "2022-02-27 12:24:08 --- rxGetVarInfo Finish---"
[1] "2022-02-27 12:24:08 --- rxImport Start ---"
Rows Read: 46468, Total Rows Processed: 46468, Total Chunk Time: 6.260 seconds 
[1] "2022-02-27 12:24:22 --- rxImport Finish ---"
[1] "object.size(data) auto=15.7 Mb"
[1] "--------------------------------------------------------------------------------"
[1] "nrow(data) RxSqlServerData=46468"
[1] "--------------------------------------------------------------------------------"
[1] "str(data)="
'data.frame':	46468 obs. of  44 variables:
 $ Race.RaceId                      : Factor w/ 3266 levels "20160604-05-03-01-01",..: 11 12 13 14 15 16 17 18 19 20 ...
 $ Race.IsAnalyzeNormalPastAndFuture: logi  TRUE TRUE TRUE TRUE TRUE TRUE ...
 $ Race.IsAnalyzeNormalPast         : logi  TRUE TRUE TRUE TRUE TRUE TRUE ...
 $ Race.IsAnalyzeNormalFuture       : logi  FALSE FALSE FALSE FALSE FALSE FALSE ...
 $ Race.IsAnalyzeFullPastAndFuture  : logi  TRUE TRUE TRUE TRUE TRUE TRUE ...
 $ Race.IsAnalyzeFullPast           : logi  TRUE TRUE TRUE TRUE TRUE TRUE ...
 $ Race.IsAnalyzeFullFuture         : logi  FALSE FALSE FALSE FALSE FALSE FALSE ...
 $ Race.JyokenCd                    : Factor w/ 1 level "5": 1 1 1 1 1 1 1 1 1 1 ...
 $ Race.JyoType1Cd                  : Factor w/ 116 levels "2-05-1400-5-1",..: 11 12 13 14 15 16 17 18 19 20 ...
 $ Race.RaceType1Cd                 : Factor w/ 3 levels "2-5-X-1","2-5-X-2",..: 1 1 1 1 1 2 2 2 1 1 ...
 $ RaceHorse.RaceId                 : Factor w/ 3266 levels "20160604-05-03-01-01",..: 11 12 13 14 15 16 17 18 19 20 ...
 $ RaceHorse.KettoNum               : Factor w/ 16199 levels "2013100485","2013100490",..: 5 5 5 5 5 6 7 8 9 9 ...
 $ RaceHorse.IsHit1                 : num  0 0 0 0 0 0 0 0 1 0 ...
 $ RaceHorse.IsHit2                 : num  0 0 1 0 1 0 0 0 0 0 ...
 $ RaceHorse.IsHit3                 : num  0 1 0 0 0 0 0 1 0 0 ...
 $ RaceHorse.IsHit4                 : num  0 0 0 0 0 0 0 0 0 0 ...
 $ RaceHorse.IsHit5                 : num  0 0 0 0 0 0 0 0 0 0 ...
 $ RaceHorse.IsHit6                 : num  1 0 0 0 0 1 1 0 0 1 ...
 $ RaceHorse.IsValidRaceHorse       : logi  TRUE TRUE TRUE FALSE TRUE TRUE ...
 $ RaceHorse.TimeSdvByRace          : num  -0.653 0.894 0.946 NA 1.458 ...
 $ RaceHorse.TimeSdv                : num  0.0846 1.2918 1.1886 NA 1.0595 ...
 $ RaceHorse.IsHitA                 : num  0 0 0 0 0 0 0 0 1 0 ...
 $ RaceHorse.IsHitB                 : num  0 0 1 0 1 0 0 0 1 0 ...
 $ RaceHorse.IsHitC                 : num  0 1 1 0 1 0 0 1 1 0 ...
 $ Horse.KettoNum                   : Factor w/ 16199 levels "2013100485","2013100490",..: 5 5 5 5 5 6 7 8 9 9 ...
 $ Horse.TimeSdvByRaceAvg           : num  1.035 1.082 0.841 1.035 0.894 ...
 $ Horse.TimeSdvByRaceMin           : num  0.841 0.841 0.841 0.841 0.841 ...
 $ Horse.TimeSdvByRaceMax           : num  1.458 1.458 0.841 1.458 0.946 ...
 $ Horse.TimeSdvAvg                 : num  1.041 0.957 0.623 1.041 0.906 ...
 $ Horse.TimeSdvMin                 : num  0.623 0.623 0.623 0.623 0.623 ...
 $ Horse.TimeSdvMax                 : num  1.292 1.189 0.623 1.292 1.189 ...
 $ Horse.OrderOfFinishSdvAvg        : num  1.134 1.131 0.656 1.134 1.012 ...
 $ Horse.RunCount                   : num  4 3 1 4 2 1 1 3 3 2 ...
 $ Horse.HitCount1                  : num  0 0 0 0 0 0 0 0 0 0 ...
 $ Horse.HitCount2                  : num  2 2 0 2 1 0 0 0 1 1 ...
 $ Horse.HitCount3                  : num  1 0 0 1 0 0 0 0 0 0 ...
 $ Horse.HitCount4                  : num  0 0 0 0 0 0 0 0 0 0 ...
 $ Horse.HitCount5                  : num  1 1 1 1 1 0 0 0 0 0 ...
 $ Horse.HitRate1                   : num  0 0 0 0 0 0 0 0 0 0 ...
 $ Horse.HitRate2                   : num  0.5 0.667 0 0.5 0.5 ...
 $ Horse.HitRate3                   : num  0.25 0 0 0.25 0 0 0 0 0 0 ...
 $ Horse.HitRate4                   : num  0 0 0 0 0 0 0 0 0 0 ...
 $ Horse.HitRate5                   : num  0.25 0.333 1 0.25 0.5 ...
 $ EOF                              : int  1 1 1 1 1 1 1 1 1 1 ...
[1] "2022-02-27 12:24:22 --- RxSqlServerData Finish ---"
[1] "2022-02-27 12:24:22 --- subset Start ---"
[1] "--------------------------------------------------------------------------------"
[1] "nrow(data) subset before=46468"
[1] "nrow(data) subset after =46468"
[1] "nrow(data) subset diff =0"
[1] "--------------------------------------------------------------------------------"
[1] "2022-02-27 12:24:22 --- subset Finish---"
[1] "2022-02-27 12:24:22 --- transform Start ---"
[1] "--------------------------------------------------------------------------------"
[1] "nrow(data) transform before=46468"
[1] "nrow(data) transform after=46468"
[1] "nrow(data) transform diff=0"
[1] "--------------------------------------------------------------------------------"
[1] "str(data)="
'data.frame':	46468 obs. of  44 variables:
 $ Race.RaceId                      : Factor w/ 3266 levels "20160604-05-03-01-01",..: 11 12 13 14 15 16 17 18 19 20 ...
 $ Race.IsAnalyzeNormalPastAndFuture: logi  TRUE TRUE TRUE TRUE TRUE TRUE ...
 $ Race.IsAnalyzeNormalPast         : logi  TRUE TRUE TRUE TRUE TRUE TRUE ...
 $ Race.IsAnalyzeNormalFuture       : logi  FALSE FALSE FALSE FALSE FALSE FALSE ...
 $ Race.IsAnalyzeFullPastAndFuture  : logi  TRUE TRUE TRUE TRUE TRUE TRUE ...
 $ Race.IsAnalyzeFullPast           : logi  TRUE TRUE TRUE TRUE TRUE TRUE ...
 $ Race.IsAnalyzeFullFuture         : logi  FALSE FALSE FALSE FALSE FALSE FALSE ...
 $ Race.JyokenCd                    : Factor w/ 1 level "5": 1 1 1 1 1 1 1 1 1 1 ...
 $ Race.JyoType1Cd                  : Factor w/ 116 levels "2-05-1400-5-1",..: 11 12 13 14 15 16 17 18 19 20 ...
 $ Race.RaceType1Cd                 : Factor w/ 3 levels "2-5-X-1","2-5-X-2",..: 1 1 1 1 1 2 2 2 1 1 ...
 $ RaceHorse.RaceId                 : Factor w/ 3266 levels "20160604-05-03-01-01",..: 11 12 13 14 15 16 17 18 19 20 ...
 $ RaceHorse.KettoNum               : Factor w/ 16199 levels "2013100485","2013100490",..: 5 5 5 5 5 6 7 8 9 9 ...
 $ RaceHorse.IsHit1                 : num  0 0 0 0 0 0 0 0 1 0 ...
 $ RaceHorse.IsHit2                 : num  0 0 1 0 1 0 0 0 0 0 ...
 $ RaceHorse.IsHit3                 : num  0 1 0 0 0 0 0 1 0 0 ...
 $ RaceHorse.IsHit4                 : num  0 0 0 0 0 0 0 0 0 0 ...
 $ RaceHorse.IsHit5                 : num  0 0 0 0 0 0 0 0 0 0 ...
 $ RaceHorse.IsHit6                 : num  1 0 0 0 0 1 1 0 0 1 ...
 $ RaceHorse.IsValidRaceHorse       : logi  TRUE TRUE TRUE FALSE TRUE TRUE ...
 $ RaceHorse.TimeSdvByRace          : num  -0.653 0.894 0.946 NA 1.458 ...
 $ RaceHorse.TimeSdv                : num  0.0846 1.2918 1.1886 NA 1.0595 ...
 $ RaceHorse.IsHitA                 : num  0 0 0 0 0 0 0 0 1 0 ...
 $ RaceHorse.IsHitB                 : num  0 0 1 0 1 0 0 0 1 0 ...
 $ RaceHorse.IsHitC                 : num  0 1 1 0 1 0 0 1 1 0 ...
 $ Horse.KettoNum                   : Factor w/ 16199 levels "2013100485","2013100490",..: 5 5 5 5 5 6 7 8 9 9 ...
 $ Horse.TimeSdvByRaceAvg           : num  1.035 1.082 0.841 1.035 0.894 ...
 $ Horse.TimeSdvByRaceMin           : num  0.841 0.841 0.841 0.841 0.841 ...
 $ Horse.TimeSdvByRaceMax           : num  1.458 1.458 0.841 1.458 0.946 ...
 $ Horse.TimeSdvAvg                 : num  1.041 0.957 0.623 1.041 0.906 ...
 $ Horse.TimeSdvMin                 : num  0.623 0.623 0.623 0.623 0.623 ...
 $ Horse.TimeSdvMax                 : num  1.292 1.189 0.623 1.292 1.189 ...
 $ Horse.OrderOfFinishSdvAvg        : num  1.134 1.131 0.656 1.134 1.012 ...
 $ Horse.RunCount                   : num  4 3 1 4 2 1 1 3 3 2 ...
 $ Horse.HitCount1                  : num  0 0 0 0 0 0 0 0 0 0 ...
 $ Horse.HitCount2                  : num  2 2 0 2 1 0 0 0 1 1 ...
 $ Horse.HitCount3                  : num  1 0 0 1 0 0 0 0 0 0 ...
 $ Horse.HitCount4                  : num  0 0 0 0 0 0 0 0 0 0 ...
 $ Horse.HitCount5                  : num  1 1 1 1 1 0 0 0 0 0 ...
 $ Horse.HitRate1                   : num  0 0 0 0 0 0 0 0 0 0 ...
 $ Horse.HitRate2                   : num  0.5 0.667 0 0.5 0.5 ...
 $ Horse.HitRate3                   : num  0.25 0 0 0.25 0 0 0 0 0 0 ...
 $ Horse.HitRate4                   : num  0 0 0 0 0 0 0 0 0 0 ...
 $ Horse.HitRate5                   : num  0.25 0.333 1 0.25 0.5 ...
 $ EOF                              : int  1 1 1 1 1 1 1 1 1 1 ...
NULL
[1] "2022-02-27 12:24:22 --- transform Finish ---"
[1] "2022-02-27 12:24:22 --- na.omit Start ---"
[1] "--------------------------------------------------------------------------------"
[1] "nrow(data) na.omit before=46468"
[1] "nrow(data) na.omit after =46081"
[1] "nrow(data) na.omit diff =387"
[1] "--------------------------------------------------------------------------------"
'data.frame':	46081 obs. of  44 variables:
 $ Race.RaceId                      : Factor w/ 3266 levels "20160604-05-03-01-01",..: 11 12 13 15 16 17 18 19 20 21 ...
 $ Race.IsAnalyzeNormalPastAndFuture: logi  TRUE TRUE TRUE TRUE TRUE TRUE ...
 $ Race.IsAnalyzeNormalPast         : logi  TRUE TRUE TRUE TRUE TRUE TRUE ...
 $ Race.IsAnalyzeNormalFuture       : logi  FALSE FALSE FALSE FALSE FALSE FALSE ...
 $ Race.IsAnalyzeFullPastAndFuture  : logi  TRUE TRUE TRUE TRUE TRUE TRUE ...
 $ Race.IsAnalyzeFullPast           : logi  TRUE TRUE TRUE TRUE TRUE TRUE ...
 $ Race.IsAnalyzeFullFuture         : logi  FALSE FALSE FALSE FALSE FALSE FALSE ...
 $ Race.JyokenCd                    : Factor w/ 1 level "5": 1 1 1 1 1 1 1 1 1 1 ...
 $ Race.JyoType1Cd                  : Factor w/ 116 levels "2-05-1400-5-1",..: 11 12 13 15 16 17 18 19 20 21 ...
 $ Race.RaceType1Cd                 : Factor w/ 3 levels "2-5-X-1","2-5-X-2",..: 1 1 1 1 2 2 2 1 1 1 ...
 $ RaceHorse.RaceId                 : Factor w/ 3266 levels "20160604-05-03-01-01",..: 11 12 13 15 16 17 18 19 20 21 ...
 $ RaceHorse.KettoNum               : Factor w/ 16199 levels "2013100485","2013100490",..: 5 5 5 5 6 7 8 9 9 10 ...
 $ RaceHorse.IsHit1                 : num  0 0 0 0 0 0 0 1 0 0 ...
 $ RaceHorse.IsHit2                 : num  0 0 1 1 0 0 0 0 0 0 ...
 $ RaceHorse.IsHit3                 : num  0 1 0 0 0 0 1 0 0 0 ...
 $ RaceHorse.IsHit4                 : num  0 0 0 0 0 0 0 0 0 0 ...
 $ RaceHorse.IsHit5                 : num  0 0 0 0 0 0 0 0 0 0 ...
 $ RaceHorse.IsHit6                 : num  1 0 0 0 1 1 0 0 1 1 ...
 $ RaceHorse.IsValidRaceHorse       : logi  TRUE TRUE TRUE TRUE TRUE TRUE ...
 $ RaceHorse.TimeSdvByRace          : num  -0.653 0.894 0.946 1.458 -0.542 ...
 $ RaceHorse.TimeSdv                : num  0.0846 1.2918 1.1886 1.0595 -0.2735 ...
 $ RaceHorse.IsHitA                 : num  0 0 0 0 0 0 0 1 0 0 ...
 $ RaceHorse.IsHitB                 : num  0 0 1 1 0 0 0 1 0 0 ...
 $ RaceHorse.IsHitC                 : num  0 1 1 1 0 0 1 1 0 0 ...
 $ Horse.KettoNum                   : Factor w/ 16199 levels "2013100485","2013100490",..: 5 5 5 5 6 7 8 9 9 10 ...
 $ Horse.TimeSdvByRaceAvg           : num  1.035 1.082 0.841 0.894 -0.79 ...
 $ Horse.TimeSdvByRaceMin           : num  0.841 0.841 0.841 0.841 -0.79 ...
 $ Horse.TimeSdvByRaceMax           : num  1.458 1.458 0.841 0.946 -0.79 ...
 $ Horse.TimeSdvAvg                 : num  1.041 0.957 0.623 0.906 0.557 ...
 $ Horse.TimeSdvMin                 : num  0.623 0.623 0.623 0.623 0.557 ...
 $ Horse.TimeSdvMax                 : num  1.292 1.189 0.623 1.189 0.557 ...
 $ Horse.OrderOfFinishSdvAvg        : num  1.134 1.131 0.656 1.012 -0.48 ...
 $ Horse.RunCount                   : num  4 3 1 2 1 1 3 3 2 4 ...
 $ Horse.HitCount1                  : num  0 0 0 0 0 0 0 0 0 0 ...
 $ Horse.HitCount2                  : num  2 2 0 1 0 0 0 1 1 0 ...
 $ Horse.HitCount3                  : num  1 0 0 0 0 0 0 0 0 2 ...
 $ Horse.HitCount4                  : num  0 0 0 0 0 0 0 0 0 0 ...
 $ Horse.HitCount5                  : num  1 1 1 1 0 0 0 0 0 0 ...
 $ Horse.HitRate1                   : num  0 0 0 0 0 0 0 0 0 0 ...
 $ Horse.HitRate2                   : num  0.5 0.667 0 0.5 0 ...
 $ Horse.HitRate3                   : num  0.25 0 0 0 0 0 0 0 0 0.5 ...
 $ Horse.HitRate4                   : num  0 0 0 0 0 0 0 0 0 0 ...
 $ Horse.HitRate5                   : num  0.25 0.333 1 0.5 0 ...
 $ EOF                              : int  1 1 1 1 1 1 1 1 1 1 ...
 - attr(*, "na.action")= 'omit' Named int  4 413 432 543 547 588 595 686 732 977 ...
  ..- attr(*, "names")= chr  "4" "413" "432" "543" ...
[1] "2022-02-27 12:24:23 --- na.omit Finish ---"
[1] "2022-02-27 12:24:23 --- rxGlm with rxStepControl Start ---"

> print(paste0(Sys.time(), " --- source_logic_glm.R Start ---"))
[1] "2022-02-27 12:24:23 --- source_logic_glm.R Start ---"

> formula <- formula(RaceHorse.IsHitA ~ +1 + Horse.TimeSdvByRaceAvg)

> print(paste0(Sys.time(), " --- source_logic_glm.R Finished ---"))
[1] "2022-02-27 12:24:23 --- source_logic_glm.R Finished ---"
Rows Read: 46081, Total Rows Processed: 46081, Total Chunk Time: 0.002 seconds 

Starting values (iteration 1) time: 0.021 secs.
Rows Read: 46081, Total Rows Processed: 46081, Total Chunk Time: 0.004 seconds 

Iteration 2 time: 0.013 secs.
Rows Read: 46081, Total Rows Processed: 46081, Total Chunk Time: 0.002 seconds 

Iteration 3 time: 0.005 secs.
Rows Read: 46081, Total Rows Processed: 46081, Total Chunk Time: 0.003 seconds 

Iteration 4 time: 0.006 secs.
Rows Read: 46081, Total Rows Processed: 46081, Total Chunk Time: 0.003 seconds 

Iteration 5 time: 0.008 secs.
Rows Read: 46081, Total Rows Processed: 46081, Total Chunk Time: 0.003 seconds 

Iteration 6 time: 0.005 secs.

Elapsed computation time: 0.078 secs.
Rows Read: 46081, Total Rows Processed: 46081, Total Chunk Time: Less than .001 seconds 

Starting values (iteration 1) time: 0.013 secs.
Rows Read: 46081, Total Rows Processed: 46081, Total Chunk Time: 0.002 seconds 

Iteration 2 time: 0.011 secs.

Elapsed computation time: 0.032 secs.
Rows Read: 46081, Total Rows Processed: 46081, Total Chunk Time: 0.001 seconds 

Starting values (iteration 1) time: 0.016 secs.
Rows Read: 46081, Total Rows Processed: 46081, Total Chunk Time: 0.003 seconds 

Iteration 2 time: 0.015 secs.
Rows Read: 46081, Total Rows Processed: 46081, Total Chunk Time: 0.004 seconds 

Iteration 3 time: 0.008 secs.
Rows Read: 46081, Total Rows Processed: 46081, Total Chunk Time: 0.004 seconds 

Iteration 4 time: 0.006 secs.
Rows Read: 46081, Total Rows Processed: 46081, Total Chunk Time: 0.004 seconds 

Iteration 5 time: 0.007 secs.
Rows Read: 46081, Total Rows Processed: 46081, Total Chunk Time: 0.004 seconds 

Iteration 6 time: 0.006 secs.

Elapsed computation time: 0.083 secs.

Elapsed computation time: 0.221 secs.
[1] "--------------------------------------------------------------------------------"
[1] "analyze.results.glm.step="
Logistic Regression Results for: RaceHorse.IsHitA ~
    Horse.TimeSdvByRaceAvg
Data: data
Dependent variable(s): RaceHorse.IsHitA
Total independent variables: 2 
Number of valid observations: 46081
Number of missing observations: 0 
 
Coefficients:
                       RaceHorse.IsHitA
(Intercept)                          -3
Horse.TimeSdvByRaceAvg                2
[1] "analyze.results.glm.step.summary"
Call:
rxLogit(formula = formula, data = data, variableSelection = analyze.results.glm.step.varsel)

Logistic Regression Results for: RaceHorse.IsHitA ~
    Horse.TimeSdvByRaceAvg
Data: data
Dependent variable(s): RaceHorse.IsHitA
Total independent variables: 2 
Number of valid observations: 46081
Number of missing observations: 0 
-2*LogLikelihood: 20584.448 (Residual deviance on 46079 degrees of freedom)
 
Coefficients:
                       Estimate Std. Error z value Pr(>|z|)    
(Intercept)             -2.9800     0.0255  -117.1  2.2e-16 ***
Horse.TimeSdvByRaceAvg   1.7700     0.0388    45.6  2.2e-16 ***
---
Signif. codes:  0 '***' 0.001 '**' 0.01 '*' 0.05 '.' 0.1 ' ' 1

Condition number of final variance-covariance matrix: 1 
Number of iterations: 6
[1] "--------------------------------------------------------------------------------"
[1] "2022-02-27 12:24:23 --- rxGlm with rxStepControl Finish ---"
[1] "2022-02-27 12:24:23 --- rxStepPlot Start ---"
[1] "pdfFilename=pdf_analyze_glm_Horse_Type25_rxStepPlot.pdf"
[1] "rxStepPlot="
[1] "2022-02-27 12:24:23 --- rxStepPlot Finish ---"
[1] "2022-02-27 12:24:23 --- save.image Start ---"
[1] "save.image"
[1] "rdataFilename=RData_analyze_glm_Horse_Type25.RData"
[1] "2022-02-27 12:24:24 --- save.image Finish ---"
[1] "2022-02-27 12:24:24 --- final Start ---"
[1] "--------------------------------------------------------------------------------"
[1] "nrow(data) final=46081"
[1] "--------------------------------------------------------------------------------"
[1] "2022-02-27 12:24:24 --- final Finish ---"
[1] "2022-02-27 12:24:24 --- analyze_glm.R Finished ---"
[1] "2022-02-27 12:24:24 --- log Finish ---"
