[1] "2022-02-26 17:57:37 --- D1115_analyze_glm_Jockey_IsHitA_Type13 Start ---"
[1] "2022-02-26 17:57:37 --- Log Start ---"
[1] "2022-02-26 17:57:37 --- analyze_glm.R Start ---"
[1] "analyzeVersion=D1115"
[1] "analyzeCategory=analyze"
[1] "analyzeType=Jockey"
[1] "analyzeFamily=IsHitA"
[1] "analyzeFunc=glm"
[1] "analyzeTrackTypeCd=1"
[1] "analyzeJyokenCd=3"
[1] "2022-02-26 17:57:38 --- source_function.R Start ---"
[1] "2022-02-26 17:57:38 --- source_function.R Finished ---"

> print(paste0(Sys.time(), " --- source_library.R Start ---"))
[1] "2022-02-26 17:57:38 --- source_library.R Start ---"

> require("RevoScaleR")

> print(paste0(Sys.time(), " --- source_library.R Finished ---"))
[1] "2022-02-26 17:57:41 --- source_library.R Finished ---"
[1] "2022-02-26 17:57:41 --- RxSqlServerData Start ---"
[1] "2022-02-26 17:57:41 --- RxInSqlServer Start ---"
[1] "2022-02-26 17:57:41 --- RxInSqlServer Finish ---"
[1] "2022-02-26 17:57:42 --- rxSetComputeContext Start ---"
[1] "2022-02-26 17:57:42 --- rxSetComputeContext Finish ---"
[1] "2022-02-26 17:57:42 --- RxSqlServerData Start ---"
[1] "sqlQuery=SELECT * FROM ViewAnalyzeD1115analyze01JockeyType13"
[1] "2022-02-26 17:57:44 --- RxSqlServerData Finish ---"
[1] "2022-02-26 17:57:44 --- rxGetVarInfo Start ---"
[1] "2022-02-26 17:57:48 --- rxGetVarInfo Finish---"
[1] "2022-02-26 17:57:49 --- rxImport Start ---"
Rows Read: 14588, Total Rows Processed: 14588, Total Chunk Time: 46.713 seconds 
[1] "2022-02-26 17:59:27 --- rxImport Finish ---"
[1] "object.size(data) auto=4.4 Mb"
[1] "--------------------------------------------------------------------------------"
[1] "nrow(data) RxSqlServerData=14588"
[1] "--------------------------------------------------------------------------------"
[1] "str(data)="
'data.frame':	14588 obs. of  43 variables:
 $ Race.RaceId                      : Factor w/ 1192 levels "20160306-06-02-04-09",..: 3 3 3 3 3 3 3 3 3 3 ...
 $ Race.IsAnalyzeNormalPastAndFuture: logi  TRUE TRUE TRUE TRUE TRUE TRUE ...
 $ Race.IsAnalyzeNormalPast         : logi  TRUE TRUE TRUE TRUE TRUE TRUE ...
 $ Race.IsAnalyzeNormalFuture       : logi  FALSE FALSE FALSE FALSE FALSE FALSE ...
 $ Race.IsAnalyzeFullPastAndFuture  : logi  TRUE TRUE TRUE TRUE TRUE TRUE ...
 $ Race.IsAnalyzeFullPast           : logi  TRUE TRUE TRUE TRUE TRUE TRUE ...
 $ Race.IsAnalyzeFullFuture         : logi  FALSE FALSE FALSE FALSE FALSE FALSE ...
 $ Race.JyokenCd                    : Factor w/ 1 level "3": 1 1 1 1 1 1 1 1 1 1 ...
 $ Race.JyoType1Cd                  : Factor w/ 154 levels "1-06-2500-3-1",..: 3 3 3 3 3 3 3 3 3 3 ...
 $ Race.RaceType1Cd                 : Factor w/ 6 levels "1-3-E-3","1-3-X-1",..: 3 3 3 3 3 3 3 3 3 3 ...
 $ RaceHorse.RaceId                 : Factor w/ 1192 levels "20160306-06-02-04-09",..: 3 3 3 3 3 3 3 3 3 3 ...
 $ RaceHorse.KettoNum               : Factor w/ 2982 levels "2009104857","2011100289",..: 11 12 13 14 15 16 17 18 19 20 ...
 $ RaceHorse.IsHit1                 : num  0 0 0 0 0 0 0 0 0 0 ...
 $ RaceHorse.IsHit2                 : num  0 0 0 0 0 0 1 0 0 0 ...
 $ RaceHorse.IsHit3                 : num  0 0 0 0 0 1 0 0 0 0 ...
 $ RaceHorse.IsHit4                 : num  0 0 0 0 0 0 0 1 0 0 ...
 $ RaceHorse.IsHit5                 : num  0 0 0 0 0 0 0 0 0 0 ...
 $ RaceHorse.IsHit6                 : num  1 1 1 1 1 0 0 0 1 1 ...
 $ RaceHorse.IsValidRaceHorse       : logi  TRUE TRUE TRUE TRUE TRUE TRUE ...
 $ RaceHorse.TimeSdvByRace          : num  -1.43 0.181 -2.351 -0.74 0.181 ...
 $ RaceHorse.TimeSdv                : num  -0.0627 0.4991 -0.3838 0.1781 0.4991 ...
 $ RaceHorse.IsHitA                 : num  0 0 0 0 0 0 0 0 0 0 ...
 $ RaceHorse.IsHitB                 : num  0 0 0 0 0 0 1 0 0 0 ...
 $ RaceHorse.IsHitC                 : num  0 0 0 0 0 1 1 0 0 0 ...
 $ Jockey.TimeSdvByRaceAvg          : num  -0.1033 -0.0418 -0.2071 0.4473 -0.0598 ...
 $ Jockey.TimeSdvByRaceMin          : num  -2.94 -2.81 -2.38 -2.93 -2.53 ...
 $ Jockey.TimeSdvByRaceMax          : num  1.77 1.83 1.61 1.59 2.13 ...
 $ Jockey.TimeSdvAvg                : num  -0.3081 -0.0717 0.0117 0.2644 -0.085 ...
 $ Jockey.TimeSdvMin                : num  -3.19 -2.47 -1.67 -2.71 -2.2 ...
 $ Jockey.TimeSdvMax                : num  1.72 1.94 1.94 2.64 1.77 ...
 $ Jockey.OrderOfFinishSdvAvg       : num  -0.1956 -0.0607 -0.3179 0.5066 -0.0267 ...
 $ Jockey.RunCount                  : num  93 79 43 123 78 80 89 108 2 101 ...
 $ Jockey.HitCount1                 : num  4 2 3 22 6 3 9 18 0 10 ...
 $ Jockey.HitCount2                 : num  3 7 3 14 4 2 7 10 0 13 ...
 $ Jockey.HitCount3                 : num  2 2 2 13 6 7 8 18 0 5 ...
 $ Jockey.HitCount4                 : num  9 5 1 14 4 8 9 6 0 12 ...
 $ Jockey.HitCount5                 : num  6 10 3 7 3 8 4 9 0 7 ...
 $ Jockey.HitRate1                  : num  0.043 0.0253 0.0698 0.1789 0.0769 ...
 $ Jockey.HitRate2                  : num  0.0323 0.0886 0.0698 0.1138 0.0513 ...
 $ Jockey.HitRate3                  : num  0.0215 0.0253 0.0465 0.1057 0.0769 ...
 $ Jockey.HitRate4                  : num  0.0968 0.0633 0.0233 0.1138 0.0513 ...
 $ Jockey.HitRate5                  : num  0.0645 0.1266 0.0698 0.0569 0.0385 ...
 $ EOF                              : int  1 1 1 1 1 1 1 1 1 1 ...
[1] "2022-02-26 17:59:30 --- RxSqlServerData Finish ---"
[1] "2022-02-26 17:59:30 --- subset Start ---"
[1] "--------------------------------------------------------------------------------"
[1] "nrow(data) subset before=14588"
[1] "nrow(data) subset after =14588"
[1] "nrow(data) subset diff =0"
[1] "--------------------------------------------------------------------------------"
[1] "2022-02-26 17:59:30 --- subset Finish---"
[1] "2022-02-26 17:59:30 --- transform Start ---"
[1] "--------------------------------------------------------------------------------"
[1] "nrow(data) transform before=14588"
[1] "nrow(data) transform after=14588"
[1] "nrow(data) transform diff=0"
[1] "--------------------------------------------------------------------------------"
[1] "str(data)="
'data.frame':	14588 obs. of  43 variables:
 $ Race.RaceId                      : Factor w/ 1192 levels "20160306-06-02-04-09",..: 3 3 3 3 3 3 3 3 3 3 ...
 $ Race.IsAnalyzeNormalPastAndFuture: logi  TRUE TRUE TRUE TRUE TRUE TRUE ...
 $ Race.IsAnalyzeNormalPast         : logi  TRUE TRUE TRUE TRUE TRUE TRUE ...
 $ Race.IsAnalyzeNormalFuture       : logi  FALSE FALSE FALSE FALSE FALSE FALSE ...
 $ Race.IsAnalyzeFullPastAndFuture  : logi  TRUE TRUE TRUE TRUE TRUE TRUE ...
 $ Race.IsAnalyzeFullPast           : logi  TRUE TRUE TRUE TRUE TRUE TRUE ...
 $ Race.IsAnalyzeFullFuture         : logi  FALSE FALSE FALSE FALSE FALSE FALSE ...
 $ Race.JyokenCd                    : Factor w/ 1 level "3": 1 1 1 1 1 1 1 1 1 1 ...
 $ Race.JyoType1Cd                  : Factor w/ 154 levels "1-06-2500-3-1",..: 3 3 3 3 3 3 3 3 3 3 ...
 $ Race.RaceType1Cd                 : Factor w/ 6 levels "1-3-E-3","1-3-X-1",..: 3 3 3 3 3 3 3 3 3 3 ...
 $ RaceHorse.RaceId                 : Factor w/ 1192 levels "20160306-06-02-04-09",..: 3 3 3 3 3 3 3 3 3 3 ...
 $ RaceHorse.KettoNum               : Factor w/ 2982 levels "2009104857","2011100289",..: 11 12 13 14 15 16 17 18 19 20 ...
 $ RaceHorse.IsHit1                 : num  0 0 0 0 0 0 0 0 0 0 ...
 $ RaceHorse.IsHit2                 : num  0 0 0 0 0 0 1 0 0 0 ...
 $ RaceHorse.IsHit3                 : num  0 0 0 0 0 1 0 0 0 0 ...
 $ RaceHorse.IsHit4                 : num  0 0 0 0 0 0 0 1 0 0 ...
 $ RaceHorse.IsHit5                 : num  0 0 0 0 0 0 0 0 0 0 ...
 $ RaceHorse.IsHit6                 : num  1 1 1 1 1 0 0 0 1 1 ...
 $ RaceHorse.IsValidRaceHorse       : logi  TRUE TRUE TRUE TRUE TRUE TRUE ...
 $ RaceHorse.TimeSdvByRace          : num  -1.43 0.181 -2.351 -0.74 0.181 ...
 $ RaceHorse.TimeSdv                : num  -0.0627 0.4991 -0.3838 0.1781 0.4991 ...
 $ RaceHorse.IsHitA                 : num  0 0 0 0 0 0 0 0 0 0 ...
 $ RaceHorse.IsHitB                 : num  0 0 0 0 0 0 1 0 0 0 ...
 $ RaceHorse.IsHitC                 : num  0 0 0 0 0 1 1 0 0 0 ...
 $ Jockey.TimeSdvByRaceAvg          : num  -0.1033 -0.0418 -0.2071 0.4473 -0.0598 ...
 $ Jockey.TimeSdvByRaceMin          : num  -2.94 -2.81 -2.38 -2.93 -2.53 ...
 $ Jockey.TimeSdvByRaceMax          : num  1.77 1.83 1.61 1.59 2.13 ...
 $ Jockey.TimeSdvAvg                : num  -0.3081 -0.0717 0.0117 0.2644 -0.085 ...
 $ Jockey.TimeSdvMin                : num  -3.19 -2.47 -1.67 -2.71 -2.2 ...
 $ Jockey.TimeSdvMax                : num  1.72 1.94 1.94 2.64 1.77 ...
 $ Jockey.OrderOfFinishSdvAvg       : num  -0.1956 -0.0607 -0.3179 0.5066 -0.0267 ...
 $ Jockey.RunCount                  : num  93 79 43 123 78 80 89 108 2 101 ...
 $ Jockey.HitCount1                 : num  4 2 3 22 6 3 9 18 0 10 ...
 $ Jockey.HitCount2                 : num  3 7 3 14 4 2 7 10 0 13 ...
 $ Jockey.HitCount3                 : num  2 2 2 13 6 7 8 18 0 5 ...
 $ Jockey.HitCount4                 : num  9 5 1 14 4 8 9 6 0 12 ...
 $ Jockey.HitCount5                 : num  6 10 3 7 3 8 4 9 0 7 ...
 $ Jockey.HitRate1                  : num  0.043 0.0253 0.0698 0.1789 0.0769 ...
 $ Jockey.HitRate2                  : num  0.0323 0.0886 0.0698 0.1138 0.0513 ...
 $ Jockey.HitRate3                  : num  0.0215 0.0253 0.0465 0.1057 0.0769 ...
 $ Jockey.HitRate4                  : num  0.0968 0.0633 0.0233 0.1138 0.0513 ...
 $ Jockey.HitRate5                  : num  0.0645 0.1266 0.0698 0.0569 0.0385 ...
 $ EOF                              : int  1 1 1 1 1 1 1 1 1 1 ...
NULL
[1] "2022-02-26 17:59:33 --- transform Finish ---"
[1] "2022-02-26 17:59:33 --- na.omit Start ---"
[1] "--------------------------------------------------------------------------------"
[1] "nrow(data) na.omit before=14588"
[1] "nrow(data) na.omit after =14521"
[1] "nrow(data) na.omit diff =67"
[1] "--------------------------------------------------------------------------------"
'data.frame':	14521 obs. of  43 variables:
 $ Race.RaceId                      : Factor w/ 1192 levels "20160306-06-02-04-09",..: 3 3 3 3 3 3 3 3 3 3 ...
 $ Race.IsAnalyzeNormalPastAndFuture: logi  TRUE TRUE TRUE TRUE TRUE TRUE ...
 $ Race.IsAnalyzeNormalPast         : logi  TRUE TRUE TRUE TRUE TRUE TRUE ...
 $ Race.IsAnalyzeNormalFuture       : logi  FALSE FALSE FALSE FALSE FALSE FALSE ...
 $ Race.IsAnalyzeFullPastAndFuture  : logi  TRUE TRUE TRUE TRUE TRUE TRUE ...
 $ Race.IsAnalyzeFullPast           : logi  TRUE TRUE TRUE TRUE TRUE TRUE ...
 $ Race.IsAnalyzeFullFuture         : logi  FALSE FALSE FALSE FALSE FALSE FALSE ...
 $ Race.JyokenCd                    : Factor w/ 1 level "3": 1 1 1 1 1 1 1 1 1 1 ...
 $ Race.JyoType1Cd                  : Factor w/ 154 levels "1-06-2500-3-1",..: 3 3 3 3 3 3 3 3 3 3 ...
 $ Race.RaceType1Cd                 : Factor w/ 6 levels "1-3-E-3","1-3-X-1",..: 3 3 3 3 3 3 3 3 3 3 ...
 $ RaceHorse.RaceId                 : Factor w/ 1192 levels "20160306-06-02-04-09",..: 3 3 3 3 3 3 3 3 3 3 ...
 $ RaceHorse.KettoNum               : Factor w/ 2982 levels "2009104857","2011100289",..: 11 12 13 14 15 16 17 18 19 20 ...
 $ RaceHorse.IsHit1                 : num  0 0 0 0 0 0 0 0 0 0 ...
 $ RaceHorse.IsHit2                 : num  0 0 0 0 0 0 1 0 0 0 ...
 $ RaceHorse.IsHit3                 : num  0 0 0 0 0 1 0 0 0 0 ...
 $ RaceHorse.IsHit4                 : num  0 0 0 0 0 0 0 1 0 0 ...
 $ RaceHorse.IsHit5                 : num  0 0 0 0 0 0 0 0 0 0 ...
 $ RaceHorse.IsHit6                 : num  1 1 1 1 1 0 0 0 1 1 ...
 $ RaceHorse.IsValidRaceHorse       : logi  TRUE TRUE TRUE TRUE TRUE TRUE ...
 $ RaceHorse.TimeSdvByRace          : num  -1.43 0.181 -2.351 -0.74 0.181 ...
 $ RaceHorse.TimeSdv                : num  -0.0627 0.4991 -0.3838 0.1781 0.4991 ...
 $ RaceHorse.IsHitA                 : num  0 0 0 0 0 0 0 0 0 0 ...
 $ RaceHorse.IsHitB                 : num  0 0 0 0 0 0 1 0 0 0 ...
 $ RaceHorse.IsHitC                 : num  0 0 0 0 0 1 1 0 0 0 ...
 $ Jockey.TimeSdvByRaceAvg          : num  -0.1033 -0.0418 -0.2071 0.4473 -0.0598 ...
 $ Jockey.TimeSdvByRaceMin          : num  -2.94 -2.81 -2.38 -2.93 -2.53 ...
 $ Jockey.TimeSdvByRaceMax          : num  1.77 1.83 1.61 1.59 2.13 ...
 $ Jockey.TimeSdvAvg                : num  -0.3081 -0.0717 0.0117 0.2644 -0.085 ...
 $ Jockey.TimeSdvMin                : num  -3.19 -2.47 -1.67 -2.71 -2.2 ...
 $ Jockey.TimeSdvMax                : num  1.72 1.94 1.94 2.64 1.77 ...
 $ Jockey.OrderOfFinishSdvAvg       : num  -0.1956 -0.0607 -0.3179 0.5066 -0.0267 ...
 $ Jockey.RunCount                  : num  93 79 43 123 78 80 89 108 2 101 ...
 $ Jockey.HitCount1                 : num  4 2 3 22 6 3 9 18 0 10 ...
 $ Jockey.HitCount2                 : num  3 7 3 14 4 2 7 10 0 13 ...
 $ Jockey.HitCount3                 : num  2 2 2 13 6 7 8 18 0 5 ...
 $ Jockey.HitCount4                 : num  9 5 1 14 4 8 9 6 0 12 ...
 $ Jockey.HitCount5                 : num  6 10 3 7 3 8 4 9 0 7 ...
 $ Jockey.HitRate1                  : num  0.043 0.0253 0.0698 0.1789 0.0769 ...
 $ Jockey.HitRate2                  : num  0.0323 0.0886 0.0698 0.1138 0.0513 ...
 $ Jockey.HitRate3                  : num  0.0215 0.0253 0.0465 0.1057 0.0769 ...
 $ Jockey.HitRate4                  : num  0.0968 0.0633 0.0233 0.1138 0.0513 ...
 $ Jockey.HitRate5                  : num  0.0645 0.1266 0.0698 0.0569 0.0385 ...
 $ EOF                              : int  1 1 1 1 1 1 1 1 1 1 ...
 - attr(*, "na.action")= 'omit' Named int  388 665 805 995 1288 1582 1742 1807 2035 2434 ...
  ..- attr(*, "names")= chr  "388" "665" "805" "995" ...
[1] "2022-02-26 17:59:35 --- na.omit Finish ---"
[1] "2022-02-26 17:59:35 --- rxGlm with rxStepControl Start ---"

> print(paste0(Sys.time(), " --- source_logic_glm.R Start ---"))
[1] "2022-02-26 17:59:36 --- source_logic_glm.R Start ---"

> formula <- formula(RaceHorse.IsHitA ~ +1 + Jockey.TimeSdvByRaceAvg)

> print(paste0(Sys.time(), " --- source_logic_glm.R Finished ---"))
[1] "2022-02-26 17:59:36 --- source_logic_glm.R Finished ---"
Rows Read: 14521, Total Rows Processed: 14521, Total Chunk Time: Less than .001 seconds 

Starting values (iteration 1) time: 0.024 secs.
Rows Read: 14521, Total Rows Processed: 14521, Total Chunk Time: 0.002 seconds 

Iteration 2 time: 1.092 secs.
Rows Read: 14521, Total Rows Processed: 14521, Total Chunk Time: 0.002 seconds 

Iteration 3 time: 0.143 secs.
Rows Read: 14521, Total Rows Processed: 14521, Total Chunk Time: 0.002 seconds 

Iteration 4 time: 0.008 secs.
Rows Read: 14521, Total Rows Processed: 14521, Total Chunk Time: 0.002 seconds 

Iteration 5 time: 0.006 secs.

Elapsed computation time: 3.578 secs.
Rows Read: 14521, Total Rows Processed: 14521, Total Chunk Time: 0.001 seconds 

Starting values (iteration 1) time: 0.006 secs.
Rows Read: 14521, Total Rows Processed: 14521, Total Chunk Time: 0.002 seconds 

Iteration 2 time: 0.007 secs.

Elapsed computation time: 0.028 secs.
Rows Read: 14521, Total Rows Processed: 14521, Total Chunk Time: Less than .001 seconds 

Starting values (iteration 1) time: 0.006 secs.
Rows Read: 14521, Total Rows Processed: 14521, Total Chunk Time: 0.002 seconds 

Iteration 2 time: 0.008 secs.
Rows Read: 14521, Total Rows Processed: 14521, Total Chunk Time: 0.002 seconds 

Iteration 3 time: 0.005 secs.
Rows Read: 14521, Total Rows Processed: 14521, Total Chunk Time: 0.002 seconds 

Iteration 4 time: 0.006 secs.
Rows Read: 14521, Total Rows Processed: 14521, Total Chunk Time: 0.002 seconds 

Iteration 5 time: 0.005 secs.

Elapsed computation time: 0.065 secs.

Elapsed computation time: 3.692 secs.
[1] "--------------------------------------------------------------------------------"
[1] "analyze.results.glm.step="
Logistic Regression Results for: RaceHorse.IsHitA ~
    Jockey.TimeSdvByRaceAvg
Data: data
Dependent variable(s): RaceHorse.IsHitA
Total independent variables: 2 
Number of valid observations: 14521
Number of missing observations: 0 
 
Coefficients:
                        RaceHorse.IsHitA
(Intercept)                           -3
Jockey.TimeSdvByRaceAvg                2
[1] "analyze.results.glm.step.summary"
Call:
rxLogit(formula = formula, data = data, variableSelection = analyze.results.glm.step.varsel)

Logistic Regression Results for: RaceHorse.IsHitA ~
    Jockey.TimeSdvByRaceAvg
Data: data
Dependent variable(s): RaceHorse.IsHitA
Total independent variables: 2 
Number of valid observations: 14521
Number of missing observations: 0 
-2*LogLikelihood: 7847.55 (Residual deviance on 14519 degrees of freedom)
 
Coefficients:
                        Estimate Std. Error z value Pr(>|z|)    
(Intercept)              -2.5865     0.0348   -74.3  2.2e-16 ***
Jockey.TimeSdvByRaceAvg   1.5564     0.0906    17.2  2.2e-16 ***
---
Signif. codes:  0 '***' 0.001 '**' 0.01 '*' 0.05 '.' 0.1 ' ' 1

Condition number of final variance-covariance matrix: 1 
Number of iterations: 5
[1] "--------------------------------------------------------------------------------"
[1] "2022-02-26 17:59:41 --- rxGlm with rxStepControl Finish ---"
[1] "2022-02-26 17:59:41 --- rxStepPlot Start ---"
[1] "pdfFilename=pdf_analyze_glm_Jockey_Type13_rxStepPlot.pdf"
[1] "rxStepPlot="
[1] "2022-02-26 17:59:41 --- rxStepPlot Finish ---"
[1] "2022-02-26 17:59:41 --- save.image Start ---"
[1] "save.image"
[1] "rdataFilename=RData_analyze_glm_Jockey_Type13.RData"
[1] "2022-02-26 17:59:41 --- save.image Finish ---"
[1] "2022-02-26 17:59:41 --- final Start ---"
[1] "--------------------------------------------------------------------------------"
[1] "nrow(data) final=14521"
[1] "--------------------------------------------------------------------------------"
[1] "2022-02-26 17:59:42 --- final Finish ---"
[1] "2022-02-26 17:59:42 --- analyze_glm.R Finished ---"
[1] "2022-02-26 17:59:42 --- log Finish ---"
