[1] "2022-02-27 12:24:06 --- D1115_analyze_glm_Horse_IsHitA_Type35 Start ---"
[1] "2022-02-27 12:24:06 --- Log Start ---"
[1] "2022-02-27 12:24:06 --- analyze_glm.R Start ---"
[1] "analyzeVersion=D1115"
[1] "analyzeCategory=analyze"
[1] "analyzeType=Horse"
[1] "analyzeFamily=IsHitA"
[1] "analyzeFunc=glm"
[1] "analyzeTrackTypeCd=3"
[1] "analyzeJyokenCd=5"
[1] "2022-02-27 12:24:06 --- source_function.R Start ---"
[1] "2022-02-27 12:24:06 --- source_function.R Finished ---"

> print(paste0(Sys.time(), " --- source_library.R Start ---"))
[1] "2022-02-27 12:24:06 --- source_library.R Start ---"

> require("RevoScaleR")

> print(paste0(Sys.time(), " --- source_library.R Finished ---"))
[1] "2022-02-27 12:24:07 --- source_library.R Finished ---"
[1] "2022-02-27 12:24:07 --- RxSqlServerData Start ---"
[1] "2022-02-27 12:24:07 --- RxInSqlServer Start ---"
[1] "2022-02-27 12:24:07 --- RxInSqlServer Finish ---"
[1] "2022-02-27 12:24:07 --- rxSetComputeContext Start ---"
[1] "2022-02-27 12:24:07 --- rxSetComputeContext Finish ---"
[1] "2022-02-27 12:24:07 --- RxSqlServerData Start ---"
[1] "sqlQuery=SELECT * FROM ViewAnalyzeD1115analyze01HorseType35"
[1] "2022-02-27 12:24:07 --- RxSqlServerData Finish ---"
[1] "2022-02-27 12:24:07 --- rxGetVarInfo Start ---"
[1] "2022-02-27 12:24:07 --- rxGetVarInfo Finish---"
[1] "2022-02-27 12:24:07 --- rxImport Start ---"
Rows Read: 5316, Total Rows Processed: 5316, Total Chunk Time: 467.772 seconds 
[1] "2022-02-27 12:39:38 --- rxImport Finish ---"
[1] "object.size(data) auto=1.8 Mb"
[1] "--------------------------------------------------------------------------------"
[1] "nrow(data) RxSqlServerData=5316"
[1] "--------------------------------------------------------------------------------"
[1] "str(data)="
'data.frame':	5316 obs. of  44 variables:
 $ Race.RaceId                      : Factor w/ 419 levels "20170121-07-01-03-04",..: 1 2 3 4 5 1 2 3 6 3 ...
 $ Race.IsAnalyzeNormalPastAndFuture: logi  TRUE TRUE TRUE TRUE TRUE TRUE ...
 $ Race.IsAnalyzeNormalPast         : logi  TRUE TRUE TRUE TRUE TRUE TRUE ...
 $ Race.IsAnalyzeNormalFuture       : logi  FALSE FALSE FALSE FALSE FALSE FALSE ...
 $ Race.IsAnalyzeFullPastAndFuture  : logi  TRUE TRUE TRUE TRUE TRUE TRUE ...
 $ Race.IsAnalyzeFullPast           : logi  TRUE TRUE TRUE TRUE TRUE TRUE ...
 $ Race.IsAnalyzeFullFuture         : logi  FALSE FALSE FALSE FALSE FALSE FALSE ...
 $ Race.JyokenCd                    : Factor w/ 1 level "5": 1 1 1 1 1 1 1 1 1 1 ...
 $ Race.JyoType1Cd                  : Factor w/ 34 levels "3-07-3000-5-1",..: 1 2 3 4 5 1 2 3 4 3 ...
 $ Race.RaceType1Cd                 : Factor w/ 1 level "3-5-X-3": 1 1 1 1 1 1 1 1 1 1 ...
 $ RaceHorse.RaceId                 : Factor w/ 419 levels "20170121-07-01-03-04",..: 1 2 3 4 5 1 2 3 6 3 ...
 $ RaceHorse.KettoNum               : Factor w/ 1604 levels "2008101384","2009101390",..: 1 2 3 4 5 6 7 7 8 9 ...
 $ RaceHorse.IsHit1                 : num  0 0 0 0 0 0 0 0 0 0 ...
 $ RaceHorse.IsHit2                 : num  1 0 1 0 0 0 0 0 0 0 ...
 $ RaceHorse.IsHit3                 : num  0 0 0 0 0 0 0 0 0 0 ...
 $ RaceHorse.IsHit4                 : num  0 0 0 0 1 1 0 0 0 0 ...
 $ RaceHorse.IsHit5                 : num  0 0 0 0 0 0 0 0 0 0 ...
 $ RaceHorse.IsHit6                 : num  0 1 0 1 0 0 1 1 1 1 ...
 $ RaceHorse.IsValidRaceHorse       : logi  TRUE TRUE TRUE TRUE TRUE TRUE ...
 $ RaceHorse.TimeSdvByRace          : num  1.056 -0.269 1.121 -0.507 0.376 ...
 $ RaceHorse.TimeSdv                : num  0.5817 -0.0368 -0.4159 -0.9275 0.527 ...
 $ RaceHorse.IsHitA                 : num  0 0 0 0 0 0 0 0 0 0 ...
 $ RaceHorse.IsHitB                 : num  1 0 1 0 0 0 0 0 0 0 ...
 $ RaceHorse.IsHitC                 : num  1 0 1 0 0 0 0 0 0 0 ...
 $ Horse.KettoNum                   : Factor w/ 1604 levels "2008101384","2009101390",..: 1 2 3 4 5 6 7 7 8 9 ...
 $ Horse.TimeSdvByRaceAvg           : num  -0.1295 -0.2361 0.6236 0.4217 -0.0584 ...
 $ Horse.TimeSdvByRaceMin           : num  -2.51 -1.447 -0.774 -2.64 -2.432 ...
 $ Horse.TimeSdvByRaceMax           : num  2.28 1.71 1.64 1.25 1.47 ...
 $ Horse.TimeSdvAvg                 : num  -0.0159 -0.4497 0.3293 0.5378 -0.0463 ...
 $ Horse.TimeSdvMin                 : num  -3.007 -2.144 -0.965 -3.011 -1.646 ...
 $ Horse.TimeSdvMax                 : num  2.25 1.07 1.65 2.14 1.29 ...
 $ Horse.OrderOfFinishSdvAvg        : num  -0.196 -0.237 0.582 0.488 -0.179 ...
 $ Horse.RunCount                   : num  42 38 33 33 26 35 23 24 31 50 ...
 $ Horse.HitCount1                  : num  6 1 7 3 1 3 0 0 5 3 ...
 $ Horse.HitCount2                  : num  4 3 4 3 2 5 0 0 4 2 ...
 $ Horse.HitCount3                  : num  3 2 3 5 1 4 2 2 3 2 ...
 $ Horse.HitCount4                  : num  1 1 3 4 1 8 0 0 2 3 ...
 $ Horse.HitCount5                  : num  1 3 2 2 0 3 4 4 2 4 ...
 $ Horse.HitRate1                   : num  0.1429 0.0263 0.2121 0.0909 0.0385 ...
 $ Horse.HitRate2                   : num  0.0952 0.0789 0.1212 0.0909 0.0769 ...
 $ Horse.HitRate3                   : num  0.0714 0.0526 0.0909 0.1515 0.0385 ...
 $ Horse.HitRate4                   : num  0.0238 0.0263 0.0909 0.1212 0.0385 ...
 $ Horse.HitRate5                   : num  0.0238 0.0789 0.0606 0.0606 0 ...
 $ EOF                              : int  1 1 1 1 1 1 1 1 1 1 ...
[1] "2022-02-27 12:39:38 --- RxSqlServerData Finish ---"
[1] "2022-02-27 12:39:38 --- subset Start ---"
[1] "--------------------------------------------------------------------------------"
[1] "nrow(data) subset before=5316"
[1] "nrow(data) subset after =5316"
[1] "nrow(data) subset diff =0"
[1] "--------------------------------------------------------------------------------"
[1] "2022-02-27 12:39:38 --- subset Finish---"
[1] "2022-02-27 12:39:38 --- transform Start ---"
[1] "--------------------------------------------------------------------------------"
[1] "nrow(data) transform before=5316"
[1] "nrow(data) transform after=5316"
[1] "nrow(data) transform diff=0"
[1] "--------------------------------------------------------------------------------"
[1] "str(data)="
'data.frame':	5316 obs. of  44 variables:
 $ Race.RaceId                      : Factor w/ 419 levels "20170121-07-01-03-04",..: 1 2 3 4 5 1 2 3 6 3 ...
 $ Race.IsAnalyzeNormalPastAndFuture: logi  TRUE TRUE TRUE TRUE TRUE TRUE ...
 $ Race.IsAnalyzeNormalPast         : logi  TRUE TRUE TRUE TRUE TRUE TRUE ...
 $ Race.IsAnalyzeNormalFuture       : logi  FALSE FALSE FALSE FALSE FALSE FALSE ...
 $ Race.IsAnalyzeFullPastAndFuture  : logi  TRUE TRUE TRUE TRUE TRUE TRUE ...
 $ Race.IsAnalyzeFullPast           : logi  TRUE TRUE TRUE TRUE TRUE TRUE ...
 $ Race.IsAnalyzeFullFuture         : logi  FALSE FALSE FALSE FALSE FALSE FALSE ...
 $ Race.JyokenCd                    : Factor w/ 1 level "5": 1 1 1 1 1 1 1 1 1 1 ...
 $ Race.JyoType1Cd                  : Factor w/ 34 levels "3-07-3000-5-1",..: 1 2 3 4 5 1 2 3 4 3 ...
 $ Race.RaceType1Cd                 : Factor w/ 1 level "3-5-X-3": 1 1 1 1 1 1 1 1 1 1 ...
 $ RaceHorse.RaceId                 : Factor w/ 419 levels "20170121-07-01-03-04",..: 1 2 3 4 5 1 2 3 6 3 ...
 $ RaceHorse.KettoNum               : Factor w/ 1604 levels "2008101384","2009101390",..: 1 2 3 4 5 6 7 7 8 9 ...
 $ RaceHorse.IsHit1                 : num  0 0 0 0 0 0 0 0 0 0 ...
 $ RaceHorse.IsHit2                 : num  1 0 1 0 0 0 0 0 0 0 ...
 $ RaceHorse.IsHit3                 : num  0 0 0 0 0 0 0 0 0 0 ...
 $ RaceHorse.IsHit4                 : num  0 0 0 0 1 1 0 0 0 0 ...
 $ RaceHorse.IsHit5                 : num  0 0 0 0 0 0 0 0 0 0 ...
 $ RaceHorse.IsHit6                 : num  0 1 0 1 0 0 1 1 1 1 ...
 $ RaceHorse.IsValidRaceHorse       : logi  TRUE TRUE TRUE TRUE TRUE TRUE ...
 $ RaceHorse.TimeSdvByRace          : num  1.056 -0.269 1.121 -0.507 0.376 ...
 $ RaceHorse.TimeSdv                : num  0.5817 -0.0368 -0.4159 -0.9275 0.527 ...
 $ RaceHorse.IsHitA                 : num  0 0 0 0 0 0 0 0 0 0 ...
 $ RaceHorse.IsHitB                 : num  1 0 1 0 0 0 0 0 0 0 ...
 $ RaceHorse.IsHitC                 : num  1 0 1 0 0 0 0 0 0 0 ...
 $ Horse.KettoNum                   : Factor w/ 1604 levels "2008101384","2009101390",..: 1 2 3 4 5 6 7 7 8 9 ...
 $ Horse.TimeSdvByRaceAvg           : num  -0.1295 -0.2361 0.6236 0.4217 -0.0584 ...
 $ Horse.TimeSdvByRaceMin           : num  -2.51 -1.447 -0.774 -2.64 -2.432 ...
 $ Horse.TimeSdvByRaceMax           : num  2.28 1.71 1.64 1.25 1.47 ...
 $ Horse.TimeSdvAvg                 : num  -0.0159 -0.4497 0.3293 0.5378 -0.0463 ...
 $ Horse.TimeSdvMin                 : num  -3.007 -2.144 -0.965 -3.011 -1.646 ...
 $ Horse.TimeSdvMax                 : num  2.25 1.07 1.65 2.14 1.29 ...
 $ Horse.OrderOfFinishSdvAvg        : num  -0.196 -0.237 0.582 0.488 -0.179 ...
 $ Horse.RunCount                   : num  42 38 33 33 26 35 23 24 31 50 ...
 $ Horse.HitCount1                  : num  6 1 7 3 1 3 0 0 5 3 ...
 $ Horse.HitCount2                  : num  4 3 4 3 2 5 0 0 4 2 ...
 $ Horse.HitCount3                  : num  3 2 3 5 1 4 2 2 3 2 ...
 $ Horse.HitCount4                  : num  1 1 3 4 1 8 0 0 2 3 ...
 $ Horse.HitCount5                  : num  1 3 2 2 0 3 4 4 2 4 ...
 $ Horse.HitRate1                   : num  0.1429 0.0263 0.2121 0.0909 0.0385 ...
 $ Horse.HitRate2                   : num  0.0952 0.0789 0.1212 0.0909 0.0769 ...
 $ Horse.HitRate3                   : num  0.0714 0.0526 0.0909 0.1515 0.0385 ...
 $ Horse.HitRate4                   : num  0.0238 0.0263 0.0909 0.1212 0.0385 ...
 $ Horse.HitRate5                   : num  0.0238 0.0789 0.0606 0.0606 0 ...
 $ EOF                              : int  1 1 1 1 1 1 1 1 1 1 ...
NULL
[1] "2022-02-27 12:39:39 --- transform Finish ---"
[1] "2022-02-27 12:39:39 --- na.omit Start ---"
[1] "--------------------------------------------------------------------------------"
[1] "nrow(data) na.omit before=5316"
[1] "nrow(data) na.omit after =5039"
[1] "nrow(data) na.omit diff =277"
[1] "--------------------------------------------------------------------------------"
'data.frame':	5039 obs. of  44 variables:
 $ Race.RaceId                      : Factor w/ 419 levels "20170121-07-01-03-04",..: 1 2 3 4 5 1 2 3 6 3 ...
 $ Race.IsAnalyzeNormalPastAndFuture: logi  TRUE TRUE TRUE TRUE TRUE TRUE ...
 $ Race.IsAnalyzeNormalPast         : logi  TRUE TRUE TRUE TRUE TRUE TRUE ...
 $ Race.IsAnalyzeNormalFuture       : logi  FALSE FALSE FALSE FALSE FALSE FALSE ...
 $ Race.IsAnalyzeFullPastAndFuture  : logi  TRUE TRUE TRUE TRUE TRUE TRUE ...
 $ Race.IsAnalyzeFullPast           : logi  TRUE TRUE TRUE TRUE TRUE TRUE ...
 $ Race.IsAnalyzeFullFuture         : logi  FALSE FALSE FALSE FALSE FALSE FALSE ...
 $ Race.JyokenCd                    : Factor w/ 1 level "5": 1 1 1 1 1 1 1 1 1 1 ...
 $ Race.JyoType1Cd                  : Factor w/ 34 levels "3-07-3000-5-1",..: 1 2 3 4 5 1 2 3 4 3 ...
 $ Race.RaceType1Cd                 : Factor w/ 1 level "3-5-X-3": 1 1 1 1 1 1 1 1 1 1 ...
 $ RaceHorse.RaceId                 : Factor w/ 419 levels "20170121-07-01-03-04",..: 1 2 3 4 5 1 2 3 6 3 ...
 $ RaceHorse.KettoNum               : Factor w/ 1604 levels "2008101384","2009101390",..: 1 2 3 4 5 6 7 7 8 9 ...
 $ RaceHorse.IsHit1                 : num  0 0 0 0 0 0 0 0 0 0 ...
 $ RaceHorse.IsHit2                 : num  1 0 1 0 0 0 0 0 0 0 ...
 $ RaceHorse.IsHit3                 : num  0 0 0 0 0 0 0 0 0 0 ...
 $ RaceHorse.IsHit4                 : num  0 0 0 0 1 1 0 0 0 0 ...
 $ RaceHorse.IsHit5                 : num  0 0 0 0 0 0 0 0 0 0 ...
 $ RaceHorse.IsHit6                 : num  0 1 0 1 0 0 1 1 1 1 ...
 $ RaceHorse.IsValidRaceHorse       : logi  TRUE TRUE TRUE TRUE TRUE TRUE ...
 $ RaceHorse.TimeSdvByRace          : num  1.056 -0.269 1.121 -0.507 0.376 ...
 $ RaceHorse.TimeSdv                : num  0.5817 -0.0368 -0.4159 -0.9275 0.527 ...
 $ RaceHorse.IsHitA                 : num  0 0 0 0 0 0 0 0 0 0 ...
 $ RaceHorse.IsHitB                 : num  1 0 1 0 0 0 0 0 0 0 ...
 $ RaceHorse.IsHitC                 : num  1 0 1 0 0 0 0 0 0 0 ...
 $ Horse.KettoNum                   : Factor w/ 1604 levels "2008101384","2009101390",..: 1 2 3 4 5 6 7 7 8 9 ...
 $ Horse.TimeSdvByRaceAvg           : num  -0.1295 -0.2361 0.6236 0.4217 -0.0584 ...
 $ Horse.TimeSdvByRaceMin           : num  -2.51 -1.447 -0.774 -2.64 -2.432 ...
 $ Horse.TimeSdvByRaceMax           : num  2.28 1.71 1.64 1.25 1.47 ...
 $ Horse.TimeSdvAvg                 : num  -0.0159 -0.4497 0.3293 0.5378 -0.0463 ...
 $ Horse.TimeSdvMin                 : num  -3.007 -2.144 -0.965 -3.011 -1.646 ...
 $ Horse.TimeSdvMax                 : num  2.25 1.07 1.65 2.14 1.29 ...
 $ Horse.OrderOfFinishSdvAvg        : num  -0.196 -0.237 0.582 0.488 -0.179 ...
 $ Horse.RunCount                   : num  42 38 33 33 26 35 23 24 31 50 ...
 $ Horse.HitCount1                  : num  6 1 7 3 1 3 0 0 5 3 ...
 $ Horse.HitCount2                  : num  4 3 4 3 2 5 0 0 4 2 ...
 $ Horse.HitCount3                  : num  3 2 3 5 1 4 2 2 3 2 ...
 $ Horse.HitCount4                  : num  1 1 3 4 1 8 0 0 2 3 ...
 $ Horse.HitCount5                  : num  1 3 2 2 0 3 4 4 2 4 ...
 $ Horse.HitRate1                   : num  0.1429 0.0263 0.2121 0.0909 0.0385 ...
 $ Horse.HitRate2                   : num  0.0952 0.0789 0.1212 0.0909 0.0769 ...
 $ Horse.HitRate3                   : num  0.0714 0.0526 0.0909 0.1515 0.0385 ...
 $ Horse.HitRate4                   : num  0.0238 0.0263 0.0909 0.1212 0.0385 ...
 $ Horse.HitRate5                   : num  0.0238 0.0789 0.0606 0.0606 0 ...
 $ EOF                              : int  1 1 1 1 1 1 1 1 1 1 ...
 - attr(*, "na.action")= 'omit' Named int  22 60 72 76 99 105 109 119 142 151 ...
  ..- attr(*, "names")= chr  "22" "60" "72" "76" ...
[1] "2022-02-27 12:39:39 --- na.omit Finish ---"
[1] "2022-02-27 12:39:39 --- rxGlm with rxStepControl Start ---"

> print(paste0(Sys.time(), " --- source_logic_glm.R Start ---"))
[1] "2022-02-27 12:39:39 --- source_logic_glm.R Start ---"

> formula <- formula(RaceHorse.IsHitA ~ +1 + Horse.TimeSdvByRaceAvg)

> print(paste0(Sys.time(), " --- source_logic_glm.R Finished ---"))
[1] "2022-02-27 12:39:39 --- source_logic_glm.R Finished ---"
Rows Read: 5039, Total Rows Processed: 5039, Total Chunk Time: Less than .001 seconds 

Starting values (iteration 1) time: 0.005 secs.
Rows Read: 5039, Total Rows Processed: 5039, Total Chunk Time: 0.001 seconds 

Iteration 2 time: 0.004 secs.
Rows Read: 5039, Total Rows Processed: 5039, Total Chunk Time: Less than .001 seconds 

Iteration 3 time: 0.003 secs.
Rows Read: 5039, Total Rows Processed: 5039, Total Chunk Time: Less than .001 seconds 

Iteration 4 time: 0.003 secs.
Rows Read: 5039, Total Rows Processed: 5039, Total Chunk Time: Less than .001 seconds 

Iteration 5 time: 0.004 secs.

Elapsed computation time: 0.036 secs.
Rows Read: 5039, Total Rows Processed: 5039, Total Chunk Time: Less than .001 seconds 

Starting values (iteration 1) time: 0.004 secs.
Rows Read: 5039, Total Rows Processed: 5039, Total Chunk Time: Less than .001 seconds 

Iteration 2 time: 0.004 secs.

Elapsed computation time: 0.017 secs.
Rows Read: 5039, Total Rows Processed: 5039, Total Chunk Time: Less than .001 seconds 

Starting values (iteration 1) time: 0.004 secs.
Rows Read: 5039, Total Rows Processed: 5039, Total Chunk Time: Less than .001 seconds 

Iteration 2 time: 0.004 secs.
Rows Read: 5039, Total Rows Processed: 5039, Total Chunk Time: Less than .001 seconds 

Iteration 3 time: 0.006 secs.
Rows Read: 5039, Total Rows Processed: 5039, Total Chunk Time: 0.001 seconds 

Iteration 4 time: 0.004 secs.
Rows Read: 5039, Total Rows Processed: 5039, Total Chunk Time: Less than .001 seconds 

Iteration 5 time: 0.003 secs.

Elapsed computation time: 0.041 secs.

Elapsed computation time: 0.107 secs.
[1] "--------------------------------------------------------------------------------"
[1] "analyze.results.glm.step="
Logistic Regression Results for: RaceHorse.IsHitA ~
    Horse.TimeSdvByRaceAvg
Data: data
Dependent variable(s): RaceHorse.IsHitA
Total independent variables: 2 
Number of valid observations: 5039
Number of missing observations: 0 
 
Coefficients:
                       RaceHorse.IsHitA
(Intercept)                          -2
Horse.TimeSdvByRaceAvg                1
[1] "analyze.results.glm.step.summary"
Call:
rxLogit(formula = formula, data = data, variableSelection = analyze.results.glm.step.varsel)

Logistic Regression Results for: RaceHorse.IsHitA ~
    Horse.TimeSdvByRaceAvg
Data: data
Dependent variable(s): RaceHorse.IsHitA
Total independent variables: 2 
Number of valid observations: 5039
Number of missing observations: 0 
-2*LogLikelihood: 2779.036 (Residual deviance on 5037 degrees of freedom)
 
Coefficients:
                       Estimate Std. Error z value Pr(>|z|)    
(Intercept)              -2.463      0.055  -44.76  2.2e-16 ***
Horse.TimeSdvByRaceAvg    1.431      0.151    9.46  2.2e-16 ***
---
Signif. codes:  0 '***' 0.001 '**' 0.01 '*' 0.05 '.' 0.1 ' ' 1

Condition number of final variance-covariance matrix: 1 
Number of iterations: 5
[1] "--------------------------------------------------------------------------------"
[1] "2022-02-27 12:39:39 --- rxGlm with rxStepControl Finish ---"
[1] "2022-02-27 12:39:39 --- rxStepPlot Start ---"
[1] "pdfFilename=pdf_analyze_glm_Horse_Type35_rxStepPlot.pdf"
[1] "rxStepPlot="
[1] "2022-02-27 12:39:39 --- rxStepPlot Finish ---"
[1] "2022-02-27 12:39:39 --- save.image Start ---"
[1] "save.image"
[1] "rdataFilename=RData_analyze_glm_Horse_Type35.RData"
[1] "2022-02-27 12:39:39 --- save.image Finish ---"
[1] "2022-02-27 12:39:39 --- final Start ---"
[1] "--------------------------------------------------------------------------------"
[1] "nrow(data) final=5039"
[1] "--------------------------------------------------------------------------------"
[1] "2022-02-27 12:39:39 --- final Finish ---"
[1] "2022-02-27 12:39:39 --- analyze_glm.R Finished ---"
[1] "2022-02-27 12:39:39 --- log Finish ---"
