[1] "2022-02-26 17:57:02 --- D1115_analyze_glm_Gen01_IsHitA_Type25 Start ---"
[1] "2022-02-26 17:57:02 --- Log Start ---"
[1] "2022-02-26 17:57:02 --- analyze_glm.R Start ---"
[1] "analyzeVersion=D1115"
[1] "analyzeCategory=analyze"
[1] "analyzeType=Gen01"
[1] "analyzeFamily=IsHitA"
[1] "analyzeFunc=glm"
[1] "analyzeTrackTypeCd=2"
[1] "analyzeJyokenCd=5"
[1] "2022-02-26 17:57:02 --- source_function.R Start ---"
[1] "2022-02-26 17:57:02 --- source_function.R Finished ---"

> print(paste0(Sys.time(), " --- source_library.R Start ---"))
[1] "2022-02-26 17:57:02 --- source_library.R Start ---"

> require("RevoScaleR")

> print(paste0(Sys.time(), " --- source_library.R Finished ---"))
[1] "2022-02-26 17:57:03 --- source_library.R Finished ---"
[1] "2022-02-26 17:57:03 --- RxSqlServerData Start ---"
[1] "2022-02-26 17:57:03 --- RxInSqlServer Start ---"
[1] "2022-02-26 17:57:03 --- RxInSqlServer Finish ---"
[1] "2022-02-26 17:57:03 --- rxSetComputeContext Start ---"
[1] "2022-02-26 17:57:03 --- rxSetComputeContext Finish ---"
[1] "2022-02-26 17:57:04 --- RxSqlServerData Start ---"
[1] "sqlQuery=SELECT * FROM ViewAnalyzeD1115analyze01Gen01Type25"
[1] "2022-02-26 17:57:04 --- RxSqlServerData Finish ---"
[1] "2022-02-26 17:57:04 --- rxGetVarInfo Start ---"
[1] "2022-02-26 17:57:05 --- rxGetVarInfo Finish---"
[1] "2022-02-26 17:57:05 --- rxImport Start ---"
Rows Read: 47707, Total Rows Processed: 47707, Total Chunk Time: 573.898 seconds 
[1] "2022-02-26 18:24:41 --- rxImport Finish ---"
[1] "object.size(data) auto=15 Mb"
[1] "--------------------------------------------------------------------------------"
[1] "nrow(data) RxSqlServerData=47707"
[1] "--------------------------------------------------------------------------------"
[1] "str(data)="
'data.frame':	47707 obs. of  44 variables:
 $ Race.RaceId                      : Factor w/ 3266 levels "20160105-08-01-01-02",..: 1 2 3 4 5 5 6 6 7 7 ...
 $ Race.IsAnalyzeNormalPastAndFuture: logi  TRUE TRUE TRUE TRUE TRUE TRUE ...
 $ Race.IsAnalyzeNormalPast         : logi  TRUE TRUE TRUE TRUE TRUE TRUE ...
 $ Race.IsAnalyzeNormalFuture       : logi  FALSE FALSE FALSE FALSE FALSE FALSE ...
 $ Race.IsAnalyzeFullPastAndFuture  : logi  TRUE TRUE TRUE TRUE TRUE TRUE ...
 $ Race.IsAnalyzeFullPast           : logi  TRUE TRUE TRUE TRUE TRUE TRUE ...
 $ Race.IsAnalyzeFullFuture         : logi  FALSE FALSE FALSE FALSE FALSE FALSE ...
 $ Race.JyokenCd                    : Factor w/ 1 level "5": 1 1 1 1 1 1 1 1 1 1 ...
 $ Race.JyoType1Cd                  : Factor w/ 116 levels "2-08-1200-5-1",..: 1 2 3 2 3 3 2 2 1 1 ...
 $ Race.RaceType1Cd                 : Factor w/ 3 levels "2-5-X-1","2-5-X-2",..: 1 2 2 2 2 2 2 2 1 1 ...
 $ RaceHorse.RaceId                 : Factor w/ 3266 levels "20160105-08-01-01-02",..: 1 2 3 4 5 5 6 6 7 7 ...
 $ RaceHorse.KettoNum               : Factor w/ 16636 levels "2013103049","2013106403",..: 1 2 3 4 5 6 7 8 9 10 ...
 $ RaceHorse.IsHit1                 : num  0 0 0 0 0 0 0 0 0 0 ...
 $ RaceHorse.IsHit2                 : num  0 0 1 0 0 0 0 0 0 0 ...
 $ RaceHorse.IsHit3                 : num  0 0 0 0 0 0 0 0 0 0 ...
 $ RaceHorse.IsHit4                 : num  0 0 0 0 0 0 0 0 0 0 ...
 $ RaceHorse.IsHit5                 : num  0 1 0 0 0 0 0 0 0 0 ...
 $ RaceHorse.IsHit6                 : num  1 0 0 1 1 1 1 1 1 1 ...
 $ RaceHorse.IsValidRaceHorse       : logi  TRUE TRUE TRUE TRUE TRUE TRUE ...
 $ RaceHorse.TimeSdvByRace          : num  -0.381 0.75 1.193 -1.44 -0.175 ...
 $ RaceHorse.TimeSdv                : num  -0.05135 0.89899 0.84183 -0.42117 -0.00464 ...
 $ RaceHorse.IsHitA                 : num  0 0 0 0 0 0 0 0 0 0 ...
 $ RaceHorse.IsHitB                 : num  0 0 1 0 0 0 0 0 0 0 ...
 $ RaceHorse.IsHitC                 : num  0 0 1 0 0 0 0 0 0 0 ...
 $ Gen01.HansyokuNum                : Factor w/ 476 levels "11201922","11201954",..: 1 2 2 2 2 2 2 2 3 3 ...
 $ Gen01.TimeSdvByRaceAvg           : num  -0.0155 0.2237 0.2252 0.228 0.223 ...
 $ Gen01.TimeSdvByRaceMin           : num  -1.1 -2.8 -2.8 -2.8 -2.8 ...
 $ Gen01.TimeSdvByRaceMax           : num  0.955 2.481 2.481 2.481 2.481 ...
 $ Gen01.TimeSdvAvg                 : num  0.0082 0.2494 0.2513 0.253 0.2513 ...
 $ Gen01.TimeSdvMin                 : num  -0.967 -2.65 -2.65 -2.65 -2.65 ...
 $ Gen01.TimeSdvMax                 : num  0.86 2.27 2.27 2.27 2.27 ...
 $ Gen01.OrderOfFinishSdvAvg        : num  -0.231 0.233 0.234 0.238 0.229 ...
 $ Gen01.RunCount                   : num  19 344 345 346 349 349 347 347 53 53 ...
 $ Gen01.HitCount1                  : num  0 38 38 38 38 38 38 38 7 7 ...
 $ Gen01.HitCount2                  : num  0 27 27 28 28 28 28 28 4 4 ...
 $ Gen01.HitCount3                  : num  2 36 36 36 36 36 36 36 3 3 ...
 $ Gen01.HitCount4                  : num  0 30 30 30 30 30 30 30 4 4 ...
 $ Gen01.HitCount5                  : num  0 25 26 26 26 26 26 26 3 3 ...
 $ Gen01.HitRate1                   : num  0 0.11 0.11 0.11 0.109 ...
 $ Gen01.HitRate2                   : num  0 0.0785 0.0783 0.0809 0.0802 ...
 $ Gen01.HitRate3                   : num  0.105 0.105 0.104 0.104 0.103 ...
 $ Gen01.HitRate4                   : num  0 0.0872 0.087 0.0867 0.086 ...
 $ Gen01.HitRate5                   : num  0 0.0727 0.0754 0.0751 0.0745 ...
 $ EOF                              : int  1 1 1 1 1 1 1 1 1 1 ...
[1] "2022-02-26 18:24:41 --- RxSqlServerData Finish ---"
[1] "2022-02-26 18:24:41 --- subset Start ---"
[1] "--------------------------------------------------------------------------------"
[1] "nrow(data) subset before=47707"
[1] "nrow(data) subset after =47707"
[1] "nrow(data) subset diff =0"
[1] "--------------------------------------------------------------------------------"
[1] "2022-02-26 18:24:41 --- subset Finish---"
[1] "2022-02-26 18:24:41 --- transform Start ---"
[1] "--------------------------------------------------------------------------------"
[1] "nrow(data) transform before=47707"
[1] "nrow(data) transform after=47707"
[1] "nrow(data) transform diff=0"
[1] "--------------------------------------------------------------------------------"
[1] "str(data)="
'data.frame':	47707 obs. of  44 variables:
 $ Race.RaceId                      : Factor w/ 3266 levels "20160105-08-01-01-02",..: 1 2 3 4 5 5 6 6 7 7 ...
 $ Race.IsAnalyzeNormalPastAndFuture: logi  TRUE TRUE TRUE TRUE TRUE TRUE ...
 $ Race.IsAnalyzeNormalPast         : logi  TRUE TRUE TRUE TRUE TRUE TRUE ...
 $ Race.IsAnalyzeNormalFuture       : logi  FALSE FALSE FALSE FALSE FALSE FALSE ...
 $ Race.IsAnalyzeFullPastAndFuture  : logi  TRUE TRUE TRUE TRUE TRUE TRUE ...
 $ Race.IsAnalyzeFullPast           : logi  TRUE TRUE TRUE TRUE TRUE TRUE ...
 $ Race.IsAnalyzeFullFuture         : logi  FALSE FALSE FALSE FALSE FALSE FALSE ...
 $ Race.JyokenCd                    : Factor w/ 1 level "5": 1 1 1 1 1 1 1 1 1 1 ...
 $ Race.JyoType1Cd                  : Factor w/ 116 levels "2-08-1200-5-1",..: 1 2 3 2 3 3 2 2 1 1 ...
 $ Race.RaceType1Cd                 : Factor w/ 3 levels "2-5-X-1","2-5-X-2",..: 1 2 2 2 2 2 2 2 1 1 ...
 $ RaceHorse.RaceId                 : Factor w/ 3266 levels "20160105-08-01-01-02",..: 1 2 3 4 5 5 6 6 7 7 ...
 $ RaceHorse.KettoNum               : Factor w/ 16636 levels "2013103049","2013106403",..: 1 2 3 4 5 6 7 8 9 10 ...
 $ RaceHorse.IsHit1                 : num  0 0 0 0 0 0 0 0 0 0 ...
 $ RaceHorse.IsHit2                 : num  0 0 1 0 0 0 0 0 0 0 ...
 $ RaceHorse.IsHit3                 : num  0 0 0 0 0 0 0 0 0 0 ...
 $ RaceHorse.IsHit4                 : num  0 0 0 0 0 0 0 0 0 0 ...
 $ RaceHorse.IsHit5                 : num  0 1 0 0 0 0 0 0 0 0 ...
 $ RaceHorse.IsHit6                 : num  1 0 0 1 1 1 1 1 1 1 ...
 $ RaceHorse.IsValidRaceHorse       : logi  TRUE TRUE TRUE TRUE TRUE TRUE ...
 $ RaceHorse.TimeSdvByRace          : num  -0.381 0.75 1.193 -1.44 -0.175 ...
 $ RaceHorse.TimeSdv                : num  -0.05135 0.89899 0.84183 -0.42117 -0.00464 ...
 $ RaceHorse.IsHitA                 : num  0 0 0 0 0 0 0 0 0 0 ...
 $ RaceHorse.IsHitB                 : num  0 0 1 0 0 0 0 0 0 0 ...
 $ RaceHorse.IsHitC                 : num  0 0 1 0 0 0 0 0 0 0 ...
 $ Gen01.HansyokuNum                : Factor w/ 476 levels "11201922","11201954",..: 1 2 2 2 2 2 2 2 3 3 ...
 $ Gen01.TimeSdvByRaceAvg           : num  -0.0155 0.2237 0.2252 0.228 0.223 ...
 $ Gen01.TimeSdvByRaceMin           : num  -1.1 -2.8 -2.8 -2.8 -2.8 ...
 $ Gen01.TimeSdvByRaceMax           : num  0.955 2.481 2.481 2.481 2.481 ...
 $ Gen01.TimeSdvAvg                 : num  0.0082 0.2494 0.2513 0.253 0.2513 ...
 $ Gen01.TimeSdvMin                 : num  -0.967 -2.65 -2.65 -2.65 -2.65 ...
 $ Gen01.TimeSdvMax                 : num  0.86 2.27 2.27 2.27 2.27 ...
 $ Gen01.OrderOfFinishSdvAvg        : num  -0.231 0.233 0.234 0.238 0.229 ...
 $ Gen01.RunCount                   : num  19 344 345 346 349 349 347 347 53 53 ...
 $ Gen01.HitCount1                  : num  0 38 38 38 38 38 38 38 7 7 ...
 $ Gen01.HitCount2                  : num  0 27 27 28 28 28 28 28 4 4 ...
 $ Gen01.HitCount3                  : num  2 36 36 36 36 36 36 36 3 3 ...
 $ Gen01.HitCount4                  : num  0 30 30 30 30 30 30 30 4 4 ...
 $ Gen01.HitCount5                  : num  0 25 26 26 26 26 26 26 3 3 ...
 $ Gen01.HitRate1                   : num  0 0.11 0.11 0.11 0.109 ...
 $ Gen01.HitRate2                   : num  0 0.0785 0.0783 0.0809 0.0802 ...
 $ Gen01.HitRate3                   : num  0.105 0.105 0.104 0.104 0.103 ...
 $ Gen01.HitRate4                   : num  0 0.0872 0.087 0.0867 0.086 ...
 $ Gen01.HitRate5                   : num  0 0.0727 0.0754 0.0751 0.0745 ...
 $ EOF                              : int  1 1 1 1 1 1 1 1 1 1 ...
NULL
[1] "2022-02-26 18:24:41 --- transform Finish ---"
[1] "2022-02-26 18:24:41 --- na.omit Start ---"
[1] "--------------------------------------------------------------------------------"
[1] "nrow(data) na.omit before=47707"
[1] "nrow(data) na.omit after =47293"
[1] "nrow(data) na.omit diff =414"
[1] "--------------------------------------------------------------------------------"
'data.frame':	47293 obs. of  44 variables:
 $ Race.RaceId                      : Factor w/ 3266 levels "20160105-08-01-01-02",..: 1 2 3 4 5 5 6 6 7 7 ...
 $ Race.IsAnalyzeNormalPastAndFuture: logi  TRUE TRUE TRUE TRUE TRUE TRUE ...
 $ Race.IsAnalyzeNormalPast         : logi  TRUE TRUE TRUE TRUE TRUE TRUE ...
 $ Race.IsAnalyzeNormalFuture       : logi  FALSE FALSE FALSE FALSE FALSE FALSE ...
 $ Race.IsAnalyzeFullPastAndFuture  : logi  TRUE TRUE TRUE TRUE TRUE TRUE ...
 $ Race.IsAnalyzeFullPast           : logi  TRUE TRUE TRUE TRUE TRUE TRUE ...
 $ Race.IsAnalyzeFullFuture         : logi  FALSE FALSE FALSE FALSE FALSE FALSE ...
 $ Race.JyokenCd                    : Factor w/ 1 level "5": 1 1 1 1 1 1 1 1 1 1 ...
 $ Race.JyoType1Cd                  : Factor w/ 116 levels "2-08-1200-5-1",..: 1 2 3 2 3 3 2 2 1 1 ...
 $ Race.RaceType1Cd                 : Factor w/ 3 levels "2-5-X-1","2-5-X-2",..: 1 2 2 2 2 2 2 2 1 1 ...
 $ RaceHorse.RaceId                 : Factor w/ 3266 levels "20160105-08-01-01-02",..: 1 2 3 4 5 5 6 6 7 7 ...
 $ RaceHorse.KettoNum               : Factor w/ 16636 levels "2013103049","2013106403",..: 1 2 3 4 5 6 7 8 9 10 ...
 $ RaceHorse.IsHit1                 : num  0 0 0 0 0 0 0 0 0 0 ...
 $ RaceHorse.IsHit2                 : num  0 0 1 0 0 0 0 0 0 0 ...
 $ RaceHorse.IsHit3                 : num  0 0 0 0 0 0 0 0 0 0 ...
 $ RaceHorse.IsHit4                 : num  0 0 0 0 0 0 0 0 0 0 ...
 $ RaceHorse.IsHit5                 : num  0 1 0 0 0 0 0 0 0 0 ...
 $ RaceHorse.IsHit6                 : num  1 0 0 1 1 1 1 1 1 1 ...
 $ RaceHorse.IsValidRaceHorse       : logi  TRUE TRUE TRUE TRUE TRUE TRUE ...
 $ RaceHorse.TimeSdvByRace          : num  -0.381 0.75 1.193 -1.44 -0.175 ...
 $ RaceHorse.TimeSdv                : num  -0.05135 0.89899 0.84183 -0.42117 -0.00464 ...
 $ RaceHorse.IsHitA                 : num  0 0 0 0 0 0 0 0 0 0 ...
 $ RaceHorse.IsHitB                 : num  0 0 1 0 0 0 0 0 0 0 ...
 $ RaceHorse.IsHitC                 : num  0 0 1 0 0 0 0 0 0 0 ...
 $ Gen01.HansyokuNum                : Factor w/ 476 levels "11201922","11201954",..: 1 2 2 2 2 2 2 2 3 3 ...
 $ Gen01.TimeSdvByRaceAvg           : num  -0.0155 0.2237 0.2252 0.228 0.223 ...
 $ Gen01.TimeSdvByRaceMin           : num  -1.1 -2.8 -2.8 -2.8 -2.8 ...
 $ Gen01.TimeSdvByRaceMax           : num  0.955 2.481 2.481 2.481 2.481 ...
 $ Gen01.TimeSdvAvg                 : num  0.0082 0.2494 0.2513 0.253 0.2513 ...
 $ Gen01.TimeSdvMin                 : num  -0.967 -2.65 -2.65 -2.65 -2.65 ...
 $ Gen01.TimeSdvMax                 : num  0.86 2.27 2.27 2.27 2.27 ...
 $ Gen01.OrderOfFinishSdvAvg        : num  -0.231 0.233 0.234 0.238 0.229 ...
 $ Gen01.RunCount                   : num  19 344 345 346 349 349 347 347 53 53 ...
 $ Gen01.HitCount1                  : num  0 38 38 38 38 38 38 38 7 7 ...
 $ Gen01.HitCount2                  : num  0 27 27 28 28 28 28 28 4 4 ...
 $ Gen01.HitCount3                  : num  2 36 36 36 36 36 36 36 3 3 ...
 $ Gen01.HitCount4                  : num  0 30 30 30 30 30 30 30 4 4 ...
 $ Gen01.HitCount5                  : num  0 25 26 26 26 26 26 26 3 3 ...
 $ Gen01.HitRate1                   : num  0 0.11 0.11 0.11 0.109 ...
 $ Gen01.HitRate2                   : num  0 0.0785 0.0783 0.0809 0.0802 ...
 $ Gen01.HitRate3                   : num  0.105 0.105 0.104 0.104 0.103 ...
 $ Gen01.HitRate4                   : num  0 0.0872 0.087 0.0867 0.086 ...
 $ Gen01.HitRate5                   : num  0 0.0727 0.0754 0.0751 0.0745 ...
 $ EOF                              : int  1 1 1 1 1 1 1 1 1 1 ...
 - attr(*, "na.action")= 'omit' Named int  131 173 314 340 362 392 418 489 588 605 ...
  ..- attr(*, "names")= chr  "131" "173" "314" "340" ...
[1] "2022-02-26 18:24:41 --- na.omit Finish ---"
[1] "2022-02-26 18:24:41 --- rxGlm with rxStepControl Start ---"

> print(paste0(Sys.time(), " --- source_logic_glm.R Start ---"))
[1] "2022-02-26 18:24:41 --- source_logic_glm.R Start ---"

> formula <- formula(RaceHorse.IsHitA ~ +1 + Gen01.TimeSdvByRaceAvg)

> print(paste0(Sys.time(), " --- source_logic_glm.R Finished ---"))
[1] "2022-02-26 18:24:42 --- source_logic_glm.R Finished ---"
Rows Read: 47293, Total Rows Processed: 47293, Total Chunk Time: 0.002 seconds 

Starting values (iteration 1) time: 0.015 secs.
Rows Read: 47293, Total Rows Processed: 47293, Total Chunk Time: 0.003 seconds 

Iteration 2 time: 0.008 secs.
Rows Read: 47293, Total Rows Processed: 47293, Total Chunk Time: 0.003 seconds 

Iteration 3 time: 0.006 secs.
Rows Read: 47293, Total Rows Processed: 47293, Total Chunk Time: 0.003 seconds 

Iteration 4 time: 0.006 secs.

Elapsed computation time: 0.044 secs.
Rows Read: 47293, Total Rows Processed: 47293, Total Chunk Time: Less than .001 seconds 

Starting values (iteration 1) time: 0.010 secs.
Rows Read: 47293, Total Rows Processed: 47293, Total Chunk Time: 0.002 seconds 

Iteration 2 time: 0.007 secs.

Elapsed computation time: 0.022 secs.
Rows Read: 47293, Total Rows Processed: 47293, Total Chunk Time: 0.002 seconds 

Starting values (iteration 1) time: 0.013 secs.
Rows Read: 47293, Total Rows Processed: 47293, Total Chunk Time: 0.003 seconds 

Iteration 2 time: 0.009 secs.
Rows Read: 47293, Total Rows Processed: 47293, Total Chunk Time: 0.003 seconds 

Iteration 3 time: 0.005 secs.
Rows Read: 47293, Total Rows Processed: 47293, Total Chunk Time: 0.003 seconds 

Iteration 4 time: 0.006 secs.

Elapsed computation time: 0.043 secs.

Elapsed computation time: 0.128 secs.
[1] "--------------------------------------------------------------------------------"
[1] "analyze.results.glm.step="
Logistic Regression Results for: RaceHorse.IsHitA ~
    Gen01.TimeSdvByRaceAvg
Data: data
Dependent variable(s): RaceHorse.IsHitA
Total independent variables: 2 
Number of valid observations: 47293
Number of missing observations: 0 
 
Coefficients:
                       RaceHorse.IsHitA
(Intercept)                          -3
Gen01.TimeSdvByRaceAvg                1
[1] "analyze.results.glm.step.summary"
Call:
rxLogit(formula = formula, data = data, variableSelection = analyze.results.glm.step.varsel)

Logistic Regression Results for: RaceHorse.IsHitA ~
    Gen01.TimeSdvByRaceAvg
Data: data
Dependent variable(s): RaceHorse.IsHitA
Total independent variables: 2 
Number of valid observations: 47293
Number of missing observations: 0 
-2*LogLikelihood: 23262.248 (Residual deviance on 47291 degrees of freedom)
 
Coefficients:
                       Estimate Std. Error z value Pr(>|z|)    
(Intercept)             -2.6902     0.0195  -137.8  2.2e-16 ***
Gen01.TimeSdvByRaceAvg   1.1377     0.0653    17.4  2.2e-16 ***
---
Signif. codes:  0 '***' 0.001 '**' 0.01 '*' 0.05 '.' 0.1 ' ' 1

Condition number of final variance-covariance matrix: 1 
Number of iterations: 4
[1] "--------------------------------------------------------------------------------"
[1] "2022-02-26 18:24:42 --- rxGlm with rxStepControl Finish ---"
[1] "2022-02-26 18:24:42 --- rxStepPlot Start ---"
[1] "pdfFilename=pdf_analyze_glm_Gen01_Type25_rxStepPlot.pdf"
[1] "rxStepPlot="
[1] "2022-02-26 18:24:42 --- rxStepPlot Finish ---"
[1] "2022-02-26 18:24:42 --- save.image Start ---"
[1] "save.image"
[1] "rdataFilename=RData_analyze_glm_Gen01_Type25.RData"
[1] "2022-02-26 18:24:42 --- save.image Finish ---"
[1] "2022-02-26 18:24:42 --- final Start ---"
[1] "--------------------------------------------------------------------------------"
[1] "nrow(data) final=47293"
[1] "--------------------------------------------------------------------------------"
[1] "2022-02-26 18:24:42 --- final Finish ---"
[1] "2022-02-26 18:24:42 --- analyze_glm.R Finished ---"
[1] "2022-02-26 18:24:42 --- log Finish ---"
