[1] "2022-02-27 12:24:06 --- D1115_analyze_glm_Horse_IsHitA_Type14 Start ---"
[1] "2022-02-27 12:24:06 --- Log Start ---"
[1] "2022-02-27 12:24:06 --- analyze_glm.R Start ---"
[1] "analyzeVersion=D1115"
[1] "analyzeCategory=analyze"
[1] "analyzeType=Horse"
[1] "analyzeFamily=IsHitA"
[1] "analyzeFunc=glm"
[1] "analyzeTrackTypeCd=1"
[1] "analyzeJyokenCd=4"
[1] "2022-02-27 12:24:06 --- source_function.R Start ---"
[1] "2022-02-27 12:24:06 --- source_function.R Finished ---"

> print(paste0(Sys.time(), " --- source_library.R Start ---"))
[1] "2022-02-27 12:24:06 --- source_library.R Start ---"

> require("RevoScaleR")

> print(paste0(Sys.time(), " --- source_library.R Finished ---"))
[1] "2022-02-27 12:24:07 --- source_library.R Finished ---"
[1] "2022-02-27 12:24:07 --- RxSqlServerData Start ---"
[1] "2022-02-27 12:24:07 --- RxInSqlServer Start ---"
[1] "2022-02-27 12:24:07 --- RxInSqlServer Finish ---"
[1] "2022-02-27 12:24:07 --- rxSetComputeContext Start ---"
[1] "2022-02-27 12:24:07 --- rxSetComputeContext Finish ---"
[1] "2022-02-27 12:24:07 --- RxSqlServerData Start ---"
[1] "sqlQuery=SELECT * FROM ViewAnalyzeD1115analyze01HorseType14"
[1] "2022-02-27 12:24:07 --- RxSqlServerData Finish ---"
[1] "2022-02-27 12:24:07 --- rxGetVarInfo Start ---"
[1] "2022-02-27 12:24:07 --- rxGetVarInfo Finish---"
[1] "2022-02-27 12:24:07 --- rxImport Start ---"
Rows Read: 30421, Total Rows Processed: 30421, Total Chunk Time: 2.178 seconds 
[1] "2022-02-27 12:24:13 --- rxImport Finish ---"
[1] "object.size(data) auto=9.8 Mb"
[1] "--------------------------------------------------------------------------------"
[1] "nrow(data) RxSqlServerData=30421"
[1] "--------------------------------------------------------------------------------"
[1] "str(data)="
'data.frame':	30421 obs. of  44 variables:
 $ Race.RaceId                      : Factor w/ 2247 levels "20160710-07-03-04-12",..: 1 11 12 13 2 14 15 16 17 18 ...
 $ Race.IsAnalyzeNormalPastAndFuture: logi  TRUE TRUE TRUE TRUE TRUE TRUE ...
 $ Race.IsAnalyzeNormalPast         : logi  TRUE TRUE TRUE TRUE TRUE TRUE ...
 $ Race.IsAnalyzeNormalFuture       : logi  FALSE FALSE FALSE FALSE FALSE FALSE ...
 $ Race.IsAnalyzeFullPastAndFuture  : logi  TRUE TRUE TRUE TRUE TRUE TRUE ...
 $ Race.IsAnalyzeFullPast           : logi  TRUE TRUE TRUE TRUE TRUE TRUE ...
 $ Race.IsAnalyzeFullFuture         : logi  FALSE FALSE FALSE FALSE FALSE FALSE ...
 $ Race.JyokenCd                    : Factor w/ 1 level "4": 1 1 1 1 1 1 1 1 1 1 ...
 $ Race.JyoType1Cd                  : Factor w/ 177 levels "1-07-1400-4-2",..: 1 11 12 13 2 14 15 16 17 18 ...
 $ Race.RaceType1Cd                 : Factor w/ 6 levels "1-4-X-1","1-4-E-2",..: 1 1 6 6 2 3 1 4 3 4 ...
 $ RaceHorse.RaceId                 : Factor w/ 2247 levels "20160710-07-03-04-12",..: 1 11 12 13 2 14 15 16 17 18 ...
 $ RaceHorse.KettoNum               : Factor w/ 6882 levels "2006106231","2009100335",..: 1 11 12 13 14 15 16 17 18 19 ...
 $ RaceHorse.IsHit1                 : num  0 0 0 0 0 0 0 1 0 0 ...
 $ RaceHorse.IsHit2                 : num  0 0 0 0 0 0 0 0 0 0 ...
 $ RaceHorse.IsHit3                 : num  0 0 0 0 0 0 0 0 0 1 ...
 $ RaceHorse.IsHit4                 : num  0 0 0 0 0 0 0 0 0 0 ...
 $ RaceHorse.IsHit5                 : num  0 0 0 0 0 0 0 0 0 0 ...
 $ RaceHorse.IsHit6                 : num  1 1 1 1 1 1 1 0 1 0 ...
 $ RaceHorse.IsValidRaceHorse       : logi  TRUE TRUE TRUE TRUE TRUE TRUE ...
 $ RaceHorse.TimeSdvByRace          : num  -1.822 -0.26 -2.998 -0.501 -0.2 ...
 $ RaceHorse.TimeSdv                : num  -0.4679 -0.0229 -1.6926 0.3335 -0.2003 ...
 $ RaceHorse.IsHitA                 : num  0 0 0 0 0 0 0 1 0 0 ...
 $ RaceHorse.IsHitB                 : num  0 0 0 0 0 0 0 1 0 0 ...
 $ RaceHorse.IsHitC                 : num  0 0 0 0 0 0 0 1 0 1 ...
 $ Horse.KettoNum                   : Factor w/ 6882 levels "2006106231","2009100335",..: 1 11 12 13 14 15 16 17 18 19 ...
 $ Horse.TimeSdvByRaceAvg           : num  -0.183 0.195 0.157 -0.272 0.205 ...
 $ Horse.TimeSdvByRaceMin           : num  -1.856 -2.394 -1.013 -2.947 -0.662 ...
 $ Horse.TimeSdvByRaceMax           : num  1.335 1.444 1.302 1.34 0.909 ...
 $ Horse.TimeSdvAvg                 : num  0.136 0.11 0.324 -0.301 0.781 ...
 $ Horse.TimeSdvMin                 : num  -1.813 -1.585 -0.464 -3.93 -0.546 ...
 $ Horse.TimeSdvMax                 : num  1.33 1.94 1.02 1.18 1.75 ...
 $ Horse.OrderOfFinishSdvAvg        : num  -0.2511 0.2422 -0.0504 -0.2927 -0.0172 ...
 $ Horse.RunCount                   : num  32 48 16 38 7 44 15 24 35 31 ...
 $ Horse.HitCount1                  : num  0 2 0 1 0 1 1 1 1 2 ...
 $ Horse.HitCount2                  : num  2 4 0 3 0 0 0 1 0 5 ...
 $ Horse.HitCount3                  : num  2 6 2 0 0 2 0 1 2 2 ...
 $ Horse.HitCount4                  : num  0 4 1 2 0 1 0 2 1 4 ...
 $ Horse.HitCount5                  : num  3 6 1 5 2 3 2 3 2 1 ...
 $ Horse.HitRate1                   : num  0 0.0417 0 0.0263 0 ...
 $ Horse.HitRate2                   : num  0.0625 0.0833 0 0.0789 0 ...
 $ Horse.HitRate3                   : num  0.0625 0.125 0.125 0 0 ...
 $ Horse.HitRate4                   : num  0 0.0833 0.0625 0.0526 0 ...
 $ Horse.HitRate5                   : num  0.0938 0.125 0.0625 0.1316 0.2857 ...
 $ EOF                              : int  1 1 1 1 1 1 1 1 1 1 ...
[1] "2022-02-27 12:24:13 --- RxSqlServerData Finish ---"
[1] "2022-02-27 12:24:13 --- subset Start ---"
[1] "--------------------------------------------------------------------------------"
[1] "nrow(data) subset before=30421"
[1] "nrow(data) subset after =30421"
[1] "nrow(data) subset diff =0"
[1] "--------------------------------------------------------------------------------"
[1] "2022-02-27 12:24:13 --- subset Finish---"
[1] "2022-02-27 12:24:13 --- transform Start ---"
[1] "--------------------------------------------------------------------------------"
[1] "nrow(data) transform before=30421"
[1] "nrow(data) transform after=30421"
[1] "nrow(data) transform diff=0"
[1] "--------------------------------------------------------------------------------"
[1] "str(data)="
'data.frame':	30421 obs. of  44 variables:
 $ Race.RaceId                      : Factor w/ 2247 levels "20160710-07-03-04-12",..: 1 11 12 13 2 14 15 16 17 18 ...
 $ Race.IsAnalyzeNormalPastAndFuture: logi  TRUE TRUE TRUE TRUE TRUE TRUE ...
 $ Race.IsAnalyzeNormalPast         : logi  TRUE TRUE TRUE TRUE TRUE TRUE ...
 $ Race.IsAnalyzeNormalFuture       : logi  FALSE FALSE FALSE FALSE FALSE FALSE ...
 $ Race.IsAnalyzeFullPastAndFuture  : logi  TRUE TRUE TRUE TRUE TRUE TRUE ...
 $ Race.IsAnalyzeFullPast           : logi  TRUE TRUE TRUE TRUE TRUE TRUE ...
 $ Race.IsAnalyzeFullFuture         : logi  FALSE FALSE FALSE FALSE FALSE FALSE ...
 $ Race.JyokenCd                    : Factor w/ 1 level "4": 1 1 1 1 1 1 1 1 1 1 ...
 $ Race.JyoType1Cd                  : Factor w/ 177 levels "1-07-1400-4-2",..: 1 11 12 13 2 14 15 16 17 18 ...
 $ Race.RaceType1Cd                 : Factor w/ 6 levels "1-4-X-1","1-4-E-2",..: 1 1 6 6 2 3 1 4 3 4 ...
 $ RaceHorse.RaceId                 : Factor w/ 2247 levels "20160710-07-03-04-12",..: 1 11 12 13 2 14 15 16 17 18 ...
 $ RaceHorse.KettoNum               : Factor w/ 6882 levels "2006106231","2009100335",..: 1 11 12 13 14 15 16 17 18 19 ...
 $ RaceHorse.IsHit1                 : num  0 0 0 0 0 0 0 1 0 0 ...
 $ RaceHorse.IsHit2                 : num  0 0 0 0 0 0 0 0 0 0 ...
 $ RaceHorse.IsHit3                 : num  0 0 0 0 0 0 0 0 0 1 ...
 $ RaceHorse.IsHit4                 : num  0 0 0 0 0 0 0 0 0 0 ...
 $ RaceHorse.IsHit5                 : num  0 0 0 0 0 0 0 0 0 0 ...
 $ RaceHorse.IsHit6                 : num  1 1 1 1 1 1 1 0 1 0 ...
 $ RaceHorse.IsValidRaceHorse       : logi  TRUE TRUE TRUE TRUE TRUE TRUE ...
 $ RaceHorse.TimeSdvByRace          : num  -1.822 -0.26 -2.998 -0.501 -0.2 ...
 $ RaceHorse.TimeSdv                : num  -0.4679 -0.0229 -1.6926 0.3335 -0.2003 ...
 $ RaceHorse.IsHitA                 : num  0 0 0 0 0 0 0 1 0 0 ...
 $ RaceHorse.IsHitB                 : num  0 0 0 0 0 0 0 1 0 0 ...
 $ RaceHorse.IsHitC                 : num  0 0 0 0 0 0 0 1 0 1 ...
 $ Horse.KettoNum                   : Factor w/ 6882 levels "2006106231","2009100335",..: 1 11 12 13 14 15 16 17 18 19 ...
 $ Horse.TimeSdvByRaceAvg           : num  -0.183 0.195 0.157 -0.272 0.205 ...
 $ Horse.TimeSdvByRaceMin           : num  -1.856 -2.394 -1.013 -2.947 -0.662 ...
 $ Horse.TimeSdvByRaceMax           : num  1.335 1.444 1.302 1.34 0.909 ...
 $ Horse.TimeSdvAvg                 : num  0.136 0.11 0.324 -0.301 0.781 ...
 $ Horse.TimeSdvMin                 : num  -1.813 -1.585 -0.464 -3.93 -0.546 ...
 $ Horse.TimeSdvMax                 : num  1.33 1.94 1.02 1.18 1.75 ...
 $ Horse.OrderOfFinishSdvAvg        : num  -0.2511 0.2422 -0.0504 -0.2927 -0.0172 ...
 $ Horse.RunCount                   : num  32 48 16 38 7 44 15 24 35 31 ...
 $ Horse.HitCount1                  : num  0 2 0 1 0 1 1 1 1 2 ...
 $ Horse.HitCount2                  : num  2 4 0 3 0 0 0 1 0 5 ...
 $ Horse.HitCount3                  : num  2 6 2 0 0 2 0 1 2 2 ...
 $ Horse.HitCount4                  : num  0 4 1 2 0 1 0 2 1 4 ...
 $ Horse.HitCount5                  : num  3 6 1 5 2 3 2 3 2 1 ...
 $ Horse.HitRate1                   : num  0 0.0417 0 0.0263 0 ...
 $ Horse.HitRate2                   : num  0.0625 0.0833 0 0.0789 0 ...
 $ Horse.HitRate3                   : num  0.0625 0.125 0.125 0 0 ...
 $ Horse.HitRate4                   : num  0 0.0833 0.0625 0.0526 0 ...
 $ Horse.HitRate5                   : num  0.0938 0.125 0.0625 0.1316 0.2857 ...
 $ EOF                              : int  1 1 1 1 1 1 1 1 1 1 ...
NULL
[1] "2022-02-27 12:24:14 --- transform Finish ---"
[1] "2022-02-27 12:24:14 --- na.omit Start ---"
[1] "--------------------------------------------------------------------------------"
[1] "nrow(data) na.omit before=30421"
[1] "nrow(data) na.omit after =30258"
[1] "nrow(data) na.omit diff =163"
[1] "--------------------------------------------------------------------------------"
'data.frame':	30258 obs. of  44 variables:
 $ Race.RaceId                      : Factor w/ 2247 levels "20160710-07-03-04-12",..: 1 11 12 13 2 14 15 16 17 18 ...
 $ Race.IsAnalyzeNormalPastAndFuture: logi  TRUE TRUE TRUE TRUE TRUE TRUE ...
 $ Race.IsAnalyzeNormalPast         : logi  TRUE TRUE TRUE TRUE TRUE TRUE ...
 $ Race.IsAnalyzeNormalFuture       : logi  FALSE FALSE FALSE FALSE FALSE FALSE ...
 $ Race.IsAnalyzeFullPastAndFuture  : logi  TRUE TRUE TRUE TRUE TRUE TRUE ...
 $ Race.IsAnalyzeFullPast           : logi  TRUE TRUE TRUE TRUE TRUE TRUE ...
 $ Race.IsAnalyzeFullFuture         : logi  FALSE FALSE FALSE FALSE FALSE FALSE ...
 $ Race.JyokenCd                    : Factor w/ 1 level "4": 1 1 1 1 1 1 1 1 1 1 ...
 $ Race.JyoType1Cd                  : Factor w/ 177 levels "1-07-1400-4-2",..: 1 11 12 13 2 14 15 16 17 18 ...
 $ Race.RaceType1Cd                 : Factor w/ 6 levels "1-4-X-1","1-4-E-2",..: 1 1 6 6 2 3 1 4 3 4 ...
 $ RaceHorse.RaceId                 : Factor w/ 2247 levels "20160710-07-03-04-12",..: 1 11 12 13 2 14 15 16 17 18 ...
 $ RaceHorse.KettoNum               : Factor w/ 6882 levels "2006106231","2009100335",..: 1 11 12 13 14 15 16 17 18 19 ...
 $ RaceHorse.IsHit1                 : num  0 0 0 0 0 0 0 1 0 0 ...
 $ RaceHorse.IsHit2                 : num  0 0 0 0 0 0 0 0 0 0 ...
 $ RaceHorse.IsHit3                 : num  0 0 0 0 0 0 0 0 0 1 ...
 $ RaceHorse.IsHit4                 : num  0 0 0 0 0 0 0 0 0 0 ...
 $ RaceHorse.IsHit5                 : num  0 0 0 0 0 0 0 0 0 0 ...
 $ RaceHorse.IsHit6                 : num  1 1 1 1 1 1 1 0 1 0 ...
 $ RaceHorse.IsValidRaceHorse       : logi  TRUE TRUE TRUE TRUE TRUE TRUE ...
 $ RaceHorse.TimeSdvByRace          : num  -1.822 -0.26 -2.998 -0.501 -0.2 ...
 $ RaceHorse.TimeSdv                : num  -0.4679 -0.0229 -1.6926 0.3335 -0.2003 ...
 $ RaceHorse.IsHitA                 : num  0 0 0 0 0 0 0 1 0 0 ...
 $ RaceHorse.IsHitB                 : num  0 0 0 0 0 0 0 1 0 0 ...
 $ RaceHorse.IsHitC                 : num  0 0 0 0 0 0 0 1 0 1 ...
 $ Horse.KettoNum                   : Factor w/ 6882 levels "2006106231","2009100335",..: 1 11 12 13 14 15 16 17 18 19 ...
 $ Horse.TimeSdvByRaceAvg           : num  -0.183 0.195 0.157 -0.272 0.205 ...
 $ Horse.TimeSdvByRaceMin           : num  -1.856 -2.394 -1.013 -2.947 -0.662 ...
 $ Horse.TimeSdvByRaceMax           : num  1.335 1.444 1.302 1.34 0.909 ...
 $ Horse.TimeSdvAvg                 : num  0.136 0.11 0.324 -0.301 0.781 ...
 $ Horse.TimeSdvMin                 : num  -1.813 -1.585 -0.464 -3.93 -0.546 ...
 $ Horse.TimeSdvMax                 : num  1.33 1.94 1.02 1.18 1.75 ...
 $ Horse.OrderOfFinishSdvAvg        : num  -0.2511 0.2422 -0.0504 -0.2927 -0.0172 ...
 $ Horse.RunCount                   : num  32 48 16 38 7 44 15 24 35 31 ...
 $ Horse.HitCount1                  : num  0 2 0 1 0 1 1 1 1 2 ...
 $ Horse.HitCount2                  : num  2 4 0 3 0 0 0 1 0 5 ...
 $ Horse.HitCount3                  : num  2 6 2 0 0 2 0 1 2 2 ...
 $ Horse.HitCount4                  : num  0 4 1 2 0 1 0 2 1 4 ...
 $ Horse.HitCount5                  : num  3 6 1 5 2 3 2 3 2 1 ...
 $ Horse.HitRate1                   : num  0 0.0417 0 0.0263 0 ...
 $ Horse.HitRate2                   : num  0.0625 0.0833 0 0.0789 0 ...
 $ Horse.HitRate3                   : num  0.0625 0.125 0.125 0 0 ...
 $ Horse.HitRate4                   : num  0 0.0833 0.0625 0.0526 0 ...
 $ Horse.HitRate5                   : num  0.0938 0.125 0.0625 0.1316 0.2857 ...
 $ EOF                              : int  1 1 1 1 1 1 1 1 1 1 ...
 - attr(*, "na.action")= 'omit' Named int  62 154 229 324 472 738 803 980 1177 1706 ...
  ..- attr(*, "names")= chr  "62" "154" "229" "324" ...
[1] "2022-02-27 12:24:15 --- na.omit Finish ---"
[1] "2022-02-27 12:24:15 --- rxGlm with rxStepControl Start ---"

> print(paste0(Sys.time(), " --- source_logic_glm.R Start ---"))
[1] "2022-02-27 12:24:15 --- source_logic_glm.R Start ---"

> formula <- formula(RaceHorse.IsHitA ~ +1 + Horse.TimeSdvByRaceAvg)

> print(paste0(Sys.time(), " --- source_logic_glm.R Finished ---"))
[1] "2022-02-27 12:24:15 --- source_logic_glm.R Finished ---"
Rows Read: 30258, Total Rows Processed: 30258, Total Chunk Time: 0.002 seconds 

Starting values (iteration 1) time: 0.015 secs.
Rows Read: 30258, Total Rows Processed: 30258, Total Chunk Time: 0.003 seconds 

Iteration 2 time: 0.009 secs.
Rows Read: 30258, Total Rows Processed: 30258, Total Chunk Time: 0.003 seconds 

Iteration 3 time: 0.008 secs.
Rows Read: 30258, Total Rows Processed: 30258, Total Chunk Time: 0.003 seconds 

Iteration 4 time: 0.006 secs.
Rows Read: 30258, Total Rows Processed: 30258, Total Chunk Time: 0.003 seconds 

Iteration 5 time: 0.007 secs.

Elapsed computation time: 0.075 secs.
Rows Read: 30258, Total Rows Processed: 30258, Total Chunk Time: 0.001 seconds 

Starting values (iteration 1) time: 0.012 secs.
Rows Read: 30258, Total Rows Processed: 30258, Total Chunk Time: 0.002 seconds 

Iteration 2 time: 0.011 secs.

Elapsed computation time: 0.033 secs.
Rows Read: 30258, Total Rows Processed: 30258, Total Chunk Time: Less than .001 seconds 

Starting values (iteration 1) time: 0.014 secs.
Rows Read: 30258, Total Rows Processed: 30258, Total Chunk Time: 0.003 seconds 

Iteration 2 time: 0.011 secs.
Rows Read: 30258, Total Rows Processed: 30258, Total Chunk Time: 0.003 seconds 

Iteration 3 time: 0.007 secs.
Rows Read: 30258, Total Rows Processed: 30258, Total Chunk Time: 0.003 seconds 

Iteration 4 time: 0.007 secs.
Rows Read: 30258, Total Rows Processed: 30258, Total Chunk Time: 0.003 seconds 

Iteration 5 time: 0.008 secs.

Elapsed computation time: 0.077 secs.

Elapsed computation time: 0.217 secs.
[1] "--------------------------------------------------------------------------------"
[1] "analyze.results.glm.step="
Logistic Regression Results for: RaceHorse.IsHitA ~
    Horse.TimeSdvByRaceAvg
Data: data
Dependent variable(s): RaceHorse.IsHitA
Total independent variables: 2 
Number of valid observations: 30258
Number of missing observations: 0 
 
Coefficients:
                       RaceHorse.IsHitA
(Intercept)                          -3
Horse.TimeSdvByRaceAvg                2
[1] "analyze.results.glm.step.summary"
Call:
rxLogit(formula = formula, data = data, variableSelection = analyze.results.glm.step.varsel)

Logistic Regression Results for: RaceHorse.IsHitA ~
    Horse.TimeSdvByRaceAvg
Data: data
Dependent variable(s): RaceHorse.IsHitA
Total independent variables: 2 
Number of valid observations: 30258
Number of missing observations: 0 
-2*LogLikelihood: 14885.821 (Residual deviance on 30256 degrees of freedom)
 
Coefficients:
                       Estimate Std. Error z value Pr(>|z|)    
(Intercept)             -3.3076     0.0386   -85.7  2.2e-16 ***
Horse.TimeSdvByRaceAvg   1.6824     0.0527    31.9  2.2e-16 ***
---
Signif. codes:  0 '***' 0.001 '**' 0.01 '*' 0.05 '.' 0.1 ' ' 1

Condition number of final variance-covariance matrix: 1 
Number of iterations: 5
[1] "--------------------------------------------------------------------------------"
[1] "2022-02-27 12:24:15 --- rxGlm with rxStepControl Finish ---"
[1] "2022-02-27 12:24:15 --- rxStepPlot Start ---"
[1] "pdfFilename=pdf_analyze_glm_Horse_Type14_rxStepPlot.pdf"
[1] "rxStepPlot="
[1] "2022-02-27 12:24:15 --- rxStepPlot Finish ---"
[1] "2022-02-27 12:24:15 --- save.image Start ---"
[1] "save.image"
[1] "rdataFilename=RData_analyze_glm_Horse_Type14.RData"
[1] "2022-02-27 12:24:15 --- save.image Finish ---"
[1] "2022-02-27 12:24:15 --- final Start ---"
[1] "--------------------------------------------------------------------------------"
[1] "nrow(data) final=30258"
[1] "--------------------------------------------------------------------------------"
[1] "2022-02-27 12:24:16 --- final Finish ---"
[1] "2022-02-27 12:24:16 --- analyze_glm.R Finished ---"
[1] "2022-02-27 12:24:16 --- log Finish ---"
