[1] "2022-02-18 01:42:47 --- D1115_analyze_glm_Odds_IsHitA_Type11 Start ---"
[1] "2022-02-18 01:42:47 --- Log Start ---"
[1] "2022-02-18 01:42:47 --- analyze_glm.R Start ---"
[1] "analyzeVersion=D1115"
[1] "analyzeCategory=analyze"
[1] "analyzeType=Odds"
[1] "analyzeFamily=IsHitA"
[1] "analyzeFunc=glm"
[1] "analyzeTrackTypeCd=1"
[1] "analyzeJyokenCd=1"
[1] "2022-02-18 01:42:47 --- source_function.R Start ---"
[1] "2022-02-18 01:42:47 --- source_function.R Finished ---"

> print(paste0(Sys.time(), " --- source_library.R Start ---"))
[1] "2022-02-18 01:42:47 --- source_library.R Start ---"

> require("RevoScaleR")

> print(paste0(Sys.time(), " --- source_library.R Finished ---"))
[1] "2022-02-18 01:42:56 --- source_library.R Finished ---"
[1] "2022-02-18 01:42:56 --- RxSqlServerData Start ---"
[1] "2022-02-18 01:42:56 --- RxInSqlServer Start ---"
[1] "2022-02-18 01:42:56 --- RxInSqlServer Finish ---"
[1] "2022-02-18 01:42:56 --- rxSetComputeContext Start ---"
[1] "2022-02-18 01:42:56 --- rxSetComputeContext Finish ---"
[1] "2022-02-18 01:42:56 --- RxSqlServerData Start ---"
[1] "sqlQuery=SELECT * FROM ViewAnalyzeD1115analyze01OddsType11"
[1] "2022-02-18 01:42:56 --- RxSqlServerData Finish ---"
[1] "2022-02-18 01:42:56 --- rxGetVarInfo Start ---"
[1] "2022-02-18 01:42:56 --- rxGetVarInfo Finish---"
[1] "2022-02-18 01:42:56 --- rxImport Start ---"
Rows Read: 15916, Total Rows Processed: 15916, Total Chunk Time: 0.429 seconds 
[1] "2022-02-18 01:43:01 --- rxImport Finish ---"
[1] "object.size(data) auto=3.1 Mb"
[1] "--------------------------------------------------------------------------------"
[1] "nrow(data) RxSqlServerData=15916"
[1] "--------------------------------------------------------------------------------"
[1] "str(data)="
'data.frame':	15916 obs. of  35 variables:
 $ Race.RaceId                      : Factor w/ 1145 levels "20190211-05-01-05-11",..: 11 12 13 14 15 16 17 18 19 20 ...
 $ Race.IsPredictedRace             : logi  TRUE TRUE TRUE TRUE TRUE TRUE ...
 $ Race.IsAnalyzeNormalPastAndFuture: logi  TRUE TRUE TRUE TRUE TRUE TRUE ...
 $ Race.IsAnalyzeNormalPast         : logi  FALSE FALSE FALSE FALSE FALSE TRUE ...
 $ Race.IsAnalyzeNormalFuture       : logi  TRUE TRUE TRUE TRUE TRUE FALSE ...
 $ Race.IsAnalyzeFullPastAndFuture  : logi  TRUE TRUE TRUE TRUE TRUE TRUE ...
 $ Race.IsAnalyzeFullPast           : logi  FALSE FALSE FALSE FALSE FALSE TRUE ...
 $ Race.IsAnalyzeFullFuture         : logi  TRUE TRUE TRUE TRUE TRUE FALSE ...
 $ Race.JyokenCd                    : Factor w/ 1 level "1": 1 1 1 1 1 1 1 1 1 1 ...
 $ Race.JyoType1Cd                  : Factor w/ 156 levels "1-05-1600-1",..: 11 12 13 14 15 16 1 17 18 19 ...
 $ Race.RaceType0Cd                 : Factor w/ 428 levels "1-05-1600-1-1-C-12",..: 11 12 13 14 15 16 17 18 19 20 ...
 $ Race.RaceType1Cd                 : Factor w/ 6 levels "1-1-C","1-1-B",..: 1 3 5 4 1 5 1 1 1 5 ...
 $ Race.RaceType2Cd                 : Factor w/ 6 levels "1-1-C","1-1-B",..: 1 3 5 4 1 5 1 1 1 5 ...
 $ Race.RaceType3Cd                 : Factor w/ 22 levels "1-C-12","1-B-12",..: 8 5 9 7 10 11 8 8 3 12 ...
 $ Race.RaceType4Cd                 : Factor w/ 4 levels "1-1-12","1-1-13",..: 3 3 3 1 4 1 3 3 2 2 ...
 $ RaceHorse.RaceId                 : Factor w/ 1145 levels "20190211-05-01-05-11",..: 11 12 13 14 15 16 17 18 19 20 ...
 $ RaceHorse.KettoNum               : Factor w/ 3730 levels "2016104750","2016105272",..: 11 12 13 14 15 16 17 18 19 20 ...
 $ RaceHorse.IsHit1                 : int  0 0 0 0 0 0 0 0 0 0 ...
 $ RaceHorse.IsHit2                 : int  0 0 0 0 0 0 0 0 0 0 ...
 $ RaceHorse.IsHit3                 : int  0 0 0 0 0 0 0 0 0 0 ...
 $ RaceHorse.IsHit4                 : int  0 0 0 0 0 0 0 0 0 0 ...
 $ RaceHorse.IsHit5                 : int  0 0 0 0 0 0 0 0 0 0 ...
 $ RaceHorse.IsHit6                 : int  1 1 1 1 1 1 1 1 1 1 ...
 $ RaceHorse.IsValidRaceHorse       : logi  TRUE TRUE TRUE TRUE TRUE TRUE ...
 $ RaceHorse.IsHitA                 : int  0 0 0 0 0 0 0 0 0 0 ...
 $ RaceHorse.IsHitB                 : int  0 0 0 0 0 0 0 0 0 0 ...
 $ RaceHorse.IsHitC                 : int  0 0 0 0 0 0 0 0 0 0 ...
 $ OddsByWin.Odds1                  : num  25.7 16 160.4 61.3 23.4 ...
 $ OddsByWin.Ninki                  : num  8 10 14 12 6 9 6 4 9 12 ...
 $ OddsByWin.OddsLog1               : num  3.28 2.83 5.08 4.13 3.19 ...
 $ OddsByWin.OddsRatio1             : num  0.04049 0.06667 0.00627 0.01658 0.04464 ...
 $ OddsByWin.OddsLogit1             : num  -3.25 -2.77 -5.08 -4.12 -3.15 ...
 $ OddsByWin.ApprovalRate1          : num  0.03891 0.0625 0.00623 0.01631 0.04274 ...
 $ OddsByWin.ApprovalRateLog1       : num  0.03817 0.06062 0.00622 0.01618 0.04185 ...
 $ EOF                              : int  1 1 1 1 1 1 1 1 1 1 ...
[1] "2022-02-18 01:43:01 --- RxSqlServerData Finish ---"
[1] "2022-02-18 01:43:01 --- subset Start ---"
[1] "--------------------------------------------------------------------------------"
[1] "nrow(data) subset before=15916"
[1] "nrow(data) subset after =12852"
[1] "nrow(data) subset diff =3064"
[1] "--------------------------------------------------------------------------------"
[1] "2022-02-18 01:43:01 --- subset Finish---"
[1] "2022-02-18 01:43:01 --- transform Start ---"
[1] "--------------------------------------------------------------------------------"
[1] "nrow(data) transform before=12852"
[1] "nrow(data) transform after=12852"
[1] "nrow(data) transform diff=0"
[1] "--------------------------------------------------------------------------------"
[1] "str(data)="
'data.frame':	12852 obs. of  35 variables:
 $ Race.RaceId                      : Factor w/ 1145 levels "20190211-05-01-05-11",..: 16 17 18 19 20 21 22 23 24 25 ...
 $ Race.IsPredictedRace             : logi  TRUE TRUE TRUE TRUE TRUE TRUE ...
 $ Race.IsAnalyzeNormalPastAndFuture: logi  TRUE TRUE TRUE TRUE TRUE TRUE ...
 $ Race.IsAnalyzeNormalPast         : logi  TRUE TRUE TRUE TRUE TRUE TRUE ...
 $ Race.IsAnalyzeNormalFuture       : logi  FALSE FALSE FALSE FALSE FALSE FALSE ...
 $ Race.IsAnalyzeFullPastAndFuture  : logi  TRUE TRUE TRUE TRUE TRUE TRUE ...
 $ Race.IsAnalyzeFullPast           : logi  TRUE TRUE TRUE TRUE TRUE TRUE ...
 $ Race.IsAnalyzeFullFuture         : logi  FALSE FALSE FALSE FALSE FALSE FALSE ...
 $ Race.JyokenCd                    : Factor w/ 1 level "1": 1 1 1 1 1 1 1 1 1 1 ...
 $ Race.JyoType1Cd                  : Factor w/ 156 levels "1-05-1600-1",..: 16 1 17 18 19 20 21 22 23 24 ...
 $ Race.RaceType0Cd                 : Factor w/ 428 levels "1-05-1600-1-1-C-12",..: 16 17 18 19 20 21 22 23 24 25 ...
 $ Race.RaceType1Cd                 : Factor w/ 6 levels "1-1-C","1-1-B",..: 5 1 1 1 5 4 1 4 3 5 ...
 $ Race.RaceType2Cd                 : Factor w/ 6 levels "1-1-C","1-1-B",..: 5 1 1 1 5 4 1 4 3 5 ...
 $ Race.RaceType3Cd                 : Factor w/ 22 levels "1-C-12","1-B-12",..: 11 8 8 3 12 13 3 7 6 14 ...
 $ Race.RaceType4Cd                 : Factor w/ 4 levels "1-1-12","1-1-13",..: 1 3 3 2 2 2 2 1 2 4 ...
 $ RaceHorse.RaceId                 : Factor w/ 1145 levels "20190211-05-01-05-11",..: 16 17 18 19 20 21 22 23 24 25 ...
 $ RaceHorse.KettoNum               : Factor w/ 3730 levels "2016104750","2016105272",..: 16 17 18 19 20 21 22 23 24 25 ...
 $ RaceHorse.IsHit1                 : int  0 0 0 0 0 0 0 0 0 0 ...
 $ RaceHorse.IsHit2                 : int  0 0 0 0 0 0 0 0 0 0 ...
 $ RaceHorse.IsHit3                 : int  0 0 0 0 0 0 0 0 0 0 ...
 $ RaceHorse.IsHit4                 : int  0 0 0 0 0 0 1 0 0 1 ...
 $ RaceHorse.IsHit5                 : int  0 0 0 0 0 0 0 0 0 0 ...
 $ RaceHorse.IsHit6                 : int  1 1 1 1 1 1 0 1 1 0 ...
 $ RaceHorse.IsValidRaceHorse       : logi  TRUE TRUE TRUE TRUE TRUE TRUE ...
 $ RaceHorse.IsHitA                 : int  0 0 0 0 0 0 0 0 0 0 ...
 $ RaceHorse.IsHitB                 : int  0 0 0 0 0 0 0 0 0 0 ...
 $ RaceHorse.IsHitC                 : int  0 0 0 0 0 0 0 0 0 0 ...
 $ OddsByWin.Odds1                  : num  47.3 12.5 7.4 17.7 47.6 ...
 $ OddsByWin.Ninki                  : num  9 6 4 9 12 9 9 15 12 6 ...
 $ OddsByWin.OddsLog1               : num  3.88 2.6 2.13 2.93 3.88 ...
 $ OddsByWin.OddsRatio1             : num  0.0216 0.087 0.1562 0.0599 0.0215 ...
 $ OddsByWin.OddsLogit1             : num  -3.86 -2.53 -2 -2.87 -3.86 ...
 $ OddsByWin.ApprovalRate1          : num  0.0211 0.08 0.1351 0.0565 0.021 ...
 $ OddsByWin.ApprovalRateLog1       : num  0.0209 0.077 0.1268 0.055 0.0208 ...
 $ EOF                              : int  1 1 1 1 1 1 1 1 1 1 ...
NULL
[1] "2022-02-18 01:43:02 --- transform Finish ---"
[1] "2022-02-18 01:43:02 --- na.omit Start ---"
[1] "--------------------------------------------------------------------------------"
[1] "nrow(data) na.omit before=12852"
[1] "nrow(data) na.omit after =12810"
[1] "nrow(data) na.omit diff =42"
[1] "--------------------------------------------------------------------------------"
'data.frame':	12810 obs. of  35 variables:
 $ Race.RaceId                      : Factor w/ 1145 levels "20190211-05-01-05-11",..: 16 17 18 19 20 21 22 23 24 25 ...
 $ Race.IsPredictedRace             : logi  TRUE TRUE TRUE TRUE TRUE TRUE ...
 $ Race.IsAnalyzeNormalPastAndFuture: logi  TRUE TRUE TRUE TRUE TRUE TRUE ...
 $ Race.IsAnalyzeNormalPast         : logi  TRUE TRUE TRUE TRUE TRUE TRUE ...
 $ Race.IsAnalyzeNormalFuture       : logi  FALSE FALSE FALSE FALSE FALSE FALSE ...
 $ Race.IsAnalyzeFullPastAndFuture  : logi  TRUE TRUE TRUE TRUE TRUE TRUE ...
 $ Race.IsAnalyzeFullPast           : logi  TRUE TRUE TRUE TRUE TRUE TRUE ...
 $ Race.IsAnalyzeFullFuture         : logi  FALSE FALSE FALSE FALSE FALSE FALSE ...
 $ Race.JyokenCd                    : Factor w/ 1 level "1": 1 1 1 1 1 1 1 1 1 1 ...
 $ Race.JyoType1Cd                  : Factor w/ 156 levels "1-05-1600-1",..: 16 1 17 18 19 20 21 22 23 24 ...
 $ Race.RaceType0Cd                 : Factor w/ 428 levels "1-05-1600-1-1-C-12",..: 16 17 18 19 20 21 22 23 24 25 ...
 $ Race.RaceType1Cd                 : Factor w/ 6 levels "1-1-C","1-1-B",..: 5 1 1 1 5 4 1 4 3 5 ...
 $ Race.RaceType2Cd                 : Factor w/ 6 levels "1-1-C","1-1-B",..: 5 1 1 1 5 4 1 4 3 5 ...
 $ Race.RaceType3Cd                 : Factor w/ 22 levels "1-C-12","1-B-12",..: 11 8 8 3 12 13 3 7 6 14 ...
 $ Race.RaceType4Cd                 : Factor w/ 4 levels "1-1-12","1-1-13",..: 1 3 3 2 2 2 2 1 2 4 ...
 $ RaceHorse.RaceId                 : Factor w/ 1145 levels "20190211-05-01-05-11",..: 16 17 18 19 20 21 22 23 24 25 ...
 $ RaceHorse.KettoNum               : Factor w/ 3730 levels "2016104750","2016105272",..: 16 17 18 19 20 21 22 23 24 25 ...
 $ RaceHorse.IsHit1                 : int  0 0 0 0 0 0 0 0 0 0 ...
 $ RaceHorse.IsHit2                 : int  0 0 0 0 0 0 0 0 0 0 ...
 $ RaceHorse.IsHit3                 : int  0 0 0 0 0 0 0 0 0 0 ...
 $ RaceHorse.IsHit4                 : int  0 0 0 0 0 0 1 0 0 1 ...
 $ RaceHorse.IsHit5                 : int  0 0 0 0 0 0 0 0 0 0 ...
 $ RaceHorse.IsHit6                 : int  1 1 1 1 1 1 0 1 1 0 ...
 $ RaceHorse.IsValidRaceHorse       : logi  TRUE TRUE TRUE TRUE TRUE TRUE ...
 $ RaceHorse.IsHitA                 : int  0 0 0 0 0 0 0 0 0 0 ...
 $ RaceHorse.IsHitB                 : int  0 0 0 0 0 0 0 0 0 0 ...
 $ RaceHorse.IsHitC                 : int  0 0 0 0 0 0 0 0 0 0 ...
 $ OddsByWin.Odds1                  : num  47.3 12.5 7.4 17.7 47.6 ...
 $ OddsByWin.Ninki                  : num  9 6 4 9 12 9 9 15 12 6 ...
 $ OddsByWin.OddsLog1               : num  3.88 2.6 2.13 2.93 3.88 ...
 $ OddsByWin.OddsRatio1             : num  0.0216 0.087 0.1562 0.0599 0.0215 ...
 $ OddsByWin.OddsLogit1             : num  -3.86 -2.53 -2 -2.87 -3.86 ...
 $ OddsByWin.ApprovalRate1          : num  0.0211 0.08 0.1351 0.0565 0.021 ...
 $ OddsByWin.ApprovalRateLog1       : num  0.0209 0.077 0.1268 0.055 0.0208 ...
 $ EOF                              : int  1 1 1 1 1 1 1 1 1 1 ...
 - attr(*, "na.action")= 'omit' Named int  289 751 1101 1169 1283 1421 1439 1906 2766 2869 ...
  ..- attr(*, "names")= chr  "371" "932" "1374" "1456" ...
[1] "2022-02-18 01:43:02 --- na.omit Finish ---"
[1] "2022-02-18 01:43:02 --- rxGlm with rxStepControl Start ---"

> print(paste0(Sys.time(), " --- source_logic_glm.R Start ---"))
[1] "2022-02-18 01:43:02 --- source_logic_glm.R Start ---"

> formula <- formula(RaceHorse.IsHitA ~ +1 + OddsByWin.OddsLogit1)

> print(paste0(Sys.time(), " --- source_logic_glm.R Finished ---"))
[1] "2022-02-18 01:43:02 --- source_logic_glm.R Finished ---"
Rows Read: 12810, Total Rows Processed: 12810, Total Chunk Time: 0.001 seconds 

Starting values (iteration 1) time: 0.008 secs.
Rows Read: 12810, Total Rows Processed: 12810, Total Chunk Time: 0.001 seconds 

Iteration 2 time: 0.005 secs.
Rows Read: 12810, Total Rows Processed: 12810, Total Chunk Time: 0.001 seconds 

Iteration 3 time: 0.004 secs.
Rows Read: 12810, Total Rows Processed: 12810, Total Chunk Time: Less than .001 seconds 

Iteration 4 time: 0.009 secs.
Rows Read: 12810, Total Rows Processed: 12810, Total Chunk Time: 0.001 seconds 

Iteration 5 time: 0.005 secs.
Rows Read: 12810, Total Rows Processed: 12810, Total Chunk Time: 0.002 seconds 

Iteration 6 time: 0.006 secs.

Elapsed computation time: 0.066 secs.
Rows Read: 12810, Total Rows Processed: 12810, Total Chunk Time: 0.001 seconds 

Starting values (iteration 1) time: 0.004 secs.
Rows Read: 12810, Total Rows Processed: 12810, Total Chunk Time: Less than .001 seconds 

Iteration 2 time: 0.004 secs.

Elapsed computation time: 0.021 secs.
Rows Read: 12810, Total Rows Processed: 12810, Total Chunk Time: 0.001 seconds 

Starting values (iteration 1) time: 0.004 secs.
Rows Read: 12810, Total Rows Processed: 12810, Total Chunk Time: Less than .001 seconds 

Iteration 2 time: 0.005 secs.
Rows Read: 12810, Total Rows Processed: 12810, Total Chunk Time: 0.002 seconds 

Iteration 3 time: 0.004 secs.
Rows Read: 12810, Total Rows Processed: 12810, Total Chunk Time: 0.001 seconds 

Iteration 4 time: 0.007 secs.
Rows Read: 12810, Total Rows Processed: 12810, Total Chunk Time: 0.001 seconds 

Iteration 5 time: 0.003 secs.
Rows Read: 12810, Total Rows Processed: 12810, Total Chunk Time: 0.002 seconds 

Iteration 6 time: 0.009 secs.

Elapsed computation time: 0.060 secs.

Elapsed computation time: 0.161 secs.
[1] "--------------------------------------------------------------------------------"
[1] "analyze.results.glm.step="
Logistic Regression Results for: RaceHorse.IsHitA ~
    OddsByWin.OddsLogit1
Data: data
Dependent variable(s): RaceHorse.IsHitA
Total independent variables: 2 
Number of valid observations: 12810
Number of missing observations: 0 
 
Coefficients:
                     RaceHorse.IsHitA
(Intercept)                       0.4
OddsByWin.OddsLogit1              1.2
[1] "analyze.results.glm.step.summary"
Call:
rxLogit(formula = formula, data = data, variableSelection = analyze.results.glm.step.varsel)

Logistic Regression Results for: RaceHorse.IsHitA ~
    OddsByWin.OddsLogit1
Data: data
Dependent variable(s): RaceHorse.IsHitA
Total independent variables: 2 
Number of valid observations: 12810
Number of missing observations: 0 
-2*LogLikelihood: 5272.71 (Residual deviance on 12808 degrees of freedom)
 
Coefficients:
                     Estimate Std. Error z value Pr(>|z|)    
(Intercept)            0.4354     0.0858    5.08  3.8e-07 ***
OddsByWin.OddsLogit1   1.2457     0.0418   29.83  2.2e-16 ***
---
Signif. codes:  0 '***' 0.001 '**' 0.01 '*' 0.05 '.' 0.1 ' ' 1

Condition number of final variance-covariance matrix: 1 
Number of iterations: 6
[1] "--------------------------------------------------------------------------------"
[1] "2022-02-18 01:43:02 --- rxGlm with rxStepControl Finish ---"
[1] "2022-02-18 01:43:02 --- rxStepPlot Start ---"
[1] "pdfFilename=pdf_analyze_glm_Odds_Type11_rxStepPlot.pdf"
[1] "rxStepPlot="
[1] "2022-02-18 01:43:02 --- rxStepPlot Finish ---"
[1] "2022-02-18 01:43:02 --- save.image Start ---"
[1] "save.image"
[1] "rdataFilename=RData_analyze_glm_Odds_Type11.RData"
[1] "2022-02-18 01:43:02 --- save.image Finish ---"
[1] "2022-02-18 01:43:02 --- final Start ---"
[1] "--------------------------------------------------------------------------------"
[1] "nrow(data) final=12810"
[1] "--------------------------------------------------------------------------------"
[1] "2022-02-18 01:43:02 --- final Finish ---"
[1] "2022-02-18 01:43:02 --- analyze_glm.R Finished ---"
[1] "2022-02-18 01:43:02 --- log Finish ---"
