[1] "2022-02-18 23:21:34 --- D1115_analyze_glm_DataMiningTaisen_IsHitA_Type14 Start ---"
[1] "2022-02-18 23:21:34 --- Log Start ---"
[1] "2022-02-18 23:21:34 --- analyze_glm.R Start ---"
[1] "analyzeVersion=D1115"
[1] "analyzeCategory=analyze"
[1] "analyzeType=DataMiningTaisen"
[1] "analyzeFamily=IsHitA"
[1] "analyzeFunc=glm"
[1] "analyzeTrackTypeCd=1"
[1] "analyzeJyokenCd=4"
[1] "2022-02-18 23:21:34 --- source_function.R Start ---"
[1] "2022-02-18 23:21:34 --- source_function.R Finished ---"

> print(paste0(Sys.time(), " --- source_library.R Start ---"))
[1] "2022-02-18 23:21:34 --- source_library.R Start ---"

> require("RevoScaleR")

> print(paste0(Sys.time(), " --- source_library.R Finished ---"))
[1] "2022-02-18 23:21:34 --- source_library.R Finished ---"
[1] "2022-02-18 23:21:34 --- RxSqlServerData Start ---"
[1] "2022-02-18 23:21:34 --- RxInSqlServer Start ---"
[1] "2022-02-18 23:21:34 --- RxInSqlServer Finish ---"
[1] "2022-02-18 23:21:34 --- rxSetComputeContext Start ---"
[1] "2022-02-18 23:21:34 --- rxSetComputeContext Finish ---"
[1] "2022-02-18 23:21:34 --- RxSqlServerData Start ---"
[1] "sqlQuery=SELECT * FROM ViewAnalyzeD1115analyze01DataMiningTaisenType14"
[1] "2022-02-18 23:21:34 --- RxSqlServerData Finish ---"
[1] "2022-02-18 23:21:34 --- rxGetVarInfo Start ---"
[1] "2022-02-18 23:21:34 --- rxGetVarInfo Finish---"
[1] "2022-02-18 23:21:34 --- rxImport Start ---"
Rows Read: 36547, Total Rows Processed: 36547, Total Chunk Time: 0.793 seconds 
[1] "2022-02-18 23:21:36 --- rxImport Finish ---"
[1] "object.size(data) auto=5.3 Mb"
[1] "--------------------------------------------------------------------------------"
[1] "nrow(data) RxSqlServerData=36547"
[1] "--------------------------------------------------------------------------------"
[1] "str(data)="
'data.frame':	36547 obs. of  29 variables:
 $ Race.RaceId                      : Factor w/ 2705 levels "20160117-08-01-06-08",..: 2 2 2 2 2 2 2 2 2 2 ...
 $ Race.IsPredictedRace             : logi  TRUE TRUE TRUE TRUE TRUE TRUE ...
 $ Race.IsAnalyzeNormalPastAndFuture: logi  TRUE TRUE TRUE TRUE TRUE TRUE ...
 $ Race.IsAnalyzeNormalPast         : logi  TRUE TRUE TRUE TRUE TRUE TRUE ...
 $ Race.IsAnalyzeNormalFuture       : logi  FALSE FALSE FALSE FALSE FALSE FALSE ...
 $ Race.IsAnalyzeFullPastAndFuture  : logi  TRUE TRUE TRUE TRUE TRUE TRUE ...
 $ Race.IsAnalyzeFullPast           : logi  TRUE TRUE TRUE TRUE TRUE TRUE ...
 $ Race.IsAnalyzeFullFuture         : logi  FALSE FALSE FALSE FALSE FALSE FALSE ...
 $ Race.JyokenCd                    : Factor w/ 1 level "4": 1 1 1 1 1 1 1 1 1 1 ...
 $ Race.JyoType1Cd                  : Factor w/ 182 levels "1-08-1600-1",..: 2 2 2 2 2 2 2 2 2 2 ...
 $ Race.RaceType0Cd                 : Factor w/ 549 levels "1-08-1600-1-4-X-14",..: 2 2 2 2 2 2 2 2 2 2 ...
 $ Race.RaceType1Cd                 : Factor w/ 2 levels "1-4-X","1-4-E": 1 1 1 1 1 1 1 1 1 1 ...
 $ Race.RaceType2Cd                 : Factor w/ 2 levels "1-4-X","1-4-E": 1 1 1 1 1 1 1 1 1 1 ...
 $ Race.RaceType3Cd                 : Factor w/ 8 levels "4-X-14","4-X-12",..: 2 2 2 2 2 2 2 2 2 2 ...
 $ Race.RaceType4Cd                 : Factor w/ 4 levels "1-4-14","1-4-12",..: 2 2 2 2 2 2 2 2 2 2 ...
 $ RaceHorse.RaceId                 : Factor w/ 2705 levels "20160117-08-01-06-08",..: 2 2 2 2 2 2 2 2 2 2 ...
 $ RaceHorse.KettoNum               : Factor w/ 8194 levels "2011103993","2011104269",..: 11 12 13 14 15 16 17 18 19 20 ...
 $ RaceHorse.IsHit1                 : int  0 0 0 0 0 0 0 0 0 0 ...
 $ RaceHorse.IsHit2                 : int  0 1 0 0 0 0 0 0 0 0 ...
 $ RaceHorse.IsHit3                 : int  0 0 0 0 0 0 0 0 0 0 ...
 $ RaceHorse.IsHit4                 : int  0 0 0 0 0 0 0 0 1 0 ...
 $ RaceHorse.IsHit5                 : int  0 0 0 0 0 1 0 0 0 0 ...
 $ RaceHorse.IsHit6                 : int  1 0 1 1 1 0 1 1 0 1 ...
 $ RaceHorse.IsValidRaceHorse       : logi  TRUE TRUE TRUE TRUE TRUE TRUE ...
 $ RaceHorse.IsHitA                 : int  0 0 0 0 0 0 0 0 0 0 ...
 $ RaceHorse.IsHitB                 : int  0 1 0 0 0 0 0 0 0 0 ...
 $ RaceHorse.IsHitC                 : int  0 1 0 0 0 0 0 0 0 0 ...
 $ DataMiningTaisen.TmScoreSdv      : num  -0.5679 0.0442 -1.6555 -0.9542 1.2387 ...
 $ EOF                              : int  1 1 1 1 1 1 1 1 1 1 ...
[1] "2022-02-18 23:21:37 --- RxSqlServerData Finish ---"
[1] "2022-02-18 23:21:37 --- subset Start ---"
[1] "--------------------------------------------------------------------------------"
[1] "nrow(data) subset before=36547"
[1] "nrow(data) subset after =30570"
[1] "nrow(data) subset diff =5977"
[1] "--------------------------------------------------------------------------------"
[1] "2022-02-18 23:21:37 --- subset Finish---"
[1] "2022-02-18 23:21:37 --- transform Start ---"
[1] "--------------------------------------------------------------------------------"
[1] "nrow(data) transform before=30570"
[1] "nrow(data) transform after=30570"
[1] "nrow(data) transform diff=0"
[1] "--------------------------------------------------------------------------------"
[1] "str(data)="
'data.frame':	30570 obs. of  29 variables:
 $ Race.RaceId                      : Factor w/ 2705 levels "20160117-08-01-06-08",..: 2 2 2 2 2 2 2 2 2 2 ...
 $ Race.IsPredictedRace             : logi  TRUE TRUE TRUE TRUE TRUE TRUE ...
 $ Race.IsAnalyzeNormalPastAndFuture: logi  TRUE TRUE TRUE TRUE TRUE TRUE ...
 $ Race.IsAnalyzeNormalPast         : logi  TRUE TRUE TRUE TRUE TRUE TRUE ...
 $ Race.IsAnalyzeNormalFuture       : logi  FALSE FALSE FALSE FALSE FALSE FALSE ...
 $ Race.IsAnalyzeFullPastAndFuture  : logi  TRUE TRUE TRUE TRUE TRUE TRUE ...
 $ Race.IsAnalyzeFullPast           : logi  TRUE TRUE TRUE TRUE TRUE TRUE ...
 $ Race.IsAnalyzeFullFuture         : logi  FALSE FALSE FALSE FALSE FALSE FALSE ...
 $ Race.JyokenCd                    : Factor w/ 1 level "4": 1 1 1 1 1 1 1 1 1 1 ...
 $ Race.JyoType1Cd                  : Factor w/ 182 levels "1-08-1600-1",..: 2 2 2 2 2 2 2 2 2 2 ...
 $ Race.RaceType0Cd                 : Factor w/ 549 levels "1-08-1600-1-4-X-14",..: 2 2 2 2 2 2 2 2 2 2 ...
 $ Race.RaceType1Cd                 : Factor w/ 2 levels "1-4-X","1-4-E": 1 1 1 1 1 1 1 1 1 1 ...
 $ Race.RaceType2Cd                 : Factor w/ 2 levels "1-4-X","1-4-E": 1 1 1 1 1 1 1 1 1 1 ...
 $ Race.RaceType3Cd                 : Factor w/ 8 levels "4-X-14","4-X-12",..: 2 2 2 2 2 2 2 2 2 2 ...
 $ Race.RaceType4Cd                 : Factor w/ 4 levels "1-4-14","1-4-12",..: 2 2 2 2 2 2 2 2 2 2 ...
 $ RaceHorse.RaceId                 : Factor w/ 2705 levels "20160117-08-01-06-08",..: 2 2 2 2 2 2 2 2 2 2 ...
 $ RaceHorse.KettoNum               : Factor w/ 8194 levels "2011103993","2011104269",..: 11 12 13 14 15 16 17 18 19 20 ...
 $ RaceHorse.IsHit1                 : int  0 0 0 0 0 0 0 0 0 0 ...
 $ RaceHorse.IsHit2                 : int  0 1 0 0 0 0 0 0 0 0 ...
 $ RaceHorse.IsHit3                 : int  0 0 0 0 0 0 0 0 0 0 ...
 $ RaceHorse.IsHit4                 : int  0 0 0 0 0 0 0 0 1 0 ...
 $ RaceHorse.IsHit5                 : int  0 0 0 0 0 1 0 0 0 0 ...
 $ RaceHorse.IsHit6                 : int  1 0 1 1 1 0 1 1 0 1 ...
 $ RaceHorse.IsValidRaceHorse       : logi  TRUE TRUE TRUE TRUE TRUE TRUE ...
 $ RaceHorse.IsHitA                 : int  0 0 0 0 0 0 0 0 0 0 ...
 $ RaceHorse.IsHitB                 : int  0 1 0 0 0 0 0 0 0 0 ...
 $ RaceHorse.IsHitC                 : int  0 1 0 0 0 0 0 0 0 0 ...
 $ DataMiningTaisen.TmScoreSdv      : num  -0.5679 0.0442 -1.6555 -0.9542 1.2387 ...
 $ EOF                              : int  1 1 1 1 1 1 1 1 1 1 ...
NULL
[1] "2022-02-18 23:21:37 --- transform Finish ---"
[1] "2022-02-18 23:21:37 --- na.omit Start ---"
[1] "--------------------------------------------------------------------------------"
[1] "nrow(data) na.omit before=30570"
[1] "nrow(data) na.omit after =30570"
[1] "nrow(data) na.omit diff =0"
[1] "--------------------------------------------------------------------------------"
'data.frame':	30570 obs. of  29 variables:
 $ Race.RaceId                      : Factor w/ 2705 levels "20160117-08-01-06-08",..: 2 2 2 2 2 2 2 2 2 2 ...
 $ Race.IsPredictedRace             : logi  TRUE TRUE TRUE TRUE TRUE TRUE ...
 $ Race.IsAnalyzeNormalPastAndFuture: logi  TRUE TRUE TRUE TRUE TRUE TRUE ...
 $ Race.IsAnalyzeNormalPast         : logi  TRUE TRUE TRUE TRUE TRUE TRUE ...
 $ Race.IsAnalyzeNormalFuture       : logi  FALSE FALSE FALSE FALSE FALSE FALSE ...
 $ Race.IsAnalyzeFullPastAndFuture  : logi  TRUE TRUE TRUE TRUE TRUE TRUE ...
 $ Race.IsAnalyzeFullPast           : logi  TRUE TRUE TRUE TRUE TRUE TRUE ...
 $ Race.IsAnalyzeFullFuture         : logi  FALSE FALSE FALSE FALSE FALSE FALSE ...
 $ Race.JyokenCd                    : Factor w/ 1 level "4": 1 1 1 1 1 1 1 1 1 1 ...
 $ Race.JyoType1Cd                  : Factor w/ 182 levels "1-08-1600-1",..: 2 2 2 2 2 2 2 2 2 2 ...
 $ Race.RaceType0Cd                 : Factor w/ 549 levels "1-08-1600-1-4-X-14",..: 2 2 2 2 2 2 2 2 2 2 ...
 $ Race.RaceType1Cd                 : Factor w/ 2 levels "1-4-X","1-4-E": 1 1 1 1 1 1 1 1 1 1 ...
 $ Race.RaceType2Cd                 : Factor w/ 2 levels "1-4-X","1-4-E": 1 1 1 1 1 1 1 1 1 1 ...
 $ Race.RaceType3Cd                 : Factor w/ 8 levels "4-X-14","4-X-12",..: 2 2 2 2 2 2 2 2 2 2 ...
 $ Race.RaceType4Cd                 : Factor w/ 4 levels "1-4-14","1-4-12",..: 2 2 2 2 2 2 2 2 2 2 ...
 $ RaceHorse.RaceId                 : Factor w/ 2705 levels "20160117-08-01-06-08",..: 2 2 2 2 2 2 2 2 2 2 ...
 $ RaceHorse.KettoNum               : Factor w/ 8194 levels "2011103993","2011104269",..: 11 12 13 14 15 16 17 18 19 20 ...
 $ RaceHorse.IsHit1                 : int  0 0 0 0 0 0 0 0 0 0 ...
 $ RaceHorse.IsHit2                 : int  0 1 0 0 0 0 0 0 0 0 ...
 $ RaceHorse.IsHit3                 : int  0 0 0 0 0 0 0 0 0 0 ...
 $ RaceHorse.IsHit4                 : int  0 0 0 0 0 0 0 0 1 0 ...
 $ RaceHorse.IsHit5                 : int  0 0 0 0 0 1 0 0 0 0 ...
 $ RaceHorse.IsHit6                 : int  1 0 1 1 1 0 1 1 0 1 ...
 $ RaceHorse.IsValidRaceHorse       : logi  TRUE TRUE TRUE TRUE TRUE TRUE ...
 $ RaceHorse.IsHitA                 : int  0 0 0 0 0 0 0 0 0 0 ...
 $ RaceHorse.IsHitB                 : int  0 1 0 0 0 0 0 0 0 0 ...
 $ RaceHorse.IsHitC                 : int  0 1 0 0 0 0 0 0 0 0 ...
 $ DataMiningTaisen.TmScoreSdv      : num  -0.5679 0.0442 -1.6555 -0.9542 1.2387 ...
 $ EOF                              : int  1 1 1 1 1 1 1 1 1 1 ...
[1] "2022-02-18 23:21:38 --- na.omit Finish ---"
[1] "2022-02-18 23:21:38 --- rxGlm with rxStepControl Start ---"

> print(paste0(Sys.time(), " --- source_logic_glm.R Start ---"))
[1] "2022-02-18 23:21:38 --- source_logic_glm.R Start ---"

> formula <- formula(RaceHorse.IsHitA ~ +1 + DataMiningTaisen.TmScoreSdv)

> print(paste0(Sys.time(), " --- source_logic_glm.R Finished ---"))
[1] "2022-02-18 23:21:38 --- source_logic_glm.R Finished ---"
Rows Read: 30570, Total Rows Processed: 30570, Total Chunk Time: 0.002 seconds 

Starting values (iteration 1) time: 0.011 secs.
Rows Read: 30570, Total Rows Processed: 30570, Total Chunk Time: 0.002 seconds 

Iteration 2 time: 0.010 secs.
Rows Read: 30570, Total Rows Processed: 30570, Total Chunk Time: 0.003 seconds 

Iteration 3 time: 0.011 secs.
Rows Read: 30570, Total Rows Processed: 30570, Total Chunk Time: 0.002 seconds 

Iteration 4 time: 0.020 secs.
Rows Read: 30570, Total Rows Processed: 30570, Total Chunk Time: 0.003 seconds 

Iteration 5 time: 0.020 secs.
Rows Read: 30570, Total Rows Processed: 30570, Total Chunk Time: 0.003 seconds 

Iteration 6 time: 0.026 secs.

Elapsed computation time: 0.161 secs.
Rows Read: 30570, Total Rows Processed: 30570, Total Chunk Time: Less than .001 seconds 

Starting values (iteration 1) time: 0.017 secs.
Rows Read: 30570, Total Rows Processed: 30570, Total Chunk Time: 0.002 seconds 

Iteration 2 time: 0.014 secs.

Elapsed computation time: 0.059 secs.
Rows Read: 30570, Total Rows Processed: 30570, Total Chunk Time: Less than .001 seconds 

Starting values (iteration 1) time: 0.012 secs.
Rows Read: 30570, Total Rows Processed: 30570, Total Chunk Time: 0.002 seconds 

Iteration 2 time: 0.024 secs.
Rows Read: 30570, Total Rows Processed: 30570, Total Chunk Time: 0.002 seconds 

Iteration 3 time: 0.016 secs.
Rows Read: 30570, Total Rows Processed: 30570, Total Chunk Time: 0.002 seconds 

Iteration 4 time: 0.018 secs.
Rows Read: 30570, Total Rows Processed: 30570, Total Chunk Time: 0.003 seconds 

Iteration 5 time: 0.010 secs.
Rows Read: 30570, Total Rows Processed: 30570, Total Chunk Time: 0.002 seconds 

Iteration 6 time: 0.010 secs.

Elapsed computation time: 0.172 secs.

Elapsed computation time: 0.438 secs.
[1] "--------------------------------------------------------------------------------"
[1] "analyze.results.glm.step="
Logistic Regression Results for: RaceHorse.IsHitA ~
    DataMiningTaisen.TmScoreSdv
Data: data
Dependent variable(s): RaceHorse.IsHitA
Total independent variables: 2 
Number of valid observations: 30570
Number of missing observations: 0 
 
Coefficients:
                            RaceHorse.IsHitA
(Intercept)                               -3
DataMiningTaisen.TmScoreSdv                1
[1] "analyze.results.glm.step.summary"
Call:
rxLogit(formula = formula, data = data, variableSelection = analyze.results.glm.step.varsel)

Logistic Regression Results for: RaceHorse.IsHitA ~
    DataMiningTaisen.TmScoreSdv
Data: data
Dependent variable(s): RaceHorse.IsHitA
Total independent variables: 2 
Number of valid observations: 30570
Number of missing observations: 0 
-2*LogLikelihood: 14461.773 (Residual deviance on 30568 degrees of freedom)
 
Coefficients:
                            Estimate Std. Error z value Pr(>|z|)    
(Intercept)                  -2.9277     0.0303   -96.5  2.2e-16 ***
DataMiningTaisen.TmScoreSdv   1.0198     0.0285    35.8  2.2e-16 ***
---
Signif. codes:  0 '***' 0.001 '**' 0.01 '*' 0.05 '.' 0.1 ' ' 1

Condition number of final variance-covariance matrix: 1 
Number of iterations: 6
[1] "--------------------------------------------------------------------------------"
[1] "2022-02-18 23:21:38 --- rxGlm with rxStepControl Finish ---"
[1] "2022-02-18 23:21:38 --- rxStepPlot Start ---"
[1] "pdfFilename=pdf_analyze_glm_DataMiningTaisen_Type14_rxStepPlot.pdf"
[1] "rxStepPlot="
[1] "2022-02-18 23:21:38 --- rxStepPlot Finish ---"
[1] "2022-02-18 23:21:38 --- save.image Start ---"
[1] "save.image"
[1] "rdataFilename=RData_analyze_glm_DataMiningTaisen_Type14.RData"
[1] "2022-02-18 23:21:38 --- save.image Finish ---"
[1] "2022-02-18 23:21:38 --- final Start ---"
[1] "--------------------------------------------------------------------------------"
[1] "nrow(data) final=30570"
[1] "--------------------------------------------------------------------------------"
[1] "2022-02-18 23:21:39 --- final Finish ---"
[1] "2022-02-18 23:21:39 --- analyze_glm.R Finished ---"
[1] "2022-02-18 23:21:39 --- log Finish ---"
