[1] "2022-02-18 23:21:34 --- D1115_analyze_glm_DataMiningTaisen_IsHitA_Type21 Start ---"
[1] "2022-02-18 23:21:34 --- Log Start ---"
[1] "2022-02-18 23:21:34 --- analyze_glm.R Start ---"
[1] "analyzeVersion=D1115"
[1] "analyzeCategory=analyze"
[1] "analyzeType=DataMiningTaisen"
[1] "analyzeFamily=IsHitA"
[1] "analyzeFunc=glm"
[1] "analyzeTrackTypeCd=2"
[1] "analyzeJyokenCd=1"
[1] "2022-02-18 23:21:34 --- source_function.R Start ---"
[1] "2022-02-18 23:21:34 --- source_function.R Finished ---"

> print(paste0(Sys.time(), " --- source_library.R Start ---"))
[1] "2022-02-18 23:21:34 --- source_library.R Start ---"

> require("RevoScaleR")

> print(paste0(Sys.time(), " --- source_library.R Finished ---"))
[1] "2022-02-18 23:21:34 --- source_library.R Finished ---"
[1] "2022-02-18 23:21:34 --- RxSqlServerData Start ---"
[1] "2022-02-18 23:21:34 --- RxInSqlServer Start ---"
[1] "2022-02-18 23:21:34 --- RxInSqlServer Finish ---"
[1] "2022-02-18 23:21:34 --- rxSetComputeContext Start ---"
[1] "2022-02-18 23:21:34 --- rxSetComputeContext Finish ---"
[1] "2022-02-18 23:21:34 --- RxSqlServerData Start ---"
[1] "sqlQuery=SELECT * FROM ViewAnalyzeD1115analyze01DataMiningTaisenType21"
[1] "2022-02-18 23:21:34 --- RxSqlServerData Finish ---"
[1] "2022-02-18 23:21:34 --- rxGetVarInfo Start ---"
[1] "2022-02-18 23:21:34 --- rxGetVarInfo Finish---"
[1] "2022-02-18 23:21:34 --- rxImport Start ---"
Rows Read: 5613, Total Rows Processed: 5613, Total Chunk Time: 0.127 seconds 
[1] "2022-02-18 23:21:35 --- rxImport Finish ---"
[1] "object.size(data) auto=835.7 Kb"
[1] "--------------------------------------------------------------------------------"
[1] "nrow(data) RxSqlServerData=5613"
[1] "--------------------------------------------------------------------------------"
[1] "str(data)="
'data.frame':	5613 obs. of  29 variables:
 $ Race.RaceId                      : Factor w/ 379 levels "20161224-06-05-08-11",..: 10 5 11 12 13 14 15 16 17 18 ...
 $ Race.IsPredictedRace             : logi  TRUE TRUE TRUE TRUE TRUE TRUE ...
 $ Race.IsAnalyzeNormalPastAndFuture: logi  TRUE TRUE TRUE TRUE TRUE TRUE ...
 $ Race.IsAnalyzeNormalPast         : logi  TRUE TRUE TRUE TRUE TRUE FALSE ...
 $ Race.IsAnalyzeNormalFuture       : logi  FALSE FALSE FALSE FALSE FALSE TRUE ...
 $ Race.IsAnalyzeFullPastAndFuture  : logi  TRUE TRUE TRUE TRUE TRUE TRUE ...
 $ Race.IsAnalyzeFullPast           : logi  TRUE TRUE TRUE TRUE TRUE FALSE ...
 $ Race.IsAnalyzeFullFuture         : logi  FALSE FALSE FALSE FALSE FALSE TRUE ...
 $ Race.JyokenCd                    : Factor w/ 1 level "1": 1 1 1 1 1 1 1 1 1 1 ...
 $ Race.JyoType1Cd                  : Factor w/ 72 levels "2-06-1800-2",..: 8 4 9 10 11 12 13 14 15 1 ...
 $ Race.RaceType0Cd                 : Factor w/ 170 levels "2-06-1800-2-1-E-13",..: 10 5 11 12 13 14 15 16 17 18 ...
 $ Race.RaceType1Cd                 : Factor w/ 5 levels "2-1-E","2-1-C",..: 2 1 1 4 1 2 1 1 3 2 ...
 $ Race.RaceType2Cd                 : Factor w/ 5 levels "2-1-E","2-1-C",..: 2 1 1 4 1 2 1 1 3 2 ...
 $ Race.RaceType3Cd                 : Factor w/ 13 levels "1-E-13","1-E-14",..: 6 1 1 7 1 3 2 2 8 3 ...
 $ Race.RaceType4Cd                 : Factor w/ 4 levels "2-1-13","2-1-14",..: 1 1 1 2 1 2 2 2 2 2 ...
 $ RaceHorse.RaceId                 : Factor w/ 379 levels "20161224-06-05-08-11",..: 10 5 11 12 13 14 15 16 17 18 ...
 $ RaceHorse.KettoNum               : Factor w/ 1178 levels "2010103882","2011105005",..: 11 12 13 14 15 16 17 18 19 20 ...
 $ RaceHorse.IsHit1                 : int  0 0 0 0 1 0 0 0 0 0 ...
 $ RaceHorse.IsHit2                 : int  0 0 0 0 0 0 0 0 0 0 ...
 $ RaceHorse.IsHit3                 : int  0 0 1 0 0 0 0 0 0 0 ...
 $ RaceHorse.IsHit4                 : int  0 0 0 0 0 0 0 0 0 0 ...
 $ RaceHorse.IsHit5                 : int  0 0 0 0 0 1 0 0 0 1 ...
 $ RaceHorse.IsHit6                 : int  1 1 0 1 0 0 1 1 1 0 ...
 $ RaceHorse.IsValidRaceHorse       : logi  TRUE TRUE TRUE TRUE TRUE TRUE ...
 $ RaceHorse.IsHitA                 : int  0 0 0 0 1 0 0 0 0 0 ...
 $ RaceHorse.IsHitB                 : int  0 0 0 0 1 0 0 0 0 0 ...
 $ RaceHorse.IsHitC                 : int  0 0 1 0 1 0 0 0 0 0 ...
 $ DataMiningTaisen.TmScoreSdv      : num  0.2968 -0.3472 0.0343 -1.2592 0.9663 ...
 $ EOF                              : int  1 1 1 1 1 1 1 1 1 1 ...
[1] "2022-02-18 23:21:36 --- RxSqlServerData Finish ---"
[1] "2022-02-18 23:21:36 --- subset Start ---"
[1] "--------------------------------------------------------------------------------"
[1] "nrow(data) subset before=5613"
[1] "nrow(data) subset after =4406"
[1] "nrow(data) subset diff =1207"
[1] "--------------------------------------------------------------------------------"
[1] "2022-02-18 23:21:36 --- subset Finish---"
[1] "2022-02-18 23:21:36 --- transform Start ---"
[1] "--------------------------------------------------------------------------------"
[1] "nrow(data) transform before=4406"
[1] "nrow(data) transform after=4406"
[1] "nrow(data) transform diff=0"
[1] "--------------------------------------------------------------------------------"
[1] "str(data)="
'data.frame':	4406 obs. of  29 variables:
 $ Race.RaceId                      : Factor w/ 379 levels "20161224-06-05-08-11",..: 10 5 11 12 13 17 18 19 5 20 ...
 $ Race.IsPredictedRace             : logi  TRUE TRUE TRUE TRUE TRUE TRUE ...
 $ Race.IsAnalyzeNormalPastAndFuture: logi  TRUE TRUE TRUE TRUE TRUE TRUE ...
 $ Race.IsAnalyzeNormalPast         : logi  TRUE TRUE TRUE TRUE TRUE TRUE ...
 $ Race.IsAnalyzeNormalFuture       : logi  FALSE FALSE FALSE FALSE FALSE FALSE ...
 $ Race.IsAnalyzeFullPastAndFuture  : logi  TRUE TRUE TRUE TRUE TRUE TRUE ...
 $ Race.IsAnalyzeFullPast           : logi  TRUE TRUE TRUE TRUE TRUE TRUE ...
 $ Race.IsAnalyzeFullFuture         : logi  FALSE FALSE FALSE FALSE FALSE FALSE ...
 $ Race.JyokenCd                    : Factor w/ 1 level "1": 1 1 1 1 1 1 1 1 1 1 ...
 $ Race.JyoType1Cd                  : Factor w/ 72 levels "2-06-1800-2",..: 8 4 9 10 11 15 1 16 4 10 ...
 $ Race.RaceType0Cd                 : Factor w/ 170 levels "2-06-1800-2-1-E-13",..: 10 5 11 12 13 17 18 19 5 20 ...
 $ Race.RaceType1Cd                 : Factor w/ 5 levels "2-1-E","2-1-C",..: 2 1 1 4 1 3 2 1 1 2 ...
 $ Race.RaceType2Cd                 : Factor w/ 5 levels "2-1-E","2-1-C",..: 2 1 1 4 1 3 2 1 1 2 ...
 $ Race.RaceType3Cd                 : Factor w/ 13 levels "1-E-13","1-E-14",..: 6 1 1 7 1 8 3 1 1 6 ...
 $ Race.RaceType4Cd                 : Factor w/ 4 levels "2-1-13","2-1-14",..: 1 1 1 2 1 2 2 1 1 1 ...
 $ RaceHorse.RaceId                 : Factor w/ 379 levels "20161224-06-05-08-11",..: 10 5 11 12 13 17 18 19 5 20 ...
 $ RaceHorse.KettoNum               : Factor w/ 1178 levels "2010103882","2011105005",..: 11 12 13 14 15 19 20 21 22 23 ...
 $ RaceHorse.IsHit1                 : int  0 0 0 0 1 0 0 0 0 0 ...
 $ RaceHorse.IsHit2                 : int  0 0 0 0 0 0 0 0 0 0 ...
 $ RaceHorse.IsHit3                 : int  0 0 1 0 0 0 0 1 0 0 ...
 $ RaceHorse.IsHit4                 : int  0 0 0 0 0 0 0 0 0 0 ...
 $ RaceHorse.IsHit5                 : int  0 0 0 0 0 0 1 0 0 0 ...
 $ RaceHorse.IsHit6                 : int  1 1 0 1 0 1 0 0 1 1 ...
 $ RaceHorse.IsValidRaceHorse       : logi  TRUE TRUE TRUE TRUE TRUE TRUE ...
 $ RaceHorse.IsHitA                 : int  0 0 0 0 1 0 0 0 0 0 ...
 $ RaceHorse.IsHitB                 : int  0 0 0 0 1 0 0 0 0 0 ...
 $ RaceHorse.IsHitC                 : int  0 0 1 0 1 0 0 1 0 0 ...
 $ DataMiningTaisen.TmScoreSdv      : num  0.2968 -0.3472 0.0343 -1.2592 0.9663 ...
 $ EOF                              : int  1 1 1 1 1 1 1 1 1 1 ...
NULL
[1] "2022-02-18 23:21:36 --- transform Finish ---"
[1] "2022-02-18 23:21:36 --- na.omit Start ---"
[1] "--------------------------------------------------------------------------------"
[1] "nrow(data) na.omit before=4406"
[1] "nrow(data) na.omit after =4406"
[1] "nrow(data) na.omit diff =0"
[1] "--------------------------------------------------------------------------------"
'data.frame':	4406 obs. of  29 variables:
 $ Race.RaceId                      : Factor w/ 379 levels "20161224-06-05-08-11",..: 10 5 11 12 13 17 18 19 5 20 ...
 $ Race.IsPredictedRace             : logi  TRUE TRUE TRUE TRUE TRUE TRUE ...
 $ Race.IsAnalyzeNormalPastAndFuture: logi  TRUE TRUE TRUE TRUE TRUE TRUE ...
 $ Race.IsAnalyzeNormalPast         : logi  TRUE TRUE TRUE TRUE TRUE TRUE ...
 $ Race.IsAnalyzeNormalFuture       : logi  FALSE FALSE FALSE FALSE FALSE FALSE ...
 $ Race.IsAnalyzeFullPastAndFuture  : logi  TRUE TRUE TRUE TRUE TRUE TRUE ...
 $ Race.IsAnalyzeFullPast           : logi  TRUE TRUE TRUE TRUE TRUE TRUE ...
 $ Race.IsAnalyzeFullFuture         : logi  FALSE FALSE FALSE FALSE FALSE FALSE ...
 $ Race.JyokenCd                    : Factor w/ 1 level "1": 1 1 1 1 1 1 1 1 1 1 ...
 $ Race.JyoType1Cd                  : Factor w/ 72 levels "2-06-1800-2",..: 8 4 9 10 11 15 1 16 4 10 ...
 $ Race.RaceType0Cd                 : Factor w/ 170 levels "2-06-1800-2-1-E-13",..: 10 5 11 12 13 17 18 19 5 20 ...
 $ Race.RaceType1Cd                 : Factor w/ 5 levels "2-1-E","2-1-C",..: 2 1 1 4 1 3 2 1 1 2 ...
 $ Race.RaceType2Cd                 : Factor w/ 5 levels "2-1-E","2-1-C",..: 2 1 1 4 1 3 2 1 1 2 ...
 $ Race.RaceType3Cd                 : Factor w/ 13 levels "1-E-13","1-E-14",..: 6 1 1 7 1 8 3 1 1 6 ...
 $ Race.RaceType4Cd                 : Factor w/ 4 levels "2-1-13","2-1-14",..: 1 1 1 2 1 2 2 1 1 1 ...
 $ RaceHorse.RaceId                 : Factor w/ 379 levels "20161224-06-05-08-11",..: 10 5 11 12 13 17 18 19 5 20 ...
 $ RaceHorse.KettoNum               : Factor w/ 1178 levels "2010103882","2011105005",..: 11 12 13 14 15 19 20 21 22 23 ...
 $ RaceHorse.IsHit1                 : int  0 0 0 0 1 0 0 0 0 0 ...
 $ RaceHorse.IsHit2                 : int  0 0 0 0 0 0 0 0 0 0 ...
 $ RaceHorse.IsHit3                 : int  0 0 1 0 0 0 0 1 0 0 ...
 $ RaceHorse.IsHit4                 : int  0 0 0 0 0 0 0 0 0 0 ...
 $ RaceHorse.IsHit5                 : int  0 0 0 0 0 0 1 0 0 0 ...
 $ RaceHorse.IsHit6                 : int  1 1 0 1 0 1 0 0 1 1 ...
 $ RaceHorse.IsValidRaceHorse       : logi  TRUE TRUE TRUE TRUE TRUE TRUE ...
 $ RaceHorse.IsHitA                 : int  0 0 0 0 1 0 0 0 0 0 ...
 $ RaceHorse.IsHitB                 : int  0 0 0 0 1 0 0 0 0 0 ...
 $ RaceHorse.IsHitC                 : int  0 0 1 0 1 0 0 1 0 0 ...
 $ DataMiningTaisen.TmScoreSdv      : num  0.2968 -0.3472 0.0343 -1.2592 0.9663 ...
 $ EOF                              : int  1 1 1 1 1 1 1 1 1 1 ...
[1] "2022-02-18 23:21:37 --- na.omit Finish ---"
[1] "2022-02-18 23:21:37 --- rxGlm with rxStepControl Start ---"

> print(paste0(Sys.time(), " --- source_logic_glm.R Start ---"))
[1] "2022-02-18 23:21:37 --- source_logic_glm.R Start ---"

> formula <- formula(RaceHorse.IsHitA ~ +1 + DataMiningTaisen.TmScoreSdv)

> print(paste0(Sys.time(), " --- source_logic_glm.R Finished ---"))
[1] "2022-02-18 23:21:37 --- source_logic_glm.R Finished ---"
Rows Read: 4406, Total Rows Processed: 4406, Total Chunk Time: Less than .001 seconds 

Starting values (iteration 1) time: 0.006 secs.
Rows Read: 4406, Total Rows Processed: 4406, Total Chunk Time: Less than .001 seconds 

Iteration 2 time: 0.006 secs.
Rows Read: 4406, Total Rows Processed: 4406, Total Chunk Time: 0.001 seconds 

Iteration 3 time: 0.007 secs.
Rows Read: 4406, Total Rows Processed: 4406, Total Chunk Time: 0.002 seconds 

Iteration 4 time: 0.010 secs.
Rows Read: 4406, Total Rows Processed: 4406, Total Chunk Time: Less than .001 seconds 

Iteration 5 time: 0.009 secs.

Elapsed computation time: 0.073 secs.
Rows Read: 4406, Total Rows Processed: 4406, Total Chunk Time: Less than .001 seconds 

Starting values (iteration 1) time: 0.003 secs.
Rows Read: 4406, Total Rows Processed: 4406, Total Chunk Time: 0.001 seconds 

Iteration 2 time: 0.007 secs.

Elapsed computation time: 0.026 secs.
Rows Read: 4406, Total Rows Processed: 4406, Total Chunk Time: Less than .001 seconds 

Starting values (iteration 1) time: 0.005 secs.
Rows Read: 4406, Total Rows Processed: 4406, Total Chunk Time: Less than .001 seconds 

Iteration 2 time: 0.008 secs.
Rows Read: 4406, Total Rows Processed: 4406, Total Chunk Time: Less than .001 seconds 

Iteration 3 time: 0.004 secs.
Rows Read: 4406, Total Rows Processed: 4406, Total Chunk Time: 0.001 seconds 

Iteration 4 time: 0.005 secs.
Rows Read: 4406, Total Rows Processed: 4406, Total Chunk Time: Less than .001 seconds 

Iteration 5 time: 0.011 secs.

Elapsed computation time: 0.073 secs.

Elapsed computation time: 0.192 secs.
[1] "--------------------------------------------------------------------------------"
[1] "analyze.results.glm.step="
Logistic Regression Results for: RaceHorse.IsHitA ~
    DataMiningTaisen.TmScoreSdv
Data: data
Dependent variable(s): RaceHorse.IsHitA
Total independent variables: 2 
Number of valid observations: 4406
Number of missing observations: 0 
 
Coefficients:
                            RaceHorse.IsHitA
(Intercept)                             -2.9
DataMiningTaisen.TmScoreSdv              0.8
[1] "analyze.results.glm.step.summary"
Call:
rxLogit(formula = formula, data = data, variableSelection = analyze.results.glm.step.varsel)

Logistic Regression Results for: RaceHorse.IsHitA ~
    DataMiningTaisen.TmScoreSdv
Data: data
Dependent variable(s): RaceHorse.IsHitA
Total independent variables: 2 
Number of valid observations: 4406
Number of missing observations: 0 
-2*LogLikelihood: 2020.238 (Residual deviance on 4404 degrees of freedom)
 
Coefficients:
                            Estimate Std. Error z value Pr(>|z|)    
(Intercept)                  -2.8882     0.0741   -39.0  2.2e-16 ***
DataMiningTaisen.TmScoreSdv   0.8035     0.0629    12.8  2.2e-16 ***
---
Signif. codes:  0 '***' 0.001 '**' 0.01 '*' 0.05 '.' 0.1 ' ' 1

Condition number of final variance-covariance matrix: 1 
Number of iterations: 5
[1] "--------------------------------------------------------------------------------"
[1] "2022-02-18 23:21:37 --- rxGlm with rxStepControl Finish ---"
[1] "2022-02-18 23:21:37 --- rxStepPlot Start ---"
[1] "pdfFilename=pdf_analyze_glm_DataMiningTaisen_Type21_rxStepPlot.pdf"
[1] "rxStepPlot="
[1] "2022-02-18 23:21:37 --- rxStepPlot Finish ---"
[1] "2022-02-18 23:21:37 --- save.image Start ---"
[1] "save.image"
[1] "rdataFilename=RData_analyze_glm_DataMiningTaisen_Type21.RData"
[1] "2022-02-18 23:21:37 --- save.image Finish ---"
[1] "2022-02-18 23:21:37 --- final Start ---"
[1] "--------------------------------------------------------------------------------"
[1] "nrow(data) final=4406"
[1] "--------------------------------------------------------------------------------"
[1] "2022-02-18 23:21:37 --- final Finish ---"
[1] "2022-02-18 23:21:37 --- analyze_glm.R Finished ---"
[1] "2022-02-18 23:21:37 --- log Finish ---"
