[1] "2022-02-18 23:21:33 --- D1115_analyze_glm_DataMiningTaisen_IsHitA_Type12 Start ---"
[1] "2022-02-18 23:21:33 --- Log Start ---"
[1] "2022-02-18 23:21:33 --- analyze_glm.R Start ---"
[1] "analyzeVersion=D1115"
[1] "analyzeCategory=analyze"
[1] "analyzeType=DataMiningTaisen"
[1] "analyzeFamily=IsHitA"
[1] "analyzeFunc=glm"
[1] "analyzeTrackTypeCd=1"
[1] "analyzeJyokenCd=2"
[1] "2022-02-18 23:21:34 --- source_function.R Start ---"
[1] "2022-02-18 23:21:34 --- source_function.R Finished ---"

> print(paste0(Sys.time(), " --- source_library.R Start ---"))
[1] "2022-02-18 23:21:34 --- source_library.R Start ---"

> require("RevoScaleR")

> print(paste0(Sys.time(), " --- source_library.R Finished ---"))
[1] "2022-02-18 23:21:34 --- source_library.R Finished ---"
[1] "2022-02-18 23:21:34 --- RxSqlServerData Start ---"
[1] "2022-02-18 23:21:34 --- RxInSqlServer Start ---"
[1] "2022-02-18 23:21:34 --- RxInSqlServer Finish ---"
[1] "2022-02-18 23:21:34 --- rxSetComputeContext Start ---"
[1] "2022-02-18 23:21:34 --- rxSetComputeContext Finish ---"
[1] "2022-02-18 23:21:34 --- RxSqlServerData Start ---"
[1] "sqlQuery=SELECT * FROM ViewAnalyzeD1115analyze01DataMiningTaisenType12"
[1] "2022-02-18 23:21:34 --- RxSqlServerData Finish ---"
[1] "2022-02-18 23:21:34 --- rxGetVarInfo Start ---"
[1] "2022-02-18 23:21:34 --- rxGetVarInfo Finish---"
[1] "2022-02-18 23:21:34 --- rxImport Start ---"
Rows Read: 8601, Total Rows Processed: 8601, Total Chunk Time: 0.242 seconds 
[1] "2022-02-18 23:21:35 --- rxImport Finish ---"
[1] "object.size(data) auto=1.2 Mb"
[1] "--------------------------------------------------------------------------------"
[1] "nrow(data) RxSqlServerData=8601"
[1] "--------------------------------------------------------------------------------"
[1] "str(data)="
'data.frame':	8601 obs. of  29 variables:
 $ Race.RaceId                      : Factor w/ 660 levels "20160109-06-01-02-10",..: 1 1 1 1 1 1 1 1 1 1 ...
 $ Race.IsPredictedRace             : logi  TRUE TRUE TRUE TRUE TRUE TRUE ...
 $ Race.IsAnalyzeNormalPastAndFuture: logi  TRUE TRUE TRUE TRUE TRUE TRUE ...
 $ Race.IsAnalyzeNormalPast         : logi  TRUE TRUE TRUE TRUE TRUE TRUE ...
 $ Race.IsAnalyzeNormalFuture       : logi  FALSE FALSE FALSE FALSE FALSE FALSE ...
 $ Race.IsAnalyzeFullPastAndFuture  : logi  TRUE TRUE TRUE TRUE TRUE TRUE ...
 $ Race.IsAnalyzeFullPast           : logi  TRUE TRUE TRUE TRUE TRUE TRUE ...
 $ Race.IsAnalyzeFullFuture         : logi  FALSE FALSE FALSE FALSE FALSE FALSE ...
 $ Race.JyokenCd                    : Factor w/ 1 level "2": 1 1 1 1 1 1 1 1 1 1 ...
 $ Race.JyoType1Cd                  : Factor w/ 122 levels "1-06-2200-1",..: 1 1 1 1 1 1 1 1 1 1 ...
 $ Race.RaceType0Cd                 : Factor w/ 178 levels "1-06-2200-1-2-E-14",..: 1 1 1 1 1 1 1 1 1 1 ...
 $ Race.RaceType1Cd                 : Factor w/ 1 level "1-2-E": 1 1 1 1 1 1 1 1 1 1 ...
 $ Race.RaceType2Cd                 : Factor w/ 1 level "1-2-E": 1 1 1 1 1 1 1 1 1 1 ...
 $ Race.RaceType3Cd                 : Factor w/ 2 levels "2-E-14","2-E-13": 1 1 1 1 1 1 1 1 1 1 ...
 $ Race.RaceType4Cd                 : Factor w/ 2 levels "1-2-14","1-2-13": 1 1 1 1 1 1 1 1 1 1 ...
 $ RaceHorse.RaceId                 : Factor w/ 660 levels "20160109-06-01-02-10",..: 1 1 1 1 1 1 1 1 1 1 ...
 $ RaceHorse.KettoNum               : Factor w/ 1759 levels "2008102799","2012100724",..: 1 2 3 4 5 6 7 8 9 10 ...
 $ RaceHorse.IsHit1                 : int  0 0 0 0 0 0 0 0 0 0 ...
 $ RaceHorse.IsHit2                 : int  0 0 0 0 0 0 0 0 0 0 ...
 $ RaceHorse.IsHit3                 : int  0 0 0 0 0 0 0 1 0 0 ...
 $ RaceHorse.IsHit4                 : int  0 0 0 1 0 0 0 0 0 0 ...
 $ RaceHorse.IsHit5                 : int  1 0 0 0 0 0 0 0 0 0 ...
 $ RaceHorse.IsHit6                 : int  0 1 1 0 1 1 1 0 1 1 ...
 $ RaceHorse.IsValidRaceHorse       : logi  TRUE TRUE TRUE TRUE TRUE TRUE ...
 $ RaceHorse.IsHitA                 : int  0 0 0 0 0 0 0 0 0 0 ...
 $ RaceHorse.IsHitB                 : int  0 0 0 0 0 0 0 0 0 0 ...
 $ RaceHorse.IsHitC                 : int  0 0 0 0 0 0 0 1 0 0 ...
 $ DataMiningTaisen.TmScoreSdv      : num  -1.351 -2.12 0.365 1.773 -0.48 ...
 $ EOF                              : int  1 1 1 1 1 1 1 1 1 1 ...
[1] "2022-02-18 23:21:36 --- RxSqlServerData Finish ---"
[1] "2022-02-18 23:21:36 --- subset Start ---"
[1] "--------------------------------------------------------------------------------"
[1] "nrow(data) subset before=8601"
[1] "nrow(data) subset after =6809"
[1] "nrow(data) subset diff =1792"
[1] "--------------------------------------------------------------------------------"
[1] "2022-02-18 23:21:36 --- subset Finish---"
[1] "2022-02-18 23:21:36 --- transform Start ---"
[1] "--------------------------------------------------------------------------------"
[1] "nrow(data) transform before=6809"
[1] "nrow(data) transform after=6809"
[1] "nrow(data) transform diff=0"
[1] "--------------------------------------------------------------------------------"
[1] "str(data)="
'data.frame':	6809 obs. of  29 variables:
 $ Race.RaceId                      : Factor w/ 660 levels "20160109-06-01-02-10",..: 1 1 1 1 1 1 1 1 1 1 ...
 $ Race.IsPredictedRace             : logi  TRUE TRUE TRUE TRUE TRUE TRUE ...
 $ Race.IsAnalyzeNormalPastAndFuture: logi  TRUE TRUE TRUE TRUE TRUE TRUE ...
 $ Race.IsAnalyzeNormalPast         : logi  TRUE TRUE TRUE TRUE TRUE TRUE ...
 $ Race.IsAnalyzeNormalFuture       : logi  FALSE FALSE FALSE FALSE FALSE FALSE ...
 $ Race.IsAnalyzeFullPastAndFuture  : logi  TRUE TRUE TRUE TRUE TRUE TRUE ...
 $ Race.IsAnalyzeFullPast           : logi  TRUE TRUE TRUE TRUE TRUE TRUE ...
 $ Race.IsAnalyzeFullFuture         : logi  FALSE FALSE FALSE FALSE FALSE FALSE ...
 $ Race.JyokenCd                    : Factor w/ 1 level "2": 1 1 1 1 1 1 1 1 1 1 ...
 $ Race.JyoType1Cd                  : Factor w/ 122 levels "1-06-2200-1",..: 1 1 1 1 1 1 1 1 1 1 ...
 $ Race.RaceType0Cd                 : Factor w/ 178 levels "1-06-2200-1-2-E-14",..: 1 1 1 1 1 1 1 1 1 1 ...
 $ Race.RaceType1Cd                 : Factor w/ 1 level "1-2-E": 1 1 1 1 1 1 1 1 1 1 ...
 $ Race.RaceType2Cd                 : Factor w/ 1 level "1-2-E": 1 1 1 1 1 1 1 1 1 1 ...
 $ Race.RaceType3Cd                 : Factor w/ 2 levels "2-E-14","2-E-13": 1 1 1 1 1 1 1 1 1 1 ...
 $ Race.RaceType4Cd                 : Factor w/ 2 levels "1-2-14","1-2-13": 1 1 1 1 1 1 1 1 1 1 ...
 $ RaceHorse.RaceId                 : Factor w/ 660 levels "20160109-06-01-02-10",..: 1 1 1 1 1 1 1 1 1 1 ...
 $ RaceHorse.KettoNum               : Factor w/ 1759 levels "2008102799","2012100724",..: 1 2 3 4 5 6 7 8 9 10 ...
 $ RaceHorse.IsHit1                 : int  0 0 0 0 0 0 0 0 0 0 ...
 $ RaceHorse.IsHit2                 : int  0 0 0 0 0 0 0 0 0 0 ...
 $ RaceHorse.IsHit3                 : int  0 0 0 0 0 0 0 1 0 0 ...
 $ RaceHorse.IsHit4                 : int  0 0 0 1 0 0 0 0 0 0 ...
 $ RaceHorse.IsHit5                 : int  1 0 0 0 0 0 0 0 0 0 ...
 $ RaceHorse.IsHit6                 : int  0 1 1 0 1 1 1 0 1 1 ...
 $ RaceHorse.IsValidRaceHorse       : logi  TRUE TRUE TRUE TRUE TRUE TRUE ...
 $ RaceHorse.IsHitA                 : int  0 0 0 0 0 0 0 0 0 0 ...
 $ RaceHorse.IsHitB                 : int  0 0 0 0 0 0 0 0 0 0 ...
 $ RaceHorse.IsHitC                 : int  0 0 0 0 0 0 0 1 0 0 ...
 $ DataMiningTaisen.TmScoreSdv      : num  -1.351 -2.12 0.365 1.773 -0.48 ...
 $ EOF                              : int  1 1 1 1 1 1 1 1 1 1 ...
NULL
[1] "2022-02-18 23:21:36 --- transform Finish ---"
[1] "2022-02-18 23:21:36 --- na.omit Start ---"
[1] "--------------------------------------------------------------------------------"
[1] "nrow(data) na.omit before=6809"
[1] "nrow(data) na.omit after =6809"
[1] "nrow(data) na.omit diff =0"
[1] "--------------------------------------------------------------------------------"
'data.frame':	6809 obs. of  29 variables:
 $ Race.RaceId                      : Factor w/ 660 levels "20160109-06-01-02-10",..: 1 1 1 1 1 1 1 1 1 1 ...
 $ Race.IsPredictedRace             : logi  TRUE TRUE TRUE TRUE TRUE TRUE ...
 $ Race.IsAnalyzeNormalPastAndFuture: logi  TRUE TRUE TRUE TRUE TRUE TRUE ...
 $ Race.IsAnalyzeNormalPast         : logi  TRUE TRUE TRUE TRUE TRUE TRUE ...
 $ Race.IsAnalyzeNormalFuture       : logi  FALSE FALSE FALSE FALSE FALSE FALSE ...
 $ Race.IsAnalyzeFullPastAndFuture  : logi  TRUE TRUE TRUE TRUE TRUE TRUE ...
 $ Race.IsAnalyzeFullPast           : logi  TRUE TRUE TRUE TRUE TRUE TRUE ...
 $ Race.IsAnalyzeFullFuture         : logi  FALSE FALSE FALSE FALSE FALSE FALSE ...
 $ Race.JyokenCd                    : Factor w/ 1 level "2": 1 1 1 1 1 1 1 1 1 1 ...
 $ Race.JyoType1Cd                  : Factor w/ 122 levels "1-06-2200-1",..: 1 1 1 1 1 1 1 1 1 1 ...
 $ Race.RaceType0Cd                 : Factor w/ 178 levels "1-06-2200-1-2-E-14",..: 1 1 1 1 1 1 1 1 1 1 ...
 $ Race.RaceType1Cd                 : Factor w/ 1 level "1-2-E": 1 1 1 1 1 1 1 1 1 1 ...
 $ Race.RaceType2Cd                 : Factor w/ 1 level "1-2-E": 1 1 1 1 1 1 1 1 1 1 ...
 $ Race.RaceType3Cd                 : Factor w/ 2 levels "2-E-14","2-E-13": 1 1 1 1 1 1 1 1 1 1 ...
 $ Race.RaceType4Cd                 : Factor w/ 2 levels "1-2-14","1-2-13": 1 1 1 1 1 1 1 1 1 1 ...
 $ RaceHorse.RaceId                 : Factor w/ 660 levels "20160109-06-01-02-10",..: 1 1 1 1 1 1 1 1 1 1 ...
 $ RaceHorse.KettoNum               : Factor w/ 1759 levels "2008102799","2012100724",..: 1 2 3 4 5 6 7 8 9 10 ...
 $ RaceHorse.IsHit1                 : int  0 0 0 0 0 0 0 0 0 0 ...
 $ RaceHorse.IsHit2                 : int  0 0 0 0 0 0 0 0 0 0 ...
 $ RaceHorse.IsHit3                 : int  0 0 0 0 0 0 0 1 0 0 ...
 $ RaceHorse.IsHit4                 : int  0 0 0 1 0 0 0 0 0 0 ...
 $ RaceHorse.IsHit5                 : int  1 0 0 0 0 0 0 0 0 0 ...
 $ RaceHorse.IsHit6                 : int  0 1 1 0 1 1 1 0 1 1 ...
 $ RaceHorse.IsValidRaceHorse       : logi  TRUE TRUE TRUE TRUE TRUE TRUE ...
 $ RaceHorse.IsHitA                 : int  0 0 0 0 0 0 0 0 0 0 ...
 $ RaceHorse.IsHitB                 : int  0 0 0 0 0 0 0 0 0 0 ...
 $ RaceHorse.IsHitC                 : int  0 0 0 0 0 0 0 1 0 0 ...
 $ DataMiningTaisen.TmScoreSdv      : num  -1.351 -2.12 0.365 1.773 -0.48 ...
 $ EOF                              : int  1 1 1 1 1 1 1 1 1 1 ...
[1] "2022-02-18 23:21:36 --- na.omit Finish ---"
[1] "2022-02-18 23:21:36 --- rxGlm with rxStepControl Start ---"

> print(paste0(Sys.time(), " --- source_logic_glm.R Start ---"))
[1] "2022-02-18 23:21:36 --- source_logic_glm.R Start ---"

> formula <- formula(RaceHorse.IsHitA ~ +1 + DataMiningTaisen.TmScoreSdv)

> print(paste0(Sys.time(), " --- source_logic_glm.R Finished ---"))
[1] "2022-02-18 23:21:36 --- source_logic_glm.R Finished ---"
Rows Read: 6809, Total Rows Processed: 6809, Total Chunk Time: Less than .001 seconds 

Starting values (iteration 1) time: 0.009 secs.
Rows Read: 6809, Total Rows Processed: 6809, Total Chunk Time: 0.002 seconds 

Iteration 2 time: 0.012 secs.
Rows Read: 6809, Total Rows Processed: 6809, Total Chunk Time: Less than .001 seconds 

Iteration 3 time: 0.007 secs.
Rows Read: 6809, Total Rows Processed: 6809, Total Chunk Time: 0.002 seconds 

Iteration 4 time: 0.007 secs.
Rows Read: 6809, Total Rows Processed: 6809, Total Chunk Time: 0.002 seconds 

Iteration 5 time: 0.007 secs.

Elapsed computation time: 0.069 secs.
Rows Read: 6809, Total Rows Processed: 6809, Total Chunk Time: Less than .001 seconds 

Starting values (iteration 1) time: 0.004 secs.
Rows Read: 6809, Total Rows Processed: 6809, Total Chunk Time: 0.001 seconds 

Iteration 2 time: 0.006 secs.

Elapsed computation time: 0.022 secs.
Rows Read: 6809, Total Rows Processed: 6809, Total Chunk Time: Less than .001 seconds 

Starting values (iteration 1) time: 0.005 secs.
Rows Read: 6809, Total Rows Processed: 6809, Total Chunk Time: 0.002 seconds 

Iteration 2 time: 0.009 secs.
Rows Read: 6809, Total Rows Processed: 6809, Total Chunk Time: 0.002 seconds 

Iteration 3 time: 0.007 secs.
Rows Read: 6809, Total Rows Processed: 6809, Total Chunk Time: 0.001 seconds 

Iteration 4 time: 0.012 secs.
Rows Read: 6809, Total Rows Processed: 6809, Total Chunk Time: 0.001 seconds 

Iteration 5 time: 0.006 secs.

Elapsed computation time: 0.064 secs.

Elapsed computation time: 0.181 secs.
[1] "--------------------------------------------------------------------------------"
[1] "analyze.results.glm.step="
Logistic Regression Results for: RaceHorse.IsHitA ~
    DataMiningTaisen.TmScoreSdv
Data: data
Dependent variable(s): RaceHorse.IsHitA
Total independent variables: 2 
Number of valid observations: 6809
Number of missing observations: 0 
 
Coefficients:
                            RaceHorse.IsHitA
(Intercept)                             -2.8
DataMiningTaisen.TmScoreSdv              0.9
[1] "analyze.results.glm.step.summary"
Call:
rxLogit(formula = formula, data = data, variableSelection = analyze.results.glm.step.varsel)

Logistic Regression Results for: RaceHorse.IsHitA ~
    DataMiningTaisen.TmScoreSdv
Data: data
Dependent variable(s): RaceHorse.IsHitA
Total independent variables: 2 
Number of valid observations: 6809
Number of missing observations: 0 
-2*LogLikelihood: 3446.284 (Residual deviance on 6807 degrees of freedom)
 
Coefficients:
                            Estimate Std. Error z value Pr(>|z|)    
(Intercept)                  -2.7513     0.0577   -47.7  2.2e-16 ***
DataMiningTaisen.TmScoreSdv   0.8505     0.0569    15.0  2.2e-16 ***
---
Signif. codes:  0 '***' 0.001 '**' 0.01 '*' 0.05 '.' 0.1 ' ' 1

Condition number of final variance-covariance matrix: 1 
Number of iterations: 5
[1] "--------------------------------------------------------------------------------"
[1] "2022-02-18 23:21:37 --- rxGlm with rxStepControl Finish ---"
[1] "2022-02-18 23:21:37 --- rxStepPlot Start ---"
[1] "pdfFilename=pdf_analyze_glm_DataMiningTaisen_Type12_rxStepPlot.pdf"
[1] "rxStepPlot="
[1] "2022-02-18 23:21:37 --- rxStepPlot Finish ---"
[1] "2022-02-18 23:21:37 --- save.image Start ---"
[1] "save.image"
[1] "rdataFilename=RData_analyze_glm_DataMiningTaisen_Type12.RData"
[1] "2022-02-18 23:21:37 --- save.image Finish ---"
[1] "2022-02-18 23:21:37 --- final Start ---"
[1] "--------------------------------------------------------------------------------"
[1] "nrow(data) final=6809"
[1] "--------------------------------------------------------------------------------"
[1] "2022-02-18 23:21:37 --- final Finish ---"
[1] "2022-02-18 23:21:37 --- analyze_glm.R Finished ---"
[1] "2022-02-18 23:21:37 --- log Finish ---"
