[1] "2022-02-18 01:43:10 --- D1115_analyze_glm_Odds_IsHitA_Type15 Start ---"
[1] "2022-02-18 01:43:10 --- Log Start ---"
[1] "2022-02-18 01:43:10 --- analyze_glm.R Start ---"
[1] "analyzeVersion=D1115"
[1] "analyzeCategory=analyze"
[1] "analyzeType=Odds"
[1] "analyzeFamily=IsHitA"
[1] "analyzeFunc=glm"
[1] "analyzeTrackTypeCd=1"
[1] "analyzeJyokenCd=5"
[1] "2022-02-18 01:43:10 --- source_function.R Start ---"
[1] "2022-02-18 01:43:10 --- source_function.R Finished ---"

> print(paste0(Sys.time(), " --- source_library.R Start ---"))
[1] "2022-02-18 01:43:10 --- source_library.R Start ---"

> require("RevoScaleR")

> print(paste0(Sys.time(), " --- source_library.R Finished ---"))
[1] "2022-02-18 01:43:13 --- source_library.R Finished ---"
[1] "2022-02-18 01:43:13 --- RxSqlServerData Start ---"
[1] "2022-02-18 01:43:13 --- RxInSqlServer Start ---"
[1] "2022-02-18 01:43:13 --- RxInSqlServer Finish ---"
[1] "2022-02-18 01:43:13 --- rxSetComputeContext Start ---"
[1] "2022-02-18 01:43:13 --- rxSetComputeContext Finish ---"
[1] "2022-02-18 01:43:13 --- RxSqlServerData Start ---"
[1] "sqlQuery=SELECT * FROM ViewAnalyzeD1115analyze01OddsType15"
[1] "2022-02-18 01:43:14 --- RxSqlServerData Finish ---"
[1] "2022-02-18 01:43:14 --- rxGetVarInfo Start ---"
[1] "2022-02-18 01:43:14 --- rxGetVarInfo Finish---"
[1] "2022-02-18 01:43:14 --- rxImport Start ---"
Rows Read: 45041, Total Rows Processed: 45041, Total Chunk Time: 1.448 seconds 
[1] "2022-02-18 01:43:17 --- rxImport Finish ---"
[1] "object.size(data) auto=8.9 Mb"
[1] "--------------------------------------------------------------------------------"
[1] "nrow(data) RxSqlServerData=45041"
[1] "--------------------------------------------------------------------------------"
[1] "str(data)="
'data.frame':	45041 obs. of  35 variables:
 $ Race.RaceId                      : Factor w/ 3002 levels "20160116-07-01-01-07",..: 1 1 1 1 1 1 1 1 1 1 ...
 $ Race.IsPredictedRace             : logi  TRUE TRUE TRUE TRUE TRUE TRUE ...
 $ Race.IsAnalyzeNormalPastAndFuture: logi  TRUE TRUE TRUE TRUE TRUE TRUE ...
 $ Race.IsAnalyzeNormalPast         : logi  TRUE TRUE TRUE TRUE TRUE TRUE ...
 $ Race.IsAnalyzeNormalFuture       : logi  FALSE FALSE FALSE FALSE FALSE FALSE ...
 $ Race.IsAnalyzeFullPastAndFuture  : logi  TRUE TRUE TRUE TRUE TRUE TRUE ...
 $ Race.IsAnalyzeFullPast           : logi  TRUE TRUE TRUE TRUE TRUE TRUE ...
 $ Race.IsAnalyzeFullFuture         : logi  FALSE FALSE FALSE FALSE FALSE FALSE ...
 $ Race.JyokenCd                    : Factor w/ 1 level "5": 1 1 1 1 1 1 1 1 1 1 ...
 $ Race.JyoType1Cd                  : Factor w/ 182 levels "1-07-1600-1",..: 1 1 1 1 1 1 1 1 1 1 ...
 $ Race.RaceType0Cd                 : Factor w/ 290 levels "1-07-1600-1-5-X-12",..: 1 1 1 1 1 1 1 1 1 1 ...
 $ Race.RaceType1Cd                 : Factor w/ 1 level "1-5-X": 1 1 1 1 1 1 1 1 1 1 ...
 $ Race.RaceType2Cd                 : Factor w/ 1 level "1-5-X": 1 1 1 1 1 1 1 1 1 1 ...
 $ Race.RaceType3Cd                 : Factor w/ 2 levels "5-X-12","5-X-11": 1 1 1 1 1 1 1 1 1 1 ...
 $ Race.RaceType4Cd                 : Factor w/ 2 levels "1-5-12","1-5-11": 1 1 1 1 1 1 1 1 1 1 ...
 $ RaceHorse.RaceId                 : Factor w/ 3002 levels "20160116-07-01-01-07",..: 1 1 1 1 1 1 1 1 1 1 ...
 $ RaceHorse.KettoNum               : Factor w/ 16847 levels "2013105904","2013106073",..: 1 2 3 4 5 6 7 8 9 10 ...
 $ RaceHorse.IsHit1                 : int  0 0 0 0 0 0 0 0 0 0 ...
 $ RaceHorse.IsHit2                 : int  0 0 1 0 0 0 0 0 0 0 ...
 $ RaceHorse.IsHit3                 : int  0 0 0 0 1 0 0 0 0 0 ...
 $ RaceHorse.IsHit4                 : int  0 0 0 0 0 0 0 0 1 0 ...
 $ RaceHorse.IsHit5                 : int  0 0 0 0 0 0 0 1 0 0 ...
 $ RaceHorse.IsHit6                 : int  1 1 0 1 0 1 1 0 0 1 ...
 $ RaceHorse.IsValidRaceHorse       : logi  TRUE TRUE TRUE TRUE TRUE TRUE ...
 $ RaceHorse.IsHitA                 : int  0 0 0 0 0 0 0 0 0 0 ...
 $ RaceHorse.IsHitB                 : int  0 0 1 0 0 0 0 0 0 0 ...
 $ RaceHorse.IsHitC                 : int  0 0 1 0 1 0 0 0 0 0 ...
 $ OddsByWin.Odds1                  : num  8.5 263.9 12.1 184.3 5.7 ...
 $ OddsByWin.Ninki                  : num  3 14 4 13 2 12 11 6 7 8 ...
 $ OddsByWin.OddsLog1               : num  2.25 5.58 2.57 5.22 1.9 ...
 $ OddsByWin.OddsRatio1             : num  0.13333 0.0038 0.09009 0.00546 0.21277 ...
 $ OddsByWin.OddsLogit1             : num  -2.14 -5.58 -2.49 -5.22 -1.74 ...
 $ OddsByWin.ApprovalRate1          : num  0.11765 0.00379 0.08264 0.00543 0.17544 ...
 $ OddsByWin.ApprovalRateLog1       : num  0.11123 0.00378 0.07941 0.00541 0.16164 ...
 $ EOF                              : int  1 1 1 1 1 1 1 1 1 1 ...
[1] "2022-02-18 01:43:18 --- RxSqlServerData Finish ---"
[1] "2022-02-18 01:43:18 --- subset Start ---"
[1] "--------------------------------------------------------------------------------"
[1] "nrow(data) subset before=45041"
[1] "nrow(data) subset after =37190"
[1] "nrow(data) subset diff =7851"
[1] "--------------------------------------------------------------------------------"
[1] "2022-02-18 01:43:18 --- subset Finish---"
[1] "2022-02-18 01:43:18 --- transform Start ---"
[1] "--------------------------------------------------------------------------------"
[1] "nrow(data) transform before=37190"
[1] "nrow(data) transform after=37190"
[1] "nrow(data) transform diff=0"
[1] "--------------------------------------------------------------------------------"
[1] "str(data)="
'data.frame':	37190 obs. of  35 variables:
 $ Race.RaceId                      : Factor w/ 3002 levels "20160116-07-01-01-07",..: 1 1 1 1 1 1 1 1 1 1 ...
 $ Race.IsPredictedRace             : logi  TRUE TRUE TRUE TRUE TRUE TRUE ...
 $ Race.IsAnalyzeNormalPastAndFuture: logi  TRUE TRUE TRUE TRUE TRUE TRUE ...
 $ Race.IsAnalyzeNormalPast         : logi  TRUE TRUE TRUE TRUE TRUE TRUE ...
 $ Race.IsAnalyzeNormalFuture       : logi  FALSE FALSE FALSE FALSE FALSE FALSE ...
 $ Race.IsAnalyzeFullPastAndFuture  : logi  TRUE TRUE TRUE TRUE TRUE TRUE ...
 $ Race.IsAnalyzeFullPast           : logi  TRUE TRUE TRUE TRUE TRUE TRUE ...
 $ Race.IsAnalyzeFullFuture         : logi  FALSE FALSE FALSE FALSE FALSE FALSE ...
 $ Race.JyokenCd                    : Factor w/ 1 level "5": 1 1 1 1 1 1 1 1 1 1 ...
 $ Race.JyoType1Cd                  : Factor w/ 182 levels "1-07-1600-1",..: 1 1 1 1 1 1 1 1 1 1 ...
 $ Race.RaceType0Cd                 : Factor w/ 290 levels "1-07-1600-1-5-X-12",..: 1 1 1 1 1 1 1 1 1 1 ...
 $ Race.RaceType1Cd                 : Factor w/ 1 level "1-5-X": 1 1 1 1 1 1 1 1 1 1 ...
 $ Race.RaceType2Cd                 : Factor w/ 1 level "1-5-X": 1 1 1 1 1 1 1 1 1 1 ...
 $ Race.RaceType3Cd                 : Factor w/ 2 levels "5-X-12","5-X-11": 1 1 1 1 1 1 1 1 1 1 ...
 $ Race.RaceType4Cd                 : Factor w/ 2 levels "1-5-12","1-5-11": 1 1 1 1 1 1 1 1 1 1 ...
 $ RaceHorse.RaceId                 : Factor w/ 3002 levels "20160116-07-01-01-07",..: 1 1 1 1 1 1 1 1 1 1 ...
 $ RaceHorse.KettoNum               : Factor w/ 16847 levels "2013105904","2013106073",..: 1 2 3 4 5 6 7 8 9 10 ...
 $ RaceHorse.IsHit1                 : int  0 0 0 0 0 0 0 0 0 0 ...
 $ RaceHorse.IsHit2                 : int  0 0 1 0 0 0 0 0 0 0 ...
 $ RaceHorse.IsHit3                 : int  0 0 0 0 1 0 0 0 0 0 ...
 $ RaceHorse.IsHit4                 : int  0 0 0 0 0 0 0 0 1 0 ...
 $ RaceHorse.IsHit5                 : int  0 0 0 0 0 0 0 1 0 0 ...
 $ RaceHorse.IsHit6                 : int  1 1 0 1 0 1 1 0 0 1 ...
 $ RaceHorse.IsValidRaceHorse       : logi  TRUE TRUE TRUE TRUE TRUE TRUE ...
 $ RaceHorse.IsHitA                 : int  0 0 0 0 0 0 0 0 0 0 ...
 $ RaceHorse.IsHitB                 : int  0 0 1 0 0 0 0 0 0 0 ...
 $ RaceHorse.IsHitC                 : int  0 0 1 0 1 0 0 0 0 0 ...
 $ OddsByWin.Odds1                  : num  8.5 263.9 12.1 184.3 5.7 ...
 $ OddsByWin.Ninki                  : num  3 14 4 13 2 12 11 6 7 8 ...
 $ OddsByWin.OddsLog1               : num  2.25 5.58 2.57 5.22 1.9 ...
 $ OddsByWin.OddsRatio1             : num  0.13333 0.0038 0.09009 0.00546 0.21277 ...
 $ OddsByWin.OddsLogit1             : num  -2.14 -5.58 -2.49 -5.22 -1.74 ...
 $ OddsByWin.ApprovalRate1          : num  0.11765 0.00379 0.08264 0.00543 0.17544 ...
 $ OddsByWin.ApprovalRateLog1       : num  0.11123 0.00378 0.07941 0.00541 0.16164 ...
 $ EOF                              : int  1 1 1 1 1 1 1 1 1 1 ...
NULL
[1] "2022-02-18 01:43:18 --- transform Finish ---"
[1] "2022-02-18 01:43:18 --- na.omit Start ---"
[1] "--------------------------------------------------------------------------------"
[1] "nrow(data) na.omit before=37190"
[1] "nrow(data) na.omit after =37074"
[1] "nrow(data) na.omit diff =116"
[1] "--------------------------------------------------------------------------------"
'data.frame':	37074 obs. of  35 variables:
 $ Race.RaceId                      : Factor w/ 3002 levels "20160116-07-01-01-07",..: 1 1 1 1 1 1 1 1 1 1 ...
 $ Race.IsPredictedRace             : logi  TRUE TRUE TRUE TRUE TRUE TRUE ...
 $ Race.IsAnalyzeNormalPastAndFuture: logi  TRUE TRUE TRUE TRUE TRUE TRUE ...
 $ Race.IsAnalyzeNormalPast         : logi  TRUE TRUE TRUE TRUE TRUE TRUE ...
 $ Race.IsAnalyzeNormalFuture       : logi  FALSE FALSE FALSE FALSE FALSE FALSE ...
 $ Race.IsAnalyzeFullPastAndFuture  : logi  TRUE TRUE TRUE TRUE TRUE TRUE ...
 $ Race.IsAnalyzeFullPast           : logi  TRUE TRUE TRUE TRUE TRUE TRUE ...
 $ Race.IsAnalyzeFullFuture         : logi  FALSE FALSE FALSE FALSE FALSE FALSE ...
 $ Race.JyokenCd                    : Factor w/ 1 level "5": 1 1 1 1 1 1 1 1 1 1 ...
 $ Race.JyoType1Cd                  : Factor w/ 182 levels "1-07-1600-1",..: 1 1 1 1 1 1 1 1 1 1 ...
 $ Race.RaceType0Cd                 : Factor w/ 290 levels "1-07-1600-1-5-X-12",..: 1 1 1 1 1 1 1 1 1 1 ...
 $ Race.RaceType1Cd                 : Factor w/ 1 level "1-5-X": 1 1 1 1 1 1 1 1 1 1 ...
 $ Race.RaceType2Cd                 : Factor w/ 1 level "1-5-X": 1 1 1 1 1 1 1 1 1 1 ...
 $ Race.RaceType3Cd                 : Factor w/ 2 levels "5-X-12","5-X-11": 1 1 1 1 1 1 1 1 1 1 ...
 $ Race.RaceType4Cd                 : Factor w/ 2 levels "1-5-12","1-5-11": 1 1 1 1 1 1 1 1 1 1 ...
 $ RaceHorse.RaceId                 : Factor w/ 3002 levels "20160116-07-01-01-07",..: 1 1 1 1 1 1 1 1 1 1 ...
 $ RaceHorse.KettoNum               : Factor w/ 16847 levels "2013105904","2013106073",..: 1 2 3 4 5 6 7 8 9 10 ...
 $ RaceHorse.IsHit1                 : int  0 0 0 0 0 0 0 0 0 0 ...
 $ RaceHorse.IsHit2                 : int  0 0 1 0 0 0 0 0 0 0 ...
 $ RaceHorse.IsHit3                 : int  0 0 0 0 1 0 0 0 0 0 ...
 $ RaceHorse.IsHit4                 : int  0 0 0 0 0 0 0 0 1 0 ...
 $ RaceHorse.IsHit5                 : int  0 0 0 0 0 0 0 1 0 0 ...
 $ RaceHorse.IsHit6                 : int  1 1 0 1 0 1 1 0 0 1 ...
 $ RaceHorse.IsValidRaceHorse       : logi  TRUE TRUE TRUE TRUE TRUE TRUE ...
 $ RaceHorse.IsHitA                 : int  0 0 0 0 0 0 0 0 0 0 ...
 $ RaceHorse.IsHitB                 : int  0 0 1 0 0 0 0 0 0 0 ...
 $ RaceHorse.IsHitC                 : int  0 0 1 0 1 0 0 0 0 0 ...
 $ OddsByWin.Odds1                  : num  8.5 263.9 12.1 184.3 5.7 ...
 $ OddsByWin.Ninki                  : num  3 14 4 13 2 12 11 6 7 8 ...
 $ OddsByWin.OddsLog1               : num  2.25 5.58 2.57 5.22 1.9 ...
 $ OddsByWin.OddsRatio1             : num  0.13333 0.0038 0.09009 0.00546 0.21277 ...
 $ OddsByWin.OddsLogit1             : num  -2.14 -5.58 -2.49 -5.22 -1.74 ...
 $ OddsByWin.ApprovalRate1          : num  0.11765 0.00379 0.08264 0.00543 0.17544 ...
 $ OddsByWin.ApprovalRateLog1       : num  0.11123 0.00378 0.07941 0.00541 0.16164 ...
 $ EOF                              : int  1 1 1 1 1 1 1 1 1 1 ...
 - attr(*, "na.action")= 'omit' Named int  264 303 942 943 950 1127 1669 1820 1880 2310 ...
  ..- attr(*, "names")= chr  "264" "303" "942" "943" ...
[1] "2022-02-18 01:43:18 --- na.omit Finish ---"
[1] "2022-02-18 01:43:18 --- rxGlm with rxStepControl Start ---"

> print(paste0(Sys.time(), " --- source_logic_glm.R Start ---"))
[1] "2022-02-18 01:43:18 --- source_logic_glm.R Start ---"

> formula <- formula(RaceHorse.IsHitA ~ +1 + OddsByWin.OddsLogit1)

> print(paste0(Sys.time(), " --- source_logic_glm.R Finished ---"))
[1] "2022-02-18 01:43:18 --- source_logic_glm.R Finished ---"
Rows Read: 37074, Total Rows Processed: 37074, Total Chunk Time: 0.002 seconds 

Starting values (iteration 1) time: 0.018 secs.
Rows Read: 37074, Total Rows Processed: 37074, Total Chunk Time: 0.004 seconds 

Iteration 2 time: 0.013 secs.
Rows Read: 37074, Total Rows Processed: 37074, Total Chunk Time: 0.004 seconds 

Iteration 3 time: 0.006 secs.
Rows Read: 37074, Total Rows Processed: 37074, Total Chunk Time: 0.003 seconds 

Iteration 4 time: 0.006 secs.
Rows Read: 37074, Total Rows Processed: 37074, Total Chunk Time: 0.003 seconds 

Iteration 5 time: 0.012 secs.
Rows Read: 37074, Total Rows Processed: 37074, Total Chunk Time: 0.003 seconds 

Iteration 6 time: 0.007 secs.
Rows Read: 37074, Total Rows Processed: 37074, Total Chunk Time: 0.004 seconds 

Iteration 7 time: 0.006 secs.

Elapsed computation time: 0.095 secs.
Rows Read: 37074, Total Rows Processed: 37074, Total Chunk Time: Less than .001 seconds 

Starting values (iteration 1) time: 0.018 secs.
Rows Read: 37074, Total Rows Processed: 37074, Total Chunk Time: 0.002 seconds 

Iteration 2 time: 0.011 secs.

Elapsed computation time: 0.039 secs.
Rows Read: 37074, Total Rows Processed: 37074, Total Chunk Time: 0.002 seconds 

Starting values (iteration 1) time: 0.017 secs.
Rows Read: 37074, Total Rows Processed: 37074, Total Chunk Time: 0.003 seconds 

Iteration 2 time: 0.013 secs.
Rows Read: 37074, Total Rows Processed: 37074, Total Chunk Time: 0.003 seconds 

Iteration 3 time: 0.006 secs.
Rows Read: 37074, Total Rows Processed: 37074, Total Chunk Time: 0.009 seconds 

Iteration 4 time: 0.013 secs.
Rows Read: 37074, Total Rows Processed: 37074, Total Chunk Time: 0.004 seconds 

Iteration 5 time: 0.006 secs.
Rows Read: 37074, Total Rows Processed: 37074, Total Chunk Time: 0.003 seconds 

Iteration 6 time: 0.006 secs.
Rows Read: 37074, Total Rows Processed: 37074, Total Chunk Time: 0.003 seconds 

Iteration 7 time: 0.006 secs.

Elapsed computation time: 0.107 secs.

Elapsed computation time: 0.265 secs.
[1] "--------------------------------------------------------------------------------"
[1] "analyze.results.glm.step="
Logistic Regression Results for: RaceHorse.IsHitA ~
    OddsByWin.OddsLogit1
Data: data
Dependent variable(s): RaceHorse.IsHitA
Total independent variables: 2 
Number of valid observations: 37074
Number of missing observations: 0 
 
Coefficients:
                     RaceHorse.IsHitA
(Intercept)                       0.4
OddsByWin.OddsLogit1              1.2
[1] "analyze.results.glm.step.summary"
Call:
rxLogit(formula = formula, data = data, variableSelection = analyze.results.glm.step.varsel)

Logistic Regression Results for: RaceHorse.IsHitA ~
    OddsByWin.OddsLogit1
Data: data
Dependent variable(s): RaceHorse.IsHitA
Total independent variables: 2 
Number of valid observations: 37074
Number of missing observations: 0 
-2*LogLikelihood: 13749.128 (Residual deviance on 37072 degrees of freedom)
 
Coefficients:
                     Estimate Std. Error z value Pr(>|z|)    
(Intercept)            0.3735     0.0483    7.74  2.2e-16 ***
OddsByWin.OddsLogit1   1.2012     0.0234   51.31  2.2e-16 ***
---
Signif. codes:  0 '***' 0.001 '**' 0.01 '*' 0.05 '.' 0.1 ' ' 1

Condition number of final variance-covariance matrix: 1 
Number of iterations: 7
[1] "--------------------------------------------------------------------------------"
[1] "2022-02-18 01:43:19 --- rxGlm with rxStepControl Finish ---"
[1] "2022-02-18 01:43:19 --- rxStepPlot Start ---"
[1] "pdfFilename=pdf_analyze_glm_Odds_Type15_rxStepPlot.pdf"
[1] "rxStepPlot="
[1] "2022-02-18 01:43:28 --- rxStepPlot Finish ---"
[1] "2022-02-18 01:43:28 --- save.image Start ---"
[1] "save.image"
[1] "rdataFilename=RData_analyze_glm_Odds_Type15.RData"
[1] "2022-02-18 01:43:35 --- save.image Finish ---"
[1] "2022-02-18 01:43:35 --- final Start ---"
[1] "--------------------------------------------------------------------------------"
[1] "nrow(data) final=37074"
[1] "--------------------------------------------------------------------------------"
[1] "2022-02-18 01:43:35 --- final Finish ---"
[1] "2022-02-18 01:43:35 --- analyze_glm.R Finished ---"
[1] "2022-02-18 01:43:35 --- log Finish ---"
