[1] "2022-02-18 23:21:34 --- D1115_analyze_glm_DataMiningTaisen_IsHitA_Type26 Start ---"
[1] "2022-02-18 23:21:34 --- Log Start ---"
[1] "2022-02-18 23:21:34 --- analyze_glm.R Start ---"
[1] "analyzeVersion=D1115"
[1] "analyzeCategory=analyze"
[1] "analyzeType=DataMiningTaisen"
[1] "analyzeFamily=IsHitA"
[1] "analyzeFunc=glm"
[1] "analyzeTrackTypeCd=2"
[1] "analyzeJyokenCd=6"
[1] "2022-02-18 23:21:34 --- source_function.R Start ---"
[1] "2022-02-18 23:21:34 --- source_function.R Finished ---"

> print(paste0(Sys.time(), " --- source_library.R Start ---"))
[1] "2022-02-18 23:21:34 --- source_library.R Start ---"

> require("RevoScaleR")

> print(paste0(Sys.time(), " --- source_library.R Finished ---"))
[1] "2022-02-18 23:21:35 --- source_library.R Finished ---"
[1] "2022-02-18 23:21:35 --- RxSqlServerData Start ---"
[1] "2022-02-18 23:21:35 --- RxInSqlServer Start ---"
[1] "2022-02-18 23:21:35 --- RxInSqlServer Finish ---"
[1] "2022-02-18 23:21:35 --- rxSetComputeContext Start ---"
[1] "2022-02-18 23:21:35 --- rxSetComputeContext Finish ---"
[1] "2022-02-18 23:21:35 --- RxSqlServerData Start ---"
[1] "sqlQuery=SELECT * FROM ViewAnalyzeD1115analyze01DataMiningTaisenType26"
[1] "2022-02-18 23:21:35 --- RxSqlServerData Finish ---"
[1] "2022-02-18 23:21:35 --- rxGetVarInfo Start ---"
[1] "2022-02-18 23:21:35 --- rxGetVarInfo Finish---"
[1] "2022-02-18 23:21:35 --- rxImport Start ---"
Rows Read: 8534, Total Rows Processed: 8534, Total Chunk Time: 0.202 seconds 
[1] "2022-02-18 23:21:36 --- rxImport Finish ---"
[1] "object.size(data) auto=1.7 Mb"
[1] "--------------------------------------------------------------------------------"
[1] "nrow(data) RxSqlServerData=8534"
[1] "--------------------------------------------------------------------------------"
[1] "str(data)="
'data.frame':	8534 obs. of  29 variables:
 $ Race.RaceId                      : Factor w/ 591 levels "20171008-05-04-02-04",..: 11 12 13 14 15 16 17 18 19 20 ...
 $ Race.IsPredictedRace             : logi  TRUE TRUE TRUE TRUE TRUE TRUE ...
 $ Race.IsAnalyzeNormalPastAndFuture: logi  TRUE TRUE TRUE TRUE TRUE TRUE ...
 $ Race.IsAnalyzeNormalPast         : logi  TRUE TRUE TRUE TRUE TRUE FALSE ...
 $ Race.IsAnalyzeNormalFuture       : logi  FALSE FALSE FALSE FALSE FALSE TRUE ...
 $ Race.IsAnalyzeFullPastAndFuture  : logi  TRUE TRUE TRUE TRUE TRUE TRUE ...
 $ Race.IsAnalyzeFullPast           : logi  TRUE TRUE TRUE TRUE TRUE FALSE ...
 $ Race.IsAnalyzeFullFuture         : logi  FALSE FALSE FALSE FALSE FALSE TRUE ...
 $ Race.JyokenCd                    : Factor w/ 1 level "6": 1 1 1 1 1 1 1 1 1 1 ...
 $ Race.JyoType1Cd                  : Factor w/ 74 levels "2-05-1600-3",..: 9 10 11 12 13 14 7 2 15 7 ...
 $ Race.RaceType0Cd                 : Factor w/ 112 levels "2-05-1600-3-6-X-11",..: 10 11 12 13 14 15 8 2 16 17 ...
 $ Race.RaceType1Cd                 : Factor w/ 1 level "2-6-X": 1 1 1 1 1 1 1 1 1 1 ...
 $ Race.RaceType2Cd                 : Factor w/ 1 level "2-6-X": 1 1 1 1 1 1 1 1 1 1 ...
 $ Race.RaceType3Cd                 : Factor w/ 2 levels "6-X-11","6-X-12": 1 1 1 2 2 1 1 1 2 2 ...
 $ Race.RaceType4Cd                 : Factor w/ 2 levels "2-6-11","2-6-12": 1 1 1 2 2 1 1 1 2 2 ...
 $ RaceHorse.RaceId                 : Factor w/ 591 levels "20171008-05-04-02-04",..: 11 12 13 14 15 16 17 18 19 20 ...
 $ RaceHorse.KettoNum               : Factor w/ 8510 levels "2015102847","2016101636",..: 11 12 13 14 15 16 17 18 19 20 ...
 $ RaceHorse.IsHit1                 : int  1 1 0 0 0 0 0 0 0 1 ...
 $ RaceHorse.IsHit2                 : int  0 0 0 0 0 0 0 0 1 0 ...
 $ RaceHorse.IsHit3                 : int  0 0 0 0 0 1 0 0 0 0 ...
 $ RaceHorse.IsHit4                 : int  0 0 0 0 0 0 0 0 0 0 ...
 $ RaceHorse.IsHit5                 : int  0 0 0 1 0 0 0 1 0 0 ...
 $ RaceHorse.IsHit6                 : int  0 0 1 0 1 0 1 0 0 0 ...
 $ RaceHorse.IsValidRaceHorse       : logi  TRUE TRUE TRUE TRUE TRUE TRUE ...
 $ RaceHorse.IsHitA                 : int  1 1 0 0 0 0 0 0 0 1 ...
 $ RaceHorse.IsHitB                 : int  1 1 0 0 0 0 0 0 1 1 ...
 $ RaceHorse.IsHitC                 : int  1 1 0 0 0 1 0 0 1 1 ...
 $ DataMiningTaisen.TmScoreSdv      : num  -0.144 -2.307 0.683 1.381 2.173 ...
 $ EOF                              : int  1 1 1 1 1 1 1 1 1 1 ...
[1] "2022-02-18 23:21:36 --- RxSqlServerData Finish ---"
[1] "2022-02-18 23:21:36 --- subset Start ---"
[1] "--------------------------------------------------------------------------------"
[1] "nrow(data) subset before=8534"
[1] "nrow(data) subset after =6857"
[1] "nrow(data) subset diff =1677"
[1] "--------------------------------------------------------------------------------"
[1] "2022-02-18 23:21:36 --- subset Finish---"
[1] "2022-02-18 23:21:36 --- transform Start ---"
[1] "--------------------------------------------------------------------------------"
[1] "nrow(data) transform before=6857"
[1] "nrow(data) transform after=6857"
[1] "nrow(data) transform diff=0"
[1] "--------------------------------------------------------------------------------"
[1] "str(data)="
'data.frame':	6857 obs. of  29 variables:
 $ Race.RaceId                      : Factor w/ 591 levels "20171008-05-04-02-04",..: 11 12 13 14 15 20 21 22 23 24 ...
 $ Race.IsPredictedRace             : logi  TRUE TRUE TRUE TRUE TRUE TRUE ...
 $ Race.IsAnalyzeNormalPastAndFuture: logi  TRUE TRUE TRUE TRUE TRUE TRUE ...
 $ Race.IsAnalyzeNormalPast         : logi  TRUE TRUE TRUE TRUE TRUE TRUE ...
 $ Race.IsAnalyzeNormalFuture       : logi  FALSE FALSE FALSE FALSE FALSE FALSE ...
 $ Race.IsAnalyzeFullPastAndFuture  : logi  TRUE TRUE TRUE TRUE TRUE TRUE ...
 $ Race.IsAnalyzeFullPast           : logi  TRUE TRUE TRUE TRUE TRUE TRUE ...
 $ Race.IsAnalyzeFullFuture         : logi  FALSE FALSE FALSE FALSE FALSE FALSE ...
 $ Race.JyokenCd                    : Factor w/ 1 level "6": 1 1 1 1 1 1 1 1 1 1 ...
 $ Race.JyoType1Cd                  : Factor w/ 74 levels "2-05-1600-3",..: 9 10 11 12 13 7 16 13 11 17 ...
 $ Race.RaceType0Cd                 : Factor w/ 112 levels "2-05-1600-3-6-X-11",..: 10 11 12 13 14 17 18 14 19 20 ...
 $ Race.RaceType1Cd                 : Factor w/ 1 level "2-6-X": 1 1 1 1 1 1 1 1 1 1 ...
 $ Race.RaceType2Cd                 : Factor w/ 1 level "2-6-X": 1 1 1 1 1 1 1 1 1 1 ...
 $ Race.RaceType3Cd                 : Factor w/ 2 levels "6-X-11","6-X-12": 1 1 1 2 2 2 2 2 2 2 ...
 $ Race.RaceType4Cd                 : Factor w/ 2 levels "2-6-11","2-6-12": 1 1 1 2 2 2 2 2 2 2 ...
 $ RaceHorse.RaceId                 : Factor w/ 591 levels "20171008-05-04-02-04",..: 11 12 13 14 15 20 21 22 23 24 ...
 $ RaceHorse.KettoNum               : Factor w/ 8510 levels "2015102847","2016101636",..: 11 12 13 14 15 20 21 22 23 24 ...
 $ RaceHorse.IsHit1                 : int  1 1 0 0 0 1 0 0 0 0 ...
 $ RaceHorse.IsHit2                 : int  0 0 0 0 0 0 0 0 0 0 ...
 $ RaceHorse.IsHit3                 : int  0 0 0 0 0 0 0 0 0 0 ...
 $ RaceHorse.IsHit4                 : int  0 0 0 0 0 0 0 0 0 0 ...
 $ RaceHorse.IsHit5                 : int  0 0 0 1 0 0 0 0 0 0 ...
 $ RaceHorse.IsHit6                 : int  0 0 1 0 1 0 1 1 1 1 ...
 $ RaceHorse.IsValidRaceHorse       : logi  TRUE TRUE TRUE TRUE TRUE TRUE ...
 $ RaceHorse.IsHitA                 : int  1 1 0 0 0 1 0 0 0 0 ...
 $ RaceHorse.IsHitB                 : int  1 1 0 0 0 1 0 0 0 0 ...
 $ RaceHorse.IsHitC                 : int  1 1 0 0 0 1 0 0 0 0 ...
 $ DataMiningTaisen.TmScoreSdv      : num  -0.144 -2.307 0.683 1.381 2.173 ...
 $ EOF                              : int  1 1 1 1 1 1 1 1 1 1 ...
NULL
[1] "2022-02-18 23:21:37 --- transform Finish ---"
[1] "2022-02-18 23:21:37 --- na.omit Start ---"
[1] "--------------------------------------------------------------------------------"
[1] "nrow(data) na.omit before=6857"
[1] "nrow(data) na.omit after =6857"
[1] "nrow(data) na.omit diff =0"
[1] "--------------------------------------------------------------------------------"
'data.frame':	6857 obs. of  29 variables:
 $ Race.RaceId                      : Factor w/ 591 levels "20171008-05-04-02-04",..: 11 12 13 14 15 20 21 22 23 24 ...
 $ Race.IsPredictedRace             : logi  TRUE TRUE TRUE TRUE TRUE TRUE ...
 $ Race.IsAnalyzeNormalPastAndFuture: logi  TRUE TRUE TRUE TRUE TRUE TRUE ...
 $ Race.IsAnalyzeNormalPast         : logi  TRUE TRUE TRUE TRUE TRUE TRUE ...
 $ Race.IsAnalyzeNormalFuture       : logi  FALSE FALSE FALSE FALSE FALSE FALSE ...
 $ Race.IsAnalyzeFullPastAndFuture  : logi  TRUE TRUE TRUE TRUE TRUE TRUE ...
 $ Race.IsAnalyzeFullPast           : logi  TRUE TRUE TRUE TRUE TRUE TRUE ...
 $ Race.IsAnalyzeFullFuture         : logi  FALSE FALSE FALSE FALSE FALSE FALSE ...
 $ Race.JyokenCd                    : Factor w/ 1 level "6": 1 1 1 1 1 1 1 1 1 1 ...
 $ Race.JyoType1Cd                  : Factor w/ 74 levels "2-05-1600-3",..: 9 10 11 12 13 7 16 13 11 17 ...
 $ Race.RaceType0Cd                 : Factor w/ 112 levels "2-05-1600-3-6-X-11",..: 10 11 12 13 14 17 18 14 19 20 ...
 $ Race.RaceType1Cd                 : Factor w/ 1 level "2-6-X": 1 1 1 1 1 1 1 1 1 1 ...
 $ Race.RaceType2Cd                 : Factor w/ 1 level "2-6-X": 1 1 1 1 1 1 1 1 1 1 ...
 $ Race.RaceType3Cd                 : Factor w/ 2 levels "6-X-11","6-X-12": 1 1 1 2 2 2 2 2 2 2 ...
 $ Race.RaceType4Cd                 : Factor w/ 2 levels "2-6-11","2-6-12": 1 1 1 2 2 2 2 2 2 2 ...
 $ RaceHorse.RaceId                 : Factor w/ 591 levels "20171008-05-04-02-04",..: 11 12 13 14 15 20 21 22 23 24 ...
 $ RaceHorse.KettoNum               : Factor w/ 8510 levels "2015102847","2016101636",..: 11 12 13 14 15 20 21 22 23 24 ...
 $ RaceHorse.IsHit1                 : int  1 1 0 0 0 1 0 0 0 0 ...
 $ RaceHorse.IsHit2                 : int  0 0 0 0 0 0 0 0 0 0 ...
 $ RaceHorse.IsHit3                 : int  0 0 0 0 0 0 0 0 0 0 ...
 $ RaceHorse.IsHit4                 : int  0 0 0 0 0 0 0 0 0 0 ...
 $ RaceHorse.IsHit5                 : int  0 0 0 1 0 0 0 0 0 0 ...
 $ RaceHorse.IsHit6                 : int  0 0 1 0 1 0 1 1 1 1 ...
 $ RaceHorse.IsValidRaceHorse       : logi  TRUE TRUE TRUE TRUE TRUE TRUE ...
 $ RaceHorse.IsHitA                 : int  1 1 0 0 0 1 0 0 0 0 ...
 $ RaceHorse.IsHitB                 : int  1 1 0 0 0 1 0 0 0 0 ...
 $ RaceHorse.IsHitC                 : int  1 1 0 0 0 1 0 0 0 0 ...
 $ DataMiningTaisen.TmScoreSdv      : num  -0.144 -2.307 0.683 1.381 2.173 ...
 $ EOF                              : int  1 1 1 1 1 1 1 1 1 1 ...
[1] "2022-02-18 23:21:37 --- na.omit Finish ---"
[1] "2022-02-18 23:21:37 --- rxGlm with rxStepControl Start ---"

> print(paste0(Sys.time(), " --- source_logic_glm.R Start ---"))
[1] "2022-02-18 23:21:37 --- source_logic_glm.R Start ---"

> formula <- formula(RaceHorse.IsHitA ~ +1 + DataMiningTaisen.TmScoreSdv)

> print(paste0(Sys.time(), " --- source_logic_glm.R Finished ---"))
[1] "2022-02-18 23:21:37 --- source_logic_glm.R Finished ---"
Rows Read: 6857, Total Rows Processed: 6857, Total Chunk Time: 0.001 seconds 

Starting values (iteration 1) time: 0.010 secs.
Rows Read: 6857, Total Rows Processed: 6857, Total Chunk Time: Less than .001 seconds 

Iteration 2 time: 0.010 secs.
Rows Read: 6857, Total Rows Processed: 6857, Total Chunk Time: Less than .001 seconds 

Iteration 3 time: 0.006 secs.
Rows Read: 6857, Total Rows Processed: 6857, Total Chunk Time: 0.002 seconds 

Iteration 4 time: 0.008 secs.
Rows Read: 6857, Total Rows Processed: 6857, Total Chunk Time: 0.001 seconds 

Iteration 5 time: 0.009 secs.

Elapsed computation time: 0.082 secs.
Rows Read: 6857, Total Rows Processed: 6857, Total Chunk Time: Less than .001 seconds 

Starting values (iteration 1) time: 0.009 secs.
Rows Read: 6857, Total Rows Processed: 6857, Total Chunk Time: 0.002 seconds 

Iteration 2 time: 0.014 secs.

Elapsed computation time: 0.040 secs.
Rows Read: 6857, Total Rows Processed: 6857, Total Chunk Time: Less than .001 seconds 

Starting values (iteration 1) time: 0.007 secs.
Rows Read: 6857, Total Rows Processed: 6857, Total Chunk Time: 0.002 seconds 

Iteration 2 time: 0.008 secs.
Rows Read: 6857, Total Rows Processed: 6857, Total Chunk Time: Less than .001 seconds 

Iteration 3 time: 0.008 secs.
Rows Read: 6857, Total Rows Processed: 6857, Total Chunk Time: Less than .001 seconds 

Iteration 4 time: 0.007 secs.
Rows Read: 6857, Total Rows Processed: 6857, Total Chunk Time: Less than .001 seconds 

Iteration 5 time: 0.012 secs.

Elapsed computation time: 0.080 secs.

Elapsed computation time: 0.235 secs.
[1] "--------------------------------------------------------------------------------"
[1] "analyze.results.glm.step="
Logistic Regression Results for: RaceHorse.IsHitA ~
    DataMiningTaisen.TmScoreSdv
Data: data
Dependent variable(s): RaceHorse.IsHitA
Total independent variables: 2 
Number of valid observations: 6857
Number of missing observations: 0 
 
Coefficients:
                            RaceHorse.IsHitA
(Intercept)                             -2.8
DataMiningTaisen.TmScoreSdv              0.6
[1] "analyze.results.glm.step.summary"
Call:
rxLogit(formula = formula, data = data, variableSelection = analyze.results.glm.step.varsel)

Logistic Regression Results for: RaceHorse.IsHitA ~
    DataMiningTaisen.TmScoreSdv
Data: data
Dependent variable(s): RaceHorse.IsHitA
Total independent variables: 2 
Number of valid observations: 6857
Number of missing observations: 0 
-2*LogLikelihood: 3271.405 (Residual deviance on 6855 degrees of freedom)
 
Coefficients:
                            Estimate Std. Error z value Pr(>|z|)    
(Intercept)                  -2.7628     0.0544   -50.8  2.2e-16 ***
DataMiningTaisen.TmScoreSdv   0.5989     0.0513    11.7  2.2e-16 ***
---
Signif. codes:  0 '***' 0.001 '**' 0.01 '*' 0.05 '.' 0.1 ' ' 1

Condition number of final variance-covariance matrix: 1 
Number of iterations: 5
[1] "--------------------------------------------------------------------------------"
[1] "2022-02-18 23:21:38 --- rxGlm with rxStepControl Finish ---"
[1] "2022-02-18 23:21:38 --- rxStepPlot Start ---"
[1] "pdfFilename=pdf_analyze_glm_DataMiningTaisen_Type26_rxStepPlot.pdf"
[1] "rxStepPlot="
[1] "2022-02-18 23:21:38 --- rxStepPlot Finish ---"
[1] "2022-02-18 23:21:38 --- save.image Start ---"
[1] "save.image"
[1] "rdataFilename=RData_analyze_glm_DataMiningTaisen_Type26.RData"
[1] "2022-02-18 23:21:38 --- save.image Finish ---"
[1] "2022-02-18 23:21:38 --- final Start ---"
[1] "--------------------------------------------------------------------------------"
[1] "nrow(data) final=6857"
[1] "--------------------------------------------------------------------------------"
[1] "2022-02-18 23:21:38 --- final Finish ---"
[1] "2022-02-18 23:21:38 --- analyze_glm.R Finished ---"
[1] "2022-02-18 23:21:38 --- log Finish ---"
