[1] "2022-02-18 23:21:34 --- D1115_analyze_glm_DataMiningTaisen_IsHitA_Type13 Start ---"
[1] "2022-02-18 23:21:34 --- Log Start ---"
[1] "2022-02-18 23:21:34 --- analyze_glm.R Start ---"
[1] "analyzeVersion=D1115"
[1] "analyzeCategory=analyze"
[1] "analyzeType=DataMiningTaisen"
[1] "analyzeFamily=IsHitA"
[1] "analyzeFunc=glm"
[1] "analyzeTrackTypeCd=1"
[1] "analyzeJyokenCd=3"
[1] "2022-02-18 23:21:34 --- source_function.R Start ---"
[1] "2022-02-18 23:21:34 --- source_function.R Finished ---"

> print(paste0(Sys.time(), " --- source_library.R Start ---"))
[1] "2022-02-18 23:21:34 --- source_library.R Start ---"

> require("RevoScaleR")

> print(paste0(Sys.time(), " --- source_library.R Finished ---"))
[1] "2022-02-18 23:21:34 --- source_library.R Finished ---"
[1] "2022-02-18 23:21:34 --- RxSqlServerData Start ---"
[1] "2022-02-18 23:21:34 --- RxInSqlServer Start ---"
[1] "2022-02-18 23:21:34 --- RxInSqlServer Finish ---"
[1] "2022-02-18 23:21:34 --- rxSetComputeContext Start ---"
[1] "2022-02-18 23:21:34 --- rxSetComputeContext Finish ---"
[1] "2022-02-18 23:21:34 --- RxSqlServerData Start ---"
[1] "sqlQuery=SELECT * FROM ViewAnalyzeD1115analyze01DataMiningTaisenType13"
[1] "2022-02-18 23:21:34 --- RxSqlServerData Finish ---"
[1] "2022-02-18 23:21:34 --- rxGetVarInfo Start ---"
[1] "2022-02-18 23:21:34 --- rxGetVarInfo Finish---"
[1] "2022-02-18 23:21:34 --- rxImport Start ---"
Rows Read: 18133, Total Rows Processed: 18133, Total Chunk Time: 0.453 seconds 
[1] "2022-02-18 23:21:36 --- rxImport Finish ---"
[1] "object.size(data) auto=2.6 Mb"
[1] "--------------------------------------------------------------------------------"
[1] "nrow(data) RxSqlServerData=18133"
[1] "--------------------------------------------------------------------------------"
[1] "str(data)="
'data.frame':	18133 obs. of  29 variables:
 $ Race.RaceId                      : Factor w/ 1464 levels "20160105-06-01-01-12",..: 2 2 2 2 2 2 2 2 2 2 ...
 $ Race.IsPredictedRace             : logi  TRUE TRUE TRUE TRUE TRUE TRUE ...
 $ Race.IsAnalyzeNormalPastAndFuture: logi  TRUE TRUE TRUE TRUE TRUE TRUE ...
 $ Race.IsAnalyzeNormalPast         : logi  TRUE TRUE TRUE TRUE TRUE TRUE ...
 $ Race.IsAnalyzeNormalFuture       : logi  FALSE FALSE FALSE FALSE FALSE FALSE ...
 $ Race.IsAnalyzeFullPastAndFuture  : logi  TRUE TRUE TRUE TRUE TRUE TRUE ...
 $ Race.IsAnalyzeFullPast           : logi  TRUE TRUE TRUE TRUE TRUE TRUE ...
 $ Race.IsAnalyzeFullFuture         : logi  FALSE FALSE FALSE FALSE FALSE FALSE ...
 $ Race.JyokenCd                    : Factor w/ 1 level "3": 1 1 1 1 1 1 1 1 1 1 ...
 $ Race.JyoType1Cd                  : Factor w/ 168 levels "1-06-1600-1",..: 2 2 2 2 2 2 2 2 2 2 ...
 $ Race.RaceType0Cd                 : Factor w/ 327 levels "1-06-1600-1-3-X-14",..: 2 2 2 2 2 2 2 2 2 2 ...
 $ Race.RaceType1Cd                 : Factor w/ 2 levels "1-3-X","1-3-E": 1 1 1 1 1 1 1 1 1 1 ...
 $ Race.RaceType2Cd                 : Factor w/ 2 levels "1-3-X","1-3-E": 1 1 1 1 1 1 1 1 1 1 ...
 $ Race.RaceType3Cd                 : Factor w/ 4 levels "3-X-14","3-E-14",..: 1 1 1 1 1 1 1 1 1 1 ...
 $ Race.RaceType4Cd                 : Factor w/ 2 levels "1-3-14","1-3-13": 1 1 1 1 1 1 1 1 1 1 ...
 $ RaceHorse.RaceId                 : Factor w/ 1464 levels "20160105-06-01-01-12",..: 2 2 2 2 2 2 2 2 2 2 ...
 $ RaceHorse.KettoNum               : Factor w/ 3590 levels "2011103326","2012100287",..: 11 12 13 14 15 16 17 18 19 20 ...
 $ RaceHorse.IsHit1                 : int  0 0 0 0 0 1 0 0 0 0 ...
 $ RaceHorse.IsHit2                 : int  0 0 0 0 0 0 0 0 0 1 ...
 $ RaceHorse.IsHit3                 : int  0 0 0 0 0 0 0 1 0 0 ...
 $ RaceHorse.IsHit4                 : int  0 0 0 1 0 0 0 0 0 0 ...
 $ RaceHorse.IsHit5                 : int  0 0 0 0 0 0 0 0 1 0 ...
 $ RaceHorse.IsHit6                 : int  1 1 1 0 1 0 1 0 0 0 ...
 $ RaceHorse.IsValidRaceHorse       : logi  TRUE TRUE TRUE TRUE TRUE TRUE ...
 $ RaceHorse.IsHitA                 : int  0 0 0 0 0 1 0 0 0 0 ...
 $ RaceHorse.IsHitB                 : int  0 0 0 0 0 1 0 0 0 1 ...
 $ RaceHorse.IsHitC                 : int  0 0 0 0 0 1 0 1 0 1 ...
 $ DataMiningTaisen.TmScoreSdv      : num  -1.111 0.487 0.869 -0.184 -1.88 ...
 $ EOF                              : int  1 1 1 1 1 1 1 1 1 1 ...
[1] "2022-02-18 23:21:36 --- RxSqlServerData Finish ---"
[1] "2022-02-18 23:21:36 --- subset Start ---"
[1] "--------------------------------------------------------------------------------"
[1] "nrow(data) subset before=18133"
[1] "nrow(data) subset after =14913"
[1] "nrow(data) subset diff =3220"
[1] "--------------------------------------------------------------------------------"
[1] "2022-02-18 23:21:36 --- subset Finish---"
[1] "2022-02-18 23:21:36 --- transform Start ---"
[1] "--------------------------------------------------------------------------------"
[1] "nrow(data) transform before=14913"
[1] "nrow(data) transform after=14913"
[1] "nrow(data) transform diff=0"
[1] "--------------------------------------------------------------------------------"
[1] "str(data)="
'data.frame':	14913 obs. of  29 variables:
 $ Race.RaceId                      : Factor w/ 1464 levels "20160105-06-01-01-12",..: 2 2 2 2 2 2 2 2 2 2 ...
 $ Race.IsPredictedRace             : logi  TRUE TRUE TRUE TRUE TRUE TRUE ...
 $ Race.IsAnalyzeNormalPastAndFuture: logi  TRUE TRUE TRUE TRUE TRUE TRUE ...
 $ Race.IsAnalyzeNormalPast         : logi  TRUE TRUE TRUE TRUE TRUE TRUE ...
 $ Race.IsAnalyzeNormalFuture       : logi  FALSE FALSE FALSE FALSE FALSE FALSE ...
 $ Race.IsAnalyzeFullPastAndFuture  : logi  TRUE TRUE TRUE TRUE TRUE TRUE ...
 $ Race.IsAnalyzeFullPast           : logi  TRUE TRUE TRUE TRUE TRUE TRUE ...
 $ Race.IsAnalyzeFullFuture         : logi  FALSE FALSE FALSE FALSE FALSE FALSE ...
 $ Race.JyokenCd                    : Factor w/ 1 level "3": 1 1 1 1 1 1 1 1 1 1 ...
 $ Race.JyoType1Cd                  : Factor w/ 168 levels "1-06-1600-1",..: 2 2 2 2 2 2 2 2 2 2 ...
 $ Race.RaceType0Cd                 : Factor w/ 327 levels "1-06-1600-1-3-X-14",..: 2 2 2 2 2 2 2 2 2 2 ...
 $ Race.RaceType1Cd                 : Factor w/ 2 levels "1-3-X","1-3-E": 1 1 1 1 1 1 1 1 1 1 ...
 $ Race.RaceType2Cd                 : Factor w/ 2 levels "1-3-X","1-3-E": 1 1 1 1 1 1 1 1 1 1 ...
 $ Race.RaceType3Cd                 : Factor w/ 4 levels "3-X-14","3-E-14",..: 1 1 1 1 1 1 1 1 1 1 ...
 $ Race.RaceType4Cd                 : Factor w/ 2 levels "1-3-14","1-3-13": 1 1 1 1 1 1 1 1 1 1 ...
 $ RaceHorse.RaceId                 : Factor w/ 1464 levels "20160105-06-01-01-12",..: 2 2 2 2 2 2 2 2 2 2 ...
 $ RaceHorse.KettoNum               : Factor w/ 3590 levels "2011103326","2012100287",..: 11 12 13 14 15 16 17 18 19 20 ...
 $ RaceHorse.IsHit1                 : int  0 0 0 0 0 1 0 0 0 0 ...
 $ RaceHorse.IsHit2                 : int  0 0 0 0 0 0 0 0 0 1 ...
 $ RaceHorse.IsHit3                 : int  0 0 0 0 0 0 0 1 0 0 ...
 $ RaceHorse.IsHit4                 : int  0 0 0 1 0 0 0 0 0 0 ...
 $ RaceHorse.IsHit5                 : int  0 0 0 0 0 0 0 0 1 0 ...
 $ RaceHorse.IsHit6                 : int  1 1 1 0 1 0 1 0 0 0 ...
 $ RaceHorse.IsValidRaceHorse       : logi  TRUE TRUE TRUE TRUE TRUE TRUE ...
 $ RaceHorse.IsHitA                 : int  0 0 0 0 0 1 0 0 0 0 ...
 $ RaceHorse.IsHitB                 : int  0 0 0 0 0 1 0 0 0 1 ...
 $ RaceHorse.IsHitC                 : int  0 0 0 0 0 1 0 1 0 1 ...
 $ DataMiningTaisen.TmScoreSdv      : num  -1.111 0.487 0.869 -0.184 -1.88 ...
 $ EOF                              : int  1 1 1 1 1 1 1 1 1 1 ...
NULL
[1] "2022-02-18 23:21:37 --- transform Finish ---"
[1] "2022-02-18 23:21:37 --- na.omit Start ---"
[1] "--------------------------------------------------------------------------------"
[1] "nrow(data) na.omit before=14913"
[1] "nrow(data) na.omit after =14913"
[1] "nrow(data) na.omit diff =0"
[1] "--------------------------------------------------------------------------------"
'data.frame':	14913 obs. of  29 variables:
 $ Race.RaceId                      : Factor w/ 1464 levels "20160105-06-01-01-12",..: 2 2 2 2 2 2 2 2 2 2 ...
 $ Race.IsPredictedRace             : logi  TRUE TRUE TRUE TRUE TRUE TRUE ...
 $ Race.IsAnalyzeNormalPastAndFuture: logi  TRUE TRUE TRUE TRUE TRUE TRUE ...
 $ Race.IsAnalyzeNormalPast         : logi  TRUE TRUE TRUE TRUE TRUE TRUE ...
 $ Race.IsAnalyzeNormalFuture       : logi  FALSE FALSE FALSE FALSE FALSE FALSE ...
 $ Race.IsAnalyzeFullPastAndFuture  : logi  TRUE TRUE TRUE TRUE TRUE TRUE ...
 $ Race.IsAnalyzeFullPast           : logi  TRUE TRUE TRUE TRUE TRUE TRUE ...
 $ Race.IsAnalyzeFullFuture         : logi  FALSE FALSE FALSE FALSE FALSE FALSE ...
 $ Race.JyokenCd                    : Factor w/ 1 level "3": 1 1 1 1 1 1 1 1 1 1 ...
 $ Race.JyoType1Cd                  : Factor w/ 168 levels "1-06-1600-1",..: 2 2 2 2 2 2 2 2 2 2 ...
 $ Race.RaceType0Cd                 : Factor w/ 327 levels "1-06-1600-1-3-X-14",..: 2 2 2 2 2 2 2 2 2 2 ...
 $ Race.RaceType1Cd                 : Factor w/ 2 levels "1-3-X","1-3-E": 1 1 1 1 1 1 1 1 1 1 ...
 $ Race.RaceType2Cd                 : Factor w/ 2 levels "1-3-X","1-3-E": 1 1 1 1 1 1 1 1 1 1 ...
 $ Race.RaceType3Cd                 : Factor w/ 4 levels "3-X-14","3-E-14",..: 1 1 1 1 1 1 1 1 1 1 ...
 $ Race.RaceType4Cd                 : Factor w/ 2 levels "1-3-14","1-3-13": 1 1 1 1 1 1 1 1 1 1 ...
 $ RaceHorse.RaceId                 : Factor w/ 1464 levels "20160105-06-01-01-12",..: 2 2 2 2 2 2 2 2 2 2 ...
 $ RaceHorse.KettoNum               : Factor w/ 3590 levels "2011103326","2012100287",..: 11 12 13 14 15 16 17 18 19 20 ...
 $ RaceHorse.IsHit1                 : int  0 0 0 0 0 1 0 0 0 0 ...
 $ RaceHorse.IsHit2                 : int  0 0 0 0 0 0 0 0 0 1 ...
 $ RaceHorse.IsHit3                 : int  0 0 0 0 0 0 0 1 0 0 ...
 $ RaceHorse.IsHit4                 : int  0 0 0 1 0 0 0 0 0 0 ...
 $ RaceHorse.IsHit5                 : int  0 0 0 0 0 0 0 0 1 0 ...
 $ RaceHorse.IsHit6                 : int  1 1 1 0 1 0 1 0 0 0 ...
 $ RaceHorse.IsValidRaceHorse       : logi  TRUE TRUE TRUE TRUE TRUE TRUE ...
 $ RaceHorse.IsHitA                 : int  0 0 0 0 0 1 0 0 0 0 ...
 $ RaceHorse.IsHitB                 : int  0 0 0 0 0 1 0 0 0 1 ...
 $ RaceHorse.IsHitC                 : int  0 0 0 0 0 1 0 1 0 1 ...
 $ DataMiningTaisen.TmScoreSdv      : num  -1.111 0.487 0.869 -0.184 -1.88 ...
 $ EOF                              : int  1 1 1 1 1 1 1 1 1 1 ...
[1] "2022-02-18 23:21:37 --- na.omit Finish ---"
[1] "2022-02-18 23:21:37 --- rxGlm with rxStepControl Start ---"

> print(paste0(Sys.time(), " --- source_logic_glm.R Start ---"))
[1] "2022-02-18 23:21:37 --- source_logic_glm.R Start ---"

> formula <- formula(RaceHorse.IsHitA ~ +1 + DataMiningTaisen.TmScoreSdv)

> print(paste0(Sys.time(), " --- source_logic_glm.R Finished ---"))
[1] "2022-02-18 23:21:37 --- source_logic_glm.R Finished ---"
Rows Read: 14913, Total Rows Processed: 14913, Total Chunk Time: 0.002 seconds 

Starting values (iteration 1) time: 0.007 secs.
Rows Read: 14913, Total Rows Processed: 14913, Total Chunk Time: 0.002 seconds 

Iteration 2 time: 0.008 secs.
Rows Read: 14913, Total Rows Processed: 14913, Total Chunk Time: 0.001 seconds 

Iteration 3 time: 0.004 secs.
Rows Read: 14913, Total Rows Processed: 14913, Total Chunk Time: 0.001 seconds 

Iteration 4 time: 0.011 secs.
Rows Read: 14913, Total Rows Processed: 14913, Total Chunk Time: 0.002 seconds 

Iteration 5 time: 0.007 secs.

Elapsed computation time: 0.074 secs.
Rows Read: 14913, Total Rows Processed: 14913, Total Chunk Time: 0.001 seconds 

Starting values (iteration 1) time: 0.012 secs.
Rows Read: 14913, Total Rows Processed: 14913, Total Chunk Time: Less than .001 seconds 

Iteration 2 time: 0.024 secs.

Elapsed computation time: 0.051 secs.
Rows Read: 14913, Total Rows Processed: 14913, Total Chunk Time: 0.002 seconds 

Starting values (iteration 1) time: 0.009 secs.
Rows Read: 14913, Total Rows Processed: 14913, Total Chunk Time: Less than .001 seconds 

Iteration 2 time: 0.016 secs.
Rows Read: 14913, Total Rows Processed: 14913, Total Chunk Time: 0.002 seconds 

Iteration 3 time: 0.007 secs.
Rows Read: 14913, Total Rows Processed: 14913, Total Chunk Time: 0.002 seconds 

Iteration 4 time: 0.010 secs.
Rows Read: 14913, Total Rows Processed: 14913, Total Chunk Time: 0.002 seconds 

Iteration 5 time: 0.005 secs.

Elapsed computation time: 0.086 secs.

Elapsed computation time: 0.246 secs.
[1] "--------------------------------------------------------------------------------"
[1] "analyze.results.glm.step="
Logistic Regression Results for: RaceHorse.IsHitA ~
    DataMiningTaisen.TmScoreSdv
Data: data
Dependent variable(s): RaceHorse.IsHitA
Total independent variables: 2 
Number of valid observations: 14913
Number of missing observations: 0 
 
Coefficients:
                            RaceHorse.IsHitA
(Intercept)                             -2.8
DataMiningTaisen.TmScoreSdv              0.9
[1] "analyze.results.glm.step.summary"
Call:
rxLogit(formula = formula, data = data, variableSelection = analyze.results.glm.step.varsel)

Logistic Regression Results for: RaceHorse.IsHitA ~
    DataMiningTaisen.TmScoreSdv
Data: data
Dependent variable(s): RaceHorse.IsHitA
Total independent variables: 2 
Number of valid observations: 14913
Number of missing observations: 0 
-2*LogLikelihood: 7554.052 (Residual deviance on 14911 degrees of freedom)
 
Coefficients:
                            Estimate Std. Error z value Pr(>|z|)    
(Intercept)                  -2.7832     0.0401   -69.3  2.2e-16 ***
DataMiningTaisen.TmScoreSdv   0.9449     0.0379    24.9  2.2e-16 ***
---
Signif. codes:  0 '***' 0.001 '**' 0.01 '*' 0.05 '.' 0.1 ' ' 1

Condition number of final variance-covariance matrix: 1 
Number of iterations: 5
[1] "--------------------------------------------------------------------------------"
[1] "2022-02-18 23:21:38 --- rxGlm with rxStepControl Finish ---"
[1] "2022-02-18 23:21:38 --- rxStepPlot Start ---"
[1] "pdfFilename=pdf_analyze_glm_DataMiningTaisen_Type13_rxStepPlot.pdf"
[1] "rxStepPlot="
[1] "2022-02-18 23:21:38 --- rxStepPlot Finish ---"
[1] "2022-02-18 23:21:38 --- save.image Start ---"
[1] "save.image"
[1] "rdataFilename=RData_analyze_glm_DataMiningTaisen_Type13.RData"
[1] "2022-02-18 23:21:38 --- save.image Finish ---"
[1] "2022-02-18 23:21:38 --- final Start ---"
[1] "--------------------------------------------------------------------------------"
[1] "nrow(data) final=14913"
[1] "--------------------------------------------------------------------------------"
[1] "2022-02-18 23:21:38 --- final Finish ---"
[1] "2022-02-18 23:21:38 --- analyze_glm.R Finished ---"
[1] "2022-02-18 23:21:38 --- log Finish ---"
