[1] "2022-02-18 01:43:29 --- D1115_analyze_glm_Odds_IsHitA_Type26 Start ---"
[1] "2022-02-18 01:43:29 --- Log Start ---"
[1] "2022-02-18 01:43:29 --- analyze_glm.R Start ---"
[1] "analyzeVersion=D1115"
[1] "analyzeCategory=analyze"
[1] "analyzeType=Odds"
[1] "analyzeFamily=IsHitA"
[1] "analyzeFunc=glm"
[1] "analyzeTrackTypeCd=2"
[1] "analyzeJyokenCd=6"
[1] "2022-02-18 01:43:29 --- source_function.R Start ---"
[1] "2022-02-18 01:43:29 --- source_function.R Finished ---"

> print(paste0(Sys.time(), " --- source_library.R Start ---"))
[1] "2022-02-18 01:43:29 --- source_library.R Start ---"

> require("RevoScaleR")

> print(paste0(Sys.time(), " --- source_library.R Finished ---"))
[1] "2022-02-18 01:43:34 --- source_library.R Finished ---"
[1] "2022-02-18 01:43:34 --- RxSqlServerData Start ---"
[1] "2022-02-18 01:43:34 --- RxInSqlServer Start ---"
[1] "2022-02-18 01:43:34 --- RxInSqlServer Finish ---"
[1] "2022-02-18 01:43:34 --- rxSetComputeContext Start ---"
[1] "2022-02-18 01:43:34 --- rxSetComputeContext Finish ---"
[1] "2022-02-18 01:43:34 --- RxSqlServerData Start ---"
[1] "sqlQuery=SELECT * FROM ViewAnalyzeD1115analyze01OddsType26"
[1] "2022-02-18 01:43:34 --- RxSqlServerData Finish ---"
[1] "2022-02-18 01:43:34 --- rxGetVarInfo Start ---"
[1] "2022-02-18 01:43:34 --- rxGetVarInfo Finish---"
[1] "2022-02-18 01:43:34 --- rxImport Start ---"
Rows Read: 8502, Total Rows Processed: 8502, Total Chunk Time: 0.199 seconds 
[1] "2022-02-18 01:43:35 --- rxImport Finish ---"
[1] "object.size(data) auto=2.1 Mb"
[1] "--------------------------------------------------------------------------------"
[1] "nrow(data) RxSqlServerData=8502"
[1] "--------------------------------------------------------------------------------"
[1] "str(data)="
'data.frame':	8502 obs. of  35 variables:
 $ Race.RaceId                      : Factor w/ 589 levels "20171008-05-04-02-04",..: 1 2 3 4 5 6 7 8 9 10 ...
 $ Race.IsPredictedRace             : logi  TRUE TRUE TRUE TRUE TRUE TRUE ...
 $ Race.IsAnalyzeNormalPastAndFuture: logi  TRUE TRUE TRUE TRUE TRUE TRUE ...
 $ Race.IsAnalyzeNormalPast         : logi  TRUE TRUE TRUE TRUE TRUE FALSE ...
 $ Race.IsAnalyzeNormalFuture       : logi  FALSE FALSE FALSE FALSE FALSE TRUE ...
 $ Race.IsAnalyzeFullPastAndFuture  : logi  TRUE TRUE TRUE TRUE TRUE TRUE ...
 $ Race.IsAnalyzeFullPast           : logi  TRUE TRUE TRUE TRUE TRUE FALSE ...
 $ Race.IsAnalyzeFullFuture         : logi  FALSE FALSE FALSE FALSE FALSE TRUE ...
 $ Race.JyokenCd                    : Factor w/ 1 level "6": 1 1 1 1 1 1 1 1 1 1 ...
 $ Race.JyoType1Cd                  : Factor w/ 74 levels "2-05-1600-3",..: 1 2 2 3 2 4 5 6 7 8 ...
 $ Race.RaceType0Cd                 : Factor w/ 112 levels "2-05-1600-3-6-X-11",..: 1 2 3 4 2 5 6 7 8 9 ...
 $ Race.RaceType1Cd                 : Factor w/ 1 level "2-6-X": 1 1 1 1 1 1 1 1 1 1 ...
 $ Race.RaceType2Cd                 : Factor w/ 1 level "2-6-X": 1 1 1 1 1 1 1 1 1 1 ...
 $ Race.RaceType3Cd                 : Factor w/ 2 levels "6-X-11","6-X-12": 1 1 2 2 1 1 2 1 1 2 ...
 $ Race.RaceType4Cd                 : Factor w/ 2 levels "2-6-11","2-6-12": 1 1 2 2 1 1 2 1 1 2 ...
 $ RaceHorse.RaceId                 : Factor w/ 589 levels "20171008-05-04-02-04",..: 1 2 3 4 5 6 7 8 9 10 ...
 $ RaceHorse.KettoNum               : Factor w/ 8480 levels "2015102847","2016101636",..: 1 2 3 4 5 6 7 8 9 10 ...
 $ RaceHorse.IsHit1                 : int  0 1 0 0 0 0 1 1 0 0 ...
 $ RaceHorse.IsHit2                 : int  0 0 0 0 0 0 0 0 0 0 ...
 $ RaceHorse.IsHit3                 : int  1 0 0 0 0 0 0 0 0 0 ...
 $ RaceHorse.IsHit4                 : int  0 0 0 0 0 0 0 0 1 0 ...
 $ RaceHorse.IsHit5                 : int  0 0 0 0 0 0 0 0 0 0 ...
 $ RaceHorse.IsHit6                 : int  0 0 1 1 1 1 0 0 0 1 ...
 $ RaceHorse.IsValidRaceHorse       : logi  TRUE TRUE TRUE TRUE TRUE TRUE ...
 $ RaceHorse.IsHitA                 : int  0 1 0 0 0 0 1 1 0 0 ...
 $ RaceHorse.IsHitB                 : int  0 1 0 0 0 0 1 1 0 0 ...
 $ RaceHorse.IsHitC                 : int  1 1 0 0 0 0 1 1 0 0 ...
 $ OddsByWin.Odds1                  : num  78.5 51.1 223.4 29.6 34.8 ...
 $ OddsByWin.Ninki                  : num  13 12 14 10 9 10 9 2 1 3 ...
 $ OddsByWin.OddsLog1               : num  4.38 3.95 5.41 3.42 3.58 ...
 $ OddsByWin.OddsRatio1             : num  0.0129 0.02 0.0045 0.035 0.0296 ...
 $ OddsByWin.OddsLogit1             : num  -4.36 -3.93 -5.41 -3.39 -3.55 ...
 $ OddsByWin.ApprovalRate1          : num  0.01274 0.01957 0.00448 0.03378 0.02874 ...
 $ OddsByWin.ApprovalRateLog1       : num  0.01266 0.01938 0.00447 0.03323 0.02833 ...
 $ EOF                              : int  1 1 1 1 1 1 1 1 1 1 ...
[1] "2022-02-18 01:43:36 --- RxSqlServerData Finish ---"
[1] "2022-02-18 01:43:36 --- subset Start ---"
[1] "--------------------------------------------------------------------------------"
[1] "nrow(data) subset before=8502"
[1] "nrow(data) subset after =6857"
[1] "nrow(data) subset diff =1645"
[1] "--------------------------------------------------------------------------------"
[1] "2022-02-18 01:43:36 --- subset Finish---"
[1] "2022-02-18 01:43:36 --- transform Start ---"
[1] "--------------------------------------------------------------------------------"
[1] "nrow(data) transform before=6857"
[1] "nrow(data) transform after=6857"
[1] "nrow(data) transform diff=0"
[1] "--------------------------------------------------------------------------------"
[1] "str(data)="
'data.frame':	6857 obs. of  35 variables:
 $ Race.RaceId                      : Factor w/ 589 levels "20171008-05-04-02-04",..: 1 2 3 4 5 7 8 11 12 13 ...
 $ Race.IsPredictedRace             : logi  TRUE TRUE TRUE TRUE TRUE TRUE ...
 $ Race.IsAnalyzeNormalPastAndFuture: logi  TRUE TRUE TRUE TRUE TRUE TRUE ...
 $ Race.IsAnalyzeNormalPast         : logi  TRUE TRUE TRUE TRUE TRUE TRUE ...
 $ Race.IsAnalyzeNormalFuture       : logi  FALSE FALSE FALSE FALSE FALSE FALSE ...
 $ Race.IsAnalyzeFullPastAndFuture  : logi  TRUE TRUE TRUE TRUE TRUE TRUE ...
 $ Race.IsAnalyzeFullPast           : logi  TRUE TRUE TRUE TRUE TRUE TRUE ...
 $ Race.IsAnalyzeFullFuture         : logi  FALSE FALSE FALSE FALSE FALSE FALSE ...
 $ Race.JyokenCd                    : Factor w/ 1 level "6": 1 1 1 1 1 1 1 1 1 1 ...
 $ Race.JyoType1Cd                  : Factor w/ 74 levels "2-05-1600-3",..: 1 2 2 3 2 5 6 9 10 11 ...
 $ Race.RaceType0Cd                 : Factor w/ 112 levels "2-05-1600-3-6-X-11",..: 1 2 3 4 2 6 7 10 11 12 ...
 $ Race.RaceType1Cd                 : Factor w/ 1 level "2-6-X": 1 1 1 1 1 1 1 1 1 1 ...
 $ Race.RaceType2Cd                 : Factor w/ 1 level "2-6-X": 1 1 1 1 1 1 1 1 1 1 ...
 $ Race.RaceType3Cd                 : Factor w/ 2 levels "6-X-11","6-X-12": 1 1 2 2 1 2 1 2 1 2 ...
 $ Race.RaceType4Cd                 : Factor w/ 2 levels "2-6-11","2-6-12": 1 1 2 2 1 2 1 2 1 2 ...
 $ RaceHorse.RaceId                 : Factor w/ 589 levels "20171008-05-04-02-04",..: 1 2 3 4 5 7 8 11 12 13 ...
 $ RaceHorse.KettoNum               : Factor w/ 8480 levels "2015102847","2016101636",..: 1 2 3 4 5 7 8 11 12 13 ...
 $ RaceHorse.IsHit1                 : int  0 1 0 0 0 1 1 0 0 0 ...
 $ RaceHorse.IsHit2                 : int  0 0 0 0 0 0 0 0 0 0 ...
 $ RaceHorse.IsHit3                 : int  1 0 0 0 0 0 0 0 0 0 ...
 $ RaceHorse.IsHit4                 : int  0 0 0 0 0 0 0 0 0 0 ...
 $ RaceHorse.IsHit5                 : int  0 0 0 0 0 0 0 0 0 0 ...
 $ RaceHorse.IsHit6                 : int  0 0 1 1 1 0 0 1 1 1 ...
 $ RaceHorse.IsValidRaceHorse       : logi  TRUE TRUE TRUE TRUE TRUE TRUE ...
 $ RaceHorse.IsHitA                 : int  0 1 0 0 0 1 1 0 0 0 ...
 $ RaceHorse.IsHitB                 : int  0 1 0 0 0 1 1 0 0 0 ...
 $ RaceHorse.IsHitC                 : int  1 1 0 0 0 1 1 0 0 0 ...
 $ OddsByWin.Odds1                  : num  78.5 51.1 223.4 29.6 34.8 ...
 $ OddsByWin.Ninki                  : num  13 12 14 10 9 9 2 6 7 11 ...
 $ OddsByWin.OddsLog1               : num  4.38 3.95 5.41 3.42 3.58 ...
 $ OddsByWin.OddsRatio1             : num  0.0129 0.02 0.0045 0.035 0.0296 ...
 $ OddsByWin.OddsLogit1             : num  -4.36 -3.93 -5.41 -3.39 -3.55 ...
 $ OddsByWin.ApprovalRate1          : num  0.01274 0.01957 0.00448 0.03378 0.02874 ...
 $ OddsByWin.ApprovalRateLog1       : num  0.01266 0.01938 0.00447 0.03323 0.02833 ...
 $ EOF                              : int  1 1 1 1 1 1 1 1 1 1 ...
NULL
[1] "2022-02-18 01:43:36 --- transform Finish ---"
[1] "2022-02-18 01:43:36 --- na.omit Start ---"
[1] "--------------------------------------------------------------------------------"
[1] "nrow(data) na.omit before=6857"
[1] "nrow(data) na.omit after =6833"
[1] "nrow(data) na.omit diff =24"
[1] "--------------------------------------------------------------------------------"
'data.frame':	6833 obs. of  35 variables:
 $ Race.RaceId                      : Factor w/ 589 levels "20171008-05-04-02-04",..: 1 2 3 4 5 7 8 11 12 13 ...
 $ Race.IsPredictedRace             : logi  TRUE TRUE TRUE TRUE TRUE TRUE ...
 $ Race.IsAnalyzeNormalPastAndFuture: logi  TRUE TRUE TRUE TRUE TRUE TRUE ...
 $ Race.IsAnalyzeNormalPast         : logi  TRUE TRUE TRUE TRUE TRUE TRUE ...
 $ Race.IsAnalyzeNormalFuture       : logi  FALSE FALSE FALSE FALSE FALSE FALSE ...
 $ Race.IsAnalyzeFullPastAndFuture  : logi  TRUE TRUE TRUE TRUE TRUE TRUE ...
 $ Race.IsAnalyzeFullPast           : logi  TRUE TRUE TRUE TRUE TRUE TRUE ...
 $ Race.IsAnalyzeFullFuture         : logi  FALSE FALSE FALSE FALSE FALSE FALSE ...
 $ Race.JyokenCd                    : Factor w/ 1 level "6": 1 1 1 1 1 1 1 1 1 1 ...
 $ Race.JyoType1Cd                  : Factor w/ 74 levels "2-05-1600-3",..: 1 2 2 3 2 5 6 9 10 11 ...
 $ Race.RaceType0Cd                 : Factor w/ 112 levels "2-05-1600-3-6-X-11",..: 1 2 3 4 2 6 7 10 11 12 ...
 $ Race.RaceType1Cd                 : Factor w/ 1 level "2-6-X": 1 1 1 1 1 1 1 1 1 1 ...
 $ Race.RaceType2Cd                 : Factor w/ 1 level "2-6-X": 1 1 1 1 1 1 1 1 1 1 ...
 $ Race.RaceType3Cd                 : Factor w/ 2 levels "6-X-11","6-X-12": 1 1 2 2 1 2 1 2 1 2 ...
 $ Race.RaceType4Cd                 : Factor w/ 2 levels "2-6-11","2-6-12": 1 1 2 2 1 2 1 2 1 2 ...
 $ RaceHorse.RaceId                 : Factor w/ 589 levels "20171008-05-04-02-04",..: 1 2 3 4 5 7 8 11 12 13 ...
 $ RaceHorse.KettoNum               : Factor w/ 8480 levels "2015102847","2016101636",..: 1 2 3 4 5 7 8 11 12 13 ...
 $ RaceHorse.IsHit1                 : int  0 1 0 0 0 1 1 0 0 0 ...
 $ RaceHorse.IsHit2                 : int  0 0 0 0 0 0 0 0 0 0 ...
 $ RaceHorse.IsHit3                 : int  1 0 0 0 0 0 0 0 0 0 ...
 $ RaceHorse.IsHit4                 : int  0 0 0 0 0 0 0 0 0 0 ...
 $ RaceHorse.IsHit5                 : int  0 0 0 0 0 0 0 0 0 0 ...
 $ RaceHorse.IsHit6                 : int  0 0 1 1 1 0 0 1 1 1 ...
 $ RaceHorse.IsValidRaceHorse       : logi  TRUE TRUE TRUE TRUE TRUE TRUE ...
 $ RaceHorse.IsHitA                 : int  0 1 0 0 0 1 1 0 0 0 ...
 $ RaceHorse.IsHitB                 : int  0 1 0 0 0 1 1 0 0 0 ...
 $ RaceHorse.IsHitC                 : int  1 1 0 0 0 1 1 0 0 0 ...
 $ OddsByWin.Odds1                  : num  78.5 51.1 223.4 29.6 34.8 ...
 $ OddsByWin.Ninki                  : num  13 12 14 10 9 9 2 6 7 11 ...
 $ OddsByWin.OddsLog1               : num  4.38 3.95 5.41 3.42 3.58 ...
 $ OddsByWin.OddsRatio1             : num  0.0129 0.02 0.0045 0.035 0.0296 ...
 $ OddsByWin.OddsLogit1             : num  -4.36 -3.93 -5.41 -3.39 -3.55 ...
 $ OddsByWin.ApprovalRate1          : num  0.01274 0.01957 0.00448 0.03378 0.02874 ...
 $ OddsByWin.ApprovalRateLog1       : num  0.01266 0.01938 0.00447 0.03323 0.02833 ...
 $ EOF                              : int  1 1 1 1 1 1 1 1 1 1 ...
 - attr(*, "na.action")= 'omit' Named int  324 464 798 1361 1930 2090 2208 2687 2889 3138 ...
  ..- attr(*, "names")= chr  "416" "595" "1013" "1687" ...
[1] "2022-02-18 01:43:37 --- na.omit Finish ---"
[1] "2022-02-18 01:43:37 --- rxGlm with rxStepControl Start ---"

> print(paste0(Sys.time(), " --- source_logic_glm.R Start ---"))
[1] "2022-02-18 01:43:37 --- source_logic_glm.R Start ---"

> formula <- formula(RaceHorse.IsHitA ~ +1 + OddsByWin.OddsLogit1)

> print(paste0(Sys.time(), " --- source_logic_glm.R Finished ---"))
[1] "2022-02-18 01:43:37 --- source_logic_glm.R Finished ---"
Rows Read: 6833, Total Rows Processed: 6833, Total Chunk Time: Less than .001 seconds 

Starting values (iteration 1) time: 0.009 secs.
Rows Read: 6833, Total Rows Processed: 6833, Total Chunk Time: 0.001 seconds 

Iteration 2 time: 0.005 secs.
Rows Read: 6833, Total Rows Processed: 6833, Total Chunk Time: Less than .001 seconds 

Iteration 3 time: 0.006 secs.
Rows Read: 6833, Total Rows Processed: 6833, Total Chunk Time: Less than .001 seconds 

Iteration 4 time: 0.003 secs.
Rows Read: 6833, Total Rows Processed: 6833, Total Chunk Time: 0.002 seconds 

Iteration 5 time: 0.023 secs.
Rows Read: 6833, Total Rows Processed: 6833, Total Chunk Time: 0.002 seconds 

Iteration 6 time: 0.008 secs.

Elapsed computation time: 0.089 secs.
Rows Read: 6833, Total Rows Processed: 6833, Total Chunk Time: 0.003 seconds 

Starting values (iteration 1) time: 0.012 secs.
Rows Read: 6833, Total Rows Processed: 6833, Total Chunk Time: 0.001 seconds 

Iteration 2 time: 0.010 secs.

Elapsed computation time: 0.053 secs.
Rows Read: 6833, Total Rows Processed: 6833, Total Chunk Time: Less than .001 seconds 

Starting values (iteration 1) time: 0.013 secs.
Rows Read: 6833, Total Rows Processed: 6833, Total Chunk Time: Less than .001 seconds 

Iteration 2 time: 0.020 secs.
Rows Read: 6833, Total Rows Processed: 6833, Total Chunk Time: 0.003 seconds 

Iteration 3 time: 0.014 secs.
Rows Read: 6833, Total Rows Processed: 6833, Total Chunk Time: 0.002 seconds 

Iteration 4 time: 0.016 secs.
Rows Read: 6833, Total Rows Processed: 6833, Total Chunk Time: Less than .001 seconds 

Iteration 5 time: 0.007 secs.
Rows Read: 6833, Total Rows Processed: 6833, Total Chunk Time: 0.002 seconds 

Iteration 6 time: 0.008 secs.

Elapsed computation time: 0.122 secs.

Elapsed computation time: 0.296 secs.
[1] "--------------------------------------------------------------------------------"
[1] "analyze.results.glm.step="
Logistic Regression Results for: RaceHorse.IsHitA ~
    OddsByWin.OddsLogit1
Data: data
Dependent variable(s): RaceHorse.IsHitA
Total independent variables: 2 
Number of valid observations: 6833
Number of missing observations: 0 
 
Coefficients:
                     RaceHorse.IsHitA
(Intercept)                       0.3
OddsByWin.OddsLogit1              1.1
[1] "analyze.results.glm.step.summary"
Call:
rxLogit(formula = formula, data = data, variableSelection = analyze.results.glm.step.varsel)

Logistic Regression Results for: RaceHorse.IsHitA ~
    OddsByWin.OddsLogit1
Data: data
Dependent variable(s): RaceHorse.IsHitA
Total independent variables: 2 
Number of valid observations: 6833
Number of missing observations: 0 
-2*LogLikelihood: 2713.392 (Residual deviance on 6831 degrees of freedom)
 
Coefficients:
                     Estimate Std. Error z value Pr(>|z|)    
(Intercept)            0.2508     0.1125    2.23    0.026 *  
OddsByWin.OddsLogit1   1.1306     0.0518   21.84  2.2e-16 ***
---
Signif. codes:  0 '***' 0.001 '**' 0.01 '*' 0.05 '.' 0.1 ' ' 1

Condition number of final variance-covariance matrix: 1 
Number of iterations: 6
[1] "--------------------------------------------------------------------------------"
[1] "2022-02-18 01:43:37 --- rxGlm with rxStepControl Finish ---"
[1] "2022-02-18 01:43:37 --- rxStepPlot Start ---"
[1] "pdfFilename=pdf_analyze_glm_Odds_Type26_rxStepPlot.pdf"
[1] "rxStepPlot="
[1] "2022-02-18 01:43:37 --- rxStepPlot Finish ---"
[1] "2022-02-18 01:43:37 --- save.image Start ---"
[1] "save.image"
[1] "rdataFilename=RData_analyze_glm_Odds_Type26.RData"
[1] "2022-02-18 01:43:37 --- save.image Finish ---"
[1] "2022-02-18 01:43:37 --- final Start ---"
[1] "--------------------------------------------------------------------------------"
[1] "nrow(data) final=6833"
[1] "--------------------------------------------------------------------------------"
[1] "2022-02-18 01:43:37 --- final Finish ---"
[1] "2022-02-18 01:43:37 --- analyze_glm.R Finished ---"
[1] "2022-02-18 01:43:37 --- log Finish ---"
