[1] "2022-02-18 01:43:36 --- D1115_analyze_glm_Odds_IsHitA_Type31 Start ---"
[1] "2022-02-18 01:43:36 --- Log Start ---"
[1] "2022-02-18 01:43:36 --- analyze_glm.R Start ---"
[1] "analyzeVersion=D1115"
[1] "analyzeCategory=analyze"
[1] "analyzeType=Odds"
[1] "analyzeFamily=IsHitA"
[1] "analyzeFunc=glm"
[1] "analyzeTrackTypeCd=3"
[1] "analyzeJyokenCd=1"
[1] "2022-02-18 01:43:36 --- source_function.R Start ---"
[1] "2022-02-18 01:43:36 --- source_function.R Finished ---"

> print(paste0(Sys.time(), " --- source_library.R Start ---"))
[1] "2022-02-18 01:43:36 --- source_library.R Start ---"

> require("RevoScaleR")

> print(paste0(Sys.time(), " --- source_library.R Finished ---"))
[1] "2022-02-18 01:43:41 --- source_library.R Finished ---"
[1] "2022-02-18 01:43:41 --- RxSqlServerData Start ---"
[1] "2022-02-18 01:43:41 --- RxInSqlServer Start ---"
[1] "2022-02-18 01:43:41 --- RxInSqlServer Finish ---"
[1] "2022-02-18 01:43:41 --- rxSetComputeContext Start ---"
[1] "2022-02-18 01:43:41 --- rxSetComputeContext Finish ---"
[1] "2022-02-18 01:43:41 --- RxSqlServerData Start ---"
[1] "sqlQuery=SELECT * FROM ViewAnalyzeD1115analyze01OddsType31"
[1] "2022-02-18 01:43:41 --- RxSqlServerData Finish ---"
[1] "2022-02-18 01:43:41 --- rxGetVarInfo Start ---"
[1] "2022-02-18 01:43:41 --- rxGetVarInfo Finish---"
[1] "2022-02-18 01:43:41 --- rxImport Start ---"
Rows Read: 3085, Total Rows Processed: 3085, Total Chunk Time: 0.093 seconds 
[1] "2022-02-18 01:43:45 --- rxImport Finish ---"
[1] "object.size(data) auto=613.2 Kb"
[1] "--------------------------------------------------------------------------------"
[1] "nrow(data) RxSqlServerData=3085"
[1] "--------------------------------------------------------------------------------"
[1] "str(data)="
'data.frame':	3085 obs. of  35 variables:
 $ Race.RaceId                      : Factor w/ 259 levels "20170318-07-02-03-05",..: 11 12 13 14 15 16 17 18 19 20 ...
 $ Race.IsPredictedRace             : logi  TRUE TRUE TRUE TRUE TRUE TRUE ...
 $ Race.IsAnalyzeNormalPastAndFuture: logi  TRUE TRUE TRUE TRUE TRUE TRUE ...
 $ Race.IsAnalyzeNormalPast         : logi  TRUE TRUE TRUE TRUE TRUE TRUE ...
 $ Race.IsAnalyzeNormalFuture       : logi  FALSE FALSE FALSE FALSE FALSE FALSE ...
 $ Race.IsAnalyzeFullPastAndFuture  : logi  TRUE TRUE TRUE TRUE TRUE TRUE ...
 $ Race.IsAnalyzeFullPast           : logi  TRUE TRUE TRUE TRUE TRUE TRUE ...
 $ Race.IsAnalyzeFullFuture         : logi  FALSE FALSE FALSE FALSE FALSE FALSE ...
 $ Race.JyokenCd                    : Factor w/ 1 level "1": 1 1 1 1 1 1 1 1 1 1 ...
 $ Race.JyoType1Cd                  : Factor w/ 60 levels "3-07-3300-1",..: 9 10 11 12 13 6 13 8 14 15 ...
 $ Race.RaceType0Cd                 : Factor w/ 92 levels "3-07-3300-1-1-X-19",..: 11 12 13 14 15 16 15 10 17 18 ...
 $ Race.RaceType1Cd                 : Factor w/ 5 levels "3-1-X","3-1-H",..: 1 1 2 1 1 3 1 3 1 1 ...
 $ Race.RaceType2Cd                 : Factor w/ 5 levels "3-1-X","3-1-H",..: 1 1 2 1 1 3 1 3 1 1 ...
 $ Race.RaceType3Cd                 : Factor w/ 9 levels "1-X-19","1-H-18",..: 1 1 2 3 1 4 1 5 1 3 ...
 $ Race.RaceType4Cd                 : Factor w/ 2 levels "3-1-19","3-1-18": 1 1 2 2 1 1 1 2 1 2 ...
 $ RaceHorse.RaceId                 : Factor w/ 259 levels "20170318-07-02-03-05",..: 11 12 13 14 15 16 17 18 19 20 ...
 $ RaceHorse.KettoNum               : Factor w/ 565 levels "2009106336","2013105103",..: 10 11 12 13 14 15 16 17 18 19 ...
 $ RaceHorse.IsHit1                 : int  0 0 0 0 0 0 0 0 0 0 ...
 $ RaceHorse.IsHit2                 : int  0 0 0 0 0 0 0 0 0 0 ...
 $ RaceHorse.IsHit3                 : int  0 0 0 0 0 1 0 0 0 0 ...
 $ RaceHorse.IsHit4                 : int  0 0 0 0 0 0 0 0 0 1 ...
 $ RaceHorse.IsHit5                 : int  0 0 0 0 0 0 0 0 0 0 ...
 $ RaceHorse.IsHit6                 : int  1 1 1 1 1 0 1 1 1 0 ...
 $ RaceHorse.IsValidRaceHorse       : logi  TRUE TRUE TRUE TRUE TRUE TRUE ...
 $ RaceHorse.IsHitA                 : int  0 0 0 0 0 0 0 0 0 0 ...
 $ RaceHorse.IsHitB                 : int  0 0 0 0 0 0 0 0 0 0 ...
 $ RaceHorse.IsHitC                 : int  0 0 0 0 0 1 0 0 0 0 ...
 $ OddsByWin.Odds1                  : num  32.5 4.8 1.9 19.1 23.9 ...
 $ OddsByWin.Ninki                  : num  9 2 1 7 8 13 9 11 12 4 ...
 $ OddsByWin.OddsLog1               : num  3.51 1.76 1.06 3 3.21 ...
 $ OddsByWin.OddsRatio1             : num  0.0317 0.2632 1.1111 0.0552 0.0437 ...
 $ OddsByWin.OddsLogit1             : num  -3.481 -1.569 -0.642 -2.95 -3.174 ...
 $ OddsByWin.ApprovalRate1          : num  0.0308 0.2083 0.5263 0.0524 0.0418 ...
 $ OddsByWin.ApprovalRateLog1       : num  0.0303 0.1892 0.4229 0.051 0.041 ...
 $ EOF                              : int  1 1 1 1 1 1 1 1 1 1 ...
[1] "2022-02-18 01:43:46 --- RxSqlServerData Finish ---"
[1] "2022-02-18 01:43:46 --- subset Start ---"
[1] "--------------------------------------------------------------------------------"
[1] "nrow(data) subset before=3085"
[1] "nrow(data) subset after =2534"
[1] "nrow(data) subset diff =551"
[1] "--------------------------------------------------------------------------------"
[1] "2022-02-18 01:43:46 --- subset Finish---"
[1] "2022-02-18 01:43:46 --- transform Start ---"
[1] "--------------------------------------------------------------------------------"
[1] "nrow(data) transform before=2534"
[1] "nrow(data) transform after=2534"
[1] "nrow(data) transform diff=0"
[1] "--------------------------------------------------------------------------------"
[1] "str(data)="
'data.frame':	2534 obs. of  35 variables:
 $ Race.RaceId                      : Factor w/ 259 levels "20170318-07-02-03-05",..: 11 12 13 14 15 16 17 18 19 20 ...
 $ Race.IsPredictedRace             : logi  TRUE TRUE TRUE TRUE TRUE TRUE ...
 $ Race.IsAnalyzeNormalPastAndFuture: logi  TRUE TRUE TRUE TRUE TRUE TRUE ...
 $ Race.IsAnalyzeNormalPast         : logi  TRUE TRUE TRUE TRUE TRUE TRUE ...
 $ Race.IsAnalyzeNormalFuture       : logi  FALSE FALSE FALSE FALSE FALSE FALSE ...
 $ Race.IsAnalyzeFullPastAndFuture  : logi  TRUE TRUE TRUE TRUE TRUE TRUE ...
 $ Race.IsAnalyzeFullPast           : logi  TRUE TRUE TRUE TRUE TRUE TRUE ...
 $ Race.IsAnalyzeFullFuture         : logi  FALSE FALSE FALSE FALSE FALSE FALSE ...
 $ Race.JyokenCd                    : Factor w/ 1 level "1": 1 1 1 1 1 1 1 1 1 1 ...
 $ Race.JyoType1Cd                  : Factor w/ 60 levels "3-07-3300-1",..: 9 10 11 12 13 6 13 8 14 15 ...
 $ Race.RaceType0Cd                 : Factor w/ 92 levels "3-07-3300-1-1-X-19",..: 11 12 13 14 15 16 15 10 17 18 ...
 $ Race.RaceType1Cd                 : Factor w/ 5 levels "3-1-X","3-1-H",..: 1 1 2 1 1 3 1 3 1 1 ...
 $ Race.RaceType2Cd                 : Factor w/ 5 levels "3-1-X","3-1-H",..: 1 1 2 1 1 3 1 3 1 1 ...
 $ Race.RaceType3Cd                 : Factor w/ 9 levels "1-X-19","1-H-18",..: 1 1 2 3 1 4 1 5 1 3 ...
 $ Race.RaceType4Cd                 : Factor w/ 2 levels "3-1-19","3-1-18": 1 1 2 2 1 1 1 2 1 2 ...
 $ RaceHorse.RaceId                 : Factor w/ 259 levels "20170318-07-02-03-05",..: 11 12 13 14 15 16 17 18 19 20 ...
 $ RaceHorse.KettoNum               : Factor w/ 565 levels "2009106336","2013105103",..: 10 11 12 13 14 15 16 17 18 19 ...
 $ RaceHorse.IsHit1                 : int  0 0 0 0 0 0 0 0 0 0 ...
 $ RaceHorse.IsHit2                 : int  0 0 0 0 0 0 0 0 0 0 ...
 $ RaceHorse.IsHit3                 : int  0 0 0 0 0 1 0 0 0 0 ...
 $ RaceHorse.IsHit4                 : int  0 0 0 0 0 0 0 0 0 1 ...
 $ RaceHorse.IsHit5                 : int  0 0 0 0 0 0 0 0 0 0 ...
 $ RaceHorse.IsHit6                 : int  1 1 1 1 1 0 1 1 1 0 ...
 $ RaceHorse.IsValidRaceHorse       : logi  TRUE TRUE TRUE TRUE TRUE TRUE ...
 $ RaceHorse.IsHitA                 : int  0 0 0 0 0 0 0 0 0 0 ...
 $ RaceHorse.IsHitB                 : int  0 0 0 0 0 0 0 0 0 0 ...
 $ RaceHorse.IsHitC                 : int  0 0 0 0 0 1 0 0 0 0 ...
 $ OddsByWin.Odds1                  : num  32.5 4.8 1.9 19.1 23.9 ...
 $ OddsByWin.Ninki                  : num  9 2 1 7 8 13 9 11 12 4 ...
 $ OddsByWin.OddsLog1               : num  3.51 1.76 1.06 3 3.21 ...
 $ OddsByWin.OddsRatio1             : num  0.0317 0.2632 1.1111 0.0552 0.0437 ...
 $ OddsByWin.OddsLogit1             : num  -3.481 -1.569 -0.642 -2.95 -3.174 ...
 $ OddsByWin.ApprovalRate1          : num  0.0308 0.2083 0.5263 0.0524 0.0418 ...
 $ OddsByWin.ApprovalRateLog1       : num  0.0303 0.1892 0.4229 0.051 0.041 ...
 $ EOF                              : int  1 1 1 1 1 1 1 1 1 1 ...
NULL
[1] "2022-02-18 01:43:46 --- transform Finish ---"
[1] "2022-02-18 01:43:46 --- na.omit Start ---"
[1] "--------------------------------------------------------------------------------"
[1] "nrow(data) na.omit before=2534"
[1] "nrow(data) na.omit after =2527"
[1] "nrow(data) na.omit diff =7"
[1] "--------------------------------------------------------------------------------"
'data.frame':	2527 obs. of  35 variables:
 $ Race.RaceId                      : Factor w/ 259 levels "20170318-07-02-03-05",..: 11 12 13 14 15 16 17 18 19 20 ...
 $ Race.IsPredictedRace             : logi  TRUE TRUE TRUE TRUE TRUE TRUE ...
 $ Race.IsAnalyzeNormalPastAndFuture: logi  TRUE TRUE TRUE TRUE TRUE TRUE ...
 $ Race.IsAnalyzeNormalPast         : logi  TRUE TRUE TRUE TRUE TRUE TRUE ...
 $ Race.IsAnalyzeNormalFuture       : logi  FALSE FALSE FALSE FALSE FALSE FALSE ...
 $ Race.IsAnalyzeFullPastAndFuture  : logi  TRUE TRUE TRUE TRUE TRUE TRUE ...
 $ Race.IsAnalyzeFullPast           : logi  TRUE TRUE TRUE TRUE TRUE TRUE ...
 $ Race.IsAnalyzeFullFuture         : logi  FALSE FALSE FALSE FALSE FALSE FALSE ...
 $ Race.JyokenCd                    : Factor w/ 1 level "1": 1 1 1 1 1 1 1 1 1 1 ...
 $ Race.JyoType1Cd                  : Factor w/ 60 levels "3-07-3300-1",..: 9 10 11 12 13 6 13 8 14 15 ...
 $ Race.RaceType0Cd                 : Factor w/ 92 levels "3-07-3300-1-1-X-19",..: 11 12 13 14 15 16 15 10 17 18 ...
 $ Race.RaceType1Cd                 : Factor w/ 5 levels "3-1-X","3-1-H",..: 1 1 2 1 1 3 1 3 1 1 ...
 $ Race.RaceType2Cd                 : Factor w/ 5 levels "3-1-X","3-1-H",..: 1 1 2 1 1 3 1 3 1 1 ...
 $ Race.RaceType3Cd                 : Factor w/ 9 levels "1-X-19","1-H-18",..: 1 1 2 3 1 4 1 5 1 3 ...
 $ Race.RaceType4Cd                 : Factor w/ 2 levels "3-1-19","3-1-18": 1 1 2 2 1 1 1 2 1 2 ...
 $ RaceHorse.RaceId                 : Factor w/ 259 levels "20170318-07-02-03-05",..: 11 12 13 14 15 16 17 18 19 20 ...
 $ RaceHorse.KettoNum               : Factor w/ 565 levels "2009106336","2013105103",..: 10 11 12 13 14 15 16 17 18 19 ...
 $ RaceHorse.IsHit1                 : int  0 0 0 0 0 0 0 0 0 0 ...
 $ RaceHorse.IsHit2                 : int  0 0 0 0 0 0 0 0 0 0 ...
 $ RaceHorse.IsHit3                 : int  0 0 0 0 0 1 0 0 0 0 ...
 $ RaceHorse.IsHit4                 : int  0 0 0 0 0 0 0 0 0 1 ...
 $ RaceHorse.IsHit5                 : int  0 0 0 0 0 0 0 0 0 0 ...
 $ RaceHorse.IsHit6                 : int  1 1 1 1 1 0 1 1 1 0 ...
 $ RaceHorse.IsValidRaceHorse       : logi  TRUE TRUE TRUE TRUE TRUE TRUE ...
 $ RaceHorse.IsHitA                 : int  0 0 0 0 0 0 0 0 0 0 ...
 $ RaceHorse.IsHitB                 : int  0 0 0 0 0 0 0 0 0 0 ...
 $ RaceHorse.IsHitC                 : int  0 0 0 0 0 1 0 0 0 0 ...
 $ OddsByWin.Odds1                  : num  32.5 4.8 1.9 19.1 23.9 ...
 $ OddsByWin.Ninki                  : num  9 2 1 7 8 13 9 11 12 4 ...
 $ OddsByWin.OddsLog1               : num  3.51 1.76 1.06 3 3.21 ...
 $ OddsByWin.OddsRatio1             : num  0.0317 0.2632 1.1111 0.0552 0.0437 ...
 $ OddsByWin.OddsLogit1             : num  -3.481 -1.569 -0.642 -2.95 -3.174 ...
 $ OddsByWin.ApprovalRate1          : num  0.0308 0.2083 0.5263 0.0524 0.0418 ...
 $ OddsByWin.ApprovalRateLog1       : num  0.0303 0.1892 0.4229 0.051 0.041 ...
 $ EOF                              : int  1 1 1 1 1 1 1 1 1 1 ...
 - attr(*, "na.action")= 'omit' Named int  31 714 1289 1371 1488 1550 1934
  ..- attr(*, "names")= chr  "36" "879" "1568" "1665" ...
[1] "2022-02-18 01:43:47 --- na.omit Finish ---"
[1] "2022-02-18 01:43:47 --- rxGlm with rxStepControl Start ---"

> print(paste0(Sys.time(), " --- source_logic_glm.R Start ---"))
[1] "2022-02-18 01:43:47 --- source_logic_glm.R Start ---"

> formula <- formula(RaceHorse.IsHitA ~ +1 + OddsByWin.OddsLogit1)

> print(paste0(Sys.time(), " --- source_logic_glm.R Finished ---"))
[1] "2022-02-18 01:43:47 --- source_logic_glm.R Finished ---"
Rows Read: 2527, Total Rows Processed: 2527, Total Chunk Time: Less than .001 seconds 

Starting values (iteration 1) time: 0.026 secs.
Rows Read: 2527, Total Rows Processed: 2527, Total Chunk Time: Less than .001 seconds 

Iteration 2 time: 0.008 secs.
Rows Read: 2527, Total Rows Processed: 2527, Total Chunk Time: 0.001 seconds 

Iteration 3 time: 0.012 secs.
Rows Read: 2527, Total Rows Processed: 2527, Total Chunk Time: Less than .001 seconds 

Iteration 4 time: 0.006 secs.
Rows Read: 2527, Total Rows Processed: 2527, Total Chunk Time: 0.001 seconds 

Iteration 5 time: 0.005 secs.
Rows Read: 2527, Total Rows Processed: 2527, Total Chunk Time: Less than .001 seconds 

Iteration 6 time: 0.009 secs.

Elapsed computation time: 0.115 secs.
Rows Read: 2527, Total Rows Processed: 2527, Total Chunk Time: 0.001 seconds 

Starting values (iteration 1) time: 0.005 secs.
Rows Read: 2527, Total Rows Processed: 2527, Total Chunk Time: 0.001 seconds 

Iteration 2 time: 0.009 secs.

Elapsed computation time: 0.026 secs.
Rows Read: 2527, Total Rows Processed: 2527, Total Chunk Time: Less than .001 seconds 

Starting values (iteration 1) time: 0.005 secs.
Rows Read: 2527, Total Rows Processed: 2527, Total Chunk Time: 0.001 seconds 

Iteration 2 time: 0.010 secs.
Rows Read: 2527, Total Rows Processed: 2527, Total Chunk Time: 0.001 seconds 

Iteration 3 time: 0.009 secs.
Rows Read: 2527, Total Rows Processed: 2527, Total Chunk Time: 0.002 seconds 

Iteration 4 time: 0.011 secs.
Rows Read: 2527, Total Rows Processed: 2527, Total Chunk Time: 0.001 seconds 

Iteration 5 time: 0.015 secs.
Rows Read: 2527, Total Rows Processed: 2527, Total Chunk Time: 0.002 seconds 

Iteration 6 time: 0.006 secs.

Elapsed computation time: 0.097 secs.

Elapsed computation time: 0.257 secs.
[1] "--------------------------------------------------------------------------------"
[1] "analyze.results.glm.step="
Logistic Regression Results for: RaceHorse.IsHitA ~
    OddsByWin.OddsLogit1
Data: data
Dependent variable(s): RaceHorse.IsHitA
Total independent variables: 2 
Number of valid observations: 2527
Number of missing observations: 0 
 
Coefficients:
                     RaceHorse.IsHitA
(Intercept)                       0.2
OddsByWin.OddsLogit1              1.1
[1] "analyze.results.glm.step.summary"
Call:
rxLogit(formula = formula, data = data, variableSelection = analyze.results.glm.step.varsel)

Logistic Regression Results for: RaceHorse.IsHitA ~
    OddsByWin.OddsLogit1
Data: data
Dependent variable(s): RaceHorse.IsHitA
Total independent variables: 2 
Number of valid observations: 2527
Number of missing observations: 0 
-2*LogLikelihood: 1189.352 (Residual deviance on 2525 degrees of freedom)
 
Coefficients:
                     Estimate Std. Error z value Pr(>|z|)    
(Intercept)            0.1703     0.1630    1.05      0.3    
OddsByWin.OddsLogit1   1.0965     0.0789   13.90  2.2e-16 ***
---
Signif. codes:  0 '***' 0.001 '**' 0.01 '*' 0.05 '.' 0.1 ' ' 1

Condition number of final variance-covariance matrix: 1 
Number of iterations: 6
[1] "--------------------------------------------------------------------------------"
[1] "2022-02-18 01:43:47 --- rxGlm with rxStepControl Finish ---"
[1] "2022-02-18 01:43:47 --- rxStepPlot Start ---"
[1] "pdfFilename=pdf_analyze_glm_Odds_Type31_rxStepPlot.pdf"
[1] "rxStepPlot="
[1] "2022-02-18 01:43:47 --- rxStepPlot Finish ---"
[1] "2022-02-18 01:43:47 --- save.image Start ---"
[1] "save.image"
[1] "rdataFilename=RData_analyze_glm_Odds_Type31.RData"
[1] "2022-02-18 01:43:48 --- save.image Finish ---"
[1] "2022-02-18 01:43:48 --- final Start ---"
[1] "--------------------------------------------------------------------------------"
[1] "nrow(data) final=2527"
[1] "--------------------------------------------------------------------------------"
[1] "2022-02-18 01:43:48 --- final Finish ---"
[1] "2022-02-18 01:43:48 --- analyze_glm.R Finished ---"
[1] "2022-02-18 01:43:48 --- log Finish ---"
