[1] "2022-02-18 01:42:47 --- D1115_analyze_glm_Odds_IsHitA_Type12 Start ---"
[1] "2022-02-18 01:42:47 --- Log Start ---"
[1] "2022-02-18 01:42:47 --- analyze_glm.R Start ---"
[1] "analyzeVersion=D1115"
[1] "analyzeCategory=analyze"
[1] "analyzeType=Odds"
[1] "analyzeFamily=IsHitA"
[1] "analyzeFunc=glm"
[1] "analyzeTrackTypeCd=1"
[1] "analyzeJyokenCd=2"
[1] "2022-02-18 01:42:47 --- source_function.R Start ---"
[1] "2022-02-18 01:42:47 --- source_function.R Finished ---"

> print(paste0(Sys.time(), " --- source_library.R Start ---"))
[1] "2022-02-18 01:42:47 --- source_library.R Start ---"

> require("RevoScaleR")

> print(paste0(Sys.time(), " --- source_library.R Finished ---"))
[1] "2022-02-18 01:42:56 --- source_library.R Finished ---"
[1] "2022-02-18 01:42:56 --- RxSqlServerData Start ---"
[1] "2022-02-18 01:42:56 --- RxInSqlServer Start ---"
[1] "2022-02-18 01:42:56 --- RxInSqlServer Finish ---"
[1] "2022-02-18 01:42:56 --- rxSetComputeContext Start ---"
[1] "2022-02-18 01:42:56 --- rxSetComputeContext Finish ---"
[1] "2022-02-18 01:42:56 --- RxSqlServerData Start ---"
[1] "sqlQuery=SELECT * FROM ViewAnalyzeD1115analyze01OddsType12"
[1] "2022-02-18 01:42:56 --- RxSqlServerData Finish ---"
[1] "2022-02-18 01:42:56 --- rxGetVarInfo Start ---"
[1] "2022-02-18 01:42:56 --- rxGetVarInfo Finish---"
[1] "2022-02-18 01:42:56 --- rxImport Start ---"
Rows Read: 8601, Total Rows Processed: 8601, Total Chunk Time: 0.254 seconds 
[1] "2022-02-18 01:43:01 --- rxImport Finish ---"
[1] "object.size(data) auto=1.6 Mb"
[1] "--------------------------------------------------------------------------------"
[1] "nrow(data) RxSqlServerData=8601"
[1] "--------------------------------------------------------------------------------"
[1] "str(data)="
'data.frame':	8601 obs. of  35 variables:
 $ Race.RaceId                      : Factor w/ 660 levels "20211010-09-04-02-10",..: 10 11 12 13 14 15 16 17 18 19 ...
 $ Race.IsPredictedRace             : logi  TRUE TRUE TRUE TRUE TRUE TRUE ...
 $ Race.IsAnalyzeNormalPastAndFuture: logi  TRUE TRUE TRUE TRUE TRUE TRUE ...
 $ Race.IsAnalyzeNormalPast         : logi  TRUE TRUE TRUE TRUE TRUE TRUE ...
 $ Race.IsAnalyzeNormalFuture       : logi  FALSE FALSE FALSE FALSE FALSE FALSE ...
 $ Race.IsAnalyzeFullPastAndFuture  : logi  TRUE TRUE TRUE TRUE TRUE TRUE ...
 $ Race.IsAnalyzeFullPast           : logi  TRUE TRUE TRUE TRUE TRUE TRUE ...
 $ Race.IsAnalyzeFullFuture         : logi  FALSE FALSE FALSE FALSE FALSE FALSE ...
 $ Race.JyokenCd                    : Factor w/ 1 level "2": 1 1 1 1 1 1 1 1 1 1 ...
 $ Race.JyoType1Cd                  : Factor w/ 122 levels "1-09-1400-1",..: 10 11 12 13 8 14 14 15 16 17 ...
 $ Race.RaceType0Cd                 : Factor w/ 178 levels "1-09-1400-1-2-E-13",..: 10 11 12 13 14 15 16 17 18 19 ...
 $ Race.RaceType1Cd                 : Factor w/ 1 level "1-2-E": 1 1 1 1 1 1 1 1 1 1 ...
 $ Race.RaceType2Cd                 : Factor w/ 1 level "1-2-E": 1 1 1 1 1 1 1 1 1 1 ...
 $ Race.RaceType3Cd                 : Factor w/ 2 levels "2-E-13","2-E-14": 2 2 2 2 1 1 2 1 1 1 ...
 $ Race.RaceType4Cd                 : Factor w/ 2 levels "1-2-13","1-2-14": 2 2 2 2 1 1 2 1 1 1 ...
 $ RaceHorse.RaceId                 : Factor w/ 660 levels "20211010-09-04-02-10",..: 10 11 12 13 14 15 16 17 18 19 ...
 $ RaceHorse.KettoNum               : Factor w/ 1759 levels "2014100555","2017100316",..: 11 12 13 14 15 16 17 18 19 20 ...
 $ RaceHorse.IsHit1                 : int  0 0 0 0 0 0 0 0 1 0 ...
 $ RaceHorse.IsHit2                 : int  0 0 0 0 0 0 1 0 0 1 ...
 $ RaceHorse.IsHit3                 : int  1 0 0 0 0 0 0 0 0 0 ...
 $ RaceHorse.IsHit4                 : int  0 0 0 0 0 0 0 1 0 0 ...
 $ RaceHorse.IsHit5                 : int  0 0 0 0 0 0 0 0 0 0 ...
 $ RaceHorse.IsHit6                 : int  0 1 1 1 1 1 0 0 0 0 ...
 $ RaceHorse.IsValidRaceHorse       : logi  TRUE TRUE TRUE TRUE TRUE TRUE ...
 $ RaceHorse.IsHitA                 : int  0 0 0 0 0 0 0 0 1 0 ...
 $ RaceHorse.IsHitB                 : int  0 0 0 0 0 0 1 0 1 1 ...
 $ RaceHorse.IsHitC                 : int  1 0 0 0 0 0 1 0 1 1 ...
 $ OddsByWin.Odds1                  : num  26.4 8.4 18.3 8.4 26.6 53.1 2.7 26.7 9.4 9.3 ...
 $ OddsByWin.Ninki                  : num  7 5 8 4 7 14 1 8 6 4 ...
 $ OddsByWin.OddsLog1               : num  3.31 2.24 2.96 2.24 3.32 ...
 $ OddsByWin.OddsRatio1             : num  0.0394 0.1351 0.0578 0.1351 0.0391 ...
 $ OddsByWin.OddsLogit1             : num  -3.27 -2.13 -2.91 -2.13 -3.28 ...
 $ OddsByWin.ApprovalRate1          : num  0.0379 0.119 0.0546 0.119 0.0376 ...
 $ OddsByWin.ApprovalRateLog1       : num  0.0372 0.1125 0.0532 0.1125 0.0369 ...
 $ EOF                              : int  1 1 1 1 1 1 1 1 1 1 ...
[1] "2022-02-18 01:43:01 --- RxSqlServerData Finish ---"
[1] "2022-02-18 01:43:01 --- subset Start ---"
[1] "--------------------------------------------------------------------------------"
[1] "nrow(data) subset before=8601"
[1] "nrow(data) subset after =6809"
[1] "nrow(data) subset diff =1792"
[1] "--------------------------------------------------------------------------------"
[1] "2022-02-18 01:43:01 --- subset Finish---"
[1] "2022-02-18 01:43:01 --- transform Start ---"
[1] "--------------------------------------------------------------------------------"
[1] "nrow(data) transform before=6809"
[1] "nrow(data) transform after=6809"
[1] "nrow(data) transform diff=0"
[1] "--------------------------------------------------------------------------------"
[1] "str(data)="
'data.frame':	6809 obs. of  35 variables:
 $ Race.RaceId                      : Factor w/ 660 levels "20211010-09-04-02-10",..: 10 11 12 13 14 15 16 17 18 19 ...
 $ Race.IsPredictedRace             : logi  TRUE TRUE TRUE TRUE TRUE TRUE ...
 $ Race.IsAnalyzeNormalPastAndFuture: logi  TRUE TRUE TRUE TRUE TRUE TRUE ...
 $ Race.IsAnalyzeNormalPast         : logi  TRUE TRUE TRUE TRUE TRUE TRUE ...
 $ Race.IsAnalyzeNormalFuture       : logi  FALSE FALSE FALSE FALSE FALSE FALSE ...
 $ Race.IsAnalyzeFullPastAndFuture  : logi  TRUE TRUE TRUE TRUE TRUE TRUE ...
 $ Race.IsAnalyzeFullPast           : logi  TRUE TRUE TRUE TRUE TRUE TRUE ...
 $ Race.IsAnalyzeFullFuture         : logi  FALSE FALSE FALSE FALSE FALSE FALSE ...
 $ Race.JyokenCd                    : Factor w/ 1 level "2": 1 1 1 1 1 1 1 1 1 1 ...
 $ Race.JyoType1Cd                  : Factor w/ 122 levels "1-09-1400-1",..: 10 11 12 13 8 14 14 15 16 17 ...
 $ Race.RaceType0Cd                 : Factor w/ 178 levels "1-09-1400-1-2-E-13",..: 10 11 12 13 14 15 16 17 18 19 ...
 $ Race.RaceType1Cd                 : Factor w/ 1 level "1-2-E": 1 1 1 1 1 1 1 1 1 1 ...
 $ Race.RaceType2Cd                 : Factor w/ 1 level "1-2-E": 1 1 1 1 1 1 1 1 1 1 ...
 $ Race.RaceType3Cd                 : Factor w/ 2 levels "2-E-13","2-E-14": 2 2 2 2 1 1 2 1 1 1 ...
 $ Race.RaceType4Cd                 : Factor w/ 2 levels "1-2-13","1-2-14": 2 2 2 2 1 1 2 1 1 1 ...
 $ RaceHorse.RaceId                 : Factor w/ 660 levels "20211010-09-04-02-10",..: 10 11 12 13 14 15 16 17 18 19 ...
 $ RaceHorse.KettoNum               : Factor w/ 1759 levels "2014100555","2017100316",..: 11 12 13 14 15 16 17 18 19 20 ...
 $ RaceHorse.IsHit1                 : int  0 0 0 0 0 0 0 0 1 0 ...
 $ RaceHorse.IsHit2                 : int  0 0 0 0 0 0 1 0 0 1 ...
 $ RaceHorse.IsHit3                 : int  1 0 0 0 0 0 0 0 0 0 ...
 $ RaceHorse.IsHit4                 : int  0 0 0 0 0 0 0 1 0 0 ...
 $ RaceHorse.IsHit5                 : int  0 0 0 0 0 0 0 0 0 0 ...
 $ RaceHorse.IsHit6                 : int  0 1 1 1 1 1 0 0 0 0 ...
 $ RaceHorse.IsValidRaceHorse       : logi  TRUE TRUE TRUE TRUE TRUE TRUE ...
 $ RaceHorse.IsHitA                 : int  0 0 0 0 0 0 0 0 1 0 ...
 $ RaceHorse.IsHitB                 : int  0 0 0 0 0 0 1 0 1 1 ...
 $ RaceHorse.IsHitC                 : int  1 0 0 0 0 0 1 0 1 1 ...
 $ OddsByWin.Odds1                  : num  26.4 8.4 18.3 8.4 26.6 53.1 2.7 26.7 9.4 9.3 ...
 $ OddsByWin.Ninki                  : num  7 5 8 4 7 14 1 8 6 4 ...
 $ OddsByWin.OddsLog1               : num  3.31 2.24 2.96 2.24 3.32 ...
 $ OddsByWin.OddsRatio1             : num  0.0394 0.1351 0.0578 0.1351 0.0391 ...
 $ OddsByWin.OddsLogit1             : num  -3.27 -2.13 -2.91 -2.13 -3.28 ...
 $ OddsByWin.ApprovalRate1          : num  0.0379 0.119 0.0546 0.119 0.0376 ...
 $ OddsByWin.ApprovalRateLog1       : num  0.0372 0.1125 0.0532 0.1125 0.0369 ...
 $ EOF                              : int  1 1 1 1 1 1 1 1 1 1 ...
NULL
[1] "2022-02-18 01:43:02 --- transform Finish ---"
[1] "2022-02-18 01:43:02 --- na.omit Start ---"
[1] "--------------------------------------------------------------------------------"
[1] "nrow(data) na.omit before=6809"
[1] "nrow(data) na.omit after =6776"
[1] "nrow(data) na.omit diff =33"
[1] "--------------------------------------------------------------------------------"
'data.frame':	6776 obs. of  35 variables:
 $ Race.RaceId                      : Factor w/ 660 levels "20211010-09-04-02-10",..: 10 11 12 13 14 15 16 17 18 19 ...
 $ Race.IsPredictedRace             : logi  TRUE TRUE TRUE TRUE TRUE TRUE ...
 $ Race.IsAnalyzeNormalPastAndFuture: logi  TRUE TRUE TRUE TRUE TRUE TRUE ...
 $ Race.IsAnalyzeNormalPast         : logi  TRUE TRUE TRUE TRUE TRUE TRUE ...
 $ Race.IsAnalyzeNormalFuture       : logi  FALSE FALSE FALSE FALSE FALSE FALSE ...
 $ Race.IsAnalyzeFullPastAndFuture  : logi  TRUE TRUE TRUE TRUE TRUE TRUE ...
 $ Race.IsAnalyzeFullPast           : logi  TRUE TRUE TRUE TRUE TRUE TRUE ...
 $ Race.IsAnalyzeFullFuture         : logi  FALSE FALSE FALSE FALSE FALSE FALSE ...
 $ Race.JyokenCd                    : Factor w/ 1 level "2": 1 1 1 1 1 1 1 1 1 1 ...
 $ Race.JyoType1Cd                  : Factor w/ 122 levels "1-09-1400-1",..: 10 11 12 13 8 14 14 15 16 17 ...
 $ Race.RaceType0Cd                 : Factor w/ 178 levels "1-09-1400-1-2-E-13",..: 10 11 12 13 14 15 16 17 18 19 ...
 $ Race.RaceType1Cd                 : Factor w/ 1 level "1-2-E": 1 1 1 1 1 1 1 1 1 1 ...
 $ Race.RaceType2Cd                 : Factor w/ 1 level "1-2-E": 1 1 1 1 1 1 1 1 1 1 ...
 $ Race.RaceType3Cd                 : Factor w/ 2 levels "2-E-13","2-E-14": 2 2 2 2 1 1 2 1 1 1 ...
 $ Race.RaceType4Cd                 : Factor w/ 2 levels "1-2-13","1-2-14": 2 2 2 2 1 1 2 1 1 1 ...
 $ RaceHorse.RaceId                 : Factor w/ 660 levels "20211010-09-04-02-10",..: 10 11 12 13 14 15 16 17 18 19 ...
 $ RaceHorse.KettoNum               : Factor w/ 1759 levels "2014100555","2017100316",..: 11 12 13 14 15 16 17 18 19 20 ...
 $ RaceHorse.IsHit1                 : int  0 0 0 0 0 0 0 0 1 0 ...
 $ RaceHorse.IsHit2                 : int  0 0 0 0 0 0 1 0 0 1 ...
 $ RaceHorse.IsHit3                 : int  1 0 0 0 0 0 0 0 0 0 ...
 $ RaceHorse.IsHit4                 : int  0 0 0 0 0 0 0 1 0 0 ...
 $ RaceHorse.IsHit5                 : int  0 0 0 0 0 0 0 0 0 0 ...
 $ RaceHorse.IsHit6                 : int  0 1 1 1 1 1 0 0 0 0 ...
 $ RaceHorse.IsValidRaceHorse       : logi  TRUE TRUE TRUE TRUE TRUE TRUE ...
 $ RaceHorse.IsHitA                 : int  0 0 0 0 0 0 0 0 1 0 ...
 $ RaceHorse.IsHitB                 : int  0 0 0 0 0 0 1 0 1 1 ...
 $ RaceHorse.IsHitC                 : int  1 0 0 0 0 0 1 0 1 1 ...
 $ OddsByWin.Odds1                  : num  26.4 8.4 18.3 8.4 26.6 53.1 2.7 26.7 9.4 9.3 ...
 $ OddsByWin.Ninki                  : num  7 5 8 4 7 14 1 8 6 4 ...
 $ OddsByWin.OddsLog1               : num  3.31 2.24 2.96 2.24 3.32 ...
 $ OddsByWin.OddsRatio1             : num  0.0394 0.1351 0.0578 0.1351 0.0391 ...
 $ OddsByWin.OddsLogit1             : num  -3.27 -2.13 -2.91 -2.13 -3.28 ...
 $ OddsByWin.ApprovalRate1          : num  0.0379 0.119 0.0546 0.119 0.0376 ...
 $ OddsByWin.ApprovalRateLog1       : num  0.0372 0.1125 0.0532 0.1125 0.0369 ...
 $ EOF                              : int  1 1 1 1 1 1 1 1 1 1 ...
 - attr(*, "na.action")= 'omit' Named int  728 925 963 1080 1215 1432 1537 1882 2433 2626 ...
  ..- attr(*, "names")= chr  "931" "1172" "1231" "1382" ...
[1] "2022-02-18 01:43:02 --- na.omit Finish ---"
[1] "2022-02-18 01:43:02 --- rxGlm with rxStepControl Start ---"

> print(paste0(Sys.time(), " --- source_logic_glm.R Start ---"))
[1] "2022-02-18 01:43:02 --- source_logic_glm.R Start ---"

> formula <- formula(RaceHorse.IsHitA ~ +1 + OddsByWin.OddsLogit1)

> print(paste0(Sys.time(), " --- source_logic_glm.R Finished ---"))
[1] "2022-02-18 01:43:02 --- source_logic_glm.R Finished ---"
Rows Read: 6776, Total Rows Processed: 6776, Total Chunk Time: Less than .001 seconds 

Starting values (iteration 1) time: 0.011 secs.
Rows Read: 6776, Total Rows Processed: 6776, Total Chunk Time: 0.002 seconds 

Iteration 2 time: 0.007 secs.
Rows Read: 6776, Total Rows Processed: 6776, Total Chunk Time: 0.002 seconds 

Iteration 3 time: 0.004 secs.
Rows Read: 6776, Total Rows Processed: 6776, Total Chunk Time: 0.002 seconds 

Iteration 4 time: 0.006 secs.
Rows Read: 6776, Total Rows Processed: 6776, Total Chunk Time: 0.002 seconds 

Iteration 5 time: 0.005 secs.
Rows Read: 6776, Total Rows Processed: 6776, Total Chunk Time: 0.001 seconds 

Iteration 6 time: 0.005 secs.

Elapsed computation time: 0.065 secs.
Rows Read: 6776, Total Rows Processed: 6776, Total Chunk Time: 0.001 seconds 

Starting values (iteration 1) time: 0.005 secs.
Rows Read: 6776, Total Rows Processed: 6776, Total Chunk Time: 0.001 seconds 

Iteration 2 time: 0.006 secs.

Elapsed computation time: 0.020 secs.
Rows Read: 6776, Total Rows Processed: 6776, Total Chunk Time: 0.001 seconds 

Starting values (iteration 1) time: 0.004 secs.
Rows Read: 6776, Total Rows Processed: 6776, Total Chunk Time: 0.001 seconds 

Iteration 2 time: 0.004 secs.
Rows Read: 6776, Total Rows Processed: 6776, Total Chunk Time: 0.001 seconds 

Iteration 3 time: 0.005 secs.
Rows Read: 6776, Total Rows Processed: 6776, Total Chunk Time: 0.002 seconds 

Iteration 4 time: 0.006 secs.
Rows Read: 6776, Total Rows Processed: 6776, Total Chunk Time: 0.001 seconds 

Iteration 5 time: 0.005 secs.
Rows Read: 6776, Total Rows Processed: 6776, Total Chunk Time: Less than .001 seconds 

Iteration 6 time: 0.006 secs.

Elapsed computation time: 0.061 secs.

Elapsed computation time: 0.160 secs.
[1] "--------------------------------------------------------------------------------"
[1] "analyze.results.glm.step="
Logistic Regression Results for: RaceHorse.IsHitA ~
    OddsByWin.OddsLogit1
Data: data
Dependent variable(s): RaceHorse.IsHitA
Total independent variables: 2 
Number of valid observations: 6776
Number of missing observations: 0 
 
Coefficients:
                     RaceHorse.IsHitA
(Intercept)                      0.01
OddsByWin.OddsLogit1             1.03
[1] "analyze.results.glm.step.summary"
Call:
rxLogit(formula = formula, data = data, variableSelection = analyze.results.glm.step.varsel)

Logistic Regression Results for: RaceHorse.IsHitA ~
    OddsByWin.OddsLogit1
Data: data
Dependent variable(s): RaceHorse.IsHitA
Total independent variables: 2 
Number of valid observations: 6776
Number of missing observations: 0 
-2*LogLikelihood: 3174.468 (Residual deviance on 6774 degrees of freedom)
 
Coefficients:
                     Estimate Std. Error z value Pr(>|z|)    
(Intercept)            0.0100     0.1127    0.09     0.93    
OddsByWin.OddsLogit1   1.0318     0.0524   19.71  2.2e-16 ***
---
Signif. codes:  0 '***' 0.001 '**' 0.01 '*' 0.05 '.' 0.1 ' ' 1

Condition number of final variance-covariance matrix: 1 
Number of iterations: 6
[1] "--------------------------------------------------------------------------------"
[1] "2022-02-18 01:43:02 --- rxGlm with rxStepControl Finish ---"
[1] "2022-02-18 01:43:02 --- rxStepPlot Start ---"
[1] "pdfFilename=pdf_analyze_glm_Odds_Type12_rxStepPlot.pdf"
[1] "rxStepPlot="
[1] "2022-02-18 01:43:02 --- rxStepPlot Finish ---"
[1] "2022-02-18 01:43:02 --- save.image Start ---"
[1] "save.image"
[1] "rdataFilename=RData_analyze_glm_Odds_Type12.RData"
[1] "2022-02-18 01:43:02 --- save.image Finish ---"
[1] "2022-02-18 01:43:02 --- final Start ---"
[1] "--------------------------------------------------------------------------------"
[1] "nrow(data) final=6776"
[1] "--------------------------------------------------------------------------------"
[1] "2022-02-18 01:43:02 --- final Finish ---"
[1] "2022-02-18 01:43:02 --- analyze_glm.R Finished ---"
[1] "2022-02-18 01:43:02 --- log Finish ---"
