[1] "2022-02-18 01:43:13 --- D1115_analyze_glm_Odds_IsHitA_Type21 Start ---"
[1] "2022-02-18 01:43:13 --- Log Start ---"
[1] "2022-02-18 01:43:13 --- analyze_glm.R Start ---"
[1] "analyzeVersion=D1115"
[1] "analyzeCategory=analyze"
[1] "analyzeType=Odds"
[1] "analyzeFamily=IsHitA"
[1] "analyzeFunc=glm"
[1] "analyzeTrackTypeCd=2"
[1] "analyzeJyokenCd=1"
[1] "2022-02-18 01:43:13 --- source_function.R Start ---"
[1] "2022-02-18 01:43:13 --- source_function.R Finished ---"

> print(paste0(Sys.time(), " --- source_library.R Start ---"))
[1] "2022-02-18 01:43:14 --- source_library.R Start ---"

> require("RevoScaleR")

> print(paste0(Sys.time(), " --- source_library.R Finished ---"))
[1] "2022-02-18 01:43:19 --- source_library.R Finished ---"
[1] "2022-02-18 01:43:19 --- RxSqlServerData Start ---"
[1] "2022-02-18 01:43:19 --- RxInSqlServer Start ---"
[1] "2022-02-18 01:43:19 --- RxInSqlServer Finish ---"
[1] "2022-02-18 01:43:19 --- rxSetComputeContext Start ---"
[1] "2022-02-18 01:43:19 --- rxSetComputeContext Finish ---"
[1] "2022-02-18 01:43:19 --- RxSqlServerData Start ---"
[1] "sqlQuery=SELECT * FROM ViewAnalyzeD1115analyze01OddsType21"
[1] "2022-02-18 01:43:19 --- RxSqlServerData Finish ---"
[1] "2022-02-18 01:43:19 --- rxGetVarInfo Start ---"
[1] "2022-02-18 01:43:19 --- rxGetVarInfo Finish---"
[1] "2022-02-18 01:43:19 --- rxImport Start ---"
Rows Read: 5597, Total Rows Processed: 5597, Total Chunk Time: 0.150 seconds 
[1] "2022-02-18 01:43:28 --- rxImport Finish ---"
[1] "object.size(data) auto=1.1 Mb"
[1] "--------------------------------------------------------------------------------"
[1] "nrow(data) RxSqlServerData=5597"
[1] "--------------------------------------------------------------------------------"
[1] "str(data)="
'data.frame':	5597 obs. of  35 variables:
 $ Race.RaceId                      : Factor w/ 378 levels "20161211-06-05-04-11",..: 11 12 13 14 15 16 17 18 19 19 ...
 $ Race.IsPredictedRace             : logi  TRUE TRUE TRUE TRUE TRUE TRUE ...
 $ Race.IsAnalyzeNormalPastAndFuture: logi  TRUE TRUE TRUE TRUE TRUE TRUE ...
 $ Race.IsAnalyzeNormalPast         : logi  TRUE TRUE TRUE TRUE TRUE FALSE ...
 $ Race.IsAnalyzeNormalFuture       : logi  FALSE FALSE FALSE FALSE FALSE TRUE ...
 $ Race.IsAnalyzeFullPastAndFuture  : logi  TRUE TRUE TRUE TRUE TRUE TRUE ...
 $ Race.IsAnalyzeFullPast           : logi  TRUE TRUE TRUE TRUE TRUE FALSE ...
 $ Race.IsAnalyzeFullFuture         : logi  FALSE FALSE FALSE FALSE FALSE TRUE ...
 $ Race.JyokenCd                    : Factor w/ 1 level "1": 1 1 1 1 1 1 1 1 1 1 ...
 $ Race.JyoType1Cd                  : Factor w/ 72 levels "2-06-1200-1",..: 11 1 6 12 13 14 15 16 4 4 ...
 $ Race.RaceType0Cd                 : Factor w/ 170 levels "2-06-1200-1-1-C-13",..: 11 12 13 14 15 16 17 18 19 19 ...
 $ Race.RaceType1Cd                 : Factor w/ 5 levels "2-1-C","2-1-E",..: 1 2 4 5 2 2 4 2 1 1 ...
 $ Race.RaceType2Cd                 : Factor w/ 5 levels "2-1-C","2-1-E",..: 1 2 4 5 2 2 4 2 1 1 ...
 $ Race.RaceType3Cd                 : Factor w/ 13 levels "1-C-13","1-E-13",..: 7 5 8 9 2 2 8 5 1 1 ...
 $ Race.RaceType4Cd                 : Factor w/ 4 levels "2-1-13","2-1-14",..: 3 2 1 2 1 1 1 2 1 1 ...
 $ RaceHorse.RaceId                 : Factor w/ 378 levels "20161211-06-05-04-11",..: 11 12 13 14 15 16 17 18 19 19 ...
 $ RaceHorse.KettoNum               : Factor w/ 1177 levels "2011100024","2012110058",..: 11 12 13 14 15 16 17 18 19 20 ...
 $ RaceHorse.IsHit1                 : int  0 0 0 0 0 0 0 0 0 0 ...
 $ RaceHorse.IsHit2                 : int  0 0 0 0 0 0 0 1 0 0 ...
 $ RaceHorse.IsHit3                 : int  0 0 0 0 0 0 0 0 0 0 ...
 $ RaceHorse.IsHit4                 : int  0 0 0 0 0 0 0 0 0 0 ...
 $ RaceHorse.IsHit5                 : int  0 0 0 0 0 1 0 0 0 0 ...
 $ RaceHorse.IsHit6                 : int  1 1 1 1 1 0 1 0 1 1 ...
 $ RaceHorse.IsValidRaceHorse       : logi  TRUE TRUE TRUE TRUE TRUE TRUE ...
 $ RaceHorse.IsHitA                 : int  0 0 0 0 0 0 0 0 0 0 ...
 $ RaceHorse.IsHitB                 : int  0 0 0 0 0 0 0 1 0 0 ...
 $ RaceHorse.IsHitC                 : int  0 0 0 0 0 0 0 1 0 0 ...
 $ OddsByWin.Odds1                  : num  83.8 9.8 65.4 313.5 4.6 ...
 $ OddsByWin.Ninki                  : num  11 6 11 13 2 5 4 3 10 1 ...
 $ OddsByWin.OddsLog1               : num  4.44 2.38 4.2 5.75 1.72 ...
 $ OddsByWin.OddsRatio1             : num  0.0121 0.1136 0.0155 0.0032 0.2778 ...
 $ OddsByWin.OddsLogit1             : num  -4.43 -2.28 -4.18 -5.75 -1.53 ...
 $ OddsByWin.ApprovalRate1          : num  0.01193 0.10204 0.01529 0.00319 0.21739 ...
 $ OddsByWin.ApprovalRateLog1       : num  0.01186 0.09716 0.01517 0.00318 0.19671 ...
 $ EOF                              : int  1 1 1 1 1 1 1 1 1 1 ...
[1] "2022-02-18 01:43:29 --- RxSqlServerData Finish ---"
[1] "2022-02-18 01:43:29 --- subset Start ---"
[1] "--------------------------------------------------------------------------------"
[1] "nrow(data) subset before=5597"
[1] "nrow(data) subset after =4406"
[1] "nrow(data) subset diff =1191"
[1] "--------------------------------------------------------------------------------"
[1] "2022-02-18 01:43:29 --- subset Finish---"
[1] "2022-02-18 01:43:29 --- transform Start ---"
[1] "--------------------------------------------------------------------------------"
[1] "nrow(data) transform before=4406"
[1] "nrow(data) transform after=4406"
[1] "nrow(data) transform diff=0"
[1] "--------------------------------------------------------------------------------"
[1] "str(data)="
'data.frame':	4406 obs. of  35 variables:
 $ Race.RaceId                      : Factor w/ 378 levels "20161211-06-05-04-11",..: 11 12 13 14 15 18 19 19 20 24 ...
 $ Race.IsPredictedRace             : logi  TRUE TRUE TRUE TRUE TRUE TRUE ...
 $ Race.IsAnalyzeNormalPastAndFuture: logi  TRUE TRUE TRUE TRUE TRUE TRUE ...
 $ Race.IsAnalyzeNormalPast         : logi  TRUE TRUE TRUE TRUE TRUE TRUE ...
 $ Race.IsAnalyzeNormalFuture       : logi  FALSE FALSE FALSE FALSE FALSE FALSE ...
 $ Race.IsAnalyzeFullPastAndFuture  : logi  TRUE TRUE TRUE TRUE TRUE TRUE ...
 $ Race.IsAnalyzeFullPast           : logi  TRUE TRUE TRUE TRUE TRUE TRUE ...
 $ Race.IsAnalyzeFullFuture         : logi  FALSE FALSE FALSE FALSE FALSE FALSE ...
 $ Race.JyokenCd                    : Factor w/ 1 level "1": 1 1 1 1 1 1 1 1 1 1 ...
 $ Race.JyoType1Cd                  : Factor w/ 72 levels "2-06-1200-1",..: 11 1 6 12 13 16 4 4 17 19 ...
 $ Race.RaceType0Cd                 : Factor w/ 170 levels "2-06-1200-1-1-C-13",..: 11 12 13 14 15 18 19 19 20 23 ...
 $ Race.RaceType1Cd                 : Factor w/ 5 levels "2-1-C","2-1-E",..: 1 2 4 5 2 2 1 1 2 1 ...
 $ Race.RaceType2Cd                 : Factor w/ 5 levels "2-1-C","2-1-E",..: 1 2 4 5 2 2 1 1 2 1 ...
 $ Race.RaceType3Cd                 : Factor w/ 13 levels "1-C-13","1-E-13",..: 7 5 8 9 2 5 1 1 5 4 ...
 $ Race.RaceType4Cd                 : Factor w/ 4 levels "2-1-13","2-1-14",..: 3 2 1 2 1 2 1 1 2 2 ...
 $ RaceHorse.RaceId                 : Factor w/ 378 levels "20161211-06-05-04-11",..: 11 12 13 14 15 18 19 19 20 24 ...
 $ RaceHorse.KettoNum               : Factor w/ 1177 levels "2011100024","2012110058",..: 11 12 13 14 15 18 19 20 21 25 ...
 $ RaceHorse.IsHit1                 : int  0 0 0 0 0 0 0 0 0 0 ...
 $ RaceHorse.IsHit2                 : int  0 0 0 0 0 1 0 0 0 0 ...
 $ RaceHorse.IsHit3                 : int  0 0 0 0 0 0 0 0 0 0 ...
 $ RaceHorse.IsHit4                 : int  0 0 0 0 0 0 0 0 0 1 ...
 $ RaceHorse.IsHit5                 : int  0 0 0 0 0 0 0 0 0 0 ...
 $ RaceHorse.IsHit6                 : int  1 1 1 1 1 0 1 1 1 0 ...
 $ RaceHorse.IsValidRaceHorse       : logi  TRUE TRUE TRUE TRUE TRUE TRUE ...
 $ RaceHorse.IsHitA                 : int  0 0 0 0 0 0 0 0 0 0 ...
 $ RaceHorse.IsHitB                 : int  0 0 0 0 0 1 0 0 0 0 ...
 $ RaceHorse.IsHitC                 : int  0 0 0 0 0 1 0 0 0 0 ...
 $ OddsByWin.Odds1                  : num  83.8 9.8 65.4 313.5 4.6 ...
 $ OddsByWin.Ninki                  : num  11 6 11 13 2 3 10 1 4 13 ...
 $ OddsByWin.OddsLog1               : num  4.44 2.38 4.2 5.75 1.72 ...
 $ OddsByWin.OddsRatio1             : num  0.0121 0.1136 0.0155 0.0032 0.2778 ...
 $ OddsByWin.OddsLogit1             : num  -4.43 -2.28 -4.18 -5.75 -1.53 ...
 $ OddsByWin.ApprovalRate1          : num  0.01193 0.10204 0.01529 0.00319 0.21739 ...
 $ OddsByWin.ApprovalRateLog1       : num  0.01186 0.09716 0.01517 0.00318 0.19671 ...
 $ EOF                              : int  1 1 1 1 1 1 1 1 1 1 ...
NULL
[1] "2022-02-18 01:43:29 --- transform Finish ---"
[1] "2022-02-18 01:43:29 --- na.omit Start ---"
[1] "--------------------------------------------------------------------------------"
[1] "nrow(data) na.omit before=4406"
[1] "nrow(data) na.omit after =4388"
[1] "nrow(data) na.omit diff =18"
[1] "--------------------------------------------------------------------------------"
'data.frame':	4388 obs. of  35 variables:
 $ Race.RaceId                      : Factor w/ 378 levels "20161211-06-05-04-11",..: 11 12 13 14 15 18 19 19 20 24 ...
 $ Race.IsPredictedRace             : logi  TRUE TRUE TRUE TRUE TRUE TRUE ...
 $ Race.IsAnalyzeNormalPastAndFuture: logi  TRUE TRUE TRUE TRUE TRUE TRUE ...
 $ Race.IsAnalyzeNormalPast         : logi  TRUE TRUE TRUE TRUE TRUE TRUE ...
 $ Race.IsAnalyzeNormalFuture       : logi  FALSE FALSE FALSE FALSE FALSE FALSE ...
 $ Race.IsAnalyzeFullPastAndFuture  : logi  TRUE TRUE TRUE TRUE TRUE TRUE ...
 $ Race.IsAnalyzeFullPast           : logi  TRUE TRUE TRUE TRUE TRUE TRUE ...
 $ Race.IsAnalyzeFullFuture         : logi  FALSE FALSE FALSE FALSE FALSE FALSE ...
 $ Race.JyokenCd                    : Factor w/ 1 level "1": 1 1 1 1 1 1 1 1 1 1 ...
 $ Race.JyoType1Cd                  : Factor w/ 72 levels "2-06-1200-1",..: 11 1 6 12 13 16 4 4 17 19 ...
 $ Race.RaceType0Cd                 : Factor w/ 170 levels "2-06-1200-1-1-C-13",..: 11 12 13 14 15 18 19 19 20 23 ...
 $ Race.RaceType1Cd                 : Factor w/ 5 levels "2-1-C","2-1-E",..: 1 2 4 5 2 2 1 1 2 1 ...
 $ Race.RaceType2Cd                 : Factor w/ 5 levels "2-1-C","2-1-E",..: 1 2 4 5 2 2 1 1 2 1 ...
 $ Race.RaceType3Cd                 : Factor w/ 13 levels "1-C-13","1-E-13",..: 7 5 8 9 2 5 1 1 5 4 ...
 $ Race.RaceType4Cd                 : Factor w/ 4 levels "2-1-13","2-1-14",..: 3 2 1 2 1 2 1 1 2 2 ...
 $ RaceHorse.RaceId                 : Factor w/ 378 levels "20161211-06-05-04-11",..: 11 12 13 14 15 18 19 19 20 24 ...
 $ RaceHorse.KettoNum               : Factor w/ 1177 levels "2011100024","2012110058",..: 11 12 13 14 15 18 19 20 21 25 ...
 $ RaceHorse.IsHit1                 : int  0 0 0 0 0 0 0 0 0 0 ...
 $ RaceHorse.IsHit2                 : int  0 0 0 0 0 1 0 0 0 0 ...
 $ RaceHorse.IsHit3                 : int  0 0 0 0 0 0 0 0 0 0 ...
 $ RaceHorse.IsHit4                 : int  0 0 0 0 0 0 0 0 0 1 ...
 $ RaceHorse.IsHit5                 : int  0 0 0 0 0 0 0 0 0 0 ...
 $ RaceHorse.IsHit6                 : int  1 1 1 1 1 0 1 1 1 0 ...
 $ RaceHorse.IsValidRaceHorse       : logi  TRUE TRUE TRUE TRUE TRUE TRUE ...
 $ RaceHorse.IsHitA                 : int  0 0 0 0 0 0 0 0 0 0 ...
 $ RaceHorse.IsHitB                 : int  0 0 0 0 0 1 0 0 0 0 ...
 $ RaceHorse.IsHitC                 : int  0 0 0 0 0 1 0 0 0 0 ...
 $ OddsByWin.Odds1                  : num  83.8 9.8 65.4 313.5 4.6 ...
 $ OddsByWin.Ninki                  : num  11 6 11 13 2 3 10 1 4 13 ...
 $ OddsByWin.OddsLog1               : num  4.44 2.38 4.2 5.75 1.72 ...
 $ OddsByWin.OddsRatio1             : num  0.0121 0.1136 0.0155 0.0032 0.2778 ...
 $ OddsByWin.OddsLogit1             : num  -4.43 -2.28 -4.18 -5.75 -1.53 ...
 $ OddsByWin.ApprovalRate1          : num  0.01193 0.10204 0.01529 0.00319 0.21739 ...
 $ OddsByWin.ApprovalRateLog1       : num  0.01186 0.09716 0.01517 0.00318 0.19671 ...
 $ EOF                              : int  1 1 1 1 1 1 1 1 1 1 ...
 - attr(*, "na.action")= 'omit' Named int  936 996 1137 1150 1408 1491 1731 1901 1961 1991 ...
  ..- attr(*, "names")= chr  "1196" "1270" "1453" "1472" ...
[1] "2022-02-18 01:43:30 --- na.omit Finish ---"
[1] "2022-02-18 01:43:30 --- rxGlm with rxStepControl Start ---"

> print(paste0(Sys.time(), " --- source_logic_glm.R Start ---"))
[1] "2022-02-18 01:43:30 --- source_logic_glm.R Start ---"

> formula <- formula(RaceHorse.IsHitA ~ +1 + OddsByWin.OddsLogit1)

> print(paste0(Sys.time(), " --- source_logic_glm.R Finished ---"))
[1] "2022-02-18 01:43:30 --- source_logic_glm.R Finished ---"
Rows Read: 4388, Total Rows Processed: 4388, Total Chunk Time: Less than .001 seconds 

Starting values (iteration 1) time: 0.032 secs.
Rows Read: 4388, Total Rows Processed: 4388, Total Chunk Time: 0.002 seconds 

Iteration 2 time: 0.007 secs.
Rows Read: 4388, Total Rows Processed: 4388, Total Chunk Time: Less than .001 seconds 

Iteration 3 time: 0.004 secs.
Rows Read: 4388, Total Rows Processed: 4388, Total Chunk Time: 0.002 seconds 

Iteration 4 time: 0.006 secs.
Rows Read: 4388, Total Rows Processed: 4388, Total Chunk Time: 0.002 seconds 

Iteration 5 time: 0.004 secs.
Rows Read: 4388, Total Rows Processed: 4388, Total Chunk Time: 0.001 seconds 

Iteration 6 time: 0.005 secs.

Elapsed computation time: 0.088 secs.
Rows Read: 4388, Total Rows Processed: 4388, Total Chunk Time: Less than .001 seconds 

Starting values (iteration 1) time: 0.004 secs.
Rows Read: 4388, Total Rows Processed: 4388, Total Chunk Time: 0.002 seconds 

Iteration 2 time: 0.008 secs.

Elapsed computation time: 0.027 secs.
Rows Read: 4388, Total Rows Processed: 4388, Total Chunk Time: Less than .001 seconds 

Starting values (iteration 1) time: 0.006 secs.
Rows Read: 4388, Total Rows Processed: 4388, Total Chunk Time: 0.002 seconds 

Iteration 2 time: 0.005 secs.
Rows Read: 4388, Total Rows Processed: 4388, Total Chunk Time: Less than .001 seconds 

Iteration 3 time: 0.004 secs.
Rows Read: 4388, Total Rows Processed: 4388, Total Chunk Time: 0.001 seconds 

Iteration 4 time: 0.014 secs.
Rows Read: 4388, Total Rows Processed: 4388, Total Chunk Time: 0.001 seconds 

Iteration 5 time: 0.008 secs.
Rows Read: 4388, Total Rows Processed: 4388, Total Chunk Time: 0.001 seconds 

Iteration 6 time: 0.009 secs.

Elapsed computation time: 0.083 secs.

Elapsed computation time: 0.230 secs.
[1] "--------------------------------------------------------------------------------"
[1] "analyze.results.glm.step="
Logistic Regression Results for: RaceHorse.IsHitA ~
    OddsByWin.OddsLogit1
Data: data
Dependent variable(s): RaceHorse.IsHitA
Total independent variables: 2 
Number of valid observations: 4388
Number of missing observations: 0 
 
Coefficients:
                     RaceHorse.IsHitA
(Intercept)                       0.4
OddsByWin.OddsLogit1              1.2
[1] "analyze.results.glm.step.summary"
Call:
rxLogit(formula = formula, data = data, variableSelection = analyze.results.glm.step.varsel)

Logistic Regression Results for: RaceHorse.IsHitA ~
    OddsByWin.OddsLogit1
Data: data
Dependent variable(s): RaceHorse.IsHitA
Total independent variables: 2 
Number of valid observations: 4388
Number of missing observations: 0 
-2*LogLikelihood: 1760.355 (Residual deviance on 4386 degrees of freedom)
 
Coefficients:
                     Estimate Std. Error z value Pr(>|z|)    
(Intercept)            0.3681     0.1512    2.44    0.015 *  
OddsByWin.OddsLogit1   1.2148     0.0716   16.96  2.2e-16 ***
---
Signif. codes:  0 '***' 0.001 '**' 0.01 '*' 0.05 '.' 0.1 ' ' 1

Condition number of final variance-covariance matrix: 1 
Number of iterations: 6
[1] "--------------------------------------------------------------------------------"
[1] "2022-02-18 01:43:30 --- rxGlm with rxStepControl Finish ---"
[1] "2022-02-18 01:43:30 --- rxStepPlot Start ---"
[1] "pdfFilename=pdf_analyze_glm_Odds_Type21_rxStepPlot.pdf"
[1] "rxStepPlot="
[1] "2022-02-18 01:43:30 --- rxStepPlot Finish ---"
[1] "2022-02-18 01:43:30 --- save.image Start ---"
[1] "save.image"
[1] "rdataFilename=RData_analyze_glm_Odds_Type21.RData"
[1] "2022-02-18 01:43:30 --- save.image Finish ---"
[1] "2022-02-18 01:43:30 --- final Start ---"
[1] "--------------------------------------------------------------------------------"
[1] "nrow(data) final=4388"
[1] "--------------------------------------------------------------------------------"
[1] "2022-02-18 01:43:30 --- final Finish ---"
[1] "2022-02-18 01:43:30 --- analyze_glm.R Finished ---"
[1] "2022-02-18 01:43:30 --- log Finish ---"
