[1] "2022-02-19 09:28:44 --- D1115_analyze_glm_DataMiningTaisen_IsHitA_Type15 Start ---"
[1] "2022-02-19 09:28:44 --- Log Start ---"
[1] "2022-02-19 09:28:44 --- analyze_glm.R Start ---"
[1] "analyzeVersion=D1115"
[1] "analyzeCategory=analyze"
[1] "analyzeType=DataMiningTaisen"
[1] "analyzeFamily=IsHitA"
[1] "analyzeFunc=glm"
[1] "analyzeTrackTypeCd=1"
[1] "analyzeJyokenCd=5"
[1] "2022-02-19 09:28:44 --- source_function.R Start ---"
[1] "2022-02-19 09:28:44 --- source_function.R Finished ---"

> print(paste0(Sys.time(), " --- source_library.R Start ---"))
[1] "2022-02-19 09:28:44 --- source_library.R Start ---"

> require("RevoScaleR")

> print(paste0(Sys.time(), " --- source_library.R Finished ---"))
[1] "2022-02-19 09:28:44 --- source_library.R Finished ---"
[1] "2022-02-19 09:28:44 --- RxSqlServerData Start ---"
[1] "2022-02-19 09:28:44 --- RxInSqlServer Start ---"
[1] "2022-02-19 09:28:44 --- RxInSqlServer Finish ---"
[1] "2022-02-19 09:28:44 --- rxSetComputeContext Start ---"
[1] "2022-02-19 09:28:44 --- rxSetComputeContext Finish ---"
[1] "2022-02-19 09:28:44 --- RxSqlServerData Start ---"
[1] "sqlQuery=SELECT * FROM ViewAnalyzeD1115analyze01DataMiningTaisenType15"
[1] "2022-02-19 09:28:44 --- RxSqlServerData Finish ---"
[1] "2022-02-19 09:28:44 --- rxGetVarInfo Start ---"
[1] "2022-02-19 09:28:45 --- rxGetVarInfo Finish---"
[1] "2022-02-19 09:28:45 --- rxImport Start ---"
Rows Read: 37190, Total Rows Processed: 37190, Total Chunk Time: 1.021 seconds 
[1] "2022-02-19 09:28:47 --- rxImport Finish ---"
[1] "object.size(data) auto=5.7 Mb"
[1] "--------------------------------------------------------------------------------"
[1] "nrow(data) RxSqlServerData=37190"
[1] "--------------------------------------------------------------------------------"
[1] "str(data)="
'data.frame':	37190 obs. of  29 variables:
 $ Race.RaceId                      : Factor w/ 2474 levels "20160206-08-02-03-05",..: 6 7 7 8 8 9 9 9 10 10 ...
 $ Race.IsPredictedRace             : logi  TRUE TRUE TRUE TRUE TRUE TRUE ...
 $ Race.IsAnalyzeNormalPastAndFuture: logi  TRUE TRUE TRUE TRUE TRUE TRUE ...
 $ Race.IsAnalyzeNormalPast         : logi  TRUE TRUE TRUE TRUE TRUE TRUE ...
 $ Race.IsAnalyzeNormalFuture       : logi  FALSE FALSE FALSE FALSE FALSE FALSE ...
 $ Race.IsAnalyzeFullPastAndFuture  : logi  TRUE TRUE TRUE TRUE TRUE TRUE ...
 $ Race.IsAnalyzeFullPast           : logi  TRUE TRUE TRUE TRUE TRUE TRUE ...
 $ Race.IsAnalyzeFullFuture         : logi  FALSE FALSE FALSE FALSE FALSE FALSE ...
 $ Race.JyokenCd                    : Factor w/ 1 level "5": 1 1 1 1 1 1 1 1 1 1 ...
 $ Race.JyoType1Cd                  : Factor w/ 175 levels "1-08-1800-1",..: 6 2 2 7 7 4 4 4 6 6 ...
 $ Race.RaceType0Cd                 : Factor w/ 277 levels "1-08-1800-1-5-X-12",..: 6 2 2 7 7 4 4 4 6 6 ...
 $ Race.RaceType1Cd                 : Factor w/ 1 level "1-5-X": 1 1 1 1 1 1 1 1 1 1 ...
 $ Race.RaceType2Cd                 : Factor w/ 1 level "1-5-X": 1 1 1 1 1 1 1 1 1 1 ...
 $ Race.RaceType3Cd                 : Factor w/ 2 levels "5-X-12","5-X-11": 1 1 1 1 1 1 1 1 1 1 ...
 $ Race.RaceType4Cd                 : Factor w/ 2 levels "1-5-12","1-5-11": 1 1 1 1 1 1 1 1 1 1 ...
 $ RaceHorse.RaceId                 : Factor w/ 2474 levels "20160206-08-02-03-05",..: 6 7 7 8 8 9 9 9 10 10 ...
 $ RaceHorse.KettoNum               : Factor w/ 13971 levels "2013101618","2013100379",..: 11 12 13 14 15 16 8 17 18 19 ...
 $ RaceHorse.IsHit1                 : int  0 0 0 1 0 0 0 0 0 0 ...
 $ RaceHorse.IsHit2                 : int  0 0 0 0 0 0 0 0 0 0 ...
 $ RaceHorse.IsHit3                 : int  0 0 0 0 0 0 0 0 0 0 ...
 $ RaceHorse.IsHit4                 : int  0 0 0 0 0 0 0 0 0 0 ...
 $ RaceHorse.IsHit5                 : int  0 0 0 0 0 1 0 0 0 0 ...
 $ RaceHorse.IsHit6                 : int  1 1 1 0 1 0 1 1 1 1 ...
 $ RaceHorse.IsValidRaceHorse       : logi  TRUE TRUE TRUE TRUE TRUE TRUE ...
 $ RaceHorse.IsHitA                 : int  0 0 0 1 0 0 0 0 0 0 ...
 $ RaceHorse.IsHitB                 : int  0 0 0 1 0 0 0 0 0 0 ...
 $ RaceHorse.IsHitC                 : int  0 0 0 1 0 0 0 0 0 0 ...
 $ DataMiningTaisen.TmScoreSdv      : num  -0.578 -1.596 -0.15 0.772 -1.806 ...
 $ EOF                              : int  1 1 1 1 1 1 1 1 1 1 ...
[1] "2022-02-19 09:28:48 --- RxSqlServerData Finish ---"
[1] "2022-02-19 09:28:48 --- subset Start ---"
[1] "--------------------------------------------------------------------------------"
[1] "nrow(data) subset before=37190"
[1] "nrow(data) subset after =37190"
[1] "nrow(data) subset diff =0"
[1] "--------------------------------------------------------------------------------"
[1] "2022-02-19 09:28:48 --- subset Finish---"
[1] "2022-02-19 09:28:48 --- transform Start ---"
[1] "--------------------------------------------------------------------------------"
[1] "nrow(data) transform before=37190"
[1] "nrow(data) transform after=37190"
[1] "nrow(data) transform diff=0"
[1] "--------------------------------------------------------------------------------"
[1] "str(data)="
'data.frame':	37190 obs. of  29 variables:
 $ Race.RaceId                      : Factor w/ 2474 levels "20160206-08-02-03-05",..: 6 7 7 8 8 9 9 9 10 10 ...
 $ Race.IsPredictedRace             : logi  TRUE TRUE TRUE TRUE TRUE TRUE ...
 $ Race.IsAnalyzeNormalPastAndFuture: logi  TRUE TRUE TRUE TRUE TRUE TRUE ...
 $ Race.IsAnalyzeNormalPast         : logi  TRUE TRUE TRUE TRUE TRUE TRUE ...
 $ Race.IsAnalyzeNormalFuture       : logi  FALSE FALSE FALSE FALSE FALSE FALSE ...
 $ Race.IsAnalyzeFullPastAndFuture  : logi  TRUE TRUE TRUE TRUE TRUE TRUE ...
 $ Race.IsAnalyzeFullPast           : logi  TRUE TRUE TRUE TRUE TRUE TRUE ...
 $ Race.IsAnalyzeFullFuture         : logi  FALSE FALSE FALSE FALSE FALSE FALSE ...
 $ Race.JyokenCd                    : Factor w/ 1 level "5": 1 1 1 1 1 1 1 1 1 1 ...
 $ Race.JyoType1Cd                  : Factor w/ 175 levels "1-08-1800-1",..: 6 2 2 7 7 4 4 4 6 6 ...
 $ Race.RaceType0Cd                 : Factor w/ 277 levels "1-08-1800-1-5-X-12",..: 6 2 2 7 7 4 4 4 6 6 ...
 $ Race.RaceType1Cd                 : Factor w/ 1 level "1-5-X": 1 1 1 1 1 1 1 1 1 1 ...
 $ Race.RaceType2Cd                 : Factor w/ 1 level "1-5-X": 1 1 1 1 1 1 1 1 1 1 ...
 $ Race.RaceType3Cd                 : Factor w/ 2 levels "5-X-12","5-X-11": 1 1 1 1 1 1 1 1 1 1 ...
 $ Race.RaceType4Cd                 : Factor w/ 2 levels "1-5-12","1-5-11": 1 1 1 1 1 1 1 1 1 1 ...
 $ RaceHorse.RaceId                 : Factor w/ 2474 levels "20160206-08-02-03-05",..: 6 7 7 8 8 9 9 9 10 10 ...
 $ RaceHorse.KettoNum               : Factor w/ 13971 levels "2013101618","2013100379",..: 11 12 13 14 15 16 8 17 18 19 ...
 $ RaceHorse.IsHit1                 : int  0 0 0 1 0 0 0 0 0 0 ...
 $ RaceHorse.IsHit2                 : int  0 0 0 0 0 0 0 0 0 0 ...
 $ RaceHorse.IsHit3                 : int  0 0 0 0 0 0 0 0 0 0 ...
 $ RaceHorse.IsHit4                 : int  0 0 0 0 0 0 0 0 0 0 ...
 $ RaceHorse.IsHit5                 : int  0 0 0 0 0 1 0 0 0 0 ...
 $ RaceHorse.IsHit6                 : int  1 1 1 0 1 0 1 1 1 1 ...
 $ RaceHorse.IsValidRaceHorse       : logi  TRUE TRUE TRUE TRUE TRUE TRUE ...
 $ RaceHorse.IsHitA                 : int  0 0 0 1 0 0 0 0 0 0 ...
 $ RaceHorse.IsHitB                 : int  0 0 0 1 0 0 0 0 0 0 ...
 $ RaceHorse.IsHitC                 : int  0 0 0 1 0 0 0 0 0 0 ...
 $ DataMiningTaisen.TmScoreSdv      : num  -0.578 -1.596 -0.15 0.772 -1.806 ...
 $ EOF                              : int  1 1 1 1 1 1 1 1 1 1 ...
NULL
[1] "2022-02-19 09:28:48 --- transform Finish ---"
[1] "2022-02-19 09:28:48 --- na.omit Start ---"
[1] "--------------------------------------------------------------------------------"
[1] "nrow(data) na.omit before=37190"
[1] "nrow(data) na.omit after =37190"
[1] "nrow(data) na.omit diff =0"
[1] "--------------------------------------------------------------------------------"
'data.frame':	37190 obs. of  29 variables:
 $ Race.RaceId                      : Factor w/ 2474 levels "20160206-08-02-03-05",..: 6 7 7 8 8 9 9 9 10 10 ...
 $ Race.IsPredictedRace             : logi  TRUE TRUE TRUE TRUE TRUE TRUE ...
 $ Race.IsAnalyzeNormalPastAndFuture: logi  TRUE TRUE TRUE TRUE TRUE TRUE ...
 $ Race.IsAnalyzeNormalPast         : logi  TRUE TRUE TRUE TRUE TRUE TRUE ...
 $ Race.IsAnalyzeNormalFuture       : logi  FALSE FALSE FALSE FALSE FALSE FALSE ...
 $ Race.IsAnalyzeFullPastAndFuture  : logi  TRUE TRUE TRUE TRUE TRUE TRUE ...
 $ Race.IsAnalyzeFullPast           : logi  TRUE TRUE TRUE TRUE TRUE TRUE ...
 $ Race.IsAnalyzeFullFuture         : logi  FALSE FALSE FALSE FALSE FALSE FALSE ...
 $ Race.JyokenCd                    : Factor w/ 1 level "5": 1 1 1 1 1 1 1 1 1 1 ...
 $ Race.JyoType1Cd                  : Factor w/ 175 levels "1-08-1800-1",..: 6 2 2 7 7 4 4 4 6 6 ...
 $ Race.RaceType0Cd                 : Factor w/ 277 levels "1-08-1800-1-5-X-12",..: 6 2 2 7 7 4 4 4 6 6 ...
 $ Race.RaceType1Cd                 : Factor w/ 1 level "1-5-X": 1 1 1 1 1 1 1 1 1 1 ...
 $ Race.RaceType2Cd                 : Factor w/ 1 level "1-5-X": 1 1 1 1 1 1 1 1 1 1 ...
 $ Race.RaceType3Cd                 : Factor w/ 2 levels "5-X-12","5-X-11": 1 1 1 1 1 1 1 1 1 1 ...
 $ Race.RaceType4Cd                 : Factor w/ 2 levels "1-5-12","1-5-11": 1 1 1 1 1 1 1 1 1 1 ...
 $ RaceHorse.RaceId                 : Factor w/ 2474 levels "20160206-08-02-03-05",..: 6 7 7 8 8 9 9 9 10 10 ...
 $ RaceHorse.KettoNum               : Factor w/ 13971 levels "2013101618","2013100379",..: 11 12 13 14 15 16 8 17 18 19 ...
 $ RaceHorse.IsHit1                 : int  0 0 0 1 0 0 0 0 0 0 ...
 $ RaceHorse.IsHit2                 : int  0 0 0 0 0 0 0 0 0 0 ...
 $ RaceHorse.IsHit3                 : int  0 0 0 0 0 0 0 0 0 0 ...
 $ RaceHorse.IsHit4                 : int  0 0 0 0 0 0 0 0 0 0 ...
 $ RaceHorse.IsHit5                 : int  0 0 0 0 0 1 0 0 0 0 ...
 $ RaceHorse.IsHit6                 : int  1 1 1 0 1 0 1 1 1 1 ...
 $ RaceHorse.IsValidRaceHorse       : logi  TRUE TRUE TRUE TRUE TRUE TRUE ...
 $ RaceHorse.IsHitA                 : int  0 0 0 1 0 0 0 0 0 0 ...
 $ RaceHorse.IsHitB                 : int  0 0 0 1 0 0 0 0 0 0 ...
 $ RaceHorse.IsHitC                 : int  0 0 0 1 0 0 0 0 0 0 ...
 $ DataMiningTaisen.TmScoreSdv      : num  -0.578 -1.596 -0.15 0.772 -1.806 ...
 $ EOF                              : int  1 1 1 1 1 1 1 1 1 1 ...
[1] "2022-02-19 09:28:49 --- na.omit Finish ---"
[1] "2022-02-19 09:28:49 --- rxGlm with rxStepControl Start ---"

> print(paste0(Sys.time(), " --- source_logic_glm.R Start ---"))
[1] "2022-02-19 09:28:49 --- source_logic_glm.R Start ---"

> formula <- formula(RaceHorse.IsHitA ~ +1 + DataMiningTaisen.TmScoreSdv)

> print(paste0(Sys.time(), " --- source_logic_glm.R Finished ---"))
[1] "2022-02-19 09:28:49 --- source_logic_glm.R Finished ---"
Rows Read: 37190, Total Rows Processed: 37190, Total Chunk Time: 0.002 seconds 

Starting values (iteration 1) time: 0.042 secs.
Rows Read: 37190, Total Rows Processed: 37190, Total Chunk Time: 0.006 seconds 

Iteration 2 time: 0.016 secs.
Rows Read: 37190, Total Rows Processed: 37190, Total Chunk Time: 0.007 seconds 

Iteration 3 time: 0.015 secs.
Rows Read: 37190, Total Rows Processed: 37190, Total Chunk Time: 0.003 seconds 

Iteration 4 time: 0.011 secs.
Rows Read: 37190, Total Rows Processed: 37190, Total Chunk Time: 0.003 seconds 

Iteration 5 time: 0.019 secs.
Rows Read: 37190, Total Rows Processed: 37190, Total Chunk Time: 0.003 seconds 

Iteration 6 time: 0.019 secs.

Elapsed computation time: 0.168 secs.
Rows Read: 37190, Total Rows Processed: 37190, Total Chunk Time: 0.002 seconds 

Starting values (iteration 1) time: 0.015 secs.
Rows Read: 37190, Total Rows Processed: 37190, Total Chunk Time: 0.002 seconds 

Iteration 2 time: 0.010 secs.

Elapsed computation time: 0.052 secs.
Rows Read: 37190, Total Rows Processed: 37190, Total Chunk Time: 0.002 seconds 

Starting values (iteration 1) time: 0.013 secs.
Rows Read: 37190, Total Rows Processed: 37190, Total Chunk Time: 0.003 seconds 

Iteration 2 time: 0.012 secs.
Rows Read: 37190, Total Rows Processed: 37190, Total Chunk Time: 0.003 seconds 

Iteration 3 time: 0.007 secs.
Rows Read: 37190, Total Rows Processed: 37190, Total Chunk Time: 0.003 seconds 

Iteration 4 time: 0.007 secs.
Rows Read: 37190, Total Rows Processed: 37190, Total Chunk Time: 0.004 seconds 

Iteration 5 time: 0.015 secs.
Rows Read: 37190, Total Rows Processed: 37190, Total Chunk Time: 0.003 seconds 

Iteration 6 time: 0.007 secs.

Elapsed computation time: 0.105 secs.

Elapsed computation time: 0.365 secs.
[1] "--------------------------------------------------------------------------------"
[1] "analyze.results.glm.step="
Logistic Regression Results for: RaceHorse.IsHitA ~
    DataMiningTaisen.TmScoreSdv
Data: data
Dependent variable(s): RaceHorse.IsHitA
Total independent variables: 2 
Number of valid observations: 37190
Number of missing observations: 0 
 
Coefficients:
                            RaceHorse.IsHitA
(Intercept)                               -3
DataMiningTaisen.TmScoreSdv                1
[1] "analyze.results.glm.step.summary"
Call:
rxLogit(formula = formula, data = data, variableSelection = analyze.results.glm.step.varsel)

Logistic Regression Results for: RaceHorse.IsHitA ~
    DataMiningTaisen.TmScoreSdv
Data: data
Dependent variable(s): RaceHorse.IsHitA
Total independent variables: 2 
Number of valid observations: 37190
Number of missing observations: 0 
-2*LogLikelihood: 15377.085 (Residual deviance on 37188 degrees of freedom)
 
Coefficients:
                            Estimate Std. Error z value Pr(>|z|)    
(Intercept)                  -3.3095     0.0345     -96  2.2e-16 ***
DataMiningTaisen.TmScoreSdv   1.3205     0.0294      45  2.2e-16 ***
---
Signif. codes:  0 '***' 0.001 '**' 0.01 '*' 0.05 '.' 0.1 ' ' 1

Condition number of final variance-covariance matrix: 1 
Number of iterations: 6
[1] "--------------------------------------------------------------------------------"
[1] "2022-02-19 09:28:50 --- rxGlm with rxStepControl Finish ---"
[1] "2022-02-19 09:28:50 --- rxStepPlot Start ---"
[1] "pdfFilename=pdf_analyze_glm_DataMiningTaisen_Type15_rxStepPlot.pdf"
[1] "rxStepPlot="
[1] "2022-02-19 09:28:50 --- rxStepPlot Finish ---"
[1] "2022-02-19 09:28:50 --- save.image Start ---"
[1] "save.image"
[1] "rdataFilename=RData_analyze_glm_DataMiningTaisen_Type15.RData"
[1] "2022-02-19 09:28:50 --- save.image Finish ---"
[1] "2022-02-19 09:28:50 --- final Start ---"
[1] "--------------------------------------------------------------------------------"
[1] "nrow(data) final=37190"
[1] "--------------------------------------------------------------------------------"
[1] "2022-02-19 09:28:50 --- final Finish ---"
[1] "2022-02-19 09:28:50 --- analyze_glm.R Finished ---"
[1] "2022-02-19 09:28:50 --- log Finish ---"
