[1] "2022-02-19 09:28:43 --- D1115_analyze_glm_DataMiningTaisen_IsHitA_Type12 Start ---"
[1] "2022-02-19 09:28:43 --- Log Start ---"
[1] "2022-02-19 09:28:43 --- analyze_glm.R Start ---"
[1] "analyzeVersion=D1115"
[1] "analyzeCategory=analyze"
[1] "analyzeType=DataMiningTaisen"
[1] "analyzeFamily=IsHitA"
[1] "analyzeFunc=glm"
[1] "analyzeTrackTypeCd=1"
[1] "analyzeJyokenCd=2"
[1] "2022-02-19 09:28:43 --- source_function.R Start ---"
[1] "2022-02-19 09:28:43 --- source_function.R Finished ---"

> print(paste0(Sys.time(), " --- source_library.R Start ---"))
[1] "2022-02-19 09:28:43 --- source_library.R Start ---"

> require("RevoScaleR")

> print(paste0(Sys.time(), " --- source_library.R Finished ---"))
[1] "2022-02-19 09:28:44 --- source_library.R Finished ---"
[1] "2022-02-19 09:28:44 --- RxSqlServerData Start ---"
[1] "2022-02-19 09:28:44 --- RxInSqlServer Start ---"
[1] "2022-02-19 09:28:44 --- RxInSqlServer Finish ---"
[1] "2022-02-19 09:28:44 --- rxSetComputeContext Start ---"
[1] "2022-02-19 09:28:44 --- rxSetComputeContext Finish ---"
[1] "2022-02-19 09:28:44 --- RxSqlServerData Start ---"
[1] "sqlQuery=SELECT * FROM ViewAnalyzeD1115analyze01DataMiningTaisenType12"
[1] "2022-02-19 09:28:44 --- RxSqlServerData Finish ---"
[1] "2022-02-19 09:28:44 --- rxGetVarInfo Start ---"
[1] "2022-02-19 09:28:44 --- rxGetVarInfo Finish---"
[1] "2022-02-19 09:28:44 --- rxImport Start ---"
Rows Read: 6809, Total Rows Processed: 6809, Total Chunk Time: 0.439 seconds 
[1] "2022-02-19 09:28:46 --- rxImport Finish ---"
[1] "object.size(data) auto=1020.4 Kb"
[1] "--------------------------------------------------------------------------------"
[1] "nrow(data) RxSqlServerData=6809"
[1] "--------------------------------------------------------------------------------"
[1] "str(data)="
'data.frame':	6809 obs. of  29 variables:
 $ Race.RaceId                      : Factor w/ 529 levels "20160522-05-02-10-10",..: 7 7 8 9 9 10 11 12 13 14 ...
 $ Race.IsPredictedRace             : logi  TRUE TRUE TRUE TRUE TRUE TRUE ...
 $ Race.IsAnalyzeNormalPastAndFuture: logi  TRUE TRUE TRUE TRUE TRUE TRUE ...
 $ Race.IsAnalyzeNormalPast         : logi  TRUE TRUE TRUE TRUE TRUE TRUE ...
 $ Race.IsAnalyzeNormalFuture       : logi  FALSE FALSE FALSE FALSE FALSE FALSE ...
 $ Race.IsAnalyzeFullPastAndFuture  : logi  TRUE TRUE TRUE TRUE TRUE TRUE ...
 $ Race.IsAnalyzeFullPast           : logi  TRUE TRUE TRUE TRUE TRUE TRUE ...
 $ Race.IsAnalyzeFullFuture         : logi  FALSE FALSE FALSE FALSE FALSE FALSE ...
 $ Race.JyokenCd                    : Factor w/ 1 level "2": 1 1 1 1 1 1 1 1 1 1 ...
 $ Race.JyoType1Cd                  : Factor w/ 112 levels "1-05-1400-1",..: 7 7 8 9 9 4 10 11 1 12 ...
 $ Race.RaceType0Cd                 : Factor w/ 158 levels "1-05-1400-1-2-E-14",..: 7 7 8 9 9 4 10 11 1 12 ...
 $ Race.RaceType1Cd                 : Factor w/ 1 level "1-2-E": 1 1 1 1 1 1 1 1 1 1 ...
 $ Race.RaceType2Cd                 : Factor w/ 1 level "1-2-E": 1 1 1 1 1 1 1 1 1 1 ...
 $ Race.RaceType3Cd                 : Factor w/ 2 levels "2-E-14","2-E-13": 2 2 2 1 1 1 1 1 1 2 ...
 $ Race.RaceType4Cd                 : Factor w/ 2 levels "1-2-14","1-2-13": 2 2 2 1 1 1 1 1 1 2 ...
 $ RaceHorse.RaceId                 : Factor w/ 529 levels "20160522-05-02-10-10",..: 7 7 8 9 9 10 11 12 13 14 ...
 $ RaceHorse.KettoNum               : Factor w/ 1439 levels "2010102500","2012101173",..: 11 6 12 13 14 15 16 17 18 19 ...
 $ RaceHorse.IsHit1                 : int  0 0 0 0 0 0 0 0 0 0 ...
 $ RaceHorse.IsHit2                 : int  0 0 0 0 0 0 0 0 0 0 ...
 $ RaceHorse.IsHit3                 : int  0 0 0 0 0 0 0 0 0 0 ...
 $ RaceHorse.IsHit4                 : int  0 0 0 1 0 1 0 0 0 0 ...
 $ RaceHorse.IsHit5                 : int  0 0 0 0 0 0 0 0 0 0 ...
 $ RaceHorse.IsHit6                 : int  1 1 1 0 1 0 1 1 1 1 ...
 $ RaceHorse.IsValidRaceHorse       : logi  TRUE TRUE TRUE TRUE TRUE TRUE ...
 $ RaceHorse.IsHitA                 : int  0 0 0 0 0 0 0 0 0 0 ...
 $ RaceHorse.IsHitB                 : int  0 0 0 0 0 0 0 0 0 0 ...
 $ RaceHorse.IsHitC                 : int  0 0 0 0 0 0 0 0 0 0 ...
 $ DataMiningTaisen.TmScoreSdv      : num  0.789 -1.018 0.189 0.243 -0.323 ...
 $ EOF                              : int  1 1 1 1 1 1 1 1 1 1 ...
[1] "2022-02-19 09:28:46 --- RxSqlServerData Finish ---"
[1] "2022-02-19 09:28:46 --- subset Start ---"
[1] "--------------------------------------------------------------------------------"
[1] "nrow(data) subset before=6809"
[1] "nrow(data) subset after =6809"
[1] "nrow(data) subset diff =0"
[1] "--------------------------------------------------------------------------------"
[1] "2022-02-19 09:28:46 --- subset Finish---"
[1] "2022-02-19 09:28:46 --- transform Start ---"
[1] "--------------------------------------------------------------------------------"
[1] "nrow(data) transform before=6809"
[1] "nrow(data) transform after=6809"
[1] "nrow(data) transform diff=0"
[1] "--------------------------------------------------------------------------------"
[1] "str(data)="
'data.frame':	6809 obs. of  29 variables:
 $ Race.RaceId                      : Factor w/ 529 levels "20160522-05-02-10-10",..: 7 7 8 9 9 10 11 12 13 14 ...
 $ Race.IsPredictedRace             : logi  TRUE TRUE TRUE TRUE TRUE TRUE ...
 $ Race.IsAnalyzeNormalPastAndFuture: logi  TRUE TRUE TRUE TRUE TRUE TRUE ...
 $ Race.IsAnalyzeNormalPast         : logi  TRUE TRUE TRUE TRUE TRUE TRUE ...
 $ Race.IsAnalyzeNormalFuture       : logi  FALSE FALSE FALSE FALSE FALSE FALSE ...
 $ Race.IsAnalyzeFullPastAndFuture  : logi  TRUE TRUE TRUE TRUE TRUE TRUE ...
 $ Race.IsAnalyzeFullPast           : logi  TRUE TRUE TRUE TRUE TRUE TRUE ...
 $ Race.IsAnalyzeFullFuture         : logi  FALSE FALSE FALSE FALSE FALSE FALSE ...
 $ Race.JyokenCd                    : Factor w/ 1 level "2": 1 1 1 1 1 1 1 1 1 1 ...
 $ Race.JyoType1Cd                  : Factor w/ 112 levels "1-05-1400-1",..: 7 7 8 9 9 4 10 11 1 12 ...
 $ Race.RaceType0Cd                 : Factor w/ 158 levels "1-05-1400-1-2-E-14",..: 7 7 8 9 9 4 10 11 1 12 ...
 $ Race.RaceType1Cd                 : Factor w/ 1 level "1-2-E": 1 1 1 1 1 1 1 1 1 1 ...
 $ Race.RaceType2Cd                 : Factor w/ 1 level "1-2-E": 1 1 1 1 1 1 1 1 1 1 ...
 $ Race.RaceType3Cd                 : Factor w/ 2 levels "2-E-14","2-E-13": 2 2 2 1 1 1 1 1 1 2 ...
 $ Race.RaceType4Cd                 : Factor w/ 2 levels "1-2-14","1-2-13": 2 2 2 1 1 1 1 1 1 2 ...
 $ RaceHorse.RaceId                 : Factor w/ 529 levels "20160522-05-02-10-10",..: 7 7 8 9 9 10 11 12 13 14 ...
 $ RaceHorse.KettoNum               : Factor w/ 1439 levels "2010102500","2012101173",..: 11 6 12 13 14 15 16 17 18 19 ...
 $ RaceHorse.IsHit1                 : int  0 0 0 0 0 0 0 0 0 0 ...
 $ RaceHorse.IsHit2                 : int  0 0 0 0 0 0 0 0 0 0 ...
 $ RaceHorse.IsHit3                 : int  0 0 0 0 0 0 0 0 0 0 ...
 $ RaceHorse.IsHit4                 : int  0 0 0 1 0 1 0 0 0 0 ...
 $ RaceHorse.IsHit5                 : int  0 0 0 0 0 0 0 0 0 0 ...
 $ RaceHorse.IsHit6                 : int  1 1 1 0 1 0 1 1 1 1 ...
 $ RaceHorse.IsValidRaceHorse       : logi  TRUE TRUE TRUE TRUE TRUE TRUE ...
 $ RaceHorse.IsHitA                 : int  0 0 0 0 0 0 0 0 0 0 ...
 $ RaceHorse.IsHitB                 : int  0 0 0 0 0 0 0 0 0 0 ...
 $ RaceHorse.IsHitC                 : int  0 0 0 0 0 0 0 0 0 0 ...
 $ DataMiningTaisen.TmScoreSdv      : num  0.789 -1.018 0.189 0.243 -0.323 ...
 $ EOF                              : int  1 1 1 1 1 1 1 1 1 1 ...
NULL
[1] "2022-02-19 09:28:47 --- transform Finish ---"
[1] "2022-02-19 09:28:47 --- na.omit Start ---"
[1] "--------------------------------------------------------------------------------"
[1] "nrow(data) na.omit before=6809"
[1] "nrow(data) na.omit after =6809"
[1] "nrow(data) na.omit diff =0"
[1] "--------------------------------------------------------------------------------"
'data.frame':	6809 obs. of  29 variables:
 $ Race.RaceId                      : Factor w/ 529 levels "20160522-05-02-10-10",..: 7 7 8 9 9 10 11 12 13 14 ...
 $ Race.IsPredictedRace             : logi  TRUE TRUE TRUE TRUE TRUE TRUE ...
 $ Race.IsAnalyzeNormalPastAndFuture: logi  TRUE TRUE TRUE TRUE TRUE TRUE ...
 $ Race.IsAnalyzeNormalPast         : logi  TRUE TRUE TRUE TRUE TRUE TRUE ...
 $ Race.IsAnalyzeNormalFuture       : logi  FALSE FALSE FALSE FALSE FALSE FALSE ...
 $ Race.IsAnalyzeFullPastAndFuture  : logi  TRUE TRUE TRUE TRUE TRUE TRUE ...
 $ Race.IsAnalyzeFullPast           : logi  TRUE TRUE TRUE TRUE TRUE TRUE ...
 $ Race.IsAnalyzeFullFuture         : logi  FALSE FALSE FALSE FALSE FALSE FALSE ...
 $ Race.JyokenCd                    : Factor w/ 1 level "2": 1 1 1 1 1 1 1 1 1 1 ...
 $ Race.JyoType1Cd                  : Factor w/ 112 levels "1-05-1400-1",..: 7 7 8 9 9 4 10 11 1 12 ...
 $ Race.RaceType0Cd                 : Factor w/ 158 levels "1-05-1400-1-2-E-14",..: 7 7 8 9 9 4 10 11 1 12 ...
 $ Race.RaceType1Cd                 : Factor w/ 1 level "1-2-E": 1 1 1 1 1 1 1 1 1 1 ...
 $ Race.RaceType2Cd                 : Factor w/ 1 level "1-2-E": 1 1 1 1 1 1 1 1 1 1 ...
 $ Race.RaceType3Cd                 : Factor w/ 2 levels "2-E-14","2-E-13": 2 2 2 1 1 1 1 1 1 2 ...
 $ Race.RaceType4Cd                 : Factor w/ 2 levels "1-2-14","1-2-13": 2 2 2 1 1 1 1 1 1 2 ...
 $ RaceHorse.RaceId                 : Factor w/ 529 levels "20160522-05-02-10-10",..: 7 7 8 9 9 10 11 12 13 14 ...
 $ RaceHorse.KettoNum               : Factor w/ 1439 levels "2010102500","2012101173",..: 11 6 12 13 14 15 16 17 18 19 ...
 $ RaceHorse.IsHit1                 : int  0 0 0 0 0 0 0 0 0 0 ...
 $ RaceHorse.IsHit2                 : int  0 0 0 0 0 0 0 0 0 0 ...
 $ RaceHorse.IsHit3                 : int  0 0 0 0 0 0 0 0 0 0 ...
 $ RaceHorse.IsHit4                 : int  0 0 0 1 0 1 0 0 0 0 ...
 $ RaceHorse.IsHit5                 : int  0 0 0 0 0 0 0 0 0 0 ...
 $ RaceHorse.IsHit6                 : int  1 1 1 0 1 0 1 1 1 1 ...
 $ RaceHorse.IsValidRaceHorse       : logi  TRUE TRUE TRUE TRUE TRUE TRUE ...
 $ RaceHorse.IsHitA                 : int  0 0 0 0 0 0 0 0 0 0 ...
 $ RaceHorse.IsHitB                 : int  0 0 0 0 0 0 0 0 0 0 ...
 $ RaceHorse.IsHitC                 : int  0 0 0 0 0 0 0 0 0 0 ...
 $ DataMiningTaisen.TmScoreSdv      : num  0.789 -1.018 0.189 0.243 -0.323 ...
 $ EOF                              : int  1 1 1 1 1 1 1 1 1 1 ...
[1] "2022-02-19 09:28:47 --- na.omit Finish ---"
[1] "2022-02-19 09:28:47 --- rxGlm with rxStepControl Start ---"

> print(paste0(Sys.time(), " --- source_logic_glm.R Start ---"))
[1] "2022-02-19 09:28:47 --- source_logic_glm.R Start ---"

> formula <- formula(RaceHorse.IsHitA ~ +1 + DataMiningTaisen.TmScoreSdv)

> print(paste0(Sys.time(), " --- source_logic_glm.R Finished ---"))
[1] "2022-02-19 09:28:47 --- source_logic_glm.R Finished ---"
Rows Read: 6809, Total Rows Processed: 6809, Total Chunk Time: 0.001 seconds 

Starting values (iteration 1) time: 0.015 secs.
Rows Read: 6809, Total Rows Processed: 6809, Total Chunk Time: 0.001 seconds 

Iteration 2 time: 0.008 secs.
Rows Read: 6809, Total Rows Processed: 6809, Total Chunk Time: Less than .001 seconds 

Iteration 3 time: 0.019 secs.
Rows Read: 6809, Total Rows Processed: 6809, Total Chunk Time: Less than .001 seconds 

Iteration 4 time: 0.014 secs.
Rows Read: 6809, Total Rows Processed: 6809, Total Chunk Time: 0.002 seconds 

Iteration 5 time: 0.010 secs.

Elapsed computation time: 0.107 secs.
Rows Read: 6809, Total Rows Processed: 6809, Total Chunk Time: 0.001 seconds 

Starting values (iteration 1) time: 0.013 secs.
Rows Read: 6809, Total Rows Processed: 6809, Total Chunk Time: Less than .001 seconds 

Iteration 2 time: 0.010 secs.

Elapsed computation time: 0.045 secs.
Rows Read: 6809, Total Rows Processed: 6809, Total Chunk Time: Less than .001 seconds 

Starting values (iteration 1) time: 0.008 secs.
Rows Read: 6809, Total Rows Processed: 6809, Total Chunk Time: 0.002 seconds 

Iteration 2 time: 0.011 secs.
Rows Read: 6809, Total Rows Processed: 6809, Total Chunk Time: Less than .001 seconds 

Iteration 3 time: 0.011 secs.
Rows Read: 6809, Total Rows Processed: 6809, Total Chunk Time: 0.002 seconds 

Iteration 4 time: 0.009 secs.
Rows Read: 6809, Total Rows Processed: 6809, Total Chunk Time: 0.002 seconds 

Iteration 5 time: 0.024 secs.

Elapsed computation time: 0.111 secs.

Elapsed computation time: 0.313 secs.
[1] "--------------------------------------------------------------------------------"
[1] "analyze.results.glm.step="
Logistic Regression Results for: RaceHorse.IsHitA ~
    DataMiningTaisen.TmScoreSdv
Data: data
Dependent variable(s): RaceHorse.IsHitA
Total independent variables: 2 
Number of valid observations: 6809
Number of missing observations: 0 
 
Coefficients:
                            RaceHorse.IsHitA
(Intercept)                             -2.8
DataMiningTaisen.TmScoreSdv              0.9
[1] "analyze.results.glm.step.summary"
Call:
rxLogit(formula = formula, data = data, variableSelection = analyze.results.glm.step.varsel)

Logistic Regression Results for: RaceHorse.IsHitA ~
    DataMiningTaisen.TmScoreSdv
Data: data
Dependent variable(s): RaceHorse.IsHitA
Total independent variables: 2 
Number of valid observations: 6809
Number of missing observations: 0 
-2*LogLikelihood: 3446.284 (Residual deviance on 6807 degrees of freedom)
 
Coefficients:
                            Estimate Std. Error z value Pr(>|z|)    
(Intercept)                  -2.7513     0.0577   -47.7  2.2e-16 ***
DataMiningTaisen.TmScoreSdv   0.8505     0.0569    15.0  2.2e-16 ***
---
Signif. codes:  0 '***' 0.001 '**' 0.01 '*' 0.05 '.' 0.1 ' ' 1

Condition number of final variance-covariance matrix: 1 
Number of iterations: 5
[1] "--------------------------------------------------------------------------------"
[1] "2022-02-19 09:28:48 --- rxGlm with rxStepControl Finish ---"
[1] "2022-02-19 09:28:48 --- rxStepPlot Start ---"
[1] "pdfFilename=pdf_analyze_glm_DataMiningTaisen_Type12_rxStepPlot.pdf"
[1] "rxStepPlot="
[1] "2022-02-19 09:28:48 --- rxStepPlot Finish ---"
[1] "2022-02-19 09:28:48 --- save.image Start ---"
[1] "save.image"
[1] "rdataFilename=RData_analyze_glm_DataMiningTaisen_Type12.RData"
[1] "2022-02-19 09:28:48 --- save.image Finish ---"
[1] "2022-02-19 09:28:48 --- final Start ---"
[1] "--------------------------------------------------------------------------------"
[1] "nrow(data) final=6809"
[1] "--------------------------------------------------------------------------------"
[1] "2022-02-19 09:28:48 --- final Finish ---"
[1] "2022-02-19 09:28:48 --- analyze_glm.R Finished ---"
[1] "2022-02-19 09:28:48 --- log Finish ---"
