[1] "2022-02-19 09:34:57 --- D1115_analyze_glm_Odds_IsHitA_Type31 Start ---"
[1] "2022-02-19 09:34:57 --- Log Start ---"
[1] "2022-02-19 09:34:57 --- analyze_glm.R Start ---"
[1] "analyzeVersion=D1115"
[1] "analyzeCategory=analyze"
[1] "analyzeType=Odds"
[1] "analyzeFamily=IsHitA"
[1] "analyzeFunc=glm"
[1] "analyzeTrackTypeCd=3"
[1] "analyzeJyokenCd=1"
[1] "2022-02-19 09:34:57 --- source_function.R Start ---"
[1] "2022-02-19 09:34:57 --- source_function.R Finished ---"

> print(paste0(Sys.time(), " --- source_library.R Start ---"))
[1] "2022-02-19 09:34:57 --- source_library.R Start ---"

> require("RevoScaleR")

> print(paste0(Sys.time(), " --- source_library.R Finished ---"))
[1] "2022-02-19 09:34:58 --- source_library.R Finished ---"
[1] "2022-02-19 09:34:58 --- RxSqlServerData Start ---"
[1] "2022-02-19 09:34:58 --- RxInSqlServer Start ---"
[1] "2022-02-19 09:34:58 --- RxInSqlServer Finish ---"
[1] "2022-02-19 09:34:58 --- rxSetComputeContext Start ---"
[1] "2022-02-19 09:34:58 --- rxSetComputeContext Finish ---"
[1] "2022-02-19 09:34:58 --- RxSqlServerData Start ---"
[1] "sqlQuery=SELECT * FROM ViewAnalyzeD1115analyze01OddsType31"
[1] "2022-02-19 09:34:58 --- RxSqlServerData Finish ---"
[1] "2022-02-19 09:34:58 --- rxGetVarInfo Start ---"
[1] "2022-02-19 09:34:58 --- rxGetVarInfo Finish---"
[1] "2022-02-19 09:34:58 --- rxImport Start ---"
Rows Read: 2534, Total Rows Processed: 2534, Total Chunk Time: 1.639 seconds 
[1] "2022-02-19 09:35:01 --- rxImport Finish ---"
[1] "object.size(data) auto=506.9 Kb"
[1] "--------------------------------------------------------------------------------"
[1] "nrow(data) RxSqlServerData=2534"
[1] "--------------------------------------------------------------------------------"
[1] "str(data)="
'data.frame':	2534 obs. of  35 variables:
 $ Race.RaceId                      : Factor w/ 213 levels "20160109-06-01-02-08",..: 1 1 1 1 1 1 1 1 1 2 ...
 $ Race.IsPredictedRace             : logi  TRUE TRUE TRUE TRUE TRUE TRUE ...
 $ Race.IsAnalyzeNormalPastAndFuture: logi  TRUE TRUE TRUE TRUE TRUE TRUE ...
 $ Race.IsAnalyzeNormalPast         : logi  TRUE TRUE TRUE TRUE TRUE TRUE ...
 $ Race.IsAnalyzeNormalFuture       : logi  FALSE FALSE FALSE FALSE FALSE FALSE ...
 $ Race.IsAnalyzeFullPastAndFuture  : logi  TRUE TRUE TRUE TRUE TRUE TRUE ...
 $ Race.IsAnalyzeFullPast           : logi  TRUE TRUE TRUE TRUE TRUE TRUE ...
 $ Race.IsAnalyzeFullFuture         : logi  FALSE FALSE FALSE FALSE FALSE FALSE ...
 $ Race.JyokenCd                    : Factor w/ 1 level "1": 1 1 1 1 1 1 1 1 1 1 ...
 $ Race.JyoType1Cd                  : Factor w/ 53 levels "3-06-3200-1",..: 1 1 1 1 1 1 1 1 1 2 ...
 $ Race.RaceType0Cd                 : Factor w/ 77 levels "3-06-3200-1-1-E-19",..: 1 1 1 1 1 1 1 1 1 2 ...
 $ Race.RaceType1Cd                 : Factor w/ 5 levels "3-1-E","3-1-X",..: 1 1 1 1 1 1 1 1 1 2 ...
 $ Race.RaceType2Cd                 : Factor w/ 5 levels "3-1-E","3-1-X",..: 1 1 1 1 1 1 1 1 1 2 ...
 $ Race.RaceType3Cd                 : Factor w/ 9 levels "1-E-19","1-X-19",..: 1 1 1 1 1 1 1 1 1 2 ...
 $ Race.RaceType4Cd                 : Factor w/ 2 levels "3-1-19","3-1-18": 1 1 1 1 1 1 1 1 1 1 ...
 $ RaceHorse.RaceId                 : Factor w/ 213 levels "20160109-06-01-02-08",..: 1 1 1 1 1 1 1 1 1 2 ...
 $ RaceHorse.KettoNum               : Factor w/ 478 levels "2011102192","2012100619",..: 1 2 3 4 5 6 7 8 9 10 ...
 $ RaceHorse.IsHit1                 : int  0 0 0 0 1 0 0 0 0 0 ...
 $ RaceHorse.IsHit2                 : int  0 1 0 0 0 0 0 0 0 0 ...
 $ RaceHorse.IsHit3                 : int  0 0 0 0 0 0 0 1 0 0 ...
 $ RaceHorse.IsHit4                 : int  0 0 0 1 0 0 0 0 0 0 ...
 $ RaceHorse.IsHit5                 : int  1 0 0 0 0 0 0 0 0 0 ...
 $ RaceHorse.IsHit6                 : int  0 0 0 0 0 1 1 0 1 1 ...
 $ RaceHorse.IsValidRaceHorse       : logi  TRUE TRUE FALSE TRUE TRUE TRUE ...
 $ RaceHorse.IsHitA                 : int  0 0 0 0 1 0 0 0 0 0 ...
 $ RaceHorse.IsHitB                 : int  0 1 0 0 1 0 0 0 0 0 ...
 $ RaceHorse.IsHitC                 : int  0 1 0 0 1 0 0 1 0 0 ...
 $ OddsByWin.Odds1                  : num  15.4 6.9 22.4 3.1 2.6 35.7 63.9 5.4 14.5 26.8 ...
 $ OddsByWin.Ninki                  : num  6 4 7 2 1 8 9 3 5 8 ...
 $ OddsByWin.OddsLog1               : num  2.8 2.07 3.15 1.41 1.28 ...
 $ OddsByWin.OddsRatio1             : num  0.0694 0.1695 0.0467 0.4762 0.625 ...
 $ OddsByWin.OddsLogit1             : num  -2.734 -1.932 -3.109 -1.131 -0.956 ...
 $ OddsByWin.ApprovalRate1          : num  0.0649 0.1449 0.0446 0.3226 0.3846 ...
 $ OddsByWin.ApprovalRateLog1       : num  0.0629 0.1353 0.0437 0.2796 0.3254 ...
 $ EOF                              : int  1 1 1 1 1 1 1 1 1 1 ...
[1] "2022-02-19 09:35:02 --- RxSqlServerData Finish ---"
[1] "2022-02-19 09:35:02 --- subset Start ---"
[1] "--------------------------------------------------------------------------------"
[1] "nrow(data) subset before=2534"
[1] "nrow(data) subset after =2534"
[1] "nrow(data) subset diff =0"
[1] "--------------------------------------------------------------------------------"
[1] "2022-02-19 09:35:02 --- subset Finish---"
[1] "2022-02-19 09:35:02 --- transform Start ---"
[1] "--------------------------------------------------------------------------------"
[1] "nrow(data) transform before=2534"
[1] "nrow(data) transform after=2534"
[1] "nrow(data) transform diff=0"
[1] "--------------------------------------------------------------------------------"
[1] "str(data)="
'data.frame':	2534 obs. of  35 variables:
 $ Race.RaceId                      : Factor w/ 213 levels "20160109-06-01-02-08",..: 1 1 1 1 1 1 1 1 1 2 ...
 $ Race.IsPredictedRace             : logi  TRUE TRUE TRUE TRUE TRUE TRUE ...
 $ Race.IsAnalyzeNormalPastAndFuture: logi  TRUE TRUE TRUE TRUE TRUE TRUE ...
 $ Race.IsAnalyzeNormalPast         : logi  TRUE TRUE TRUE TRUE TRUE TRUE ...
 $ Race.IsAnalyzeNormalFuture       : logi  FALSE FALSE FALSE FALSE FALSE FALSE ...
 $ Race.IsAnalyzeFullPastAndFuture  : logi  TRUE TRUE TRUE TRUE TRUE TRUE ...
 $ Race.IsAnalyzeFullPast           : logi  TRUE TRUE TRUE TRUE TRUE TRUE ...
 $ Race.IsAnalyzeFullFuture         : logi  FALSE FALSE FALSE FALSE FALSE FALSE ...
 $ Race.JyokenCd                    : Factor w/ 1 level "1": 1 1 1 1 1 1 1 1 1 1 ...
 $ Race.JyoType1Cd                  : Factor w/ 53 levels "3-06-3200-1",..: 1 1 1 1 1 1 1 1 1 2 ...
 $ Race.RaceType0Cd                 : Factor w/ 77 levels "3-06-3200-1-1-E-19",..: 1 1 1 1 1 1 1 1 1 2 ...
 $ Race.RaceType1Cd                 : Factor w/ 5 levels "3-1-E","3-1-X",..: 1 1 1 1 1 1 1 1 1 2 ...
 $ Race.RaceType2Cd                 : Factor w/ 5 levels "3-1-E","3-1-X",..: 1 1 1 1 1 1 1 1 1 2 ...
 $ Race.RaceType3Cd                 : Factor w/ 9 levels "1-E-19","1-X-19",..: 1 1 1 1 1 1 1 1 1 2 ...
 $ Race.RaceType4Cd                 : Factor w/ 2 levels "3-1-19","3-1-18": 1 1 1 1 1 1 1 1 1 1 ...
 $ RaceHorse.RaceId                 : Factor w/ 213 levels "20160109-06-01-02-08",..: 1 1 1 1 1 1 1 1 1 2 ...
 $ RaceHorse.KettoNum               : Factor w/ 478 levels "2011102192","2012100619",..: 1 2 3 4 5 6 7 8 9 10 ...
 $ RaceHorse.IsHit1                 : int  0 0 0 0 1 0 0 0 0 0 ...
 $ RaceHorse.IsHit2                 : int  0 1 0 0 0 0 0 0 0 0 ...
 $ RaceHorse.IsHit3                 : int  0 0 0 0 0 0 0 1 0 0 ...
 $ RaceHorse.IsHit4                 : int  0 0 0 1 0 0 0 0 0 0 ...
 $ RaceHorse.IsHit5                 : int  1 0 0 0 0 0 0 0 0 0 ...
 $ RaceHorse.IsHit6                 : int  0 0 0 0 0 1 1 0 1 1 ...
 $ RaceHorse.IsValidRaceHorse       : logi  TRUE TRUE FALSE TRUE TRUE TRUE ...
 $ RaceHorse.IsHitA                 : int  0 0 0 0 1 0 0 0 0 0 ...
 $ RaceHorse.IsHitB                 : int  0 1 0 0 1 0 0 0 0 0 ...
 $ RaceHorse.IsHitC                 : int  0 1 0 0 1 0 0 1 0 0 ...
 $ OddsByWin.Odds1                  : num  15.4 6.9 22.4 3.1 2.6 35.7 63.9 5.4 14.5 26.8 ...
 $ OddsByWin.Ninki                  : num  6 4 7 2 1 8 9 3 5 8 ...
 $ OddsByWin.OddsLog1               : num  2.8 2.07 3.15 1.41 1.28 ...
 $ OddsByWin.OddsRatio1             : num  0.0694 0.1695 0.0467 0.4762 0.625 ...
 $ OddsByWin.OddsLogit1             : num  -2.734 -1.932 -3.109 -1.131 -0.956 ...
 $ OddsByWin.ApprovalRate1          : num  0.0649 0.1449 0.0446 0.3226 0.3846 ...
 $ OddsByWin.ApprovalRateLog1       : num  0.0629 0.1353 0.0437 0.2796 0.3254 ...
 $ EOF                              : int  1 1 1 1 1 1 1 1 1 1 ...
NULL
[1] "2022-02-19 09:35:03 --- transform Finish ---"
[1] "2022-02-19 09:35:03 --- na.omit Start ---"
[1] "--------------------------------------------------------------------------------"
[1] "nrow(data) na.omit before=2534"
[1] "nrow(data) na.omit after =2527"
[1] "nrow(data) na.omit diff =7"
[1] "--------------------------------------------------------------------------------"
'data.frame':	2527 obs. of  35 variables:
 $ Race.RaceId                      : Factor w/ 213 levels "20160109-06-01-02-08",..: 1 1 1 1 1 1 1 1 1 2 ...
 $ Race.IsPredictedRace             : logi  TRUE TRUE TRUE TRUE TRUE TRUE ...
 $ Race.IsAnalyzeNormalPastAndFuture: logi  TRUE TRUE TRUE TRUE TRUE TRUE ...
 $ Race.IsAnalyzeNormalPast         : logi  TRUE TRUE TRUE TRUE TRUE TRUE ...
 $ Race.IsAnalyzeNormalFuture       : logi  FALSE FALSE FALSE FALSE FALSE FALSE ...
 $ Race.IsAnalyzeFullPastAndFuture  : logi  TRUE TRUE TRUE TRUE TRUE TRUE ...
 $ Race.IsAnalyzeFullPast           : logi  TRUE TRUE TRUE TRUE TRUE TRUE ...
 $ Race.IsAnalyzeFullFuture         : logi  FALSE FALSE FALSE FALSE FALSE FALSE ...
 $ Race.JyokenCd                    : Factor w/ 1 level "1": 1 1 1 1 1 1 1 1 1 1 ...
 $ Race.JyoType1Cd                  : Factor w/ 53 levels "3-06-3200-1",..: 1 1 1 1 1 1 1 1 1 2 ...
 $ Race.RaceType0Cd                 : Factor w/ 77 levels "3-06-3200-1-1-E-19",..: 1 1 1 1 1 1 1 1 1 2 ...
 $ Race.RaceType1Cd                 : Factor w/ 5 levels "3-1-E","3-1-X",..: 1 1 1 1 1 1 1 1 1 2 ...
 $ Race.RaceType2Cd                 : Factor w/ 5 levels "3-1-E","3-1-X",..: 1 1 1 1 1 1 1 1 1 2 ...
 $ Race.RaceType3Cd                 : Factor w/ 9 levels "1-E-19","1-X-19",..: 1 1 1 1 1 1 1 1 1 2 ...
 $ Race.RaceType4Cd                 : Factor w/ 2 levels "3-1-19","3-1-18": 1 1 1 1 1 1 1 1 1 1 ...
 $ RaceHorse.RaceId                 : Factor w/ 213 levels "20160109-06-01-02-08",..: 1 1 1 1 1 1 1 1 1 2 ...
 $ RaceHorse.KettoNum               : Factor w/ 478 levels "2011102192","2012100619",..: 1 2 3 4 5 6 7 8 9 10 ...
 $ RaceHorse.IsHit1                 : int  0 0 0 0 1 0 0 0 0 0 ...
 $ RaceHorse.IsHit2                 : int  0 1 0 0 0 0 0 0 0 0 ...
 $ RaceHorse.IsHit3                 : int  0 0 0 0 0 0 0 1 0 0 ...
 $ RaceHorse.IsHit4                 : int  0 0 0 1 0 0 0 0 0 0 ...
 $ RaceHorse.IsHit5                 : int  1 0 0 0 0 0 0 0 0 0 ...
 $ RaceHorse.IsHit6                 : int  0 0 0 0 0 1 1 0 1 1 ...
 $ RaceHorse.IsValidRaceHorse       : logi  TRUE TRUE FALSE TRUE TRUE TRUE ...
 $ RaceHorse.IsHitA                 : int  0 0 0 0 1 0 0 0 0 0 ...
 $ RaceHorse.IsHitB                 : int  0 1 0 0 1 0 0 0 0 0 ...
 $ RaceHorse.IsHitC                 : int  0 1 0 0 1 0 0 1 0 0 ...
 $ OddsByWin.Odds1                  : num  15.4 6.9 22.4 3.1 2.6 35.7 63.9 5.4 14.5 26.8 ...
 $ OddsByWin.Ninki                  : num  6 4 7 2 1 8 9 3 5 8 ...
 $ OddsByWin.OddsLog1               : num  2.8 2.07 3.15 1.41 1.28 ...
 $ OddsByWin.OddsRatio1             : num  0.0694 0.1695 0.0467 0.4762 0.625 ...
 $ OddsByWin.OddsLogit1             : num  -2.734 -1.932 -3.109 -1.131 -0.956 ...
 $ OddsByWin.ApprovalRate1          : num  0.0649 0.1449 0.0446 0.3226 0.3846 ...
 $ OddsByWin.ApprovalRateLog1       : num  0.0629 0.1353 0.0437 0.2796 0.3254 ...
 $ EOF                              : int  1 1 1 1 1 1 1 1 1 1 ...
 - attr(*, "na.action")= 'omit' Named int  500 584 1783 1988 2023 2154 2427
  ..- attr(*, "names")= chr  "500" "584" "1783" "1988" ...
[1] "2022-02-19 09:35:03 --- na.omit Finish ---"
[1] "2022-02-19 09:35:03 --- rxGlm with rxStepControl Start ---"

> print(paste0(Sys.time(), " --- source_logic_glm.R Start ---"))
[1] "2022-02-19 09:35:03 --- source_logic_glm.R Start ---"

> formula <- formula(RaceHorse.IsHitA ~ +1 + OddsByWin.OddsLogit1)

> print(paste0(Sys.time(), " --- source_logic_glm.R Finished ---"))
[1] "2022-02-19 09:35:03 --- source_logic_glm.R Finished ---"
Rows Read: 2527, Total Rows Processed: 2527, Total Chunk Time: 0.001 seconds 

Starting values (iteration 1) time: 0.013 secs.
Rows Read: 2527, Total Rows Processed: 2527, Total Chunk Time: 0.007 seconds 

Iteration 2 time: 0.021 secs.
Rows Read: 2527, Total Rows Processed: 2527, Total Chunk Time: 0.001 seconds 

Iteration 3 time: 0.009 secs.
Rows Read: 2527, Total Rows Processed: 2527, Total Chunk Time: 0.002 seconds 

Iteration 4 time: 0.007 secs.
Rows Read: 2527, Total Rows Processed: 2527, Total Chunk Time: 0.002 seconds 

Iteration 5 time: 0.008 secs.
Rows Read: 2527, Total Rows Processed: 2527, Total Chunk Time: 0.001 seconds 

Iteration 6 time: 0.017 secs.

Elapsed computation time: 0.148 secs.
Rows Read: 2527, Total Rows Processed: 2527, Total Chunk Time: 0.001 seconds 

Starting values (iteration 1) time: 0.005 secs.
Rows Read: 2527, Total Rows Processed: 2527, Total Chunk Time: Less than .001 seconds 

Iteration 2 time: 0.005 secs.

Elapsed computation time: 0.033 secs.
Rows Read: 2527, Total Rows Processed: 2527, Total Chunk Time: Less than .001 seconds 

Starting values (iteration 1) time: 0.006 secs.
Rows Read: 2527, Total Rows Processed: 2527, Total Chunk Time: 0.001 seconds 

Iteration 2 time: 0.008 secs.
Rows Read: 2527, Total Rows Processed: 2527, Total Chunk Time: Less than .001 seconds 

Iteration 3 time: 0.017 secs.
Rows Read: 2527, Total Rows Processed: 2527, Total Chunk Time: Less than .001 seconds 

Iteration 4 time: 0.008 secs.
Rows Read: 2527, Total Rows Processed: 2527, Total Chunk Time: 0.001 seconds 

Iteration 5 time: 0.009 secs.
Rows Read: 2527, Total Rows Processed: 2527, Total Chunk Time: 0.001 seconds 

Iteration 6 time: 0.008 secs.

Elapsed computation time: 0.114 secs.

Elapsed computation time: 0.329 secs.
[1] "--------------------------------------------------------------------------------"
[1] "analyze.results.glm.step="
Logistic Regression Results for: RaceHorse.IsHitA ~
    OddsByWin.OddsLogit1
Data: data
Dependent variable(s): RaceHorse.IsHitA
Total independent variables: 2 
Number of valid observations: 2527
Number of missing observations: 0 
 
Coefficients:
                     RaceHorse.IsHitA
(Intercept)                       0.2
OddsByWin.OddsLogit1              1.1
[1] "analyze.results.glm.step.summary"
Call:
rxLogit(formula = formula, data = data, variableSelection = analyze.results.glm.step.varsel)

Logistic Regression Results for: RaceHorse.IsHitA ~
    OddsByWin.OddsLogit1
Data: data
Dependent variable(s): RaceHorse.IsHitA
Total independent variables: 2 
Number of valid observations: 2527
Number of missing observations: 0 
-2*LogLikelihood: 1189.352 (Residual deviance on 2525 degrees of freedom)
 
Coefficients:
                     Estimate Std. Error z value Pr(>|z|)    
(Intercept)            0.1703     0.1630    1.05      0.3    
OddsByWin.OddsLogit1   1.0965     0.0789   13.90  2.2e-16 ***
---
Signif. codes:  0 '***' 0.001 '**' 0.01 '*' 0.05 '.' 0.1 ' ' 1

Condition number of final variance-covariance matrix: 1 
Number of iterations: 6
[1] "--------------------------------------------------------------------------------"
[1] "2022-02-19 09:35:04 --- rxGlm with rxStepControl Finish ---"
[1] "2022-02-19 09:35:04 --- rxStepPlot Start ---"
[1] "pdfFilename=pdf_analyze_glm_Odds_Type31_rxStepPlot.pdf"
[1] "rxStepPlot="
[1] "2022-02-19 09:35:04 --- rxStepPlot Finish ---"
[1] "2022-02-19 09:35:04 --- save.image Start ---"
[1] "save.image"
[1] "rdataFilename=RData_analyze_glm_Odds_Type31.RData"
[1] "2022-02-19 09:35:04 --- save.image Finish ---"
[1] "2022-02-19 09:35:04 --- final Start ---"
[1] "--------------------------------------------------------------------------------"
[1] "nrow(data) final=2527"
[1] "--------------------------------------------------------------------------------"
[1] "2022-02-19 09:35:04 --- final Finish ---"
[1] "2022-02-19 09:35:04 --- analyze_glm.R Finished ---"
[1] "2022-02-19 09:35:04 --- log Finish ---"
