[1] "2022-02-19 09:28:44 --- D1115_analyze_glm_DataMiningTaisen_IsHitA_Type24 Start ---"
[1] "2022-02-19 09:28:44 --- Log Start ---"
[1] "2022-02-19 09:28:44 --- analyze_glm.R Start ---"
[1] "analyzeVersion=D1115"
[1] "analyzeCategory=analyze"
[1] "analyzeType=DataMiningTaisen"
[1] "analyzeFamily=IsHitA"
[1] "analyzeFunc=glm"
[1] "analyzeTrackTypeCd=2"
[1] "analyzeJyokenCd=4"
[1] "2022-02-19 09:28:44 --- source_function.R Start ---"
[1] "2022-02-19 09:28:44 --- source_function.R Finished ---"

> print(paste0(Sys.time(), " --- source_library.R Start ---"))
[1] "2022-02-19 09:28:44 --- source_library.R Start ---"

> require("RevoScaleR")

> print(paste0(Sys.time(), " --- source_library.R Finished ---"))
[1] "2022-02-19 09:28:44 --- source_library.R Finished ---"
[1] "2022-02-19 09:28:44 --- RxSqlServerData Start ---"
[1] "2022-02-19 09:28:44 --- RxInSqlServer Start ---"
[1] "2022-02-19 09:28:44 --- RxInSqlServer Finish ---"
[1] "2022-02-19 09:28:45 --- rxSetComputeContext Start ---"
[1] "2022-02-19 09:28:45 --- rxSetComputeContext Finish ---"
[1] "2022-02-19 09:28:45 --- RxSqlServerData Start ---"
[1] "sqlQuery=SELECT * FROM ViewAnalyzeD1115analyze01DataMiningTaisenType24"
[1] "2022-02-19 09:28:45 --- RxSqlServerData Finish ---"
[1] "2022-02-19 09:28:45 --- rxGetVarInfo Start ---"
[1] "2022-02-19 09:28:45 --- rxGetVarInfo Finish---"
[1] "2022-02-19 09:28:45 --- rxImport Start ---"
Rows Read: 39770, Total Rows Processed: 39770, Total Chunk Time: 1.135 seconds 
[1] "2022-02-19 09:28:48 --- rxImport Finish ---"
[1] "object.size(data) auto=5.6 Mb"
[1] "--------------------------------------------------------------------------------"
[1] "nrow(data) RxSqlServerData=39770"
[1] "--------------------------------------------------------------------------------"
[1] "str(data)="
'data.frame':	39770 obs. of  29 variables:
 $ Race.RaceId                      : Factor w/ 2833 levels "20160117-08-01-06-04",..: 9 10 10 11 11 12 13 13 14 15 ...
 $ Race.IsPredictedRace             : logi  TRUE TRUE TRUE TRUE TRUE TRUE ...
 $ Race.IsAnalyzeNormalPastAndFuture: logi  TRUE TRUE TRUE TRUE TRUE TRUE ...
 $ Race.IsAnalyzeNormalPast         : logi  TRUE TRUE TRUE TRUE TRUE TRUE ...
 $ Race.IsAnalyzeNormalFuture       : logi  FALSE FALSE FALSE FALSE FALSE FALSE ...
 $ Race.IsAnalyzeFullPastAndFuture  : logi  TRUE TRUE TRUE TRUE TRUE TRUE ...
 $ Race.IsAnalyzeFullPast           : logi  TRUE TRUE TRUE TRUE TRUE TRUE ...
 $ Race.IsAnalyzeFullFuture         : logi  FALSE FALSE FALSE FALSE FALSE FALSE ...
 $ Race.JyokenCd                    : Factor w/ 1 level "4": 1 1 1 1 1 1 1 1 1 1 ...
 $ Race.JyoType1Cd                  : Factor w/ 131 levels "2-08-1800-1",..: 8 9 9 1 1 4 10 10 9 4 ...
 $ Race.RaceType0Cd                 : Factor w/ 322 levels "2-08-1800-1-4-X-12",..: 9 10 10 11 11 12 13 13 10 4 ...
 $ Race.RaceType1Cd                 : Factor w/ 2 levels "2-4-X","2-4-E": 1 1 1 1 1 1 1 1 1 1 ...
 $ Race.RaceType2Cd                 : Factor w/ 2 levels "2-4-X","2-4-E": 1 1 1 1 1 1 1 1 1 1 ...
 $ Race.RaceType3Cd                 : Factor w/ 8 levels "4-X-12","4-X-14",..: 2 2 2 2 2 2 2 2 2 1 ...
 $ Race.RaceType4Cd                 : Factor w/ 4 levels "2-4-12","2-4-14",..: 2 2 2 2 2 2 2 2 2 1 ...
 $ RaceHorse.RaceId                 : Factor w/ 2833 levels "20160117-08-01-06-04",..: 9 10 10 11 11 12 13 13 14 15 ...
 $ RaceHorse.KettoNum               : Factor w/ 8000 levels "2013100350","2013102848",..: 11 12 13 14 15 16 4 17 18 19 ...
 $ RaceHorse.IsHit1                 : int  1 0 0 0 1 0 0 0 0 0 ...
 $ RaceHorse.IsHit2                 : int  0 0 0 0 0 0 0 0 0 0 ...
 $ RaceHorse.IsHit3                 : int  0 1 0 0 0 0 0 0 0 0 ...
 $ RaceHorse.IsHit4                 : int  0 0 0 0 0 0 0 1 0 0 ...
 $ RaceHorse.IsHit5                 : int  0 0 0 0 0 0 0 0 0 1 ...
 $ RaceHorse.IsHit6                 : int  0 0 1 1 0 1 1 0 1 0 ...
 $ RaceHorse.IsValidRaceHorse       : logi  TRUE TRUE TRUE TRUE TRUE TRUE ...
 $ RaceHorse.IsHitA                 : int  1 0 0 0 1 0 0 0 0 0 ...
 $ RaceHorse.IsHitB                 : int  1 0 0 0 1 0 0 0 0 0 ...
 $ RaceHorse.IsHitC                 : int  1 1 0 0 1 0 0 0 0 0 ...
 $ DataMiningTaisen.TmScoreSdv      : num  0.956 0.618 -1.825 -1.151 1.3 ...
 $ EOF                              : int  1 1 1 1 1 1 1 1 1 1 ...
[1] "2022-02-19 09:28:48 --- RxSqlServerData Finish ---"
[1] "2022-02-19 09:28:48 --- subset Start ---"
[1] "--------------------------------------------------------------------------------"
[1] "nrow(data) subset before=39770"
[1] "nrow(data) subset after =39770"
[1] "nrow(data) subset diff =0"
[1] "--------------------------------------------------------------------------------"
[1] "2022-02-19 09:28:48 --- subset Finish---"
[1] "2022-02-19 09:28:48 --- transform Start ---"
[1] "--------------------------------------------------------------------------------"
[1] "nrow(data) transform before=39770"
[1] "nrow(data) transform after=39770"
[1] "nrow(data) transform diff=0"
[1] "--------------------------------------------------------------------------------"
[1] "str(data)="
'data.frame':	39770 obs. of  29 variables:
 $ Race.RaceId                      : Factor w/ 2833 levels "20160117-08-01-06-04",..: 9 10 10 11 11 12 13 13 14 15 ...
 $ Race.IsPredictedRace             : logi  TRUE TRUE TRUE TRUE TRUE TRUE ...
 $ Race.IsAnalyzeNormalPastAndFuture: logi  TRUE TRUE TRUE TRUE TRUE TRUE ...
 $ Race.IsAnalyzeNormalPast         : logi  TRUE TRUE TRUE TRUE TRUE TRUE ...
 $ Race.IsAnalyzeNormalFuture       : logi  FALSE FALSE FALSE FALSE FALSE FALSE ...
 $ Race.IsAnalyzeFullPastAndFuture  : logi  TRUE TRUE TRUE TRUE TRUE TRUE ...
 $ Race.IsAnalyzeFullPast           : logi  TRUE TRUE TRUE TRUE TRUE TRUE ...
 $ Race.IsAnalyzeFullFuture         : logi  FALSE FALSE FALSE FALSE FALSE FALSE ...
 $ Race.JyokenCd                    : Factor w/ 1 level "4": 1 1 1 1 1 1 1 1 1 1 ...
 $ Race.JyoType1Cd                  : Factor w/ 131 levels "2-08-1800-1",..: 8 9 9 1 1 4 10 10 9 4 ...
 $ Race.RaceType0Cd                 : Factor w/ 322 levels "2-08-1800-1-4-X-12",..: 9 10 10 11 11 12 13 13 10 4 ...
 $ Race.RaceType1Cd                 : Factor w/ 2 levels "2-4-X","2-4-E": 1 1 1 1 1 1 1 1 1 1 ...
 $ Race.RaceType2Cd                 : Factor w/ 2 levels "2-4-X","2-4-E": 1 1 1 1 1 1 1 1 1 1 ...
 $ Race.RaceType3Cd                 : Factor w/ 8 levels "4-X-12","4-X-14",..: 2 2 2 2 2 2 2 2 2 1 ...
 $ Race.RaceType4Cd                 : Factor w/ 4 levels "2-4-12","2-4-14",..: 2 2 2 2 2 2 2 2 2 1 ...
 $ RaceHorse.RaceId                 : Factor w/ 2833 levels "20160117-08-01-06-04",..: 9 10 10 11 11 12 13 13 14 15 ...
 $ RaceHorse.KettoNum               : Factor w/ 8000 levels "2013100350","2013102848",..: 11 12 13 14 15 16 4 17 18 19 ...
 $ RaceHorse.IsHit1                 : int  1 0 0 0 1 0 0 0 0 0 ...
 $ RaceHorse.IsHit2                 : int  0 0 0 0 0 0 0 0 0 0 ...
 $ RaceHorse.IsHit3                 : int  0 1 0 0 0 0 0 0 0 0 ...
 $ RaceHorse.IsHit4                 : int  0 0 0 0 0 0 0 1 0 0 ...
 $ RaceHorse.IsHit5                 : int  0 0 0 0 0 0 0 0 0 1 ...
 $ RaceHorse.IsHit6                 : int  0 0 1 1 0 1 1 0 1 0 ...
 $ RaceHorse.IsValidRaceHorse       : logi  TRUE TRUE TRUE TRUE TRUE TRUE ...
 $ RaceHorse.IsHitA                 : int  1 0 0 0 1 0 0 0 0 0 ...
 $ RaceHorse.IsHitB                 : int  1 0 0 0 1 0 0 0 0 0 ...
 $ RaceHorse.IsHitC                 : int  1 1 0 0 1 0 0 0 0 0 ...
 $ DataMiningTaisen.TmScoreSdv      : num  0.956 0.618 -1.825 -1.151 1.3 ...
 $ EOF                              : int  1 1 1 1 1 1 1 1 1 1 ...
NULL
[1] "2022-02-19 09:28:49 --- transform Finish ---"
[1] "2022-02-19 09:28:49 --- na.omit Start ---"
[1] "--------------------------------------------------------------------------------"
[1] "nrow(data) na.omit before=39770"
[1] "nrow(data) na.omit after =39770"
[1] "nrow(data) na.omit diff =0"
[1] "--------------------------------------------------------------------------------"
'data.frame':	39770 obs. of  29 variables:
 $ Race.RaceId                      : Factor w/ 2833 levels "20160117-08-01-06-04",..: 9 10 10 11 11 12 13 13 14 15 ...
 $ Race.IsPredictedRace             : logi  TRUE TRUE TRUE TRUE TRUE TRUE ...
 $ Race.IsAnalyzeNormalPastAndFuture: logi  TRUE TRUE TRUE TRUE TRUE TRUE ...
 $ Race.IsAnalyzeNormalPast         : logi  TRUE TRUE TRUE TRUE TRUE TRUE ...
 $ Race.IsAnalyzeNormalFuture       : logi  FALSE FALSE FALSE FALSE FALSE FALSE ...
 $ Race.IsAnalyzeFullPastAndFuture  : logi  TRUE TRUE TRUE TRUE TRUE TRUE ...
 $ Race.IsAnalyzeFullPast           : logi  TRUE TRUE TRUE TRUE TRUE TRUE ...
 $ Race.IsAnalyzeFullFuture         : logi  FALSE FALSE FALSE FALSE FALSE FALSE ...
 $ Race.JyokenCd                    : Factor w/ 1 level "4": 1 1 1 1 1 1 1 1 1 1 ...
 $ Race.JyoType1Cd                  : Factor w/ 131 levels "2-08-1800-1",..: 8 9 9 1 1 4 10 10 9 4 ...
 $ Race.RaceType0Cd                 : Factor w/ 322 levels "2-08-1800-1-4-X-12",..: 9 10 10 11 11 12 13 13 10 4 ...
 $ Race.RaceType1Cd                 : Factor w/ 2 levels "2-4-X","2-4-E": 1 1 1 1 1 1 1 1 1 1 ...
 $ Race.RaceType2Cd                 : Factor w/ 2 levels "2-4-X","2-4-E": 1 1 1 1 1 1 1 1 1 1 ...
 $ Race.RaceType3Cd                 : Factor w/ 8 levels "4-X-12","4-X-14",..: 2 2 2 2 2 2 2 2 2 1 ...
 $ Race.RaceType4Cd                 : Factor w/ 4 levels "2-4-12","2-4-14",..: 2 2 2 2 2 2 2 2 2 1 ...
 $ RaceHorse.RaceId                 : Factor w/ 2833 levels "20160117-08-01-06-04",..: 9 10 10 11 11 12 13 13 14 15 ...
 $ RaceHorse.KettoNum               : Factor w/ 8000 levels "2013100350","2013102848",..: 11 12 13 14 15 16 4 17 18 19 ...
 $ RaceHorse.IsHit1                 : int  1 0 0 0 1 0 0 0 0 0 ...
 $ RaceHorse.IsHit2                 : int  0 0 0 0 0 0 0 0 0 0 ...
 $ RaceHorse.IsHit3                 : int  0 1 0 0 0 0 0 0 0 0 ...
 $ RaceHorse.IsHit4                 : int  0 0 0 0 0 0 0 1 0 0 ...
 $ RaceHorse.IsHit5                 : int  0 0 0 0 0 0 0 0 0 1 ...
 $ RaceHorse.IsHit6                 : int  0 0 1 1 0 1 1 0 1 0 ...
 $ RaceHorse.IsValidRaceHorse       : logi  TRUE TRUE TRUE TRUE TRUE TRUE ...
 $ RaceHorse.IsHitA                 : int  1 0 0 0 1 0 0 0 0 0 ...
 $ RaceHorse.IsHitB                 : int  1 0 0 0 1 0 0 0 0 0 ...
 $ RaceHorse.IsHitC                 : int  1 1 0 0 1 0 0 0 0 0 ...
 $ DataMiningTaisen.TmScoreSdv      : num  0.956 0.618 -1.825 -1.151 1.3 ...
 $ EOF                              : int  1 1 1 1 1 1 1 1 1 1 ...
[1] "2022-02-19 09:28:49 --- na.omit Finish ---"
[1] "2022-02-19 09:28:49 --- rxGlm with rxStepControl Start ---"

> print(paste0(Sys.time(), " --- source_logic_glm.R Start ---"))
[1] "2022-02-19 09:28:49 --- source_logic_glm.R Start ---"

> formula <- formula(RaceHorse.IsHitA ~ +1 + DataMiningTaisen.TmScoreSdv)

> print(paste0(Sys.time(), " --- source_logic_glm.R Finished ---"))
[1] "2022-02-19 09:28:49 --- source_logic_glm.R Finished ---"
Rows Read: 39770, Total Rows Processed: 39770, Total Chunk Time: 0.002 seconds 

Starting values (iteration 1) time: 0.017 secs.
Rows Read: 39770, Total Rows Processed: 39770, Total Chunk Time: 0.003 seconds 

Iteration 2 time: 0.008 secs.
Rows Read: 39770, Total Rows Processed: 39770, Total Chunk Time: 0.004 seconds 

Iteration 3 time: 0.011 secs.
Rows Read: 39770, Total Rows Processed: 39770, Total Chunk Time: 0.003 seconds 

Iteration 4 time: 0.013 secs.
Rows Read: 39770, Total Rows Processed: 39770, Total Chunk Time: 0.004 seconds 

Iteration 5 time: 0.011 secs.
Rows Read: 39770, Total Rows Processed: 39770, Total Chunk Time: 0.003 seconds 

Iteration 6 time: 0.012 secs.

Elapsed computation time: 0.116 secs.
Rows Read: 39770, Total Rows Processed: 39770, Total Chunk Time: 0.002 seconds 

Starting values (iteration 1) time: 0.011 secs.
Rows Read: 39770, Total Rows Processed: 39770, Total Chunk Time: 0.003 seconds 

Iteration 2 time: 0.009 secs.

Elapsed computation time: 0.035 secs.
Rows Read: 39770, Total Rows Processed: 39770, Total Chunk Time: 0.002 seconds 

Starting values (iteration 1) time: 0.010 secs.
Rows Read: 39770, Total Rows Processed: 39770, Total Chunk Time: 0.003 seconds 

Iteration 2 time: 0.011 secs.
Rows Read: 39770, Total Rows Processed: 39770, Total Chunk Time: 0.003 seconds 

Iteration 3 time: 0.006 secs.
Rows Read: 39770, Total Rows Processed: 39770, Total Chunk Time: 0.003 seconds 

Iteration 4 time: 0.009 secs.
Rows Read: 39770, Total Rows Processed: 39770, Total Chunk Time: 0.004 seconds 

Iteration 5 time: 0.010 secs.
Rows Read: 39770, Total Rows Processed: 39770, Total Chunk Time: 0.004 seconds 

Iteration 6 time: 0.007 secs.

Elapsed computation time: 0.093 secs.

Elapsed computation time: 0.273 secs.
[1] "--------------------------------------------------------------------------------"
[1] "analyze.results.glm.step="
Logistic Regression Results for: RaceHorse.IsHitA ~
    DataMiningTaisen.TmScoreSdv
Data: data
Dependent variable(s): RaceHorse.IsHitA
Total independent variables: 2 
Number of valid observations: 39770
Number of missing observations: 0 
 
Coefficients:
                            RaceHorse.IsHitA
(Intercept)                               -3
DataMiningTaisen.TmScoreSdv                1
[1] "analyze.results.glm.step.summary"
Call:
rxLogit(formula = formula, data = data, variableSelection = analyze.results.glm.step.varsel)

Logistic Regression Results for: RaceHorse.IsHitA ~
    DataMiningTaisen.TmScoreSdv
Data: data
Dependent variable(s): RaceHorse.IsHitA
Total independent variables: 2 
Number of valid observations: 39770
Number of missing observations: 0 
-2*LogLikelihood: 18396.413 (Residual deviance on 39768 degrees of freedom)
 
Coefficients:
                            Estimate Std. Error z value Pr(>|z|)    
(Intercept)                  -2.9703     0.0273  -108.8  2.2e-16 ***
DataMiningTaisen.TmScoreSdv   1.0262     0.0257    39.9  2.2e-16 ***
---
Signif. codes:  0 '***' 0.001 '**' 0.01 '*' 0.05 '.' 0.1 ' ' 1

Condition number of final variance-covariance matrix: 1 
Number of iterations: 6
[1] "--------------------------------------------------------------------------------"
[1] "2022-02-19 09:28:50 --- rxGlm with rxStepControl Finish ---"
[1] "2022-02-19 09:28:50 --- rxStepPlot Start ---"
[1] "pdfFilename=pdf_analyze_glm_DataMiningTaisen_Type24_rxStepPlot.pdf"
[1] "rxStepPlot="
[1] "2022-02-19 09:28:50 --- rxStepPlot Finish ---"
[1] "2022-02-19 09:28:50 --- save.image Start ---"
[1] "save.image"
[1] "rdataFilename=RData_analyze_glm_DataMiningTaisen_Type24.RData"
[1] "2022-02-19 09:28:50 --- save.image Finish ---"
[1] "2022-02-19 09:28:50 --- final Start ---"
[1] "--------------------------------------------------------------------------------"
[1] "nrow(data) final=39770"
[1] "--------------------------------------------------------------------------------"
[1] "2022-02-19 09:28:50 --- final Finish ---"
[1] "2022-02-19 09:28:50 --- analyze_glm.R Finished ---"
[1] "2022-02-19 09:28:50 --- log Finish ---"
