[1] "2022-02-19 09:28:44 --- D1115_analyze_glm_DataMiningTaisen_IsHitA_Type26 Start ---"
[1] "2022-02-19 09:28:44 --- Log Start ---"
[1] "2022-02-19 09:28:44 --- analyze_glm.R Start ---"
[1] "analyzeVersion=D1115"
[1] "analyzeCategory=analyze"
[1] "analyzeType=DataMiningTaisen"
[1] "analyzeFamily=IsHitA"
[1] "analyzeFunc=glm"
[1] "analyzeTrackTypeCd=2"
[1] "analyzeJyokenCd=6"
[1] "2022-02-19 09:28:44 --- source_function.R Start ---"
[1] "2022-02-19 09:28:44 --- source_function.R Finished ---"

> print(paste0(Sys.time(), " --- source_library.R Start ---"))
[1] "2022-02-19 09:28:44 --- source_library.R Start ---"

> require("RevoScaleR")

> print(paste0(Sys.time(), " --- source_library.R Finished ---"))
[1] "2022-02-19 09:28:45 --- source_library.R Finished ---"
[1] "2022-02-19 09:28:45 --- RxSqlServerData Start ---"
[1] "2022-02-19 09:28:45 --- RxInSqlServer Start ---"
[1] "2022-02-19 09:28:45 --- RxInSqlServer Finish ---"
[1] "2022-02-19 09:28:45 --- rxSetComputeContext Start ---"
[1] "2022-02-19 09:28:45 --- rxSetComputeContext Finish ---"
[1] "2022-02-19 09:28:45 --- RxSqlServerData Start ---"
[1] "sqlQuery=SELECT * FROM ViewAnalyzeD1115analyze01DataMiningTaisenType26"
[1] "2022-02-19 09:28:45 --- RxSqlServerData Finish ---"
[1] "2022-02-19 09:28:45 --- rxGetVarInfo Start ---"
[1] "2022-02-19 09:28:45 --- rxGetVarInfo Finish---"
[1] "2022-02-19 09:28:45 --- rxImport Start ---"
Rows Read: 6857, Total Rows Processed: 6857, Total Chunk Time: 0.385 seconds 
[1] "2022-02-19 09:28:47 --- rxImport Finish ---"
[1] "object.size(data) auto=1.4 Mb"
[1] "--------------------------------------------------------------------------------"
[1] "nrow(data) RxSqlServerData=6857"
[1] "--------------------------------------------------------------------------------"
[1] "str(data)="
'data.frame':	6857 obs. of  29 variables:
 $ Race.RaceId                      : Factor w/ 467 levels "20161218-09-05-06-06",..: 7 7 8 8 9 10 11 12 12 12 ...
 $ Race.IsPredictedRace             : logi  TRUE TRUE TRUE TRUE TRUE TRUE ...
 $ Race.IsAnalyzeNormalPastAndFuture: logi  TRUE TRUE TRUE TRUE TRUE TRUE ...
 $ Race.IsAnalyzeNormalPast         : logi  TRUE TRUE TRUE TRUE TRUE TRUE ...
 $ Race.IsAnalyzeNormalFuture       : logi  FALSE FALSE FALSE FALSE FALSE FALSE ...
 $ Race.IsAnalyzeFullPastAndFuture  : logi  TRUE TRUE TRUE TRUE TRUE TRUE ...
 $ Race.IsAnalyzeFullPast           : logi  TRUE TRUE TRUE TRUE TRUE TRUE ...
 $ Race.IsAnalyzeFullFuture         : logi  FALSE FALSE FALSE FALSE FALSE FALSE ...
 $ Race.JyokenCd                    : Factor w/ 1 level "6": 1 1 1 1 1 1 1 1 1 1 ...
 $ Race.JyoType1Cd                  : Factor w/ 68 levels "2-09-1200-1",..: 5 5 6 6 7 4 8 5 5 5 ...
 $ Race.RaceType0Cd                 : Factor w/ 101 levels "2-09-1200-1-6-X-11",..: 5 5 6 6 7 4 8 5 5 5 ...
 $ Race.RaceType1Cd                 : Factor w/ 1 level "2-6-X": 1 1 1 1 1 1 1 1 1 1 ...
 $ Race.RaceType2Cd                 : Factor w/ 1 level "2-6-X": 1 1 1 1 1 1 1 1 1 1 ...
 $ Race.RaceType3Cd                 : Factor w/ 2 levels "6-X-11","6-X-12": 2 2 2 2 2 2 2 2 2 2 ...
 $ Race.RaceType4Cd                 : Factor w/ 2 levels "2-6-11","2-6-12": 2 2 2 2 2 2 2 2 2 2 ...
 $ RaceHorse.RaceId                 : Factor w/ 467 levels "20161218-09-05-06-06",..: 7 7 8 8 9 10 11 12 12 12 ...
 $ RaceHorse.KettoNum               : Factor w/ 6841 levels "2014103878","2014101330",..: 11 12 13 14 15 16 17 18 19 20 ...
 $ RaceHorse.IsHit1                 : int  0 0 0 0 0 0 0 0 0 0 ...
 $ RaceHorse.IsHit2                 : int  0 0 0 0 1 0 0 0 0 0 ...
 $ RaceHorse.IsHit3                 : int  0 0 0 0 0 0 0 0 0 0 ...
 $ RaceHorse.IsHit4                 : int  0 0 0 0 0 0 0 1 0 0 ...
 $ RaceHorse.IsHit5                 : int  0 0 1 0 0 0 0 0 0 0 ...
 $ RaceHorse.IsHit6                 : int  1 1 0 1 0 1 1 0 1 1 ...
 $ RaceHorse.IsValidRaceHorse       : logi  TRUE TRUE TRUE TRUE TRUE TRUE ...
 $ RaceHorse.IsHitA                 : int  0 0 0 0 0 0 0 0 0 0 ...
 $ RaceHorse.IsHitB                 : int  0 0 0 0 1 0 0 0 0 0 ...
 $ RaceHorse.IsHitC                 : int  0 0 0 0 1 0 0 0 0 0 ...
 $ DataMiningTaisen.TmScoreSdv      : num  -0.639 -0.942 0.962 0.597 -0.235 ...
 $ EOF                              : int  1 1 1 1 1 1 1 1 1 1 ...
[1] "2022-02-19 09:28:47 --- RxSqlServerData Finish ---"
[1] "2022-02-19 09:28:47 --- subset Start ---"
[1] "--------------------------------------------------------------------------------"
[1] "nrow(data) subset before=6857"
[1] "nrow(data) subset after =6857"
[1] "nrow(data) subset diff =0"
[1] "--------------------------------------------------------------------------------"
[1] "2022-02-19 09:28:47 --- subset Finish---"
[1] "2022-02-19 09:28:47 --- transform Start ---"
[1] "--------------------------------------------------------------------------------"
[1] "nrow(data) transform before=6857"
[1] "nrow(data) transform after=6857"
[1] "nrow(data) transform diff=0"
[1] "--------------------------------------------------------------------------------"
[1] "str(data)="
'data.frame':	6857 obs. of  29 variables:
 $ Race.RaceId                      : Factor w/ 467 levels "20161218-09-05-06-06",..: 7 7 8 8 9 10 11 12 12 12 ...
 $ Race.IsPredictedRace             : logi  TRUE TRUE TRUE TRUE TRUE TRUE ...
 $ Race.IsAnalyzeNormalPastAndFuture: logi  TRUE TRUE TRUE TRUE TRUE TRUE ...
 $ Race.IsAnalyzeNormalPast         : logi  TRUE TRUE TRUE TRUE TRUE TRUE ...
 $ Race.IsAnalyzeNormalFuture       : logi  FALSE FALSE FALSE FALSE FALSE FALSE ...
 $ Race.IsAnalyzeFullPastAndFuture  : logi  TRUE TRUE TRUE TRUE TRUE TRUE ...
 $ Race.IsAnalyzeFullPast           : logi  TRUE TRUE TRUE TRUE TRUE TRUE ...
 $ Race.IsAnalyzeFullFuture         : logi  FALSE FALSE FALSE FALSE FALSE FALSE ...
 $ Race.JyokenCd                    : Factor w/ 1 level "6": 1 1 1 1 1 1 1 1 1 1 ...
 $ Race.JyoType1Cd                  : Factor w/ 68 levels "2-09-1200-1",..: 5 5 6 6 7 4 8 5 5 5 ...
 $ Race.RaceType0Cd                 : Factor w/ 101 levels "2-09-1200-1-6-X-11",..: 5 5 6 6 7 4 8 5 5 5 ...
 $ Race.RaceType1Cd                 : Factor w/ 1 level "2-6-X": 1 1 1 1 1 1 1 1 1 1 ...
 $ Race.RaceType2Cd                 : Factor w/ 1 level "2-6-X": 1 1 1 1 1 1 1 1 1 1 ...
 $ Race.RaceType3Cd                 : Factor w/ 2 levels "6-X-11","6-X-12": 2 2 2 2 2 2 2 2 2 2 ...
 $ Race.RaceType4Cd                 : Factor w/ 2 levels "2-6-11","2-6-12": 2 2 2 2 2 2 2 2 2 2 ...
 $ RaceHorse.RaceId                 : Factor w/ 467 levels "20161218-09-05-06-06",..: 7 7 8 8 9 10 11 12 12 12 ...
 $ RaceHorse.KettoNum               : Factor w/ 6841 levels "2014103878","2014101330",..: 11 12 13 14 15 16 17 18 19 20 ...
 $ RaceHorse.IsHit1                 : int  0 0 0 0 0 0 0 0 0 0 ...
 $ RaceHorse.IsHit2                 : int  0 0 0 0 1 0 0 0 0 0 ...
 $ RaceHorse.IsHit3                 : int  0 0 0 0 0 0 0 0 0 0 ...
 $ RaceHorse.IsHit4                 : int  0 0 0 0 0 0 0 1 0 0 ...
 $ RaceHorse.IsHit5                 : int  0 0 1 0 0 0 0 0 0 0 ...
 $ RaceHorse.IsHit6                 : int  1 1 0 1 0 1 1 0 1 1 ...
 $ RaceHorse.IsValidRaceHorse       : logi  TRUE TRUE TRUE TRUE TRUE TRUE ...
 $ RaceHorse.IsHitA                 : int  0 0 0 0 0 0 0 0 0 0 ...
 $ RaceHorse.IsHitB                 : int  0 0 0 0 1 0 0 0 0 0 ...
 $ RaceHorse.IsHitC                 : int  0 0 0 0 1 0 0 0 0 0 ...
 $ DataMiningTaisen.TmScoreSdv      : num  -0.639 -0.942 0.962 0.597 -0.235 ...
 $ EOF                              : int  1 1 1 1 1 1 1 1 1 1 ...
NULL
[1] "2022-02-19 09:28:48 --- transform Finish ---"
[1] "2022-02-19 09:28:48 --- na.omit Start ---"
[1] "--------------------------------------------------------------------------------"
[1] "nrow(data) na.omit before=6857"
[1] "nrow(data) na.omit after =6857"
[1] "nrow(data) na.omit diff =0"
[1] "--------------------------------------------------------------------------------"
'data.frame':	6857 obs. of  29 variables:
 $ Race.RaceId                      : Factor w/ 467 levels "20161218-09-05-06-06",..: 7 7 8 8 9 10 11 12 12 12 ...
 $ Race.IsPredictedRace             : logi  TRUE TRUE TRUE TRUE TRUE TRUE ...
 $ Race.IsAnalyzeNormalPastAndFuture: logi  TRUE TRUE TRUE TRUE TRUE TRUE ...
 $ Race.IsAnalyzeNormalPast         : logi  TRUE TRUE TRUE TRUE TRUE TRUE ...
 $ Race.IsAnalyzeNormalFuture       : logi  FALSE FALSE FALSE FALSE FALSE FALSE ...
 $ Race.IsAnalyzeFullPastAndFuture  : logi  TRUE TRUE TRUE TRUE TRUE TRUE ...
 $ Race.IsAnalyzeFullPast           : logi  TRUE TRUE TRUE TRUE TRUE TRUE ...
 $ Race.IsAnalyzeFullFuture         : logi  FALSE FALSE FALSE FALSE FALSE FALSE ...
 $ Race.JyokenCd                    : Factor w/ 1 level "6": 1 1 1 1 1 1 1 1 1 1 ...
 $ Race.JyoType1Cd                  : Factor w/ 68 levels "2-09-1200-1",..: 5 5 6 6 7 4 8 5 5 5 ...
 $ Race.RaceType0Cd                 : Factor w/ 101 levels "2-09-1200-1-6-X-11",..: 5 5 6 6 7 4 8 5 5 5 ...
 $ Race.RaceType1Cd                 : Factor w/ 1 level "2-6-X": 1 1 1 1 1 1 1 1 1 1 ...
 $ Race.RaceType2Cd                 : Factor w/ 1 level "2-6-X": 1 1 1 1 1 1 1 1 1 1 ...
 $ Race.RaceType3Cd                 : Factor w/ 2 levels "6-X-11","6-X-12": 2 2 2 2 2 2 2 2 2 2 ...
 $ Race.RaceType4Cd                 : Factor w/ 2 levels "2-6-11","2-6-12": 2 2 2 2 2 2 2 2 2 2 ...
 $ RaceHorse.RaceId                 : Factor w/ 467 levels "20161218-09-05-06-06",..: 7 7 8 8 9 10 11 12 12 12 ...
 $ RaceHorse.KettoNum               : Factor w/ 6841 levels "2014103878","2014101330",..: 11 12 13 14 15 16 17 18 19 20 ...
 $ RaceHorse.IsHit1                 : int  0 0 0 0 0 0 0 0 0 0 ...
 $ RaceHorse.IsHit2                 : int  0 0 0 0 1 0 0 0 0 0 ...
 $ RaceHorse.IsHit3                 : int  0 0 0 0 0 0 0 0 0 0 ...
 $ RaceHorse.IsHit4                 : int  0 0 0 0 0 0 0 1 0 0 ...
 $ RaceHorse.IsHit5                 : int  0 0 1 0 0 0 0 0 0 0 ...
 $ RaceHorse.IsHit6                 : int  1 1 0 1 0 1 1 0 1 1 ...
 $ RaceHorse.IsValidRaceHorse       : logi  TRUE TRUE TRUE TRUE TRUE TRUE ...
 $ RaceHorse.IsHitA                 : int  0 0 0 0 0 0 0 0 0 0 ...
 $ RaceHorse.IsHitB                 : int  0 0 0 0 1 0 0 0 0 0 ...
 $ RaceHorse.IsHitC                 : int  0 0 0 0 1 0 0 0 0 0 ...
 $ DataMiningTaisen.TmScoreSdv      : num  -0.639 -0.942 0.962 0.597 -0.235 ...
 $ EOF                              : int  1 1 1 1 1 1 1 1 1 1 ...
[1] "2022-02-19 09:28:48 --- na.omit Finish ---"
[1] "2022-02-19 09:28:48 --- rxGlm with rxStepControl Start ---"

> print(paste0(Sys.time(), " --- source_logic_glm.R Start ---"))
[1] "2022-02-19 09:28:48 --- source_logic_glm.R Start ---"

> formula <- formula(RaceHorse.IsHitA ~ +1 + DataMiningTaisen.TmScoreSdv)

> print(paste0(Sys.time(), " --- source_logic_glm.R Finished ---"))
[1] "2022-02-19 09:28:48 --- source_logic_glm.R Finished ---"
Rows Read: 6857, Total Rows Processed: 6857, Total Chunk Time: Less than .001 seconds 

Starting values (iteration 1) time: 0.013 secs.
Rows Read: 6857, Total Rows Processed: 6857, Total Chunk Time: 0.002 seconds 

Iteration 2 time: 0.010 secs.
Rows Read: 6857, Total Rows Processed: 6857, Total Chunk Time: 0.002 seconds 

Iteration 3 time: 0.021 secs.
Rows Read: 6857, Total Rows Processed: 6857, Total Chunk Time: 0.001 seconds 

Iteration 4 time: 0.012 secs.
Rows Read: 6857, Total Rows Processed: 6857, Total Chunk Time: 0.001 seconds 

Iteration 5 time: 0.015 secs.

Elapsed computation time: 0.136 secs.
Rows Read: 6857, Total Rows Processed: 6857, Total Chunk Time: Less than .001 seconds 

Starting values (iteration 1) time: 0.015 secs.
Rows Read: 6857, Total Rows Processed: 6857, Total Chunk Time: 0.001 seconds 

Iteration 2 time: 0.020 secs.

Elapsed computation time: 0.060 secs.
Rows Read: 6857, Total Rows Processed: 6857, Total Chunk Time: Less than .001 seconds 

Starting values (iteration 1) time: 0.015 secs.
Rows Read: 6857, Total Rows Processed: 6857, Total Chunk Time: 0.002 seconds 

Iteration 2 time: 0.013 secs.
Rows Read: 6857, Total Rows Processed: 6857, Total Chunk Time: Less than .001 seconds 

Iteration 3 time: 0.010 secs.
Rows Read: 6857, Total Rows Processed: 6857, Total Chunk Time: 0.001 seconds 

Iteration 4 time: 0.004 secs.
Rows Read: 6857, Total Rows Processed: 6857, Total Chunk Time: 0.001 seconds 

Iteration 5 time: 0.004 secs.

Elapsed computation time: 0.102 secs.

Elapsed computation time: 0.324 secs.
[1] "--------------------------------------------------------------------------------"
[1] "analyze.results.glm.step="
Logistic Regression Results for: RaceHorse.IsHitA ~
    DataMiningTaisen.TmScoreSdv
Data: data
Dependent variable(s): RaceHorse.IsHitA
Total independent variables: 2 
Number of valid observations: 6857
Number of missing observations: 0 
 
Coefficients:
                            RaceHorse.IsHitA
(Intercept)                             -2.8
DataMiningTaisen.TmScoreSdv              0.6
[1] "analyze.results.glm.step.summary"
Call:
rxLogit(formula = formula, data = data, variableSelection = analyze.results.glm.step.varsel)

Logistic Regression Results for: RaceHorse.IsHitA ~
    DataMiningTaisen.TmScoreSdv
Data: data
Dependent variable(s): RaceHorse.IsHitA
Total independent variables: 2 
Number of valid observations: 6857
Number of missing observations: 0 
-2*LogLikelihood: 3271.405 (Residual deviance on 6855 degrees of freedom)
 
Coefficients:
                            Estimate Std. Error z value Pr(>|z|)    
(Intercept)                  -2.7628     0.0544   -50.8  2.2e-16 ***
DataMiningTaisen.TmScoreSdv   0.5989     0.0513    11.7  2.2e-16 ***
---
Signif. codes:  0 '***' 0.001 '**' 0.01 '*' 0.05 '.' 0.1 ' ' 1

Condition number of final variance-covariance matrix: 1 
Number of iterations: 5
[1] "--------------------------------------------------------------------------------"
[1] "2022-02-19 09:28:49 --- rxGlm with rxStepControl Finish ---"
[1] "2022-02-19 09:28:49 --- rxStepPlot Start ---"
[1] "pdfFilename=pdf_analyze_glm_DataMiningTaisen_Type26_rxStepPlot.pdf"
[1] "rxStepPlot="
[1] "2022-02-19 09:28:49 --- rxStepPlot Finish ---"
[1] "2022-02-19 09:28:49 --- save.image Start ---"
[1] "save.image"
[1] "rdataFilename=RData_analyze_glm_DataMiningTaisen_Type26.RData"
[1] "2022-02-19 09:28:49 --- save.image Finish ---"
[1] "2022-02-19 09:28:49 --- final Start ---"
[1] "--------------------------------------------------------------------------------"
[1] "nrow(data) final=6857"
[1] "--------------------------------------------------------------------------------"
[1] "2022-02-19 09:28:49 --- final Finish ---"
[1] "2022-02-19 09:28:49 --- analyze_glm.R Finished ---"
[1] "2022-02-19 09:28:49 --- log Finish ---"
