[1] "2022-02-19 09:34:56 --- D1115_analyze_glm_Odds_IsHitA_Type12 Start ---"
[1] "2022-02-19 09:34:56 --- Log Start ---"
[1] "2022-02-19 09:34:56 --- analyze_glm.R Start ---"
[1] "analyzeVersion=D1115"
[1] "analyzeCategory=analyze"
[1] "analyzeType=Odds"
[1] "analyzeFamily=IsHitA"
[1] "analyzeFunc=glm"
[1] "analyzeTrackTypeCd=1"
[1] "analyzeJyokenCd=2"
[1] "2022-02-19 09:34:56 --- source_function.R Start ---"
[1] "2022-02-19 09:34:56 --- source_function.R Finished ---"

> print(paste0(Sys.time(), " --- source_library.R Start ---"))
[1] "2022-02-19 09:34:56 --- source_library.R Start ---"

> require("RevoScaleR")

> print(paste0(Sys.time(), " --- source_library.R Finished ---"))
[1] "2022-02-19 09:34:56 --- source_library.R Finished ---"
[1] "2022-02-19 09:34:56 --- RxSqlServerData Start ---"
[1] "2022-02-19 09:34:56 --- RxInSqlServer Start ---"
[1] "2022-02-19 09:34:57 --- RxInSqlServer Finish ---"
[1] "2022-02-19 09:34:57 --- rxSetComputeContext Start ---"
[1] "2022-02-19 09:34:57 --- rxSetComputeContext Finish ---"
[1] "2022-02-19 09:34:57 --- RxSqlServerData Start ---"
[1] "sqlQuery=SELECT * FROM ViewAnalyzeD1115analyze01OddsType12"
[1] "2022-02-19 09:34:57 --- RxSqlServerData Finish ---"
[1] "2022-02-19 09:34:57 --- rxGetVarInfo Start ---"
[1] "2022-02-19 09:34:57 --- rxGetVarInfo Finish---"
[1] "2022-02-19 09:34:57 --- rxImport Start ---"
Rows Read: 6809, Total Rows Processed: 6809, Total Chunk Time: 3.029 seconds 
[1] "2022-02-19 09:35:03 --- rxImport Finish ---"
[1] "object.size(data) auto=1.3 Mb"
[1] "--------------------------------------------------------------------------------"
[1] "nrow(data) RxSqlServerData=6809"
[1] "--------------------------------------------------------------------------------"
[1] "str(data)="
'data.frame':	6809 obs. of  35 variables:
 $ Race.RaceId                      : Factor w/ 529 levels "20160109-06-01-02-10",..: 1 1 1 1 1 1 1 1 1 1 ...
 $ Race.IsPredictedRace             : logi  TRUE TRUE TRUE TRUE TRUE TRUE ...
 $ Race.IsAnalyzeNormalPastAndFuture: logi  TRUE TRUE TRUE TRUE TRUE TRUE ...
 $ Race.IsAnalyzeNormalPast         : logi  TRUE TRUE TRUE TRUE TRUE TRUE ...
 $ Race.IsAnalyzeNormalFuture       : logi  FALSE FALSE FALSE FALSE FALSE FALSE ...
 $ Race.IsAnalyzeFullPastAndFuture  : logi  TRUE TRUE TRUE TRUE TRUE TRUE ...
 $ Race.IsAnalyzeFullPast           : logi  TRUE TRUE TRUE TRUE TRUE TRUE ...
 $ Race.IsAnalyzeFullFuture         : logi  FALSE FALSE FALSE FALSE FALSE FALSE ...
 $ Race.JyokenCd                    : Factor w/ 1 level "2": 1 1 1 1 1 1 1 1 1 1 ...
 $ Race.JyoType1Cd                  : Factor w/ 112 levels "1-06-2200-1",..: 1 1 1 1 1 1 1 1 1 1 ...
 $ Race.RaceType0Cd                 : Factor w/ 158 levels "1-06-2200-1-2-E-14",..: 1 1 1 1 1 1 1 1 1 1 ...
 $ Race.RaceType1Cd                 : Factor w/ 1 level "1-2-E": 1 1 1 1 1 1 1 1 1 1 ...
 $ Race.RaceType2Cd                 : Factor w/ 1 level "1-2-E": 1 1 1 1 1 1 1 1 1 1 ...
 $ Race.RaceType3Cd                 : Factor w/ 2 levels "2-E-14","2-E-13": 1 1 1 1 1 1 1 1 1 1 ...
 $ Race.RaceType4Cd                 : Factor w/ 2 levels "1-2-14","1-2-13": 1 1 1 1 1 1 1 1 1 1 ...
 $ RaceHorse.RaceId                 : Factor w/ 529 levels "20160109-06-01-02-10",..: 1 1 1 1 1 1 1 1 1 1 ...
 $ RaceHorse.KettoNum               : Factor w/ 1439 levels "2008102799","2012100724",..: 1 2 3 4 5 6 7 8 9 10 ...
 $ RaceHorse.IsHit1                 : int  0 0 0 0 0 0 0 0 0 0 ...
 $ RaceHorse.IsHit2                 : int  0 0 0 0 0 0 0 0 0 0 ...
 $ RaceHorse.IsHit3                 : int  0 0 0 0 0 0 0 1 0 0 ...
 $ RaceHorse.IsHit4                 : int  0 0 0 1 0 0 0 0 0 0 ...
 $ RaceHorse.IsHit5                 : int  1 0 0 0 0 0 0 0 0 0 ...
 $ RaceHorse.IsHit6                 : int  0 1 1 0 1 1 1 0 1 1 ...
 $ RaceHorse.IsValidRaceHorse       : logi  TRUE TRUE TRUE TRUE TRUE TRUE ...
 $ RaceHorse.IsHitA                 : int  0 0 0 0 0 0 0 0 0 0 ...
 $ RaceHorse.IsHitB                 : int  0 0 0 0 0 0 0 0 0 0 ...
 $ RaceHorse.IsHitC                 : int  0 0 0 0 0 0 0 1 0 0 ...
 $ OddsByWin.Odds1                  : num  132.8 236 2.8 2.6 132 ...
 $ OddsByWin.Ninki                  : num  12 14 2 1 11 10 7 8 5 9 ...
 $ OddsByWin.OddsLog1               : num  4.9 5.47 1.34 1.28 4.89 ...
 $ OddsByWin.OddsRatio1             : num  0.00759 0.00426 0.55556 0.625 0.00763 ...
 $ OddsByWin.OddsLogit1             : num  -4.889 -5.464 -1.03 -0.956 -4.883 ...
 $ OddsByWin.ApprovalRate1          : num  0.00753 0.00424 0.35714 0.38462 0.00758 ...
 $ OddsByWin.ApprovalRateLog1       : num  0.0075 0.00423 0.30538 0.32542 0.00755 ...
 $ EOF                              : int  1 1 1 1 1 1 1 1 1 1 ...
[1] "2022-02-19 09:35:03 --- RxSqlServerData Finish ---"
[1] "2022-02-19 09:35:03 --- subset Start ---"
[1] "--------------------------------------------------------------------------------"
[1] "nrow(data) subset before=6809"
[1] "nrow(data) subset after =6809"
[1] "nrow(data) subset diff =0"
[1] "--------------------------------------------------------------------------------"
[1] "2022-02-19 09:35:03 --- subset Finish---"
[1] "2022-02-19 09:35:03 --- transform Start ---"
[1] "--------------------------------------------------------------------------------"
[1] "nrow(data) transform before=6809"
[1] "nrow(data) transform after=6809"
[1] "nrow(data) transform diff=0"
[1] "--------------------------------------------------------------------------------"
[1] "str(data)="
'data.frame':	6809 obs. of  35 variables:
 $ Race.RaceId                      : Factor w/ 529 levels "20160109-06-01-02-10",..: 1 1 1 1 1 1 1 1 1 1 ...
 $ Race.IsPredictedRace             : logi  TRUE TRUE TRUE TRUE TRUE TRUE ...
 $ Race.IsAnalyzeNormalPastAndFuture: logi  TRUE TRUE TRUE TRUE TRUE TRUE ...
 $ Race.IsAnalyzeNormalPast         : logi  TRUE TRUE TRUE TRUE TRUE TRUE ...
 $ Race.IsAnalyzeNormalFuture       : logi  FALSE FALSE FALSE FALSE FALSE FALSE ...
 $ Race.IsAnalyzeFullPastAndFuture  : logi  TRUE TRUE TRUE TRUE TRUE TRUE ...
 $ Race.IsAnalyzeFullPast           : logi  TRUE TRUE TRUE TRUE TRUE TRUE ...
 $ Race.IsAnalyzeFullFuture         : logi  FALSE FALSE FALSE FALSE FALSE FALSE ...
 $ Race.JyokenCd                    : Factor w/ 1 level "2": 1 1 1 1 1 1 1 1 1 1 ...
 $ Race.JyoType1Cd                  : Factor w/ 112 levels "1-06-2200-1",..: 1 1 1 1 1 1 1 1 1 1 ...
 $ Race.RaceType0Cd                 : Factor w/ 158 levels "1-06-2200-1-2-E-14",..: 1 1 1 1 1 1 1 1 1 1 ...
 $ Race.RaceType1Cd                 : Factor w/ 1 level "1-2-E": 1 1 1 1 1 1 1 1 1 1 ...
 $ Race.RaceType2Cd                 : Factor w/ 1 level "1-2-E": 1 1 1 1 1 1 1 1 1 1 ...
 $ Race.RaceType3Cd                 : Factor w/ 2 levels "2-E-14","2-E-13": 1 1 1 1 1 1 1 1 1 1 ...
 $ Race.RaceType4Cd                 : Factor w/ 2 levels "1-2-14","1-2-13": 1 1 1 1 1 1 1 1 1 1 ...
 $ RaceHorse.RaceId                 : Factor w/ 529 levels "20160109-06-01-02-10",..: 1 1 1 1 1 1 1 1 1 1 ...
 $ RaceHorse.KettoNum               : Factor w/ 1439 levels "2008102799","2012100724",..: 1 2 3 4 5 6 7 8 9 10 ...
 $ RaceHorse.IsHit1                 : int  0 0 0 0 0 0 0 0 0 0 ...
 $ RaceHorse.IsHit2                 : int  0 0 0 0 0 0 0 0 0 0 ...
 $ RaceHorse.IsHit3                 : int  0 0 0 0 0 0 0 1 0 0 ...
 $ RaceHorse.IsHit4                 : int  0 0 0 1 0 0 0 0 0 0 ...
 $ RaceHorse.IsHit5                 : int  1 0 0 0 0 0 0 0 0 0 ...
 $ RaceHorse.IsHit6                 : int  0 1 1 0 1 1 1 0 1 1 ...
 $ RaceHorse.IsValidRaceHorse       : logi  TRUE TRUE TRUE TRUE TRUE TRUE ...
 $ RaceHorse.IsHitA                 : int  0 0 0 0 0 0 0 0 0 0 ...
 $ RaceHorse.IsHitB                 : int  0 0 0 0 0 0 0 0 0 0 ...
 $ RaceHorse.IsHitC                 : int  0 0 0 0 0 0 0 1 0 0 ...
 $ OddsByWin.Odds1                  : num  132.8 236 2.8 2.6 132 ...
 $ OddsByWin.Ninki                  : num  12 14 2 1 11 10 7 8 5 9 ...
 $ OddsByWin.OddsLog1               : num  4.9 5.47 1.34 1.28 4.89 ...
 $ OddsByWin.OddsRatio1             : num  0.00759 0.00426 0.55556 0.625 0.00763 ...
 $ OddsByWin.OddsLogit1             : num  -4.889 -5.464 -1.03 -0.956 -4.883 ...
 $ OddsByWin.ApprovalRate1          : num  0.00753 0.00424 0.35714 0.38462 0.00758 ...
 $ OddsByWin.ApprovalRateLog1       : num  0.0075 0.00423 0.30538 0.32542 0.00755 ...
 $ EOF                              : int  1 1 1 1 1 1 1 1 1 1 ...
NULL
[1] "2022-02-19 09:35:04 --- transform Finish ---"
[1] "2022-02-19 09:35:04 --- na.omit Start ---"
[1] "--------------------------------------------------------------------------------"
[1] "nrow(data) na.omit before=6809"
[1] "nrow(data) na.omit after =6776"
[1] "nrow(data) na.omit diff =33"
[1] "--------------------------------------------------------------------------------"
'data.frame':	6776 obs. of  35 variables:
 $ Race.RaceId                      : Factor w/ 529 levels "20160109-06-01-02-10",..: 1 1 1 1 1 1 1 1 1 1 ...
 $ Race.IsPredictedRace             : logi  TRUE TRUE TRUE TRUE TRUE TRUE ...
 $ Race.IsAnalyzeNormalPastAndFuture: logi  TRUE TRUE TRUE TRUE TRUE TRUE ...
 $ Race.IsAnalyzeNormalPast         : logi  TRUE TRUE TRUE TRUE TRUE TRUE ...
 $ Race.IsAnalyzeNormalFuture       : logi  FALSE FALSE FALSE FALSE FALSE FALSE ...
 $ Race.IsAnalyzeFullPastAndFuture  : logi  TRUE TRUE TRUE TRUE TRUE TRUE ...
 $ Race.IsAnalyzeFullPast           : logi  TRUE TRUE TRUE TRUE TRUE TRUE ...
 $ Race.IsAnalyzeFullFuture         : logi  FALSE FALSE FALSE FALSE FALSE FALSE ...
 $ Race.JyokenCd                    : Factor w/ 1 level "2": 1 1 1 1 1 1 1 1 1 1 ...
 $ Race.JyoType1Cd                  : Factor w/ 112 levels "1-06-2200-1",..: 1 1 1 1 1 1 1 1 1 1 ...
 $ Race.RaceType0Cd                 : Factor w/ 158 levels "1-06-2200-1-2-E-14",..: 1 1 1 1 1 1 1 1 1 1 ...
 $ Race.RaceType1Cd                 : Factor w/ 1 level "1-2-E": 1 1 1 1 1 1 1 1 1 1 ...
 $ Race.RaceType2Cd                 : Factor w/ 1 level "1-2-E": 1 1 1 1 1 1 1 1 1 1 ...
 $ Race.RaceType3Cd                 : Factor w/ 2 levels "2-E-14","2-E-13": 1 1 1 1 1 1 1 1 1 1 ...
 $ Race.RaceType4Cd                 : Factor w/ 2 levels "1-2-14","1-2-13": 1 1 1 1 1 1 1 1 1 1 ...
 $ RaceHorse.RaceId                 : Factor w/ 529 levels "20160109-06-01-02-10",..: 1 1 1 1 1 1 1 1 1 1 ...
 $ RaceHorse.KettoNum               : Factor w/ 1439 levels "2008102799","2012100724",..: 1 2 3 4 5 6 7 8 9 10 ...
 $ RaceHorse.IsHit1                 : int  0 0 0 0 0 0 0 0 0 0 ...
 $ RaceHorse.IsHit2                 : int  0 0 0 0 0 0 0 0 0 0 ...
 $ RaceHorse.IsHit3                 : int  0 0 0 0 0 0 0 1 0 0 ...
 $ RaceHorse.IsHit4                 : int  0 0 0 1 0 0 0 0 0 0 ...
 $ RaceHorse.IsHit5                 : int  1 0 0 0 0 0 0 0 0 0 ...
 $ RaceHorse.IsHit6                 : int  0 1 1 0 1 1 1 0 1 1 ...
 $ RaceHorse.IsValidRaceHorse       : logi  TRUE TRUE TRUE TRUE TRUE TRUE ...
 $ RaceHorse.IsHitA                 : int  0 0 0 0 0 0 0 0 0 0 ...
 $ RaceHorse.IsHitB                 : int  0 0 0 0 0 0 0 0 0 0 ...
 $ RaceHorse.IsHitC                 : int  0 0 0 0 0 0 0 1 0 0 ...
 $ OddsByWin.Odds1                  : num  132.8 236 2.8 2.6 132 ...
 $ OddsByWin.Ninki                  : num  12 14 2 1 11 10 7 8 5 9 ...
 $ OddsByWin.OddsLog1               : num  4.9 5.47 1.34 1.28 4.89 ...
 $ OddsByWin.OddsRatio1             : num  0.00759 0.00426 0.55556 0.625 0.00763 ...
 $ OddsByWin.OddsLogit1             : num  -4.889 -5.464 -1.03 -0.956 -4.883 ...
 $ OddsByWin.ApprovalRate1          : num  0.00753 0.00424 0.35714 0.38462 0.00758 ...
 $ OddsByWin.ApprovalRateLog1       : num  0.0075 0.00423 0.30538 0.32542 0.00755 ...
 $ EOF                              : int  1 1 1 1 1 1 1 1 1 1 ...
 - attr(*, "na.action")= 'omit' Named int  158 564 1219 1328 1397 1737 2270 2440 2729 2829 ...
  ..- attr(*, "names")= chr  "158" "564" "1219" "1328" ...
[1] "2022-02-19 09:35:05 --- na.omit Finish ---"
[1] "2022-02-19 09:35:05 --- rxGlm with rxStepControl Start ---"

> print(paste0(Sys.time(), " --- source_logic_glm.R Start ---"))
[1] "2022-02-19 09:35:05 --- source_logic_glm.R Start ---"

> formula <- formula(RaceHorse.IsHitA ~ +1 + OddsByWin.OddsLogit1)

> print(paste0(Sys.time(), " --- source_logic_glm.R Finished ---"))
[1] "2022-02-19 09:35:05 --- source_logic_glm.R Finished ---"
Rows Read: 6776, Total Rows Processed: 6776, Total Chunk Time: 0.001 seconds 

Starting values (iteration 1) time: 0.010 secs.
Rows Read: 6776, Total Rows Processed: 6776, Total Chunk Time: 0.002 seconds 

Iteration 2 time: 0.006 secs.
Rows Read: 6776, Total Rows Processed: 6776, Total Chunk Time: 0.002 seconds 

Iteration 3 time: 0.004 secs.
Rows Read: 6776, Total Rows Processed: 6776, Total Chunk Time: 0.001 seconds 

Iteration 4 time: 0.009 secs.
Rows Read: 6776, Total Rows Processed: 6776, Total Chunk Time: 0.001 seconds 

Iteration 5 time: 0.011 secs.
Rows Read: 6776, Total Rows Processed: 6776, Total Chunk Time: Less than .001 seconds 

Iteration 6 time: 0.007 secs.

Elapsed computation time: 0.099 secs.
Rows Read: 6776, Total Rows Processed: 6776, Total Chunk Time: Less than .001 seconds 

Starting values (iteration 1) time: 0.007 secs.
Rows Read: 6776, Total Rows Processed: 6776, Total Chunk Time: Less than .001 seconds 

Iteration 2 time: 0.010 secs.

Elapsed computation time: 0.029 secs.
Rows Read: 6776, Total Rows Processed: 6776, Total Chunk Time: 0.001 seconds 

Starting values (iteration 1) time: 0.006 secs.
Rows Read: 6776, Total Rows Processed: 6776, Total Chunk Time: Less than .001 seconds 

Iteration 2 time: 0.009 secs.
Rows Read: 6776, Total Rows Processed: 6776, Total Chunk Time: 0.001 seconds 

Iteration 3 time: 0.007 secs.
Rows Read: 6776, Total Rows Processed: 6776, Total Chunk Time: Less than .001 seconds 

Iteration 4 time: 0.006 secs.
Rows Read: 6776, Total Rows Processed: 6776, Total Chunk Time: Less than .001 seconds 

Iteration 5 time: 0.007 secs.
Rows Read: 6776, Total Rows Processed: 6776, Total Chunk Time: Less than .001 seconds 

Iteration 6 time: 0.007 secs.

Elapsed computation time: 0.095 secs.

Elapsed computation time: 0.249 secs.
[1] "--------------------------------------------------------------------------------"
[1] "analyze.results.glm.step="
Logistic Regression Results for: RaceHorse.IsHitA ~
    OddsByWin.OddsLogit1
Data: data
Dependent variable(s): RaceHorse.IsHitA
Total independent variables: 2 
Number of valid observations: 6776
Number of missing observations: 0 
 
Coefficients:
                     RaceHorse.IsHitA
(Intercept)                      0.01
OddsByWin.OddsLogit1             1.03
[1] "analyze.results.glm.step.summary"
Call:
rxLogit(formula = formula, data = data, variableSelection = analyze.results.glm.step.varsel)

Logistic Regression Results for: RaceHorse.IsHitA ~
    OddsByWin.OddsLogit1
Data: data
Dependent variable(s): RaceHorse.IsHitA
Total independent variables: 2 
Number of valid observations: 6776
Number of missing observations: 0 
-2*LogLikelihood: 3174.468 (Residual deviance on 6774 degrees of freedom)
 
Coefficients:
                     Estimate Std. Error z value Pr(>|z|)    
(Intercept)            0.0100     0.1127    0.09     0.93    
OddsByWin.OddsLogit1   1.0318     0.0524   19.71  2.2e-16 ***
---
Signif. codes:  0 '***' 0.001 '**' 0.01 '*' 0.05 '.' 0.1 ' ' 1

Condition number of final variance-covariance matrix: 1 
Number of iterations: 6
[1] "--------------------------------------------------------------------------------"
[1] "2022-02-19 09:35:05 --- rxGlm with rxStepControl Finish ---"
[1] "2022-02-19 09:35:05 --- rxStepPlot Start ---"
[1] "pdfFilename=pdf_analyze_glm_Odds_Type12_rxStepPlot.pdf"
[1] "rxStepPlot="
[1] "2022-02-19 09:35:05 --- rxStepPlot Finish ---"
[1] "2022-02-19 09:35:05 --- save.image Start ---"
[1] "save.image"
[1] "rdataFilename=RData_analyze_glm_Odds_Type12.RData"
[1] "2022-02-19 09:35:05 --- save.image Finish ---"
[1] "2022-02-19 09:35:05 --- final Start ---"
[1] "--------------------------------------------------------------------------------"
[1] "nrow(data) final=6776"
[1] "--------------------------------------------------------------------------------"
[1] "2022-02-19 09:35:05 --- final Finish ---"
[1] "2022-02-19 09:35:05 --- analyze_glm.R Finished ---"
[1] "2022-02-19 09:35:05 --- log Finish ---"
