[1] "2022-02-19 09:34:56 --- D1115_analyze_glm_Odds_IsHitA_Type21 Start ---"
[1] "2022-02-19 09:34:56 --- Log Start ---"
[1] "2022-02-19 09:34:56 --- analyze_glm.R Start ---"
[1] "analyzeVersion=D1115"
[1] "analyzeCategory=analyze"
[1] "analyzeType=Odds"
[1] "analyzeFamily=IsHitA"
[1] "analyzeFunc=glm"
[1] "analyzeTrackTypeCd=2"
[1] "analyzeJyokenCd=1"
[1] "2022-02-19 09:34:56 --- source_function.R Start ---"
[1] "2022-02-19 09:34:56 --- source_function.R Finished ---"

> print(paste0(Sys.time(), " --- source_library.R Start ---"))
[1] "2022-02-19 09:34:56 --- source_library.R Start ---"

> require("RevoScaleR")

> print(paste0(Sys.time(), " --- source_library.R Finished ---"))
[1] "2022-02-19 09:34:57 --- source_library.R Finished ---"
[1] "2022-02-19 09:34:57 --- RxSqlServerData Start ---"
[1] "2022-02-19 09:34:57 --- RxInSqlServer Start ---"
[1] "2022-02-19 09:34:57 --- RxInSqlServer Finish ---"
[1] "2022-02-19 09:34:57 --- rxSetComputeContext Start ---"
[1] "2022-02-19 09:34:57 --- rxSetComputeContext Finish ---"
[1] "2022-02-19 09:34:57 --- RxSqlServerData Start ---"
[1] "sqlQuery=SELECT * FROM ViewAnalyzeD1115analyze01OddsType21"
[1] "2022-02-19 09:34:57 --- RxSqlServerData Finish ---"
[1] "2022-02-19 09:34:57 --- rxGetVarInfo Start ---"
[1] "2022-02-19 09:34:57 --- rxGetVarInfo Finish---"
[1] "2022-02-19 09:34:57 --- rxImport Start ---"
Rows Read: 4406, Total Rows Processed: 4406, Total Chunk Time: 3.382 seconds 
[1] "2022-02-19 09:35:02 --- rxImport Finish ---"
[1] "object.size(data) auto=870 Kb"
[1] "--------------------------------------------------------------------------------"
[1] "nrow(data) RxSqlServerData=4406"
[1] "--------------------------------------------------------------------------------"
[1] "str(data)="
'data.frame':	4406 obs. of  35 variables:
 $ Race.RaceId                      : Factor w/ 301 levels "20160109-06-01-02-11",..: 1 1 1 1 1 1 1 1 1 1 ...
 $ Race.IsPredictedRace             : logi  TRUE TRUE TRUE TRUE TRUE TRUE ...
 $ Race.IsAnalyzeNormalPastAndFuture: logi  TRUE TRUE TRUE TRUE TRUE TRUE ...
 $ Race.IsAnalyzeNormalPast         : logi  TRUE TRUE TRUE TRUE TRUE TRUE ...
 $ Race.IsAnalyzeNormalFuture       : logi  FALSE FALSE FALSE FALSE FALSE FALSE ...
 $ Race.IsAnalyzeFullPastAndFuture  : logi  TRUE TRUE TRUE TRUE TRUE TRUE ...
 $ Race.IsAnalyzeFullPast           : logi  TRUE TRUE TRUE TRUE TRUE TRUE ...
 $ Race.IsAnalyzeFullFuture         : logi  FALSE FALSE FALSE FALSE FALSE FALSE ...
 $ Race.JyokenCd                    : Factor w/ 1 level "1": 1 1 1 1 1 1 1 1 1 1 ...
 $ Race.JyoType1Cd                  : Factor w/ 62 levels "2-06-1800-1",..: 1 1 1 1 1 1 1 1 1 1 ...
 $ Race.RaceType0Cd                 : Factor w/ 145 levels "2-06-1800-1-1-E-14",..: 1 1 1 1 1 1 1 1 1 1 ...
 $ Race.RaceType1Cd                 : Factor w/ 5 levels "2-1-E","2-1-B",..: 1 1 1 1 1 1 1 1 1 1 ...
 $ Race.RaceType2Cd                 : Factor w/ 5 levels "2-1-E","2-1-B",..: 1 1 1 1 1 1 1 1 1 1 ...
 $ Race.RaceType3Cd                 : Factor w/ 13 levels "1-E-14","1-B-14",..: 1 1 1 1 1 1 1 1 1 1 ...
 $ Race.RaceType4Cd                 : Factor w/ 4 levels "2-1-14","2-1-12",..: 1 1 1 1 1 1 1 1 1 1 ...
 $ RaceHorse.RaceId                 : Factor w/ 301 levels "20160109-06-01-02-11",..: 1 1 1 1 1 1 1 1 1 1 ...
 $ RaceHorse.KettoNum               : Factor w/ 962 levels "2012105979","2011102826",..: 1 2 3 4 5 6 7 8 9 10 ...
 $ RaceHorse.IsHit1                 : int  0 0 0 0 0 1 0 0 0 0 ...
 $ RaceHorse.IsHit2                 : int  0 0 0 0 0 0 0 0 0 0 ...
 $ RaceHorse.IsHit3                 : int  0 0 0 0 0 0 0 0 1 0 ...
 $ RaceHorse.IsHit4                 : int  0 0 0 0 0 0 0 0 0 0 ...
 $ RaceHorse.IsHit5                 : int  0 0 1 0 0 0 0 0 0 0 ...
 $ RaceHorse.IsHit6                 : int  1 1 0 1 1 0 1 1 0 1 ...
 $ RaceHorse.IsValidRaceHorse       : logi  TRUE TRUE TRUE TRUE TRUE TRUE ...
 $ RaceHorse.IsHitA                 : int  0 0 0 0 0 1 0 0 0 0 ...
 $ RaceHorse.IsHitB                 : int  0 0 0 0 0 1 0 0 0 0 ...
 $ RaceHorse.IsHitC                 : int  0 0 0 0 0 1 0 0 1 0 ...
 $ OddsByWin.Odds1                  : num  5.7 36.2 13 12.9 53.9 ...
 $ OddsByWin.Ninki                  : num  1 11 8 7 14 12 16 13 10 2 ...
 $ OddsByWin.OddsLog1               : num  1.9 3.62 2.64 2.63 4.01 ...
 $ OddsByWin.OddsRatio1             : num  0.2128 0.0284 0.0833 0.084 0.0189 ...
 $ OddsByWin.OddsLogit1             : num  -1.74 -3.59 -2.56 -2.56 -3.99 ...
 $ OddsByWin.ApprovalRate1          : num  0.1754 0.0276 0.0769 0.0775 0.0186 ...
 $ OddsByWin.ApprovalRateLog1       : num  0.1616 0.0272 0.0741 0.0747 0.0184 ...
 $ EOF                              : int  1 1 1 1 1 1 1 1 1 1 ...
[1] "2022-02-19 09:35:03 --- RxSqlServerData Finish ---"
[1] "2022-02-19 09:35:03 --- subset Start ---"
[1] "--------------------------------------------------------------------------------"
[1] "nrow(data) subset before=4406"
[1] "nrow(data) subset after =4406"
[1] "nrow(data) subset diff =0"
[1] "--------------------------------------------------------------------------------"
[1] "2022-02-19 09:35:03 --- subset Finish---"
[1] "2022-02-19 09:35:03 --- transform Start ---"
[1] "--------------------------------------------------------------------------------"
[1] "nrow(data) transform before=4406"
[1] "nrow(data) transform after=4406"
[1] "nrow(data) transform diff=0"
[1] "--------------------------------------------------------------------------------"
[1] "str(data)="
'data.frame':	4406 obs. of  35 variables:
 $ Race.RaceId                      : Factor w/ 301 levels "20160109-06-01-02-11",..: 1 1 1 1 1 1 1 1 1 1 ...
 $ Race.IsPredictedRace             : logi  TRUE TRUE TRUE TRUE TRUE TRUE ...
 $ Race.IsAnalyzeNormalPastAndFuture: logi  TRUE TRUE TRUE TRUE TRUE TRUE ...
 $ Race.IsAnalyzeNormalPast         : logi  TRUE TRUE TRUE TRUE TRUE TRUE ...
 $ Race.IsAnalyzeNormalFuture       : logi  FALSE FALSE FALSE FALSE FALSE FALSE ...
 $ Race.IsAnalyzeFullPastAndFuture  : logi  TRUE TRUE TRUE TRUE TRUE TRUE ...
 $ Race.IsAnalyzeFullPast           : logi  TRUE TRUE TRUE TRUE TRUE TRUE ...
 $ Race.IsAnalyzeFullFuture         : logi  FALSE FALSE FALSE FALSE FALSE FALSE ...
 $ Race.JyokenCd                    : Factor w/ 1 level "1": 1 1 1 1 1 1 1 1 1 1 ...
 $ Race.JyoType1Cd                  : Factor w/ 62 levels "2-06-1800-1",..: 1 1 1 1 1 1 1 1 1 1 ...
 $ Race.RaceType0Cd                 : Factor w/ 145 levels "2-06-1800-1-1-E-14",..: 1 1 1 1 1 1 1 1 1 1 ...
 $ Race.RaceType1Cd                 : Factor w/ 5 levels "2-1-E","2-1-B",..: 1 1 1 1 1 1 1 1 1 1 ...
 $ Race.RaceType2Cd                 : Factor w/ 5 levels "2-1-E","2-1-B",..: 1 1 1 1 1 1 1 1 1 1 ...
 $ Race.RaceType3Cd                 : Factor w/ 13 levels "1-E-14","1-B-14",..: 1 1 1 1 1 1 1 1 1 1 ...
 $ Race.RaceType4Cd                 : Factor w/ 4 levels "2-1-14","2-1-12",..: 1 1 1 1 1 1 1 1 1 1 ...
 $ RaceHorse.RaceId                 : Factor w/ 301 levels "20160109-06-01-02-11",..: 1 1 1 1 1 1 1 1 1 1 ...
 $ RaceHorse.KettoNum               : Factor w/ 962 levels "2012105979","2011102826",..: 1 2 3 4 5 6 7 8 9 10 ...
 $ RaceHorse.IsHit1                 : int  0 0 0 0 0 1 0 0 0 0 ...
 $ RaceHorse.IsHit2                 : int  0 0 0 0 0 0 0 0 0 0 ...
 $ RaceHorse.IsHit3                 : int  0 0 0 0 0 0 0 0 1 0 ...
 $ RaceHorse.IsHit4                 : int  0 0 0 0 0 0 0 0 0 0 ...
 $ RaceHorse.IsHit5                 : int  0 0 1 0 0 0 0 0 0 0 ...
 $ RaceHorse.IsHit6                 : int  1 1 0 1 1 0 1 1 0 1 ...
 $ RaceHorse.IsValidRaceHorse       : logi  TRUE TRUE TRUE TRUE TRUE TRUE ...
 $ RaceHorse.IsHitA                 : int  0 0 0 0 0 1 0 0 0 0 ...
 $ RaceHorse.IsHitB                 : int  0 0 0 0 0 1 0 0 0 0 ...
 $ RaceHorse.IsHitC                 : int  0 0 0 0 0 1 0 0 1 0 ...
 $ OddsByWin.Odds1                  : num  5.7 36.2 13 12.9 53.9 ...
 $ OddsByWin.Ninki                  : num  1 11 8 7 14 12 16 13 10 2 ...
 $ OddsByWin.OddsLog1               : num  1.9 3.62 2.64 2.63 4.01 ...
 $ OddsByWin.OddsRatio1             : num  0.2128 0.0284 0.0833 0.084 0.0189 ...
 $ OddsByWin.OddsLogit1             : num  -1.74 -3.59 -2.56 -2.56 -3.99 ...
 $ OddsByWin.ApprovalRate1          : num  0.1754 0.0276 0.0769 0.0775 0.0186 ...
 $ OddsByWin.ApprovalRateLog1       : num  0.1616 0.0272 0.0741 0.0747 0.0184 ...
 $ EOF                              : int  1 1 1 1 1 1 1 1 1 1 ...
NULL
[1] "2022-02-19 09:35:04 --- transform Finish ---"
[1] "2022-02-19 09:35:04 --- na.omit Start ---"
[1] "--------------------------------------------------------------------------------"
[1] "nrow(data) na.omit before=4406"
[1] "nrow(data) na.omit after =4388"
[1] "nrow(data) na.omit diff =18"
[1] "--------------------------------------------------------------------------------"
'data.frame':	4388 obs. of  35 variables:
 $ Race.RaceId                      : Factor w/ 301 levels "20160109-06-01-02-11",..: 1 1 1 1 1 1 1 1 1 1 ...
 $ Race.IsPredictedRace             : logi  TRUE TRUE TRUE TRUE TRUE TRUE ...
 $ Race.IsAnalyzeNormalPastAndFuture: logi  TRUE TRUE TRUE TRUE TRUE TRUE ...
 $ Race.IsAnalyzeNormalPast         : logi  TRUE TRUE TRUE TRUE TRUE TRUE ...
 $ Race.IsAnalyzeNormalFuture       : logi  FALSE FALSE FALSE FALSE FALSE FALSE ...
 $ Race.IsAnalyzeFullPastAndFuture  : logi  TRUE TRUE TRUE TRUE TRUE TRUE ...
 $ Race.IsAnalyzeFullPast           : logi  TRUE TRUE TRUE TRUE TRUE TRUE ...
 $ Race.IsAnalyzeFullFuture         : logi  FALSE FALSE FALSE FALSE FALSE FALSE ...
 $ Race.JyokenCd                    : Factor w/ 1 level "1": 1 1 1 1 1 1 1 1 1 1 ...
 $ Race.JyoType1Cd                  : Factor w/ 62 levels "2-06-1800-1",..: 1 1 1 1 1 1 1 1 1 1 ...
 $ Race.RaceType0Cd                 : Factor w/ 145 levels "2-06-1800-1-1-E-14",..: 1 1 1 1 1 1 1 1 1 1 ...
 $ Race.RaceType1Cd                 : Factor w/ 5 levels "2-1-E","2-1-B",..: 1 1 1 1 1 1 1 1 1 1 ...
 $ Race.RaceType2Cd                 : Factor w/ 5 levels "2-1-E","2-1-B",..: 1 1 1 1 1 1 1 1 1 1 ...
 $ Race.RaceType3Cd                 : Factor w/ 13 levels "1-E-14","1-B-14",..: 1 1 1 1 1 1 1 1 1 1 ...
 $ Race.RaceType4Cd                 : Factor w/ 4 levels "2-1-14","2-1-12",..: 1 1 1 1 1 1 1 1 1 1 ...
 $ RaceHorse.RaceId                 : Factor w/ 301 levels "20160109-06-01-02-11",..: 1 1 1 1 1 1 1 1 1 1 ...
 $ RaceHorse.KettoNum               : Factor w/ 962 levels "2012105979","2011102826",..: 1 2 3 4 5 6 7 8 9 10 ...
 $ RaceHorse.IsHit1                 : int  0 0 0 0 0 1 0 0 0 0 ...
 $ RaceHorse.IsHit2                 : int  0 0 0 0 0 0 0 0 0 0 ...
 $ RaceHorse.IsHit3                 : int  0 0 0 0 0 0 0 0 1 0 ...
 $ RaceHorse.IsHit4                 : int  0 0 0 0 0 0 0 0 0 0 ...
 $ RaceHorse.IsHit5                 : int  0 0 1 0 0 0 0 0 0 0 ...
 $ RaceHorse.IsHit6                 : int  1 1 0 1 1 0 1 1 0 1 ...
 $ RaceHorse.IsValidRaceHorse       : logi  TRUE TRUE TRUE TRUE TRUE TRUE ...
 $ RaceHorse.IsHitA                 : int  0 0 0 0 0 1 0 0 0 0 ...
 $ RaceHorse.IsHitB                 : int  0 0 0 0 0 1 0 0 0 0 ...
 $ RaceHorse.IsHitC                 : int  0 0 0 0 0 1 0 0 1 0 ...
 $ OddsByWin.Odds1                  : num  5.7 36.2 13 12.9 53.9 ...
 $ OddsByWin.Ninki                  : num  1 11 8 7 14 12 16 13 10 2 ...
 $ OddsByWin.OddsLog1               : num  1.9 3.62 2.64 2.63 4.01 ...
 $ OddsByWin.OddsRatio1             : num  0.2128 0.0284 0.0833 0.084 0.0189 ...
 $ OddsByWin.OddsLogit1             : num  -1.74 -3.59 -2.56 -2.56 -3.99 ...
 $ OddsByWin.ApprovalRate1          : num  0.1754 0.0276 0.0769 0.0775 0.0186 ...
 $ OddsByWin.ApprovalRateLog1       : num  0.1616 0.0272 0.0741 0.0747 0.0184 ...
 $ EOF                              : int  1 1 1 1 1 1 1 1 1 1 ...
 - attr(*, "na.action")= 'omit' Named int  156 228 317 1082 1089 1091 1363 1535 1621 1762 ...
  ..- attr(*, "names")= chr  "156" "228" "317" "1082" ...
[1] "2022-02-19 09:35:04 --- na.omit Finish ---"
[1] "2022-02-19 09:35:04 --- rxGlm with rxStepControl Start ---"

> print(paste0(Sys.time(), " --- source_logic_glm.R Start ---"))
[1] "2022-02-19 09:35:04 --- source_logic_glm.R Start ---"

> formula <- formula(RaceHorse.IsHitA ~ +1 + OddsByWin.OddsLogit1)

> print(paste0(Sys.time(), " --- source_logic_glm.R Finished ---"))
[1] "2022-02-19 09:35:04 --- source_logic_glm.R Finished ---"
Rows Read: 4388, Total Rows Processed: 4388, Total Chunk Time: 0.001 seconds 

Starting values (iteration 1) time: 0.023 secs.
Rows Read: 4388, Total Rows Processed: 4388, Total Chunk Time: Less than .001 seconds 

Iteration 2 time: 0.008 secs.
Rows Read: 4388, Total Rows Processed: 4388, Total Chunk Time: Less than .001 seconds 

Iteration 3 time: 0.005 secs.
Rows Read: 4388, Total Rows Processed: 4388, Total Chunk Time: 0.001 seconds 

Iteration 4 time: 0.006 secs.
Rows Read: 4388, Total Rows Processed: 4388, Total Chunk Time: 0.001 seconds 

Iteration 5 time: 0.010 secs.
Rows Read: 4388, Total Rows Processed: 4388, Total Chunk Time: 0.001 seconds 

Iteration 6 time: 0.004 secs.

Elapsed computation time: 0.102 secs.
Rows Read: 4388, Total Rows Processed: 4388, Total Chunk Time: Less than .001 seconds 

Starting values (iteration 1) time: 0.004 secs.
Rows Read: 4388, Total Rows Processed: 4388, Total Chunk Time: 0.001 seconds 

Iteration 2 time: 0.017 secs.

Elapsed computation time: 0.059 secs.
Rows Read: 4388, Total Rows Processed: 4388, Total Chunk Time: Less than .001 seconds 

Starting values (iteration 1) time: 0.006 secs.
Rows Read: 4388, Total Rows Processed: 4388, Total Chunk Time: 0.001 seconds 

Iteration 2 time: 0.011 secs.
Rows Read: 4388, Total Rows Processed: 4388, Total Chunk Time: 0.001 seconds 

Iteration 3 time: 0.005 secs.
Rows Read: 4388, Total Rows Processed: 4388, Total Chunk Time: 0.002 seconds 

Iteration 4 time: 0.019 secs.
Rows Read: 4388, Total Rows Processed: 4388, Total Chunk Time: 0.001 seconds 

Iteration 5 time: 0.007 secs.
Rows Read: 4388, Total Rows Processed: 4388, Total Chunk Time: 0.002 seconds 

Iteration 6 time: 0.006 secs.

Elapsed computation time: 0.111 secs.

Elapsed computation time: 0.294 secs.
[1] "--------------------------------------------------------------------------------"
[1] "analyze.results.glm.step="
Logistic Regression Results for: RaceHorse.IsHitA ~
    OddsByWin.OddsLogit1
Data: data
Dependent variable(s): RaceHorse.IsHitA
Total independent variables: 2 
Number of valid observations: 4388
Number of missing observations: 0 
 
Coefficients:
                     RaceHorse.IsHitA
(Intercept)                       0.4
OddsByWin.OddsLogit1              1.2
[1] "analyze.results.glm.step.summary"
Call:
rxLogit(formula = formula, data = data, variableSelection = analyze.results.glm.step.varsel)

Logistic Regression Results for: RaceHorse.IsHitA ~
    OddsByWin.OddsLogit1
Data: data
Dependent variable(s): RaceHorse.IsHitA
Total independent variables: 2 
Number of valid observations: 4388
Number of missing observations: 0 
-2*LogLikelihood: 1760.355 (Residual deviance on 4386 degrees of freedom)
 
Coefficients:
                     Estimate Std. Error z value Pr(>|z|)    
(Intercept)            0.3681     0.1512    2.44    0.015 *  
OddsByWin.OddsLogit1   1.2148     0.0716   16.96  2.2e-16 ***
---
Signif. codes:  0 '***' 0.001 '**' 0.01 '*' 0.05 '.' 0.1 ' ' 1

Condition number of final variance-covariance matrix: 1 
Number of iterations: 6
[1] "--------------------------------------------------------------------------------"
[1] "2022-02-19 09:35:05 --- rxGlm with rxStepControl Finish ---"
[1] "2022-02-19 09:35:05 --- rxStepPlot Start ---"
[1] "pdfFilename=pdf_analyze_glm_Odds_Type21_rxStepPlot.pdf"
[1] "rxStepPlot="
[1] "2022-02-19 09:35:05 --- rxStepPlot Finish ---"
[1] "2022-02-19 09:35:05 --- save.image Start ---"
[1] "save.image"
[1] "rdataFilename=RData_analyze_glm_Odds_Type21.RData"
[1] "2022-02-19 09:35:05 --- save.image Finish ---"
[1] "2022-02-19 09:35:05 --- final Start ---"
[1] "--------------------------------------------------------------------------------"
[1] "nrow(data) final=4388"
[1] "--------------------------------------------------------------------------------"
[1] "2022-02-19 09:35:05 --- final Finish ---"
[1] "2022-02-19 09:35:05 --- analyze_glm.R Finished ---"
[1] "2022-02-19 09:35:05 --- log Finish ---"
