[1] "2022-02-19 09:34:55 --- D1115_analyze_glm_Odds_IsHitA_Type35 Start ---"
[1] "2022-02-19 09:34:55 --- Log Start ---"
[1] "2022-02-19 09:34:55 --- analyze_glm.R Start ---"
[1] "analyzeVersion=D1115"
[1] "analyzeCategory=analyze"
[1] "analyzeType=Odds"
[1] "analyzeFamily=IsHitA"
[1] "analyzeFunc=glm"
[1] "analyzeTrackTypeCd=3"
[1] "analyzeJyokenCd=5"
[1] "2022-02-19 09:34:56 --- source_function.R Start ---"
[1] "2022-02-19 09:34:56 --- source_function.R Finished ---"

> print(paste0(Sys.time(), " --- source_library.R Start ---"))
[1] "2022-02-19 09:34:56 --- source_library.R Start ---"

> require("RevoScaleR")

> print(paste0(Sys.time(), " --- source_library.R Finished ---"))
[1] "2022-02-19 09:34:56 --- source_library.R Finished ---"
[1] "2022-02-19 09:34:56 --- RxSqlServerData Start ---"
[1] "2022-02-19 09:34:56 --- RxInSqlServer Start ---"
[1] "2022-02-19 09:34:56 --- RxInSqlServer Finish ---"
[1] "2022-02-19 09:34:56 --- rxSetComputeContext Start ---"
[1] "2022-02-19 09:34:56 --- rxSetComputeContext Finish ---"
[1] "2022-02-19 09:34:56 --- RxSqlServerData Start ---"
[1] "sqlQuery=SELECT * FROM ViewAnalyzeD1115analyze01OddsType35"
[1] "2022-02-19 09:34:56 --- RxSqlServerData Finish ---"
[1] "2022-02-19 09:34:56 --- rxGetVarInfo Start ---"
[1] "2022-02-19 09:34:57 --- rxGetVarInfo Finish---"
[1] "2022-02-19 09:34:57 --- rxImport Start ---"
Rows Read: 5319, Total Rows Processed: 5319, Total Chunk Time: 3.586 seconds 
[1] "2022-02-19 09:35:11 --- rxImport Finish ---"
[1] "object.size(data) auto=1 Mb"
[1] "--------------------------------------------------------------------------------"
[1] "nrow(data) RxSqlServerData=5319"
[1] "--------------------------------------------------------------------------------"
[1] "str(data)="
'data.frame':	5319 obs. of  35 variables:
 $ Race.RaceId                      : Factor w/ 419 levels "20160110-06-01-03-04",..: 1 1 1 1 1 1 1 1 1 1 ...
 $ Race.IsPredictedRace             : logi  TRUE TRUE TRUE TRUE TRUE TRUE ...
 $ Race.IsAnalyzeNormalPastAndFuture: logi  TRUE TRUE TRUE TRUE TRUE TRUE ...
 $ Race.IsAnalyzeNormalPast         : logi  TRUE TRUE TRUE TRUE TRUE TRUE ...
 $ Race.IsAnalyzeNormalFuture       : logi  FALSE FALSE FALSE FALSE FALSE FALSE ...
 $ Race.IsAnalyzeFullPastAndFuture  : logi  TRUE TRUE TRUE TRUE TRUE TRUE ...
 $ Race.IsAnalyzeFullPast           : logi  TRUE TRUE TRUE TRUE TRUE TRUE ...
 $ Race.IsAnalyzeFullFuture         : logi  FALSE FALSE FALSE FALSE FALSE FALSE ...
 $ Race.JyokenCd                    : Factor w/ 1 level "5": 1 1 1 1 1 1 1 1 1 1 ...
 $ Race.JyoType1Cd                  : Factor w/ 34 levels "3-06-2880-1",..: 1 1 1 1 1 1 1 1 1 1 ...
 $ Race.RaceType0Cd                 : Factor w/ 47 levels "3-06-2880-1-5-X-19",..: 1 1 1 1 1 1 1 1 1 1 ...
 $ Race.RaceType1Cd                 : Factor w/ 1 level "3-5-X": 1 1 1 1 1 1 1 1 1 1 ...
 $ Race.RaceType2Cd                 : Factor w/ 1 level "3-5-X": 1 1 1 1 1 1 1 1 1 1 ...
 $ Race.RaceType3Cd                 : Factor w/ 2 levels "5-X-19","5-X-18": 1 1 1 1 1 1 1 1 1 1 ...
 $ Race.RaceType4Cd                 : Factor w/ 2 levels "3-5-19","3-5-18": 1 1 1 1 1 1 1 1 1 1 ...
 $ RaceHorse.RaceId                 : Factor w/ 419 levels "20160110-06-01-03-04",..: 1 1 1 1 1 1 1 1 1 1 ...
 $ RaceHorse.KettoNum               : Factor w/ 1605 levels "2005105204","2012105021",..: 1 2 3 4 5 6 7 8 9 10 ...
 $ RaceHorse.IsHit1                 : int  0 0 0 0 0 0 0 0 0 0 ...
 $ RaceHorse.IsHit2                 : int  0 0 0 0 0 0 0 0 1 0 ...
 $ RaceHorse.IsHit3                 : int  0 0 0 1 0 0 0 0 0 0 ...
 $ RaceHorse.IsHit4                 : int  0 0 0 0 0 0 0 0 0 0 ...
 $ RaceHorse.IsHit5                 : int  0 0 0 0 1 0 0 0 0 0 ...
 $ RaceHorse.IsHit6                 : int  1 1 1 0 0 1 1 1 0 1 ...
 $ RaceHorse.IsValidRaceHorse       : logi  TRUE TRUE TRUE TRUE TRUE TRUE ...
 $ RaceHorse.IsHitA                 : int  0 0 0 0 0 0 0 0 0 0 ...
 $ RaceHorse.IsHitB                 : int  0 0 0 0 0 0 0 0 1 0 ...
 $ RaceHorse.IsHitC                 : int  0 0 0 1 0 0 0 0 1 0 ...
 $ OddsByWin.Odds1                  : num  6.2 29.6 21.8 2.9 25.7 ...
 $ OddsByWin.Ninki                  : num  3 9 6 1 8 13 7 12 2 11 ...
 $ OddsByWin.OddsLog1               : num  1.97 3.42 3.13 1.36 3.28 ...
 $ OddsByWin.OddsRatio1             : num  0.1923 0.035 0.0481 0.5263 0.0405 ...
 $ OddsByWin.OddsLogit1             : num  -1.82 -3.39 -3.08 -1.06 -3.25 ...
 $ OddsByWin.ApprovalRate1          : num  0.1613 0.0338 0.0459 0.3448 0.0389 ...
 $ OddsByWin.ApprovalRateLog1       : num  0.1495 0.0332 0.0449 0.2963 0.0382 ...
 $ EOF                              : int  1 1 1 1 1 1 1 1 1 1 ...
[1] "2022-02-19 09:35:12 --- RxSqlServerData Finish ---"
[1] "2022-02-19 09:35:12 --- subset Start ---"
[1] "--------------------------------------------------------------------------------"
[1] "nrow(data) subset before=5319"
[1] "nrow(data) subset after =5319"
[1] "nrow(data) subset diff =0"
[1] "--------------------------------------------------------------------------------"
[1] "2022-02-19 09:35:12 --- subset Finish---"
[1] "2022-02-19 09:35:12 --- transform Start ---"
[1] "--------------------------------------------------------------------------------"
[1] "nrow(data) transform before=5319"
[1] "nrow(data) transform after=5319"
[1] "nrow(data) transform diff=0"
[1] "--------------------------------------------------------------------------------"
[1] "str(data)="
'data.frame':	5319 obs. of  35 variables:
 $ Race.RaceId                      : Factor w/ 419 levels "20160110-06-01-03-04",..: 1 1 1 1 1 1 1 1 1 1 ...
 $ Race.IsPredictedRace             : logi  TRUE TRUE TRUE TRUE TRUE TRUE ...
 $ Race.IsAnalyzeNormalPastAndFuture: logi  TRUE TRUE TRUE TRUE TRUE TRUE ...
 $ Race.IsAnalyzeNormalPast         : logi  TRUE TRUE TRUE TRUE TRUE TRUE ...
 $ Race.IsAnalyzeNormalFuture       : logi  FALSE FALSE FALSE FALSE FALSE FALSE ...
 $ Race.IsAnalyzeFullPastAndFuture  : logi  TRUE TRUE TRUE TRUE TRUE TRUE ...
 $ Race.IsAnalyzeFullPast           : logi  TRUE TRUE TRUE TRUE TRUE TRUE ...
 $ Race.IsAnalyzeFullFuture         : logi  FALSE FALSE FALSE FALSE FALSE FALSE ...
 $ Race.JyokenCd                    : Factor w/ 1 level "5": 1 1 1 1 1 1 1 1 1 1 ...
 $ Race.JyoType1Cd                  : Factor w/ 34 levels "3-06-2880-1",..: 1 1 1 1 1 1 1 1 1 1 ...
 $ Race.RaceType0Cd                 : Factor w/ 47 levels "3-06-2880-1-5-X-19",..: 1 1 1 1 1 1 1 1 1 1 ...
 $ Race.RaceType1Cd                 : Factor w/ 1 level "3-5-X": 1 1 1 1 1 1 1 1 1 1 ...
 $ Race.RaceType2Cd                 : Factor w/ 1 level "3-5-X": 1 1 1 1 1 1 1 1 1 1 ...
 $ Race.RaceType3Cd                 : Factor w/ 2 levels "5-X-19","5-X-18": 1 1 1 1 1 1 1 1 1 1 ...
 $ Race.RaceType4Cd                 : Factor w/ 2 levels "3-5-19","3-5-18": 1 1 1 1 1 1 1 1 1 1 ...
 $ RaceHorse.RaceId                 : Factor w/ 419 levels "20160110-06-01-03-04",..: 1 1 1 1 1 1 1 1 1 1 ...
 $ RaceHorse.KettoNum               : Factor w/ 1605 levels "2005105204","2012105021",..: 1 2 3 4 5 6 7 8 9 10 ...
 $ RaceHorse.IsHit1                 : int  0 0 0 0 0 0 0 0 0 0 ...
 $ RaceHorse.IsHit2                 : int  0 0 0 0 0 0 0 0 1 0 ...
 $ RaceHorse.IsHit3                 : int  0 0 0 1 0 0 0 0 0 0 ...
 $ RaceHorse.IsHit4                 : int  0 0 0 0 0 0 0 0 0 0 ...
 $ RaceHorse.IsHit5                 : int  0 0 0 0 1 0 0 0 0 0 ...
 $ RaceHorse.IsHit6                 : int  1 1 1 0 0 1 1 1 0 1 ...
 $ RaceHorse.IsValidRaceHorse       : logi  TRUE TRUE TRUE TRUE TRUE TRUE ...
 $ RaceHorse.IsHitA                 : int  0 0 0 0 0 0 0 0 0 0 ...
 $ RaceHorse.IsHitB                 : int  0 0 0 0 0 0 0 0 1 0 ...
 $ RaceHorse.IsHitC                 : int  0 0 0 1 0 0 0 0 1 0 ...
 $ OddsByWin.Odds1                  : num  6.2 29.6 21.8 2.9 25.7 ...
 $ OddsByWin.Ninki                  : num  3 9 6 1 8 13 7 12 2 11 ...
 $ OddsByWin.OddsLog1               : num  1.97 3.42 3.13 1.36 3.28 ...
 $ OddsByWin.OddsRatio1             : num  0.1923 0.035 0.0481 0.5263 0.0405 ...
 $ OddsByWin.OddsLogit1             : num  -1.82 -3.39 -3.08 -1.06 -3.25 ...
 $ OddsByWin.ApprovalRate1          : num  0.1613 0.0338 0.0459 0.3448 0.0389 ...
 $ OddsByWin.ApprovalRateLog1       : num  0.1495 0.0332 0.0449 0.2963 0.0382 ...
 $ EOF                              : int  1 1 1 1 1 1 1 1 1 1 ...
NULL
[1] "2022-02-19 09:35:12 --- transform Finish ---"
[1] "2022-02-19 09:35:12 --- na.omit Start ---"
[1] "--------------------------------------------------------------------------------"
[1] "nrow(data) na.omit before=5319"
[1] "nrow(data) na.omit after =5310"
[1] "nrow(data) na.omit diff =9"
[1] "--------------------------------------------------------------------------------"
'data.frame':	5310 obs. of  35 variables:
 $ Race.RaceId                      : Factor w/ 419 levels "20160110-06-01-03-04",..: 1 1 1 1 1 1 1 1 1 1 ...
 $ Race.IsPredictedRace             : logi  TRUE TRUE TRUE TRUE TRUE TRUE ...
 $ Race.IsAnalyzeNormalPastAndFuture: logi  TRUE TRUE TRUE TRUE TRUE TRUE ...
 $ Race.IsAnalyzeNormalPast         : logi  TRUE TRUE TRUE TRUE TRUE TRUE ...
 $ Race.IsAnalyzeNormalFuture       : logi  FALSE FALSE FALSE FALSE FALSE FALSE ...
 $ Race.IsAnalyzeFullPastAndFuture  : logi  TRUE TRUE TRUE TRUE TRUE TRUE ...
 $ Race.IsAnalyzeFullPast           : logi  TRUE TRUE TRUE TRUE TRUE TRUE ...
 $ Race.IsAnalyzeFullFuture         : logi  FALSE FALSE FALSE FALSE FALSE FALSE ...
 $ Race.JyokenCd                    : Factor w/ 1 level "5": 1 1 1 1 1 1 1 1 1 1 ...
 $ Race.JyoType1Cd                  : Factor w/ 34 levels "3-06-2880-1",..: 1 1 1 1 1 1 1 1 1 1 ...
 $ Race.RaceType0Cd                 : Factor w/ 47 levels "3-06-2880-1-5-X-19",..: 1 1 1 1 1 1 1 1 1 1 ...
 $ Race.RaceType1Cd                 : Factor w/ 1 level "3-5-X": 1 1 1 1 1 1 1 1 1 1 ...
 $ Race.RaceType2Cd                 : Factor w/ 1 level "3-5-X": 1 1 1 1 1 1 1 1 1 1 ...
 $ Race.RaceType3Cd                 : Factor w/ 2 levels "5-X-19","5-X-18": 1 1 1 1 1 1 1 1 1 1 ...
 $ Race.RaceType4Cd                 : Factor w/ 2 levels "3-5-19","3-5-18": 1 1 1 1 1 1 1 1 1 1 ...
 $ RaceHorse.RaceId                 : Factor w/ 419 levels "20160110-06-01-03-04",..: 1 1 1 1 1 1 1 1 1 1 ...
 $ RaceHorse.KettoNum               : Factor w/ 1605 levels "2005105204","2012105021",..: 1 2 3 4 5 6 7 8 9 10 ...
 $ RaceHorse.IsHit1                 : int  0 0 0 0 0 0 0 0 0 0 ...
 $ RaceHorse.IsHit2                 : int  0 0 0 0 0 0 0 0 1 0 ...
 $ RaceHorse.IsHit3                 : int  0 0 0 1 0 0 0 0 0 0 ...
 $ RaceHorse.IsHit4                 : int  0 0 0 0 0 0 0 0 0 0 ...
 $ RaceHorse.IsHit5                 : int  0 0 0 0 1 0 0 0 0 0 ...
 $ RaceHorse.IsHit6                 : int  1 1 1 0 0 1 1 1 0 1 ...
 $ RaceHorse.IsValidRaceHorse       : logi  TRUE TRUE TRUE TRUE TRUE TRUE ...
 $ RaceHorse.IsHitA                 : int  0 0 0 0 0 0 0 0 0 0 ...
 $ RaceHorse.IsHitB                 : int  0 0 0 0 0 0 0 0 1 0 ...
 $ RaceHorse.IsHitC                 : int  0 0 0 1 0 0 0 0 1 0 ...
 $ OddsByWin.Odds1                  : num  6.2 29.6 21.8 2.9 25.7 ...
 $ OddsByWin.Ninki                  : num  3 9 6 1 8 13 7 12 2 11 ...
 $ OddsByWin.OddsLog1               : num  1.97 3.42 3.13 1.36 3.28 ...
 $ OddsByWin.OddsRatio1             : num  0.1923 0.035 0.0481 0.5263 0.0405 ...
 $ OddsByWin.OddsLogit1             : num  -1.82 -3.39 -3.08 -1.06 -3.25 ...
 $ OddsByWin.ApprovalRate1          : num  0.1613 0.0338 0.0459 0.3448 0.0389 ...
 $ OddsByWin.ApprovalRateLog1       : num  0.1495 0.0332 0.0449 0.2963 0.0382 ...
 $ EOF                              : int  1 1 1 1 1 1 1 1 1 1 ...
 - attr(*, "na.action")= 'omit' Named int  96 137 422 457 507 1199 2023 3696 3701
  ..- attr(*, "names")= chr  "96" "137" "422" "457" ...
[1] "2022-02-19 09:35:12 --- na.omit Finish ---"
[1] "2022-02-19 09:35:12 --- rxGlm with rxStepControl Start ---"

> print(paste0(Sys.time(), " --- source_logic_glm.R Start ---"))
[1] "2022-02-19 09:35:12 --- source_logic_glm.R Start ---"

> formula <- formula(RaceHorse.IsHitA ~ +1 + OddsByWin.OddsLogit1)

> print(paste0(Sys.time(), " --- source_logic_glm.R Finished ---"))
[1] "2022-02-19 09:35:12 --- source_logic_glm.R Finished ---"
Rows Read: 5310, Total Rows Processed: 5310, Total Chunk Time: 0.001 seconds 

Starting values (iteration 1) time: 0.009 secs.
Rows Read: 5310, Total Rows Processed: 5310, Total Chunk Time: 0.002 seconds 

Iteration 2 time: 0.006 secs.
Rows Read: 5310, Total Rows Processed: 5310, Total Chunk Time: Less than .001 seconds 

Iteration 3 time: 0.005 secs.
Rows Read: 5310, Total Rows Processed: 5310, Total Chunk Time: 0.001 seconds 

Iteration 4 time: 0.005 secs.
Rows Read: 5310, Total Rows Processed: 5310, Total Chunk Time: 0.001 seconds 

Iteration 5 time: 0.004 secs.
Rows Read: 5310, Total Rows Processed: 5310, Total Chunk Time: 0.002 seconds 

Iteration 6 time: 0.008 secs.

Elapsed computation time: 0.068 secs.
Rows Read: 5310, Total Rows Processed: 5310, Total Chunk Time: Less than .001 seconds 

Starting values (iteration 1) time: 0.011 secs.
Rows Read: 5310, Total Rows Processed: 5310, Total Chunk Time: 0.001 seconds 

Iteration 2 time: 0.010 secs.

Elapsed computation time: 0.037 secs.
Rows Read: 5310, Total Rows Processed: 5310, Total Chunk Time: 0.001 seconds 

Starting values (iteration 1) time: 0.005 secs.
Rows Read: 5310, Total Rows Processed: 5310, Total Chunk Time: Less than .001 seconds 

Iteration 2 time: 0.007 secs.
Rows Read: 5310, Total Rows Processed: 5310, Total Chunk Time: Less than .001 seconds 

Iteration 3 time: 0.007 secs.
Rows Read: 5310, Total Rows Processed: 5310, Total Chunk Time: 0.001 seconds 

Iteration 4 time: 0.008 secs.
Rows Read: 5310, Total Rows Processed: 5310, Total Chunk Time: 0.002 seconds 

Iteration 5 time: 0.005 secs.
Rows Read: 5310, Total Rows Processed: 5310, Total Chunk Time: 0.002 seconds 

Iteration 6 time: 0.004 secs.

Elapsed computation time: 0.071 secs.

Elapsed computation time: 0.195 secs.
[1] "--------------------------------------------------------------------------------"
[1] "analyze.results.glm.step="
Logistic Regression Results for: RaceHorse.IsHitA ~
    OddsByWin.OddsLogit1
Data: data
Dependent variable(s): RaceHorse.IsHitA
Total independent variables: 2 
Number of valid observations: 5310
Number of missing observations: 0 
 
Coefficients:
                     RaceHorse.IsHitA
(Intercept)                       0.3
OddsByWin.OddsLogit1              1.2
[1] "analyze.results.glm.step.summary"
Call:
rxLogit(formula = formula, data = data, variableSelection = analyze.results.glm.step.varsel)

Logistic Regression Results for: RaceHorse.IsHitA ~
    OddsByWin.OddsLogit1
Data: data
Dependent variable(s): RaceHorse.IsHitA
Total independent variables: 2 
Number of valid observations: 5310
Number of missing observations: 0 
-2*LogLikelihood: 2329.024 (Residual deviance on 5308 degrees of freedom)
 
Coefficients:
                     Estimate Std. Error z value Pr(>|z|)    
(Intercept)            0.3295     0.1212    2.72   0.0066 ** 
OddsByWin.OddsLogit1   1.1945     0.0605   19.74  2.2e-16 ***
---
Signif. codes:  0 '***' 0.001 '**' 0.01 '*' 0.05 '.' 0.1 ' ' 1

Condition number of final variance-covariance matrix: 1 
Number of iterations: 6
[1] "--------------------------------------------------------------------------------"
[1] "2022-02-19 09:35:13 --- rxGlm with rxStepControl Finish ---"
[1] "2022-02-19 09:35:13 --- rxStepPlot Start ---"
[1] "pdfFilename=pdf_analyze_glm_Odds_Type35_rxStepPlot.pdf"
[1] "rxStepPlot="
[1] "2022-02-19 09:35:13 --- rxStepPlot Finish ---"
[1] "2022-02-19 09:35:13 --- save.image Start ---"
[1] "save.image"
[1] "rdataFilename=RData_analyze_glm_Odds_Type35.RData"
[1] "2022-02-19 09:35:13 --- save.image Finish ---"
[1] "2022-02-19 09:35:13 --- final Start ---"
[1] "--------------------------------------------------------------------------------"
[1] "nrow(data) final=5310"
[1] "--------------------------------------------------------------------------------"
[1] "2022-02-19 09:35:13 --- final Finish ---"
[1] "2022-02-19 09:35:13 --- analyze_glm.R Finished ---"
[1] "2022-02-19 09:35:13 --- log Finish ---"
