[1] "2022-02-19 09:28:43 --- D1115_analyze_glm_DataMiningTaisen_IsHitA_Type11 Start ---"
[1] "2022-02-19 09:28:43 --- Log Start ---"
[1] "2022-02-19 09:28:43 --- analyze_glm.R Start ---"
[1] "analyzeVersion=D1115"
[1] "analyzeCategory=analyze"
[1] "analyzeType=DataMiningTaisen"
[1] "analyzeFamily=IsHitA"
[1] "analyzeFunc=glm"
[1] "analyzeTrackTypeCd=1"
[1] "analyzeJyokenCd=1"
[1] "2022-02-19 09:28:43 --- source_function.R Start ---"
[1] "2022-02-19 09:28:43 --- source_function.R Finished ---"

> print(paste0(Sys.time(), " --- source_library.R Start ---"))
[1] "2022-02-19 09:28:43 --- source_library.R Start ---"

> require("RevoScaleR")

> print(paste0(Sys.time(), " --- source_library.R Finished ---"))
[1] "2022-02-19 09:28:44 --- source_library.R Finished ---"
[1] "2022-02-19 09:28:44 --- RxSqlServerData Start ---"
[1] "2022-02-19 09:28:44 --- RxInSqlServer Start ---"
[1] "2022-02-19 09:28:44 --- RxInSqlServer Finish ---"
[1] "2022-02-19 09:28:44 --- rxSetComputeContext Start ---"
[1] "2022-02-19 09:28:44 --- rxSetComputeContext Finish ---"
[1] "2022-02-19 09:28:44 --- RxSqlServerData Start ---"
[1] "sqlQuery=SELECT * FROM ViewAnalyzeD1115analyze01DataMiningTaisenType11"
[1] "2022-02-19 09:28:44 --- RxSqlServerData Finish ---"
[1] "2022-02-19 09:28:44 --- rxGetVarInfo Start ---"
[1] "2022-02-19 09:28:44 --- rxGetVarInfo Finish---"
[1] "2022-02-19 09:28:44 --- rxImport Start ---"
Rows Read: 12852, Total Rows Processed: 12852, Total Chunk Time: 0.561 seconds 
[1] "2022-02-19 09:28:46 --- rxImport Finish ---"
[1] "object.size(data) auto=1.9 Mb"
[1] "--------------------------------------------------------------------------------"
[1] "nrow(data) RxSqlServerData=12852"
[1] "--------------------------------------------------------------------------------"
[1] "str(data)="
'data.frame':	12852 obs. of  29 variables:
 $ Race.RaceId                      : Factor w/ 928 levels "20160327-07-02-06-11",..: 8 9 9 10 10 11 11 12 12 13 ...
 $ Race.IsPredictedRace             : logi  TRUE TRUE TRUE TRUE TRUE TRUE ...
 $ Race.IsAnalyzeNormalPastAndFuture: logi  TRUE TRUE TRUE TRUE TRUE TRUE ...
 $ Race.IsAnalyzeNormalPast         : logi  TRUE TRUE TRUE TRUE TRUE TRUE ...
 $ Race.IsAnalyzeNormalFuture       : logi  FALSE FALSE FALSE FALSE FALSE FALSE ...
 $ Race.IsAnalyzeFullPastAndFuture  : logi  TRUE TRUE TRUE TRUE TRUE TRUE ...
 $ Race.IsAnalyzeFullPast           : logi  TRUE TRUE TRUE TRUE TRUE TRUE ...
 $ Race.IsAnalyzeFullFuture         : logi  FALSE FALSE FALSE FALSE FALSE FALSE ...
 $ Race.JyokenCd                    : Factor w/ 1 level "1": 1 1 1 1 1 1 1 1 1 1 ...
 $ Race.JyoType1Cd                  : Factor w/ 141 levels "1-07-1200-1",..: 7 8 8 9 9 10 10 11 11 12 ...
 $ Race.RaceType0Cd                 : Factor w/ 373 levels "1-07-1200-1-1-A-14",..: 8 9 9 10 10 11 11 12 12 13 ...
 $ Race.RaceType1Cd                 : Factor w/ 6 levels "1-1-A","1-1-C",..: 4 1 1 4 4 3 3 2 2 1 ...
 $ Race.RaceType2Cd                 : Factor w/ 6 levels "1-1-A","1-1-C",..: 4 1 1 4 4 3 3 2 2 1 ...
 $ Race.RaceType3Cd                 : Factor w/ 22 levels "1-A-14","1-C-14",..: 6 1 1 6 6 4 4 2 2 7 ...
 $ Race.RaceType4Cd                 : Factor w/ 4 levels "1-1-14","1-1-12",..: 2 1 1 2 2 2 2 1 1 2 ...
 $ RaceHorse.RaceId                 : Factor w/ 928 levels "20160327-07-02-06-11",..: 8 9 9 10 10 11 11 12 12 13 ...
 $ RaceHorse.KettoNum               : Factor w/ 3103 levels "2010104042","2011104063",..: 11 12 13 14 15 16 17 18 19 20 ...
 $ RaceHorse.IsHit1                 : int  0 0 0 1 0 0 0 0 0 0 ...
 $ RaceHorse.IsHit2                 : int  0 1 0 0 0 0 0 0 0 0 ...
 $ RaceHorse.IsHit3                 : int  0 0 0 0 0 0 0 0 0 0 ...
 $ RaceHorse.IsHit4                 : int  0 0 0 0 0 0 1 0 0 0 ...
 $ RaceHorse.IsHit5                 : int  0 0 0 0 0 0 0 0 0 0 ...
 $ RaceHorse.IsHit6                 : int  1 0 1 0 1 1 0 1 1 1 ...
 $ RaceHorse.IsValidRaceHorse       : logi  TRUE TRUE TRUE TRUE TRUE TRUE ...
 $ RaceHorse.IsHitA                 : int  0 0 0 1 0 0 0 0 0 0 ...
 $ RaceHorse.IsHitB                 : int  0 1 0 1 0 0 0 0 0 0 ...
 $ RaceHorse.IsHitC                 : int  0 1 0 1 0 0 0 0 0 0 ...
 $ DataMiningTaisen.TmScoreSdv      : num  -1.258 -1.0558 0.0898 0.404 -1.9168 ...
 $ EOF                              : int  1 1 1 1 1 1 1 1 1 1 ...
[1] "2022-02-19 09:28:47 --- RxSqlServerData Finish ---"
[1] "2022-02-19 09:28:47 --- subset Start ---"
[1] "--------------------------------------------------------------------------------"
[1] "nrow(data) subset before=12852"
[1] "nrow(data) subset after =12852"
[1] "nrow(data) subset diff =0"
[1] "--------------------------------------------------------------------------------"
[1] "2022-02-19 09:28:47 --- subset Finish---"
[1] "2022-02-19 09:28:47 --- transform Start ---"
[1] "--------------------------------------------------------------------------------"
[1] "nrow(data) transform before=12852"
[1] "nrow(data) transform after=12852"
[1] "nrow(data) transform diff=0"
[1] "--------------------------------------------------------------------------------"
[1] "str(data)="
'data.frame':	12852 obs. of  29 variables:
 $ Race.RaceId                      : Factor w/ 928 levels "20160327-07-02-06-11",..: 8 9 9 10 10 11 11 12 12 13 ...
 $ Race.IsPredictedRace             : logi  TRUE TRUE TRUE TRUE TRUE TRUE ...
 $ Race.IsAnalyzeNormalPastAndFuture: logi  TRUE TRUE TRUE TRUE TRUE TRUE ...
 $ Race.IsAnalyzeNormalPast         : logi  TRUE TRUE TRUE TRUE TRUE TRUE ...
 $ Race.IsAnalyzeNormalFuture       : logi  FALSE FALSE FALSE FALSE FALSE FALSE ...
 $ Race.IsAnalyzeFullPastAndFuture  : logi  TRUE TRUE TRUE TRUE TRUE TRUE ...
 $ Race.IsAnalyzeFullPast           : logi  TRUE TRUE TRUE TRUE TRUE TRUE ...
 $ Race.IsAnalyzeFullFuture         : logi  FALSE FALSE FALSE FALSE FALSE FALSE ...
 $ Race.JyokenCd                    : Factor w/ 1 level "1": 1 1 1 1 1 1 1 1 1 1 ...
 $ Race.JyoType1Cd                  : Factor w/ 141 levels "1-07-1200-1",..: 7 8 8 9 9 10 10 11 11 12 ...
 $ Race.RaceType0Cd                 : Factor w/ 373 levels "1-07-1200-1-1-A-14",..: 8 9 9 10 10 11 11 12 12 13 ...
 $ Race.RaceType1Cd                 : Factor w/ 6 levels "1-1-A","1-1-C",..: 4 1 1 4 4 3 3 2 2 1 ...
 $ Race.RaceType2Cd                 : Factor w/ 6 levels "1-1-A","1-1-C",..: 4 1 1 4 4 3 3 2 2 1 ...
 $ Race.RaceType3Cd                 : Factor w/ 22 levels "1-A-14","1-C-14",..: 6 1 1 6 6 4 4 2 2 7 ...
 $ Race.RaceType4Cd                 : Factor w/ 4 levels "1-1-14","1-1-12",..: 2 1 1 2 2 2 2 1 1 2 ...
 $ RaceHorse.RaceId                 : Factor w/ 928 levels "20160327-07-02-06-11",..: 8 9 9 10 10 11 11 12 12 13 ...
 $ RaceHorse.KettoNum               : Factor w/ 3103 levels "2010104042","2011104063",..: 11 12 13 14 15 16 17 18 19 20 ...
 $ RaceHorse.IsHit1                 : int  0 0 0 1 0 0 0 0 0 0 ...
 $ RaceHorse.IsHit2                 : int  0 1 0 0 0 0 0 0 0 0 ...
 $ RaceHorse.IsHit3                 : int  0 0 0 0 0 0 0 0 0 0 ...
 $ RaceHorse.IsHit4                 : int  0 0 0 0 0 0 1 0 0 0 ...
 $ RaceHorse.IsHit5                 : int  0 0 0 0 0 0 0 0 0 0 ...
 $ RaceHorse.IsHit6                 : int  1 0 1 0 1 1 0 1 1 1 ...
 $ RaceHorse.IsValidRaceHorse       : logi  TRUE TRUE TRUE TRUE TRUE TRUE ...
 $ RaceHorse.IsHitA                 : int  0 0 0 1 0 0 0 0 0 0 ...
 $ RaceHorse.IsHitB                 : int  0 1 0 1 0 0 0 0 0 0 ...
 $ RaceHorse.IsHitC                 : int  0 1 0 1 0 0 0 0 0 0 ...
 $ DataMiningTaisen.TmScoreSdv      : num  -1.258 -1.0558 0.0898 0.404 -1.9168 ...
 $ EOF                              : int  1 1 1 1 1 1 1 1 1 1 ...
NULL
[1] "2022-02-19 09:28:47 --- transform Finish ---"
[1] "2022-02-19 09:28:47 --- na.omit Start ---"
[1] "--------------------------------------------------------------------------------"
[1] "nrow(data) na.omit before=12852"
[1] "nrow(data) na.omit after =12852"
[1] "nrow(data) na.omit diff =0"
[1] "--------------------------------------------------------------------------------"
'data.frame':	12852 obs. of  29 variables:
 $ Race.RaceId                      : Factor w/ 928 levels "20160327-07-02-06-11",..: 8 9 9 10 10 11 11 12 12 13 ...
 $ Race.IsPredictedRace             : logi  TRUE TRUE TRUE TRUE TRUE TRUE ...
 $ Race.IsAnalyzeNormalPastAndFuture: logi  TRUE TRUE TRUE TRUE TRUE TRUE ...
 $ Race.IsAnalyzeNormalPast         : logi  TRUE TRUE TRUE TRUE TRUE TRUE ...
 $ Race.IsAnalyzeNormalFuture       : logi  FALSE FALSE FALSE FALSE FALSE FALSE ...
 $ Race.IsAnalyzeFullPastAndFuture  : logi  TRUE TRUE TRUE TRUE TRUE TRUE ...
 $ Race.IsAnalyzeFullPast           : logi  TRUE TRUE TRUE TRUE TRUE TRUE ...
 $ Race.IsAnalyzeFullFuture         : logi  FALSE FALSE FALSE FALSE FALSE FALSE ...
 $ Race.JyokenCd                    : Factor w/ 1 level "1": 1 1 1 1 1 1 1 1 1 1 ...
 $ Race.JyoType1Cd                  : Factor w/ 141 levels "1-07-1200-1",..: 7 8 8 9 9 10 10 11 11 12 ...
 $ Race.RaceType0Cd                 : Factor w/ 373 levels "1-07-1200-1-1-A-14",..: 8 9 9 10 10 11 11 12 12 13 ...
 $ Race.RaceType1Cd                 : Factor w/ 6 levels "1-1-A","1-1-C",..: 4 1 1 4 4 3 3 2 2 1 ...
 $ Race.RaceType2Cd                 : Factor w/ 6 levels "1-1-A","1-1-C",..: 4 1 1 4 4 3 3 2 2 1 ...
 $ Race.RaceType3Cd                 : Factor w/ 22 levels "1-A-14","1-C-14",..: 6 1 1 6 6 4 4 2 2 7 ...
 $ Race.RaceType4Cd                 : Factor w/ 4 levels "1-1-14","1-1-12",..: 2 1 1 2 2 2 2 1 1 2 ...
 $ RaceHorse.RaceId                 : Factor w/ 928 levels "20160327-07-02-06-11",..: 8 9 9 10 10 11 11 12 12 13 ...
 $ RaceHorse.KettoNum               : Factor w/ 3103 levels "2010104042","2011104063",..: 11 12 13 14 15 16 17 18 19 20 ...
 $ RaceHorse.IsHit1                 : int  0 0 0 1 0 0 0 0 0 0 ...
 $ RaceHorse.IsHit2                 : int  0 1 0 0 0 0 0 0 0 0 ...
 $ RaceHorse.IsHit3                 : int  0 0 0 0 0 0 0 0 0 0 ...
 $ RaceHorse.IsHit4                 : int  0 0 0 0 0 0 1 0 0 0 ...
 $ RaceHorse.IsHit5                 : int  0 0 0 0 0 0 0 0 0 0 ...
 $ RaceHorse.IsHit6                 : int  1 0 1 0 1 1 0 1 1 1 ...
 $ RaceHorse.IsValidRaceHorse       : logi  TRUE TRUE TRUE TRUE TRUE TRUE ...
 $ RaceHorse.IsHitA                 : int  0 0 0 1 0 0 0 0 0 0 ...
 $ RaceHorse.IsHitB                 : int  0 1 0 1 0 0 0 0 0 0 ...
 $ RaceHorse.IsHitC                 : int  0 1 0 1 0 0 0 0 0 0 ...
 $ DataMiningTaisen.TmScoreSdv      : num  -1.258 -1.0558 0.0898 0.404 -1.9168 ...
 $ EOF                              : int  1 1 1 1 1 1 1 1 1 1 ...
[1] "2022-02-19 09:28:48 --- na.omit Finish ---"
[1] "2022-02-19 09:28:48 --- rxGlm with rxStepControl Start ---"

> print(paste0(Sys.time(), " --- source_logic_glm.R Start ---"))
[1] "2022-02-19 09:28:48 --- source_logic_glm.R Start ---"

> formula <- formula(RaceHorse.IsHitA ~ +1 + DataMiningTaisen.TmScoreSdv)

> print(paste0(Sys.time(), " --- source_logic_glm.R Finished ---"))
[1] "2022-02-19 09:28:48 --- source_logic_glm.R Finished ---"
Rows Read: 12852, Total Rows Processed: 12852, Total Chunk Time: Less than .001 seconds 

Starting values (iteration 1) time: 0.011 secs.
Rows Read: 12852, Total Rows Processed: 12852, Total Chunk Time: 0.002 seconds 

Iteration 2 time: 0.016 secs.
Rows Read: 12852, Total Rows Processed: 12852, Total Chunk Time: 0.001 seconds 

Iteration 3 time: 0.022 secs.
Rows Read: 12852, Total Rows Processed: 12852, Total Chunk Time: 0.002 seconds 

Iteration 4 time: 0.017 secs.
Rows Read: 12852, Total Rows Processed: 12852, Total Chunk Time: 0.002 seconds 

Iteration 5 time: 0.017 secs.

Elapsed computation time: 0.137 secs.
Rows Read: 12852, Total Rows Processed: 12852, Total Chunk Time: 0.001 seconds 

Starting values (iteration 1) time: 0.018 secs.
Rows Read: 12852, Total Rows Processed: 12852, Total Chunk Time: Less than .001 seconds 

Iteration 2 time: 0.017 secs.

Elapsed computation time: 0.059 secs.
Rows Read: 12852, Total Rows Processed: 12852, Total Chunk Time: 0.002 seconds 

Starting values (iteration 1) time: 0.011 secs.
Rows Read: 12852, Total Rows Processed: 12852, Total Chunk Time: 0.002 seconds 

Iteration 2 time: 0.014 secs.
Rows Read: 12852, Total Rows Processed: 12852, Total Chunk Time: 0.001 seconds 

Iteration 3 time: 0.019 secs.
Rows Read: 12852, Total Rows Processed: 12852, Total Chunk Time: 0.001 seconds 

Iteration 4 time: 0.015 secs.
Rows Read: 12852, Total Rows Processed: 12852, Total Chunk Time: 0.001 seconds 

Iteration 5 time: 0.017 secs.

Elapsed computation time: 0.129 secs.

Elapsed computation time: 0.374 secs.
[1] "--------------------------------------------------------------------------------"
[1] "analyze.results.glm.step="
Logistic Regression Results for: RaceHorse.IsHitA ~
    DataMiningTaisen.TmScoreSdv
Data: data
Dependent variable(s): RaceHorse.IsHitA
Total independent variables: 2 
Number of valid observations: 12852
Number of missing observations: 0 
 
Coefficients:
                            RaceHorse.IsHitA
(Intercept)                               -3
DataMiningTaisen.TmScoreSdv                1
[1] "analyze.results.glm.step.summary"
Call:
rxLogit(formula = formula, data = data, variableSelection = analyze.results.glm.step.varsel)

Logistic Regression Results for: RaceHorse.IsHitA ~
    DataMiningTaisen.TmScoreSdv
Data: data
Dependent variable(s): RaceHorse.IsHitA
Total independent variables: 2 
Number of valid observations: 12852
Number of missing observations: 0 
-2*LogLikelihood: 6071.461 (Residual deviance on 12850 degrees of freedom)
 
Coefficients:
                            Estimate Std. Error z value Pr(>|z|)    
(Intercept)                  -2.9061     0.0458   -63.4  2.2e-16 ***
DataMiningTaisen.TmScoreSdv   0.9644     0.0439    21.9  2.2e-16 ***
---
Signif. codes:  0 '***' 0.001 '**' 0.01 '*' 0.05 '.' 0.1 ' ' 1

Condition number of final variance-covariance matrix: 1 
Number of iterations: 5
[1] "--------------------------------------------------------------------------------"
[1] "2022-02-19 09:28:49 --- rxGlm with rxStepControl Finish ---"
[1] "2022-02-19 09:28:49 --- rxStepPlot Start ---"
[1] "pdfFilename=pdf_analyze_glm_DataMiningTaisen_Type11_rxStepPlot.pdf"
[1] "rxStepPlot="
[1] "2022-02-19 09:28:49 --- rxStepPlot Finish ---"
[1] "2022-02-19 09:28:49 --- save.image Start ---"
[1] "save.image"
[1] "rdataFilename=RData_analyze_glm_DataMiningTaisen_Type11.RData"
[1] "2022-02-19 09:28:49 --- save.image Finish ---"
[1] "2022-02-19 09:28:49 --- final Start ---"
[1] "--------------------------------------------------------------------------------"
[1] "nrow(data) final=12852"
[1] "--------------------------------------------------------------------------------"
[1] "2022-02-19 09:28:49 --- final Finish ---"
[1] "2022-02-19 09:28:49 --- analyze_glm.R Finished ---"
[1] "2022-02-19 09:28:49 --- log Finish ---"
