[1] "2022-02-19 09:28:44 --- D1115_analyze_glm_DataMiningTaisen_IsHitA_Type25 Start ---"
[1] "2022-02-19 09:28:44 --- Log Start ---"
[1] "2022-02-19 09:28:44 --- analyze_glm.R Start ---"
[1] "analyzeVersion=D1115"
[1] "analyzeCategory=analyze"
[1] "analyzeType=DataMiningTaisen"
[1] "analyzeFamily=IsHitA"
[1] "analyzeFunc=glm"
[1] "analyzeTrackTypeCd=2"
[1] "analyzeJyokenCd=5"
[1] "2022-02-19 09:28:44 --- source_function.R Start ---"
[1] "2022-02-19 09:28:44 --- source_function.R Finished ---"

> print(paste0(Sys.time(), " --- source_library.R Start ---"))
[1] "2022-02-19 09:28:44 --- source_library.R Start ---"

> require("RevoScaleR")

> print(paste0(Sys.time(), " --- source_library.R Finished ---"))
[1] "2022-02-19 09:28:45 --- source_library.R Finished ---"
[1] "2022-02-19 09:28:45 --- RxSqlServerData Start ---"
[1] "2022-02-19 09:28:45 --- RxInSqlServer Start ---"
[1] "2022-02-19 09:28:45 --- RxInSqlServer Finish ---"
[1] "2022-02-19 09:28:45 --- rxSetComputeContext Start ---"
[1] "2022-02-19 09:28:45 --- rxSetComputeContext Finish ---"
[1] "2022-02-19 09:28:45 --- RxSqlServerData Start ---"
[1] "sqlQuery=SELECT * FROM ViewAnalyzeD1115analyze01DataMiningTaisenType25"
[1] "2022-02-19 09:28:45 --- RxSqlServerData Finish ---"
[1] "2022-02-19 09:28:45 --- rxGetVarInfo Start ---"
[1] "2022-02-19 09:28:45 --- rxGetVarInfo Finish---"
[1] "2022-02-19 09:28:45 --- rxImport Start ---"
Rows Read: 48328, Total Rows Processed: 48328, Total Chunk Time: 1.131 seconds 
[1] "2022-02-19 09:28:48 --- rxImport Finish ---"
[1] "object.size(data) auto=7.3 Mb"
[1] "--------------------------------------------------------------------------------"
[1] "nrow(data) RxSqlServerData=48328"
[1] "--------------------------------------------------------------------------------"
[1] "str(data)="
'data.frame':	48328 obs. of  29 variables:
 $ Race.RaceId                      : Factor w/ 3266 levels "20160625-05-03-07-06",..: 8 8 9 9 10 11 12 13 13 14 ...
 $ Race.IsPredictedRace             : logi  TRUE TRUE TRUE TRUE TRUE TRUE ...
 $ Race.IsAnalyzeNormalPastAndFuture: logi  TRUE TRUE TRUE TRUE TRUE TRUE ...
 $ Race.IsAnalyzeNormalPast         : logi  TRUE TRUE TRUE TRUE TRUE TRUE ...
 $ Race.IsAnalyzeNormalFuture       : logi  FALSE FALSE FALSE FALSE FALSE FALSE ...
 $ Race.IsAnalyzeFullPastAndFuture  : logi  TRUE TRUE TRUE TRUE TRUE TRUE ...
 $ Race.IsAnalyzeFullPast           : logi  TRUE TRUE TRUE TRUE TRUE TRUE ...
 $ Race.IsAnalyzeFullFuture         : logi  FALSE FALSE FALSE FALSE FALSE FALSE ...
 $ Race.JyokenCd                    : Factor w/ 1 level "5": 1 1 1 1 1 1 1 1 1 1 ...
 $ Race.JyoType1Cd                  : Factor w/ 116 levels "2-05-1300-3",..: 7 7 8 8 9 10 11 12 12 13 ...
 $ Race.RaceType0Cd                 : Factor w/ 198 levels "2-05-1300-3-5-X-12",..: 7 7 8 8 9 10 11 12 12 13 ...
 $ Race.RaceType1Cd                 : Factor w/ 1 level "2-5-X": 1 1 1 1 1 1 1 1 1 1 ...
 $ Race.RaceType2Cd                 : Factor w/ 1 level "2-5-X": 1 1 1 1 1 1 1 1 1 1 ...
 $ Race.RaceType3Cd                 : Factor w/ 2 levels "5-X-12","5-X-11": 1 1 1 1 1 1 1 1 1 1 ...
 $ Race.RaceType4Cd                 : Factor w/ 2 levels "2-5-12","2-5-11": 1 1 1 1 1 1 1 1 1 1 ...
 $ RaceHorse.RaceId                 : Factor w/ 3266 levels "20160625-05-03-07-06",..: 8 8 9 9 10 11 12 13 13 14 ...
 $ RaceHorse.KettoNum               : Factor w/ 16808 levels "2013101261","2013109169",..: 11 12 13 14 15 16 17 18 19 20 ...
 $ RaceHorse.IsHit1                 : int  0 0 0 1 0 0 1 0 0 0 ...
 $ RaceHorse.IsHit2                 : int  1 0 0 0 0 0 0 0 0 0 ...
 $ RaceHorse.IsHit3                 : int  0 1 0 0 0 0 0 0 0 0 ...
 $ RaceHorse.IsHit4                 : int  0 0 0 0 0 0 0 0 0 0 ...
 $ RaceHorse.IsHit5                 : int  0 0 1 0 0 0 0 0 0 0 ...
 $ RaceHorse.IsHit6                 : int  0 0 0 0 1 1 0 1 1 1 ...
 $ RaceHorse.IsValidRaceHorse       : logi  TRUE TRUE TRUE TRUE TRUE TRUE ...
 $ RaceHorse.IsHitA                 : int  0 0 0 1 0 0 1 0 0 0 ...
 $ RaceHorse.IsHitB                 : int  1 0 0 1 0 0 1 0 0 0 ...
 $ RaceHorse.IsHitC                 : int  1 1 0 1 0 0 1 0 0 0 ...
 $ DataMiningTaisen.TmScoreSdv      : num  0.318 0.12 -0.776 1.25 -1.231 ...
 $ EOF                              : int  1 1 1 1 1 1 1 1 1 1 ...
[1] "2022-02-19 09:28:48 --- RxSqlServerData Finish ---"
[1] "2022-02-19 09:28:48 --- subset Start ---"
[1] "--------------------------------------------------------------------------------"
[1] "nrow(data) subset before=48328"
[1] "nrow(data) subset after =48328"
[1] "nrow(data) subset diff =0"
[1] "--------------------------------------------------------------------------------"
[1] "2022-02-19 09:28:48 --- subset Finish---"
[1] "2022-02-19 09:28:48 --- transform Start ---"
[1] "--------------------------------------------------------------------------------"
[1] "nrow(data) transform before=48328"
[1] "nrow(data) transform after=48328"
[1] "nrow(data) transform diff=0"
[1] "--------------------------------------------------------------------------------"
[1] "str(data)="
'data.frame':	48328 obs. of  29 variables:
 $ Race.RaceId                      : Factor w/ 3266 levels "20160625-05-03-07-06",..: 8 8 9 9 10 11 12 13 13 14 ...
 $ Race.IsPredictedRace             : logi  TRUE TRUE TRUE TRUE TRUE TRUE ...
 $ Race.IsAnalyzeNormalPastAndFuture: logi  TRUE TRUE TRUE TRUE TRUE TRUE ...
 $ Race.IsAnalyzeNormalPast         : logi  TRUE TRUE TRUE TRUE TRUE TRUE ...
 $ Race.IsAnalyzeNormalFuture       : logi  FALSE FALSE FALSE FALSE FALSE FALSE ...
 $ Race.IsAnalyzeFullPastAndFuture  : logi  TRUE TRUE TRUE TRUE TRUE TRUE ...
 $ Race.IsAnalyzeFullPast           : logi  TRUE TRUE TRUE TRUE TRUE TRUE ...
 $ Race.IsAnalyzeFullFuture         : logi  FALSE FALSE FALSE FALSE FALSE FALSE ...
 $ Race.JyokenCd                    : Factor w/ 1 level "5": 1 1 1 1 1 1 1 1 1 1 ...
 $ Race.JyoType1Cd                  : Factor w/ 116 levels "2-05-1300-3",..: 7 7 8 8 9 10 11 12 12 13 ...
 $ Race.RaceType0Cd                 : Factor w/ 198 levels "2-05-1300-3-5-X-12",..: 7 7 8 8 9 10 11 12 12 13 ...
 $ Race.RaceType1Cd                 : Factor w/ 1 level "2-5-X": 1 1 1 1 1 1 1 1 1 1 ...
 $ Race.RaceType2Cd                 : Factor w/ 1 level "2-5-X": 1 1 1 1 1 1 1 1 1 1 ...
 $ Race.RaceType3Cd                 : Factor w/ 2 levels "5-X-12","5-X-11": 1 1 1 1 1 1 1 1 1 1 ...
 $ Race.RaceType4Cd                 : Factor w/ 2 levels "2-5-12","2-5-11": 1 1 1 1 1 1 1 1 1 1 ...
 $ RaceHorse.RaceId                 : Factor w/ 3266 levels "20160625-05-03-07-06",..: 8 8 9 9 10 11 12 13 13 14 ...
 $ RaceHorse.KettoNum               : Factor w/ 16808 levels "2013101261","2013109169",..: 11 12 13 14 15 16 17 18 19 20 ...
 $ RaceHorse.IsHit1                 : int  0 0 0 1 0 0 1 0 0 0 ...
 $ RaceHorse.IsHit2                 : int  1 0 0 0 0 0 0 0 0 0 ...
 $ RaceHorse.IsHit3                 : int  0 1 0 0 0 0 0 0 0 0 ...
 $ RaceHorse.IsHit4                 : int  0 0 0 0 0 0 0 0 0 0 ...
 $ RaceHorse.IsHit5                 : int  0 0 1 0 0 0 0 0 0 0 ...
 $ RaceHorse.IsHit6                 : int  0 0 0 0 1 1 0 1 1 1 ...
 $ RaceHorse.IsValidRaceHorse       : logi  TRUE TRUE TRUE TRUE TRUE TRUE ...
 $ RaceHorse.IsHitA                 : int  0 0 0 1 0 0 1 0 0 0 ...
 $ RaceHorse.IsHitB                 : int  1 0 0 1 0 0 1 0 0 0 ...
 $ RaceHorse.IsHitC                 : int  1 1 0 1 0 0 1 0 0 0 ...
 $ DataMiningTaisen.TmScoreSdv      : num  0.318 0.12 -0.776 1.25 -1.231 ...
 $ EOF                              : int  1 1 1 1 1 1 1 1 1 1 ...
NULL
[1] "2022-02-19 09:28:49 --- transform Finish ---"
[1] "2022-02-19 09:28:49 --- na.omit Start ---"
[1] "--------------------------------------------------------------------------------"
[1] "nrow(data) na.omit before=48328"
[1] "nrow(data) na.omit after =48328"
[1] "nrow(data) na.omit diff =0"
[1] "--------------------------------------------------------------------------------"
'data.frame':	48328 obs. of  29 variables:
 $ Race.RaceId                      : Factor w/ 3266 levels "20160625-05-03-07-06",..: 8 8 9 9 10 11 12 13 13 14 ...
 $ Race.IsPredictedRace             : logi  TRUE TRUE TRUE TRUE TRUE TRUE ...
 $ Race.IsAnalyzeNormalPastAndFuture: logi  TRUE TRUE TRUE TRUE TRUE TRUE ...
 $ Race.IsAnalyzeNormalPast         : logi  TRUE TRUE TRUE TRUE TRUE TRUE ...
 $ Race.IsAnalyzeNormalFuture       : logi  FALSE FALSE FALSE FALSE FALSE FALSE ...
 $ Race.IsAnalyzeFullPastAndFuture  : logi  TRUE TRUE TRUE TRUE TRUE TRUE ...
 $ Race.IsAnalyzeFullPast           : logi  TRUE TRUE TRUE TRUE TRUE TRUE ...
 $ Race.IsAnalyzeFullFuture         : logi  FALSE FALSE FALSE FALSE FALSE FALSE ...
 $ Race.JyokenCd                    : Factor w/ 1 level "5": 1 1 1 1 1 1 1 1 1 1 ...
 $ Race.JyoType1Cd                  : Factor w/ 116 levels "2-05-1300-3",..: 7 7 8 8 9 10 11 12 12 13 ...
 $ Race.RaceType0Cd                 : Factor w/ 198 levels "2-05-1300-3-5-X-12",..: 7 7 8 8 9 10 11 12 12 13 ...
 $ Race.RaceType1Cd                 : Factor w/ 1 level "2-5-X": 1 1 1 1 1 1 1 1 1 1 ...
 $ Race.RaceType2Cd                 : Factor w/ 1 level "2-5-X": 1 1 1 1 1 1 1 1 1 1 ...
 $ Race.RaceType3Cd                 : Factor w/ 2 levels "5-X-12","5-X-11": 1 1 1 1 1 1 1 1 1 1 ...
 $ Race.RaceType4Cd                 : Factor w/ 2 levels "2-5-12","2-5-11": 1 1 1 1 1 1 1 1 1 1 ...
 $ RaceHorse.RaceId                 : Factor w/ 3266 levels "20160625-05-03-07-06",..: 8 8 9 9 10 11 12 13 13 14 ...
 $ RaceHorse.KettoNum               : Factor w/ 16808 levels "2013101261","2013109169",..: 11 12 13 14 15 16 17 18 19 20 ...
 $ RaceHorse.IsHit1                 : int  0 0 0 1 0 0 1 0 0 0 ...
 $ RaceHorse.IsHit2                 : int  1 0 0 0 0 0 0 0 0 0 ...
 $ RaceHorse.IsHit3                 : int  0 1 0 0 0 0 0 0 0 0 ...
 $ RaceHorse.IsHit4                 : int  0 0 0 0 0 0 0 0 0 0 ...
 $ RaceHorse.IsHit5                 : int  0 0 1 0 0 0 0 0 0 0 ...
 $ RaceHorse.IsHit6                 : int  0 0 0 0 1 1 0 1 1 1 ...
 $ RaceHorse.IsValidRaceHorse       : logi  TRUE TRUE TRUE TRUE TRUE TRUE ...
 $ RaceHorse.IsHitA                 : int  0 0 0 1 0 0 1 0 0 0 ...
 $ RaceHorse.IsHitB                 : int  1 0 0 1 0 0 1 0 0 0 ...
 $ RaceHorse.IsHitC                 : int  1 1 0 1 0 0 1 0 0 0 ...
 $ DataMiningTaisen.TmScoreSdv      : num  0.318 0.12 -0.776 1.25 -1.231 ...
 $ EOF                              : int  1 1 1 1 1 1 1 1 1 1 ...
[1] "2022-02-19 09:28:49 --- na.omit Finish ---"
[1] "2022-02-19 09:28:49 --- rxGlm with rxStepControl Start ---"

> print(paste0(Sys.time(), " --- source_logic_glm.R Start ---"))
[1] "2022-02-19 09:28:49 --- source_logic_glm.R Start ---"

> formula <- formula(RaceHorse.IsHitA ~ +1 + DataMiningTaisen.TmScoreSdv)

> print(paste0(Sys.time(), " --- source_logic_glm.R Finished ---"))
[1] "2022-02-19 09:28:49 --- source_logic_glm.R Finished ---"
Rows Read: 48328, Total Rows Processed: 48328, Total Chunk Time: 0.002 seconds 

Starting values (iteration 1) time: 0.020 secs.
Rows Read: 48328, Total Rows Processed: 48328, Total Chunk Time: 0.004 seconds 

Iteration 2 time: 0.011 secs.
Rows Read: 48328, Total Rows Processed: 48328, Total Chunk Time: 0.004 seconds 

Iteration 3 time: 0.010 secs.
Rows Read: 48328, Total Rows Processed: 48328, Total Chunk Time: 0.004 seconds 

Iteration 4 time: 0.011 secs.
Rows Read: 48328, Total Rows Processed: 48328, Total Chunk Time: 0.004 seconds 

Iteration 5 time: 0.007 secs.
Rows Read: 48328, Total Rows Processed: 48328, Total Chunk Time: 0.004 seconds 

Iteration 6 time: 0.009 secs.

Elapsed computation time: 0.116 secs.
Rows Read: 48328, Total Rows Processed: 48328, Total Chunk Time: 0.002 seconds 

Starting values (iteration 1) time: 0.018 secs.
Rows Read: 48328, Total Rows Processed: 48328, Total Chunk Time: 0.003 seconds 

Iteration 2 time: 0.010 secs.

Elapsed computation time: 0.039 secs.
Rows Read: 48328, Total Rows Processed: 48328, Total Chunk Time: 0.001 seconds 

Starting values (iteration 1) time: 0.013 secs.
Rows Read: 48328, Total Rows Processed: 48328, Total Chunk Time: 0.004 seconds 

Iteration 2 time: 0.014 secs.
Rows Read: 48328, Total Rows Processed: 48328, Total Chunk Time: 0.003 seconds 

Iteration 3 time: 0.016 secs.
Rows Read: 48328, Total Rows Processed: 48328, Total Chunk Time: 0.004 seconds 

Iteration 4 time: 0.007 secs.
Rows Read: 48328, Total Rows Processed: 48328, Total Chunk Time: 0.004 seconds 

Iteration 5 time: 0.010 secs.
Rows Read: 48328, Total Rows Processed: 48328, Total Chunk Time: 0.003 seconds 

Iteration 6 time: 0.007 secs.

Elapsed computation time: 0.100 secs.

Elapsed computation time: 0.285 secs.
[1] "--------------------------------------------------------------------------------"
[1] "analyze.results.glm.step="
Logistic Regression Results for: RaceHorse.IsHitA ~
    DataMiningTaisen.TmScoreSdv
Data: data
Dependent variable(s): RaceHorse.IsHitA
Total independent variables: 2 
Number of valid observations: 48328
Number of missing observations: 0 
 
Coefficients:
                            RaceHorse.IsHitA
(Intercept)                               -3
DataMiningTaisen.TmScoreSdv                1
[1] "analyze.results.glm.step.summary"
Call:
rxLogit(formula = formula, data = data, variableSelection = analyze.results.glm.step.varsel)

Logistic Regression Results for: RaceHorse.IsHitA ~
    DataMiningTaisen.TmScoreSdv
Data: data
Dependent variable(s): RaceHorse.IsHitA
Total independent variables: 2 
Number of valid observations: 48328
Number of missing observations: 0 
-2*LogLikelihood: 20363.698 (Residual deviance on 48326 degrees of freedom)
 
Coefficients:
                            Estimate Std. Error z value Pr(>|z|)    
(Intercept)                  -3.2864     0.0301  -109.2  2.2e-16 ***
DataMiningTaisen.TmScoreSdv   1.3482     0.0270    49.9  2.2e-16 ***
---
Signif. codes:  0 '***' 0.001 '**' 0.01 '*' 0.05 '.' 0.1 ' ' 1

Condition number of final variance-covariance matrix: 1 
Number of iterations: 6
[1] "--------------------------------------------------------------------------------"
[1] "2022-02-19 09:28:50 --- rxGlm with rxStepControl Finish ---"
[1] "2022-02-19 09:28:50 --- rxStepPlot Start ---"
[1] "pdfFilename=pdf_analyze_glm_DataMiningTaisen_Type25_rxStepPlot.pdf"
[1] "rxStepPlot="
[1] "2022-02-19 09:28:50 --- rxStepPlot Finish ---"
[1] "2022-02-19 09:28:50 --- save.image Start ---"
[1] "save.image"
[1] "rdataFilename=RData_analyze_glm_DataMiningTaisen_Type25.RData"
[1] "2022-02-19 09:28:50 --- save.image Finish ---"
[1] "2022-02-19 09:28:50 --- final Start ---"
[1] "--------------------------------------------------------------------------------"
[1] "nrow(data) final=48328"
[1] "--------------------------------------------------------------------------------"
[1] "2022-02-19 09:28:50 --- final Finish ---"
[1] "2022-02-19 09:28:50 --- analyze_glm.R Finished ---"
[1] "2022-02-19 09:28:50 --- log Finish ---"
