[1] "2022-02-19 09:28:44 --- D1115_analyze_glm_DataMiningTaisen_IsHitA_Type23 Start ---"
[1] "2022-02-19 09:28:44 --- Log Start ---"
[1] "2022-02-19 09:28:44 --- analyze_glm.R Start ---"
[1] "analyzeVersion=D1115"
[1] "analyzeCategory=analyze"
[1] "analyzeType=DataMiningTaisen"
[1] "analyzeFamily=IsHitA"
[1] "analyzeFunc=glm"
[1] "analyzeTrackTypeCd=2"
[1] "analyzeJyokenCd=3"
[1] "2022-02-19 09:28:44 --- source_function.R Start ---"
[1] "2022-02-19 09:28:44 --- source_function.R Finished ---"

> print(paste0(Sys.time(), " --- source_library.R Start ---"))
[1] "2022-02-19 09:28:44 --- source_library.R Start ---"

> require("RevoScaleR")

> print(paste0(Sys.time(), " --- source_library.R Finished ---"))
[1] "2022-02-19 09:28:44 --- source_library.R Finished ---"
[1] "2022-02-19 09:28:44 --- RxSqlServerData Start ---"
[1] "2022-02-19 09:28:44 --- RxInSqlServer Start ---"
[1] "2022-02-19 09:28:44 --- RxInSqlServer Finish ---"
[1] "2022-02-19 09:28:44 --- rxSetComputeContext Start ---"
[1] "2022-02-19 09:28:44 --- rxSetComputeContext Finish ---"
[1] "2022-02-19 09:28:44 --- RxSqlServerData Start ---"
[1] "sqlQuery=SELECT * FROM ViewAnalyzeD1115analyze01DataMiningTaisenType23"
[1] "2022-02-19 09:28:44 --- RxSqlServerData Finish ---"
[1] "2022-02-19 09:28:44 --- rxGetVarInfo Start ---"
[1] "2022-02-19 09:28:45 --- rxGetVarInfo Finish---"
[1] "2022-02-19 09:28:45 --- rxImport Start ---"
Rows Read: 15131, Total Rows Processed: 15131, Total Chunk Time: 0.552 seconds 
[1] "2022-02-19 09:28:46 --- rxImport Finish ---"
[1] "object.size(data) auto=2.2 Mb"
[1] "--------------------------------------------------------------------------------"
[1] "nrow(data) RxSqlServerData=15131"
[1] "--------------------------------------------------------------------------------"
[1] "str(data)="
'data.frame':	15131 obs. of  29 variables:
 $ Race.RaceId                      : Factor w/ 1011 levels "20160206-08-02-03-12",..: 1 2 2 6 7 7 8 9 9 9 ...
 $ Race.IsPredictedRace             : logi  TRUE TRUE TRUE TRUE TRUE TRUE ...
 $ Race.IsAnalyzeNormalPastAndFuture: logi  TRUE TRUE TRUE TRUE TRUE TRUE ...
 $ Race.IsAnalyzeNormalPast         : logi  TRUE TRUE TRUE TRUE TRUE TRUE ...
 $ Race.IsAnalyzeNormalFuture       : logi  FALSE FALSE FALSE FALSE FALSE FALSE ...
 $ Race.IsAnalyzeFullPastAndFuture  : logi  TRUE TRUE TRUE TRUE TRUE TRUE ...
 $ Race.IsAnalyzeFullPast           : logi  TRUE TRUE TRUE TRUE TRUE TRUE ...
 $ Race.IsAnalyzeFullFuture         : logi  FALSE FALSE FALSE FALSE FALSE FALSE ...
 $ Race.JyokenCd                    : Factor w/ 1 level "3": 1 1 1 1 1 1 1 1 1 1 ...
 $ Race.JyoType1Cd                  : Factor w/ 105 levels "2-08-1800-1",..: 1 2 2 5 6 6 7 8 8 8 ...
 $ Race.RaceType0Cd                 : Factor w/ 246 levels "2-08-1800-1-3-X-14",..: 1 2 2 5 6 6 7 8 8 8 ...
 $ Race.RaceType1Cd                 : Factor w/ 2 levels "2-3-X","2-3-E": 1 1 1 1 1 1 1 1 1 1 ...
 $ Race.RaceType2Cd                 : Factor w/ 2 levels "2-3-X","2-3-E": 1 1 1 1 1 1 1 1 1 1 ...
 $ Race.RaceType3Cd                 : Factor w/ 4 levels "3-X-14","3-E-14",..: 1 1 1 1 1 1 1 1 1 1 ...
 $ Race.RaceType4Cd                 : Factor w/ 2 levels "2-3-14","2-3-13": 1 1 1 1 1 1 1 1 1 1 ...
 $ RaceHorse.RaceId                 : Factor w/ 1011 levels "20160206-08-02-03-12",..: 1 2 2 6 7 7 8 9 9 9 ...
 $ RaceHorse.KettoNum               : Factor w/ 3186 levels "2011103461","2009103618",..: 11 12 13 14 15 16 17 18 19 20 ...
 $ RaceHorse.IsHit1                 : int  0 0 0 0 0 0 0 0 0 0 ...
 $ RaceHorse.IsHit2                 : int  0 0 0 0 0 0 0 0 1 0 ...
 $ RaceHorse.IsHit3                 : int  0 0 0 0 0 0 0 0 0 0 ...
 $ RaceHorse.IsHit4                 : int  0 0 0 0 0 0 0 0 0 0 ...
 $ RaceHorse.IsHit5                 : int  0 0 0 0 0 0 0 0 0 0 ...
 $ RaceHorse.IsHit6                 : int  1 1 1 1 1 1 1 1 0 1 ...
 $ RaceHorse.IsValidRaceHorse       : logi  TRUE TRUE TRUE TRUE TRUE TRUE ...
 $ RaceHorse.IsHitA                 : int  0 0 0 0 0 0 0 0 0 0 ...
 $ RaceHorse.IsHitB                 : int  0 0 0 0 0 0 0 0 1 0 ...
 $ RaceHorse.IsHitC                 : int  0 0 0 0 0 0 0 0 1 0 ...
 $ DataMiningTaisen.TmScoreSdv      : num  -0.386 1.567 0.464 -0.879 0.796 ...
 $ EOF                              : int  1 1 1 1 1 1 1 1 1 1 ...
[1] "2022-02-19 09:28:47 --- RxSqlServerData Finish ---"
[1] "2022-02-19 09:28:47 --- subset Start ---"
[1] "--------------------------------------------------------------------------------"
[1] "nrow(data) subset before=15131"
[1] "nrow(data) subset after =15131"
[1] "nrow(data) subset diff =0"
[1] "--------------------------------------------------------------------------------"
[1] "2022-02-19 09:28:47 --- subset Finish---"
[1] "2022-02-19 09:28:47 --- transform Start ---"
[1] "--------------------------------------------------------------------------------"
[1] "nrow(data) transform before=15131"
[1] "nrow(data) transform after=15131"
[1] "nrow(data) transform diff=0"
[1] "--------------------------------------------------------------------------------"
[1] "str(data)="
'data.frame':	15131 obs. of  29 variables:
 $ Race.RaceId                      : Factor w/ 1011 levels "20160206-08-02-03-12",..: 1 2 2 6 7 7 8 9 9 9 ...
 $ Race.IsPredictedRace             : logi  TRUE TRUE TRUE TRUE TRUE TRUE ...
 $ Race.IsAnalyzeNormalPastAndFuture: logi  TRUE TRUE TRUE TRUE TRUE TRUE ...
 $ Race.IsAnalyzeNormalPast         : logi  TRUE TRUE TRUE TRUE TRUE TRUE ...
 $ Race.IsAnalyzeNormalFuture       : logi  FALSE FALSE FALSE FALSE FALSE FALSE ...
 $ Race.IsAnalyzeFullPastAndFuture  : logi  TRUE TRUE TRUE TRUE TRUE TRUE ...
 $ Race.IsAnalyzeFullPast           : logi  TRUE TRUE TRUE TRUE TRUE TRUE ...
 $ Race.IsAnalyzeFullFuture         : logi  FALSE FALSE FALSE FALSE FALSE FALSE ...
 $ Race.JyokenCd                    : Factor w/ 1 level "3": 1 1 1 1 1 1 1 1 1 1 ...
 $ Race.JyoType1Cd                  : Factor w/ 105 levels "2-08-1800-1",..: 1 2 2 5 6 6 7 8 8 8 ...
 $ Race.RaceType0Cd                 : Factor w/ 246 levels "2-08-1800-1-3-X-14",..: 1 2 2 5 6 6 7 8 8 8 ...
 $ Race.RaceType1Cd                 : Factor w/ 2 levels "2-3-X","2-3-E": 1 1 1 1 1 1 1 1 1 1 ...
 $ Race.RaceType2Cd                 : Factor w/ 2 levels "2-3-X","2-3-E": 1 1 1 1 1 1 1 1 1 1 ...
 $ Race.RaceType3Cd                 : Factor w/ 4 levels "3-X-14","3-E-14",..: 1 1 1 1 1 1 1 1 1 1 ...
 $ Race.RaceType4Cd                 : Factor w/ 2 levels "2-3-14","2-3-13": 1 1 1 1 1 1 1 1 1 1 ...
 $ RaceHorse.RaceId                 : Factor w/ 1011 levels "20160206-08-02-03-12",..: 1 2 2 6 7 7 8 9 9 9 ...
 $ RaceHorse.KettoNum               : Factor w/ 3186 levels "2011103461","2009103618",..: 11 12 13 14 15 16 17 18 19 20 ...
 $ RaceHorse.IsHit1                 : int  0 0 0 0 0 0 0 0 0 0 ...
 $ RaceHorse.IsHit2                 : int  0 0 0 0 0 0 0 0 1 0 ...
 $ RaceHorse.IsHit3                 : int  0 0 0 0 0 0 0 0 0 0 ...
 $ RaceHorse.IsHit4                 : int  0 0 0 0 0 0 0 0 0 0 ...
 $ RaceHorse.IsHit5                 : int  0 0 0 0 0 0 0 0 0 0 ...
 $ RaceHorse.IsHit6                 : int  1 1 1 1 1 1 1 1 0 1 ...
 $ RaceHorse.IsValidRaceHorse       : logi  TRUE TRUE TRUE TRUE TRUE TRUE ...
 $ RaceHorse.IsHitA                 : int  0 0 0 0 0 0 0 0 0 0 ...
 $ RaceHorse.IsHitB                 : int  0 0 0 0 0 0 0 0 1 0 ...
 $ RaceHorse.IsHitC                 : int  0 0 0 0 0 0 0 0 1 0 ...
 $ DataMiningTaisen.TmScoreSdv      : num  -0.386 1.567 0.464 -0.879 0.796 ...
 $ EOF                              : int  1 1 1 1 1 1 1 1 1 1 ...
NULL
[1] "2022-02-19 09:28:48 --- transform Finish ---"
[1] "2022-02-19 09:28:48 --- na.omit Start ---"
[1] "--------------------------------------------------------------------------------"
[1] "nrow(data) na.omit before=15131"
[1] "nrow(data) na.omit after =15131"
[1] "nrow(data) na.omit diff =0"
[1] "--------------------------------------------------------------------------------"
'data.frame':	15131 obs. of  29 variables:
 $ Race.RaceId                      : Factor w/ 1011 levels "20160206-08-02-03-12",..: 1 2 2 6 7 7 8 9 9 9 ...
 $ Race.IsPredictedRace             : logi  TRUE TRUE TRUE TRUE TRUE TRUE ...
 $ Race.IsAnalyzeNormalPastAndFuture: logi  TRUE TRUE TRUE TRUE TRUE TRUE ...
 $ Race.IsAnalyzeNormalPast         : logi  TRUE TRUE TRUE TRUE TRUE TRUE ...
 $ Race.IsAnalyzeNormalFuture       : logi  FALSE FALSE FALSE FALSE FALSE FALSE ...
 $ Race.IsAnalyzeFullPastAndFuture  : logi  TRUE TRUE TRUE TRUE TRUE TRUE ...
 $ Race.IsAnalyzeFullPast           : logi  TRUE TRUE TRUE TRUE TRUE TRUE ...
 $ Race.IsAnalyzeFullFuture         : logi  FALSE FALSE FALSE FALSE FALSE FALSE ...
 $ Race.JyokenCd                    : Factor w/ 1 level "3": 1 1 1 1 1 1 1 1 1 1 ...
 $ Race.JyoType1Cd                  : Factor w/ 105 levels "2-08-1800-1",..: 1 2 2 5 6 6 7 8 8 8 ...
 $ Race.RaceType0Cd                 : Factor w/ 246 levels "2-08-1800-1-3-X-14",..: 1 2 2 5 6 6 7 8 8 8 ...
 $ Race.RaceType1Cd                 : Factor w/ 2 levels "2-3-X","2-3-E": 1 1 1 1 1 1 1 1 1 1 ...
 $ Race.RaceType2Cd                 : Factor w/ 2 levels "2-3-X","2-3-E": 1 1 1 1 1 1 1 1 1 1 ...
 $ Race.RaceType3Cd                 : Factor w/ 4 levels "3-X-14","3-E-14",..: 1 1 1 1 1 1 1 1 1 1 ...
 $ Race.RaceType4Cd                 : Factor w/ 2 levels "2-3-14","2-3-13": 1 1 1 1 1 1 1 1 1 1 ...
 $ RaceHorse.RaceId                 : Factor w/ 1011 levels "20160206-08-02-03-12",..: 1 2 2 6 7 7 8 9 9 9 ...
 $ RaceHorse.KettoNum               : Factor w/ 3186 levels "2011103461","2009103618",..: 11 12 13 14 15 16 17 18 19 20 ...
 $ RaceHorse.IsHit1                 : int  0 0 0 0 0 0 0 0 0 0 ...
 $ RaceHorse.IsHit2                 : int  0 0 0 0 0 0 0 0 1 0 ...
 $ RaceHorse.IsHit3                 : int  0 0 0 0 0 0 0 0 0 0 ...
 $ RaceHorse.IsHit4                 : int  0 0 0 0 0 0 0 0 0 0 ...
 $ RaceHorse.IsHit5                 : int  0 0 0 0 0 0 0 0 0 0 ...
 $ RaceHorse.IsHit6                 : int  1 1 1 1 1 1 1 1 0 1 ...
 $ RaceHorse.IsValidRaceHorse       : logi  TRUE TRUE TRUE TRUE TRUE TRUE ...
 $ RaceHorse.IsHitA                 : int  0 0 0 0 0 0 0 0 0 0 ...
 $ RaceHorse.IsHitB                 : int  0 0 0 0 0 0 0 0 1 0 ...
 $ RaceHorse.IsHitC                 : int  0 0 0 0 0 0 0 0 1 0 ...
 $ DataMiningTaisen.TmScoreSdv      : num  -0.386 1.567 0.464 -0.879 0.796 ...
 $ EOF                              : int  1 1 1 1 1 1 1 1 1 1 ...
[1] "2022-02-19 09:28:48 --- na.omit Finish ---"
[1] "2022-02-19 09:28:48 --- rxGlm with rxStepControl Start ---"

> print(paste0(Sys.time(), " --- source_logic_glm.R Start ---"))
[1] "2022-02-19 09:28:48 --- source_logic_glm.R Start ---"

> formula <- formula(RaceHorse.IsHitA ~ +1 + DataMiningTaisen.TmScoreSdv)

> print(paste0(Sys.time(), " --- source_logic_glm.R Finished ---"))
[1] "2022-02-19 09:28:48 --- source_logic_glm.R Finished ---"
Rows Read: 15131, Total Rows Processed: 15131, Total Chunk Time: 0.002 seconds 

Starting values (iteration 1) time: 0.016 secs.
Rows Read: 15131, Total Rows Processed: 15131, Total Chunk Time: 0.002 seconds 

Iteration 2 time: 0.014 secs.
Rows Read: 15131, Total Rows Processed: 15131, Total Chunk Time: 0.002 seconds 

Iteration 3 time: 0.013 secs.
Rows Read: 15131, Total Rows Processed: 15131, Total Chunk Time: 0.002 seconds 

Iteration 4 time: 0.012 secs.
Rows Read: 15131, Total Rows Processed: 15131, Total Chunk Time: 0.002 seconds 

Iteration 5 time: 0.013 secs.

Elapsed computation time: 0.122 secs.
Rows Read: 15131, Total Rows Processed: 15131, Total Chunk Time: 0.001 seconds 

Starting values (iteration 1) time: 0.008 secs.
Rows Read: 15131, Total Rows Processed: 15131, Total Chunk Time: 0.002 seconds 

Iteration 2 time: 0.024 secs.

Elapsed computation time: 0.048 secs.
Rows Read: 15131, Total Rows Processed: 15131, Total Chunk Time: 0.001 seconds 

Starting values (iteration 1) time: 0.007 secs.
Rows Read: 15131, Total Rows Processed: 15131, Total Chunk Time: 0.002 seconds 

Iteration 2 time: 0.025 secs.
Rows Read: 15131, Total Rows Processed: 15131, Total Chunk Time: Less than .001 seconds 

Iteration 3 time: 0.017 secs.
Rows Read: 15131, Total Rows Processed: 15131, Total Chunk Time: 0.002 seconds 

Iteration 4 time: 0.027 secs.
Rows Read: 15131, Total Rows Processed: 15131, Total Chunk Time: 0.002 seconds 

Iteration 5 time: 0.027 secs.

Elapsed computation time: 0.187 secs.

Elapsed computation time: 0.428 secs.
[1] "--------------------------------------------------------------------------------"
[1] "analyze.results.glm.step="
Logistic Regression Results for: RaceHorse.IsHitA ~
    DataMiningTaisen.TmScoreSdv
Data: data
Dependent variable(s): RaceHorse.IsHitA
Total independent variables: 2 
Number of valid observations: 15131
Number of missing observations: 0 
 
Coefficients:
                            RaceHorse.IsHitA
(Intercept)                             -3.0
DataMiningTaisen.TmScoreSdv              0.9
[1] "analyze.results.glm.step.summary"
Call:
rxLogit(formula = formula, data = data, variableSelection = analyze.results.glm.step.varsel)

Logistic Regression Results for: RaceHorse.IsHitA ~
    DataMiningTaisen.TmScoreSdv
Data: data
Dependent variable(s): RaceHorse.IsHitA
Total independent variables: 2 
Number of valid observations: 15131
Number of missing observations: 0 
-2*LogLikelihood: 6749.278 (Residual deviance on 15129 degrees of freedom)
 
Coefficients:
                            Estimate Std. Error z value Pr(>|z|)    
(Intercept)                  -2.9665     0.0421   -70.5  2.2e-16 ***
DataMiningTaisen.TmScoreSdv   0.8964     0.0361    24.8  2.2e-16 ***
---
Signif. codes:  0 '***' 0.001 '**' 0.01 '*' 0.05 '.' 0.1 ' ' 1

Condition number of final variance-covariance matrix: 1 
Number of iterations: 5
[1] "--------------------------------------------------------------------------------"
[1] "2022-02-19 09:28:49 --- rxGlm with rxStepControl Finish ---"
[1] "2022-02-19 09:28:49 --- rxStepPlot Start ---"
[1] "pdfFilename=pdf_analyze_glm_DataMiningTaisen_Type23_rxStepPlot.pdf"
[1] "rxStepPlot="
[1] "2022-02-19 09:28:49 --- rxStepPlot Finish ---"
[1] "2022-02-19 09:28:49 --- save.image Start ---"
[1] "save.image"
[1] "rdataFilename=RData_analyze_glm_DataMiningTaisen_Type23.RData"
[1] "2022-02-19 09:28:49 --- save.image Finish ---"
[1] "2022-02-19 09:28:49 --- final Start ---"
[1] "--------------------------------------------------------------------------------"
[1] "nrow(data) final=15131"
[1] "--------------------------------------------------------------------------------"
[1] "2022-02-19 09:28:49 --- final Finish ---"
[1] "2022-02-19 09:28:49 --- analyze_glm.R Finished ---"
[1] "2022-02-19 09:28:49 --- log Finish ---"
