[1] "2022-02-18 01:42:47 --- D1115_analyze_glm_Odds_IsHitA_Type35 Start ---"
[1] "2022-02-18 01:42:47 --- Log Start ---"
[1] "2022-02-18 01:42:47 --- analyze_glm.R Start ---"
[1] "analyzeVersion=D1115"
[1] "analyzeCategory=analyze"
[1] "analyzeType=Odds"
[1] "analyzeFamily=IsHitA"
[1] "analyzeFunc=glm"
[1] "analyzeTrackTypeCd=3"
[1] "analyzeJyokenCd=5"
[1] "2022-02-18 01:42:47 --- source_function.R Start ---"
[1] "2022-02-18 01:42:47 --- source_function.R Finished ---"

> print(paste0(Sys.time(), " --- source_library.R Start ---"))
[1] "2022-02-18 01:42:47 --- source_library.R Start ---"

> require("RevoScaleR")

> print(paste0(Sys.time(), " --- source_library.R Finished ---"))
[1] "2022-02-18 01:42:56 --- source_library.R Finished ---"
[1] "2022-02-18 01:42:56 --- RxSqlServerData Start ---"
[1] "2022-02-18 01:42:56 --- RxInSqlServer Start ---"
[1] "2022-02-18 01:42:56 --- RxInSqlServer Finish ---"
[1] "2022-02-18 01:42:56 --- rxSetComputeContext Start ---"
[1] "2022-02-18 01:42:56 --- rxSetComputeContext Finish ---"
[1] "2022-02-18 01:42:56 --- RxSqlServerData Start ---"
[1] "sqlQuery=SELECT * FROM ViewAnalyzeD1115analyze01OddsType35"
[1] "2022-02-18 01:42:56 --- RxSqlServerData Finish ---"
[1] "2022-02-18 01:42:56 --- rxGetVarInfo Start ---"
[1] "2022-02-18 01:42:56 --- rxGetVarInfo Finish---"
[1] "2022-02-18 01:42:56 --- rxImport Start ---"
Rows Read: 6453, Total Rows Processed: 6453, Total Chunk Time: 0.195 seconds 
[1] "2022-02-18 01:43:01 --- rxImport Finish ---"
[1] "object.size(data) auto=1.3 Mb"
[1] "--------------------------------------------------------------------------------"
[1] "nrow(data) RxSqlServerData=6453"
[1] "--------------------------------------------------------------------------------"
[1] "str(data)="
'data.frame':	6453 obs. of  35 variables:
 $ Race.RaceId                      : Factor w/ 517 levels "20161218-07-04-06-04",..: 11 12 13 14 15 16 16 17 18 19 ...
 $ Race.IsPredictedRace             : logi  TRUE TRUE TRUE TRUE TRUE TRUE ...
 $ Race.IsAnalyzeNormalPastAndFuture: logi  TRUE TRUE TRUE TRUE TRUE TRUE ...
 $ Race.IsAnalyzeNormalPast         : logi  TRUE TRUE TRUE TRUE TRUE TRUE ...
 $ Race.IsAnalyzeNormalFuture       : logi  FALSE FALSE FALSE FALSE FALSE FALSE ...
 $ Race.IsAnalyzeFullPastAndFuture  : logi  TRUE TRUE TRUE TRUE TRUE TRUE ...
 $ Race.IsAnalyzeFullPast           : logi  TRUE TRUE TRUE TRUE TRUE TRUE ...
 $ Race.IsAnalyzeFullFuture         : logi  FALSE FALSE FALSE FALSE FALSE FALSE ...
 $ Race.JyokenCd                    : Factor w/ 1 level "5": 1 1 1 1 1 1 1 1 1 1 ...
 $ Race.JyoType1Cd                  : Factor w/ 36 levels "3-07-3000-1",..: 7 7 8 9 10 11 11 1 3 1 ...
 $ Race.RaceType0Cd                 : Factor w/ 52 levels "3-07-3000-1-5-X-18",..: 8 8 9 10 11 12 12 1 13 1 ...
 $ Race.RaceType1Cd                 : Factor w/ 1 level "3-5-X": 1 1 1 1 1 1 1 1 1 1 ...
 $ Race.RaceType2Cd                 : Factor w/ 1 level "3-5-X": 1 1 1 1 1 1 1 1 1 1 ...
 $ Race.RaceType3Cd                 : Factor w/ 2 levels "5-X-18","5-X-19": 1 1 2 1 1 1 1 1 2 1 ...
 $ Race.RaceType4Cd                 : Factor w/ 2 levels "3-5-18","3-5-19": 1 1 2 1 1 1 1 1 2 1 ...
 $ RaceHorse.RaceId                 : Factor w/ 517 levels "20161218-07-04-06-04",..: 11 12 13 14 15 16 16 17 18 19 ...
 $ RaceHorse.KettoNum               : Factor w/ 1912 levels "2010109123","2013102945",..: 11 12 13 14 15 16 17 18 19 20 ...
 $ RaceHorse.IsHit1                 : int  0 0 0 0 0 0 0 0 0 0 ...
 $ RaceHorse.IsHit2                 : int  1 0 0 0 0 0 0 0 0 0 ...
 $ RaceHorse.IsHit3                 : int  0 0 0 0 0 0 1 0 0 0 ...
 $ RaceHorse.IsHit4                 : int  0 0 0 0 0 0 0 0 0 0 ...
 $ RaceHorse.IsHit5                 : int  0 0 0 0 1 0 0 0 0 0 ...
 $ RaceHorse.IsHit6                 : int  0 1 1 1 0 0 0 1 1 1 ...
 $ RaceHorse.IsValidRaceHorse       : logi  TRUE TRUE TRUE TRUE TRUE FALSE ...
 $ RaceHorse.IsHitA                 : int  0 0 0 0 0 0 0 0 0 0 ...
 $ RaceHorse.IsHitB                 : int  1 0 0 0 0 0 0 0 0 0 ...
 $ RaceHorse.IsHitC                 : int  1 0 0 0 0 0 1 0 0 0 ...
 $ OddsByWin.Odds1                  : num  22.3 107.9 144.2 6.8 21 ...
 $ OddsByWin.Ninki                  : num  7 12 13 3 7 NA 6 12 7 6 ...
 $ OddsByWin.OddsLog1               : num  3.15 4.69 4.98 2.05 3.09 ...
 $ OddsByWin.OddsRatio1             : num  0.04695 0.00935 0.00698 0.17241 0.05 ...
 $ OddsByWin.OddsLogit1             : num  -3.1 -4.68 -4.97 -1.92 -3.04 ...
 $ OddsByWin.ApprovalRate1          : num  0.04484 0.00927 0.00693 0.14706 0.04762 ...
 $ OddsByWin.ApprovalRateLog1       : num  0.04387 0.00923 0.00691 0.1372 0.04652 ...
 $ EOF                              : int  1 1 1 1 1 1 1 1 1 1 ...
[1] "2022-02-18 01:43:01 --- RxSqlServerData Finish ---"
[1] "2022-02-18 01:43:01 --- subset Start ---"
[1] "--------------------------------------------------------------------------------"
[1] "nrow(data) subset before=6453"
[1] "nrow(data) subset after =5319"
[1] "nrow(data) subset diff =1134"
[1] "--------------------------------------------------------------------------------"
[1] "2022-02-18 01:43:01 --- subset Finish---"
[1] "2022-02-18 01:43:01 --- transform Start ---"
[1] "--------------------------------------------------------------------------------"
[1] "nrow(data) transform before=5319"
[1] "nrow(data) transform after=5319"
[1] "nrow(data) transform diff=0"
[1] "--------------------------------------------------------------------------------"
[1] "str(data)="
'data.frame':	5319 obs. of  35 variables:
 $ Race.RaceId                      : Factor w/ 517 levels "20161218-07-04-06-04",..: 11 12 13 14 15 16 16 17 18 19 ...
 $ Race.IsPredictedRace             : logi  TRUE TRUE TRUE TRUE TRUE TRUE ...
 $ Race.IsAnalyzeNormalPastAndFuture: logi  TRUE TRUE TRUE TRUE TRUE TRUE ...
 $ Race.IsAnalyzeNormalPast         : logi  TRUE TRUE TRUE TRUE TRUE TRUE ...
 $ Race.IsAnalyzeNormalFuture       : logi  FALSE FALSE FALSE FALSE FALSE FALSE ...
 $ Race.IsAnalyzeFullPastAndFuture  : logi  TRUE TRUE TRUE TRUE TRUE TRUE ...
 $ Race.IsAnalyzeFullPast           : logi  TRUE TRUE TRUE TRUE TRUE TRUE ...
 $ Race.IsAnalyzeFullFuture         : logi  FALSE FALSE FALSE FALSE FALSE FALSE ...
 $ Race.JyokenCd                    : Factor w/ 1 level "5": 1 1 1 1 1 1 1 1 1 1 ...
 $ Race.JyoType1Cd                  : Factor w/ 36 levels "3-07-3000-1",..: 7 7 8 9 10 11 11 1 3 1 ...
 $ Race.RaceType0Cd                 : Factor w/ 52 levels "3-07-3000-1-5-X-18",..: 8 8 9 10 11 12 12 1 13 1 ...
 $ Race.RaceType1Cd                 : Factor w/ 1 level "3-5-X": 1 1 1 1 1 1 1 1 1 1 ...
 $ Race.RaceType2Cd                 : Factor w/ 1 level "3-5-X": 1 1 1 1 1 1 1 1 1 1 ...
 $ Race.RaceType3Cd                 : Factor w/ 2 levels "5-X-18","5-X-19": 1 1 2 1 1 1 1 1 2 1 ...
 $ Race.RaceType4Cd                 : Factor w/ 2 levels "3-5-18","3-5-19": 1 1 2 1 1 1 1 1 2 1 ...
 $ RaceHorse.RaceId                 : Factor w/ 517 levels "20161218-07-04-06-04",..: 11 12 13 14 15 16 16 17 18 19 ...
 $ RaceHorse.KettoNum               : Factor w/ 1912 levels "2010109123","2013102945",..: 11 12 13 14 15 16 17 18 19 20 ...
 $ RaceHorse.IsHit1                 : int  0 0 0 0 0 0 0 0 0 0 ...
 $ RaceHorse.IsHit2                 : int  1 0 0 0 0 0 0 0 0 0 ...
 $ RaceHorse.IsHit3                 : int  0 0 0 0 0 0 1 0 0 0 ...
 $ RaceHorse.IsHit4                 : int  0 0 0 0 0 0 0 0 0 0 ...
 $ RaceHorse.IsHit5                 : int  0 0 0 0 1 0 0 0 0 0 ...
 $ RaceHorse.IsHit6                 : int  0 1 1 1 0 0 0 1 1 1 ...
 $ RaceHorse.IsValidRaceHorse       : logi  TRUE TRUE TRUE TRUE TRUE FALSE ...
 $ RaceHorse.IsHitA                 : int  0 0 0 0 0 0 0 0 0 0 ...
 $ RaceHorse.IsHitB                 : int  1 0 0 0 0 0 0 0 0 0 ...
 $ RaceHorse.IsHitC                 : int  1 0 0 0 0 0 1 0 0 0 ...
 $ OddsByWin.Odds1                  : num  22.3 107.9 144.2 6.8 21 ...
 $ OddsByWin.Ninki                  : num  7 12 13 3 7 NA 6 12 7 6 ...
 $ OddsByWin.OddsLog1               : num  3.15 4.69 4.98 2.05 3.09 ...
 $ OddsByWin.OddsRatio1             : num  0.04695 0.00935 0.00698 0.17241 0.05 ...
 $ OddsByWin.OddsLogit1             : num  -3.1 -4.68 -4.97 -1.92 -3.04 ...
 $ OddsByWin.ApprovalRate1          : num  0.04484 0.00927 0.00693 0.14706 0.04762 ...
 $ OddsByWin.ApprovalRateLog1       : num  0.04387 0.00923 0.00691 0.1372 0.04652 ...
 $ EOF                              : int  1 1 1 1 1 1 1 1 1 1 ...
NULL
[1] "2022-02-18 01:43:02 --- transform Finish ---"
[1] "2022-02-18 01:43:02 --- na.omit Start ---"
[1] "--------------------------------------------------------------------------------"
[1] "nrow(data) na.omit before=5319"
[1] "nrow(data) na.omit after =5310"
[1] "nrow(data) na.omit diff =9"
[1] "--------------------------------------------------------------------------------"
'data.frame':	5310 obs. of  35 variables:
 $ Race.RaceId                      : Factor w/ 517 levels "20161218-07-04-06-04",..: 11 12 13 14 15 16 17 18 19 20 ...
 $ Race.IsPredictedRace             : logi  TRUE TRUE TRUE TRUE TRUE TRUE ...
 $ Race.IsAnalyzeNormalPastAndFuture: logi  TRUE TRUE TRUE TRUE TRUE TRUE ...
 $ Race.IsAnalyzeNormalPast         : logi  TRUE TRUE TRUE TRUE TRUE TRUE ...
 $ Race.IsAnalyzeNormalFuture       : logi  FALSE FALSE FALSE FALSE FALSE FALSE ...
 $ Race.IsAnalyzeFullPastAndFuture  : logi  TRUE TRUE TRUE TRUE TRUE TRUE ...
 $ Race.IsAnalyzeFullPast           : logi  TRUE TRUE TRUE TRUE TRUE TRUE ...
 $ Race.IsAnalyzeFullFuture         : logi  FALSE FALSE FALSE FALSE FALSE FALSE ...
 $ Race.JyokenCd                    : Factor w/ 1 level "5": 1 1 1 1 1 1 1 1 1 1 ...
 $ Race.JyoType1Cd                  : Factor w/ 36 levels "3-07-3000-1",..: 7 7 8 9 10 11 1 3 1 12 ...
 $ Race.RaceType0Cd                 : Factor w/ 52 levels "3-07-3000-1-5-X-18",..: 8 8 9 10 11 12 1 13 1 14 ...
 $ Race.RaceType1Cd                 : Factor w/ 1 level "3-5-X": 1 1 1 1 1 1 1 1 1 1 ...
 $ Race.RaceType2Cd                 : Factor w/ 1 level "3-5-X": 1 1 1 1 1 1 1 1 1 1 ...
 $ Race.RaceType3Cd                 : Factor w/ 2 levels "5-X-18","5-X-19": 1 1 2 1 1 1 1 2 1 1 ...
 $ Race.RaceType4Cd                 : Factor w/ 2 levels "3-5-18","3-5-19": 1 1 2 1 1 1 1 2 1 1 ...
 $ RaceHorse.RaceId                 : Factor w/ 517 levels "20161218-07-04-06-04",..: 11 12 13 14 15 16 17 18 19 20 ...
 $ RaceHorse.KettoNum               : Factor w/ 1912 levels "2010109123","2013102945",..: 11 12 13 14 15 17 18 19 20 21 ...
 $ RaceHorse.IsHit1                 : int  0 0 0 0 0 0 0 0 0 0 ...
 $ RaceHorse.IsHit2                 : int  1 0 0 0 0 0 0 0 0 0 ...
 $ RaceHorse.IsHit3                 : int  0 0 0 0 0 1 0 0 0 0 ...
 $ RaceHorse.IsHit4                 : int  0 0 0 0 0 0 0 0 0 0 ...
 $ RaceHorse.IsHit5                 : int  0 0 0 0 1 0 0 0 0 0 ...
 $ RaceHorse.IsHit6                 : int  0 1 1 1 0 0 1 1 1 1 ...
 $ RaceHorse.IsValidRaceHorse       : logi  TRUE TRUE TRUE TRUE TRUE TRUE ...
 $ RaceHorse.IsHitA                 : int  0 0 0 0 0 0 0 0 0 0 ...
 $ RaceHorse.IsHitB                 : int  1 0 0 0 0 0 0 0 0 0 ...
 $ RaceHorse.IsHitC                 : int  1 0 0 0 0 1 0 0 0 0 ...
 $ OddsByWin.Odds1                  : num  22.3 107.9 144.2 6.8 21 ...
 $ OddsByWin.Ninki                  : num  7 12 13 3 7 6 12 7 6 11 ...
 $ OddsByWin.OddsLog1               : num  3.15 4.69 4.98 2.05 3.09 ...
 $ OddsByWin.OddsRatio1             : num  0.04695 0.00935 0.00698 0.17241 0.05 ...
 $ OddsByWin.OddsLogit1             : num  -3.1 -4.68 -4.97 -1.92 -3.04 ...
 $ OddsByWin.ApprovalRate1          : num  0.04484 0.00927 0.00693 0.14706 0.04762 ...
 $ OddsByWin.ApprovalRateLog1       : num  0.04387 0.00923 0.00691 0.1372 0.04652 ...
 $ EOF                              : int  1 1 1 1 1 1 1 1 1 1 ...
 - attr(*, "na.action")= 'omit' Named int  6 925 1202 1294 2300 2600 3107 5002 5265
  ..- attr(*, "names")= chr  "6" "1132" "1456" "1561" ...
[1] "2022-02-18 01:43:02 --- na.omit Finish ---"
[1] "2022-02-18 01:43:02 --- rxGlm with rxStepControl Start ---"

> print(paste0(Sys.time(), " --- source_logic_glm.R Start ---"))
[1] "2022-02-18 01:43:02 --- source_logic_glm.R Start ---"

> formula <- formula(RaceHorse.IsHitA ~ +1 + OddsByWin.OddsLogit1)

> print(paste0(Sys.time(), " --- source_logic_glm.R Finished ---"))
[1] "2022-02-18 01:43:02 --- source_logic_glm.R Finished ---"
Rows Read: 5310, Total Rows Processed: 5310, Total Chunk Time: 0.001 seconds 

Starting values (iteration 1) time: 0.013 secs.
Rows Read: 5310, Total Rows Processed: 5310, Total Chunk Time: 0.001 seconds 

Iteration 2 time: 0.007 secs.
Rows Read: 5310, Total Rows Processed: 5310, Total Chunk Time: 0.001 seconds 

Iteration 3 time: 0.004 secs.
Rows Read: 5310, Total Rows Processed: 5310, Total Chunk Time: 0.001 seconds 

Iteration 4 time: 0.006 secs.
Rows Read: 5310, Total Rows Processed: 5310, Total Chunk Time: 0.001 seconds 

Iteration 5 time: 0.006 secs.
Rows Read: 5310, Total Rows Processed: 5310, Total Chunk Time: 0.001 seconds 

Iteration 6 time: 0.004 secs.

Elapsed computation time: 0.063 secs.
Rows Read: 5310, Total Rows Processed: 5310, Total Chunk Time: Less than .001 seconds 

Starting values (iteration 1) time: 0.005 secs.
Rows Read: 5310, Total Rows Processed: 5310, Total Chunk Time: 0.001 seconds 

Iteration 2 time: 0.005 secs.

Elapsed computation time: 0.021 secs.
Rows Read: 5310, Total Rows Processed: 5310, Total Chunk Time: 0.001 seconds 

Starting values (iteration 1) time: 0.003 secs.
Rows Read: 5310, Total Rows Processed: 5310, Total Chunk Time: 0.001 seconds 

Iteration 2 time: 0.007 secs.
Rows Read: 5310, Total Rows Processed: 5310, Total Chunk Time: 0.001 seconds 

Iteration 3 time: 0.004 secs.
Rows Read: 5310, Total Rows Processed: 5310, Total Chunk Time: Less than .001 seconds 

Iteration 4 time: 0.007 secs.
Rows Read: 5310, Total Rows Processed: 5310, Total Chunk Time: 0.001 seconds 

Iteration 5 time: 0.005 secs.
Rows Read: 5310, Total Rows Processed: 5310, Total Chunk Time: 0.001 seconds 

Iteration 6 time: 0.004 secs.

Elapsed computation time: 0.055 secs.

Elapsed computation time: 0.160 secs.
[1] "--------------------------------------------------------------------------------"
[1] "analyze.results.glm.step="
Logistic Regression Results for: RaceHorse.IsHitA ~
    OddsByWin.OddsLogit1
Data: data
Dependent variable(s): RaceHorse.IsHitA
Total independent variables: 2 
Number of valid observations: 5310
Number of missing observations: 0 
 
Coefficients:
                     RaceHorse.IsHitA
(Intercept)                       0.3
OddsByWin.OddsLogit1              1.2
[1] "analyze.results.glm.step.summary"
Call:
rxLogit(formula = formula, data = data, variableSelection = analyze.results.glm.step.varsel)

Logistic Regression Results for: RaceHorse.IsHitA ~
    OddsByWin.OddsLogit1
Data: data
Dependent variable(s): RaceHorse.IsHitA
Total independent variables: 2 
Number of valid observations: 5310
Number of missing observations: 0 
-2*LogLikelihood: 2329.024 (Residual deviance on 5308 degrees of freedom)
 
Coefficients:
                     Estimate Std. Error z value Pr(>|z|)    
(Intercept)            0.3295     0.1212    2.72   0.0066 ** 
OddsByWin.OddsLogit1   1.1945     0.0605   19.74  2.2e-16 ***
---
Signif. codes:  0 '***' 0.001 '**' 0.01 '*' 0.05 '.' 0.1 ' ' 1

Condition number of final variance-covariance matrix: 1 
Number of iterations: 6
[1] "--------------------------------------------------------------------------------"
[1] "2022-02-18 01:43:02 --- rxGlm with rxStepControl Finish ---"
[1] "2022-02-18 01:43:02 --- rxStepPlot Start ---"
[1] "pdfFilename=pdf_analyze_glm_Odds_Type35_rxStepPlot.pdf"
[1] "rxStepPlot="
[1] "2022-02-18 01:43:02 --- rxStepPlot Finish ---"
[1] "2022-02-18 01:43:02 --- save.image Start ---"
[1] "save.image"
[1] "rdataFilename=RData_analyze_glm_Odds_Type35.RData"
[1] "2022-02-18 01:43:02 --- save.image Finish ---"
[1] "2022-02-18 01:43:02 --- final Start ---"
[1] "--------------------------------------------------------------------------------"
[1] "nrow(data) final=5310"
[1] "--------------------------------------------------------------------------------"
[1] "2022-02-18 01:43:02 --- final Finish ---"
[1] "2022-02-18 01:43:02 --- analyze_glm.R Finished ---"
[1] "2022-02-18 01:43:02 --- log Finish ---"
