[1] "2022-02-18 01:43:36 --- D1115_analyze_glm_RaceHorse_IsHitA_Type13 Start ---"
[1] "2022-02-18 01:43:36 --- Log Start ---"
[1] "2022-02-18 01:43:36 --- analyze_glm.R Start ---"
[1] "analyzeVersion=D1115"
[1] "analyzeCategory=analyze"
[1] "analyzeType=RaceHorse"
[1] "analyzeFamily=IsHitA"
[1] "analyzeFunc=glm"
[1] "analyzeTrackTypeCd=1"
[1] "analyzeJyokenCd=3"
[1] "2022-02-18 01:43:36 --- source_function.R Start ---"
[1] "2022-02-18 01:43:36 --- source_function.R Finished ---"

> print(paste0(Sys.time(), " --- source_library.R Start ---"))
[1] "2022-02-18 01:43:37 --- source_library.R Start ---"

> require("RevoScaleR")

> print(paste0(Sys.time(), " --- source_library.R Finished ---"))
[1] "2022-02-18 01:43:42 --- source_library.R Finished ---"
[1] "2022-02-18 01:43:42 --- RxSqlServerData Start ---"
[1] "2022-02-18 01:43:42 --- RxInSqlServer Start ---"
[1] "2022-02-18 01:43:42 --- RxInSqlServer Finish ---"
[1] "2022-02-18 01:43:42 --- rxSetComputeContext Start ---"
[1] "2022-02-18 01:43:42 --- rxSetComputeContext Finish ---"
[1] "2022-02-18 01:43:42 --- RxSqlServerData Start ---"
[1] "sqlQuery=SELECT * FROM ViewAnalyzeD1115analyze01RaceHorseType13"
[1] "2022-02-18 01:43:42 --- RxSqlServerData Finish ---"
[1] "2022-02-18 01:43:42 --- rxGetVarInfo Start ---"
[1] "2022-02-18 01:43:42 --- rxGetVarInfo Finish---"
[1] "2022-02-18 01:43:42 --- rxImport Start ---"
Rows Read: 18165, Total Rows Processed: 18165, Total Chunk Time: 0.347 seconds 
[1] "2022-02-18 01:43:45 --- rxImport Finish ---"
[1] "object.size(data) auto=3 Mb"
[1] "--------------------------------------------------------------------------------"
[1] "nrow(data) RxSqlServerData=18165"
[1] "--------------------------------------------------------------------------------"
[1] "str(data)="
'data.frame':	18165 obs. of  32 variables:
 $ Race.RaceId                      : Factor w/ 1466 levels "20160105-06-01-01-12",..: 1 1 1 1 1 1 1 1 1 1 ...
 $ Race.IsPredictedRace             : logi  TRUE TRUE TRUE TRUE TRUE TRUE ...
 $ Race.IsAnalyzeNormalPastAndFuture: logi  TRUE TRUE TRUE TRUE TRUE TRUE ...
 $ Race.IsAnalyzeNormalPast         : logi  TRUE TRUE TRUE TRUE TRUE TRUE ...
 $ Race.IsAnalyzeNormalFuture       : logi  FALSE FALSE FALSE FALSE FALSE FALSE ...
 $ Race.IsAnalyzeFullPastAndFuture  : logi  TRUE TRUE TRUE TRUE TRUE TRUE ...
 $ Race.IsAnalyzeFullPast           : logi  TRUE TRUE TRUE TRUE TRUE TRUE ...
 $ Race.IsAnalyzeFullFuture         : logi  FALSE FALSE FALSE FALSE FALSE FALSE ...
 $ Race.JyokenCd                    : Factor w/ 1 level "3": 1 1 1 1 1 1 1 1 1 1 ...
 $ Race.JyoType1Cd                  : Factor w/ 168 levels "1-06-1600-1",..: 1 1 1 1 1 1 1 1 1 1 ...
 $ Race.RaceType0Cd                 : Factor w/ 327 levels "1-06-1600-1-3-X-14",..: 1 1 1 1 1 1 1 1 1 1 ...
 $ Race.RaceType1Cd                 : Factor w/ 2 levels "1-3-X","1-3-E": 1 1 1 1 1 1 1 1 1 1 ...
 $ Race.RaceType2Cd                 : Factor w/ 2 levels "1-3-X","1-3-E": 1 1 1 1 1 1 1 1 1 1 ...
 $ Race.RaceType3Cd                 : Factor w/ 4 levels "3-X-14","3-E-14",..: 1 1 1 1 1 1 1 1 1 1 ...
 $ Race.RaceType4Cd                 : Factor w/ 2 levels "1-3-14","1-3-13": 1 1 1 1 1 1 1 1 1 1 ...
 $ RaceHorse.RaceId                 : Factor w/ 1466 levels "20160105-06-01-01-12",..: 1 1 1 1 1 1 1 1 1 1 ...
 $ RaceHorse.KettoNum               : Factor w/ 3593 levels "2010102405","2010104127",..: 1 2 3 4 5 6 7 8 9 10 ...
 $ RaceHorse.Umaban                 : int  16 4 6 12 14 15 1 13 2 5 ...
 $ RaceHorse.Futan                  : num  57 55 55 55 53 57 54 55 56 54 ...
 $ RaceHorse.Bataijyu               : num  492 492 520 452 472 482 474 486 484 452 ...
 $ RaceHorse.Lifetime               : num  2070 2158 2165 1720 1703 ...
 $ RaceHorse.IsHit1                 : int  0 0 0 0 0 0 0 0 0 0 ...
 $ RaceHorse.IsHit2                 : int  0 0 0 0 0 0 0 0 0 0 ...
 $ RaceHorse.IsHit3                 : int  0 0 0 0 0 0 0 0 0 0 ...
 $ RaceHorse.IsHit4                 : int  0 0 0 0 0 1 0 0 0 0 ...
 $ RaceHorse.IsHit5                 : int  0 0 0 0 0 0 0 0 0 0 ...
 $ RaceHorse.IsHit6                 : int  1 1 1 1 1 0 1 1 1 1 ...
 $ RaceHorse.IsValidRaceHorse       : logi  TRUE TRUE TRUE TRUE TRUE TRUE ...
 $ RaceHorse.IsHitA                 : int  0 0 0 0 0 0 0 0 0 0 ...
 $ RaceHorse.IsHitB                 : int  0 0 0 0 0 0 0 0 0 0 ...
 $ RaceHorse.IsHitC                 : int  0 0 0 0 0 0 0 0 0 0 ...
 $ EOF                              : int  1 1 1 1 1 1 1 1 1 1 ...
[1] "2022-02-18 01:43:46 --- RxSqlServerData Finish ---"
[1] "2022-02-18 01:43:46 --- subset Start ---"
[1] "--------------------------------------------------------------------------------"
[1] "nrow(data) subset before=18165"
[1] "nrow(data) subset after =14913"
[1] "nrow(data) subset diff =3252"
[1] "--------------------------------------------------------------------------------"
[1] "2022-02-18 01:43:46 --- subset Finish---"
[1] "2022-02-18 01:43:46 --- transform Start ---"
[1] "--------------------------------------------------------------------------------"
[1] "nrow(data) transform before=14913"
[1] "nrow(data) transform after=14913"
[1] "nrow(data) transform diff=0"
[1] "--------------------------------------------------------------------------------"
[1] "str(data)="
'data.frame':	14913 obs. of  32 variables:
 $ Race.RaceId                      : Factor w/ 1466 levels "20160105-06-01-01-12",..: 1 1 1 1 1 1 1 1 1 1 ...
 $ Race.IsPredictedRace             : logi  TRUE TRUE TRUE TRUE TRUE TRUE ...
 $ Race.IsAnalyzeNormalPastAndFuture: logi  TRUE TRUE TRUE TRUE TRUE TRUE ...
 $ Race.IsAnalyzeNormalPast         : logi  TRUE TRUE TRUE TRUE TRUE TRUE ...
 $ Race.IsAnalyzeNormalFuture       : logi  FALSE FALSE FALSE FALSE FALSE FALSE ...
 $ Race.IsAnalyzeFullPastAndFuture  : logi  TRUE TRUE TRUE TRUE TRUE TRUE ...
 $ Race.IsAnalyzeFullPast           : logi  TRUE TRUE TRUE TRUE TRUE TRUE ...
 $ Race.IsAnalyzeFullFuture         : logi  FALSE FALSE FALSE FALSE FALSE FALSE ...
 $ Race.JyokenCd                    : Factor w/ 1 level "3": 1 1 1 1 1 1 1 1 1 1 ...
 $ Race.JyoType1Cd                  : Factor w/ 168 levels "1-06-1600-1",..: 1 1 1 1 1 1 1 1 1 1 ...
 $ Race.RaceType0Cd                 : Factor w/ 327 levels "1-06-1600-1-3-X-14",..: 1 1 1 1 1 1 1 1 1 1 ...
 $ Race.RaceType1Cd                 : Factor w/ 2 levels "1-3-X","1-3-E": 1 1 1 1 1 1 1 1 1 1 ...
 $ Race.RaceType2Cd                 : Factor w/ 2 levels "1-3-X","1-3-E": 1 1 1 1 1 1 1 1 1 1 ...
 $ Race.RaceType3Cd                 : Factor w/ 4 levels "3-X-14","3-E-14",..: 1 1 1 1 1 1 1 1 1 1 ...
 $ Race.RaceType4Cd                 : Factor w/ 2 levels "1-3-14","1-3-13": 1 1 1 1 1 1 1 1 1 1 ...
 $ RaceHorse.RaceId                 : Factor w/ 1466 levels "20160105-06-01-01-12",..: 1 1 1 1 1 1 1 1 1 1 ...
 $ RaceHorse.KettoNum               : Factor w/ 3593 levels "2010102405","2010104127",..: 1 2 3 4 5 6 7 8 9 10 ...
 $ RaceHorse.Umaban                 : int  16 4 6 12 14 15 1 13 2 5 ...
 $ RaceHorse.Futan                  : num  57 55 55 55 53 57 54 55 56 54 ...
 $ RaceHorse.Bataijyu               : num  492 492 520 452 472 482 474 486 484 452 ...
 $ RaceHorse.Lifetime               : num  2070 2158 2165 1720 1703 ...
 $ RaceHorse.IsHit1                 : int  0 0 0 0 0 0 0 0 0 0 ...
 $ RaceHorse.IsHit2                 : int  0 0 0 0 0 0 0 0 0 0 ...
 $ RaceHorse.IsHit3                 : int  0 0 0 0 0 0 0 0 0 0 ...
 $ RaceHorse.IsHit4                 : int  0 0 0 0 0 1 0 0 0 0 ...
 $ RaceHorse.IsHit5                 : int  0 0 0 0 0 0 0 0 0 0 ...
 $ RaceHorse.IsHit6                 : int  1 1 1 1 1 0 1 1 1 1 ...
 $ RaceHorse.IsValidRaceHorse       : logi  TRUE TRUE TRUE TRUE TRUE TRUE ...
 $ RaceHorse.IsHitA                 : int  0 0 0 0 0 0 0 0 0 0 ...
 $ RaceHorse.IsHitB                 : int  0 0 0 0 0 0 0 0 0 0 ...
 $ RaceHorse.IsHitC                 : int  0 0 0 0 0 0 0 0 0 0 ...
 $ EOF                              : int  1 1 1 1 1 1 1 1 1 1 ...
NULL
[1] "2022-02-18 01:43:46 --- transform Finish ---"
[1] "2022-02-18 01:43:46 --- na.omit Start ---"
[1] "--------------------------------------------------------------------------------"
[1] "nrow(data) na.omit before=14913"
[1] "nrow(data) na.omit after =14889"
[1] "nrow(data) na.omit diff =24"
[1] "--------------------------------------------------------------------------------"
'data.frame':	14889 obs. of  32 variables:
 $ Race.RaceId                      : Factor w/ 1466 levels "20160105-06-01-01-12",..: 1 1 1 1 1 1 1 1 1 1 ...
 $ Race.IsPredictedRace             : logi  TRUE TRUE TRUE TRUE TRUE TRUE ...
 $ Race.IsAnalyzeNormalPastAndFuture: logi  TRUE TRUE TRUE TRUE TRUE TRUE ...
 $ Race.IsAnalyzeNormalPast         : logi  TRUE TRUE TRUE TRUE TRUE TRUE ...
 $ Race.IsAnalyzeNormalFuture       : logi  FALSE FALSE FALSE FALSE FALSE FALSE ...
 $ Race.IsAnalyzeFullPastAndFuture  : logi  TRUE TRUE TRUE TRUE TRUE TRUE ...
 $ Race.IsAnalyzeFullPast           : logi  TRUE TRUE TRUE TRUE TRUE TRUE ...
 $ Race.IsAnalyzeFullFuture         : logi  FALSE FALSE FALSE FALSE FALSE FALSE ...
 $ Race.JyokenCd                    : Factor w/ 1 level "3": 1 1 1 1 1 1 1 1 1 1 ...
 $ Race.JyoType1Cd                  : Factor w/ 168 levels "1-06-1600-1",..: 1 1 1 1 1 1 1 1 1 1 ...
 $ Race.RaceType0Cd                 : Factor w/ 327 levels "1-06-1600-1-3-X-14",..: 1 1 1 1 1 1 1 1 1 1 ...
 $ Race.RaceType1Cd                 : Factor w/ 2 levels "1-3-X","1-3-E": 1 1 1 1 1 1 1 1 1 1 ...
 $ Race.RaceType2Cd                 : Factor w/ 2 levels "1-3-X","1-3-E": 1 1 1 1 1 1 1 1 1 1 ...
 $ Race.RaceType3Cd                 : Factor w/ 4 levels "3-X-14","3-E-14",..: 1 1 1 1 1 1 1 1 1 1 ...
 $ Race.RaceType4Cd                 : Factor w/ 2 levels "1-3-14","1-3-13": 1 1 1 1 1 1 1 1 1 1 ...
 $ RaceHorse.RaceId                 : Factor w/ 1466 levels "20160105-06-01-01-12",..: 1 1 1 1 1 1 1 1 1 1 ...
 $ RaceHorse.KettoNum               : Factor w/ 3593 levels "2010102405","2010104127",..: 1 2 3 4 5 6 7 8 9 10 ...
 $ RaceHorse.Umaban                 : int  16 4 6 12 14 15 1 13 2 5 ...
 $ RaceHorse.Futan                  : num  57 55 55 55 53 57 54 55 56 54 ...
 $ RaceHorse.Bataijyu               : num  492 492 520 452 472 482 474 486 484 452 ...
 $ RaceHorse.Lifetime               : num  2070 2158 2165 1720 1703 ...
 $ RaceHorse.IsHit1                 : int  0 0 0 0 0 0 0 0 0 0 ...
 $ RaceHorse.IsHit2                 : int  0 0 0 0 0 0 0 0 0 0 ...
 $ RaceHorse.IsHit3                 : int  0 0 0 0 0 0 0 0 0 0 ...
 $ RaceHorse.IsHit4                 : int  0 0 0 0 0 1 0 0 0 0 ...
 $ RaceHorse.IsHit5                 : int  0 0 0 0 0 0 0 0 0 0 ...
 $ RaceHorse.IsHit6                 : int  1 1 1 1 1 0 1 1 1 1 ...
 $ RaceHorse.IsValidRaceHorse       : logi  TRUE TRUE TRUE TRUE TRUE TRUE ...
 $ RaceHorse.IsHitA                 : int  0 0 0 0 0 0 0 0 0 0 ...
 $ RaceHorse.IsHitB                 : int  0 0 0 0 0 0 0 0 0 0 ...
 $ RaceHorse.IsHitC                 : int  0 0 0 0 0 0 0 0 0 0 ...
 $ EOF                              : int  1 1 1 1 1 1 1 1 1 1 ...
 - attr(*, "na.action")= 'omit' Named int  981 1057 2172 4833 5246 6213 6248 6735 8186 8252 ...
  ..- attr(*, "names")= chr  "981" "1057" "2172" "4833" ...
[1] "2022-02-18 01:43:47 --- na.omit Finish ---"
[1] "2022-02-18 01:43:47 --- rxGlm with rxStepControl Start ---"

> print(paste0(Sys.time(), " --- source_logic_glm.R Start ---"))
[1] "2022-02-18 01:43:47 --- source_logic_glm.R Start ---"

> formula <- formula(RaceHorse.IsHitA ~ +1 + RaceHorse.Umaban + 
+     RaceHorse.Futan + RaceHorse.Bataijyu + RaceHorse.Lifetime)

> print(paste0(Sys.time(), " --- source_logic_glm.R Finished ---"))
[1] "2022-02-18 01:43:47 --- source_logic_glm.R Finished ---"
Rows Read: 14889, Total Rows Processed: 14889, Total Chunk Time: 0.002 seconds 

Starting values (iteration 1) time: 0.031 secs.
Rows Read: 14889, Total Rows Processed: 14889, Total Chunk Time: 0.003 seconds 

Iteration 2 time: 0.010 secs.
Rows Read: 14889, Total Rows Processed: 14889, Total Chunk Time: 0.003 seconds 

Iteration 3 time: 0.007 secs.
Rows Read: 14889, Total Rows Processed: 14889, Total Chunk Time: 0.002 seconds 

Iteration 4 time: 0.009 secs.
Rows Read: 14889, Total Rows Processed: 14889, Total Chunk Time: 0.002 seconds 

Iteration 5 time: 0.005 secs.

Elapsed computation time: 0.100 secs.
Rows Read: 14889, Total Rows Processed: 14889, Total Chunk Time: 0.002 seconds 

Starting values (iteration 1) time: 0.017 secs.
Rows Read: 14889, Total Rows Processed: 14889, Total Chunk Time: 0.002 seconds 

Iteration 2 time: 0.007 secs.
Rows Read: 14889, Total Rows Processed: 14889, Total Chunk Time: 0.002 seconds 

Iteration 3 time: 0.007 secs.
Rows Read: 14889, Total Rows Processed: 14889, Total Chunk Time: 0.003 seconds 

Iteration 4 time: 0.009 secs.
Rows Read: 14889, Total Rows Processed: 14889, Total Chunk Time: 0.003 seconds 

Iteration 5 time: 0.009 secs.

Elapsed computation time: 0.083 secs.
Rows Read: 14889, Total Rows Processed: 14889, Total Chunk Time: 0.002 seconds 

Starting values (iteration 1) time: 0.009 secs.
Rows Read: 14889, Total Rows Processed: 14889, Total Chunk Time: 0.003 seconds 

Iteration 2 time: 0.009 secs.
Rows Read: 14889, Total Rows Processed: 14889, Total Chunk Time: 0.003 seconds 

Iteration 3 time: 0.007 secs.
Rows Read: 14889, Total Rows Processed: 14889, Total Chunk Time: 0.003 seconds 

Iteration 4 time: 0.007 secs.
Rows Read: 14889, Total Rows Processed: 14889, Total Chunk Time: 0.002 seconds 

Iteration 5 time: 0.007 secs.

Elapsed computation time: 0.075 secs.
Rows Read: 14889, Total Rows Processed: 14889, Total Chunk Time: 0.001 seconds 

Starting values (iteration 1) time: 0.008 secs.
Rows Read: 14889, Total Rows Processed: 14889, Total Chunk Time: 0.003 seconds 

Iteration 2 time: 0.013 secs.
Rows Read: 14889, Total Rows Processed: 14889, Total Chunk Time: 0.003 seconds 

Iteration 3 time: 0.015 secs.
Rows Read: 14889, Total Rows Processed: 14889, Total Chunk Time: 0.002 seconds 

Iteration 4 time: 0.011 secs.

Elapsed computation time: 0.072 secs.
Rows Read: 14889, Total Rows Processed: 14889, Total Chunk Time: Less than .001 seconds 

Starting values (iteration 1) time: 0.009 secs.
Rows Read: 14889, Total Rows Processed: 14889, Total Chunk Time: 0.002 seconds 

Iteration 2 time: 0.009 secs.
Rows Read: 14889, Total Rows Processed: 14889, Total Chunk Time: 0.002 seconds 

Iteration 3 time: 0.006 secs.
Rows Read: 14889, Total Rows Processed: 14889, Total Chunk Time: 0.002 seconds 

Iteration 4 time: 0.007 secs.
Rows Read: 14889, Total Rows Processed: 14889, Total Chunk Time: 0.002 seconds 

Iteration 5 time: 0.011 secs.

Elapsed computation time: 0.067 secs.
Rows Read: 14889, Total Rows Processed: 14889, Total Chunk Time: 0.002 seconds 

Starting values (iteration 1) time: 0.008 secs.
Rows Read: 14889, Total Rows Processed: 14889, Total Chunk Time: 0.002 seconds 

Iteration 2 time: 0.007 secs.
Rows Read: 14889, Total Rows Processed: 14889, Total Chunk Time: 0.002 seconds 

Iteration 3 time: 0.009 secs.
Rows Read: 14889, Total Rows Processed: 14889, Total Chunk Time: 0.002 seconds 

Iteration 4 time: 0.009 secs.
Rows Read: 14889, Total Rows Processed: 14889, Total Chunk Time: 0.002 seconds 

Iteration 5 time: 0.006 secs.

Elapsed computation time: 0.073 secs.

Elapsed computation time: 0.515 secs.
[1] "--------------------------------------------------------------------------------"
[1] "analyze.results.glm.step="
Logistic Regression Results for: RaceHorse.IsHitA ~ RaceHorse.Umaban +
    RaceHorse.Futan + RaceHorse.Bataijyu + RaceHorse.Lifetime
Data: data
Dependent variable(s): RaceHorse.IsHitA
Total independent variables: 5 
Number of valid observations: 14889
Number of missing observations: 0 
 
Coefficients:
                   RaceHorse.IsHitA
(Intercept)                  -4.896
RaceHorse.Umaban             -0.025
RaceHorse.Futan               0.068
RaceHorse.Bataijyu            0.003
RaceHorse.Lifetime           -0.002
[1] "analyze.results.glm.step.summary"
Call:
rxLogit(formula = formula, data = data, variableSelection = analyze.results.glm.step.varsel)

Logistic Regression Results for: RaceHorse.IsHitA ~ RaceHorse.Umaban +
    RaceHorse.Futan + RaceHorse.Bataijyu + RaceHorse.Lifetime
Data: data
Dependent variable(s): RaceHorse.IsHitA
Total independent variables: 5 
Number of valid observations: 14889
Number of missing observations: 0 
-2*LogLikelihood: 7995.739 (Residual deviance on 14884 degrees of freedom)
 
Coefficients:
                    Estimate Std. Error z value Pr(>|z|)    
(Intercept)        -4.90e+00   1.08e+00   -4.54  5.6e-06 ***
RaceHorse.Umaban   -2.54e-02   7.51e-03   -3.38  0.00072 ***
RaceHorse.Futan     6.83e-02   2.01e-02    3.39  0.00069 ***
RaceHorse.Bataijyu  3.20e-03   1.16e-03    2.76  0.00572 ** 
RaceHorse.Lifetime -1.53e-03   9.69e-05  -15.75  2.2e-16 ***
---
Signif. codes:  0 '***' 0.001 '**' 0.01 '*' 0.05 '.' 0.1 ' ' 1

Condition number of final variance-covariance matrix: 2 
Number of iterations: 5
[1] "--------------------------------------------------------------------------------"
[1] "2022-02-18 01:43:48 --- rxGlm with rxStepControl Finish ---"
[1] "2022-02-18 01:43:48 --- rxStepPlot Start ---"
[1] "pdfFilename=pdf_analyze_glm_RaceHorse_Type13_rxStepPlot.pdf"
[1] "rxStepPlot="
[1] "2022-02-18 01:43:48 --- rxStepPlot Finish ---"
[1] "2022-02-18 01:43:48 --- save.image Start ---"
[1] "save.image"
[1] "rdataFilename=RData_analyze_glm_RaceHorse_Type13.RData"
[1] "2022-02-18 01:43:48 --- save.image Finish ---"
[1] "2022-02-18 01:43:48 --- final Start ---"
[1] "--------------------------------------------------------------------------------"
[1] "nrow(data) final=14889"
[1] "--------------------------------------------------------------------------------"
[1] "2022-02-18 01:43:48 --- final Finish ---"
[1] "2022-02-18 01:43:48 --- analyze_glm.R Finished ---"
[1] "2022-02-18 01:43:48 --- log Finish ---"
