[1] "2022-02-18 01:43:46 --- D1115_analyze_glm_RaceHorse_IsHitA_Type15 Start ---"
[1] "2022-02-18 01:43:46 --- Log Start ---"
[1] "2022-02-18 01:43:46 --- analyze_glm.R Start ---"
[1] "analyzeVersion=D1115"
[1] "analyzeCategory=analyze"
[1] "analyzeType=RaceHorse"
[1] "analyzeFamily=IsHitA"
[1] "analyzeFunc=glm"
[1] "analyzeTrackTypeCd=1"
[1] "analyzeJyokenCd=5"
[1] "2022-02-18 01:43:46 --- source_function.R Start ---"
[1] "2022-02-18 01:43:46 --- source_function.R Finished ---"

> print(paste0(Sys.time(), " --- source_library.R Start ---"))
[1] "2022-02-18 01:43:49 --- source_library.R Start ---"

> require("RevoScaleR")

> print(paste0(Sys.time(), " --- source_library.R Finished ---"))
[1] "2022-02-18 01:43:54 --- source_library.R Finished ---"
[1] "2022-02-18 01:43:54 --- RxSqlServerData Start ---"
[1] "2022-02-18 01:43:54 --- RxInSqlServer Start ---"
[1] "2022-02-18 01:43:54 --- RxInSqlServer Finish ---"
[1] "2022-02-18 01:43:54 --- rxSetComputeContext Start ---"
[1] "2022-02-18 01:43:54 --- rxSetComputeContext Finish ---"
[1] "2022-02-18 01:43:54 --- RxSqlServerData Start ---"
[1] "sqlQuery=SELECT * FROM ViewAnalyzeD1115analyze01RaceHorseType15"
[1] "2022-02-18 01:43:54 --- RxSqlServerData Finish ---"
[1] "2022-02-18 01:43:54 --- rxGetVarInfo Start ---"
[1] "2022-02-18 01:43:54 --- rxGetVarInfo Finish---"
[1] "2022-02-18 01:43:54 --- rxImport Start ---"
Rows Read: 45206, Total Rows Processed: 45206, Total Chunk Time: 0.872 seconds 
[1] "2022-02-18 01:44:00 --- rxImport Finish ---"
[1] "object.size(data) auto=7.7 Mb"
[1] "--------------------------------------------------------------------------------"
[1] "nrow(data) RxSqlServerData=45206"
[1] "--------------------------------------------------------------------------------"
[1] "str(data)="
'data.frame':	45206 obs. of  32 variables:
 $ Race.RaceId                      : Factor w/ 3012 levels "20160105-06-01-01-05",..: 1 1 1 1 1 1 1 1 1 1 ...
 $ Race.IsPredictedRace             : logi  TRUE TRUE TRUE TRUE TRUE TRUE ...
 $ Race.IsAnalyzeNormalPastAndFuture: logi  TRUE TRUE TRUE TRUE TRUE TRUE ...
 $ Race.IsAnalyzeNormalPast         : logi  TRUE TRUE TRUE TRUE TRUE TRUE ...
 $ Race.IsAnalyzeNormalFuture       : logi  FALSE FALSE FALSE FALSE FALSE FALSE ...
 $ Race.IsAnalyzeFullPastAndFuture  : logi  TRUE TRUE TRUE TRUE TRUE TRUE ...
 $ Race.IsAnalyzeFullPast           : logi  TRUE TRUE TRUE TRUE TRUE TRUE ...
 $ Race.IsAnalyzeFullFuture         : logi  FALSE FALSE FALSE FALSE FALSE FALSE ...
 $ Race.JyokenCd                    : Factor w/ 1 level "5": 1 1 1 1 1 1 1 1 1 1 ...
 $ Race.JyoType1Cd                  : Factor w/ 182 levels "1-06-2000-1",..: 1 1 1 1 1 1 1 1 1 1 ...
 $ Race.RaceType0Cd                 : Factor w/ 290 levels "1-06-2000-1-5-X-12",..: 1 1 1 1 1 1 1 1 1 1 ...
 $ Race.RaceType1Cd                 : Factor w/ 1 level "1-5-X": 1 1 1 1 1 1 1 1 1 1 ...
 $ Race.RaceType2Cd                 : Factor w/ 1 level "1-5-X": 1 1 1 1 1 1 1 1 1 1 ...
 $ Race.RaceType3Cd                 : Factor w/ 2 levels "5-X-12","5-X-11": 1 1 1 1 1 1 1 1 1 1 ...
 $ Race.RaceType4Cd                 : Factor w/ 2 levels "1-5-12","1-5-11": 1 1 1 1 1 1 1 1 1 1 ...
 $ RaceHorse.RaceId                 : Factor w/ 3012 levels "20160105-06-01-01-05",..: 1 1 1 1 1 1 1 1 1 1 ...
 $ RaceHorse.KettoNum               : Factor w/ 16910 levels "2013100152","2013100503",..: 1 2 3 4 5 6 7 8 9 10 ...
 $ RaceHorse.Umaban                 : int  12 7 11 3 6 9 4 8 2 13 ...
 $ RaceHorse.Futan                  : num  54 54 54 53 56 56 56 54 56 56 ...
 $ RaceHorse.Bataijyu               : num  400 410 428 436 440 456 492 496 454 478 ...
 $ RaceHorse.Lifetime               : num  1039 1036 1013 955 1064 ...
 $ RaceHorse.IsHit1                 : int  0 0 0 0 0 0 0 0 1 0 ...
 $ RaceHorse.IsHit2                 : int  0 0 0 0 0 0 0 0 0 1 ...
 $ RaceHorse.IsHit3                 : int  0 0 0 0 0 0 0 0 0 0 ...
 $ RaceHorse.IsHit4                 : int  0 0 0 0 0 0 0 0 0 0 ...
 $ RaceHorse.IsHit5                 : int  0 0 0 0 0 0 0 0 0 0 ...
 $ RaceHorse.IsHit6                 : int  1 1 1 1 1 1 1 1 0 0 ...
 $ RaceHorse.IsValidRaceHorse       : logi  TRUE TRUE TRUE TRUE TRUE TRUE ...
 $ RaceHorse.IsHitA                 : int  0 0 0 0 0 0 0 0 1 0 ...
 $ RaceHorse.IsHitB                 : int  0 0 0 0 0 0 0 0 1 1 ...
 $ RaceHorse.IsHitC                 : int  0 0 0 0 0 0 0 0 1 1 ...
 $ EOF                              : int  1 1 1 1 1 1 1 1 1 1 ...
[1] "2022-02-18 01:44:01 --- RxSqlServerData Finish ---"
[1] "2022-02-18 01:44:01 --- subset Start ---"
[1] "--------------------------------------------------------------------------------"
[1] "nrow(data) subset before=45206"
[1] "nrow(data) subset after =37190"
[1] "nrow(data) subset diff =8016"
[1] "--------------------------------------------------------------------------------"
[1] "2022-02-18 01:44:01 --- subset Finish---"
[1] "2022-02-18 01:44:01 --- transform Start ---"
[1] "--------------------------------------------------------------------------------"
[1] "nrow(data) transform before=37190"
[1] "nrow(data) transform after=37190"
[1] "nrow(data) transform diff=0"
[1] "--------------------------------------------------------------------------------"
[1] "str(data)="
'data.frame':	37190 obs. of  32 variables:
 $ Race.RaceId                      : Factor w/ 3012 levels "20160105-06-01-01-05",..: 1 1 1 1 1 1 1 1 1 1 ...
 $ Race.IsPredictedRace             : logi  TRUE TRUE TRUE TRUE TRUE TRUE ...
 $ Race.IsAnalyzeNormalPastAndFuture: logi  TRUE TRUE TRUE TRUE TRUE TRUE ...
 $ Race.IsAnalyzeNormalPast         : logi  TRUE TRUE TRUE TRUE TRUE TRUE ...
 $ Race.IsAnalyzeNormalFuture       : logi  FALSE FALSE FALSE FALSE FALSE FALSE ...
 $ Race.IsAnalyzeFullPastAndFuture  : logi  TRUE TRUE TRUE TRUE TRUE TRUE ...
 $ Race.IsAnalyzeFullPast           : logi  TRUE TRUE TRUE TRUE TRUE TRUE ...
 $ Race.IsAnalyzeFullFuture         : logi  FALSE FALSE FALSE FALSE FALSE FALSE ...
 $ Race.JyokenCd                    : Factor w/ 1 level "5": 1 1 1 1 1 1 1 1 1 1 ...
 $ Race.JyoType1Cd                  : Factor w/ 182 levels "1-06-2000-1",..: 1 1 1 1 1 1 1 1 1 1 ...
 $ Race.RaceType0Cd                 : Factor w/ 290 levels "1-06-2000-1-5-X-12",..: 1 1 1 1 1 1 1 1 1 1 ...
 $ Race.RaceType1Cd                 : Factor w/ 1 level "1-5-X": 1 1 1 1 1 1 1 1 1 1 ...
 $ Race.RaceType2Cd                 : Factor w/ 1 level "1-5-X": 1 1 1 1 1 1 1 1 1 1 ...
 $ Race.RaceType3Cd                 : Factor w/ 2 levels "5-X-12","5-X-11": 1 1 1 1 1 1 1 1 1 1 ...
 $ Race.RaceType4Cd                 : Factor w/ 2 levels "1-5-12","1-5-11": 1 1 1 1 1 1 1 1 1 1 ...
 $ RaceHorse.RaceId                 : Factor w/ 3012 levels "20160105-06-01-01-05",..: 1 1 1 1 1 1 1 1 1 1 ...
 $ RaceHorse.KettoNum               : Factor w/ 16910 levels "2013100152","2013100503",..: 1 2 3 4 5 6 7 8 9 10 ...
 $ RaceHorse.Umaban                 : int  12 7 11 3 6 9 4 8 2 13 ...
 $ RaceHorse.Futan                  : num  54 54 54 53 56 56 56 54 56 56 ...
 $ RaceHorse.Bataijyu               : num  400 410 428 436 440 456 492 496 454 478 ...
 $ RaceHorse.Lifetime               : num  1039 1036 1013 955 1064 ...
 $ RaceHorse.IsHit1                 : int  0 0 0 0 0 0 0 0 1 0 ...
 $ RaceHorse.IsHit2                 : int  0 0 0 0 0 0 0 0 0 1 ...
 $ RaceHorse.IsHit3                 : int  0 0 0 0 0 0 0 0 0 0 ...
 $ RaceHorse.IsHit4                 : int  0 0 0 0 0 0 0 0 0 0 ...
 $ RaceHorse.IsHit5                 : int  0 0 0 0 0 0 0 0 0 0 ...
 $ RaceHorse.IsHit6                 : int  1 1 1 1 1 1 1 1 0 0 ...
 $ RaceHorse.IsValidRaceHorse       : logi  TRUE TRUE TRUE TRUE TRUE TRUE ...
 $ RaceHorse.IsHitA                 : int  0 0 0 0 0 0 0 0 1 0 ...
 $ RaceHorse.IsHitB                 : int  0 0 0 0 0 0 0 0 1 1 ...
 $ RaceHorse.IsHitC                 : int  0 0 0 0 0 0 0 0 1 1 ...
 $ EOF                              : int  1 1 1 1 1 1 1 1 1 1 ...
NULL
[1] "2022-02-18 01:44:01 --- transform Finish ---"
[1] "2022-02-18 01:44:01 --- na.omit Start ---"
[1] "--------------------------------------------------------------------------------"
[1] "nrow(data) na.omit before=37190"
[1] "nrow(data) na.omit after =37127"
[1] "nrow(data) na.omit diff =63"
[1] "--------------------------------------------------------------------------------"
'data.frame':	37127 obs. of  32 variables:
 $ Race.RaceId                      : Factor w/ 3012 levels "20160105-06-01-01-05",..: 1 1 1 1 1 1 1 1 1 1 ...
 $ Race.IsPredictedRace             : logi  TRUE TRUE TRUE TRUE TRUE TRUE ...
 $ Race.IsAnalyzeNormalPastAndFuture: logi  TRUE TRUE TRUE TRUE TRUE TRUE ...
 $ Race.IsAnalyzeNormalPast         : logi  TRUE TRUE TRUE TRUE TRUE TRUE ...
 $ Race.IsAnalyzeNormalFuture       : logi  FALSE FALSE FALSE FALSE FALSE FALSE ...
 $ Race.IsAnalyzeFullPastAndFuture  : logi  TRUE TRUE TRUE TRUE TRUE TRUE ...
 $ Race.IsAnalyzeFullPast           : logi  TRUE TRUE TRUE TRUE TRUE TRUE ...
 $ Race.IsAnalyzeFullFuture         : logi  FALSE FALSE FALSE FALSE FALSE FALSE ...
 $ Race.JyokenCd                    : Factor w/ 1 level "5": 1 1 1 1 1 1 1 1 1 1 ...
 $ Race.JyoType1Cd                  : Factor w/ 182 levels "1-06-2000-1",..: 1 1 1 1 1 1 1 1 1 1 ...
 $ Race.RaceType0Cd                 : Factor w/ 290 levels "1-06-2000-1-5-X-12",..: 1 1 1 1 1 1 1 1 1 1 ...
 $ Race.RaceType1Cd                 : Factor w/ 1 level "1-5-X": 1 1 1 1 1 1 1 1 1 1 ...
 $ Race.RaceType2Cd                 : Factor w/ 1 level "1-5-X": 1 1 1 1 1 1 1 1 1 1 ...
 $ Race.RaceType3Cd                 : Factor w/ 2 levels "5-X-12","5-X-11": 1 1 1 1 1 1 1 1 1 1 ...
 $ Race.RaceType4Cd                 : Factor w/ 2 levels "1-5-12","1-5-11": 1 1 1 1 1 1 1 1 1 1 ...
 $ RaceHorse.RaceId                 : Factor w/ 3012 levels "20160105-06-01-01-05",..: 1 1 1 1 1 1 1 1 1 1 ...
 $ RaceHorse.KettoNum               : Factor w/ 16910 levels "2013100152","2013100503",..: 1 2 3 4 5 6 7 8 9 10 ...
 $ RaceHorse.Umaban                 : int  12 7 11 3 6 9 4 8 2 13 ...
 $ RaceHorse.Futan                  : num  54 54 54 53 56 56 56 54 56 56 ...
 $ RaceHorse.Bataijyu               : num  400 410 428 436 440 456 492 496 454 478 ...
 $ RaceHorse.Lifetime               : num  1039 1036 1013 955 1064 ...
 $ RaceHorse.IsHit1                 : int  0 0 0 0 0 0 0 0 1 0 ...
 $ RaceHorse.IsHit2                 : int  0 0 0 0 0 0 0 0 0 1 ...
 $ RaceHorse.IsHit3                 : int  0 0 0 0 0 0 0 0 0 0 ...
 $ RaceHorse.IsHit4                 : int  0 0 0 0 0 0 0 0 0 0 ...
 $ RaceHorse.IsHit5                 : int  0 0 0 0 0 0 0 0 0 0 ...
 $ RaceHorse.IsHit6                 : int  1 1 1 1 1 1 1 1 0 0 ...
 $ RaceHorse.IsValidRaceHorse       : logi  TRUE TRUE TRUE TRUE TRUE TRUE ...
 $ RaceHorse.IsHitA                 : int  0 0 0 0 0 0 0 0 1 0 ...
 $ RaceHorse.IsHitB                 : int  0 0 0 0 0 0 0 0 1 1 ...
 $ RaceHorse.IsHitC                 : int  0 0 0 0 0 0 0 0 1 1 ...
 $ EOF                              : int  1 1 1 1 1 1 1 1 1 1 ...
 - attr(*, "na.action")= 'omit' Named int  832 839 1142 1430 1987 2333 2530 2994 3106 3186 ...
  ..- attr(*, "names")= chr  "832" "839" "1142" "1430" ...
[1] "2022-02-18 01:44:01 --- na.omit Finish ---"
[1] "2022-02-18 01:44:01 --- rxGlm with rxStepControl Start ---"

> print(paste0(Sys.time(), " --- source_logic_glm.R Start ---"))
[1] "2022-02-18 01:44:01 --- source_logic_glm.R Start ---"

> formula <- formula(RaceHorse.IsHitA ~ +1 + RaceHorse.Umaban + 
+     RaceHorse.Futan + RaceHorse.Bataijyu + RaceHorse.Lifetime)

> print(paste0(Sys.time(), " --- source_logic_glm.R Finished ---"))
[1] "2022-02-18 01:44:01 --- source_logic_glm.R Finished ---"
Rows Read: 37127, Total Rows Processed: 37127, Total Chunk Time: 0.003 seconds 

Starting values (iteration 1) time: 0.043 secs.
Rows Read: 37127, Total Rows Processed: 37127, Total Chunk Time: 0.005 seconds 

Iteration 2 time: 0.013 secs.
Rows Read: 37127, Total Rows Processed: 37127, Total Chunk Time: 0.005 seconds 

Iteration 3 time: 0.009 secs.
Rows Read: 37127, Total Rows Processed: 37127, Total Chunk Time: 0.006 seconds 

Iteration 4 time: 0.009 secs.
Rows Read: 37127, Total Rows Processed: 37127, Total Chunk Time: 0.005 seconds 

Iteration 5 time: 0.009 secs.

Elapsed computation time: 0.110 secs.
Rows Read: 37127, Total Rows Processed: 37127, Total Chunk Time: 0.003 seconds 

Starting values (iteration 1) time: 0.019 secs.
Rows Read: 37127, Total Rows Processed: 37127, Total Chunk Time: 0.005 seconds 

Iteration 2 time: 0.014 secs.
Rows Read: 37127, Total Rows Processed: 37127, Total Chunk Time: 0.004 seconds 

Iteration 3 time: 0.008 secs.
Rows Read: 37127, Total Rows Processed: 37127, Total Chunk Time: 0.005 seconds 

Iteration 4 time: 0.008 secs.

Elapsed computation time: 0.070 secs.
Rows Read: 37127, Total Rows Processed: 37127, Total Chunk Time: 0.003 seconds 

Starting values (iteration 1) time: 0.018 secs.
Rows Read: 37127, Total Rows Processed: 37127, Total Chunk Time: 0.004 seconds 

Iteration 2 time: 0.013 secs.
Rows Read: 37127, Total Rows Processed: 37127, Total Chunk Time: 0.004 seconds 

Iteration 3 time: 0.008 secs.
Rows Read: 37127, Total Rows Processed: 37127, Total Chunk Time: 0.004 seconds 

Iteration 4 time: 0.009 secs.

Elapsed computation time: 0.071 secs.
Rows Read: 37127, Total Rows Processed: 37127, Total Chunk Time: 0.002 seconds 

Starting values (iteration 1) time: 0.018 secs.
Rows Read: 37127, Total Rows Processed: 37127, Total Chunk Time: 0.004 seconds 

Iteration 2 time: 0.013 secs.
Rows Read: 37127, Total Rows Processed: 37127, Total Chunk Time: 0.005 seconds 

Iteration 3 time: 0.008 secs.
Rows Read: 37127, Total Rows Processed: 37127, Total Chunk Time: 0.005 seconds 

Iteration 4 time: 0.009 secs.

Elapsed computation time: 0.066 secs.
Rows Read: 37127, Total Rows Processed: 37127, Total Chunk Time: 0.002 seconds 

Starting values (iteration 1) time: 0.015 secs.
Rows Read: 37127, Total Rows Processed: 37127, Total Chunk Time: 0.004 seconds 

Iteration 2 time: 0.013 secs.
Rows Read: 37127, Total Rows Processed: 37127, Total Chunk Time: 0.005 seconds 

Iteration 3 time: 0.008 secs.
Rows Read: 37127, Total Rows Processed: 37127, Total Chunk Time: 0.005 seconds 

Iteration 4 time: 0.008 secs.
Rows Read: 37127, Total Rows Processed: 37127, Total Chunk Time: 0.004 seconds 

Iteration 5 time: 0.007 secs.

Elapsed computation time: 0.072 secs.
Rows Read: 37127, Total Rows Processed: 37127, Total Chunk Time: 0.003 seconds 

Starting values (iteration 1) time: 0.013 secs.
Rows Read: 37127, Total Rows Processed: 37127, Total Chunk Time: 0.005 seconds 

Iteration 2 time: 0.014 secs.
Rows Read: 37127, Total Rows Processed: 37127, Total Chunk Time: 0.005 seconds 

Iteration 3 time: 0.009 secs.
Rows Read: 37127, Total Rows Processed: 37127, Total Chunk Time: 0.004 seconds 

Iteration 4 time: 0.007 secs.
Rows Read: 37127, Total Rows Processed: 37127, Total Chunk Time: 0.005 seconds 

Iteration 5 time: 0.008 secs.

Elapsed computation time: 0.072 secs.

Elapsed computation time: 0.511 secs.
[1] "--------------------------------------------------------------------------------"
[1] "analyze.results.glm.step="
Logistic Regression Results for: RaceHorse.IsHitA ~ RaceHorse.Umaban +
    RaceHorse.Futan + RaceHorse.Bataijyu + RaceHorse.Lifetime
Data: data
Dependent variable(s): RaceHorse.IsHitA
Total independent variables: 5 
Number of valid observations: 37127
Number of missing observations: 0 
 
Coefficients:
                   RaceHorse.IsHitA
(Intercept)                  -1e+01
RaceHorse.Umaban             -2e-02
RaceHorse.Futan               1e-01
RaceHorse.Bataijyu            6e-03
RaceHorse.Lifetime           -7e-04
[1] "analyze.results.glm.step.summary"
Call:
rxLogit(formula = formula, data = data, variableSelection = analyze.results.glm.step.varsel)

Logistic Regression Results for: RaceHorse.IsHitA ~ RaceHorse.Umaban +
    RaceHorse.Futan + RaceHorse.Bataijyu + RaceHorse.Lifetime
Data: data
Dependent variable(s): RaceHorse.IsHitA
Total independent variables: 5 
Number of valid observations: 37127
Number of missing observations: 0 
-2*LogLikelihood: 18013.519 (Residual deviance on 37122 degrees of freedom)
 
Coefficients:
                    Estimate Std. Error z value Pr(>|z|)    
(Intercept)        -1.09e+01   8.80e-01  -12.36  2.2e-16 ***
RaceHorse.Umaban   -1.80e-02   4.50e-03   -4.00  6.3e-05 ***
RaceHorse.Futan     1.15e-01   1.77e-02    6.51  7.5e-11 ***
RaceHorse.Bataijyu  6.22e-03   7.44e-04    8.35  2.2e-16 ***
RaceHorse.Lifetime -6.64e-04   1.76e-04   -3.76  0.00017 ***
---
Signif. codes:  0 '***' 0.001 '**' 0.01 '*' 0.05 '.' 0.1 ' ' 1

Condition number of final variance-covariance matrix: 3 
Number of iterations: 5
[1] "--------------------------------------------------------------------------------"
[1] "2022-02-18 01:44:02 --- rxGlm with rxStepControl Finish ---"
[1] "2022-02-18 01:44:02 --- rxStepPlot Start ---"
[1] "pdfFilename=pdf_analyze_glm_RaceHorse_Type15_rxStepPlot.pdf"
[1] "rxStepPlot="
[1] "2022-02-18 01:44:02 --- rxStepPlot Finish ---"
[1] "2022-02-18 01:44:02 --- save.image Start ---"
[1] "save.image"
[1] "rdataFilename=RData_analyze_glm_RaceHorse_Type15.RData"
[1] "2022-02-18 01:44:02 --- save.image Finish ---"
[1] "2022-02-18 01:44:02 --- final Start ---"
[1] "--------------------------------------------------------------------------------"
[1] "nrow(data) final=37127"
[1] "--------------------------------------------------------------------------------"
[1] "2022-02-18 01:44:02 --- final Finish ---"
[1] "2022-02-18 01:44:02 --- analyze_glm.R Finished ---"
[1] "2022-02-18 01:44:02 --- log Finish ---"
