[1] "2022-02-21 22:16:36 --- D1115_analyze_glm_Odds_IsHitA_Type13 Start ---"
[1] "2022-02-21 22:16:36 --- Log Start ---"
[1] "2022-02-21 22:16:36 --- analyze_glm.R Start ---"
[1] "analyzeVersion=D1115"
[1] "analyzeCategory=analyze"
[1] "analyzeType=Odds"
[1] "analyzeFamily=IsHitA"
[1] "analyzeFunc=glm"
[1] "analyzeTrackTypeCd=1"
[1] "analyzeJyokenCd=3"
[1] "2022-02-21 22:16:36 --- source_function.R Start ---"
[1] "2022-02-21 22:16:36 --- source_function.R Finished ---"

> print(paste0(Sys.time(), " --- source_library.R Start ---"))
[1] "2022-02-21 22:16:36 --- source_library.R Start ---"

> require("RevoScaleR")

> print(paste0(Sys.time(), " --- source_library.R Finished ---"))
[1] "2022-02-21 22:16:42 --- source_library.R Finished ---"
[1] "2022-02-21 22:16:42 --- RxSqlServerData Start ---"
[1] "2022-02-21 22:16:42 --- RxInSqlServer Start ---"
[1] "2022-02-21 22:16:42 --- RxInSqlServer Finish ---"
[1] "2022-02-21 22:16:42 --- rxSetComputeContext Start ---"
[1] "2022-02-21 22:16:42 --- rxSetComputeContext Finish ---"
[1] "2022-02-21 22:16:42 --- RxSqlServerData Start ---"
[1] "sqlQuery=SELECT * FROM ViewAnalyzeD1115analyze01OddsType13"
[1] "2022-02-21 22:16:42 --- RxSqlServerData Finish ---"
[1] "2022-02-21 22:16:42 --- rxGetVarInfo Start ---"
[1] "2022-02-21 22:16:42 --- rxGetVarInfo Finish---"
[1] "2022-02-21 22:16:42 --- rxImport Start ---"
Rows Read: 14913, Total Rows Processed: 14913, Total Chunk Time: 0.890 seconds 
[1] "2022-02-21 22:16:49 --- rxImport Finish ---"
[1] "object.size(data) auto=2.5 Mb"
[1] "--------------------------------------------------------------------------------"
[1] "nrow(data) RxSqlServerData=14913"
[1] "--------------------------------------------------------------------------------"
[1] "str(data)="
'data.frame':	14913 obs. of  30 variables:
 $ Race.RaceId                      : Factor w/ 1192 levels "20171118-03-03-05-11",..: 2 2 2 2 2 2 2 2 2 2 ...
 $ Race.IsPredictedRace             : logi  TRUE TRUE TRUE TRUE TRUE TRUE ...
 $ Race.IsAnalyzeNormalPastAndFuture: logi  TRUE TRUE TRUE TRUE TRUE TRUE ...
 $ Race.IsAnalyzeNormalPast         : logi  TRUE TRUE TRUE TRUE TRUE TRUE ...
 $ Race.IsAnalyzeNormalFuture       : logi  FALSE FALSE FALSE FALSE FALSE FALSE ...
 $ Race.IsAnalyzeFullPastAndFuture  : logi  TRUE TRUE TRUE TRUE TRUE TRUE ...
 $ Race.IsAnalyzeFullPast           : logi  TRUE TRUE TRUE TRUE TRUE TRUE ...
 $ Race.IsAnalyzeFullFuture         : logi  FALSE FALSE FALSE FALSE FALSE FALSE ...
 $ Race.JyokenCd                    : Factor w/ 1 level "3": 1 1 1 1 1 1 1 1 1 1 ...
 $ Race.RaceType1Cd                 : Factor w/ 2 levels "1-3-E","1-3-X": 2 2 2 2 2 2 2 2 2 2 ...
 $ RaceHorse.RaceId                 : Factor w/ 1192 levels "20171118-03-03-05-11",..: 2 2 2 2 2 2 2 2 2 2 ...
 $ RaceHorse.KettoNum               : Factor w/ 3012 levels "2012104053","2011101724",..: 11 12 13 14 15 16 17 18 19 20 ...
 $ RaceHorse.IsHit1                 : int  0 0 0 0 0 0 0 1 0 0 ...
 $ RaceHorse.IsHit2                 : int  0 0 1 0 0 0 0 0 0 0 ...
 $ RaceHorse.IsHit3                 : int  0 0 0 0 0 0 1 0 0 0 ...
 $ RaceHorse.IsHit4                 : int  0 0 0 0 0 0 0 0 0 0 ...
 $ RaceHorse.IsHit5                 : int  0 0 0 0 0 0 0 0 0 0 ...
 $ RaceHorse.IsHit6                 : int  1 1 0 1 1 1 0 0 1 1 ...
 $ RaceHorse.IsValidRaceHorse       : logi  TRUE TRUE TRUE TRUE TRUE TRUE ...
 $ RaceHorse.IsHitA                 : int  0 0 0 0 0 0 0 1 0 0 ...
 $ RaceHorse.IsHitB                 : int  0 0 1 0 0 0 0 1 0 0 ...
 $ RaceHorse.IsHitC                 : int  0 0 1 0 0 0 1 1 0 0 ...
 $ OddsByWin.Odds1                  : num  345.4 5.6 10.8 14.3 21.3 ...
 $ OddsByWin.Ninki                  : num  16 2 3 5 8 12 6 1 11 13 ...
 $ OddsByWin.OddsLog1               : num  5.85 1.89 2.47 2.73 3.1 ...
 $ OddsByWin.OddsRatio1             : num  0.0029 0.2174 0.102 0.0752 0.0493 ...
 $ OddsByWin.OddsLogit1             : num  -5.84 -1.72 -2.38 -2.66 -3.06 ...
 $ OddsByWin.ApprovalRate1          : num  0.0029 0.1786 0.0926 0.0699 0.0469 ...
 $ OddsByWin.ApprovalRateLog1       : num  0.00289 0.1643 0.08855 0.06759 0.04588 ...
 $ EOF                              : int  1 1 1 1 1 1 1 1 1 1 ...
[1] "2022-02-21 22:16:49 --- RxSqlServerData Finish ---"
[1] "2022-02-21 22:16:49 --- subset Start ---"
[1] "--------------------------------------------------------------------------------"
[1] "nrow(data) subset before=14913"
[1] "nrow(data) subset after =14913"
[1] "nrow(data) subset diff =0"
[1] "--------------------------------------------------------------------------------"
[1] "2022-02-21 22:16:49 --- subset Finish---"
[1] "2022-02-21 22:16:49 --- transform Start ---"
[1] "--------------------------------------------------------------------------------"
[1] "nrow(data) transform before=14913"
[1] "nrow(data) transform after=14913"
[1] "nrow(data) transform diff=0"
[1] "--------------------------------------------------------------------------------"
[1] "str(data)="
'data.frame':	14913 obs. of  30 variables:
 $ Race.RaceId                      : Factor w/ 1192 levels "20171118-03-03-05-11",..: 2 2 2 2 2 2 2 2 2 2 ...
 $ Race.IsPredictedRace             : logi  TRUE TRUE TRUE TRUE TRUE TRUE ...
 $ Race.IsAnalyzeNormalPastAndFuture: logi  TRUE TRUE TRUE TRUE TRUE TRUE ...
 $ Race.IsAnalyzeNormalPast         : logi  TRUE TRUE TRUE TRUE TRUE TRUE ...
 $ Race.IsAnalyzeNormalFuture       : logi  FALSE FALSE FALSE FALSE FALSE FALSE ...
 $ Race.IsAnalyzeFullPastAndFuture  : logi  TRUE TRUE TRUE TRUE TRUE TRUE ...
 $ Race.IsAnalyzeFullPast           : logi  TRUE TRUE TRUE TRUE TRUE TRUE ...
 $ Race.IsAnalyzeFullFuture         : logi  FALSE FALSE FALSE FALSE FALSE FALSE ...
 $ Race.JyokenCd                    : Factor w/ 1 level "3": 1 1 1 1 1 1 1 1 1 1 ...
 $ Race.RaceType1Cd                 : Factor w/ 2 levels "1-3-E","1-3-X": 2 2 2 2 2 2 2 2 2 2 ...
 $ RaceHorse.RaceId                 : Factor w/ 1192 levels "20171118-03-03-05-11",..: 2 2 2 2 2 2 2 2 2 2 ...
 $ RaceHorse.KettoNum               : Factor w/ 3012 levels "2012104053","2011101724",..: 11 12 13 14 15 16 17 18 19 20 ...
 $ RaceHorse.IsHit1                 : int  0 0 0 0 0 0 0 1 0 0 ...
 $ RaceHorse.IsHit2                 : int  0 0 1 0 0 0 0 0 0 0 ...
 $ RaceHorse.IsHit3                 : int  0 0 0 0 0 0 1 0 0 0 ...
 $ RaceHorse.IsHit4                 : int  0 0 0 0 0 0 0 0 0 0 ...
 $ RaceHorse.IsHit5                 : int  0 0 0 0 0 0 0 0 0 0 ...
 $ RaceHorse.IsHit6                 : int  1 1 0 1 1 1 0 0 1 1 ...
 $ RaceHorse.IsValidRaceHorse       : logi  TRUE TRUE TRUE TRUE TRUE TRUE ...
 $ RaceHorse.IsHitA                 : int  0 0 0 0 0 0 0 1 0 0 ...
 $ RaceHorse.IsHitB                 : int  0 0 1 0 0 0 0 1 0 0 ...
 $ RaceHorse.IsHitC                 : int  0 0 1 0 0 0 1 1 0 0 ...
 $ OddsByWin.Odds1                  : num  345.4 5.6 10.8 14.3 21.3 ...
 $ OddsByWin.Ninki                  : num  16 2 3 5 8 12 6 1 11 13 ...
 $ OddsByWin.OddsLog1               : num  5.85 1.89 2.47 2.73 3.1 ...
 $ OddsByWin.OddsRatio1             : num  0.0029 0.2174 0.102 0.0752 0.0493 ...
 $ OddsByWin.OddsLogit1             : num  -5.84 -1.72 -2.38 -2.66 -3.06 ...
 $ OddsByWin.ApprovalRate1          : num  0.0029 0.1786 0.0926 0.0699 0.0469 ...
 $ OddsByWin.ApprovalRateLog1       : num  0.00289 0.1643 0.08855 0.06759 0.04588 ...
 $ EOF                              : int  1 1 1 1 1 1 1 1 1 1 ...
NULL
[1] "2022-02-21 22:16:50 --- transform Finish ---"
[1] "2022-02-21 22:16:50 --- na.omit Start ---"
[1] "--------------------------------------------------------------------------------"
[1] "nrow(data) na.omit before=14913"
[1] "nrow(data) na.omit after =14861"
[1] "nrow(data) na.omit diff =52"
[1] "--------------------------------------------------------------------------------"
'data.frame':	14861 obs. of  30 variables:
 $ Race.RaceId                      : Factor w/ 1192 levels "20171118-03-03-05-11",..: 2 2 2 2 2 2 2 2 2 2 ...
 $ Race.IsPredictedRace             : logi  TRUE TRUE TRUE TRUE TRUE TRUE ...
 $ Race.IsAnalyzeNormalPastAndFuture: logi  TRUE TRUE TRUE TRUE TRUE TRUE ...
 $ Race.IsAnalyzeNormalPast         : logi  TRUE TRUE TRUE TRUE TRUE TRUE ...
 $ Race.IsAnalyzeNormalFuture       : logi  FALSE FALSE FALSE FALSE FALSE FALSE ...
 $ Race.IsAnalyzeFullPastAndFuture  : logi  TRUE TRUE TRUE TRUE TRUE TRUE ...
 $ Race.IsAnalyzeFullPast           : logi  TRUE TRUE TRUE TRUE TRUE TRUE ...
 $ Race.IsAnalyzeFullFuture         : logi  FALSE FALSE FALSE FALSE FALSE FALSE ...
 $ Race.JyokenCd                    : Factor w/ 1 level "3": 1 1 1 1 1 1 1 1 1 1 ...
 $ Race.RaceType1Cd                 : Factor w/ 2 levels "1-3-E","1-3-X": 2 2 2 2 2 2 2 2 2 2 ...
 $ RaceHorse.RaceId                 : Factor w/ 1192 levels "20171118-03-03-05-11",..: 2 2 2 2 2 2 2 2 2 2 ...
 $ RaceHorse.KettoNum               : Factor w/ 3012 levels "2012104053","2011101724",..: 11 12 13 14 15 16 17 18 19 20 ...
 $ RaceHorse.IsHit1                 : int  0 0 0 0 0 0 0 1 0 0 ...
 $ RaceHorse.IsHit2                 : int  0 0 1 0 0 0 0 0 0 0 ...
 $ RaceHorse.IsHit3                 : int  0 0 0 0 0 0 1 0 0 0 ...
 $ RaceHorse.IsHit4                 : int  0 0 0 0 0 0 0 0 0 0 ...
 $ RaceHorse.IsHit5                 : int  0 0 0 0 0 0 0 0 0 0 ...
 $ RaceHorse.IsHit6                 : int  1 1 0 1 1 1 0 0 1 1 ...
 $ RaceHorse.IsValidRaceHorse       : logi  TRUE TRUE TRUE TRUE TRUE TRUE ...
 $ RaceHorse.IsHitA                 : int  0 0 0 0 0 0 0 1 0 0 ...
 $ RaceHorse.IsHitB                 : int  0 0 1 0 0 0 0 1 0 0 ...
 $ RaceHorse.IsHitC                 : int  0 0 1 0 0 0 1 1 0 0 ...
 $ OddsByWin.Odds1                  : num  345.4 5.6 10.8 14.3 21.3 ...
 $ OddsByWin.Ninki                  : num  16 2 3 5 8 12 6 1 11 13 ...
 $ OddsByWin.OddsLog1               : num  5.85 1.89 2.47 2.73 3.1 ...
 $ OddsByWin.OddsRatio1             : num  0.0029 0.2174 0.102 0.0752 0.0493 ...
 $ OddsByWin.OddsLogit1             : num  -5.84 -1.72 -2.38 -2.66 -3.06 ...
 $ OddsByWin.ApprovalRate1          : num  0.0029 0.1786 0.0926 0.0699 0.0469 ...
 $ OddsByWin.ApprovalRateLog1       : num  0.00289 0.1643 0.08855 0.06759 0.04588 ...
 $ EOF                              : int  1 1 1 1 1 1 1 1 1 1 ...
 - attr(*, "na.action")= 'omit' Named int  473 1027 1049 1141 1644 1742 2878 3398 3532 3725 ...
  ..- attr(*, "names")= chr  "473" "1027" "1049" "1141" ...
[1] "2022-02-21 22:16:50 --- na.omit Finish ---"
[1] "2022-02-21 22:16:50 --- rxGlm with rxStepControl Start ---"

> print(paste0(Sys.time(), " --- source_logic_glm.R Start ---"))
[1] "2022-02-21 22:16:50 --- source_logic_glm.R Start ---"

> formula <- formula(RaceHorse.IsHitA ~ +1 + OddsByWin.OddsLogit1)

> print(paste0(Sys.time(), " --- source_logic_glm.R Finished ---"))
[1] "2022-02-21 22:16:50 --- source_logic_glm.R Finished ---"
Rows Read: 14861, Total Rows Processed: 14861, Total Chunk Time: Less than .001 seconds 

Starting values (iteration 1) time: 0.009 secs.
Rows Read: 14861, Total Rows Processed: 14861, Total Chunk Time: 0.002 seconds 

Iteration 2 time: 0.007 secs.
Rows Read: 14861, Total Rows Processed: 14861, Total Chunk Time: 0.002 seconds 

Iteration 3 time: 0.006 secs.
Rows Read: 14861, Total Rows Processed: 14861, Total Chunk Time: 0.002 seconds 

Iteration 4 time: 0.004 secs.
Rows Read: 14861, Total Rows Processed: 14861, Total Chunk Time: Less than .001 seconds 

Iteration 5 time: 0.005 secs.
Rows Read: 14861, Total Rows Processed: 14861, Total Chunk Time: 0.002 seconds 

Iteration 6 time: 0.005 secs.

Elapsed computation time: 0.063 secs.
Rows Read: 14861, Total Rows Processed: 14861, Total Chunk Time: 0.001 seconds 

Starting values (iteration 1) time: 0.005 secs.
Rows Read: 14861, Total Rows Processed: 14861, Total Chunk Time: 0.002 seconds 

Iteration 2 time: 0.006 secs.

Elapsed computation time: 0.021 secs.
Rows Read: 14861, Total Rows Processed: 14861, Total Chunk Time: Less than .001 seconds 

Starting values (iteration 1) time: 0.007 secs.
Rows Read: 14861, Total Rows Processed: 14861, Total Chunk Time: 0.002 seconds 

Iteration 2 time: 0.011 secs.
Rows Read: 14861, Total Rows Processed: 14861, Total Chunk Time: 0.002 seconds 

Iteration 3 time: 0.005 secs.
Rows Read: 14861, Total Rows Processed: 14861, Total Chunk Time: 0.001 seconds 

Iteration 4 time: 0.004 secs.
Rows Read: 14861, Total Rows Processed: 14861, Total Chunk Time: 0.002 seconds 

Iteration 5 time: 0.005 secs.
Rows Read: 14861, Total Rows Processed: 14861, Total Chunk Time: 0.002 seconds 

Iteration 6 time: 0.006 secs.

Elapsed computation time: 0.066 secs.

Elapsed computation time: 0.165 secs.
[1] "--------------------------------------------------------------------------------"
[1] "analyze.results.glm.step="
Logistic Regression Results for: RaceHorse.IsHitA ~
    OddsByWin.OddsLogit1
Data: data
Dependent variable(s): RaceHorse.IsHitA
Total independent variables: 2 
Number of valid observations: 14861
Number of missing observations: 0 
 
Coefficients:
                     RaceHorse.IsHitA
(Intercept)                       0.2
OddsByWin.OddsLogit1              1.1
[1] "analyze.results.glm.step.summary"
Call:
rxLogit(formula = formula, data = data, variableSelection = analyze.results.glm.step.varsel)

Logistic Regression Results for: RaceHorse.IsHitA ~
    OddsByWin.OddsLogit1
Data: data
Dependent variable(s): RaceHorse.IsHitA
Total independent variables: 2 
Number of valid observations: 14861
Number of missing observations: 0 
-2*LogLikelihood: 6838.706 (Residual deviance on 14859 degrees of freedom)
 
Coefficients:
                     Estimate Std. Error z value Pr(>|z|)    
(Intercept)            0.2311     0.0742    3.12   0.0018 ** 
OddsByWin.OddsLogit1   1.1431     0.0362   31.55  2.2e-16 ***
---
Signif. codes:  0 '***' 0.001 '**' 0.01 '*' 0.05 '.' 0.1 ' ' 1

Condition number of final variance-covariance matrix: 1 
Number of iterations: 6
[1] "--------------------------------------------------------------------------------"
[1] "2022-02-21 22:16:50 --- rxGlm with rxStepControl Finish ---"
[1] "2022-02-21 22:16:50 --- rxStepPlot Start ---"
[1] "pdfFilename=pdf_analyze_glm_Odds_Type13_rxStepPlot.pdf"
[1] "rxStepPlot="
[1] "2022-02-21 22:16:50 --- rxStepPlot Finish ---"
[1] "2022-02-21 22:16:51 --- save.image Start ---"
[1] "save.image"
[1] "rdataFilename=RData_analyze_glm_Odds_Type13.RData"
[1] "2022-02-21 22:16:52 --- save.image Finish ---"
[1] "2022-02-21 22:16:52 --- final Start ---"
[1] "--------------------------------------------------------------------------------"
[1] "nrow(data) final=14861"
[1] "--------------------------------------------------------------------------------"
[1] "2022-02-21 22:16:52 --- final Finish ---"
[1] "2022-02-21 22:16:52 --- analyze_glm.R Finished ---"
[1] "2022-02-21 22:16:52 --- log Finish ---"
