[1] "2022-02-21 22:11:52 --- D1115_analyze_glm_Jockey_IsHitA_Type16 Start ---"
[1] "2022-02-21 22:11:52 --- Log Start ---"
[1] "2022-02-21 22:11:52 --- analyze_glm.R Start ---"
[1] "analyzeVersion=D1115"
[1] "analyzeCategory=analyze"
[1] "analyzeType=Jockey"
[1] "analyzeFamily=IsHitA"
[1] "analyzeFunc=glm"
[1] "analyzeTrackTypeCd=1"
[1] "analyzeJyokenCd=6"
[1] "2022-02-21 22:11:52 --- source_function.R Start ---"
[1] "2022-02-21 22:11:52 --- source_function.R Finished ---"

> print(paste0(Sys.time(), " --- source_library.R Start ---"))
[1] "2022-02-21 22:11:52 --- source_library.R Start ---"

> require("RevoScaleR")

> print(paste0(Sys.time(), " --- source_library.R Finished ---"))
[1] "2022-02-21 22:11:57 --- source_library.R Finished ---"
[1] "2022-02-21 22:11:57 --- RxSqlServerData Start ---"
[1] "2022-02-21 22:11:57 --- RxInSqlServer Start ---"
[1] "2022-02-21 22:11:57 --- RxInSqlServer Finish ---"
[1] "2022-02-21 22:11:57 --- rxSetComputeContext Start ---"
[1] "2022-02-21 22:11:57 --- rxSetComputeContext Finish ---"
[1] "2022-02-21 22:11:57 --- RxSqlServerData Start ---"
[1] "sqlQuery=SELECT * FROM ViewAnalyzeD1115analyze01JockeyType16"
[1] "2022-02-21 22:11:57 --- RxSqlServerData Finish ---"
[1] "2022-02-21 22:11:57 --- rxGetVarInfo Start ---"
[1] "2022-02-21 22:11:59 --- rxGetVarInfo Finish---"
[1] "2022-02-21 22:11:59 --- rxImport Start ---"
Rows Read: 13322, Total Rows Processed: 13322, Total Chunk Time: 143.569 seconds 
[1] "2022-02-21 22:20:48 --- rxImport Finish ---"
[1] "object.size(data) auto=3.5 Mb"
[1] "--------------------------------------------------------------------------------"
[1] "nrow(data) RxSqlServerData=13322"
[1] "--------------------------------------------------------------------------------"
[1] "str(data)="
'data.frame':	13322 obs. of  39 variables:
 $ Race.RaceId                      : Factor w/ 992 levels "20160131-05-01-02-05",..: 2 2 2 2 2 2 2 2 2 2 ...
 $ Race.IsPredictedRace             : logi  TRUE TRUE TRUE TRUE TRUE TRUE ...
 $ Race.IsAnalyzeNormalPastAndFuture: logi  TRUE TRUE TRUE TRUE TRUE TRUE ...
 $ Race.IsAnalyzeNormalPast         : logi  TRUE TRUE TRUE TRUE TRUE TRUE ...
 $ Race.IsAnalyzeNormalFuture       : logi  FALSE FALSE FALSE FALSE FALSE FALSE ...
 $ Race.IsAnalyzeFullPastAndFuture  : logi  TRUE TRUE TRUE TRUE TRUE TRUE ...
 $ Race.IsAnalyzeFullPast           : logi  TRUE TRUE TRUE TRUE TRUE TRUE ...
 $ Race.IsAnalyzeFullFuture         : logi  FALSE FALSE FALSE FALSE FALSE FALSE ...
 $ Race.JyokenCd                    : Factor w/ 1 level "6": 1 1 1 1 1 1 1 1 1 1 ...
 $ Race.RaceType1Cd                 : Factor w/ 1 level "1-6-X": 1 1 1 1 1 1 1 1 1 1 ...
 $ RaceHorse.RaceId                 : Factor w/ 992 levels "20160131-05-01-02-05",..: 2 2 2 2 2 2 2 2 2 2 ...
 $ RaceHorse.KettoNum               : Factor w/ 13302 levels "2013100970","2013100986",..: 11 12 13 14 15 16 17 18 19 20 ...
 $ RaceHorse.IsHit1                 : int  0 0 0 0 0 0 0 0 0 0 ...
 $ RaceHorse.IsHit2                 : int  0 0 0 0 0 0 0 0 0 0 ...
 $ RaceHorse.IsHit3                 : int  0 0 0 0 0 0 0 0 0 0 ...
 $ RaceHorse.IsHit4                 : int  0 0 0 0 1 0 0 0 0 0 ...
 $ RaceHorse.IsHit5                 : int  0 1 0 0 0 0 0 0 0 0 ...
 $ RaceHorse.IsHit6                 : int  1 0 1 1 0 1 1 1 1 1 ...
 $ RaceHorse.IsValidRaceHorse       : logi  TRUE TRUE TRUE TRUE TRUE TRUE ...
 $ RaceHorse.IsHitA                 : int  0 0 0 0 0 0 0 0 0 0 ...
 $ RaceHorse.IsHitB                 : int  0 0 0 0 0 0 0 0 0 0 ...
 $ RaceHorse.IsHitC                 : int  0 0 0 0 0 0 0 0 0 0 ...
 $ Jockey.KisyuCode                 : Factor w/ 167 levels "01096","00641",..: 11 12 13 14 15 16 17 4 18 19 ...
 $ Jockey.TimeSdvByRaceAvg          : num  -0.25 0.021 0.0214 -0.1592 -0.1769 ...
 $ Jockey.TimeSdvByRaceMin          : num  -2.89 -2.69 -2.04 -2.27 -2.91 ...
 $ Jockey.TimeSdvByRaceMax          : num  1.61 2.08 1.17 1.52 1.1 ...
 $ Jockey.OrderOfFinishSdvAvg       : num  -0.247 0.049 0.123 -0.124 -0.256 ...
 $ Jockey.RunCount                  : int  67 162 26 62 7 314 63 125 153 19 ...
 $ Jockey.HitCount1                 : int  4 12 1 7 0 15 3 0 8 1 ...
 $ Jockey.HitCount2                 : int  3 13 3 3 0 20 1 4 14 0 ...
 $ Jockey.HitCount3                 : int  2 11 2 1 0 33 2 16 15 2 ...
 $ Jockey.HitCount4                 : int  3 15 3 4 1 25 4 14 9 0 ...
 $ Jockey.HitCount5                 : int  6 5 2 4 2 25 6 4 11 0 ...
 $ Jockey.HitRate1                  : num  0.0597 0.0741 0.0385 0.1129 0 ...
 $ Jockey.HitRate2                  : num  0.0448 0.0802 0.1154 0.0484 0 ...
 $ Jockey.HitRate3                  : num  0.0299 0.0679 0.0769 0.0161 0 ...
 $ Jockey.HitRate4                  : num  0.0448 0.0926 0.1154 0.0645 0.1429 ...
 $ Jockey.HitRate5                  : num  0.0896 0.0309 0.0769 0.0645 0.2857 ...
 $ EOF                              : int  1 1 1 1 1 1 1 1 1 1 ...
[1] "2022-02-21 22:20:48 --- RxSqlServerData Finish ---"
[1] "2022-02-21 22:20:48 --- subset Start ---"
[1] "--------------------------------------------------------------------------------"
[1] "nrow(data) subset before=13322"
[1] "nrow(data) subset after =13322"
[1] "nrow(data) subset diff =0"
[1] "--------------------------------------------------------------------------------"
[1] "2022-02-21 22:20:48 --- subset Finish---"
[1] "2022-02-21 22:20:48 --- transform Start ---"
[1] "--------------------------------------------------------------------------------"
[1] "nrow(data) transform before=13322"
[1] "nrow(data) transform after=13322"
[1] "nrow(data) transform diff=0"
[1] "--------------------------------------------------------------------------------"
[1] "str(data)="
'data.frame':	13322 obs. of  39 variables:
 $ Race.RaceId                      : Factor w/ 992 levels "20160131-05-01-02-05",..: 2 2 2 2 2 2 2 2 2 2 ...
 $ Race.IsPredictedRace             : logi  TRUE TRUE TRUE TRUE TRUE TRUE ...
 $ Race.IsAnalyzeNormalPastAndFuture: logi  TRUE TRUE TRUE TRUE TRUE TRUE ...
 $ Race.IsAnalyzeNormalPast         : logi  TRUE TRUE TRUE TRUE TRUE TRUE ...
 $ Race.IsAnalyzeNormalFuture       : logi  FALSE FALSE FALSE FALSE FALSE FALSE ...
 $ Race.IsAnalyzeFullPastAndFuture  : logi  TRUE TRUE TRUE TRUE TRUE TRUE ...
 $ Race.IsAnalyzeFullPast           : logi  TRUE TRUE TRUE TRUE TRUE TRUE ...
 $ Race.IsAnalyzeFullFuture         : logi  FALSE FALSE FALSE FALSE FALSE FALSE ...
 $ Race.JyokenCd                    : Factor w/ 1 level "6": 1 1 1 1 1 1 1 1 1 1 ...
 $ Race.RaceType1Cd                 : Factor w/ 1 level "1-6-X": 1 1 1 1 1 1 1 1 1 1 ...
 $ RaceHorse.RaceId                 : Factor w/ 992 levels "20160131-05-01-02-05",..: 2 2 2 2 2 2 2 2 2 2 ...
 $ RaceHorse.KettoNum               : Factor w/ 13302 levels "2013100970","2013100986",..: 11 12 13 14 15 16 17 18 19 20 ...
 $ RaceHorse.IsHit1                 : int  0 0 0 0 0 0 0 0 0 0 ...
 $ RaceHorse.IsHit2                 : int  0 0 0 0 0 0 0 0 0 0 ...
 $ RaceHorse.IsHit3                 : int  0 0 0 0 0 0 0 0 0 0 ...
 $ RaceHorse.IsHit4                 : int  0 0 0 0 1 0 0 0 0 0 ...
 $ RaceHorse.IsHit5                 : int  0 1 0 0 0 0 0 0 0 0 ...
 $ RaceHorse.IsHit6                 : int  1 0 1 1 0 1 1 1 1 1 ...
 $ RaceHorse.IsValidRaceHorse       : logi  TRUE TRUE TRUE TRUE TRUE TRUE ...
 $ RaceHorse.IsHitA                 : int  0 0 0 0 0 0 0 0 0 0 ...
 $ RaceHorse.IsHitB                 : int  0 0 0 0 0 0 0 0 0 0 ...
 $ RaceHorse.IsHitC                 : int  0 0 0 0 0 0 0 0 0 0 ...
 $ Jockey.KisyuCode                 : Factor w/ 167 levels "01096","00641",..: 11 12 13 14 15 16 17 4 18 19 ...
 $ Jockey.TimeSdvByRaceAvg          : num  -0.25 0.021 0.0214 -0.1592 -0.1769 ...
 $ Jockey.TimeSdvByRaceMin          : num  -2.89 -2.69 -2.04 -2.27 -2.91 ...
 $ Jockey.TimeSdvByRaceMax          : num  1.61 2.08 1.17 1.52 1.1 ...
 $ Jockey.OrderOfFinishSdvAvg       : num  -0.247 0.049 0.123 -0.124 -0.256 ...
 $ Jockey.RunCount                  : int  67 162 26 62 7 314 63 125 153 19 ...
 $ Jockey.HitCount1                 : int  4 12 1 7 0 15 3 0 8 1 ...
 $ Jockey.HitCount2                 : int  3 13 3 3 0 20 1 4 14 0 ...
 $ Jockey.HitCount3                 : int  2 11 2 1 0 33 2 16 15 2 ...
 $ Jockey.HitCount4                 : int  3 15 3 4 1 25 4 14 9 0 ...
 $ Jockey.HitCount5                 : int  6 5 2 4 2 25 6 4 11 0 ...
 $ Jockey.HitRate1                  : num  0.0597 0.0741 0.0385 0.1129 0 ...
 $ Jockey.HitRate2                  : num  0.0448 0.0802 0.1154 0.0484 0 ...
 $ Jockey.HitRate3                  : num  0.0299 0.0679 0.0769 0.0161 0 ...
 $ Jockey.HitRate4                  : num  0.0448 0.0926 0.1154 0.0645 0.1429 ...
 $ Jockey.HitRate5                  : num  0.0896 0.0309 0.0769 0.0645 0.2857 ...
 $ EOF                              : int  1 1 1 1 1 1 1 1 1 1 ...
NULL
[1] "2022-02-21 22:20:48 --- transform Finish ---"
[1] "2022-02-21 22:20:48 --- na.omit Start ---"
[1] "--------------------------------------------------------------------------------"
[1] "nrow(data) na.omit before=13322"
[1] "nrow(data) na.omit after =13322"
[1] "nrow(data) na.omit diff =0"
[1] "--------------------------------------------------------------------------------"
'data.frame':	13322 obs. of  39 variables:
 $ Race.RaceId                      : Factor w/ 992 levels "20160131-05-01-02-05",..: 2 2 2 2 2 2 2 2 2 2 ...
 $ Race.IsPredictedRace             : logi  TRUE TRUE TRUE TRUE TRUE TRUE ...
 $ Race.IsAnalyzeNormalPastAndFuture: logi  TRUE TRUE TRUE TRUE TRUE TRUE ...
 $ Race.IsAnalyzeNormalPast         : logi  TRUE TRUE TRUE TRUE TRUE TRUE ...
 $ Race.IsAnalyzeNormalFuture       : logi  FALSE FALSE FALSE FALSE FALSE FALSE ...
 $ Race.IsAnalyzeFullPastAndFuture  : logi  TRUE TRUE TRUE TRUE TRUE TRUE ...
 $ Race.IsAnalyzeFullPast           : logi  TRUE TRUE TRUE TRUE TRUE TRUE ...
 $ Race.IsAnalyzeFullFuture         : logi  FALSE FALSE FALSE FALSE FALSE FALSE ...
 $ Race.JyokenCd                    : Factor w/ 1 level "6": 1 1 1 1 1 1 1 1 1 1 ...
 $ Race.RaceType1Cd                 : Factor w/ 1 level "1-6-X": 1 1 1 1 1 1 1 1 1 1 ...
 $ RaceHorse.RaceId                 : Factor w/ 992 levels "20160131-05-01-02-05",..: 2 2 2 2 2 2 2 2 2 2 ...
 $ RaceHorse.KettoNum               : Factor w/ 13302 levels "2013100970","2013100986",..: 11 12 13 14 15 16 17 18 19 20 ...
 $ RaceHorse.IsHit1                 : int  0 0 0 0 0 0 0 0 0 0 ...
 $ RaceHorse.IsHit2                 : int  0 0 0 0 0 0 0 0 0 0 ...
 $ RaceHorse.IsHit3                 : int  0 0 0 0 0 0 0 0 0 0 ...
 $ RaceHorse.IsHit4                 : int  0 0 0 0 1 0 0 0 0 0 ...
 $ RaceHorse.IsHit5                 : int  0 1 0 0 0 0 0 0 0 0 ...
 $ RaceHorse.IsHit6                 : int  1 0 1 1 0 1 1 1 1 1 ...
 $ RaceHorse.IsValidRaceHorse       : logi  TRUE TRUE TRUE TRUE TRUE TRUE ...
 $ RaceHorse.IsHitA                 : int  0 0 0 0 0 0 0 0 0 0 ...
 $ RaceHorse.IsHitB                 : int  0 0 0 0 0 0 0 0 0 0 ...
 $ RaceHorse.IsHitC                 : int  0 0 0 0 0 0 0 0 0 0 ...
 $ Jockey.KisyuCode                 : Factor w/ 167 levels "01096","00641",..: 11 12 13 14 15 16 17 4 18 19 ...
 $ Jockey.TimeSdvByRaceAvg          : num  -0.25 0.021 0.0214 -0.1592 -0.1769 ...
 $ Jockey.TimeSdvByRaceMin          : num  -2.89 -2.69 -2.04 -2.27 -2.91 ...
 $ Jockey.TimeSdvByRaceMax          : num  1.61 2.08 1.17 1.52 1.1 ...
 $ Jockey.OrderOfFinishSdvAvg       : num  -0.247 0.049 0.123 -0.124 -0.256 ...
 $ Jockey.RunCount                  : int  67 162 26 62 7 314 63 125 153 19 ...
 $ Jockey.HitCount1                 : int  4 12 1 7 0 15 3 0 8 1 ...
 $ Jockey.HitCount2                 : int  3 13 3 3 0 20 1 4 14 0 ...
 $ Jockey.HitCount3                 : int  2 11 2 1 0 33 2 16 15 2 ...
 $ Jockey.HitCount4                 : int  3 15 3 4 1 25 4 14 9 0 ...
 $ Jockey.HitCount5                 : int  6 5 2 4 2 25 6 4 11 0 ...
 $ Jockey.HitRate1                  : num  0.0597 0.0741 0.0385 0.1129 0 ...
 $ Jockey.HitRate2                  : num  0.0448 0.0802 0.1154 0.0484 0 ...
 $ Jockey.HitRate3                  : num  0.0299 0.0679 0.0769 0.0161 0 ...
 $ Jockey.HitRate4                  : num  0.0448 0.0926 0.1154 0.0645 0.1429 ...
 $ Jockey.HitRate5                  : num  0.0896 0.0309 0.0769 0.0645 0.2857 ...
 $ EOF                              : int  1 1 1 1 1 1 1 1 1 1 ...
[1] "2022-02-21 22:20:49 --- na.omit Finish ---"
[1] "2022-02-21 22:20:49 --- rxGlm with rxStepControl Start ---"

> print(paste0(Sys.time(), " --- source_logic_glm.R Start ---"))
[1] "2022-02-21 22:20:49 --- source_logic_glm.R Start ---"

> formula <- formula(RaceHorse.IsHitA ~ +1 + Jockey.OrderOfFinishSdvAvg)

> print(paste0(Sys.time(), " --- source_logic_glm.R Finished ---"))
[1] "2022-02-21 22:20:49 --- source_logic_glm.R Finished ---"
Rows Read: 13322, Total Rows Processed: 13322, Total Chunk Time: Less than .001 seconds 

Starting values (iteration 1) time: 0.009 secs.
Rows Read: 13322, Total Rows Processed: 13322, Total Chunk Time: 0.002 seconds 

Iteration 2 time: 0.008 secs.
Rows Read: 13322, Total Rows Processed: 13322, Total Chunk Time: 0.002 seconds 

Iteration 3 time: 0.005 secs.
Rows Read: 13322, Total Rows Processed: 13322, Total Chunk Time: 0.002 seconds 

Iteration 4 time: 0.006 secs.
Rows Read: 13322, Total Rows Processed: 13322, Total Chunk Time: 0.002 seconds 

Iteration 5 time: 0.004 secs.

Elapsed computation time: 0.049 secs.
Rows Read: 13322, Total Rows Processed: 13322, Total Chunk Time: Less than .001 seconds 

Starting values (iteration 1) time: 0.010 secs.
Rows Read: 13322, Total Rows Processed: 13322, Total Chunk Time: Less than .001 seconds 

Iteration 2 time: 0.005 secs.

Elapsed computation time: 0.025 secs.
Rows Read: 13322, Total Rows Processed: 13322, Total Chunk Time: Less than .001 seconds 

Starting values (iteration 1) time: 0.007 secs.
Rows Read: 13322, Total Rows Processed: 13322, Total Chunk Time: 0.001 seconds 

Iteration 2 time: 0.006 secs.
Rows Read: 13322, Total Rows Processed: 13322, Total Chunk Time: 0.002 seconds 

Iteration 3 time: 0.004 secs.
Rows Read: 13322, Total Rows Processed: 13322, Total Chunk Time: 0.001 seconds 

Iteration 4 time: 0.003 secs.
Rows Read: 13322, Total Rows Processed: 13322, Total Chunk Time: 0.002 seconds 

Iteration 5 time: 0.004 secs.

Elapsed computation time: 0.041 secs.

Elapsed computation time: 0.131 secs.
[1] "--------------------------------------------------------------------------------"
[1] "analyze.results.glm.step="
Logistic Regression Results for: RaceHorse.IsHitA ~
    Jockey.OrderOfFinishSdvAvg
Data: data
Dependent variable(s): RaceHorse.IsHitA
Total independent variables: 2 
Number of valid observations: 13322
Number of missing observations: 0 
 
Coefficients:
                           RaceHorse.IsHitA
(Intercept)                              -3
Jockey.OrderOfFinishSdvAvg                2
[1] "analyze.results.glm.step.summary"
Call:
rxLogit(formula = formula, data = data, variableSelection = analyze.results.glm.step.varsel)

Logistic Regression Results for: RaceHorse.IsHitA ~
    Jockey.OrderOfFinishSdvAvg
Data: data
Dependent variable(s): RaceHorse.IsHitA
Total independent variables: 2 
Number of valid observations: 13322
Number of missing observations: 0 
-2*LogLikelihood: 6559.421 (Residual deviance on 13320 degrees of freedom)
 
Coefficients:
                           Estimate Std. Error z value Pr(>|z|)    
(Intercept)                 -2.7917     0.0405   -69.0  2.2e-16 ***
Jockey.OrderOfFinishSdvAvg   2.0490     0.0938    21.9  2.2e-16 ***
---
Signif. codes:  0 '***' 0.001 '**' 0.01 '*' 0.05 '.' 0.1 ' ' 1

Condition number of final variance-covariance matrix: 1 
Number of iterations: 5
[1] "--------------------------------------------------------------------------------"
[1] "2022-02-21 22:20:49 --- rxGlm with rxStepControl Finish ---"
[1] "2022-02-21 22:20:49 --- rxStepPlot Start ---"
[1] "pdfFilename=pdf_analyze_glm_Jockey_Type16_rxStepPlot.pdf"
[1] "rxStepPlot="
[1] "2022-02-21 22:20:49 --- rxStepPlot Finish ---"
[1] "2022-02-21 22:20:49 --- save.image Start ---"
[1] "save.image"
[1] "rdataFilename=RData_analyze_glm_Jockey_Type16.RData"
[1] "2022-02-21 22:20:49 --- save.image Finish ---"
[1] "2022-02-21 22:20:49 --- final Start ---"
[1] "--------------------------------------------------------------------------------"
[1] "nrow(data) final=13322"
[1] "--------------------------------------------------------------------------------"
[1] "2022-02-21 22:20:49 --- final Finish ---"
[1] "2022-02-21 22:20:49 --- analyze_glm.R Finished ---"
[1] "2022-02-21 22:20:49 --- log Finish ---"
