[1] "2022-02-21 22:12:19 --- D1115_analyze_glm_Jockey_IsHitA_Type26 Start ---"
[1] "2022-02-21 22:12:19 --- Log Start ---"
[1] "2022-02-21 22:12:19 --- analyze_glm.R Start ---"
[1] "analyzeVersion=D1115"
[1] "analyzeCategory=analyze"
[1] "analyzeType=Jockey"
[1] "analyzeFamily=IsHitA"
[1] "analyzeFunc=glm"
[1] "analyzeTrackTypeCd=2"
[1] "analyzeJyokenCd=6"
[1] "2022-02-21 22:12:19 --- source_function.R Start ---"
[1] "2022-02-21 22:12:19 --- source_function.R Finished ---"

> print(paste0(Sys.time(), " --- source_library.R Start ---"))
[1] "2022-02-21 22:12:19 --- source_library.R Start ---"

> require("RevoScaleR")

> print(paste0(Sys.time(), " --- source_library.R Finished ---"))
[1] "2022-02-21 22:12:24 --- source_library.R Finished ---"
[1] "2022-02-21 22:12:24 --- RxSqlServerData Start ---"
[1] "2022-02-21 22:12:24 --- RxInSqlServer Start ---"
[1] "2022-02-21 22:12:24 --- RxInSqlServer Finish ---"
[1] "2022-02-21 22:12:24 --- rxSetComputeContext Start ---"
[1] "2022-02-21 22:12:24 --- rxSetComputeContext Finish ---"
[1] "2022-02-21 22:12:24 --- RxSqlServerData Start ---"
[1] "sqlQuery=SELECT * FROM ViewAnalyzeD1115analyze01JockeyType26"
[1] "2022-02-21 22:12:24 --- RxSqlServerData Finish ---"
[1] "2022-02-21 22:12:24 --- rxGetVarInfo Start ---"
[1] "2022-02-21 22:12:25 --- rxGetVarInfo Finish---"
[1] "2022-02-21 22:12:25 --- rxImport Start ---"
Rows Read: 6794, Total Rows Processed: 6794, Total Chunk Time: 53.524 seconds 
[1] "2022-02-21 22:15:06 --- rxImport Finish ---"
[1] "object.size(data) auto=1.8 Mb"
[1] "--------------------------------------------------------------------------------"
[1] "nrow(data) RxSqlServerData=6794"
[1] "--------------------------------------------------------------------------------"
[1] "str(data)="
'data.frame':	6794 obs. of  39 variables:
 $ Race.RaceId                      : Factor w/ 467 levels "20160111-06-01-04-04",..: 2 2 2 2 2 2 2 2 2 2 ...
 $ Race.IsPredictedRace             : logi  TRUE TRUE TRUE TRUE TRUE TRUE ...
 $ Race.IsAnalyzeNormalPastAndFuture: logi  TRUE TRUE TRUE TRUE TRUE TRUE ...
 $ Race.IsAnalyzeNormalPast         : logi  TRUE TRUE TRUE TRUE TRUE TRUE ...
 $ Race.IsAnalyzeNormalFuture       : logi  FALSE FALSE FALSE FALSE FALSE FALSE ...
 $ Race.IsAnalyzeFullPastAndFuture  : logi  TRUE TRUE TRUE TRUE TRUE TRUE ...
 $ Race.IsAnalyzeFullPast           : logi  TRUE TRUE TRUE TRUE TRUE TRUE ...
 $ Race.IsAnalyzeFullFuture         : logi  FALSE FALSE FALSE FALSE FALSE FALSE ...
 $ Race.JyokenCd                    : Factor w/ 1 level "6": 1 1 1 1 1 1 1 1 1 1 ...
 $ Race.RaceType1Cd                 : Factor w/ 1 level "2-6-X": 1 1 1 1 1 1 1 1 1 1 ...
 $ RaceHorse.RaceId                 : Factor w/ 467 levels "20160111-06-01-04-04",..: 2 2 2 2 2 2 2 2 2 2 ...
 $ RaceHorse.KettoNum               : Factor w/ 6779 levels "2013100373","2013100946",..: 11 12 13 14 15 16 17 18 19 20 ...
 $ RaceHorse.IsHit1                 : int  0 0 0 0 0 0 0 0 0 0 ...
 $ RaceHorse.IsHit2                 : int  0 0 0 0 0 0 0 0 0 0 ...
 $ RaceHorse.IsHit3                 : int  0 0 1 0 0 0 0 0 0 0 ...
 $ RaceHorse.IsHit4                 : int  0 0 0 0 0 0 0 0 0 0 ...
 $ RaceHorse.IsHit5                 : int  0 0 0 1 0 0 0 0 0 0 ...
 $ RaceHorse.IsHit6                 : int  1 1 0 0 1 0 1 1 1 1 ...
 $ RaceHorse.IsValidRaceHorse       : logi  TRUE TRUE TRUE TRUE TRUE FALSE ...
 $ RaceHorse.IsHitA                 : int  0 0 0 0 0 0 0 0 0 0 ...
 $ RaceHorse.IsHitB                 : int  0 0 0 0 0 0 0 0 0 0 ...
 $ RaceHorse.IsHitC                 : int  0 0 1 0 0 0 0 0 0 0 ...
 $ Jockey.KisyuCode                 : Factor w/ 167 levels "00663","01091",..: 11 12 7 13 14 9 15 16 17 4 ...
 $ Jockey.TimeSdvByRaceAvg          : num  -0.152 0.026 0.163 -0.152 -0.102 ...
 $ Jockey.TimeSdvByRaceMin          : num  -2.8 -2.93 -2.71 -2.71 -2.45 ...
 $ Jockey.TimeSdvByRaceMax          : num  1.64 1.88 2.62 1.3 1.39 ...
 $ Jockey.OrderOfFinishSdvAvg       : num  -0.2083 0.0338 0.0609 -0.0505 -0.1455 ...
 $ Jockey.RunCount                  : int  44 109 121 36 57 24 85 18 32 122 ...
 $ Jockey.HitCount1                 : int  2 5 9 1 1 0 4 0 0 4 ...
 $ Jockey.HitCount2                 : int  1 8 9 3 3 0 5 2 1 3 ...
 $ Jockey.HitCount3                 : int  4 13 8 6 6 2 5 0 1 5 ...
 $ Jockey.HitCount4                 : int  2 9 10 3 3 1 5 1 0 7 ...
 $ Jockey.HitCount5                 : int  2 10 5 0 5 2 6 1 3 7 ...
 $ Jockey.HitRate1                  : num  0.0455 0.0459 0.0744 0.0278 0.0175 ...
 $ Jockey.HitRate2                  : num  0.0227 0.0734 0.0744 0.0833 0.0526 ...
 $ Jockey.HitRate3                  : num  0.0909 0.1193 0.0661 0.1667 0.1053 ...
 $ Jockey.HitRate4                  : num  0.0455 0.0826 0.0826 0.0833 0.0526 ...
 $ Jockey.HitRate5                  : num  0.0455 0.0917 0.0413 0 0.0877 ...
 $ EOF                              : int  1 1 1 1 1 1 1 1 1 1 ...
[1] "2022-02-21 22:15:07 --- RxSqlServerData Finish ---"
[1] "2022-02-21 22:15:07 --- subset Start ---"
[1] "--------------------------------------------------------------------------------"
[1] "nrow(data) subset before=6794"
[1] "nrow(data) subset after =6794"
[1] "nrow(data) subset diff =0"
[1] "--------------------------------------------------------------------------------"
[1] "2022-02-21 22:15:07 --- subset Finish---"
[1] "2022-02-21 22:15:07 --- transform Start ---"
[1] "--------------------------------------------------------------------------------"
[1] "nrow(data) transform before=6794"
[1] "nrow(data) transform after=6794"
[1] "nrow(data) transform diff=0"
[1] "--------------------------------------------------------------------------------"
[1] "str(data)="
'data.frame':	6794 obs. of  39 variables:
 $ Race.RaceId                      : Factor w/ 467 levels "20160111-06-01-04-04",..: 2 2 2 2 2 2 2 2 2 2 ...
 $ Race.IsPredictedRace             : logi  TRUE TRUE TRUE TRUE TRUE TRUE ...
 $ Race.IsAnalyzeNormalPastAndFuture: logi  TRUE TRUE TRUE TRUE TRUE TRUE ...
 $ Race.IsAnalyzeNormalPast         : logi  TRUE TRUE TRUE TRUE TRUE TRUE ...
 $ Race.IsAnalyzeNormalFuture       : logi  FALSE FALSE FALSE FALSE FALSE FALSE ...
 $ Race.IsAnalyzeFullPastAndFuture  : logi  TRUE TRUE TRUE TRUE TRUE TRUE ...
 $ Race.IsAnalyzeFullPast           : logi  TRUE TRUE TRUE TRUE TRUE TRUE ...
 $ Race.IsAnalyzeFullFuture         : logi  FALSE FALSE FALSE FALSE FALSE FALSE ...
 $ Race.JyokenCd                    : Factor w/ 1 level "6": 1 1 1 1 1 1 1 1 1 1 ...
 $ Race.RaceType1Cd                 : Factor w/ 1 level "2-6-X": 1 1 1 1 1 1 1 1 1 1 ...
 $ RaceHorse.RaceId                 : Factor w/ 467 levels "20160111-06-01-04-04",..: 2 2 2 2 2 2 2 2 2 2 ...
 $ RaceHorse.KettoNum               : Factor w/ 6779 levels "2013100373","2013100946",..: 11 12 13 14 15 16 17 18 19 20 ...
 $ RaceHorse.IsHit1                 : int  0 0 0 0 0 0 0 0 0 0 ...
 $ RaceHorse.IsHit2                 : int  0 0 0 0 0 0 0 0 0 0 ...
 $ RaceHorse.IsHit3                 : int  0 0 1 0 0 0 0 0 0 0 ...
 $ RaceHorse.IsHit4                 : int  0 0 0 0 0 0 0 0 0 0 ...
 $ RaceHorse.IsHit5                 : int  0 0 0 1 0 0 0 0 0 0 ...
 $ RaceHorse.IsHit6                 : int  1 1 0 0 1 0 1 1 1 1 ...
 $ RaceHorse.IsValidRaceHorse       : logi  TRUE TRUE TRUE TRUE TRUE FALSE ...
 $ RaceHorse.IsHitA                 : int  0 0 0 0 0 0 0 0 0 0 ...
 $ RaceHorse.IsHitB                 : int  0 0 0 0 0 0 0 0 0 0 ...
 $ RaceHorse.IsHitC                 : int  0 0 1 0 0 0 0 0 0 0 ...
 $ Jockey.KisyuCode                 : Factor w/ 167 levels "00663","01091",..: 11 12 7 13 14 9 15 16 17 4 ...
 $ Jockey.TimeSdvByRaceAvg          : num  -0.152 0.026 0.163 -0.152 -0.102 ...
 $ Jockey.TimeSdvByRaceMin          : num  -2.8 -2.93 -2.71 -2.71 -2.45 ...
 $ Jockey.TimeSdvByRaceMax          : num  1.64 1.88 2.62 1.3 1.39 ...
 $ Jockey.OrderOfFinishSdvAvg       : num  -0.2083 0.0338 0.0609 -0.0505 -0.1455 ...
 $ Jockey.RunCount                  : int  44 109 121 36 57 24 85 18 32 122 ...
 $ Jockey.HitCount1                 : int  2 5 9 1 1 0 4 0 0 4 ...
 $ Jockey.HitCount2                 : int  1 8 9 3 3 0 5 2 1 3 ...
 $ Jockey.HitCount3                 : int  4 13 8 6 6 2 5 0 1 5 ...
 $ Jockey.HitCount4                 : int  2 9 10 3 3 1 5 1 0 7 ...
 $ Jockey.HitCount5                 : int  2 10 5 0 5 2 6 1 3 7 ...
 $ Jockey.HitRate1                  : num  0.0455 0.0459 0.0744 0.0278 0.0175 ...
 $ Jockey.HitRate2                  : num  0.0227 0.0734 0.0744 0.0833 0.0526 ...
 $ Jockey.HitRate3                  : num  0.0909 0.1193 0.0661 0.1667 0.1053 ...
 $ Jockey.HitRate4                  : num  0.0455 0.0826 0.0826 0.0833 0.0526 ...
 $ Jockey.HitRate5                  : num  0.0455 0.0917 0.0413 0 0.0877 ...
 $ EOF                              : int  1 1 1 1 1 1 1 1 1 1 ...
NULL
[1] "2022-02-21 22:15:07 --- transform Finish ---"
[1] "2022-02-21 22:15:07 --- na.omit Start ---"
[1] "--------------------------------------------------------------------------------"
[1] "nrow(data) na.omit before=6794"
[1] "nrow(data) na.omit after =6794"
[1] "nrow(data) na.omit diff =0"
[1] "--------------------------------------------------------------------------------"
'data.frame':	6794 obs. of  39 variables:
 $ Race.RaceId                      : Factor w/ 467 levels "20160111-06-01-04-04",..: 2 2 2 2 2 2 2 2 2 2 ...
 $ Race.IsPredictedRace             : logi  TRUE TRUE TRUE TRUE TRUE TRUE ...
 $ Race.IsAnalyzeNormalPastAndFuture: logi  TRUE TRUE TRUE TRUE TRUE TRUE ...
 $ Race.IsAnalyzeNormalPast         : logi  TRUE TRUE TRUE TRUE TRUE TRUE ...
 $ Race.IsAnalyzeNormalFuture       : logi  FALSE FALSE FALSE FALSE FALSE FALSE ...
 $ Race.IsAnalyzeFullPastAndFuture  : logi  TRUE TRUE TRUE TRUE TRUE TRUE ...
 $ Race.IsAnalyzeFullPast           : logi  TRUE TRUE TRUE TRUE TRUE TRUE ...
 $ Race.IsAnalyzeFullFuture         : logi  FALSE FALSE FALSE FALSE FALSE FALSE ...
 $ Race.JyokenCd                    : Factor w/ 1 level "6": 1 1 1 1 1 1 1 1 1 1 ...
 $ Race.RaceType1Cd                 : Factor w/ 1 level "2-6-X": 1 1 1 1 1 1 1 1 1 1 ...
 $ RaceHorse.RaceId                 : Factor w/ 467 levels "20160111-06-01-04-04",..: 2 2 2 2 2 2 2 2 2 2 ...
 $ RaceHorse.KettoNum               : Factor w/ 6779 levels "2013100373","2013100946",..: 11 12 13 14 15 16 17 18 19 20 ...
 $ RaceHorse.IsHit1                 : int  0 0 0 0 0 0 0 0 0 0 ...
 $ RaceHorse.IsHit2                 : int  0 0 0 0 0 0 0 0 0 0 ...
 $ RaceHorse.IsHit3                 : int  0 0 1 0 0 0 0 0 0 0 ...
 $ RaceHorse.IsHit4                 : int  0 0 0 0 0 0 0 0 0 0 ...
 $ RaceHorse.IsHit5                 : int  0 0 0 1 0 0 0 0 0 0 ...
 $ RaceHorse.IsHit6                 : int  1 1 0 0 1 0 1 1 1 1 ...
 $ RaceHorse.IsValidRaceHorse       : logi  TRUE TRUE TRUE TRUE TRUE FALSE ...
 $ RaceHorse.IsHitA                 : int  0 0 0 0 0 0 0 0 0 0 ...
 $ RaceHorse.IsHitB                 : int  0 0 0 0 0 0 0 0 0 0 ...
 $ RaceHorse.IsHitC                 : int  0 0 1 0 0 0 0 0 0 0 ...
 $ Jockey.KisyuCode                 : Factor w/ 167 levels "00663","01091",..: 11 12 7 13 14 9 15 16 17 4 ...
 $ Jockey.TimeSdvByRaceAvg          : num  -0.152 0.026 0.163 -0.152 -0.102 ...
 $ Jockey.TimeSdvByRaceMin          : num  -2.8 -2.93 -2.71 -2.71 -2.45 ...
 $ Jockey.TimeSdvByRaceMax          : num  1.64 1.88 2.62 1.3 1.39 ...
 $ Jockey.OrderOfFinishSdvAvg       : num  -0.2083 0.0338 0.0609 -0.0505 -0.1455 ...
 $ Jockey.RunCount                  : int  44 109 121 36 57 24 85 18 32 122 ...
 $ Jockey.HitCount1                 : int  2 5 9 1 1 0 4 0 0 4 ...
 $ Jockey.HitCount2                 : int  1 8 9 3 3 0 5 2 1 3 ...
 $ Jockey.HitCount3                 : int  4 13 8 6 6 2 5 0 1 5 ...
 $ Jockey.HitCount4                 : int  2 9 10 3 3 1 5 1 0 7 ...
 $ Jockey.HitCount5                 : int  2 10 5 0 5 2 6 1 3 7 ...
 $ Jockey.HitRate1                  : num  0.0455 0.0459 0.0744 0.0278 0.0175 ...
 $ Jockey.HitRate2                  : num  0.0227 0.0734 0.0744 0.0833 0.0526 ...
 $ Jockey.HitRate3                  : num  0.0909 0.1193 0.0661 0.1667 0.1053 ...
 $ Jockey.HitRate4                  : num  0.0455 0.0826 0.0826 0.0833 0.0526 ...
 $ Jockey.HitRate5                  : num  0.0455 0.0917 0.0413 0 0.0877 ...
 $ EOF                              : int  1 1 1 1 1 1 1 1 1 1 ...
[1] "2022-02-21 22:15:07 --- na.omit Finish ---"
[1] "2022-02-21 22:15:07 --- rxGlm with rxStepControl Start ---"

> print(paste0(Sys.time(), " --- source_logic_glm.R Start ---"))
[1] "2022-02-21 22:15:07 --- source_logic_glm.R Start ---"

> formula <- formula(RaceHorse.IsHitA ~ +1 + Jockey.OrderOfFinishSdvAvg)

> print(paste0(Sys.time(), " --- source_logic_glm.R Finished ---"))
[1] "2022-02-21 22:15:07 --- source_logic_glm.R Finished ---"
Rows Read: 6794, Total Rows Processed: 6794, Total Chunk Time: 0.001 seconds 

Starting values (iteration 1) time: 0.012 secs.
Rows Read: 6794, Total Rows Processed: 6794, Total Chunk Time: 0.001 seconds 

Iteration 2 time: 0.007 secs.
Rows Read: 6794, Total Rows Processed: 6794, Total Chunk Time: 0.001 seconds 

Iteration 3 time: 0.006 secs.
Rows Read: 6794, Total Rows Processed: 6794, Total Chunk Time: 0.001 seconds 

Iteration 4 time: 0.005 secs.
Rows Read: 6794, Total Rows Processed: 6794, Total Chunk Time: 0.001 seconds 

Iteration 5 time: 0.007 secs.

Elapsed computation time: 0.063 secs.
Rows Read: 6794, Total Rows Processed: 6794, Total Chunk Time: 0.001 seconds 

Starting values (iteration 1) time: 0.007 secs.
Rows Read: 6794, Total Rows Processed: 6794, Total Chunk Time: 0.001 seconds 

Iteration 2 time: 0.009 secs.

Elapsed computation time: 0.031 secs.
Rows Read: 6794, Total Rows Processed: 6794, Total Chunk Time: 0.001 seconds 

Starting values (iteration 1) time: 0.006 secs.
Rows Read: 6794, Total Rows Processed: 6794, Total Chunk Time: 0.001 seconds 

Iteration 2 time: 0.007 secs.
Rows Read: 6794, Total Rows Processed: 6794, Total Chunk Time: 0.002 seconds 

Iteration 3 time: 0.005 secs.
Rows Read: 6794, Total Rows Processed: 6794, Total Chunk Time: 0.001 seconds 

Iteration 4 time: 0.006 secs.
Rows Read: 6794, Total Rows Processed: 6794, Total Chunk Time: Less than .001 seconds 

Iteration 5 time: 0.005 secs.

Elapsed computation time: 0.063 secs.

Elapsed computation time: 0.176 secs.
[1] "--------------------------------------------------------------------------------"
[1] "analyze.results.glm.step="
Logistic Regression Results for: RaceHorse.IsHitA ~
    Jockey.OrderOfFinishSdvAvg
Data: data
Dependent variable(s): RaceHorse.IsHitA
Total independent variables: 2 
Number of valid observations: 6794
Number of missing observations: 0 
 
Coefficients:
                           RaceHorse.IsHitA
(Intercept)                              -3
Jockey.OrderOfFinishSdvAvg                2
[1] "analyze.results.glm.step.summary"
Call:
rxLogit(formula = formula, data = data, variableSelection = analyze.results.glm.step.varsel)

Logistic Regression Results for: RaceHorse.IsHitA ~
    Jockey.OrderOfFinishSdvAvg
Data: data
Dependent variable(s): RaceHorse.IsHitA
Total independent variables: 2 
Number of valid observations: 6794
Number of missing observations: 0 
-2*LogLikelihood: 3239.119 (Residual deviance on 6792 degrees of freedom)
 
Coefficients:
                           Estimate Std. Error z value Pr(>|z|)    
(Intercept)                 -2.7483     0.0539   -51.0  2.2e-16 ***
Jockey.OrderOfFinishSdvAvg   1.6968     0.1365    12.4  2.2e-16 ***
---
Signif. codes:  0 '***' 0.001 '**' 0.01 '*' 0.05 '.' 0.1 ' ' 1

Condition number of final variance-covariance matrix: 1 
Number of iterations: 5
[1] "--------------------------------------------------------------------------------"
[1] "2022-02-21 22:15:08 --- rxGlm with rxStepControl Finish ---"
[1] "2022-02-21 22:15:08 --- rxStepPlot Start ---"
[1] "pdfFilename=pdf_analyze_glm_Jockey_Type26_rxStepPlot.pdf"
[1] "rxStepPlot="
[1] "2022-02-21 22:15:21 --- rxStepPlot Finish ---"
[1] "2022-02-21 22:15:21 --- save.image Start ---"
[1] "save.image"
[1] "rdataFilename=RData_analyze_glm_Jockey_Type26.RData"
[1] "2022-02-21 22:15:40 --- save.image Finish ---"
[1] "2022-02-21 22:15:40 --- final Start ---"
[1] "--------------------------------------------------------------------------------"
[1] "nrow(data) final=6794"
[1] "--------------------------------------------------------------------------------"
[1] "2022-02-21 22:15:40 --- final Finish ---"
[1] "2022-02-21 22:15:40 --- analyze_glm.R Finished ---"
[1] "2022-02-21 22:15:40 --- log Finish ---"
