[1] "2022-02-21 22:08:46 --- D1115_analyze_glm_Gen01_IsHitA_Type23 Start ---"
[1] "2022-02-21 22:08:46 --- Log Start ---"
[1] "2022-02-21 22:08:46 --- analyze_glm.R Start ---"
[1] "analyzeVersion=D1115"
[1] "analyzeCategory=analyze"
[1] "analyzeType=Gen01"
[1] "analyzeFamily=IsHitA"
[1] "analyzeFunc=glm"
[1] "analyzeTrackTypeCd=2"
[1] "analyzeJyokenCd=3"
[1] "2022-02-21 22:08:46 --- source_function.R Start ---"
[1] "2022-02-21 22:08:46 --- source_function.R Finished ---"

> print(paste0(Sys.time(), " --- source_library.R Start ---"))
[1] "2022-02-21 22:08:46 --- source_library.R Start ---"

> require("RevoScaleR")

> print(paste0(Sys.time(), " --- source_library.R Finished ---"))
[1] "2022-02-21 22:08:48 --- source_library.R Finished ---"
[1] "2022-02-21 22:08:48 --- RxSqlServerData Start ---"
[1] "2022-02-21 22:08:48 --- RxInSqlServer Start ---"
[1] "2022-02-21 22:08:48 --- RxInSqlServer Finish ---"
[1] "2022-02-21 22:08:48 --- rxSetComputeContext Start ---"
[1] "2022-02-21 22:08:48 --- rxSetComputeContext Finish ---"
[1] "2022-02-21 22:08:48 --- RxSqlServerData Start ---"
[1] "sqlQuery=SELECT * FROM ViewAnalyzeD1115analyze01Gen01Type23"
[1] "2022-02-21 22:08:48 --- RxSqlServerData Finish ---"
[1] "2022-02-21 22:08:48 --- rxGetVarInfo Start ---"
[1] "2022-02-21 22:08:49 --- rxGetVarInfo Finish---"
[1] "2022-02-21 22:08:49 --- rxImport Start ---"
Rows Read: 14812, Total Rows Processed: 14812, Total Chunk Time: 82.677 seconds 
[1] "2022-02-21 22:11:23 --- rxImport Finish ---"
[1] "object.size(data) auto=3.1 Mb"
[1] "--------------------------------------------------------------------------------"
[1] "nrow(data) RxSqlServerData=14812"
[1] "--------------------------------------------------------------------------------"
[1] "str(data)="
'data.frame':	14812 obs. of  39 variables:
 $ Race.RaceId                      : Factor w/ 1011 levels "20160124-08-01-08-12",..: 2 2 2 2 2 2 2 2 2 2 ...
 $ Race.IsPredictedRace             : logi  TRUE TRUE TRUE TRUE TRUE TRUE ...
 $ Race.IsAnalyzeNormalPastAndFuture: logi  TRUE TRUE TRUE TRUE TRUE TRUE ...
 $ Race.IsAnalyzeNormalPast         : logi  TRUE TRUE TRUE TRUE TRUE TRUE ...
 $ Race.IsAnalyzeNormalFuture       : logi  FALSE FALSE FALSE FALSE FALSE FALSE ...
 $ Race.IsAnalyzeFullPastAndFuture  : logi  TRUE TRUE TRUE TRUE TRUE TRUE ...
 $ Race.IsAnalyzeFullPast           : logi  TRUE TRUE TRUE TRUE TRUE TRUE ...
 $ Race.IsAnalyzeFullFuture         : logi  FALSE FALSE FALSE FALSE FALSE FALSE ...
 $ Race.JyokenCd                    : Factor w/ 1 level "3": 1 1 1 1 1 1 1 1 1 1 ...
 $ Race.RaceType1Cd                 : Factor w/ 2 levels "2-3-X","2-3-E": 1 1 1 1 1 1 1 1 1 1 ...
 $ RaceHorse.RaceId                 : Factor w/ 1011 levels "20160124-08-01-08-12",..: 2 2 2 2 2 2 2 2 2 2 ...
 $ RaceHorse.KettoNum               : Factor w/ 3120 levels "2010102121","2010104433",..: 11 12 13 14 15 16 17 18 19 20 ...
 $ RaceHorse.IsHit1                 : int  0 0 0 0 0 0 0 0 0 0 ...
 $ RaceHorse.IsHit2                 : int  0 0 0 0 0 0 0 0 0 0 ...
 $ RaceHorse.IsHit3                 : int  0 0 0 0 0 0 0 0 0 0 ...
 $ RaceHorse.IsHit4                 : int  1 0 0 0 0 0 0 0 0 0 ...
 $ RaceHorse.IsHit5                 : int  0 0 0 0 0 0 0 0 1 0 ...
 $ RaceHorse.IsHit6                 : int  0 1 1 1 1 1 1 1 0 1 ...
 $ RaceHorse.IsValidRaceHorse       : logi  TRUE TRUE TRUE TRUE TRUE TRUE ...
 $ RaceHorse.IsHitA                 : int  0 0 0 0 0 0 0 0 0 0 ...
 $ RaceHorse.IsHitB                 : int  0 0 0 0 0 0 0 0 0 0 ...
 $ RaceHorse.IsHitC                 : int  0 0 0 0 0 0 0 0 0 0 ...
 $ Gen01.HansyokuNum                : Factor w/ 291 levels "11201916","11201907",..: 10 11 12 13 11 14 15 16 17 18 ...
 $ Gen01.TimeSdvByRaceAvg           : num  1.736 -0.04052 -0.53973 0.00127 -0.04052 ...
 $ Gen01.TimeSdvByRaceMin           : num  1.74 -2.07 -2.44 -1.2 -2.07 ...
 $ Gen01.TimeSdvByRaceMax           : num  1.736 1.782 1.414 0.978 1.782 ...
 $ Gen01.OrderOfFinishSdvAvg        : num  1.368 -0.00254 -0.55326 0.07781 -0.00254 ...
 $ Gen01.RunCount                   : int  1 37 16 4 37 7 19 2 1 35 ...
 $ Gen01.HitCount1                  : int  0 4 2 1 4 0 4 0 0 2 ...
 $ Gen01.HitCount2                  : int  1 2 0 0 2 0 1 0 0 3 ...
 $ Gen01.HitCount3                  : int  0 2 0 0 2 0 2 0 0 3 ...
 $ Gen01.HitCount4                  : int  0 3 1 0 3 2 0 0 0 0 ...
 $ Gen01.HitCount5                  : int  0 1 0 1 1 0 2 0 0 2 ...
 $ Gen01.HitRate1                   : num  0 0.108 0.125 0.25 0.108 ...
 $ Gen01.HitRate2                   : num  1 0.0541 0 0 0.0541 ...
 $ Gen01.HitRate3                   : num  0 0.0541 0 0 0.0541 ...
 $ Gen01.HitRate4                   : num  0 0.0811 0.0625 0 0.0811 ...
 $ Gen01.HitRate5                   : num  0 0.027 0 0.25 0.027 ...
 $ EOF                              : int  1 1 1 1 1 1 1 1 1 1 ...
[1] "2022-02-21 22:11:24 --- RxSqlServerData Finish ---"
[1] "2022-02-21 22:11:24 --- subset Start ---"
[1] "--------------------------------------------------------------------------------"
[1] "nrow(data) subset before=14812"
[1] "nrow(data) subset after =14812"
[1] "nrow(data) subset diff =0"
[1] "--------------------------------------------------------------------------------"
[1] "2022-02-21 22:11:24 --- subset Finish---"
[1] "2022-02-21 22:11:24 --- transform Start ---"
[1] "--------------------------------------------------------------------------------"
[1] "nrow(data) transform before=14812"
[1] "nrow(data) transform after=14812"
[1] "nrow(data) transform diff=0"
[1] "--------------------------------------------------------------------------------"
[1] "str(data)="
'data.frame':	14812 obs. of  39 variables:
 $ Race.RaceId                      : Factor w/ 1011 levels "20160124-08-01-08-12",..: 2 2 2 2 2 2 2 2 2 2 ...
 $ Race.IsPredictedRace             : logi  TRUE TRUE TRUE TRUE TRUE TRUE ...
 $ Race.IsAnalyzeNormalPastAndFuture: logi  TRUE TRUE TRUE TRUE TRUE TRUE ...
 $ Race.IsAnalyzeNormalPast         : logi  TRUE TRUE TRUE TRUE TRUE TRUE ...
 $ Race.IsAnalyzeNormalFuture       : logi  FALSE FALSE FALSE FALSE FALSE FALSE ...
 $ Race.IsAnalyzeFullPastAndFuture  : logi  TRUE TRUE TRUE TRUE TRUE TRUE ...
 $ Race.IsAnalyzeFullPast           : logi  TRUE TRUE TRUE TRUE TRUE TRUE ...
 $ Race.IsAnalyzeFullFuture         : logi  FALSE FALSE FALSE FALSE FALSE FALSE ...
 $ Race.JyokenCd                    : Factor w/ 1 level "3": 1 1 1 1 1 1 1 1 1 1 ...
 $ Race.RaceType1Cd                 : Factor w/ 2 levels "2-3-X","2-3-E": 1 1 1 1 1 1 1 1 1 1 ...
 $ RaceHorse.RaceId                 : Factor w/ 1011 levels "20160124-08-01-08-12",..: 2 2 2 2 2 2 2 2 2 2 ...
 $ RaceHorse.KettoNum               : Factor w/ 3120 levels "2010102121","2010104433",..: 11 12 13 14 15 16 17 18 19 20 ...
 $ RaceHorse.IsHit1                 : int  0 0 0 0 0 0 0 0 0 0 ...
 $ RaceHorse.IsHit2                 : int  0 0 0 0 0 0 0 0 0 0 ...
 $ RaceHorse.IsHit3                 : int  0 0 0 0 0 0 0 0 0 0 ...
 $ RaceHorse.IsHit4                 : int  1 0 0 0 0 0 0 0 0 0 ...
 $ RaceHorse.IsHit5                 : int  0 0 0 0 0 0 0 0 1 0 ...
 $ RaceHorse.IsHit6                 : int  0 1 1 1 1 1 1 1 0 1 ...
 $ RaceHorse.IsValidRaceHorse       : logi  TRUE TRUE TRUE TRUE TRUE TRUE ...
 $ RaceHorse.IsHitA                 : int  0 0 0 0 0 0 0 0 0 0 ...
 $ RaceHorse.IsHitB                 : int  0 0 0 0 0 0 0 0 0 0 ...
 $ RaceHorse.IsHitC                 : int  0 0 0 0 0 0 0 0 0 0 ...
 $ Gen01.HansyokuNum                : Factor w/ 291 levels "11201916","11201907",..: 10 11 12 13 11 14 15 16 17 18 ...
 $ Gen01.TimeSdvByRaceAvg           : num  1.736 -0.04052 -0.53973 0.00127 -0.04052 ...
 $ Gen01.TimeSdvByRaceMin           : num  1.74 -2.07 -2.44 -1.2 -2.07 ...
 $ Gen01.TimeSdvByRaceMax           : num  1.736 1.782 1.414 0.978 1.782 ...
 $ Gen01.OrderOfFinishSdvAvg        : num  1.368 -0.00254 -0.55326 0.07781 -0.00254 ...
 $ Gen01.RunCount                   : int  1 37 16 4 37 7 19 2 1 35 ...
 $ Gen01.HitCount1                  : int  0 4 2 1 4 0 4 0 0 2 ...
 $ Gen01.HitCount2                  : int  1 2 0 0 2 0 1 0 0 3 ...
 $ Gen01.HitCount3                  : int  0 2 0 0 2 0 2 0 0 3 ...
 $ Gen01.HitCount4                  : int  0 3 1 0 3 2 0 0 0 0 ...
 $ Gen01.HitCount5                  : int  0 1 0 1 1 0 2 0 0 2 ...
 $ Gen01.HitRate1                   : num  0 0.108 0.125 0.25 0.108 ...
 $ Gen01.HitRate2                   : num  1 0.0541 0 0 0.0541 ...
 $ Gen01.HitRate3                   : num  0 0.0541 0 0 0.0541 ...
 $ Gen01.HitRate4                   : num  0 0.0811 0.0625 0 0.0811 ...
 $ Gen01.HitRate5                   : num  0 0.027 0 0.25 0.027 ...
 $ EOF                              : int  1 1 1 1 1 1 1 1 1 1 ...
NULL
[1] "2022-02-21 22:11:24 --- transform Finish ---"
[1] "2022-02-21 22:11:24 --- na.omit Start ---"
[1] "--------------------------------------------------------------------------------"
[1] "nrow(data) na.omit before=14812"
[1] "nrow(data) na.omit after =14812"
[1] "nrow(data) na.omit diff =0"
[1] "--------------------------------------------------------------------------------"
'data.frame':	14812 obs. of  39 variables:
 $ Race.RaceId                      : Factor w/ 1011 levels "20160124-08-01-08-12",..: 2 2 2 2 2 2 2 2 2 2 ...
 $ Race.IsPredictedRace             : logi  TRUE TRUE TRUE TRUE TRUE TRUE ...
 $ Race.IsAnalyzeNormalPastAndFuture: logi  TRUE TRUE TRUE TRUE TRUE TRUE ...
 $ Race.IsAnalyzeNormalPast         : logi  TRUE TRUE TRUE TRUE TRUE TRUE ...
 $ Race.IsAnalyzeNormalFuture       : logi  FALSE FALSE FALSE FALSE FALSE FALSE ...
 $ Race.IsAnalyzeFullPastAndFuture  : logi  TRUE TRUE TRUE TRUE TRUE TRUE ...
 $ Race.IsAnalyzeFullPast           : logi  TRUE TRUE TRUE TRUE TRUE TRUE ...
 $ Race.IsAnalyzeFullFuture         : logi  FALSE FALSE FALSE FALSE FALSE FALSE ...
 $ Race.JyokenCd                    : Factor w/ 1 level "3": 1 1 1 1 1 1 1 1 1 1 ...
 $ Race.RaceType1Cd                 : Factor w/ 2 levels "2-3-X","2-3-E": 1 1 1 1 1 1 1 1 1 1 ...
 $ RaceHorse.RaceId                 : Factor w/ 1011 levels "20160124-08-01-08-12",..: 2 2 2 2 2 2 2 2 2 2 ...
 $ RaceHorse.KettoNum               : Factor w/ 3120 levels "2010102121","2010104433",..: 11 12 13 14 15 16 17 18 19 20 ...
 $ RaceHorse.IsHit1                 : int  0 0 0 0 0 0 0 0 0 0 ...
 $ RaceHorse.IsHit2                 : int  0 0 0 0 0 0 0 0 0 0 ...
 $ RaceHorse.IsHit3                 : int  0 0 0 0 0 0 0 0 0 0 ...
 $ RaceHorse.IsHit4                 : int  1 0 0 0 0 0 0 0 0 0 ...
 $ RaceHorse.IsHit5                 : int  0 0 0 0 0 0 0 0 1 0 ...
 $ RaceHorse.IsHit6                 : int  0 1 1 1 1 1 1 1 0 1 ...
 $ RaceHorse.IsValidRaceHorse       : logi  TRUE TRUE TRUE TRUE TRUE TRUE ...
 $ RaceHorse.IsHitA                 : int  0 0 0 0 0 0 0 0 0 0 ...
 $ RaceHorse.IsHitB                 : int  0 0 0 0 0 0 0 0 0 0 ...
 $ RaceHorse.IsHitC                 : int  0 0 0 0 0 0 0 0 0 0 ...
 $ Gen01.HansyokuNum                : Factor w/ 291 levels "11201916","11201907",..: 10 11 12 13 11 14 15 16 17 18 ...
 $ Gen01.TimeSdvByRaceAvg           : num  1.736 -0.04052 -0.53973 0.00127 -0.04052 ...
 $ Gen01.TimeSdvByRaceMin           : num  1.74 -2.07 -2.44 -1.2 -2.07 ...
 $ Gen01.TimeSdvByRaceMax           : num  1.736 1.782 1.414 0.978 1.782 ...
 $ Gen01.OrderOfFinishSdvAvg        : num  1.368 -0.00254 -0.55326 0.07781 -0.00254 ...
 $ Gen01.RunCount                   : int  1 37 16 4 37 7 19 2 1 35 ...
 $ Gen01.HitCount1                  : int  0 4 2 1 4 0 4 0 0 2 ...
 $ Gen01.HitCount2                  : int  1 2 0 0 2 0 1 0 0 3 ...
 $ Gen01.HitCount3                  : int  0 2 0 0 2 0 2 0 0 3 ...
 $ Gen01.HitCount4                  : int  0 3 1 0 3 2 0 0 0 0 ...
 $ Gen01.HitCount5                  : int  0 1 0 1 1 0 2 0 0 2 ...
 $ Gen01.HitRate1                   : num  0 0.108 0.125 0.25 0.108 ...
 $ Gen01.HitRate2                   : num  1 0.0541 0 0 0.0541 ...
 $ Gen01.HitRate3                   : num  0 0.0541 0 0 0.0541 ...
 $ Gen01.HitRate4                   : num  0 0.0811 0.0625 0 0.0811 ...
 $ Gen01.HitRate5                   : num  0 0.027 0 0.25 0.027 ...
 $ EOF                              : int  1 1 1 1 1 1 1 1 1 1 ...
[1] "2022-02-21 22:11:24 --- na.omit Finish ---"
[1] "2022-02-21 22:11:24 --- rxGlm with rxStepControl Start ---"

> print(paste0(Sys.time(), " --- source_logic_glm.R Start ---"))
[1] "2022-02-21 22:11:24 --- source_logic_glm.R Start ---"

> formula <- formula(RaceHorse.IsHitA ~ +1 + Gen01.OrderOfFinishSdvAvg)

> print(paste0(Sys.time(), " --- source_logic_glm.R Finished ---"))
[1] "2022-02-21 22:11:24 --- source_logic_glm.R Finished ---"
Rows Read: 14812, Total Rows Processed: 14812, Total Chunk Time: 0.001 seconds 

Starting values (iteration 1) time: 0.007 secs.
Rows Read: 14812, Total Rows Processed: 14812, Total Chunk Time: 0.001 seconds 

Iteration 2 time: 0.005 secs.
Rows Read: 14812, Total Rows Processed: 14812, Total Chunk Time: 0.002 seconds 

Iteration 3 time: 0.005 secs.
Rows Read: 14812, Total Rows Processed: 14812, Total Chunk Time: 0.001 seconds 

Iteration 4 time: 0.008 secs.

Elapsed computation time: 0.044 secs.
Rows Read: 14812, Total Rows Processed: 14812, Total Chunk Time: 0.001 seconds 

Starting values (iteration 1) time: 0.005 secs.
Rows Read: 14812, Total Rows Processed: 14812, Total Chunk Time: 0.002 seconds 

Iteration 2 time: 0.008 secs.

Elapsed computation time: 0.023 secs.
Rows Read: 14812, Total Rows Processed: 14812, Total Chunk Time: 0.001 seconds 

Starting values (iteration 1) time: 0.005 secs.
Rows Read: 14812, Total Rows Processed: 14812, Total Chunk Time: 0.002 seconds 

Iteration 2 time: 0.006 secs.
Rows Read: 14812, Total Rows Processed: 14812, Total Chunk Time: 0.002 seconds 

Iteration 3 time: 0.013 secs.
Rows Read: 14812, Total Rows Processed: 14812, Total Chunk Time: 0.002 seconds 

Iteration 4 time: 0.005 secs.

Elapsed computation time: 0.070 secs.

Elapsed computation time: 0.157 secs.
[1] "--------------------------------------------------------------------------------"
[1] "analyze.results.glm.step="
Logistic Regression Results for: RaceHorse.IsHitA ~
    Gen01.OrderOfFinishSdvAvg
Data: data
Dependent variable(s): RaceHorse.IsHitA
Total independent variables: 2 
Number of valid observations: 14812
Number of missing observations: 0 
 
Coefficients:
                          RaceHorse.IsHitA
(Intercept)                           -2.6
Gen01.OrderOfFinishSdvAvg              0.5
[1] "analyze.results.glm.step.summary"
Call:
rxLogit(formula = formula, data = data, variableSelection = analyze.results.glm.step.varsel)

Logistic Regression Results for: RaceHorse.IsHitA ~
    Gen01.OrderOfFinishSdvAvg
Data: data
Dependent variable(s): RaceHorse.IsHitA
Total independent variables: 2 
Number of valid observations: 14812
Number of missing observations: 0 
-2*LogLikelihood: 7199.971 (Residual deviance on 14810 degrees of freedom)
 
Coefficients:
                          Estimate Std. Error z value Pr(>|z|)    
(Intercept)                -2.6440     0.0332  -79.64  2.2e-16 ***
Gen01.OrderOfFinishSdvAvg   0.4926     0.0748    6.59  4.5e-11 ***
---
Signif. codes:  0 '***' 0.001 '**' 0.01 '*' 0.05 '.' 0.1 ' ' 1

Condition number of final variance-covariance matrix: 1 
Number of iterations: 4
[1] "--------------------------------------------------------------------------------"
[1] "2022-02-21 22:11:25 --- rxGlm with rxStepControl Finish ---"
[1] "2022-02-21 22:11:25 --- rxStepPlot Start ---"
[1] "pdfFilename=pdf_analyze_glm_Gen01_Type23_rxStepPlot.pdf"
[1] "rxStepPlot="
[1] "2022-02-21 22:11:25 --- rxStepPlot Finish ---"
[1] "2022-02-21 22:11:25 --- save.image Start ---"
[1] "save.image"
[1] "rdataFilename=RData_analyze_glm_Gen01_Type23.RData"
[1] "2022-02-21 22:11:25 --- save.image Finish ---"
[1] "2022-02-21 22:11:25 --- final Start ---"
[1] "--------------------------------------------------------------------------------"
[1] "nrow(data) final=14812"
[1] "--------------------------------------------------------------------------------"
[1] "2022-02-21 22:11:25 --- final Finish ---"
[1] "2022-02-21 22:11:25 --- analyze_glm.R Finished ---"
[1] "2022-02-21 22:11:25 --- log Finish ---"
