[1] "2022-02-21 22:11:38 --- D1115_analyze_glm_Jockey_IsHitA_Type13 Start ---"
[1] "2022-02-21 22:11:38 --- Log Start ---"
[1] "2022-02-21 22:11:38 --- analyze_glm.R Start ---"
[1] "analyzeVersion=D1115"
[1] "analyzeCategory=analyze"
[1] "analyzeType=Jockey"
[1] "analyzeFamily=IsHitA"
[1] "analyzeFunc=glm"
[1] "analyzeTrackTypeCd=1"
[1] "analyzeJyokenCd=3"
[1] "2022-02-21 22:11:38 --- source_function.R Start ---"
[1] "2022-02-21 22:11:38 --- source_function.R Finished ---"

> print(paste0(Sys.time(), " --- source_library.R Start ---"))
[1] "2022-02-21 22:11:38 --- source_library.R Start ---"

> require("RevoScaleR")

> print(paste0(Sys.time(), " --- source_library.R Finished ---"))
[1] "2022-02-21 22:11:41 --- source_library.R Finished ---"
[1] "2022-02-21 22:11:41 --- RxSqlServerData Start ---"
[1] "2022-02-21 22:11:41 --- RxInSqlServer Start ---"
[1] "2022-02-21 22:11:42 --- RxInSqlServer Finish ---"
[1] "2022-02-21 22:11:42 --- rxSetComputeContext Start ---"
[1] "2022-02-21 22:11:42 --- rxSetComputeContext Finish ---"
[1] "2022-02-21 22:11:42 --- RxSqlServerData Start ---"
[1] "sqlQuery=SELECT * FROM ViewAnalyzeD1115analyze01JockeyType13"
[1] "2022-02-21 22:11:42 --- RxSqlServerData Finish ---"
[1] "2022-02-21 22:11:42 --- rxGetVarInfo Start ---"
[1] "2022-02-21 22:11:43 --- rxGetVarInfo Finish---"
[1] "2022-02-21 22:11:43 --- rxImport Start ---"
Rows Read: 14791, Total Rows Processed: 14791, Total Chunk Time: 196.783 seconds 
[1] "2022-02-21 22:18:42 --- rxImport Finish ---"
[1] "object.size(data) auto=3.1 Mb"
[1] "--------------------------------------------------------------------------------"
[1] "nrow(data) RxSqlServerData=14791"
[1] "--------------------------------------------------------------------------------"
[1] "str(data)="
'data.frame':	14791 obs. of  39 variables:
 $ Race.RaceId                      : Factor w/ 1192 levels "20160124-06-01-08-10",..: 2 2 2 2 2 2 2 2 2 2 ...
 $ Race.IsPredictedRace             : logi  TRUE TRUE TRUE TRUE TRUE TRUE ...
 $ Race.IsAnalyzeNormalPastAndFuture: logi  TRUE TRUE TRUE TRUE TRUE TRUE ...
 $ Race.IsAnalyzeNormalPast         : logi  TRUE TRUE TRUE TRUE TRUE TRUE ...
 $ Race.IsAnalyzeNormalFuture       : logi  FALSE FALSE FALSE FALSE FALSE FALSE ...
 $ Race.IsAnalyzeFullPastAndFuture  : logi  TRUE TRUE TRUE TRUE TRUE TRUE ...
 $ Race.IsAnalyzeFullPast           : logi  TRUE TRUE TRUE TRUE TRUE TRUE ...
 $ Race.IsAnalyzeFullFuture         : logi  FALSE FALSE FALSE FALSE FALSE FALSE ...
 $ Race.JyokenCd                    : Factor w/ 1 level "3": 1 1 1 1 1 1 1 1 1 1 ...
 $ Race.RaceType1Cd                 : Factor w/ 2 levels "1-3-E","1-3-X": 2 2 2 2 2 2 2 2 2 2 ...
 $ RaceHorse.RaceId                 : Factor w/ 1192 levels "20160124-06-01-08-10",..: 2 2 2 2 2 2 2 2 2 2 ...
 $ RaceHorse.KettoNum               : Factor w/ 3000 levels "2009110028","2010101988",..: 11 12 13 14 15 16 17 18 19 20 ...
 $ RaceHorse.IsHit1                 : int  0 0 0 0 0 0 0 0 0 0 ...
 $ RaceHorse.IsHit2                 : int  0 0 0 0 0 0 0 0 0 1 ...
 $ RaceHorse.IsHit3                 : int  0 0 0 0 0 0 0 0 0 0 ...
 $ RaceHorse.IsHit4                 : int  0 0 0 0 0 0 1 0 0 0 ...
 $ RaceHorse.IsHit5                 : int  0 0 0 0 0 0 0 0 0 0 ...
 $ RaceHorse.IsHit6                 : int  1 1 1 1 1 1 0 1 1 0 ...
 $ RaceHorse.IsValidRaceHorse       : logi  TRUE TRUE TRUE TRUE TRUE TRUE ...
 $ RaceHorse.IsHitA                 : int  0 0 0 0 0 0 0 0 0 0 ...
 $ RaceHorse.IsHitB                 : int  0 0 0 0 0 0 0 0 0 1 ...
 $ RaceHorse.IsHitC                 : int  0 0 0 0 0 0 0 0 0 1 ...
 $ Jockey.KisyuCode                 : Factor w/ 186 levels "01116","00689",..: 5 11 2 12 13 6 14 15 9 16 ...
 $ Jockey.TimeSdvByRaceAvg          : num  0.0709 0.1544 -0.339 0.1129 -0.2756 ...
 $ Jockey.TimeSdvByRaceMin          : num  -1.71 -1.9 -2.38 -1.89 -1.53 ...
 $ Jockey.TimeSdvByRaceMax          : num  1.41 1.78 1.89 1.52 1.65 ...
 $ Jockey.OrderOfFinishSdvAvg       : num  -0.0686 0.0546 -0.3878 -0.038 -0.5235 ...
 $ Jockey.RunCount                  : int  33 65 53 31 12 62 2 28 58 67 ...
 $ Jockey.HitCount1                 : int  1 8 1 2 1 2 0 3 7 6 ...
 $ Jockey.HitCount2                 : int  2 3 3 1 0 4 0 4 9 4 ...
 $ Jockey.HitCount3                 : int  5 5 1 4 0 6 0 1 6 5 ...
 $ Jockey.HitCount4                 : int  1 3 2 4 1 4 1 2 6 7 ...
 $ Jockey.HitCount5                 : int  3 5 3 1 1 6 0 1 4 6 ...
 $ Jockey.HitRate1                  : num  0.0303 0.1231 0.0189 0.0645 0.0833 ...
 $ Jockey.HitRate2                  : num  0.0606 0.0462 0.0566 0.0323 0 ...
 $ Jockey.HitRate3                  : num  0.1515 0.0769 0.0189 0.129 0 ...
 $ Jockey.HitRate4                  : num  0.0303 0.0462 0.0377 0.129 0.0833 ...
 $ Jockey.HitRate5                  : num  0.0909 0.0769 0.0566 0.0323 0.0833 ...
 $ EOF                              : int  1 1 1 1 1 1 1 1 1 1 ...
[1] "2022-02-21 22:18:42 --- RxSqlServerData Finish ---"
[1] "2022-02-21 22:18:42 --- subset Start ---"
[1] "--------------------------------------------------------------------------------"
[1] "nrow(data) subset before=14791"
[1] "nrow(data) subset after =14791"
[1] "nrow(data) subset diff =0"
[1] "--------------------------------------------------------------------------------"
[1] "2022-02-21 22:18:42 --- subset Finish---"
[1] "2022-02-21 22:18:42 --- transform Start ---"
[1] "--------------------------------------------------------------------------------"
[1] "nrow(data) transform before=14791"
[1] "nrow(data) transform after=14791"
[1] "nrow(data) transform diff=0"
[1] "--------------------------------------------------------------------------------"
[1] "str(data)="
'data.frame':	14791 obs. of  39 variables:
 $ Race.RaceId                      : Factor w/ 1192 levels "20160124-06-01-08-10",..: 2 2 2 2 2 2 2 2 2 2 ...
 $ Race.IsPredictedRace             : logi  TRUE TRUE TRUE TRUE TRUE TRUE ...
 $ Race.IsAnalyzeNormalPastAndFuture: logi  TRUE TRUE TRUE TRUE TRUE TRUE ...
 $ Race.IsAnalyzeNormalPast         : logi  TRUE TRUE TRUE TRUE TRUE TRUE ...
 $ Race.IsAnalyzeNormalFuture       : logi  FALSE FALSE FALSE FALSE FALSE FALSE ...
 $ Race.IsAnalyzeFullPastAndFuture  : logi  TRUE TRUE TRUE TRUE TRUE TRUE ...
 $ Race.IsAnalyzeFullPast           : logi  TRUE TRUE TRUE TRUE TRUE TRUE ...
 $ Race.IsAnalyzeFullFuture         : logi  FALSE FALSE FALSE FALSE FALSE FALSE ...
 $ Race.JyokenCd                    : Factor w/ 1 level "3": 1 1 1 1 1 1 1 1 1 1 ...
 $ Race.RaceType1Cd                 : Factor w/ 2 levels "1-3-E","1-3-X": 2 2 2 2 2 2 2 2 2 2 ...
 $ RaceHorse.RaceId                 : Factor w/ 1192 levels "20160124-06-01-08-10",..: 2 2 2 2 2 2 2 2 2 2 ...
 $ RaceHorse.KettoNum               : Factor w/ 3000 levels "2009110028","2010101988",..: 11 12 13 14 15 16 17 18 19 20 ...
 $ RaceHorse.IsHit1                 : int  0 0 0 0 0 0 0 0 0 0 ...
 $ RaceHorse.IsHit2                 : int  0 0 0 0 0 0 0 0 0 1 ...
 $ RaceHorse.IsHit3                 : int  0 0 0 0 0 0 0 0 0 0 ...
 $ RaceHorse.IsHit4                 : int  0 0 0 0 0 0 1 0 0 0 ...
 $ RaceHorse.IsHit5                 : int  0 0 0 0 0 0 0 0 0 0 ...
 $ RaceHorse.IsHit6                 : int  1 1 1 1 1 1 0 1 1 0 ...
 $ RaceHorse.IsValidRaceHorse       : logi  TRUE TRUE TRUE TRUE TRUE TRUE ...
 $ RaceHorse.IsHitA                 : int  0 0 0 0 0 0 0 0 0 0 ...
 $ RaceHorse.IsHitB                 : int  0 0 0 0 0 0 0 0 0 1 ...
 $ RaceHorse.IsHitC                 : int  0 0 0 0 0 0 0 0 0 1 ...
 $ Jockey.KisyuCode                 : Factor w/ 186 levels "01116","00689",..: 5 11 2 12 13 6 14 15 9 16 ...
 $ Jockey.TimeSdvByRaceAvg          : num  0.0709 0.1544 -0.339 0.1129 -0.2756 ...
 $ Jockey.TimeSdvByRaceMin          : num  -1.71 -1.9 -2.38 -1.89 -1.53 ...
 $ Jockey.TimeSdvByRaceMax          : num  1.41 1.78 1.89 1.52 1.65 ...
 $ Jockey.OrderOfFinishSdvAvg       : num  -0.0686 0.0546 -0.3878 -0.038 -0.5235 ...
 $ Jockey.RunCount                  : int  33 65 53 31 12 62 2 28 58 67 ...
 $ Jockey.HitCount1                 : int  1 8 1 2 1 2 0 3 7 6 ...
 $ Jockey.HitCount2                 : int  2 3 3 1 0 4 0 4 9 4 ...
 $ Jockey.HitCount3                 : int  5 5 1 4 0 6 0 1 6 5 ...
 $ Jockey.HitCount4                 : int  1 3 2 4 1 4 1 2 6 7 ...
 $ Jockey.HitCount5                 : int  3 5 3 1 1 6 0 1 4 6 ...
 $ Jockey.HitRate1                  : num  0.0303 0.1231 0.0189 0.0645 0.0833 ...
 $ Jockey.HitRate2                  : num  0.0606 0.0462 0.0566 0.0323 0 ...
 $ Jockey.HitRate3                  : num  0.1515 0.0769 0.0189 0.129 0 ...
 $ Jockey.HitRate4                  : num  0.0303 0.0462 0.0377 0.129 0.0833 ...
 $ Jockey.HitRate5                  : num  0.0909 0.0769 0.0566 0.0323 0.0833 ...
 $ EOF                              : int  1 1 1 1 1 1 1 1 1 1 ...
NULL
[1] "2022-02-21 22:18:42 --- transform Finish ---"
[1] "2022-02-21 22:18:42 --- na.omit Start ---"
[1] "--------------------------------------------------------------------------------"
[1] "nrow(data) na.omit before=14791"
[1] "nrow(data) na.omit after =14791"
[1] "nrow(data) na.omit diff =0"
[1] "--------------------------------------------------------------------------------"
'data.frame':	14791 obs. of  39 variables:
 $ Race.RaceId                      : Factor w/ 1192 levels "20160124-06-01-08-10",..: 2 2 2 2 2 2 2 2 2 2 ...
 $ Race.IsPredictedRace             : logi  TRUE TRUE TRUE TRUE TRUE TRUE ...
 $ Race.IsAnalyzeNormalPastAndFuture: logi  TRUE TRUE TRUE TRUE TRUE TRUE ...
 $ Race.IsAnalyzeNormalPast         : logi  TRUE TRUE TRUE TRUE TRUE TRUE ...
 $ Race.IsAnalyzeNormalFuture       : logi  FALSE FALSE FALSE FALSE FALSE FALSE ...
 $ Race.IsAnalyzeFullPastAndFuture  : logi  TRUE TRUE TRUE TRUE TRUE TRUE ...
 $ Race.IsAnalyzeFullPast           : logi  TRUE TRUE TRUE TRUE TRUE TRUE ...
 $ Race.IsAnalyzeFullFuture         : logi  FALSE FALSE FALSE FALSE FALSE FALSE ...
 $ Race.JyokenCd                    : Factor w/ 1 level "3": 1 1 1 1 1 1 1 1 1 1 ...
 $ Race.RaceType1Cd                 : Factor w/ 2 levels "1-3-E","1-3-X": 2 2 2 2 2 2 2 2 2 2 ...
 $ RaceHorse.RaceId                 : Factor w/ 1192 levels "20160124-06-01-08-10",..: 2 2 2 2 2 2 2 2 2 2 ...
 $ RaceHorse.KettoNum               : Factor w/ 3000 levels "2009110028","2010101988",..: 11 12 13 14 15 16 17 18 19 20 ...
 $ RaceHorse.IsHit1                 : int  0 0 0 0 0 0 0 0 0 0 ...
 $ RaceHorse.IsHit2                 : int  0 0 0 0 0 0 0 0 0 1 ...
 $ RaceHorse.IsHit3                 : int  0 0 0 0 0 0 0 0 0 0 ...
 $ RaceHorse.IsHit4                 : int  0 0 0 0 0 0 1 0 0 0 ...
 $ RaceHorse.IsHit5                 : int  0 0 0 0 0 0 0 0 0 0 ...
 $ RaceHorse.IsHit6                 : int  1 1 1 1 1 1 0 1 1 0 ...
 $ RaceHorse.IsValidRaceHorse       : logi  TRUE TRUE TRUE TRUE TRUE TRUE ...
 $ RaceHorse.IsHitA                 : int  0 0 0 0 0 0 0 0 0 0 ...
 $ RaceHorse.IsHitB                 : int  0 0 0 0 0 0 0 0 0 1 ...
 $ RaceHorse.IsHitC                 : int  0 0 0 0 0 0 0 0 0 1 ...
 $ Jockey.KisyuCode                 : Factor w/ 186 levels "01116","00689",..: 5 11 2 12 13 6 14 15 9 16 ...
 $ Jockey.TimeSdvByRaceAvg          : num  0.0709 0.1544 -0.339 0.1129 -0.2756 ...
 $ Jockey.TimeSdvByRaceMin          : num  -1.71 -1.9 -2.38 -1.89 -1.53 ...
 $ Jockey.TimeSdvByRaceMax          : num  1.41 1.78 1.89 1.52 1.65 ...
 $ Jockey.OrderOfFinishSdvAvg       : num  -0.0686 0.0546 -0.3878 -0.038 -0.5235 ...
 $ Jockey.RunCount                  : int  33 65 53 31 12 62 2 28 58 67 ...
 $ Jockey.HitCount1                 : int  1 8 1 2 1 2 0 3 7 6 ...
 $ Jockey.HitCount2                 : int  2 3 3 1 0 4 0 4 9 4 ...
 $ Jockey.HitCount3                 : int  5 5 1 4 0 6 0 1 6 5 ...
 $ Jockey.HitCount4                 : int  1 3 2 4 1 4 1 2 6 7 ...
 $ Jockey.HitCount5                 : int  3 5 3 1 1 6 0 1 4 6 ...
 $ Jockey.HitRate1                  : num  0.0303 0.1231 0.0189 0.0645 0.0833 ...
 $ Jockey.HitRate2                  : num  0.0606 0.0462 0.0566 0.0323 0 ...
 $ Jockey.HitRate3                  : num  0.1515 0.0769 0.0189 0.129 0 ...
 $ Jockey.HitRate4                  : num  0.0303 0.0462 0.0377 0.129 0.0833 ...
 $ Jockey.HitRate5                  : num  0.0909 0.0769 0.0566 0.0323 0.0833 ...
 $ EOF                              : int  1 1 1 1 1 1 1 1 1 1 ...
[1] "2022-02-21 22:18:42 --- na.omit Finish ---"
[1] "2022-02-21 22:18:42 --- rxGlm with rxStepControl Start ---"

> print(paste0(Sys.time(), " --- source_logic_glm.R Start ---"))
[1] "2022-02-21 22:18:42 --- source_logic_glm.R Start ---"

> formula <- formula(RaceHorse.IsHitA ~ +1 + Jockey.OrderOfFinishSdvAvg)

> print(paste0(Sys.time(), " --- source_logic_glm.R Finished ---"))
[1] "2022-02-21 22:18:42 --- source_logic_glm.R Finished ---"
Rows Read: 14791, Total Rows Processed: 14791, Total Chunk Time: Less than .001 seconds 

Starting values (iteration 1) time: 0.007 secs.
Rows Read: 14791, Total Rows Processed: 14791, Total Chunk Time: 0.002 seconds 

Iteration 2 time: 0.007 secs.
Rows Read: 14791, Total Rows Processed: 14791, Total Chunk Time: 0.002 seconds 

Iteration 3 time: 0.004 secs.
Rows Read: 14791, Total Rows Processed: 14791, Total Chunk Time: Less than .001 seconds 

Iteration 4 time: 0.004 secs.
Rows Read: 14791, Total Rows Processed: 14791, Total Chunk Time: 0.002 seconds 

Iteration 5 time: 0.005 secs.

Elapsed computation time: 0.045 secs.
Rows Read: 14791, Total Rows Processed: 14791, Total Chunk Time: Less than .001 seconds 

Starting values (iteration 1) time: 0.005 secs.
Rows Read: 14791, Total Rows Processed: 14791, Total Chunk Time: 0.001 seconds 

Iteration 2 time: 0.005 secs.

Elapsed computation time: 0.020 secs.
Rows Read: 14791, Total Rows Processed: 14791, Total Chunk Time: Less than .001 seconds 

Starting values (iteration 1) time: 0.006 secs.
Rows Read: 14791, Total Rows Processed: 14791, Total Chunk Time: 0.001 seconds 

Iteration 2 time: 0.006 secs.
Rows Read: 14791, Total Rows Processed: 14791, Total Chunk Time: 0.002 seconds 

Iteration 3 time: 0.004 secs.
Rows Read: 14791, Total Rows Processed: 14791, Total Chunk Time: 0.002 seconds 

Iteration 4 time: 0.005 secs.
Rows Read: 14791, Total Rows Processed: 14791, Total Chunk Time: 0.002 seconds 

Iteration 5 time: 0.005 secs.

Elapsed computation time: 0.039 secs.

Elapsed computation time: 0.118 secs.
[1] "--------------------------------------------------------------------------------"
[1] "analyze.results.glm.step="
Logistic Regression Results for: RaceHorse.IsHitA ~
    Jockey.OrderOfFinishSdvAvg
Data: data
Dependent variable(s): RaceHorse.IsHitA
Total independent variables: 2 
Number of valid observations: 14791
Number of missing observations: 0 
 
Coefficients:
                           RaceHorse.IsHitA
(Intercept)                              -3
Jockey.OrderOfFinishSdvAvg                2
[1] "analyze.results.glm.step.summary"
Call:
rxLogit(formula = formula, data = data, variableSelection = analyze.results.glm.step.varsel)

Logistic Regression Results for: RaceHorse.IsHitA ~
    Jockey.OrderOfFinishSdvAvg
Data: data
Dependent variable(s): RaceHorse.IsHitA
Total independent variables: 2 
Number of valid observations: 14791
Number of missing observations: 0 
-2*LogLikelihood: 7896.687 (Residual deviance on 14789 degrees of freedom)
 
Coefficients:
                           Estimate Std. Error z value Pr(>|z|)    
(Intercept)                 -2.5934     0.0345   -75.3  2.2e-16 ***
Jockey.OrderOfFinishSdvAvg   1.7300     0.0918    18.8  2.2e-16 ***
---
Signif. codes:  0 '***' 0.001 '**' 0.01 '*' 0.05 '.' 0.1 ' ' 1

Condition number of final variance-covariance matrix: 1 
Number of iterations: 5
[1] "--------------------------------------------------------------------------------"
[1] "2022-02-21 22:18:43 --- rxGlm with rxStepControl Finish ---"
[1] "2022-02-21 22:18:43 --- rxStepPlot Start ---"
[1] "pdfFilename=pdf_analyze_glm_Jockey_Type13_rxStepPlot.pdf"
[1] "rxStepPlot="
[1] "2022-02-21 22:18:49 --- rxStepPlot Finish ---"
[1] "2022-02-21 22:18:49 --- save.image Start ---"
[1] "save.image"
[1] "rdataFilename=RData_analyze_glm_Jockey_Type13.RData"
[1] "2022-02-21 22:18:49 --- save.image Finish ---"
[1] "2022-02-21 22:18:49 --- final Start ---"
[1] "--------------------------------------------------------------------------------"
[1] "nrow(data) final=14791"
[1] "--------------------------------------------------------------------------------"
[1] "2022-02-21 22:18:49 --- final Finish ---"
[1] "2022-02-21 22:18:49 --- analyze_glm.R Finished ---"
[1] "2022-02-21 22:18:49 --- log Finish ---"
