[1] "2022-02-21 22:08:46 --- D1115_analyze_glm_Gen01_IsHitA_Type24 Start ---"
[1] "2022-02-21 22:08:46 --- Log Start ---"
[1] "2022-02-21 22:08:46 --- analyze_glm.R Start ---"
[1] "analyzeVersion=D1115"
[1] "analyzeCategory=analyze"
[1] "analyzeType=Gen01"
[1] "analyzeFamily=IsHitA"
[1] "analyzeFunc=glm"
[1] "analyzeTrackTypeCd=2"
[1] "analyzeJyokenCd=4"
[1] "2022-02-21 22:08:46 --- source_function.R Start ---"
[1] "2022-02-21 22:08:46 --- source_function.R Finished ---"

> print(paste0(Sys.time(), " --- source_library.R Start ---"))
[1] "2022-02-21 22:08:46 --- source_library.R Start ---"

> require("RevoScaleR")

> print(paste0(Sys.time(), " --- source_library.R Finished ---"))
[1] "2022-02-21 22:08:48 --- source_library.R Finished ---"
[1] "2022-02-21 22:08:48 --- RxSqlServerData Start ---"
[1] "2022-02-21 22:08:48 --- RxInSqlServer Start ---"
[1] "2022-02-21 22:08:48 --- RxInSqlServer Finish ---"
[1] "2022-02-21 22:08:48 --- rxSetComputeContext Start ---"
[1] "2022-02-21 22:08:48 --- rxSetComputeContext Finish ---"
[1] "2022-02-21 22:08:48 --- RxSqlServerData Start ---"
[1] "sqlQuery=SELECT * FROM ViewAnalyzeD1115analyze01Gen01Type24"
[1] "2022-02-21 22:08:48 --- RxSqlServerData Finish ---"
[1] "2022-02-21 22:08:48 --- rxGetVarInfo Start ---"
[1] "2022-02-21 22:08:49 --- rxGetVarInfo Finish---"
[1] "2022-02-21 22:08:49 --- rxImport Start ---"
Rows Read: 39376, Total Rows Processed: 39376, Total Chunk Time: 624.042 seconds 
[1] "2022-02-21 22:36:36 --- rxImport Finish ---"
[1] "object.size(data) auto=8.3 Mb"
[1] "--------------------------------------------------------------------------------"
[1] "nrow(data) RxSqlServerData=39376"
[1] "--------------------------------------------------------------------------------"
[1] "str(data)="
'data.frame':	39376 obs. of  39 variables:
 $ Race.RaceId                      : Factor w/ 2833 levels "20170115-06-01-05-07",..: 2 2 2 2 2 2 2 2 2 2 ...
 $ Race.IsPredictedRace             : logi  TRUE TRUE TRUE TRUE TRUE TRUE ...
 $ Race.IsAnalyzeNormalPastAndFuture: logi  TRUE TRUE TRUE TRUE TRUE TRUE ...
 $ Race.IsAnalyzeNormalPast         : logi  TRUE TRUE TRUE TRUE TRUE TRUE ...
 $ Race.IsAnalyzeNormalFuture       : logi  FALSE FALSE FALSE FALSE FALSE FALSE ...
 $ Race.IsAnalyzeFullPastAndFuture  : logi  TRUE TRUE TRUE TRUE TRUE TRUE ...
 $ Race.IsAnalyzeFullPast           : logi  TRUE TRUE TRUE TRUE TRUE TRUE ...
 $ Race.IsAnalyzeFullFuture         : logi  FALSE FALSE FALSE FALSE FALSE FALSE ...
 $ Race.JyokenCd                    : Factor w/ 1 level "4": 1 1 1 1 1 1 1 1 1 1 ...
 $ Race.RaceType1Cd                 : Factor w/ 2 levels "2-4-X","2-4-E": 1 1 1 1 1 1 1 1 1 1 ...
 $ RaceHorse.RaceId                 : Factor w/ 2833 levels "20170115-06-01-05-07",..: 2 2 2 2 2 2 2 2 2 2 ...
 $ RaceHorse.KettoNum               : Factor w/ 7892 levels "2012101185","2012101349",..: 11 12 13 14 15 16 9 17 18 19 ...
 $ RaceHorse.IsHit1                 : int  0 1 0 0 0 0 0 0 0 0 ...
 $ RaceHorse.IsHit2                 : int  0 0 0 0 0 0 0 0 0 0 ...
 $ RaceHorse.IsHit3                 : int  0 0 0 0 0 0 0 0 0 0 ...
 $ RaceHorse.IsHit4                 : int  0 0 0 0 0 1 0 0 0 0 ...
 $ RaceHorse.IsHit5                 : int  0 0 0 0 0 0 0 0 0 0 ...
 $ RaceHorse.IsHit6                 : int  1 0 1 1 1 0 1 1 1 1 ...
 $ RaceHorse.IsValidRaceHorse       : logi  TRUE TRUE TRUE TRUE TRUE TRUE ...
 $ RaceHorse.IsHitA                 : int  0 1 0 0 0 0 0 0 0 0 ...
 $ RaceHorse.IsHitB                 : int  0 1 0 0 0 0 0 0 0 0 ...
 $ RaceHorse.IsHitC                 : int  0 1 0 0 0 0 0 0 0 0 ...
 $ Gen01.HansyokuNum                : Factor w/ 434 levels "11202137","11202119",..: 10 11 12 13 9 14 9 15 16 6 ...
 $ Gen01.TimeSdvByRaceAvg           : num  -0.3512 -0.5004 -0.0782 -0.3312 -0.6916 ...
 $ Gen01.TimeSdvByRaceMin           : num  -2.5 -2.12 -1.75 -2.94 -2.45 ...
 $ Gen01.TimeSdvByRaceMax           : num  1.851 1.005 0.958 2.003 2.341 ...
 $ Gen01.OrderOfFinishSdvAvg        : num  -0.415 -0.629 0.159 -0.207 -0.773 ...
 $ Gen01.RunCount                   : int  63 21 4 67 13 29 13 1 42 36 ...
 $ Gen01.HitCount1                  : int  12 0 1 14 1 7 1 0 12 4 ...
 $ Gen01.HitCount2                  : int  0 1 0 0 0 0 0 0 1 1 ...
 $ Gen01.HitCount3                  : int  1 0 1 0 0 1 0 0 0 0 ...
 $ Gen01.HitCount4                  : int  1 1 0 2 0 0 0 0 1 0 ...
 $ Gen01.HitCount5                  : int  1 2 0 2 0 0 0 0 1 2 ...
 $ Gen01.HitRate1                   : num  0.1905 0 0.25 0.209 0.0769 ...
 $ Gen01.HitRate2                   : num  0 0.0476 0 0 0 ...
 $ Gen01.HitRate3                   : num  0.0159 0 0.25 0 0 ...
 $ Gen01.HitRate4                   : num  0.0159 0.0476 0 0.0299 0 ...
 $ Gen01.HitRate5                   : num  0.0159 0.0952 0 0.0299 0 ...
 $ EOF                              : int  1 1 1 1 1 1 1 1 1 1 ...
[1] "2022-02-21 22:36:37 --- RxSqlServerData Finish ---"
[1] "2022-02-21 22:36:37 --- subset Start ---"
[1] "--------------------------------------------------------------------------------"
[1] "nrow(data) subset before=39376"
[1] "nrow(data) subset after =39376"
[1] "nrow(data) subset diff =0"
[1] "--------------------------------------------------------------------------------"
[1] "2022-02-21 22:36:37 --- subset Finish---"
[1] "2022-02-21 22:36:37 --- transform Start ---"
[1] "--------------------------------------------------------------------------------"
[1] "nrow(data) transform before=39376"
[1] "nrow(data) transform after=39376"
[1] "nrow(data) transform diff=0"
[1] "--------------------------------------------------------------------------------"
[1] "str(data)="
'data.frame':	39376 obs. of  39 variables:
 $ Race.RaceId                      : Factor w/ 2833 levels "20170115-06-01-05-07",..: 2 2 2 2 2 2 2 2 2 2 ...
 $ Race.IsPredictedRace             : logi  TRUE TRUE TRUE TRUE TRUE TRUE ...
 $ Race.IsAnalyzeNormalPastAndFuture: logi  TRUE TRUE TRUE TRUE TRUE TRUE ...
 $ Race.IsAnalyzeNormalPast         : logi  TRUE TRUE TRUE TRUE TRUE TRUE ...
 $ Race.IsAnalyzeNormalFuture       : logi  FALSE FALSE FALSE FALSE FALSE FALSE ...
 $ Race.IsAnalyzeFullPastAndFuture  : logi  TRUE TRUE TRUE TRUE TRUE TRUE ...
 $ Race.IsAnalyzeFullPast           : logi  TRUE TRUE TRUE TRUE TRUE TRUE ...
 $ Race.IsAnalyzeFullFuture         : logi  FALSE FALSE FALSE FALSE FALSE FALSE ...
 $ Race.JyokenCd                    : Factor w/ 1 level "4": 1 1 1 1 1 1 1 1 1 1 ...
 $ Race.RaceType1Cd                 : Factor w/ 2 levels "2-4-X","2-4-E": 1 1 1 1 1 1 1 1 1 1 ...
 $ RaceHorse.RaceId                 : Factor w/ 2833 levels "20170115-06-01-05-07",..: 2 2 2 2 2 2 2 2 2 2 ...
 $ RaceHorse.KettoNum               : Factor w/ 7892 levels "2012101185","2012101349",..: 11 12 13 14 15 16 9 17 18 19 ...
 $ RaceHorse.IsHit1                 : int  0 1 0 0 0 0 0 0 0 0 ...
 $ RaceHorse.IsHit2                 : int  0 0 0 0 0 0 0 0 0 0 ...
 $ RaceHorse.IsHit3                 : int  0 0 0 0 0 0 0 0 0 0 ...
 $ RaceHorse.IsHit4                 : int  0 0 0 0 0 1 0 0 0 0 ...
 $ RaceHorse.IsHit5                 : int  0 0 0 0 0 0 0 0 0 0 ...
 $ RaceHorse.IsHit6                 : int  1 0 1 1 1 0 1 1 1 1 ...
 $ RaceHorse.IsValidRaceHorse       : logi  TRUE TRUE TRUE TRUE TRUE TRUE ...
 $ RaceHorse.IsHitA                 : int  0 1 0 0 0 0 0 0 0 0 ...
 $ RaceHorse.IsHitB                 : int  0 1 0 0 0 0 0 0 0 0 ...
 $ RaceHorse.IsHitC                 : int  0 1 0 0 0 0 0 0 0 0 ...
 $ Gen01.HansyokuNum                : Factor w/ 434 levels "11202137","11202119",..: 10 11 12 13 9 14 9 15 16 6 ...
 $ Gen01.TimeSdvByRaceAvg           : num  -0.3512 -0.5004 -0.0782 -0.3312 -0.6916 ...
 $ Gen01.TimeSdvByRaceMin           : num  -2.5 -2.12 -1.75 -2.94 -2.45 ...
 $ Gen01.TimeSdvByRaceMax           : num  1.851 1.005 0.958 2.003 2.341 ...
 $ Gen01.OrderOfFinishSdvAvg        : num  -0.415 -0.629 0.159 -0.207 -0.773 ...
 $ Gen01.RunCount                   : int  63 21 4 67 13 29 13 1 42 36 ...
 $ Gen01.HitCount1                  : int  12 0 1 14 1 7 1 0 12 4 ...
 $ Gen01.HitCount2                  : int  0 1 0 0 0 0 0 0 1 1 ...
 $ Gen01.HitCount3                  : int  1 0 1 0 0 1 0 0 0 0 ...
 $ Gen01.HitCount4                  : int  1 1 0 2 0 0 0 0 1 0 ...
 $ Gen01.HitCount5                  : int  1 2 0 2 0 0 0 0 1 2 ...
 $ Gen01.HitRate1                   : num  0.1905 0 0.25 0.209 0.0769 ...
 $ Gen01.HitRate2                   : num  0 0.0476 0 0 0 ...
 $ Gen01.HitRate3                   : num  0.0159 0 0.25 0 0 ...
 $ Gen01.HitRate4                   : num  0.0159 0.0476 0 0.0299 0 ...
 $ Gen01.HitRate5                   : num  0.0159 0.0952 0 0.0299 0 ...
 $ EOF                              : int  1 1 1 1 1 1 1 1 1 1 ...
NULL
[1] "2022-02-21 22:36:37 --- transform Finish ---"
[1] "2022-02-21 22:36:37 --- na.omit Start ---"
[1] "--------------------------------------------------------------------------------"
[1] "nrow(data) na.omit before=39376"
[1] "nrow(data) na.omit after =39376"
[1] "nrow(data) na.omit diff =0"
[1] "--------------------------------------------------------------------------------"
'data.frame':	39376 obs. of  39 variables:
 $ Race.RaceId                      : Factor w/ 2833 levels "20170115-06-01-05-07",..: 2 2 2 2 2 2 2 2 2 2 ...
 $ Race.IsPredictedRace             : logi  TRUE TRUE TRUE TRUE TRUE TRUE ...
 $ Race.IsAnalyzeNormalPastAndFuture: logi  TRUE TRUE TRUE TRUE TRUE TRUE ...
 $ Race.IsAnalyzeNormalPast         : logi  TRUE TRUE TRUE TRUE TRUE TRUE ...
 $ Race.IsAnalyzeNormalFuture       : logi  FALSE FALSE FALSE FALSE FALSE FALSE ...
 $ Race.IsAnalyzeFullPastAndFuture  : logi  TRUE TRUE TRUE TRUE TRUE TRUE ...
 $ Race.IsAnalyzeFullPast           : logi  TRUE TRUE TRUE TRUE TRUE TRUE ...
 $ Race.IsAnalyzeFullFuture         : logi  FALSE FALSE FALSE FALSE FALSE FALSE ...
 $ Race.JyokenCd                    : Factor w/ 1 level "4": 1 1 1 1 1 1 1 1 1 1 ...
 $ Race.RaceType1Cd                 : Factor w/ 2 levels "2-4-X","2-4-E": 1 1 1 1 1 1 1 1 1 1 ...
 $ RaceHorse.RaceId                 : Factor w/ 2833 levels "20170115-06-01-05-07",..: 2 2 2 2 2 2 2 2 2 2 ...
 $ RaceHorse.KettoNum               : Factor w/ 7892 levels "2012101185","2012101349",..: 11 12 13 14 15 16 9 17 18 19 ...
 $ RaceHorse.IsHit1                 : int  0 1 0 0 0 0 0 0 0 0 ...
 $ RaceHorse.IsHit2                 : int  0 0 0 0 0 0 0 0 0 0 ...
 $ RaceHorse.IsHit3                 : int  0 0 0 0 0 0 0 0 0 0 ...
 $ RaceHorse.IsHit4                 : int  0 0 0 0 0 1 0 0 0 0 ...
 $ RaceHorse.IsHit5                 : int  0 0 0 0 0 0 0 0 0 0 ...
 $ RaceHorse.IsHit6                 : int  1 0 1 1 1 0 1 1 1 1 ...
 $ RaceHorse.IsValidRaceHorse       : logi  TRUE TRUE TRUE TRUE TRUE TRUE ...
 $ RaceHorse.IsHitA                 : int  0 1 0 0 0 0 0 0 0 0 ...
 $ RaceHorse.IsHitB                 : int  0 1 0 0 0 0 0 0 0 0 ...
 $ RaceHorse.IsHitC                 : int  0 1 0 0 0 0 0 0 0 0 ...
 $ Gen01.HansyokuNum                : Factor w/ 434 levels "11202137","11202119",..: 10 11 12 13 9 14 9 15 16 6 ...
 $ Gen01.TimeSdvByRaceAvg           : num  -0.3512 -0.5004 -0.0782 -0.3312 -0.6916 ...
 $ Gen01.TimeSdvByRaceMin           : num  -2.5 -2.12 -1.75 -2.94 -2.45 ...
 $ Gen01.TimeSdvByRaceMax           : num  1.851 1.005 0.958 2.003 2.341 ...
 $ Gen01.OrderOfFinishSdvAvg        : num  -0.415 -0.629 0.159 -0.207 -0.773 ...
 $ Gen01.RunCount                   : int  63 21 4 67 13 29 13 1 42 36 ...
 $ Gen01.HitCount1                  : int  12 0 1 14 1 7 1 0 12 4 ...
 $ Gen01.HitCount2                  : int  0 1 0 0 0 0 0 0 1 1 ...
 $ Gen01.HitCount3                  : int  1 0 1 0 0 1 0 0 0 0 ...
 $ Gen01.HitCount4                  : int  1 1 0 2 0 0 0 0 1 0 ...
 $ Gen01.HitCount5                  : int  1 2 0 2 0 0 0 0 1 2 ...
 $ Gen01.HitRate1                   : num  0.1905 0 0.25 0.209 0.0769 ...
 $ Gen01.HitRate2                   : num  0 0.0476 0 0 0 ...
 $ Gen01.HitRate3                   : num  0.0159 0 0.25 0 0 ...
 $ Gen01.HitRate4                   : num  0.0159 0.0476 0 0.0299 0 ...
 $ Gen01.HitRate5                   : num  0.0159 0.0952 0 0.0299 0 ...
 $ EOF                              : int  1 1 1 1 1 1 1 1 1 1 ...
[1] "2022-02-21 22:36:37 --- na.omit Finish ---"
[1] "2022-02-21 22:36:37 --- rxGlm with rxStepControl Start ---"

> print(paste0(Sys.time(), " --- source_logic_glm.R Start ---"))
[1] "2022-02-21 22:36:37 --- source_logic_glm.R Start ---"

> formula <- formula(RaceHorse.IsHitA ~ +1 + Gen01.OrderOfFinishSdvAvg)

> print(paste0(Sys.time(), " --- source_logic_glm.R Finished ---"))
[1] "2022-02-21 22:36:37 --- source_logic_glm.R Finished ---"
Rows Read: 39376, Total Rows Processed: 39376, Total Chunk Time: Less than .001 seconds 

Starting values (iteration 1) time: 0.011 secs.
Rows Read: 39376, Total Rows Processed: 39376, Total Chunk Time: 0.002 seconds 

Iteration 2 time: 0.006 secs.
Rows Read: 39376, Total Rows Processed: 39376, Total Chunk Time: 0.002 seconds 

Iteration 3 time: 0.004 secs.
Rows Read: 39376, Total Rows Processed: 39376, Total Chunk Time: 0.002 seconds 

Iteration 4 time: 0.004 secs.

Elapsed computation time: 0.039 secs.
Rows Read: 39376, Total Rows Processed: 39376, Total Chunk Time: Less than .001 seconds 

Starting values (iteration 1) time: 0.006 secs.
Rows Read: 39376, Total Rows Processed: 39376, Total Chunk Time: Less than .001 seconds 

Iteration 2 time: 0.005 secs.

Elapsed computation time: 0.020 secs.
Rows Read: 39376, Total Rows Processed: 39376, Total Chunk Time: 0.002 seconds 

Starting values (iteration 1) time: 0.007 secs.
Rows Read: 39376, Total Rows Processed: 39376, Total Chunk Time: 0.002 seconds 

Iteration 2 time: 0.006 secs.
Rows Read: 39376, Total Rows Processed: 39376, Total Chunk Time: 0.002 seconds 

Iteration 3 time: 0.005 secs.
Rows Read: 39376, Total Rows Processed: 39376, Total Chunk Time: 0.003 seconds 

Iteration 4 time: 0.004 secs.

Elapsed computation time: 0.036 secs.

Elapsed computation time: 0.109 secs.
[1] "--------------------------------------------------------------------------------"
[1] "analyze.results.glm.step="
Logistic Regression Results for: RaceHorse.IsHitA ~
    Gen01.OrderOfFinishSdvAvg
Data: data
Dependent variable(s): RaceHorse.IsHitA
Total independent variables: 2 
Number of valid observations: 39376
Number of missing observations: 0 
 
Coefficients:
                          RaceHorse.IsHitA
(Intercept)                           -2.5
Gen01.OrderOfFinishSdvAvg              0.5
[1] "analyze.results.glm.step.summary"
Call:
rxLogit(formula = formula, data = data, variableSelection = analyze.results.glm.step.varsel)

Logistic Regression Results for: RaceHorse.IsHitA ~
    Gen01.OrderOfFinishSdvAvg
Data: data
Dependent variable(s): RaceHorse.IsHitA
Total independent variables: 2 
Number of valid observations: 39376
Number of missing observations: 0 
-2*LogLikelihood: 20150.511 (Residual deviance on 39374 degrees of freedom)
 
Coefficients:
                          Estimate Std. Error z value Pr(>|z|)    
(Intercept)                -2.5324     0.0197 -128.46  2.2e-16 ***
Gen01.OrderOfFinishSdvAvg   0.5193     0.0544    9.55  2.2e-16 ***
---
Signif. codes:  0 '***' 0.001 '**' 0.01 '*' 0.05 '.' 0.1 ' ' 1

Condition number of final variance-covariance matrix: 1 
Number of iterations: 4
[1] "--------------------------------------------------------------------------------"
[1] "2022-02-21 22:36:37 --- rxGlm with rxStepControl Finish ---"
[1] "2022-02-21 22:36:37 --- rxStepPlot Start ---"
[1] "pdfFilename=pdf_analyze_glm_Gen01_Type24_rxStepPlot.pdf"
[1] "rxStepPlot="
[1] "2022-02-21 22:36:37 --- rxStepPlot Finish ---"
[1] "2022-02-21 22:36:37 --- save.image Start ---"
[1] "save.image"
[1] "rdataFilename=RData_analyze_glm_Gen01_Type24.RData"
[1] "2022-02-21 22:36:38 --- save.image Finish ---"
[1] "2022-02-21 22:36:38 --- final Start ---"
[1] "--------------------------------------------------------------------------------"
[1] "nrow(data) final=39376"
[1] "--------------------------------------------------------------------------------"
[1] "2022-02-21 22:36:38 --- final Finish ---"
[1] "2022-02-21 22:36:38 --- analyze_glm.R Finished ---"
[1] "2022-02-21 22:36:38 --- log Finish ---"
