[1] "2022-02-21 22:16:52 --- D1115_analyze_glm_Odds_IsHitA_Type31 Start ---"
[1] "2022-02-21 22:16:52 --- Log Start ---"
[1] "2022-02-21 22:16:52 --- analyze_glm.R Start ---"
[1] "analyzeVersion=D1115"
[1] "analyzeCategory=analyze"
[1] "analyzeType=Odds"
[1] "analyzeFamily=IsHitA"
[1] "analyzeFunc=glm"
[1] "analyzeTrackTypeCd=3"
[1] "analyzeJyokenCd=1"
[1] "2022-02-21 22:16:52 --- source_function.R Start ---"
[1] "2022-02-21 22:16:52 --- source_function.R Finished ---"

> print(paste0(Sys.time(), " --- source_library.R Start ---"))
[1] "2022-02-21 22:16:52 --- source_library.R Start ---"

> require("RevoScaleR")

> print(paste0(Sys.time(), " --- source_library.R Finished ---"))
[1] "2022-02-21 22:16:58 --- source_library.R Finished ---"
[1] "2022-02-21 22:16:58 --- RxSqlServerData Start ---"
[1] "2022-02-21 22:16:58 --- RxInSqlServer Start ---"
[1] "2022-02-21 22:16:58 --- RxInSqlServer Finish ---"
[1] "2022-02-21 22:16:58 --- rxSetComputeContext Start ---"
[1] "2022-02-21 22:16:58 --- rxSetComputeContext Finish ---"
[1] "2022-02-21 22:16:58 --- RxSqlServerData Start ---"
[1] "sqlQuery=SELECT * FROM ViewAnalyzeD1115analyze01OddsType31"
[1] "2022-02-21 22:16:58 --- RxSqlServerData Finish ---"
[1] "2022-02-21 22:16:58 --- rxGetVarInfo Start ---"
[1] "2022-02-21 22:16:58 --- rxGetVarInfo Finish---"
[1] "2022-02-21 22:16:58 --- rxImport Start ---"
Rows Read: 2534, Total Rows Processed: 2534, Total Chunk Time: 0.105 seconds 
[1] "2022-02-21 22:17:27 --- rxImport Finish ---"
[1] "object.size(data) auto=443.5 Kb"
[1] "--------------------------------------------------------------------------------"
[1] "nrow(data) RxSqlServerData=2534"
[1] "--------------------------------------------------------------------------------"
[1] "str(data)="
'data.frame':	2534 obs. of  30 variables:
 $ Race.RaceId                      : Factor w/ 213 levels "20160409-03-01-01-05",..: 2 2 2 2 2 2 2 2 2 2 ...
 $ Race.IsPredictedRace             : logi  TRUE TRUE TRUE TRUE TRUE TRUE ...
 $ Race.IsAnalyzeNormalPastAndFuture: logi  TRUE TRUE TRUE TRUE TRUE TRUE ...
 $ Race.IsAnalyzeNormalPast         : logi  TRUE TRUE TRUE TRUE TRUE TRUE ...
 $ Race.IsAnalyzeNormalFuture       : logi  FALSE FALSE FALSE FALSE FALSE FALSE ...
 $ Race.IsAnalyzeFullPastAndFuture  : logi  TRUE TRUE TRUE TRUE TRUE TRUE ...
 $ Race.IsAnalyzeFullPast           : logi  TRUE TRUE TRUE TRUE TRUE TRUE ...
 $ Race.IsAnalyzeFullFuture         : logi  FALSE FALSE FALSE FALSE FALSE FALSE ...
 $ Race.JyokenCd                    : Factor w/ 1 level "1": 1 1 1 1 1 1 1 1 1 1 ...
 $ Race.RaceType1Cd                 : Factor w/ 5 levels "3-1-X","3-1-E",..: 2 2 2 2 2 2 2 2 2 2 ...
 $ RaceHorse.RaceId                 : Factor w/ 213 levels "20160409-03-01-01-05",..: 2 2 2 2 2 2 2 2 2 2 ...
 $ RaceHorse.KettoNum               : Factor w/ 478 levels "2007106537","2008100219",..: 11 12 13 14 15 16 17 6 18 19 ...
 $ RaceHorse.IsHit1                 : int  0 0 0 1 0 0 0 0 0 0 ...
 $ RaceHorse.IsHit2                 : int  0 0 0 0 0 0 1 0 0 0 ...
 $ RaceHorse.IsHit3                 : int  1 0 0 0 0 0 0 0 0 0 ...
 $ RaceHorse.IsHit4                 : int  0 0 0 0 0 0 0 0 1 0 ...
 $ RaceHorse.IsHit5                 : int  0 0 0 0 0 0 0 0 0 0 ...
 $ RaceHorse.IsHit6                 : int  0 1 1 0 1 1 0 1 0 1 ...
 $ RaceHorse.IsValidRaceHorse       : logi  TRUE TRUE TRUE TRUE TRUE TRUE ...
 $ RaceHorse.IsHitA                 : int  0 0 0 1 0 0 0 0 0 0 ...
 $ RaceHorse.IsHitB                 : int  0 0 0 1 0 0 1 0 0 0 ...
 $ RaceHorse.IsHitC                 : int  1 0 0 1 0 0 1 0 0 0 ...
 $ OddsByWin.Odds1                  : num  14.4 238.3 30.9 4.4 15.5 ...
 $ OddsByWin.Ninki                  : num  3 14 6 2 4 10 1 7 5 13 ...
 $ OddsByWin.OddsLog1               : num  2.73 5.48 3.46 1.69 2.8 ...
 $ OddsByWin.OddsRatio1             : num  0.07463 0.00421 0.03344 0.29412 0.06897 ...
 $ OddsByWin.OddsLogit1             : num  -2.67 -5.47 -3.43 -1.48 -2.74 ...
 $ OddsByWin.ApprovalRate1          : num  0.0694 0.0042 0.0324 0.2273 0.0645 ...
 $ OddsByWin.ApprovalRateLog1       : num  0.06714 0.00419 0.03185 0.20479 0.06252 ...
 $ EOF                              : int  1 1 1 1 1 1 1 1 1 1 ...
[1] "2022-02-21 22:17:28 --- RxSqlServerData Finish ---"
[1] "2022-02-21 22:17:28 --- subset Start ---"
[1] "--------------------------------------------------------------------------------"
[1] "nrow(data) subset before=2534"
[1] "nrow(data) subset after =2534"
[1] "nrow(data) subset diff =0"
[1] "--------------------------------------------------------------------------------"
[1] "2022-02-21 22:17:28 --- subset Finish---"
[1] "2022-02-21 22:17:28 --- transform Start ---"
[1] "--------------------------------------------------------------------------------"
[1] "nrow(data) transform before=2534"
[1] "nrow(data) transform after=2534"
[1] "nrow(data) transform diff=0"
[1] "--------------------------------------------------------------------------------"
[1] "str(data)="
'data.frame':	2534 obs. of  30 variables:
 $ Race.RaceId                      : Factor w/ 213 levels "20160409-03-01-01-05",..: 2 2 2 2 2 2 2 2 2 2 ...
 $ Race.IsPredictedRace             : logi  TRUE TRUE TRUE TRUE TRUE TRUE ...
 $ Race.IsAnalyzeNormalPastAndFuture: logi  TRUE TRUE TRUE TRUE TRUE TRUE ...
 $ Race.IsAnalyzeNormalPast         : logi  TRUE TRUE TRUE TRUE TRUE TRUE ...
 $ Race.IsAnalyzeNormalFuture       : logi  FALSE FALSE FALSE FALSE FALSE FALSE ...
 $ Race.IsAnalyzeFullPastAndFuture  : logi  TRUE TRUE TRUE TRUE TRUE TRUE ...
 $ Race.IsAnalyzeFullPast           : logi  TRUE TRUE TRUE TRUE TRUE TRUE ...
 $ Race.IsAnalyzeFullFuture         : logi  FALSE FALSE FALSE FALSE FALSE FALSE ...
 $ Race.JyokenCd                    : Factor w/ 1 level "1": 1 1 1 1 1 1 1 1 1 1 ...
 $ Race.RaceType1Cd                 : Factor w/ 5 levels "3-1-X","3-1-E",..: 2 2 2 2 2 2 2 2 2 2 ...
 $ RaceHorse.RaceId                 : Factor w/ 213 levels "20160409-03-01-01-05",..: 2 2 2 2 2 2 2 2 2 2 ...
 $ RaceHorse.KettoNum               : Factor w/ 478 levels "2007106537","2008100219",..: 11 12 13 14 15 16 17 6 18 19 ...
 $ RaceHorse.IsHit1                 : int  0 0 0 1 0 0 0 0 0 0 ...
 $ RaceHorse.IsHit2                 : int  0 0 0 0 0 0 1 0 0 0 ...
 $ RaceHorse.IsHit3                 : int  1 0 0 0 0 0 0 0 0 0 ...
 $ RaceHorse.IsHit4                 : int  0 0 0 0 0 0 0 0 1 0 ...
 $ RaceHorse.IsHit5                 : int  0 0 0 0 0 0 0 0 0 0 ...
 $ RaceHorse.IsHit6                 : int  0 1 1 0 1 1 0 1 0 1 ...
 $ RaceHorse.IsValidRaceHorse       : logi  TRUE TRUE TRUE TRUE TRUE TRUE ...
 $ RaceHorse.IsHitA                 : int  0 0 0 1 0 0 0 0 0 0 ...
 $ RaceHorse.IsHitB                 : int  0 0 0 1 0 0 1 0 0 0 ...
 $ RaceHorse.IsHitC                 : int  1 0 0 1 0 0 1 0 0 0 ...
 $ OddsByWin.Odds1                  : num  14.4 238.3 30.9 4.4 15.5 ...
 $ OddsByWin.Ninki                  : num  3 14 6 2 4 10 1 7 5 13 ...
 $ OddsByWin.OddsLog1               : num  2.73 5.48 3.46 1.69 2.8 ...
 $ OddsByWin.OddsRatio1             : num  0.07463 0.00421 0.03344 0.29412 0.06897 ...
 $ OddsByWin.OddsLogit1             : num  -2.67 -5.47 -3.43 -1.48 -2.74 ...
 $ OddsByWin.ApprovalRate1          : num  0.0694 0.0042 0.0324 0.2273 0.0645 ...
 $ OddsByWin.ApprovalRateLog1       : num  0.06714 0.00419 0.03185 0.20479 0.06252 ...
 $ EOF                              : int  1 1 1 1 1 1 1 1 1 1 ...
NULL
[1] "2022-02-21 22:17:29 --- transform Finish ---"
[1] "2022-02-21 22:17:29 --- na.omit Start ---"
[1] "--------------------------------------------------------------------------------"
[1] "nrow(data) na.omit before=2534"
[1] "nrow(data) na.omit after =2527"
[1] "nrow(data) na.omit diff =7"
[1] "--------------------------------------------------------------------------------"
'data.frame':	2527 obs. of  30 variables:
 $ Race.RaceId                      : Factor w/ 213 levels "20160409-03-01-01-05",..: 2 2 2 2 2 2 2 2 2 2 ...
 $ Race.IsPredictedRace             : logi  TRUE TRUE TRUE TRUE TRUE TRUE ...
 $ Race.IsAnalyzeNormalPastAndFuture: logi  TRUE TRUE TRUE TRUE TRUE TRUE ...
 $ Race.IsAnalyzeNormalPast         : logi  TRUE TRUE TRUE TRUE TRUE TRUE ...
 $ Race.IsAnalyzeNormalFuture       : logi  FALSE FALSE FALSE FALSE FALSE FALSE ...
 $ Race.IsAnalyzeFullPastAndFuture  : logi  TRUE TRUE TRUE TRUE TRUE TRUE ...
 $ Race.IsAnalyzeFullPast           : logi  TRUE TRUE TRUE TRUE TRUE TRUE ...
 $ Race.IsAnalyzeFullFuture         : logi  FALSE FALSE FALSE FALSE FALSE FALSE ...
 $ Race.JyokenCd                    : Factor w/ 1 level "1": 1 1 1 1 1 1 1 1 1 1 ...
 $ Race.RaceType1Cd                 : Factor w/ 5 levels "3-1-X","3-1-E",..: 2 2 2 2 2 2 2 2 2 2 ...
 $ RaceHorse.RaceId                 : Factor w/ 213 levels "20160409-03-01-01-05",..: 2 2 2 2 2 2 2 2 2 2 ...
 $ RaceHorse.KettoNum               : Factor w/ 478 levels "2007106537","2008100219",..: 11 12 13 14 15 16 17 6 18 19 ...
 $ RaceHorse.IsHit1                 : int  0 0 0 1 0 0 0 0 0 0 ...
 $ RaceHorse.IsHit2                 : int  0 0 0 0 0 0 1 0 0 0 ...
 $ RaceHorse.IsHit3                 : int  1 0 0 0 0 0 0 0 0 0 ...
 $ RaceHorse.IsHit4                 : int  0 0 0 0 0 0 0 0 1 0 ...
 $ RaceHorse.IsHit5                 : int  0 0 0 0 0 0 0 0 0 0 ...
 $ RaceHorse.IsHit6                 : int  0 1 1 0 1 1 0 1 0 1 ...
 $ RaceHorse.IsValidRaceHorse       : logi  TRUE TRUE TRUE TRUE TRUE TRUE ...
 $ RaceHorse.IsHitA                 : int  0 0 0 1 0 0 0 0 0 0 ...
 $ RaceHorse.IsHitB                 : int  0 0 0 1 0 0 1 0 0 0 ...
 $ RaceHorse.IsHitC                 : int  1 0 0 1 0 0 1 0 0 0 ...
 $ OddsByWin.Odds1                  : num  14.4 238.3 30.9 4.4 15.5 ...
 $ OddsByWin.Ninki                  : num  3 14 6 2 4 10 1 7 5 13 ...
 $ OddsByWin.OddsLog1               : num  2.73 5.48 3.46 1.69 2.8 ...
 $ OddsByWin.OddsRatio1             : num  0.07463 0.00421 0.03344 0.29412 0.06897 ...
 $ OddsByWin.OddsLogit1             : num  -2.67 -5.47 -3.43 -1.48 -2.74 ...
 $ OddsByWin.ApprovalRate1          : num  0.0694 0.0042 0.0324 0.2273 0.0645 ...
 $ OddsByWin.ApprovalRateLog1       : num  0.06714 0.00419 0.03185 0.20479 0.06252 ...
 $ EOF                              : int  1 1 1 1 1 1 1 1 1 1 ...
 - attr(*, "na.action")= 'omit' Named int  399 636 1291 1353 1831 2276 2531
  ..- attr(*, "names")= chr  "399" "636" "1291" "1353" ...
[1] "2022-02-21 22:17:29 --- na.omit Finish ---"
[1] "2022-02-21 22:17:29 --- rxGlm with rxStepControl Start ---"

> print(paste0(Sys.time(), " --- source_logic_glm.R Start ---"))
[1] "2022-02-21 22:17:29 --- source_logic_glm.R Start ---"

> formula <- formula(RaceHorse.IsHitA ~ +1 + OddsByWin.OddsLogit1)

> print(paste0(Sys.time(), " --- source_logic_glm.R Finished ---"))
[1] "2022-02-21 22:17:29 --- source_logic_glm.R Finished ---"
Rows Read: 2527, Total Rows Processed: 2527, Total Chunk Time: Less than .001 seconds 

Starting values (iteration 1) time: 0.007 secs.
Rows Read: 2527, Total Rows Processed: 2527, Total Chunk Time: 0.001 seconds 

Iteration 2 time: 0.015 secs.
Rows Read: 2527, Total Rows Processed: 2527, Total Chunk Time: 0.002 seconds 

Iteration 3 time: 0.012 secs.
Rows Read: 2527, Total Rows Processed: 2527, Total Chunk Time: 0.001 seconds 

Iteration 4 time: 0.016 secs.
Rows Read: 2527, Total Rows Processed: 2527, Total Chunk Time: Less than .001 seconds 

Iteration 5 time: 0.017 secs.
Rows Read: 2527, Total Rows Processed: 2527, Total Chunk Time: Less than .001 seconds 

Iteration 6 time: 0.012 secs.

Elapsed computation time: 0.130 secs.
Rows Read: 2527, Total Rows Processed: 2527, Total Chunk Time: Less than .001 seconds 

Starting values (iteration 1) time: 0.012 secs.
Rows Read: 2527, Total Rows Processed: 2527, Total Chunk Time: Less than .001 seconds 

Iteration 2 time: 0.010 secs.

Elapsed computation time: 0.048 secs.
Rows Read: 2527, Total Rows Processed: 2527, Total Chunk Time: Less than .001 seconds 

Starting values (iteration 1) time: 0.014 secs.
Rows Read: 2527, Total Rows Processed: 2527, Total Chunk Time: Less than .001 seconds 

Iteration 2 time: 0.007 secs.
Rows Read: 2527, Total Rows Processed: 2527, Total Chunk Time: Less than .001 seconds 

Iteration 3 time: 0.007 secs.
Rows Read: 2527, Total Rows Processed: 2527, Total Chunk Time: Less than .001 seconds 

Iteration 4 time: 0.021 secs.
Rows Read: 2527, Total Rows Processed: 2527, Total Chunk Time: 0.001 seconds 

Iteration 5 time: 0.015 secs.
Rows Read: 2527, Total Rows Processed: 2527, Total Chunk Time: 0.002 seconds 

Iteration 6 time: 0.011 secs.

Elapsed computation time: 0.133 secs.

Elapsed computation time: 0.347 secs.
[1] "--------------------------------------------------------------------------------"
[1] "analyze.results.glm.step="
Logistic Regression Results for: RaceHorse.IsHitA ~
    OddsByWin.OddsLogit1
Data: data
Dependent variable(s): RaceHorse.IsHitA
Total independent variables: 2 
Number of valid observations: 2527
Number of missing observations: 0 
 
Coefficients:
                     RaceHorse.IsHitA
(Intercept)                       0.2
OddsByWin.OddsLogit1              1.1
[1] "analyze.results.glm.step.summary"
Call:
rxLogit(formula = formula, data = data, variableSelection = analyze.results.glm.step.varsel)

Logistic Regression Results for: RaceHorse.IsHitA ~
    OddsByWin.OddsLogit1
Data: data
Dependent variable(s): RaceHorse.IsHitA
Total independent variables: 2 
Number of valid observations: 2527
Number of missing observations: 0 
-2*LogLikelihood: 1189.352 (Residual deviance on 2525 degrees of freedom)
 
Coefficients:
                     Estimate Std. Error z value Pr(>|z|)    
(Intercept)            0.1703     0.1630    1.05      0.3    
OddsByWin.OddsLogit1   1.0965     0.0789   13.90  2.2e-16 ***
---
Signif. codes:  0 '***' 0.001 '**' 0.01 '*' 0.05 '.' 0.1 ' ' 1

Condition number of final variance-covariance matrix: 1 
Number of iterations: 6
[1] "--------------------------------------------------------------------------------"
[1] "2022-02-21 22:17:30 --- rxGlm with rxStepControl Finish ---"
[1] "2022-02-21 22:17:30 --- rxStepPlot Start ---"
[1] "pdfFilename=pdf_analyze_glm_Odds_Type31_rxStepPlot.pdf"
[1] "rxStepPlot="
[1] "2022-02-21 22:17:30 --- rxStepPlot Finish ---"
[1] "2022-02-21 22:17:30 --- save.image Start ---"
[1] "save.image"
[1] "rdataFilename=RData_analyze_glm_Odds_Type31.RData"
[1] "2022-02-21 22:17:31 --- save.image Finish ---"
[1] "2022-02-21 22:17:31 --- final Start ---"
[1] "--------------------------------------------------------------------------------"
[1] "nrow(data) final=2527"
[1] "--------------------------------------------------------------------------------"
[1] "2022-02-21 22:17:31 --- final Finish ---"
[1] "2022-02-21 22:17:31 --- analyze_glm.R Finished ---"
[1] "2022-02-21 22:17:31 --- log Finish ---"
