[1] "2022-02-21 22:11:47 --- D1115_analyze_glm_Jockey_IsHitA_Type15 Start ---"
[1] "2022-02-21 22:11:47 --- Log Start ---"
[1] "2022-02-21 22:11:47 --- analyze_glm.R Start ---"
[1] "analyzeVersion=D1115"
[1] "analyzeCategory=analyze"
[1] "analyzeType=Jockey"
[1] "analyzeFamily=IsHitA"
[1] "analyzeFunc=glm"
[1] "analyzeTrackTypeCd=1"
[1] "analyzeJyokenCd=5"
[1] "2022-02-21 22:11:47 --- source_function.R Start ---"
[1] "2022-02-21 22:11:47 --- source_function.R Finished ---"

> print(paste0(Sys.time(), " --- source_library.R Start ---"))
[1] "2022-02-21 22:11:47 --- source_library.R Start ---"

> require("RevoScaleR")

> print(paste0(Sys.time(), " --- source_library.R Finished ---"))
[1] "2022-02-21 22:11:52 --- source_library.R Finished ---"
[1] "2022-02-21 22:11:52 --- RxSqlServerData Start ---"
[1] "2022-02-21 22:11:52 --- RxInSqlServer Start ---"
[1] "2022-02-21 22:11:52 --- RxInSqlServer Finish ---"
[1] "2022-02-21 22:11:52 --- rxSetComputeContext Start ---"
[1] "2022-02-21 22:11:52 --- rxSetComputeContext Finish ---"
[1] "2022-02-21 22:11:52 --- RxSqlServerData Start ---"
[1] "sqlQuery=SELECT * FROM ViewAnalyzeD1115analyze01JockeyType15"
[1] "2022-02-21 22:11:52 --- RxSqlServerData Finish ---"
[1] "2022-02-21 22:11:52 --- rxGetVarInfo Start ---"
[1] "2022-02-21 22:11:54 --- rxGetVarInfo Finish---"
[1] "2022-02-21 22:11:54 --- rxImport Start ---"
Rows Read: 37125, Total Rows Processed: 37125, Total Chunk Time: 709.933 seconds 
[1] "2022-02-21 22:44:05 --- rxImport Finish ---"
[1] "object.size(data) auto=8.2 Mb"
[1] "--------------------------------------------------------------------------------"
[1] "nrow(data) RxSqlServerData=37125"
[1] "--------------------------------------------------------------------------------"
[1] "str(data)="
'data.frame':	37125 obs. of  39 variables:
 $ Race.RaceId                      : Factor w/ 2474 levels "20160117-06-01-06-05",..: 2 2 2 2 2 2 2 2 2 2 ...
 $ Race.IsPredictedRace             : logi  TRUE TRUE TRUE TRUE TRUE TRUE ...
 $ Race.IsAnalyzeNormalPastAndFuture: logi  TRUE TRUE TRUE TRUE TRUE TRUE ...
 $ Race.IsAnalyzeNormalPast         : logi  TRUE TRUE TRUE TRUE TRUE TRUE ...
 $ Race.IsAnalyzeNormalFuture       : logi  FALSE FALSE FALSE FALSE FALSE FALSE ...
 $ Race.IsAnalyzeFullPastAndFuture  : logi  TRUE TRUE TRUE TRUE TRUE TRUE ...
 $ Race.IsAnalyzeFullPast           : logi  TRUE TRUE TRUE TRUE TRUE TRUE ...
 $ Race.IsAnalyzeFullFuture         : logi  FALSE FALSE FALSE FALSE FALSE FALSE ...
 $ Race.JyokenCd                    : Factor w/ 1 level "5": 1 1 1 1 1 1 1 1 1 1 ...
 $ Race.RaceType1Cd                 : Factor w/ 1 level "1-5-X": 1 1 1 1 1 1 1 1 1 1 ...
 $ RaceHorse.RaceId                 : Factor w/ 2474 levels "20160117-06-01-06-05",..: 2 2 2 2 2 2 2 2 2 2 ...
 $ RaceHorse.KettoNum               : Factor w/ 13962 levels "2013100120","2013100651",..: 11 12 13 14 15 16 17 18 19 20 ...
 $ RaceHorse.IsHit1                 : int  1 0 0 0 0 0 0 0 0 0 ...
 $ RaceHorse.IsHit2                 : int  0 0 0 0 1 0 0 0 0 0 ...
 $ RaceHorse.IsHit3                 : int  0 0 0 0 0 0 0 1 0 0 ...
 $ RaceHorse.IsHit4                 : int  0 0 0 0 0 0 1 0 0 0 ...
 $ RaceHorse.IsHit5                 : int  0 0 0 0 0 0 0 0 0 1 ...
 $ RaceHorse.IsHit6                 : int  0 1 1 1 0 1 0 0 1 0 ...
 $ RaceHorse.IsValidRaceHorse       : logi  TRUE TRUE TRUE TRUE TRUE TRUE ...
 $ RaceHorse.IsHitA                 : int  1 0 0 0 0 0 0 0 0 0 ...
 $ RaceHorse.IsHitB                 : int  1 0 0 0 1 0 0 0 0 0 ...
 $ RaceHorse.IsHitC                 : int  1 0 0 0 1 0 0 1 0 0 ...
 $ Jockey.KisyuCode                 : Factor w/ 196 levels "00689","05531",..: 11 12 13 14 15 16 17 18 19 20 ...
 $ Jockey.TimeSdvByRaceAvg          : num  0.0612 0.4883 -0.2158 -0.0875 0.5377 ...
 $ Jockey.TimeSdvByRaceMin          : num  -2.9 -2.98 -2.96 -2.99 -2.91 ...
 $ Jockey.TimeSdvByRaceMax          : num  1.93 2.43 2.09 2.53 2.18 ...
 $ Jockey.OrderOfFinishSdvAvg       : num  0.0382 0.4919 -0.3137 -0.1616 0.5672 ...
 $ Jockey.RunCount                  : int  361 611 536 590 582 558 92 464 399 393 ...
 $ Jockey.HitCount1                 : int  27 89 27 25 73 31 4 88 33 29 ...
 $ Jockey.HitCount2                 : int  26 77 22 26 82 50 6 60 20 20 ...
 $ Jockey.HitCount3                 : int  24 61 22 34 73 49 5 48 26 23 ...
 $ Jockey.HitCount4                 : int  28 55 32 27 41 41 7 42 24 20 ...
 $ Jockey.HitCount5                 : int  20 57 19 39 63 40 5 33 17 21 ...
 $ Jockey.HitRate1                  : num  0.0748 0.1457 0.0504 0.0424 0.1254 ...
 $ Jockey.HitRate2                  : num  0.072 0.126 0.041 0.0441 0.1409 ...
 $ Jockey.HitRate3                  : num  0.0665 0.0998 0.041 0.0576 0.1254 ...
 $ Jockey.HitRate4                  : num  0.0776 0.09 0.0597 0.0458 0.0704 ...
 $ Jockey.HitRate5                  : num  0.0554 0.0933 0.0354 0.0661 0.1082 ...
 $ EOF                              : int  1 1 1 1 1 1 1 1 1 1 ...
[1] "2022-02-21 22:44:05 --- RxSqlServerData Finish ---"
[1] "2022-02-21 22:44:05 --- subset Start ---"
[1] "--------------------------------------------------------------------------------"
[1] "nrow(data) subset before=37125"
[1] "nrow(data) subset after =37125"
[1] "nrow(data) subset diff =0"
[1] "--------------------------------------------------------------------------------"
[1] "2022-02-21 22:44:05 --- subset Finish---"
[1] "2022-02-21 22:44:05 --- transform Start ---"
[1] "--------------------------------------------------------------------------------"
[1] "nrow(data) transform before=37125"
[1] "nrow(data) transform after=37125"
[1] "nrow(data) transform diff=0"
[1] "--------------------------------------------------------------------------------"
[1] "str(data)="
'data.frame':	37125 obs. of  39 variables:
 $ Race.RaceId                      : Factor w/ 2474 levels "20160117-06-01-06-05",..: 2 2 2 2 2 2 2 2 2 2 ...
 $ Race.IsPredictedRace             : logi  TRUE TRUE TRUE TRUE TRUE TRUE ...
 $ Race.IsAnalyzeNormalPastAndFuture: logi  TRUE TRUE TRUE TRUE TRUE TRUE ...
 $ Race.IsAnalyzeNormalPast         : logi  TRUE TRUE TRUE TRUE TRUE TRUE ...
 $ Race.IsAnalyzeNormalFuture       : logi  FALSE FALSE FALSE FALSE FALSE FALSE ...
 $ Race.IsAnalyzeFullPastAndFuture  : logi  TRUE TRUE TRUE TRUE TRUE TRUE ...
 $ Race.IsAnalyzeFullPast           : logi  TRUE TRUE TRUE TRUE TRUE TRUE ...
 $ Race.IsAnalyzeFullFuture         : logi  FALSE FALSE FALSE FALSE FALSE FALSE ...
 $ Race.JyokenCd                    : Factor w/ 1 level "5": 1 1 1 1 1 1 1 1 1 1 ...
 $ Race.RaceType1Cd                 : Factor w/ 1 level "1-5-X": 1 1 1 1 1 1 1 1 1 1 ...
 $ RaceHorse.RaceId                 : Factor w/ 2474 levels "20160117-06-01-06-05",..: 2 2 2 2 2 2 2 2 2 2 ...
 $ RaceHorse.KettoNum               : Factor w/ 13962 levels "2013100120","2013100651",..: 11 12 13 14 15 16 17 18 19 20 ...
 $ RaceHorse.IsHit1                 : int  1 0 0 0 0 0 0 0 0 0 ...
 $ RaceHorse.IsHit2                 : int  0 0 0 0 1 0 0 0 0 0 ...
 $ RaceHorse.IsHit3                 : int  0 0 0 0 0 0 0 1 0 0 ...
 $ RaceHorse.IsHit4                 : int  0 0 0 0 0 0 1 0 0 0 ...
 $ RaceHorse.IsHit5                 : int  0 0 0 0 0 0 0 0 0 1 ...
 $ RaceHorse.IsHit6                 : int  0 1 1 1 0 1 0 0 1 0 ...
 $ RaceHorse.IsValidRaceHorse       : logi  TRUE TRUE TRUE TRUE TRUE TRUE ...
 $ RaceHorse.IsHitA                 : int  1 0 0 0 0 0 0 0 0 0 ...
 $ RaceHorse.IsHitB                 : int  1 0 0 0 1 0 0 0 0 0 ...
 $ RaceHorse.IsHitC                 : int  1 0 0 0 1 0 0 1 0 0 ...
 $ Jockey.KisyuCode                 : Factor w/ 196 levels "00689","05531",..: 11 12 13 14 15 16 17 18 19 20 ...
 $ Jockey.TimeSdvByRaceAvg          : num  0.0612 0.4883 -0.2158 -0.0875 0.5377 ...
 $ Jockey.TimeSdvByRaceMin          : num  -2.9 -2.98 -2.96 -2.99 -2.91 ...
 $ Jockey.TimeSdvByRaceMax          : num  1.93 2.43 2.09 2.53 2.18 ...
 $ Jockey.OrderOfFinishSdvAvg       : num  0.0382 0.4919 -0.3137 -0.1616 0.5672 ...
 $ Jockey.RunCount                  : int  361 611 536 590 582 558 92 464 399 393 ...
 $ Jockey.HitCount1                 : int  27 89 27 25 73 31 4 88 33 29 ...
 $ Jockey.HitCount2                 : int  26 77 22 26 82 50 6 60 20 20 ...
 $ Jockey.HitCount3                 : int  24 61 22 34 73 49 5 48 26 23 ...
 $ Jockey.HitCount4                 : int  28 55 32 27 41 41 7 42 24 20 ...
 $ Jockey.HitCount5                 : int  20 57 19 39 63 40 5 33 17 21 ...
 $ Jockey.HitRate1                  : num  0.0748 0.1457 0.0504 0.0424 0.1254 ...
 $ Jockey.HitRate2                  : num  0.072 0.126 0.041 0.0441 0.1409 ...
 $ Jockey.HitRate3                  : num  0.0665 0.0998 0.041 0.0576 0.1254 ...
 $ Jockey.HitRate4                  : num  0.0776 0.09 0.0597 0.0458 0.0704 ...
 $ Jockey.HitRate5                  : num  0.0554 0.0933 0.0354 0.0661 0.1082 ...
 $ EOF                              : int  1 1 1 1 1 1 1 1 1 1 ...
NULL
[1] "2022-02-21 22:44:05 --- transform Finish ---"
[1] "2022-02-21 22:44:05 --- na.omit Start ---"
[1] "--------------------------------------------------------------------------------"
[1] "nrow(data) na.omit before=37125"
[1] "nrow(data) na.omit after =37125"
[1] "nrow(data) na.omit diff =0"
[1] "--------------------------------------------------------------------------------"
'data.frame':	37125 obs. of  39 variables:
 $ Race.RaceId                      : Factor w/ 2474 levels "20160117-06-01-06-05",..: 2 2 2 2 2 2 2 2 2 2 ...
 $ Race.IsPredictedRace             : logi  TRUE TRUE TRUE TRUE TRUE TRUE ...
 $ Race.IsAnalyzeNormalPastAndFuture: logi  TRUE TRUE TRUE TRUE TRUE TRUE ...
 $ Race.IsAnalyzeNormalPast         : logi  TRUE TRUE TRUE TRUE TRUE TRUE ...
 $ Race.IsAnalyzeNormalFuture       : logi  FALSE FALSE FALSE FALSE FALSE FALSE ...
 $ Race.IsAnalyzeFullPastAndFuture  : logi  TRUE TRUE TRUE TRUE TRUE TRUE ...
 $ Race.IsAnalyzeFullPast           : logi  TRUE TRUE TRUE TRUE TRUE TRUE ...
 $ Race.IsAnalyzeFullFuture         : logi  FALSE FALSE FALSE FALSE FALSE FALSE ...
 $ Race.JyokenCd                    : Factor w/ 1 level "5": 1 1 1 1 1 1 1 1 1 1 ...
 $ Race.RaceType1Cd                 : Factor w/ 1 level "1-5-X": 1 1 1 1 1 1 1 1 1 1 ...
 $ RaceHorse.RaceId                 : Factor w/ 2474 levels "20160117-06-01-06-05",..: 2 2 2 2 2 2 2 2 2 2 ...
 $ RaceHorse.KettoNum               : Factor w/ 13962 levels "2013100120","2013100651",..: 11 12 13 14 15 16 17 18 19 20 ...
 $ RaceHorse.IsHit1                 : int  1 0 0 0 0 0 0 0 0 0 ...
 $ RaceHorse.IsHit2                 : int  0 0 0 0 1 0 0 0 0 0 ...
 $ RaceHorse.IsHit3                 : int  0 0 0 0 0 0 0 1 0 0 ...
 $ RaceHorse.IsHit4                 : int  0 0 0 0 0 0 1 0 0 0 ...
 $ RaceHorse.IsHit5                 : int  0 0 0 0 0 0 0 0 0 1 ...
 $ RaceHorse.IsHit6                 : int  0 1 1 1 0 1 0 0 1 0 ...
 $ RaceHorse.IsValidRaceHorse       : logi  TRUE TRUE TRUE TRUE TRUE TRUE ...
 $ RaceHorse.IsHitA                 : int  1 0 0 0 0 0 0 0 0 0 ...
 $ RaceHorse.IsHitB                 : int  1 0 0 0 1 0 0 0 0 0 ...
 $ RaceHorse.IsHitC                 : int  1 0 0 0 1 0 0 1 0 0 ...
 $ Jockey.KisyuCode                 : Factor w/ 196 levels "00689","05531",..: 11 12 13 14 15 16 17 18 19 20 ...
 $ Jockey.TimeSdvByRaceAvg          : num  0.0612 0.4883 -0.2158 -0.0875 0.5377 ...
 $ Jockey.TimeSdvByRaceMin          : num  -2.9 -2.98 -2.96 -2.99 -2.91 ...
 $ Jockey.TimeSdvByRaceMax          : num  1.93 2.43 2.09 2.53 2.18 ...
 $ Jockey.OrderOfFinishSdvAvg       : num  0.0382 0.4919 -0.3137 -0.1616 0.5672 ...
 $ Jockey.RunCount                  : int  361 611 536 590 582 558 92 464 399 393 ...
 $ Jockey.HitCount1                 : int  27 89 27 25 73 31 4 88 33 29 ...
 $ Jockey.HitCount2                 : int  26 77 22 26 82 50 6 60 20 20 ...
 $ Jockey.HitCount3                 : int  24 61 22 34 73 49 5 48 26 23 ...
 $ Jockey.HitCount4                 : int  28 55 32 27 41 41 7 42 24 20 ...
 $ Jockey.HitCount5                 : int  20 57 19 39 63 40 5 33 17 21 ...
 $ Jockey.HitRate1                  : num  0.0748 0.1457 0.0504 0.0424 0.1254 ...
 $ Jockey.HitRate2                  : num  0.072 0.126 0.041 0.0441 0.1409 ...
 $ Jockey.HitRate3                  : num  0.0665 0.0998 0.041 0.0576 0.1254 ...
 $ Jockey.HitRate4                  : num  0.0776 0.09 0.0597 0.0458 0.0704 ...
 $ Jockey.HitRate5                  : num  0.0554 0.0933 0.0354 0.0661 0.1082 ...
 $ EOF                              : int  1 1 1 1 1 1 1 1 1 1 ...
[1] "2022-02-21 22:44:06 --- na.omit Finish ---"
[1] "2022-02-21 22:44:06 --- rxGlm with rxStepControl Start ---"

> print(paste0(Sys.time(), " --- source_logic_glm.R Start ---"))
[1] "2022-02-21 22:44:06 --- source_logic_glm.R Start ---"

> formula <- formula(RaceHorse.IsHitA ~ +1 + Jockey.OrderOfFinishSdvAvg)

> print(paste0(Sys.time(), " --- source_logic_glm.R Finished ---"))
[1] "2022-02-21 22:44:06 --- source_logic_glm.R Finished ---"
Rows Read: 37125, Total Rows Processed: 37125, Total Chunk Time: Less than .001 seconds 

Starting values (iteration 1) time: 0.010 secs.
Rows Read: 37125, Total Rows Processed: 37125, Total Chunk Time: 0.002 seconds 

Iteration 2 time: 0.007 secs.
Rows Read: 37125, Total Rows Processed: 37125, Total Chunk Time: 0.002 seconds 

Iteration 3 time: 0.004 secs.
Rows Read: 37125, Total Rows Processed: 37125, Total Chunk Time: 0.002 seconds 

Iteration 4 time: 0.004 secs.
Rows Read: 37125, Total Rows Processed: 37125, Total Chunk Time: 0.002 seconds 

Iteration 5 time: 0.004 secs.

Elapsed computation time: 0.047 secs.
Rows Read: 37125, Total Rows Processed: 37125, Total Chunk Time: Less than .001 seconds 

Starting values (iteration 1) time: 0.008 secs.
Rows Read: 37125, Total Rows Processed: 37125, Total Chunk Time: 0.002 seconds 

Iteration 2 time: 0.006 secs.

Elapsed computation time: 0.021 secs.
Rows Read: 37125, Total Rows Processed: 37125, Total Chunk Time: Less than .001 seconds 

Starting values (iteration 1) time: 0.008 secs.
Rows Read: 37125, Total Rows Processed: 37125, Total Chunk Time: 0.002 seconds 

Iteration 2 time: 0.007 secs.
Rows Read: 37125, Total Rows Processed: 37125, Total Chunk Time: 0.003 seconds 

Iteration 3 time: 0.004 secs.
Rows Read: 37125, Total Rows Processed: 37125, Total Chunk Time: 0.002 seconds 

Iteration 4 time: 0.005 secs.
Rows Read: 37125, Total Rows Processed: 37125, Total Chunk Time: 0.003 seconds 

Iteration 5 time: 0.005 secs.

Elapsed computation time: 0.042 secs.

Elapsed computation time: 0.125 secs.
[1] "--------------------------------------------------------------------------------"
[1] "analyze.results.glm.step="
Logistic Regression Results for: RaceHorse.IsHitA ~
    Jockey.OrderOfFinishSdvAvg
Data: data
Dependent variable(s): RaceHorse.IsHitA
Total independent variables: 2 
Number of valid observations: 37125
Number of missing observations: 0 
 
Coefficients:
                           RaceHorse.IsHitA
(Intercept)                              -3
Jockey.OrderOfFinishSdvAvg                2
[1] "analyze.results.glm.step.summary"
Call:
rxLogit(formula = formula, data = data, variableSelection = analyze.results.glm.step.varsel)

Logistic Regression Results for: RaceHorse.IsHitA ~
    Jockey.OrderOfFinishSdvAvg
Data: data
Dependent variable(s): RaceHorse.IsHitA
Total independent variables: 2 
Number of valid observations: 37125
Number of missing observations: 0 
-2*LogLikelihood: 16944.397 (Residual deviance on 37123 degrees of freedom)
 
Coefficients:
                           Estimate Std. Error z value Pr(>|z|)    
(Intercept)                 -2.8853     0.0252  -114.7  2.2e-16 ***
Jockey.OrderOfFinishSdvAvg   2.0556     0.0593    34.7  2.2e-16 ***
---
Signif. codes:  0 '***' 0.001 '**' 0.01 '*' 0.05 '.' 0.1 ' ' 1

Condition number of final variance-covariance matrix: 1 
Number of iterations: 5
[1] "--------------------------------------------------------------------------------"
[1] "2022-02-21 22:44:06 --- rxGlm with rxStepControl Finish ---"
[1] "2022-02-21 22:44:06 --- rxStepPlot Start ---"
[1] "pdfFilename=pdf_analyze_glm_Jockey_Type15_rxStepPlot.pdf"
[1] "rxStepPlot="
[1] "2022-02-21 22:44:06 --- rxStepPlot Finish ---"
[1] "2022-02-21 22:44:06 --- save.image Start ---"
[1] "save.image"
[1] "rdataFilename=RData_analyze_glm_Jockey_Type15.RData"
[1] "2022-02-21 22:44:06 --- save.image Finish ---"
[1] "2022-02-21 22:44:06 --- final Start ---"
[1] "--------------------------------------------------------------------------------"
[1] "nrow(data) final=37125"
[1] "--------------------------------------------------------------------------------"
[1] "2022-02-21 22:44:06 --- final Finish ---"
[1] "2022-02-21 22:44:06 --- analyze_glm.R Finished ---"
[1] "2022-02-21 22:44:06 --- log Finish ---"
