[1] "2022-02-21 22:08:45 --- D1115_analyze_glm_Gen01_IsHitA_Type12 Start ---"
[1] "2022-02-21 22:08:45 --- Log Start ---"
[1] "2022-02-21 22:08:45 --- analyze_glm.R Start ---"
[1] "analyzeVersion=D1115"
[1] "analyzeCategory=analyze"
[1] "analyzeType=Gen01"
[1] "analyzeFamily=IsHitA"
[1] "analyzeFunc=glm"
[1] "analyzeTrackTypeCd=1"
[1] "analyzeJyokenCd=2"
[1] "2022-02-21 22:08:45 --- source_function.R Start ---"
[1] "2022-02-21 22:08:45 --- source_function.R Finished ---"

> print(paste0(Sys.time(), " --- source_library.R Start ---"))
[1] "2022-02-21 22:08:45 --- source_library.R Start ---"

> require("RevoScaleR")

> print(paste0(Sys.time(), " --- source_library.R Finished ---"))
[1] "2022-02-21 22:08:46 --- source_library.R Finished ---"
[1] "2022-02-21 22:08:46 --- RxSqlServerData Start ---"
[1] "2022-02-21 22:08:46 --- RxInSqlServer Start ---"
[1] "2022-02-21 22:08:46 --- RxInSqlServer Finish ---"
[1] "2022-02-21 22:08:46 --- rxSetComputeContext Start ---"
[1] "2022-02-21 22:08:46 --- rxSetComputeContext Finish ---"
[1] "2022-02-21 22:08:46 --- RxSqlServerData Start ---"
[1] "sqlQuery=SELECT * FROM ViewAnalyzeD1115analyze01Gen01Type12"
[1] "2022-02-21 22:08:46 --- RxSqlServerData Finish ---"
[1] "2022-02-21 22:08:46 --- rxGetVarInfo Start ---"
[1] "2022-02-21 22:08:47 --- rxGetVarInfo Finish---"
[1] "2022-02-21 22:08:47 --- rxImport Start ---"
Rows Read: 6682, Total Rows Processed: 6682, Total Chunk Time: 313.687 seconds 
[1] "2022-02-21 22:18:59 --- rxImport Finish ---"
[1] "object.size(data) auto=1.4 Mb"
[1] "--------------------------------------------------------------------------------"
[1] "nrow(data) RxSqlServerData=6682"
[1] "--------------------------------------------------------------------------------"
[1] "str(data)="
'data.frame':	6682 obs. of  39 variables:
 $ Race.RaceId                      : Factor w/ 529 levels "20160109-06-01-02-10",..: 1 1 3 3 5 5 8 8 8 8 ...
 $ Race.IsPredictedRace             : logi  TRUE TRUE TRUE TRUE TRUE TRUE ...
 $ Race.IsAnalyzeNormalPastAndFuture: logi  TRUE TRUE TRUE TRUE TRUE TRUE ...
 $ Race.IsAnalyzeNormalPast         : logi  TRUE TRUE TRUE TRUE TRUE TRUE ...
 $ Race.IsAnalyzeNormalFuture       : logi  FALSE FALSE FALSE FALSE FALSE FALSE ...
 $ Race.IsAnalyzeFullPastAndFuture  : logi  TRUE TRUE TRUE TRUE TRUE TRUE ...
 $ Race.IsAnalyzeFullPast           : logi  TRUE TRUE TRUE TRUE TRUE TRUE ...
 $ Race.IsAnalyzeFullFuture         : logi  FALSE FALSE FALSE FALSE FALSE FALSE ...
 $ Race.JyokenCd                    : Factor w/ 1 level "2": 1 1 1 1 1 1 1 1 1 1 ...
 $ Race.RaceType1Cd                 : Factor w/ 1 level "1-2-E": 1 1 1 1 1 1 1 1 1 1 ...
 $ RaceHorse.RaceId                 : Factor w/ 529 levels "20160109-06-01-02-10",..: 1 1 3 3 5 5 8 8 8 8 ...
 $ RaceHorse.KettoNum               : Factor w/ 1399 levels "2010102243","2010102263",..: 11 12 13 14 15 16 17 18 19 20 ...
 $ RaceHorse.IsHit1                 : int  0 0 0 0 0 0 0 0 0 0 ...
 $ RaceHorse.IsHit2                 : int  0 0 0 0 0 0 0 0 0 0 ...
 $ RaceHorse.IsHit3                 : int  0 0 1 0 0 1 0 0 0 0 ...
 $ RaceHorse.IsHit4                 : int  0 0 0 0 0 0 0 1 0 0 ...
 $ RaceHorse.IsHit5                 : int  0 0 0 0 0 0 0 0 0 0 ...
 $ RaceHorse.IsHit6                 : int  1 1 0 1 1 0 1 0 1 1 ...
 $ RaceHorse.IsValidRaceHorse       : logi  TRUE TRUE TRUE TRUE TRUE TRUE ...
 $ RaceHorse.IsHitA                 : int  0 0 0 0 0 0 0 0 0 0 ...
 $ RaceHorse.IsHitB                 : int  0 0 0 0 0 0 0 0 0 0 ...
 $ RaceHorse.IsHitC                 : int  0 0 1 0 0 1 0 0 0 0 ...
 $ Gen01.HansyokuNum                : Factor w/ 193 levels "11202098","11202139",..: 10 4 11 12 13 14 15 16 17 18 ...
 $ Gen01.TimeSdvByRaceAvg           : num  -0.3953 0.1054 0.3555 -0.0323 0.354 ...
 $ Gen01.TimeSdvByRaceMin           : num  -1.21 -2.64 -1.68 -1.48 -2.28 ...
 $ Gen01.TimeSdvByRaceMax           : num  0.976 2.033 2.054 2.527 1.825 ...
 $ Gen01.OrderOfFinishSdvAvg        : num  -0.3558 0.0111 0.4045 -0.3751 0.3618 ...
 $ Gen01.RunCount                   : int  5 41 7 12 79 29 1 7 9 1 ...
 $ Gen01.HitCount1                  : int  1 12 2 2 27 7 0 1 1 1 ...
 $ Gen01.HitCount2                  : int  0 1 1 0 4 1 0 0 0 0 ...
 $ Gen01.HitCount3                  : int  0 0 1 0 4 1 0 1 0 0 ...
 $ Gen01.HitCount4                  : int  0 4 0 0 1 1 0 2 1 0 ...
 $ Gen01.HitCount5                  : int  0 1 1 1 7 1 0 0 0 0 ...
 $ Gen01.HitRate1                   : num  0.2 0.293 0.286 0.167 0.342 ...
 $ Gen01.HitRate2                   : num  0 0.0244 0.1429 0 0.0506 ...
 $ Gen01.HitRate3                   : num  0 0 0.1429 0 0.0506 ...
 $ Gen01.HitRate4                   : num  0 0.0976 0 0 0.0127 ...
 $ Gen01.HitRate5                   : num  0 0.0244 0.1429 0.0833 0.0886 ...
 $ EOF                              : int  1 1 1 1 1 1 1 1 1 1 ...
[1] "2022-02-21 22:18:59 --- RxSqlServerData Finish ---"
[1] "2022-02-21 22:18:59 --- subset Start ---"
[1] "--------------------------------------------------------------------------------"
[1] "nrow(data) subset before=6682"
[1] "nrow(data) subset after =6682"
[1] "nrow(data) subset diff =0"
[1] "--------------------------------------------------------------------------------"
[1] "2022-02-21 22:18:59 --- subset Finish---"
[1] "2022-02-21 22:18:59 --- transform Start ---"
[1] "--------------------------------------------------------------------------------"
[1] "nrow(data) transform before=6682"
[1] "nrow(data) transform after=6682"
[1] "nrow(data) transform diff=0"
[1] "--------------------------------------------------------------------------------"
[1] "str(data)="
'data.frame':	6682 obs. of  39 variables:
 $ Race.RaceId                      : Factor w/ 529 levels "20160109-06-01-02-10",..: 1 1 3 3 5 5 8 8 8 8 ...
 $ Race.IsPredictedRace             : logi  TRUE TRUE TRUE TRUE TRUE TRUE ...
 $ Race.IsAnalyzeNormalPastAndFuture: logi  TRUE TRUE TRUE TRUE TRUE TRUE ...
 $ Race.IsAnalyzeNormalPast         : logi  TRUE TRUE TRUE TRUE TRUE TRUE ...
 $ Race.IsAnalyzeNormalFuture       : logi  FALSE FALSE FALSE FALSE FALSE FALSE ...
 $ Race.IsAnalyzeFullPastAndFuture  : logi  TRUE TRUE TRUE TRUE TRUE TRUE ...
 $ Race.IsAnalyzeFullPast           : logi  TRUE TRUE TRUE TRUE TRUE TRUE ...
 $ Race.IsAnalyzeFullFuture         : logi  FALSE FALSE FALSE FALSE FALSE FALSE ...
 $ Race.JyokenCd                    : Factor w/ 1 level "2": 1 1 1 1 1 1 1 1 1 1 ...
 $ Race.RaceType1Cd                 : Factor w/ 1 level "1-2-E": 1 1 1 1 1 1 1 1 1 1 ...
 $ RaceHorse.RaceId                 : Factor w/ 529 levels "20160109-06-01-02-10",..: 1 1 3 3 5 5 8 8 8 8 ...
 $ RaceHorse.KettoNum               : Factor w/ 1399 levels "2010102243","2010102263",..: 11 12 13 14 15 16 17 18 19 20 ...
 $ RaceHorse.IsHit1                 : int  0 0 0 0 0 0 0 0 0 0 ...
 $ RaceHorse.IsHit2                 : int  0 0 0 0 0 0 0 0 0 0 ...
 $ RaceHorse.IsHit3                 : int  0 0 1 0 0 1 0 0 0 0 ...
 $ RaceHorse.IsHit4                 : int  0 0 0 0 0 0 0 1 0 0 ...
 $ RaceHorse.IsHit5                 : int  0 0 0 0 0 0 0 0 0 0 ...
 $ RaceHorse.IsHit6                 : int  1 1 0 1 1 0 1 0 1 1 ...
 $ RaceHorse.IsValidRaceHorse       : logi  TRUE TRUE TRUE TRUE TRUE TRUE ...
 $ RaceHorse.IsHitA                 : int  0 0 0 0 0 0 0 0 0 0 ...
 $ RaceHorse.IsHitB                 : int  0 0 0 0 0 0 0 0 0 0 ...
 $ RaceHorse.IsHitC                 : int  0 0 1 0 0 1 0 0 0 0 ...
 $ Gen01.HansyokuNum                : Factor w/ 193 levels "11202098","11202139",..: 10 4 11 12 13 14 15 16 17 18 ...
 $ Gen01.TimeSdvByRaceAvg           : num  -0.3953 0.1054 0.3555 -0.0323 0.354 ...
 $ Gen01.TimeSdvByRaceMin           : num  -1.21 -2.64 -1.68 -1.48 -2.28 ...
 $ Gen01.TimeSdvByRaceMax           : num  0.976 2.033 2.054 2.527 1.825 ...
 $ Gen01.OrderOfFinishSdvAvg        : num  -0.3558 0.0111 0.4045 -0.3751 0.3618 ...
 $ Gen01.RunCount                   : int  5 41 7 12 79 29 1 7 9 1 ...
 $ Gen01.HitCount1                  : int  1 12 2 2 27 7 0 1 1 1 ...
 $ Gen01.HitCount2                  : int  0 1 1 0 4 1 0 0 0 0 ...
 $ Gen01.HitCount3                  : int  0 0 1 0 4 1 0 1 0 0 ...
 $ Gen01.HitCount4                  : int  0 4 0 0 1 1 0 2 1 0 ...
 $ Gen01.HitCount5                  : int  0 1 1 1 7 1 0 0 0 0 ...
 $ Gen01.HitRate1                   : num  0.2 0.293 0.286 0.167 0.342 ...
 $ Gen01.HitRate2                   : num  0 0.0244 0.1429 0 0.0506 ...
 $ Gen01.HitRate3                   : num  0 0 0.1429 0 0.0506 ...
 $ Gen01.HitRate4                   : num  0 0.0976 0 0 0.0127 ...
 $ Gen01.HitRate5                   : num  0 0.0244 0.1429 0.0833 0.0886 ...
 $ EOF                              : int  1 1 1 1 1 1 1 1 1 1 ...
NULL
[1] "2022-02-21 22:19:00 --- transform Finish ---"
[1] "2022-02-21 22:19:00 --- na.omit Start ---"
[1] "--------------------------------------------------------------------------------"
[1] "nrow(data) na.omit before=6682"
[1] "nrow(data) na.omit after =6682"
[1] "nrow(data) na.omit diff =0"
[1] "--------------------------------------------------------------------------------"
'data.frame':	6682 obs. of  39 variables:
 $ Race.RaceId                      : Factor w/ 529 levels "20160109-06-01-02-10",..: 1 1 3 3 5 5 8 8 8 8 ...
 $ Race.IsPredictedRace             : logi  TRUE TRUE TRUE TRUE TRUE TRUE ...
 $ Race.IsAnalyzeNormalPastAndFuture: logi  TRUE TRUE TRUE TRUE TRUE TRUE ...
 $ Race.IsAnalyzeNormalPast         : logi  TRUE TRUE TRUE TRUE TRUE TRUE ...
 $ Race.IsAnalyzeNormalFuture       : logi  FALSE FALSE FALSE FALSE FALSE FALSE ...
 $ Race.IsAnalyzeFullPastAndFuture  : logi  TRUE TRUE TRUE TRUE TRUE TRUE ...
 $ Race.IsAnalyzeFullPast           : logi  TRUE TRUE TRUE TRUE TRUE TRUE ...
 $ Race.IsAnalyzeFullFuture         : logi  FALSE FALSE FALSE FALSE FALSE FALSE ...
 $ Race.JyokenCd                    : Factor w/ 1 level "2": 1 1 1 1 1 1 1 1 1 1 ...
 $ Race.RaceType1Cd                 : Factor w/ 1 level "1-2-E": 1 1 1 1 1 1 1 1 1 1 ...
 $ RaceHorse.RaceId                 : Factor w/ 529 levels "20160109-06-01-02-10",..: 1 1 3 3 5 5 8 8 8 8 ...
 $ RaceHorse.KettoNum               : Factor w/ 1399 levels "2010102243","2010102263",..: 11 12 13 14 15 16 17 18 19 20 ...
 $ RaceHorse.IsHit1                 : int  0 0 0 0 0 0 0 0 0 0 ...
 $ RaceHorse.IsHit2                 : int  0 0 0 0 0 0 0 0 0 0 ...
 $ RaceHorse.IsHit3                 : int  0 0 1 0 0 1 0 0 0 0 ...
 $ RaceHorse.IsHit4                 : int  0 0 0 0 0 0 0 1 0 0 ...
 $ RaceHorse.IsHit5                 : int  0 0 0 0 0 0 0 0 0 0 ...
 $ RaceHorse.IsHit6                 : int  1 1 0 1 1 0 1 0 1 1 ...
 $ RaceHorse.IsValidRaceHorse       : logi  TRUE TRUE TRUE TRUE TRUE TRUE ...
 $ RaceHorse.IsHitA                 : int  0 0 0 0 0 0 0 0 0 0 ...
 $ RaceHorse.IsHitB                 : int  0 0 0 0 0 0 0 0 0 0 ...
 $ RaceHorse.IsHitC                 : int  0 0 1 0 0 1 0 0 0 0 ...
 $ Gen01.HansyokuNum                : Factor w/ 193 levels "11202098","11202139",..: 10 4 11 12 13 14 15 16 17 18 ...
 $ Gen01.TimeSdvByRaceAvg           : num  -0.3953 0.1054 0.3555 -0.0323 0.354 ...
 $ Gen01.TimeSdvByRaceMin           : num  -1.21 -2.64 -1.68 -1.48 -2.28 ...
 $ Gen01.TimeSdvByRaceMax           : num  0.976 2.033 2.054 2.527 1.825 ...
 $ Gen01.OrderOfFinishSdvAvg        : num  -0.3558 0.0111 0.4045 -0.3751 0.3618 ...
 $ Gen01.RunCount                   : int  5 41 7 12 79 29 1 7 9 1 ...
 $ Gen01.HitCount1                  : int  1 12 2 2 27 7 0 1 1 1 ...
 $ Gen01.HitCount2                  : int  0 1 1 0 4 1 0 0 0 0 ...
 $ Gen01.HitCount3                  : int  0 0 1 0 4 1 0 1 0 0 ...
 $ Gen01.HitCount4                  : int  0 4 0 0 1 1 0 2 1 0 ...
 $ Gen01.HitCount5                  : int  0 1 1 1 7 1 0 0 0 0 ...
 $ Gen01.HitRate1                   : num  0.2 0.293 0.286 0.167 0.342 ...
 $ Gen01.HitRate2                   : num  0 0.0244 0.1429 0 0.0506 ...
 $ Gen01.HitRate3                   : num  0 0 0.1429 0 0.0506 ...
 $ Gen01.HitRate4                   : num  0 0.0976 0 0 0.0127 ...
 $ Gen01.HitRate5                   : num  0 0.0244 0.1429 0.0833 0.0886 ...
 $ EOF                              : int  1 1 1 1 1 1 1 1 1 1 ...
[1] "2022-02-21 22:19:00 --- na.omit Finish ---"
[1] "2022-02-21 22:19:00 --- rxGlm with rxStepControl Start ---"

> print(paste0(Sys.time(), " --- source_logic_glm.R Start ---"))
[1] "2022-02-21 22:19:00 --- source_logic_glm.R Start ---"

> formula <- formula(RaceHorse.IsHitA ~ +1 + Gen01.OrderOfFinishSdvAvg)

> print(paste0(Sys.time(), " --- source_logic_glm.R Finished ---"))
[1] "2022-02-21 22:19:00 --- source_logic_glm.R Finished ---"
Rows Read: 6682, Total Rows Processed: 6682, Total Chunk Time: Less than .001 seconds 

Starting values (iteration 1) time: 0.006 secs.
Rows Read: 6682, Total Rows Processed: 6682, Total Chunk Time: Less than .001 seconds 

Iteration 2 time: 0.003 secs.
Rows Read: 6682, Total Rows Processed: 6682, Total Chunk Time: Less than .001 seconds 

Iteration 3 time: 0.003 secs.
Rows Read: 6682, Total Rows Processed: 6682, Total Chunk Time: Less than .001 seconds 

Iteration 4 time: 0.004 secs.

Elapsed computation time: 0.033 secs.
Rows Read: 6682, Total Rows Processed: 6682, Total Chunk Time: Less than .001 seconds 

Starting values (iteration 1) time: 0.004 secs.
Rows Read: 6682, Total Rows Processed: 6682, Total Chunk Time: Less than .001 seconds 

Iteration 2 time: 0.004 secs.

Elapsed computation time: 0.016 secs.
Rows Read: 6682, Total Rows Processed: 6682, Total Chunk Time: Less than .001 seconds 

Starting values (iteration 1) time: 0.004 secs.
Rows Read: 6682, Total Rows Processed: 6682, Total Chunk Time: 0.002 seconds 

Iteration 2 time: 0.004 secs.
Rows Read: 6682, Total Rows Processed: 6682, Total Chunk Time: Less than .001 seconds 

Iteration 3 time: 0.004 secs.
Rows Read: 6682, Total Rows Processed: 6682, Total Chunk Time: Less than .001 seconds 

Iteration 4 time: 0.003 secs.

Elapsed computation time: 0.032 secs.

Elapsed computation time: 0.093 secs.
[1] "--------------------------------------------------------------------------------"
[1] "analyze.results.glm.step="
Logistic Regression Results for: RaceHorse.IsHitA ~
    Gen01.OrderOfFinishSdvAvg
Data: data
Dependent variable(s): RaceHorse.IsHitA
Total independent variables: 2 
Number of valid observations: 6682
Number of missing observations: 0 
 
Coefficients:
                          RaceHorse.IsHitA
(Intercept)                           -2.6
Gen01.OrderOfFinishSdvAvg              0.5
[1] "analyze.results.glm.step.summary"
Call:
rxLogit(formula = formula, data = data, variableSelection = analyze.results.glm.step.varsel)

Logistic Regression Results for: RaceHorse.IsHitA ~
    Gen01.OrderOfFinishSdvAvg
Data: data
Dependent variable(s): RaceHorse.IsHitA
Total independent variables: 2 
Number of valid observations: 6682
Number of missing observations: 0 
-2*LogLikelihood: 3590.704 (Residual deviance on 6680 degrees of freedom)
 
Coefficients:
                          Estimate Std. Error z value Pr(>|z|)    
(Intercept)                -2.5914     0.0531  -48.81  2.2e-16 ***
Gen01.OrderOfFinishSdvAvg   0.4656     0.0994    4.69  2.8e-06 ***
---
Signif. codes:  0 '***' 0.001 '**' 0.01 '*' 0.05 '.' 0.1 ' ' 1

Condition number of final variance-covariance matrix: 1 
Number of iterations: 4
[1] "--------------------------------------------------------------------------------"
[1] "2022-02-21 22:19:00 --- rxGlm with rxStepControl Finish ---"
[1] "2022-02-21 22:19:00 --- rxStepPlot Start ---"
[1] "pdfFilename=pdf_analyze_glm_Gen01_Type12_rxStepPlot.pdf"
[1] "rxStepPlot="
[1] "2022-02-21 22:19:00 --- rxStepPlot Finish ---"
[1] "2022-02-21 22:19:00 --- save.image Start ---"
[1] "save.image"
[1] "rdataFilename=RData_analyze_glm_Gen01_Type12.RData"
[1] "2022-02-21 22:19:00 --- save.image Finish ---"
[1] "2022-02-21 22:19:00 --- final Start ---"
[1] "--------------------------------------------------------------------------------"
[1] "nrow(data) final=6682"
[1] "--------------------------------------------------------------------------------"
[1] "2022-02-21 22:19:00 --- final Finish ---"
[1] "2022-02-21 22:19:00 --- analyze_glm.R Finished ---"
[1] "2022-02-21 22:19:00 --- log Finish ---"
