[1] "2022-02-21 22:08:46 --- D1115_analyze_glm_Gen01_IsHitA_Type21 Start ---"
[1] "2022-02-21 22:08:46 --- Log Start ---"
[1] "2022-02-21 22:08:46 --- analyze_glm.R Start ---"
[1] "analyzeVersion=D1115"
[1] "analyzeCategory=analyze"
[1] "analyzeType=Gen01"
[1] "analyzeFamily=IsHitA"
[1] "analyzeFunc=glm"
[1] "analyzeTrackTypeCd=2"
[1] "analyzeJyokenCd=1"
[1] "2022-02-21 22:08:46 --- source_function.R Start ---"
[1] "2022-02-21 22:08:46 --- source_function.R Finished ---"

> print(paste0(Sys.time(), " --- source_library.R Start ---"))
[1] "2022-02-21 22:08:46 --- source_library.R Start ---"

> require("RevoScaleR")

> print(paste0(Sys.time(), " --- source_library.R Finished ---"))
[1] "2022-02-21 22:08:48 --- source_library.R Finished ---"
[1] "2022-02-21 22:08:48 --- RxSqlServerData Start ---"
[1] "2022-02-21 22:08:48 --- RxInSqlServer Start ---"
[1] "2022-02-21 22:08:48 --- RxInSqlServer Finish ---"
[1] "2022-02-21 22:08:48 --- rxSetComputeContext Start ---"
[1] "2022-02-21 22:08:48 --- rxSetComputeContext Finish ---"
[1] "2022-02-21 22:08:48 --- RxSqlServerData Start ---"
[1] "sqlQuery=SELECT * FROM ViewAnalyzeD1115analyze01Gen01Type21"
[1] "2022-02-21 22:08:48 --- RxSqlServerData Finish ---"
[1] "2022-02-21 22:08:48 --- rxGetVarInfo Start ---"
[1] "2022-02-21 22:08:49 --- rxGetVarInfo Finish---"
[1] "2022-02-21 22:08:49 --- rxImport Start ---"
Rows Read: 4028, Total Rows Processed: 4028, Total Chunk Time: 5.187 seconds 
[1] "2022-02-21 22:09:11 --- rxImport Finish ---"
[1] "object.size(data) auto=887.4 Kb"
[1] "--------------------------------------------------------------------------------"
[1] "nrow(data) RxSqlServerData=4028"
[1] "--------------------------------------------------------------------------------"
[1] "str(data)="
'data.frame':	4028 obs. of  39 variables:
 $ Race.RaceId                      : Factor w/ 300 levels "20160109-06-01-02-11",..: 1 1 1 2 2 2 3 3 3 4 ...
 $ Race.IsPredictedRace             : logi  TRUE TRUE TRUE TRUE TRUE TRUE ...
 $ Race.IsAnalyzeNormalPastAndFuture: logi  TRUE TRUE TRUE TRUE TRUE TRUE ...
 $ Race.IsAnalyzeNormalPast         : logi  TRUE TRUE TRUE TRUE TRUE TRUE ...
 $ Race.IsAnalyzeNormalFuture       : logi  FALSE FALSE FALSE FALSE FALSE FALSE ...
 $ Race.IsAnalyzeFullPastAndFuture  : logi  TRUE TRUE TRUE TRUE TRUE TRUE ...
 $ Race.IsAnalyzeFullPast           : logi  TRUE TRUE TRUE TRUE TRUE TRUE ...
 $ Race.IsAnalyzeFullFuture         : logi  FALSE FALSE FALSE FALSE FALSE FALSE ...
 $ Race.JyokenCd                    : Factor w/ 1 level "1": 1 1 1 1 1 1 1 1 1 1 ...
 $ Race.RaceType1Cd                 : Factor w/ 5 levels "2-1-E","2-1-B",..: 1 1 1 1 1 1 1 1 1 1 ...
 $ RaceHorse.RaceId                 : Factor w/ 300 levels "20160109-06-01-02-11",..: 1 1 1 2 2 2 3 3 3 4 ...
 $ RaceHorse.KettoNum               : Factor w/ 859 levels "2006100429","2009102606",..: 11 12 13 14 15 16 17 18 19 20 ...
 $ RaceHorse.IsHit1                 : int  0 0 0 0 0 0 0 0 0 0 ...
 $ RaceHorse.IsHit2                 : int  0 0 0 0 0 0 0 0 0 0 ...
 $ RaceHorse.IsHit3                 : int  1 0 0 0 0 0 0 0 0 0 ...
 $ RaceHorse.IsHit4                 : int  0 0 0 0 0 0 0 0 0 0 ...
 $ RaceHorse.IsHit5                 : int  0 0 1 0 0 0 0 0 0 0 ...
 $ RaceHorse.IsHit6                 : int  0 1 0 1 1 1 1 1 1 1 ...
 $ RaceHorse.IsValidRaceHorse       : logi  TRUE TRUE TRUE TRUE TRUE TRUE ...
 $ RaceHorse.IsHitA                 : int  0 0 0 0 0 0 0 0 0 0 ...
 $ RaceHorse.IsHitB                 : int  0 0 0 0 0 0 0 0 0 0 ...
 $ RaceHorse.IsHitC                 : int  1 0 0 0 0 0 0 0 0 0 ...
 $ Gen01.HansyokuNum                : Factor w/ 166 levels "11202024","11202050",..: 10 11 12 13 14 15 16 17 18 19 ...
 $ Gen01.TimeSdvByRaceAvg           : num  -0.152 0.256 0.36 -0.52 -1.933 ...
 $ Gen01.TimeSdvByRaceMin           : num  -1.8706 0.2565 0.0513 -2.5504 -2.7779 ...
 $ Gen01.TimeSdvByRaceMax           : num  1.394 0.256 0.858 0.939 -1.148 ...
 $ Gen01.OrderOfFinishSdvAvg        : num  -0.1753 -0.0377 0.4209 -0.6437 -1.6428 ...
 $ Gen01.RunCount                   : int  10 1 3 14 3 4 46 1 9 1 ...
 $ Gen01.HitCount1                  : int  1 0 0 1 0 0 2 0 0 0 ...
 $ Gen01.HitCount2                  : int  1 0 0 0 0 0 3 0 0 0 ...
 $ Gen01.HitCount3                  : int  0 0 1 0 0 0 2 0 0 0 ...
 $ Gen01.HitCount4                  : int  1 0 0 0 0 0 3 0 0 0 ...
 $ Gen01.HitCount5                  : int  0 0 0 2 0 0 1 0 0 0 ...
 $ Gen01.HitRate1                   : num  0.1 0 0 0.0714 0 ...
 $ Gen01.HitRate2                   : num  0.1 0 0 0 0 ...
 $ Gen01.HitRate3                   : num  0 0 0.333 0 0 ...
 $ Gen01.HitRate4                   : num  0.1 0 0 0 0 ...
 $ Gen01.HitRate5                   : num  0 0 0 0.143 0 ...
 $ EOF                              : int  1 1 1 1 1 1 1 1 1 1 ...
[1] "2022-02-21 22:09:11 --- RxSqlServerData Finish ---"
[1] "2022-02-21 22:09:11 --- subset Start ---"
[1] "--------------------------------------------------------------------------------"
[1] "nrow(data) subset before=4028"
[1] "nrow(data) subset after =4028"
[1] "nrow(data) subset diff =0"
[1] "--------------------------------------------------------------------------------"
[1] "2022-02-21 22:09:11 --- subset Finish---"
[1] "2022-02-21 22:09:11 --- transform Start ---"
[1] "--------------------------------------------------------------------------------"
[1] "nrow(data) transform before=4028"
[1] "nrow(data) transform after=4028"
[1] "nrow(data) transform diff=0"
[1] "--------------------------------------------------------------------------------"
[1] "str(data)="
'data.frame':	4028 obs. of  39 variables:
 $ Race.RaceId                      : Factor w/ 300 levels "20160109-06-01-02-11",..: 1 1 1 2 2 2 3 3 3 4 ...
 $ Race.IsPredictedRace             : logi  TRUE TRUE TRUE TRUE TRUE TRUE ...
 $ Race.IsAnalyzeNormalPastAndFuture: logi  TRUE TRUE TRUE TRUE TRUE TRUE ...
 $ Race.IsAnalyzeNormalPast         : logi  TRUE TRUE TRUE TRUE TRUE TRUE ...
 $ Race.IsAnalyzeNormalFuture       : logi  FALSE FALSE FALSE FALSE FALSE FALSE ...
 $ Race.IsAnalyzeFullPastAndFuture  : logi  TRUE TRUE TRUE TRUE TRUE TRUE ...
 $ Race.IsAnalyzeFullPast           : logi  TRUE TRUE TRUE TRUE TRUE TRUE ...
 $ Race.IsAnalyzeFullFuture         : logi  FALSE FALSE FALSE FALSE FALSE FALSE ...
 $ Race.JyokenCd                    : Factor w/ 1 level "1": 1 1 1 1 1 1 1 1 1 1 ...
 $ Race.RaceType1Cd                 : Factor w/ 5 levels "2-1-E","2-1-B",..: 1 1 1 1 1 1 1 1 1 1 ...
 $ RaceHorse.RaceId                 : Factor w/ 300 levels "20160109-06-01-02-11",..: 1 1 1 2 2 2 3 3 3 4 ...
 $ RaceHorse.KettoNum               : Factor w/ 859 levels "2006100429","2009102606",..: 11 12 13 14 15 16 17 18 19 20 ...
 $ RaceHorse.IsHit1                 : int  0 0 0 0 0 0 0 0 0 0 ...
 $ RaceHorse.IsHit2                 : int  0 0 0 0 0 0 0 0 0 0 ...
 $ RaceHorse.IsHit3                 : int  1 0 0 0 0 0 0 0 0 0 ...
 $ RaceHorse.IsHit4                 : int  0 0 0 0 0 0 0 0 0 0 ...
 $ RaceHorse.IsHit5                 : int  0 0 1 0 0 0 0 0 0 0 ...
 $ RaceHorse.IsHit6                 : int  0 1 0 1 1 1 1 1 1 1 ...
 $ RaceHorse.IsValidRaceHorse       : logi  TRUE TRUE TRUE TRUE TRUE TRUE ...
 $ RaceHorse.IsHitA                 : int  0 0 0 0 0 0 0 0 0 0 ...
 $ RaceHorse.IsHitB                 : int  0 0 0 0 0 0 0 0 0 0 ...
 $ RaceHorse.IsHitC                 : int  1 0 0 0 0 0 0 0 0 0 ...
 $ Gen01.HansyokuNum                : Factor w/ 166 levels "11202024","11202050",..: 10 11 12 13 14 15 16 17 18 19 ...
 $ Gen01.TimeSdvByRaceAvg           : num  -0.152 0.256 0.36 -0.52 -1.933 ...
 $ Gen01.TimeSdvByRaceMin           : num  -1.8706 0.2565 0.0513 -2.5504 -2.7779 ...
 $ Gen01.TimeSdvByRaceMax           : num  1.394 0.256 0.858 0.939 -1.148 ...
 $ Gen01.OrderOfFinishSdvAvg        : num  -0.1753 -0.0377 0.4209 -0.6437 -1.6428 ...
 $ Gen01.RunCount                   : int  10 1 3 14 3 4 46 1 9 1 ...
 $ Gen01.HitCount1                  : int  1 0 0 1 0 0 2 0 0 0 ...
 $ Gen01.HitCount2                  : int  1 0 0 0 0 0 3 0 0 0 ...
 $ Gen01.HitCount3                  : int  0 0 1 0 0 0 2 0 0 0 ...
 $ Gen01.HitCount4                  : int  1 0 0 0 0 0 3 0 0 0 ...
 $ Gen01.HitCount5                  : int  0 0 0 2 0 0 1 0 0 0 ...
 $ Gen01.HitRate1                   : num  0.1 0 0 0.0714 0 ...
 $ Gen01.HitRate2                   : num  0.1 0 0 0 0 ...
 $ Gen01.HitRate3                   : num  0 0 0.333 0 0 ...
 $ Gen01.HitRate4                   : num  0.1 0 0 0 0 ...
 $ Gen01.HitRate5                   : num  0 0 0 0.143 0 ...
 $ EOF                              : int  1 1 1 1 1 1 1 1 1 1 ...
NULL
[1] "2022-02-21 22:09:11 --- transform Finish ---"
[1] "2022-02-21 22:09:11 --- na.omit Start ---"
[1] "--------------------------------------------------------------------------------"
[1] "nrow(data) na.omit before=4028"
[1] "nrow(data) na.omit after =4028"
[1] "nrow(data) na.omit diff =0"
[1] "--------------------------------------------------------------------------------"
'data.frame':	4028 obs. of  39 variables:
 $ Race.RaceId                      : Factor w/ 300 levels "20160109-06-01-02-11",..: 1 1 1 2 2 2 3 3 3 4 ...
 $ Race.IsPredictedRace             : logi  TRUE TRUE TRUE TRUE TRUE TRUE ...
 $ Race.IsAnalyzeNormalPastAndFuture: logi  TRUE TRUE TRUE TRUE TRUE TRUE ...
 $ Race.IsAnalyzeNormalPast         : logi  TRUE TRUE TRUE TRUE TRUE TRUE ...
 $ Race.IsAnalyzeNormalFuture       : logi  FALSE FALSE FALSE FALSE FALSE FALSE ...
 $ Race.IsAnalyzeFullPastAndFuture  : logi  TRUE TRUE TRUE TRUE TRUE TRUE ...
 $ Race.IsAnalyzeFullPast           : logi  TRUE TRUE TRUE TRUE TRUE TRUE ...
 $ Race.IsAnalyzeFullFuture         : logi  FALSE FALSE FALSE FALSE FALSE FALSE ...
 $ Race.JyokenCd                    : Factor w/ 1 level "1": 1 1 1 1 1 1 1 1 1 1 ...
 $ Race.RaceType1Cd                 : Factor w/ 5 levels "2-1-E","2-1-B",..: 1 1 1 1 1 1 1 1 1 1 ...
 $ RaceHorse.RaceId                 : Factor w/ 300 levels "20160109-06-01-02-11",..: 1 1 1 2 2 2 3 3 3 4 ...
 $ RaceHorse.KettoNum               : Factor w/ 859 levels "2006100429","2009102606",..: 11 12 13 14 15 16 17 18 19 20 ...
 $ RaceHorse.IsHit1                 : int  0 0 0 0 0 0 0 0 0 0 ...
 $ RaceHorse.IsHit2                 : int  0 0 0 0 0 0 0 0 0 0 ...
 $ RaceHorse.IsHit3                 : int  1 0 0 0 0 0 0 0 0 0 ...
 $ RaceHorse.IsHit4                 : int  0 0 0 0 0 0 0 0 0 0 ...
 $ RaceHorse.IsHit5                 : int  0 0 1 0 0 0 0 0 0 0 ...
 $ RaceHorse.IsHit6                 : int  0 1 0 1 1 1 1 1 1 1 ...
 $ RaceHorse.IsValidRaceHorse       : logi  TRUE TRUE TRUE TRUE TRUE TRUE ...
 $ RaceHorse.IsHitA                 : int  0 0 0 0 0 0 0 0 0 0 ...
 $ RaceHorse.IsHitB                 : int  0 0 0 0 0 0 0 0 0 0 ...
 $ RaceHorse.IsHitC                 : int  1 0 0 0 0 0 0 0 0 0 ...
 $ Gen01.HansyokuNum                : Factor w/ 166 levels "11202024","11202050",..: 10 11 12 13 14 15 16 17 18 19 ...
 $ Gen01.TimeSdvByRaceAvg           : num  -0.152 0.256 0.36 -0.52 -1.933 ...
 $ Gen01.TimeSdvByRaceMin           : num  -1.8706 0.2565 0.0513 -2.5504 -2.7779 ...
 $ Gen01.TimeSdvByRaceMax           : num  1.394 0.256 0.858 0.939 -1.148 ...
 $ Gen01.OrderOfFinishSdvAvg        : num  -0.1753 -0.0377 0.4209 -0.6437 -1.6428 ...
 $ Gen01.RunCount                   : int  10 1 3 14 3 4 46 1 9 1 ...
 $ Gen01.HitCount1                  : int  1 0 0 1 0 0 2 0 0 0 ...
 $ Gen01.HitCount2                  : int  1 0 0 0 0 0 3 0 0 0 ...
 $ Gen01.HitCount3                  : int  0 0 1 0 0 0 2 0 0 0 ...
 $ Gen01.HitCount4                  : int  1 0 0 0 0 0 3 0 0 0 ...
 $ Gen01.HitCount5                  : int  0 0 0 2 0 0 1 0 0 0 ...
 $ Gen01.HitRate1                   : num  0.1 0 0 0.0714 0 ...
 $ Gen01.HitRate2                   : num  0.1 0 0 0 0 ...
 $ Gen01.HitRate3                   : num  0 0 0.333 0 0 ...
 $ Gen01.HitRate4                   : num  0.1 0 0 0 0 ...
 $ Gen01.HitRate5                   : num  0 0 0 0.143 0 ...
 $ EOF                              : int  1 1 1 1 1 1 1 1 1 1 ...
[1] "2022-02-21 22:09:12 --- na.omit Finish ---"
[1] "2022-02-21 22:09:12 --- rxGlm with rxStepControl Start ---"

> print(paste0(Sys.time(), " --- source_logic_glm.R Start ---"))
[1] "2022-02-21 22:09:12 --- source_logic_glm.R Start ---"

> formula <- formula(RaceHorse.IsHitA ~ +1 + Gen01.OrderOfFinishSdvAvg)

> print(paste0(Sys.time(), " --- source_logic_glm.R Finished ---"))
[1] "2022-02-21 22:09:12 --- source_logic_glm.R Finished ---"
Rows Read: 4028, Total Rows Processed: 4028, Total Chunk Time: Less than .001 seconds 

Starting values (iteration 1) time: 0.008 secs.
Rows Read: 4028, Total Rows Processed: 4028, Total Chunk Time: Less than .001 seconds 

Iteration 2 time: 0.010 secs.
Rows Read: 4028, Total Rows Processed: 4028, Total Chunk Time: 0.002 seconds 

Iteration 3 time: 0.006 secs.
Rows Read: 4028, Total Rows Processed: 4028, Total Chunk Time: 0.001 seconds 

Iteration 4 time: 0.004 secs.

Elapsed computation time: 0.044 secs.
Rows Read: 4028, Total Rows Processed: 4028, Total Chunk Time: 0.001 seconds 

Starting values (iteration 1) time: 0.004 secs.
Rows Read: 4028, Total Rows Processed: 4028, Total Chunk Time: 0.002 seconds 

Iteration 2 time: 0.007 secs.

Elapsed computation time: 0.022 secs.
Rows Read: 4028, Total Rows Processed: 4028, Total Chunk Time: 0.001 seconds 

Starting values (iteration 1) time: 0.004 secs.
Rows Read: 4028, Total Rows Processed: 4028, Total Chunk Time: 0.001 seconds 

Iteration 2 time: 0.006 secs.
Rows Read: 4028, Total Rows Processed: 4028, Total Chunk Time: Less than .001 seconds 

Iteration 3 time: 0.005 secs.
Rows Read: 4028, Total Rows Processed: 4028, Total Chunk Time: Less than .001 seconds 

Iteration 4 time: 0.005 secs.

Elapsed computation time: 0.040 secs.

Elapsed computation time: 0.121 secs.
[1] "--------------------------------------------------------------------------------"
[1] "analyze.results.glm.step="
Logistic Regression Results for: RaceHorse.IsHitA ~
    Gen01.OrderOfFinishSdvAvg
Data: data
Dependent variable(s): RaceHorse.IsHitA
Total independent variables: 2 
Number of valid observations: 4028
Number of missing observations: 0 
 
Coefficients:
                          RaceHorse.IsHitA
(Intercept)                           -2.6
Gen01.OrderOfFinishSdvAvg              0.4
[1] "analyze.results.glm.step.summary"
Call:
rxLogit(formula = formula, data = data, variableSelection = analyze.results.glm.step.varsel)

Logistic Regression Results for: RaceHorse.IsHitA ~
    Gen01.OrderOfFinishSdvAvg
Data: data
Dependent variable(s): RaceHorse.IsHitA
Total independent variables: 2 
Number of valid observations: 4028
Number of missing observations: 0 
-2*LogLikelihood: 1980.515 (Residual deviance on 4026 degrees of freedom)
 
Coefficients:
                          Estimate Std. Error z value Pr(>|z|)    
(Intercept)                 -2.611      0.063  -41.48  2.2e-16 ***
Gen01.OrderOfFinishSdvAvg    0.416      0.103    4.04  5.3e-05 ***
---
Signif. codes:  0 '***' 0.001 '**' 0.01 '*' 0.05 '.' 0.1 ' ' 1

Condition number of final variance-covariance matrix: 1 
Number of iterations: 4
[1] "--------------------------------------------------------------------------------"
[1] "2022-02-21 22:09:12 --- rxGlm with rxStepControl Finish ---"
[1] "2022-02-21 22:09:12 --- rxStepPlot Start ---"
[1] "pdfFilename=pdf_analyze_glm_Gen01_Type21_rxStepPlot.pdf"
[1] "rxStepPlot="
[1] "2022-02-21 22:09:12 --- rxStepPlot Finish ---"
[1] "2022-02-21 22:09:12 --- save.image Start ---"
[1] "save.image"
[1] "rdataFilename=RData_analyze_glm_Gen01_Type21.RData"
[1] "2022-02-21 22:09:12 --- save.image Finish ---"
[1] "2022-02-21 22:09:12 --- final Start ---"
[1] "--------------------------------------------------------------------------------"
[1] "nrow(data) final=4028"
[1] "--------------------------------------------------------------------------------"
[1] "2022-02-21 22:09:12 --- final Finish ---"
[1] "2022-02-21 22:09:12 --- analyze_glm.R Finished ---"
[1] "2022-02-21 22:09:12 --- log Finish ---"
