[1] "2022-02-21 22:16:41 --- D1115_analyze_glm_Odds_IsHitA_Type15 Start ---"
[1] "2022-02-21 22:16:41 --- Log Start ---"
[1] "2022-02-21 22:16:41 --- analyze_glm.R Start ---"
[1] "analyzeVersion=D1115"
[1] "analyzeCategory=analyze"
[1] "analyzeType=Odds"
[1] "analyzeFamily=IsHitA"
[1] "analyzeFunc=glm"
[1] "analyzeTrackTypeCd=1"
[1] "analyzeJyokenCd=5"
[1] "2022-02-21 22:16:41 --- source_function.R Start ---"
[1] "2022-02-21 22:16:41 --- source_function.R Finished ---"

> print(paste0(Sys.time(), " --- source_library.R Start ---"))
[1] "2022-02-21 22:16:41 --- source_library.R Start ---"

> require("RevoScaleR")

> print(paste0(Sys.time(), " --- source_library.R Finished ---"))
[1] "2022-02-21 22:16:47 --- source_library.R Finished ---"
[1] "2022-02-21 22:16:47 --- RxSqlServerData Start ---"
[1] "2022-02-21 22:16:47 --- RxInSqlServer Start ---"
[1] "2022-02-21 22:16:47 --- RxInSqlServer Finish ---"
[1] "2022-02-21 22:16:47 --- rxSetComputeContext Start ---"
[1] "2022-02-21 22:16:47 --- rxSetComputeContext Finish ---"
[1] "2022-02-21 22:16:47 --- RxSqlServerData Start ---"
[1] "sqlQuery=SELECT * FROM ViewAnalyzeD1115analyze01OddsType15"
[1] "2022-02-21 22:16:47 --- RxSqlServerData Finish ---"
[1] "2022-02-21 22:16:47 --- rxGetVarInfo Start ---"
[1] "2022-02-21 22:16:47 --- rxGetVarInfo Finish---"
[1] "2022-02-21 22:16:47 --- rxImport Start ---"
Rows Read: 37190, Total Rows Processed: 37190, Total Chunk Time: 1.433 seconds 
[1] "2022-02-21 22:16:51 --- rxImport Finish ---"
[1] "object.size(data) auto=6.6 Mb"
[1] "--------------------------------------------------------------------------------"
[1] "nrow(data) RxSqlServerData=37190"
[1] "--------------------------------------------------------------------------------"
[1] "str(data)="
'data.frame':	37190 obs. of  30 variables:
 $ Race.RaceId                      : Factor w/ 2474 levels "20160105-06-01-01-05",..: 2 2 2 2 2 2 2 2 2 2 ...
 $ Race.IsPredictedRace             : logi  TRUE TRUE TRUE TRUE TRUE TRUE ...
 $ Race.IsAnalyzeNormalPastAndFuture: logi  TRUE TRUE TRUE TRUE TRUE TRUE ...
 $ Race.IsAnalyzeNormalPast         : logi  TRUE TRUE TRUE TRUE TRUE TRUE ...
 $ Race.IsAnalyzeNormalFuture       : logi  FALSE FALSE FALSE FALSE FALSE FALSE ...
 $ Race.IsAnalyzeFullPastAndFuture  : logi  TRUE TRUE TRUE TRUE TRUE TRUE ...
 $ Race.IsAnalyzeFullPast           : logi  TRUE TRUE TRUE TRUE TRUE TRUE ...
 $ Race.IsAnalyzeFullFuture         : logi  FALSE FALSE FALSE FALSE FALSE FALSE ...
 $ Race.JyokenCd                    : Factor w/ 1 level "5": 1 1 1 1 1 1 1 1 1 1 ...
 $ Race.RaceType1Cd                 : Factor w/ 1 level "1-5-X": 1 1 1 1 1 1 1 1 1 1 ...
 $ RaceHorse.RaceId                 : Factor w/ 2474 levels "20160105-06-01-01-05",..: 2 2 2 2 2 2 2 2 2 2 ...
 $ RaceHorse.KettoNum               : Factor w/ 13971 levels "2013106030","2013105304",..: 11 12 13 14 15 16 17 18 19 20 ...
 $ RaceHorse.IsHit1                 : int  0 0 0 0 0 0 0 0 0 0 ...
 $ RaceHorse.IsHit2                 : int  0 0 1 0 0 0 0 0 0 0 ...
 $ RaceHorse.IsHit3                 : int  0 0 0 0 1 0 0 0 0 0 ...
 $ RaceHorse.IsHit4                 : int  0 0 0 0 0 0 0 0 1 0 ...
 $ RaceHorse.IsHit5                 : int  0 0 0 0 0 0 0 1 0 0 ...
 $ RaceHorse.IsHit6                 : int  1 1 0 1 0 1 1 0 0 1 ...
 $ RaceHorse.IsValidRaceHorse       : logi  TRUE TRUE TRUE TRUE TRUE TRUE ...
 $ RaceHorse.IsHitA                 : int  0 0 0 0 0 0 0 0 0 0 ...
 $ RaceHorse.IsHitB                 : int  0 0 1 0 0 0 0 0 0 0 ...
 $ RaceHorse.IsHitC                 : int  0 0 1 0 1 0 0 0 0 0 ...
 $ OddsByWin.Odds1                  : num  8.5 263.9 12.1 184.3 5.7 ...
 $ OddsByWin.Ninki                  : num  3 14 4 13 2 12 11 6 7 8 ...
 $ OddsByWin.OddsLog1               : num  2.25 5.58 2.57 5.22 1.9 ...
 $ OddsByWin.OddsRatio1             : num  0.13333 0.0038 0.09009 0.00546 0.21277 ...
 $ OddsByWin.OddsLogit1             : num  -2.14 -5.58 -2.49 -5.22 -1.74 ...
 $ OddsByWin.ApprovalRate1          : num  0.11765 0.00379 0.08264 0.00543 0.17544 ...
 $ OddsByWin.ApprovalRateLog1       : num  0.11123 0.00378 0.07941 0.00541 0.16164 ...
 $ EOF                              : int  1 1 1 1 1 1 1 1 1 1 ...
[1] "2022-02-21 22:16:51 --- RxSqlServerData Finish ---"
[1] "2022-02-21 22:16:51 --- subset Start ---"
[1] "--------------------------------------------------------------------------------"
[1] "nrow(data) subset before=37190"
[1] "nrow(data) subset after =37190"
[1] "nrow(data) subset diff =0"
[1] "--------------------------------------------------------------------------------"
[1] "2022-02-21 22:16:51 --- subset Finish---"
[1] "2022-02-21 22:16:51 --- transform Start ---"
[1] "--------------------------------------------------------------------------------"
[1] "nrow(data) transform before=37190"
[1] "nrow(data) transform after=37190"
[1] "nrow(data) transform diff=0"
[1] "--------------------------------------------------------------------------------"
[1] "str(data)="
'data.frame':	37190 obs. of  30 variables:
 $ Race.RaceId                      : Factor w/ 2474 levels "20160105-06-01-01-05",..: 2 2 2 2 2 2 2 2 2 2 ...
 $ Race.IsPredictedRace             : logi  TRUE TRUE TRUE TRUE TRUE TRUE ...
 $ Race.IsAnalyzeNormalPastAndFuture: logi  TRUE TRUE TRUE TRUE TRUE TRUE ...
 $ Race.IsAnalyzeNormalPast         : logi  TRUE TRUE TRUE TRUE TRUE TRUE ...
 $ Race.IsAnalyzeNormalFuture       : logi  FALSE FALSE FALSE FALSE FALSE FALSE ...
 $ Race.IsAnalyzeFullPastAndFuture  : logi  TRUE TRUE TRUE TRUE TRUE TRUE ...
 $ Race.IsAnalyzeFullPast           : logi  TRUE TRUE TRUE TRUE TRUE TRUE ...
 $ Race.IsAnalyzeFullFuture         : logi  FALSE FALSE FALSE FALSE FALSE FALSE ...
 $ Race.JyokenCd                    : Factor w/ 1 level "5": 1 1 1 1 1 1 1 1 1 1 ...
 $ Race.RaceType1Cd                 : Factor w/ 1 level "1-5-X": 1 1 1 1 1 1 1 1 1 1 ...
 $ RaceHorse.RaceId                 : Factor w/ 2474 levels "20160105-06-01-01-05",..: 2 2 2 2 2 2 2 2 2 2 ...
 $ RaceHorse.KettoNum               : Factor w/ 13971 levels "2013106030","2013105304",..: 11 12 13 14 15 16 17 18 19 20 ...
 $ RaceHorse.IsHit1                 : int  0 0 0 0 0 0 0 0 0 0 ...
 $ RaceHorse.IsHit2                 : int  0 0 1 0 0 0 0 0 0 0 ...
 $ RaceHorse.IsHit3                 : int  0 0 0 0 1 0 0 0 0 0 ...
 $ RaceHorse.IsHit4                 : int  0 0 0 0 0 0 0 0 1 0 ...
 $ RaceHorse.IsHit5                 : int  0 0 0 0 0 0 0 1 0 0 ...
 $ RaceHorse.IsHit6                 : int  1 1 0 1 0 1 1 0 0 1 ...
 $ RaceHorse.IsValidRaceHorse       : logi  TRUE TRUE TRUE TRUE TRUE TRUE ...
 $ RaceHorse.IsHitA                 : int  0 0 0 0 0 0 0 0 0 0 ...
 $ RaceHorse.IsHitB                 : int  0 0 1 0 0 0 0 0 0 0 ...
 $ RaceHorse.IsHitC                 : int  0 0 1 0 1 0 0 0 0 0 ...
 $ OddsByWin.Odds1                  : num  8.5 263.9 12.1 184.3 5.7 ...
 $ OddsByWin.Ninki                  : num  3 14 4 13 2 12 11 6 7 8 ...
 $ OddsByWin.OddsLog1               : num  2.25 5.58 2.57 5.22 1.9 ...
 $ OddsByWin.OddsRatio1             : num  0.13333 0.0038 0.09009 0.00546 0.21277 ...
 $ OddsByWin.OddsLogit1             : num  -2.14 -5.58 -2.49 -5.22 -1.74 ...
 $ OddsByWin.ApprovalRate1          : num  0.11765 0.00379 0.08264 0.00543 0.17544 ...
 $ OddsByWin.ApprovalRateLog1       : num  0.11123 0.00378 0.07941 0.00541 0.16164 ...
 $ EOF                              : int  1 1 1 1 1 1 1 1 1 1 ...
NULL
[1] "2022-02-21 22:16:51 --- transform Finish ---"
[1] "2022-02-21 22:16:51 --- na.omit Start ---"
[1] "--------------------------------------------------------------------------------"
[1] "nrow(data) na.omit before=37190"
[1] "nrow(data) na.omit after =37074"
[1] "nrow(data) na.omit diff =116"
[1] "--------------------------------------------------------------------------------"
'data.frame':	37074 obs. of  30 variables:
 $ Race.RaceId                      : Factor w/ 2474 levels "20160105-06-01-01-05",..: 2 2 2 2 2 2 2 2 2 2 ...
 $ Race.IsPredictedRace             : logi  TRUE TRUE TRUE TRUE TRUE TRUE ...
 $ Race.IsAnalyzeNormalPastAndFuture: logi  TRUE TRUE TRUE TRUE TRUE TRUE ...
 $ Race.IsAnalyzeNormalPast         : logi  TRUE TRUE TRUE TRUE TRUE TRUE ...
 $ Race.IsAnalyzeNormalFuture       : logi  FALSE FALSE FALSE FALSE FALSE FALSE ...
 $ Race.IsAnalyzeFullPastAndFuture  : logi  TRUE TRUE TRUE TRUE TRUE TRUE ...
 $ Race.IsAnalyzeFullPast           : logi  TRUE TRUE TRUE TRUE TRUE TRUE ...
 $ Race.IsAnalyzeFullFuture         : logi  FALSE FALSE FALSE FALSE FALSE FALSE ...
 $ Race.JyokenCd                    : Factor w/ 1 level "5": 1 1 1 1 1 1 1 1 1 1 ...
 $ Race.RaceType1Cd                 : Factor w/ 1 level "1-5-X": 1 1 1 1 1 1 1 1 1 1 ...
 $ RaceHorse.RaceId                 : Factor w/ 2474 levels "20160105-06-01-01-05",..: 2 2 2 2 2 2 2 2 2 2 ...
 $ RaceHorse.KettoNum               : Factor w/ 13971 levels "2013106030","2013105304",..: 11 12 13 14 15 16 17 18 19 20 ...
 $ RaceHorse.IsHit1                 : int  0 0 0 0 0 0 0 0 0 0 ...
 $ RaceHorse.IsHit2                 : int  0 0 1 0 0 0 0 0 0 0 ...
 $ RaceHorse.IsHit3                 : int  0 0 0 0 1 0 0 0 0 0 ...
 $ RaceHorse.IsHit4                 : int  0 0 0 0 0 0 0 0 1 0 ...
 $ RaceHorse.IsHit5                 : int  0 0 0 0 0 0 0 1 0 0 ...
 $ RaceHorse.IsHit6                 : int  1 1 0 1 0 1 1 0 0 1 ...
 $ RaceHorse.IsValidRaceHorse       : logi  TRUE TRUE TRUE TRUE TRUE TRUE ...
 $ RaceHorse.IsHitA                 : int  0 0 0 0 0 0 0 0 0 0 ...
 $ RaceHorse.IsHitB                 : int  0 0 1 0 0 0 0 0 0 0 ...
 $ RaceHorse.IsHitC                 : int  0 0 1 0 1 0 0 0 0 0 ...
 $ OddsByWin.Odds1                  : num  8.5 263.9 12.1 184.3 5.7 ...
 $ OddsByWin.Ninki                  : num  3 14 4 13 2 12 11 6 7 8 ...
 $ OddsByWin.OddsLog1               : num  2.25 5.58 2.57 5.22 1.9 ...
 $ OddsByWin.OddsRatio1             : num  0.13333 0.0038 0.09009 0.00546 0.21277 ...
 $ OddsByWin.OddsLogit1             : num  -2.14 -5.58 -2.49 -5.22 -1.74 ...
 $ OddsByWin.ApprovalRate1          : num  0.11765 0.00379 0.08264 0.00543 0.17544 ...
 $ OddsByWin.ApprovalRateLog1       : num  0.11123 0.00378 0.07941 0.00541 0.16164 ...
 $ EOF                              : int  1 1 1 1 1 1 1 1 1 1 ...
 - attr(*, "na.action")= 'omit' Named int  426 429 823 1064 1343 1382 2150 2151 2158 2221 ...
  ..- attr(*, "names")= chr  "426" "429" "823" "1064" ...
[1] "2022-02-21 22:16:52 --- na.omit Finish ---"
[1] "2022-02-21 22:16:52 --- rxGlm with rxStepControl Start ---"

> print(paste0(Sys.time(), " --- source_logic_glm.R Start ---"))
[1] "2022-02-21 22:16:52 --- source_logic_glm.R Start ---"

> formula <- formula(RaceHorse.IsHitA ~ +1 + OddsByWin.OddsLogit1)

> print(paste0(Sys.time(), " --- source_logic_glm.R Finished ---"))
[1] "2022-02-21 22:16:52 --- source_logic_glm.R Finished ---"
Rows Read: 37074, Total Rows Processed: 37074, Total Chunk Time: 0.002 seconds 

Starting values (iteration 1) time: 0.028 secs.
Rows Read: 37074, Total Rows Processed: 37074, Total Chunk Time: 0.004 seconds 

Iteration 2 time: 0.011 secs.
Rows Read: 37074, Total Rows Processed: 37074, Total Chunk Time: 0.004 seconds 

Iteration 3 time: 0.013 secs.
Rows Read: 37074, Total Rows Processed: 37074, Total Chunk Time: 0.004 seconds 

Iteration 4 time: 0.007 secs.
Rows Read: 37074, Total Rows Processed: 37074, Total Chunk Time: 0.003 seconds 

Iteration 5 time: 0.010 secs.
Rows Read: 37074, Total Rows Processed: 37074, Total Chunk Time: 0.003 seconds 

Iteration 6 time: 0.007 secs.
Rows Read: 37074, Total Rows Processed: 37074, Total Chunk Time: 0.004 seconds 

Iteration 7 time: 0.011 secs.

Elapsed computation time: 0.122 secs.
Rows Read: 37074, Total Rows Processed: 37074, Total Chunk Time: 0.001 seconds 

Starting values (iteration 1) time: 0.015 secs.
Rows Read: 37074, Total Rows Processed: 37074, Total Chunk Time: 0.003 seconds 

Iteration 2 time: 0.010 secs.

Elapsed computation time: 0.045 secs.
Rows Read: 37074, Total Rows Processed: 37074, Total Chunk Time: 0.002 seconds 

Starting values (iteration 1) time: 0.016 secs.
Rows Read: 37074, Total Rows Processed: 37074, Total Chunk Time: 0.003 seconds 

Iteration 2 time: 0.012 secs.
Rows Read: 37074, Total Rows Processed: 37074, Total Chunk Time: 0.003 seconds 

Iteration 3 time: 0.006 secs.
Rows Read: 37074, Total Rows Processed: 37074, Total Chunk Time: 0.004 seconds 

Iteration 4 time: 0.007 secs.
Rows Read: 37074, Total Rows Processed: 37074, Total Chunk Time: 0.004 seconds 

Iteration 5 time: 0.007 secs.
Rows Read: 37074, Total Rows Processed: 37074, Total Chunk Time: 0.004 seconds 

Iteration 6 time: 0.007 secs.
Rows Read: 37074, Total Rows Processed: 37074, Total Chunk Time: 0.004 seconds 

Iteration 7 time: 0.008 secs.

Elapsed computation time: 0.108 secs.

Elapsed computation time: 0.300 secs.
[1] "--------------------------------------------------------------------------------"
[1] "analyze.results.glm.step="
Logistic Regression Results for: RaceHorse.IsHitA ~
    OddsByWin.OddsLogit1
Data: data
Dependent variable(s): RaceHorse.IsHitA
Total independent variables: 2 
Number of valid observations: 37074
Number of missing observations: 0 
 
Coefficients:
                     RaceHorse.IsHitA
(Intercept)                       0.4
OddsByWin.OddsLogit1              1.2
[1] "analyze.results.glm.step.summary"
Call:
rxLogit(formula = formula, data = data, variableSelection = analyze.results.glm.step.varsel)

Logistic Regression Results for: RaceHorse.IsHitA ~
    OddsByWin.OddsLogit1
Data: data
Dependent variable(s): RaceHorse.IsHitA
Total independent variables: 2 
Number of valid observations: 37074
Number of missing observations: 0 
-2*LogLikelihood: 13749.128 (Residual deviance on 37072 degrees of freedom)
 
Coefficients:
                     Estimate Std. Error z value Pr(>|z|)    
(Intercept)            0.3735     0.0483    7.74  2.2e-16 ***
OddsByWin.OddsLogit1   1.2012     0.0234   51.31  2.2e-16 ***
---
Signif. codes:  0 '***' 0.001 '**' 0.01 '*' 0.05 '.' 0.1 ' ' 1

Condition number of final variance-covariance matrix: 1 
Number of iterations: 7
[1] "--------------------------------------------------------------------------------"
[1] "2022-02-21 22:16:52 --- rxGlm with rxStepControl Finish ---"
[1] "2022-02-21 22:16:52 --- rxStepPlot Start ---"
[1] "pdfFilename=pdf_analyze_glm_Odds_Type15_rxStepPlot.pdf"
[1] "rxStepPlot="
[1] "2022-02-21 22:17:27 --- rxStepPlot Finish ---"
[1] "2022-02-21 22:17:27 --- save.image Start ---"
[1] "save.image"
[1] "rdataFilename=RData_analyze_glm_Odds_Type15.RData"
[1] "2022-02-21 22:17:31 --- save.image Finish ---"
[1] "2022-02-21 22:17:31 --- final Start ---"
[1] "--------------------------------------------------------------------------------"
[1] "nrow(data) final=37074"
[1] "--------------------------------------------------------------------------------"
[1] "2022-02-21 22:17:32 --- final Finish ---"
[1] "2022-02-21 22:17:32 --- analyze_glm.R Finished ---"
[1] "2022-02-21 22:17:32 --- log Finish ---"
