[1] "2022-02-21 22:08:53 --- D1115_analyze_glm_Gen01_IsHitA_Type31 Start ---"
[1] "2022-02-21 22:08:53 --- Log Start ---"
[1] "2022-02-21 22:08:53 --- analyze_glm.R Start ---"
[1] "analyzeVersion=D1115"
[1] "analyzeCategory=analyze"
[1] "analyzeType=Gen01"
[1] "analyzeFamily=IsHitA"
[1] "analyzeFunc=glm"
[1] "analyzeTrackTypeCd=3"
[1] "analyzeJyokenCd=1"
[1] "2022-02-21 22:08:53 --- source_function.R Start ---"
[1] "2022-02-21 22:08:53 --- source_function.R Finished ---"

> print(paste0(Sys.time(), " --- source_library.R Start ---"))
[1] "2022-02-21 22:08:53 --- source_library.R Start ---"

> require("RevoScaleR")

> print(paste0(Sys.time(), " --- source_library.R Finished ---"))
[1] "2022-02-21 22:08:59 --- source_library.R Finished ---"
[1] "2022-02-21 22:08:59 --- RxSqlServerData Start ---"
[1] "2022-02-21 22:08:59 --- RxInSqlServer Start ---"
[1] "2022-02-21 22:08:59 --- RxInSqlServer Finish ---"
[1] "2022-02-21 22:08:59 --- rxSetComputeContext Start ---"
[1] "2022-02-21 22:08:59 --- rxSetComputeContext Finish ---"
[1] "2022-02-21 22:08:59 --- RxSqlServerData Start ---"
[1] "sqlQuery=SELECT * FROM ViewAnalyzeD1115analyze01Gen01Type31"
[1] "2022-02-21 22:08:59 --- RxSqlServerData Finish ---"
[1] "2022-02-21 22:08:59 --- rxGetVarInfo Start ---"
[1] "2022-02-21 22:09:00 --- rxGetVarInfo Finish---"
[1] "2022-02-21 22:09:00 --- rxImport Start ---"
Rows Read: 2259, Total Rows Processed: 2259, Total Chunk Time: 10.798 seconds 
[1] "2022-02-21 22:09:58 --- rxImport Finish ---"
[1] "object.size(data) auto=509.1 Kb"
[1] "--------------------------------------------------------------------------------"
[1] "nrow(data) RxSqlServerData=2259"
[1] "--------------------------------------------------------------------------------"
[1] "str(data)="
'data.frame':	2259 obs. of  39 variables:
 $ Race.RaceId                      : Factor w/ 213 levels "20160116-07-01-01-05",..: 9 1 1 2 2 4 4 4 5 5 ...
 $ Race.IsPredictedRace             : logi  TRUE TRUE TRUE TRUE TRUE TRUE ...
 $ Race.IsAnalyzeNormalPastAndFuture: logi  TRUE TRUE TRUE TRUE TRUE TRUE ...
 $ Race.IsAnalyzeNormalPast         : logi  TRUE TRUE TRUE TRUE TRUE TRUE ...
 $ Race.IsAnalyzeNormalFuture       : logi  FALSE FALSE FALSE FALSE FALSE FALSE ...
 $ Race.IsAnalyzeFullPastAndFuture  : logi  TRUE TRUE TRUE TRUE TRUE TRUE ...
 $ Race.IsAnalyzeFullPast           : logi  TRUE TRUE TRUE TRUE TRUE TRUE ...
 $ Race.IsAnalyzeFullFuture         : logi  FALSE FALSE FALSE FALSE FALSE FALSE ...
 $ Race.JyokenCd                    : Factor w/ 1 level "1": 1 1 1 1 1 1 1 1 1 1 ...
 $ Race.RaceType1Cd                 : Factor w/ 5 levels "3-1-X","3-1-E",..: 2 1 1 2 2 1 1 1 1 1 ...
 $ RaceHorse.RaceId                 : Factor w/ 213 levels "20160116-07-01-01-05",..: 9 1 1 2 2 4 4 4 5 5 ...
 $ RaceHorse.KettoNum               : Factor w/ 452 levels "2011106242","2009110052",..: 10 11 12 13 14 10 15 16 17 18 ...
 $ RaceHorse.IsHit1                 : int  0 1 0 0 0 0 0 0 0 0 ...
 $ RaceHorse.IsHit2                 : int  0 0 1 0 1 0 0 0 0 0 ...
 $ RaceHorse.IsHit3                 : int  1 0 0 0 0 0 1 0 0 0 ...
 $ RaceHorse.IsHit4                 : int  0 0 0 0 0 1 0 0 0 0 ...
 $ RaceHorse.IsHit5                 : int  0 0 0 0 0 0 0 0 0 0 ...
 $ RaceHorse.IsHit6                 : int  0 0 0 1 0 0 0 1 1 1 ...
 $ RaceHorse.IsValidRaceHorse       : logi  TRUE TRUE TRUE TRUE TRUE TRUE ...
 $ RaceHorse.IsHitA                 : int  0 1 0 0 0 0 0 0 0 0 ...
 $ RaceHorse.IsHitB                 : int  0 1 1 0 1 0 0 0 0 0 ...
 $ RaceHorse.IsHitC                 : int  1 1 1 0 1 0 1 0 0 0 ...
 $ Gen01.HansyokuNum                : Factor w/ 122 levels "11201157","11404523",..: 6 10 11 6 9 6 12 13 14 15 ...
 $ Gen01.TimeSdvByRaceAvg           : num  0.57 0.339 -0.698 0.577 -0.51 ...
 $ Gen01.TimeSdvByRaceMin           : num  -0.445 -1.396 -0.969 -0.445 -2.372 ...
 $ Gen01.TimeSdvByRaceMax           : num  1.499 1.275 -0.237 1.499 0.964 ...
 $ Gen01.OrderOfFinishSdvAvg        : num  0.525 0.558 -1.017 0.59 -0.151 ...
 $ Gen01.RunCount                   : int  6 6 4 7 6 12 3 3 2 1 ...
 $ Gen01.HitCount1                  : int  1 2 0 1 1 1 0 0 0 0 ...
 $ Gen01.HitCount2                  : int  1 1 0 1 0 3 0 0 0 0 ...
 $ Gen01.HitCount3                  : int  0 1 0 1 0 1 0 0 0 0 ...
 $ Gen01.HitCount4                  : int  1 0 0 1 0 0 0 0 1 0 ...
 $ Gen01.HitCount5                  : int  1 0 0 1 0 0 0 0 0 0 ...
 $ Gen01.HitRate1                   : num  0.167 0.333 0 0.143 0.167 ...
 $ Gen01.HitRate2                   : num  0.167 0.167 0 0.143 0 ...
 $ Gen01.HitRate3                   : num  0 0.167 0 0.143 0 ...
 $ Gen01.HitRate4                   : num  0.167 0 0 0.143 0 ...
 $ Gen01.HitRate5                   : num  0.167 0 0 0.143 0 ...
 $ EOF                              : int  1 1 1 1 1 1 1 1 1 1 ...
[1] "2022-02-21 22:09:58 --- RxSqlServerData Finish ---"
[1] "2022-02-21 22:09:58 --- subset Start ---"
[1] "--------------------------------------------------------------------------------"
[1] "nrow(data) subset before=2259"
[1] "nrow(data) subset after =2259"
[1] "nrow(data) subset diff =0"
[1] "--------------------------------------------------------------------------------"
[1] "2022-02-21 22:09:59 --- subset Finish---"
[1] "2022-02-21 22:09:59 --- transform Start ---"
[1] "--------------------------------------------------------------------------------"
[1] "nrow(data) transform before=2259"
[1] "nrow(data) transform after=2259"
[1] "nrow(data) transform diff=0"
[1] "--------------------------------------------------------------------------------"
[1] "str(data)="
'data.frame':	2259 obs. of  39 variables:
 $ Race.RaceId                      : Factor w/ 213 levels "20160116-07-01-01-05",..: 9 1 1 2 2 4 4 4 5 5 ...
 $ Race.IsPredictedRace             : logi  TRUE TRUE TRUE TRUE TRUE TRUE ...
 $ Race.IsAnalyzeNormalPastAndFuture: logi  TRUE TRUE TRUE TRUE TRUE TRUE ...
 $ Race.IsAnalyzeNormalPast         : logi  TRUE TRUE TRUE TRUE TRUE TRUE ...
 $ Race.IsAnalyzeNormalFuture       : logi  FALSE FALSE FALSE FALSE FALSE FALSE ...
 $ Race.IsAnalyzeFullPastAndFuture  : logi  TRUE TRUE TRUE TRUE TRUE TRUE ...
 $ Race.IsAnalyzeFullPast           : logi  TRUE TRUE TRUE TRUE TRUE TRUE ...
 $ Race.IsAnalyzeFullFuture         : logi  FALSE FALSE FALSE FALSE FALSE FALSE ...
 $ Race.JyokenCd                    : Factor w/ 1 level "1": 1 1 1 1 1 1 1 1 1 1 ...
 $ Race.RaceType1Cd                 : Factor w/ 5 levels "3-1-X","3-1-E",..: 2 1 1 2 2 1 1 1 1 1 ...
 $ RaceHorse.RaceId                 : Factor w/ 213 levels "20160116-07-01-01-05",..: 9 1 1 2 2 4 4 4 5 5 ...
 $ RaceHorse.KettoNum               : Factor w/ 452 levels "2011106242","2009110052",..: 10 11 12 13 14 10 15 16 17 18 ...
 $ RaceHorse.IsHit1                 : int  0 1 0 0 0 0 0 0 0 0 ...
 $ RaceHorse.IsHit2                 : int  0 0 1 0 1 0 0 0 0 0 ...
 $ RaceHorse.IsHit3                 : int  1 0 0 0 0 0 1 0 0 0 ...
 $ RaceHorse.IsHit4                 : int  0 0 0 0 0 1 0 0 0 0 ...
 $ RaceHorse.IsHit5                 : int  0 0 0 0 0 0 0 0 0 0 ...
 $ RaceHorse.IsHit6                 : int  0 0 0 1 0 0 0 1 1 1 ...
 $ RaceHorse.IsValidRaceHorse       : logi  TRUE TRUE TRUE TRUE TRUE TRUE ...
 $ RaceHorse.IsHitA                 : int  0 1 0 0 0 0 0 0 0 0 ...
 $ RaceHorse.IsHitB                 : int  0 1 1 0 1 0 0 0 0 0 ...
 $ RaceHorse.IsHitC                 : int  1 1 1 0 1 0 1 0 0 0 ...
 $ Gen01.HansyokuNum                : Factor w/ 122 levels "11201157","11404523",..: 6 10 11 6 9 6 12 13 14 15 ...
 $ Gen01.TimeSdvByRaceAvg           : num  0.57 0.339 -0.698 0.577 -0.51 ...
 $ Gen01.TimeSdvByRaceMin           : num  -0.445 -1.396 -0.969 -0.445 -2.372 ...
 $ Gen01.TimeSdvByRaceMax           : num  1.499 1.275 -0.237 1.499 0.964 ...
 $ Gen01.OrderOfFinishSdvAvg        : num  0.525 0.558 -1.017 0.59 -0.151 ...
 $ Gen01.RunCount                   : int  6 6 4 7 6 12 3 3 2 1 ...
 $ Gen01.HitCount1                  : int  1 2 0 1 1 1 0 0 0 0 ...
 $ Gen01.HitCount2                  : int  1 1 0 1 0 3 0 0 0 0 ...
 $ Gen01.HitCount3                  : int  0 1 0 1 0 1 0 0 0 0 ...
 $ Gen01.HitCount4                  : int  1 0 0 1 0 0 0 0 1 0 ...
 $ Gen01.HitCount5                  : int  1 0 0 1 0 0 0 0 0 0 ...
 $ Gen01.HitRate1                   : num  0.167 0.333 0 0.143 0.167 ...
 $ Gen01.HitRate2                   : num  0.167 0.167 0 0.143 0 ...
 $ Gen01.HitRate3                   : num  0 0.167 0 0.143 0 ...
 $ Gen01.HitRate4                   : num  0.167 0 0 0.143 0 ...
 $ Gen01.HitRate5                   : num  0.167 0 0 0.143 0 ...
 $ EOF                              : int  1 1 1 1 1 1 1 1 1 1 ...
NULL
[1] "2022-02-21 22:09:59 --- transform Finish ---"
[1] "2022-02-21 22:09:59 --- na.omit Start ---"
[1] "--------------------------------------------------------------------------------"
[1] "nrow(data) na.omit before=2259"
[1] "nrow(data) na.omit after =2259"
[1] "nrow(data) na.omit diff =0"
[1] "--------------------------------------------------------------------------------"
'data.frame':	2259 obs. of  39 variables:
 $ Race.RaceId                      : Factor w/ 213 levels "20160116-07-01-01-05",..: 9 1 1 2 2 4 4 4 5 5 ...
 $ Race.IsPredictedRace             : logi  TRUE TRUE TRUE TRUE TRUE TRUE ...
 $ Race.IsAnalyzeNormalPastAndFuture: logi  TRUE TRUE TRUE TRUE TRUE TRUE ...
 $ Race.IsAnalyzeNormalPast         : logi  TRUE TRUE TRUE TRUE TRUE TRUE ...
 $ Race.IsAnalyzeNormalFuture       : logi  FALSE FALSE FALSE FALSE FALSE FALSE ...
 $ Race.IsAnalyzeFullPastAndFuture  : logi  TRUE TRUE TRUE TRUE TRUE TRUE ...
 $ Race.IsAnalyzeFullPast           : logi  TRUE TRUE TRUE TRUE TRUE TRUE ...
 $ Race.IsAnalyzeFullFuture         : logi  FALSE FALSE FALSE FALSE FALSE FALSE ...
 $ Race.JyokenCd                    : Factor w/ 1 level "1": 1 1 1 1 1 1 1 1 1 1 ...
 $ Race.RaceType1Cd                 : Factor w/ 5 levels "3-1-X","3-1-E",..: 2 1 1 2 2 1 1 1 1 1 ...
 $ RaceHorse.RaceId                 : Factor w/ 213 levels "20160116-07-01-01-05",..: 9 1 1 2 2 4 4 4 5 5 ...
 $ RaceHorse.KettoNum               : Factor w/ 452 levels "2011106242","2009110052",..: 10 11 12 13 14 10 15 16 17 18 ...
 $ RaceHorse.IsHit1                 : int  0 1 0 0 0 0 0 0 0 0 ...
 $ RaceHorse.IsHit2                 : int  0 0 1 0 1 0 0 0 0 0 ...
 $ RaceHorse.IsHit3                 : int  1 0 0 0 0 0 1 0 0 0 ...
 $ RaceHorse.IsHit4                 : int  0 0 0 0 0 1 0 0 0 0 ...
 $ RaceHorse.IsHit5                 : int  0 0 0 0 0 0 0 0 0 0 ...
 $ RaceHorse.IsHit6                 : int  0 0 0 1 0 0 0 1 1 1 ...
 $ RaceHorse.IsValidRaceHorse       : logi  TRUE TRUE TRUE TRUE TRUE TRUE ...
 $ RaceHorse.IsHitA                 : int  0 1 0 0 0 0 0 0 0 0 ...
 $ RaceHorse.IsHitB                 : int  0 1 1 0 1 0 0 0 0 0 ...
 $ RaceHorse.IsHitC                 : int  1 1 1 0 1 0 1 0 0 0 ...
 $ Gen01.HansyokuNum                : Factor w/ 122 levels "11201157","11404523",..: 6 10 11 6 9 6 12 13 14 15 ...
 $ Gen01.TimeSdvByRaceAvg           : num  0.57 0.339 -0.698 0.577 -0.51 ...
 $ Gen01.TimeSdvByRaceMin           : num  -0.445 -1.396 -0.969 -0.445 -2.372 ...
 $ Gen01.TimeSdvByRaceMax           : num  1.499 1.275 -0.237 1.499 0.964 ...
 $ Gen01.OrderOfFinishSdvAvg        : num  0.525 0.558 -1.017 0.59 -0.151 ...
 $ Gen01.RunCount                   : int  6 6 4 7 6 12 3 3 2 1 ...
 $ Gen01.HitCount1                  : int  1 2 0 1 1 1 0 0 0 0 ...
 $ Gen01.HitCount2                  : int  1 1 0 1 0 3 0 0 0 0 ...
 $ Gen01.HitCount3                  : int  0 1 0 1 0 1 0 0 0 0 ...
 $ Gen01.HitCount4                  : int  1 0 0 1 0 0 0 0 1 0 ...
 $ Gen01.HitCount5                  : int  1 0 0 1 0 0 0 0 0 0 ...
 $ Gen01.HitRate1                   : num  0.167 0.333 0 0.143 0.167 ...
 $ Gen01.HitRate2                   : num  0.167 0.167 0 0.143 0 ...
 $ Gen01.HitRate3                   : num  0 0.167 0 0.143 0 ...
 $ Gen01.HitRate4                   : num  0.167 0 0 0.143 0 ...
 $ Gen01.HitRate5                   : num  0.167 0 0 0.143 0 ...
 $ EOF                              : int  1 1 1 1 1 1 1 1 1 1 ...
[1] "2022-02-21 22:09:59 --- na.omit Finish ---"
[1] "2022-02-21 22:09:59 --- rxGlm with rxStepControl Start ---"

> print(paste0(Sys.time(), " --- source_logic_glm.R Start ---"))
[1] "2022-02-21 22:09:59 --- source_logic_glm.R Start ---"

> formula <- formula(RaceHorse.IsHitA ~ +1 + Gen01.OrderOfFinishSdvAvg)

> print(paste0(Sys.time(), " --- source_logic_glm.R Finished ---"))
[1] "2022-02-21 22:09:59 --- source_logic_glm.R Finished ---"
Rows Read: 2259, Total Rows Processed: 2259, Total Chunk Time: Less than .001 seconds 

Starting values (iteration 1) time: 0.006 secs.
Rows Read: 2259, Total Rows Processed: 2259, Total Chunk Time: Less than .001 seconds 

Iteration 2 time: 0.005 secs.
Rows Read: 2259, Total Rows Processed: 2259, Total Chunk Time: 0.002 seconds 

Iteration 3 time: 0.009 secs.
Rows Read: 2259, Total Rows Processed: 2259, Total Chunk Time: 0.001 seconds 

Iteration 4 time: 0.006 secs.

Elapsed computation time: 0.046 secs.
Rows Read: 2259, Total Rows Processed: 2259, Total Chunk Time: Less than .001 seconds 

Starting values (iteration 1) time: 0.006 secs.
Rows Read: 2259, Total Rows Processed: 2259, Total Chunk Time: Less than .001 seconds 

Iteration 2 time: 0.005 secs.

Elapsed computation time: 0.027 secs.
Rows Read: 2259, Total Rows Processed: 2259, Total Chunk Time: 0.001 seconds 

Starting values (iteration 1) time: 0.005 secs.
Rows Read: 2259, Total Rows Processed: 2259, Total Chunk Time: Less than .001 seconds 

Iteration 2 time: 0.004 secs.
Rows Read: 2259, Total Rows Processed: 2259, Total Chunk Time: Less than .001 seconds 

Iteration 3 time: 0.006 secs.
Rows Read: 2259, Total Rows Processed: 2259, Total Chunk Time: Less than .001 seconds 

Iteration 4 time: 0.004 secs.

Elapsed computation time: 0.040 secs.

Elapsed computation time: 0.126 secs.
[1] "--------------------------------------------------------------------------------"
[1] "analyze.results.glm.step="
Logistic Regression Results for: RaceHorse.IsHitA ~
    Gen01.OrderOfFinishSdvAvg
Data: data
Dependent variable(s): RaceHorse.IsHitA
Total independent variables: 2 
Number of valid observations: 2259
Number of missing observations: 0 
 
Coefficients:
                          RaceHorse.IsHitA
(Intercept)                           -2.4
Gen01.OrderOfFinishSdvAvg              0.6
[1] "analyze.results.glm.step.summary"
Call:
rxLogit(formula = formula, data = data, variableSelection = analyze.results.glm.step.varsel)

Logistic Regression Results for: RaceHorse.IsHitA ~
    Gen01.OrderOfFinishSdvAvg
Data: data
Dependent variable(s): RaceHorse.IsHitA
Total independent variables: 2 
Number of valid observations: 2259
Number of missing observations: 0 
-2*LogLikelihood: 1306.869 (Residual deviance on 2257 degrees of freedom)
 
Coefficients:
                          Estimate Std. Error z value Pr(>|z|)    
(Intercept)                 -2.416      0.079   -30.6  2.2e-16 ***
Gen01.OrderOfFinishSdvAvg    0.591      0.118     5.0  5.8e-07 ***
---
Signif. codes:  0 '***' 0.001 '**' 0.01 '*' 0.05 '.' 0.1 ' ' 1

Condition number of final variance-covariance matrix: 1 
Number of iterations: 4
[1] "--------------------------------------------------------------------------------"
[1] "2022-02-21 22:10:00 --- rxGlm with rxStepControl Finish ---"
[1] "2022-02-21 22:10:00 --- rxStepPlot Start ---"
[1] "pdfFilename=pdf_analyze_glm_Gen01_Type31_rxStepPlot.pdf"
[1] "rxStepPlot="
[1] "2022-02-21 22:10:00 --- rxStepPlot Finish ---"
[1] "2022-02-21 22:10:00 --- save.image Start ---"
[1] "save.image"
[1] "rdataFilename=RData_analyze_glm_Gen01_Type31.RData"
[1] "2022-02-21 22:10:00 --- save.image Finish ---"
[1] "2022-02-21 22:10:00 --- final Start ---"
[1] "--------------------------------------------------------------------------------"
[1] "nrow(data) final=2259"
[1] "--------------------------------------------------------------------------------"
[1] "2022-02-21 22:10:00 --- final Finish ---"
[1] "2022-02-21 22:10:00 --- analyze_glm.R Finished ---"
[1] "2022-02-21 22:10:00 --- log Finish ---"
