[1] "2022-02-21 22:09:30 --- D1115_analyze_glm_Gen02_IsHitA_Type14 Start ---"
[1] "2022-02-21 22:09:30 --- Log Start ---"
[1] "2022-02-21 22:09:30 --- analyze_glm.R Start ---"
[1] "analyzeVersion=D1115"
[1] "analyzeCategory=analyze"
[1] "analyzeType=Gen02"
[1] "analyzeFamily=IsHitA"
[1] "analyzeFunc=glm"
[1] "analyzeTrackTypeCd=1"
[1] "analyzeJyokenCd=4"
[1] "2022-02-21 22:09:30 --- source_function.R Start ---"
[1] "2022-02-21 22:09:30 --- source_function.R Finished ---"

> print(paste0(Sys.time(), " --- source_library.R Start ---"))
[1] "2022-02-21 22:09:30 --- source_library.R Start ---"

> require("RevoScaleR")

> print(paste0(Sys.time(), " --- source_library.R Finished ---"))
[1] "2022-02-21 22:09:36 --- source_library.R Finished ---"
[1] "2022-02-21 22:09:36 --- RxSqlServerData Start ---"
[1] "2022-02-21 22:09:36 --- RxInSqlServer Start ---"
[1] "2022-02-21 22:09:36 --- RxInSqlServer Finish ---"
[1] "2022-02-21 22:09:36 --- rxSetComputeContext Start ---"
[1] "2022-02-21 22:09:36 --- rxSetComputeContext Finish ---"
[1] "2022-02-21 22:09:36 --- RxSqlServerData Start ---"
[1] "sqlQuery=SELECT * FROM ViewAnalyzeD1115analyze01Gen02Type14"
[1] "2022-02-21 22:09:36 --- RxSqlServerData Finish ---"
[1] "2022-02-21 22:09:36 --- rxGetVarInfo Start ---"
[1] "2022-02-21 22:09:37 --- rxGetVarInfo Finish---"
[1] "2022-02-21 22:09:37 --- rxImport Start ---"
Rows Read: 25220, Total Rows Processed: 25220, Total Chunk Time: 219.558 seconds 
[1] "2022-02-21 22:19:12 --- rxImport Finish ---"
[1] "object.size(data) auto=5.6 Mb"
[1] "--------------------------------------------------------------------------------"
[1] "nrow(data) RxSqlServerData=25220"
[1] "--------------------------------------------------------------------------------"
[1] "str(data)="
'data.frame':	25220 obs. of  39 variables:
 $ Race.RaceId                      : Factor w/ 2247 levels "20160130-05-01-01-12",..: 2 2 2 2 3 3 3 3 3 3 ...
 $ Race.IsPredictedRace             : logi  TRUE TRUE TRUE TRUE TRUE TRUE ...
 $ Race.IsAnalyzeNormalPastAndFuture: logi  TRUE TRUE TRUE TRUE TRUE TRUE ...
 $ Race.IsAnalyzeNormalPast         : logi  TRUE TRUE TRUE TRUE TRUE TRUE ...
 $ Race.IsAnalyzeNormalFuture       : logi  FALSE FALSE FALSE FALSE FALSE FALSE ...
 $ Race.IsAnalyzeFullPastAndFuture  : logi  TRUE TRUE TRUE TRUE TRUE TRUE ...
 $ Race.IsAnalyzeFullPast           : logi  TRUE TRUE TRUE TRUE TRUE TRUE ...
 $ Race.IsAnalyzeFullFuture         : logi  FALSE FALSE FALSE FALSE FALSE FALSE ...
 $ Race.JyokenCd                    : Factor w/ 1 level "4": 1 1 1 1 1 1 1 1 1 1 ...
 $ Race.RaceType1Cd                 : Factor w/ 2 levels "1-4-X","1-4-E": 1 1 1 1 2 2 2 2 2 2 ...
 $ RaceHorse.RaceId                 : Factor w/ 2247 levels "20160130-05-01-01-12",..: 2 2 2 2 3 3 3 3 3 3 ...
 $ RaceHorse.KettoNum               : Factor w/ 5467 levels "2009101252","2010102337",..: 11 12 13 14 15 16 17 18 19 20 ...
 $ RaceHorse.IsHit1                 : int  0 0 0 0 0 0 0 1 0 0 ...
 $ RaceHorse.IsHit2                 : int  0 0 0 0 0 0 0 0 0 0 ...
 $ RaceHorse.IsHit3                 : int  0 0 0 0 0 0 0 0 0 0 ...
 $ RaceHorse.IsHit4                 : int  0 1 0 0 0 0 0 0 0 0 ...
 $ RaceHorse.IsHit5                 : int  0 0 0 0 0 1 0 0 0 0 ...
 $ RaceHorse.IsHit6                 : int  1 0 1 1 1 0 1 0 1 1 ...
 $ RaceHorse.IsValidRaceHorse       : logi  TRUE TRUE TRUE TRUE TRUE TRUE ...
 $ RaceHorse.IsHitA                 : int  0 0 0 0 0 0 0 1 0 0 ...
 $ RaceHorse.IsHitB                 : int  0 0 0 0 0 0 0 1 0 0 ...
 $ RaceHorse.IsHitC                 : int  0 0 0 0 0 0 0 1 0 0 ...
 $ Gen02.HansyokuNum                : Factor w/ 3757 levels "12251348","12251359",..: 11 12 13 14 15 16 17 18 19 20 ...
 $ Gen02.TimeSdvByRaceAvg           : num  0.1579 0.0372 -0.7036 -0.8735 0.2626 ...
 $ Gen02.TimeSdvByRaceMin           : num  0 -0.15 -0.704 -0.873 0.263 ...
 $ Gen02.TimeSdvByRaceMax           : num  0.316 0.326 -0.704 -0.873 0.263 ...
 $ Gen02.OrderOfFinishSdvAvg        : num  -0.0985 -0.1347 -1.0762 -0.2071 0.1109 ...
 $ Gen02.RunCount                   : int  2 3 1 1 1 2 2 2 1 1 ...
 $ Gen02.HitCount1                  : int  0 0 0 0 0 0 1 0 0 0 ...
 $ Gen02.HitCount2                  : int  0 0 0 0 0 0 0 0 0 0 ...
 $ Gen02.HitCount3                  : int  0 0 0 0 0 1 0 0 0 0 ...
 $ Gen02.HitCount4                  : int  0 0 0 0 0 1 0 0 0 0 ...
 $ Gen02.HitCount5                  : int  0 0 0 0 0 0 0 0 0 0 ...
 $ Gen02.HitRate1                   : num  0 0 0 0 0 0 0.5 0 0 0 ...
 $ Gen02.HitRate2                   : num  0 0 0 0 0 0 0 0 0 0 ...
 $ Gen02.HitRate3                   : num  0 0 0 0 0 0.5 0 0 0 0 ...
 $ Gen02.HitRate4                   : num  0 0 0 0 0 0.5 0 0 0 0 ...
 $ Gen02.HitRate5                   : num  0 0 0 0 0 0 0 0 0 0 ...
 $ EOF                              : int  1 1 1 1 1 1 1 1 1 1 ...
[1] "2022-02-21 22:19:12 --- RxSqlServerData Finish ---"
[1] "2022-02-21 22:19:12 --- subset Start ---"
[1] "--------------------------------------------------------------------------------"
[1] "nrow(data) subset before=25220"
[1] "nrow(data) subset after =25220"
[1] "nrow(data) subset diff =0"
[1] "--------------------------------------------------------------------------------"
[1] "2022-02-21 22:19:12 --- subset Finish---"
[1] "2022-02-21 22:19:12 --- transform Start ---"
[1] "--------------------------------------------------------------------------------"
[1] "nrow(data) transform before=25220"
[1] "nrow(data) transform after=25220"
[1] "nrow(data) transform diff=0"
[1] "--------------------------------------------------------------------------------"
[1] "str(data)="
'data.frame':	25220 obs. of  39 variables:
 $ Race.RaceId                      : Factor w/ 2247 levels "20160130-05-01-01-12",..: 2 2 2 2 3 3 3 3 3 3 ...
 $ Race.IsPredictedRace             : logi  TRUE TRUE TRUE TRUE TRUE TRUE ...
 $ Race.IsAnalyzeNormalPastAndFuture: logi  TRUE TRUE TRUE TRUE TRUE TRUE ...
 $ Race.IsAnalyzeNormalPast         : logi  TRUE TRUE TRUE TRUE TRUE TRUE ...
 $ Race.IsAnalyzeNormalFuture       : logi  FALSE FALSE FALSE FALSE FALSE FALSE ...
 $ Race.IsAnalyzeFullPastAndFuture  : logi  TRUE TRUE TRUE TRUE TRUE TRUE ...
 $ Race.IsAnalyzeFullPast           : logi  TRUE TRUE TRUE TRUE TRUE TRUE ...
 $ Race.IsAnalyzeFullFuture         : logi  FALSE FALSE FALSE FALSE FALSE FALSE ...
 $ Race.JyokenCd                    : Factor w/ 1 level "4": 1 1 1 1 1 1 1 1 1 1 ...
 $ Race.RaceType1Cd                 : Factor w/ 2 levels "1-4-X","1-4-E": 1 1 1 1 2 2 2 2 2 2 ...
 $ RaceHorse.RaceId                 : Factor w/ 2247 levels "20160130-05-01-01-12",..: 2 2 2 2 3 3 3 3 3 3 ...
 $ RaceHorse.KettoNum               : Factor w/ 5467 levels "2009101252","2010102337",..: 11 12 13 14 15 16 17 18 19 20 ...
 $ RaceHorse.IsHit1                 : int  0 0 0 0 0 0 0 1 0 0 ...
 $ RaceHorse.IsHit2                 : int  0 0 0 0 0 0 0 0 0 0 ...
 $ RaceHorse.IsHit3                 : int  0 0 0 0 0 0 0 0 0 0 ...
 $ RaceHorse.IsHit4                 : int  0 1 0 0 0 0 0 0 0 0 ...
 $ RaceHorse.IsHit5                 : int  0 0 0 0 0 1 0 0 0 0 ...
 $ RaceHorse.IsHit6                 : int  1 0 1 1 1 0 1 0 1 1 ...
 $ RaceHorse.IsValidRaceHorse       : logi  TRUE TRUE TRUE TRUE TRUE TRUE ...
 $ RaceHorse.IsHitA                 : int  0 0 0 0 0 0 0 1 0 0 ...
 $ RaceHorse.IsHitB                 : int  0 0 0 0 0 0 0 1 0 0 ...
 $ RaceHorse.IsHitC                 : int  0 0 0 0 0 0 0 1 0 0 ...
 $ Gen02.HansyokuNum                : Factor w/ 3757 levels "12251348","12251359",..: 11 12 13 14 15 16 17 18 19 20 ...
 $ Gen02.TimeSdvByRaceAvg           : num  0.1579 0.0372 -0.7036 -0.8735 0.2626 ...
 $ Gen02.TimeSdvByRaceMin           : num  0 -0.15 -0.704 -0.873 0.263 ...
 $ Gen02.TimeSdvByRaceMax           : num  0.316 0.326 -0.704 -0.873 0.263 ...
 $ Gen02.OrderOfFinishSdvAvg        : num  -0.0985 -0.1347 -1.0762 -0.2071 0.1109 ...
 $ Gen02.RunCount                   : int  2 3 1 1 1 2 2 2 1 1 ...
 $ Gen02.HitCount1                  : int  0 0 0 0 0 0 1 0 0 0 ...
 $ Gen02.HitCount2                  : int  0 0 0 0 0 0 0 0 0 0 ...
 $ Gen02.HitCount3                  : int  0 0 0 0 0 1 0 0 0 0 ...
 $ Gen02.HitCount4                  : int  0 0 0 0 0 1 0 0 0 0 ...
 $ Gen02.HitCount5                  : int  0 0 0 0 0 0 0 0 0 0 ...
 $ Gen02.HitRate1                   : num  0 0 0 0 0 0 0.5 0 0 0 ...
 $ Gen02.HitRate2                   : num  0 0 0 0 0 0 0 0 0 0 ...
 $ Gen02.HitRate3                   : num  0 0 0 0 0 0.5 0 0 0 0 ...
 $ Gen02.HitRate4                   : num  0 0 0 0 0 0.5 0 0 0 0 ...
 $ Gen02.HitRate5                   : num  0 0 0 0 0 0 0 0 0 0 ...
 $ EOF                              : int  1 1 1 1 1 1 1 1 1 1 ...
NULL
[1] "2022-02-21 22:19:13 --- transform Finish ---"
[1] "2022-02-21 22:19:13 --- na.omit Start ---"
[1] "--------------------------------------------------------------------------------"
[1] "nrow(data) na.omit before=25220"
[1] "nrow(data) na.omit after =25220"
[1] "nrow(data) na.omit diff =0"
[1] "--------------------------------------------------------------------------------"
'data.frame':	25220 obs. of  39 variables:
 $ Race.RaceId                      : Factor w/ 2247 levels "20160130-05-01-01-12",..: 2 2 2 2 3 3 3 3 3 3 ...
 $ Race.IsPredictedRace             : logi  TRUE TRUE TRUE TRUE TRUE TRUE ...
 $ Race.IsAnalyzeNormalPastAndFuture: logi  TRUE TRUE TRUE TRUE TRUE TRUE ...
 $ Race.IsAnalyzeNormalPast         : logi  TRUE TRUE TRUE TRUE TRUE TRUE ...
 $ Race.IsAnalyzeNormalFuture       : logi  FALSE FALSE FALSE FALSE FALSE FALSE ...
 $ Race.IsAnalyzeFullPastAndFuture  : logi  TRUE TRUE TRUE TRUE TRUE TRUE ...
 $ Race.IsAnalyzeFullPast           : logi  TRUE TRUE TRUE TRUE TRUE TRUE ...
 $ Race.IsAnalyzeFullFuture         : logi  FALSE FALSE FALSE FALSE FALSE FALSE ...
 $ Race.JyokenCd                    : Factor w/ 1 level "4": 1 1 1 1 1 1 1 1 1 1 ...
 $ Race.RaceType1Cd                 : Factor w/ 2 levels "1-4-X","1-4-E": 1 1 1 1 2 2 2 2 2 2 ...
 $ RaceHorse.RaceId                 : Factor w/ 2247 levels "20160130-05-01-01-12",..: 2 2 2 2 3 3 3 3 3 3 ...
 $ RaceHorse.KettoNum               : Factor w/ 5467 levels "2009101252","2010102337",..: 11 12 13 14 15 16 17 18 19 20 ...
 $ RaceHorse.IsHit1                 : int  0 0 0 0 0 0 0 1 0 0 ...
 $ RaceHorse.IsHit2                 : int  0 0 0 0 0 0 0 0 0 0 ...
 $ RaceHorse.IsHit3                 : int  0 0 0 0 0 0 0 0 0 0 ...
 $ RaceHorse.IsHit4                 : int  0 1 0 0 0 0 0 0 0 0 ...
 $ RaceHorse.IsHit5                 : int  0 0 0 0 0 1 0 0 0 0 ...
 $ RaceHorse.IsHit6                 : int  1 0 1 1 1 0 1 0 1 1 ...
 $ RaceHorse.IsValidRaceHorse       : logi  TRUE TRUE TRUE TRUE TRUE TRUE ...
 $ RaceHorse.IsHitA                 : int  0 0 0 0 0 0 0 1 0 0 ...
 $ RaceHorse.IsHitB                 : int  0 0 0 0 0 0 0 1 0 0 ...
 $ RaceHorse.IsHitC                 : int  0 0 0 0 0 0 0 1 0 0 ...
 $ Gen02.HansyokuNum                : Factor w/ 3757 levels "12251348","12251359",..: 11 12 13 14 15 16 17 18 19 20 ...
 $ Gen02.TimeSdvByRaceAvg           : num  0.1579 0.0372 -0.7036 -0.8735 0.2626 ...
 $ Gen02.TimeSdvByRaceMin           : num  0 -0.15 -0.704 -0.873 0.263 ...
 $ Gen02.TimeSdvByRaceMax           : num  0.316 0.326 -0.704 -0.873 0.263 ...
 $ Gen02.OrderOfFinishSdvAvg        : num  -0.0985 -0.1347 -1.0762 -0.2071 0.1109 ...
 $ Gen02.RunCount                   : int  2 3 1 1 1 2 2 2 1 1 ...
 $ Gen02.HitCount1                  : int  0 0 0 0 0 0 1 0 0 0 ...
 $ Gen02.HitCount2                  : int  0 0 0 0 0 0 0 0 0 0 ...
 $ Gen02.HitCount3                  : int  0 0 0 0 0 1 0 0 0 0 ...
 $ Gen02.HitCount4                  : int  0 0 0 0 0 1 0 0 0 0 ...
 $ Gen02.HitCount5                  : int  0 0 0 0 0 0 0 0 0 0 ...
 $ Gen02.HitRate1                   : num  0 0 0 0 0 0 0.5 0 0 0 ...
 $ Gen02.HitRate2                   : num  0 0 0 0 0 0 0 0 0 0 ...
 $ Gen02.HitRate3                   : num  0 0 0 0 0 0.5 0 0 0 0 ...
 $ Gen02.HitRate4                   : num  0 0 0 0 0 0.5 0 0 0 0 ...
 $ Gen02.HitRate5                   : num  0 0 0 0 0 0 0 0 0 0 ...
 $ EOF                              : int  1 1 1 1 1 1 1 1 1 1 ...
[1] "2022-02-21 22:19:13 --- na.omit Finish ---"
[1] "2022-02-21 22:19:13 --- rxGlm with rxStepControl Start ---"

> print(paste0(Sys.time(), " --- source_logic_glm.R Start ---"))
[1] "2022-02-21 22:19:13 --- source_logic_glm.R Start ---"

> formula <- formula(RaceHorse.IsHitA ~ +1 + Gen02.OrderOfFinishSdvAvg)

> print(paste0(Sys.time(), " --- source_logic_glm.R Finished ---"))
[1] "2022-02-21 22:19:13 --- source_logic_glm.R Finished ---"
Rows Read: 25220, Total Rows Processed: 25220, Total Chunk Time: 0.002 seconds 

Starting values (iteration 1) time: 0.014 secs.
Rows Read: 25220, Total Rows Processed: 25220, Total Chunk Time: 0.003 seconds 

Iteration 2 time: 0.010 secs.
Rows Read: 25220, Total Rows Processed: 25220, Total Chunk Time: 0.002 seconds 

Iteration 3 time: 0.006 secs.
Rows Read: 25220, Total Rows Processed: 25220, Total Chunk Time: 0.002 seconds 

Iteration 4 time: 0.006 secs.
Rows Read: 25220, Total Rows Processed: 25220, Total Chunk Time: 0.003 seconds 

Iteration 5 time: 0.006 secs.

Elapsed computation time: 0.080 secs.
Rows Read: 25220, Total Rows Processed: 25220, Total Chunk Time: Less than .001 seconds 

Starting values (iteration 1) time: 0.010 secs.
Rows Read: 25220, Total Rows Processed: 25220, Total Chunk Time: 0.002 seconds 

Iteration 2 time: 0.009 secs.

Elapsed computation time: 0.028 secs.
Rows Read: 25220, Total Rows Processed: 25220, Total Chunk Time: 0.002 seconds 

Starting values (iteration 1) time: 0.012 secs.
Rows Read: 25220, Total Rows Processed: 25220, Total Chunk Time: 0.003 seconds 

Iteration 2 time: 0.010 secs.
Rows Read: 25220, Total Rows Processed: 25220, Total Chunk Time: 0.003 seconds 

Iteration 3 time: 0.006 secs.
Rows Read: 25220, Total Rows Processed: 25220, Total Chunk Time: 0.003 seconds 

Iteration 4 time: 0.007 secs.
Rows Read: 25220, Total Rows Processed: 25220, Total Chunk Time: 0.003 seconds 

Iteration 5 time: 0.006 secs.

Elapsed computation time: 0.063 secs.

Elapsed computation time: 0.192 secs.
[1] "--------------------------------------------------------------------------------"
[1] "analyze.results.glm.step="
Logistic Regression Results for: RaceHorse.IsHitA ~
    Gen02.OrderOfFinishSdvAvg
Data: data
Dependent variable(s): RaceHorse.IsHitA
Total independent variables: 2 
Number of valid observations: 25220
Number of missing observations: 0 
 
Coefficients:
                          RaceHorse.IsHitA
(Intercept)                           -2.7
Gen02.OrderOfFinishSdvAvg              0.7
[1] "analyze.results.glm.step.summary"
Call:
rxLogit(formula = formula, data = data, variableSelection = analyze.results.glm.step.varsel)

Logistic Regression Results for: RaceHorse.IsHitA ~
    Gen02.OrderOfFinishSdvAvg
Data: data
Dependent variable(s): RaceHorse.IsHitA
Total independent variables: 2 
Number of valid observations: 25220
Number of missing observations: 0 
-2*LogLikelihood: 12987.359 (Residual deviance on 25218 degrees of freedom)
 
Coefficients:
                          Estimate Std. Error z value Pr(>|z|)    
(Intercept)                -2.6816     0.0278   -96.3  2.2e-16 ***
Gen02.OrderOfFinishSdvAvg   0.6555     0.0318    20.6  2.2e-16 ***
---
Signif. codes:  0 '***' 0.001 '**' 0.01 '*' 0.05 '.' 0.1 ' ' 1

Condition number of final variance-covariance matrix: 1 
Number of iterations: 5
[1] "--------------------------------------------------------------------------------"
[1] "2022-02-21 22:19:13 --- rxGlm with rxStepControl Finish ---"
[1] "2022-02-21 22:19:13 --- rxStepPlot Start ---"
[1] "pdfFilename=pdf_analyze_glm_Gen02_Type14_rxStepPlot.pdf"
[1] "rxStepPlot="
[1] "2022-02-21 22:19:16 --- rxStepPlot Finish ---"
[1] "2022-02-21 22:19:16 --- save.image Start ---"
[1] "save.image"
[1] "rdataFilename=RData_analyze_glm_Gen02_Type14.RData"
[1] "2022-02-21 22:19:18 --- save.image Finish ---"
[1] "2022-02-21 22:19:18 --- final Start ---"
[1] "--------------------------------------------------------------------------------"
[1] "nrow(data) final=25220"
[1] "--------------------------------------------------------------------------------"
[1] "2022-02-21 22:19:18 --- final Finish ---"
[1] "2022-02-21 22:19:18 --- analyze_glm.R Finished ---"
[1] "2022-02-21 22:19:18 --- log Finish ---"
