[1] "2022-02-21 22:11:28 --- D1115_analyze_glm_Jockey_IsHitA_Type11 Start ---"
[1] "2022-02-21 22:11:28 --- Log Start ---"
[1] "2022-02-21 22:11:28 --- analyze_glm.R Start ---"
[1] "analyzeVersion=D1115"
[1] "analyzeCategory=analyze"
[1] "analyzeType=Jockey"
[1] "analyzeFamily=IsHitA"
[1] "analyzeFunc=glm"
[1] "analyzeTrackTypeCd=1"
[1] "analyzeJyokenCd=1"
[1] "2022-02-21 22:11:28 --- source_function.R Start ---"
[1] "2022-02-21 22:11:28 --- source_function.R Finished ---"

> print(paste0(Sys.time(), " --- source_library.R Start ---"))
[1] "2022-02-21 22:11:28 --- source_library.R Start ---"

> require("RevoScaleR")

> print(paste0(Sys.time(), " --- source_library.R Finished ---"))
[1] "2022-02-21 22:11:34 --- source_library.R Finished ---"
[1] "2022-02-21 22:11:34 --- RxSqlServerData Start ---"
[1] "2022-02-21 22:11:34 --- RxInSqlServer Start ---"
[1] "2022-02-21 22:11:34 --- RxInSqlServer Finish ---"
[1] "2022-02-21 22:11:34 --- rxSetComputeContext Start ---"
[1] "2022-02-21 22:11:34 --- rxSetComputeContext Finish ---"
[1] "2022-02-21 22:11:34 --- RxSqlServerData Start ---"
[1] "sqlQuery=SELECT * FROM ViewAnalyzeD1115analyze01JockeyType11"
[1] "2022-02-21 22:11:34 --- RxSqlServerData Finish ---"
[1] "2022-02-21 22:11:34 --- rxGetVarInfo Start ---"
[1] "2022-02-21 22:11:34 --- rxGetVarInfo Finish---"
[1] "2022-02-21 22:11:34 --- rxImport Start ---"
Rows Read: 12491, Total Rows Processed: 12491, Total Chunk Time: 20.472 seconds 
[1] "2022-02-21 22:12:59 --- rxImport Finish ---"
[1] "object.size(data) auto=2.7 Mb"
[1] "--------------------------------------------------------------------------------"
[1] "nrow(data) RxSqlServerData=12491"
[1] "--------------------------------------------------------------------------------"
[1] "str(data)="
'data.frame':	12491 obs. of  39 variables:
 $ Race.RaceId                      : Factor w/ 927 levels "20160313-09-01-06-11",..: 2 2 2 2 2 2 2 2 2 2 ...
 $ Race.IsPredictedRace             : logi  TRUE TRUE TRUE TRUE TRUE TRUE ...
 $ Race.IsAnalyzeNormalPastAndFuture: logi  TRUE TRUE TRUE TRUE TRUE TRUE ...
 $ Race.IsAnalyzeNormalPast         : logi  TRUE TRUE TRUE TRUE TRUE TRUE ...
 $ Race.IsAnalyzeNormalFuture       : logi  FALSE FALSE FALSE FALSE FALSE FALSE ...
 $ Race.IsAnalyzeFullPastAndFuture  : logi  TRUE TRUE TRUE TRUE TRUE TRUE ...
 $ Race.IsAnalyzeFullPast           : logi  TRUE TRUE TRUE TRUE TRUE TRUE ...
 $ Race.IsAnalyzeFullFuture         : logi  FALSE FALSE FALSE FALSE FALSE FALSE ...
 $ Race.JyokenCd                    : Factor w/ 1 level "1": 1 1 1 1 1 1 1 1 1 1 ...
 $ Race.RaceType1Cd                 : Factor w/ 6 levels "1-1-B","1-1-C",..: 2 2 2 2 2 2 2 2 2 2 ...
 $ RaceHorse.RaceId                 : Factor w/ 927 levels "20160313-09-01-06-11",..: 2 2 2 2 2 2 2 2 2 2 ...
 $ RaceHorse.KettoNum               : Factor w/ 3020 levels "2013100315","2013100579",..: 11 12 13 14 15 16 17 18 19 20 ...
 $ RaceHorse.IsHit1                 : int  0 0 1 0 0 0 0 0 0 0 ...
 $ RaceHorse.IsHit2                 : int  0 0 0 0 0 0 0 0 1 0 ...
 $ RaceHorse.IsHit3                 : int  0 0 0 0 0 0 1 0 0 0 ...
 $ RaceHorse.IsHit4                 : int  0 0 0 0 0 0 0 0 0 0 ...
 $ RaceHorse.IsHit5                 : int  0 0 0 0 0 0 0 0 0 0 ...
 $ RaceHorse.IsHit6                 : int  1 1 0 1 1 1 0 1 0 1 ...
 $ RaceHorse.IsValidRaceHorse       : logi  TRUE TRUE TRUE TRUE TRUE TRUE ...
 $ RaceHorse.IsHitA                 : int  0 0 1 0 0 0 0 0 0 0 ...
 $ RaceHorse.IsHitB                 : int  0 0 1 0 0 0 0 0 1 0 ...
 $ RaceHorse.IsHitC                 : int  0 0 1 0 0 0 1 0 1 0 ...
 $ Jockey.KisyuCode                 : Factor w/ 178 levels "01038","00700",..: 11 12 13 14 15 16 17 18 19 20 ...
 $ Jockey.TimeSdvByRaceAvg          : num  0.30625 -0.06226 0.00724 -0.16212 -0.1843 ...
 $ Jockey.TimeSdvByRaceMin          : num  0.306 -2.875 -2.382 -1.926 -2.335 ...
 $ Jockey.TimeSdvByRaceMax          : num  0.306 1.188 1.313 1.361 1.708 ...
 $ Jockey.OrderOfFinishSdvAvg       : num  -0.1802 -0.1802 -0.0304 -0.2599 -0.2574 ...
 $ Jockey.RunCount                  : int  1 57 71 68 59 34 84 102 85 95 ...
 $ Jockey.HitCount1                 : int  0 1 3 1 4 0 6 8 3 13 ...
 $ Jockey.HitCount2                 : int  0 1 2 3 2 0 2 12 9 4 ...
 $ Jockey.HitCount3                 : int  0 5 5 4 4 1 4 8 5 6 ...
 $ Jockey.HitCount4                 : int  0 1 9 4 4 2 7 7 5 5 ...
 $ Jockey.HitCount5                 : int  0 3 5 4 3 2 3 8 4 6 ...
 $ Jockey.HitRate1                  : num  0 0.0175 0.0423 0.0147 0.0678 ...
 $ Jockey.HitRate2                  : num  0 0.0175 0.0282 0.0441 0.0339 ...
 $ Jockey.HitRate3                  : num  0 0.0877 0.0704 0.0588 0.0678 ...
 $ Jockey.HitRate4                  : num  0 0.0175 0.1268 0.0588 0.0678 ...
 $ Jockey.HitRate5                  : num  0 0.0526 0.0704 0.0588 0.0508 ...
 $ EOF                              : int  1 1 1 1 1 1 1 1 1 1 ...
[1] "2022-02-21 22:12:59 --- RxSqlServerData Finish ---"
[1] "2022-02-21 22:12:59 --- subset Start ---"
[1] "--------------------------------------------------------------------------------"
[1] "nrow(data) subset before=12491"
[1] "nrow(data) subset after =12491"
[1] "nrow(data) subset diff =0"
[1] "--------------------------------------------------------------------------------"
[1] "2022-02-21 22:12:59 --- subset Finish---"
[1] "2022-02-21 22:12:59 --- transform Start ---"
[1] "--------------------------------------------------------------------------------"
[1] "nrow(data) transform before=12491"
[1] "nrow(data) transform after=12491"
[1] "nrow(data) transform diff=0"
[1] "--------------------------------------------------------------------------------"
[1] "str(data)="
'data.frame':	12491 obs. of  39 variables:
 $ Race.RaceId                      : Factor w/ 927 levels "20160313-09-01-06-11",..: 2 2 2 2 2 2 2 2 2 2 ...
 $ Race.IsPredictedRace             : logi  TRUE TRUE TRUE TRUE TRUE TRUE ...
 $ Race.IsAnalyzeNormalPastAndFuture: logi  TRUE TRUE TRUE TRUE TRUE TRUE ...
 $ Race.IsAnalyzeNormalPast         : logi  TRUE TRUE TRUE TRUE TRUE TRUE ...
 $ Race.IsAnalyzeNormalFuture       : logi  FALSE FALSE FALSE FALSE FALSE FALSE ...
 $ Race.IsAnalyzeFullPastAndFuture  : logi  TRUE TRUE TRUE TRUE TRUE TRUE ...
 $ Race.IsAnalyzeFullPast           : logi  TRUE TRUE TRUE TRUE TRUE TRUE ...
 $ Race.IsAnalyzeFullFuture         : logi  FALSE FALSE FALSE FALSE FALSE FALSE ...
 $ Race.JyokenCd                    : Factor w/ 1 level "1": 1 1 1 1 1 1 1 1 1 1 ...
 $ Race.RaceType1Cd                 : Factor w/ 6 levels "1-1-B","1-1-C",..: 2 2 2 2 2 2 2 2 2 2 ...
 $ RaceHorse.RaceId                 : Factor w/ 927 levels "20160313-09-01-06-11",..: 2 2 2 2 2 2 2 2 2 2 ...
 $ RaceHorse.KettoNum               : Factor w/ 3020 levels "2013100315","2013100579",..: 11 12 13 14 15 16 17 18 19 20 ...
 $ RaceHorse.IsHit1                 : int  0 0 1 0 0 0 0 0 0 0 ...
 $ RaceHorse.IsHit2                 : int  0 0 0 0 0 0 0 0 1 0 ...
 $ RaceHorse.IsHit3                 : int  0 0 0 0 0 0 1 0 0 0 ...
 $ RaceHorse.IsHit4                 : int  0 0 0 0 0 0 0 0 0 0 ...
 $ RaceHorse.IsHit5                 : int  0 0 0 0 0 0 0 0 0 0 ...
 $ RaceHorse.IsHit6                 : int  1 1 0 1 1 1 0 1 0 1 ...
 $ RaceHorse.IsValidRaceHorse       : logi  TRUE TRUE TRUE TRUE TRUE TRUE ...
 $ RaceHorse.IsHitA                 : int  0 0 1 0 0 0 0 0 0 0 ...
 $ RaceHorse.IsHitB                 : int  0 0 1 0 0 0 0 0 1 0 ...
 $ RaceHorse.IsHitC                 : int  0 0 1 0 0 0 1 0 1 0 ...
 $ Jockey.KisyuCode                 : Factor w/ 178 levels "01038","00700",..: 11 12 13 14 15 16 17 18 19 20 ...
 $ Jockey.TimeSdvByRaceAvg          : num  0.30625 -0.06226 0.00724 -0.16212 -0.1843 ...
 $ Jockey.TimeSdvByRaceMin          : num  0.306 -2.875 -2.382 -1.926 -2.335 ...
 $ Jockey.TimeSdvByRaceMax          : num  0.306 1.188 1.313 1.361 1.708 ...
 $ Jockey.OrderOfFinishSdvAvg       : num  -0.1802 -0.1802 -0.0304 -0.2599 -0.2574 ...
 $ Jockey.RunCount                  : int  1 57 71 68 59 34 84 102 85 95 ...
 $ Jockey.HitCount1                 : int  0 1 3 1 4 0 6 8 3 13 ...
 $ Jockey.HitCount2                 : int  0 1 2 3 2 0 2 12 9 4 ...
 $ Jockey.HitCount3                 : int  0 5 5 4 4 1 4 8 5 6 ...
 $ Jockey.HitCount4                 : int  0 1 9 4 4 2 7 7 5 5 ...
 $ Jockey.HitCount5                 : int  0 3 5 4 3 2 3 8 4 6 ...
 $ Jockey.HitRate1                  : num  0 0.0175 0.0423 0.0147 0.0678 ...
 $ Jockey.HitRate2                  : num  0 0.0175 0.0282 0.0441 0.0339 ...
 $ Jockey.HitRate3                  : num  0 0.0877 0.0704 0.0588 0.0678 ...
 $ Jockey.HitRate4                  : num  0 0.0175 0.1268 0.0588 0.0678 ...
 $ Jockey.HitRate5                  : num  0 0.0526 0.0704 0.0588 0.0508 ...
 $ EOF                              : int  1 1 1 1 1 1 1 1 1 1 ...
NULL
[1] "2022-02-21 22:13:00 --- transform Finish ---"
[1] "2022-02-21 22:13:00 --- na.omit Start ---"
[1] "--------------------------------------------------------------------------------"
[1] "nrow(data) na.omit before=12491"
[1] "nrow(data) na.omit after =12491"
[1] "nrow(data) na.omit diff =0"
[1] "--------------------------------------------------------------------------------"
'data.frame':	12491 obs. of  39 variables:
 $ Race.RaceId                      : Factor w/ 927 levels "20160313-09-01-06-11",..: 2 2 2 2 2 2 2 2 2 2 ...
 $ Race.IsPredictedRace             : logi  TRUE TRUE TRUE TRUE TRUE TRUE ...
 $ Race.IsAnalyzeNormalPastAndFuture: logi  TRUE TRUE TRUE TRUE TRUE TRUE ...
 $ Race.IsAnalyzeNormalPast         : logi  TRUE TRUE TRUE TRUE TRUE TRUE ...
 $ Race.IsAnalyzeNormalFuture       : logi  FALSE FALSE FALSE FALSE FALSE FALSE ...
 $ Race.IsAnalyzeFullPastAndFuture  : logi  TRUE TRUE TRUE TRUE TRUE TRUE ...
 $ Race.IsAnalyzeFullPast           : logi  TRUE TRUE TRUE TRUE TRUE TRUE ...
 $ Race.IsAnalyzeFullFuture         : logi  FALSE FALSE FALSE FALSE FALSE FALSE ...
 $ Race.JyokenCd                    : Factor w/ 1 level "1": 1 1 1 1 1 1 1 1 1 1 ...
 $ Race.RaceType1Cd                 : Factor w/ 6 levels "1-1-B","1-1-C",..: 2 2 2 2 2 2 2 2 2 2 ...
 $ RaceHorse.RaceId                 : Factor w/ 927 levels "20160313-09-01-06-11",..: 2 2 2 2 2 2 2 2 2 2 ...
 $ RaceHorse.KettoNum               : Factor w/ 3020 levels "2013100315","2013100579",..: 11 12 13 14 15 16 17 18 19 20 ...
 $ RaceHorse.IsHit1                 : int  0 0 1 0 0 0 0 0 0 0 ...
 $ RaceHorse.IsHit2                 : int  0 0 0 0 0 0 0 0 1 0 ...
 $ RaceHorse.IsHit3                 : int  0 0 0 0 0 0 1 0 0 0 ...
 $ RaceHorse.IsHit4                 : int  0 0 0 0 0 0 0 0 0 0 ...
 $ RaceHorse.IsHit5                 : int  0 0 0 0 0 0 0 0 0 0 ...
 $ RaceHorse.IsHit6                 : int  1 1 0 1 1 1 0 1 0 1 ...
 $ RaceHorse.IsValidRaceHorse       : logi  TRUE TRUE TRUE TRUE TRUE TRUE ...
 $ RaceHorse.IsHitA                 : int  0 0 1 0 0 0 0 0 0 0 ...
 $ RaceHorse.IsHitB                 : int  0 0 1 0 0 0 0 0 1 0 ...
 $ RaceHorse.IsHitC                 : int  0 0 1 0 0 0 1 0 1 0 ...
 $ Jockey.KisyuCode                 : Factor w/ 178 levels "01038","00700",..: 11 12 13 14 15 16 17 18 19 20 ...
 $ Jockey.TimeSdvByRaceAvg          : num  0.30625 -0.06226 0.00724 -0.16212 -0.1843 ...
 $ Jockey.TimeSdvByRaceMin          : num  0.306 -2.875 -2.382 -1.926 -2.335 ...
 $ Jockey.TimeSdvByRaceMax          : num  0.306 1.188 1.313 1.361 1.708 ...
 $ Jockey.OrderOfFinishSdvAvg       : num  -0.1802 -0.1802 -0.0304 -0.2599 -0.2574 ...
 $ Jockey.RunCount                  : int  1 57 71 68 59 34 84 102 85 95 ...
 $ Jockey.HitCount1                 : int  0 1 3 1 4 0 6 8 3 13 ...
 $ Jockey.HitCount2                 : int  0 1 2 3 2 0 2 12 9 4 ...
 $ Jockey.HitCount3                 : int  0 5 5 4 4 1 4 8 5 6 ...
 $ Jockey.HitCount4                 : int  0 1 9 4 4 2 7 7 5 5 ...
 $ Jockey.HitCount5                 : int  0 3 5 4 3 2 3 8 4 6 ...
 $ Jockey.HitRate1                  : num  0 0.0175 0.0423 0.0147 0.0678 ...
 $ Jockey.HitRate2                  : num  0 0.0175 0.0282 0.0441 0.0339 ...
 $ Jockey.HitRate3                  : num  0 0.0877 0.0704 0.0588 0.0678 ...
 $ Jockey.HitRate4                  : num  0 0.0175 0.1268 0.0588 0.0678 ...
 $ Jockey.HitRate5                  : num  0 0.0526 0.0704 0.0588 0.0508 ...
 $ EOF                              : int  1 1 1 1 1 1 1 1 1 1 ...
[1] "2022-02-21 22:13:01 --- na.omit Finish ---"
[1] "2022-02-21 22:13:01 --- rxGlm with rxStepControl Start ---"

> print(paste0(Sys.time(), " --- source_logic_glm.R Start ---"))
[1] "2022-02-21 22:13:01 --- source_logic_glm.R Start ---"

> formula <- formula(RaceHorse.IsHitA ~ +1 + Jockey.OrderOfFinishSdvAvg)

> print(paste0(Sys.time(), " --- source_logic_glm.R Finished ---"))
[1] "2022-02-21 22:13:01 --- source_logic_glm.R Finished ---"
Rows Read: 12491, Total Rows Processed: 12491, Total Chunk Time: 0.002 seconds 

Starting values (iteration 1) time: 0.010 secs.
Rows Read: 12491, Total Rows Processed: 12491, Total Chunk Time: 0.002 seconds 

Iteration 2 time: 0.009 secs.
Rows Read: 12491, Total Rows Processed: 12491, Total Chunk Time: Less than .001 seconds 

Iteration 3 time: 0.012 secs.
Rows Read: 12491, Total Rows Processed: 12491, Total Chunk Time: 0.002 seconds 

Iteration 4 time: 0.008 secs.
Rows Read: 12491, Total Rows Processed: 12491, Total Chunk Time: Less than .001 seconds 

Iteration 5 time: 0.011 secs.

Elapsed computation time: 0.102 secs.
Rows Read: 12491, Total Rows Processed: 12491, Total Chunk Time: 0.001 seconds 

Starting values (iteration 1) time: 0.007 secs.
Rows Read: 12491, Total Rows Processed: 12491, Total Chunk Time: 0.002 seconds 

Iteration 2 time: 0.015 secs.

Elapsed computation time: 0.044 secs.
Rows Read: 12491, Total Rows Processed: 12491, Total Chunk Time: Less than .001 seconds 

Starting values (iteration 1) time: 0.008 secs.
Rows Read: 12491, Total Rows Processed: 12491, Total Chunk Time: 0.001 seconds 

Iteration 2 time: 0.012 secs.
Rows Read: 12491, Total Rows Processed: 12491, Total Chunk Time: 0.002 seconds 

Iteration 3 time: 0.007 secs.
Rows Read: 12491, Total Rows Processed: 12491, Total Chunk Time: 0.002 seconds 

Iteration 4 time: 0.007 secs.
Rows Read: 12491, Total Rows Processed: 12491, Total Chunk Time: 0.002 seconds 

Iteration 5 time: 0.008 secs.

Elapsed computation time: 0.097 secs.

Elapsed computation time: 0.277 secs.
[1] "--------------------------------------------------------------------------------"
[1] "analyze.results.glm.step="
Logistic Regression Results for: RaceHorse.IsHitA ~
    Jockey.OrderOfFinishSdvAvg
Data: data
Dependent variable(s): RaceHorse.IsHitA
Total independent variables: 2 
Number of valid observations: 12491
Number of missing observations: 0 
 
Coefficients:
                           RaceHorse.IsHitA
(Intercept)                              -3
Jockey.OrderOfFinishSdvAvg                1
[1] "analyze.results.glm.step.summary"
Call:
rxLogit(formula = formula, data = data, variableSelection = analyze.results.glm.step.varsel)

Logistic Regression Results for: RaceHorse.IsHitA ~
    Jockey.OrderOfFinishSdvAvg
Data: data
Dependent variable(s): RaceHorse.IsHitA
Total independent variables: 2 
Number of valid observations: 12491
Number of missing observations: 0 
-2*LogLikelihood: 6282.228 (Residual deviance on 12489 degrees of freedom)
 
Coefficients:
                           Estimate Std. Error z value Pr(>|z|)    
(Intercept)                 -2.7300     0.0402   -67.9  2.2e-16 ***
Jockey.OrderOfFinishSdvAvg   1.4692     0.0906    16.2  2.2e-16 ***
---
Signif. codes:  0 '***' 0.001 '**' 0.01 '*' 0.05 '.' 0.1 ' ' 1

Condition number of final variance-covariance matrix: 1 
Number of iterations: 5
[1] "--------------------------------------------------------------------------------"
[1] "2022-02-21 22:13:01 --- rxGlm with rxStepControl Finish ---"
[1] "2022-02-21 22:13:01 --- rxStepPlot Start ---"
[1] "pdfFilename=pdf_analyze_glm_Jockey_Type11_rxStepPlot.pdf"
[1] "rxStepPlot="
[1] "2022-02-21 22:13:12 --- rxStepPlot Finish ---"
[1] "2022-02-21 22:13:12 --- save.image Start ---"
[1] "save.image"
[1] "rdataFilename=RData_analyze_glm_Jockey_Type11.RData"
[1] "2022-02-21 22:13:20 --- save.image Finish ---"
[1] "2022-02-21 22:13:20 --- final Start ---"
[1] "--------------------------------------------------------------------------------"
[1] "nrow(data) final=12491"
[1] "--------------------------------------------------------------------------------"
[1] "2022-02-21 22:13:20 --- final Finish ---"
[1] "2022-02-21 22:13:20 --- analyze_glm.R Finished ---"
[1] "2022-02-21 22:13:20 --- log Finish ---"
