[1] "2022-02-21 22:09:45 --- D1115_analyze_glm_Gen02_IsHitA_Type16 Start ---"
[1] "2022-02-21 22:09:45 --- Log Start ---"
[1] "2022-02-21 22:09:45 --- analyze_glm.R Start ---"
[1] "analyzeVersion=D1115"
[1] "analyzeCategory=analyze"
[1] "analyzeType=Gen02"
[1] "analyzeFamily=IsHitA"
[1] "analyzeFunc=glm"
[1] "analyzeTrackTypeCd=1"
[1] "analyzeJyokenCd=6"
[1] "2022-02-21 22:09:45 --- source_function.R Start ---"
[1] "2022-02-21 22:09:45 --- source_function.R Finished ---"

> print(paste0(Sys.time(), " --- source_library.R Start ---"))
[1] "2022-02-21 22:09:45 --- source_library.R Start ---"

> require("RevoScaleR")

> print(paste0(Sys.time(), " --- source_library.R Finished ---"))
[1] "2022-02-21 22:09:51 --- source_library.R Finished ---"
[1] "2022-02-21 22:09:51 --- RxSqlServerData Start ---"
[1] "2022-02-21 22:09:51 --- RxInSqlServer Start ---"
[1] "2022-02-21 22:09:51 --- RxInSqlServer Finish ---"
[1] "2022-02-21 22:09:51 --- rxSetComputeContext Start ---"
[1] "2022-02-21 22:09:51 --- rxSetComputeContext Finish ---"
[1] "2022-02-21 22:09:51 --- RxSqlServerData Start ---"
[1] "sqlQuery=SELECT * FROM ViewAnalyzeD1115analyze01Gen02Type16"
[1] "2022-02-21 22:09:51 --- RxSqlServerData Finish ---"
[1] "2022-02-21 22:09:51 --- rxGetVarInfo Start ---"
[1] "2022-02-21 22:09:51 --- rxGetVarInfo Finish---"
[1] "2022-02-21 22:09:51 --- rxImport Start ---"
Rows Read: 8570, Total Rows Processed: 8570, Total Chunk Time: 127.209 seconds 
[1] "2022-02-21 22:15:16 --- rxImport Finish ---"
[1] "object.size(data) auto=2.7 Mb"
[1] "--------------------------------------------------------------------------------"
[1] "nrow(data) RxSqlServerData=8570"
[1] "--------------------------------------------------------------------------------"
[1] "str(data)="
'data.frame':	8570 obs. of  39 variables:
 $ Race.RaceId                      : Factor w/ 992 levels "20160605-09-03-02-05",..: 1 1 1 1 1 1 2 2 2 2 ...
 $ Race.IsPredictedRace             : logi  TRUE TRUE TRUE TRUE TRUE TRUE ...
 $ Race.IsAnalyzeNormalPastAndFuture: logi  TRUE TRUE TRUE TRUE TRUE TRUE ...
 $ Race.IsAnalyzeNormalPast         : logi  TRUE TRUE TRUE TRUE TRUE TRUE ...
 $ Race.IsAnalyzeNormalFuture       : logi  FALSE FALSE FALSE FALSE FALSE FALSE ...
 $ Race.IsAnalyzeFullPastAndFuture  : logi  TRUE TRUE TRUE TRUE TRUE TRUE ...
 $ Race.IsAnalyzeFullPast           : logi  TRUE TRUE TRUE TRUE TRUE TRUE ...
 $ Race.IsAnalyzeFullFuture         : logi  FALSE FALSE FALSE FALSE FALSE FALSE ...
 $ Race.JyokenCd                    : Factor w/ 1 level "6": 1 1 1 1 1 1 1 1 1 1 ...
 $ Race.RaceType1Cd                 : Factor w/ 1 level "1-6-X": 1 1 1 1 1 1 1 1 1 1 ...
 $ RaceHorse.RaceId                 : Factor w/ 992 levels "20160605-09-03-02-05",..: 1 1 1 1 1 1 2 2 2 2 ...
 $ RaceHorse.KettoNum               : Factor w/ 8559 levels "2014100813","2014100814",..: 1 2 3 4 5 6 7 8 9 10 ...
 $ RaceHorse.IsHit1                 : int  0 0 0 0 0 1 0 0 0 0 ...
 $ RaceHorse.IsHit2                 : int  0 1 0 0 0 0 0 0 0 0 ...
 $ RaceHorse.IsHit3                 : int  0 0 1 0 0 0 0 0 0 0 ...
 $ RaceHorse.IsHit4                 : int  0 0 0 0 0 0 0 0 0 0 ...
 $ RaceHorse.IsHit5                 : int  0 0 0 0 0 0 0 0 0 0 ...
 $ RaceHorse.IsHit6                 : int  1 0 0 1 1 0 1 1 1 1 ...
 $ RaceHorse.IsValidRaceHorse       : logi  TRUE TRUE TRUE TRUE TRUE TRUE ...
 $ RaceHorse.IsHitA                 : int  0 0 0 0 0 1 0 0 0 0 ...
 $ RaceHorse.IsHitB                 : int  0 1 0 0 0 1 0 0 0 0 ...
 $ RaceHorse.IsHitC                 : int  0 1 1 0 0 1 0 0 0 0 ...
 $ Gen02.HansyokuNum                : Factor w/ 4888 levels "12253472","12254195",..: 1 2 3 4 5 6 7 8 9 10 ...
 $ Gen02.TimeSdvByRaceAvg           : num  -0.41 -0.407 0.318 -2.032 0.494 ...
 $ Gen02.TimeSdvByRaceMin           : num  -1.7883 -0.4069 0.0695 -2.0318 -0.6326 ...
 $ Gen02.TimeSdvByRaceMax           : num  0.968 -0.407 0.566 -2.032 1.422 ...
 $ Gen02.OrderOfFinishSdvAvg        : num  -0.3211 -0.5473 0.1314 -1.9048 0.0749 ...
 $ Gen02.RunCount                   : int  2 1 2 1 4 4 2 3 1 1 ...
 $ Gen02.HitCount1                  : int  0 0 0 0 0 0 0 0 0 0 ...
 $ Gen02.HitCount2                  : int  0 0 0 0 1 1 0 1 0 0 ...
 $ Gen02.HitCount3                  : int  1 0 1 0 1 0 0 0 0 1 ...
 $ Gen02.HitCount4                  : int  0 0 0 0 0 1 0 0 0 0 ...
 $ Gen02.HitCount5                  : int  0 0 0 0 0 0 1 0 0 0 ...
 $ Gen02.HitRate1                   : num  0 0 0 0 0 0 0 0 0 0 ...
 $ Gen02.HitRate2                   : num  0 0 0 0 0.25 ...
 $ Gen02.HitRate3                   : num  0.5 0 0.5 0 0.25 0 0 0 0 1 ...
 $ Gen02.HitRate4                   : num  0 0 0 0 0 0.25 0 0 0 0 ...
 $ Gen02.HitRate5                   : num  0 0 0 0 0 0 0.5 0 0 0 ...
 $ EOF                              : int  1 1 1 1 1 1 1 1 1 1 ...
[1] "2022-02-21 22:15:16 --- RxSqlServerData Finish ---"
[1] "2022-02-21 22:15:16 --- subset Start ---"
[1] "--------------------------------------------------------------------------------"
[1] "nrow(data) subset before=8570"
[1] "nrow(data) subset after =8570"
[1] "nrow(data) subset diff =0"
[1] "--------------------------------------------------------------------------------"
[1] "2022-02-21 22:15:16 --- subset Finish---"
[1] "2022-02-21 22:15:16 --- transform Start ---"
[1] "--------------------------------------------------------------------------------"
[1] "nrow(data) transform before=8570"
[1] "nrow(data) transform after=8570"
[1] "nrow(data) transform diff=0"
[1] "--------------------------------------------------------------------------------"
[1] "str(data)="
'data.frame':	8570 obs. of  39 variables:
 $ Race.RaceId                      : Factor w/ 992 levels "20160605-09-03-02-05",..: 1 1 1 1 1 1 2 2 2 2 ...
 $ Race.IsPredictedRace             : logi  TRUE TRUE TRUE TRUE TRUE TRUE ...
 $ Race.IsAnalyzeNormalPastAndFuture: logi  TRUE TRUE TRUE TRUE TRUE TRUE ...
 $ Race.IsAnalyzeNormalPast         : logi  TRUE TRUE TRUE TRUE TRUE TRUE ...
 $ Race.IsAnalyzeNormalFuture       : logi  FALSE FALSE FALSE FALSE FALSE FALSE ...
 $ Race.IsAnalyzeFullPastAndFuture  : logi  TRUE TRUE TRUE TRUE TRUE TRUE ...
 $ Race.IsAnalyzeFullPast           : logi  TRUE TRUE TRUE TRUE TRUE TRUE ...
 $ Race.IsAnalyzeFullFuture         : logi  FALSE FALSE FALSE FALSE FALSE FALSE ...
 $ Race.JyokenCd                    : Factor w/ 1 level "6": 1 1 1 1 1 1 1 1 1 1 ...
 $ Race.RaceType1Cd                 : Factor w/ 1 level "1-6-X": 1 1 1 1 1 1 1 1 1 1 ...
 $ RaceHorse.RaceId                 : Factor w/ 992 levels "20160605-09-03-02-05",..: 1 1 1 1 1 1 2 2 2 2 ...
 $ RaceHorse.KettoNum               : Factor w/ 8559 levels "2014100813","2014100814",..: 1 2 3 4 5 6 7 8 9 10 ...
 $ RaceHorse.IsHit1                 : int  0 0 0 0 0 1 0 0 0 0 ...
 $ RaceHorse.IsHit2                 : int  0 1 0 0 0 0 0 0 0 0 ...
 $ RaceHorse.IsHit3                 : int  0 0 1 0 0 0 0 0 0 0 ...
 $ RaceHorse.IsHit4                 : int  0 0 0 0 0 0 0 0 0 0 ...
 $ RaceHorse.IsHit5                 : int  0 0 0 0 0 0 0 0 0 0 ...
 $ RaceHorse.IsHit6                 : int  1 0 0 1 1 0 1 1 1 1 ...
 $ RaceHorse.IsValidRaceHorse       : logi  TRUE TRUE TRUE TRUE TRUE TRUE ...
 $ RaceHorse.IsHitA                 : int  0 0 0 0 0 1 0 0 0 0 ...
 $ RaceHorse.IsHitB                 : int  0 1 0 0 0 1 0 0 0 0 ...
 $ RaceHorse.IsHitC                 : int  0 1 1 0 0 1 0 0 0 0 ...
 $ Gen02.HansyokuNum                : Factor w/ 4888 levels "12253472","12254195",..: 1 2 3 4 5 6 7 8 9 10 ...
 $ Gen02.TimeSdvByRaceAvg           : num  -0.41 -0.407 0.318 -2.032 0.494 ...
 $ Gen02.TimeSdvByRaceMin           : num  -1.7883 -0.4069 0.0695 -2.0318 -0.6326 ...
 $ Gen02.TimeSdvByRaceMax           : num  0.968 -0.407 0.566 -2.032 1.422 ...
 $ Gen02.OrderOfFinishSdvAvg        : num  -0.3211 -0.5473 0.1314 -1.9048 0.0749 ...
 $ Gen02.RunCount                   : int  2 1 2 1 4 4 2 3 1 1 ...
 $ Gen02.HitCount1                  : int  0 0 0 0 0 0 0 0 0 0 ...
 $ Gen02.HitCount2                  : int  0 0 0 0 1 1 0 1 0 0 ...
 $ Gen02.HitCount3                  : int  1 0 1 0 1 0 0 0 0 1 ...
 $ Gen02.HitCount4                  : int  0 0 0 0 0 1 0 0 0 0 ...
 $ Gen02.HitCount5                  : int  0 0 0 0 0 0 1 0 0 0 ...
 $ Gen02.HitRate1                   : num  0 0 0 0 0 0 0 0 0 0 ...
 $ Gen02.HitRate2                   : num  0 0 0 0 0.25 ...
 $ Gen02.HitRate3                   : num  0.5 0 0.5 0 0.25 0 0 0 0 1 ...
 $ Gen02.HitRate4                   : num  0 0 0 0 0 0.25 0 0 0 0 ...
 $ Gen02.HitRate5                   : num  0 0 0 0 0 0 0.5 0 0 0 ...
 $ EOF                              : int  1 1 1 1 1 1 1 1 1 1 ...
NULL
[1] "2022-02-21 22:15:16 --- transform Finish ---"
[1] "2022-02-21 22:15:16 --- na.omit Start ---"
[1] "--------------------------------------------------------------------------------"
[1] "nrow(data) na.omit before=8570"
[1] "nrow(data) na.omit after =8570"
[1] "nrow(data) na.omit diff =0"
[1] "--------------------------------------------------------------------------------"
'data.frame':	8570 obs. of  39 variables:
 $ Race.RaceId                      : Factor w/ 992 levels "20160605-09-03-02-05",..: 1 1 1 1 1 1 2 2 2 2 ...
 $ Race.IsPredictedRace             : logi  TRUE TRUE TRUE TRUE TRUE TRUE ...
 $ Race.IsAnalyzeNormalPastAndFuture: logi  TRUE TRUE TRUE TRUE TRUE TRUE ...
 $ Race.IsAnalyzeNormalPast         : logi  TRUE TRUE TRUE TRUE TRUE TRUE ...
 $ Race.IsAnalyzeNormalFuture       : logi  FALSE FALSE FALSE FALSE FALSE FALSE ...
 $ Race.IsAnalyzeFullPastAndFuture  : logi  TRUE TRUE TRUE TRUE TRUE TRUE ...
 $ Race.IsAnalyzeFullPast           : logi  TRUE TRUE TRUE TRUE TRUE TRUE ...
 $ Race.IsAnalyzeFullFuture         : logi  FALSE FALSE FALSE FALSE FALSE FALSE ...
 $ Race.JyokenCd                    : Factor w/ 1 level "6": 1 1 1 1 1 1 1 1 1 1 ...
 $ Race.RaceType1Cd                 : Factor w/ 1 level "1-6-X": 1 1 1 1 1 1 1 1 1 1 ...
 $ RaceHorse.RaceId                 : Factor w/ 992 levels "20160605-09-03-02-05",..: 1 1 1 1 1 1 2 2 2 2 ...
 $ RaceHorse.KettoNum               : Factor w/ 8559 levels "2014100813","2014100814",..: 1 2 3 4 5 6 7 8 9 10 ...
 $ RaceHorse.IsHit1                 : int  0 0 0 0 0 1 0 0 0 0 ...
 $ RaceHorse.IsHit2                 : int  0 1 0 0 0 0 0 0 0 0 ...
 $ RaceHorse.IsHit3                 : int  0 0 1 0 0 0 0 0 0 0 ...
 $ RaceHorse.IsHit4                 : int  0 0 0 0 0 0 0 0 0 0 ...
 $ RaceHorse.IsHit5                 : int  0 0 0 0 0 0 0 0 0 0 ...
 $ RaceHorse.IsHit6                 : int  1 0 0 1 1 0 1 1 1 1 ...
 $ RaceHorse.IsValidRaceHorse       : logi  TRUE TRUE TRUE TRUE TRUE TRUE ...
 $ RaceHorse.IsHitA                 : int  0 0 0 0 0 1 0 0 0 0 ...
 $ RaceHorse.IsHitB                 : int  0 1 0 0 0 1 0 0 0 0 ...
 $ RaceHorse.IsHitC                 : int  0 1 1 0 0 1 0 0 0 0 ...
 $ Gen02.HansyokuNum                : Factor w/ 4888 levels "12253472","12254195",..: 1 2 3 4 5 6 7 8 9 10 ...
 $ Gen02.TimeSdvByRaceAvg           : num  -0.41 -0.407 0.318 -2.032 0.494 ...
 $ Gen02.TimeSdvByRaceMin           : num  -1.7883 -0.4069 0.0695 -2.0318 -0.6326 ...
 $ Gen02.TimeSdvByRaceMax           : num  0.968 -0.407 0.566 -2.032 1.422 ...
 $ Gen02.OrderOfFinishSdvAvg        : num  -0.3211 -0.5473 0.1314 -1.9048 0.0749 ...
 $ Gen02.RunCount                   : int  2 1 2 1 4 4 2 3 1 1 ...
 $ Gen02.HitCount1                  : int  0 0 0 0 0 0 0 0 0 0 ...
 $ Gen02.HitCount2                  : int  0 0 0 0 1 1 0 1 0 0 ...
 $ Gen02.HitCount3                  : int  1 0 1 0 1 0 0 0 0 1 ...
 $ Gen02.HitCount4                  : int  0 0 0 0 0 1 0 0 0 0 ...
 $ Gen02.HitCount5                  : int  0 0 0 0 0 0 1 0 0 0 ...
 $ Gen02.HitRate1                   : num  0 0 0 0 0 0 0 0 0 0 ...
 $ Gen02.HitRate2                   : num  0 0 0 0 0.25 ...
 $ Gen02.HitRate3                   : num  0.5 0 0.5 0 0.25 0 0 0 0 1 ...
 $ Gen02.HitRate4                   : num  0 0 0 0 0 0.25 0 0 0 0 ...
 $ Gen02.HitRate5                   : num  0 0 0 0 0 0 0.5 0 0 0 ...
 $ EOF                              : int  1 1 1 1 1 1 1 1 1 1 ...
[1] "2022-02-21 22:15:17 --- na.omit Finish ---"
[1] "2022-02-21 22:15:17 --- rxGlm with rxStepControl Start ---"

> print(paste0(Sys.time(), " --- source_logic_glm.R Start ---"))
[1] "2022-02-21 22:15:17 --- source_logic_glm.R Start ---"

> formula <- formula(RaceHorse.IsHitA ~ +1 + Gen02.OrderOfFinishSdvAvg)

> print(paste0(Sys.time(), " --- source_logic_glm.R Finished ---"))
[1] "2022-02-21 22:15:17 --- source_logic_glm.R Finished ---"
Rows Read: 8570, Total Rows Processed: 8570, Total Chunk Time: 0.001 seconds 

Starting values (iteration 1) time: 0.011 secs.
Rows Read: 8570, Total Rows Processed: 8570, Total Chunk Time: Less than .001 seconds 

Iteration 2 time: 0.007 secs.
Rows Read: 8570, Total Rows Processed: 8570, Total Chunk Time: 0.002 seconds 

Iteration 3 time: 0.004 secs.
Rows Read: 8570, Total Rows Processed: 8570, Total Chunk Time: 0.001 seconds 

Iteration 4 time: 0.004 secs.
Rows Read: 8570, Total Rows Processed: 8570, Total Chunk Time: 0.002 seconds 

Iteration 5 time: 0.005 secs.

Elapsed computation time: 0.053 secs.
Rows Read: 8570, Total Rows Processed: 8570, Total Chunk Time: 0.001 seconds 

Starting values (iteration 1) time: 0.009 secs.
Rows Read: 8570, Total Rows Processed: 8570, Total Chunk Time: Less than .001 seconds 

Iteration 2 time: 0.007 secs.

Elapsed computation time: 0.024 secs.
Rows Read: 8570, Total Rows Processed: 8570, Total Chunk Time: 0.001 seconds 

Starting values (iteration 1) time: 0.009 secs.
Rows Read: 8570, Total Rows Processed: 8570, Total Chunk Time: Less than .001 seconds 

Iteration 2 time: 0.006 secs.
Rows Read: 8570, Total Rows Processed: 8570, Total Chunk Time: Less than .001 seconds 

Iteration 3 time: 0.006 secs.
Rows Read: 8570, Total Rows Processed: 8570, Total Chunk Time: Less than .001 seconds 

Iteration 4 time: 0.005 secs.
Rows Read: 8570, Total Rows Processed: 8570, Total Chunk Time: Less than .001 seconds 

Iteration 5 time: 0.004 secs.

Elapsed computation time: 0.049 secs.

Elapsed computation time: 0.142 secs.
[1] "--------------------------------------------------------------------------------"
[1] "analyze.results.glm.step="
Logistic Regression Results for: RaceHorse.IsHitA ~
    Gen02.OrderOfFinishSdvAvg
Data: data
Dependent variable(s): RaceHorse.IsHitA
Total independent variables: 2 
Number of valid observations: 8570
Number of missing observations: 0 
 
Coefficients:
                          RaceHorse.IsHitA
(Intercept)                           -2.6
Gen02.OrderOfFinishSdvAvg              0.6
[1] "analyze.results.glm.step.summary"
Call:
rxLogit(formula = formula, data = data, variableSelection = analyze.results.glm.step.varsel)

Logistic Regression Results for: RaceHorse.IsHitA ~
    Gen02.OrderOfFinishSdvAvg
Data: data
Dependent variable(s): RaceHorse.IsHitA
Total independent variables: 2 
Number of valid observations: 8570
Number of missing observations: 0 
-2*LogLikelihood: 4650.089 (Residual deviance on 8568 degrees of freedom)
 
Coefficients:
                          Estimate Std. Error z value Pr(>|z|)    
(Intercept)                -2.6144     0.0468   -55.9  2.2e-16 ***
Gen02.OrderOfFinishSdvAvg   0.5804     0.0546    10.6  2.2e-16 ***
---
Signif. codes:  0 '***' 0.001 '**' 0.01 '*' 0.05 '.' 0.1 ' ' 1

Condition number of final variance-covariance matrix: 1 
Number of iterations: 5
[1] "--------------------------------------------------------------------------------"
[1] "2022-02-21 22:15:17 --- rxGlm with rxStepControl Finish ---"
[1] "2022-02-21 22:15:17 --- rxStepPlot Start ---"
[1] "pdfFilename=pdf_analyze_glm_Gen02_Type16_rxStepPlot.pdf"
[1] "rxStepPlot="
[1] "2022-02-21 22:15:40 --- rxStepPlot Finish ---"
[1] "2022-02-21 22:15:40 --- save.image Start ---"
[1] "save.image"
[1] "rdataFilename=RData_analyze_glm_Gen02_Type16.RData"
[1] "2022-02-21 22:15:48 --- save.image Finish ---"
[1] "2022-02-21 22:15:48 --- final Start ---"
[1] "--------------------------------------------------------------------------------"
[1] "nrow(data) final=8570"
[1] "--------------------------------------------------------------------------------"
[1] "2022-02-21 22:15:48 --- final Finish ---"
[1] "2022-02-21 22:15:48 --- analyze_glm.R Finished ---"
[1] "2022-02-21 22:15:48 --- log Finish ---"
