[1] "2022-02-21 22:08:07 --- D1115_analyze_glm_DataMiningTaisen_IsHitA_Type13 Start ---"
[1] "2022-02-21 22:08:07 --- Log Start ---"
[1] "2022-02-21 22:08:07 --- analyze_glm.R Start ---"
[1] "analyzeVersion=D1115"
[1] "analyzeCategory=analyze"
[1] "analyzeType=DataMiningTaisen"
[1] "analyzeFamily=IsHitA"
[1] "analyzeFunc=glm"
[1] "analyzeTrackTypeCd=1"
[1] "analyzeJyokenCd=3"
[1] "2022-02-21 22:08:07 --- source_function.R Start ---"
[1] "2022-02-21 22:08:07 --- source_function.R Finished ---"

> print(paste0(Sys.time(), " --- source_library.R Start ---"))
[1] "2022-02-21 22:08:07 --- source_library.R Start ---"

> require("RevoScaleR")

> print(paste0(Sys.time(), " --- source_library.R Finished ---"))
[1] "2022-02-21 22:08:08 --- source_library.R Finished ---"
[1] "2022-02-21 22:08:08 --- RxSqlServerData Start ---"
[1] "2022-02-21 22:08:08 --- RxInSqlServer Start ---"
[1] "2022-02-21 22:08:08 --- RxInSqlServer Finish ---"
[1] "2022-02-21 22:08:08 --- rxSetComputeContext Start ---"
[1] "2022-02-21 22:08:08 --- rxSetComputeContext Finish ---"
[1] "2022-02-21 22:08:08 --- RxSqlServerData Start ---"
[1] "sqlQuery=SELECT * FROM ViewAnalyzeD1115analyze01DataMiningTaisenType13"
[1] "2022-02-21 22:08:08 --- RxSqlServerData Finish ---"
[1] "2022-02-21 22:08:08 --- rxGetVarInfo Start ---"
[1] "2022-02-21 22:08:08 --- rxGetVarInfo Finish---"
[1] "2022-02-21 22:08:08 --- rxImport Start ---"
Rows Read: 14913, Total Rows Processed: 14913, Total Chunk Time: 0.264 seconds 
[1] "2022-02-21 22:08:09 --- rxImport Finish ---"
[1] "object.size(data) auto=1.8 Mb"
[1] "--------------------------------------------------------------------------------"
[1] "nrow(data) RxSqlServerData=14913"
[1] "--------------------------------------------------------------------------------"
[1] "str(data)="
'data.frame':	14913 obs. of  24 variables:
 $ Race.RaceId                      : Factor w/ 1192 levels "20160105-06-01-01-12",..: 1 1 1 1 1 1 1 1 1 1 ...
 $ Race.IsPredictedRace             : logi  TRUE TRUE TRUE TRUE TRUE TRUE ...
 $ Race.IsAnalyzeNormalPastAndFuture: logi  TRUE TRUE TRUE TRUE TRUE TRUE ...
 $ Race.IsAnalyzeNormalPast         : logi  TRUE TRUE TRUE TRUE TRUE TRUE ...
 $ Race.IsAnalyzeNormalFuture       : logi  FALSE FALSE FALSE FALSE FALSE FALSE ...
 $ Race.IsAnalyzeFullPastAndFuture  : logi  TRUE TRUE TRUE TRUE TRUE TRUE ...
 $ Race.IsAnalyzeFullPast           : logi  TRUE TRUE TRUE TRUE TRUE TRUE ...
 $ Race.IsAnalyzeFullFuture         : logi  FALSE FALSE FALSE FALSE FALSE FALSE ...
 $ Race.JyokenCd                    : Factor w/ 1 level "3": 1 1 1 1 1 1 1 1 1 1 ...
 $ Race.RaceType1Cd                 : Factor w/ 2 levels "1-3-X","1-3-E": 1 1 1 1 1 1 1 1 1 1 ...
 $ RaceHorse.RaceId                 : Factor w/ 1192 levels "20160105-06-01-01-12",..: 1 1 1 1 1 1 1 1 1 1 ...
 $ RaceHorse.KettoNum               : Factor w/ 3012 levels "2011103326","2012100287",..: 1 2 3 4 5 6 7 8 9 10 ...
 $ RaceHorse.IsHit1                 : int  0 0 0 0 0 0 0 1 0 0 ...
 $ RaceHorse.IsHit2                 : int  0 0 1 0 0 0 0 0 0 0 ...
 $ RaceHorse.IsHit3                 : int  0 0 0 0 0 0 1 0 0 0 ...
 $ RaceHorse.IsHit4                 : int  0 0 0 0 0 0 0 0 0 0 ...
 $ RaceHorse.IsHit5                 : int  0 0 0 0 0 0 0 0 0 0 ...
 $ RaceHorse.IsHit6                 : int  1 1 0 1 1 1 0 0 1 1 ...
 $ RaceHorse.IsValidRaceHorse       : logi  TRUE TRUE TRUE TRUE TRUE TRUE ...
 $ RaceHorse.IsHitA                 : int  0 0 0 0 0 0 0 1 0 0 ...
 $ RaceHorse.IsHitB                 : int  0 0 1 0 0 0 0 1 0 0 ...
 $ RaceHorse.IsHitC                 : int  0 0 1 0 0 0 1 1 0 0 ...
 $ DataMiningTaisen.TmScoreSdv      : num  -1.91322 1.48409 0.60028 -0.00766 0.09451 ...
 $ EOF                              : int  1 1 1 1 1 1 1 1 1 1 ...
[1] "2022-02-21 22:08:10 --- RxSqlServerData Finish ---"
[1] "2022-02-21 22:08:10 --- subset Start ---"
[1] "--------------------------------------------------------------------------------"
[1] "nrow(data) subset before=14913"
[1] "nrow(data) subset after =14913"
[1] "nrow(data) subset diff =0"
[1] "--------------------------------------------------------------------------------"
[1] "2022-02-21 22:08:10 --- subset Finish---"
[1] "2022-02-21 22:08:10 --- transform Start ---"
[1] "--------------------------------------------------------------------------------"
[1] "nrow(data) transform before=14913"
[1] "nrow(data) transform after=14913"
[1] "nrow(data) transform diff=0"
[1] "--------------------------------------------------------------------------------"
[1] "str(data)="
'data.frame':	14913 obs. of  24 variables:
 $ Race.RaceId                      : Factor w/ 1192 levels "20160105-06-01-01-12",..: 1 1 1 1 1 1 1 1 1 1 ...
 $ Race.IsPredictedRace             : logi  TRUE TRUE TRUE TRUE TRUE TRUE ...
 $ Race.IsAnalyzeNormalPastAndFuture: logi  TRUE TRUE TRUE TRUE TRUE TRUE ...
 $ Race.IsAnalyzeNormalPast         : logi  TRUE TRUE TRUE TRUE TRUE TRUE ...
 $ Race.IsAnalyzeNormalFuture       : logi  FALSE FALSE FALSE FALSE FALSE FALSE ...
 $ Race.IsAnalyzeFullPastAndFuture  : logi  TRUE TRUE TRUE TRUE TRUE TRUE ...
 $ Race.IsAnalyzeFullPast           : logi  TRUE TRUE TRUE TRUE TRUE TRUE ...
 $ Race.IsAnalyzeFullFuture         : logi  FALSE FALSE FALSE FALSE FALSE FALSE ...
 $ Race.JyokenCd                    : Factor w/ 1 level "3": 1 1 1 1 1 1 1 1 1 1 ...
 $ Race.RaceType1Cd                 : Factor w/ 2 levels "1-3-X","1-3-E": 1 1 1 1 1 1 1 1 1 1 ...
 $ RaceHorse.RaceId                 : Factor w/ 1192 levels "20160105-06-01-01-12",..: 1 1 1 1 1 1 1 1 1 1 ...
 $ RaceHorse.KettoNum               : Factor w/ 3012 levels "2011103326","2012100287",..: 1 2 3 4 5 6 7 8 9 10 ...
 $ RaceHorse.IsHit1                 : int  0 0 0 0 0 0 0 1 0 0 ...
 $ RaceHorse.IsHit2                 : int  0 0 1 0 0 0 0 0 0 0 ...
 $ RaceHorse.IsHit3                 : int  0 0 0 0 0 0 1 0 0 0 ...
 $ RaceHorse.IsHit4                 : int  0 0 0 0 0 0 0 0 0 0 ...
 $ RaceHorse.IsHit5                 : int  0 0 0 0 0 0 0 0 0 0 ...
 $ RaceHorse.IsHit6                 : int  1 1 0 1 1 1 0 0 1 1 ...
 $ RaceHorse.IsValidRaceHorse       : logi  TRUE TRUE TRUE TRUE TRUE TRUE ...
 $ RaceHorse.IsHitA                 : int  0 0 0 0 0 0 0 1 0 0 ...
 $ RaceHorse.IsHitB                 : int  0 0 1 0 0 0 0 1 0 0 ...
 $ RaceHorse.IsHitC                 : int  0 0 1 0 0 0 1 1 0 0 ...
 $ DataMiningTaisen.TmScoreSdv      : num  -1.91322 1.48409 0.60028 -0.00766 0.09451 ...
 $ EOF                              : int  1 1 1 1 1 1 1 1 1 1 ...
NULL
[1] "2022-02-21 22:08:10 --- transform Finish ---"
[1] "2022-02-21 22:08:10 --- na.omit Start ---"
[1] "--------------------------------------------------------------------------------"
[1] "nrow(data) na.omit before=14913"
[1] "nrow(data) na.omit after =14913"
[1] "nrow(data) na.omit diff =0"
[1] "--------------------------------------------------------------------------------"
'data.frame':	14913 obs. of  24 variables:
 $ Race.RaceId                      : Factor w/ 1192 levels "20160105-06-01-01-12",..: 1 1 1 1 1 1 1 1 1 1 ...
 $ Race.IsPredictedRace             : logi  TRUE TRUE TRUE TRUE TRUE TRUE ...
 $ Race.IsAnalyzeNormalPastAndFuture: logi  TRUE TRUE TRUE TRUE TRUE TRUE ...
 $ Race.IsAnalyzeNormalPast         : logi  TRUE TRUE TRUE TRUE TRUE TRUE ...
 $ Race.IsAnalyzeNormalFuture       : logi  FALSE FALSE FALSE FALSE FALSE FALSE ...
 $ Race.IsAnalyzeFullPastAndFuture  : logi  TRUE TRUE TRUE TRUE TRUE TRUE ...
 $ Race.IsAnalyzeFullPast           : logi  TRUE TRUE TRUE TRUE TRUE TRUE ...
 $ Race.IsAnalyzeFullFuture         : logi  FALSE FALSE FALSE FALSE FALSE FALSE ...
 $ Race.JyokenCd                    : Factor w/ 1 level "3": 1 1 1 1 1 1 1 1 1 1 ...
 $ Race.RaceType1Cd                 : Factor w/ 2 levels "1-3-X","1-3-E": 1 1 1 1 1 1 1 1 1 1 ...
 $ RaceHorse.RaceId                 : Factor w/ 1192 levels "20160105-06-01-01-12",..: 1 1 1 1 1 1 1 1 1 1 ...
 $ RaceHorse.KettoNum               : Factor w/ 3012 levels "2011103326","2012100287",..: 1 2 3 4 5 6 7 8 9 10 ...
 $ RaceHorse.IsHit1                 : int  0 0 0 0 0 0 0 1 0 0 ...
 $ RaceHorse.IsHit2                 : int  0 0 1 0 0 0 0 0 0 0 ...
 $ RaceHorse.IsHit3                 : int  0 0 0 0 0 0 1 0 0 0 ...
 $ RaceHorse.IsHit4                 : int  0 0 0 0 0 0 0 0 0 0 ...
 $ RaceHorse.IsHit5                 : int  0 0 0 0 0 0 0 0 0 0 ...
 $ RaceHorse.IsHit6                 : int  1 1 0 1 1 1 0 0 1 1 ...
 $ RaceHorse.IsValidRaceHorse       : logi  TRUE TRUE TRUE TRUE TRUE TRUE ...
 $ RaceHorse.IsHitA                 : int  0 0 0 0 0 0 0 1 0 0 ...
 $ RaceHorse.IsHitB                 : int  0 0 1 0 0 0 0 1 0 0 ...
 $ RaceHorse.IsHitC                 : int  0 0 1 0 0 0 1 1 0 0 ...
 $ DataMiningTaisen.TmScoreSdv      : num  -1.91322 1.48409 0.60028 -0.00766 0.09451 ...
 $ EOF                              : int  1 1 1 1 1 1 1 1 1 1 ...
[1] "2022-02-21 22:08:11 --- na.omit Finish ---"
[1] "2022-02-21 22:08:11 --- rxGlm with rxStepControl Start ---"

> print(paste0(Sys.time(), " --- source_logic_glm.R Start ---"))
[1] "2022-02-21 22:08:11 --- source_logic_glm.R Start ---"

> formula <- formula(RaceHorse.IsHitA ~ +1 + DataMiningTaisen.TmScoreSdv)

> print(paste0(Sys.time(), " --- source_logic_glm.R Finished ---"))
[1] "2022-02-21 22:08:11 --- source_logic_glm.R Finished ---"
Rows Read: 14913, Total Rows Processed: 14913, Total Chunk Time: Less than .001 seconds 

Starting values (iteration 1) time: 0.008 secs.
Rows Read: 14913, Total Rows Processed: 14913, Total Chunk Time: 0.002 seconds 

Iteration 2 time: 0.013 secs.
Rows Read: 14913, Total Rows Processed: 14913, Total Chunk Time: Less than .001 seconds 

Iteration 3 time: 0.012 secs.
Rows Read: 14913, Total Rows Processed: 14913, Total Chunk Time: Less than .001 seconds 

Iteration 4 time: 0.011 secs.
Rows Read: 14913, Total Rows Processed: 14913, Total Chunk Time: 0.002 seconds 

Iteration 5 time: 0.007 secs.

Elapsed computation time: 0.105 secs.
Rows Read: 14913, Total Rows Processed: 14913, Total Chunk Time: Less than .001 seconds 

Starting values (iteration 1) time: 0.004 secs.
Rows Read: 14913, Total Rows Processed: 14913, Total Chunk Time: Less than .001 seconds 

Iteration 2 time: 0.010 secs.

Elapsed computation time: 0.038 secs.
Rows Read: 14913, Total Rows Processed: 14913, Total Chunk Time: Less than .001 seconds 

Starting values (iteration 1) time: 0.008 secs.
Rows Read: 14913, Total Rows Processed: 14913, Total Chunk Time: 0.002 seconds 

Iteration 2 time: 0.009 secs.
Rows Read: 14913, Total Rows Processed: 14913, Total Chunk Time: Less than .001 seconds 

Iteration 3 time: 0.010 secs.
Rows Read: 14913, Total Rows Processed: 14913, Total Chunk Time: 0.002 seconds 

Iteration 4 time: 0.005 secs.
Rows Read: 14913, Total Rows Processed: 14913, Total Chunk Time: 0.002 seconds 

Iteration 5 time: 0.008 secs.

Elapsed computation time: 0.097 secs.

Elapsed computation time: 0.278 secs.
[1] "--------------------------------------------------------------------------------"
[1] "analyze.results.glm.step="
Logistic Regression Results for: RaceHorse.IsHitA ~
    DataMiningTaisen.TmScoreSdv
Data: data
Dependent variable(s): RaceHorse.IsHitA
Total independent variables: 2 
Number of valid observations: 14913
Number of missing observations: 0 
 
Coefficients:
                            RaceHorse.IsHitA
(Intercept)                             -2.8
DataMiningTaisen.TmScoreSdv              0.9
[1] "analyze.results.glm.step.summary"
Call:
rxLogit(formula = formula, data = data, variableSelection = analyze.results.glm.step.varsel)

Logistic Regression Results for: RaceHorse.IsHitA ~
    DataMiningTaisen.TmScoreSdv
Data: data
Dependent variable(s): RaceHorse.IsHitA
Total independent variables: 2 
Number of valid observations: 14913
Number of missing observations: 0 
-2*LogLikelihood: 7554.052 (Residual deviance on 14911 degrees of freedom)
 
Coefficients:
                            Estimate Std. Error z value Pr(>|z|)    
(Intercept)                  -2.7832     0.0401   -69.3  2.2e-16 ***
DataMiningTaisen.TmScoreSdv   0.9449     0.0379    24.9  2.2e-16 ***
---
Signif. codes:  0 '***' 0.001 '**' 0.01 '*' 0.05 '.' 0.1 ' ' 1

Condition number of final variance-covariance matrix: 1 
Number of iterations: 5
[1] "--------------------------------------------------------------------------------"
[1] "2022-02-21 22:08:11 --- rxGlm with rxStepControl Finish ---"
[1] "2022-02-21 22:08:11 --- rxStepPlot Start ---"
[1] "pdfFilename=pdf_analyze_glm_DataMiningTaisen_Type13_rxStepPlot.pdf"
[1] "rxStepPlot="
[1] "2022-02-21 22:08:11 --- rxStepPlot Finish ---"
[1] "2022-02-21 22:08:11 --- save.image Start ---"
[1] "save.image"
[1] "rdataFilename=RData_analyze_glm_DataMiningTaisen_Type13.RData"
[1] "2022-02-21 22:08:11 --- save.image Finish ---"
[1] "2022-02-21 22:08:11 --- final Start ---"
[1] "--------------------------------------------------------------------------------"
[1] "nrow(data) final=14913"
[1] "--------------------------------------------------------------------------------"
[1] "2022-02-21 22:08:11 --- final Finish ---"
[1] "2022-02-21 22:08:11 --- analyze_glm.R Finished ---"
[1] "2022-02-21 22:08:11 --- log Finish ---"
