[1] "2022-02-21 22:16:50 --- D1115_analyze_glm_Odds_IsHitA_Type22 Start ---"
[1] "2022-02-21 22:16:50 --- Log Start ---"
[1] "2022-02-21 22:16:50 --- analyze_glm.R Start ---"
[1] "analyzeVersion=D1115"
[1] "analyzeCategory=analyze"
[1] "analyzeType=Odds"
[1] "analyzeFamily=IsHitA"
[1] "analyzeFunc=glm"
[1] "analyzeTrackTypeCd=2"
[1] "analyzeJyokenCd=2"
[1] "2022-02-21 22:16:50 --- source_function.R Start ---"
[1] "2022-02-21 22:16:50 --- source_function.R Finished ---"

> print(paste0(Sys.time(), " --- source_library.R Start ---"))
[1] "2022-02-21 22:16:50 --- source_library.R Start ---"

> require("RevoScaleR")

> print(paste0(Sys.time(), " --- source_library.R Finished ---"))
[1] "2022-02-21 22:16:51 --- source_library.R Finished ---"
[1] "2022-02-21 22:16:51 --- RxSqlServerData Start ---"
[1] "2022-02-21 22:16:51 --- RxInSqlServer Start ---"
[1] "2022-02-21 22:16:51 --- RxInSqlServer Finish ---"
[1] "2022-02-21 22:16:51 --- rxSetComputeContext Start ---"
[1] "2022-02-21 22:16:51 --- rxSetComputeContext Finish ---"
[1] "2022-02-21 22:16:51 --- RxSqlServerData Start ---"
[1] "sqlQuery=SELECT * FROM ViewAnalyzeD1115analyze01OddsType22"
[1] "2022-02-21 22:16:51 --- RxSqlServerData Finish ---"
[1] "2022-02-21 22:16:51 --- rxGetVarInfo Start ---"
[1] "2022-02-21 22:16:51 --- rxGetVarInfo Finish---"
[1] "2022-02-21 22:16:51 --- rxImport Start ---"
Rows Read: 5791, Total Rows Processed: 5791, Total Chunk Time: 0.121 seconds 
[1] "2022-02-21 22:17:27 --- rxImport Finish ---"
[1] "object.size(data) auto=997.1 Kb"
[1] "--------------------------------------------------------------------------------"
[1] "nrow(data) RxSqlServerData=5791"
[1] "--------------------------------------------------------------------------------"
[1] "str(data)="
'data.frame':	5791 obs. of  30 variables:
 $ Race.RaceId                      : Factor w/ 399 levels "20160130-08-02-01-11",..: 2 2 2 2 2 2 2 2 2 2 ...
 $ Race.IsPredictedRace             : logi  TRUE TRUE TRUE TRUE TRUE TRUE ...
 $ Race.IsAnalyzeNormalPastAndFuture: logi  TRUE TRUE TRUE TRUE TRUE TRUE ...
 $ Race.IsAnalyzeNormalPast         : logi  TRUE TRUE TRUE TRUE TRUE TRUE ...
 $ Race.IsAnalyzeNormalFuture       : logi  FALSE FALSE FALSE FALSE FALSE FALSE ...
 $ Race.IsAnalyzeFullPastAndFuture  : logi  TRUE TRUE TRUE TRUE TRUE TRUE ...
 $ Race.IsAnalyzeFullPast           : logi  TRUE TRUE TRUE TRUE TRUE TRUE ...
 $ Race.IsAnalyzeFullFuture         : logi  FALSE FALSE FALSE FALSE FALSE FALSE ...
 $ Race.JyokenCd                    : Factor w/ 1 level "2": 1 1 1 1 1 1 1 1 1 1 ...
 $ Race.RaceType1Cd                 : Factor w/ 1 level "2-2-E": 1 1 1 1 1 1 1 1 1 1 ...
 $ RaceHorse.RaceId                 : Factor w/ 399 levels "20160130-08-02-01-11",..: 2 2 2 2 2 2 2 2 2 2 ...
 $ RaceHorse.KettoNum               : Factor w/ 1205 levels "2009104414","2009105834",..: 11 12 13 14 15 16 17 18 19 20 ...
 $ RaceHorse.IsHit1                 : int  0 0 0 0 0 0 0 0 0 0 ...
 $ RaceHorse.IsHit2                 : int  0 0 0 0 0 0 1 0 0 0 ...
 $ RaceHorse.IsHit3                 : int  0 0 0 0 1 0 0 0 0 0 ...
 $ RaceHorse.IsHit4                 : int  0 0 0 0 0 0 0 1 0 0 ...
 $ RaceHorse.IsHit5                 : int  0 0 0 0 0 0 0 0 0 0 ...
 $ RaceHorse.IsHit6                 : int  1 1 1 1 0 1 0 0 1 1 ...
 $ RaceHorse.IsValidRaceHorse       : logi  TRUE TRUE TRUE TRUE TRUE TRUE ...
 $ RaceHorse.IsHitA                 : int  0 0 0 0 0 0 0 0 0 0 ...
 $ RaceHorse.IsHitB                 : int  0 0 0 0 0 0 1 0 0 0 ...
 $ RaceHorse.IsHitC                 : int  0 0 0 0 1 0 1 0 0 0 ...
 $ OddsByWin.Odds1                  : num  39.7 46.8 130.8 47.2 2.3 ...
 $ OddsByWin.Ninki                  : num  9 10 14 11 1 8 2 7 6 4 ...
 $ OddsByWin.OddsLog1               : num  3.71 3.87 4.88 3.88 1.19 ...
 $ OddsByWin.OddsRatio1             : num  0.0258 0.0218 0.0077 0.0216 0.7692 ...
 $ OddsByWin.OddsLogit1             : num  -3.681 -3.846 -4.874 -3.854 -0.833 ...
 $ OddsByWin.ApprovalRate1          : num  0.02519 0.02137 0.00765 0.02119 0.43478 ...
 $ OddsByWin.ApprovalRateLog1       : num  0.02488 0.02114 0.00762 0.02097 0.36101 ...
 $ EOF                              : int  1 1 1 1 1 1 1 1 1 1 ...
[1] "2022-02-21 22:17:28 --- RxSqlServerData Finish ---"
[1] "2022-02-21 22:17:28 --- subset Start ---"
[1] "--------------------------------------------------------------------------------"
[1] "nrow(data) subset before=5791"
[1] "nrow(data) subset after =5791"
[1] "nrow(data) subset diff =0"
[1] "--------------------------------------------------------------------------------"
[1] "2022-02-21 22:17:28 --- subset Finish---"
[1] "2022-02-21 22:17:28 --- transform Start ---"
[1] "--------------------------------------------------------------------------------"
[1] "nrow(data) transform before=5791"
[1] "nrow(data) transform after=5791"
[1] "nrow(data) transform diff=0"
[1] "--------------------------------------------------------------------------------"
[1] "str(data)="
'data.frame':	5791 obs. of  30 variables:
 $ Race.RaceId                      : Factor w/ 399 levels "20160130-08-02-01-11",..: 2 2 2 2 2 2 2 2 2 2 ...
 $ Race.IsPredictedRace             : logi  TRUE TRUE TRUE TRUE TRUE TRUE ...
 $ Race.IsAnalyzeNormalPastAndFuture: logi  TRUE TRUE TRUE TRUE TRUE TRUE ...
 $ Race.IsAnalyzeNormalPast         : logi  TRUE TRUE TRUE TRUE TRUE TRUE ...
 $ Race.IsAnalyzeNormalFuture       : logi  FALSE FALSE FALSE FALSE FALSE FALSE ...
 $ Race.IsAnalyzeFullPastAndFuture  : logi  TRUE TRUE TRUE TRUE TRUE TRUE ...
 $ Race.IsAnalyzeFullPast           : logi  TRUE TRUE TRUE TRUE TRUE TRUE ...
 $ Race.IsAnalyzeFullFuture         : logi  FALSE FALSE FALSE FALSE FALSE FALSE ...
 $ Race.JyokenCd                    : Factor w/ 1 level "2": 1 1 1 1 1 1 1 1 1 1 ...
 $ Race.RaceType1Cd                 : Factor w/ 1 level "2-2-E": 1 1 1 1 1 1 1 1 1 1 ...
 $ RaceHorse.RaceId                 : Factor w/ 399 levels "20160130-08-02-01-11",..: 2 2 2 2 2 2 2 2 2 2 ...
 $ RaceHorse.KettoNum               : Factor w/ 1205 levels "2009104414","2009105834",..: 11 12 13 14 15 16 17 18 19 20 ...
 $ RaceHorse.IsHit1                 : int  0 0 0 0 0 0 0 0 0 0 ...
 $ RaceHorse.IsHit2                 : int  0 0 0 0 0 0 1 0 0 0 ...
 $ RaceHorse.IsHit3                 : int  0 0 0 0 1 0 0 0 0 0 ...
 $ RaceHorse.IsHit4                 : int  0 0 0 0 0 0 0 1 0 0 ...
 $ RaceHorse.IsHit5                 : int  0 0 0 0 0 0 0 0 0 0 ...
 $ RaceHorse.IsHit6                 : int  1 1 1 1 0 1 0 0 1 1 ...
 $ RaceHorse.IsValidRaceHorse       : logi  TRUE TRUE TRUE TRUE TRUE TRUE ...
 $ RaceHorse.IsHitA                 : int  0 0 0 0 0 0 0 0 0 0 ...
 $ RaceHorse.IsHitB                 : int  0 0 0 0 0 0 1 0 0 0 ...
 $ RaceHorse.IsHitC                 : int  0 0 0 0 1 0 1 0 0 0 ...
 $ OddsByWin.Odds1                  : num  39.7 46.8 130.8 47.2 2.3 ...
 $ OddsByWin.Ninki                  : num  9 10 14 11 1 8 2 7 6 4 ...
 $ OddsByWin.OddsLog1               : num  3.71 3.87 4.88 3.88 1.19 ...
 $ OddsByWin.OddsRatio1             : num  0.0258 0.0218 0.0077 0.0216 0.7692 ...
 $ OddsByWin.OddsLogit1             : num  -3.681 -3.846 -4.874 -3.854 -0.833 ...
 $ OddsByWin.ApprovalRate1          : num  0.02519 0.02137 0.00765 0.02119 0.43478 ...
 $ OddsByWin.ApprovalRateLog1       : num  0.02488 0.02114 0.00762 0.02097 0.36101 ...
 $ EOF                              : int  1 1 1 1 1 1 1 1 1 1 ...
NULL
[1] "2022-02-21 22:17:29 --- transform Finish ---"
[1] "2022-02-21 22:17:29 --- na.omit Start ---"
[1] "--------------------------------------------------------------------------------"
[1] "nrow(data) na.omit before=5791"
[1] "nrow(data) na.omit after =5767"
[1] "nrow(data) na.omit diff =24"
[1] "--------------------------------------------------------------------------------"
'data.frame':	5767 obs. of  30 variables:
 $ Race.RaceId                      : Factor w/ 399 levels "20160130-08-02-01-11",..: 2 2 2 2 2 2 2 2 2 2 ...
 $ Race.IsPredictedRace             : logi  TRUE TRUE TRUE TRUE TRUE TRUE ...
 $ Race.IsAnalyzeNormalPastAndFuture: logi  TRUE TRUE TRUE TRUE TRUE TRUE ...
 $ Race.IsAnalyzeNormalPast         : logi  TRUE TRUE TRUE TRUE TRUE TRUE ...
 $ Race.IsAnalyzeNormalFuture       : logi  FALSE FALSE FALSE FALSE FALSE FALSE ...
 $ Race.IsAnalyzeFullPastAndFuture  : logi  TRUE TRUE TRUE TRUE TRUE TRUE ...
 $ Race.IsAnalyzeFullPast           : logi  TRUE TRUE TRUE TRUE TRUE TRUE ...
 $ Race.IsAnalyzeFullFuture         : logi  FALSE FALSE FALSE FALSE FALSE FALSE ...
 $ Race.JyokenCd                    : Factor w/ 1 level "2": 1 1 1 1 1 1 1 1 1 1 ...
 $ Race.RaceType1Cd                 : Factor w/ 1 level "2-2-E": 1 1 1 1 1 1 1 1 1 1 ...
 $ RaceHorse.RaceId                 : Factor w/ 399 levels "20160130-08-02-01-11",..: 2 2 2 2 2 2 2 2 2 2 ...
 $ RaceHorse.KettoNum               : Factor w/ 1205 levels "2009104414","2009105834",..: 11 12 13 14 15 16 17 18 19 20 ...
 $ RaceHorse.IsHit1                 : int  0 0 0 0 0 0 0 0 0 0 ...
 $ RaceHorse.IsHit2                 : int  0 0 0 0 0 0 1 0 0 0 ...
 $ RaceHorse.IsHit3                 : int  0 0 0 0 1 0 0 0 0 0 ...
 $ RaceHorse.IsHit4                 : int  0 0 0 0 0 0 0 1 0 0 ...
 $ RaceHorse.IsHit5                 : int  0 0 0 0 0 0 0 0 0 0 ...
 $ RaceHorse.IsHit6                 : int  1 1 1 1 0 1 0 0 1 1 ...
 $ RaceHorse.IsValidRaceHorse       : logi  TRUE TRUE TRUE TRUE TRUE TRUE ...
 $ RaceHorse.IsHitA                 : int  0 0 0 0 0 0 0 0 0 0 ...
 $ RaceHorse.IsHitB                 : int  0 0 0 0 0 0 1 0 0 0 ...
 $ RaceHorse.IsHitC                 : int  0 0 0 0 1 0 1 0 0 0 ...
 $ OddsByWin.Odds1                  : num  39.7 46.8 130.8 47.2 2.3 ...
 $ OddsByWin.Ninki                  : num  9 10 14 11 1 8 2 7 6 4 ...
 $ OddsByWin.OddsLog1               : num  3.71 3.87 4.88 3.88 1.19 ...
 $ OddsByWin.OddsRatio1             : num  0.0258 0.0218 0.0077 0.0216 0.7692 ...
 $ OddsByWin.OddsLogit1             : num  -3.681 -3.846 -4.874 -3.854 -0.833 ...
 $ OddsByWin.ApprovalRate1          : num  0.02519 0.02137 0.00765 0.02119 0.43478 ...
 $ OddsByWin.ApprovalRateLog1       : num  0.02488 0.02114 0.00762 0.02097 0.36101 ...
 $ EOF                              : int  1 1 1 1 1 1 1 1 1 1 ...
 - attr(*, "na.action")= 'omit' Named int  163 592 757 787 990 1044 1214 1468 1798 2369 ...
  ..- attr(*, "names")= chr  "163" "592" "757" "787" ...
[1] "2022-02-21 22:17:30 --- na.omit Finish ---"
[1] "2022-02-21 22:17:30 --- rxGlm with rxStepControl Start ---"

> print(paste0(Sys.time(), " --- source_logic_glm.R Start ---"))
[1] "2022-02-21 22:17:30 --- source_logic_glm.R Start ---"

> formula <- formula(RaceHorse.IsHitA ~ +1 + OddsByWin.OddsLogit1)

> print(paste0(Sys.time(), " --- source_logic_glm.R Finished ---"))
[1] "2022-02-21 22:17:30 --- source_logic_glm.R Finished ---"
Rows Read: 5767, Total Rows Processed: 5767, Total Chunk Time: 0.001 seconds 

Starting values (iteration 1) time: 0.028 secs.
Rows Read: 5767, Total Rows Processed: 5767, Total Chunk Time: 0.002 seconds 

Iteration 2 time: 0.011 secs.
Rows Read: 5767, Total Rows Processed: 5767, Total Chunk Time: 0.001 seconds 

Iteration 3 time: 0.017 secs.
Rows Read: 5767, Total Rows Processed: 5767, Total Chunk Time: 0.002 seconds 

Iteration 4 time: 0.011 secs.
Rows Read: 5767, Total Rows Processed: 5767, Total Chunk Time: Less than .001 seconds 

Iteration 5 time: 0.011 secs.
Rows Read: 5767, Total Rows Processed: 5767, Total Chunk Time: 0.002 seconds 

Iteration 6 time: 0.013 secs.

Elapsed computation time: 0.192 secs.
Rows Read: 5767, Total Rows Processed: 5767, Total Chunk Time: Less than .001 seconds 

Starting values (iteration 1) time: 0.020 secs.
Rows Read: 5767, Total Rows Processed: 5767, Total Chunk Time: Less than .001 seconds 

Iteration 2 time: 0.027 secs.

Elapsed computation time: 0.075 secs.
Rows Read: 5767, Total Rows Processed: 5767, Total Chunk Time: Less than .001 seconds 

Starting values (iteration 1) time: 0.015 secs.
Rows Read: 5767, Total Rows Processed: 5767, Total Chunk Time: 0.002 seconds 

Iteration 2 time: 0.017 secs.
Rows Read: 5767, Total Rows Processed: 5767, Total Chunk Time: 0.001 seconds 

Iteration 3 time: 0.021 secs.
Rows Read: 5767, Total Rows Processed: 5767, Total Chunk Time: 0.001 seconds 

Iteration 4 time: 0.009 secs.
Rows Read: 5767, Total Rows Processed: 5767, Total Chunk Time: 0.001 seconds 

Iteration 5 time: 0.014 secs.
Rows Read: 5767, Total Rows Processed: 5767, Total Chunk Time: 0.001 seconds 

Iteration 6 time: 0.022 secs.

Elapsed computation time: 0.194 secs.

Elapsed computation time: 0.509 secs.
[1] "--------------------------------------------------------------------------------"
[1] "analyze.results.glm.step="
Logistic Regression Results for: RaceHorse.IsHitA ~
    OddsByWin.OddsLogit1
Data: data
Dependent variable(s): RaceHorse.IsHitA
Total independent variables: 2 
Number of valid observations: 5767
Number of missing observations: 0 
 
Coefficients:
                     RaceHorse.IsHitA
(Intercept)                       0.3
OddsByWin.OddsLogit1              1.2
[1] "analyze.results.glm.step.summary"
Call:
rxLogit(formula = formula, data = data, variableSelection = analyze.results.glm.step.varsel)

Logistic Regression Results for: RaceHorse.IsHitA ~
    OddsByWin.OddsLogit1
Data: data
Dependent variable(s): RaceHorse.IsHitA
Total independent variables: 2 
Number of valid observations: 5767
Number of missing observations: 0 
-2*LogLikelihood: 2362.667 (Residual deviance on 5765 degrees of freedom)
 
Coefficients:
                     Estimate Std. Error z value Pr(>|z|)    
(Intercept)            0.3121     0.1306    2.39    0.017 *  
OddsByWin.OddsLogit1   1.1827     0.0612   19.32  2.2e-16 ***
---
Signif. codes:  0 '***' 0.001 '**' 0.01 '*' 0.05 '.' 0.1 ' ' 1

Condition number of final variance-covariance matrix: 1 
Number of iterations: 6
[1] "--------------------------------------------------------------------------------"
[1] "2022-02-21 22:17:31 --- rxGlm with rxStepControl Finish ---"
[1] "2022-02-21 22:17:31 --- rxStepPlot Start ---"
[1] "pdfFilename=pdf_analyze_glm_Odds_Type22_rxStepPlot.pdf"
[1] "rxStepPlot="
[1] "2022-02-21 22:17:31 --- rxStepPlot Finish ---"
[1] "2022-02-21 22:17:31 --- save.image Start ---"
[1] "save.image"
[1] "rdataFilename=RData_analyze_glm_Odds_Type22.RData"
[1] "2022-02-21 22:17:32 --- save.image Finish ---"
[1] "2022-02-21 22:17:32 --- final Start ---"
[1] "--------------------------------------------------------------------------------"
[1] "nrow(data) final=5767"
[1] "--------------------------------------------------------------------------------"
[1] "2022-02-21 22:17:32 --- final Finish ---"
[1] "2022-02-21 22:17:32 --- analyze_glm.R Finished ---"
[1] "2022-02-21 22:17:32 --- log Finish ---"
