[1] "2022-02-21 22:16:51 --- D1115_analyze_glm_Odds_IsHitA_Type25 Start ---"
[1] "2022-02-21 22:16:51 --- Log Start ---"
[1] "2022-02-21 22:16:51 --- analyze_glm.R Start ---"
[1] "analyzeVersion=D1115"
[1] "analyzeCategory=analyze"
[1] "analyzeType=Odds"
[1] "analyzeFamily=IsHitA"
[1] "analyzeFunc=glm"
[1] "analyzeTrackTypeCd=2"
[1] "analyzeJyokenCd=5"
[1] "2022-02-21 22:16:51 --- source_function.R Start ---"
[1] "2022-02-21 22:16:51 --- source_function.R Finished ---"

> print(paste0(Sys.time(), " --- source_library.R Start ---"))
[1] "2022-02-21 22:16:51 --- source_library.R Start ---"

> require("RevoScaleR")

> print(paste0(Sys.time(), " --- source_library.R Finished ---"))
[1] "2022-02-21 22:16:52 --- source_library.R Finished ---"
[1] "2022-02-21 22:16:52 --- RxSqlServerData Start ---"
[1] "2022-02-21 22:16:52 --- RxInSqlServer Start ---"
[1] "2022-02-21 22:16:52 --- RxInSqlServer Finish ---"
[1] "2022-02-21 22:16:52 --- rxSetComputeContext Start ---"
[1] "2022-02-21 22:16:52 --- rxSetComputeContext Finish ---"
[1] "2022-02-21 22:16:52 --- RxSqlServerData Start ---"
[1] "sqlQuery=SELECT * FROM ViewAnalyzeD1115analyze01OddsType25"
[1] "2022-02-21 22:16:52 --- RxSqlServerData Finish ---"
[1] "2022-02-21 22:16:52 --- rxGetVarInfo Start ---"
[1] "2022-02-21 22:16:53 --- rxGetVarInfo Finish---"
[1] "2022-02-21 22:16:53 --- rxImport Start ---"
Rows Read: 48328, Total Rows Processed: 48328, Total Chunk Time: 1.557 seconds 
[1] "2022-02-21 22:17:27 --- rxImport Finish ---"
[1] "object.size(data) auto=8.5 Mb"
[1] "--------------------------------------------------------------------------------"
[1] "nrow(data) RxSqlServerData=48328"
[1] "--------------------------------------------------------------------------------"
[1] "str(data)="
'data.frame':	48328 obs. of  30 variables:
 $ Race.RaceId                      : Factor w/ 3266 levels "20160221-05-01-08-01",..: 2 2 2 2 2 2 2 2 2 2 ...
 $ Race.IsPredictedRace             : logi  TRUE TRUE TRUE TRUE TRUE TRUE ...
 $ Race.IsAnalyzeNormalPastAndFuture: logi  TRUE TRUE TRUE TRUE TRUE TRUE ...
 $ Race.IsAnalyzeNormalPast         : logi  TRUE TRUE TRUE TRUE TRUE TRUE ...
 $ Race.IsAnalyzeNormalFuture       : logi  FALSE FALSE FALSE FALSE FALSE FALSE ...
 $ Race.IsAnalyzeFullPastAndFuture  : logi  TRUE TRUE TRUE TRUE TRUE TRUE ...
 $ Race.IsAnalyzeFullPast           : logi  TRUE TRUE TRUE TRUE TRUE TRUE ...
 $ Race.IsAnalyzeFullFuture         : logi  FALSE FALSE FALSE FALSE FALSE FALSE ...
 $ Race.JyokenCd                    : Factor w/ 1 level "5": 1 1 1 1 1 1 1 1 1 1 ...
 $ Race.RaceType1Cd                 : Factor w/ 1 level "2-5-X": 1 1 1 1 1 1 1 1 1 1 ...
 $ RaceHorse.RaceId                 : Factor w/ 3266 levels "20160221-05-01-08-01",..: 2 2 2 2 2 2 2 2 2 2 ...
 $ RaceHorse.KettoNum               : Factor w/ 16808 levels "2013103810","2013103788",..: 11 12 13 14 15 16 17 18 19 20 ...
 $ RaceHorse.IsHit1                 : int  0 0 0 0 0 1 0 0 0 0 ...
 $ RaceHorse.IsHit2                 : int  0 0 1 0 0 0 0 0 0 0 ...
 $ RaceHorse.IsHit3                 : int  0 0 0 0 0 0 0 0 0 0 ...
 $ RaceHorse.IsHit4                 : int  0 0 0 0 0 0 0 0 0 0 ...
 $ RaceHorse.IsHit5                 : int  0 0 0 0 0 0 0 0 0 0 ...
 $ RaceHorse.IsHit6                 : int  1 1 0 1 1 0 1 1 1 1 ...
 $ RaceHorse.IsValidRaceHorse       : logi  TRUE TRUE TRUE TRUE TRUE TRUE ...
 $ RaceHorse.IsHitA                 : int  0 0 0 0 0 1 0 0 0 0 ...
 $ RaceHorse.IsHitB                 : int  0 0 1 0 0 1 0 0 0 0 ...
 $ RaceHorse.IsHitC                 : int  0 0 1 0 0 1 0 0 0 0 ...
 $ OddsByWin.Odds1                  : num  29.8 52.2 4.3 22.5 52.2 ...
 $ OddsByWin.Ninki                  : num  8 10 3 7 10 1 14 12 9 15 ...
 $ OddsByWin.OddsLog1               : num  3.43 3.97 1.67 3.16 3.97 ...
 $ OddsByWin.OddsRatio1             : num  0.0347 0.0195 0.303 0.0465 0.0195 ...
 $ OddsByWin.OddsLogit1             : num  -3.39 -3.96 -1.46 -3.11 -3.96 ...
 $ OddsByWin.ApprovalRate1          : num  0.0336 0.0192 0.2326 0.0444 0.0192 ...
 $ OddsByWin.ApprovalRateLog1       : num  0.033 0.019 0.2091 0.0435 0.019 ...
 $ EOF                              : int  1 1 1 1 1 1 1 1 1 1 ...
[1] "2022-02-21 22:17:28 --- RxSqlServerData Finish ---"
[1] "2022-02-21 22:17:28 --- subset Start ---"
[1] "--------------------------------------------------------------------------------"
[1] "nrow(data) subset before=48328"
[1] "nrow(data) subset after =48328"
[1] "nrow(data) subset diff =0"
[1] "--------------------------------------------------------------------------------"
[1] "2022-02-21 22:17:28 --- subset Finish---"
[1] "2022-02-21 22:17:28 --- transform Start ---"
[1] "--------------------------------------------------------------------------------"
[1] "nrow(data) transform before=48328"
[1] "nrow(data) transform after=48328"
[1] "nrow(data) transform diff=0"
[1] "--------------------------------------------------------------------------------"
[1] "str(data)="
'data.frame':	48328 obs. of  30 variables:
 $ Race.RaceId                      : Factor w/ 3266 levels "20160221-05-01-08-01",..: 2 2 2 2 2 2 2 2 2 2 ...
 $ Race.IsPredictedRace             : logi  TRUE TRUE TRUE TRUE TRUE TRUE ...
 $ Race.IsAnalyzeNormalPastAndFuture: logi  TRUE TRUE TRUE TRUE TRUE TRUE ...
 $ Race.IsAnalyzeNormalPast         : logi  TRUE TRUE TRUE TRUE TRUE TRUE ...
 $ Race.IsAnalyzeNormalFuture       : logi  FALSE FALSE FALSE FALSE FALSE FALSE ...
 $ Race.IsAnalyzeFullPastAndFuture  : logi  TRUE TRUE TRUE TRUE TRUE TRUE ...
 $ Race.IsAnalyzeFullPast           : logi  TRUE TRUE TRUE TRUE TRUE TRUE ...
 $ Race.IsAnalyzeFullFuture         : logi  FALSE FALSE FALSE FALSE FALSE FALSE ...
 $ Race.JyokenCd                    : Factor w/ 1 level "5": 1 1 1 1 1 1 1 1 1 1 ...
 $ Race.RaceType1Cd                 : Factor w/ 1 level "2-5-X": 1 1 1 1 1 1 1 1 1 1 ...
 $ RaceHorse.RaceId                 : Factor w/ 3266 levels "20160221-05-01-08-01",..: 2 2 2 2 2 2 2 2 2 2 ...
 $ RaceHorse.KettoNum               : Factor w/ 16808 levels "2013103810","2013103788",..: 11 12 13 14 15 16 17 18 19 20 ...
 $ RaceHorse.IsHit1                 : int  0 0 0 0 0 1 0 0 0 0 ...
 $ RaceHorse.IsHit2                 : int  0 0 1 0 0 0 0 0 0 0 ...
 $ RaceHorse.IsHit3                 : int  0 0 0 0 0 0 0 0 0 0 ...
 $ RaceHorse.IsHit4                 : int  0 0 0 0 0 0 0 0 0 0 ...
 $ RaceHorse.IsHit5                 : int  0 0 0 0 0 0 0 0 0 0 ...
 $ RaceHorse.IsHit6                 : int  1 1 0 1 1 0 1 1 1 1 ...
 $ RaceHorse.IsValidRaceHorse       : logi  TRUE TRUE TRUE TRUE TRUE TRUE ...
 $ RaceHorse.IsHitA                 : int  0 0 0 0 0 1 0 0 0 0 ...
 $ RaceHorse.IsHitB                 : int  0 0 1 0 0 1 0 0 0 0 ...
 $ RaceHorse.IsHitC                 : int  0 0 1 0 0 1 0 0 0 0 ...
 $ OddsByWin.Odds1                  : num  29.8 52.2 4.3 22.5 52.2 ...
 $ OddsByWin.Ninki                  : num  8 10 3 7 10 1 14 12 9 15 ...
 $ OddsByWin.OddsLog1               : num  3.43 3.97 1.67 3.16 3.97 ...
 $ OddsByWin.OddsRatio1             : num  0.0347 0.0195 0.303 0.0465 0.0195 ...
 $ OddsByWin.OddsLogit1             : num  -3.39 -3.96 -1.46 -3.11 -3.96 ...
 $ OddsByWin.ApprovalRate1          : num  0.0336 0.0192 0.2326 0.0444 0.0192 ...
 $ OddsByWin.ApprovalRateLog1       : num  0.033 0.019 0.2091 0.0435 0.019 ...
 $ EOF                              : int  1 1 1 1 1 1 1 1 1 1 ...
NULL
[1] "2022-02-21 22:17:29 --- transform Finish ---"
[1] "2022-02-21 22:17:29 --- na.omit Start ---"
[1] "--------------------------------------------------------------------------------"
[1] "nrow(data) na.omit before=48328"
[1] "nrow(data) na.omit after =48119"
[1] "nrow(data) na.omit diff =209"
[1] "--------------------------------------------------------------------------------"
'data.frame':	48119 obs. of  30 variables:
 $ Race.RaceId                      : Factor w/ 3266 levels "20160221-05-01-08-01",..: 2 2 2 2 2 2 2 2 2 2 ...
 $ Race.IsPredictedRace             : logi  TRUE TRUE TRUE TRUE TRUE TRUE ...
 $ Race.IsAnalyzeNormalPastAndFuture: logi  TRUE TRUE TRUE TRUE TRUE TRUE ...
 $ Race.IsAnalyzeNormalPast         : logi  TRUE TRUE TRUE TRUE TRUE TRUE ...
 $ Race.IsAnalyzeNormalFuture       : logi  FALSE FALSE FALSE FALSE FALSE FALSE ...
 $ Race.IsAnalyzeFullPastAndFuture  : logi  TRUE TRUE TRUE TRUE TRUE TRUE ...
 $ Race.IsAnalyzeFullPast           : logi  TRUE TRUE TRUE TRUE TRUE TRUE ...
 $ Race.IsAnalyzeFullFuture         : logi  FALSE FALSE FALSE FALSE FALSE FALSE ...
 $ Race.JyokenCd                    : Factor w/ 1 level "5": 1 1 1 1 1 1 1 1 1 1 ...
 $ Race.RaceType1Cd                 : Factor w/ 1 level "2-5-X": 1 1 1 1 1 1 1 1 1 1 ...
 $ RaceHorse.RaceId                 : Factor w/ 3266 levels "20160221-05-01-08-01",..: 2 2 2 2 2 2 2 2 2 2 ...
 $ RaceHorse.KettoNum               : Factor w/ 16808 levels "2013103810","2013103788",..: 11 12 13 14 15 16 17 18 19 20 ...
 $ RaceHorse.IsHit1                 : int  0 0 0 0 0 1 0 0 0 0 ...
 $ RaceHorse.IsHit2                 : int  0 0 1 0 0 0 0 0 0 0 ...
 $ RaceHorse.IsHit3                 : int  0 0 0 0 0 0 0 0 0 0 ...
 $ RaceHorse.IsHit4                 : int  0 0 0 0 0 0 0 0 0 0 ...
 $ RaceHorse.IsHit5                 : int  0 0 0 0 0 0 0 0 0 0 ...
 $ RaceHorse.IsHit6                 : int  1 1 0 1 1 0 1 1 1 1 ...
 $ RaceHorse.IsValidRaceHorse       : logi  TRUE TRUE TRUE TRUE TRUE TRUE ...
 $ RaceHorse.IsHitA                 : int  0 0 0 0 0 1 0 0 0 0 ...
 $ RaceHorse.IsHitB                 : int  0 0 1 0 0 1 0 0 0 0 ...
 $ RaceHorse.IsHitC                 : int  0 0 1 0 0 1 0 0 0 0 ...
 $ OddsByWin.Odds1                  : num  29.8 52.2 4.3 22.5 52.2 ...
 $ OddsByWin.Ninki                  : num  8 10 3 7 10 1 14 12 9 15 ...
 $ OddsByWin.OddsLog1               : num  3.43 3.97 1.67 3.16 3.97 ...
 $ OddsByWin.OddsRatio1             : num  0.0347 0.0195 0.303 0.0465 0.0195 ...
 $ OddsByWin.OddsLogit1             : num  -3.39 -3.96 -1.46 -3.11 -3.96 ...
 $ OddsByWin.ApprovalRate1          : num  0.0336 0.0192 0.2326 0.0444 0.0192 ...
 $ OddsByWin.ApprovalRateLog1       : num  0.033 0.019 0.2091 0.0435 0.019 ...
 $ EOF                              : int  1 1 1 1 1 1 1 1 1 1 ...
 - attr(*, "na.action")= 'omit' Named int  348 828 1133 1295 1491 1622 1948 1963 2045 2468 ...
  ..- attr(*, "names")= chr  "348" "828" "1133" "1295" ...
[1] "2022-02-21 22:17:30 --- na.omit Finish ---"
[1] "2022-02-21 22:17:30 --- rxGlm with rxStepControl Start ---"

> print(paste0(Sys.time(), " --- source_logic_glm.R Start ---"))
[1] "2022-02-21 22:17:30 --- source_logic_glm.R Start ---"

> formula <- formula(RaceHorse.IsHitA ~ +1 + OddsByWin.OddsLogit1)

> print(paste0(Sys.time(), " --- source_logic_glm.R Finished ---"))
[1] "2022-02-21 22:17:30 --- source_logic_glm.R Finished ---"
Rows Read: 48119, Total Rows Processed: 48119, Total Chunk Time: 0.003 seconds 

Starting values (iteration 1) time: 0.021 secs.
Rows Read: 48119, Total Rows Processed: 48119, Total Chunk Time: 0.005 seconds 

Iteration 2 time: 0.018 secs.
Rows Read: 48119, Total Rows Processed: 48119, Total Chunk Time: 0.005 seconds 

Iteration 3 time: 0.015 secs.
Rows Read: 48119, Total Rows Processed: 48119, Total Chunk Time: 0.004 seconds 

Iteration 4 time: 0.010 secs.
Rows Read: 48119, Total Rows Processed: 48119, Total Chunk Time: 0.004 seconds 

Iteration 5 time: 0.016 secs.
Rows Read: 48119, Total Rows Processed: 48119, Total Chunk Time: 0.004 seconds 

Iteration 6 time: 0.017 secs.
Rows Read: 48119, Total Rows Processed: 48119, Total Chunk Time: 0.004 seconds 

Iteration 7 time: 0.008 secs.

Elapsed computation time: 0.170 secs.
Rows Read: 48119, Total Rows Processed: 48119, Total Chunk Time: 0.002 seconds 

Starting values (iteration 1) time: 0.017 secs.
Rows Read: 48119, Total Rows Processed: 48119, Total Chunk Time: 0.003 seconds 

Iteration 2 time: 0.019 secs.

Elapsed computation time: 0.062 secs.
Rows Read: 48119, Total Rows Processed: 48119, Total Chunk Time: 0.002 seconds 

Starting values (iteration 1) time: 0.019 secs.
Rows Read: 48119, Total Rows Processed: 48119, Total Chunk Time: 0.004 seconds 

Iteration 2 time: 0.017 secs.
Rows Read: 48119, Total Rows Processed: 48119, Total Chunk Time: 0.005 seconds 

Iteration 3 time: 0.013 secs.
Rows Read: 48119, Total Rows Processed: 48119, Total Chunk Time: 0.004 seconds 

Iteration 4 time: 0.012 secs.
Rows Read: 48119, Total Rows Processed: 48119, Total Chunk Time: 0.004 seconds 

Iteration 5 time: 0.023 secs.
Rows Read: 48119, Total Rows Processed: 48119, Total Chunk Time: 0.004 seconds 

Iteration 6 time: 0.008 secs.
Rows Read: 48119, Total Rows Processed: 48119, Total Chunk Time: 0.004 seconds 

Iteration 7 time: 0.019 secs.

Elapsed computation time: 0.196 secs.

Elapsed computation time: 0.485 secs.
[1] "--------------------------------------------------------------------------------"
[1] "analyze.results.glm.step="
Logistic Regression Results for: RaceHorse.IsHitA ~
    OddsByWin.OddsLogit1
Data: data
Dependent variable(s): RaceHorse.IsHitA
Total independent variables: 2 
Number of valid observations: 48119
Number of missing observations: 0 
 
Coefficients:
                     RaceHorse.IsHitA
(Intercept)                       0.3
OddsByWin.OddsLogit1              1.1
[1] "analyze.results.glm.step.summary"
Call:
rxLogit(formula = formula, data = data, variableSelection = analyze.results.glm.step.varsel)

Logistic Regression Results for: RaceHorse.IsHitA ~
    OddsByWin.OddsLogit1
Data: data
Dependent variable(s): RaceHorse.IsHitA
Total independent variables: 2 
Number of valid observations: 48119
Number of missing observations: 0 
-2*LogLikelihood: 18433.694 (Residual deviance on 48117 degrees of freedom)
 
Coefficients:
                     Estimate Std. Error z value Pr(>|z|)    
(Intercept)            0.2525     0.0412    6.13  8.8e-10 ***
OddsByWin.OddsLogit1   1.1391     0.0196   58.24  2.2e-16 ***
---
Signif. codes:  0 '***' 0.001 '**' 0.01 '*' 0.05 '.' 0.1 ' ' 1

Condition number of final variance-covariance matrix: 1 
Number of iterations: 7
[1] "--------------------------------------------------------------------------------"
[1] "2022-02-21 22:17:31 --- rxGlm with rxStepControl Finish ---"
[1] "2022-02-21 22:17:31 --- rxStepPlot Start ---"
[1] "pdfFilename=pdf_analyze_glm_Odds_Type25_rxStepPlot.pdf"
[1] "rxStepPlot="
[1] "2022-02-21 22:17:31 --- rxStepPlot Finish ---"
[1] "2022-02-21 22:17:31 --- save.image Start ---"
[1] "save.image"
[1] "rdataFilename=RData_analyze_glm_Odds_Type25.RData"
[1] "2022-02-21 22:17:33 --- save.image Finish ---"
[1] "2022-02-21 22:17:33 --- final Start ---"
[1] "--------------------------------------------------------------------------------"
[1] "nrow(data) final=48119"
[1] "--------------------------------------------------------------------------------"
[1] "2022-02-21 22:17:33 --- final Finish ---"
[1] "2022-02-21 22:17:33 --- analyze_glm.R Finished ---"
[1] "2022-02-21 22:17:33 --- log Finish ---"
