[1] "2022-02-21 22:09:16 --- D1115_analyze_glm_Gen02_IsHitA_Type35 Start ---"
[1] "2022-02-21 22:09:16 --- Log Start ---"
[1] "2022-02-21 22:09:16 --- analyze_glm.R Start ---"
[1] "analyzeVersion=D1115"
[1] "analyzeCategory=analyze"
[1] "analyzeType=Gen02"
[1] "analyzeFamily=IsHitA"
[1] "analyzeFunc=glm"
[1] "analyzeTrackTypeCd=3"
[1] "analyzeJyokenCd=5"
[1] "2022-02-21 22:09:16 --- source_function.R Start ---"
[1] "2022-02-21 22:09:16 --- source_function.R Finished ---"

> print(paste0(Sys.time(), " --- source_library.R Start ---"))
[1] "2022-02-21 22:09:16 --- source_library.R Start ---"

> require("RevoScaleR")

> print(paste0(Sys.time(), " --- source_library.R Finished ---"))
[1] "2022-02-21 22:09:20 --- source_library.R Finished ---"
[1] "2022-02-21 22:09:20 --- RxSqlServerData Start ---"
[1] "2022-02-21 22:09:20 --- RxInSqlServer Start ---"
[1] "2022-02-21 22:09:20 --- RxInSqlServer Finish ---"
[1] "2022-02-21 22:09:20 --- rxSetComputeContext Start ---"
[1] "2022-02-21 22:09:20 --- rxSetComputeContext Finish ---"
[1] "2022-02-21 22:09:20 --- RxSqlServerData Start ---"
[1] "sqlQuery=SELECT * FROM ViewAnalyzeD1115analyze01Gen02Type35"
[1] "2022-02-21 22:09:20 --- RxSqlServerData Finish ---"
[1] "2022-02-21 22:09:20 --- rxGetVarInfo Start ---"
[1] "2022-02-21 22:09:21 --- rxGetVarInfo Finish---"
[1] "2022-02-21 22:09:21 --- rxImport Start ---"
Rows Read: 4027, Total Rows Processed: 4027, Total Chunk Time: 40.591 seconds 
[1] "2022-02-21 22:10:32 --- rxImport Finish ---"
[1] "object.size(data) auto=1003 Kb"
[1] "--------------------------------------------------------------------------------"
[1] "nrow(data) RxSqlServerData=4027"
[1] "--------------------------------------------------------------------------------"
[1] "str(data)="
'data.frame':	4027 obs. of  39 variables:
 $ Race.RaceId                      : Factor w/ 419 levels "20160110-06-01-03-04",..: 2 5 5 3 3 3 4 6 7 8 ...
 $ Race.IsPredictedRace             : logi  TRUE TRUE TRUE TRUE TRUE TRUE ...
 $ Race.IsAnalyzeNormalPastAndFuture: logi  TRUE TRUE TRUE TRUE TRUE TRUE ...
 $ Race.IsAnalyzeNormalPast         : logi  TRUE TRUE TRUE TRUE TRUE TRUE ...
 $ Race.IsAnalyzeNormalFuture       : logi  FALSE FALSE FALSE FALSE FALSE FALSE ...
 $ Race.IsAnalyzeFullPastAndFuture  : logi  TRUE TRUE TRUE TRUE TRUE TRUE ...
 $ Race.IsAnalyzeFullPast           : logi  TRUE TRUE TRUE TRUE TRUE TRUE ...
 $ Race.IsAnalyzeFullFuture         : logi  FALSE FALSE FALSE FALSE FALSE FALSE ...
 $ Race.JyokenCd                    : Factor w/ 1 level "5": 1 1 1 1 1 1 1 1 1 1 ...
 $ Race.RaceType1Cd                 : Factor w/ 1 level "3-5-X": 1 1 1 1 1 1 1 1 1 1 ...
 $ RaceHorse.RaceId                 : Factor w/ 419 levels "20160110-06-01-03-04",..: 2 5 5 3 3 3 4 6 7 8 ...
 $ RaceHorse.KettoNum               : Factor w/ 1253 levels "2005105204","2012103117",..: 11 12 13 4 6 14 9 15 16 17 ...
 $ RaceHorse.IsHit1                 : int  0 1 0 0 0 0 0 0 0 0 ...
 $ RaceHorse.IsHit2                 : int  0 0 1 0 0 0 0 1 1 0 ...
 $ RaceHorse.IsHit3                 : int  0 0 0 0 0 1 0 0 0 0 ...
 $ RaceHorse.IsHit4                 : int  1 0 0 0 0 0 0 0 0 1 ...
 $ RaceHorse.IsHit5                 : int  0 0 0 0 0 0 0 0 0 0 ...
 $ RaceHorse.IsHit6                 : int  0 0 0 1 1 0 1 0 0 0 ...
 $ RaceHorse.IsValidRaceHorse       : logi  TRUE TRUE TRUE TRUE TRUE TRUE ...
 $ RaceHorse.IsHitA                 : int  0 1 0 0 0 0 0 0 0 0 ...
 $ RaceHorse.IsHitB                 : int  0 1 1 0 0 0 0 1 1 0 ...
 $ RaceHorse.IsHitC                 : int  0 1 1 0 0 1 0 1 1 0 ...
 $ Gen02.HansyokuNum                : Factor w/ 1130 levels "12231849","12258016",..: 11 12 13 4 6 14 9 15 16 17 ...
 $ Gen02.TimeSdvByRaceAvg           : num  -0.0747 1.5617 1.112 -0.5586 0.7736 ...
 $ Gen02.TimeSdvByRaceMin           : num  -0.0747 1.5617 1.112 -0.9114 0.7736 ...
 $ Gen02.TimeSdvByRaceMax           : num  -0.0747 1.5617 1.112 -0.2057 0.7736 ...
 $ Gen02.OrderOfFinishSdvAvg        : num  -0.37 1.262 1.262 -0.643 0.718 ...
 $ Gen02.RunCount                   : int  1 1 1 2 1 2 1 1 1 1 ...
 $ Gen02.HitCount1                  : int  0 0 0 0 0 0 0 0 0 0 ...
 $ Gen02.HitCount2                  : int  0 1 1 0 0 0 0 0 0 0 ...
 $ Gen02.HitCount3                  : int  0 0 0 0 0 0 0 0 0 0 ...
 $ Gen02.HitCount4                  : int  0 0 0 0 1 1 0 0 1 0 ...
 $ Gen02.HitCount5                  : int  0 0 0 0 0 0 0 0 0 0 ...
 $ Gen02.HitRate1                   : num  0 0 0 0 0 0 0 0 0 0 ...
 $ Gen02.HitRate2                   : num  0 1 1 0 0 0 0 0 0 0 ...
 $ Gen02.HitRate3                   : num  0 0 0 0 0 0 0 0 0 0 ...
 $ Gen02.HitRate4                   : num  0 0 0 0 1 0.5 0 0 1 0 ...
 $ Gen02.HitRate5                   : num  0 0 0 0 0 0 0 0 0 0 ...
 $ EOF                              : int  1 1 1 1 1 1 1 1 1 1 ...
[1] "2022-02-21 22:10:33 --- RxSqlServerData Finish ---"
[1] "2022-02-21 22:10:33 --- subset Start ---"
[1] "--------------------------------------------------------------------------------"
[1] "nrow(data) subset before=4027"
[1] "nrow(data) subset after =4027"
[1] "nrow(data) subset diff =0"
[1] "--------------------------------------------------------------------------------"
[1] "2022-02-21 22:10:33 --- subset Finish---"
[1] "2022-02-21 22:10:33 --- transform Start ---"
[1] "--------------------------------------------------------------------------------"
[1] "nrow(data) transform before=4027"
[1] "nrow(data) transform after=4027"
[1] "nrow(data) transform diff=0"
[1] "--------------------------------------------------------------------------------"
[1] "str(data)="
'data.frame':	4027 obs. of  39 variables:
 $ Race.RaceId                      : Factor w/ 419 levels "20160110-06-01-03-04",..: 2 5 5 3 3 3 4 6 7 8 ...
 $ Race.IsPredictedRace             : logi  TRUE TRUE TRUE TRUE TRUE TRUE ...
 $ Race.IsAnalyzeNormalPastAndFuture: logi  TRUE TRUE TRUE TRUE TRUE TRUE ...
 $ Race.IsAnalyzeNormalPast         : logi  TRUE TRUE TRUE TRUE TRUE TRUE ...
 $ Race.IsAnalyzeNormalFuture       : logi  FALSE FALSE FALSE FALSE FALSE FALSE ...
 $ Race.IsAnalyzeFullPastAndFuture  : logi  TRUE TRUE TRUE TRUE TRUE TRUE ...
 $ Race.IsAnalyzeFullPast           : logi  TRUE TRUE TRUE TRUE TRUE TRUE ...
 $ Race.IsAnalyzeFullFuture         : logi  FALSE FALSE FALSE FALSE FALSE FALSE ...
 $ Race.JyokenCd                    : Factor w/ 1 level "5": 1 1 1 1 1 1 1 1 1 1 ...
 $ Race.RaceType1Cd                 : Factor w/ 1 level "3-5-X": 1 1 1 1 1 1 1 1 1 1 ...
 $ RaceHorse.RaceId                 : Factor w/ 419 levels "20160110-06-01-03-04",..: 2 5 5 3 3 3 4 6 7 8 ...
 $ RaceHorse.KettoNum               : Factor w/ 1253 levels "2005105204","2012103117",..: 11 12 13 4 6 14 9 15 16 17 ...
 $ RaceHorse.IsHit1                 : int  0 1 0 0 0 0 0 0 0 0 ...
 $ RaceHorse.IsHit2                 : int  0 0 1 0 0 0 0 1 1 0 ...
 $ RaceHorse.IsHit3                 : int  0 0 0 0 0 1 0 0 0 0 ...
 $ RaceHorse.IsHit4                 : int  1 0 0 0 0 0 0 0 0 1 ...
 $ RaceHorse.IsHit5                 : int  0 0 0 0 0 0 0 0 0 0 ...
 $ RaceHorse.IsHit6                 : int  0 0 0 1 1 0 1 0 0 0 ...
 $ RaceHorse.IsValidRaceHorse       : logi  TRUE TRUE TRUE TRUE TRUE TRUE ...
 $ RaceHorse.IsHitA                 : int  0 1 0 0 0 0 0 0 0 0 ...
 $ RaceHorse.IsHitB                 : int  0 1 1 0 0 0 0 1 1 0 ...
 $ RaceHorse.IsHitC                 : int  0 1 1 0 0 1 0 1 1 0 ...
 $ Gen02.HansyokuNum                : Factor w/ 1130 levels "12231849","12258016",..: 11 12 13 4 6 14 9 15 16 17 ...
 $ Gen02.TimeSdvByRaceAvg           : num  -0.0747 1.5617 1.112 -0.5586 0.7736 ...
 $ Gen02.TimeSdvByRaceMin           : num  -0.0747 1.5617 1.112 -0.9114 0.7736 ...
 $ Gen02.TimeSdvByRaceMax           : num  -0.0747 1.5617 1.112 -0.2057 0.7736 ...
 $ Gen02.OrderOfFinishSdvAvg        : num  -0.37 1.262 1.262 -0.643 0.718 ...
 $ Gen02.RunCount                   : int  1 1 1 2 1 2 1 1 1 1 ...
 $ Gen02.HitCount1                  : int  0 0 0 0 0 0 0 0 0 0 ...
 $ Gen02.HitCount2                  : int  0 1 1 0 0 0 0 0 0 0 ...
 $ Gen02.HitCount3                  : int  0 0 0 0 0 0 0 0 0 0 ...
 $ Gen02.HitCount4                  : int  0 0 0 0 1 1 0 0 1 0 ...
 $ Gen02.HitCount5                  : int  0 0 0 0 0 0 0 0 0 0 ...
 $ Gen02.HitRate1                   : num  0 0 0 0 0 0 0 0 0 0 ...
 $ Gen02.HitRate2                   : num  0 1 1 0 0 0 0 0 0 0 ...
 $ Gen02.HitRate3                   : num  0 0 0 0 0 0 0 0 0 0 ...
 $ Gen02.HitRate4                   : num  0 0 0 0 1 0.5 0 0 1 0 ...
 $ Gen02.HitRate5                   : num  0 0 0 0 0 0 0 0 0 0 ...
 $ EOF                              : int  1 1 1 1 1 1 1 1 1 1 ...
NULL
[1] "2022-02-21 22:10:33 --- transform Finish ---"
[1] "2022-02-21 22:10:33 --- na.omit Start ---"
[1] "--------------------------------------------------------------------------------"
[1] "nrow(data) na.omit before=4027"
[1] "nrow(data) na.omit after =4027"
[1] "nrow(data) na.omit diff =0"
[1] "--------------------------------------------------------------------------------"
'data.frame':	4027 obs. of  39 variables:
 $ Race.RaceId                      : Factor w/ 419 levels "20160110-06-01-03-04",..: 2 5 5 3 3 3 4 6 7 8 ...
 $ Race.IsPredictedRace             : logi  TRUE TRUE TRUE TRUE TRUE TRUE ...
 $ Race.IsAnalyzeNormalPastAndFuture: logi  TRUE TRUE TRUE TRUE TRUE TRUE ...
 $ Race.IsAnalyzeNormalPast         : logi  TRUE TRUE TRUE TRUE TRUE TRUE ...
 $ Race.IsAnalyzeNormalFuture       : logi  FALSE FALSE FALSE FALSE FALSE FALSE ...
 $ Race.IsAnalyzeFullPastAndFuture  : logi  TRUE TRUE TRUE TRUE TRUE TRUE ...
 $ Race.IsAnalyzeFullPast           : logi  TRUE TRUE TRUE TRUE TRUE TRUE ...
 $ Race.IsAnalyzeFullFuture         : logi  FALSE FALSE FALSE FALSE FALSE FALSE ...
 $ Race.JyokenCd                    : Factor w/ 1 level "5": 1 1 1 1 1 1 1 1 1 1 ...
 $ Race.RaceType1Cd                 : Factor w/ 1 level "3-5-X": 1 1 1 1 1 1 1 1 1 1 ...
 $ RaceHorse.RaceId                 : Factor w/ 419 levels "20160110-06-01-03-04",..: 2 5 5 3 3 3 4 6 7 8 ...
 $ RaceHorse.KettoNum               : Factor w/ 1253 levels "2005105204","2012103117",..: 11 12 13 4 6 14 9 15 16 17 ...
 $ RaceHorse.IsHit1                 : int  0 1 0 0 0 0 0 0 0 0 ...
 $ RaceHorse.IsHit2                 : int  0 0 1 0 0 0 0 1 1 0 ...
 $ RaceHorse.IsHit3                 : int  0 0 0 0 0 1 0 0 0 0 ...
 $ RaceHorse.IsHit4                 : int  1 0 0 0 0 0 0 0 0 1 ...
 $ RaceHorse.IsHit5                 : int  0 0 0 0 0 0 0 0 0 0 ...
 $ RaceHorse.IsHit6                 : int  0 0 0 1 1 0 1 0 0 0 ...
 $ RaceHorse.IsValidRaceHorse       : logi  TRUE TRUE TRUE TRUE TRUE TRUE ...
 $ RaceHorse.IsHitA                 : int  0 1 0 0 0 0 0 0 0 0 ...
 $ RaceHorse.IsHitB                 : int  0 1 1 0 0 0 0 1 1 0 ...
 $ RaceHorse.IsHitC                 : int  0 1 1 0 0 1 0 1 1 0 ...
 $ Gen02.HansyokuNum                : Factor w/ 1130 levels "12231849","12258016",..: 11 12 13 4 6 14 9 15 16 17 ...
 $ Gen02.TimeSdvByRaceAvg           : num  -0.0747 1.5617 1.112 -0.5586 0.7736 ...
 $ Gen02.TimeSdvByRaceMin           : num  -0.0747 1.5617 1.112 -0.9114 0.7736 ...
 $ Gen02.TimeSdvByRaceMax           : num  -0.0747 1.5617 1.112 -0.2057 0.7736 ...
 $ Gen02.OrderOfFinishSdvAvg        : num  -0.37 1.262 1.262 -0.643 0.718 ...
 $ Gen02.RunCount                   : int  1 1 1 2 1 2 1 1 1 1 ...
 $ Gen02.HitCount1                  : int  0 0 0 0 0 0 0 0 0 0 ...
 $ Gen02.HitCount2                  : int  0 1 1 0 0 0 0 0 0 0 ...
 $ Gen02.HitCount3                  : int  0 0 0 0 0 0 0 0 0 0 ...
 $ Gen02.HitCount4                  : int  0 0 0 0 1 1 0 0 1 0 ...
 $ Gen02.HitCount5                  : int  0 0 0 0 0 0 0 0 0 0 ...
 $ Gen02.HitRate1                   : num  0 0 0 0 0 0 0 0 0 0 ...
 $ Gen02.HitRate2                   : num  0 1 1 0 0 0 0 0 0 0 ...
 $ Gen02.HitRate3                   : num  0 0 0 0 0 0 0 0 0 0 ...
 $ Gen02.HitRate4                   : num  0 0 0 0 1 0.5 0 0 1 0 ...
 $ Gen02.HitRate5                   : num  0 0 0 0 0 0 0 0 0 0 ...
 $ EOF                              : int  1 1 1 1 1 1 1 1 1 1 ...
[1] "2022-02-21 22:10:33 --- na.omit Finish ---"
[1] "2022-02-21 22:10:33 --- rxGlm with rxStepControl Start ---"

> print(paste0(Sys.time(), " --- source_logic_glm.R Start ---"))
[1] "2022-02-21 22:10:33 --- source_logic_glm.R Start ---"

> formula <- formula(RaceHorse.IsHitA ~ +1 + Gen02.OrderOfFinishSdvAvg)

> print(paste0(Sys.time(), " --- source_logic_glm.R Finished ---"))
[1] "2022-02-21 22:10:33 --- source_logic_glm.R Finished ---"
Rows Read: 4027, Total Rows Processed: 4027, Total Chunk Time: 0.001 seconds 

Starting values (iteration 1) time: 0.010 secs.
Rows Read: 4027, Total Rows Processed: 4027, Total Chunk Time: 0.001 seconds 

Iteration 2 time: 0.006 secs.
Rows Read: 4027, Total Rows Processed: 4027, Total Chunk Time: 0.002 seconds 

Iteration 3 time: 0.004 secs.
Rows Read: 4027, Total Rows Processed: 4027, Total Chunk Time: Less than .001 seconds 

Iteration 4 time: 0.007 secs.
Rows Read: 4027, Total Rows Processed: 4027, Total Chunk Time: Less than .001 seconds 

Iteration 5 time: 0.005 secs.

Elapsed computation time: 0.052 secs.
Rows Read: 4027, Total Rows Processed: 4027, Total Chunk Time: 0.001 seconds 

Starting values (iteration 1) time: 0.005 secs.
Rows Read: 4027, Total Rows Processed: 4027, Total Chunk Time: Less than .001 seconds 

Iteration 2 time: 0.005 secs.

Elapsed computation time: 0.023 secs.
Rows Read: 4027, Total Rows Processed: 4027, Total Chunk Time: 0.001 seconds 

Starting values (iteration 1) time: 0.005 secs.
Rows Read: 4027, Total Rows Processed: 4027, Total Chunk Time: 0.001 seconds 

Iteration 2 time: 0.007 secs.
Rows Read: 4027, Total Rows Processed: 4027, Total Chunk Time: Less than .001 seconds 

Iteration 3 time: 0.004 secs.
Rows Read: 4027, Total Rows Processed: 4027, Total Chunk Time: 0.001 seconds 

Iteration 4 time: 0.003 secs.
Rows Read: 4027, Total Rows Processed: 4027, Total Chunk Time: 0.001 seconds 

Iteration 5 time: 0.004 secs.

Elapsed computation time: 0.049 secs.

Elapsed computation time: 0.143 secs.
[1] "--------------------------------------------------------------------------------"
[1] "analyze.results.glm.step="
Logistic Regression Results for: RaceHorse.IsHitA ~
    Gen02.OrderOfFinishSdvAvg
Data: data
Dependent variable(s): RaceHorse.IsHitA
Total independent variables: 2 
Number of valid observations: 4027
Number of missing observations: 0 
 
Coefficients:
                          RaceHorse.IsHitA
(Intercept)                           -2.5
Gen02.OrderOfFinishSdvAvg              0.9
[1] "analyze.results.glm.step.summary"
Call:
rxLogit(formula = formula, data = data, variableSelection = analyze.results.glm.step.varsel)

Logistic Regression Results for: RaceHorse.IsHitA ~
    Gen02.OrderOfFinishSdvAvg
Data: data
Dependent variable(s): RaceHorse.IsHitA
Total independent variables: 2 
Number of valid observations: 4027
Number of missing observations: 0 
-2*LogLikelihood: 2321.208 (Residual deviance on 4025 degrees of freedom)
 
Coefficients:
                          Estimate Std. Error z value Pr(>|z|)    
(Intercept)                -2.5424     0.0682   -37.3  2.2e-16 ***
Gen02.OrderOfFinishSdvAvg   0.8985     0.0769    11.7  2.2e-16 ***
---
Signif. codes:  0 '***' 0.001 '**' 0.01 '*' 0.05 '.' 0.1 ' ' 1

Condition number of final variance-covariance matrix: 1 
Number of iterations: 5
[1] "--------------------------------------------------------------------------------"
[1] "2022-02-21 22:10:34 --- rxGlm with rxStepControl Finish ---"
[1] "2022-02-21 22:10:34 --- rxStepPlot Start ---"
[1] "pdfFilename=pdf_analyze_glm_Gen02_Type35_rxStepPlot.pdf"
[1] "rxStepPlot="
[1] "2022-02-21 22:10:37 --- rxStepPlot Finish ---"
[1] "2022-02-21 22:10:37 --- save.image Start ---"
[1] "save.image"
[1] "rdataFilename=RData_analyze_glm_Gen02_Type35.RData"
[1] "2022-02-21 22:11:23 --- save.image Finish ---"
[1] "2022-02-21 22:11:23 --- final Start ---"
[1] "--------------------------------------------------------------------------------"
[1] "nrow(data) final=4027"
[1] "--------------------------------------------------------------------------------"
[1] "2022-02-21 22:11:23 --- final Finish ---"
[1] "2022-02-21 22:11:23 --- analyze_glm.R Finished ---"
[1] "2022-02-21 22:11:23 --- log Finish ---"
