[1] "2022-02-21 22:12:24 --- D1115_analyze_glm_Jockey_IsHitA_Type31 Start ---"
[1] "2022-02-21 22:12:24 --- Log Start ---"
[1] "2022-02-21 22:12:24 --- analyze_glm.R Start ---"
[1] "analyzeVersion=D1115"
[1] "analyzeCategory=analyze"
[1] "analyzeType=Jockey"
[1] "analyzeFamily=IsHitA"
[1] "analyzeFunc=glm"
[1] "analyzeTrackTypeCd=3"
[1] "analyzeJyokenCd=1"
[1] "2022-02-21 22:12:24 --- source_function.R Start ---"
[1] "2022-02-21 22:12:24 --- source_function.R Finished ---"

> print(paste0(Sys.time(), " --- source_library.R Start ---"))
[1] "2022-02-21 22:12:24 --- source_library.R Start ---"

> require("RevoScaleR")

> print(paste0(Sys.time(), " --- source_library.R Finished ---"))
[1] "2022-02-21 22:12:29 --- source_library.R Finished ---"
[1] "2022-02-21 22:12:29 --- RxSqlServerData Start ---"
[1] "2022-02-21 22:12:29 --- RxInSqlServer Start ---"
[1] "2022-02-21 22:12:29 --- RxInSqlServer Finish ---"
[1] "2022-02-21 22:12:29 --- rxSetComputeContext Start ---"
[1] "2022-02-21 22:12:29 --- rxSetComputeContext Finish ---"
[1] "2022-02-21 22:12:29 --- RxSqlServerData Start ---"
[1] "sqlQuery=SELECT * FROM ViewAnalyzeD1115analyze01JockeyType31"
[1] "2022-02-21 22:12:29 --- RxSqlServerData Finish ---"
[1] "2022-02-21 22:12:29 --- rxGetVarInfo Start ---"
[1] "2022-02-21 22:12:30 --- rxGetVarInfo Finish---"
[1] "2022-02-21 22:12:30 --- rxImport Start ---"
Rows Read: 2516, Total Rows Processed: 2516, Total Chunk Time: 6.400 seconds 
[1] "2022-02-21 22:12:59 --- rxImport Finish ---"
[1] "object.size(data) auto=552.6 Kb"
[1] "--------------------------------------------------------------------------------"
[1] "nrow(data) RxSqlServerData=2516"
[1] "--------------------------------------------------------------------------------"
[1] "str(data)="
'data.frame':	2516 obs. of  39 variables:
 $ Race.RaceId                      : Factor w/ 213 levels "20160123-07-01-03-05",..: 8 1 2 3 4 9 6 10 10 10 ...
 $ Race.IsPredictedRace             : logi  TRUE TRUE TRUE TRUE TRUE TRUE ...
 $ Race.IsAnalyzeNormalPastAndFuture: logi  TRUE TRUE TRUE TRUE TRUE TRUE ...
 $ Race.IsAnalyzeNormalPast         : logi  TRUE TRUE TRUE TRUE TRUE TRUE ...
 $ Race.IsAnalyzeNormalFuture       : logi  FALSE FALSE FALSE FALSE FALSE FALSE ...
 $ Race.IsAnalyzeFullPastAndFuture  : logi  TRUE TRUE TRUE TRUE TRUE TRUE ...
 $ Race.IsAnalyzeFullPast           : logi  TRUE TRUE TRUE TRUE TRUE TRUE ...
 $ Race.IsAnalyzeFullFuture         : logi  FALSE FALSE FALSE FALSE FALSE FALSE ...
 $ Race.JyokenCd                    : Factor w/ 1 level "1": 1 1 1 1 1 1 1 1 1 1 ...
 $ Race.RaceType1Cd                 : Factor w/ 5 levels "3-1-X","3-1-E",..: 2 1 2 2 1 4 1 2 2 2 ...
 $ RaceHorse.RaceId                 : Factor w/ 213 levels "20160123-07-01-03-05",..: 8 1 2 3 4 9 6 10 10 10 ...
 $ RaceHorse.KettoNum               : Factor w/ 478 levels "2009104662","2011106614",..: 11 12 10 13 14 9 15 3 16 17 ...
 $ RaceHorse.IsHit1                 : int  1 0 0 0 0 0 1 0 0 1 ...
 $ RaceHorse.IsHit2                 : int  0 0 0 0 0 0 0 0 0 0 ...
 $ RaceHorse.IsHit3                 : int  0 0 0 0 0 0 0 0 0 0 ...
 $ RaceHorse.IsHit4                 : int  0 0 0 0 0 0 0 0 0 0 ...
 $ RaceHorse.IsHit5                 : int  0 0 1 0 0 1 0 1 0 0 ...
 $ RaceHorse.IsHit6                 : int  0 1 0 1 1 0 0 0 1 0 ...
 $ RaceHorse.IsValidRaceHorse       : logi  TRUE TRUE TRUE TRUE TRUE TRUE ...
 $ RaceHorse.IsHitA                 : int  1 0 0 0 0 0 1 0 0 1 ...
 $ RaceHorse.IsHitB                 : int  1 0 0 0 0 0 1 0 0 1 ...
 $ RaceHorse.IsHitC                 : int  1 0 0 0 0 0 1 0 0 1 ...
 $ Jockey.KisyuCode                 : Factor w/ 33 levels "01069","01089",..: 7 9 5 9 10 8 3 3 10 11 ...
 $ Jockey.TimeSdvByRaceAvg          : num  4.39e-01 3.65e-02 -8.45e-05 -1.42e-01 2.61e-01 ...
 $ Jockey.TimeSdvByRaceMin          : num  -2.15 -1.65 -1.12 -1.72 -2.9 ...
 $ Jockey.TimeSdvByRaceMax          : num  1.92 1.447 0.576 1.264 1.993 ...
 $ Jockey.OrderOfFinishSdvAvg       : num  0.4127 -0.127 0.0295 -0.1444 0.3149 ...
 $ Jockey.RunCount                  : int  24 34 6 14 62 6 56 19 11 17 ...
 $ Jockey.HitCount1                 : int  6 1 0 1 6 0 7 0 2 1 ...
 $ Jockey.HitCount2                 : int  2 5 1 0 8 1 8 2 2 1 ...
 $ Jockey.HitCount3                 : int  3 2 0 2 9 0 10 2 0 1 ...
 $ Jockey.HitCount4                 : int  1 2 0 1 9 1 5 2 1 3 ...
 $ Jockey.HitCount5                 : int  1 3 2 1 5 2 5 1 2 1 ...
 $ Jockey.HitRate1                  : num  0.25 0.0294 0 0.0714 0.0968 ...
 $ Jockey.HitRate2                  : num  0.0833 0.1471 0.1667 0 0.129 ...
 $ Jockey.HitRate3                  : num  0.125 0.0588 0 0.1429 0.1452 ...
 $ Jockey.HitRate4                  : num  0.0417 0.0588 0 0.0714 0.1452 ...
 $ Jockey.HitRate5                  : num  0.0417 0.0882 0.3333 0.0714 0.0806 ...
 $ EOF                              : int  1 1 1 1 1 1 1 1 1 1 ...
[1] "2022-02-21 22:12:59 --- RxSqlServerData Finish ---"
[1] "2022-02-21 22:12:59 --- subset Start ---"
[1] "--------------------------------------------------------------------------------"
[1] "nrow(data) subset before=2516"
[1] "nrow(data) subset after =2516"
[1] "nrow(data) subset diff =0"
[1] "--------------------------------------------------------------------------------"
[1] "2022-02-21 22:12:59 --- subset Finish---"
[1] "2022-02-21 22:12:59 --- transform Start ---"
[1] "--------------------------------------------------------------------------------"
[1] "nrow(data) transform before=2516"
[1] "nrow(data) transform after=2516"
[1] "nrow(data) transform diff=0"
[1] "--------------------------------------------------------------------------------"
[1] "str(data)="
'data.frame':	2516 obs. of  39 variables:
 $ Race.RaceId                      : Factor w/ 213 levels "20160123-07-01-03-05",..: 8 1 2 3 4 9 6 10 10 10 ...
 $ Race.IsPredictedRace             : logi  TRUE TRUE TRUE TRUE TRUE TRUE ...
 $ Race.IsAnalyzeNormalPastAndFuture: logi  TRUE TRUE TRUE TRUE TRUE TRUE ...
 $ Race.IsAnalyzeNormalPast         : logi  TRUE TRUE TRUE TRUE TRUE TRUE ...
 $ Race.IsAnalyzeNormalFuture       : logi  FALSE FALSE FALSE FALSE FALSE FALSE ...
 $ Race.IsAnalyzeFullPastAndFuture  : logi  TRUE TRUE TRUE TRUE TRUE TRUE ...
 $ Race.IsAnalyzeFullPast           : logi  TRUE TRUE TRUE TRUE TRUE TRUE ...
 $ Race.IsAnalyzeFullFuture         : logi  FALSE FALSE FALSE FALSE FALSE FALSE ...
 $ Race.JyokenCd                    : Factor w/ 1 level "1": 1 1 1 1 1 1 1 1 1 1 ...
 $ Race.RaceType1Cd                 : Factor w/ 5 levels "3-1-X","3-1-E",..: 2 1 2 2 1 4 1 2 2 2 ...
 $ RaceHorse.RaceId                 : Factor w/ 213 levels "20160123-07-01-03-05",..: 8 1 2 3 4 9 6 10 10 10 ...
 $ RaceHorse.KettoNum               : Factor w/ 478 levels "2009104662","2011106614",..: 11 12 10 13 14 9 15 3 16 17 ...
 $ RaceHorse.IsHit1                 : int  1 0 0 0 0 0 1 0 0 1 ...
 $ RaceHorse.IsHit2                 : int  0 0 0 0 0 0 0 0 0 0 ...
 $ RaceHorse.IsHit3                 : int  0 0 0 0 0 0 0 0 0 0 ...
 $ RaceHorse.IsHit4                 : int  0 0 0 0 0 0 0 0 0 0 ...
 $ RaceHorse.IsHit5                 : int  0 0 1 0 0 1 0 1 0 0 ...
 $ RaceHorse.IsHit6                 : int  0 1 0 1 1 0 0 0 1 0 ...
 $ RaceHorse.IsValidRaceHorse       : logi  TRUE TRUE TRUE TRUE TRUE TRUE ...
 $ RaceHorse.IsHitA                 : int  1 0 0 0 0 0 1 0 0 1 ...
 $ RaceHorse.IsHitB                 : int  1 0 0 0 0 0 1 0 0 1 ...
 $ RaceHorse.IsHitC                 : int  1 0 0 0 0 0 1 0 0 1 ...
 $ Jockey.KisyuCode                 : Factor w/ 33 levels "01069","01089",..: 7 9 5 9 10 8 3 3 10 11 ...
 $ Jockey.TimeSdvByRaceAvg          : num  4.39e-01 3.65e-02 -8.45e-05 -1.42e-01 2.61e-01 ...
 $ Jockey.TimeSdvByRaceMin          : num  -2.15 -1.65 -1.12 -1.72 -2.9 ...
 $ Jockey.TimeSdvByRaceMax          : num  1.92 1.447 0.576 1.264 1.993 ...
 $ Jockey.OrderOfFinishSdvAvg       : num  0.4127 -0.127 0.0295 -0.1444 0.3149 ...
 $ Jockey.RunCount                  : int  24 34 6 14 62 6 56 19 11 17 ...
 $ Jockey.HitCount1                 : int  6 1 0 1 6 0 7 0 2 1 ...
 $ Jockey.HitCount2                 : int  2 5 1 0 8 1 8 2 2 1 ...
 $ Jockey.HitCount3                 : int  3 2 0 2 9 0 10 2 0 1 ...
 $ Jockey.HitCount4                 : int  1 2 0 1 9 1 5 2 1 3 ...
 $ Jockey.HitCount5                 : int  1 3 2 1 5 2 5 1 2 1 ...
 $ Jockey.HitRate1                  : num  0.25 0.0294 0 0.0714 0.0968 ...
 $ Jockey.HitRate2                  : num  0.0833 0.1471 0.1667 0 0.129 ...
 $ Jockey.HitRate3                  : num  0.125 0.0588 0 0.1429 0.1452 ...
 $ Jockey.HitRate4                  : num  0.0417 0.0588 0 0.0714 0.1452 ...
 $ Jockey.HitRate5                  : num  0.0417 0.0882 0.3333 0.0714 0.0806 ...
 $ EOF                              : int  1 1 1 1 1 1 1 1 1 1 ...
NULL
[1] "2022-02-21 22:13:00 --- transform Finish ---"
[1] "2022-02-21 22:13:00 --- na.omit Start ---"
[1] "--------------------------------------------------------------------------------"
[1] "nrow(data) na.omit before=2516"
[1] "nrow(data) na.omit after =2516"
[1] "nrow(data) na.omit diff =0"
[1] "--------------------------------------------------------------------------------"
'data.frame':	2516 obs. of  39 variables:
 $ Race.RaceId                      : Factor w/ 213 levels "20160123-07-01-03-05",..: 8 1 2 3 4 9 6 10 10 10 ...
 $ Race.IsPredictedRace             : logi  TRUE TRUE TRUE TRUE TRUE TRUE ...
 $ Race.IsAnalyzeNormalPastAndFuture: logi  TRUE TRUE TRUE TRUE TRUE TRUE ...
 $ Race.IsAnalyzeNormalPast         : logi  TRUE TRUE TRUE TRUE TRUE TRUE ...
 $ Race.IsAnalyzeNormalFuture       : logi  FALSE FALSE FALSE FALSE FALSE FALSE ...
 $ Race.IsAnalyzeFullPastAndFuture  : logi  TRUE TRUE TRUE TRUE TRUE TRUE ...
 $ Race.IsAnalyzeFullPast           : logi  TRUE TRUE TRUE TRUE TRUE TRUE ...
 $ Race.IsAnalyzeFullFuture         : logi  FALSE FALSE FALSE FALSE FALSE FALSE ...
 $ Race.JyokenCd                    : Factor w/ 1 level "1": 1 1 1 1 1 1 1 1 1 1 ...
 $ Race.RaceType1Cd                 : Factor w/ 5 levels "3-1-X","3-1-E",..: 2 1 2 2 1 4 1 2 2 2 ...
 $ RaceHorse.RaceId                 : Factor w/ 213 levels "20160123-07-01-03-05",..: 8 1 2 3 4 9 6 10 10 10 ...
 $ RaceHorse.KettoNum               : Factor w/ 478 levels "2009104662","2011106614",..: 11 12 10 13 14 9 15 3 16 17 ...
 $ RaceHorse.IsHit1                 : int  1 0 0 0 0 0 1 0 0 1 ...
 $ RaceHorse.IsHit2                 : int  0 0 0 0 0 0 0 0 0 0 ...
 $ RaceHorse.IsHit3                 : int  0 0 0 0 0 0 0 0 0 0 ...
 $ RaceHorse.IsHit4                 : int  0 0 0 0 0 0 0 0 0 0 ...
 $ RaceHorse.IsHit5                 : int  0 0 1 0 0 1 0 1 0 0 ...
 $ RaceHorse.IsHit6                 : int  0 1 0 1 1 0 0 0 1 0 ...
 $ RaceHorse.IsValidRaceHorse       : logi  TRUE TRUE TRUE TRUE TRUE TRUE ...
 $ RaceHorse.IsHitA                 : int  1 0 0 0 0 0 1 0 0 1 ...
 $ RaceHorse.IsHitB                 : int  1 0 0 0 0 0 1 0 0 1 ...
 $ RaceHorse.IsHitC                 : int  1 0 0 0 0 0 1 0 0 1 ...
 $ Jockey.KisyuCode                 : Factor w/ 33 levels "01069","01089",..: 7 9 5 9 10 8 3 3 10 11 ...
 $ Jockey.TimeSdvByRaceAvg          : num  4.39e-01 3.65e-02 -8.45e-05 -1.42e-01 2.61e-01 ...
 $ Jockey.TimeSdvByRaceMin          : num  -2.15 -1.65 -1.12 -1.72 -2.9 ...
 $ Jockey.TimeSdvByRaceMax          : num  1.92 1.447 0.576 1.264 1.993 ...
 $ Jockey.OrderOfFinishSdvAvg       : num  0.4127 -0.127 0.0295 -0.1444 0.3149 ...
 $ Jockey.RunCount                  : int  24 34 6 14 62 6 56 19 11 17 ...
 $ Jockey.HitCount1                 : int  6 1 0 1 6 0 7 0 2 1 ...
 $ Jockey.HitCount2                 : int  2 5 1 0 8 1 8 2 2 1 ...
 $ Jockey.HitCount3                 : int  3 2 0 2 9 0 10 2 0 1 ...
 $ Jockey.HitCount4                 : int  1 2 0 1 9 1 5 2 1 3 ...
 $ Jockey.HitCount5                 : int  1 3 2 1 5 2 5 1 2 1 ...
 $ Jockey.HitRate1                  : num  0.25 0.0294 0 0.0714 0.0968 ...
 $ Jockey.HitRate2                  : num  0.0833 0.1471 0.1667 0 0.129 ...
 $ Jockey.HitRate3                  : num  0.125 0.0588 0 0.1429 0.1452 ...
 $ Jockey.HitRate4                  : num  0.0417 0.0588 0 0.0714 0.1452 ...
 $ Jockey.HitRate5                  : num  0.0417 0.0882 0.3333 0.0714 0.0806 ...
 $ EOF                              : int  1 1 1 1 1 1 1 1 1 1 ...
[1] "2022-02-21 22:13:00 --- na.omit Finish ---"
[1] "2022-02-21 22:13:00 --- rxGlm with rxStepControl Start ---"

> print(paste0(Sys.time(), " --- source_logic_glm.R Start ---"))
[1] "2022-02-21 22:13:00 --- source_logic_glm.R Start ---"

> formula <- formula(RaceHorse.IsHitA ~ +1 + Jockey.OrderOfFinishSdvAvg)

> print(paste0(Sys.time(), " --- source_logic_glm.R Finished ---"))
[1] "2022-02-21 22:13:01 --- source_logic_glm.R Finished ---"
Rows Read: 2516, Total Rows Processed: 2516, Total Chunk Time: 0.001 seconds 

Starting values (iteration 1) time: 0.007 secs.
Rows Read: 2516, Total Rows Processed: 2516, Total Chunk Time: 0.002 seconds 

Iteration 2 time: 0.008 secs.
Rows Read: 2516, Total Rows Processed: 2516, Total Chunk Time: 0.002 seconds 

Iteration 3 time: 0.007 secs.
Rows Read: 2516, Total Rows Processed: 2516, Total Chunk Time: Less than .001 seconds 

Iteration 4 time: 0.011 secs.
Rows Read: 2516, Total Rows Processed: 2516, Total Chunk Time: 0.002 seconds 

Iteration 5 time: 0.007 secs.

Elapsed computation time: 0.084 secs.
Rows Read: 2516, Total Rows Processed: 2516, Total Chunk Time: 0.001 seconds 

Starting values (iteration 1) time: 0.006 secs.
Rows Read: 2516, Total Rows Processed: 2516, Total Chunk Time: Less than .001 seconds 

Iteration 2 time: 0.016 secs.

Elapsed computation time: 0.040 secs.
Rows Read: 2516, Total Rows Processed: 2516, Total Chunk Time: 0.001 seconds 

Starting values (iteration 1) time: 0.005 secs.
Rows Read: 2516, Total Rows Processed: 2516, Total Chunk Time: 0.001 seconds 

Iteration 2 time: 0.009 secs.
Rows Read: 2516, Total Rows Processed: 2516, Total Chunk Time: 0.001 seconds 

Iteration 3 time: 0.008 secs.
Rows Read: 2516, Total Rows Processed: 2516, Total Chunk Time: 0.001 seconds 

Iteration 4 time: 0.014 secs.
Rows Read: 2516, Total Rows Processed: 2516, Total Chunk Time: 0.002 seconds 

Iteration 5 time: 0.005 secs.

Elapsed computation time: 0.094 secs.

Elapsed computation time: 0.252 secs.
[1] "--------------------------------------------------------------------------------"
[1] "analyze.results.glm.step="
Logistic Regression Results for: RaceHorse.IsHitA ~
    Jockey.OrderOfFinishSdvAvg
Data: data
Dependent variable(s): RaceHorse.IsHitA
Total independent variables: 2 
Number of valid observations: 2516
Number of missing observations: 0 
 
Coefficients:
                           RaceHorse.IsHitA
(Intercept)                              -2
Jockey.OrderOfFinishSdvAvg                1
[1] "analyze.results.glm.step.summary"
Call:
rxLogit(formula = formula, data = data, variableSelection = analyze.results.glm.step.varsel)

Logistic Regression Results for: RaceHorse.IsHitA ~
    Jockey.OrderOfFinishSdvAvg
Data: data
Dependent variable(s): RaceHorse.IsHitA
Total independent variables: 2 
Number of valid observations: 2516
Number of missing observations: 0 
-2*LogLikelihood: 1417.977 (Residual deviance on 2514 degrees of freedom)
 
Coefficients:
                           Estimate Std. Error z value Pr(>|z|)    
(Intercept)                  -2.495      0.079  -31.59  2.2e-16 ***
Jockey.OrderOfFinishSdvAvg    1.221      0.195    6.27  3.6e-10 ***
---
Signif. codes:  0 '***' 0.001 '**' 0.01 '*' 0.05 '.' 0.1 ' ' 1

Condition number of final variance-covariance matrix: 1 
Number of iterations: 5
[1] "--------------------------------------------------------------------------------"
[1] "2022-02-21 22:13:01 --- rxGlm with rxStepControl Finish ---"
[1] "2022-02-21 22:13:01 --- rxStepPlot Start ---"
[1] "pdfFilename=pdf_analyze_glm_Jockey_Type31_rxStepPlot.pdf"
[1] "rxStepPlot="
[1] "2022-02-21 22:13:12 --- rxStepPlot Finish ---"
[1] "2022-02-21 22:13:12 --- save.image Start ---"
[1] "save.image"
[1] "rdataFilename=RData_analyze_glm_Jockey_Type31.RData"
[1] "2022-02-21 22:13:20 --- save.image Finish ---"
[1] "2022-02-21 22:13:20 --- final Start ---"
[1] "--------------------------------------------------------------------------------"
[1] "nrow(data) final=2516"
[1] "--------------------------------------------------------------------------------"
[1] "2022-02-21 22:13:20 --- final Finish ---"
[1] "2022-02-21 22:13:20 --- analyze_glm.R Finished ---"
[1] "2022-02-21 22:13:20 --- log Finish ---"
