[1] "2022-02-21 22:16:41 --- D1115_analyze_glm_Odds_IsHitA_Type14 Start ---"
[1] "2022-02-21 22:16:41 --- Log Start ---"
[1] "2022-02-21 22:16:41 --- analyze_glm.R Start ---"
[1] "analyzeVersion=D1115"
[1] "analyzeCategory=analyze"
[1] "analyzeType=Odds"
[1] "analyzeFamily=IsHitA"
[1] "analyzeFunc=glm"
[1] "analyzeTrackTypeCd=1"
[1] "analyzeJyokenCd=4"
[1] "2022-02-21 22:16:41 --- source_function.R Start ---"
[1] "2022-02-21 22:16:41 --- source_function.R Finished ---"

> print(paste0(Sys.time(), " --- source_library.R Start ---"))
[1] "2022-02-21 22:16:41 --- source_library.R Start ---"

> require("RevoScaleR")

> print(paste0(Sys.time(), " --- source_library.R Finished ---"))
[1] "2022-02-21 22:16:47 --- source_library.R Finished ---"
[1] "2022-02-21 22:16:47 --- RxSqlServerData Start ---"
[1] "2022-02-21 22:16:47 --- RxInSqlServer Start ---"
[1] "2022-02-21 22:16:47 --- RxInSqlServer Finish ---"
[1] "2022-02-21 22:16:47 --- rxSetComputeContext Start ---"
[1] "2022-02-21 22:16:47 --- rxSetComputeContext Finish ---"
[1] "2022-02-21 22:16:47 --- RxSqlServerData Start ---"
[1] "sqlQuery=SELECT * FROM ViewAnalyzeD1115analyze01OddsType14"
[1] "2022-02-21 22:16:47 --- RxSqlServerData Finish ---"
[1] "2022-02-21 22:16:47 --- rxGetVarInfo Start ---"
[1] "2022-02-21 22:16:47 --- rxGetVarInfo Finish---"
[1] "2022-02-21 22:16:47 --- rxImport Start ---"
Rows Read: 30570, Total Rows Processed: 30570, Total Chunk Time: 1.428 seconds 
[1] "2022-02-21 22:16:51 --- rxImport Finish ---"
[1] "object.size(data) auto=5.2 Mb"
[1] "--------------------------------------------------------------------------------"
[1] "nrow(data) RxSqlServerData=30570"
[1] "--------------------------------------------------------------------------------"
[1] "str(data)="
'data.frame':	30570 obs. of  30 variables:
 $ Race.RaceId                      : Factor w/ 2247 levels "20160116-06-01-05-09",..: 2 2 2 2 2 2 2 2 2 2 ...
 $ Race.IsPredictedRace             : logi  TRUE TRUE TRUE TRUE TRUE TRUE ...
 $ Race.IsAnalyzeNormalPastAndFuture: logi  TRUE TRUE TRUE TRUE TRUE TRUE ...
 $ Race.IsAnalyzeNormalPast         : logi  TRUE TRUE TRUE TRUE TRUE TRUE ...
 $ Race.IsAnalyzeNormalFuture       : logi  FALSE FALSE FALSE FALSE FALSE FALSE ...
 $ Race.IsAnalyzeFullPastAndFuture  : logi  TRUE TRUE TRUE TRUE TRUE TRUE ...
 $ Race.IsAnalyzeFullPast           : logi  TRUE TRUE TRUE TRUE TRUE TRUE ...
 $ Race.IsAnalyzeFullFuture         : logi  FALSE FALSE FALSE FALSE FALSE FALSE ...
 $ Race.JyokenCd                    : Factor w/ 1 level "4": 1 1 1 1 1 1 1 1 1 1 ...
 $ Race.RaceType1Cd                 : Factor w/ 2 levels "1-4-E","1-4-X": 2 2 2 2 2 2 2 2 2 2 ...
 $ RaceHorse.RaceId                 : Factor w/ 2247 levels "20160116-06-01-05-09",..: 2 2 2 2 2 2 2 2 2 2 ...
 $ RaceHorse.KettoNum               : Factor w/ 6943 levels "2013104604","2013101381",..: 11 12 13 14 15 16 17 18 19 20 ...
 $ RaceHorse.IsHit1                 : int  0 0 0 1 0 0 0 0 0 0 ...
 $ RaceHorse.IsHit2                 : int  0 1 0 0 0 0 0 0 0 0 ...
 $ RaceHorse.IsHit3                 : int  0 0 0 0 0 1 0 0 0 0 ...
 $ RaceHorse.IsHit4                 : int  0 0 0 0 0 0 0 0 0 1 ...
 $ RaceHorse.IsHit5                 : int  0 0 0 0 1 0 0 0 0 0 ...
 $ RaceHorse.IsHit6                 : int  1 0 1 0 0 0 1 1 1 0 ...
 $ RaceHorse.IsValidRaceHorse       : logi  TRUE TRUE TRUE TRUE TRUE TRUE ...
 $ RaceHorse.IsHitA                 : int  0 0 0 1 0 0 0 0 0 0 ...
 $ RaceHorse.IsHitB                 : int  0 1 0 1 0 0 0 0 0 0 ...
 $ RaceHorse.IsHitC                 : int  0 1 0 1 0 1 0 0 0 0 ...
 $ OddsByWin.Odds1                  : num  240.5 3.9 295.4 1.6 9.6 ...
 $ OddsByWin.Ninki                  : num  9 2 10 1 4 3 6 8 7 5 ...
 $ OddsByWin.OddsLog1               : num  5.487 1.589 5.692 0.956 2.361 ...
 $ OddsByWin.OddsRatio1             : num  0.00418 0.34483 0.0034 1.66667 0.11628 ...
 $ OddsByWin.OddsLogit1             : num  -5.48 -1.36 -5.69 -0.47 -2.26 ...
 $ OddsByWin.ApprovalRate1          : num  0.00416 0.25641 0.00339 0.625 0.10417 ...
 $ OddsByWin.ApprovalRateLog1       : num  0.00415 0.22826 0.00338 0.48551 0.09909 ...
 $ EOF                              : int  1 1 1 1 1 1 1 1 1 1 ...
[1] "2022-02-21 22:16:51 --- RxSqlServerData Finish ---"
[1] "2022-02-21 22:16:51 --- subset Start ---"
[1] "--------------------------------------------------------------------------------"
[1] "nrow(data) subset before=30570"
[1] "nrow(data) subset after =30570"
[1] "nrow(data) subset diff =0"
[1] "--------------------------------------------------------------------------------"
[1] "2022-02-21 22:16:51 --- subset Finish---"
[1] "2022-02-21 22:16:51 --- transform Start ---"
[1] "--------------------------------------------------------------------------------"
[1] "nrow(data) transform before=30570"
[1] "nrow(data) transform after=30570"
[1] "nrow(data) transform diff=0"
[1] "--------------------------------------------------------------------------------"
[1] "str(data)="
'data.frame':	30570 obs. of  30 variables:
 $ Race.RaceId                      : Factor w/ 2247 levels "20160116-06-01-05-09",..: 2 2 2 2 2 2 2 2 2 2 ...
 $ Race.IsPredictedRace             : logi  TRUE TRUE TRUE TRUE TRUE TRUE ...
 $ Race.IsAnalyzeNormalPastAndFuture: logi  TRUE TRUE TRUE TRUE TRUE TRUE ...
 $ Race.IsAnalyzeNormalPast         : logi  TRUE TRUE TRUE TRUE TRUE TRUE ...
 $ Race.IsAnalyzeNormalFuture       : logi  FALSE FALSE FALSE FALSE FALSE FALSE ...
 $ Race.IsAnalyzeFullPastAndFuture  : logi  TRUE TRUE TRUE TRUE TRUE TRUE ...
 $ Race.IsAnalyzeFullPast           : logi  TRUE TRUE TRUE TRUE TRUE TRUE ...
 $ Race.IsAnalyzeFullFuture         : logi  FALSE FALSE FALSE FALSE FALSE FALSE ...
 $ Race.JyokenCd                    : Factor w/ 1 level "4": 1 1 1 1 1 1 1 1 1 1 ...
 $ Race.RaceType1Cd                 : Factor w/ 2 levels "1-4-E","1-4-X": 2 2 2 2 2 2 2 2 2 2 ...
 $ RaceHorse.RaceId                 : Factor w/ 2247 levels "20160116-06-01-05-09",..: 2 2 2 2 2 2 2 2 2 2 ...
 $ RaceHorse.KettoNum               : Factor w/ 6943 levels "2013104604","2013101381",..: 11 12 13 14 15 16 17 18 19 20 ...
 $ RaceHorse.IsHit1                 : int  0 0 0 1 0 0 0 0 0 0 ...
 $ RaceHorse.IsHit2                 : int  0 1 0 0 0 0 0 0 0 0 ...
 $ RaceHorse.IsHit3                 : int  0 0 0 0 0 1 0 0 0 0 ...
 $ RaceHorse.IsHit4                 : int  0 0 0 0 0 0 0 0 0 1 ...
 $ RaceHorse.IsHit5                 : int  0 0 0 0 1 0 0 0 0 0 ...
 $ RaceHorse.IsHit6                 : int  1 0 1 0 0 0 1 1 1 0 ...
 $ RaceHorse.IsValidRaceHorse       : logi  TRUE TRUE TRUE TRUE TRUE TRUE ...
 $ RaceHorse.IsHitA                 : int  0 0 0 1 0 0 0 0 0 0 ...
 $ RaceHorse.IsHitB                 : int  0 1 0 1 0 0 0 0 0 0 ...
 $ RaceHorse.IsHitC                 : int  0 1 0 1 0 1 0 0 0 0 ...
 $ OddsByWin.Odds1                  : num  240.5 3.9 295.4 1.6 9.6 ...
 $ OddsByWin.Ninki                  : num  9 2 10 1 4 3 6 8 7 5 ...
 $ OddsByWin.OddsLog1               : num  5.487 1.589 5.692 0.956 2.361 ...
 $ OddsByWin.OddsRatio1             : num  0.00418 0.34483 0.0034 1.66667 0.11628 ...
 $ OddsByWin.OddsLogit1             : num  -5.48 -1.36 -5.69 -0.47 -2.26 ...
 $ OddsByWin.ApprovalRate1          : num  0.00416 0.25641 0.00339 0.625 0.10417 ...
 $ OddsByWin.ApprovalRateLog1       : num  0.00415 0.22826 0.00338 0.48551 0.09909 ...
 $ EOF                              : int  1 1 1 1 1 1 1 1 1 1 ...
NULL
[1] "2022-02-21 22:16:52 --- transform Finish ---"
[1] "2022-02-21 22:16:52 --- na.omit Start ---"
[1] "--------------------------------------------------------------------------------"
[1] "nrow(data) na.omit before=30570"
[1] "nrow(data) na.omit after =30474"
[1] "nrow(data) na.omit diff =96"
[1] "--------------------------------------------------------------------------------"
'data.frame':	30474 obs. of  30 variables:
 $ Race.RaceId                      : Factor w/ 2247 levels "20160116-06-01-05-09",..: 2 2 2 2 2 2 2 2 2 2 ...
 $ Race.IsPredictedRace             : logi  TRUE TRUE TRUE TRUE TRUE TRUE ...
 $ Race.IsAnalyzeNormalPastAndFuture: logi  TRUE TRUE TRUE TRUE TRUE TRUE ...
 $ Race.IsAnalyzeNormalPast         : logi  TRUE TRUE TRUE TRUE TRUE TRUE ...
 $ Race.IsAnalyzeNormalFuture       : logi  FALSE FALSE FALSE FALSE FALSE FALSE ...
 $ Race.IsAnalyzeFullPastAndFuture  : logi  TRUE TRUE TRUE TRUE TRUE TRUE ...
 $ Race.IsAnalyzeFullPast           : logi  TRUE TRUE TRUE TRUE TRUE TRUE ...
 $ Race.IsAnalyzeFullFuture         : logi  FALSE FALSE FALSE FALSE FALSE FALSE ...
 $ Race.JyokenCd                    : Factor w/ 1 level "4": 1 1 1 1 1 1 1 1 1 1 ...
 $ Race.RaceType1Cd                 : Factor w/ 2 levels "1-4-E","1-4-X": 2 2 2 2 2 2 2 2 2 2 ...
 $ RaceHorse.RaceId                 : Factor w/ 2247 levels "20160116-06-01-05-09",..: 2 2 2 2 2 2 2 2 2 2 ...
 $ RaceHorse.KettoNum               : Factor w/ 6943 levels "2013104604","2013101381",..: 11 12 13 14 15 16 17 18 19 20 ...
 $ RaceHorse.IsHit1                 : int  0 0 0 1 0 0 0 0 0 0 ...
 $ RaceHorse.IsHit2                 : int  0 1 0 0 0 0 0 0 0 0 ...
 $ RaceHorse.IsHit3                 : int  0 0 0 0 0 1 0 0 0 0 ...
 $ RaceHorse.IsHit4                 : int  0 0 0 0 0 0 0 0 0 1 ...
 $ RaceHorse.IsHit5                 : int  0 0 0 0 1 0 0 0 0 0 ...
 $ RaceHorse.IsHit6                 : int  1 0 1 0 0 0 1 1 1 0 ...
 $ RaceHorse.IsValidRaceHorse       : logi  TRUE TRUE TRUE TRUE TRUE TRUE ...
 $ RaceHorse.IsHitA                 : int  0 0 0 1 0 0 0 0 0 0 ...
 $ RaceHorse.IsHitB                 : int  0 1 0 1 0 0 0 0 0 0 ...
 $ RaceHorse.IsHitC                 : int  0 1 0 1 0 1 0 0 0 0 ...
 $ OddsByWin.Odds1                  : num  240.5 3.9 295.4 1.6 9.6 ...
 $ OddsByWin.Ninki                  : num  9 2 10 1 4 3 6 8 7 5 ...
 $ OddsByWin.OddsLog1               : num  5.487 1.589 5.692 0.956 2.361 ...
 $ OddsByWin.OddsRatio1             : num  0.00418 0.34483 0.0034 1.66667 0.11628 ...
 $ OddsByWin.OddsLogit1             : num  -5.48 -1.36 -5.69 -0.47 -2.26 ...
 $ OddsByWin.ApprovalRate1          : num  0.00416 0.25641 0.00339 0.625 0.10417 ...
 $ OddsByWin.ApprovalRateLog1       : num  0.00415 0.22826 0.00338 0.48551 0.09909 ...
 $ EOF                              : int  1 1 1 1 1 1 1 1 1 1 ...
 - attr(*, "na.action")= 'omit' Named int  113 648 1085 1346 1934 1945 2203 2324 2644 2752 ...
  ..- attr(*, "names")= chr  "113" "648" "1085" "1346" ...
[1] "2022-02-21 22:16:52 --- na.omit Finish ---"
[1] "2022-02-21 22:16:52 --- rxGlm with rxStepControl Start ---"

> print(paste0(Sys.time(), " --- source_logic_glm.R Start ---"))
[1] "2022-02-21 22:16:52 --- source_logic_glm.R Start ---"

> formula <- formula(RaceHorse.IsHitA ~ +1 + OddsByWin.OddsLogit1)

> print(paste0(Sys.time(), " --- source_logic_glm.R Finished ---"))
[1] "2022-02-21 22:16:52 --- source_logic_glm.R Finished ---"
Rows Read: 30474, Total Rows Processed: 30474, Total Chunk Time: 0.001 seconds 

Starting values (iteration 1) time: 0.016 secs.
Rows Read: 30474, Total Rows Processed: 30474, Total Chunk Time: 0.003 seconds 

Iteration 2 time: 0.009 secs.
Rows Read: 30474, Total Rows Processed: 30474, Total Chunk Time: 0.003 seconds 

Iteration 3 time: 0.006 secs.
Rows Read: 30474, Total Rows Processed: 30474, Total Chunk Time: 0.002 seconds 

Iteration 4 time: 0.006 secs.
Rows Read: 30474, Total Rows Processed: 30474, Total Chunk Time: 0.003 seconds 

Iteration 5 time: 0.006 secs.
Rows Read: 30474, Total Rows Processed: 30474, Total Chunk Time: 0.003 seconds 

Iteration 6 time: 0.006 secs.

Elapsed computation time: 0.074 secs.
Rows Read: 30474, Total Rows Processed: 30474, Total Chunk Time: 0.002 seconds 

Starting values (iteration 1) time: 0.008 secs.
Rows Read: 30474, Total Rows Processed: 30474, Total Chunk Time: 0.003 seconds 

Iteration 2 time: 0.008 secs.

Elapsed computation time: 0.027 secs.
Rows Read: 30474, Total Rows Processed: 30474, Total Chunk Time: 0.001 seconds 

Starting values (iteration 1) time: 0.007 secs.
Rows Read: 30474, Total Rows Processed: 30474, Total Chunk Time: 0.004 seconds 

Iteration 2 time: 0.011 secs.
Rows Read: 30474, Total Rows Processed: 30474, Total Chunk Time: 0.003 seconds 

Iteration 3 time: 0.006 secs.
Rows Read: 30474, Total Rows Processed: 30474, Total Chunk Time: 0.003 seconds 

Iteration 4 time: 0.006 secs.
Rows Read: 30474, Total Rows Processed: 30474, Total Chunk Time: 0.004 seconds 

Iteration 5 time: 0.007 secs.
Rows Read: 30474, Total Rows Processed: 30474, Total Chunk Time: 0.003 seconds 

Iteration 6 time: 0.007 secs.

Elapsed computation time: 0.071 secs.

Elapsed computation time: 0.190 secs.
[1] "--------------------------------------------------------------------------------"
[1] "analyze.results.glm.step="
Logistic Regression Results for: RaceHorse.IsHitA ~
    OddsByWin.OddsLogit1
Data: data
Dependent variable(s): RaceHorse.IsHitA
Total independent variables: 2 
Number of valid observations: 30474
Number of missing observations: 0 
 
Coefficients:
                     RaceHorse.IsHitA
(Intercept)                       0.3
OddsByWin.OddsLogit1              1.2
[1] "analyze.results.glm.step.summary"
Call:
rxLogit(formula = formula, data = data, variableSelection = analyze.results.glm.step.varsel)

Logistic Regression Results for: RaceHorse.IsHitA ~
    OddsByWin.OddsLogit1
Data: data
Dependent variable(s): RaceHorse.IsHitA
Total independent variables: 2 
Number of valid observations: 30474
Number of missing observations: 0 
-2*LogLikelihood: 13039.733 (Residual deviance on 30472 degrees of freedom)
 
Coefficients:
                     Estimate Std. Error z value Pr(>|z|)    
(Intercept)            0.2594     0.0541     4.8  1.6e-06 ***
OddsByWin.OddsLogit1   1.1570     0.0259    44.6  2.2e-16 ***
---
Signif. codes:  0 '***' 0.001 '**' 0.01 '*' 0.05 '.' 0.1 ' ' 1

Condition number of final variance-covariance matrix: 1 
Number of iterations: 6
[1] "--------------------------------------------------------------------------------"
[1] "2022-02-21 22:16:53 --- rxGlm with rxStepControl Finish ---"
[1] "2022-02-21 22:16:53 --- rxStepPlot Start ---"
[1] "pdfFilename=pdf_analyze_glm_Odds_Type14_rxStepPlot.pdf"
[1] "rxStepPlot="
[1] "2022-02-21 22:17:27 --- rxStepPlot Finish ---"
[1] "2022-02-21 22:17:27 --- save.image Start ---"
[1] "save.image"
[1] "rdataFilename=RData_analyze_glm_Odds_Type14.RData"
[1] "2022-02-21 22:17:31 --- save.image Finish ---"
[1] "2022-02-21 22:17:31 --- final Start ---"
[1] "--------------------------------------------------------------------------------"
[1] "nrow(data) final=30474"
[1] "--------------------------------------------------------------------------------"
[1] "2022-02-21 22:17:31 --- final Finish ---"
[1] "2022-02-21 22:17:31 --- analyze_glm.R Finished ---"
[1] "2022-02-21 22:17:31 --- log Finish ---"
