[1] "2022-02-21 22:10:06 --- D1115_analyze_glm_Gen02_IsHitA_Type25 Start ---"
[1] "2022-02-21 22:10:06 --- Log Start ---"
[1] "2022-02-21 22:10:06 --- analyze_glm.R Start ---"
[1] "analyzeVersion=D1115"
[1] "analyzeCategory=analyze"
[1] "analyzeType=Gen02"
[1] "analyzeFamily=IsHitA"
[1] "analyzeFunc=glm"
[1] "analyzeTrackTypeCd=2"
[1] "analyzeJyokenCd=5"
[1] "2022-02-21 22:10:06 --- source_function.R Start ---"
[1] "2022-02-21 22:10:06 --- source_function.R Finished ---"

> print(paste0(Sys.time(), " --- source_library.R Start ---"))
[1] "2022-02-21 22:10:06 --- source_library.R Start ---"

> require("RevoScaleR")

> print(paste0(Sys.time(), " --- source_library.R Finished ---"))
[1] "2022-02-21 22:10:12 --- source_library.R Finished ---"
[1] "2022-02-21 22:10:12 --- RxSqlServerData Start ---"
[1] "2022-02-21 22:10:12 --- RxInSqlServer Start ---"
[1] "2022-02-21 22:10:12 --- RxInSqlServer Finish ---"
[1] "2022-02-21 22:10:12 --- rxSetComputeContext Start ---"
[1] "2022-02-21 22:10:12 --- rxSetComputeContext Finish ---"
[1] "2022-02-21 22:10:12 --- RxSqlServerData Start ---"
[1] "sqlQuery=SELECT * FROM ViewAnalyzeD1115analyze01Gen02Type25"
[1] "2022-02-21 22:10:12 --- RxSqlServerData Finish ---"
[1] "2022-02-21 22:10:12 --- rxGetVarInfo Start ---"
[1] "2022-02-21 22:10:12 --- rxGetVarInfo Finish---"
[1] "2022-02-21 22:10:12 --- rxImport Start ---"
Rows Read: 42998, Total Rows Processed: 42998, Total Chunk Time: 503.094 seconds 
[1] "2022-02-21 22:35:45 --- rxImport Finish ---"
[1] "object.size(data) auto=10 Mb"
[1] "--------------------------------------------------------------------------------"
[1] "nrow(data) RxSqlServerData=42998"
[1] "--------------------------------------------------------------------------------"
[1] "str(data)="
'data.frame':	42998 obs. of  39 variables:
 $ Race.RaceId                      : Factor w/ 3266 levels "20160105-06-01-01-01",..: 2 2 2 2 2 2 2 2 2 2 ...
 $ Race.IsPredictedRace             : logi  TRUE TRUE TRUE TRUE TRUE TRUE ...
 $ Race.IsAnalyzeNormalPastAndFuture: logi  TRUE TRUE TRUE TRUE TRUE TRUE ...
 $ Race.IsAnalyzeNormalPast         : logi  TRUE TRUE TRUE TRUE TRUE TRUE ...
 $ Race.IsAnalyzeNormalFuture       : logi  FALSE FALSE FALSE FALSE FALSE FALSE ...
 $ Race.IsAnalyzeFullPastAndFuture  : logi  TRUE TRUE TRUE TRUE TRUE TRUE ...
 $ Race.IsAnalyzeFullPast           : logi  TRUE TRUE TRUE TRUE TRUE TRUE ...
 $ Race.IsAnalyzeFullFuture         : logi  FALSE FALSE FALSE FALSE FALSE FALSE ...
 $ Race.JyokenCd                    : Factor w/ 1 level "5": 1 1 1 1 1 1 1 1 1 1 ...
 $ Race.RaceType1Cd                 : Factor w/ 1 level "2-5-X": 1 1 1 1 1 1 1 1 1 1 ...
 $ RaceHorse.RaceId                 : Factor w/ 3266 levels "20160105-06-01-01-01",..: 2 2 2 2 2 2 2 2 2 2 ...
 $ RaceHorse.KettoNum               : Factor w/ 14837 levels "2013100107","2013100513",..: 11 12 13 14 15 16 17 18 19 20 ...
 $ RaceHorse.IsHit1                 : int  0 0 0 1 0 0 0 0 0 0 ...
 $ RaceHorse.IsHit2                 : int  0 0 0 0 0 0 0 0 0 0 ...
 $ RaceHorse.IsHit3                 : int  0 0 0 0 0 0 0 0 0 1 ...
 $ RaceHorse.IsHit4                 : int  0 0 0 0 0 0 0 0 0 0 ...
 $ RaceHorse.IsHit5                 : int  0 0 0 0 0 0 0 0 0 0 ...
 $ RaceHorse.IsHit6                 : int  1 1 1 0 1 1 1 1 1 0 ...
 $ RaceHorse.IsValidRaceHorse       : logi  TRUE TRUE TRUE TRUE TRUE TRUE ...
 $ RaceHorse.IsHitA                 : int  0 0 0 1 0 0 0 0 0 0 ...
 $ RaceHorse.IsHitB                 : int  0 0 0 1 0 0 0 0 0 0 ...
 $ RaceHorse.IsHitC                 : int  0 0 0 1 0 0 0 0 0 1 ...
 $ Gen02.HansyokuNum                : Factor w/ 8126 levels "12259507","12257716",..: 11 12 13 14 15 16 17 18 19 20 ...
 $ Gen02.TimeSdvByRaceAvg           : num  -1.8221 -0.2596 -0.3199 0.0777 -0.3169 ...
 $ Gen02.TimeSdvByRaceMin           : num  -1.822 -1.165 -0.377 -1.069 -0.658 ...
 $ Gen02.TimeSdvByRaceMax           : num  -1.822 0.646 -0.263 1.038 0.321 ...
 $ Gen02.OrderOfFinishSdvAvg        : num  -1.835 -0.467 -0.695 0.293 -0.391 ...
 $ Gen02.RunCount                   : int  1 2 2 3 3 5 4 1 4 3 ...
 $ Gen02.HitCount1                  : int  0 0 0 1 0 2 1 0 1 0 ...
 $ Gen02.HitCount2                  : int  0 0 0 0 0 0 0 0 0 0 ...
 $ Gen02.HitCount3                  : int  0 0 0 0 0 0 0 0 0 1 ...
 $ Gen02.HitCount4                  : int  0 0 0 0 0 0 0 0 0 1 ...
 $ Gen02.HitCount5                  : int  0 0 0 0 0 0 0 0 0 0 ...
 $ Gen02.HitRate1                   : num  0 0 0 0.333 0 ...
 $ Gen02.HitRate2                   : num  0 0 0 0 0 0 0 0 0 0 ...
 $ Gen02.HitRate3                   : num  0 0 0 0 0 ...
 $ Gen02.HitRate4                   : num  0 0 0 0 0 ...
 $ Gen02.HitRate5                   : num  0 0 0 0 0 0 0 0 0 0 ...
 $ EOF                              : int  1 1 1 1 1 1 1 1 1 1 ...
[1] "2022-02-21 22:35:45 --- RxSqlServerData Finish ---"
[1] "2022-02-21 22:35:45 --- subset Start ---"
[1] "--------------------------------------------------------------------------------"
[1] "nrow(data) subset before=42998"
[1] "nrow(data) subset after =42998"
[1] "nrow(data) subset diff =0"
[1] "--------------------------------------------------------------------------------"
[1] "2022-02-21 22:35:45 --- subset Finish---"
[1] "2022-02-21 22:35:45 --- transform Start ---"
[1] "--------------------------------------------------------------------------------"
[1] "nrow(data) transform before=42998"
[1] "nrow(data) transform after=42998"
[1] "nrow(data) transform diff=0"
[1] "--------------------------------------------------------------------------------"
[1] "str(data)="
'data.frame':	42998 obs. of  39 variables:
 $ Race.RaceId                      : Factor w/ 3266 levels "20160105-06-01-01-01",..: 2 2 2 2 2 2 2 2 2 2 ...
 $ Race.IsPredictedRace             : logi  TRUE TRUE TRUE TRUE TRUE TRUE ...
 $ Race.IsAnalyzeNormalPastAndFuture: logi  TRUE TRUE TRUE TRUE TRUE TRUE ...
 $ Race.IsAnalyzeNormalPast         : logi  TRUE TRUE TRUE TRUE TRUE TRUE ...
 $ Race.IsAnalyzeNormalFuture       : logi  FALSE FALSE FALSE FALSE FALSE FALSE ...
 $ Race.IsAnalyzeFullPastAndFuture  : logi  TRUE TRUE TRUE TRUE TRUE TRUE ...
 $ Race.IsAnalyzeFullPast           : logi  TRUE TRUE TRUE TRUE TRUE TRUE ...
 $ Race.IsAnalyzeFullFuture         : logi  FALSE FALSE FALSE FALSE FALSE FALSE ...
 $ Race.JyokenCd                    : Factor w/ 1 level "5": 1 1 1 1 1 1 1 1 1 1 ...
 $ Race.RaceType1Cd                 : Factor w/ 1 level "2-5-X": 1 1 1 1 1 1 1 1 1 1 ...
 $ RaceHorse.RaceId                 : Factor w/ 3266 levels "20160105-06-01-01-01",..: 2 2 2 2 2 2 2 2 2 2 ...
 $ RaceHorse.KettoNum               : Factor w/ 14837 levels "2013100107","2013100513",..: 11 12 13 14 15 16 17 18 19 20 ...
 $ RaceHorse.IsHit1                 : int  0 0 0 1 0 0 0 0 0 0 ...
 $ RaceHorse.IsHit2                 : int  0 0 0 0 0 0 0 0 0 0 ...
 $ RaceHorse.IsHit3                 : int  0 0 0 0 0 0 0 0 0 1 ...
 $ RaceHorse.IsHit4                 : int  0 0 0 0 0 0 0 0 0 0 ...
 $ RaceHorse.IsHit5                 : int  0 0 0 0 0 0 0 0 0 0 ...
 $ RaceHorse.IsHit6                 : int  1 1 1 0 1 1 1 1 1 0 ...
 $ RaceHorse.IsValidRaceHorse       : logi  TRUE TRUE TRUE TRUE TRUE TRUE ...
 $ RaceHorse.IsHitA                 : int  0 0 0 1 0 0 0 0 0 0 ...
 $ RaceHorse.IsHitB                 : int  0 0 0 1 0 0 0 0 0 0 ...
 $ RaceHorse.IsHitC                 : int  0 0 0 1 0 0 0 0 0 1 ...
 $ Gen02.HansyokuNum                : Factor w/ 8126 levels "12259507","12257716",..: 11 12 13 14 15 16 17 18 19 20 ...
 $ Gen02.TimeSdvByRaceAvg           : num  -1.8221 -0.2596 -0.3199 0.0777 -0.3169 ...
 $ Gen02.TimeSdvByRaceMin           : num  -1.822 -1.165 -0.377 -1.069 -0.658 ...
 $ Gen02.TimeSdvByRaceMax           : num  -1.822 0.646 -0.263 1.038 0.321 ...
 $ Gen02.OrderOfFinishSdvAvg        : num  -1.835 -0.467 -0.695 0.293 -0.391 ...
 $ Gen02.RunCount                   : int  1 2 2 3 3 5 4 1 4 3 ...
 $ Gen02.HitCount1                  : int  0 0 0 1 0 2 1 0 1 0 ...
 $ Gen02.HitCount2                  : int  0 0 0 0 0 0 0 0 0 0 ...
 $ Gen02.HitCount3                  : int  0 0 0 0 0 0 0 0 0 1 ...
 $ Gen02.HitCount4                  : int  0 0 0 0 0 0 0 0 0 1 ...
 $ Gen02.HitCount5                  : int  0 0 0 0 0 0 0 0 0 0 ...
 $ Gen02.HitRate1                   : num  0 0 0 0.333 0 ...
 $ Gen02.HitRate2                   : num  0 0 0 0 0 0 0 0 0 0 ...
 $ Gen02.HitRate3                   : num  0 0 0 0 0 ...
 $ Gen02.HitRate4                   : num  0 0 0 0 0 ...
 $ Gen02.HitRate5                   : num  0 0 0 0 0 0 0 0 0 0 ...
 $ EOF                              : int  1 1 1 1 1 1 1 1 1 1 ...
NULL
[1] "2022-02-21 22:35:46 --- transform Finish ---"
[1] "2022-02-21 22:35:46 --- na.omit Start ---"
[1] "--------------------------------------------------------------------------------"
[1] "nrow(data) na.omit before=42998"
[1] "nrow(data) na.omit after =42998"
[1] "nrow(data) na.omit diff =0"
[1] "--------------------------------------------------------------------------------"
'data.frame':	42998 obs. of  39 variables:
 $ Race.RaceId                      : Factor w/ 3266 levels "20160105-06-01-01-01",..: 2 2 2 2 2 2 2 2 2 2 ...
 $ Race.IsPredictedRace             : logi  TRUE TRUE TRUE TRUE TRUE TRUE ...
 $ Race.IsAnalyzeNormalPastAndFuture: logi  TRUE TRUE TRUE TRUE TRUE TRUE ...
 $ Race.IsAnalyzeNormalPast         : logi  TRUE TRUE TRUE TRUE TRUE TRUE ...
 $ Race.IsAnalyzeNormalFuture       : logi  FALSE FALSE FALSE FALSE FALSE FALSE ...
 $ Race.IsAnalyzeFullPastAndFuture  : logi  TRUE TRUE TRUE TRUE TRUE TRUE ...
 $ Race.IsAnalyzeFullPast           : logi  TRUE TRUE TRUE TRUE TRUE TRUE ...
 $ Race.IsAnalyzeFullFuture         : logi  FALSE FALSE FALSE FALSE FALSE FALSE ...
 $ Race.JyokenCd                    : Factor w/ 1 level "5": 1 1 1 1 1 1 1 1 1 1 ...
 $ Race.RaceType1Cd                 : Factor w/ 1 level "2-5-X": 1 1 1 1 1 1 1 1 1 1 ...
 $ RaceHorse.RaceId                 : Factor w/ 3266 levels "20160105-06-01-01-01",..: 2 2 2 2 2 2 2 2 2 2 ...
 $ RaceHorse.KettoNum               : Factor w/ 14837 levels "2013100107","2013100513",..: 11 12 13 14 15 16 17 18 19 20 ...
 $ RaceHorse.IsHit1                 : int  0 0 0 1 0 0 0 0 0 0 ...
 $ RaceHorse.IsHit2                 : int  0 0 0 0 0 0 0 0 0 0 ...
 $ RaceHorse.IsHit3                 : int  0 0 0 0 0 0 0 0 0 1 ...
 $ RaceHorse.IsHit4                 : int  0 0 0 0 0 0 0 0 0 0 ...
 $ RaceHorse.IsHit5                 : int  0 0 0 0 0 0 0 0 0 0 ...
 $ RaceHorse.IsHit6                 : int  1 1 1 0 1 1 1 1 1 0 ...
 $ RaceHorse.IsValidRaceHorse       : logi  TRUE TRUE TRUE TRUE TRUE TRUE ...
 $ RaceHorse.IsHitA                 : int  0 0 0 1 0 0 0 0 0 0 ...
 $ RaceHorse.IsHitB                 : int  0 0 0 1 0 0 0 0 0 0 ...
 $ RaceHorse.IsHitC                 : int  0 0 0 1 0 0 0 0 0 1 ...
 $ Gen02.HansyokuNum                : Factor w/ 8126 levels "12259507","12257716",..: 11 12 13 14 15 16 17 18 19 20 ...
 $ Gen02.TimeSdvByRaceAvg           : num  -1.8221 -0.2596 -0.3199 0.0777 -0.3169 ...
 $ Gen02.TimeSdvByRaceMin           : num  -1.822 -1.165 -0.377 -1.069 -0.658 ...
 $ Gen02.TimeSdvByRaceMax           : num  -1.822 0.646 -0.263 1.038 0.321 ...
 $ Gen02.OrderOfFinishSdvAvg        : num  -1.835 -0.467 -0.695 0.293 -0.391 ...
 $ Gen02.RunCount                   : int  1 2 2 3 3 5 4 1 4 3 ...
 $ Gen02.HitCount1                  : int  0 0 0 1 0 2 1 0 1 0 ...
 $ Gen02.HitCount2                  : int  0 0 0 0 0 0 0 0 0 0 ...
 $ Gen02.HitCount3                  : int  0 0 0 0 0 0 0 0 0 1 ...
 $ Gen02.HitCount4                  : int  0 0 0 0 0 0 0 0 0 1 ...
 $ Gen02.HitCount5                  : int  0 0 0 0 0 0 0 0 0 0 ...
 $ Gen02.HitRate1                   : num  0 0 0 0.333 0 ...
 $ Gen02.HitRate2                   : num  0 0 0 0 0 0 0 0 0 0 ...
 $ Gen02.HitRate3                   : num  0 0 0 0 0 ...
 $ Gen02.HitRate4                   : num  0 0 0 0 0 ...
 $ Gen02.HitRate5                   : num  0 0 0 0 0 0 0 0 0 0 ...
 $ EOF                              : int  1 1 1 1 1 1 1 1 1 1 ...
[1] "2022-02-21 22:35:46 --- na.omit Finish ---"
[1] "2022-02-21 22:35:46 --- rxGlm with rxStepControl Start ---"

> print(paste0(Sys.time(), " --- source_logic_glm.R Start ---"))
[1] "2022-02-21 22:35:46 --- source_logic_glm.R Start ---"

> formula <- formula(RaceHorse.IsHitA ~ +1 + Gen02.OrderOfFinishSdvAvg)

> print(paste0(Sys.time(), " --- source_logic_glm.R Finished ---"))
[1] "2022-02-21 22:35:46 --- source_logic_glm.R Finished ---"
Rows Read: 42998, Total Rows Processed: 42998, Total Chunk Time: 0.002 seconds 

Starting values (iteration 1) time: 0.013 secs.
Rows Read: 42998, Total Rows Processed: 42998, Total Chunk Time: 0.002 seconds 

Iteration 2 time: 0.009 secs.
Rows Read: 42998, Total Rows Processed: 42998, Total Chunk Time: 0.003 seconds 

Iteration 3 time: 0.005 secs.
Rows Read: 42998, Total Rows Processed: 42998, Total Chunk Time: 0.003 seconds 

Iteration 4 time: 0.005 secs.
Rows Read: 42998, Total Rows Processed: 42998, Total Chunk Time: 0.003 seconds 

Iteration 5 time: 0.005 secs.

Elapsed computation time: 0.051 secs.
Rows Read: 42998, Total Rows Processed: 42998, Total Chunk Time: Less than .001 seconds 

Starting values (iteration 1) time: 0.011 secs.
Rows Read: 42998, Total Rows Processed: 42998, Total Chunk Time: 0.002 seconds 

Iteration 2 time: 0.007 secs.

Elapsed computation time: 0.026 secs.
Rows Read: 42998, Total Rows Processed: 42998, Total Chunk Time: 0.001 seconds 

Starting values (iteration 1) time: 0.016 secs.
Rows Read: 42998, Total Rows Processed: 42998, Total Chunk Time: 0.002 seconds 

Iteration 2 time: 0.010 secs.
Rows Read: 42998, Total Rows Processed: 42998, Total Chunk Time: 0.002 seconds 

Iteration 3 time: 0.004 secs.
Rows Read: 42998, Total Rows Processed: 42998, Total Chunk Time: 0.003 seconds 

Iteration 4 time: 0.005 secs.
Rows Read: 42998, Total Rows Processed: 42998, Total Chunk Time: 0.004 seconds 

Iteration 5 time: 0.006 secs.

Elapsed computation time: 0.056 secs.

Elapsed computation time: 0.152 secs.
[1] "--------------------------------------------------------------------------------"
[1] "analyze.results.glm.step="
Logistic Regression Results for: RaceHorse.IsHitA ~
    Gen02.OrderOfFinishSdvAvg
Data: data
Dependent variable(s): RaceHorse.IsHitA
Total independent variables: 2 
Number of valid observations: 42998
Number of missing observations: 0 
 
Coefficients:
                          RaceHorse.IsHitA
(Intercept)                           -2.7
Gen02.OrderOfFinishSdvAvg              0.7
[1] "analyze.results.glm.step.summary"
Call:
rxLogit(formula = formula, data = data, variableSelection = analyze.results.glm.step.varsel)

Logistic Regression Results for: RaceHorse.IsHitA ~
    Gen02.OrderOfFinishSdvAvg
Data: data
Dependent variable(s): RaceHorse.IsHitA
Total independent variables: 2 
Number of valid observations: 42998
Number of missing observations: 0 
-2*LogLikelihood: 20705.028 (Residual deviance on 42996 degrees of freedom)
 
Coefficients:
                          Estimate Std. Error z value Pr(>|z|)    
(Intercept)                -2.7350     0.0214  -127.6  2.2e-16 ***
Gen02.OrderOfFinishSdvAvg   0.7316     0.0247    29.6  2.2e-16 ***
---
Signif. codes:  0 '***' 0.001 '**' 0.01 '*' 0.05 '.' 0.1 ' ' 1

Condition number of final variance-covariance matrix: 1 
Number of iterations: 5
[1] "--------------------------------------------------------------------------------"
[1] "2022-02-21 22:35:46 --- rxGlm with rxStepControl Finish ---"
[1] "2022-02-21 22:35:46 --- rxStepPlot Start ---"
[1] "pdfFilename=pdf_analyze_glm_Gen02_Type25_rxStepPlot.pdf"
[1] "rxStepPlot="
[1] "2022-02-21 22:35:46 --- rxStepPlot Finish ---"
[1] "2022-02-21 22:35:46 --- save.image Start ---"
[1] "save.image"
[1] "rdataFilename=RData_analyze_glm_Gen02_Type25.RData"
[1] "2022-02-21 22:35:47 --- save.image Finish ---"
[1] "2022-02-21 22:35:47 --- final Start ---"
[1] "--------------------------------------------------------------------------------"
[1] "nrow(data) final=42998"
[1] "--------------------------------------------------------------------------------"
[1] "2022-02-21 22:35:47 --- final Finish ---"
[1] "2022-02-21 22:35:47 --- analyze_glm.R Finished ---"
[1] "2022-02-21 22:35:47 --- log Finish ---"
