[1] "2022-02-26 17:57:00 --- D1115_analyze_glm_Gen01_IsHitA_Type24 Start ---"
[1] "2022-02-26 17:57:00 --- Log Start ---"
[1] "2022-02-26 17:57:00 --- analyze_glm.R Start ---"
[1] "analyzeVersion=D1115"
[1] "analyzeCategory=analyze"
[1] "analyzeType=Gen01"
[1] "analyzeFamily=IsHitA"
[1] "analyzeFunc=glm"
[1] "analyzeTrackTypeCd=2"
[1] "analyzeJyokenCd=4"
[1] "2022-02-26 17:57:01 --- source_function.R Start ---"
[1] "2022-02-26 17:57:01 --- source_function.R Finished ---"

> print(paste0(Sys.time(), " --- source_library.R Start ---"))
[1] "2022-02-26 17:57:01 --- source_library.R Start ---"

> require("RevoScaleR")

> print(paste0(Sys.time(), " --- source_library.R Finished ---"))
[1] "2022-02-26 17:57:01 --- source_library.R Finished ---"
[1] "2022-02-26 17:57:02 --- RxSqlServerData Start ---"
[1] "2022-02-26 17:57:02 --- RxInSqlServer Start ---"
[1] "2022-02-26 17:57:02 --- RxInSqlServer Finish ---"
[1] "2022-02-26 17:57:02 --- rxSetComputeContext Start ---"
[1] "2022-02-26 17:57:02 --- rxSetComputeContext Finish ---"
[1] "2022-02-26 17:57:02 --- RxSqlServerData Start ---"
[1] "sqlQuery=SELECT * FROM ViewAnalyzeD1115analyze01Gen01Type24"
[1] "2022-02-26 17:57:02 --- RxSqlServerData Finish ---"
[1] "2022-02-26 17:57:02 --- rxGetVarInfo Start ---"
[1] "2022-02-26 17:57:04 --- rxGetVarInfo Finish---"
[1] "2022-02-26 17:57:04 --- rxImport Start ---"
Rows Read: 39014, Total Rows Processed: 39014, Total Chunk Time: 465.851 seconds 
[1] "2022-02-26 18:22:05 --- rxImport Finish ---"
[1] "object.size(data) auto=11.9 Mb"
[1] "--------------------------------------------------------------------------------"
[1] "nrow(data) RxSqlServerData=39014"
[1] "--------------------------------------------------------------------------------"
[1] "str(data)="
'data.frame':	39014 obs. of  44 variables:
 $ Race.RaceId                      : Factor w/ 2833 levels "20160105-06-01-01-03",..: 5 6 7 8 8 9 10 11 12 13 ...
 $ Race.IsAnalyzeNormalPastAndFuture: logi  TRUE TRUE TRUE TRUE TRUE TRUE ...
 $ Race.IsAnalyzeNormalPast         : logi  TRUE TRUE TRUE TRUE TRUE TRUE ...
 $ Race.IsAnalyzeNormalFuture       : logi  FALSE FALSE FALSE FALSE FALSE FALSE ...
 $ Race.IsAnalyzeFullPastAndFuture  : logi  TRUE TRUE TRUE TRUE TRUE TRUE ...
 $ Race.IsAnalyzeFullPast           : logi  TRUE TRUE TRUE TRUE TRUE TRUE ...
 $ Race.IsAnalyzeFullFuture         : logi  FALSE FALSE FALSE FALSE FALSE FALSE ...
 $ Race.JyokenCd                    : Factor w/ 1 level "4": 1 1 1 1 1 1 1 1 1 1 ...
 $ Race.JyoType1Cd                  : Factor w/ 131 levels "2-06-1200-4-1",..: 4 5 6 7 7 8 9 10 7 7 ...
 $ Race.RaceType1Cd                 : Factor w/ 5 levels "2-4-X-1","2-4-X-2",..: 3 1 1 1 1 2 2 1 1 1 ...
 $ RaceHorse.RaceId                 : Factor w/ 2833 levels "20160105-06-01-01-03",..: 5 6 7 8 8 9 10 11 12 13 ...
 $ RaceHorse.KettoNum               : Factor w/ 7839 levels "2011104171","2011104597",..: 9 11 12 13 14 10 15 16 17 18 ...
 $ RaceHorse.IsHit1                 : num  0 0 0 1 0 0 0 0 0 0 ...
 $ RaceHorse.IsHit2                 : num  0 0 0 0 1 1 0 0 0 0 ...
 $ RaceHorse.IsHit3                 : num  1 0 0 0 0 0 0 0 0 0 ...
 $ RaceHorse.IsHit4                 : num  0 0 1 0 0 0 0 1 0 0 ...
 $ RaceHorse.IsHit5                 : num  0 0 0 0 0 0 0 0 0 0 ...
 $ RaceHorse.IsHit6                 : num  0 1 0 0 0 0 1 0 1 1 ...
 $ RaceHorse.IsValidRaceHorse       : logi  TRUE TRUE TRUE TRUE TRUE TRUE ...
 $ RaceHorse.TimeSdvByRace          : num  0.795 0.271 0.876 1.101 1.027 ...
 $ RaceHorse.TimeSdv                : num  0.3655 0.5817 -0.0269 0.9542 0.8698 ...
 $ RaceHorse.IsHitA                 : num  0 0 0 1 0 0 0 0 0 0 ...
 $ RaceHorse.IsHitB                 : num  0 0 0 1 1 1 0 0 0 0 ...
 $ RaceHorse.IsHitC                 : num  1 0 0 1 1 1 0 0 0 0 ...
 $ Gen01.HansyokuNum                : Factor w/ 428 levels "11201954","11201953",..: 2 3 1 1 1 1 1 1 1 1 ...
 $ Gen01.TimeSdvByRaceAvg           : num  0.2659 -0.0213 0.2339 0.2353 0.2353 ...
 $ Gen01.TimeSdvByRaceMin           : num  -0.755 -1.961 -2.819 -2.819 -2.819 ...
 $ Gen01.TimeSdvByRaceMax           : num  1.04 1.15 2.45 2.45 2.45 ...
 $ Gen01.TimeSdvAvg                 : num  0.149 0.181 0.245 0.244 0.244 ...
 $ Gen01.TimeSdvMin                 : num  -0.755 -1.271 -4.266 -4.266 -4.266 ...
 $ Gen01.TimeSdvMax                 : num  0.814 1.648 2.07 2.07 2.07 ...
 $ Gen01.OrderOfFinishSdvAvg        : num  -0.1926 -0.0554 0.198 0.1996 0.1996 ...
 $ Gen01.RunCount                   : num  4 22 437 438 438 387 386 438 437 440 ...
 $ Gen01.HitCount1                  : num  0 0 46 46 46 40 40 46 46 46 ...
 $ Gen01.HitCount2                  : num  1 0 36 36 36 42 42 36 36 36 ...
 $ Gen01.HitCount3                  : num  0 3 29 29 29 38 38 29 29 29 ...
 $ Gen01.HitCount4                  : num  0 3 33 34 34 30 30 34 34 35 ...
 $ Gen01.HitCount5                  : num  0 3 26 26 26 31 31 26 26 26 ...
 $ Gen01.HitRate1                   : num  0 0 0.105 0.105 0.105 ...
 $ Gen01.HitRate2                   : num  0.25 0 0.0824 0.0822 0.0822 ...
 $ Gen01.HitRate3                   : num  0 0.1364 0.0664 0.0662 0.0662 ...
 $ Gen01.HitRate4                   : num  0 0.1364 0.0755 0.0776 0.0776 ...
 $ Gen01.HitRate5                   : num  0 0.1364 0.0595 0.0594 0.0594 ...
 $ EOF                              : int  1 1 1 1 1 1 1 1 1 1 ...
[1] "2022-02-26 18:22:06 --- RxSqlServerData Finish ---"
[1] "2022-02-26 18:22:06 --- subset Start ---"
[1] "--------------------------------------------------------------------------------"
[1] "nrow(data) subset before=39014"
[1] "nrow(data) subset after =39014"
[1] "nrow(data) subset diff =0"
[1] "--------------------------------------------------------------------------------"
[1] "2022-02-26 18:22:06 --- subset Finish---"
[1] "2022-02-26 18:22:06 --- transform Start ---"
[1] "--------------------------------------------------------------------------------"
[1] "nrow(data) transform before=39014"
[1] "nrow(data) transform after=39014"
[1] "nrow(data) transform diff=0"
[1] "--------------------------------------------------------------------------------"
[1] "str(data)="
'data.frame':	39014 obs. of  44 variables:
 $ Race.RaceId                      : Factor w/ 2833 levels "20160105-06-01-01-03",..: 5 6 7 8 8 9 10 11 12 13 ...
 $ Race.IsAnalyzeNormalPastAndFuture: logi  TRUE TRUE TRUE TRUE TRUE TRUE ...
 $ Race.IsAnalyzeNormalPast         : logi  TRUE TRUE TRUE TRUE TRUE TRUE ...
 $ Race.IsAnalyzeNormalFuture       : logi  FALSE FALSE FALSE FALSE FALSE FALSE ...
 $ Race.IsAnalyzeFullPastAndFuture  : logi  TRUE TRUE TRUE TRUE TRUE TRUE ...
 $ Race.IsAnalyzeFullPast           : logi  TRUE TRUE TRUE TRUE TRUE TRUE ...
 $ Race.IsAnalyzeFullFuture         : logi  FALSE FALSE FALSE FALSE FALSE FALSE ...
 $ Race.JyokenCd                    : Factor w/ 1 level "4": 1 1 1 1 1 1 1 1 1 1 ...
 $ Race.JyoType1Cd                  : Factor w/ 131 levels "2-06-1200-4-1",..: 4 5 6 7 7 8 9 10 7 7 ...
 $ Race.RaceType1Cd                 : Factor w/ 5 levels "2-4-X-1","2-4-X-2",..: 3 1 1 1 1 2 2 1 1 1 ...
 $ RaceHorse.RaceId                 : Factor w/ 2833 levels "20160105-06-01-01-03",..: 5 6 7 8 8 9 10 11 12 13 ...
 $ RaceHorse.KettoNum               : Factor w/ 7839 levels "2011104171","2011104597",..: 9 11 12 13 14 10 15 16 17 18 ...
 $ RaceHorse.IsHit1                 : num  0 0 0 1 0 0 0 0 0 0 ...
 $ RaceHorse.IsHit2                 : num  0 0 0 0 1 1 0 0 0 0 ...
 $ RaceHorse.IsHit3                 : num  1 0 0 0 0 0 0 0 0 0 ...
 $ RaceHorse.IsHit4                 : num  0 0 1 0 0 0 0 1 0 0 ...
 $ RaceHorse.IsHit5                 : num  0 0 0 0 0 0 0 0 0 0 ...
 $ RaceHorse.IsHit6                 : num  0 1 0 0 0 0 1 0 1 1 ...
 $ RaceHorse.IsValidRaceHorse       : logi  TRUE TRUE TRUE TRUE TRUE TRUE ...
 $ RaceHorse.TimeSdvByRace          : num  0.795 0.271 0.876 1.101 1.027 ...
 $ RaceHorse.TimeSdv                : num  0.3655 0.5817 -0.0269 0.9542 0.8698 ...
 $ RaceHorse.IsHitA                 : num  0 0 0 1 0 0 0 0 0 0 ...
 $ RaceHorse.IsHitB                 : num  0 0 0 1 1 1 0 0 0 0 ...
 $ RaceHorse.IsHitC                 : num  1 0 0 1 1 1 0 0 0 0 ...
 $ Gen01.HansyokuNum                : Factor w/ 428 levels "11201954","11201953",..: 2 3 1 1 1 1 1 1 1 1 ...
 $ Gen01.TimeSdvByRaceAvg           : num  0.2659 -0.0213 0.2339 0.2353 0.2353 ...
 $ Gen01.TimeSdvByRaceMin           : num  -0.755 -1.961 -2.819 -2.819 -2.819 ...
 $ Gen01.TimeSdvByRaceMax           : num  1.04 1.15 2.45 2.45 2.45 ...
 $ Gen01.TimeSdvAvg                 : num  0.149 0.181 0.245 0.244 0.244 ...
 $ Gen01.TimeSdvMin                 : num  -0.755 -1.271 -4.266 -4.266 -4.266 ...
 $ Gen01.TimeSdvMax                 : num  0.814 1.648 2.07 2.07 2.07 ...
 $ Gen01.OrderOfFinishSdvAvg        : num  -0.1926 -0.0554 0.198 0.1996 0.1996 ...
 $ Gen01.RunCount                   : num  4 22 437 438 438 387 386 438 437 440 ...
 $ Gen01.HitCount1                  : num  0 0 46 46 46 40 40 46 46 46 ...
 $ Gen01.HitCount2                  : num  1 0 36 36 36 42 42 36 36 36 ...
 $ Gen01.HitCount3                  : num  0 3 29 29 29 38 38 29 29 29 ...
 $ Gen01.HitCount4                  : num  0 3 33 34 34 30 30 34 34 35 ...
 $ Gen01.HitCount5                  : num  0 3 26 26 26 31 31 26 26 26 ...
 $ Gen01.HitRate1                   : num  0 0 0.105 0.105 0.105 ...
 $ Gen01.HitRate2                   : num  0.25 0 0.0824 0.0822 0.0822 ...
 $ Gen01.HitRate3                   : num  0 0.1364 0.0664 0.0662 0.0662 ...
 $ Gen01.HitRate4                   : num  0 0.1364 0.0755 0.0776 0.0776 ...
 $ Gen01.HitRate5                   : num  0 0.1364 0.0595 0.0594 0.0594 ...
 $ EOF                              : int  1 1 1 1 1 1 1 1 1 1 ...
NULL
[1] "2022-02-26 18:22:06 --- transform Finish ---"
[1] "2022-02-26 18:22:06 --- na.omit Start ---"
[1] "--------------------------------------------------------------------------------"
[1] "nrow(data) na.omit before=39014"
[1] "nrow(data) na.omit after =38751"
[1] "nrow(data) na.omit diff =263"
[1] "--------------------------------------------------------------------------------"
'data.frame':	38751 obs. of  44 variables:
 $ Race.RaceId                      : Factor w/ 2833 levels "20160105-06-01-01-03",..: 5 6 7 8 8 9 10 11 12 13 ...
 $ Race.IsAnalyzeNormalPastAndFuture: logi  TRUE TRUE TRUE TRUE TRUE TRUE ...
 $ Race.IsAnalyzeNormalPast         : logi  TRUE TRUE TRUE TRUE TRUE TRUE ...
 $ Race.IsAnalyzeNormalFuture       : logi  FALSE FALSE FALSE FALSE FALSE FALSE ...
 $ Race.IsAnalyzeFullPastAndFuture  : logi  TRUE TRUE TRUE TRUE TRUE TRUE ...
 $ Race.IsAnalyzeFullPast           : logi  TRUE TRUE TRUE TRUE TRUE TRUE ...
 $ Race.IsAnalyzeFullFuture         : logi  FALSE FALSE FALSE FALSE FALSE FALSE ...
 $ Race.JyokenCd                    : Factor w/ 1 level "4": 1 1 1 1 1 1 1 1 1 1 ...
 $ Race.JyoType1Cd                  : Factor w/ 131 levels "2-06-1200-4-1",..: 4 5 6 7 7 8 9 10 7 7 ...
 $ Race.RaceType1Cd                 : Factor w/ 5 levels "2-4-X-1","2-4-X-2",..: 3 1 1 1 1 2 2 1 1 1 ...
 $ RaceHorse.RaceId                 : Factor w/ 2833 levels "20160105-06-01-01-03",..: 5 6 7 8 8 9 10 11 12 13 ...
 $ RaceHorse.KettoNum               : Factor w/ 7839 levels "2011104171","2011104597",..: 9 11 12 13 14 10 15 16 17 18 ...
 $ RaceHorse.IsHit1                 : num  0 0 0 1 0 0 0 0 0 0 ...
 $ RaceHorse.IsHit2                 : num  0 0 0 0 1 1 0 0 0 0 ...
 $ RaceHorse.IsHit3                 : num  1 0 0 0 0 0 0 0 0 0 ...
 $ RaceHorse.IsHit4                 : num  0 0 1 0 0 0 0 1 0 0 ...
 $ RaceHorse.IsHit5                 : num  0 0 0 0 0 0 0 0 0 0 ...
 $ RaceHorse.IsHit6                 : num  0 1 0 0 0 0 1 0 1 1 ...
 $ RaceHorse.IsValidRaceHorse       : logi  TRUE TRUE TRUE TRUE TRUE TRUE ...
 $ RaceHorse.TimeSdvByRace          : num  0.795 0.271 0.876 1.101 1.027 ...
 $ RaceHorse.TimeSdv                : num  0.3655 0.5817 -0.0269 0.9542 0.8698 ...
 $ RaceHorse.IsHitA                 : num  0 0 0 1 0 0 0 0 0 0 ...
 $ RaceHorse.IsHitB                 : num  0 0 0 1 1 1 0 0 0 0 ...
 $ RaceHorse.IsHitC                 : num  1 0 0 1 1 1 0 0 0 0 ...
 $ Gen01.HansyokuNum                : Factor w/ 428 levels "11201954","11201953",..: 2 3 1 1 1 1 1 1 1 1 ...
 $ Gen01.TimeSdvByRaceAvg           : num  0.2659 -0.0213 0.2339 0.2353 0.2353 ...
 $ Gen01.TimeSdvByRaceMin           : num  -0.755 -1.961 -2.819 -2.819 -2.819 ...
 $ Gen01.TimeSdvByRaceMax           : num  1.04 1.15 2.45 2.45 2.45 ...
 $ Gen01.TimeSdvAvg                 : num  0.149 0.181 0.245 0.244 0.244 ...
 $ Gen01.TimeSdvMin                 : num  -0.755 -1.271 -4.266 -4.266 -4.266 ...
 $ Gen01.TimeSdvMax                 : num  0.814 1.648 2.07 2.07 2.07 ...
 $ Gen01.OrderOfFinishSdvAvg        : num  -0.1926 -0.0554 0.198 0.1996 0.1996 ...
 $ Gen01.RunCount                   : num  4 22 437 438 438 387 386 438 437 440 ...
 $ Gen01.HitCount1                  : num  0 0 46 46 46 40 40 46 46 46 ...
 $ Gen01.HitCount2                  : num  1 0 36 36 36 42 42 36 36 36 ...
 $ Gen01.HitCount3                  : num  0 3 29 29 29 38 38 29 29 29 ...
 $ Gen01.HitCount4                  : num  0 3 33 34 34 30 30 34 34 35 ...
 $ Gen01.HitCount5                  : num  0 3 26 26 26 31 31 26 26 26 ...
 $ Gen01.HitRate1                   : num  0 0 0.105 0.105 0.105 ...
 $ Gen01.HitRate2                   : num  0.25 0 0.0824 0.0822 0.0822 ...
 $ Gen01.HitRate3                   : num  0 0.1364 0.0664 0.0662 0.0662 ...
 $ Gen01.HitRate4                   : num  0 0.1364 0.0755 0.0776 0.0776 ...
 $ Gen01.HitRate5                   : num  0 0.1364 0.0595 0.0594 0.0594 ...
 $ EOF                              : int  1 1 1 1 1 1 1 1 1 1 ...
 - attr(*, "na.action")= 'omit' Named int  161 625 644 825 835 1052 1126 1208 1268 1661 ...
  ..- attr(*, "names")= chr  "161" "625" "644" "825" ...
[1] "2022-02-26 18:22:06 --- na.omit Finish ---"
[1] "2022-02-26 18:22:06 --- rxGlm with rxStepControl Start ---"

> print(paste0(Sys.time(), " --- source_logic_glm.R Start ---"))
[1] "2022-02-26 18:22:06 --- source_logic_glm.R Start ---"

> formula <- formula(RaceHorse.IsHitA ~ +1 + Gen01.TimeSdvByRaceAvg)

> print(paste0(Sys.time(), " --- source_logic_glm.R Finished ---"))
[1] "2022-02-26 18:22:06 --- source_logic_glm.R Finished ---"
Rows Read: 38751, Total Rows Processed: 38751, Total Chunk Time: Less than .001 seconds 

Starting values (iteration 1) time: 0.011 secs.
Rows Read: 38751, Total Rows Processed: 38751, Total Chunk Time: 0.003 seconds 

Iteration 2 time: 0.009 secs.
Rows Read: 38751, Total Rows Processed: 38751, Total Chunk Time: 0.003 seconds 

Iteration 3 time: 0.005 secs.
Rows Read: 38751, Total Rows Processed: 38751, Total Chunk Time: 0.003 seconds 

Iteration 4 time: 0.005 secs.

Elapsed computation time: 0.041 secs.
Rows Read: 38751, Total Rows Processed: 38751, Total Chunk Time: 0.001 seconds 

Starting values (iteration 1) time: 0.009 secs.
Rows Read: 38751, Total Rows Processed: 38751, Total Chunk Time: 0.002 seconds 

Iteration 2 time: 0.007 secs.

Elapsed computation time: 0.023 secs.
Rows Read: 38751, Total Rows Processed: 38751, Total Chunk Time: 0.001 seconds 

Starting values (iteration 1) time: 0.009 secs.
Rows Read: 38751, Total Rows Processed: 38751, Total Chunk Time: 0.003 seconds 

Iteration 2 time: 0.009 secs.
Rows Read: 38751, Total Rows Processed: 38751, Total Chunk Time: 0.004 seconds 

Iteration 3 time: 0.006 secs.
Rows Read: 38751, Total Rows Processed: 38751, Total Chunk Time: 0.003 seconds 

Iteration 4 time: 0.005 secs.

Elapsed computation time: 0.045 secs.

Elapsed computation time: 0.128 secs.
[1] "--------------------------------------------------------------------------------"
[1] "analyze.results.glm.step="
Logistic Regression Results for: RaceHorse.IsHitA ~
    Gen01.TimeSdvByRaceAvg
Data: data
Dependent variable(s): RaceHorse.IsHitA
Total independent variables: 2 
Number of valid observations: 38751
Number of missing observations: 0 
 
Coefficients:
                       RaceHorse.IsHitA
(Intercept)                        -2.6
Gen01.TimeSdvByRaceAvg              0.8
[1] "analyze.results.glm.step.summary"
Call:
rxLogit(formula = formula, data = data, variableSelection = analyze.results.glm.step.varsel)

Logistic Regression Results for: RaceHorse.IsHitA ~
    Gen01.TimeSdvByRaceAvg
Data: data
Dependent variable(s): RaceHorse.IsHitA
Total independent variables: 2 
Number of valid observations: 38751
Number of missing observations: 0 
-2*LogLikelihood: 19924.55 (Residual deviance on 38749 degrees of freedom)
 
Coefficients:
                       Estimate Std. Error z value Pr(>|z|)    
(Intercept)             -2.5940     0.0204  -127.4  2.2e-16 ***
Gen01.TimeSdvByRaceAvg   0.8122     0.0748    10.9  2.2e-16 ***
---
Signif. codes:  0 '***' 0.001 '**' 0.01 '*' 0.05 '.' 0.1 ' ' 1

Condition number of final variance-covariance matrix: 1 
Number of iterations: 4
[1] "--------------------------------------------------------------------------------"
[1] "2022-02-26 18:22:07 --- rxGlm with rxStepControl Finish ---"
[1] "2022-02-26 18:22:07 --- rxStepPlot Start ---"
[1] "pdfFilename=pdf_analyze_glm_Gen01_Type24_rxStepPlot.pdf"
[1] "rxStepPlot="
[1] "2022-02-26 18:22:07 --- rxStepPlot Finish ---"
[1] "2022-02-26 18:22:07 --- save.image Start ---"
[1] "save.image"
[1] "rdataFilename=RData_analyze_glm_Gen01_Type24.RData"
[1] "2022-02-26 18:22:07 --- save.image Finish ---"
[1] "2022-02-26 18:22:07 --- final Start ---"
[1] "--------------------------------------------------------------------------------"
[1] "nrow(data) final=38751"
[1] "--------------------------------------------------------------------------------"
[1] "2022-02-26 18:22:07 --- final Finish ---"
[1] "2022-02-26 18:22:07 --- analyze_glm.R Finished ---"
[1] "2022-02-26 18:22:07 --- log Finish ---"
