[1] "2022-02-26 17:57:48 --- D1115_analyze_glm_Horse_IsHitA_Type21 Start ---"
[1] "2022-02-26 17:57:50 --- Log Start ---"
[1] "2022-02-26 17:57:50 --- analyze_glm.R Start ---"
[1] "analyzeVersion=D1115"
[1] "analyzeCategory=analyze"
[1] "analyzeType=Horse"
[1] "analyzeFamily=IsHitA"
[1] "analyzeFunc=glm"
[1] "analyzeTrackTypeCd=2"
[1] "analyzeJyokenCd=1"
[1] "2022-02-26 17:57:59 --- source_function.R Start ---"
[1] "2022-02-26 17:58:00 --- source_function.R Finished ---"

> print(paste0(Sys.time(), " --- source_library.R Start ---"))
[1] "2022-02-26 17:58:02 --- source_library.R Start ---"

> require("RevoScaleR")

> print(paste0(Sys.time(), " --- source_library.R Finished ---"))
[1] "2022-02-26 17:58:04 --- source_library.R Finished ---"
[1] "2022-02-26 17:58:06 --- RxSqlServerData Start ---"
[1] "2022-02-26 17:58:07 --- RxInSqlServer Start ---"
[1] "2022-02-26 17:58:09 --- RxInSqlServer Finish ---"
[1] "2022-02-26 17:58:11 --- rxSetComputeContext Start ---"
[1] "2022-02-26 17:58:14 --- rxSetComputeContext Finish ---"
[1] "2022-02-26 17:58:15 --- RxSqlServerData Start ---"
[1] "sqlQuery=SELECT * FROM ViewAnalyzeD1115analyze01HorseType21"
[1] "2022-02-26 17:58:15 --- RxSqlServerData Finish ---"
[1] "2022-02-26 17:58:18 --- rxGetVarInfo Start ---"
[1] "2022-02-26 17:58:22 --- rxGetVarInfo Finish---"
[1] "2022-02-26 17:58:22 --- rxImport Start ---"
Rows Read: 4394, Total Rows Processed: 4394, Total Chunk Time: 6.994 seconds 
[1] "2022-02-26 17:58:38 --- rxImport Finish ---"
[1] "object.size(data) auto=1.4 Mb"
[1] "--------------------------------------------------------------------------------"
[1] "nrow(data) RxSqlServerData=4394"
[1] "--------------------------------------------------------------------------------"
[1] "str(data)="
'data.frame':	4394 obs. of  44 variables:
 $ Race.RaceId                      : Factor w/ 301 levels "20160424-05-02-02-10",..: 2 2 2 2 2 2 2 2 2 2 ...
 $ Race.IsAnalyzeNormalPastAndFuture: logi  TRUE TRUE TRUE TRUE TRUE TRUE ...
 $ Race.IsAnalyzeNormalPast         : logi  TRUE TRUE TRUE TRUE TRUE TRUE ...
 $ Race.IsAnalyzeNormalFuture       : logi  FALSE FALSE FALSE FALSE FALSE FALSE ...
 $ Race.IsAnalyzeFullPastAndFuture  : logi  TRUE TRUE TRUE TRUE TRUE TRUE ...
 $ Race.IsAnalyzeFullPast           : logi  TRUE TRUE TRUE TRUE TRUE TRUE ...
 $ Race.IsAnalyzeFullFuture         : logi  FALSE FALSE FALSE FALSE FALSE FALSE ...
 $ Race.JyokenCd                    : Factor w/ 1 level "1": 1 1 1 1 1 1 1 1 1 1 ...
 $ Race.JyoType1Cd                  : Factor w/ 62 levels "2-05-1600-1-1",..: 2 2 2 2 2 2 2 2 2 2 ...
 $ Race.RaceType1Cd                 : Factor w/ 9 levels "2-1-E-1","2-1-E-2",..: 1 1 1 1 1 1 1 1 1 1 ...
 $ RaceHorse.RaceId                 : Factor w/ 301 levels "20160424-05-02-02-10",..: 2 2 2 2 2 2 2 2 2 2 ...
 $ RaceHorse.KettoNum               : Factor w/ 952 levels "2007100828","2008102143",..: 1 11 12 13 14 15 16 17 18 19 ...
 $ RaceHorse.IsHit1                 : num  0 0 0 0 0 0 0 0 0 0 ...
 $ RaceHorse.IsHit2                 : num  0 0 0 0 0 0 0 0 0 1 ...
 $ RaceHorse.IsHit3                 : num  0 0 1 0 0 0 0 0 0 0 ...
 $ RaceHorse.IsHit4                 : num  0 0 0 0 0 0 0 0 0 0 ...
 $ RaceHorse.IsHit5                 : num  0 0 0 0 0 0 0 0 0 0 ...
 $ RaceHorse.IsHit6                 : num  1 1 0 1 1 1 1 1 1 0 ...
 $ RaceHorse.IsValidRaceHorse       : logi  TRUE TRUE TRUE FALSE TRUE TRUE ...
 $ RaceHorse.TimeSdvByRace          : num  -0.033 -0.385 0.759 -3.291 -0.473 ...
 $ RaceHorse.TimeSdv                : num  0.568 0.2 1.397 -2.84 0.108 ...
 $ RaceHorse.IsHitA                 : num  0 0 0 0 0 0 0 0 0 0 ...
 $ RaceHorse.IsHitB                 : num  0 0 0 0 0 0 0 0 0 1 ...
 $ RaceHorse.IsHitC                 : num  0 0 1 0 0 0 0 0 0 1 ...
 $ Horse.KettoNum                   : Factor w/ 952 levels "2007100828","2008102143",..: 1 11 12 13 14 15 16 17 18 19 ...
 $ Horse.TimeSdvByRaceAvg           : num  0.0869 0.8045 0.6656 0.4693 0.7343 ...
 $ Horse.TimeSdvByRaceMin           : num  -1.58 -1.32 -1.13 -1.2 -1.32 ...
 $ Horse.TimeSdvByRaceMax           : num  1.43 1.86 1.66 1.69 2.04 ...
 $ Horse.TimeSdvAvg                 : num  0.219 0.701 0.754 0.414 0.745 ...
 $ Horse.TimeSdvMin                 : num  -1.68 -1.011 -0.311 -1.359 -1.391 ...
 $ Horse.TimeSdvMax                 : num  1.39 1.78 2.38 1.63 1.96 ...
 $ Horse.OrderOfFinishSdvAvg        : num  0.0478 0.723 0.7763 0.4166 0.7008 ...
 $ Horse.RunCount                   : num  55 26 29 30 32 15 19 30 12 20 ...
 $ Horse.HitCount1                  : num  3 5 5 5 5 5 5 5 5 7 ...
 $ Horse.HitCount2                  : num  1 5 5 4 4 2 2 4 0 5 ...
 $ Horse.HitCount3                  : num  2 3 5 4 8 0 2 6 1 6 ...
 $ Horse.HitCount4                  : num  7 4 2 1 1 0 0 4 0 1 ...
 $ Horse.HitCount5                  : num  1 1 4 0 3 3 3 2 0 0 ...
 $ Horse.HitRate1                   : num  0.0545 0.1923 0.1724 0.1667 0.1562 ...
 $ Horse.HitRate2                   : num  0.0182 0.1923 0.1724 0.1333 0.125 ...
 $ Horse.HitRate3                   : num  0.0364 0.1154 0.1724 0.1333 0.25 ...
 $ Horse.HitRate4                   : num  0.1273 0.1538 0.069 0.0333 0.0312 ...
 $ Horse.HitRate5                   : num  0.0182 0.0385 0.1379 0 0.0938 ...
 $ EOF                              : int  1 1 1 1 1 1 1 1 1 1 ...
[1] "2022-02-26 17:59:08 --- RxSqlServerData Finish ---"
[1] "2022-02-26 17:59:09 --- subset Start ---"
[1] "--------------------------------------------------------------------------------"
[1] "nrow(data) subset before=4394"
[1] "nrow(data) subset after =4394"
[1] "nrow(data) subset diff =0"
[1] "--------------------------------------------------------------------------------"
[1] "2022-02-26 17:59:12 --- subset Finish---"
[1] "2022-02-26 17:59:12 --- transform Start ---"
[1] "--------------------------------------------------------------------------------"
[1] "nrow(data) transform before=4394"
[1] "nrow(data) transform after=4394"
[1] "nrow(data) transform diff=0"
[1] "--------------------------------------------------------------------------------"
[1] "str(data)="
'data.frame':	4394 obs. of  44 variables:
 $ Race.RaceId                      : Factor w/ 301 levels "20160424-05-02-02-10",..: 2 2 2 2 2 2 2 2 2 2 ...
 $ Race.IsAnalyzeNormalPastAndFuture: logi  TRUE TRUE TRUE TRUE TRUE TRUE ...
 $ Race.IsAnalyzeNormalPast         : logi  TRUE TRUE TRUE TRUE TRUE TRUE ...
 $ Race.IsAnalyzeNormalFuture       : logi  FALSE FALSE FALSE FALSE FALSE FALSE ...
 $ Race.IsAnalyzeFullPastAndFuture  : logi  TRUE TRUE TRUE TRUE TRUE TRUE ...
 $ Race.IsAnalyzeFullPast           : logi  TRUE TRUE TRUE TRUE TRUE TRUE ...
 $ Race.IsAnalyzeFullFuture         : logi  FALSE FALSE FALSE FALSE FALSE FALSE ...
 $ Race.JyokenCd                    : Factor w/ 1 level "1": 1 1 1 1 1 1 1 1 1 1 ...
 $ Race.JyoType1Cd                  : Factor w/ 62 levels "2-05-1600-1-1",..: 2 2 2 2 2 2 2 2 2 2 ...
 $ Race.RaceType1Cd                 : Factor w/ 9 levels "2-1-E-1","2-1-E-2",..: 1 1 1 1 1 1 1 1 1 1 ...
 $ RaceHorse.RaceId                 : Factor w/ 301 levels "20160424-05-02-02-10",..: 2 2 2 2 2 2 2 2 2 2 ...
 $ RaceHorse.KettoNum               : Factor w/ 952 levels "2007100828","2008102143",..: 1 11 12 13 14 15 16 17 18 19 ...
 $ RaceHorse.IsHit1                 : num  0 0 0 0 0 0 0 0 0 0 ...
 $ RaceHorse.IsHit2                 : num  0 0 0 0 0 0 0 0 0 1 ...
 $ RaceHorse.IsHit3                 : num  0 0 1 0 0 0 0 0 0 0 ...
 $ RaceHorse.IsHit4                 : num  0 0 0 0 0 0 0 0 0 0 ...
 $ RaceHorse.IsHit5                 : num  0 0 0 0 0 0 0 0 0 0 ...
 $ RaceHorse.IsHit6                 : num  1 1 0 1 1 1 1 1 1 0 ...
 $ RaceHorse.IsValidRaceHorse       : logi  TRUE TRUE TRUE FALSE TRUE TRUE ...
 $ RaceHorse.TimeSdvByRace          : num  -0.033 -0.385 0.759 -3.291 -0.473 ...
 $ RaceHorse.TimeSdv                : num  0.568 0.2 1.397 -2.84 0.108 ...
 $ RaceHorse.IsHitA                 : num  0 0 0 0 0 0 0 0 0 0 ...
 $ RaceHorse.IsHitB                 : num  0 0 0 0 0 0 0 0 0 1 ...
 $ RaceHorse.IsHitC                 : num  0 0 1 0 0 0 0 0 0 1 ...
 $ Horse.KettoNum                   : Factor w/ 952 levels "2007100828","2008102143",..: 1 11 12 13 14 15 16 17 18 19 ...
 $ Horse.TimeSdvByRaceAvg           : num  0.0869 0.8045 0.6656 0.4693 0.7343 ...
 $ Horse.TimeSdvByRaceMin           : num  -1.58 -1.32 -1.13 -1.2 -1.32 ...
 $ Horse.TimeSdvByRaceMax           : num  1.43 1.86 1.66 1.69 2.04 ...
 $ Horse.TimeSdvAvg                 : num  0.219 0.701 0.754 0.414 0.745 ...
 $ Horse.TimeSdvMin                 : num  -1.68 -1.011 -0.311 -1.359 -1.391 ...
 $ Horse.TimeSdvMax                 : num  1.39 1.78 2.38 1.63 1.96 ...
 $ Horse.OrderOfFinishSdvAvg        : num  0.0478 0.723 0.7763 0.4166 0.7008 ...
 $ Horse.RunCount                   : num  55 26 29 30 32 15 19 30 12 20 ...
 $ Horse.HitCount1                  : num  3 5 5 5 5 5 5 5 5 7 ...
 $ Horse.HitCount2                  : num  1 5 5 4 4 2 2 4 0 5 ...
 $ Horse.HitCount3                  : num  2 3 5 4 8 0 2 6 1 6 ...
 $ Horse.HitCount4                  : num  7 4 2 1 1 0 0 4 0 1 ...
 $ Horse.HitCount5                  : num  1 1 4 0 3 3 3 2 0 0 ...
 $ Horse.HitRate1                   : num  0.0545 0.1923 0.1724 0.1667 0.1562 ...
 $ Horse.HitRate2                   : num  0.0182 0.1923 0.1724 0.1333 0.125 ...
 $ Horse.HitRate3                   : num  0.0364 0.1154 0.1724 0.1333 0.25 ...
 $ Horse.HitRate4                   : num  0.1273 0.1538 0.069 0.0333 0.0312 ...
 $ Horse.HitRate5                   : num  0.0182 0.0385 0.1379 0 0.0938 ...
 $ EOF                              : int  1 1 1 1 1 1 1 1 1 1 ...
NULL
[1] "2022-02-26 18:00:28 --- transform Finish ---"
[1] "2022-02-26 18:00:31 --- na.omit Start ---"
[1] "--------------------------------------------------------------------------------"
[1] "nrow(data) na.omit before=4394"
[1] "nrow(data) na.omit after =4369"
[1] "nrow(data) na.omit diff =25"
[1] "--------------------------------------------------------------------------------"
'data.frame':	4369 obs. of  44 variables:
 $ Race.RaceId                      : Factor w/ 301 levels "20160424-05-02-02-10",..: 2 2 2 2 2 2 2 2 2 2 ...
 $ Race.IsAnalyzeNormalPastAndFuture: logi  TRUE TRUE TRUE TRUE TRUE TRUE ...
 $ Race.IsAnalyzeNormalPast         : logi  TRUE TRUE TRUE TRUE TRUE TRUE ...
 $ Race.IsAnalyzeNormalFuture       : logi  FALSE FALSE FALSE FALSE FALSE FALSE ...
 $ Race.IsAnalyzeFullPastAndFuture  : logi  TRUE TRUE TRUE TRUE TRUE TRUE ...
 $ Race.IsAnalyzeFullPast           : logi  TRUE TRUE TRUE TRUE TRUE TRUE ...
 $ Race.IsAnalyzeFullFuture         : logi  FALSE FALSE FALSE FALSE FALSE FALSE ...
 $ Race.JyokenCd                    : Factor w/ 1 level "1": 1 1 1 1 1 1 1 1 1 1 ...
 $ Race.JyoType1Cd                  : Factor w/ 62 levels "2-05-1600-1-1",..: 2 2 2 2 2 2 2 2 2 2 ...
 $ Race.RaceType1Cd                 : Factor w/ 9 levels "2-1-E-1","2-1-E-2",..: 1 1 1 1 1 1 1 1 1 1 ...
 $ RaceHorse.RaceId                 : Factor w/ 301 levels "20160424-05-02-02-10",..: 2 2 2 2 2 2 2 2 2 2 ...
 $ RaceHorse.KettoNum               : Factor w/ 952 levels "2007100828","2008102143",..: 1 11 12 13 14 15 16 17 18 19 ...
 $ RaceHorse.IsHit1                 : num  0 0 0 0 0 0 0 0 0 0 ...
 $ RaceHorse.IsHit2                 : num  0 0 0 0 0 0 0 0 0 1 ...
 $ RaceHorse.IsHit3                 : num  0 0 1 0 0 0 0 0 0 0 ...
 $ RaceHorse.IsHit4                 : num  0 0 0 0 0 0 0 0 0 0 ...
 $ RaceHorse.IsHit5                 : num  0 0 0 0 0 0 0 0 0 0 ...
 $ RaceHorse.IsHit6                 : num  1 1 0 1 1 1 1 1 1 0 ...
 $ RaceHorse.IsValidRaceHorse       : logi  TRUE TRUE TRUE FALSE TRUE TRUE ...
 $ RaceHorse.TimeSdvByRace          : num  -0.033 -0.385 0.759 -3.291 -0.473 ...
 $ RaceHorse.TimeSdv                : num  0.568 0.2 1.397 -2.84 0.108 ...
 $ RaceHorse.IsHitA                 : num  0 0 0 0 0 0 0 0 0 0 ...
 $ RaceHorse.IsHitB                 : num  0 0 0 0 0 0 0 0 0 1 ...
 $ RaceHorse.IsHitC                 : num  0 0 1 0 0 0 0 0 0 1 ...
 $ Horse.KettoNum                   : Factor w/ 952 levels "2007100828","2008102143",..: 1 11 12 13 14 15 16 17 18 19 ...
 $ Horse.TimeSdvByRaceAvg           : num  0.0869 0.8045 0.6656 0.4693 0.7343 ...
 $ Horse.TimeSdvByRaceMin           : num  -1.58 -1.32 -1.13 -1.2 -1.32 ...
 $ Horse.TimeSdvByRaceMax           : num  1.43 1.86 1.66 1.69 2.04 ...
 $ Horse.TimeSdvAvg                 : num  0.219 0.701 0.754 0.414 0.745 ...
 $ Horse.TimeSdvMin                 : num  -1.68 -1.011 -0.311 -1.359 -1.391 ...
 $ Horse.TimeSdvMax                 : num  1.39 1.78 2.38 1.63 1.96 ...
 $ Horse.OrderOfFinishSdvAvg        : num  0.0478 0.723 0.7763 0.4166 0.7008 ...
 $ Horse.RunCount                   : num  55 26 29 30 32 15 19 30 12 20 ...
 $ Horse.HitCount1                  : num  3 5 5 5 5 5 5 5 5 7 ...
 $ Horse.HitCount2                  : num  1 5 5 4 4 2 2 4 0 5 ...
 $ Horse.HitCount3                  : num  2 3 5 4 8 0 2 6 1 6 ...
 $ Horse.HitCount4                  : num  7 4 2 1 1 0 0 4 0 1 ...
 $ Horse.HitCount5                  : num  1 1 4 0 3 3 3 2 0 0 ...
 $ Horse.HitRate1                   : num  0.0545 0.1923 0.1724 0.1667 0.1562 ...
 $ Horse.HitRate2                   : num  0.0182 0.1923 0.1724 0.1333 0.125 ...
 $ Horse.HitRate3                   : num  0.0364 0.1154 0.1724 0.1333 0.25 ...
 $ Horse.HitRate4                   : num  0.1273 0.1538 0.069 0.0333 0.0312 ...
 $ Horse.HitRate5                   : num  0.0182 0.0385 0.1379 0 0.0938 ...
 $ EOF                              : int  1 1 1 1 1 1 1 1 1 1 ...
 - attr(*, "na.action")= 'omit' Named int  40 251 298 429 677 783 859 861 1047 1120 ...
  ..- attr(*, "names")= chr  "40" "251" "298" "429" ...
[1] "2022-02-26 18:02:17 --- na.omit Finish ---"
[1] "2022-02-26 18:02:18 --- rxGlm with rxStepControl Start ---"

> print(paste0(Sys.time(), " --- source_logic_glm.R Start ---"))
[1] "2022-02-26 18:02:21 --- source_logic_glm.R Start ---"

> formula <- formula(RaceHorse.IsHitA ~ +1 + Horse.TimeSdvByRaceAvg)

> print(paste0(Sys.time(), " --- source_logic_glm.R Finished ---"))
[1] "2022-02-26 18:02:25 --- source_logic_glm.R Finished ---"
Rows Read: 4369, Total Rows Processed: 4369, Total Chunk Time: 0.001 seconds 

Starting values (iteration 1) time: 0.026 secs.
Rows Read: 4369, Total Rows Processed: 4369, Total Chunk Time: Less than .001 seconds 

Iteration 2 time: 0.005 secs.
Rows Read: 4369, Total Rows Processed: 4369, Total Chunk Time: 0.001 seconds 

Iteration 3 time: 0.005 secs.
Rows Read: 4369, Total Rows Processed: 4369, Total Chunk Time: 0.001 seconds 

Iteration 4 time: 0.004 secs.
Rows Read: 4369, Total Rows Processed: 4369, Total Chunk Time: 0.001 seconds 

Iteration 5 time: 0.004 secs.

Elapsed computation time: 0.083 secs.
Rows Read: 4369, Total Rows Processed: 4369, Total Chunk Time: Less than .001 seconds 

Starting values (iteration 1) time: 0.005 secs.
Rows Read: 4369, Total Rows Processed: 4369, Total Chunk Time: Less than .001 seconds 

Iteration 2 time: 0.006 secs.

Elapsed computation time: 0.022 secs.
Rows Read: 4369, Total Rows Processed: 4369, Total Chunk Time: 0.001 seconds 

Starting values (iteration 1) time: 0.005 secs.
Rows Read: 4369, Total Rows Processed: 4369, Total Chunk Time: 0.001 seconds 

Iteration 2 time: 0.005 secs.
Rows Read: 4369, Total Rows Processed: 4369, Total Chunk Time: Less than .001 seconds 

Iteration 3 time: 0.004 secs.
Rows Read: 4369, Total Rows Processed: 4369, Total Chunk Time: 0.002 seconds 

Iteration 4 time: 0.005 secs.
Rows Read: 4369, Total Rows Processed: 4369, Total Chunk Time: 0.002 seconds 

Iteration 5 time: 0.004 secs.

Elapsed computation time: 0.050 secs.

Elapsed computation time: 0.173 secs.
[1] "--------------------------------------------------------------------------------"
[1] "analyze.results.glm.step="
Logistic Regression Results for: RaceHorse.IsHitA ~
    Horse.TimeSdvByRaceAvg
Data: data
Dependent variable(s): RaceHorse.IsHitA
Total independent variables: 2 
Number of valid observations: 4369
Number of missing observations: 0 
 
Coefficients:
                       RaceHorse.IsHitA
(Intercept)                          -4
Horse.TimeSdvByRaceAvg                2
[1] "analyze.results.glm.step.summary"
Call:
rxLogit(formula = formula, data = data, variableSelection = analyze.results.glm.step.varsel)

Logistic Regression Results for: RaceHorse.IsHitA ~
    Horse.TimeSdvByRaceAvg
Data: data
Dependent variable(s): RaceHorse.IsHitA
Total independent variables: 2 
Number of valid observations: 4369
Number of missing observations: 0 
-2*LogLikelihood: 2083.376 (Residual deviance on 4367 degrees of freedom)
 
Coefficients:
                       Estimate Std. Error z value Pr(>|z|)    
(Intercept)              -3.863      0.149   -25.9  2.2e-16 ***
Horse.TimeSdvByRaceAvg    1.717      0.166    10.4  2.2e-16 ***
---
Signif. codes:  0 '***' 0.001 '**' 0.01 '*' 0.05 '.' 0.1 ' ' 1

Condition number of final variance-covariance matrix: 1 
Number of iterations: 5
[1] "--------------------------------------------------------------------------------"
[1] "2022-02-26 18:02:31 --- rxGlm with rxStepControl Finish ---"
[1] "2022-02-26 18:02:31 --- rxStepPlot Start ---"
[1] "pdfFilename=pdf_analyze_glm_Horse_Type21_rxStepPlot.pdf"
[1] "rxStepPlot="
[1] "2022-02-26 18:02:32 --- rxStepPlot Finish ---"
[1] "2022-02-26 18:02:32 --- save.image Start ---"
[1] "save.image"
[1] "rdataFilename=RData_analyze_glm_Horse_Type21.RData"
[1] "2022-02-26 18:02:35 --- save.image Finish ---"
[1] "2022-02-26 18:02:35 --- final Start ---"
[1] "--------------------------------------------------------------------------------"
[1] "nrow(data) final=4369"
[1] "--------------------------------------------------------------------------------"
[1] "2022-02-26 18:02:35 --- final Finish ---"
[1] "2022-02-26 18:02:35 --- analyze_glm.R Finished ---"
[1] "2022-02-26 18:02:35 --- log Finish ---"
