[1] "2022-02-26 17:57:47 --- D1115_analyze_glm_Horse_IsHitA_Type15 Start ---"
[1] "2022-02-26 17:57:48 --- Log Start ---"
[1] "2022-02-26 17:57:48 --- analyze_glm.R Start ---"
[1] "analyzeVersion=D1115"
[1] "analyzeCategory=analyze"
[1] "analyzeType=Horse"
[1] "analyzeFamily=IsHitA"
[1] "analyzeFunc=glm"
[1] "analyzeTrackTypeCd=1"
[1] "analyzeJyokenCd=5"
[1] "2022-02-26 17:57:48 --- source_function.R Start ---"
[1] "2022-02-26 17:57:48 --- source_function.R Finished ---"

> print(paste0(Sys.time(), " --- source_library.R Start ---"))
[1] "2022-02-26 17:57:48 --- source_library.R Start ---"

> require("RevoScaleR")

> print(paste0(Sys.time(), " --- source_library.R Finished ---"))
[1] "2022-02-26 17:57:58 --- source_library.R Finished ---"
[1] "2022-02-26 17:58:00 --- RxSqlServerData Start ---"
[1] "2022-02-26 17:58:01 --- RxInSqlServer Start ---"
[1] "2022-02-26 17:58:03 --- RxInSqlServer Finish ---"
[1] "2022-02-26 17:58:04 --- rxSetComputeContext Start ---"
[1] "2022-02-26 17:58:05 --- rxSetComputeContext Finish ---"
[1] "2022-02-26 17:58:05 --- RxSqlServerData Start ---"
[1] "sqlQuery=SELECT * FROM ViewAnalyzeD1115analyze01HorseType15"
[1] "2022-02-26 17:58:05 --- RxSqlServerData Finish ---"
[1] "2022-02-26 17:58:09 --- rxGetVarInfo Start ---"
[1] "2022-02-26 17:58:16 --- rxGetVarInfo Finish---"
[1] "2022-02-26 17:58:16 --- rxImport Start ---"
Rows Read: 35673, Total Rows Processed: 35673, Total Chunk Time: 12.350 seconds 
[1] "2022-02-26 17:58:41 --- rxImport Finish ---"
[1] "object.size(data) auto=12.2 Mb"
[1] "--------------------------------------------------------------------------------"
[1] "nrow(data) RxSqlServerData=35673"
[1] "--------------------------------------------------------------------------------"
[1] "str(data)="
'data.frame':	35673 obs. of  44 variables:
 $ Race.RaceId                      : Factor w/ 2474 levels "20160626-02-01-04-02",..: 1 2 3 4 11 6 12 13 14 10 ...
 $ Race.IsAnalyzeNormalPastAndFuture: logi  TRUE TRUE TRUE TRUE TRUE TRUE ...
 $ Race.IsAnalyzeNormalPast         : logi  TRUE TRUE TRUE TRUE TRUE TRUE ...
 $ Race.IsAnalyzeNormalFuture       : logi  FALSE FALSE FALSE FALSE FALSE FALSE ...
 $ Race.IsAnalyzeFullPastAndFuture  : logi  TRUE TRUE TRUE TRUE TRUE TRUE ...
 $ Race.IsAnalyzeFullPast           : logi  TRUE TRUE TRUE TRUE TRUE TRUE ...
 $ Race.IsAnalyzeFullFuture         : logi  FALSE FALSE FALSE FALSE FALSE FALSE ...
 $ Race.JyokenCd                    : Factor w/ 1 level "5": 1 1 1 1 1 1 1 1 1 1 ...
 $ Race.JyoType1Cd                  : Factor w/ 175 levels "1-02-1200-5-2",..: 1 2 3 4 11 6 12 13 14 10 ...
 $ Race.RaceType1Cd                 : Factor w/ 3 levels "1-5-X-1","1-5-X-2",..: 1 1 1 2 2 1 1 1 1 2 ...
 $ RaceHorse.RaceId                 : Factor w/ 2474 levels "20160626-02-01-04-02",..: 1 2 3 4 11 6 12 13 14 10 ...
 $ RaceHorse.KettoNum               : Factor w/ 13391 levels "2013100003","2013100004",..: 1 2 3 4 5 6 7 8 9 10 ...
 $ RaceHorse.IsHit1                 : num  0 0 1 0 0 0 0 0 0 0 ...
 $ RaceHorse.IsHit2                 : num  0 0 0 0 0 0 0 0 0 0 ...
 $ RaceHorse.IsHit3                 : num  0 0 0 0 0 0 0 0 0 0 ...
 $ RaceHorse.IsHit4                 : num  0 0 0 0 0 0 0 0 0 0 ...
 $ RaceHorse.IsHit5                 : num  0 0 0 0 0 1 0 0 0 0 ...
 $ RaceHorse.IsHit6                 : num  1 1 0 1 1 0 1 1 1 1 ...
 $ RaceHorse.IsValidRaceHorse       : logi  TRUE TRUE TRUE TRUE TRUE TRUE ...
 $ RaceHorse.TimeSdvByRace          : num  -1.055 -1.182 1.391 -1.302 -0.205 ...
 $ RaceHorse.TimeSdv                : num  0.377 -1.678 1.01 -1.657 -0.165 ...
 $ RaceHorse.IsHitA                 : num  0 0 1 0 0 0 0 0 0 0 ...
 $ RaceHorse.IsHitB                 : num  0 0 1 0 0 0 0 0 0 0 ...
 $ RaceHorse.IsHitC                 : num  0 0 1 0 0 0 0 0 0 0 ...
 $ Horse.KettoNum                   : Factor w/ 13391 levels "2013100003","2013100004",..: 1 2 3 4 5 6 7 8 9 10 ...
 $ Horse.TimeSdvByRaceAvg           : num  -0.229 -0.586 -0.748 -0.165 -0.269 ...
 $ Horse.TimeSdvByRaceMin           : num  -1.032 -1.447 -0.748 -0.666 -1.248 ...
 $ Horse.TimeSdvByRaceMax           : num  0.632 0.199 -0.748 0.335 0.232 ...
 $ Horse.TimeSdvAvg                 : num  -0.396 -0.51 -0.876 -0.287 -0.293 ...
 $ Horse.TimeSdvMin                 : num  -1.801 -0.968 -0.876 -0.356 -2.092 ...
 $ Horse.TimeSdvMax                 : num  0.346 -0.202 -0.876 -0.218 0.673 ...
 $ Horse.OrderOfFinishSdvAvg        : num  -0.395 -0.4 -0.48 -0.397 -0.559 ...
 $ Horse.RunCount                   : num  5 3 1 2 3 3 8 1 2 3 ...
 $ Horse.HitCount1                  : num  0 0 0 0 0 0 0 0 0 0 ...
 $ Horse.HitCount2                  : num  0 0 0 0 0 0 0 0 0 0 ...
 $ Horse.HitCount3                  : num  0 0 0 0 0 1 0 0 0 1 ...
 $ Horse.HitCount4                  : num  1 0 0 0 0 1 3 0 0 1 ...
 $ Horse.HitCount5                  : num  0 0 0 0 0 1 1 0 0 0 ...
 $ Horse.HitRate1                   : num  0 0 0 0 0 0 0 0 0 0 ...
 $ Horse.HitRate2                   : num  0 0 0 0 0 0 0 0 0 0 ...
 $ Horse.HitRate3                   : num  0 0 0 0 0 ...
 $ Horse.HitRate4                   : num  0.2 0 0 0 0 ...
 $ Horse.HitRate5                   : num  0 0 0 0 0 ...
 $ EOF                              : int  1 1 1 1 1 1 1 1 1 1 ...
[1] "2022-02-26 17:59:19 --- RxSqlServerData Finish ---"
[1] "2022-02-26 17:59:19 --- subset Start ---"
[1] "--------------------------------------------------------------------------------"
[1] "nrow(data) subset before=35673"
[1] "nrow(data) subset after =35673"
[1] "nrow(data) subset diff =0"
[1] "--------------------------------------------------------------------------------"
[1] "2022-02-26 17:59:24 --- subset Finish---"
[1] "2022-02-26 17:59:26 --- transform Start ---"
[1] "--------------------------------------------------------------------------------"
[1] "nrow(data) transform before=35673"
[1] "nrow(data) transform after=35673"
[1] "nrow(data) transform diff=0"
[1] "--------------------------------------------------------------------------------"
[1] "str(data)="
'data.frame':	35673 obs. of  44 variables:
 $ Race.RaceId                      : Factor w/ 2474 levels "20160626-02-01-04-02",..: 1 2 3 4 11 6 12 13 14 10 ...
 $ Race.IsAnalyzeNormalPastAndFuture: logi  TRUE TRUE TRUE TRUE TRUE TRUE ...
 $ Race.IsAnalyzeNormalPast         : logi  TRUE TRUE TRUE TRUE TRUE TRUE ...
 $ Race.IsAnalyzeNormalFuture       : logi  FALSE FALSE FALSE FALSE FALSE FALSE ...
 $ Race.IsAnalyzeFullPastAndFuture  : logi  TRUE TRUE TRUE TRUE TRUE TRUE ...
 $ Race.IsAnalyzeFullPast           : logi  TRUE TRUE TRUE TRUE TRUE TRUE ...
 $ Race.IsAnalyzeFullFuture         : logi  FALSE FALSE FALSE FALSE FALSE FALSE ...
 $ Race.JyokenCd                    : Factor w/ 1 level "5": 1 1 1 1 1 1 1 1 1 1 ...
 $ Race.JyoType1Cd                  : Factor w/ 175 levels "1-02-1200-5-2",..: 1 2 3 4 11 6 12 13 14 10 ...
 $ Race.RaceType1Cd                 : Factor w/ 3 levels "1-5-X-1","1-5-X-2",..: 1 1 1 2 2 1 1 1 1 2 ...
 $ RaceHorse.RaceId                 : Factor w/ 2474 levels "20160626-02-01-04-02",..: 1 2 3 4 11 6 12 13 14 10 ...
 $ RaceHorse.KettoNum               : Factor w/ 13391 levels "2013100003","2013100004",..: 1 2 3 4 5 6 7 8 9 10 ...
 $ RaceHorse.IsHit1                 : num  0 0 1 0 0 0 0 0 0 0 ...
 $ RaceHorse.IsHit2                 : num  0 0 0 0 0 0 0 0 0 0 ...
 $ RaceHorse.IsHit3                 : num  0 0 0 0 0 0 0 0 0 0 ...
 $ RaceHorse.IsHit4                 : num  0 0 0 0 0 0 0 0 0 0 ...
 $ RaceHorse.IsHit5                 : num  0 0 0 0 0 1 0 0 0 0 ...
 $ RaceHorse.IsHit6                 : num  1 1 0 1 1 0 1 1 1 1 ...
 $ RaceHorse.IsValidRaceHorse       : logi  TRUE TRUE TRUE TRUE TRUE TRUE ...
 $ RaceHorse.TimeSdvByRace          : num  -1.055 -1.182 1.391 -1.302 -0.205 ...
 $ RaceHorse.TimeSdv                : num  0.377 -1.678 1.01 -1.657 -0.165 ...
 $ RaceHorse.IsHitA                 : num  0 0 1 0 0 0 0 0 0 0 ...
 $ RaceHorse.IsHitB                 : num  0 0 1 0 0 0 0 0 0 0 ...
 $ RaceHorse.IsHitC                 : num  0 0 1 0 0 0 0 0 0 0 ...
 $ Horse.KettoNum                   : Factor w/ 13391 levels "2013100003","2013100004",..: 1 2 3 4 5 6 7 8 9 10 ...
 $ Horse.TimeSdvByRaceAvg           : num  -0.229 -0.586 -0.748 -0.165 -0.269 ...
 $ Horse.TimeSdvByRaceMin           : num  -1.032 -1.447 -0.748 -0.666 -1.248 ...
 $ Horse.TimeSdvByRaceMax           : num  0.632 0.199 -0.748 0.335 0.232 ...
 $ Horse.TimeSdvAvg                 : num  -0.396 -0.51 -0.876 -0.287 -0.293 ...
 $ Horse.TimeSdvMin                 : num  -1.801 -0.968 -0.876 -0.356 -2.092 ...
 $ Horse.TimeSdvMax                 : num  0.346 -0.202 -0.876 -0.218 0.673 ...
 $ Horse.OrderOfFinishSdvAvg        : num  -0.395 -0.4 -0.48 -0.397 -0.559 ...
 $ Horse.RunCount                   : num  5 3 1 2 3 3 8 1 2 3 ...
 $ Horse.HitCount1                  : num  0 0 0 0 0 0 0 0 0 0 ...
 $ Horse.HitCount2                  : num  0 0 0 0 0 0 0 0 0 0 ...
 $ Horse.HitCount3                  : num  0 0 0 0 0 1 0 0 0 1 ...
 $ Horse.HitCount4                  : num  1 0 0 0 0 1 3 0 0 1 ...
 $ Horse.HitCount5                  : num  0 0 0 0 0 1 1 0 0 0 ...
 $ Horse.HitRate1                   : num  0 0 0 0 0 0 0 0 0 0 ...
 $ Horse.HitRate2                   : num  0 0 0 0 0 0 0 0 0 0 ...
 $ Horse.HitRate3                   : num  0 0 0 0 0 ...
 $ Horse.HitRate4                   : num  0.2 0 0 0 0 ...
 $ Horse.HitRate5                   : num  0 0 0 0 0 ...
 $ EOF                              : int  1 1 1 1 1 1 1 1 1 1 ...
NULL
[1] "2022-02-26 18:01:38 --- transform Finish ---"
[1] "2022-02-26 18:01:38 --- na.omit Start ---"
[1] "--------------------------------------------------------------------------------"
[1] "nrow(data) na.omit before=35673"
[1] "nrow(data) na.omit after =35439"
[1] "nrow(data) na.omit diff =234"
[1] "--------------------------------------------------------------------------------"
'data.frame':	35439 obs. of  44 variables:
 $ Race.RaceId                      : Factor w/ 2474 levels "20160626-02-01-04-02",..: 1 2 3 4 11 6 12 13 14 10 ...
 $ Race.IsAnalyzeNormalPastAndFuture: logi  TRUE TRUE TRUE TRUE TRUE TRUE ...
 $ Race.IsAnalyzeNormalPast         : logi  TRUE TRUE TRUE TRUE TRUE TRUE ...
 $ Race.IsAnalyzeNormalFuture       : logi  FALSE FALSE FALSE FALSE FALSE FALSE ...
 $ Race.IsAnalyzeFullPastAndFuture  : logi  TRUE TRUE TRUE TRUE TRUE TRUE ...
 $ Race.IsAnalyzeFullPast           : logi  TRUE TRUE TRUE TRUE TRUE TRUE ...
 $ Race.IsAnalyzeFullFuture         : logi  FALSE FALSE FALSE FALSE FALSE FALSE ...
 $ Race.JyokenCd                    : Factor w/ 1 level "5": 1 1 1 1 1 1 1 1 1 1 ...
 $ Race.JyoType1Cd                  : Factor w/ 175 levels "1-02-1200-5-2",..: 1 2 3 4 11 6 12 13 14 10 ...
 $ Race.RaceType1Cd                 : Factor w/ 3 levels "1-5-X-1","1-5-X-2",..: 1 1 1 2 2 1 1 1 1 2 ...
 $ RaceHorse.RaceId                 : Factor w/ 2474 levels "20160626-02-01-04-02",..: 1 2 3 4 11 6 12 13 14 10 ...
 $ RaceHorse.KettoNum               : Factor w/ 13391 levels "2013100003","2013100004",..: 1 2 3 4 5 6 7 8 9 10 ...
 $ RaceHorse.IsHit1                 : num  0 0 1 0 0 0 0 0 0 0 ...
 $ RaceHorse.IsHit2                 : num  0 0 0 0 0 0 0 0 0 0 ...
 $ RaceHorse.IsHit3                 : num  0 0 0 0 0 0 0 0 0 0 ...
 $ RaceHorse.IsHit4                 : num  0 0 0 0 0 0 0 0 0 0 ...
 $ RaceHorse.IsHit5                 : num  0 0 0 0 0 1 0 0 0 0 ...
 $ RaceHorse.IsHit6                 : num  1 1 0 1 1 0 1 1 1 1 ...
 $ RaceHorse.IsValidRaceHorse       : logi  TRUE TRUE TRUE TRUE TRUE TRUE ...
 $ RaceHorse.TimeSdvByRace          : num  -1.055 -1.182 1.391 -1.302 -0.205 ...
 $ RaceHorse.TimeSdv                : num  0.377 -1.678 1.01 -1.657 -0.165 ...
 $ RaceHorse.IsHitA                 : num  0 0 1 0 0 0 0 0 0 0 ...
 $ RaceHorse.IsHitB                 : num  0 0 1 0 0 0 0 0 0 0 ...
 $ RaceHorse.IsHitC                 : num  0 0 1 0 0 0 0 0 0 0 ...
 $ Horse.KettoNum                   : Factor w/ 13391 levels "2013100003","2013100004",..: 1 2 3 4 5 6 7 8 9 10 ...
 $ Horse.TimeSdvByRaceAvg           : num  -0.229 -0.586 -0.748 -0.165 -0.269 ...
 $ Horse.TimeSdvByRaceMin           : num  -1.032 -1.447 -0.748 -0.666 -1.248 ...
 $ Horse.TimeSdvByRaceMax           : num  0.632 0.199 -0.748 0.335 0.232 ...
 $ Horse.TimeSdvAvg                 : num  -0.396 -0.51 -0.876 -0.287 -0.293 ...
 $ Horse.TimeSdvMin                 : num  -1.801 -0.968 -0.876 -0.356 -2.092 ...
 $ Horse.TimeSdvMax                 : num  0.346 -0.202 -0.876 -0.218 0.673 ...
 $ Horse.OrderOfFinishSdvAvg        : num  -0.395 -0.4 -0.48 -0.397 -0.559 ...
 $ Horse.RunCount                   : num  5 3 1 2 3 3 8 1 2 3 ...
 $ Horse.HitCount1                  : num  0 0 0 0 0 0 0 0 0 0 ...
 $ Horse.HitCount2                  : num  0 0 0 0 0 0 0 0 0 0 ...
 $ Horse.HitCount3                  : num  0 0 0 0 0 1 0 0 0 1 ...
 $ Horse.HitCount4                  : num  1 0 0 0 0 1 3 0 0 1 ...
 $ Horse.HitCount5                  : num  0 0 0 0 0 1 1 0 0 0 ...
 $ Horse.HitRate1                   : num  0 0 0 0 0 0 0 0 0 0 ...
 $ Horse.HitRate2                   : num  0 0 0 0 0 0 0 0 0 0 ...
 $ Horse.HitRate3                   : num  0 0 0 0 0 ...
 $ Horse.HitRate4                   : num  0.2 0 0 0 0 ...
 $ Horse.HitRate5                   : num  0 0 0 0 0 ...
 $ EOF                              : int  1 1 1 1 1 1 1 1 1 1 ...
 - attr(*, "na.action")= 'omit' Named int  29 175 188 206 263 477 592 625 884 1139 ...
  ..- attr(*, "names")= chr  "29" "175" "188" "206" ...
[1] "2022-02-26 18:02:45 --- na.omit Finish ---"
[1] "2022-02-26 18:02:46 --- rxGlm with rxStepControl Start ---"

> print(paste0(Sys.time(), " --- source_logic_glm.R Start ---"))
[1] "2022-02-26 18:02:48 --- source_logic_glm.R Start ---"

> formula <- formula(RaceHorse.IsHitA ~ +1 + Horse.TimeSdvByRaceAvg)

> print(paste0(Sys.time(), " --- source_logic_glm.R Finished ---"))
[1] "2022-02-26 18:02:48 --- source_logic_glm.R Finished ---"
Rows Read: 35439, Total Rows Processed: 35439, Total Chunk Time: 0.002 seconds 

Starting values (iteration 1) time: 0.028 secs.
Rows Read: 35439, Total Rows Processed: 35439, Total Chunk Time: 0.003 seconds 

Iteration 2 time: 0.013 secs.
Rows Read: 35439, Total Rows Processed: 35439, Total Chunk Time: 0.004 seconds 

Iteration 3 time: 0.006 secs.
Rows Read: 35439, Total Rows Processed: 35439, Total Chunk Time: 0.003 seconds 

Iteration 4 time: 0.007 secs.
Rows Read: 35439, Total Rows Processed: 35439, Total Chunk Time: 0.003 seconds 

Iteration 5 time: 0.006 secs.
Rows Read: 35439, Total Rows Processed: 35439, Total Chunk Time: 0.003 seconds 

Iteration 6 time: 0.007 secs.

Elapsed computation time: 0.170 secs.
Rows Read: 35439, Total Rows Processed: 35439, Total Chunk Time: 0.002 seconds 

Starting values (iteration 1) time: 0.021 secs.
Rows Read: 35439, Total Rows Processed: 35439, Total Chunk Time: 0.002 seconds 

Iteration 2 time: 0.012 secs.

Elapsed computation time: 0.049 secs.
Rows Read: 35439, Total Rows Processed: 35439, Total Chunk Time: 0.002 seconds 

Starting values (iteration 1) time: 0.019 secs.
Rows Read: 35439, Total Rows Processed: 35439, Total Chunk Time: 0.003 seconds 

Iteration 2 time: 0.013 secs.
Rows Read: 35439, Total Rows Processed: 35439, Total Chunk Time: 0.003 seconds 

Iteration 3 time: 0.007 secs.
Rows Read: 35439, Total Rows Processed: 35439, Total Chunk Time: 0.004 seconds 

Iteration 4 time: 0.007 secs.
Rows Read: 35439, Total Rows Processed: 35439, Total Chunk Time: 0.004 seconds 

Iteration 5 time: 0.007 secs.
Rows Read: 35439, Total Rows Processed: 35439, Total Chunk Time: 0.003 seconds 

Iteration 6 time: 0.007 secs.

Elapsed computation time: 0.098 secs.

Elapsed computation time: 0.343 secs.
[1] "--------------------------------------------------------------------------------"
[1] "analyze.results.glm.step="
Logistic Regression Results for: RaceHorse.IsHitA ~
    Horse.TimeSdvByRaceAvg
Data: data
Dependent variable(s): RaceHorse.IsHitA
Total independent variables: 2 
Number of valid observations: 35439
Number of missing observations: 0 
 
Coefficients:
                       RaceHorse.IsHitA
(Intercept)                          -3
Horse.TimeSdvByRaceAvg                2
[1] "analyze.results.glm.step.summary"
Call:
rxLogit(formula = formula, data = data, variableSelection = analyze.results.glm.step.varsel)

Logistic Regression Results for: RaceHorse.IsHitA ~
    Horse.TimeSdvByRaceAvg
Data: data
Dependent variable(s): RaceHorse.IsHitA
Total independent variables: 2 
Number of valid observations: 35439
Number of missing observations: 0 
-2*LogLikelihood: 15369.137 (Residual deviance on 35437 degrees of freedom)
 
Coefficients:
                       Estimate Std. Error z value Pr(>|z|)    
(Intercept)             -3.3370     0.0359   -93.0  2.2e-16 ***
Horse.TimeSdvByRaceAvg   1.9746     0.0485    40.7  2.2e-16 ***
---
Signif. codes:  0 '***' 0.001 '**' 0.01 '*' 0.05 '.' 0.1 ' ' 1

Condition number of final variance-covariance matrix: 1 
Number of iterations: 6
[1] "--------------------------------------------------------------------------------"
[1] "2022-02-26 18:02:51 --- rxGlm with rxStepControl Finish ---"
[1] "2022-02-26 18:02:52 --- rxStepPlot Start ---"
[1] "pdfFilename=pdf_analyze_glm_Horse_Type15_rxStepPlot.pdf"
[1] "rxStepPlot="
[1] "2022-02-26 18:02:53 --- rxStepPlot Finish ---"
[1] "2022-02-26 18:02:54 --- save.image Start ---"
[1] "save.image"
[1] "rdataFilename=RData_analyze_glm_Horse_Type15.RData"
[1] "2022-02-26 18:02:56 --- save.image Finish ---"
[1] "2022-02-26 18:02:56 --- final Start ---"
[1] "--------------------------------------------------------------------------------"
[1] "nrow(data) final=35439"
[1] "--------------------------------------------------------------------------------"
[1] "2022-02-26 18:02:56 --- final Finish ---"
[1] "2022-02-26 18:02:56 --- analyze_glm.R Finished ---"
[1] "2022-02-26 18:02:56 --- log Finish ---"
