[1] "2022-02-26 17:58:31 --- D1115_analyze_glm_Jockey_IsHitA_Type12 Start ---"
[1] "2022-02-26 17:58:33 --- Log Start ---"
[1] "2022-02-26 17:58:34 --- analyze_glm.R Start ---"
[1] "analyzeVersion=D1115"
[1] "analyzeCategory=analyze"
[1] "analyzeType=Jockey"
[1] "analyzeFamily=IsHitA"
[1] "analyzeFunc=glm"
[1] "analyzeTrackTypeCd=1"
[1] "analyzeJyokenCd=2"
[1] "2022-02-26 17:58:43 --- source_function.R Start ---"
[1] "2022-02-26 17:58:46 --- source_function.R Finished ---"

> print(paste0(Sys.time(), " --- source_library.R Start ---"))
[1] "2022-02-26 17:58:49 --- source_library.R Start ---"

> require("RevoScaleR")

> print(paste0(Sys.time(), " --- source_library.R Finished ---"))
[1] "2022-02-26 17:58:51 --- source_library.R Finished ---"
[1] "2022-02-26 17:58:52 --- RxSqlServerData Start ---"
[1] "2022-02-26 17:58:52 --- RxInSqlServer Start ---"
[1] "2022-02-26 17:58:53 --- RxInSqlServer Finish ---"
[1] "2022-02-26 17:58:54 --- rxSetComputeContext Start ---"
[1] "2022-02-26 17:58:55 --- rxSetComputeContext Finish ---"
[1] "2022-02-26 17:58:55 --- RxSqlServerData Start ---"
[1] "sqlQuery=SELECT * FROM ViewAnalyzeD1115analyze01JockeyType12"
[1] "2022-02-26 17:58:55 --- RxSqlServerData Finish ---"
[1] "2022-02-26 17:58:56 --- rxGetVarInfo Start ---"
[1] "2022-02-26 17:59:01 --- rxGetVarInfo Finish---"
[1] "2022-02-26 17:59:01 --- rxImport Start ---"
Rows Read: 6648, Total Rows Processed: 6648, Total Chunk Time: 17.938 seconds 
[1] "2022-02-26 17:59:46 --- rxImport Finish ---"
[1] "object.size(data) auto=2 Mb"
[1] "--------------------------------------------------------------------------------"
[1] "nrow(data) RxSqlServerData=6648"
[1] "--------------------------------------------------------------------------------"
[1] "str(data)="
'data.frame':	6648 obs. of  43 variables:
 $ Race.RaceId                      : Factor w/ 529 levels "20160109-06-01-02-10",..: 11 12 13 14 15 16 17 18 19 20 ...
 $ Race.IsAnalyzeNormalPastAndFuture: logi  TRUE TRUE TRUE TRUE TRUE TRUE ...
 $ Race.IsAnalyzeNormalPast         : logi  TRUE TRUE TRUE TRUE TRUE TRUE ...
 $ Race.IsAnalyzeNormalFuture       : logi  FALSE FALSE FALSE FALSE FALSE FALSE ...
 $ Race.IsAnalyzeFullPastAndFuture  : logi  TRUE TRUE TRUE TRUE TRUE TRUE ...
 $ Race.IsAnalyzeFullPast           : logi  TRUE TRUE TRUE TRUE TRUE TRUE ...
 $ Race.IsAnalyzeFullFuture         : logi  FALSE FALSE FALSE FALSE FALSE FALSE ...
 $ Race.JyokenCd                    : Factor w/ 1 level "2": 1 1 1 1 1 1 1 1 1 1 ...
 $ Race.JyoType1Cd                  : Factor w/ 112 levels "1-06-2200-2-1",..: 10 11 12 10 13 14 15 16 5 3 ...
 $ Race.RaceType1Cd                 : Factor w/ 3 levels "1-2-E-2","1-2-E-1",..: 2 3 2 2 2 1 1 1 2 2 ...
 $ RaceHorse.RaceId                 : Factor w/ 529 levels "20160109-06-01-02-10",..: 11 12 13 14 15 16 17 18 19 20 ...
 $ RaceHorse.KettoNum               : Factor w/ 1426 levels "2012104737","2008103264",..: 11 12 13 14 15 16 17 18 5 19 ...
 $ RaceHorse.IsHit1                 : num  0 0 0 0 0 0 0 0 0 0 ...
 $ RaceHorse.IsHit2                 : num  0 0 0 0 0 0 0 0 0 1 ...
 $ RaceHorse.IsHit3                 : num  1 0 0 0 0 1 0 0 0 0 ...
 $ RaceHorse.IsHit4                 : num  0 1 0 0 0 0 1 0 0 0 ...
 $ RaceHorse.IsHit5                 : num  0 0 0 0 0 0 0 0 0 0 ...
 $ RaceHorse.IsHit6                 : num  0 0 1 1 1 0 0 1 1 0 ...
 $ RaceHorse.IsValidRaceHorse       : logi  TRUE TRUE TRUE TRUE TRUE TRUE ...
 $ RaceHorse.TimeSdvByRace          : num  0.845 0.648 -0.166 0.368 0.381 ...
 $ RaceHorse.TimeSdv                : num  -0.726 0.745 -0.989 -0.942 0.808 ...
 $ RaceHorse.IsHitA                 : num  0 0 0 0 0 0 0 0 0 0 ...
 $ RaceHorse.IsHitB                 : num  0 0 0 0 0 0 0 0 0 1 ...
 $ RaceHorse.IsHitC                 : num  1 0 0 0 0 1 0 0 0 1 ...
 $ Jockey.TimeSdvByRaceAvg          : num  0.6132 -0.3259 -0.1983 -0.0779 0.2533 ...
 $ Jockey.TimeSdvByRaceMin          : num  -1.91 -1.76 -2.44 -1.45 -1.19 ...
 $ Jockey.TimeSdvByRaceMax          : num  1.863 0.83 1.476 0.759 1.659 ...
 $ Jockey.TimeSdvAvg                : num  0.3421 -0.0519 -0.0128 -0.3522 0.2744 ...
 $ Jockey.TimeSdvMin                : num  -1.69 -1.36 -2.41 -1.84 -1.37 ...
 $ Jockey.TimeSdvMax                : num  1.861 1.544 1.778 0.695 2.384 ...
 $ Jockey.OrderOfFinishSdvAvg       : num  0.6263 -0.5408 -0.1807 -0.0855 0.1196 ...
 $ Jockey.RunCount                  : num  82 11 51 15 42 2 49 53 40 66 ...
 $ Jockey.HitCount1                 : num  15 0 0 0 3 0 6 6 1 6 ...
 $ Jockey.HitCount2                 : num  12 0 4 0 2 0 0 14 1 8 ...
 $ Jockey.HitCount3                 : num  8 2 3 0 5 0 3 5 3 5 ...
 $ Jockey.HitCount4                 : num  5 0 2 2 2 0 5 4 3 7 ...
 $ Jockey.HitCount5                 : num  7 2 6 0 4 0 4 5 4 6 ...
 $ Jockey.HitRate1                  : num  0.1829 0 0 0 0.0714 ...
 $ Jockey.HitRate2                  : num  0.1463 0 0.0784 0 0.0476 ...
 $ Jockey.HitRate3                  : num  0.0976 0.1818 0.0588 0 0.119 ...
 $ Jockey.HitRate4                  : num  0.061 0 0.0392 0.1333 0.0476 ...
 $ Jockey.HitRate5                  : num  0.0854 0.1818 0.1176 0 0.0952 ...
 $ EOF                              : int  1 1 1 1 1 1 1 1 1 1 ...
[1] "2022-02-26 18:00:58 --- RxSqlServerData Finish ---"
[1] "2022-02-26 18:01:00 --- subset Start ---"
[1] "--------------------------------------------------------------------------------"
[1] "nrow(data) subset before=6648"
[1] "nrow(data) subset after =6648"
[1] "nrow(data) subset diff =0"
[1] "--------------------------------------------------------------------------------"
[1] "2022-02-26 18:01:05 --- subset Finish---"
[1] "2022-02-26 18:01:07 --- transform Start ---"
[1] "--------------------------------------------------------------------------------"
[1] "nrow(data) transform before=6648"
[1] "nrow(data) transform after=6648"
[1] "nrow(data) transform diff=0"
[1] "--------------------------------------------------------------------------------"
[1] "str(data)="
'data.frame':	6648 obs. of  43 variables:
 $ Race.RaceId                      : Factor w/ 529 levels "20160109-06-01-02-10",..: 11 12 13 14 15 16 17 18 19 20 ...
 $ Race.IsAnalyzeNormalPastAndFuture: logi  TRUE TRUE TRUE TRUE TRUE TRUE ...
 $ Race.IsAnalyzeNormalPast         : logi  TRUE TRUE TRUE TRUE TRUE TRUE ...
 $ Race.IsAnalyzeNormalFuture       : logi  FALSE FALSE FALSE FALSE FALSE FALSE ...
 $ Race.IsAnalyzeFullPastAndFuture  : logi  TRUE TRUE TRUE TRUE TRUE TRUE ...
 $ Race.IsAnalyzeFullPast           : logi  TRUE TRUE TRUE TRUE TRUE TRUE ...
 $ Race.IsAnalyzeFullFuture         : logi  FALSE FALSE FALSE FALSE FALSE FALSE ...
 $ Race.JyokenCd                    : Factor w/ 1 level "2": 1 1 1 1 1 1 1 1 1 1 ...
 $ Race.JyoType1Cd                  : Factor w/ 112 levels "1-06-2200-2-1",..: 10 11 12 10 13 14 15 16 5 3 ...
 $ Race.RaceType1Cd                 : Factor w/ 3 levels "1-2-E-2","1-2-E-1",..: 2 3 2 2 2 1 1 1 2 2 ...
 $ RaceHorse.RaceId                 : Factor w/ 529 levels "20160109-06-01-02-10",..: 11 12 13 14 15 16 17 18 19 20 ...
 $ RaceHorse.KettoNum               : Factor w/ 1426 levels "2012104737","2008103264",..: 11 12 13 14 15 16 17 18 5 19 ...
 $ RaceHorse.IsHit1                 : num  0 0 0 0 0 0 0 0 0 0 ...
 $ RaceHorse.IsHit2                 : num  0 0 0 0 0 0 0 0 0 1 ...
 $ RaceHorse.IsHit3                 : num  1 0 0 0 0 1 0 0 0 0 ...
 $ RaceHorse.IsHit4                 : num  0 1 0 0 0 0 1 0 0 0 ...
 $ RaceHorse.IsHit5                 : num  0 0 0 0 0 0 0 0 0 0 ...
 $ RaceHorse.IsHit6                 : num  0 0 1 1 1 0 0 1 1 0 ...
 $ RaceHorse.IsValidRaceHorse       : logi  TRUE TRUE TRUE TRUE TRUE TRUE ...
 $ RaceHorse.TimeSdvByRace          : num  0.845 0.648 -0.166 0.368 0.381 ...
 $ RaceHorse.TimeSdv                : num  -0.726 0.745 -0.989 -0.942 0.808 ...
 $ RaceHorse.IsHitA                 : num  0 0 0 0 0 0 0 0 0 0 ...
 $ RaceHorse.IsHitB                 : num  0 0 0 0 0 0 0 0 0 1 ...
 $ RaceHorse.IsHitC                 : num  1 0 0 0 0 1 0 0 0 1 ...
 $ Jockey.TimeSdvByRaceAvg          : num  0.6132 -0.3259 -0.1983 -0.0779 0.2533 ...
 $ Jockey.TimeSdvByRaceMin          : num  -1.91 -1.76 -2.44 -1.45 -1.19 ...
 $ Jockey.TimeSdvByRaceMax          : num  1.863 0.83 1.476 0.759 1.659 ...
 $ Jockey.TimeSdvAvg                : num  0.3421 -0.0519 -0.0128 -0.3522 0.2744 ...
 $ Jockey.TimeSdvMin                : num  -1.69 -1.36 -2.41 -1.84 -1.37 ...
 $ Jockey.TimeSdvMax                : num  1.861 1.544 1.778 0.695 2.384 ...
 $ Jockey.OrderOfFinishSdvAvg       : num  0.6263 -0.5408 -0.1807 -0.0855 0.1196 ...
 $ Jockey.RunCount                  : num  82 11 51 15 42 2 49 53 40 66 ...
 $ Jockey.HitCount1                 : num  15 0 0 0 3 0 6 6 1 6 ...
 $ Jockey.HitCount2                 : num  12 0 4 0 2 0 0 14 1 8 ...
 $ Jockey.HitCount3                 : num  8 2 3 0 5 0 3 5 3 5 ...
 $ Jockey.HitCount4                 : num  5 0 2 2 2 0 5 4 3 7 ...
 $ Jockey.HitCount5                 : num  7 2 6 0 4 0 4 5 4 6 ...
 $ Jockey.HitRate1                  : num  0.1829 0 0 0 0.0714 ...
 $ Jockey.HitRate2                  : num  0.1463 0 0.0784 0 0.0476 ...
 $ Jockey.HitRate3                  : num  0.0976 0.1818 0.0588 0 0.119 ...
 $ Jockey.HitRate4                  : num  0.061 0 0.0392 0.1333 0.0476 ...
 $ Jockey.HitRate5                  : num  0.0854 0.1818 0.1176 0 0.0952 ...
 $ EOF                              : int  1 1 1 1 1 1 1 1 1 1 ...
NULL
[1] "2022-02-26 18:01:48 --- transform Finish ---"
[1] "2022-02-26 18:01:48 --- na.omit Start ---"
[1] "--------------------------------------------------------------------------------"
[1] "nrow(data) na.omit before=6648"
[1] "nrow(data) na.omit after =6602"
[1] "nrow(data) na.omit diff =46"
[1] "--------------------------------------------------------------------------------"
'data.frame':	6602 obs. of  43 variables:
 $ Race.RaceId                      : Factor w/ 529 levels "20160109-06-01-02-10",..: 11 12 13 14 15 16 17 18 19 20 ...
 $ Race.IsAnalyzeNormalPastAndFuture: logi  TRUE TRUE TRUE TRUE TRUE TRUE ...
 $ Race.IsAnalyzeNormalPast         : logi  TRUE TRUE TRUE TRUE TRUE TRUE ...
 $ Race.IsAnalyzeNormalFuture       : logi  FALSE FALSE FALSE FALSE FALSE FALSE ...
 $ Race.IsAnalyzeFullPastAndFuture  : logi  TRUE TRUE TRUE TRUE TRUE TRUE ...
 $ Race.IsAnalyzeFullPast           : logi  TRUE TRUE TRUE TRUE TRUE TRUE ...
 $ Race.IsAnalyzeFullFuture         : logi  FALSE FALSE FALSE FALSE FALSE FALSE ...
 $ Race.JyokenCd                    : Factor w/ 1 level "2": 1 1 1 1 1 1 1 1 1 1 ...
 $ Race.JyoType1Cd                  : Factor w/ 112 levels "1-06-2200-2-1",..: 10 11 12 10 13 14 15 16 5 3 ...
 $ Race.RaceType1Cd                 : Factor w/ 3 levels "1-2-E-2","1-2-E-1",..: 2 3 2 2 2 1 1 1 2 2 ...
 $ RaceHorse.RaceId                 : Factor w/ 529 levels "20160109-06-01-02-10",..: 11 12 13 14 15 16 17 18 19 20 ...
 $ RaceHorse.KettoNum               : Factor w/ 1426 levels "2012104737","2008103264",..: 11 12 13 14 15 16 17 18 5 19 ...
 $ RaceHorse.IsHit1                 : num  0 0 0 0 0 0 0 0 0 0 ...
 $ RaceHorse.IsHit2                 : num  0 0 0 0 0 0 0 0 0 1 ...
 $ RaceHorse.IsHit3                 : num  1 0 0 0 0 1 0 0 0 0 ...
 $ RaceHorse.IsHit4                 : num  0 1 0 0 0 0 1 0 0 0 ...
 $ RaceHorse.IsHit5                 : num  0 0 0 0 0 0 0 0 0 0 ...
 $ RaceHorse.IsHit6                 : num  0 0 1 1 1 0 0 1 1 0 ...
 $ RaceHorse.IsValidRaceHorse       : logi  TRUE TRUE TRUE TRUE TRUE TRUE ...
 $ RaceHorse.TimeSdvByRace          : num  0.845 0.648 -0.166 0.368 0.381 ...
 $ RaceHorse.TimeSdv                : num  -0.726 0.745 -0.989 -0.942 0.808 ...
 $ RaceHorse.IsHitA                 : num  0 0 0 0 0 0 0 0 0 0 ...
 $ RaceHorse.IsHitB                 : num  0 0 0 0 0 0 0 0 0 1 ...
 $ RaceHorse.IsHitC                 : num  1 0 0 0 0 1 0 0 0 1 ...
 $ Jockey.TimeSdvByRaceAvg          : num  0.6132 -0.3259 -0.1983 -0.0779 0.2533 ...
 $ Jockey.TimeSdvByRaceMin          : num  -1.91 -1.76 -2.44 -1.45 -1.19 ...
 $ Jockey.TimeSdvByRaceMax          : num  1.863 0.83 1.476 0.759 1.659 ...
 $ Jockey.TimeSdvAvg                : num  0.3421 -0.0519 -0.0128 -0.3522 0.2744 ...
 $ Jockey.TimeSdvMin                : num  -1.69 -1.36 -2.41 -1.84 -1.37 ...
 $ Jockey.TimeSdvMax                : num  1.861 1.544 1.778 0.695 2.384 ...
 $ Jockey.OrderOfFinishSdvAvg       : num  0.6263 -0.5408 -0.1807 -0.0855 0.1196 ...
 $ Jockey.RunCount                  : num  82 11 51 15 42 2 49 53 40 66 ...
 $ Jockey.HitCount1                 : num  15 0 0 0 3 0 6 6 1 6 ...
 $ Jockey.HitCount2                 : num  12 0 4 0 2 0 0 14 1 8 ...
 $ Jockey.HitCount3                 : num  8 2 3 0 5 0 3 5 3 5 ...
 $ Jockey.HitCount4                 : num  5 0 2 2 2 0 5 4 3 7 ...
 $ Jockey.HitCount5                 : num  7 2 6 0 4 0 4 5 4 6 ...
 $ Jockey.HitRate1                  : num  0.1829 0 0 0 0.0714 ...
 $ Jockey.HitRate2                  : num  0.1463 0 0.0784 0 0.0476 ...
 $ Jockey.HitRate3                  : num  0.0976 0.1818 0.0588 0 0.119 ...
 $ Jockey.HitRate4                  : num  0.061 0 0.0392 0.1333 0.0476 ...
 $ Jockey.HitRate5                  : num  0.0854 0.1818 0.1176 0 0.0952 ...
 $ EOF                              : int  1 1 1 1 1 1 1 1 1 1 ...
 - attr(*, "na.action")= 'omit' Named int  66 148 239 250 251 313 657 797 813 1090 ...
  ..- attr(*, "names")= chr  "66" "148" "239" "250" ...
[1] "2022-02-26 18:02:05 --- na.omit Finish ---"
[1] "2022-02-26 18:02:05 --- rxGlm with rxStepControl Start ---"

> print(paste0(Sys.time(), " --- source_logic_glm.R Start ---"))
[1] "2022-02-26 18:02:05 --- source_logic_glm.R Start ---"

> formula <- formula(RaceHorse.IsHitA ~ +1 + Jockey.TimeSdvByRaceAvg)

> print(paste0(Sys.time(), " --- source_logic_glm.R Finished ---"))
[1] "2022-02-26 18:02:05 --- source_logic_glm.R Finished ---"
Rows Read: 6602, Total Rows Processed: 6602, Total Chunk Time: 0.001 seconds 

Starting values (iteration 1) time: 0.015 secs.
Rows Read: 6602, Total Rows Processed: 6602, Total Chunk Time: 0.001 seconds 

Iteration 2 time: 0.006 secs.
Rows Read: 6602, Total Rows Processed: 6602, Total Chunk Time: 0.001 seconds 

Iteration 3 time: 0.005 secs.
Rows Read: 6602, Total Rows Processed: 6602, Total Chunk Time: 0.002 seconds 

Iteration 4 time: 0.006 secs.
Rows Read: 6602, Total Rows Processed: 6602, Total Chunk Time: Less than .001 seconds 

Iteration 5 time: 0.005 secs.

Elapsed computation time: 0.362 secs.
Rows Read: 6602, Total Rows Processed: 6602, Total Chunk Time: 0.001 seconds 

Starting values (iteration 1) time: 0.005 secs.
Rows Read: 6602, Total Rows Processed: 6602, Total Chunk Time: 0.001 seconds 

Iteration 2 time: 0.006 secs.

Elapsed computation time: 0.027 secs.
Rows Read: 6602, Total Rows Processed: 6602, Total Chunk Time: Less than .001 seconds 

Starting values (iteration 1) time: 0.006 secs.
Rows Read: 6602, Total Rows Processed: 6602, Total Chunk Time: 0.002 seconds 

Iteration 2 time: 0.008 secs.
Rows Read: 6602, Total Rows Processed: 6602, Total Chunk Time: 0.001 seconds 

Iteration 3 time: 0.005 secs.
Rows Read: 6602, Total Rows Processed: 6602, Total Chunk Time: 0.001 seconds 

Iteration 4 time: 0.004 secs.
Rows Read: 6602, Total Rows Processed: 6602, Total Chunk Time: 0.002 seconds 

Iteration 5 time: 0.005 secs.

Elapsed computation time: 0.063 secs.

Elapsed computation time: 0.468 secs.
[1] "--------------------------------------------------------------------------------"
[1] "analyze.results.glm.step="
Logistic Regression Results for: RaceHorse.IsHitA ~
    Jockey.TimeSdvByRaceAvg
Data: data
Dependent variable(s): RaceHorse.IsHitA
Total independent variables: 2 
Number of valid observations: 6602
Number of missing observations: 0 
 
Coefficients:
                        RaceHorse.IsHitA
(Intercept)                           -3
Jockey.TimeSdvByRaceAvg                1
[1] "analyze.results.glm.step.summary"
Call:
rxLogit(formula = formula, data = data, variableSelection = analyze.results.glm.step.varsel)

Logistic Regression Results for: RaceHorse.IsHitA ~
    Jockey.TimeSdvByRaceAvg
Data: data
Dependent variable(s): RaceHorse.IsHitA
Total independent variables: 2 
Number of valid observations: 6602
Number of missing observations: 0 
-2*LogLikelihood: 3576.239 (Residual deviance on 6600 degrees of freedom)
 
Coefficients:
                        Estimate Std. Error z value Pr(>|z|)    
(Intercept)              -2.5357     0.0491  -51.61  2.2e-16 ***
Jockey.TimeSdvByRaceAvg   1.0519     0.1322    7.96  2.2e-16 ***
---
Signif. codes:  0 '***' 0.001 '**' 0.01 '*' 0.05 '.' 0.1 ' ' 1

Condition number of final variance-covariance matrix: 1 
Number of iterations: 5
[1] "--------------------------------------------------------------------------------"
[1] "2022-02-26 18:02:09 --- rxGlm with rxStepControl Finish ---"
[1] "2022-02-26 18:02:10 --- rxStepPlot Start ---"
[1] "pdfFilename=pdf_analyze_glm_Jockey_Type12_rxStepPlot.pdf"
[1] "rxStepPlot="
[1] "2022-02-26 18:02:10 --- rxStepPlot Finish ---"
[1] "2022-02-26 18:02:10 --- save.image Start ---"
[1] "save.image"
[1] "rdataFilename=RData_analyze_glm_Jockey_Type12.RData"
[1] "2022-02-26 18:02:11 --- save.image Finish ---"
[1] "2022-02-26 18:02:11 --- final Start ---"
[1] "--------------------------------------------------------------------------------"
[1] "nrow(data) final=6602"
[1] "--------------------------------------------------------------------------------"
[1] "2022-02-26 18:02:11 --- final Finish ---"
[1] "2022-02-26 18:02:11 --- analyze_glm.R Finished ---"
[1] "2022-02-26 18:02:11 --- log Finish ---"
