[1] "2022-02-26 17:57:17 --- D1115_analyze_glm_Gen02_IsHitA_Type12 Start ---"
[1] "2022-02-26 17:57:17 --- Log Start ---"
[1] "2022-02-26 17:57:17 --- analyze_glm.R Start ---"
[1] "analyzeVersion=D1115"
[1] "analyzeCategory=analyze"
[1] "analyzeType=Gen02"
[1] "analyzeFamily=IsHitA"
[1] "analyzeFunc=glm"
[1] "analyzeTrackTypeCd=1"
[1] "analyzeJyokenCd=2"
[1] "2022-02-26 17:57:18 --- source_function.R Start ---"
[1] "2022-02-26 17:57:18 --- source_function.R Finished ---"

> print(paste0(Sys.time(), " --- source_library.R Start ---"))
[1] "2022-02-26 17:57:18 --- source_library.R Start ---"

> require("RevoScaleR")

> print(paste0(Sys.time(), " --- source_library.R Finished ---"))
[1] "2022-02-26 17:57:19 --- source_library.R Finished ---"
[1] "2022-02-26 17:57:20 --- RxSqlServerData Start ---"
[1] "2022-02-26 17:57:20 --- RxInSqlServer Start ---"
[1] "2022-02-26 17:57:20 --- RxInSqlServer Finish ---"
[1] "2022-02-26 17:57:21 --- rxSetComputeContext Start ---"
[1] "2022-02-26 17:57:21 --- rxSetComputeContext Finish ---"
[1] "2022-02-26 17:57:21 --- RxSqlServerData Start ---"
[1] "sqlQuery=SELECT * FROM ViewAnalyzeD1115analyze01Gen02Type12"
[1] "2022-02-26 17:57:21 --- RxSqlServerData Finish ---"
[1] "2022-02-26 17:57:21 --- rxGetVarInfo Start ---"
[1] "2022-02-26 17:57:23 --- rxGetVarInfo Finish---"
[1] "2022-02-26 17:57:24 --- rxImport Start ---"
Rows Read: 5452, Total Rows Processed: 5452, Total Chunk Time: 68.921 seconds 
[1] "2022-02-26 17:59:43 --- rxImport Finish ---"
[1] "object.size(data) auto=1.7 Mb"
[1] "--------------------------------------------------------------------------------"
[1] "nrow(data) RxSqlServerData=5452"
[1] "--------------------------------------------------------------------------------"
[1] "str(data)="
'data.frame':	5452 obs. of  44 variables:
 $ Race.RaceId                      : Factor w/ 529 levels "20160117-06-01-06-09",..: 1 2 3 4 5 6 7 8 9 10 ...
 $ Race.IsAnalyzeNormalPastAndFuture: logi  TRUE TRUE TRUE TRUE TRUE TRUE ...
 $ Race.IsAnalyzeNormalPast         : logi  TRUE TRUE TRUE TRUE TRUE TRUE ...
 $ Race.IsAnalyzeNormalFuture       : logi  FALSE FALSE FALSE FALSE FALSE FALSE ...
 $ Race.IsAnalyzeFullPastAndFuture  : logi  TRUE TRUE TRUE TRUE TRUE TRUE ...
 $ Race.IsAnalyzeFullPast           : logi  TRUE TRUE TRUE TRUE TRUE TRUE ...
 $ Race.IsAnalyzeFullFuture         : logi  FALSE FALSE FALSE FALSE FALSE FALSE ...
 $ Race.JyokenCd                    : Factor w/ 1 level "2": 1 1 1 1 1 1 1 1 1 1 ...
 $ Race.JyoType1Cd                  : Factor w/ 112 levels "1-06-1800-2-1",..: 1 2 3 4 5 6 7 8 9 10 ...
 $ Race.RaceType1Cd                 : Factor w/ 3 levels "1-2-E-2","1-2-E-1",..: 1 2 2 2 3 1 3 2 1 2 ...
 $ RaceHorse.RaceId                 : Factor w/ 529 levels "20160117-06-01-06-09",..: 1 2 3 4 5 6 7 8 9 10 ...
 $ RaceHorse.KettoNum               : Factor w/ 1140 levels "2011104182","2010102252",..: 1 11 3 4 12 6 13 8 9 10 ...
 $ RaceHorse.IsHit1                 : num  0 0 0 0 0 0 0 0 0 0 ...
 $ RaceHorse.IsHit2                 : num  0 0 0 0 0 0 0 0 0 0 ...
 $ RaceHorse.IsHit3                 : num  1 0 0 0 0 0 1 0 0 0 ...
 $ RaceHorse.IsHit4                 : num  0 0 0 0 0 0 0 1 0 0 ...
 $ RaceHorse.IsHit5                 : num  0 0 1 1 0 0 0 0 1 0 ...
 $ RaceHorse.IsHit6                 : num  0 1 0 0 1 1 0 0 0 1 ...
 $ RaceHorse.IsValidRaceHorse       : logi  TRUE TRUE TRUE TRUE TRUE TRUE ...
 $ RaceHorse.TimeSdvByRace          : num  0.667 0.177 0.59 0.377 -1.045 ...
 $ RaceHorse.TimeSdv                : num  0.7582 0.8461 0.0174 0.1054 0.5492 ...
 $ RaceHorse.IsHitA                 : num  0 0 0 0 0 0 0 0 0 0 ...
 $ RaceHorse.IsHitB                 : num  0 0 0 0 0 0 0 0 0 0 ...
 $ RaceHorse.IsHitC                 : num  1 0 0 0 0 0 1 0 0 0 ...
 $ Gen02.HansyokuNum                : Factor w/ 186 levels "11201964","11201913",..: 1 8 3 1 9 5 10 6 7 6 ...
 $ Gen02.TimeSdvByRaceAvg           : num  0.392 -0.3 0.355 0.636 0.185 ...
 $ Gen02.TimeSdvByRaceMin           : num  -0.4957 -0.2999 -0.8206 0.0923 -0.3532 ...
 $ Gen02.TimeSdvByRaceMax           : num  0.863 -0.3 1.489 0.94 0.724 ...
 $ Gen02.TimeSdvAvg                 : num  0.417 -0.989 0.116 0.663 0.537 ...
 $ Gen02.TimeSdvMin                 : num  -0.617 -0.989 -1.009 0.194 0.021 ...
 $ Gen02.TimeSdvMax                 : num  1.683 -0.989 1.122 0.997 1.053 ...
 $ Gen02.OrderOfFinishSdvAvg        : num  0.175 -0.454 0.356 0.503 -0.289 ...
 $ Gen02.RunCount                   : num  7 1 12 3 2 1 2 8 2 1 ...
 $ Gen02.HitCount1                  : num  0 0 1 0 0 0 0 0 0 0 ...
 $ Gen02.HitCount2                  : num  0 0 2 0 0 0 0 1 1 0 ...
 $ Gen02.HitCount3                  : num  1 0 0 1 0 0 0 2 1 1 ...
 $ Gen02.HitCount4                  : num  1 0 0 1 0 0 0 2 0 0 ...
 $ Gen02.HitCount5                  : num  0 0 2 0 1 0 0 0 0 0 ...
 $ Gen02.HitRate1                   : num  0 0 0.0833 0 0 ...
 $ Gen02.HitRate2                   : num  0 0 0.167 0 0 ...
 $ Gen02.HitRate3                   : num  0.143 0 0 0.333 0 ...
 $ Gen02.HitRate4                   : num  0.143 0 0 0.333 0 ...
 $ Gen02.HitRate5                   : num  0 0 0.167 0 0.5 ...
 $ EOF                              : int  1 1 1 1 1 1 1 1 1 1 ...
[1] "2022-02-26 18:00:12 --- RxSqlServerData Finish ---"
[1] "2022-02-26 18:00:14 --- subset Start ---"
[1] "--------------------------------------------------------------------------------"
[1] "nrow(data) subset before=5452"
[1] "nrow(data) subset after =5452"
[1] "nrow(data) subset diff =0"
[1] "--------------------------------------------------------------------------------"
[1] "2022-02-26 18:00:19 --- subset Finish---"
[1] "2022-02-26 18:00:21 --- transform Start ---"
[1] "--------------------------------------------------------------------------------"
[1] "nrow(data) transform before=5452"
[1] "nrow(data) transform after=5452"
[1] "nrow(data) transform diff=0"
[1] "--------------------------------------------------------------------------------"
[1] "str(data)="
'data.frame':	5452 obs. of  44 variables:
 $ Race.RaceId                      : Factor w/ 529 levels "20160117-06-01-06-09",..: 1 2 3 4 5 6 7 8 9 10 ...
 $ Race.IsAnalyzeNormalPastAndFuture: logi  TRUE TRUE TRUE TRUE TRUE TRUE ...
 $ Race.IsAnalyzeNormalPast         : logi  TRUE TRUE TRUE TRUE TRUE TRUE ...
 $ Race.IsAnalyzeNormalFuture       : logi  FALSE FALSE FALSE FALSE FALSE FALSE ...
 $ Race.IsAnalyzeFullPastAndFuture  : logi  TRUE TRUE TRUE TRUE TRUE TRUE ...
 $ Race.IsAnalyzeFullPast           : logi  TRUE TRUE TRUE TRUE TRUE TRUE ...
 $ Race.IsAnalyzeFullFuture         : logi  FALSE FALSE FALSE FALSE FALSE FALSE ...
 $ Race.JyokenCd                    : Factor w/ 1 level "2": 1 1 1 1 1 1 1 1 1 1 ...
 $ Race.JyoType1Cd                  : Factor w/ 112 levels "1-06-1800-2-1",..: 1 2 3 4 5 6 7 8 9 10 ...
 $ Race.RaceType1Cd                 : Factor w/ 3 levels "1-2-E-2","1-2-E-1",..: 1 2 2 2 3 1 3 2 1 2 ...
 $ RaceHorse.RaceId                 : Factor w/ 529 levels "20160117-06-01-06-09",..: 1 2 3 4 5 6 7 8 9 10 ...
 $ RaceHorse.KettoNum               : Factor w/ 1140 levels "2011104182","2010102252",..: 1 11 3 4 12 6 13 8 9 10 ...
 $ RaceHorse.IsHit1                 : num  0 0 0 0 0 0 0 0 0 0 ...
 $ RaceHorse.IsHit2                 : num  0 0 0 0 0 0 0 0 0 0 ...
 $ RaceHorse.IsHit3                 : num  1 0 0 0 0 0 1 0 0 0 ...
 $ RaceHorse.IsHit4                 : num  0 0 0 0 0 0 0 1 0 0 ...
 $ RaceHorse.IsHit5                 : num  0 0 1 1 0 0 0 0 1 0 ...
 $ RaceHorse.IsHit6                 : num  0 1 0 0 1 1 0 0 0 1 ...
 $ RaceHorse.IsValidRaceHorse       : logi  TRUE TRUE TRUE TRUE TRUE TRUE ...
 $ RaceHorse.TimeSdvByRace          : num  0.667 0.177 0.59 0.377 -1.045 ...
 $ RaceHorse.TimeSdv                : num  0.7582 0.8461 0.0174 0.1054 0.5492 ...
 $ RaceHorse.IsHitA                 : num  0 0 0 0 0 0 0 0 0 0 ...
 $ RaceHorse.IsHitB                 : num  0 0 0 0 0 0 0 0 0 0 ...
 $ RaceHorse.IsHitC                 : num  1 0 0 0 0 0 1 0 0 0 ...
 $ Gen02.HansyokuNum                : Factor w/ 186 levels "11201964","11201913",..: 1 8 3 1 9 5 10 6 7 6 ...
 $ Gen02.TimeSdvByRaceAvg           : num  0.392 -0.3 0.355 0.636 0.185 ...
 $ Gen02.TimeSdvByRaceMin           : num  -0.4957 -0.2999 -0.8206 0.0923 -0.3532 ...
 $ Gen02.TimeSdvByRaceMax           : num  0.863 -0.3 1.489 0.94 0.724 ...
 $ Gen02.TimeSdvAvg                 : num  0.417 -0.989 0.116 0.663 0.537 ...
 $ Gen02.TimeSdvMin                 : num  -0.617 -0.989 -1.009 0.194 0.021 ...
 $ Gen02.TimeSdvMax                 : num  1.683 -0.989 1.122 0.997 1.053 ...
 $ Gen02.OrderOfFinishSdvAvg        : num  0.175 -0.454 0.356 0.503 -0.289 ...
 $ Gen02.RunCount                   : num  7 1 12 3 2 1 2 8 2 1 ...
 $ Gen02.HitCount1                  : num  0 0 1 0 0 0 0 0 0 0 ...
 $ Gen02.HitCount2                  : num  0 0 2 0 0 0 0 1 1 0 ...
 $ Gen02.HitCount3                  : num  1 0 0 1 0 0 0 2 1 1 ...
 $ Gen02.HitCount4                  : num  1 0 0 1 0 0 0 2 0 0 ...
 $ Gen02.HitCount5                  : num  0 0 2 0 1 0 0 0 0 0 ...
 $ Gen02.HitRate1                   : num  0 0 0.0833 0 0 ...
 $ Gen02.HitRate2                   : num  0 0 0.167 0 0 ...
 $ Gen02.HitRate3                   : num  0.143 0 0 0.333 0 ...
 $ Gen02.HitRate4                   : num  0.143 0 0 0.333 0 ...
 $ Gen02.HitRate5                   : num  0 0 0.167 0 0.5 ...
 $ EOF                              : int  1 1 1 1 1 1 1 1 1 1 ...
NULL
[1] "2022-02-26 18:01:11 --- transform Finish ---"
[1] "2022-02-26 18:01:13 --- na.omit Start ---"
[1] "--------------------------------------------------------------------------------"
[1] "nrow(data) na.omit before=5452"
[1] "nrow(data) na.omit after =5413"
[1] "nrow(data) na.omit diff =39"
[1] "--------------------------------------------------------------------------------"
'data.frame':	5413 obs. of  44 variables:
 $ Race.RaceId                      : Factor w/ 529 levels "20160117-06-01-06-09",..: 1 2 3 4 5 6 7 8 9 10 ...
 $ Race.IsAnalyzeNormalPastAndFuture: logi  TRUE TRUE TRUE TRUE TRUE TRUE ...
 $ Race.IsAnalyzeNormalPast         : logi  TRUE TRUE TRUE TRUE TRUE TRUE ...
 $ Race.IsAnalyzeNormalFuture       : logi  FALSE FALSE FALSE FALSE FALSE FALSE ...
 $ Race.IsAnalyzeFullPastAndFuture  : logi  TRUE TRUE TRUE TRUE TRUE TRUE ...
 $ Race.IsAnalyzeFullPast           : logi  TRUE TRUE TRUE TRUE TRUE TRUE ...
 $ Race.IsAnalyzeFullFuture         : logi  FALSE FALSE FALSE FALSE FALSE FALSE ...
 $ Race.JyokenCd                    : Factor w/ 1 level "2": 1 1 1 1 1 1 1 1 1 1 ...
 $ Race.JyoType1Cd                  : Factor w/ 112 levels "1-06-1800-2-1",..: 1 2 3 4 5 6 7 8 9 10 ...
 $ Race.RaceType1Cd                 : Factor w/ 3 levels "1-2-E-2","1-2-E-1",..: 1 2 2 2 3 1 3 2 1 2 ...
 $ RaceHorse.RaceId                 : Factor w/ 529 levels "20160117-06-01-06-09",..: 1 2 3 4 5 6 7 8 9 10 ...
 $ RaceHorse.KettoNum               : Factor w/ 1140 levels "2011104182","2010102252",..: 1 11 3 4 12 6 13 8 9 10 ...
 $ RaceHorse.IsHit1                 : num  0 0 0 0 0 0 0 0 0 0 ...
 $ RaceHorse.IsHit2                 : num  0 0 0 0 0 0 0 0 0 0 ...
 $ RaceHorse.IsHit3                 : num  1 0 0 0 0 0 1 0 0 0 ...
 $ RaceHorse.IsHit4                 : num  0 0 0 0 0 0 0 1 0 0 ...
 $ RaceHorse.IsHit5                 : num  0 0 1 1 0 0 0 0 1 0 ...
 $ RaceHorse.IsHit6                 : num  0 1 0 0 1 1 0 0 0 1 ...
 $ RaceHorse.IsValidRaceHorse       : logi  TRUE TRUE TRUE TRUE TRUE TRUE ...
 $ RaceHorse.TimeSdvByRace          : num  0.667 0.177 0.59 0.377 -1.045 ...
 $ RaceHorse.TimeSdv                : num  0.7582 0.8461 0.0174 0.1054 0.5492 ...
 $ RaceHorse.IsHitA                 : num  0 0 0 0 0 0 0 0 0 0 ...
 $ RaceHorse.IsHitB                 : num  0 0 0 0 0 0 0 0 0 0 ...
 $ RaceHorse.IsHitC                 : num  1 0 0 0 0 0 1 0 0 0 ...
 $ Gen02.HansyokuNum                : Factor w/ 186 levels "11201964","11201913",..: 1 8 3 1 9 5 10 6 7 6 ...
 $ Gen02.TimeSdvByRaceAvg           : num  0.392 -0.3 0.355 0.636 0.185 ...
 $ Gen02.TimeSdvByRaceMin           : num  -0.4957 -0.2999 -0.8206 0.0923 -0.3532 ...
 $ Gen02.TimeSdvByRaceMax           : num  0.863 -0.3 1.489 0.94 0.724 ...
 $ Gen02.TimeSdvAvg                 : num  0.417 -0.989 0.116 0.663 0.537 ...
 $ Gen02.TimeSdvMin                 : num  -0.617 -0.989 -1.009 0.194 0.021 ...
 $ Gen02.TimeSdvMax                 : num  1.683 -0.989 1.122 0.997 1.053 ...
 $ Gen02.OrderOfFinishSdvAvg        : num  0.175 -0.454 0.356 0.503 -0.289 ...
 $ Gen02.RunCount                   : num  7 1 12 3 2 1 2 8 2 1 ...
 $ Gen02.HitCount1                  : num  0 0 1 0 0 0 0 0 0 0 ...
 $ Gen02.HitCount2                  : num  0 0 2 0 0 0 0 1 1 0 ...
 $ Gen02.HitCount3                  : num  1 0 0 1 0 0 0 2 1 1 ...
 $ Gen02.HitCount4                  : num  1 0 0 1 0 0 0 2 0 0 ...
 $ Gen02.HitCount5                  : num  0 0 2 0 1 0 0 0 0 0 ...
 $ Gen02.HitRate1                   : num  0 0 0.0833 0 0 ...
 $ Gen02.HitRate2                   : num  0 0 0.167 0 0 ...
 $ Gen02.HitRate3                   : num  0.143 0 0 0.333 0 ...
 $ Gen02.HitRate4                   : num  0.143 0 0 0.333 0 ...
 $ Gen02.HitRate5                   : num  0 0 0.167 0 0.5 ...
 $ EOF                              : int  1 1 1 1 1 1 1 1 1 1 ...
 - attr(*, "na.action")= 'omit' Named int  94 250 251 725 838 1026 1217 1423 1496 1543 ...
  ..- attr(*, "names")= chr  "94" "250" "251" "725" ...
[1] "2022-02-26 18:01:45 --- na.omit Finish ---"
[1] "2022-02-26 18:01:45 --- rxGlm with rxStepControl Start ---"

> print(paste0(Sys.time(), " --- source_logic_glm.R Start ---"))
[1] "2022-02-26 18:01:47 --- source_logic_glm.R Start ---"

> formula <- formula(RaceHorse.IsHitA ~ +1 + Gen02.TimeSdvByRaceAvg)

> print(paste0(Sys.time(), " --- source_logic_glm.R Finished ---"))
[1] "2022-02-26 18:01:48 --- source_logic_glm.R Finished ---"
Rows Read: 5413, Total Rows Processed: 5413, Total Chunk Time: Less than .001 seconds 

Starting values (iteration 1) time: 0.018 secs.
Rows Read: 5413, Total Rows Processed: 5413, Total Chunk Time: Less than .001 seconds 

Iteration 2 time: 0.005 secs.
Rows Read: 5413, Total Rows Processed: 5413, Total Chunk Time: 0.001 seconds 

Iteration 3 time: 0.004 secs.
Rows Read: 5413, Total Rows Processed: 5413, Total Chunk Time: Less than .001 seconds 

Iteration 4 time: 0.004 secs.
Rows Read: 5413, Total Rows Processed: 5413, Total Chunk Time: Less than .001 seconds 

Iteration 5 time: 0.004 secs.

Elapsed computation time: 0.062 secs.
Rows Read: 5413, Total Rows Processed: 5413, Total Chunk Time: Less than .001 seconds 

Starting values (iteration 1) time: 0.005 secs.
Rows Read: 5413, Total Rows Processed: 5413, Total Chunk Time: Less than .001 seconds 

Iteration 2 time: 0.006 secs.

Elapsed computation time: 0.023 secs.
Rows Read: 5413, Total Rows Processed: 5413, Total Chunk Time: 0.001 seconds 

Starting values (iteration 1) time: 0.006 secs.
Rows Read: 5413, Total Rows Processed: 5413, Total Chunk Time: Less than .001 seconds 

Iteration 2 time: 0.007 secs.
Rows Read: 5413, Total Rows Processed: 5413, Total Chunk Time: 0.001 seconds 

Iteration 3 time: 0.005 secs.
Rows Read: 5413, Total Rows Processed: 5413, Total Chunk Time: 0.001 seconds 

Iteration 4 time: 0.005 secs.
Rows Read: 5413, Total Rows Processed: 5413, Total Chunk Time: Less than .001 seconds 

Iteration 5 time: 0.007 secs.

Elapsed computation time: 0.062 secs.

Elapsed computation time: 0.165 secs.
[1] "--------------------------------------------------------------------------------"
[1] "analyze.results.glm.step="
Logistic Regression Results for: RaceHorse.IsHitA ~
    Gen02.TimeSdvByRaceAvg
Data: data
Dependent variable(s): RaceHorse.IsHitA
Total independent variables: 2 
Number of valid observations: 5413
Number of missing observations: 0 
 
Coefficients:
                       RaceHorse.IsHitA
(Intercept)                          -3
Gen02.TimeSdvByRaceAvg                1
[1] "analyze.results.glm.step.summary"
Call:
rxLogit(formula = formula, data = data, variableSelection = analyze.results.glm.step.varsel)

Logistic Regression Results for: RaceHorse.IsHitA ~
    Gen02.TimeSdvByRaceAvg
Data: data
Dependent variable(s): RaceHorse.IsHitA
Total independent variables: 2 
Number of valid observations: 5413
Number of missing observations: 0 
-2*LogLikelihood: 2690.267 (Residual deviance on 5411 degrees of freedom)
 
Coefficients:
                       Estimate Std. Error z value Pr(>|z|)    
(Intercept)             -2.8199     0.0662   -42.6  2.2e-16 ***
Gen02.TimeSdvByRaceAvg   1.0121     0.1009    10.0  2.2e-16 ***
---
Signif. codes:  0 '***' 0.001 '**' 0.01 '*' 0.05 '.' 0.1 ' ' 1

Condition number of final variance-covariance matrix: 1 
Number of iterations: 5
[1] "--------------------------------------------------------------------------------"
[1] "2022-02-26 18:01:49 --- rxGlm with rxStepControl Finish ---"
[1] "2022-02-26 18:01:49 --- rxStepPlot Start ---"
[1] "pdfFilename=pdf_analyze_glm_Gen02_Type12_rxStepPlot.pdf"
[1] "rxStepPlot="
[1] "2022-02-26 18:01:50 --- rxStepPlot Finish ---"
[1] "2022-02-26 18:01:50 --- save.image Start ---"
[1] "save.image"
[1] "rdataFilename=RData_analyze_glm_Gen02_Type12.RData"
[1] "2022-02-26 18:01:51 --- save.image Finish ---"
[1] "2022-02-26 18:01:51 --- final Start ---"
[1] "--------------------------------------------------------------------------------"
[1] "nrow(data) final=5413"
[1] "--------------------------------------------------------------------------------"
[1] "2022-02-26 18:01:51 --- final Finish ---"
[1] "2022-02-26 18:01:51 --- analyze_glm.R Finished ---"
[1] "2022-02-26 18:01:51 --- log Finish ---"
