[1] "2022-02-26 17:58:30 --- D1115_analyze_glm_Horse_IsHitA_Type22 Start ---"
[1] "2022-02-26 17:58:30 --- Log Start ---"
[1] "2022-02-26 17:58:30 --- analyze_glm.R Start ---"
[1] "analyzeVersion=D1115"
[1] "analyzeCategory=analyze"
[1] "analyzeType=Horse"
[1] "analyzeFamily=IsHitA"
[1] "analyzeFunc=glm"
[1] "analyzeTrackTypeCd=2"
[1] "analyzeJyokenCd=2"
[1] "2022-02-26 17:58:30 --- source_function.R Start ---"
[1] "2022-02-26 17:58:32 --- source_function.R Finished ---"

> print(paste0(Sys.time(), " --- source_library.R Start ---"))
[1] "2022-02-26 17:58:36 --- source_library.R Start ---"

> require("RevoScaleR")

> print(paste0(Sys.time(), " --- source_library.R Finished ---"))
[1] "2022-02-26 17:58:41 --- source_library.R Finished ---"
[1] "2022-02-26 17:58:43 --- RxSqlServerData Start ---"
[1] "2022-02-26 17:58:45 --- RxInSqlServer Start ---"
[1] "2022-02-26 17:58:47 --- RxInSqlServer Finish ---"
[1] "2022-02-26 17:58:48 --- rxSetComputeContext Start ---"
[1] "2022-02-26 17:58:50 --- rxSetComputeContext Finish ---"
[1] "2022-02-26 17:58:50 --- RxSqlServerData Start ---"
[1] "sqlQuery=SELECT * FROM ViewAnalyzeD1115analyze01HorseType22"
[1] "2022-02-26 17:58:50 --- RxSqlServerData Finish ---"
[1] "2022-02-26 17:58:50 --- rxGetVarInfo Start ---"
[1] "2022-02-26 17:58:54 --- rxGetVarInfo Finish---"
[1] "2022-02-26 17:58:54 --- rxImport Start ---"
Rows Read: 5788, Total Rows Processed: 5788, Total Chunk Time: 743.250 seconds 
[1] "2022-02-26 18:25:20 --- rxImport Finish ---"
[1] "object.size(data) auto=1.9 Mb"
[1] "--------------------------------------------------------------------------------"
[1] "nrow(data) RxSqlServerData=5788"
[1] "--------------------------------------------------------------------------------"
[1] "str(data)="
'data.frame':	5788 obs. of  44 variables:
 $ Race.RaceId                      : Factor w/ 399 levels "20160306-06-02-04-10",..: 7 8 9 10 11 12 13 14 7 15 ...
 $ Race.IsAnalyzeNormalPastAndFuture: logi  TRUE TRUE TRUE TRUE TRUE TRUE ...
 $ Race.IsAnalyzeNormalPast         : logi  TRUE TRUE TRUE TRUE TRUE TRUE ...
 $ Race.IsAnalyzeNormalFuture       : logi  FALSE FALSE FALSE FALSE FALSE FALSE ...
 $ Race.IsAnalyzeFullPastAndFuture  : logi  TRUE TRUE TRUE TRUE TRUE TRUE ...
 $ Race.IsAnalyzeFullPast           : logi  TRUE TRUE TRUE TRUE TRUE TRUE ...
 $ Race.IsAnalyzeFullFuture         : logi  FALSE FALSE FALSE FALSE FALSE FALSE ...
 $ Race.JyokenCd                    : Factor w/ 1 level "2": 1 1 1 1 1 1 1 1 1 1 ...
 $ Race.JyoType1Cd                  : Factor w/ 71 levels "2-06-1800-2-1",..: 2 7 8 9 10 3 11 12 2 13 ...
 $ Race.RaceType1Cd                 : Factor w/ 2 levels "2-2-E-2","2-2-E-1": 1 2 2 2 2 2 2 1 1 2 ...
 $ RaceHorse.RaceId                 : Factor w/ 399 levels "20160306-06-02-04-10",..: 7 8 9 10 11 12 13 14 7 15 ...
 $ RaceHorse.KettoNum               : Factor w/ 1204 levels "2008101058","2008103180",..: 1 7 8 9 9 9 4 5 6 6 ...
 $ RaceHorse.IsHit1                 : num  0 0 0 0 0 1 0 0 0 0 ...
 $ RaceHorse.IsHit2                 : num  0 0 0 0 1 0 0 0 0 0 ...
 $ RaceHorse.IsHit3                 : num  0 0 0 0 0 0 0 0 0 0 ...
 $ RaceHorse.IsHit4                 : num  1 0 0 1 0 0 1 0 0 0 ...
 $ RaceHorse.IsHit5                 : num  0 0 0 0 0 0 0 0 0 0 ...
 $ RaceHorse.IsHit6                 : num  0 1 1 0 0 0 0 1 1 1 ...
 $ RaceHorse.IsValidRaceHorse       : logi  TRUE TRUE TRUE TRUE TRUE TRUE ...
 $ RaceHorse.TimeSdvByRace          : num  0.0606 0.065 -1.083 0.7218 1.2268 ...
 $ RaceHorse.TimeSdv                : num  0.84 0.73 -1.074 -0.141 1.216 ...
 $ RaceHorse.IsHitA                 : num  0 0 0 0 0 1 0 0 0 0 ...
 $ RaceHorse.IsHitB                 : num  0 0 0 0 1 1 0 0 0 0 ...
 $ RaceHorse.IsHitC                 : num  0 0 0 0 1 1 0 0 0 0 ...
 $ Horse.KettoNum                   : Factor w/ 1204 levels "2008101058","2008103180",..: 1 7 8 9 9 9 4 5 6 6 ...
 $ Horse.TimeSdvByRaceAvg           : num  0.418 0.411 0.476 0.695 0.708 ...
 $ Horse.TimeSdvByRaceMin           : num  -1.13 -1.239 -1.796 -0.673 -0.673 ...
 $ Horse.TimeSdvByRaceMax           : num  2.38 1.95 2.1 1.7 1.7 ...
 $ Horse.TimeSdvAvg                 : num  0.336 0.184 0.301 0.505 0.491 ...
 $ Horse.TimeSdvMin                 : num  -0.983 -1.839 -1.199 -0.969 -0.969 ...
 $ Horse.TimeSdvMax                 : num  1.62 1.75 2.45 1.51 1.51 ...
 $ Horse.OrderOfFinishSdvAvg        : num  0.251 0.378 0.464 0.704 0.747 ...
 $ Horse.RunCount                   : num  55 42 35 22 25 28 16 45 28 34 ...
 $ Horse.HitCount1                  : num  4 4 4 4 4 4 4 4 4 4 ...
 $ Horse.HitCount2                  : num  5 6 4 0 1 2 3 7 2 2 ...
 $ Horse.HitCount3                  : num  6 4 6 8 8 8 0 5 3 3 ...
 $ Horse.HitCount4                  : num  2 0 4 0 2 2 0 4 2 2 ...
 $ Horse.HitCount5                  : num  3 3 2 1 1 1 4 4 4 4 ...
 $ Horse.HitRate1                   : num  0.0727 0.0952 0.1143 0.1818 0.16 ...
 $ Horse.HitRate2                   : num  0.0909 0.1429 0.1143 0 0.04 ...
 $ Horse.HitRate3                   : num  0.1091 0.0952 0.1714 0.3636 0.32 ...
 $ Horse.HitRate4                   : num  0.0364 0 0.1143 0 0.08 ...
 $ Horse.HitRate5                   : num  0.0545 0.0714 0.0571 0.0455 0.04 ...
 $ EOF                              : int  1 1 1 1 1 1 1 1 1 1 ...
[1] "2022-02-26 18:25:20 --- RxSqlServerData Finish ---"
[1] "2022-02-26 18:25:20 --- subset Start ---"
[1] "--------------------------------------------------------------------------------"
[1] "nrow(data) subset before=5788"
[1] "nrow(data) subset after =5788"
[1] "nrow(data) subset diff =0"
[1] "--------------------------------------------------------------------------------"
[1] "2022-02-26 18:25:20 --- subset Finish---"
[1] "2022-02-26 18:25:20 --- transform Start ---"
[1] "--------------------------------------------------------------------------------"
[1] "nrow(data) transform before=5788"
[1] "nrow(data) transform after=5788"
[1] "nrow(data) transform diff=0"
[1] "--------------------------------------------------------------------------------"
[1] "str(data)="
'data.frame':	5788 obs. of  44 variables:
 $ Race.RaceId                      : Factor w/ 399 levels "20160306-06-02-04-10",..: 7 8 9 10 11 12 13 14 7 15 ...
 $ Race.IsAnalyzeNormalPastAndFuture: logi  TRUE TRUE TRUE TRUE TRUE TRUE ...
 $ Race.IsAnalyzeNormalPast         : logi  TRUE TRUE TRUE TRUE TRUE TRUE ...
 $ Race.IsAnalyzeNormalFuture       : logi  FALSE FALSE FALSE FALSE FALSE FALSE ...
 $ Race.IsAnalyzeFullPastAndFuture  : logi  TRUE TRUE TRUE TRUE TRUE TRUE ...
 $ Race.IsAnalyzeFullPast           : logi  TRUE TRUE TRUE TRUE TRUE TRUE ...
 $ Race.IsAnalyzeFullFuture         : logi  FALSE FALSE FALSE FALSE FALSE FALSE ...
 $ Race.JyokenCd                    : Factor w/ 1 level "2": 1 1 1 1 1 1 1 1 1 1 ...
 $ Race.JyoType1Cd                  : Factor w/ 71 levels "2-06-1800-2-1",..: 2 7 8 9 10 3 11 12 2 13 ...
 $ Race.RaceType1Cd                 : Factor w/ 2 levels "2-2-E-2","2-2-E-1": 1 2 2 2 2 2 2 1 1 2 ...
 $ RaceHorse.RaceId                 : Factor w/ 399 levels "20160306-06-02-04-10",..: 7 8 9 10 11 12 13 14 7 15 ...
 $ RaceHorse.KettoNum               : Factor w/ 1204 levels "2008101058","2008103180",..: 1 7 8 9 9 9 4 5 6 6 ...
 $ RaceHorse.IsHit1                 : num  0 0 0 0 0 1 0 0 0 0 ...
 $ RaceHorse.IsHit2                 : num  0 0 0 0 1 0 0 0 0 0 ...
 $ RaceHorse.IsHit3                 : num  0 0 0 0 0 0 0 0 0 0 ...
 $ RaceHorse.IsHit4                 : num  1 0 0 1 0 0 1 0 0 0 ...
 $ RaceHorse.IsHit5                 : num  0 0 0 0 0 0 0 0 0 0 ...
 $ RaceHorse.IsHit6                 : num  0 1 1 0 0 0 0 1 1 1 ...
 $ RaceHorse.IsValidRaceHorse       : logi  TRUE TRUE TRUE TRUE TRUE TRUE ...
 $ RaceHorse.TimeSdvByRace          : num  0.0606 0.065 -1.083 0.7218 1.2268 ...
 $ RaceHorse.TimeSdv                : num  0.84 0.73 -1.074 -0.141 1.216 ...
 $ RaceHorse.IsHitA                 : num  0 0 0 0 0 1 0 0 0 0 ...
 $ RaceHorse.IsHitB                 : num  0 0 0 0 1 1 0 0 0 0 ...
 $ RaceHorse.IsHitC                 : num  0 0 0 0 1 1 0 0 0 0 ...
 $ Horse.KettoNum                   : Factor w/ 1204 levels "2008101058","2008103180",..: 1 7 8 9 9 9 4 5 6 6 ...
 $ Horse.TimeSdvByRaceAvg           : num  0.418 0.411 0.476 0.695 0.708 ...
 $ Horse.TimeSdvByRaceMin           : num  -1.13 -1.239 -1.796 -0.673 -0.673 ...
 $ Horse.TimeSdvByRaceMax           : num  2.38 1.95 2.1 1.7 1.7 ...
 $ Horse.TimeSdvAvg                 : num  0.336 0.184 0.301 0.505 0.491 ...
 $ Horse.TimeSdvMin                 : num  -0.983 -1.839 -1.199 -0.969 -0.969 ...
 $ Horse.TimeSdvMax                 : num  1.62 1.75 2.45 1.51 1.51 ...
 $ Horse.OrderOfFinishSdvAvg        : num  0.251 0.378 0.464 0.704 0.747 ...
 $ Horse.RunCount                   : num  55 42 35 22 25 28 16 45 28 34 ...
 $ Horse.HitCount1                  : num  4 4 4 4 4 4 4 4 4 4 ...
 $ Horse.HitCount2                  : num  5 6 4 0 1 2 3 7 2 2 ...
 $ Horse.HitCount3                  : num  6 4 6 8 8 8 0 5 3 3 ...
 $ Horse.HitCount4                  : num  2 0 4 0 2 2 0 4 2 2 ...
 $ Horse.HitCount5                  : num  3 3 2 1 1 1 4 4 4 4 ...
 $ Horse.HitRate1                   : num  0.0727 0.0952 0.1143 0.1818 0.16 ...
 $ Horse.HitRate2                   : num  0.0909 0.1429 0.1143 0 0.04 ...
 $ Horse.HitRate3                   : num  0.1091 0.0952 0.1714 0.3636 0.32 ...
 $ Horse.HitRate4                   : num  0.0364 0 0.1143 0 0.08 ...
 $ Horse.HitRate5                   : num  0.0545 0.0714 0.0571 0.0455 0.04 ...
 $ EOF                              : int  1 1 1 1 1 1 1 1 1 1 ...
NULL
[1] "2022-02-26 18:25:20 --- transform Finish ---"
[1] "2022-02-26 18:25:20 --- na.omit Start ---"
[1] "--------------------------------------------------------------------------------"
[1] "nrow(data) na.omit before=5788"
[1] "nrow(data) na.omit after =5749"
[1] "nrow(data) na.omit diff =39"
[1] "--------------------------------------------------------------------------------"
'data.frame':	5749 obs. of  44 variables:
 $ Race.RaceId                      : Factor w/ 399 levels "20160306-06-02-04-10",..: 7 8 9 10 11 12 13 14 7 15 ...
 $ Race.IsAnalyzeNormalPastAndFuture: logi  TRUE TRUE TRUE TRUE TRUE TRUE ...
 $ Race.IsAnalyzeNormalPast         : logi  TRUE TRUE TRUE TRUE TRUE TRUE ...
 $ Race.IsAnalyzeNormalFuture       : logi  FALSE FALSE FALSE FALSE FALSE FALSE ...
 $ Race.IsAnalyzeFullPastAndFuture  : logi  TRUE TRUE TRUE TRUE TRUE TRUE ...
 $ Race.IsAnalyzeFullPast           : logi  TRUE TRUE TRUE TRUE TRUE TRUE ...
 $ Race.IsAnalyzeFullFuture         : logi  FALSE FALSE FALSE FALSE FALSE FALSE ...
 $ Race.JyokenCd                    : Factor w/ 1 level "2": 1 1 1 1 1 1 1 1 1 1 ...
 $ Race.JyoType1Cd                  : Factor w/ 71 levels "2-06-1800-2-1",..: 2 7 8 9 10 3 11 12 2 13 ...
 $ Race.RaceType1Cd                 : Factor w/ 2 levels "2-2-E-2","2-2-E-1": 1 2 2 2 2 2 2 1 1 2 ...
 $ RaceHorse.RaceId                 : Factor w/ 399 levels "20160306-06-02-04-10",..: 7 8 9 10 11 12 13 14 7 15 ...
 $ RaceHorse.KettoNum               : Factor w/ 1204 levels "2008101058","2008103180",..: 1 7 8 9 9 9 4 5 6 6 ...
 $ RaceHorse.IsHit1                 : num  0 0 0 0 0 1 0 0 0 0 ...
 $ RaceHorse.IsHit2                 : num  0 0 0 0 1 0 0 0 0 0 ...
 $ RaceHorse.IsHit3                 : num  0 0 0 0 0 0 0 0 0 0 ...
 $ RaceHorse.IsHit4                 : num  1 0 0 1 0 0 1 0 0 0 ...
 $ RaceHorse.IsHit5                 : num  0 0 0 0 0 0 0 0 0 0 ...
 $ RaceHorse.IsHit6                 : num  0 1 1 0 0 0 0 1 1 1 ...
 $ RaceHorse.IsValidRaceHorse       : logi  TRUE TRUE TRUE TRUE TRUE TRUE ...
 $ RaceHorse.TimeSdvByRace          : num  0.0606 0.065 -1.083 0.7218 1.2268 ...
 $ RaceHorse.TimeSdv                : num  0.84 0.73 -1.074 -0.141 1.216 ...
 $ RaceHorse.IsHitA                 : num  0 0 0 0 0 1 0 0 0 0 ...
 $ RaceHorse.IsHitB                 : num  0 0 0 0 1 1 0 0 0 0 ...
 $ RaceHorse.IsHitC                 : num  0 0 0 0 1 1 0 0 0 0 ...
 $ Horse.KettoNum                   : Factor w/ 1204 levels "2008101058","2008103180",..: 1 7 8 9 9 9 4 5 6 6 ...
 $ Horse.TimeSdvByRaceAvg           : num  0.418 0.411 0.476 0.695 0.708 ...
 $ Horse.TimeSdvByRaceMin           : num  -1.13 -1.239 -1.796 -0.673 -0.673 ...
 $ Horse.TimeSdvByRaceMax           : num  2.38 1.95 2.1 1.7 1.7 ...
 $ Horse.TimeSdvAvg                 : num  0.336 0.184 0.301 0.505 0.491 ...
 $ Horse.TimeSdvMin                 : num  -0.983 -1.839 -1.199 -0.969 -0.969 ...
 $ Horse.TimeSdvMax                 : num  1.62 1.75 2.45 1.51 1.51 ...
 $ Horse.OrderOfFinishSdvAvg        : num  0.251 0.378 0.464 0.704 0.747 ...
 $ Horse.RunCount                   : num  55 42 35 22 25 28 16 45 28 34 ...
 $ Horse.HitCount1                  : num  4 4 4 4 4 4 4 4 4 4 ...
 $ Horse.HitCount2                  : num  5 6 4 0 1 2 3 7 2 2 ...
 $ Horse.HitCount3                  : num  6 4 6 8 8 8 0 5 3 3 ...
 $ Horse.HitCount4                  : num  2 0 4 0 2 2 0 4 2 2 ...
 $ Horse.HitCount5                  : num  3 3 2 1 1 1 4 4 4 4 ...
 $ Horse.HitRate1                   : num  0.0727 0.0952 0.1143 0.1818 0.16 ...
 $ Horse.HitRate2                   : num  0.0909 0.1429 0.1143 0 0.04 ...
 $ Horse.HitRate3                   : num  0.1091 0.0952 0.1714 0.3636 0.32 ...
 $ Horse.HitRate4                   : num  0.0364 0 0.1143 0 0.08 ...
 $ Horse.HitRate5                   : num  0.0545 0.0714 0.0571 0.0455 0.04 ...
 $ EOF                              : int  1 1 1 1 1 1 1 1 1 1 ...
 - attr(*, "na.action")= 'omit' Named int  279 290 508 1009 1026 1113 1220 1365 1404 1570 ...
  ..- attr(*, "names")= chr  "279" "290" "508" "1009" ...
[1] "2022-02-26 18:25:21 --- na.omit Finish ---"
[1] "2022-02-26 18:25:21 --- rxGlm with rxStepControl Start ---"

> print(paste0(Sys.time(), " --- source_logic_glm.R Start ---"))
[1] "2022-02-26 18:25:21 --- source_logic_glm.R Start ---"

> formula <- formula(RaceHorse.IsHitA ~ +1 + Horse.TimeSdvByRaceAvg)

> print(paste0(Sys.time(), " --- source_logic_glm.R Finished ---"))
[1] "2022-02-26 18:25:21 --- source_logic_glm.R Finished ---"
Rows Read: 5749, Total Rows Processed: 5749, Total Chunk Time: Less than .001 seconds 

Starting values (iteration 1) time: 0.005 secs.
Rows Read: 5749, Total Rows Processed: 5749, Total Chunk Time: Less than .001 seconds 

Iteration 2 time: 0.003 secs.
Rows Read: 5749, Total Rows Processed: 5749, Total Chunk Time: Less than .001 seconds 

Iteration 3 time: 0.003 secs.
Rows Read: 5749, Total Rows Processed: 5749, Total Chunk Time: Less than .001 seconds 

Iteration 4 time: 0.003 secs.
Rows Read: 5749, Total Rows Processed: 5749, Total Chunk Time: Less than .001 seconds 

Iteration 5 time: 0.003 secs.

Elapsed computation time: 0.029 secs.
Rows Read: 5749, Total Rows Processed: 5749, Total Chunk Time: Less than .001 seconds 

Starting values (iteration 1) time: 0.004 secs.
Rows Read: 5749, Total Rows Processed: 5749, Total Chunk Time: Less than .001 seconds 

Iteration 2 time: 0.004 secs.

Elapsed computation time: 0.014 secs.
Rows Read: 5749, Total Rows Processed: 5749, Total Chunk Time: Less than .001 seconds 

Starting values (iteration 1) time: 0.004 secs.
Rows Read: 5749, Total Rows Processed: 5749, Total Chunk Time: Less than .001 seconds 

Iteration 2 time: 0.005 secs.
Rows Read: 5749, Total Rows Processed: 5749, Total Chunk Time: 0.001 seconds 

Iteration 3 time: 0.003 secs.
Rows Read: 5749, Total Rows Processed: 5749, Total Chunk Time: Less than .001 seconds 

Iteration 4 time: 0.003 secs.
Rows Read: 5749, Total Rows Processed: 5749, Total Chunk Time: Less than .001 seconds 

Iteration 5 time: 0.003 secs.

Elapsed computation time: 0.031 secs.

Elapsed computation time: 0.086 secs.
[1] "--------------------------------------------------------------------------------"
[1] "analyze.results.glm.step="
Logistic Regression Results for: RaceHorse.IsHitA ~
    Horse.TimeSdvByRaceAvg
Data: data
Dependent variable(s): RaceHorse.IsHitA
Total independent variables: 2 
Number of valid observations: 5749
Number of missing observations: 0 
 
Coefficients:
                       RaceHorse.IsHitA
(Intercept)                          -4
Horse.TimeSdvByRaceAvg                2
[1] "analyze.results.glm.step.summary"
Call:
rxLogit(formula = formula, data = data, variableSelection = analyze.results.glm.step.varsel)

Logistic Regression Results for: RaceHorse.IsHitA ~
    Horse.TimeSdvByRaceAvg
Data: data
Dependent variable(s): RaceHorse.IsHitA
Total independent variables: 2 
Number of valid observations: 5749
Number of missing observations: 0 
-2*LogLikelihood: 2739.175 (Residual deviance on 5747 degrees of freedom)
 
Coefficients:
                       Estimate Std. Error z value Pr(>|z|)    
(Intercept)              -3.929      0.131   -30.1  2.2e-16 ***
Horse.TimeSdvByRaceAvg    2.186      0.172    12.7  2.2e-16 ***
---
Signif. codes:  0 '***' 0.001 '**' 0.01 '*' 0.05 '.' 0.1 ' ' 1

Condition number of final variance-covariance matrix: 1 
Number of iterations: 5
[1] "--------------------------------------------------------------------------------"
[1] "2022-02-26 18:25:21 --- rxGlm with rxStepControl Finish ---"
[1] "2022-02-26 18:25:21 --- rxStepPlot Start ---"
[1] "pdfFilename=pdf_analyze_glm_Horse_Type22_rxStepPlot.pdf"
[1] "rxStepPlot="
[1] "2022-02-26 18:25:21 --- rxStepPlot Finish ---"
[1] "2022-02-26 18:25:21 --- save.image Start ---"
[1] "save.image"
[1] "rdataFilename=RData_analyze_glm_Horse_Type22.RData"
[1] "2022-02-26 18:25:21 --- save.image Finish ---"
[1] "2022-02-26 18:25:21 --- final Start ---"
[1] "--------------------------------------------------------------------------------"
[1] "nrow(data) final=5749"
[1] "--------------------------------------------------------------------------------"
[1] "2022-02-26 18:25:21 --- final Finish ---"
[1] "2022-02-26 18:25:21 --- analyze_glm.R Finished ---"
[1] "2022-02-26 18:25:21 --- log Finish ---"
