[1] "2022-02-26 17:58:23 --- D1115_analyze_glm_Horse_IsHitA_Type24 Start ---"
[1] "2022-02-26 17:58:25 --- Log Start ---"
[1] "2022-02-26 17:58:25 --- analyze_glm.R Start ---"
[1] "analyzeVersion=D1115"
[1] "analyzeCategory=analyze"
[1] "analyzeType=Horse"
[1] "analyzeFamily=IsHitA"
[1] "analyzeFunc=glm"
[1] "analyzeTrackTypeCd=2"
[1] "analyzeJyokenCd=4"
[1] "2022-02-26 17:58:29 --- source_function.R Start ---"
[1] "2022-02-26 17:58:30 --- source_function.R Finished ---"

> print(paste0(Sys.time(), " --- source_library.R Start ---"))
[1] "2022-02-26 17:58:33 --- source_library.R Start ---"

> require("RevoScaleR")

> print(paste0(Sys.time(), " --- source_library.R Finished ---"))
[1] "2022-02-26 17:58:42 --- source_library.R Finished ---"
[1] "2022-02-26 17:58:44 --- RxSqlServerData Start ---"
[1] "2022-02-26 17:58:48 --- RxInSqlServer Start ---"
[1] "2022-02-26 17:58:49 --- RxInSqlServer Finish ---"
[1] "2022-02-26 17:58:50 --- rxSetComputeContext Start ---"
[1] "2022-02-26 17:58:51 --- rxSetComputeContext Finish ---"
[1] "2022-02-26 17:58:51 --- RxSqlServerData Start ---"
[1] "sqlQuery=SELECT * FROM ViewAnalyzeD1115analyze01HorseType24"
[1] "2022-02-26 17:58:51 --- RxSqlServerData Finish ---"
[1] "2022-02-26 17:58:51 --- rxGetVarInfo Start ---"
[1] "2022-02-26 17:58:56 --- rxGetVarInfo Finish---"
[1] "2022-02-26 17:58:57 --- rxImport Start ---"
Rows Read: 39666, Total Rows Processed: 39666, Total Chunk Time: 13.020 seconds 
[1] "2022-02-26 17:59:24 --- rxImport Finish ---"
[1] "object.size(data) auto=12.6 Mb"
[1] "--------------------------------------------------------------------------------"
[1] "nrow(data) RxSqlServerData=39666"
[1] "--------------------------------------------------------------------------------"
[1] "str(data)="
'data.frame':	39666 obs. of  44 variables:
 $ Race.RaceId                      : Factor w/ 2833 levels "20160124-07-01-04-06",..: 11 12 13 14 15 16 17 18 19 20 ...
 $ Race.IsAnalyzeNormalPastAndFuture: logi  TRUE TRUE TRUE TRUE TRUE TRUE ...
 $ Race.IsAnalyzeNormalPast         : logi  TRUE TRUE TRUE TRUE TRUE TRUE ...
 $ Race.IsAnalyzeNormalFuture       : logi  FALSE FALSE FALSE FALSE FALSE FALSE ...
 $ Race.IsAnalyzeFullPastAndFuture  : logi  TRUE TRUE TRUE TRUE TRUE TRUE ...
 $ Race.IsAnalyzeFullPast           : logi  TRUE TRUE TRUE TRUE TRUE TRUE ...
 $ Race.IsAnalyzeFullFuture         : logi  FALSE FALSE FALSE FALSE FALSE FALSE ...
 $ Race.JyokenCd                    : Factor w/ 1 level "4": 1 1 1 1 1 1 1 1 1 1 ...
 $ Race.JyoType1Cd                  : Factor w/ 131 levels "2-07-1400-4-1",..: 1 11 12 13 14 15 15 16 15 17 ...
 $ Race.RaceType1Cd                 : Factor w/ 5 levels "2-4-X-1","2-4-X-2",..: 1 1 2 3 2 2 2 2 2 1 ...
 $ RaceHorse.RaceId                 : Factor w/ 2833 levels "20160124-07-01-04-06",..: 11 12 13 14 15 16 17 18 19 20 ...
 $ RaceHorse.KettoNum               : Factor w/ 7958 levels "2010100861","2010100965",..: 11 12 13 14 15 16 17 18 19 20 ...
 $ RaceHorse.IsHit1                 : num  0 0 0 0 1 0 0 0 0 0 ...
 $ RaceHorse.IsHit2                 : num  0 0 0 0 0 0 0 0 0 0 ...
 $ RaceHorse.IsHit3                 : num  0 0 0 0 0 0 0 0 0 0 ...
 $ RaceHorse.IsHit4                 : num  0 0 0 0 0 0 0 0 0 0 ...
 $ RaceHorse.IsHit5                 : num  0 0 0 0 0 0 0 1 0 0 ...
 $ RaceHorse.IsHit6                 : num  1 1 1 1 0 1 1 0 1 1 ...
 $ RaceHorse.IsValidRaceHorse       : logi  TRUE TRUE TRUE TRUE TRUE TRUE ...
 $ RaceHorse.TimeSdvByRace          : num  -1.49 -1.17 -0.67 -2.65 1.44 ...
 $ RaceHorse.TimeSdv                : num  -2 -1.403 -0.198 -1.421 0.887 ...
 $ RaceHorse.IsHitA                 : num  0 0 0 0 1 0 0 0 0 0 ...
 $ RaceHorse.IsHitB                 : num  0 0 0 0 1 0 0 0 0 0 ...
 $ RaceHorse.IsHitC                 : num  0 0 0 0 1 0 0 0 0 0 ...
 $ Horse.KettoNum                   : Factor w/ 7958 levels "2010100861","2010100965",..: 11 12 13 14 15 16 17 18 19 20 ...
 $ Horse.TimeSdvByRaceAvg           : num  0.1871 -0.0194 0.0288 -1.4246 0.1951 ...
 $ Horse.TimeSdvByRaceMin           : num  -2.02 -2.58 -1.62 -2.87 -1.58 ...
 $ Horse.TimeSdvByRaceMax           : num  1.48 1.46 1.17 1.47 1.28 ...
 $ Horse.TimeSdvAvg                 : num  0.0407 0.0646 0.0949 -0.9311 0.0434 ...
 $ Horse.TimeSdvMin                 : num  -1.28 -2.58 -1.44 -2.29 -2.11 ...
 $ Horse.TimeSdvMax                 : num  0.7289 1.4963 1.1257 -0.0571 0.9692 ...
 $ Horse.OrderOfFinishSdvAvg        : num  0.0796 0.1155 -0.0346 -0.9953 0.1557 ...
 $ Horse.RunCount                   : num  18 20 55 14 30 25 33 33 26 17 ...
 $ Horse.HitCount1                  : num  1 2 1 1 2 0 2 2 1 1 ...
 $ Horse.HitCount2                  : num  1 3 5 0 0 0 4 1 0 0 ...
 $ Horse.HitCount3                  : num  3 3 3 0 1 2 2 4 0 0 ...
 $ Horse.HitCount4                  : num  1 2 6 0 3 4 1 5 2 2 ...
 $ Horse.HitCount5                  : num  2 0 6 0 6 1 3 3 0 0 ...
 $ Horse.HitRate1                   : num  0.0556 0.1 0.0182 0.0714 0.0667 ...
 $ Horse.HitRate2                   : num  0.0556 0.15 0.0909 0 0 ...
 $ Horse.HitRate3                   : num  0.1667 0.15 0.0545 0 0.0333 ...
 $ Horse.HitRate4                   : num  0.0556 0.1 0.1091 0 0.1 ...
 $ Horse.HitRate5                   : num  0.111 0 0.109 0 0.2 ...
 $ EOF                              : int  1 1 1 1 1 1 1 1 1 1 ...
[1] "2022-02-26 18:00:25 --- RxSqlServerData Finish ---"
[1] "2022-02-26 18:00:25 --- subset Start ---"
[1] "--------------------------------------------------------------------------------"
[1] "nrow(data) subset before=39666"
[1] "nrow(data) subset after =39666"
[1] "nrow(data) subset diff =0"
[1] "--------------------------------------------------------------------------------"
[1] "2022-02-26 18:00:42 --- subset Finish---"
[1] "2022-02-26 18:00:43 --- transform Start ---"
[1] "--------------------------------------------------------------------------------"
[1] "nrow(data) transform before=39666"
[1] "nrow(data) transform after=39666"
[1] "nrow(data) transform diff=0"
[1] "--------------------------------------------------------------------------------"
[1] "str(data)="
'data.frame':	39666 obs. of  44 variables:
 $ Race.RaceId                      : Factor w/ 2833 levels "20160124-07-01-04-06",..: 11 12 13 14 15 16 17 18 19 20 ...
 $ Race.IsAnalyzeNormalPastAndFuture: logi  TRUE TRUE TRUE TRUE TRUE TRUE ...
 $ Race.IsAnalyzeNormalPast         : logi  TRUE TRUE TRUE TRUE TRUE TRUE ...
 $ Race.IsAnalyzeNormalFuture       : logi  FALSE FALSE FALSE FALSE FALSE FALSE ...
 $ Race.IsAnalyzeFullPastAndFuture  : logi  TRUE TRUE TRUE TRUE TRUE TRUE ...
 $ Race.IsAnalyzeFullPast           : logi  TRUE TRUE TRUE TRUE TRUE TRUE ...
 $ Race.IsAnalyzeFullFuture         : logi  FALSE FALSE FALSE FALSE FALSE FALSE ...
 $ Race.JyokenCd                    : Factor w/ 1 level "4": 1 1 1 1 1 1 1 1 1 1 ...
 $ Race.JyoType1Cd                  : Factor w/ 131 levels "2-07-1400-4-1",..: 1 11 12 13 14 15 15 16 15 17 ...
 $ Race.RaceType1Cd                 : Factor w/ 5 levels "2-4-X-1","2-4-X-2",..: 1 1 2 3 2 2 2 2 2 1 ...
 $ RaceHorse.RaceId                 : Factor w/ 2833 levels "20160124-07-01-04-06",..: 11 12 13 14 15 16 17 18 19 20 ...
 $ RaceHorse.KettoNum               : Factor w/ 7958 levels "2010100861","2010100965",..: 11 12 13 14 15 16 17 18 19 20 ...
 $ RaceHorse.IsHit1                 : num  0 0 0 0 1 0 0 0 0 0 ...
 $ RaceHorse.IsHit2                 : num  0 0 0 0 0 0 0 0 0 0 ...
 $ RaceHorse.IsHit3                 : num  0 0 0 0 0 0 0 0 0 0 ...
 $ RaceHorse.IsHit4                 : num  0 0 0 0 0 0 0 0 0 0 ...
 $ RaceHorse.IsHit5                 : num  0 0 0 0 0 0 0 1 0 0 ...
 $ RaceHorse.IsHit6                 : num  1 1 1 1 0 1 1 0 1 1 ...
 $ RaceHorse.IsValidRaceHorse       : logi  TRUE TRUE TRUE TRUE TRUE TRUE ...
 $ RaceHorse.TimeSdvByRace          : num  -1.49 -1.17 -0.67 -2.65 1.44 ...
 $ RaceHorse.TimeSdv                : num  -2 -1.403 -0.198 -1.421 0.887 ...
 $ RaceHorse.IsHitA                 : num  0 0 0 0 1 0 0 0 0 0 ...
 $ RaceHorse.IsHitB                 : num  0 0 0 0 1 0 0 0 0 0 ...
 $ RaceHorse.IsHitC                 : num  0 0 0 0 1 0 0 0 0 0 ...
 $ Horse.KettoNum                   : Factor w/ 7958 levels "2010100861","2010100965",..: 11 12 13 14 15 16 17 18 19 20 ...
 $ Horse.TimeSdvByRaceAvg           : num  0.1871 -0.0194 0.0288 -1.4246 0.1951 ...
 $ Horse.TimeSdvByRaceMin           : num  -2.02 -2.58 -1.62 -2.87 -1.58 ...
 $ Horse.TimeSdvByRaceMax           : num  1.48 1.46 1.17 1.47 1.28 ...
 $ Horse.TimeSdvAvg                 : num  0.0407 0.0646 0.0949 -0.9311 0.0434 ...
 $ Horse.TimeSdvMin                 : num  -1.28 -2.58 -1.44 -2.29 -2.11 ...
 $ Horse.TimeSdvMax                 : num  0.7289 1.4963 1.1257 -0.0571 0.9692 ...
 $ Horse.OrderOfFinishSdvAvg        : num  0.0796 0.1155 -0.0346 -0.9953 0.1557 ...
 $ Horse.RunCount                   : num  18 20 55 14 30 25 33 33 26 17 ...
 $ Horse.HitCount1                  : num  1 2 1 1 2 0 2 2 1 1 ...
 $ Horse.HitCount2                  : num  1 3 5 0 0 0 4 1 0 0 ...
 $ Horse.HitCount3                  : num  3 3 3 0 1 2 2 4 0 0 ...
 $ Horse.HitCount4                  : num  1 2 6 0 3 4 1 5 2 2 ...
 $ Horse.HitCount5                  : num  2 0 6 0 6 1 3 3 0 0 ...
 $ Horse.HitRate1                   : num  0.0556 0.1 0.0182 0.0714 0.0667 ...
 $ Horse.HitRate2                   : num  0.0556 0.15 0.0909 0 0 ...
 $ Horse.HitRate3                   : num  0.1667 0.15 0.0545 0 0.0333 ...
 $ Horse.HitRate4                   : num  0.0556 0.1 0.1091 0 0.1 ...
 $ Horse.HitRate5                   : num  0.111 0 0.109 0 0.2 ...
 $ EOF                              : int  1 1 1 1 1 1 1 1 1 1 ...
NULL
[1] "2022-02-26 18:01:44 --- transform Finish ---"
[1] "2022-02-26 18:01:45 --- na.omit Start ---"
[1] "--------------------------------------------------------------------------------"
[1] "nrow(data) na.omit before=39666"
[1] "nrow(data) na.omit after =39401"
[1] "nrow(data) na.omit diff =265"
[1] "--------------------------------------------------------------------------------"
'data.frame':	39401 obs. of  44 variables:
 $ Race.RaceId                      : Factor w/ 2833 levels "20160124-07-01-04-06",..: 11 12 13 14 15 16 17 18 19 20 ...
 $ Race.IsAnalyzeNormalPastAndFuture: logi  TRUE TRUE TRUE TRUE TRUE TRUE ...
 $ Race.IsAnalyzeNormalPast         : logi  TRUE TRUE TRUE TRUE TRUE TRUE ...
 $ Race.IsAnalyzeNormalFuture       : logi  FALSE FALSE FALSE FALSE FALSE FALSE ...
 $ Race.IsAnalyzeFullPastAndFuture  : logi  TRUE TRUE TRUE TRUE TRUE TRUE ...
 $ Race.IsAnalyzeFullPast           : logi  TRUE TRUE TRUE TRUE TRUE TRUE ...
 $ Race.IsAnalyzeFullFuture         : logi  FALSE FALSE FALSE FALSE FALSE FALSE ...
 $ Race.JyokenCd                    : Factor w/ 1 level "4": 1 1 1 1 1 1 1 1 1 1 ...
 $ Race.JyoType1Cd                  : Factor w/ 131 levels "2-07-1400-4-1",..: 1 11 12 13 14 15 15 16 15 17 ...
 $ Race.RaceType1Cd                 : Factor w/ 5 levels "2-4-X-1","2-4-X-2",..: 1 1 2 3 2 2 2 2 2 1 ...
 $ RaceHorse.RaceId                 : Factor w/ 2833 levels "20160124-07-01-04-06",..: 11 12 13 14 15 16 17 18 19 20 ...
 $ RaceHorse.KettoNum               : Factor w/ 7958 levels "2010100861","2010100965",..: 11 12 13 14 15 16 17 18 19 20 ...
 $ RaceHorse.IsHit1                 : num  0 0 0 0 1 0 0 0 0 0 ...
 $ RaceHorse.IsHit2                 : num  0 0 0 0 0 0 0 0 0 0 ...
 $ RaceHorse.IsHit3                 : num  0 0 0 0 0 0 0 0 0 0 ...
 $ RaceHorse.IsHit4                 : num  0 0 0 0 0 0 0 0 0 0 ...
 $ RaceHorse.IsHit5                 : num  0 0 0 0 0 0 0 1 0 0 ...
 $ RaceHorse.IsHit6                 : num  1 1 1 1 0 1 1 0 1 1 ...
 $ RaceHorse.IsValidRaceHorse       : logi  TRUE TRUE TRUE TRUE TRUE TRUE ...
 $ RaceHorse.TimeSdvByRace          : num  -1.49 -1.17 -0.67 -2.65 1.44 ...
 $ RaceHorse.TimeSdv                : num  -2 -1.403 -0.198 -1.421 0.887 ...
 $ RaceHorse.IsHitA                 : num  0 0 0 0 1 0 0 0 0 0 ...
 $ RaceHorse.IsHitB                 : num  0 0 0 0 1 0 0 0 0 0 ...
 $ RaceHorse.IsHitC                 : num  0 0 0 0 1 0 0 0 0 0 ...
 $ Horse.KettoNum                   : Factor w/ 7958 levels "2010100861","2010100965",..: 11 12 13 14 15 16 17 18 19 20 ...
 $ Horse.TimeSdvByRaceAvg           : num  0.1871 -0.0194 0.0288 -1.4246 0.1951 ...
 $ Horse.TimeSdvByRaceMin           : num  -2.02 -2.58 -1.62 -2.87 -1.58 ...
 $ Horse.TimeSdvByRaceMax           : num  1.48 1.46 1.17 1.47 1.28 ...
 $ Horse.TimeSdvAvg                 : num  0.0407 0.0646 0.0949 -0.9311 0.0434 ...
 $ Horse.TimeSdvMin                 : num  -1.28 -2.58 -1.44 -2.29 -2.11 ...
 $ Horse.TimeSdvMax                 : num  0.7289 1.4963 1.1257 -0.0571 0.9692 ...
 $ Horse.OrderOfFinishSdvAvg        : num  0.0796 0.1155 -0.0346 -0.9953 0.1557 ...
 $ Horse.RunCount                   : num  18 20 55 14 30 25 33 33 26 17 ...
 $ Horse.HitCount1                  : num  1 2 1 1 2 0 2 2 1 1 ...
 $ Horse.HitCount2                  : num  1 3 5 0 0 0 4 1 0 0 ...
 $ Horse.HitCount3                  : num  3 3 3 0 1 2 2 4 0 0 ...
 $ Horse.HitCount4                  : num  1 2 6 0 3 4 1 5 2 2 ...
 $ Horse.HitCount5                  : num  2 0 6 0 6 1 3 3 0 0 ...
 $ Horse.HitRate1                   : num  0.0556 0.1 0.0182 0.0714 0.0667 ...
 $ Horse.HitRate2                   : num  0.0556 0.15 0.0909 0 0 ...
 $ Horse.HitRate3                   : num  0.1667 0.15 0.0545 0 0.0333 ...
 $ Horse.HitRate4                   : num  0.0556 0.1 0.1091 0 0.1 ...
 $ Horse.HitRate5                   : num  0.111 0 0.109 0 0.2 ...
 $ EOF                              : int  1 1 1 1 1 1 1 1 1 1 ...
 - attr(*, "na.action")= 'omit' Named int  402 424 470 633 956 1194 1556 1652 1811 1865 ...
  ..- attr(*, "names")= chr  "402" "424" "470" "633" ...
[1] "2022-02-26 18:01:58 --- na.omit Finish ---"
[1] "2022-02-26 18:01:58 --- rxGlm with rxStepControl Start ---"

> print(paste0(Sys.time(), " --- source_logic_glm.R Start ---"))
[1] "2022-02-26 18:01:58 --- source_logic_glm.R Start ---"

> formula <- formula(RaceHorse.IsHitA ~ +1 + Horse.TimeSdvByRaceAvg)

> print(paste0(Sys.time(), " --- source_logic_glm.R Finished ---"))
[1] "2022-02-26 18:01:59 --- source_logic_glm.R Finished ---"
Rows Read: 39401, Total Rows Processed: 39401, Total Chunk Time: 0.002 seconds 

Starting values (iteration 1) time: 0.022 secs.
Rows Read: 39401, Total Rows Processed: 39401, Total Chunk Time: 0.003 seconds 

Iteration 2 time: 0.012 secs.
Rows Read: 39401, Total Rows Processed: 39401, Total Chunk Time: 0.003 seconds 

Iteration 3 time: 0.006 secs.
Rows Read: 39401, Total Rows Processed: 39401, Total Chunk Time: 0.004 seconds 

Iteration 4 time: 0.006 secs.
Rows Read: 39401, Total Rows Processed: 39401, Total Chunk Time: 0.003 seconds 

Iteration 5 time: 0.007 secs.

Elapsed computation time: 0.228 secs.
Rows Read: 39401, Total Rows Processed: 39401, Total Chunk Time: 0.001 seconds 

Starting values (iteration 1) time: 0.014 secs.
Rows Read: 39401, Total Rows Processed: 39401, Total Chunk Time: 0.003 seconds 

Iteration 2 time: 0.010 secs.

Elapsed computation time: 0.040 secs.
Rows Read: 39401, Total Rows Processed: 39401, Total Chunk Time: 0.002 seconds 

Starting values (iteration 1) time: 0.013 secs.
Rows Read: 39401, Total Rows Processed: 39401, Total Chunk Time: 0.003 seconds 

Iteration 2 time: 0.012 secs.
Rows Read: 39401, Total Rows Processed: 39401, Total Chunk Time: 0.003 seconds 

Iteration 3 time: 0.006 secs.
Rows Read: 39401, Total Rows Processed: 39401, Total Chunk Time: 0.003 seconds 

Iteration 4 time: 0.006 secs.
Rows Read: 39401, Total Rows Processed: 39401, Total Chunk Time: 0.003 seconds 

Iteration 5 time: 0.007 secs.

Elapsed computation time: 0.076 secs.

Elapsed computation time: 0.370 secs.
[1] "--------------------------------------------------------------------------------"
[1] "analyze.results.glm.step="
Logistic Regression Results for: RaceHorse.IsHitA ~
    Horse.TimeSdvByRaceAvg
Data: data
Dependent variable(s): RaceHorse.IsHitA
Total independent variables: 2 
Number of valid observations: 39401
Number of missing observations: 0 
 
Coefficients:
                       RaceHorse.IsHitA
(Intercept)                          -3
Horse.TimeSdvByRaceAvg                1
[1] "analyze.results.glm.step.summary"
Call:
rxLogit(formula = formula, data = data, variableSelection = analyze.results.glm.step.varsel)

Logistic Regression Results for: RaceHorse.IsHitA ~
    Horse.TimeSdvByRaceAvg
Data: data
Dependent variable(s): RaceHorse.IsHitA
Total independent variables: 2 
Number of valid observations: 39401
Number of missing observations: 0 
-2*LogLikelihood: 19243.273 (Residual deviance on 39399 degrees of freedom)
 
Coefficients:
                       Estimate Std. Error z value Pr(>|z|)    
(Intercept)             -3.1479     0.0307  -102.5  2.2e-16 ***
Horse.TimeSdvByRaceAvg   1.4515     0.0447    32.5  2.2e-16 ***
---
Signif. codes:  0 '***' 0.001 '**' 0.01 '*' 0.05 '.' 0.1 ' ' 1

Condition number of final variance-covariance matrix: 1 
Number of iterations: 5
[1] "--------------------------------------------------------------------------------"
[1] "2022-02-26 18:02:00 --- rxGlm with rxStepControl Finish ---"
[1] "2022-02-26 18:02:00 --- rxStepPlot Start ---"
[1] "pdfFilename=pdf_analyze_glm_Horse_Type24_rxStepPlot.pdf"
[1] "rxStepPlot="
[1] "2022-02-26 18:02:01 --- rxStepPlot Finish ---"
[1] "2022-02-26 18:02:01 --- save.image Start ---"
[1] "save.image"
[1] "rdataFilename=RData_analyze_glm_Horse_Type24.RData"
[1] "2022-02-26 18:02:03 --- save.image Finish ---"
[1] "2022-02-26 18:02:03 --- final Start ---"
[1] "--------------------------------------------------------------------------------"
[1] "nrow(data) final=39401"
[1] "--------------------------------------------------------------------------------"
[1] "2022-02-26 18:02:03 --- final Finish ---"
[1] "2022-02-26 18:02:03 --- analyze_glm.R Finished ---"
[1] "2022-02-26 18:02:03 --- log Finish ---"
