[1] "2022-02-26 17:58:31 --- D1115_analyze_glm_Jockey_IsHitA_Type25 Start ---"
[1] "2022-02-26 17:58:31 --- Log Start ---"
[1] "2022-02-26 17:58:31 --- analyze_glm.R Start ---"
[1] "analyzeVersion=D1115"
[1] "analyzeCategory=analyze"
[1] "analyzeType=Jockey"
[1] "analyzeFamily=IsHitA"
[1] "analyzeFunc=glm"
[1] "analyzeTrackTypeCd=2"
[1] "analyzeJyokenCd=5"
[1] "2022-02-26 17:58:33 --- source_function.R Start ---"
[1] "2022-02-26 17:58:36 --- source_function.R Finished ---"

> print(paste0(Sys.time(), " --- source_library.R Start ---"))
[1] "2022-02-26 17:58:38 --- source_library.R Start ---"

> require("RevoScaleR")

> print(paste0(Sys.time(), " --- source_library.R Finished ---"))
[1] "2022-02-26 17:58:41 --- source_library.R Finished ---"
[1] "2022-02-26 17:58:44 --- RxSqlServerData Start ---"
[1] "2022-02-26 17:58:46 --- RxInSqlServer Start ---"
[1] "2022-02-26 17:58:49 --- RxInSqlServer Finish ---"
[1] "2022-02-26 17:58:51 --- rxSetComputeContext Start ---"
[1] "2022-02-26 17:58:51 --- rxSetComputeContext Finish ---"
[1] "2022-02-26 17:58:51 --- RxSqlServerData Start ---"
[1] "sqlQuery=SELECT * FROM ViewAnalyzeD1115analyze01JockeyType25"
[1] "2022-02-26 17:58:51 --- RxSqlServerData Finish ---"
[1] "2022-02-26 17:58:52 --- rxGetVarInfo Start ---"
[1] "2022-02-26 17:58:54 --- rxGetVarInfo Finish---"
[1] "2022-02-26 17:58:54 --- rxImport Start ---"
Rows Read: 48165, Total Rows Processed: 48165, Total Chunk Time: 243.417 seconds 
[1] "2022-02-26 18:08:24 --- rxImport Finish ---"
[1] "object.size(data) auto=14.9 Mb"
[1] "--------------------------------------------------------------------------------"
[1] "nrow(data) RxSqlServerData=48165"
[1] "--------------------------------------------------------------------------------"
[1] "str(data)="
'data.frame':	48165 obs. of  43 variables:
 $ Race.RaceId                      : Factor w/ 3266 levels "20160618-09-03-05-02",..: 2 2 2 2 2 2 2 2 2 2 ...
 $ Race.IsAnalyzeNormalPastAndFuture: logi  TRUE TRUE TRUE TRUE TRUE TRUE ...
 $ Race.IsAnalyzeNormalPast         : logi  TRUE TRUE TRUE TRUE TRUE TRUE ...
 $ Race.IsAnalyzeNormalFuture       : logi  FALSE FALSE FALSE FALSE FALSE FALSE ...
 $ Race.IsAnalyzeFullPastAndFuture  : logi  TRUE TRUE TRUE TRUE TRUE TRUE ...
 $ Race.IsAnalyzeFullPast           : logi  TRUE TRUE TRUE TRUE TRUE TRUE ...
 $ Race.IsAnalyzeFullFuture         : logi  FALSE FALSE FALSE FALSE FALSE FALSE ...
 $ Race.JyokenCd                    : Factor w/ 1 level "5": 1 1 1 1 1 1 1 1 1 1 ...
 $ Race.JyoType1Cd                  : Factor w/ 116 levels "2-09-1800-5-3",..: 2 2 2 2 2 2 2 2 2 2 ...
 $ Race.RaceType1Cd                 : Factor w/ 3 levels "2-5-X-2","2-5-X-1",..: 2 2 2 2 2 2 2 2 2 2 ...
 $ RaceHorse.RaceId                 : Factor w/ 3266 levels "20160618-09-03-05-02",..: 2 2 2 2 2 2 2 2 2 2 ...
 $ RaceHorse.KettoNum               : Factor w/ 16786 levels "2013100060","2013100789",..: 11 12 13 14 15 16 17 18 19 20 ...
 $ RaceHorse.IsHit1                 : num  0 0 0 0 0 1 0 0 0 0 ...
 $ RaceHorse.IsHit2                 : num  0 0 0 0 0 0 1 0 0 0 ...
 $ RaceHorse.IsHit3                 : num  0 0 0 0 1 0 0 0 0 0 ...
 $ RaceHorse.IsHit4                 : num  0 0 0 1 0 0 0 0 0 0 ...
 $ RaceHorse.IsHit5                 : num  0 0 0 0 0 0 0 0 0 0 ...
 $ RaceHorse.IsHit6                 : num  1 1 1 0 0 0 0 1 1 1 ...
 $ RaceHorse.IsValidRaceHorse       : logi  TRUE TRUE TRUE TRUE TRUE TRUE ...
 $ RaceHorse.TimeSdvByRace          : num  0.315 -0.601 -0.372 0.62 1.079 ...
 $ RaceHorse.TimeSdv                : num  0.648 -0.22095 -0.00371 0.93765 1.37212 ...
 $ RaceHorse.IsHitA                 : num  0 0 0 0 0 1 0 0 0 0 ...
 $ RaceHorse.IsHitB                 : num  0 0 0 0 0 1 1 0 0 0 ...
 $ RaceHorse.IsHitC                 : num  0 0 0 0 1 1 1 0 0 0 ...
 $ Jockey.TimeSdvByRaceAvg          : num  -0.0253 0.2881 -0.261 0.1625 0.2838 ...
 $ Jockey.TimeSdvByRaceMin          : num  -1.95 -1.26 -2.51 -2.81 -2.8 ...
 $ Jockey.TimeSdvByRaceMax          : num  1.56 1.11 1.79 2.13 2.06 ...
 $ Jockey.TimeSdvAvg                : num  0.17 0.528 -0.115 0.312 0.336 ...
 $ Jockey.TimeSdvMin                : num  -1.356 -0.901 -3.237 -1.984 -2.919 ...
 $ Jockey.TimeSdvMax                : num  1.6 1.52 1.84 2.28 2.32 ...
 $ Jockey.OrderOfFinishSdvAvg       : num  0.0796 0.2606 -0.1933 0.1156 0.2635 ...
 $ Jockey.RunCount                  : num  33 13 183 178 500 169 245 357 225 263 ...
 $ Jockey.HitCount1                 : num  3 0 7 21 38 7 23 12 8 25 ...
 $ Jockey.HitCount2                 : num  2 2 13 15 46 8 21 20 11 24 ...
 $ Jockey.HitCount3                 : num  1 2 9 6 46 6 16 20 11 21 ...
 $ Jockey.HitCount4                 : num  3 1 3 9 42 9 26 26 9 22 ...
 $ Jockey.HitCount5                 : num  4 0 6 12 44 13 19 25 12 14 ...
 $ Jockey.HitRate1                  : num  0.0909 0 0.0383 0.118 0.076 ...
 $ Jockey.HitRate2                  : num  0.0606 0.1538 0.071 0.0843 0.092 ...
 $ Jockey.HitRate3                  : num  0.0303 0.1538 0.0492 0.0337 0.092 ...
 $ Jockey.HitRate4                  : num  0.0909 0.0769 0.0164 0.0506 0.084 ...
 $ Jockey.HitRate5                  : num  0.1212 0 0.0328 0.0674 0.088 ...
 $ EOF                              : int  1 1 1 1 1 1 1 1 1 1 ...
[1] "2022-02-26 18:08:32 --- RxSqlServerData Finish ---"
[1] "2022-02-26 18:08:32 --- subset Start ---"
[1] "--------------------------------------------------------------------------------"
[1] "nrow(data) subset before=48165"
[1] "nrow(data) subset after =48165"
[1] "nrow(data) subset diff =0"
[1] "--------------------------------------------------------------------------------"
[1] "2022-02-26 18:08:33 --- subset Finish---"
[1] "2022-02-26 18:08:33 --- transform Start ---"
[1] "--------------------------------------------------------------------------------"
[1] "nrow(data) transform before=48165"
[1] "nrow(data) transform after=48165"
[1] "nrow(data) transform diff=0"
[1] "--------------------------------------------------------------------------------"
[1] "str(data)="
'data.frame':	48165 obs. of  43 variables:
 $ Race.RaceId                      : Factor w/ 3266 levels "20160618-09-03-05-02",..: 2 2 2 2 2 2 2 2 2 2 ...
 $ Race.IsAnalyzeNormalPastAndFuture: logi  TRUE TRUE TRUE TRUE TRUE TRUE ...
 $ Race.IsAnalyzeNormalPast         : logi  TRUE TRUE TRUE TRUE TRUE TRUE ...
 $ Race.IsAnalyzeNormalFuture       : logi  FALSE FALSE FALSE FALSE FALSE FALSE ...
 $ Race.IsAnalyzeFullPastAndFuture  : logi  TRUE TRUE TRUE TRUE TRUE TRUE ...
 $ Race.IsAnalyzeFullPast           : logi  TRUE TRUE TRUE TRUE TRUE TRUE ...
 $ Race.IsAnalyzeFullFuture         : logi  FALSE FALSE FALSE FALSE FALSE FALSE ...
 $ Race.JyokenCd                    : Factor w/ 1 level "5": 1 1 1 1 1 1 1 1 1 1 ...
 $ Race.JyoType1Cd                  : Factor w/ 116 levels "2-09-1800-5-3",..: 2 2 2 2 2 2 2 2 2 2 ...
 $ Race.RaceType1Cd                 : Factor w/ 3 levels "2-5-X-2","2-5-X-1",..: 2 2 2 2 2 2 2 2 2 2 ...
 $ RaceHorse.RaceId                 : Factor w/ 3266 levels "20160618-09-03-05-02",..: 2 2 2 2 2 2 2 2 2 2 ...
 $ RaceHorse.KettoNum               : Factor w/ 16786 levels "2013100060","2013100789",..: 11 12 13 14 15 16 17 18 19 20 ...
 $ RaceHorse.IsHit1                 : num  0 0 0 0 0 1 0 0 0 0 ...
 $ RaceHorse.IsHit2                 : num  0 0 0 0 0 0 1 0 0 0 ...
 $ RaceHorse.IsHit3                 : num  0 0 0 0 1 0 0 0 0 0 ...
 $ RaceHorse.IsHit4                 : num  0 0 0 1 0 0 0 0 0 0 ...
 $ RaceHorse.IsHit5                 : num  0 0 0 0 0 0 0 0 0 0 ...
 $ RaceHorse.IsHit6                 : num  1 1 1 0 0 0 0 1 1 1 ...
 $ RaceHorse.IsValidRaceHorse       : logi  TRUE TRUE TRUE TRUE TRUE TRUE ...
 $ RaceHorse.TimeSdvByRace          : num  0.315 -0.601 -0.372 0.62 1.079 ...
 $ RaceHorse.TimeSdv                : num  0.648 -0.22095 -0.00371 0.93765 1.37212 ...
 $ RaceHorse.IsHitA                 : num  0 0 0 0 0 1 0 0 0 0 ...
 $ RaceHorse.IsHitB                 : num  0 0 0 0 0 1 1 0 0 0 ...
 $ RaceHorse.IsHitC                 : num  0 0 0 0 1 1 1 0 0 0 ...
 $ Jockey.TimeSdvByRaceAvg          : num  -0.0253 0.2881 -0.261 0.1625 0.2838 ...
 $ Jockey.TimeSdvByRaceMin          : num  -1.95 -1.26 -2.51 -2.81 -2.8 ...
 $ Jockey.TimeSdvByRaceMax          : num  1.56 1.11 1.79 2.13 2.06 ...
 $ Jockey.TimeSdvAvg                : num  0.17 0.528 -0.115 0.312 0.336 ...
 $ Jockey.TimeSdvMin                : num  -1.356 -0.901 -3.237 -1.984 -2.919 ...
 $ Jockey.TimeSdvMax                : num  1.6 1.52 1.84 2.28 2.32 ...
 $ Jockey.OrderOfFinishSdvAvg       : num  0.0796 0.2606 -0.1933 0.1156 0.2635 ...
 $ Jockey.RunCount                  : num  33 13 183 178 500 169 245 357 225 263 ...
 $ Jockey.HitCount1                 : num  3 0 7 21 38 7 23 12 8 25 ...
 $ Jockey.HitCount2                 : num  2 2 13 15 46 8 21 20 11 24 ...
 $ Jockey.HitCount3                 : num  1 2 9 6 46 6 16 20 11 21 ...
 $ Jockey.HitCount4                 : num  3 1 3 9 42 9 26 26 9 22 ...
 $ Jockey.HitCount5                 : num  4 0 6 12 44 13 19 25 12 14 ...
 $ Jockey.HitRate1                  : num  0.0909 0 0.0383 0.118 0.076 ...
 $ Jockey.HitRate2                  : num  0.0606 0.1538 0.071 0.0843 0.092 ...
 $ Jockey.HitRate3                  : num  0.0303 0.1538 0.0492 0.0337 0.092 ...
 $ Jockey.HitRate4                  : num  0.0909 0.0769 0.0164 0.0506 0.084 ...
 $ Jockey.HitRate5                  : num  0.1212 0 0.0328 0.0674 0.088 ...
 $ EOF                              : int  1 1 1 1 1 1 1 1 1 1 ...
NULL
[1] "2022-02-26 18:08:43 --- transform Finish ---"
[1] "2022-02-26 18:08:43 --- na.omit Start ---"
[1] "--------------------------------------------------------------------------------"
[1] "nrow(data) na.omit before=48165"
[1] "nrow(data) na.omit after =47744"
[1] "nrow(data) na.omit diff =421"
[1] "--------------------------------------------------------------------------------"
'data.frame':	47744 obs. of  43 variables:
 $ Race.RaceId                      : Factor w/ 3266 levels "20160618-09-03-05-02",..: 2 2 2 2 2 2 2 2 2 2 ...
 $ Race.IsAnalyzeNormalPastAndFuture: logi  TRUE TRUE TRUE TRUE TRUE TRUE ...
 $ Race.IsAnalyzeNormalPast         : logi  TRUE TRUE TRUE TRUE TRUE TRUE ...
 $ Race.IsAnalyzeNormalFuture       : logi  FALSE FALSE FALSE FALSE FALSE FALSE ...
 $ Race.IsAnalyzeFullPastAndFuture  : logi  TRUE TRUE TRUE TRUE TRUE TRUE ...
 $ Race.IsAnalyzeFullPast           : logi  TRUE TRUE TRUE TRUE TRUE TRUE ...
 $ Race.IsAnalyzeFullFuture         : logi  FALSE FALSE FALSE FALSE FALSE FALSE ...
 $ Race.JyokenCd                    : Factor w/ 1 level "5": 1 1 1 1 1 1 1 1 1 1 ...
 $ Race.JyoType1Cd                  : Factor w/ 116 levels "2-09-1800-5-3",..: 2 2 2 2 2 2 2 2 2 2 ...
 $ Race.RaceType1Cd                 : Factor w/ 3 levels "2-5-X-2","2-5-X-1",..: 2 2 2 2 2 2 2 2 2 2 ...
 $ RaceHorse.RaceId                 : Factor w/ 3266 levels "20160618-09-03-05-02",..: 2 2 2 2 2 2 2 2 2 2 ...
 $ RaceHorse.KettoNum               : Factor w/ 16786 levels "2013100060","2013100789",..: 11 12 13 14 15 16 17 18 19 20 ...
 $ RaceHorse.IsHit1                 : num  0 0 0 0 0 1 0 0 0 0 ...
 $ RaceHorse.IsHit2                 : num  0 0 0 0 0 0 1 0 0 0 ...
 $ RaceHorse.IsHit3                 : num  0 0 0 0 1 0 0 0 0 0 ...
 $ RaceHorse.IsHit4                 : num  0 0 0 1 0 0 0 0 0 0 ...
 $ RaceHorse.IsHit5                 : num  0 0 0 0 0 0 0 0 0 0 ...
 $ RaceHorse.IsHit6                 : num  1 1 1 0 0 0 0 1 1 1 ...
 $ RaceHorse.IsValidRaceHorse       : logi  TRUE TRUE TRUE TRUE TRUE TRUE ...
 $ RaceHorse.TimeSdvByRace          : num  0.315 -0.601 -0.372 0.62 1.079 ...
 $ RaceHorse.TimeSdv                : num  0.648 -0.22095 -0.00371 0.93765 1.37212 ...
 $ RaceHorse.IsHitA                 : num  0 0 0 0 0 1 0 0 0 0 ...
 $ RaceHorse.IsHitB                 : num  0 0 0 0 0 1 1 0 0 0 ...
 $ RaceHorse.IsHitC                 : num  0 0 0 0 1 1 1 0 0 0 ...
 $ Jockey.TimeSdvByRaceAvg          : num  -0.0253 0.2881 -0.261 0.1625 0.2838 ...
 $ Jockey.TimeSdvByRaceMin          : num  -1.95 -1.26 -2.51 -2.81 -2.8 ...
 $ Jockey.TimeSdvByRaceMax          : num  1.56 1.11 1.79 2.13 2.06 ...
 $ Jockey.TimeSdvAvg                : num  0.17 0.528 -0.115 0.312 0.336 ...
 $ Jockey.TimeSdvMin                : num  -1.356 -0.901 -3.237 -1.984 -2.919 ...
 $ Jockey.TimeSdvMax                : num  1.6 1.52 1.84 2.28 2.32 ...
 $ Jockey.OrderOfFinishSdvAvg       : num  0.0796 0.2606 -0.1933 0.1156 0.2635 ...
 $ Jockey.RunCount                  : num  33 13 183 178 500 169 245 357 225 263 ...
 $ Jockey.HitCount1                 : num  3 0 7 21 38 7 23 12 8 25 ...
 $ Jockey.HitCount2                 : num  2 2 13 15 46 8 21 20 11 24 ...
 $ Jockey.HitCount3                 : num  1 2 9 6 46 6 16 20 11 21 ...
 $ Jockey.HitCount4                 : num  3 1 3 9 42 9 26 26 9 22 ...
 $ Jockey.HitCount5                 : num  4 0 6 12 44 13 19 25 12 14 ...
 $ Jockey.HitRate1                  : num  0.0909 0 0.0383 0.118 0.076 ...
 $ Jockey.HitRate2                  : num  0.0606 0.1538 0.071 0.0843 0.092 ...
 $ Jockey.HitRate3                  : num  0.0303 0.1538 0.0492 0.0337 0.092 ...
 $ Jockey.HitRate4                  : num  0.0909 0.0769 0.0164 0.0506 0.084 ...
 $ Jockey.HitRate5                  : num  0.1212 0 0.0328 0.0674 0.088 ...
 $ EOF                              : int  1 1 1 1 1 1 1 1 1 1 ...
 - attr(*, "na.action")= 'omit' Named int  19 234 447 523 528 660 748 945 1120 1129 ...
  ..- attr(*, "names")= chr  "19" "234" "447" "523" ...
[1] "2022-02-26 18:08:50 --- na.omit Finish ---"
[1] "2022-02-26 18:08:50 --- rxGlm with rxStepControl Start ---"

> print(paste0(Sys.time(), " --- source_logic_glm.R Start ---"))
[1] "2022-02-26 18:08:50 --- source_logic_glm.R Start ---"

> formula <- formula(RaceHorse.IsHitA ~ +1 + Jockey.TimeSdvByRaceAvg)

> print(paste0(Sys.time(), " --- source_logic_glm.R Finished ---"))
[1] "2022-02-26 18:08:51 --- source_logic_glm.R Finished ---"
Rows Read: 47744, Total Rows Processed: 47744, Total Chunk Time: 0.002 seconds 

Starting values (iteration 1) time: 0.017 secs.
Rows Read: 47744, Total Rows Processed: 47744, Total Chunk Time: 0.004 seconds 

Iteration 2 time: 0.012 secs.
Rows Read: 47744, Total Rows Processed: 47744, Total Chunk Time: 0.004 seconds 

Iteration 3 time: 0.007 secs.
Rows Read: 47744, Total Rows Processed: 47744, Total Chunk Time: 0.003 seconds 

Iteration 4 time: 0.007 secs.
Rows Read: 47744, Total Rows Processed: 47744, Total Chunk Time: 0.004 seconds 

Iteration 5 time: 0.006 secs.

Elapsed computation time: 0.119 secs.
Rows Read: 47744, Total Rows Processed: 47744, Total Chunk Time: 0.002 seconds 

Starting values (iteration 1) time: 0.014 secs.
Rows Read: 47744, Total Rows Processed: 47744, Total Chunk Time: 0.003 seconds 

Iteration 2 time: 0.010 secs.

Elapsed computation time: 0.282 secs.
Rows Read: 47744, Total Rows Processed: 47744, Total Chunk Time: 0.002 seconds 

Starting values (iteration 1) time: 0.015 secs.
Rows Read: 47744, Total Rows Processed: 47744, Total Chunk Time: 0.003 seconds 

Iteration 2 time: 0.013 secs.
Rows Read: 47744, Total Rows Processed: 47744, Total Chunk Time: 0.004 seconds 

Iteration 3 time: 0.008 secs.
Rows Read: 47744, Total Rows Processed: 47744, Total Chunk Time: 0.005 seconds 

Iteration 4 time: 0.008 secs.
Rows Read: 47744, Total Rows Processed: 47744, Total Chunk Time: 0.004 seconds 

Iteration 5 time: 0.008 secs.

Elapsed computation time: 0.101 secs.

Elapsed computation time: 0.582 secs.
[1] "--------------------------------------------------------------------------------"
[1] "analyze.results.glm.step="
Logistic Regression Results for: RaceHorse.IsHitA ~
    Jockey.TimeSdvByRaceAvg
Data: data
Dependent variable(s): RaceHorse.IsHitA
Total independent variables: 2 
Number of valid observations: 47744
Number of missing observations: 0 
 
Coefficients:
                        RaceHorse.IsHitA
(Intercept)                           -3
Jockey.TimeSdvByRaceAvg                2
[1] "analyze.results.glm.step.summary"
Call:
rxLogit(formula = formula, data = data, variableSelection = analyze.results.glm.step.varsel)

Logistic Regression Results for: RaceHorse.IsHitA ~
    Jockey.TimeSdvByRaceAvg
Data: data
Dependent variable(s): RaceHorse.IsHitA
Total independent variables: 2 
Number of valid observations: 47744
Number of missing observations: 0 
-2*LogLikelihood: 22714.921 (Residual deviance on 47742 degrees of freedom)
 
Coefficients:
                        Estimate Std. Error z value Pr(>|z|)    
(Intercept)              -2.7807     0.0208  -133.9  2.2e-16 ***
Jockey.TimeSdvByRaceAvg   1.9648     0.0600    32.7  2.2e-16 ***
---
Signif. codes:  0 '***' 0.001 '**' 0.01 '*' 0.05 '.' 0.1 ' ' 1

Condition number of final variance-covariance matrix: 1 
Number of iterations: 5
[1] "--------------------------------------------------------------------------------"
[1] "2022-02-26 18:08:52 --- rxGlm with rxStepControl Finish ---"
[1] "2022-02-26 18:08:52 --- rxStepPlot Start ---"
[1] "pdfFilename=pdf_analyze_glm_Jockey_Type25_rxStepPlot.pdf"
[1] "rxStepPlot="
[1] "2022-02-26 18:08:52 --- rxStepPlot Finish ---"
[1] "2022-02-26 18:08:52 --- save.image Start ---"
[1] "save.image"
[1] "rdataFilename=RData_analyze_glm_Jockey_Type25.RData"
[1] "2022-02-26 18:08:53 --- save.image Finish ---"
[1] "2022-02-26 18:08:53 --- final Start ---"
[1] "--------------------------------------------------------------------------------"
[1] "nrow(data) final=47744"
[1] "--------------------------------------------------------------------------------"
[1] "2022-02-26 18:08:53 --- final Finish ---"
[1] "2022-02-26 18:08:53 --- analyze_glm.R Finished ---"
[1] "2022-02-26 18:08:53 --- log Finish ---"
