[1] "2022-02-26 17:56:54 --- D1115_analyze_glm_Gen01_IsHitA_Type11 Start ---"
[1] "2022-02-26 17:56:54 --- Log Start ---"
[1] "2022-02-26 17:56:54 --- analyze_glm.R Start ---"
[1] "analyzeVersion=D1115"
[1] "analyzeCategory=analyze"
[1] "analyzeType=Gen01"
[1] "analyzeFamily=IsHitA"
[1] "analyzeFunc=glm"
[1] "analyzeTrackTypeCd=1"
[1] "analyzeJyokenCd=1"
[1] "2022-02-26 17:56:54 --- source_function.R Start ---"
[1] "2022-02-26 17:56:54 --- source_function.R Finished ---"

> print(paste0(Sys.time(), " --- source_library.R Start ---"))
[1] "2022-02-26 17:56:55 --- source_library.R Start ---"

> require("RevoScaleR")

> print(paste0(Sys.time(), " --- source_library.R Finished ---"))
[1] "2022-02-26 17:56:56 --- source_library.R Finished ---"
[1] "2022-02-26 17:56:56 --- RxSqlServerData Start ---"
[1] "2022-02-26 17:56:56 --- RxInSqlServer Start ---"
[1] "2022-02-26 17:56:56 --- RxInSqlServer Finish ---"
[1] "2022-02-26 17:56:56 --- rxSetComputeContext Start ---"
[1] "2022-02-26 17:56:56 --- rxSetComputeContext Finish ---"
[1] "2022-02-26 17:56:56 --- RxSqlServerData Start ---"
[1] "sqlQuery=SELECT * FROM ViewAnalyzeD1115analyze01Gen01Type11"
[1] "2022-02-26 17:56:56 --- RxSqlServerData Finish ---"
[1] "2022-02-26 17:56:56 --- rxGetVarInfo Start ---"
[1] "2022-02-26 17:56:56 --- rxGetVarInfo Finish---"
[1] "2022-02-26 17:56:56 --- rxImport Start ---"
Rows Read: 11653, Total Rows Processed: 11653, Total Chunk Time: 37.242 seconds 
[1] "2022-02-26 17:57:51 --- rxImport Finish ---"
[1] "object.size(data) auto=3.6 Mb"
[1] "--------------------------------------------------------------------------------"
[1] "nrow(data) RxSqlServerData=11653"
[1] "--------------------------------------------------------------------------------"
[1] "str(data)="
'data.frame':	11653 obs. of  44 variables:
 $ Race.RaceId                      : Factor w/ 925 levels "20160105-06-01-01-10",..: 2 2 7 7 8 9 6 10 11 11 ...
 $ Race.IsAnalyzeNormalPastAndFuture: logi  TRUE TRUE TRUE TRUE TRUE TRUE ...
 $ Race.IsAnalyzeNormalPast         : logi  TRUE TRUE TRUE TRUE TRUE TRUE ...
 $ Race.IsAnalyzeNormalFuture       : logi  FALSE FALSE FALSE FALSE FALSE FALSE ...
 $ Race.IsAnalyzeFullPastAndFuture  : logi  TRUE TRUE TRUE TRUE TRUE TRUE ...
 $ Race.IsAnalyzeFullPast           : logi  TRUE TRUE TRUE TRUE TRUE TRUE ...
 $ Race.IsAnalyzeFullFuture         : logi  FALSE FALSE FALSE FALSE FALSE FALSE ...
 $ Race.JyokenCd                    : Factor w/ 1 level "1": 1 1 1 1 1 1 1 1 1 1 ...
 $ Race.JyoType1Cd                  : Factor w/ 141 levels "1-06-1600-1-1",..: 2 2 6 6 7 1 5 8 9 9 ...
 $ Race.RaceType1Cd                 : Factor w/ 16 levels "1-1-E-1","1-1-C-2",..: 2 2 3 3 4 4 2 1 5 5 ...
 $ RaceHorse.RaceId                 : Factor w/ 925 levels "20160105-06-01-01-10",..: 2 2 7 7 8 9 6 10 11 11 ...
 $ RaceHorse.KettoNum               : Factor w/ 2769 levels "2013104475","2009104977",..: 11 12 13 14 15 16 17 18 19 20 ...
 $ RaceHorse.IsHit1                 : num  0 0 0 0 0 0 0 0 0 0 ...
 $ RaceHorse.IsHit2                 : num  0 0 0 0 0 1 0 1 0 0 ...
 $ RaceHorse.IsHit3                 : num  0 0 0 0 0 0 0 0 0 0 ...
 $ RaceHorse.IsHit4                 : num  0 0 0 0 0 0 0 0 0 0 ...
 $ RaceHorse.IsHit5                 : num  0 0 0 0 0 0 0 0 0 0 ...
 $ RaceHorse.IsHit6                 : num  1 1 1 1 1 0 1 0 1 1 ...
 $ RaceHorse.IsValidRaceHorse       : logi  TRUE TRUE TRUE TRUE FALSE TRUE ...
 $ RaceHorse.TimeSdvByRace          : num  -0.639 0.165 -1.766 -0.205 -3.471 ...
 $ RaceHorse.TimeSdv                : num  -0.325 -0.17 -0.204 0.176 -3.339 ...
 $ RaceHorse.IsHitA                 : num  0 0 0 0 0 0 0 0 0 0 ...
 $ RaceHorse.IsHitB                 : num  0 0 0 0 0 1 0 1 0 0 ...
 $ RaceHorse.IsHitC                 : num  0 0 0 0 0 1 0 1 0 0 ...
 $ Gen01.HansyokuNum                : Factor w/ 240 levels "11201164","11201614",..: 6 7 8 6 7 7 9 10 7 6 ...
 $ Gen01.TimeSdvByRaceAvg           : num  -0.3093 -0.1056 0.0715 -0.1045 -0.2687 ...
 $ Gen01.TimeSdvByRaceMin           : num  -2.524 -2.684 -0.798 -1.115 -2.277 ...
 $ Gen01.TimeSdvByRaceMax           : num  1.66 1.364 0.968 0.461 1.241 ...
 $ Gen01.TimeSdvAvg                 : num  -0.104 -0.255 -0.158 -0.308 -0.167 ...
 $ Gen01.TimeSdvMin                 : num  -2.83 -2.22 -1.05 -1.94 -1.69 ...
 $ Gen01.TimeSdvMax                 : num  1.52 1.13 1.09 1.3 1.5 ...
 $ Gen01.OrderOfFinishSdvAvg        : num  -0.2701 -0.1349 -0.0251 -0.0357 -0.2458 ...
 $ Gen01.RunCount                   : num  43 29 12 8 30 30 7 16 26 24 ...
 $ Gen01.HitCount1                  : num  3 1 1 0 3 3 1 3 1 2 ...
 $ Gen01.HitCount2                  : num  1 1 0 0 1 1 0 3 4 2 ...
 $ Gen01.HitCount3                  : num  1 0 0 0 1 1 1 0 2 1 ...
 $ Gen01.HitCount4                  : num  5 4 1 2 0 0 1 1 2 1 ...
 $ Gen01.HitCount5                  : num  3 2 1 2 3 3 0 2 1 2 ...
 $ Gen01.HitRate1                   : num  0.0698 0.0345 0.0833 0 0.1 ...
 $ Gen01.HitRate2                   : num  0.0233 0.0345 0 0 0.0333 ...
 $ Gen01.HitRate3                   : num  0.0233 0 0 0 0.0333 ...
 $ Gen01.HitRate4                   : num  0.1163 0.1379 0.0833 0.25 0 ...
 $ Gen01.HitRate5                   : num  0.0698 0.069 0.0833 0.25 0.1 ...
 $ EOF                              : int  1 1 1 1 1 1 1 1 1 1 ...
[1] "2022-02-26 17:58:01 --- RxSqlServerData Finish ---"
[1] "2022-02-26 17:58:01 --- subset Start ---"
[1] "--------------------------------------------------------------------------------"
[1] "nrow(data) subset before=11653"
[1] "nrow(data) subset after =11653"
[1] "nrow(data) subset diff =0"
[1] "--------------------------------------------------------------------------------"
[1] "2022-02-26 17:58:02 --- subset Finish---"
[1] "2022-02-26 17:58:02 --- transform Start ---"
[1] "--------------------------------------------------------------------------------"
[1] "nrow(data) transform before=11653"
[1] "nrow(data) transform after=11653"
[1] "nrow(data) transform diff=0"
[1] "--------------------------------------------------------------------------------"
[1] "str(data)="
'data.frame':	11653 obs. of  44 variables:
 $ Race.RaceId                      : Factor w/ 925 levels "20160105-06-01-01-10",..: 2 2 7 7 8 9 6 10 11 11 ...
 $ Race.IsAnalyzeNormalPastAndFuture: logi  TRUE TRUE TRUE TRUE TRUE TRUE ...
 $ Race.IsAnalyzeNormalPast         : logi  TRUE TRUE TRUE TRUE TRUE TRUE ...
 $ Race.IsAnalyzeNormalFuture       : logi  FALSE FALSE FALSE FALSE FALSE FALSE ...
 $ Race.IsAnalyzeFullPastAndFuture  : logi  TRUE TRUE TRUE TRUE TRUE TRUE ...
 $ Race.IsAnalyzeFullPast           : logi  TRUE TRUE TRUE TRUE TRUE TRUE ...
 $ Race.IsAnalyzeFullFuture         : logi  FALSE FALSE FALSE FALSE FALSE FALSE ...
 $ Race.JyokenCd                    : Factor w/ 1 level "1": 1 1 1 1 1 1 1 1 1 1 ...
 $ Race.JyoType1Cd                  : Factor w/ 141 levels "1-06-1600-1-1",..: 2 2 6 6 7 1 5 8 9 9 ...
 $ Race.RaceType1Cd                 : Factor w/ 16 levels "1-1-E-1","1-1-C-2",..: 2 2 3 3 4 4 2 1 5 5 ...
 $ RaceHorse.RaceId                 : Factor w/ 925 levels "20160105-06-01-01-10",..: 2 2 7 7 8 9 6 10 11 11 ...
 $ RaceHorse.KettoNum               : Factor w/ 2769 levels "2013104475","2009104977",..: 11 12 13 14 15 16 17 18 19 20 ...
 $ RaceHorse.IsHit1                 : num  0 0 0 0 0 0 0 0 0 0 ...
 $ RaceHorse.IsHit2                 : num  0 0 0 0 0 1 0 1 0 0 ...
 $ RaceHorse.IsHit3                 : num  0 0 0 0 0 0 0 0 0 0 ...
 $ RaceHorse.IsHit4                 : num  0 0 0 0 0 0 0 0 0 0 ...
 $ RaceHorse.IsHit5                 : num  0 0 0 0 0 0 0 0 0 0 ...
 $ RaceHorse.IsHit6                 : num  1 1 1 1 1 0 1 0 1 1 ...
 $ RaceHorse.IsValidRaceHorse       : logi  TRUE TRUE TRUE TRUE FALSE TRUE ...
 $ RaceHorse.TimeSdvByRace          : num  -0.639 0.165 -1.766 -0.205 -3.471 ...
 $ RaceHorse.TimeSdv                : num  -0.325 -0.17 -0.204 0.176 -3.339 ...
 $ RaceHorse.IsHitA                 : num  0 0 0 0 0 0 0 0 0 0 ...
 $ RaceHorse.IsHitB                 : num  0 0 0 0 0 1 0 1 0 0 ...
 $ RaceHorse.IsHitC                 : num  0 0 0 0 0 1 0 1 0 0 ...
 $ Gen01.HansyokuNum                : Factor w/ 240 levels "11201164","11201614",..: 6 7 8 6 7 7 9 10 7 6 ...
 $ Gen01.TimeSdvByRaceAvg           : num  -0.3093 -0.1056 0.0715 -0.1045 -0.2687 ...
 $ Gen01.TimeSdvByRaceMin           : num  -2.524 -2.684 -0.798 -1.115 -2.277 ...
 $ Gen01.TimeSdvByRaceMax           : num  1.66 1.364 0.968 0.461 1.241 ...
 $ Gen01.TimeSdvAvg                 : num  -0.104 -0.255 -0.158 -0.308 -0.167 ...
 $ Gen01.TimeSdvMin                 : num  -2.83 -2.22 -1.05 -1.94 -1.69 ...
 $ Gen01.TimeSdvMax                 : num  1.52 1.13 1.09 1.3 1.5 ...
 $ Gen01.OrderOfFinishSdvAvg        : num  -0.2701 -0.1349 -0.0251 -0.0357 -0.2458 ...
 $ Gen01.RunCount                   : num  43 29 12 8 30 30 7 16 26 24 ...
 $ Gen01.HitCount1                  : num  3 1 1 0 3 3 1 3 1 2 ...
 $ Gen01.HitCount2                  : num  1 1 0 0 1 1 0 3 4 2 ...
 $ Gen01.HitCount3                  : num  1 0 0 0 1 1 1 0 2 1 ...
 $ Gen01.HitCount4                  : num  5 4 1 2 0 0 1 1 2 1 ...
 $ Gen01.HitCount5                  : num  3 2 1 2 3 3 0 2 1 2 ...
 $ Gen01.HitRate1                   : num  0.0698 0.0345 0.0833 0 0.1 ...
 $ Gen01.HitRate2                   : num  0.0233 0.0345 0 0 0.0333 ...
 $ Gen01.HitRate3                   : num  0.0233 0 0 0 0.0333 ...
 $ Gen01.HitRate4                   : num  0.1163 0.1379 0.0833 0.25 0 ...
 $ Gen01.HitRate5                   : num  0.0698 0.069 0.0833 0.25 0.1 ...
 $ EOF                              : int  1 1 1 1 1 1 1 1 1 1 ...
NULL
[1] "2022-02-26 17:58:11 --- transform Finish ---"
[1] "2022-02-26 17:58:11 --- na.omit Start ---"
[1] "--------------------------------------------------------------------------------"
[1] "nrow(data) na.omit before=11653"
[1] "nrow(data) na.omit after =11588"
[1] "nrow(data) na.omit diff =65"
[1] "--------------------------------------------------------------------------------"
'data.frame':	11588 obs. of  44 variables:
 $ Race.RaceId                      : Factor w/ 925 levels "20160105-06-01-01-10",..: 2 2 7 7 8 9 6 10 11 11 ...
 $ Race.IsAnalyzeNormalPastAndFuture: logi  TRUE TRUE TRUE TRUE TRUE TRUE ...
 $ Race.IsAnalyzeNormalPast         : logi  TRUE TRUE TRUE TRUE TRUE TRUE ...
 $ Race.IsAnalyzeNormalFuture       : logi  FALSE FALSE FALSE FALSE FALSE FALSE ...
 $ Race.IsAnalyzeFullPastAndFuture  : logi  TRUE TRUE TRUE TRUE TRUE TRUE ...
 $ Race.IsAnalyzeFullPast           : logi  TRUE TRUE TRUE TRUE TRUE TRUE ...
 $ Race.IsAnalyzeFullFuture         : logi  FALSE FALSE FALSE FALSE FALSE FALSE ...
 $ Race.JyokenCd                    : Factor w/ 1 level "1": 1 1 1 1 1 1 1 1 1 1 ...
 $ Race.JyoType1Cd                  : Factor w/ 141 levels "1-06-1600-1-1",..: 2 2 6 6 7 1 5 8 9 9 ...
 $ Race.RaceType1Cd                 : Factor w/ 16 levels "1-1-E-1","1-1-C-2",..: 2 2 3 3 4 4 2 1 5 5 ...
 $ RaceHorse.RaceId                 : Factor w/ 925 levels "20160105-06-01-01-10",..: 2 2 7 7 8 9 6 10 11 11 ...
 $ RaceHorse.KettoNum               : Factor w/ 2769 levels "2013104475","2009104977",..: 11 12 13 14 15 16 17 18 19 20 ...
 $ RaceHorse.IsHit1                 : num  0 0 0 0 0 0 0 0 0 0 ...
 $ RaceHorse.IsHit2                 : num  0 0 0 0 0 1 0 1 0 0 ...
 $ RaceHorse.IsHit3                 : num  0 0 0 0 0 0 0 0 0 0 ...
 $ RaceHorse.IsHit4                 : num  0 0 0 0 0 0 0 0 0 0 ...
 $ RaceHorse.IsHit5                 : num  0 0 0 0 0 0 0 0 0 0 ...
 $ RaceHorse.IsHit6                 : num  1 1 1 1 1 0 1 0 1 1 ...
 $ RaceHorse.IsValidRaceHorse       : logi  TRUE TRUE TRUE TRUE FALSE TRUE ...
 $ RaceHorse.TimeSdvByRace          : num  -0.639 0.165 -1.766 -0.205 -3.471 ...
 $ RaceHorse.TimeSdv                : num  -0.325 -0.17 -0.204 0.176 -3.339 ...
 $ RaceHorse.IsHitA                 : num  0 0 0 0 0 0 0 0 0 0 ...
 $ RaceHorse.IsHitB                 : num  0 0 0 0 0 1 0 1 0 0 ...
 $ RaceHorse.IsHitC                 : num  0 0 0 0 0 1 0 1 0 0 ...
 $ Gen01.HansyokuNum                : Factor w/ 240 levels "11201164","11201614",..: 6 7 8 6 7 7 9 10 7 6 ...
 $ Gen01.TimeSdvByRaceAvg           : num  -0.3093 -0.1056 0.0715 -0.1045 -0.2687 ...
 $ Gen01.TimeSdvByRaceMin           : num  -2.524 -2.684 -0.798 -1.115 -2.277 ...
 $ Gen01.TimeSdvByRaceMax           : num  1.66 1.364 0.968 0.461 1.241 ...
 $ Gen01.TimeSdvAvg                 : num  -0.104 -0.255 -0.158 -0.308 -0.167 ...
 $ Gen01.TimeSdvMin                 : num  -2.83 -2.22 -1.05 -1.94 -1.69 ...
 $ Gen01.TimeSdvMax                 : num  1.52 1.13 1.09 1.3 1.5 ...
 $ Gen01.OrderOfFinishSdvAvg        : num  -0.2701 -0.1349 -0.0251 -0.0357 -0.2458 ...
 $ Gen01.RunCount                   : num  43 29 12 8 30 30 7 16 26 24 ...
 $ Gen01.HitCount1                  : num  3 1 1 0 3 3 1 3 1 2 ...
 $ Gen01.HitCount2                  : num  1 1 0 0 1 1 0 3 4 2 ...
 $ Gen01.HitCount3                  : num  1 0 0 0 1 1 1 0 2 1 ...
 $ Gen01.HitCount4                  : num  5 4 1 2 0 0 1 1 2 1 ...
 $ Gen01.HitCount5                  : num  3 2 1 2 3 3 0 2 1 2 ...
 $ Gen01.HitRate1                   : num  0.0698 0.0345 0.0833 0 0.1 ...
 $ Gen01.HitRate2                   : num  0.0233 0.0345 0 0 0.0333 ...
 $ Gen01.HitRate3                   : num  0.0233 0 0 0 0.0333 ...
 $ Gen01.HitRate4                   : num  0.1163 0.1379 0.0833 0.25 0 ...
 $ Gen01.HitRate5                   : num  0.0698 0.069 0.0833 0.25 0.1 ...
 $ EOF                              : int  1 1 1 1 1 1 1 1 1 1 ...
 - attr(*, "na.action")= 'omit' Named int  479 667 804 941 1137 1272 1339 1815 2096 2168 ...
  ..- attr(*, "names")= chr  "479" "667" "804" "941" ...
[1] "2022-02-26 17:58:14 --- na.omit Finish ---"
[1] "2022-02-26 17:58:14 --- rxGlm with rxStepControl Start ---"

> print(paste0(Sys.time(), " --- source_logic_glm.R Start ---"))
[1] "2022-02-26 17:58:14 --- source_logic_glm.R Start ---"

> formula <- formula(RaceHorse.IsHitA ~ +1 + Gen01.TimeSdvByRaceAvg)

> print(paste0(Sys.time(), " --- source_logic_glm.R Finished ---"))
[1] "2022-02-26 17:58:14 --- source_logic_glm.R Finished ---"
Rows Read: 11588, Total Rows Processed: 11588, Total Chunk Time: 0.001 seconds 

Starting values (iteration 1) time: 0.009 secs.
Rows Read: 11588, Total Rows Processed: 11588, Total Chunk Time: 0.002 seconds 

Iteration 2 time: 0.007 secs.
Rows Read: 11588, Total Rows Processed: 11588, Total Chunk Time: 0.002 seconds 

Iteration 3 time: 0.006 secs.
Rows Read: 11588, Total Rows Processed: 11588, Total Chunk Time: 0.002 seconds 

Iteration 4 time: 0.007 secs.

Elapsed computation time: 0.326 secs.
Rows Read: 11588, Total Rows Processed: 11588, Total Chunk Time: Less than .001 seconds 

Starting values (iteration 1) time: 0.007 secs.
Rows Read: 11588, Total Rows Processed: 11588, Total Chunk Time: 0.002 seconds 

Iteration 2 time: 0.007 secs.

Elapsed computation time: 0.027 secs.
Rows Read: 11588, Total Rows Processed: 11588, Total Chunk Time: 0.001 seconds 

Starting values (iteration 1) time: 0.007 secs.
Rows Read: 11588, Total Rows Processed: 11588, Total Chunk Time: 0.002 seconds 

Iteration 2 time: 0.006 secs.
Rows Read: 11588, Total Rows Processed: 11588, Total Chunk Time: 0.002 seconds 

Iteration 3 time: 0.006 secs.
Rows Read: 11588, Total Rows Processed: 11588, Total Chunk Time: 0.002 seconds 

Iteration 4 time: 0.006 secs.

Elapsed computation time: 0.052 secs.

Elapsed computation time: 0.424 secs.
[1] "--------------------------------------------------------------------------------"
[1] "analyze.results.glm.step="
Logistic Regression Results for: RaceHorse.IsHitA ~
    Gen01.TimeSdvByRaceAvg
Data: data
Dependent variable(s): RaceHorse.IsHitA
Total independent variables: 2 
Number of valid observations: 11588
Number of missing observations: 0 
 
Coefficients:
                       RaceHorse.IsHitA
(Intercept)                        -2.6
Gen01.TimeSdvByRaceAvg              0.6
[1] "analyze.results.glm.step.summary"
Call:
rxLogit(formula = formula, data = data, variableSelection = analyze.results.glm.step.varsel)

Logistic Regression Results for: RaceHorse.IsHitA ~
    Gen01.TimeSdvByRaceAvg
Data: data
Dependent variable(s): RaceHorse.IsHitA
Total independent variables: 2 
Number of valid observations: 11588
Number of missing observations: 0 
-2*LogLikelihood: 6061.955 (Residual deviance on 11586 degrees of freedom)
 
Coefficients:
                       Estimate Std. Error z value Pr(>|z|)    
(Intercept)             -2.6117     0.0393   -66.4  2.2e-16 ***
Gen01.TimeSdvByRaceAvg   0.5507     0.0888     6.2  5.6e-10 ***
---
Signif. codes:  0 '***' 0.001 '**' 0.01 '*' 0.05 '.' 0.1 ' ' 1

Condition number of final variance-covariance matrix: 1 
Number of iterations: 4
[1] "--------------------------------------------------------------------------------"
[1] "2022-02-26 17:58:15 --- rxGlm with rxStepControl Finish ---"
[1] "2022-02-26 17:58:15 --- rxStepPlot Start ---"
[1] "pdfFilename=pdf_analyze_glm_Gen01_Type11_rxStepPlot.pdf"
[1] "rxStepPlot="
[1] "2022-02-26 17:58:16 --- rxStepPlot Finish ---"
[1] "2022-02-26 17:58:17 --- save.image Start ---"
[1] "save.image"
[1] "rdataFilename=RData_analyze_glm_Gen01_Type11.RData"
[1] "2022-02-26 17:58:18 --- save.image Finish ---"
[1] "2022-02-26 17:58:18 --- final Start ---"
[1] "--------------------------------------------------------------------------------"
[1] "nrow(data) final=11588"
[1] "--------------------------------------------------------------------------------"
[1] "2022-02-26 17:58:18 --- final Finish ---"
[1] "2022-02-26 17:58:18 --- analyze_glm.R Finished ---"
[1] "2022-02-26 17:58:18 --- log Finish ---"
