[1] "2022-02-26 17:57:30 --- D1115_analyze_glm_Horse_IsHitA_Type31 Start ---"
[1] "2022-02-26 17:57:30 --- Log Start ---"
[1] "2022-02-26 17:57:30 --- analyze_glm.R Start ---"
[1] "analyzeVersion=D1115"
[1] "analyzeCategory=analyze"
[1] "analyzeType=Horse"
[1] "analyzeFamily=IsHitA"
[1] "analyzeFunc=glm"
[1] "analyzeTrackTypeCd=3"
[1] "analyzeJyokenCd=1"
[1] "2022-02-26 17:57:39 --- source_function.R Start ---"
[1] "2022-02-26 17:57:43 --- source_function.R Finished ---"

> print(paste0(Sys.time(), " --- source_library.R Start ---"))
[1] "2022-02-26 17:57:50 --- source_library.R Start ---"

> require("RevoScaleR")

> print(paste0(Sys.time(), " --- source_library.R Finished ---"))
[1] "2022-02-26 17:57:55 --- source_library.R Finished ---"
[1] "2022-02-26 17:57:59 --- RxSqlServerData Start ---"
[1] "2022-02-26 17:58:01 --- RxInSqlServer Start ---"
[1] "2022-02-26 17:58:04 --- RxInSqlServer Finish ---"
[1] "2022-02-26 17:58:06 --- rxSetComputeContext Start ---"
[1] "2022-02-26 17:58:09 --- rxSetComputeContext Finish ---"
[1] "2022-02-26 17:58:09 --- RxSqlServerData Start ---"
[1] "sqlQuery=SELECT * FROM ViewAnalyzeD1115analyze01HorseType31"
[1] "2022-02-26 17:58:09 --- RxSqlServerData Finish ---"
[1] "2022-02-26 17:58:11 --- rxGetVarInfo Start ---"
[1] "2022-02-26 17:58:16 --- rxGetVarInfo Finish---"
[1] "2022-02-26 17:58:16 --- rxImport Start ---"
Rows Read: 2534, Total Rows Processed: 2534, Total Chunk Time: 645.540 seconds 
[1] "2022-02-26 18:20:33 --- rxImport Finish ---"
[1] "object.size(data) auto=839.7 Kb"
[1] "--------------------------------------------------------------------------------"
[1] "nrow(data) RxSqlServerData=2534"
[1] "--------------------------------------------------------------------------------"
[1] "str(data)="
'data.frame':	2534 obs. of  44 variables:
 $ Race.RaceId                      : Factor w/ 213 levels "20180728-10-02-01-08",..: 10 11 12 13 14 15 16 9 17 18 ...
 $ Race.IsAnalyzeNormalPastAndFuture: logi  TRUE TRUE TRUE TRUE TRUE TRUE ...
 $ Race.IsAnalyzeNormalPast         : logi  TRUE TRUE TRUE TRUE TRUE TRUE ...
 $ Race.IsAnalyzeNormalFuture       : logi  FALSE FALSE FALSE FALSE FALSE FALSE ...
 $ Race.IsAnalyzeFullPastAndFuture  : logi  TRUE TRUE TRUE TRUE TRUE TRUE ...
 $ Race.IsAnalyzeFullPast           : logi  TRUE TRUE TRUE TRUE TRUE TRUE ...
 $ Race.IsAnalyzeFullFuture         : logi  FALSE FALSE FALSE FALSE FALSE FALSE ...
 $ Race.JyokenCd                    : Factor w/ 1 level "1": 1 1 1 1 1 1 1 1 1 1 ...
 $ Race.JyoType1Cd                  : Factor w/ 53 levels "3-10-3390-1-1",..: 10 11 12 13 10 14 15 9 16 17 ...
 $ Race.RaceType1Cd                 : Factor w/ 5 levels "3-1-H-3","3-1-F-3",..: 1 3 3 3 3 1 3 3 3 4 ...
 $ RaceHorse.RaceId                 : Factor w/ 213 levels "20180728-10-02-01-08",..: 10 11 12 13 14 15 16 9 17 18 ...
 $ RaceHorse.KettoNum               : Factor w/ 478 levels "2007106312","2007106537",..: 8 2 9 3 3 10 10 4 11 12 ...
 $ RaceHorse.IsHit1                 : num  0 0 0 0 0 0 0 0 0 0 ...
 $ RaceHorse.IsHit2                 : num  0 0 0 0 1 0 0 0 0 1 ...
 $ RaceHorse.IsHit3                 : num  0 0 0 0 0 0 0 0 0 0 ...
 $ RaceHorse.IsHit4                 : num  0 0 0 0 0 0 0 0 0 0 ...
 $ RaceHorse.IsHit5                 : num  0 1 0 0 0 0 0 0 0 0 ...
 $ RaceHorse.IsHit6                 : num  1 0 1 1 0 1 1 1 1 0 ...
 $ RaceHorse.IsValidRaceHorse       : logi  TRUE TRUE TRUE TRUE TRUE FALSE ...
 $ RaceHorse.TimeSdvByRace          : num  -1.42 0.705 -0.428 -0.328 0.876 ...
 $ RaceHorse.TimeSdv                : num  0.00413 0.5309 -0.35568 0.08527 0.04296 ...
 $ RaceHorse.IsHitA                 : num  0 0 0 0 0 0 0 0 0 0 ...
 $ RaceHorse.IsHitB                 : num  0 0 0 0 1 0 0 0 0 1 ...
 $ RaceHorse.IsHitC                 : num  0 0 0 0 1 0 0 0 0 1 ...
 $ Horse.KettoNum                   : Factor w/ 478 levels "2007106312","2007106537",..: 8 2 9 3 3 10 10 4 11 12 ...
 $ Horse.TimeSdvByRaceAvg           : num  0.6313 0.4173 0.1602 -0.0884 -0.0935 ...
 $ Horse.TimeSdvByRaceMin           : num  -1.79 -1.66 -1.49 -2.51 -2.51 ...
 $ Horse.TimeSdvByRaceMax           : num  1.89 2.48 1.4 2.28 2.28 ...
 $ Horse.TimeSdvAvg                 : num  0.55322 0.40197 0.28975 0.00852 0.01015 ...
 $ Horse.TimeSdvMin                 : num  -1.095 -1.235 -0.837 -3.007 -3.007 ...
 $ Horse.TimeSdvMax                 : num  1.93 1.49 1.59 2.25 2.25 ...
 $ Horse.OrderOfFinishSdvAvg        : num  0.5715 0.3111 0.109 -0.1051 -0.0997 ...
 $ Horse.RunCount                   : num  37 42 43 46 47 41 41 54 34 40 ...
 $ Horse.HitCount1                  : num  9 6 3 7 7 2 2 5 4 4 ...
 $ Horse.HitCount2                  : num  8 8 1 6 6 4 4 4 6 4 ...
 $ Horse.HitCount3                  : num  2 3 4 3 3 4 4 9 2 4 ...
 $ Horse.HitCount4                  : num  0 5 4 1 1 4 4 7 5 3 ...
 $ Horse.HitCount5                  : num  2 2 6 1 1 3 3 5 2 4 ...
 $ Horse.HitRate1                   : num  0.2432 0.1429 0.0698 0.1522 0.1489 ...
 $ Horse.HitRate2                   : num  0.2162 0.1905 0.0233 0.1304 0.1277 ...
 $ Horse.HitRate3                   : num  0.0541 0.0714 0.093 0.0652 0.0638 ...
 $ Horse.HitRate4                   : num  0 0.119 0.093 0.0217 0.0213 ...
 $ Horse.HitRate5                   : num  0.0541 0.0476 0.1395 0.0217 0.0213 ...
 $ EOF                              : int  1 1 1 1 1 1 1 1 1 1 ...
[1] "2022-02-26 18:20:33 --- RxSqlServerData Finish ---"
[1] "2022-02-26 18:20:33 --- subset Start ---"
[1] "--------------------------------------------------------------------------------"
[1] "nrow(data) subset before=2534"
[1] "nrow(data) subset after =2534"
[1] "nrow(data) subset diff =0"
[1] "--------------------------------------------------------------------------------"
[1] "2022-02-26 18:20:33 --- subset Finish---"
[1] "2022-02-26 18:20:33 --- transform Start ---"
[1] "--------------------------------------------------------------------------------"
[1] "nrow(data) transform before=2534"
[1] "nrow(data) transform after=2534"
[1] "nrow(data) transform diff=0"
[1] "--------------------------------------------------------------------------------"
[1] "str(data)="
'data.frame':	2534 obs. of  44 variables:
 $ Race.RaceId                      : Factor w/ 213 levels "20180728-10-02-01-08",..: 10 11 12 13 14 15 16 9 17 18 ...
 $ Race.IsAnalyzeNormalPastAndFuture: logi  TRUE TRUE TRUE TRUE TRUE TRUE ...
 $ Race.IsAnalyzeNormalPast         : logi  TRUE TRUE TRUE TRUE TRUE TRUE ...
 $ Race.IsAnalyzeNormalFuture       : logi  FALSE FALSE FALSE FALSE FALSE FALSE ...
 $ Race.IsAnalyzeFullPastAndFuture  : logi  TRUE TRUE TRUE TRUE TRUE TRUE ...
 $ Race.IsAnalyzeFullPast           : logi  TRUE TRUE TRUE TRUE TRUE TRUE ...
 $ Race.IsAnalyzeFullFuture         : logi  FALSE FALSE FALSE FALSE FALSE FALSE ...
 $ Race.JyokenCd                    : Factor w/ 1 level "1": 1 1 1 1 1 1 1 1 1 1 ...
 $ Race.JyoType1Cd                  : Factor w/ 53 levels "3-10-3390-1-1",..: 10 11 12 13 10 14 15 9 16 17 ...
 $ Race.RaceType1Cd                 : Factor w/ 5 levels "3-1-H-3","3-1-F-3",..: 1 3 3 3 3 1 3 3 3 4 ...
 $ RaceHorse.RaceId                 : Factor w/ 213 levels "20180728-10-02-01-08",..: 10 11 12 13 14 15 16 9 17 18 ...
 $ RaceHorse.KettoNum               : Factor w/ 478 levels "2007106312","2007106537",..: 8 2 9 3 3 10 10 4 11 12 ...
 $ RaceHorse.IsHit1                 : num  0 0 0 0 0 0 0 0 0 0 ...
 $ RaceHorse.IsHit2                 : num  0 0 0 0 1 0 0 0 0 1 ...
 $ RaceHorse.IsHit3                 : num  0 0 0 0 0 0 0 0 0 0 ...
 $ RaceHorse.IsHit4                 : num  0 0 0 0 0 0 0 0 0 0 ...
 $ RaceHorse.IsHit5                 : num  0 1 0 0 0 0 0 0 0 0 ...
 $ RaceHorse.IsHit6                 : num  1 0 1 1 0 1 1 1 1 0 ...
 $ RaceHorse.IsValidRaceHorse       : logi  TRUE TRUE TRUE TRUE TRUE FALSE ...
 $ RaceHorse.TimeSdvByRace          : num  -1.42 0.705 -0.428 -0.328 0.876 ...
 $ RaceHorse.TimeSdv                : num  0.00413 0.5309 -0.35568 0.08527 0.04296 ...
 $ RaceHorse.IsHitA                 : num  0 0 0 0 0 0 0 0 0 0 ...
 $ RaceHorse.IsHitB                 : num  0 0 0 0 1 0 0 0 0 1 ...
 $ RaceHorse.IsHitC                 : num  0 0 0 0 1 0 0 0 0 1 ...
 $ Horse.KettoNum                   : Factor w/ 478 levels "2007106312","2007106537",..: 8 2 9 3 3 10 10 4 11 12 ...
 $ Horse.TimeSdvByRaceAvg           : num  0.6313 0.4173 0.1602 -0.0884 -0.0935 ...
 $ Horse.TimeSdvByRaceMin           : num  -1.79 -1.66 -1.49 -2.51 -2.51 ...
 $ Horse.TimeSdvByRaceMax           : num  1.89 2.48 1.4 2.28 2.28 ...
 $ Horse.TimeSdvAvg                 : num  0.55322 0.40197 0.28975 0.00852 0.01015 ...
 $ Horse.TimeSdvMin                 : num  -1.095 -1.235 -0.837 -3.007 -3.007 ...
 $ Horse.TimeSdvMax                 : num  1.93 1.49 1.59 2.25 2.25 ...
 $ Horse.OrderOfFinishSdvAvg        : num  0.5715 0.3111 0.109 -0.1051 -0.0997 ...
 $ Horse.RunCount                   : num  37 42 43 46 47 41 41 54 34 40 ...
 $ Horse.HitCount1                  : num  9 6 3 7 7 2 2 5 4 4 ...
 $ Horse.HitCount2                  : num  8 8 1 6 6 4 4 4 6 4 ...
 $ Horse.HitCount3                  : num  2 3 4 3 3 4 4 9 2 4 ...
 $ Horse.HitCount4                  : num  0 5 4 1 1 4 4 7 5 3 ...
 $ Horse.HitCount5                  : num  2 2 6 1 1 3 3 5 2 4 ...
 $ Horse.HitRate1                   : num  0.2432 0.1429 0.0698 0.1522 0.1489 ...
 $ Horse.HitRate2                   : num  0.2162 0.1905 0.0233 0.1304 0.1277 ...
 $ Horse.HitRate3                   : num  0.0541 0.0714 0.093 0.0652 0.0638 ...
 $ Horse.HitRate4                   : num  0 0.119 0.093 0.0217 0.0213 ...
 $ Horse.HitRate5                   : num  0.0541 0.0476 0.1395 0.0217 0.0213 ...
 $ EOF                              : int  1 1 1 1 1 1 1 1 1 1 ...
NULL
[1] "2022-02-26 18:20:34 --- transform Finish ---"
[1] "2022-02-26 18:20:34 --- na.omit Start ---"
[1] "--------------------------------------------------------------------------------"
[1] "nrow(data) na.omit before=2534"
[1] "nrow(data) na.omit after =2416"
[1] "nrow(data) na.omit diff =118"
[1] "--------------------------------------------------------------------------------"
'data.frame':	2416 obs. of  44 variables:
 $ Race.RaceId                      : Factor w/ 213 levels "20180728-10-02-01-08",..: 10 11 12 13 14 15 16 9 17 18 ...
 $ Race.IsAnalyzeNormalPastAndFuture: logi  TRUE TRUE TRUE TRUE TRUE TRUE ...
 $ Race.IsAnalyzeNormalPast         : logi  TRUE TRUE TRUE TRUE TRUE TRUE ...
 $ Race.IsAnalyzeNormalFuture       : logi  FALSE FALSE FALSE FALSE FALSE FALSE ...
 $ Race.IsAnalyzeFullPastAndFuture  : logi  TRUE TRUE TRUE TRUE TRUE TRUE ...
 $ Race.IsAnalyzeFullPast           : logi  TRUE TRUE TRUE TRUE TRUE TRUE ...
 $ Race.IsAnalyzeFullFuture         : logi  FALSE FALSE FALSE FALSE FALSE FALSE ...
 $ Race.JyokenCd                    : Factor w/ 1 level "1": 1 1 1 1 1 1 1 1 1 1 ...
 $ Race.JyoType1Cd                  : Factor w/ 53 levels "3-10-3390-1-1",..: 10 11 12 13 10 14 15 9 16 17 ...
 $ Race.RaceType1Cd                 : Factor w/ 5 levels "3-1-H-3","3-1-F-3",..: 1 3 3 3 3 1 3 3 3 4 ...
 $ RaceHorse.RaceId                 : Factor w/ 213 levels "20180728-10-02-01-08",..: 10 11 12 13 14 15 16 9 17 18 ...
 $ RaceHorse.KettoNum               : Factor w/ 478 levels "2007106312","2007106537",..: 8 2 9 3 3 10 10 4 11 12 ...
 $ RaceHorse.IsHit1                 : num  0 0 0 0 0 0 0 0 0 0 ...
 $ RaceHorse.IsHit2                 : num  0 0 0 0 1 0 0 0 0 1 ...
 $ RaceHorse.IsHit3                 : num  0 0 0 0 0 0 0 0 0 0 ...
 $ RaceHorse.IsHit4                 : num  0 0 0 0 0 0 0 0 0 0 ...
 $ RaceHorse.IsHit5                 : num  0 1 0 0 0 0 0 0 0 0 ...
 $ RaceHorse.IsHit6                 : num  1 0 1 1 0 1 1 1 1 0 ...
 $ RaceHorse.IsValidRaceHorse       : logi  TRUE TRUE TRUE TRUE TRUE FALSE ...
 $ RaceHorse.TimeSdvByRace          : num  -1.42 0.705 -0.428 -0.328 0.876 ...
 $ RaceHorse.TimeSdv                : num  0.00413 0.5309 -0.35568 0.08527 0.04296 ...
 $ RaceHorse.IsHitA                 : num  0 0 0 0 0 0 0 0 0 0 ...
 $ RaceHorse.IsHitB                 : num  0 0 0 0 1 0 0 0 0 1 ...
 $ RaceHorse.IsHitC                 : num  0 0 0 0 1 0 0 0 0 1 ...
 $ Horse.KettoNum                   : Factor w/ 478 levels "2007106312","2007106537",..: 8 2 9 3 3 10 10 4 11 12 ...
 $ Horse.TimeSdvByRaceAvg           : num  0.6313 0.4173 0.1602 -0.0884 -0.0935 ...
 $ Horse.TimeSdvByRaceMin           : num  -1.79 -1.66 -1.49 -2.51 -2.51 ...
 $ Horse.TimeSdvByRaceMax           : num  1.89 2.48 1.4 2.28 2.28 ...
 $ Horse.TimeSdvAvg                 : num  0.55322 0.40197 0.28975 0.00852 0.01015 ...
 $ Horse.TimeSdvMin                 : num  -1.095 -1.235 -0.837 -3.007 -3.007 ...
 $ Horse.TimeSdvMax                 : num  1.93 1.49 1.59 2.25 2.25 ...
 $ Horse.OrderOfFinishSdvAvg        : num  0.5715 0.3111 0.109 -0.1051 -0.0997 ...
 $ Horse.RunCount                   : num  37 42 43 46 47 41 41 54 34 40 ...
 $ Horse.HitCount1                  : num  9 6 3 7 7 2 2 5 4 4 ...
 $ Horse.HitCount2                  : num  8 8 1 6 6 4 4 4 6 4 ...
 $ Horse.HitCount3                  : num  2 3 4 3 3 4 4 9 2 4 ...
 $ Horse.HitCount4                  : num  0 5 4 1 1 4 4 7 5 3 ...
 $ Horse.HitCount5                  : num  2 2 6 1 1 3 3 5 2 4 ...
 $ Horse.HitRate1                   : num  0.2432 0.1429 0.0698 0.1522 0.1489 ...
 $ Horse.HitRate2                   : num  0.2162 0.1905 0.0233 0.1304 0.1277 ...
 $ Horse.HitRate3                   : num  0.0541 0.0714 0.093 0.0652 0.0638 ...
 $ Horse.HitRate4                   : num  0 0.119 0.093 0.0217 0.0213 ...
 $ Horse.HitRate5                   : num  0.0541 0.0476 0.1395 0.0217 0.0213 ...
 $ EOF                              : int  1 1 1 1 1 1 1 1 1 1 ...
 - attr(*, "na.action")= 'omit' Named int  26 43 54 99 100 119 132 148 184 197 ...
  ..- attr(*, "names")= chr  "26" "43" "54" "99" ...
[1] "2022-02-26 18:20:34 --- na.omit Finish ---"
[1] "2022-02-26 18:20:34 --- rxGlm with rxStepControl Start ---"

> print(paste0(Sys.time(), " --- source_logic_glm.R Start ---"))
[1] "2022-02-26 18:20:34 --- source_logic_glm.R Start ---"

> formula <- formula(RaceHorse.IsHitA ~ +1 + Horse.TimeSdvByRaceAvg)

> print(paste0(Sys.time(), " --- source_logic_glm.R Finished ---"))
[1] "2022-02-26 18:20:34 --- source_logic_glm.R Finished ---"
Rows Read: 2416, Total Rows Processed: 2416, Total Chunk Time: Less than .001 seconds 

Starting values (iteration 1) time: 0.007 secs.
Rows Read: 2416, Total Rows Processed: 2416, Total Chunk Time: Less than .001 seconds 

Iteration 2 time: 0.005 secs.
Rows Read: 2416, Total Rows Processed: 2416, Total Chunk Time: Less than .001 seconds 

Iteration 3 time: 0.005 secs.
Rows Read: 2416, Total Rows Processed: 2416, Total Chunk Time: Less than .001 seconds 

Iteration 4 time: 0.005 secs.
Rows Read: 2416, Total Rows Processed: 2416, Total Chunk Time: 0.002 seconds 

Iteration 5 time: 0.005 secs.

Elapsed computation time: 0.052 secs.
Rows Read: 2416, Total Rows Processed: 2416, Total Chunk Time: Less than .001 seconds 

Starting values (iteration 1) time: 0.005 secs.
Rows Read: 2416, Total Rows Processed: 2416, Total Chunk Time: Less than .001 seconds 

Iteration 2 time: 0.005 secs.

Elapsed computation time: 0.019 secs.
Rows Read: 2416, Total Rows Processed: 2416, Total Chunk Time: Less than .001 seconds 

Starting values (iteration 1) time: 0.006 secs.
Rows Read: 2416, Total Rows Processed: 2416, Total Chunk Time: Less than .001 seconds 

Iteration 2 time: 0.006 secs.
Rows Read: 2416, Total Rows Processed: 2416, Total Chunk Time: Less than .001 seconds 

Iteration 3 time: 0.005 secs.
Rows Read: 2416, Total Rows Processed: 2416, Total Chunk Time: Less than .001 seconds 

Iteration 4 time: 0.006 secs.
Rows Read: 2416, Total Rows Processed: 2416, Total Chunk Time: Less than .001 seconds 

Iteration 5 time: 0.005 secs.

Elapsed computation time: 0.056 secs.

Elapsed computation time: 0.142 secs.
[1] "--------------------------------------------------------------------------------"
[1] "analyze.results.glm.step="
Logistic Regression Results for: RaceHorse.IsHitA ~
    Horse.TimeSdvByRaceAvg
Data: data
Dependent variable(s): RaceHorse.IsHitA
Total independent variables: 2 
Number of valid observations: 2416
Number of missing observations: 0 
 
Coefficients:
                       RaceHorse.IsHitA
(Intercept)                          -3
Horse.TimeSdvByRaceAvg                3
[1] "analyze.results.glm.step.summary"
Call:
rxLogit(formula = formula, data = data, variableSelection = analyze.results.glm.step.varsel)

Logistic Regression Results for: RaceHorse.IsHitA ~
    Horse.TimeSdvByRaceAvg
Data: data
Dependent variable(s): RaceHorse.IsHitA
Total independent variables: 2 
Number of valid observations: 2416
Number of missing observations: 0 
-2*LogLikelihood: 1362.159 (Residual deviance on 2414 degrees of freedom)
 
Coefficients:
                       Estimate Std. Error z value Pr(>|z|)    
(Intercept)              -3.033      0.126   -24.1  2.2e-16 ***
Horse.TimeSdvByRaceAvg    2.524      0.300     8.4  2.2e-16 ***
---
Signif. codes:  0 '***' 0.001 '**' 0.01 '*' 0.05 '.' 0.1 ' ' 1

Condition number of final variance-covariance matrix: 1 
Number of iterations: 5
[1] "--------------------------------------------------------------------------------"
[1] "2022-02-26 18:20:34 --- rxGlm with rxStepControl Finish ---"
[1] "2022-02-26 18:20:34 --- rxStepPlot Start ---"
[1] "pdfFilename=pdf_analyze_glm_Horse_Type31_rxStepPlot.pdf"
[1] "rxStepPlot="
[1] "2022-02-26 18:20:34 --- rxStepPlot Finish ---"
[1] "2022-02-26 18:20:34 --- save.image Start ---"
[1] "save.image"
[1] "rdataFilename=RData_analyze_glm_Horse_Type31.RData"
[1] "2022-02-26 18:20:34 --- save.image Finish ---"
[1] "2022-02-26 18:20:34 --- final Start ---"
[1] "--------------------------------------------------------------------------------"
[1] "nrow(data) final=2416"
[1] "--------------------------------------------------------------------------------"
[1] "2022-02-26 18:20:34 --- final Finish ---"
[1] "2022-02-26 18:20:34 --- analyze_glm.R Finished ---"
[1] "2022-02-26 18:20:34 --- log Finish ---"
