[1] "2022-02-26 17:57:00 --- D1115_analyze_glm_Gen01_IsHitA_Type23 Start ---"
[1] "2022-02-26 17:57:00 --- Log Start ---"
[1] "2022-02-26 17:57:00 --- analyze_glm.R Start ---"
[1] "analyzeVersion=D1115"
[1] "analyzeCategory=analyze"
[1] "analyzeType=Gen01"
[1] "analyzeFamily=IsHitA"
[1] "analyzeFunc=glm"
[1] "analyzeTrackTypeCd=2"
[1] "analyzeJyokenCd=3"
[1] "2022-02-26 17:57:00 --- source_function.R Start ---"
[1] "2022-02-26 17:57:00 --- source_function.R Finished ---"

> print(paste0(Sys.time(), " --- source_library.R Start ---"))
[1] "2022-02-26 17:57:00 --- source_library.R Start ---"

> require("RevoScaleR")

> print(paste0(Sys.time(), " --- source_library.R Finished ---"))
[1] "2022-02-26 17:57:01 --- source_library.R Finished ---"
[1] "2022-02-26 17:57:01 --- RxSqlServerData Start ---"
[1] "2022-02-26 17:57:01 --- RxInSqlServer Start ---"
[1] "2022-02-26 17:57:01 --- RxInSqlServer Finish ---"
[1] "2022-02-26 17:57:01 --- rxSetComputeContext Start ---"
[1] "2022-02-26 17:57:01 --- rxSetComputeContext Finish ---"
[1] "2022-02-26 17:57:01 --- RxSqlServerData Start ---"
[1] "sqlQuery=SELECT * FROM ViewAnalyzeD1115analyze01Gen01Type23"
[1] "2022-02-26 17:57:02 --- RxSqlServerData Finish ---"
[1] "2022-02-26 17:57:02 --- rxGetVarInfo Start ---"
[1] "2022-02-26 17:57:03 --- rxGetVarInfo Finish---"
[1] "2022-02-26 17:57:03 --- rxImport Start ---"
Rows Read: 14513, Total Rows Processed: 14513, Total Chunk Time: 103.649 seconds 
[1] "2022-02-26 18:01:51 --- rxImport Finish ---"
[1] "object.size(data) auto=4.5 Mb"
[1] "--------------------------------------------------------------------------------"
[1] "nrow(data) RxSqlServerData=14513"
[1] "--------------------------------------------------------------------------------"
[1] "str(data)="
'data.frame':	14513 obs. of  44 variables:
 $ Race.RaceId                      : Factor w/ 1011 levels "20160117-06-01-06-08",..: 1 2 3 4 5 5 5 6 6 7 ...
 $ Race.IsAnalyzeNormalPastAndFuture: logi  TRUE TRUE TRUE TRUE TRUE TRUE ...
 $ Race.IsAnalyzeNormalPast         : logi  TRUE TRUE TRUE TRUE TRUE TRUE ...
 $ Race.IsAnalyzeNormalFuture       : logi  FALSE FALSE FALSE FALSE FALSE FALSE ...
 $ Race.IsAnalyzeFullPastAndFuture  : logi  TRUE TRUE TRUE TRUE TRUE TRUE ...
 $ Race.IsAnalyzeFullPast           : logi  TRUE TRUE TRUE TRUE TRUE TRUE ...
 $ Race.IsAnalyzeFullFuture         : logi  FALSE FALSE FALSE FALSE FALSE FALSE ...
 $ Race.JyokenCd                    : Factor w/ 1 level "3": 1 1 1 1 1 1 1 1 1 1 ...
 $ Race.JyoType1Cd                  : Factor w/ 105 levels "2-06-1800-3-1",..: 1 2 3 4 5 5 5 6 6 7 ...
 $ Race.RaceType1Cd                 : Factor w/ 6 levels "2-3-X-2","2-3-E-2",..: 1 2 3 2 4 4 4 3 3 3 ...
 $ RaceHorse.RaceId                 : Factor w/ 1011 levels "20160117-06-01-06-08",..: 1 2 3 4 5 5 5 6 6 7 ...
 $ RaceHorse.KettoNum               : Factor w/ 3078 levels "2012102771","2011104665",..: 1 2 3 4 5 6 7 8 3 9 ...
 $ RaceHorse.IsHit1                 : num  0 0 0 0 0 0 0 0 0 0 ...
 $ RaceHorse.IsHit2                 : num  0 0 0 0 0 1 0 0 1 0 ...
 $ RaceHorse.IsHit3                 : num  0 0 0 0 0 0 0 0 0 0 ...
 $ RaceHorse.IsHit4                 : num  1 0 0 1 0 0 0 1 0 0 ...
 $ RaceHorse.IsHit5                 : num  0 0 1 0 0 0 0 0 0 0 ...
 $ RaceHorse.IsHit6                 : num  0 1 0 0 1 0 1 0 0 1 ...
 $ RaceHorse.IsValidRaceHorse       : logi  TRUE TRUE TRUE TRUE TRUE TRUE ...
 $ RaceHorse.TimeSdvByRace          : num  0.862 0.325 0.578 0.916 0.41 ...
 $ RaceHorse.TimeSdv                : num  -0.2297 -0.333 -0.1166 -0.0262 -0.2924 ...
 $ RaceHorse.IsHitA                 : num  0 0 0 0 0 0 0 0 0 0 ...
 $ RaceHorse.IsHitB                 : num  0 0 0 0 0 1 0 0 1 0 ...
 $ RaceHorse.IsHitC                 : num  0 0 0 0 0 1 0 0 1 0 ...
 $ Gen01.HansyokuNum                : Factor w/ 287 levels "11201954","11201953",..: 1 1 1 1 1 1 1 1 1 1 ...
 $ Gen01.TimeSdvByRaceAvg           : num  0.126 0.222 0.171 0.223 0.233 ...
 $ Gen01.TimeSdvByRaceMin           : num  -2.34 -2.31 -2.18 -2.31 -2.76 ...
 $ Gen01.TimeSdvByRaceMax           : num  1.98 1.82 2.31 1.82 2.25 ...
 $ Gen01.TimeSdvAvg                 : num  0.114 0.294 0.138 0.289 0.321 ...
 $ Gen01.TimeSdvMin                 : num  -2.46 -3.04 -2.28 -3.04 -3.12 ...
 $ Gen01.TimeSdvMax                 : num  1.9 1.81 1.83 1.81 2.16 ...
 $ Gen01.OrderOfFinishSdvAvg        : num  0.0674 0.2389 0.1091 0.2346 0.1644 ...
 $ Gen01.RunCount                   : num  70 120 120 121 79 79 79 121 121 123 ...
 $ Gen01.HitCount1                  : num  7 16 7 16 6 6 6 7 7 7 ...
 $ Gen01.HitCount2                  : num  6 12 10 12 6 6 6 10 10 11 ...
 $ Gen01.HitCount3                  : num  4 11 5 11 6 6 6 5 5 5 ...
 $ Gen01.HitCount4                  : num  5 8 10 8 2 2 2 10 10 11 ...
 $ Gen01.HitCount5                  : num  4 12 8 12 4 4 4 9 9 9 ...
 $ Gen01.HitRate1                   : num  0.1 0.1333 0.0583 0.1322 0.0759 ...
 $ Gen01.HitRate2                   : num  0.0857 0.1 0.0833 0.0992 0.0759 ...
 $ Gen01.HitRate3                   : num  0.0571 0.0917 0.0417 0.0909 0.0759 ...
 $ Gen01.HitRate4                   : num  0.0714 0.0667 0.0833 0.0661 0.0253 ...
 $ Gen01.HitRate5                   : num  0.0571 0.1 0.0667 0.0992 0.0506 ...
 $ EOF                              : int  1 1 1 1 1 1 1 1 1 1 ...
[1] "2022-02-26 18:02:36 --- RxSqlServerData Finish ---"
[1] "2022-02-26 18:02:36 --- subset Start ---"
[1] "--------------------------------------------------------------------------------"
[1] "nrow(data) subset before=14513"
[1] "nrow(data) subset after =14513"
[1] "nrow(data) subset diff =0"
[1] "--------------------------------------------------------------------------------"
[1] "2022-02-26 18:02:41 --- subset Finish---"
[1] "2022-02-26 18:02:42 --- transform Start ---"
[1] "--------------------------------------------------------------------------------"
[1] "nrow(data) transform before=14513"
[1] "nrow(data) transform after=14513"
[1] "nrow(data) transform diff=0"
[1] "--------------------------------------------------------------------------------"
[1] "str(data)="
'data.frame':	14513 obs. of  44 variables:
 $ Race.RaceId                      : Factor w/ 1011 levels "20160117-06-01-06-08",..: 1 2 3 4 5 5 5 6 6 7 ...
 $ Race.IsAnalyzeNormalPastAndFuture: logi  TRUE TRUE TRUE TRUE TRUE TRUE ...
 $ Race.IsAnalyzeNormalPast         : logi  TRUE TRUE TRUE TRUE TRUE TRUE ...
 $ Race.IsAnalyzeNormalFuture       : logi  FALSE FALSE FALSE FALSE FALSE FALSE ...
 $ Race.IsAnalyzeFullPastAndFuture  : logi  TRUE TRUE TRUE TRUE TRUE TRUE ...
 $ Race.IsAnalyzeFullPast           : logi  TRUE TRUE TRUE TRUE TRUE TRUE ...
 $ Race.IsAnalyzeFullFuture         : logi  FALSE FALSE FALSE FALSE FALSE FALSE ...
 $ Race.JyokenCd                    : Factor w/ 1 level "3": 1 1 1 1 1 1 1 1 1 1 ...
 $ Race.JyoType1Cd                  : Factor w/ 105 levels "2-06-1800-3-1",..: 1 2 3 4 5 5 5 6 6 7 ...
 $ Race.RaceType1Cd                 : Factor w/ 6 levels "2-3-X-2","2-3-E-2",..: 1 2 3 2 4 4 4 3 3 3 ...
 $ RaceHorse.RaceId                 : Factor w/ 1011 levels "20160117-06-01-06-08",..: 1 2 3 4 5 5 5 6 6 7 ...
 $ RaceHorse.KettoNum               : Factor w/ 3078 levels "2012102771","2011104665",..: 1 2 3 4 5 6 7 8 3 9 ...
 $ RaceHorse.IsHit1                 : num  0 0 0 0 0 0 0 0 0 0 ...
 $ RaceHorse.IsHit2                 : num  0 0 0 0 0 1 0 0 1 0 ...
 $ RaceHorse.IsHit3                 : num  0 0 0 0 0 0 0 0 0 0 ...
 $ RaceHorse.IsHit4                 : num  1 0 0 1 0 0 0 1 0 0 ...
 $ RaceHorse.IsHit5                 : num  0 0 1 0 0 0 0 0 0 0 ...
 $ RaceHorse.IsHit6                 : num  0 1 0 0 1 0 1 0 0 1 ...
 $ RaceHorse.IsValidRaceHorse       : logi  TRUE TRUE TRUE TRUE TRUE TRUE ...
 $ RaceHorse.TimeSdvByRace          : num  0.862 0.325 0.578 0.916 0.41 ...
 $ RaceHorse.TimeSdv                : num  -0.2297 -0.333 -0.1166 -0.0262 -0.2924 ...
 $ RaceHorse.IsHitA                 : num  0 0 0 0 0 0 0 0 0 0 ...
 $ RaceHorse.IsHitB                 : num  0 0 0 0 0 1 0 0 1 0 ...
 $ RaceHorse.IsHitC                 : num  0 0 0 0 0 1 0 0 1 0 ...
 $ Gen01.HansyokuNum                : Factor w/ 287 levels "11201954","11201953",..: 1 1 1 1 1 1 1 1 1 1 ...
 $ Gen01.TimeSdvByRaceAvg           : num  0.126 0.222 0.171 0.223 0.233 ...
 $ Gen01.TimeSdvByRaceMin           : num  -2.34 -2.31 -2.18 -2.31 -2.76 ...
 $ Gen01.TimeSdvByRaceMax           : num  1.98 1.82 2.31 1.82 2.25 ...
 $ Gen01.TimeSdvAvg                 : num  0.114 0.294 0.138 0.289 0.321 ...
 $ Gen01.TimeSdvMin                 : num  -2.46 -3.04 -2.28 -3.04 -3.12 ...
 $ Gen01.TimeSdvMax                 : num  1.9 1.81 1.83 1.81 2.16 ...
 $ Gen01.OrderOfFinishSdvAvg        : num  0.0674 0.2389 0.1091 0.2346 0.1644 ...
 $ Gen01.RunCount                   : num  70 120 120 121 79 79 79 121 121 123 ...
 $ Gen01.HitCount1                  : num  7 16 7 16 6 6 6 7 7 7 ...
 $ Gen01.HitCount2                  : num  6 12 10 12 6 6 6 10 10 11 ...
 $ Gen01.HitCount3                  : num  4 11 5 11 6 6 6 5 5 5 ...
 $ Gen01.HitCount4                  : num  5 8 10 8 2 2 2 10 10 11 ...
 $ Gen01.HitCount5                  : num  4 12 8 12 4 4 4 9 9 9 ...
 $ Gen01.HitRate1                   : num  0.1 0.1333 0.0583 0.1322 0.0759 ...
 $ Gen01.HitRate2                   : num  0.0857 0.1 0.0833 0.0992 0.0759 ...
 $ Gen01.HitRate3                   : num  0.0571 0.0917 0.0417 0.0909 0.0759 ...
 $ Gen01.HitRate4                   : num  0.0714 0.0667 0.0833 0.0661 0.0253 ...
 $ Gen01.HitRate5                   : num  0.0571 0.1 0.0667 0.0992 0.0506 ...
 $ EOF                              : int  1 1 1 1 1 1 1 1 1 1 ...
NULL
[1] "2022-02-26 18:03:19 --- transform Finish ---"
[1] "2022-02-26 18:03:20 --- na.omit Start ---"
[1] "--------------------------------------------------------------------------------"
[1] "nrow(data) na.omit before=14513"
[1] "nrow(data) na.omit after =14408"
[1] "nrow(data) na.omit diff =105"
[1] "--------------------------------------------------------------------------------"
'data.frame':	14408 obs. of  44 variables:
 $ Race.RaceId                      : Factor w/ 1011 levels "20160117-06-01-06-08",..: 1 2 3 4 5 5 5 6 6 7 ...
 $ Race.IsAnalyzeNormalPastAndFuture: logi  TRUE TRUE TRUE TRUE TRUE TRUE ...
 $ Race.IsAnalyzeNormalPast         : logi  TRUE TRUE TRUE TRUE TRUE TRUE ...
 $ Race.IsAnalyzeNormalFuture       : logi  FALSE FALSE FALSE FALSE FALSE FALSE ...
 $ Race.IsAnalyzeFullPastAndFuture  : logi  TRUE TRUE TRUE TRUE TRUE TRUE ...
 $ Race.IsAnalyzeFullPast           : logi  TRUE TRUE TRUE TRUE TRUE TRUE ...
 $ Race.IsAnalyzeFullFuture         : logi  FALSE FALSE FALSE FALSE FALSE FALSE ...
 $ Race.JyokenCd                    : Factor w/ 1 level "3": 1 1 1 1 1 1 1 1 1 1 ...
 $ Race.JyoType1Cd                  : Factor w/ 105 levels "2-06-1800-3-1",..: 1 2 3 4 5 5 5 6 6 7 ...
 $ Race.RaceType1Cd                 : Factor w/ 6 levels "2-3-X-2","2-3-E-2",..: 1 2 3 2 4 4 4 3 3 3 ...
 $ RaceHorse.RaceId                 : Factor w/ 1011 levels "20160117-06-01-06-08",..: 1 2 3 4 5 5 5 6 6 7 ...
 $ RaceHorse.KettoNum               : Factor w/ 3078 levels "2012102771","2011104665",..: 1 2 3 4 5 6 7 8 3 9 ...
 $ RaceHorse.IsHit1                 : num  0 0 0 0 0 0 0 0 0 0 ...
 $ RaceHorse.IsHit2                 : num  0 0 0 0 0 1 0 0 1 0 ...
 $ RaceHorse.IsHit3                 : num  0 0 0 0 0 0 0 0 0 0 ...
 $ RaceHorse.IsHit4                 : num  1 0 0 1 0 0 0 1 0 0 ...
 $ RaceHorse.IsHit5                 : num  0 0 1 0 0 0 0 0 0 0 ...
 $ RaceHorse.IsHit6                 : num  0 1 0 0 1 0 1 0 0 1 ...
 $ RaceHorse.IsValidRaceHorse       : logi  TRUE TRUE TRUE TRUE TRUE TRUE ...
 $ RaceHorse.TimeSdvByRace          : num  0.862 0.325 0.578 0.916 0.41 ...
 $ RaceHorse.TimeSdv                : num  -0.2297 -0.333 -0.1166 -0.0262 -0.2924 ...
 $ RaceHorse.IsHitA                 : num  0 0 0 0 0 0 0 0 0 0 ...
 $ RaceHorse.IsHitB                 : num  0 0 0 0 0 1 0 0 1 0 ...
 $ RaceHorse.IsHitC                 : num  0 0 0 0 0 1 0 0 1 0 ...
 $ Gen01.HansyokuNum                : Factor w/ 287 levels "11201954","11201953",..: 1 1 1 1 1 1 1 1 1 1 ...
 $ Gen01.TimeSdvByRaceAvg           : num  0.126 0.222 0.171 0.223 0.233 ...
 $ Gen01.TimeSdvByRaceMin           : num  -2.34 -2.31 -2.18 -2.31 -2.76 ...
 $ Gen01.TimeSdvByRaceMax           : num  1.98 1.82 2.31 1.82 2.25 ...
 $ Gen01.TimeSdvAvg                 : num  0.114 0.294 0.138 0.289 0.321 ...
 $ Gen01.TimeSdvMin                 : num  -2.46 -3.04 -2.28 -3.04 -3.12 ...
 $ Gen01.TimeSdvMax                 : num  1.9 1.81 1.83 1.81 2.16 ...
 $ Gen01.OrderOfFinishSdvAvg        : num  0.0674 0.2389 0.1091 0.2346 0.1644 ...
 $ Gen01.RunCount                   : num  70 120 120 121 79 79 79 121 121 123 ...
 $ Gen01.HitCount1                  : num  7 16 7 16 6 6 6 7 7 7 ...
 $ Gen01.HitCount2                  : num  6 12 10 12 6 6 6 10 10 11 ...
 $ Gen01.HitCount3                  : num  4 11 5 11 6 6 6 5 5 5 ...
 $ Gen01.HitCount4                  : num  5 8 10 8 2 2 2 10 10 11 ...
 $ Gen01.HitCount5                  : num  4 12 8 12 4 4 4 9 9 9 ...
 $ Gen01.HitRate1                   : num  0.1 0.1333 0.0583 0.1322 0.0759 ...
 $ Gen01.HitRate2                   : num  0.0857 0.1 0.0833 0.0992 0.0759 ...
 $ Gen01.HitRate3                   : num  0.0571 0.0917 0.0417 0.0909 0.0759 ...
 $ Gen01.HitRate4                   : num  0.0714 0.0667 0.0833 0.0661 0.0253 ...
 $ Gen01.HitRate5                   : num  0.0571 0.1 0.0667 0.0992 0.0506 ...
 $ EOF                              : int  1 1 1 1 1 1 1 1 1 1 ...
 - attr(*, "na.action")= 'omit' Named int  126 423 522 548 682 794 1244 1499 1567 1646 ...
  ..- attr(*, "names")= chr  "126" "423" "522" "548" ...
[1] "2022-02-26 18:03:40 --- na.omit Finish ---"
[1] "2022-02-26 18:03:40 --- rxGlm with rxStepControl Start ---"

> print(paste0(Sys.time(), " --- source_logic_glm.R Start ---"))
[1] "2022-02-26 18:03:41 --- source_logic_glm.R Start ---"

> formula <- formula(RaceHorse.IsHitA ~ +1 + Gen01.TimeSdvByRaceAvg)

> print(paste0(Sys.time(), " --- source_logic_glm.R Finished ---"))
[1] "2022-02-26 18:03:42 --- source_logic_glm.R Finished ---"
Rows Read: 14408, Total Rows Processed: 14408, Total Chunk Time: 0.002 seconds 

Starting values (iteration 1) time: 0.009 secs.
Rows Read: 14408, Total Rows Processed: 14408, Total Chunk Time: 0.001 seconds 

Iteration 2 time: 0.006 secs.
Rows Read: 14408, Total Rows Processed: 14408, Total Chunk Time: 0.005 seconds 

Iteration 3 time: 0.010 secs.
Rows Read: 14408, Total Rows Processed: 14408, Total Chunk Time: 0.002 seconds 

Iteration 4 time: 0.005 secs.

Elapsed computation time: 0.139 secs.
Rows Read: 14408, Total Rows Processed: 14408, Total Chunk Time: 0.004 seconds 

Starting values (iteration 1) time: 0.009 secs.
Rows Read: 14408, Total Rows Processed: 14408, Total Chunk Time: 0.002 seconds 

Iteration 2 time: 0.005 secs.

Elapsed computation time: 0.700 secs.
Rows Read: 14408, Total Rows Processed: 14408, Total Chunk Time: Less than .001 seconds 

Starting values (iteration 1) time: 0.007 secs.
Rows Read: 14408, Total Rows Processed: 14408, Total Chunk Time: 0.002 seconds 

Iteration 2 time: 0.006 secs.
Rows Read: 14408, Total Rows Processed: 14408, Total Chunk Time: 0.002 seconds 

Iteration 3 time: 0.005 secs.
Rows Read: 14408, Total Rows Processed: 14408, Total Chunk Time: 0.002 seconds 

Iteration 4 time: 0.004 secs.

Elapsed computation time: 0.050 secs.

Elapsed computation time: 0.914 secs.
[1] "--------------------------------------------------------------------------------"
[1] "analyze.results.glm.step="
Logistic Regression Results for: RaceHorse.IsHitA ~
    Gen01.TimeSdvByRaceAvg
Data: data
Dependent variable(s): RaceHorse.IsHitA
Total independent variables: 2 
Number of valid observations: 14408
Number of missing observations: 0 
 
Coefficients:
                       RaceHorse.IsHitA
(Intercept)                        -2.7
Gen01.TimeSdvByRaceAvg              0.6
[1] "analyze.results.glm.step.summary"
Call:
rxLogit(formula = formula, data = data, variableSelection = analyze.results.glm.step.varsel)

Logistic Regression Results for: RaceHorse.IsHitA ~
    Gen01.TimeSdvByRaceAvg
Data: data
Dependent variable(s): RaceHorse.IsHitA
Total independent variables: 2 
Number of valid observations: 14408
Number of missing observations: 0 
-2*LogLikelihood: 7034.792 (Residual deviance on 14406 degrees of freedom)
 
Coefficients:
                       Estimate Std. Error z value Pr(>|z|)    
(Intercept)             -2.6953     0.0355  -75.90  2.2e-16 ***
Gen01.TimeSdvByRaceAvg   0.6349     0.0887    7.16  2.2e-16 ***
---
Signif. codes:  0 '***' 0.001 '**' 0.01 '*' 0.05 '.' 0.1 ' ' 1

Condition number of final variance-covariance matrix: 1 
Number of iterations: 4
[1] "--------------------------------------------------------------------------------"
[1] "2022-02-26 18:03:44 --- rxGlm with rxStepControl Finish ---"
[1] "2022-02-26 18:03:45 --- rxStepPlot Start ---"
[1] "pdfFilename=pdf_analyze_glm_Gen01_Type23_rxStepPlot.pdf"
[1] "rxStepPlot="
[1] "2022-02-26 18:03:46 --- rxStepPlot Finish ---"
[1] "2022-02-26 18:03:47 --- save.image Start ---"
[1] "save.image"
[1] "rdataFilename=RData_analyze_glm_Gen01_Type23.RData"
[1] "2022-02-26 18:03:48 --- save.image Finish ---"
[1] "2022-02-26 18:03:48 --- final Start ---"
[1] "--------------------------------------------------------------------------------"
[1] "nrow(data) final=14408"
[1] "--------------------------------------------------------------------------------"
[1] "2022-02-26 18:03:48 --- final Finish ---"
[1] "2022-02-26 18:03:48 --- analyze_glm.R Finished ---"
[1] "2022-02-26 18:03:48 --- log Finish ---"
