[1] "2022-02-26 17:57:00 --- D1115_analyze_glm_Gen01_IsHitA_Type15 Start ---"
[1] "2022-02-26 17:57:00 --- Log Start ---"
[1] "2022-02-26 17:57:00 --- analyze_glm.R Start ---"
[1] "analyzeVersion=D1115"
[1] "analyzeCategory=analyze"
[1] "analyzeType=Gen01"
[1] "analyzeFamily=IsHitA"
[1] "analyzeFunc=glm"
[1] "analyzeTrackTypeCd=1"
[1] "analyzeJyokenCd=5"
[1] "2022-02-26 17:57:00 --- source_function.R Start ---"
[1] "2022-02-26 17:57:00 --- source_function.R Finished ---"

> print(paste0(Sys.time(), " --- source_library.R Start ---"))
[1] "2022-02-26 17:57:00 --- source_library.R Start ---"

> require("RevoScaleR")

> print(paste0(Sys.time(), " --- source_library.R Finished ---"))
[1] "2022-02-26 17:57:01 --- source_library.R Finished ---"
[1] "2022-02-26 17:57:01 --- RxSqlServerData Start ---"
[1] "2022-02-26 17:57:01 --- RxInSqlServer Start ---"
[1] "2022-02-26 17:57:01 --- RxInSqlServer Finish ---"
[1] "2022-02-26 17:57:01 --- rxSetComputeContext Start ---"
[1] "2022-02-26 17:57:01 --- rxSetComputeContext Finish ---"
[1] "2022-02-26 17:57:02 --- RxSqlServerData Start ---"
[1] "sqlQuery=SELECT * FROM ViewAnalyzeD1115analyze01Gen01Type15"
[1] "2022-02-26 17:57:02 --- RxSqlServerData Finish ---"
[1] "2022-02-26 17:57:02 --- rxGetVarInfo Start ---"
[1] "2022-02-26 17:57:03 --- rxGetVarInfo Finish---"
[1] "2022-02-26 17:57:03 --- rxImport Start ---"
Rows Read: 36567, Total Rows Processed: 36567, Total Chunk Time: 372.632 seconds 
[1] "2022-02-26 18:20:18 --- rxImport Finish ---"
[1] "object.size(data) auto=11.6 Mb"
[1] "--------------------------------------------------------------------------------"
[1] "nrow(data) RxSqlServerData=36567"
[1] "--------------------------------------------------------------------------------"
[1] "str(data)="
'data.frame':	36567 obs. of  44 variables:
 $ Race.RaceId                      : Factor w/ 2474 levels "20160105-08-01-01-05",..: 1 2 3 4 5 5 6 7 7 8 ...
 $ Race.IsAnalyzeNormalPastAndFuture: logi  TRUE TRUE TRUE TRUE TRUE TRUE ...
 $ Race.IsAnalyzeNormalPast         : logi  TRUE TRUE TRUE TRUE TRUE TRUE ...
 $ Race.IsAnalyzeNormalFuture       : logi  FALSE FALSE FALSE FALSE FALSE FALSE ...
 $ Race.IsAnalyzeFullPastAndFuture  : logi  TRUE TRUE TRUE TRUE TRUE TRUE ...
 $ Race.IsAnalyzeFullPast           : logi  TRUE TRUE TRUE TRUE TRUE TRUE ...
 $ Race.IsAnalyzeFullFuture         : logi  FALSE FALSE FALSE FALSE FALSE FALSE ...
 $ Race.JyokenCd                    : Factor w/ 1 level "5": 1 1 1 1 1 1 1 1 1 1 ...
 $ Race.JyoType1Cd                  : Factor w/ 175 levels "1-08-2000-5-1",..: 1 2 3 4 5 5 2 3 3 4 ...
 $ Race.RaceType1Cd                 : Factor w/ 3 levels "1-5-X-2","1-5-X-1",..: 1 2 2 1 1 1 2 2 2 1 ...
 $ RaceHorse.RaceId                 : Factor w/ 2474 levels "20160105-08-01-01-05",..: 1 2 3 4 5 5 6 7 7 8 ...
 $ RaceHorse.KettoNum               : Factor w/ 13757 levels "2013104232","2013105599",..: 1 2 3 4 5 6 7 8 9 10 ...
 $ RaceHorse.IsHit1                 : num  0 0 0 0 0 0 0 0 0 0 ...
 $ RaceHorse.IsHit2                 : num  0 0 0 0 0 0 0 0 0 0 ...
 $ RaceHorse.IsHit3                 : num  1 0 0 0 0 0 1 0 0 0 ...
 $ RaceHorse.IsHit4                 : num  0 0 0 0 1 0 0 0 0 0 ...
 $ RaceHorse.IsHit5                 : num  0 0 0 0 0 0 0 0 0 0 ...
 $ RaceHorse.IsHit6                 : num  0 1 1 1 0 1 0 1 1 1 ...
 $ RaceHorse.IsValidRaceHorse       : logi  TRUE TRUE TRUE TRUE TRUE TRUE ...
 $ RaceHorse.TimeSdvByRace          : num  0.963 0.541 -0.222 -0.248 0.851 ...
 $ RaceHorse.TimeSdv                : num  1.176 -0.0735 0.0808 0.5158 -0.1661 ...
 $ RaceHorse.IsHitA                 : num  0 0 0 0 0 0 0 0 0 0 ...
 $ RaceHorse.IsHitB                 : num  0 0 0 0 0 0 0 0 0 0 ...
 $ RaceHorse.IsHitC                 : num  1 0 0 0 0 0 1 0 0 0 ...
 $ Gen01.HansyokuNum                : Factor w/ 415 levels "11201964","11201954",..: 1 2 1 2 1 1 2 1 3 1 ...
 $ Gen01.TimeSdvByRaceAvg           : num  0.0402 -0.0617 -0.0251 -0.0192 0.0436 ...
 $ Gen01.TimeSdvByRaceMin           : num  -2.73 -2.9 -2.91 -2.42 -2.73 ...
 $ Gen01.TimeSdvByRaceMax           : num  1.95 1.66 2.15 2.29 1.95 ...
 $ Gen01.TimeSdvAvg                 : num  -0.0275 -0.0893 0.0242 -0.0773 -0.0231 ...
 $ Gen01.TimeSdvMin                 : num  -2.57 -2.37 -3.4 -2.47 -2.57 ...
 $ Gen01.TimeSdvMax                 : num  2.36 1.8 1.65 2.04 2.36 ...
 $ Gen01.OrderOfFinishSdvAvg        : num  0.01318 -0.1271 -0.00829 -0.05848 0.01729 ...
 $ Gen01.RunCount                   : num  270 77 225 60 271 271 78 226 83 268 ...
 $ Gen01.HitCount1                  : num  20 3 13 3 20 20 3 13 7 20 ...
 $ Gen01.HitCount2                  : num  14 6 13 5 14 14 6 13 8 12 ...
 $ Gen01.HitCount3                  : num  21 5 13 5 22 22 5 13 4 22 ...
 $ Gen01.HitCount4                  : num  13 5 22 3 13 13 5 22 5 14 ...
 $ Gen01.HitCount5                  : num  21 2 16 7 21 21 2 16 11 21 ...
 $ Gen01.HitRate1                   : num  0.0741 0.039 0.0578 0.05 0.0738 ...
 $ Gen01.HitRate2                   : num  0.0519 0.0779 0.0578 0.0833 0.0517 ...
 $ Gen01.HitRate3                   : num  0.0778 0.0649 0.0578 0.0833 0.0812 ...
 $ Gen01.HitRate4                   : num  0.0481 0.0649 0.0978 0.05 0.048 ...
 $ Gen01.HitRate5                   : num  0.0778 0.026 0.0711 0.1167 0.0775 ...
 $ EOF                              : int  1 1 1 1 1 1 1 1 1 1 ...
[1] "2022-02-26 18:20:19 --- RxSqlServerData Finish ---"
[1] "2022-02-26 18:20:19 --- subset Start ---"
[1] "--------------------------------------------------------------------------------"
[1] "nrow(data) subset before=36567"
[1] "nrow(data) subset after =36567"
[1] "nrow(data) subset diff =0"
[1] "--------------------------------------------------------------------------------"
[1] "2022-02-26 18:20:19 --- subset Finish---"
[1] "2022-02-26 18:20:19 --- transform Start ---"
[1] "--------------------------------------------------------------------------------"
[1] "nrow(data) transform before=36567"
[1] "nrow(data) transform after=36567"
[1] "nrow(data) transform diff=0"
[1] "--------------------------------------------------------------------------------"
[1] "str(data)="
'data.frame':	36567 obs. of  44 variables:
 $ Race.RaceId                      : Factor w/ 2474 levels "20160105-08-01-01-05",..: 1 2 3 4 5 5 6 7 7 8 ...
 $ Race.IsAnalyzeNormalPastAndFuture: logi  TRUE TRUE TRUE TRUE TRUE TRUE ...
 $ Race.IsAnalyzeNormalPast         : logi  TRUE TRUE TRUE TRUE TRUE TRUE ...
 $ Race.IsAnalyzeNormalFuture       : logi  FALSE FALSE FALSE FALSE FALSE FALSE ...
 $ Race.IsAnalyzeFullPastAndFuture  : logi  TRUE TRUE TRUE TRUE TRUE TRUE ...
 $ Race.IsAnalyzeFullPast           : logi  TRUE TRUE TRUE TRUE TRUE TRUE ...
 $ Race.IsAnalyzeFullFuture         : logi  FALSE FALSE FALSE FALSE FALSE FALSE ...
 $ Race.JyokenCd                    : Factor w/ 1 level "5": 1 1 1 1 1 1 1 1 1 1 ...
 $ Race.JyoType1Cd                  : Factor w/ 175 levels "1-08-2000-5-1",..: 1 2 3 4 5 5 2 3 3 4 ...
 $ Race.RaceType1Cd                 : Factor w/ 3 levels "1-5-X-2","1-5-X-1",..: 1 2 2 1 1 1 2 2 2 1 ...
 $ RaceHorse.RaceId                 : Factor w/ 2474 levels "20160105-08-01-01-05",..: 1 2 3 4 5 5 6 7 7 8 ...
 $ RaceHorse.KettoNum               : Factor w/ 13757 levels "2013104232","2013105599",..: 1 2 3 4 5 6 7 8 9 10 ...
 $ RaceHorse.IsHit1                 : num  0 0 0 0 0 0 0 0 0 0 ...
 $ RaceHorse.IsHit2                 : num  0 0 0 0 0 0 0 0 0 0 ...
 $ RaceHorse.IsHit3                 : num  1 0 0 0 0 0 1 0 0 0 ...
 $ RaceHorse.IsHit4                 : num  0 0 0 0 1 0 0 0 0 0 ...
 $ RaceHorse.IsHit5                 : num  0 0 0 0 0 0 0 0 0 0 ...
 $ RaceHorse.IsHit6                 : num  0 1 1 1 0 1 0 1 1 1 ...
 $ RaceHorse.IsValidRaceHorse       : logi  TRUE TRUE TRUE TRUE TRUE TRUE ...
 $ RaceHorse.TimeSdvByRace          : num  0.963 0.541 -0.222 -0.248 0.851 ...
 $ RaceHorse.TimeSdv                : num  1.176 -0.0735 0.0808 0.5158 -0.1661 ...
 $ RaceHorse.IsHitA                 : num  0 0 0 0 0 0 0 0 0 0 ...
 $ RaceHorse.IsHitB                 : num  0 0 0 0 0 0 0 0 0 0 ...
 $ RaceHorse.IsHitC                 : num  1 0 0 0 0 0 1 0 0 0 ...
 $ Gen01.HansyokuNum                : Factor w/ 415 levels "11201964","11201954",..: 1 2 1 2 1 1 2 1 3 1 ...
 $ Gen01.TimeSdvByRaceAvg           : num  0.0402 -0.0617 -0.0251 -0.0192 0.0436 ...
 $ Gen01.TimeSdvByRaceMin           : num  -2.73 -2.9 -2.91 -2.42 -2.73 ...
 $ Gen01.TimeSdvByRaceMax           : num  1.95 1.66 2.15 2.29 1.95 ...
 $ Gen01.TimeSdvAvg                 : num  -0.0275 -0.0893 0.0242 -0.0773 -0.0231 ...
 $ Gen01.TimeSdvMin                 : num  -2.57 -2.37 -3.4 -2.47 -2.57 ...
 $ Gen01.TimeSdvMax                 : num  2.36 1.8 1.65 2.04 2.36 ...
 $ Gen01.OrderOfFinishSdvAvg        : num  0.01318 -0.1271 -0.00829 -0.05848 0.01729 ...
 $ Gen01.RunCount                   : num  270 77 225 60 271 271 78 226 83 268 ...
 $ Gen01.HitCount1                  : num  20 3 13 3 20 20 3 13 7 20 ...
 $ Gen01.HitCount2                  : num  14 6 13 5 14 14 6 13 8 12 ...
 $ Gen01.HitCount3                  : num  21 5 13 5 22 22 5 13 4 22 ...
 $ Gen01.HitCount4                  : num  13 5 22 3 13 13 5 22 5 14 ...
 $ Gen01.HitCount5                  : num  21 2 16 7 21 21 2 16 11 21 ...
 $ Gen01.HitRate1                   : num  0.0741 0.039 0.0578 0.05 0.0738 ...
 $ Gen01.HitRate2                   : num  0.0519 0.0779 0.0578 0.0833 0.0517 ...
 $ Gen01.HitRate3                   : num  0.0778 0.0649 0.0578 0.0833 0.0812 ...
 $ Gen01.HitRate4                   : num  0.0481 0.0649 0.0978 0.05 0.048 ...
 $ Gen01.HitRate5                   : num  0.0778 0.026 0.0711 0.1167 0.0775 ...
 $ EOF                              : int  1 1 1 1 1 1 1 1 1 1 ...
NULL
[1] "2022-02-26 18:20:19 --- transform Finish ---"
[1] "2022-02-26 18:20:19 --- na.omit Start ---"
[1] "--------------------------------------------------------------------------------"
[1] "nrow(data) na.omit before=36567"
[1] "nrow(data) na.omit after =36313"
[1] "nrow(data) na.omit diff =254"
[1] "--------------------------------------------------------------------------------"
'data.frame':	36313 obs. of  44 variables:
 $ Race.RaceId                      : Factor w/ 2474 levels "20160105-08-01-01-05",..: 1 2 3 4 5 5 6 7 7 8 ...
 $ Race.IsAnalyzeNormalPastAndFuture: logi  TRUE TRUE TRUE TRUE TRUE TRUE ...
 $ Race.IsAnalyzeNormalPast         : logi  TRUE TRUE TRUE TRUE TRUE TRUE ...
 $ Race.IsAnalyzeNormalFuture       : logi  FALSE FALSE FALSE FALSE FALSE FALSE ...
 $ Race.IsAnalyzeFullPastAndFuture  : logi  TRUE TRUE TRUE TRUE TRUE TRUE ...
 $ Race.IsAnalyzeFullPast           : logi  TRUE TRUE TRUE TRUE TRUE TRUE ...
 $ Race.IsAnalyzeFullFuture         : logi  FALSE FALSE FALSE FALSE FALSE FALSE ...
 $ Race.JyokenCd                    : Factor w/ 1 level "5": 1 1 1 1 1 1 1 1 1 1 ...
 $ Race.JyoType1Cd                  : Factor w/ 175 levels "1-08-2000-5-1",..: 1 2 3 4 5 5 2 3 3 4 ...
 $ Race.RaceType1Cd                 : Factor w/ 3 levels "1-5-X-2","1-5-X-1",..: 1 2 2 1 1 1 2 2 2 1 ...
 $ RaceHorse.RaceId                 : Factor w/ 2474 levels "20160105-08-01-01-05",..: 1 2 3 4 5 5 6 7 7 8 ...
 $ RaceHorse.KettoNum               : Factor w/ 13757 levels "2013104232","2013105599",..: 1 2 3 4 5 6 7 8 9 10 ...
 $ RaceHorse.IsHit1                 : num  0 0 0 0 0 0 0 0 0 0 ...
 $ RaceHorse.IsHit2                 : num  0 0 0 0 0 0 0 0 0 0 ...
 $ RaceHorse.IsHit3                 : num  1 0 0 0 0 0 1 0 0 0 ...
 $ RaceHorse.IsHit4                 : num  0 0 0 0 1 0 0 0 0 0 ...
 $ RaceHorse.IsHit5                 : num  0 0 0 0 0 0 0 0 0 0 ...
 $ RaceHorse.IsHit6                 : num  0 1 1 1 0 1 0 1 1 1 ...
 $ RaceHorse.IsValidRaceHorse       : logi  TRUE TRUE TRUE TRUE TRUE TRUE ...
 $ RaceHorse.TimeSdvByRace          : num  0.963 0.541 -0.222 -0.248 0.851 ...
 $ RaceHorse.TimeSdv                : num  1.176 -0.0735 0.0808 0.5158 -0.1661 ...
 $ RaceHorse.IsHitA                 : num  0 0 0 0 0 0 0 0 0 0 ...
 $ RaceHorse.IsHitB                 : num  0 0 0 0 0 0 0 0 0 0 ...
 $ RaceHorse.IsHitC                 : num  1 0 0 0 0 0 1 0 0 0 ...
 $ Gen01.HansyokuNum                : Factor w/ 415 levels "11201964","11201954",..: 1 2 1 2 1 1 2 1 3 1 ...
 $ Gen01.TimeSdvByRaceAvg           : num  0.0402 -0.0617 -0.0251 -0.0192 0.0436 ...
 $ Gen01.TimeSdvByRaceMin           : num  -2.73 -2.9 -2.91 -2.42 -2.73 ...
 $ Gen01.TimeSdvByRaceMax           : num  1.95 1.66 2.15 2.29 1.95 ...
 $ Gen01.TimeSdvAvg                 : num  -0.0275 -0.0893 0.0242 -0.0773 -0.0231 ...
 $ Gen01.TimeSdvMin                 : num  -2.57 -2.37 -3.4 -2.47 -2.57 ...
 $ Gen01.TimeSdvMax                 : num  2.36 1.8 1.65 2.04 2.36 ...
 $ Gen01.OrderOfFinishSdvAvg        : num  0.01318 -0.1271 -0.00829 -0.05848 0.01729 ...
 $ Gen01.RunCount                   : num  270 77 225 60 271 271 78 226 83 268 ...
 $ Gen01.HitCount1                  : num  20 3 13 3 20 20 3 13 7 20 ...
 $ Gen01.HitCount2                  : num  14 6 13 5 14 14 6 13 8 12 ...
 $ Gen01.HitCount3                  : num  21 5 13 5 22 22 5 13 4 22 ...
 $ Gen01.HitCount4                  : num  13 5 22 3 13 13 5 22 5 14 ...
 $ Gen01.HitCount5                  : num  21 2 16 7 21 21 2 16 11 21 ...
 $ Gen01.HitRate1                   : num  0.0741 0.039 0.0578 0.05 0.0738 ...
 $ Gen01.HitRate2                   : num  0.0519 0.0779 0.0578 0.0833 0.0517 ...
 $ Gen01.HitRate3                   : num  0.0778 0.0649 0.0578 0.0833 0.0812 ...
 $ Gen01.HitRate4                   : num  0.0481 0.0649 0.0978 0.05 0.048 ...
 $ Gen01.HitRate5                   : num  0.0778 0.026 0.0711 0.1167 0.0775 ...
 $ EOF                              : int  1 1 1 1 1 1 1 1 1 1 ...
 - attr(*, "na.action")= 'omit' Named int  37 143 210 406 552 669 687 787 922 1106 ...
  ..- attr(*, "names")= chr  "37" "143" "210" "406" ...
[1] "2022-02-26 18:20:19 --- na.omit Finish ---"
[1] "2022-02-26 18:20:19 --- rxGlm with rxStepControl Start ---"

> print(paste0(Sys.time(), " --- source_logic_glm.R Start ---"))
[1] "2022-02-26 18:20:19 --- source_logic_glm.R Start ---"

> formula <- formula(RaceHorse.IsHitA ~ +1 + Gen01.TimeSdvByRaceAvg)

> print(paste0(Sys.time(), " --- source_logic_glm.R Finished ---"))
[1] "2022-02-26 18:20:19 --- source_logic_glm.R Finished ---"
Rows Read: 36313, Total Rows Processed: 36313, Total Chunk Time: 0.002 seconds 

Starting values (iteration 1) time: 0.019 secs.
Rows Read: 36313, Total Rows Processed: 36313, Total Chunk Time: 0.004 seconds 

Iteration 2 time: 0.011 secs.
Rows Read: 36313, Total Rows Processed: 36313, Total Chunk Time: 0.003 seconds 

Iteration 3 time: 0.006 secs.
Rows Read: 36313, Total Rows Processed: 36313, Total Chunk Time: 0.006 seconds 

Iteration 4 time: 0.008 secs.
Rows Read: 36313, Total Rows Processed: 36313, Total Chunk Time: 0.003 seconds 

Iteration 5 time: 0.007 secs.

Elapsed computation time: 0.082 secs.
Rows Read: 36313, Total Rows Processed: 36313, Total Chunk Time: 0.002 seconds 

Starting values (iteration 1) time: 0.012 secs.
Rows Read: 36313, Total Rows Processed: 36313, Total Chunk Time: 0.003 seconds 

Iteration 2 time: 0.009 secs.

Elapsed computation time: 0.031 secs.
Rows Read: 36313, Total Rows Processed: 36313, Total Chunk Time: 0.002 seconds 

Starting values (iteration 1) time: 0.013 secs.
Rows Read: 36313, Total Rows Processed: 36313, Total Chunk Time: 0.003 seconds 

Iteration 2 time: 0.011 secs.
Rows Read: 36313, Total Rows Processed: 36313, Total Chunk Time: 0.003 seconds 

Iteration 3 time: 0.006 secs.
Rows Read: 36313, Total Rows Processed: 36313, Total Chunk Time: 0.003 seconds 

Iteration 4 time: 0.007 secs.
Rows Read: 36313, Total Rows Processed: 36313, Total Chunk Time: 0.003 seconds 

Iteration 5 time: 0.007 secs.

Elapsed computation time: 0.066 secs.

Elapsed computation time: 0.208 secs.
[1] "--------------------------------------------------------------------------------"
[1] "analyze.results.glm.step="
Logistic Regression Results for: RaceHorse.IsHitA ~
    Gen01.TimeSdvByRaceAvg
Data: data
Dependent variable(s): RaceHorse.IsHitA
Total independent variables: 2 
Number of valid observations: 36313
Number of missing observations: 0 
 
Coefficients:
                       RaceHorse.IsHitA
(Intercept)                          -3
Gen01.TimeSdvByRaceAvg                1
[1] "analyze.results.glm.step.summary"
Call:
rxLogit(formula = formula, data = data, variableSelection = analyze.results.glm.step.varsel)

Logistic Regression Results for: RaceHorse.IsHitA ~
    Gen01.TimeSdvByRaceAvg
Data: data
Dependent variable(s): RaceHorse.IsHitA
Total independent variables: 2 
Number of valid observations: 36313
Number of missing observations: 0 
-2*LogLikelihood: 17526.006 (Residual deviance on 36311 degrees of freedom)
 
Coefficients:
                       Estimate Std. Error z value Pr(>|z|)    
(Intercept)             -2.7839     0.0241  -115.5  2.2e-16 ***
Gen01.TimeSdvByRaceAvg   1.4790     0.0743    19.9  2.2e-16 ***
---
Signif. codes:  0 '***' 0.001 '**' 0.01 '*' 0.05 '.' 0.1 ' ' 1

Condition number of final variance-covariance matrix: 1 
Number of iterations: 5
[1] "--------------------------------------------------------------------------------"
[1] "2022-02-26 18:20:20 --- rxGlm with rxStepControl Finish ---"
[1] "2022-02-26 18:20:20 --- rxStepPlot Start ---"
[1] "pdfFilename=pdf_analyze_glm_Gen01_Type15_rxStepPlot.pdf"
[1] "rxStepPlot="
[1] "2022-02-26 18:20:20 --- rxStepPlot Finish ---"
[1] "2022-02-26 18:20:20 --- save.image Start ---"
[1] "save.image"
[1] "rdataFilename=RData_analyze_glm_Gen01_Type15.RData"
[1] "2022-02-26 18:20:20 --- save.image Finish ---"
[1] "2022-02-26 18:20:20 --- final Start ---"
[1] "--------------------------------------------------------------------------------"
[1] "nrow(data) final=36313"
[1] "--------------------------------------------------------------------------------"
[1] "2022-02-26 18:20:20 --- final Finish ---"
[1] "2022-02-26 18:20:20 --- analyze_glm.R Finished ---"
[1] "2022-02-26 18:20:20 --- log Finish ---"
