[1] "2022-02-26 17:57:15 --- D1115_analyze_glm_Gen02_IsHitA_Type14 Start ---"
[1] "2022-02-26 17:57:15 --- Log Start ---"
[1] "2022-02-26 17:57:15 --- analyze_glm.R Start ---"
[1] "analyzeVersion=D1115"
[1] "analyzeCategory=analyze"
[1] "analyzeType=Gen02"
[1] "analyzeFamily=IsHitA"
[1] "analyzeFunc=glm"
[1] "analyzeTrackTypeCd=1"
[1] "analyzeJyokenCd=4"
[1] "2022-02-26 17:57:16 --- source_function.R Start ---"
[1] "2022-02-26 17:57:16 --- source_function.R Finished ---"

> print(paste0(Sys.time(), " --- source_library.R Start ---"))
[1] "2022-02-26 17:57:16 --- source_library.R Start ---"

> require("RevoScaleR")

> print(paste0(Sys.time(), " --- source_library.R Finished ---"))
[1] "2022-02-26 17:57:17 --- source_library.R Finished ---"
[1] "2022-02-26 17:57:18 --- RxSqlServerData Start ---"
[1] "2022-02-26 17:57:18 --- RxInSqlServer Start ---"
[1] "2022-02-26 17:57:18 --- RxInSqlServer Finish ---"
[1] "2022-02-26 17:57:19 --- rxSetComputeContext Start ---"
[1] "2022-02-26 17:57:19 --- rxSetComputeContext Finish ---"
[1] "2022-02-26 17:57:19 --- RxSqlServerData Start ---"
[1] "sqlQuery=SELECT * FROM ViewAnalyzeD1115analyze01Gen02Type14"
[1] "2022-02-26 17:57:19 --- RxSqlServerData Finish ---"
[1] "2022-02-26 17:57:20 --- rxGetVarInfo Start ---"
[1] "2022-02-26 17:57:22 --- rxGetVarInfo Finish---"
[1] "2022-02-26 17:57:22 --- rxImport Start ---"
Rows Read: 22770, Total Rows Processed: 22770, Total Chunk Time: 401.734 seconds 
[1] "2022-02-26 18:28:57 --- rxImport Finish ---"
[1] "object.size(data) auto=7.1 Mb"
[1] "--------------------------------------------------------------------------------"
[1] "nrow(data) RxSqlServerData=22770"
[1] "--------------------------------------------------------------------------------"
[1] "str(data)="
'data.frame':	22770 obs. of  44 variables:
 $ Race.RaceId                      : Factor w/ 2241 levels "20160116-06-01-05-12",..: 10 1 2 2 3 4 5 8 9 11 ...
 $ Race.IsAnalyzeNormalPastAndFuture: logi  TRUE TRUE TRUE TRUE TRUE TRUE ...
 $ Race.IsAnalyzeNormalPast         : logi  TRUE TRUE TRUE TRUE TRUE TRUE ...
 $ Race.IsAnalyzeNormalFuture       : logi  FALSE FALSE FALSE FALSE FALSE FALSE ...
 $ Race.IsAnalyzeFullPastAndFuture  : logi  TRUE TRUE TRUE TRUE TRUE TRUE ...
 $ Race.IsAnalyzeFullPast           : logi  TRUE TRUE TRUE TRUE TRUE TRUE ...
 $ Race.IsAnalyzeFullFuture         : logi  FALSE FALSE FALSE FALSE FALSE FALSE ...
 $ Race.JyokenCd                    : Factor w/ 1 level "4": 1 1 1 1 1 1 1 1 1 1 ...
 $ Race.JyoType1Cd                  : Factor w/ 177 levels "1-06-2000-4-1",..: 10 1 2 2 3 4 5 8 9 11 ...
 $ Race.RaceType1Cd                 : Factor w/ 6 levels "1-4-X-2","1-4-X-1",..: 2 1 1 1 1 2 3 4 4 2 ...
 $ RaceHorse.RaceId                 : Factor w/ 2241 levels "20160116-06-01-05-12",..: 10 1 2 2 3 4 5 8 9 11 ...
 $ RaceHorse.KettoNum               : Factor w/ 5131 levels "2011105155","2010104412",..: 11 1 2 3 4 5 6 9 10 12 ...
 $ RaceHorse.IsHit1                 : num  0 0 0 0 0 0 0 0 0 0 ...
 $ RaceHorse.IsHit2                 : num  0 1 0 0 0 0 1 0 0 0 ...
 $ RaceHorse.IsHit3                 : num  0 0 0 0 0 0 0 0 0 0 ...
 $ RaceHorse.IsHit4                 : num  0 0 0 0 0 0 0 0 0 0 ...
 $ RaceHorse.IsHit5                 : num  0 0 1 0 0 0 0 0 0 0 ...
 $ RaceHorse.IsHit6                 : num  1 0 0 1 1 1 0 1 1 1 ...
 $ RaceHorse.IsValidRaceHorse       : logi  TRUE TRUE TRUE TRUE TRUE TRUE ...
 $ RaceHorse.TimeSdvByRace          : num  -0.8327 1.5333 0.7232 -0.1075 0.0392 ...
 $ RaceHorse.TimeSdv                : num  -0.711 0.374 1.377 1.064 0.264 ...
 $ RaceHorse.IsHitA                 : num  0 0 0 0 0 0 0 0 0 0 ...
 $ RaceHorse.IsHitB                 : num  0 1 0 0 0 0 1 0 0 0 ...
 $ RaceHorse.IsHitC                 : num  0 1 0 0 0 0 1 0 0 0 ...
 $ Gen02.HansyokuNum                : Factor w/ 360 levels "11201929","11201964",..: 2 1 2 2 3 2 4 2 2 5 ...
 $ Gen02.TimeSdvByRaceAvg           : num  -1.116 0.765 0.421 0.602 0.281 ...
 $ Gen02.TimeSdvByRaceMin           : num  -1.116 -1.161 -0.286 0.482 -1.426 ...
 $ Gen02.TimeSdvByRaceMax           : num  -1.116 1.787 0.992 0.722 1.219 ...
 $ Gen02.TimeSdvAvg                 : num  -1.291 0.293 0.249 0.194 0.193 ...
 $ Gen02.TimeSdvMin                 : num  -1.291 -0.411 -0.478 -0.236 -0.925 ...
 $ Gen02.TimeSdvMax                 : num  -1.291 0.809 1.436 0.623 1.849 ...
 $ Gen02.OrderOfFinishSdvAvg        : num  -1.586 0.603 0.546 0.376 0.149 ...
 $ Gen02.RunCount                   : num  1 6 8 2 6 3 2 2 3 1 ...
 $ Gen02.HitCount1                  : num  0 1 1 0 0 0 0 0 0 0 ...
 $ Gen02.HitCount2                  : num  0 2 0 0 2 0 0 0 0 0 ...
 $ Gen02.HitCount3                  : num  0 0 2 0 1 0 1 0 0 0 ...
 $ Gen02.HitCount4                  : num  0 1 1 1 0 0 0 1 0 0 ...
 $ Gen02.HitCount5                  : num  0 0 1 0 0 0 0 0 0 0 ...
 $ Gen02.HitRate1                   : num  0 0.167 0.125 0 0 ...
 $ Gen02.HitRate2                   : num  0 0.333 0 0 0.333 ...
 $ Gen02.HitRate3                   : num  0 0 0.25 0 0.167 ...
 $ Gen02.HitRate4                   : num  0 0.167 0.125 0.5 0 ...
 $ Gen02.HitRate5                   : num  0 0 0.125 0 0 0 0 0 0 0 ...
 $ EOF                              : int  1 1 1 1 1 1 1 1 1 1 ...
[1] "2022-02-26 18:28:57 --- RxSqlServerData Finish ---"
[1] "2022-02-26 18:28:57 --- subset Start ---"
[1] "--------------------------------------------------------------------------------"
[1] "nrow(data) subset before=22770"
[1] "nrow(data) subset after =22770"
[1] "nrow(data) subset diff =0"
[1] "--------------------------------------------------------------------------------"
[1] "2022-02-26 18:28:57 --- subset Finish---"
[1] "2022-02-26 18:28:57 --- transform Start ---"
[1] "--------------------------------------------------------------------------------"
[1] "nrow(data) transform before=22770"
[1] "nrow(data) transform after=22770"
[1] "nrow(data) transform diff=0"
[1] "--------------------------------------------------------------------------------"
[1] "str(data)="
'data.frame':	22770 obs. of  44 variables:
 $ Race.RaceId                      : Factor w/ 2241 levels "20160116-06-01-05-12",..: 10 1 2 2 3 4 5 8 9 11 ...
 $ Race.IsAnalyzeNormalPastAndFuture: logi  TRUE TRUE TRUE TRUE TRUE TRUE ...
 $ Race.IsAnalyzeNormalPast         : logi  TRUE TRUE TRUE TRUE TRUE TRUE ...
 $ Race.IsAnalyzeNormalFuture       : logi  FALSE FALSE FALSE FALSE FALSE FALSE ...
 $ Race.IsAnalyzeFullPastAndFuture  : logi  TRUE TRUE TRUE TRUE TRUE TRUE ...
 $ Race.IsAnalyzeFullPast           : logi  TRUE TRUE TRUE TRUE TRUE TRUE ...
 $ Race.IsAnalyzeFullFuture         : logi  FALSE FALSE FALSE FALSE FALSE FALSE ...
 $ Race.JyokenCd                    : Factor w/ 1 level "4": 1 1 1 1 1 1 1 1 1 1 ...
 $ Race.JyoType1Cd                  : Factor w/ 177 levels "1-06-2000-4-1",..: 10 1 2 2 3 4 5 8 9 11 ...
 $ Race.RaceType1Cd                 : Factor w/ 6 levels "1-4-X-2","1-4-X-1",..: 2 1 1 1 1 2 3 4 4 2 ...
 $ RaceHorse.RaceId                 : Factor w/ 2241 levels "20160116-06-01-05-12",..: 10 1 2 2 3 4 5 8 9 11 ...
 $ RaceHorse.KettoNum               : Factor w/ 5131 levels "2011105155","2010104412",..: 11 1 2 3 4 5 6 9 10 12 ...
 $ RaceHorse.IsHit1                 : num  0 0 0 0 0 0 0 0 0 0 ...
 $ RaceHorse.IsHit2                 : num  0 1 0 0 0 0 1 0 0 0 ...
 $ RaceHorse.IsHit3                 : num  0 0 0 0 0 0 0 0 0 0 ...
 $ RaceHorse.IsHit4                 : num  0 0 0 0 0 0 0 0 0 0 ...
 $ RaceHorse.IsHit5                 : num  0 0 1 0 0 0 0 0 0 0 ...
 $ RaceHorse.IsHit6                 : num  1 0 0 1 1 1 0 1 1 1 ...
 $ RaceHorse.IsValidRaceHorse       : logi  TRUE TRUE TRUE TRUE TRUE TRUE ...
 $ RaceHorse.TimeSdvByRace          : num  -0.8327 1.5333 0.7232 -0.1075 0.0392 ...
 $ RaceHorse.TimeSdv                : num  -0.711 0.374 1.377 1.064 0.264 ...
 $ RaceHorse.IsHitA                 : num  0 0 0 0 0 0 0 0 0 0 ...
 $ RaceHorse.IsHitB                 : num  0 1 0 0 0 0 1 0 0 0 ...
 $ RaceHorse.IsHitC                 : num  0 1 0 0 0 0 1 0 0 0 ...
 $ Gen02.HansyokuNum                : Factor w/ 360 levels "11201929","11201964",..: 2 1 2 2 3 2 4 2 2 5 ...
 $ Gen02.TimeSdvByRaceAvg           : num  -1.116 0.765 0.421 0.602 0.281 ...
 $ Gen02.TimeSdvByRaceMin           : num  -1.116 -1.161 -0.286 0.482 -1.426 ...
 $ Gen02.TimeSdvByRaceMax           : num  -1.116 1.787 0.992 0.722 1.219 ...
 $ Gen02.TimeSdvAvg                 : num  -1.291 0.293 0.249 0.194 0.193 ...
 $ Gen02.TimeSdvMin                 : num  -1.291 -0.411 -0.478 -0.236 -0.925 ...
 $ Gen02.TimeSdvMax                 : num  -1.291 0.809 1.436 0.623 1.849 ...
 $ Gen02.OrderOfFinishSdvAvg        : num  -1.586 0.603 0.546 0.376 0.149 ...
 $ Gen02.RunCount                   : num  1 6 8 2 6 3 2 2 3 1 ...
 $ Gen02.HitCount1                  : num  0 1 1 0 0 0 0 0 0 0 ...
 $ Gen02.HitCount2                  : num  0 2 0 0 2 0 0 0 0 0 ...
 $ Gen02.HitCount3                  : num  0 0 2 0 1 0 1 0 0 0 ...
 $ Gen02.HitCount4                  : num  0 1 1 1 0 0 0 1 0 0 ...
 $ Gen02.HitCount5                  : num  0 0 1 0 0 0 0 0 0 0 ...
 $ Gen02.HitRate1                   : num  0 0.167 0.125 0 0 ...
 $ Gen02.HitRate2                   : num  0 0.333 0 0 0.333 ...
 $ Gen02.HitRate3                   : num  0 0 0.25 0 0.167 ...
 $ Gen02.HitRate4                   : num  0 0.167 0.125 0.5 0 ...
 $ Gen02.HitRate5                   : num  0 0 0.125 0 0 0 0 0 0 0 ...
 $ EOF                              : int  1 1 1 1 1 1 1 1 1 1 ...
NULL
[1] "2022-02-26 18:28:58 --- transform Finish ---"
[1] "2022-02-26 18:28:58 --- na.omit Start ---"
[1] "--------------------------------------------------------------------------------"
[1] "nrow(data) na.omit before=22770"
[1] "nrow(data) na.omit after =22651"
[1] "nrow(data) na.omit diff =119"
[1] "--------------------------------------------------------------------------------"
'data.frame':	22651 obs. of  44 variables:
 $ Race.RaceId                      : Factor w/ 2241 levels "20160116-06-01-05-12",..: 10 1 2 2 3 4 5 8 9 11 ...
 $ Race.IsAnalyzeNormalPastAndFuture: logi  TRUE TRUE TRUE TRUE TRUE TRUE ...
 $ Race.IsAnalyzeNormalPast         : logi  TRUE TRUE TRUE TRUE TRUE TRUE ...
 $ Race.IsAnalyzeNormalFuture       : logi  FALSE FALSE FALSE FALSE FALSE FALSE ...
 $ Race.IsAnalyzeFullPastAndFuture  : logi  TRUE TRUE TRUE TRUE TRUE TRUE ...
 $ Race.IsAnalyzeFullPast           : logi  TRUE TRUE TRUE TRUE TRUE TRUE ...
 $ Race.IsAnalyzeFullFuture         : logi  FALSE FALSE FALSE FALSE FALSE FALSE ...
 $ Race.JyokenCd                    : Factor w/ 1 level "4": 1 1 1 1 1 1 1 1 1 1 ...
 $ Race.JyoType1Cd                  : Factor w/ 177 levels "1-06-2000-4-1",..: 10 1 2 2 3 4 5 8 9 11 ...
 $ Race.RaceType1Cd                 : Factor w/ 6 levels "1-4-X-2","1-4-X-1",..: 2 1 1 1 1 2 3 4 4 2 ...
 $ RaceHorse.RaceId                 : Factor w/ 2241 levels "20160116-06-01-05-12",..: 10 1 2 2 3 4 5 8 9 11 ...
 $ RaceHorse.KettoNum               : Factor w/ 5131 levels "2011105155","2010104412",..: 11 1 2 3 4 5 6 9 10 12 ...
 $ RaceHorse.IsHit1                 : num  0 0 0 0 0 0 0 0 0 0 ...
 $ RaceHorse.IsHit2                 : num  0 1 0 0 0 0 1 0 0 0 ...
 $ RaceHorse.IsHit3                 : num  0 0 0 0 0 0 0 0 0 0 ...
 $ RaceHorse.IsHit4                 : num  0 0 0 0 0 0 0 0 0 0 ...
 $ RaceHorse.IsHit5                 : num  0 0 1 0 0 0 0 0 0 0 ...
 $ RaceHorse.IsHit6                 : num  1 0 0 1 1 1 0 1 1 1 ...
 $ RaceHorse.IsValidRaceHorse       : logi  TRUE TRUE TRUE TRUE TRUE TRUE ...
 $ RaceHorse.TimeSdvByRace          : num  -0.8327 1.5333 0.7232 -0.1075 0.0392 ...
 $ RaceHorse.TimeSdv                : num  -0.711 0.374 1.377 1.064 0.264 ...
 $ RaceHorse.IsHitA                 : num  0 0 0 0 0 0 0 0 0 0 ...
 $ RaceHorse.IsHitB                 : num  0 1 0 0 0 0 1 0 0 0 ...
 $ RaceHorse.IsHitC                 : num  0 1 0 0 0 0 1 0 0 0 ...
 $ Gen02.HansyokuNum                : Factor w/ 360 levels "11201929","11201964",..: 2 1 2 2 3 2 4 2 2 5 ...
 $ Gen02.TimeSdvByRaceAvg           : num  -1.116 0.765 0.421 0.602 0.281 ...
 $ Gen02.TimeSdvByRaceMin           : num  -1.116 -1.161 -0.286 0.482 -1.426 ...
 $ Gen02.TimeSdvByRaceMax           : num  -1.116 1.787 0.992 0.722 1.219 ...
 $ Gen02.TimeSdvAvg                 : num  -1.291 0.293 0.249 0.194 0.193 ...
 $ Gen02.TimeSdvMin                 : num  -1.291 -0.411 -0.478 -0.236 -0.925 ...
 $ Gen02.TimeSdvMax                 : num  -1.291 0.809 1.436 0.623 1.849 ...
 $ Gen02.OrderOfFinishSdvAvg        : num  -1.586 0.603 0.546 0.376 0.149 ...
 $ Gen02.RunCount                   : num  1 6 8 2 6 3 2 2 3 1 ...
 $ Gen02.HitCount1                  : num  0 1 1 0 0 0 0 0 0 0 ...
 $ Gen02.HitCount2                  : num  0 2 0 0 2 0 0 0 0 0 ...
 $ Gen02.HitCount3                  : num  0 0 2 0 1 0 1 0 0 0 ...
 $ Gen02.HitCount4                  : num  0 1 1 1 0 0 0 1 0 0 ...
 $ Gen02.HitCount5                  : num  0 0 1 0 0 0 0 0 0 0 ...
 $ Gen02.HitRate1                   : num  0 0.167 0.125 0 0 ...
 $ Gen02.HitRate2                   : num  0 0.333 0 0 0.333 ...
 $ Gen02.HitRate3                   : num  0 0 0.25 0 0.167 ...
 $ Gen02.HitRate4                   : num  0 0.167 0.125 0.5 0 ...
 $ Gen02.HitRate5                   : num  0 0 0.125 0 0 0 0 0 0 0 ...
 $ EOF                              : int  1 1 1 1 1 1 1 1 1 1 ...
 - attr(*, "na.action")= 'omit' Named int  174 253 387 484 684 773 1133 1495 1849 1895 ...
  ..- attr(*, "names")= chr  "174" "253" "387" "484" ...
[1] "2022-02-26 18:28:58 --- na.omit Finish ---"
[1] "2022-02-26 18:28:58 --- rxGlm with rxStepControl Start ---"

> print(paste0(Sys.time(), " --- source_logic_glm.R Start ---"))
[1] "2022-02-26 18:28:58 --- source_logic_glm.R Start ---"

> formula <- formula(RaceHorse.IsHitA ~ +1 + Gen02.TimeSdvByRaceAvg)

> print(paste0(Sys.time(), " --- source_logic_glm.R Finished ---"))
[1] "2022-02-26 18:28:58 --- source_logic_glm.R Finished ---"
Rows Read: 22651, Total Rows Processed: 22651, Total Chunk Time: Less than .001 seconds 

Starting values (iteration 1) time: 0.007 secs.
Rows Read: 22651, Total Rows Processed: 22651, Total Chunk Time: 0.003 seconds 

Iteration 2 time: 0.006 secs.
Rows Read: 22651, Total Rows Processed: 22651, Total Chunk Time: 0.003 seconds 

Iteration 3 time: 0.005 secs.
Rows Read: 22651, Total Rows Processed: 22651, Total Chunk Time: 0.002 seconds 

Iteration 4 time: 0.004 secs.
Rows Read: 22651, Total Rows Processed: 22651, Total Chunk Time: 0.002 seconds 

Iteration 5 time: 0.004 secs.

Elapsed computation time: 0.038 secs.
Rows Read: 22651, Total Rows Processed: 22651, Total Chunk Time: Less than .001 seconds 

Starting values (iteration 1) time: 0.006 secs.
Rows Read: 22651, Total Rows Processed: 22651, Total Chunk Time: 0.002 seconds 

Iteration 2 time: 0.005 secs.

Elapsed computation time: 0.017 secs.
Rows Read: 22651, Total Rows Processed: 22651, Total Chunk Time: Less than .001 seconds 

Starting values (iteration 1) time: 0.005 secs.
Rows Read: 22651, Total Rows Processed: 22651, Total Chunk Time: 0.002 seconds 

Iteration 2 time: 0.005 secs.
Rows Read: 22651, Total Rows Processed: 22651, Total Chunk Time: 0.002 seconds 

Iteration 3 time: 0.004 secs.
Rows Read: 22651, Total Rows Processed: 22651, Total Chunk Time: 0.003 seconds 

Iteration 4 time: 0.004 secs.
Rows Read: 22651, Total Rows Processed: 22651, Total Chunk Time: 0.002 seconds 

Iteration 5 time: 0.005 secs.

Elapsed computation time: 0.038 secs.

Elapsed computation time: 0.106 secs.
[1] "--------------------------------------------------------------------------------"
[1] "analyze.results.glm.step="
Logistic Regression Results for: RaceHorse.IsHitA ~
    Gen02.TimeSdvByRaceAvg
Data: data
Dependent variable(s): RaceHorse.IsHitA
Total independent variables: 2 
Number of valid observations: 22651
Number of missing observations: 0 
 
Coefficients:
                       RaceHorse.IsHitA
(Intercept)                        -2.8
Gen02.TimeSdvByRaceAvg              0.9
[1] "analyze.results.glm.step.summary"
Call:
rxLogit(formula = formula, data = data, variableSelection = analyze.results.glm.step.varsel)

Logistic Regression Results for: RaceHorse.IsHitA ~
    Gen02.TimeSdvByRaceAvg
Data: data
Dependent variable(s): RaceHorse.IsHitA
Total independent variables: 2 
Number of valid observations: 22651
Number of missing observations: 0 
-2*LogLikelihood: 11709.146 (Residual deviance on 22649 degrees of freedom)
 
Coefficients:
                       Estimate Std. Error z value Pr(>|z|)    
(Intercept)             -2.7630     0.0319   -86.7  2.2e-16 ***
Gen02.TimeSdvByRaceAvg   0.9140     0.0473    19.3  2.2e-16 ***
---
Signif. codes:  0 '***' 0.001 '**' 0.01 '*' 0.05 '.' 0.1 ' ' 1

Condition number of final variance-covariance matrix: 1 
Number of iterations: 5
[1] "--------------------------------------------------------------------------------"
[1] "2022-02-26 18:28:58 --- rxGlm with rxStepControl Finish ---"
[1] "2022-02-26 18:28:58 --- rxStepPlot Start ---"
[1] "pdfFilename=pdf_analyze_glm_Gen02_Type14_rxStepPlot.pdf"
[1] "rxStepPlot="
[1] "2022-02-26 18:28:58 --- rxStepPlot Finish ---"
[1] "2022-02-26 18:28:58 --- save.image Start ---"
[1] "save.image"
[1] "rdataFilename=RData_analyze_glm_Gen02_Type14.RData"
[1] "2022-02-26 18:28:58 --- save.image Finish ---"
[1] "2022-02-26 18:28:58 --- final Start ---"
[1] "--------------------------------------------------------------------------------"
[1] "nrow(data) final=22651"
[1] "--------------------------------------------------------------------------------"
[1] "2022-02-26 18:28:58 --- final Finish ---"
[1] "2022-02-26 18:28:58 --- analyze_glm.R Finished ---"
[1] "2022-02-26 18:28:58 --- log Finish ---"
