[1] "2022-02-26 17:57:15 --- D1115_analyze_glm_Gen02_IsHitA_Type16 Start ---"
[1] "2022-02-26 17:57:15 --- Log Start ---"
[1] "2022-02-26 17:57:15 --- analyze_glm.R Start ---"
[1] "analyzeVersion=D1115"
[1] "analyzeCategory=analyze"
[1] "analyzeType=Gen02"
[1] "analyzeFamily=IsHitA"
[1] "analyzeFunc=glm"
[1] "analyzeTrackTypeCd=1"
[1] "analyzeJyokenCd=6"
[1] "2022-02-26 17:57:15 --- source_function.R Start ---"
[1] "2022-02-26 17:57:15 --- source_function.R Finished ---"

> print(paste0(Sys.time(), " --- source_library.R Start ---"))
[1] "2022-02-26 17:57:17 --- source_library.R Start ---"

> require("RevoScaleR")

> print(paste0(Sys.time(), " --- source_library.R Finished ---"))
[1] "2022-02-26 17:57:18 --- source_library.R Finished ---"
[1] "2022-02-26 17:57:19 --- RxSqlServerData Start ---"
[1] "2022-02-26 17:57:19 --- RxInSqlServer Start ---"
[1] "2022-02-26 17:57:19 --- RxInSqlServer Finish ---"
[1] "2022-02-26 17:57:20 --- rxSetComputeContext Start ---"
[1] "2022-02-26 17:57:21 --- rxSetComputeContext Finish ---"
[1] "2022-02-26 17:57:21 --- RxSqlServerData Start ---"
[1] "sqlQuery=SELECT * FROM ViewAnalyzeD1115analyze01Gen02Type16"
[1] "2022-02-26 17:57:21 --- RxSqlServerData Finish ---"
[1] "2022-02-26 17:57:21 --- rxGetVarInfo Start ---"
[1] "2022-02-26 17:57:24 --- rxGetVarInfo Finish---"
[1] "2022-02-26 17:57:24 --- rxImport Start ---"
Rows Read: 6879, Total Rows Processed: 6879, Total Chunk Time: 294.998 seconds 
[1] "2022-02-26 18:11:35 --- rxImport Finish ---"
[1] "object.size(data) auto=2.6 Mb"
[1] "--------------------------------------------------------------------------------"
[1] "nrow(data) RxSqlServerData=6879"
[1] "--------------------------------------------------------------------------------"
[1] "str(data)="
'data.frame':	6879 obs. of  44 variables:
 $ Race.RaceId                      : Factor w/ 991 levels "20160105-06-01-01-06",..: 1 2 2 3 3 4 10 5 6 7 ...
 $ Race.IsAnalyzeNormalPastAndFuture: logi  TRUE TRUE TRUE TRUE TRUE TRUE ...
 $ Race.IsAnalyzeNormalPast         : logi  TRUE TRUE TRUE TRUE TRUE TRUE ...
 $ Race.IsAnalyzeNormalFuture       : logi  FALSE FALSE FALSE FALSE FALSE FALSE ...
 $ Race.IsAnalyzeFullPastAndFuture  : logi  TRUE TRUE TRUE TRUE TRUE TRUE ...
 $ Race.IsAnalyzeFullPast           : logi  TRUE TRUE TRUE TRUE TRUE TRUE ...
 $ Race.IsAnalyzeFullFuture         : logi  FALSE FALSE FALSE FALSE FALSE FALSE ...
 $ Race.JyokenCd                    : Factor w/ 1 level "6": 1 1 1 1 1 1 1 1 1 1 ...
 $ Race.JyoType1Cd                  : Factor w/ 119 levels "1-06-2000-6-1",..: 1 2 2 3 3 3 9 4 5 6 ...
 $ Race.RaceType1Cd                 : Factor w/ 2 levels "1-6-X-2","1-6-X-1": 1 1 1 2 2 2 2 1 2 2 ...
 $ RaceHorse.RaceId                 : Factor w/ 991 levels "20160105-06-01-01-06",..: 1 2 2 3 3 4 10 5 6 7 ...
 $ RaceHorse.KettoNum               : Factor w/ 6873 levels "2013105581","2013105737",..: 1 2 3 11 4 5 12 6 7 8 ...
 $ RaceHorse.IsHit1                 : num  0 0 0 0 0 0 0 0 0 0 ...
 $ RaceHorse.IsHit2                 : num  0 0 0 0 0 0 0 0 0 0 ...
 $ RaceHorse.IsHit3                 : num  0 1 0 0 0 0 0 0 0 0 ...
 $ RaceHorse.IsHit4                 : num  0 0 0 0 0 0 0 0 0 0 ...
 $ RaceHorse.IsHit5                 : num  0 0 0 0 0 0 0 1 0 0 ...
 $ RaceHorse.IsHit6                 : num  1 0 1 1 1 1 1 0 1 1 ...
 $ RaceHorse.IsValidRaceHorse       : logi  TRUE TRUE TRUE TRUE TRUE TRUE ...
 $ RaceHorse.TimeSdvByRace          : num  0.299 0.801 -0.165 -0.606 -0.606 ...
 $ RaceHorse.TimeSdv                : num  0.0195 -0.1372 -0.593 0.1047 0.1047 ...
 $ RaceHorse.IsHitA                 : num  0 0 0 0 0 0 0 0 0 0 ...
 $ RaceHorse.IsHitB                 : num  0 0 0 0 0 0 0 0 0 0 ...
 $ RaceHorse.IsHitC                 : num  0 1 0 0 0 0 0 0 0 0 ...
 $ Gen02.HansyokuNum                : Factor w/ 252 levels "11201964","11201966",..: 1 1 1 1 2 1 6 1 3 4 ...
 $ Gen02.TimeSdvByRaceAvg           : num  0.795 1.251 -0.127 -0.849 -0.934 ...
 $ Gen02.TimeSdvByRaceMin           : num  0.795 1.251 -0.127 -0.849 -0.934 ...
 $ Gen02.TimeSdvByRaceMax           : num  0.795 1.251 -0.127 -0.849 -0.934 ...
 $ Gen02.TimeSdvAvg                 : num  0.2566 -0.0296 -0.5119 -1.6848 -0.6218 ...
 $ Gen02.TimeSdvMin                 : num  0.2566 -0.0296 -0.5119 -1.6848 -0.6218 ...
 $ Gen02.TimeSdvMax                 : num  0.2566 -0.0296 -0.5119 -1.6848 -0.6218 ...
 $ Gen02.OrderOfFinishSdvAvg        : num  0.9999 0.9999 0.0481 0.1721 -0.9351 ...
 $ Gen02.RunCount                   : num  1 1 1 1 1 1 1 3 2 2 ...
 $ Gen02.HitCount1                  : num  0 0 0 0 0 0 0 0 0 0 ...
 $ Gen02.HitCount2                  : num  0 0 0 0 0 0 0 0 0 0 ...
 $ Gen02.HitCount3                  : num  1 1 0 0 0 0 0 0 1 0 ...
 $ Gen02.HitCount4                  : num  0 0 0 0 0 0 0 0 0 0 ...
 $ Gen02.HitCount5                  : num  0 0 0 0 0 0 0 1 0 0 ...
 $ Gen02.HitRate1                   : num  0 0 0 0 0 0 0 0 0 0 ...
 $ Gen02.HitRate2                   : num  0 0 0 0 0 0 0 0 0 0 ...
 $ Gen02.HitRate3                   : num  1 1 0 0 0 0 0 0 0.5 0 ...
 $ Gen02.HitRate4                   : num  0 0 0 0 0 0 0 0 0 0 ...
 $ Gen02.HitRate5                   : num  0 0 0 0 0 ...
 $ EOF                              : int  1 1 1 1 1 1 1 1 1 1 ...
[1] "2022-02-26 18:11:36 --- RxSqlServerData Finish ---"
[1] "2022-02-26 18:11:36 --- subset Start ---"
[1] "--------------------------------------------------------------------------------"
[1] "nrow(data) subset before=6879"
[1] "nrow(data) subset after =6879"
[1] "nrow(data) subset diff =0"
[1] "--------------------------------------------------------------------------------"
[1] "2022-02-26 18:11:36 --- subset Finish---"
[1] "2022-02-26 18:11:36 --- transform Start ---"
[1] "--------------------------------------------------------------------------------"
[1] "nrow(data) transform before=6879"
[1] "nrow(data) transform after=6879"
[1] "nrow(data) transform diff=0"
[1] "--------------------------------------------------------------------------------"
[1] "str(data)="
'data.frame':	6879 obs. of  44 variables:
 $ Race.RaceId                      : Factor w/ 991 levels "20160105-06-01-01-06",..: 1 2 2 3 3 4 10 5 6 7 ...
 $ Race.IsAnalyzeNormalPastAndFuture: logi  TRUE TRUE TRUE TRUE TRUE TRUE ...
 $ Race.IsAnalyzeNormalPast         : logi  TRUE TRUE TRUE TRUE TRUE TRUE ...
 $ Race.IsAnalyzeNormalFuture       : logi  FALSE FALSE FALSE FALSE FALSE FALSE ...
 $ Race.IsAnalyzeFullPastAndFuture  : logi  TRUE TRUE TRUE TRUE TRUE TRUE ...
 $ Race.IsAnalyzeFullPast           : logi  TRUE TRUE TRUE TRUE TRUE TRUE ...
 $ Race.IsAnalyzeFullFuture         : logi  FALSE FALSE FALSE FALSE FALSE FALSE ...
 $ Race.JyokenCd                    : Factor w/ 1 level "6": 1 1 1 1 1 1 1 1 1 1 ...
 $ Race.JyoType1Cd                  : Factor w/ 119 levels "1-06-2000-6-1",..: 1 2 2 3 3 3 9 4 5 6 ...
 $ Race.RaceType1Cd                 : Factor w/ 2 levels "1-6-X-2","1-6-X-1": 1 1 1 2 2 2 2 1 2 2 ...
 $ RaceHorse.RaceId                 : Factor w/ 991 levels "20160105-06-01-01-06",..: 1 2 2 3 3 4 10 5 6 7 ...
 $ RaceHorse.KettoNum               : Factor w/ 6873 levels "2013105581","2013105737",..: 1 2 3 11 4 5 12 6 7 8 ...
 $ RaceHorse.IsHit1                 : num  0 0 0 0 0 0 0 0 0 0 ...
 $ RaceHorse.IsHit2                 : num  0 0 0 0 0 0 0 0 0 0 ...
 $ RaceHorse.IsHit3                 : num  0 1 0 0 0 0 0 0 0 0 ...
 $ RaceHorse.IsHit4                 : num  0 0 0 0 0 0 0 0 0 0 ...
 $ RaceHorse.IsHit5                 : num  0 0 0 0 0 0 0 1 0 0 ...
 $ RaceHorse.IsHit6                 : num  1 0 1 1 1 1 1 0 1 1 ...
 $ RaceHorse.IsValidRaceHorse       : logi  TRUE TRUE TRUE TRUE TRUE TRUE ...
 $ RaceHorse.TimeSdvByRace          : num  0.299 0.801 -0.165 -0.606 -0.606 ...
 $ RaceHorse.TimeSdv                : num  0.0195 -0.1372 -0.593 0.1047 0.1047 ...
 $ RaceHorse.IsHitA                 : num  0 0 0 0 0 0 0 0 0 0 ...
 $ RaceHorse.IsHitB                 : num  0 0 0 0 0 0 0 0 0 0 ...
 $ RaceHorse.IsHitC                 : num  0 1 0 0 0 0 0 0 0 0 ...
 $ Gen02.HansyokuNum                : Factor w/ 252 levels "11201964","11201966",..: 1 1 1 1 2 1 6 1 3 4 ...
 $ Gen02.TimeSdvByRaceAvg           : num  0.795 1.251 -0.127 -0.849 -0.934 ...
 $ Gen02.TimeSdvByRaceMin           : num  0.795 1.251 -0.127 -0.849 -0.934 ...
 $ Gen02.TimeSdvByRaceMax           : num  0.795 1.251 -0.127 -0.849 -0.934 ...
 $ Gen02.TimeSdvAvg                 : num  0.2566 -0.0296 -0.5119 -1.6848 -0.6218 ...
 $ Gen02.TimeSdvMin                 : num  0.2566 -0.0296 -0.5119 -1.6848 -0.6218 ...
 $ Gen02.TimeSdvMax                 : num  0.2566 -0.0296 -0.5119 -1.6848 -0.6218 ...
 $ Gen02.OrderOfFinishSdvAvg        : num  0.9999 0.9999 0.0481 0.1721 -0.9351 ...
 $ Gen02.RunCount                   : num  1 1 1 1 1 1 1 3 2 2 ...
 $ Gen02.HitCount1                  : num  0 0 0 0 0 0 0 0 0 0 ...
 $ Gen02.HitCount2                  : num  0 0 0 0 0 0 0 0 0 0 ...
 $ Gen02.HitCount3                  : num  1 1 0 0 0 0 0 0 1 0 ...
 $ Gen02.HitCount4                  : num  0 0 0 0 0 0 0 0 0 0 ...
 $ Gen02.HitCount5                  : num  0 0 0 0 0 0 0 1 0 0 ...
 $ Gen02.HitRate1                   : num  0 0 0 0 0 0 0 0 0 0 ...
 $ Gen02.HitRate2                   : num  0 0 0 0 0 0 0 0 0 0 ...
 $ Gen02.HitRate3                   : num  1 1 0 0 0 0 0 0 0.5 0 ...
 $ Gen02.HitRate4                   : num  0 0 0 0 0 0 0 0 0 0 ...
 $ Gen02.HitRate5                   : num  0 0 0 0 0 ...
 $ EOF                              : int  1 1 1 1 1 1 1 1 1 1 ...
NULL
[1] "2022-02-26 18:11:36 --- transform Finish ---"
[1] "2022-02-26 18:11:36 --- na.omit Start ---"
[1] "--------------------------------------------------------------------------------"
[1] "nrow(data) na.omit before=6879"
[1] "nrow(data) na.omit after =6841"
[1] "nrow(data) na.omit diff =38"
[1] "--------------------------------------------------------------------------------"
'data.frame':	6841 obs. of  44 variables:
 $ Race.RaceId                      : Factor w/ 991 levels "20160105-06-01-01-06",..: 1 2 2 3 3 4 10 5 6 7 ...
 $ Race.IsAnalyzeNormalPastAndFuture: logi  TRUE TRUE TRUE TRUE TRUE TRUE ...
 $ Race.IsAnalyzeNormalPast         : logi  TRUE TRUE TRUE TRUE TRUE TRUE ...
 $ Race.IsAnalyzeNormalFuture       : logi  FALSE FALSE FALSE FALSE FALSE FALSE ...
 $ Race.IsAnalyzeFullPastAndFuture  : logi  TRUE TRUE TRUE TRUE TRUE TRUE ...
 $ Race.IsAnalyzeFullPast           : logi  TRUE TRUE TRUE TRUE TRUE TRUE ...
 $ Race.IsAnalyzeFullFuture         : logi  FALSE FALSE FALSE FALSE FALSE FALSE ...
 $ Race.JyokenCd                    : Factor w/ 1 level "6": 1 1 1 1 1 1 1 1 1 1 ...
 $ Race.JyoType1Cd                  : Factor w/ 119 levels "1-06-2000-6-1",..: 1 2 2 3 3 3 9 4 5 6 ...
 $ Race.RaceType1Cd                 : Factor w/ 2 levels "1-6-X-2","1-6-X-1": 1 1 1 2 2 2 2 1 2 2 ...
 $ RaceHorse.RaceId                 : Factor w/ 991 levels "20160105-06-01-01-06",..: 1 2 2 3 3 4 10 5 6 7 ...
 $ RaceHorse.KettoNum               : Factor w/ 6873 levels "2013105581","2013105737",..: 1 2 3 11 4 5 12 6 7 8 ...
 $ RaceHorse.IsHit1                 : num  0 0 0 0 0 0 0 0 0 0 ...
 $ RaceHorse.IsHit2                 : num  0 0 0 0 0 0 0 0 0 0 ...
 $ RaceHorse.IsHit3                 : num  0 1 0 0 0 0 0 0 0 0 ...
 $ RaceHorse.IsHit4                 : num  0 0 0 0 0 0 0 0 0 0 ...
 $ RaceHorse.IsHit5                 : num  0 0 0 0 0 0 0 1 0 0 ...
 $ RaceHorse.IsHit6                 : num  1 0 1 1 1 1 1 0 1 1 ...
 $ RaceHorse.IsValidRaceHorse       : logi  TRUE TRUE TRUE TRUE TRUE TRUE ...
 $ RaceHorse.TimeSdvByRace          : num  0.299 0.801 -0.165 -0.606 -0.606 ...
 $ RaceHorse.TimeSdv                : num  0.0195 -0.1372 -0.593 0.1047 0.1047 ...
 $ RaceHorse.IsHitA                 : num  0 0 0 0 0 0 0 0 0 0 ...
 $ RaceHorse.IsHitB                 : num  0 0 0 0 0 0 0 0 0 0 ...
 $ RaceHorse.IsHitC                 : num  0 1 0 0 0 0 0 0 0 0 ...
 $ Gen02.HansyokuNum                : Factor w/ 252 levels "11201964","11201966",..: 1 1 1 1 2 1 6 1 3 4 ...
 $ Gen02.TimeSdvByRaceAvg           : num  0.795 1.251 -0.127 -0.849 -0.934 ...
 $ Gen02.TimeSdvByRaceMin           : num  0.795 1.251 -0.127 -0.849 -0.934 ...
 $ Gen02.TimeSdvByRaceMax           : num  0.795 1.251 -0.127 -0.849 -0.934 ...
 $ Gen02.TimeSdvAvg                 : num  0.2566 -0.0296 -0.5119 -1.6848 -0.6218 ...
 $ Gen02.TimeSdvMin                 : num  0.2566 -0.0296 -0.5119 -1.6848 -0.6218 ...
 $ Gen02.TimeSdvMax                 : num  0.2566 -0.0296 -0.5119 -1.6848 -0.6218 ...
 $ Gen02.OrderOfFinishSdvAvg        : num  0.9999 0.9999 0.0481 0.1721 -0.9351 ...
 $ Gen02.RunCount                   : num  1 1 1 1 1 1 1 3 2 2 ...
 $ Gen02.HitCount1                  : num  0 0 0 0 0 0 0 0 0 0 ...
 $ Gen02.HitCount2                  : num  0 0 0 0 0 0 0 0 0 0 ...
 $ Gen02.HitCount3                  : num  1 1 0 0 0 0 0 0 1 0 ...
 $ Gen02.HitCount4                  : num  0 0 0 0 0 0 0 0 0 0 ...
 $ Gen02.HitCount5                  : num  0 0 0 0 0 0 0 1 0 0 ...
 $ Gen02.HitRate1                   : num  0 0 0 0 0 0 0 0 0 0 ...
 $ Gen02.HitRate2                   : num  0 0 0 0 0 0 0 0 0 0 ...
 $ Gen02.HitRate3                   : num  1 1 0 0 0 0 0 0 0.5 0 ...
 $ Gen02.HitRate4                   : num  0 0 0 0 0 0 0 0 0 0 ...
 $ Gen02.HitRate5                   : num  0 0 0 0 0 ...
 $ EOF                              : int  1 1 1 1 1 1 1 1 1 1 ...
 - attr(*, "na.action")= 'omit' Named int  223 356 501 1143 1388 1582 1604 1742 1782 2018 ...
  ..- attr(*, "names")= chr  "223" "356" "501" "1143" ...
[1] "2022-02-26 18:11:36 --- na.omit Finish ---"
[1] "2022-02-26 18:11:36 --- rxGlm with rxStepControl Start ---"

> print(paste0(Sys.time(), " --- source_logic_glm.R Start ---"))
[1] "2022-02-26 18:11:36 --- source_logic_glm.R Start ---"

> formula <- formula(RaceHorse.IsHitA ~ +1 + Gen02.TimeSdvByRaceAvg)

> print(paste0(Sys.time(), " --- source_logic_glm.R Finished ---"))
[1] "2022-02-26 18:11:36 --- source_logic_glm.R Finished ---"
Rows Read: 6841, Total Rows Processed: 6841, Total Chunk Time: 0.001 seconds 

Starting values (iteration 1) time: 0.010 secs.
Rows Read: 6841, Total Rows Processed: 6841, Total Chunk Time: 0.002 seconds 

Iteration 2 time: 0.007 secs.
Rows Read: 6841, Total Rows Processed: 6841, Total Chunk Time: Less than .001 seconds 

Iteration 3 time: 0.004 secs.
Rows Read: 6841, Total Rows Processed: 6841, Total Chunk Time: 0.001 seconds 

Iteration 4 time: 0.004 secs.
Rows Read: 6841, Total Rows Processed: 6841, Total Chunk Time: Less than .001 seconds 

Iteration 5 time: 0.005 secs.

Elapsed computation time: 0.050 secs.
Rows Read: 6841, Total Rows Processed: 6841, Total Chunk Time: Less than .001 seconds 

Starting values (iteration 1) time: 0.007 secs.
Rows Read: 6841, Total Rows Processed: 6841, Total Chunk Time: Less than .001 seconds 

Iteration 2 time: 0.006 secs.

Elapsed computation time: 0.025 secs.
Rows Read: 6841, Total Rows Processed: 6841, Total Chunk Time: Less than .001 seconds 

Starting values (iteration 1) time: 0.008 secs.
Rows Read: 6841, Total Rows Processed: 6841, Total Chunk Time: Less than .001 seconds 

Iteration 2 time: 0.007 secs.
Rows Read: 6841, Total Rows Processed: 6841, Total Chunk Time: 0.002 seconds 

Iteration 3 time: 0.004 secs.
Rows Read: 6841, Total Rows Processed: 6841, Total Chunk Time: 0.001 seconds 

Iteration 4 time: 0.005 secs.
Rows Read: 6841, Total Rows Processed: 6841, Total Chunk Time: Less than .001 seconds 

Iteration 5 time: 0.005 secs.

Elapsed computation time: 0.049 secs.

Elapsed computation time: 0.140 secs.
[1] "--------------------------------------------------------------------------------"
[1] "analyze.results.glm.step="
Logistic Regression Results for: RaceHorse.IsHitA ~
    Gen02.TimeSdvByRaceAvg
Data: data
Dependent variable(s): RaceHorse.IsHitA
Total independent variables: 2 
Number of valid observations: 6841
Number of missing observations: 0 
 
Coefficients:
                       RaceHorse.IsHitA
(Intercept)                        -2.7
Gen02.TimeSdvByRaceAvg              0.6
[1] "analyze.results.glm.step.summary"
Call:
rxLogit(formula = formula, data = data, variableSelection = analyze.results.glm.step.varsel)

Logistic Regression Results for: RaceHorse.IsHitA ~
    Gen02.TimeSdvByRaceAvg
Data: data
Dependent variable(s): RaceHorse.IsHitA
Total independent variables: 2 
Number of valid observations: 6841
Number of missing observations: 0 
-2*LogLikelihood: 3687.168 (Residual deviance on 6839 degrees of freedom)
 
Coefficients:
                       Estimate Std. Error z value Pr(>|z|)    
(Intercept)             -2.6585     0.0547  -48.57  2.2e-16 ***
Gen02.TimeSdvByRaceAvg   0.6128     0.0664    9.23  2.2e-16 ***
---
Signif. codes:  0 '***' 0.001 '**' 0.01 '*' 0.05 '.' 0.1 ' ' 1

Condition number of final variance-covariance matrix: 1 
Number of iterations: 5
[1] "--------------------------------------------------------------------------------"
[1] "2022-02-26 18:11:37 --- rxGlm with rxStepControl Finish ---"
[1] "2022-02-26 18:11:37 --- rxStepPlot Start ---"
[1] "pdfFilename=pdf_analyze_glm_Gen02_Type16_rxStepPlot.pdf"
[1] "rxStepPlot="
[1] "2022-02-26 18:11:37 --- rxStepPlot Finish ---"
[1] "2022-02-26 18:11:37 --- save.image Start ---"
[1] "save.image"
[1] "rdataFilename=RData_analyze_glm_Gen02_Type16.RData"
[1] "2022-02-26 18:11:37 --- save.image Finish ---"
[1] "2022-02-26 18:11:37 --- final Start ---"
[1] "--------------------------------------------------------------------------------"
[1] "nrow(data) final=6841"
[1] "--------------------------------------------------------------------------------"
[1] "2022-02-26 18:11:37 --- final Finish ---"
[1] "2022-02-26 18:11:37 --- analyze_glm.R Finished ---"
[1] "2022-02-26 18:11:37 --- log Finish ---"
