[1] "2022-02-26 17:58:22 --- D1115_analyze_glm_Horse_IsHitA_Type11 Start ---"
[1] "2022-02-26 17:58:23 --- Log Start ---"
[1] "2022-02-26 17:58:24 --- analyze_glm.R Start ---"
[1] "analyzeVersion=D1115"
[1] "analyzeCategory=analyze"
[1] "analyzeType=Horse"
[1] "analyzeFamily=IsHitA"
[1] "analyzeFunc=glm"
[1] "analyzeTrackTypeCd=1"
[1] "analyzeJyokenCd=1"
[1] "2022-02-26 17:58:32 --- source_function.R Start ---"
[1] "2022-02-26 17:58:34 --- source_function.R Finished ---"

> print(paste0(Sys.time(), " --- source_library.R Start ---"))
[1] "2022-02-26 17:58:39 --- source_library.R Start ---"

> require("RevoScaleR")

> print(paste0(Sys.time(), " --- source_library.R Finished ---"))
[1] "2022-02-26 17:58:45 --- source_library.R Finished ---"
[1] "2022-02-26 17:58:46 --- RxSqlServerData Start ---"
[1] "2022-02-26 17:58:48 --- RxInSqlServer Start ---"
[1] "2022-02-26 17:58:49 --- RxInSqlServer Finish ---"
[1] "2022-02-26 17:58:51 --- rxSetComputeContext Start ---"
[1] "2022-02-26 17:58:51 --- rxSetComputeContext Finish ---"
[1] "2022-02-26 17:58:51 --- RxSqlServerData Start ---"
[1] "sqlQuery=SELECT * FROM ViewAnalyzeD1115analyze01HorseType11"
[1] "2022-02-26 17:58:51 --- RxSqlServerData Finish ---"
[1] "2022-02-26 17:58:52 --- rxGetVarInfo Start ---"
[1] "2022-02-26 17:58:56 --- rxGetVarInfo Finish---"
[1] "2022-02-26 17:58:57 --- rxImport Start ---"
Rows Read: 12702, Total Rows Processed: 12702, Total Chunk Time: 7.027 seconds 
[1] "2022-02-26 17:59:14 --- rxImport Finish ---"
[1] "object.size(data) auto=4.1 Mb"
[1] "--------------------------------------------------------------------------------"
[1] "nrow(data) RxSqlServerData=12702"
[1] "--------------------------------------------------------------------------------"
[1] "str(data)="
'data.frame':	12702 obs. of  44 variables:
 $ Race.RaceId                      : Factor w/ 928 levels "20170305-09-01-04-11",..: 2 2 2 2 2 2 3 3 3 3 ...
 $ Race.IsAnalyzeNormalPastAndFuture: logi  TRUE TRUE TRUE TRUE TRUE TRUE ...
 $ Race.IsAnalyzeNormalPast         : logi  TRUE TRUE TRUE TRUE TRUE TRUE ...
 $ Race.IsAnalyzeNormalFuture       : logi  FALSE FALSE FALSE FALSE FALSE FALSE ...
 $ Race.IsAnalyzeFullPastAndFuture  : logi  TRUE TRUE TRUE TRUE TRUE TRUE ...
 $ Race.IsAnalyzeFullPast           : logi  TRUE TRUE TRUE TRUE TRUE TRUE ...
 $ Race.IsAnalyzeFullFuture         : logi  FALSE FALSE FALSE FALSE FALSE FALSE ...
 $ Race.JyokenCd                    : Factor w/ 1 level "1": 1 1 1 1 1 1 1 1 1 1 ...
 $ Race.JyoType1Cd                  : Factor w/ 141 levels "1-09-1800-1-1",..: 2 2 2 2 2 2 3 3 3 3 ...
 $ Race.RaceType1Cd                 : Factor w/ 16 levels "1-1-E-2","1-1-E-3",..: 2 2 2 2 2 2 3 3 3 3 ...
 $ RaceHorse.RaceId                 : Factor w/ 928 levels "20170305-09-01-04-11",..: 2 2 2 2 2 2 3 3 3 3 ...
 $ RaceHorse.KettoNum               : Factor w/ 2993 levels "2008103265","2010102243",..: 11 12 13 14 15 16 17 18 19 20 ...
 $ RaceHorse.IsHit1                 : num  0 0 0 0 0 1 0 0 0 0 ...
 $ RaceHorse.IsHit2                 : num  0 0 0 1 0 0 1 0 0 0 ...
 $ RaceHorse.IsHit3                 : num  1 0 0 0 0 0 0 0 0 1 ...
 $ RaceHorse.IsHit4                 : num  0 0 0 0 1 0 0 0 0 0 ...
 $ RaceHorse.IsHit5                 : num  0 1 0 0 0 0 0 0 0 0 ...
 $ RaceHorse.IsHit6                 : num  0 0 1 0 0 0 0 1 1 0 ...
 $ RaceHorse.IsValidRaceHorse       : logi  TRUE TRUE TRUE TRUE TRUE TRUE ...
 $ RaceHorse.TimeSdvByRace          : num  7.18e-14 -5.05e-01 -1.77 1.01 7.18e-14 ...
 $ RaceHorse.TimeSdv                : num  -0.441 -0.557 -0.846 -0.21 -0.441 ...
 $ RaceHorse.IsHitA                 : num  0 0 0 0 0 1 0 0 0 0 ...
 $ RaceHorse.IsHitB                 : num  0 0 0 1 0 1 1 0 0 0 ...
 $ RaceHorse.IsHitC                 : num  1 0 0 1 0 1 1 0 0 1 ...
 $ Horse.KettoNum                   : Factor w/ 2993 levels "2008103265","2010102243",..: 11 12 13 14 15 16 17 18 19 20 ...
 $ Horse.TimeSdvByRaceAvg           : num  0.331 0.751 0.83 0.525 0.473 ...
 $ Horse.TimeSdvByRaceMin           : num  -1.269 -1.971 -0.527 -0.963 -1.741 ...
 $ Horse.TimeSdvByRaceMax           : num  1.5 1.86 1.95 1.63 1.65 ...
 $ Horse.TimeSdvAvg                 : num  0.0799 0.4117 0.3177 0.3196 0.2648 ...
 $ Horse.TimeSdvMin                 : num  -1.669 -1.151 -2.627 -1.593 -0.545 ...
 $ Horse.TimeSdvMax                 : num  1.77 2.03 1.66 1.91 1.44 ...
 $ Horse.OrderOfFinishSdvAvg        : num  0.24 0.726 0.906 0.536 0.333 ...
 $ Horse.RunCount                   : num  33 31 21 27 39 8 5 6 3 9 ...
 $ Horse.HitCount1                  : num  4 6 4 4 5 4 2 2 1 2 ...
 $ Horse.HitCount2                  : num  4 7 6 3 0 0 1 0 0 0 ...
 $ Horse.HitCount3                  : num  1 4 3 2 8 1 2 0 1 3 ...
 $ Horse.HitCount4                  : num  5 2 2 2 8 2 0 0 1 2 ...
 $ Horse.HitCount5                  : num  5 4 1 3 3 0 0 0 0 0 ...
 $ Horse.HitRate1                   : num  0.121 0.194 0.19 0.148 0.128 ...
 $ Horse.HitRate2                   : num  0.121 0.226 0.286 0.111 0 ...
 $ Horse.HitRate3                   : num  0.0303 0.129 0.1429 0.0741 0.2051 ...
 $ Horse.HitRate4                   : num  0.1515 0.0645 0.0952 0.0741 0.2051 ...
 $ Horse.HitRate5                   : num  0.1515 0.129 0.0476 0.1111 0.0769 ...
 $ EOF                              : int  1 1 1 1 1 1 1 1 1 1 ...
[1] "2022-02-26 18:00:04 --- RxSqlServerData Finish ---"
[1] "2022-02-26 18:00:05 --- subset Start ---"
[1] "--------------------------------------------------------------------------------"
[1] "nrow(data) subset before=12702"
[1] "nrow(data) subset after =12702"
[1] "nrow(data) subset diff =0"
[1] "--------------------------------------------------------------------------------"
[1] "2022-02-26 18:00:16 --- subset Finish---"
[1] "2022-02-26 18:00:17 --- transform Start ---"
[1] "--------------------------------------------------------------------------------"
[1] "nrow(data) transform before=12702"
[1] "nrow(data) transform after=12702"
[1] "nrow(data) transform diff=0"
[1] "--------------------------------------------------------------------------------"
[1] "str(data)="
'data.frame':	12702 obs. of  44 variables:
 $ Race.RaceId                      : Factor w/ 928 levels "20170305-09-01-04-11",..: 2 2 2 2 2 2 3 3 3 3 ...
 $ Race.IsAnalyzeNormalPastAndFuture: logi  TRUE TRUE TRUE TRUE TRUE TRUE ...
 $ Race.IsAnalyzeNormalPast         : logi  TRUE TRUE TRUE TRUE TRUE TRUE ...
 $ Race.IsAnalyzeNormalFuture       : logi  FALSE FALSE FALSE FALSE FALSE FALSE ...
 $ Race.IsAnalyzeFullPastAndFuture  : logi  TRUE TRUE TRUE TRUE TRUE TRUE ...
 $ Race.IsAnalyzeFullPast           : logi  TRUE TRUE TRUE TRUE TRUE TRUE ...
 $ Race.IsAnalyzeFullFuture         : logi  FALSE FALSE FALSE FALSE FALSE FALSE ...
 $ Race.JyokenCd                    : Factor w/ 1 level "1": 1 1 1 1 1 1 1 1 1 1 ...
 $ Race.JyoType1Cd                  : Factor w/ 141 levels "1-09-1800-1-1",..: 2 2 2 2 2 2 3 3 3 3 ...
 $ Race.RaceType1Cd                 : Factor w/ 16 levels "1-1-E-2","1-1-E-3",..: 2 2 2 2 2 2 3 3 3 3 ...
 $ RaceHorse.RaceId                 : Factor w/ 928 levels "20170305-09-01-04-11",..: 2 2 2 2 2 2 3 3 3 3 ...
 $ RaceHorse.KettoNum               : Factor w/ 2993 levels "2008103265","2010102243",..: 11 12 13 14 15 16 17 18 19 20 ...
 $ RaceHorse.IsHit1                 : num  0 0 0 0 0 1 0 0 0 0 ...
 $ RaceHorse.IsHit2                 : num  0 0 0 1 0 0 1 0 0 0 ...
 $ RaceHorse.IsHit3                 : num  1 0 0 0 0 0 0 0 0 1 ...
 $ RaceHorse.IsHit4                 : num  0 0 0 0 1 0 0 0 0 0 ...
 $ RaceHorse.IsHit5                 : num  0 1 0 0 0 0 0 0 0 0 ...
 $ RaceHorse.IsHit6                 : num  0 0 1 0 0 0 0 1 1 0 ...
 $ RaceHorse.IsValidRaceHorse       : logi  TRUE TRUE TRUE TRUE TRUE TRUE ...
 $ RaceHorse.TimeSdvByRace          : num  7.18e-14 -5.05e-01 -1.77 1.01 7.18e-14 ...
 $ RaceHorse.TimeSdv                : num  -0.441 -0.557 -0.846 -0.21 -0.441 ...
 $ RaceHorse.IsHitA                 : num  0 0 0 0 0 1 0 0 0 0 ...
 $ RaceHorse.IsHitB                 : num  0 0 0 1 0 1 1 0 0 0 ...
 $ RaceHorse.IsHitC                 : num  1 0 0 1 0 1 1 0 0 1 ...
 $ Horse.KettoNum                   : Factor w/ 2993 levels "2008103265","2010102243",..: 11 12 13 14 15 16 17 18 19 20 ...
 $ Horse.TimeSdvByRaceAvg           : num  0.331 0.751 0.83 0.525 0.473 ...
 $ Horse.TimeSdvByRaceMin           : num  -1.269 -1.971 -0.527 -0.963 -1.741 ...
 $ Horse.TimeSdvByRaceMax           : num  1.5 1.86 1.95 1.63 1.65 ...
 $ Horse.TimeSdvAvg                 : num  0.0799 0.4117 0.3177 0.3196 0.2648 ...
 $ Horse.TimeSdvMin                 : num  -1.669 -1.151 -2.627 -1.593 -0.545 ...
 $ Horse.TimeSdvMax                 : num  1.77 2.03 1.66 1.91 1.44 ...
 $ Horse.OrderOfFinishSdvAvg        : num  0.24 0.726 0.906 0.536 0.333 ...
 $ Horse.RunCount                   : num  33 31 21 27 39 8 5 6 3 9 ...
 $ Horse.HitCount1                  : num  4 6 4 4 5 4 2 2 1 2 ...
 $ Horse.HitCount2                  : num  4 7 6 3 0 0 1 0 0 0 ...
 $ Horse.HitCount3                  : num  1 4 3 2 8 1 2 0 1 3 ...
 $ Horse.HitCount4                  : num  5 2 2 2 8 2 0 0 1 2 ...
 $ Horse.HitCount5                  : num  5 4 1 3 3 0 0 0 0 0 ...
 $ Horse.HitRate1                   : num  0.121 0.194 0.19 0.148 0.128 ...
 $ Horse.HitRate2                   : num  0.121 0.226 0.286 0.111 0 ...
 $ Horse.HitRate3                   : num  0.0303 0.129 0.1429 0.0741 0.2051 ...
 $ Horse.HitRate4                   : num  0.1515 0.0645 0.0952 0.0741 0.2051 ...
 $ Horse.HitRate5                   : num  0.1515 0.129 0.0476 0.1111 0.0769 ...
 $ EOF                              : int  1 1 1 1 1 1 1 1 1 1 ...
NULL
[1] "2022-02-26 18:01:42 --- transform Finish ---"
[1] "2022-02-26 18:01:43 --- na.omit Start ---"
[1] "--------------------------------------------------------------------------------"
[1] "nrow(data) na.omit before=12702"
[1] "nrow(data) na.omit after =12633"
[1] "nrow(data) na.omit diff =69"
[1] "--------------------------------------------------------------------------------"
'data.frame':	12633 obs. of  44 variables:
 $ Race.RaceId                      : Factor w/ 928 levels "20170305-09-01-04-11",..: 2 2 2 2 2 2 3 3 3 3 ...
 $ Race.IsAnalyzeNormalPastAndFuture: logi  TRUE TRUE TRUE TRUE TRUE TRUE ...
 $ Race.IsAnalyzeNormalPast         : logi  TRUE TRUE TRUE TRUE TRUE TRUE ...
 $ Race.IsAnalyzeNormalFuture       : logi  FALSE FALSE FALSE FALSE FALSE FALSE ...
 $ Race.IsAnalyzeFullPastAndFuture  : logi  TRUE TRUE TRUE TRUE TRUE TRUE ...
 $ Race.IsAnalyzeFullPast           : logi  TRUE TRUE TRUE TRUE TRUE TRUE ...
 $ Race.IsAnalyzeFullFuture         : logi  FALSE FALSE FALSE FALSE FALSE FALSE ...
 $ Race.JyokenCd                    : Factor w/ 1 level "1": 1 1 1 1 1 1 1 1 1 1 ...
 $ Race.JyoType1Cd                  : Factor w/ 141 levels "1-09-1800-1-1",..: 2 2 2 2 2 2 3 3 3 3 ...
 $ Race.RaceType1Cd                 : Factor w/ 16 levels "1-1-E-2","1-1-E-3",..: 2 2 2 2 2 2 3 3 3 3 ...
 $ RaceHorse.RaceId                 : Factor w/ 928 levels "20170305-09-01-04-11",..: 2 2 2 2 2 2 3 3 3 3 ...
 $ RaceHorse.KettoNum               : Factor w/ 2993 levels "2008103265","2010102243",..: 11 12 13 14 15 16 17 18 19 20 ...
 $ RaceHorse.IsHit1                 : num  0 0 0 0 0 1 0 0 0 0 ...
 $ RaceHorse.IsHit2                 : num  0 0 0 1 0 0 1 0 0 0 ...
 $ RaceHorse.IsHit3                 : num  1 0 0 0 0 0 0 0 0 1 ...
 $ RaceHorse.IsHit4                 : num  0 0 0 0 1 0 0 0 0 0 ...
 $ RaceHorse.IsHit5                 : num  0 1 0 0 0 0 0 0 0 0 ...
 $ RaceHorse.IsHit6                 : num  0 0 1 0 0 0 0 1 1 0 ...
 $ RaceHorse.IsValidRaceHorse       : logi  TRUE TRUE TRUE TRUE TRUE TRUE ...
 $ RaceHorse.TimeSdvByRace          : num  7.18e-14 -5.05e-01 -1.77 1.01 7.18e-14 ...
 $ RaceHorse.TimeSdv                : num  -0.441 -0.557 -0.846 -0.21 -0.441 ...
 $ RaceHorse.IsHitA                 : num  0 0 0 0 0 1 0 0 0 0 ...
 $ RaceHorse.IsHitB                 : num  0 0 0 1 0 1 1 0 0 0 ...
 $ RaceHorse.IsHitC                 : num  1 0 0 1 0 1 1 0 0 1 ...
 $ Horse.KettoNum                   : Factor w/ 2993 levels "2008103265","2010102243",..: 11 12 13 14 15 16 17 18 19 20 ...
 $ Horse.TimeSdvByRaceAvg           : num  0.331 0.751 0.83 0.525 0.473 ...
 $ Horse.TimeSdvByRaceMin           : num  -1.269 -1.971 -0.527 -0.963 -1.741 ...
 $ Horse.TimeSdvByRaceMax           : num  1.5 1.86 1.95 1.63 1.65 ...
 $ Horse.TimeSdvAvg                 : num  0.0799 0.4117 0.3177 0.3196 0.2648 ...
 $ Horse.TimeSdvMin                 : num  -1.669 -1.151 -2.627 -1.593 -0.545 ...
 $ Horse.TimeSdvMax                 : num  1.77 2.03 1.66 1.91 1.44 ...
 $ Horse.OrderOfFinishSdvAvg        : num  0.24 0.726 0.906 0.536 0.333 ...
 $ Horse.RunCount                   : num  33 31 21 27 39 8 5 6 3 9 ...
 $ Horse.HitCount1                  : num  4 6 4 4 5 4 2 2 1 2 ...
 $ Horse.HitCount2                  : num  4 7 6 3 0 0 1 0 0 0 ...
 $ Horse.HitCount3                  : num  1 4 3 2 8 1 2 0 1 3 ...
 $ Horse.HitCount4                  : num  5 2 2 2 8 2 0 0 1 2 ...
 $ Horse.HitCount5                  : num  5 4 1 3 3 0 0 0 0 0 ...
 $ Horse.HitRate1                   : num  0.121 0.194 0.19 0.148 0.128 ...
 $ Horse.HitRate2                   : num  0.121 0.226 0.286 0.111 0 ...
 $ Horse.HitRate3                   : num  0.0303 0.129 0.1429 0.0741 0.2051 ...
 $ Horse.HitRate4                   : num  0.1515 0.0645 0.0952 0.0741 0.2051 ...
 $ Horse.HitRate5                   : num  0.1515 0.129 0.0476 0.1111 0.0769 ...
 $ EOF                              : int  1 1 1 1 1 1 1 1 1 1 ...
 - attr(*, "na.action")= 'omit' Named int  266 558 740 785 839 1143 1172 1238 1421 1582 ...
  ..- attr(*, "names")= chr  "266" "558" "740" "785" ...
[1] "2022-02-26 18:01:59 --- na.omit Finish ---"
[1] "2022-02-26 18:02:00 --- rxGlm with rxStepControl Start ---"

> print(paste0(Sys.time(), " --- source_logic_glm.R Start ---"))
[1] "2022-02-26 18:02:00 --- source_logic_glm.R Start ---"

> formula <- formula(RaceHorse.IsHitA ~ +1 + Horse.TimeSdvByRaceAvg)

> print(paste0(Sys.time(), " --- source_logic_glm.R Finished ---"))
[1] "2022-02-26 18:02:02 --- source_logic_glm.R Finished ---"
Rows Read: 12633, Total Rows Processed: 12633, Total Chunk Time: 0.001 seconds 

Starting values (iteration 1) time: 0.031 secs.
Rows Read: 12633, Total Rows Processed: 12633, Total Chunk Time: 0.001 seconds 

Iteration 2 time: 0.008 secs.
Rows Read: 12633, Total Rows Processed: 12633, Total Chunk Time: 0.002 seconds 

Iteration 3 time: 0.005 secs.
Rows Read: 12633, Total Rows Processed: 12633, Total Chunk Time: 0.002 seconds 

Iteration 4 time: 0.007 secs.
Rows Read: 12633, Total Rows Processed: 12633, Total Chunk Time: 0.002 seconds 

Iteration 5 time: 0.006 secs.

Elapsed computation time: 0.418 secs.
Rows Read: 12633, Total Rows Processed: 12633, Total Chunk Time: 0.001 seconds 

Starting values (iteration 1) time: 0.007 secs.
Rows Read: 12633, Total Rows Processed: 12633, Total Chunk Time: 0.001 seconds 

Iteration 2 time: 0.006 secs.

Elapsed computation time: 0.027 secs.
Rows Read: 12633, Total Rows Processed: 12633, Total Chunk Time: 0.002 seconds 

Starting values (iteration 1) time: 0.007 secs.
Rows Read: 12633, Total Rows Processed: 12633, Total Chunk Time: 0.002 seconds 

Iteration 2 time: 0.008 secs.
Rows Read: 12633, Total Rows Processed: 12633, Total Chunk Time: 0.002 seconds 

Iteration 3 time: 0.007 secs.
Rows Read: 12633, Total Rows Processed: 12633, Total Chunk Time: 0.002 seconds 

Iteration 4 time: 0.004 secs.
Rows Read: 12633, Total Rows Processed: 12633, Total Chunk Time: 0.002 seconds 

Iteration 5 time: 0.005 secs.

Elapsed computation time: 0.062 secs.

Elapsed computation time: 0.530 secs.
[1] "--------------------------------------------------------------------------------"
[1] "analyze.results.glm.step="
Logistic Regression Results for: RaceHorse.IsHitA ~
    Horse.TimeSdvByRaceAvg
Data: data
Dependent variable(s): RaceHorse.IsHitA
Total independent variables: 2 
Number of valid observations: 12633
Number of missing observations: 0 
 
Coefficients:
                       RaceHorse.IsHitA
(Intercept)                          -4
Horse.TimeSdvByRaceAvg                2
[1] "analyze.results.glm.step.summary"
Call:
rxLogit(formula = formula, data = data, variableSelection = analyze.results.glm.step.varsel)

Logistic Regression Results for: RaceHorse.IsHitA ~
    Horse.TimeSdvByRaceAvg
Data: data
Dependent variable(s): RaceHorse.IsHitA
Total independent variables: 2 
Number of valid observations: 12633
Number of missing observations: 0 
-2*LogLikelihood: 6242.607 (Residual deviance on 12631 degrees of freedom)
 
Coefficients:
                       Estimate Std. Error z value Pr(>|z|)    
(Intercept)             -3.8957     0.0877   -44.4  2.2e-16 ***
Horse.TimeSdvByRaceAvg   1.6820     0.0882    19.1  2.2e-16 ***
---
Signif. codes:  0 '***' 0.001 '**' 0.01 '*' 0.05 '.' 0.1 ' ' 1

Condition number of final variance-covariance matrix: 1 
Number of iterations: 5
[1] "--------------------------------------------------------------------------------"
[1] "2022-02-26 18:02:03 --- rxGlm with rxStepControl Finish ---"
[1] "2022-02-26 18:02:03 --- rxStepPlot Start ---"
[1] "pdfFilename=pdf_analyze_glm_Horse_Type11_rxStepPlot.pdf"
[1] "rxStepPlot="
[1] "2022-02-26 18:02:04 --- rxStepPlot Finish ---"
[1] "2022-02-26 18:02:04 --- save.image Start ---"
[1] "save.image"
[1] "rdataFilename=RData_analyze_glm_Horse_Type11.RData"
[1] "2022-02-26 18:02:05 --- save.image Finish ---"
[1] "2022-02-26 18:02:06 --- final Start ---"
[1] "--------------------------------------------------------------------------------"
[1] "nrow(data) final=12633"
[1] "--------------------------------------------------------------------------------"
[1] "2022-02-26 18:02:06 --- final Finish ---"
[1] "2022-02-26 18:02:06 --- analyze_glm.R Finished ---"
[1] "2022-02-26 18:02:06 --- log Finish ---"
