[1] "2022-02-26 17:57:19 --- D1115_analyze_glm_Gen02_IsHitA_Type25 Start ---"
[1] "2022-02-26 17:57:19 --- Log Start ---"
[1] "2022-02-26 17:57:20 --- analyze_glm.R Start ---"
[1] "analyzeVersion=D1115"
[1] "analyzeCategory=analyze"
[1] "analyzeType=Gen02"
[1] "analyzeFamily=IsHitA"
[1] "analyzeFunc=glm"
[1] "analyzeTrackTypeCd=2"
[1] "analyzeJyokenCd=5"
[1] "2022-02-26 17:57:21 --- source_function.R Start ---"
[1] "2022-02-26 17:57:21 --- source_function.R Finished ---"

> print(paste0(Sys.time(), " --- source_library.R Start ---"))
[1] "2022-02-26 17:57:21 --- source_library.R Start ---"

> require("RevoScaleR")

> print(paste0(Sys.time(), " --- source_library.R Finished ---"))
[1] "2022-02-26 17:57:22 --- source_library.R Finished ---"
[1] "2022-02-26 17:57:22 --- RxSqlServerData Start ---"
[1] "2022-02-26 17:57:23 --- RxInSqlServer Start ---"
[1] "2022-02-26 17:57:23 --- RxInSqlServer Finish ---"
[1] "2022-02-26 17:57:23 --- rxSetComputeContext Start ---"
[1] "2022-02-26 17:57:24 --- rxSetComputeContext Finish ---"
[1] "2022-02-26 17:57:24 --- RxSqlServerData Start ---"
[1] "sqlQuery=SELECT * FROM ViewAnalyzeD1115analyze01Gen02Type25"
[1] "2022-02-26 17:57:24 --- RxSqlServerData Finish ---"
[1] "2022-02-26 17:57:24 --- rxGetVarInfo Start ---"
[1] "2022-02-26 17:57:28 --- rxGetVarInfo Finish---"
[1] "2022-02-26 17:57:29 --- rxImport Start ---"
Rows Read: 39771, Total Rows Processed: 39771, Total Chunk Time: 498.832 seconds 
[1] "2022-02-26 18:34:13 --- rxImport Finish ---"
[1] "object.size(data) auto=12.6 Mb"
[1] "--------------------------------------------------------------------------------"
[1] "nrow(data) RxSqlServerData=39771"
[1] "--------------------------------------------------------------------------------"
[1] "str(data)="
'data.frame':	39771 obs. of  44 variables:
 $ Race.RaceId                      : Factor w/ 3262 levels "20160109-06-01-02-02",..: 8 9 5 10 11 11 12 12 13 14 ...
 $ Race.IsAnalyzeNormalPastAndFuture: logi  TRUE TRUE TRUE TRUE TRUE TRUE ...
 $ Race.IsAnalyzeNormalPast         : logi  TRUE TRUE TRUE TRUE TRUE TRUE ...
 $ Race.IsAnalyzeNormalFuture       : logi  FALSE FALSE FALSE FALSE FALSE FALSE ...
 $ Race.IsAnalyzeFullPastAndFuture  : logi  TRUE TRUE TRUE TRUE TRUE TRUE ...
 $ Race.IsAnalyzeFullPast           : logi  TRUE TRUE TRUE TRUE TRUE TRUE ...
 $ Race.IsAnalyzeFullFuture         : logi  FALSE FALSE FALSE FALSE FALSE FALSE ...
 $ Race.JyokenCd                    : Factor w/ 1 level "5": 1 1 1 1 1 1 1 1 1 1 ...
 $ Race.JyoType1Cd                  : Factor w/ 115 levels "2-06-1800-5-1",..: 5 3 3 3 5 5 2 2 6 3 ...
 $ Race.RaceType1Cd                 : Factor w/ 3 levels "2-5-X-2","2-5-X-1",..: 2 1 1 1 2 2 2 2 1 1 ...
 $ RaceHorse.RaceId                 : Factor w/ 3262 levels "20160109-06-01-02-02",..: 8 9 5 10 11 11 12 12 13 14 ...
 $ RaceHorse.KettoNum               : Factor w/ 14065 levels "2013101639","2013103094",..: 11 12 13 14 15 16 17 18 19 20 ...
 $ RaceHorse.IsHit1                 : num  0 0 0 0 0 0 0 0 0 0 ...
 $ RaceHorse.IsHit2                 : num  0 0 0 0 0 0 1 0 0 0 ...
 $ RaceHorse.IsHit3                 : num  0 0 0 0 0 0 0 0 0 0 ...
 $ RaceHorse.IsHit4                 : num  0 0 0 0 0 0 0 0 0 0 ...
 $ RaceHorse.IsHit5                 : num  0 1 0 0 0 0 0 0 1 0 ...
 $ RaceHorse.IsHit6                 : num  1 0 1 1 1 1 0 1 0 1 ...
 $ RaceHorse.IsValidRaceHorse       : logi  TRUE TRUE TRUE TRUE TRUE TRUE ...
 $ RaceHorse.TimeSdvByRace          : num  -0.381 0.75 -1.44 0.461 -0.699 ...
 $ RaceHorse.TimeSdv                : num  -0.0514 0.899 -0.4212 0.6451 -0.122 ...
 $ RaceHorse.IsHitA                 : num  0 0 0 0 0 0 0 0 0 0 ...
 $ RaceHorse.IsHitB                 : num  0 0 0 0 0 0 1 0 0 0 ...
 $ RaceHorse.IsHitC                 : num  0 0 0 0 0 0 1 0 0 0 ...
 $ Gen02.HansyokuNum                : Factor w/ 476 levels "11201614","11201700",..: 8 9 9 9 10 10 10 9 10 9 ...
 $ Gen02.TimeSdvByRaceAvg           : num  0.0505 -0.1035 -1.8617 0.4734 -0.1624 ...
 $ Gen02.TimeSdvByRaceMin           : num  -0.669 -0.922 -1.862 -0.515 -1.044 ...
 $ Gen02.TimeSdvByRaceMax           : num  0.844 0.715 -1.862 1.14 0.682 ...
 $ Gen02.TimeSdvAvg                 : num  0.0599 0.1575 -1.368 0.7804 -0.4736 ...
 $ Gen02.TimeSdvMin                 : num  -0.308 -0.178 -1.368 0.34 -0.728 ...
 $ Gen02.TimeSdvMax                 : num  0.7745 0.4928 -1.368 1.1021 -0.0755 ...
 $ Gen02.OrderOfFinishSdvAvg        : num  0.0932 -0.1608 -1.6668 0.4185 0.0182 ...
 $ Gen02.RunCount                   : num  3 2 1 3 3 6 5 6 4 1 ...
 $ Gen02.HitCount1                  : num  0 0 0 0 0 1 1 1 0 0 ...
 $ Gen02.HitCount2                  : num  0 0 0 0 0 0 0 1 0 0 ...
 $ Gen02.HitCount3                  : num  1 0 0 2 0 1 0 0 0 0 ...
 $ Gen02.HitCount4                  : num  0 0 0 0 1 2 0 0 0 0 ...
 $ Gen02.HitCount5                  : num  0 1 0 0 0 0 0 0 0 0 ...
 $ Gen02.HitRate1                   : num  0 0 0 0 0 ...
 $ Gen02.HitRate2                   : num  0 0 0 0 0 ...
 $ Gen02.HitRate3                   : num  0.333 0 0 0.667 0 ...
 $ Gen02.HitRate4                   : num  0 0 0 0 0.333 ...
 $ Gen02.HitRate5                   : num  0 0.5 0 0 0 0 0 0 0 0 ...
 $ EOF                              : int  1 1 1 1 1 1 1 1 1 1 ...
[1] "2022-02-26 18:34:13 --- RxSqlServerData Finish ---"
[1] "2022-02-26 18:34:13 --- subset Start ---"
[1] "--------------------------------------------------------------------------------"
[1] "nrow(data) subset before=39771"
[1] "nrow(data) subset after =39771"
[1] "nrow(data) subset diff =0"
[1] "--------------------------------------------------------------------------------"
[1] "2022-02-26 18:34:13 --- subset Finish---"
[1] "2022-02-26 18:34:13 --- transform Start ---"
[1] "--------------------------------------------------------------------------------"
[1] "nrow(data) transform before=39771"
[1] "nrow(data) transform after=39771"
[1] "nrow(data) transform diff=0"
[1] "--------------------------------------------------------------------------------"
[1] "str(data)="
'data.frame':	39771 obs. of  44 variables:
 $ Race.RaceId                      : Factor w/ 3262 levels "20160109-06-01-02-02",..: 8 9 5 10 11 11 12 12 13 14 ...
 $ Race.IsAnalyzeNormalPastAndFuture: logi  TRUE TRUE TRUE TRUE TRUE TRUE ...
 $ Race.IsAnalyzeNormalPast         : logi  TRUE TRUE TRUE TRUE TRUE TRUE ...
 $ Race.IsAnalyzeNormalFuture       : logi  FALSE FALSE FALSE FALSE FALSE FALSE ...
 $ Race.IsAnalyzeFullPastAndFuture  : logi  TRUE TRUE TRUE TRUE TRUE TRUE ...
 $ Race.IsAnalyzeFullPast           : logi  TRUE TRUE TRUE TRUE TRUE TRUE ...
 $ Race.IsAnalyzeFullFuture         : logi  FALSE FALSE FALSE FALSE FALSE FALSE ...
 $ Race.JyokenCd                    : Factor w/ 1 level "5": 1 1 1 1 1 1 1 1 1 1 ...
 $ Race.JyoType1Cd                  : Factor w/ 115 levels "2-06-1800-5-1",..: 5 3 3 3 5 5 2 2 6 3 ...
 $ Race.RaceType1Cd                 : Factor w/ 3 levels "2-5-X-2","2-5-X-1",..: 2 1 1 1 2 2 2 2 1 1 ...
 $ RaceHorse.RaceId                 : Factor w/ 3262 levels "20160109-06-01-02-02",..: 8 9 5 10 11 11 12 12 13 14 ...
 $ RaceHorse.KettoNum               : Factor w/ 14065 levels "2013101639","2013103094",..: 11 12 13 14 15 16 17 18 19 20 ...
 $ RaceHorse.IsHit1                 : num  0 0 0 0 0 0 0 0 0 0 ...
 $ RaceHorse.IsHit2                 : num  0 0 0 0 0 0 1 0 0 0 ...
 $ RaceHorse.IsHit3                 : num  0 0 0 0 0 0 0 0 0 0 ...
 $ RaceHorse.IsHit4                 : num  0 0 0 0 0 0 0 0 0 0 ...
 $ RaceHorse.IsHit5                 : num  0 1 0 0 0 0 0 0 1 0 ...
 $ RaceHorse.IsHit6                 : num  1 0 1 1 1 1 0 1 0 1 ...
 $ RaceHorse.IsValidRaceHorse       : logi  TRUE TRUE TRUE TRUE TRUE TRUE ...
 $ RaceHorse.TimeSdvByRace          : num  -0.381 0.75 -1.44 0.461 -0.699 ...
 $ RaceHorse.TimeSdv                : num  -0.0514 0.899 -0.4212 0.6451 -0.122 ...
 $ RaceHorse.IsHitA                 : num  0 0 0 0 0 0 0 0 0 0 ...
 $ RaceHorse.IsHitB                 : num  0 0 0 0 0 0 1 0 0 0 ...
 $ RaceHorse.IsHitC                 : num  0 0 0 0 0 0 1 0 0 0 ...
 $ Gen02.HansyokuNum                : Factor w/ 476 levels "11201614","11201700",..: 8 9 9 9 10 10 10 9 10 9 ...
 $ Gen02.TimeSdvByRaceAvg           : num  0.0505 -0.1035 -1.8617 0.4734 -0.1624 ...
 $ Gen02.TimeSdvByRaceMin           : num  -0.669 -0.922 -1.862 -0.515 -1.044 ...
 $ Gen02.TimeSdvByRaceMax           : num  0.844 0.715 -1.862 1.14 0.682 ...
 $ Gen02.TimeSdvAvg                 : num  0.0599 0.1575 -1.368 0.7804 -0.4736 ...
 $ Gen02.TimeSdvMin                 : num  -0.308 -0.178 -1.368 0.34 -0.728 ...
 $ Gen02.TimeSdvMax                 : num  0.7745 0.4928 -1.368 1.1021 -0.0755 ...
 $ Gen02.OrderOfFinishSdvAvg        : num  0.0932 -0.1608 -1.6668 0.4185 0.0182 ...
 $ Gen02.RunCount                   : num  3 2 1 3 3 6 5 6 4 1 ...
 $ Gen02.HitCount1                  : num  0 0 0 0 0 1 1 1 0 0 ...
 $ Gen02.HitCount2                  : num  0 0 0 0 0 0 0 1 0 0 ...
 $ Gen02.HitCount3                  : num  1 0 0 2 0 1 0 0 0 0 ...
 $ Gen02.HitCount4                  : num  0 0 0 0 1 2 0 0 0 0 ...
 $ Gen02.HitCount5                  : num  0 1 0 0 0 0 0 0 0 0 ...
 $ Gen02.HitRate1                   : num  0 0 0 0 0 ...
 $ Gen02.HitRate2                   : num  0 0 0 0 0 ...
 $ Gen02.HitRate3                   : num  0.333 0 0 0.667 0 ...
 $ Gen02.HitRate4                   : num  0 0 0 0 0.333 ...
 $ Gen02.HitRate5                   : num  0 0.5 0 0 0 0 0 0 0 0 ...
 $ EOF                              : int  1 1 1 1 1 1 1 1 1 1 ...
NULL
[1] "2022-02-26 18:34:14 --- transform Finish ---"
[1] "2022-02-26 18:34:14 --- na.omit Start ---"
[1] "--------------------------------------------------------------------------------"
[1] "nrow(data) na.omit before=39771"
[1] "nrow(data) na.omit after =39440"
[1] "nrow(data) na.omit diff =331"
[1] "--------------------------------------------------------------------------------"
'data.frame':	39440 obs. of  44 variables:
 $ Race.RaceId                      : Factor w/ 3262 levels "20160109-06-01-02-02",..: 8 9 5 10 11 11 12 12 13 14 ...
 $ Race.IsAnalyzeNormalPastAndFuture: logi  TRUE TRUE TRUE TRUE TRUE TRUE ...
 $ Race.IsAnalyzeNormalPast         : logi  TRUE TRUE TRUE TRUE TRUE TRUE ...
 $ Race.IsAnalyzeNormalFuture       : logi  FALSE FALSE FALSE FALSE FALSE FALSE ...
 $ Race.IsAnalyzeFullPastAndFuture  : logi  TRUE TRUE TRUE TRUE TRUE TRUE ...
 $ Race.IsAnalyzeFullPast           : logi  TRUE TRUE TRUE TRUE TRUE TRUE ...
 $ Race.IsAnalyzeFullFuture         : logi  FALSE FALSE FALSE FALSE FALSE FALSE ...
 $ Race.JyokenCd                    : Factor w/ 1 level "5": 1 1 1 1 1 1 1 1 1 1 ...
 $ Race.JyoType1Cd                  : Factor w/ 115 levels "2-06-1800-5-1",..: 5 3 3 3 5 5 2 2 6 3 ...
 $ Race.RaceType1Cd                 : Factor w/ 3 levels "2-5-X-2","2-5-X-1",..: 2 1 1 1 2 2 2 2 1 1 ...
 $ RaceHorse.RaceId                 : Factor w/ 3262 levels "20160109-06-01-02-02",..: 8 9 5 10 11 11 12 12 13 14 ...
 $ RaceHorse.KettoNum               : Factor w/ 14065 levels "2013101639","2013103094",..: 11 12 13 14 15 16 17 18 19 20 ...
 $ RaceHorse.IsHit1                 : num  0 0 0 0 0 0 0 0 0 0 ...
 $ RaceHorse.IsHit2                 : num  0 0 0 0 0 0 1 0 0 0 ...
 $ RaceHorse.IsHit3                 : num  0 0 0 0 0 0 0 0 0 0 ...
 $ RaceHorse.IsHit4                 : num  0 0 0 0 0 0 0 0 0 0 ...
 $ RaceHorse.IsHit5                 : num  0 1 0 0 0 0 0 0 1 0 ...
 $ RaceHorse.IsHit6                 : num  1 0 1 1 1 1 0 1 0 1 ...
 $ RaceHorse.IsValidRaceHorse       : logi  TRUE TRUE TRUE TRUE TRUE TRUE ...
 $ RaceHorse.TimeSdvByRace          : num  -0.381 0.75 -1.44 0.461 -0.699 ...
 $ RaceHorse.TimeSdv                : num  -0.0514 0.899 -0.4212 0.6451 -0.122 ...
 $ RaceHorse.IsHitA                 : num  0 0 0 0 0 0 0 0 0 0 ...
 $ RaceHorse.IsHitB                 : num  0 0 0 0 0 0 1 0 0 0 ...
 $ RaceHorse.IsHitC                 : num  0 0 0 0 0 0 1 0 0 0 ...
 $ Gen02.HansyokuNum                : Factor w/ 476 levels "11201614","11201700",..: 8 9 9 9 10 10 10 9 10 9 ...
 $ Gen02.TimeSdvByRaceAvg           : num  0.0505 -0.1035 -1.8617 0.4734 -0.1624 ...
 $ Gen02.TimeSdvByRaceMin           : num  -0.669 -0.922 -1.862 -0.515 -1.044 ...
 $ Gen02.TimeSdvByRaceMax           : num  0.844 0.715 -1.862 1.14 0.682 ...
 $ Gen02.TimeSdvAvg                 : num  0.0599 0.1575 -1.368 0.7804 -0.4736 ...
 $ Gen02.TimeSdvMin                 : num  -0.308 -0.178 -1.368 0.34 -0.728 ...
 $ Gen02.TimeSdvMax                 : num  0.7745 0.4928 -1.368 1.1021 -0.0755 ...
 $ Gen02.OrderOfFinishSdvAvg        : num  0.0932 -0.1608 -1.6668 0.4185 0.0182 ...
 $ Gen02.RunCount                   : num  3 2 1 3 3 6 5 6 4 1 ...
 $ Gen02.HitCount1                  : num  0 0 0 0 0 1 1 1 0 0 ...
 $ Gen02.HitCount2                  : num  0 0 0 0 0 0 0 1 0 0 ...
 $ Gen02.HitCount3                  : num  1 0 0 2 0 1 0 0 0 0 ...
 $ Gen02.HitCount4                  : num  0 0 0 0 1 2 0 0 0 0 ...
 $ Gen02.HitCount5                  : num  0 1 0 0 0 0 0 0 0 0 ...
 $ Gen02.HitRate1                   : num  0 0 0 0 0 ...
 $ Gen02.HitRate2                   : num  0 0 0 0 0 ...
 $ Gen02.HitRate3                   : num  0.333 0 0 0.667 0 ...
 $ Gen02.HitRate4                   : num  0 0 0 0 0.333 ...
 $ Gen02.HitRate5                   : num  0 0.5 0 0 0 0 0 0 0 0 ...
 $ EOF                              : int  1 1 1 1 1 1 1 1 1 1 ...
 - attr(*, "na.action")= 'omit' Named int  79 317 360 387 444 457 496 623 705 766 ...
  ..- attr(*, "names")= chr  "79" "317" "360" "387" ...
[1] "2022-02-26 18:34:14 --- na.omit Finish ---"
[1] "2022-02-26 18:34:14 --- rxGlm with rxStepControl Start ---"

> print(paste0(Sys.time(), " --- source_logic_glm.R Start ---"))
[1] "2022-02-26 18:34:14 --- source_logic_glm.R Start ---"

> formula <- formula(RaceHorse.IsHitA ~ +1 + Gen02.TimeSdvByRaceAvg)

> print(paste0(Sys.time(), " --- source_logic_glm.R Finished ---"))
[1] "2022-02-26 18:34:14 --- source_logic_glm.R Finished ---"
Rows Read: 39440, Total Rows Processed: 39440, Total Chunk Time: Less than .001 seconds 

Starting values (iteration 1) time: 0.010 secs.
Rows Read: 39440, Total Rows Processed: 39440, Total Chunk Time: 0.002 seconds 

Iteration 2 time: 0.007 secs.
Rows Read: 39440, Total Rows Processed: 39440, Total Chunk Time: 0.002 seconds 

Iteration 3 time: 0.004 secs.
Rows Read: 39440, Total Rows Processed: 39440, Total Chunk Time: 0.003 seconds 

Iteration 4 time: 0.004 secs.
Rows Read: 39440, Total Rows Processed: 39440, Total Chunk Time: 0.003 seconds 

Iteration 5 time: 0.004 secs.

Elapsed computation time: 0.040 secs.
Rows Read: 39440, Total Rows Processed: 39440, Total Chunk Time: 0.001 seconds 

Starting values (iteration 1) time: 0.008 secs.
Rows Read: 39440, Total Rows Processed: 39440, Total Chunk Time: 0.002 seconds 

Iteration 2 time: 0.005 secs.

Elapsed computation time: 0.021 secs.
Rows Read: 39440, Total Rows Processed: 39440, Total Chunk Time: Less than .001 seconds 

Starting values (iteration 1) time: 0.009 secs.
Rows Read: 39440, Total Rows Processed: 39440, Total Chunk Time: 0.002 seconds 

Iteration 2 time: 0.006 secs.
Rows Read: 39440, Total Rows Processed: 39440, Total Chunk Time: 0.002 seconds 

Iteration 3 time: 0.004 secs.
Rows Read: 39440, Total Rows Processed: 39440, Total Chunk Time: 0.003 seconds 

Iteration 4 time: 0.005 secs.
Rows Read: 39440, Total Rows Processed: 39440, Total Chunk Time: 0.002 seconds 

Iteration 5 time: 0.004 secs.

Elapsed computation time: 0.042 secs.

Elapsed computation time: 0.118 secs.
[1] "--------------------------------------------------------------------------------"
[1] "analyze.results.glm.step="
Logistic Regression Results for: RaceHorse.IsHitA ~
    Gen02.TimeSdvByRaceAvg
Data: data
Dependent variable(s): RaceHorse.IsHitA
Total independent variables: 2 
Number of valid observations: 39440
Number of missing observations: 0 
 
Coefficients:
                       RaceHorse.IsHitA
(Intercept)                          -3
Gen02.TimeSdvByRaceAvg                1
[1] "analyze.results.glm.step.summary"
Call:
rxLogit(formula = formula, data = data, variableSelection = analyze.results.glm.step.varsel)

Logistic Regression Results for: RaceHorse.IsHitA ~
    Gen02.TimeSdvByRaceAvg
Data: data
Dependent variable(s): RaceHorse.IsHitA
Total independent variables: 2 
Number of valid observations: 39440
Number of missing observations: 0 
-2*LogLikelihood: 19330.769 (Residual deviance on 39438 degrees of freedom)
 
Coefficients:
                       Estimate Std. Error z value Pr(>|z|)    
(Intercept)             -2.8234     0.0245  -115.5  2.2e-16 ***
Gen02.TimeSdvByRaceAvg   0.9990     0.0354    28.2  2.2e-16 ***
---
Signif. codes:  0 '***' 0.001 '**' 0.01 '*' 0.05 '.' 0.1 ' ' 1

Condition number of final variance-covariance matrix: 1 
Number of iterations: 5
[1] "--------------------------------------------------------------------------------"
[1] "2022-02-26 18:34:14 --- rxGlm with rxStepControl Finish ---"
[1] "2022-02-26 18:34:14 --- rxStepPlot Start ---"
[1] "pdfFilename=pdf_analyze_glm_Gen02_Type25_rxStepPlot.pdf"
[1] "rxStepPlot="
[1] "2022-02-26 18:34:14 --- rxStepPlot Finish ---"
[1] "2022-02-26 18:34:14 --- save.image Start ---"
[1] "save.image"
[1] "rdataFilename=RData_analyze_glm_Gen02_Type25.RData"
[1] "2022-02-26 18:34:14 --- save.image Finish ---"
[1] "2022-02-26 18:34:14 --- final Start ---"
[1] "--------------------------------------------------------------------------------"
[1] "nrow(data) final=39440"
[1] "--------------------------------------------------------------------------------"
[1] "2022-02-26 18:34:14 --- final Finish ---"
[1] "2022-02-26 18:34:14 --- analyze_glm.R Finished ---"
[1] "2022-02-26 18:34:14 --- log Finish ---"
