[1] "2022-02-26 17:58:29 --- D1115_analyze_glm_Jockey_IsHitA_Type11 Start ---"
[1] "2022-02-26 17:58:31 --- Log Start ---"
[1] "2022-02-26 17:58:31 --- analyze_glm.R Start ---"
[1] "analyzeVersion=D1115"
[1] "analyzeCategory=analyze"
[1] "analyzeType=Jockey"
[1] "analyzeFamily=IsHitA"
[1] "analyzeFunc=glm"
[1] "analyzeTrackTypeCd=1"
[1] "analyzeJyokenCd=1"
[1] "2022-02-26 17:58:37 --- source_function.R Start ---"
[1] "2022-02-26 17:58:38 --- source_function.R Finished ---"

> print(paste0(Sys.time(), " --- source_library.R Start ---"))
[1] "2022-02-26 17:58:44 --- source_library.R Start ---"

> require("RevoScaleR")

> print(paste0(Sys.time(), " --- source_library.R Finished ---"))
[1] "2022-02-26 17:58:49 --- source_library.R Finished ---"
[1] "2022-02-26 17:58:50 --- RxSqlServerData Start ---"
[1] "2022-02-26 17:58:50 --- RxInSqlServer Start ---"
[1] "2022-02-26 17:58:51 --- RxInSqlServer Finish ---"
[1] "2022-02-26 17:58:51 --- rxSetComputeContext Start ---"
[1] "2022-02-26 17:58:52 --- rxSetComputeContext Finish ---"
[1] "2022-02-26 17:58:52 --- RxSqlServerData Start ---"
[1] "sqlQuery=SELECT * FROM ViewAnalyzeD1115analyze01JockeyType11"
[1] "2022-02-26 17:58:52 --- RxSqlServerData Finish ---"
[1] "2022-02-26 17:58:53 --- rxGetVarInfo Start ---"
[1] "2022-02-26 17:58:57 --- rxGetVarInfo Finish---"
[1] "2022-02-26 17:58:57 --- rxImport Start ---"
Rows Read: 12111, Total Rows Processed: 12111, Total Chunk Time: 15.740 seconds 
[1] "2022-02-26 17:59:39 --- rxImport Finish ---"
[1] "object.size(data) auto=3.7 Mb"
[1] "--------------------------------------------------------------------------------"
[1] "nrow(data) RxSqlServerData=12111"
[1] "--------------------------------------------------------------------------------"
[1] "str(data)="
'data.frame':	12111 obs. of  43 variables:
 $ Race.RaceId                      : Factor w/ 925 levels "20170305-09-01-04-11",..: 11 12 13 14 15 16 17 18 19 20 ...
 $ Race.IsAnalyzeNormalPastAndFuture: logi  TRUE TRUE TRUE TRUE TRUE TRUE ...
 $ Race.IsAnalyzeNormalPast         : logi  TRUE TRUE TRUE TRUE TRUE TRUE ...
 $ Race.IsAnalyzeNormalFuture       : logi  FALSE FALSE FALSE FALSE FALSE FALSE ...
 $ Race.IsAnalyzeFullPastAndFuture  : logi  TRUE TRUE TRUE TRUE TRUE TRUE ...
 $ Race.IsAnalyzeFullPast           : logi  TRUE TRUE TRUE TRUE TRUE TRUE ...
 $ Race.IsAnalyzeFullFuture         : logi  FALSE FALSE FALSE FALSE FALSE FALSE ...
 $ Race.JyokenCd                    : Factor w/ 1 level "1": 1 1 1 1 1 1 1 1 1 1 ...
 $ Race.JyoType1Cd                  : Factor w/ 141 levels "1-09-1800-1-1",..: 9 10 11 12 13 14 15 16 17 18 ...
 $ Race.RaceType1Cd                 : Factor w/ 16 levels "1-1-E-2","1-1-E-1",..: 6 2 2 8 1 4 6 4 4 2 ...
 $ RaceHorse.RaceId                 : Factor w/ 925 levels "20170305-09-01-04-11",..: 11 12 13 14 15 16 17 18 19 20 ...
 $ RaceHorse.KettoNum               : Factor w/ 2962 levels "2011104243","2014105753",..: 11 12 13 14 15 16 17 18 19 20 ...
 $ RaceHorse.IsHit1                 : num  0 0 0 1 0 0 0 0 0 0 ...
 $ RaceHorse.IsHit2                 : num  0 0 0 0 0 0 1 0 0 1 ...
 $ RaceHorse.IsHit3                 : num  1 0 0 0 0 0 0 0 0 0 ...
 $ RaceHorse.IsHit4                 : num  0 0 0 0 0 0 0 0 0 0 ...
 $ RaceHorse.IsHit5                 : num  0 0 0 0 0 0 0 0 0 0 ...
 $ RaceHorse.IsHit6                 : num  0 1 1 0 1 1 0 1 1 0 ...
 $ RaceHorse.IsValidRaceHorse       : logi  TRUE TRUE TRUE TRUE TRUE TRUE ...
 $ RaceHorse.TimeSdvByRace          : num  0.929 -0.328 0.319 1.512 -1.164 ...
 $ RaceHorse.TimeSdv                : num  1.445 0.915 0.25 0.785 0.339 ...
 $ RaceHorse.IsHitA                 : num  0 0 0 1 0 0 0 0 0 0 ...
 $ RaceHorse.IsHitB                 : num  0 0 0 1 0 0 1 0 0 1 ...
 $ RaceHorse.IsHitC                 : num  1 0 0 1 0 0 1 0 0 1 ...
 $ Jockey.TimeSdvByRaceAvg          : num  -0.237 -0.343 0.512 0.122 0.162 ...
 $ Jockey.TimeSdvByRaceMin          : num  -1.926 -2.898 0.512 -2.485 -1.52 ...
 $ Jockey.TimeSdvByRaceMax          : num  1.943 1.149 0.512 1.3 1.454 ...
 $ Jockey.TimeSdvAvg                : num  -0.159 -0.334 0.323 0.587 0.341 ...
 $ Jockey.TimeSdvMin                : num  -2.212 -3.474 0.323 -1.049 -2.043 ...
 $ Jockey.TimeSdvMax                : num  1.293 1.572 0.323 1.915 1.726 ...
 $ Jockey.OrderOfFinishSdvAvg       : num  -0.323 -0.426 0.585 0.215 0.187 ...
 $ Jockey.RunCount                  : num  29 44 1 17 16 1 7 7 26 54 ...
 $ Jockey.HitCount1                 : num  1 0 0 3 2 0 0 0 3 6 ...
 $ Jockey.HitCount2                 : num  2 1 0 1 2 0 0 1 3 5 ...
 $ Jockey.HitCount3                 : num  1 1 0 2 1 0 1 0 1 2 ...
 $ Jockey.HitCount4                 : num  2 3 0 2 1 0 0 1 1 4 ...
 $ Jockey.HitCount5                 : num  1 2 1 0 2 0 0 0 1 5 ...
 $ Jockey.HitRate1                  : num  0.0345 0 0 0.1765 0.125 ...
 $ Jockey.HitRate2                  : num  0.069 0.0227 0 0.0588 0.125 ...
 $ Jockey.HitRate3                  : num  0.0345 0.0227 0 0.1176 0.0625 ...
 $ Jockey.HitRate4                  : num  0.069 0.0682 0 0.1176 0.0625 ...
 $ Jockey.HitRate5                  : num  0.0345 0.0455 1 0 0.125 ...
 $ EOF                              : int  1 1 1 1 1 1 1 1 1 1 ...
[1] "2022-02-26 18:01:04 --- RxSqlServerData Finish ---"
[1] "2022-02-26 18:01:05 --- subset Start ---"
[1] "--------------------------------------------------------------------------------"
[1] "nrow(data) subset before=12111"
[1] "nrow(data) subset after =12111"
[1] "nrow(data) subset diff =0"
[1] "--------------------------------------------------------------------------------"
[1] "2022-02-26 18:01:11 --- subset Finish---"
[1] "2022-02-26 18:01:12 --- transform Start ---"
[1] "--------------------------------------------------------------------------------"
[1] "nrow(data) transform before=12111"
[1] "nrow(data) transform after=12111"
[1] "nrow(data) transform diff=0"
[1] "--------------------------------------------------------------------------------"
[1] "str(data)="
'data.frame':	12111 obs. of  43 variables:
 $ Race.RaceId                      : Factor w/ 925 levels "20170305-09-01-04-11",..: 11 12 13 14 15 16 17 18 19 20 ...
 $ Race.IsAnalyzeNormalPastAndFuture: logi  TRUE TRUE TRUE TRUE TRUE TRUE ...
 $ Race.IsAnalyzeNormalPast         : logi  TRUE TRUE TRUE TRUE TRUE TRUE ...
 $ Race.IsAnalyzeNormalFuture       : logi  FALSE FALSE FALSE FALSE FALSE FALSE ...
 $ Race.IsAnalyzeFullPastAndFuture  : logi  TRUE TRUE TRUE TRUE TRUE TRUE ...
 $ Race.IsAnalyzeFullPast           : logi  TRUE TRUE TRUE TRUE TRUE TRUE ...
 $ Race.IsAnalyzeFullFuture         : logi  FALSE FALSE FALSE FALSE FALSE FALSE ...
 $ Race.JyokenCd                    : Factor w/ 1 level "1": 1 1 1 1 1 1 1 1 1 1 ...
 $ Race.JyoType1Cd                  : Factor w/ 141 levels "1-09-1800-1-1",..: 9 10 11 12 13 14 15 16 17 18 ...
 $ Race.RaceType1Cd                 : Factor w/ 16 levels "1-1-E-2","1-1-E-1",..: 6 2 2 8 1 4 6 4 4 2 ...
 $ RaceHorse.RaceId                 : Factor w/ 925 levels "20170305-09-01-04-11",..: 11 12 13 14 15 16 17 18 19 20 ...
 $ RaceHorse.KettoNum               : Factor w/ 2962 levels "2011104243","2014105753",..: 11 12 13 14 15 16 17 18 19 20 ...
 $ RaceHorse.IsHit1                 : num  0 0 0 1 0 0 0 0 0 0 ...
 $ RaceHorse.IsHit2                 : num  0 0 0 0 0 0 1 0 0 1 ...
 $ RaceHorse.IsHit3                 : num  1 0 0 0 0 0 0 0 0 0 ...
 $ RaceHorse.IsHit4                 : num  0 0 0 0 0 0 0 0 0 0 ...
 $ RaceHorse.IsHit5                 : num  0 0 0 0 0 0 0 0 0 0 ...
 $ RaceHorse.IsHit6                 : num  0 1 1 0 1 1 0 1 1 0 ...
 $ RaceHorse.IsValidRaceHorse       : logi  TRUE TRUE TRUE TRUE TRUE TRUE ...
 $ RaceHorse.TimeSdvByRace          : num  0.929 -0.328 0.319 1.512 -1.164 ...
 $ RaceHorse.TimeSdv                : num  1.445 0.915 0.25 0.785 0.339 ...
 $ RaceHorse.IsHitA                 : num  0 0 0 1 0 0 0 0 0 0 ...
 $ RaceHorse.IsHitB                 : num  0 0 0 1 0 0 1 0 0 1 ...
 $ RaceHorse.IsHitC                 : num  1 0 0 1 0 0 1 0 0 1 ...
 $ Jockey.TimeSdvByRaceAvg          : num  -0.237 -0.343 0.512 0.122 0.162 ...
 $ Jockey.TimeSdvByRaceMin          : num  -1.926 -2.898 0.512 -2.485 -1.52 ...
 $ Jockey.TimeSdvByRaceMax          : num  1.943 1.149 0.512 1.3 1.454 ...
 $ Jockey.TimeSdvAvg                : num  -0.159 -0.334 0.323 0.587 0.341 ...
 $ Jockey.TimeSdvMin                : num  -2.212 -3.474 0.323 -1.049 -2.043 ...
 $ Jockey.TimeSdvMax                : num  1.293 1.572 0.323 1.915 1.726 ...
 $ Jockey.OrderOfFinishSdvAvg       : num  -0.323 -0.426 0.585 0.215 0.187 ...
 $ Jockey.RunCount                  : num  29 44 1 17 16 1 7 7 26 54 ...
 $ Jockey.HitCount1                 : num  1 0 0 3 2 0 0 0 3 6 ...
 $ Jockey.HitCount2                 : num  2 1 0 1 2 0 0 1 3 5 ...
 $ Jockey.HitCount3                 : num  1 1 0 2 1 0 1 0 1 2 ...
 $ Jockey.HitCount4                 : num  2 3 0 2 1 0 0 1 1 4 ...
 $ Jockey.HitCount5                 : num  1 2 1 0 2 0 0 0 1 5 ...
 $ Jockey.HitRate1                  : num  0.0345 0 0 0.1765 0.125 ...
 $ Jockey.HitRate2                  : num  0.069 0.0227 0 0.0588 0.125 ...
 $ Jockey.HitRate3                  : num  0.0345 0.0227 0 0.1176 0.0625 ...
 $ Jockey.HitRate4                  : num  0.069 0.0682 0 0.1176 0.0625 ...
 $ Jockey.HitRate5                  : num  0.0345 0.0455 1 0 0.125 ...
 $ EOF                              : int  1 1 1 1 1 1 1 1 1 1 ...
NULL
[1] "2022-02-26 18:01:47 --- transform Finish ---"
[1] "2022-02-26 18:01:48 --- na.omit Start ---"
[1] "--------------------------------------------------------------------------------"
[1] "nrow(data) na.omit before=12111"
[1] "nrow(data) na.omit after =12041"
[1] "nrow(data) na.omit diff =70"
[1] "--------------------------------------------------------------------------------"
'data.frame':	12041 obs. of  43 variables:
 $ Race.RaceId                      : Factor w/ 925 levels "20170305-09-01-04-11",..: 11 12 13 14 15 16 17 18 19 20 ...
 $ Race.IsAnalyzeNormalPastAndFuture: logi  TRUE TRUE TRUE TRUE TRUE TRUE ...
 $ Race.IsAnalyzeNormalPast         : logi  TRUE TRUE TRUE TRUE TRUE TRUE ...
 $ Race.IsAnalyzeNormalFuture       : logi  FALSE FALSE FALSE FALSE FALSE FALSE ...
 $ Race.IsAnalyzeFullPastAndFuture  : logi  TRUE TRUE TRUE TRUE TRUE TRUE ...
 $ Race.IsAnalyzeFullPast           : logi  TRUE TRUE TRUE TRUE TRUE TRUE ...
 $ Race.IsAnalyzeFullFuture         : logi  FALSE FALSE FALSE FALSE FALSE FALSE ...
 $ Race.JyokenCd                    : Factor w/ 1 level "1": 1 1 1 1 1 1 1 1 1 1 ...
 $ Race.JyoType1Cd                  : Factor w/ 141 levels "1-09-1800-1-1",..: 9 10 11 12 13 14 15 16 17 18 ...
 $ Race.RaceType1Cd                 : Factor w/ 16 levels "1-1-E-2","1-1-E-1",..: 6 2 2 8 1 4 6 4 4 2 ...
 $ RaceHorse.RaceId                 : Factor w/ 925 levels "20170305-09-01-04-11",..: 11 12 13 14 15 16 17 18 19 20 ...
 $ RaceHorse.KettoNum               : Factor w/ 2962 levels "2011104243","2014105753",..: 11 12 13 14 15 16 17 18 19 20 ...
 $ RaceHorse.IsHit1                 : num  0 0 0 1 0 0 0 0 0 0 ...
 $ RaceHorse.IsHit2                 : num  0 0 0 0 0 0 1 0 0 1 ...
 $ RaceHorse.IsHit3                 : num  1 0 0 0 0 0 0 0 0 0 ...
 $ RaceHorse.IsHit4                 : num  0 0 0 0 0 0 0 0 0 0 ...
 $ RaceHorse.IsHit5                 : num  0 0 0 0 0 0 0 0 0 0 ...
 $ RaceHorse.IsHit6                 : num  0 1 1 0 1 1 0 1 1 0 ...
 $ RaceHorse.IsValidRaceHorse       : logi  TRUE TRUE TRUE TRUE TRUE TRUE ...
 $ RaceHorse.TimeSdvByRace          : num  0.929 -0.328 0.319 1.512 -1.164 ...
 $ RaceHorse.TimeSdv                : num  1.445 0.915 0.25 0.785 0.339 ...
 $ RaceHorse.IsHitA                 : num  0 0 0 1 0 0 0 0 0 0 ...
 $ RaceHorse.IsHitB                 : num  0 0 0 1 0 0 1 0 0 1 ...
 $ RaceHorse.IsHitC                 : num  1 0 0 1 0 0 1 0 0 1 ...
 $ Jockey.TimeSdvByRaceAvg          : num  -0.237 -0.343 0.512 0.122 0.162 ...
 $ Jockey.TimeSdvByRaceMin          : num  -1.926 -2.898 0.512 -2.485 -1.52 ...
 $ Jockey.TimeSdvByRaceMax          : num  1.943 1.149 0.512 1.3 1.454 ...
 $ Jockey.TimeSdvAvg                : num  -0.159 -0.334 0.323 0.587 0.341 ...
 $ Jockey.TimeSdvMin                : num  -2.212 -3.474 0.323 -1.049 -2.043 ...
 $ Jockey.TimeSdvMax                : num  1.293 1.572 0.323 1.915 1.726 ...
 $ Jockey.OrderOfFinishSdvAvg       : num  -0.323 -0.426 0.585 0.215 0.187 ...
 $ Jockey.RunCount                  : num  29 44 1 17 16 1 7 7 26 54 ...
 $ Jockey.HitCount1                 : num  1 0 0 3 2 0 0 0 3 6 ...
 $ Jockey.HitCount2                 : num  2 1 0 1 2 0 0 1 3 5 ...
 $ Jockey.HitCount3                 : num  1 1 0 2 1 0 1 0 1 2 ...
 $ Jockey.HitCount4                 : num  2 3 0 2 1 0 0 1 1 4 ...
 $ Jockey.HitCount5                 : num  1 2 1 0 2 0 0 0 1 5 ...
 $ Jockey.HitRate1                  : num  0.0345 0 0 0.1765 0.125 ...
 $ Jockey.HitRate2                  : num  0.069 0.0227 0 0.0588 0.125 ...
 $ Jockey.HitRate3                  : num  0.0345 0.0227 0 0.1176 0.0625 ...
 $ Jockey.HitRate4                  : num  0.069 0.0682 0 0.1176 0.0625 ...
 $ Jockey.HitRate5                  : num  0.0345 0.0455 1 0 0.125 ...
 $ EOF                              : int  1 1 1 1 1 1 1 1 1 1 ...
 - attr(*, "na.action")= 'omit' Named int  35 48 149 271 723 894 1179 1317 1462 1959 ...
  ..- attr(*, "names")= chr  "35" "48" "149" "271" ...
[1] "2022-02-26 18:02:04 --- na.omit Finish ---"
[1] "2022-02-26 18:02:05 --- rxGlm with rxStepControl Start ---"

> print(paste0(Sys.time(), " --- source_logic_glm.R Start ---"))
[1] "2022-02-26 18:02:05 --- source_logic_glm.R Start ---"

> formula <- formula(RaceHorse.IsHitA ~ +1 + Jockey.TimeSdvByRaceAvg)

> print(paste0(Sys.time(), " --- source_logic_glm.R Finished ---"))
[1] "2022-02-26 18:02:06 --- source_logic_glm.R Finished ---"
Rows Read: 12041, Total Rows Processed: 12041, Total Chunk Time: 0.001 seconds 

Starting values (iteration 1) time: 0.009 secs.
Rows Read: 12041, Total Rows Processed: 12041, Total Chunk Time: 0.002 seconds 

Iteration 2 time: 0.008 secs.
Rows Read: 12041, Total Rows Processed: 12041, Total Chunk Time: 0.001 seconds 

Iteration 3 time: 0.019 secs.
Rows Read: 12041, Total Rows Processed: 12041, Total Chunk Time: 0.001 seconds 

Iteration 4 time: 0.008 secs.
Rows Read: 12041, Total Rows Processed: 12041, Total Chunk Time: 0.001 seconds 

Iteration 5 time: 0.005 secs.

Elapsed computation time: 0.105 secs.
Rows Read: 12041, Total Rows Processed: 12041, Total Chunk Time: 0.001 seconds 

Starting values (iteration 1) time: 0.006 secs.
Rows Read: 12041, Total Rows Processed: 12041, Total Chunk Time: 0.002 seconds 

Iteration 2 time: 0.006 secs.

Elapsed computation time: 0.026 secs.
Rows Read: 12041, Total Rows Processed: 12041, Total Chunk Time: 0.001 seconds 

Starting values (iteration 1) time: 0.006 secs.
Rows Read: 12041, Total Rows Processed: 12041, Total Chunk Time: 0.002 seconds 

Iteration 2 time: 0.008 secs.
Rows Read: 12041, Total Rows Processed: 12041, Total Chunk Time: 0.001 seconds 

Iteration 3 time: 0.007 secs.
Rows Read: 12041, Total Rows Processed: 12041, Total Chunk Time: 0.002 seconds 

Iteration 4 time: 0.005 secs.
Rows Read: 12041, Total Rows Processed: 12041, Total Chunk Time: 0.002 seconds 

Iteration 5 time: 0.005 secs.

Elapsed computation time: 0.067 secs.

Elapsed computation time: 0.217 secs.
[1] "--------------------------------------------------------------------------------"
[1] "analyze.results.glm.step="
Logistic Regression Results for: RaceHorse.IsHitA ~
    Jockey.TimeSdvByRaceAvg
Data: data
Dependent variable(s): RaceHorse.IsHitA
Total independent variables: 2 
Number of valid observations: 12041
Number of missing observations: 0 
 
Coefficients:
                        RaceHorse.IsHitA
(Intercept)                           -3
Jockey.TimeSdvByRaceAvg                1
[1] "analyze.results.glm.step.summary"
Call:
rxLogit(formula = formula, data = data, variableSelection = analyze.results.glm.step.varsel)

Logistic Regression Results for: RaceHorse.IsHitA ~
    Jockey.TimeSdvByRaceAvg
Data: data
Dependent variable(s): RaceHorse.IsHitA
Total independent variables: 2 
Number of valid observations: 12041
Number of missing observations: 0 
-2*LogLikelihood: 6212.785 (Residual deviance on 12039 degrees of freedom)
 
Coefficients:
                        Estimate Std. Error z value Pr(>|z|)    
(Intercept)              -2.6647     0.0395   -67.5  2.2e-16 ***
Jockey.TimeSdvByRaceAvg   1.1523     0.0913    12.6  2.2e-16 ***
---
Signif. codes:  0 '***' 0.001 '**' 0.01 '*' 0.05 '.' 0.1 ' ' 1

Condition number of final variance-covariance matrix: 1 
Number of iterations: 5
[1] "--------------------------------------------------------------------------------"
[1] "2022-02-26 18:02:07 --- rxGlm with rxStepControl Finish ---"
[1] "2022-02-26 18:02:07 --- rxStepPlot Start ---"
[1] "pdfFilename=pdf_analyze_glm_Jockey_Type11_rxStepPlot.pdf"
[1] "rxStepPlot="
[1] "2022-02-26 18:02:08 --- rxStepPlot Finish ---"
[1] "2022-02-26 18:02:08 --- save.image Start ---"
[1] "save.image"
[1] "rdataFilename=RData_analyze_glm_Jockey_Type11.RData"
[1] "2022-02-26 18:02:09 --- save.image Finish ---"
[1] "2022-02-26 18:02:09 --- final Start ---"
[1] "--------------------------------------------------------------------------------"
[1] "nrow(data) final=12041"
[1] "--------------------------------------------------------------------------------"
[1] "2022-02-26 18:02:09 --- final Finish ---"
[1] "2022-02-26 18:02:09 --- analyze_glm.R Finished ---"
[1] "2022-02-26 18:02:09 --- log Finish ---"
