[1] "2022-02-26 17:57:28 --- D1115_analyze_glm_Horse_IsHitA_Type12 Start ---"
[1] "2022-02-26 17:57:28 --- Log Start ---"
[1] "2022-02-26 17:57:28 --- analyze_glm.R Start ---"
[1] "analyzeVersion=D1115"
[1] "analyzeCategory=analyze"
[1] "analyzeType=Horse"
[1] "analyzeFamily=IsHitA"
[1] "analyzeFunc=glm"
[1] "analyzeTrackTypeCd=1"
[1] "analyzeJyokenCd=2"
[1] "2022-02-26 17:57:28 --- source_function.R Start ---"
[1] "2022-02-26 17:57:28 --- source_function.R Finished ---"

> print(paste0(Sys.time(), " --- source_library.R Start ---"))
[1] "2022-02-26 17:57:28 --- source_library.R Start ---"

> require("RevoScaleR")

> print(paste0(Sys.time(), " --- source_library.R Finished ---"))
[1] "2022-02-26 17:57:29 --- source_library.R Finished ---"
[1] "2022-02-26 17:57:29 --- RxSqlServerData Start ---"
[1] "2022-02-26 17:57:29 --- RxInSqlServer Start ---"
[1] "2022-02-26 17:57:29 --- RxInSqlServer Finish ---"
[1] "2022-02-26 17:57:29 --- rxSetComputeContext Start ---"
[1] "2022-02-26 17:57:29 --- rxSetComputeContext Finish ---"
[1] "2022-02-26 17:57:29 --- RxSqlServerData Start ---"
[1] "sqlQuery=SELECT * FROM ViewAnalyzeD1115analyze01HorseType12"
[1] "2022-02-26 17:57:29 --- RxSqlServerData Finish ---"
[1] "2022-02-26 17:57:30 --- rxGetVarInfo Start ---"
[1] "2022-02-26 17:57:35 --- rxGetVarInfo Finish---"
[1] "2022-02-26 17:57:35 --- rxImport Start ---"
Rows Read: 6806, Total Rows Processed: 6806, Total Chunk Time: 749.123 seconds 
[1] "2022-02-26 18:31:46 --- rxImport Finish ---"
[1] "object.size(data) auto=2.2 Mb"
[1] "--------------------------------------------------------------------------------"
[1] "nrow(data) RxSqlServerData=6806"
[1] "--------------------------------------------------------------------------------"
[1] "str(data)="
'data.frame':	6806 obs. of  44 variables:
 $ Race.RaceId                      : Factor w/ 529 levels "20160117-07-01-02-11",..: 7 8 7 9 10 11 12 13 14 15 ...
 $ Race.IsAnalyzeNormalPastAndFuture: logi  TRUE TRUE TRUE TRUE TRUE TRUE ...
 $ Race.IsAnalyzeNormalPast         : logi  TRUE TRUE TRUE TRUE TRUE TRUE ...
 $ Race.IsAnalyzeNormalFuture       : logi  FALSE FALSE FALSE FALSE FALSE FALSE ...
 $ Race.IsAnalyzeFullPastAndFuture  : logi  TRUE TRUE TRUE TRUE TRUE TRUE ...
 $ Race.IsAnalyzeFullPast           : logi  TRUE TRUE TRUE TRUE TRUE TRUE ...
 $ Race.IsAnalyzeFullFuture         : logi  FALSE FALSE FALSE FALSE FALSE FALSE ...
 $ Race.JyokenCd                    : Factor w/ 1 level "2": 1 1 1 1 1 1 1 1 1 1 ...
 $ Race.JyoType1Cd                  : Factor w/ 112 levels "1-07-1200-2-1",..: 7 8 7 9 10 10 11 5 12 13 ...
 $ Race.RaceType1Cd                 : Factor w/ 3 levels "1-2-E-1","1-2-E-3",..: 1 1 1 1 1 1 3 3 2 2 ...
 $ RaceHorse.RaceId                 : Factor w/ 529 levels "20160117-07-01-02-11",..: 7 8 7 9 10 11 12 13 14 15 ...
 $ RaceHorse.KettoNum               : Factor w/ 1438 levels "2007101820","2007104687",..: 4 4 9 10 11 11 12 13 14 14 ...
 $ RaceHorse.IsHit1                 : num  0 0 0 0 0 0 0 0 0 0 ...
 $ RaceHorse.IsHit2                 : num  0 0 0 0 0 0 0 0 0 0 ...
 $ RaceHorse.IsHit3                 : num  0 1 0 0 0 0 0 0 0 0 ...
 $ RaceHorse.IsHit4                 : num  0 0 0 0 0 0 0 0 0 0 ...
 $ RaceHorse.IsHit5                 : num  0 0 1 0 0 0 1 0 0 0 ...
 $ RaceHorse.IsHit6                 : num  1 0 0 1 1 1 0 1 1 1 ...
 $ RaceHorse.IsValidRaceHorse       : logi  TRUE TRUE TRUE TRUE TRUE TRUE ...
 $ RaceHorse.TimeSdvByRace          : num  0.0152 0.8566 0.7442 -0.0599 -0.2182 ...
 $ RaceHorse.TimeSdv                : num  -0.411 1.2869 -0.0479 1.8653 -0.7082 ...
 $ RaceHorse.IsHitA                 : num  0 0 0 0 0 0 0 0 0 0 ...
 $ RaceHorse.IsHitB                 : num  0 0 0 0 0 0 0 0 0 0 ...
 $ RaceHorse.IsHitC                 : num  0 1 0 0 0 0 0 0 0 0 ...
 $ Horse.KettoNum                   : Factor w/ 1438 levels "2007101820","2007104687",..: 4 4 9 10 11 11 12 13 14 14 ...
 $ Horse.TimeSdvByRaceAvg           : num  0.414 0.371 0.491 -0.272 0.312 ...
 $ Horse.TimeSdvByRaceMin           : num  -1.534 -1.534 -0.258 -2.29 -1.263 ...
 $ Horse.TimeSdvByRaceMax           : num  1.65 1.65 1.23 1.94 1.55 ...
 $ Horse.TimeSdvAvg                 : num  0.3509 0.2927 0.5002 -0.0647 0.1881 ...
 $ Horse.TimeSdvMin                 : num  -1.72 -1.72 -2.99 -2.14 -1.62 ...
 $ Horse.TimeSdvMax                 : num  2.01 2.01 1.74 1.69 1.61 ...
 $ Horse.OrderOfFinishSdvAvg        : num  0.355 0.326 0.483 -0.255 0.267 ...
 $ Horse.RunCount                   : num  56 68 42 43 39 29 35 85 45 46 ...
 $ Horse.HitCount1                  : num  4 4 4 3 2 2 4 4 2 2 ...
 $ Horse.HitCount2                  : num  7 7 2 2 5 5 7 10 5 5 ...
 $ Horse.HitCount3                  : num  5 6 4 2 0 0 5 12 6 6 ...
 $ Horse.HitCount4                  : num  8 12 6 3 6 5 4 19 4 4 ...
 $ Horse.HitCount5                  : num  5 5 4 0 4 4 0 6 6 6 ...
 $ Horse.HitRate1                   : num  0.0714 0.0588 0.0952 0.0698 0.0513 ...
 $ Horse.HitRate2                   : num  0.125 0.1029 0.0476 0.0465 0.1282 ...
 $ Horse.HitRate3                   : num  0.0893 0.0882 0.0952 0.0465 0 ...
 $ Horse.HitRate4                   : num  0.1429 0.1765 0.1429 0.0698 0.1538 ...
 $ Horse.HitRate5                   : num  0.0893 0.0735 0.0952 0 0.1026 ...
 $ EOF                              : int  1 1 1 1 1 1 1 1 1 1 ...
[1] "2022-02-26 18:31:47 --- RxSqlServerData Finish ---"
[1] "2022-02-26 18:31:47 --- subset Start ---"
[1] "--------------------------------------------------------------------------------"
[1] "nrow(data) subset before=6806"
[1] "nrow(data) subset after =6806"
[1] "nrow(data) subset diff =0"
[1] "--------------------------------------------------------------------------------"
[1] "2022-02-26 18:31:47 --- subset Finish---"
[1] "2022-02-26 18:31:47 --- transform Start ---"
[1] "--------------------------------------------------------------------------------"
[1] "nrow(data) transform before=6806"
[1] "nrow(data) transform after=6806"
[1] "nrow(data) transform diff=0"
[1] "--------------------------------------------------------------------------------"
[1] "str(data)="
'data.frame':	6806 obs. of  44 variables:
 $ Race.RaceId                      : Factor w/ 529 levels "20160117-07-01-02-11",..: 7 8 7 9 10 11 12 13 14 15 ...
 $ Race.IsAnalyzeNormalPastAndFuture: logi  TRUE TRUE TRUE TRUE TRUE TRUE ...
 $ Race.IsAnalyzeNormalPast         : logi  TRUE TRUE TRUE TRUE TRUE TRUE ...
 $ Race.IsAnalyzeNormalFuture       : logi  FALSE FALSE FALSE FALSE FALSE FALSE ...
 $ Race.IsAnalyzeFullPastAndFuture  : logi  TRUE TRUE TRUE TRUE TRUE TRUE ...
 $ Race.IsAnalyzeFullPast           : logi  TRUE TRUE TRUE TRUE TRUE TRUE ...
 $ Race.IsAnalyzeFullFuture         : logi  FALSE FALSE FALSE FALSE FALSE FALSE ...
 $ Race.JyokenCd                    : Factor w/ 1 level "2": 1 1 1 1 1 1 1 1 1 1 ...
 $ Race.JyoType1Cd                  : Factor w/ 112 levels "1-07-1200-2-1",..: 7 8 7 9 10 10 11 5 12 13 ...
 $ Race.RaceType1Cd                 : Factor w/ 3 levels "1-2-E-1","1-2-E-3",..: 1 1 1 1 1 1 3 3 2 2 ...
 $ RaceHorse.RaceId                 : Factor w/ 529 levels "20160117-07-01-02-11",..: 7 8 7 9 10 11 12 13 14 15 ...
 $ RaceHorse.KettoNum               : Factor w/ 1438 levels "2007101820","2007104687",..: 4 4 9 10 11 11 12 13 14 14 ...
 $ RaceHorse.IsHit1                 : num  0 0 0 0 0 0 0 0 0 0 ...
 $ RaceHorse.IsHit2                 : num  0 0 0 0 0 0 0 0 0 0 ...
 $ RaceHorse.IsHit3                 : num  0 1 0 0 0 0 0 0 0 0 ...
 $ RaceHorse.IsHit4                 : num  0 0 0 0 0 0 0 0 0 0 ...
 $ RaceHorse.IsHit5                 : num  0 0 1 0 0 0 1 0 0 0 ...
 $ RaceHorse.IsHit6                 : num  1 0 0 1 1 1 0 1 1 1 ...
 $ RaceHorse.IsValidRaceHorse       : logi  TRUE TRUE TRUE TRUE TRUE TRUE ...
 $ RaceHorse.TimeSdvByRace          : num  0.0152 0.8566 0.7442 -0.0599 -0.2182 ...
 $ RaceHorse.TimeSdv                : num  -0.411 1.2869 -0.0479 1.8653 -0.7082 ...
 $ RaceHorse.IsHitA                 : num  0 0 0 0 0 0 0 0 0 0 ...
 $ RaceHorse.IsHitB                 : num  0 0 0 0 0 0 0 0 0 0 ...
 $ RaceHorse.IsHitC                 : num  0 1 0 0 0 0 0 0 0 0 ...
 $ Horse.KettoNum                   : Factor w/ 1438 levels "2007101820","2007104687",..: 4 4 9 10 11 11 12 13 14 14 ...
 $ Horse.TimeSdvByRaceAvg           : num  0.414 0.371 0.491 -0.272 0.312 ...
 $ Horse.TimeSdvByRaceMin           : num  -1.534 -1.534 -0.258 -2.29 -1.263 ...
 $ Horse.TimeSdvByRaceMax           : num  1.65 1.65 1.23 1.94 1.55 ...
 $ Horse.TimeSdvAvg                 : num  0.3509 0.2927 0.5002 -0.0647 0.1881 ...
 $ Horse.TimeSdvMin                 : num  -1.72 -1.72 -2.99 -2.14 -1.62 ...
 $ Horse.TimeSdvMax                 : num  2.01 2.01 1.74 1.69 1.61 ...
 $ Horse.OrderOfFinishSdvAvg        : num  0.355 0.326 0.483 -0.255 0.267 ...
 $ Horse.RunCount                   : num  56 68 42 43 39 29 35 85 45 46 ...
 $ Horse.HitCount1                  : num  4 4 4 3 2 2 4 4 2 2 ...
 $ Horse.HitCount2                  : num  7 7 2 2 5 5 7 10 5 5 ...
 $ Horse.HitCount3                  : num  5 6 4 2 0 0 5 12 6 6 ...
 $ Horse.HitCount4                  : num  8 12 6 3 6 5 4 19 4 4 ...
 $ Horse.HitCount5                  : num  5 5 4 0 4 4 0 6 6 6 ...
 $ Horse.HitRate1                   : num  0.0714 0.0588 0.0952 0.0698 0.0513 ...
 $ Horse.HitRate2                   : num  0.125 0.1029 0.0476 0.0465 0.1282 ...
 $ Horse.HitRate3                   : num  0.0893 0.0882 0.0952 0.0465 0 ...
 $ Horse.HitRate4                   : num  0.1429 0.1765 0.1429 0.0698 0.1538 ...
 $ Horse.HitRate5                   : num  0.0893 0.0735 0.0952 0 0.1026 ...
 $ EOF                              : int  1 1 1 1 1 1 1 1 1 1 ...
NULL
[1] "2022-02-26 18:31:47 --- transform Finish ---"
[1] "2022-02-26 18:31:47 --- na.omit Start ---"
[1] "--------------------------------------------------------------------------------"
[1] "nrow(data) na.omit before=6806"
[1] "nrow(data) na.omit after =6758"
[1] "nrow(data) na.omit diff =48"
[1] "--------------------------------------------------------------------------------"
'data.frame':	6758 obs. of  44 variables:
 $ Race.RaceId                      : Factor w/ 529 levels "20160117-07-01-02-11",..: 7 8 7 9 10 11 12 13 14 15 ...
 $ Race.IsAnalyzeNormalPastAndFuture: logi  TRUE TRUE TRUE TRUE TRUE TRUE ...
 $ Race.IsAnalyzeNormalPast         : logi  TRUE TRUE TRUE TRUE TRUE TRUE ...
 $ Race.IsAnalyzeNormalFuture       : logi  FALSE FALSE FALSE FALSE FALSE FALSE ...
 $ Race.IsAnalyzeFullPastAndFuture  : logi  TRUE TRUE TRUE TRUE TRUE TRUE ...
 $ Race.IsAnalyzeFullPast           : logi  TRUE TRUE TRUE TRUE TRUE TRUE ...
 $ Race.IsAnalyzeFullFuture         : logi  FALSE FALSE FALSE FALSE FALSE FALSE ...
 $ Race.JyokenCd                    : Factor w/ 1 level "2": 1 1 1 1 1 1 1 1 1 1 ...
 $ Race.JyoType1Cd                  : Factor w/ 112 levels "1-07-1200-2-1",..: 7 8 7 9 10 10 11 5 12 13 ...
 $ Race.RaceType1Cd                 : Factor w/ 3 levels "1-2-E-1","1-2-E-3",..: 1 1 1 1 1 1 3 3 2 2 ...
 $ RaceHorse.RaceId                 : Factor w/ 529 levels "20160117-07-01-02-11",..: 7 8 7 9 10 11 12 13 14 15 ...
 $ RaceHorse.KettoNum               : Factor w/ 1438 levels "2007101820","2007104687",..: 4 4 9 10 11 11 12 13 14 14 ...
 $ RaceHorse.IsHit1                 : num  0 0 0 0 0 0 0 0 0 0 ...
 $ RaceHorse.IsHit2                 : num  0 0 0 0 0 0 0 0 0 0 ...
 $ RaceHorse.IsHit3                 : num  0 1 0 0 0 0 0 0 0 0 ...
 $ RaceHorse.IsHit4                 : num  0 0 0 0 0 0 0 0 0 0 ...
 $ RaceHorse.IsHit5                 : num  0 0 1 0 0 0 1 0 0 0 ...
 $ RaceHorse.IsHit6                 : num  1 0 0 1 1 1 0 1 1 1 ...
 $ RaceHorse.IsValidRaceHorse       : logi  TRUE TRUE TRUE TRUE TRUE TRUE ...
 $ RaceHorse.TimeSdvByRace          : num  0.0152 0.8566 0.7442 -0.0599 -0.2182 ...
 $ RaceHorse.TimeSdv                : num  -0.411 1.2869 -0.0479 1.8653 -0.7082 ...
 $ RaceHorse.IsHitA                 : num  0 0 0 0 0 0 0 0 0 0 ...
 $ RaceHorse.IsHitB                 : num  0 0 0 0 0 0 0 0 0 0 ...
 $ RaceHorse.IsHitC                 : num  0 1 0 0 0 0 0 0 0 0 ...
 $ Horse.KettoNum                   : Factor w/ 1438 levels "2007101820","2007104687",..: 4 4 9 10 11 11 12 13 14 14 ...
 $ Horse.TimeSdvByRaceAvg           : num  0.414 0.371 0.491 -0.272 0.312 ...
 $ Horse.TimeSdvByRaceMin           : num  -1.534 -1.534 -0.258 -2.29 -1.263 ...
 $ Horse.TimeSdvByRaceMax           : num  1.65 1.65 1.23 1.94 1.55 ...
 $ Horse.TimeSdvAvg                 : num  0.3509 0.2927 0.5002 -0.0647 0.1881 ...
 $ Horse.TimeSdvMin                 : num  -1.72 -1.72 -2.99 -2.14 -1.62 ...
 $ Horse.TimeSdvMax                 : num  2.01 2.01 1.74 1.69 1.61 ...
 $ Horse.OrderOfFinishSdvAvg        : num  0.355 0.326 0.483 -0.255 0.267 ...
 $ Horse.RunCount                   : num  56 68 42 43 39 29 35 85 45 46 ...
 $ Horse.HitCount1                  : num  4 4 4 3 2 2 4 4 2 2 ...
 $ Horse.HitCount2                  : num  7 7 2 2 5 5 7 10 5 5 ...
 $ Horse.HitCount3                  : num  5 6 4 2 0 0 5 12 6 6 ...
 $ Horse.HitCount4                  : num  8 12 6 3 6 5 4 19 4 4 ...
 $ Horse.HitCount5                  : num  5 5 4 0 4 4 0 6 6 6 ...
 $ Horse.HitRate1                   : num  0.0714 0.0588 0.0952 0.0698 0.0513 ...
 $ Horse.HitRate2                   : num  0.125 0.1029 0.0476 0.0465 0.1282 ...
 $ Horse.HitRate3                   : num  0.0893 0.0882 0.0952 0.0465 0 ...
 $ Horse.HitRate4                   : num  0.1429 0.1765 0.1429 0.0698 0.1538 ...
 $ Horse.HitRate5                   : num  0.0893 0.0735 0.0952 0 0.1026 ...
 $ EOF                              : int  1 1 1 1 1 1 1 1 1 1 ...
 - attr(*, "na.action")= 'omit' Named int  279 297 724 784 840 893 1126 1161 1199 1569 ...
  ..- attr(*, "names")= chr  "279" "297" "724" "784" ...
[1] "2022-02-26 18:31:47 --- na.omit Finish ---"
[1] "2022-02-26 18:31:47 --- rxGlm with rxStepControl Start ---"

> print(paste0(Sys.time(), " --- source_logic_glm.R Start ---"))
[1] "2022-02-26 18:31:47 --- source_logic_glm.R Start ---"

> formula <- formula(RaceHorse.IsHitA ~ +1 + Horse.TimeSdvByRaceAvg)

> print(paste0(Sys.time(), " --- source_logic_glm.R Finished ---"))
[1] "2022-02-26 18:31:47 --- source_logic_glm.R Finished ---"
Rows Read: 6758, Total Rows Processed: 6758, Total Chunk Time: Less than .001 seconds 

Starting values (iteration 1) time: 0.006 secs.
Rows Read: 6758, Total Rows Processed: 6758, Total Chunk Time: 0.001 seconds 

Iteration 2 time: 0.004 secs.
Rows Read: 6758, Total Rows Processed: 6758, Total Chunk Time: 0.001 seconds 

Iteration 3 time: 0.003 secs.
Rows Read: 6758, Total Rows Processed: 6758, Total Chunk Time: Less than .001 seconds 

Iteration 4 time: 0.004 secs.
Rows Read: 6758, Total Rows Processed: 6758, Total Chunk Time: 0.001 seconds 

Iteration 5 time: 0.004 secs.

Elapsed computation time: 0.035 secs.
Rows Read: 6758, Total Rows Processed: 6758, Total Chunk Time: Less than .001 seconds 

Starting values (iteration 1) time: 0.003 secs.
Rows Read: 6758, Total Rows Processed: 6758, Total Chunk Time: Less than .001 seconds 

Iteration 2 time: 0.004 secs.

Elapsed computation time: 0.015 secs.
Rows Read: 6758, Total Rows Processed: 6758, Total Chunk Time: Less than .001 seconds 

Starting values (iteration 1) time: 0.004 secs.
Rows Read: 6758, Total Rows Processed: 6758, Total Chunk Time: 0.001 seconds 

Iteration 2 time: 0.004 secs.
Rows Read: 6758, Total Rows Processed: 6758, Total Chunk Time: Less than .001 seconds 

Iteration 3 time: 0.004 secs.
Rows Read: 6758, Total Rows Processed: 6758, Total Chunk Time: Less than .001 seconds 

Iteration 4 time: 0.003 secs.
Rows Read: 6758, Total Rows Processed: 6758, Total Chunk Time: 0.001 seconds 

Iteration 5 time: 0.004 secs.

Elapsed computation time: 0.037 secs.

Elapsed computation time: 0.099 secs.
[1] "--------------------------------------------------------------------------------"
[1] "analyze.results.glm.step="
Logistic Regression Results for: RaceHorse.IsHitA ~
    Horse.TimeSdvByRaceAvg
Data: data
Dependent variable(s): RaceHorse.IsHitA
Total independent variables: 2 
Number of valid observations: 6758
Number of missing observations: 0 
 
Coefficients:
                       RaceHorse.IsHitA
(Intercept)                          -4
Horse.TimeSdvByRaceAvg                2
[1] "analyze.results.glm.step.summary"
Call:
rxLogit(formula = formula, data = data, variableSelection = analyze.results.glm.step.varsel)

Logistic Regression Results for: RaceHorse.IsHitA ~
    Horse.TimeSdvByRaceAvg
Data: data
Dependent variable(s): RaceHorse.IsHitA
Total independent variables: 2 
Number of valid observations: 6758
Number of missing observations: 0 
-2*LogLikelihood: 3481.311 (Residual deviance on 6756 degrees of freedom)
 
Coefficients:
                       Estimate Std. Error z value Pr(>|z|)    
(Intercept)              -3.762      0.114   -33.1  2.2e-16 ***
Horse.TimeSdvByRaceAvg    2.212      0.155    14.3  2.2e-16 ***
---
Signif. codes:  0 '***' 0.001 '**' 0.01 '*' 0.05 '.' 0.1 ' ' 1

Condition number of final variance-covariance matrix: 1 
Number of iterations: 5
[1] "--------------------------------------------------------------------------------"
[1] "2022-02-26 18:31:47 --- rxGlm with rxStepControl Finish ---"
[1] "2022-02-26 18:31:47 --- rxStepPlot Start ---"
[1] "pdfFilename=pdf_analyze_glm_Horse_Type12_rxStepPlot.pdf"
[1] "rxStepPlot="
[1] "2022-02-26 18:31:47 --- rxStepPlot Finish ---"
[1] "2022-02-26 18:31:47 --- save.image Start ---"
[1] "save.image"
[1] "rdataFilename=RData_analyze_glm_Horse_Type12.RData"
[1] "2022-02-26 18:31:47 --- save.image Finish ---"
[1] "2022-02-26 18:31:47 --- final Start ---"
[1] "--------------------------------------------------------------------------------"
[1] "nrow(data) final=6758"
[1] "--------------------------------------------------------------------------------"
[1] "2022-02-26 18:31:47 --- final Finish ---"
[1] "2022-02-26 18:31:47 --- analyze_glm.R Finished ---"
[1] "2022-02-26 18:31:47 --- log Finish ---"
