[1] "2022-02-26 17:58:24 --- D1115_analyze_glm_Jockey_IsHitA_Type31 Start ---"
[1] "2022-02-26 17:58:24 --- Log Start ---"
[1] "2022-02-26 17:58:24 --- analyze_glm.R Start ---"
[1] "analyzeVersion=D1115"
[1] "analyzeCategory=analyze"
[1] "analyzeType=Jockey"
[1] "analyzeFamily=IsHitA"
[1] "analyzeFunc=glm"
[1] "analyzeTrackTypeCd=3"
[1] "analyzeJyokenCd=1"
[1] "2022-02-26 17:58:24 --- source_function.R Start ---"
[1] "2022-02-26 17:58:24 --- source_function.R Finished ---"

> print(paste0(Sys.time(), " --- source_library.R Start ---"))
[1] "2022-02-26 17:58:24 --- source_library.R Start ---"

> require("RevoScaleR")

> print(paste0(Sys.time(), " --- source_library.R Finished ---"))
[1] "2022-02-26 17:58:29 --- source_library.R Finished ---"
[1] "2022-02-26 17:58:30 --- RxSqlServerData Start ---"
[1] "2022-02-26 17:58:31 --- RxInSqlServer Start ---"
[1] "2022-02-26 17:58:32 --- RxInSqlServer Finish ---"
[1] "2022-02-26 17:58:34 --- rxSetComputeContext Start ---"
[1] "2022-02-26 17:58:35 --- rxSetComputeContext Finish ---"
[1] "2022-02-26 17:58:36 --- RxSqlServerData Start ---"
[1] "sqlQuery=SELECT * FROM ViewAnalyzeD1115analyze01JockeyType31"
[1] "2022-02-26 17:58:36 --- RxSqlServerData Finish ---"
[1] "2022-02-26 17:58:38 --- rxGetVarInfo Start ---"
[1] "2022-02-26 17:58:42 --- rxGetVarInfo Finish---"
[1] "2022-02-26 17:58:44 --- rxImport Start ---"
Rows Read: 2516, Total Rows Processed: 2516, Total Chunk Time: 6.541 seconds 
[1] "2022-02-26 17:59:00 --- rxImport Finish ---"
[1] "object.size(data) auto=790.7 Kb"
[1] "--------------------------------------------------------------------------------"
[1] "nrow(data) RxSqlServerData=2516"
[1] "--------------------------------------------------------------------------------"
[1] "str(data)="
'data.frame':	2516 obs. of  43 variables:
 $ Race.RaceId                      : Factor w/ 213 levels "20160109-06-01-02-08",..: 1 2 2 3 5 5 6 6 7 8 ...
 $ Race.IsAnalyzeNormalPastAndFuture: logi  TRUE TRUE TRUE TRUE TRUE TRUE ...
 $ Race.IsAnalyzeNormalPast         : logi  TRUE TRUE TRUE TRUE TRUE TRUE ...
 $ Race.IsAnalyzeNormalFuture       : logi  FALSE FALSE FALSE FALSE FALSE FALSE ...
 $ Race.IsAnalyzeFullPastAndFuture  : logi  TRUE TRUE TRUE TRUE TRUE TRUE ...
 $ Race.IsAnalyzeFullPast           : logi  TRUE TRUE TRUE TRUE TRUE TRUE ...
 $ Race.IsAnalyzeFullFuture         : logi  FALSE FALSE FALSE FALSE FALSE FALSE ...
 $ Race.JyokenCd                    : Factor w/ 1 level "1": 1 1 1 1 1 1 1 1 1 1 ...
 $ Race.JyoType1Cd                  : Factor w/ 53 levels "3-06-3200-1-1",..: 1 2 2 3 5 5 4 4 1 6 ...
 $ Race.RaceType1Cd                 : Factor w/ 5 levels "3-1-E-3","3-1-X-3",..: 1 2 2 2 1 1 2 2 2 3 ...
 $ RaceHorse.RaceId                 : Factor w/ 213 levels "20160109-06-01-02-08",..: 1 2 2 3 5 5 6 6 7 8 ...
 $ RaceHorse.KettoNum               : Factor w/ 478 levels "2010104096","2008100219",..: 11 12 13 14 15 16 17 8 18 4 ...
 $ RaceHorse.IsHit1                 : num  1 0 0 0 0 0 0 0 0 0 ...
 $ RaceHorse.IsHit2                 : num  0 0 0 0 0 0 1 0 0 0 ...
 $ RaceHorse.IsHit3                 : num  0 0 0 0 1 0 0 0 0 0 ...
 $ RaceHorse.IsHit4                 : num  0 0 0 0 0 0 0 0 0 0 ...
 $ RaceHorse.IsHit5                 : num  0 0 0 0 0 1 0 0 0 0 ...
 $ RaceHorse.IsHit6                 : num  0 1 1 1 0 0 0 1 1 1 ...
 $ RaceHorse.IsValidRaceHorse       : logi  TRUE TRUE TRUE TRUE TRUE TRUE ...
 $ RaceHorse.TimeSdvByRace          : num  1.058 -0.872 0.323 -1.797 1.274 ...
 $ RaceHorse.TimeSdv                : num  0.844 -0.802 0.445 -1.234 1.363 ...
 $ RaceHorse.IsHitA                 : num  1 0 0 0 0 0 0 0 0 0 ...
 $ RaceHorse.IsHitB                 : num  1 0 0 0 0 0 1 0 0 0 ...
 $ RaceHorse.IsHitC                 : num  1 0 0 0 1 0 1 0 0 0 ...
 $ Jockey.TimeSdvByRaceAvg          : num  0.439 -0.529 -0.12 0.363 0.409 ...
 $ Jockey.TimeSdvByRaceMin          : num  -2.15 -2.81 -2.95 -2.73 -1.83 ...
 $ Jockey.TimeSdvByRaceMax          : num  1.92 0.912 2.03 1.473 1.801 ...
 $ Jockey.TimeSdvAvg                : num  0.105 -0.26 -0.247 0.273 0.142 ...
 $ Jockey.TimeSdvMin                : num  -4.8 -3.4 -5.06 -1.2 -1.59 ...
 $ Jockey.TimeSdvMax                : num  1.89 1.35 1.26 1.69 1.66 ...
 $ Jockey.OrderOfFinishSdvAvg       : num  0.4127 -0.3599 -0.0201 0.4778 0.4677 ...
 $ Jockey.RunCount                  : num  24 20 41 53 25 16 54 50 53 9 ...
 $ Jockey.HitCount1                 : num  6 0 3 7 3 1 7 5 4 0 ...
 $ Jockey.HitCount2                 : num  2 1 3 7 4 1 7 6 7 1 ...
 $ Jockey.HitCount3                 : num  3 2 6 10 1 1 10 8 5 1 ...
 $ Jockey.HitCount4                 : num  1 1 3 5 8 3 5 5 2 0 ...
 $ Jockey.HitCount5                 : num  1 2 4 5 2 0 5 2 2 1 ...
 $ Jockey.HitRate1                  : num  0.25 0 0.0732 0.1321 0.12 ...
 $ Jockey.HitRate2                  : num  0.0833 0.05 0.0732 0.1321 0.16 ...
 $ Jockey.HitRate3                  : num  0.125 0.1 0.146 0.189 0.04 ...
 $ Jockey.HitRate4                  : num  0.0417 0.05 0.0732 0.0943 0.32 ...
 $ Jockey.HitRate5                  : num  0.0417 0.1 0.0976 0.0943 0.08 ...
 $ EOF                              : int  1 1 1 1 1 1 1 1 1 1 ...
[1] "2022-02-26 17:59:26 --- RxSqlServerData Finish ---"
[1] "2022-02-26 17:59:27 --- subset Start ---"
[1] "--------------------------------------------------------------------------------"
[1] "nrow(data) subset before=2516"
[1] "nrow(data) subset after =2516"
[1] "nrow(data) subset diff =0"
[1] "--------------------------------------------------------------------------------"
[1] "2022-02-26 17:59:33 --- subset Finish---"
[1] "2022-02-26 17:59:34 --- transform Start ---"
[1] "--------------------------------------------------------------------------------"
[1] "nrow(data) transform before=2516"
[1] "nrow(data) transform after=2516"
[1] "nrow(data) transform diff=0"
[1] "--------------------------------------------------------------------------------"
[1] "str(data)="
'data.frame':	2516 obs. of  43 variables:
 $ Race.RaceId                      : Factor w/ 213 levels "20160109-06-01-02-08",..: 1 2 2 3 5 5 6 6 7 8 ...
 $ Race.IsAnalyzeNormalPastAndFuture: logi  TRUE TRUE TRUE TRUE TRUE TRUE ...
 $ Race.IsAnalyzeNormalPast         : logi  TRUE TRUE TRUE TRUE TRUE TRUE ...
 $ Race.IsAnalyzeNormalFuture       : logi  FALSE FALSE FALSE FALSE FALSE FALSE ...
 $ Race.IsAnalyzeFullPastAndFuture  : logi  TRUE TRUE TRUE TRUE TRUE TRUE ...
 $ Race.IsAnalyzeFullPast           : logi  TRUE TRUE TRUE TRUE TRUE TRUE ...
 $ Race.IsAnalyzeFullFuture         : logi  FALSE FALSE FALSE FALSE FALSE FALSE ...
 $ Race.JyokenCd                    : Factor w/ 1 level "1": 1 1 1 1 1 1 1 1 1 1 ...
 $ Race.JyoType1Cd                  : Factor w/ 53 levels "3-06-3200-1-1",..: 1 2 2 3 5 5 4 4 1 6 ...
 $ Race.RaceType1Cd                 : Factor w/ 5 levels "3-1-E-3","3-1-X-3",..: 1 2 2 2 1 1 2 2 2 3 ...
 $ RaceHorse.RaceId                 : Factor w/ 213 levels "20160109-06-01-02-08",..: 1 2 2 3 5 5 6 6 7 8 ...
 $ RaceHorse.KettoNum               : Factor w/ 478 levels "2010104096","2008100219",..: 11 12 13 14 15 16 17 8 18 4 ...
 $ RaceHorse.IsHit1                 : num  1 0 0 0 0 0 0 0 0 0 ...
 $ RaceHorse.IsHit2                 : num  0 0 0 0 0 0 1 0 0 0 ...
 $ RaceHorse.IsHit3                 : num  0 0 0 0 1 0 0 0 0 0 ...
 $ RaceHorse.IsHit4                 : num  0 0 0 0 0 0 0 0 0 0 ...
 $ RaceHorse.IsHit5                 : num  0 0 0 0 0 1 0 0 0 0 ...
 $ RaceHorse.IsHit6                 : num  0 1 1 1 0 0 0 1 1 1 ...
 $ RaceHorse.IsValidRaceHorse       : logi  TRUE TRUE TRUE TRUE TRUE TRUE ...
 $ RaceHorse.TimeSdvByRace          : num  1.058 -0.872 0.323 -1.797 1.274 ...
 $ RaceHorse.TimeSdv                : num  0.844 -0.802 0.445 -1.234 1.363 ...
 $ RaceHorse.IsHitA                 : num  1 0 0 0 0 0 0 0 0 0 ...
 $ RaceHorse.IsHitB                 : num  1 0 0 0 0 0 1 0 0 0 ...
 $ RaceHorse.IsHitC                 : num  1 0 0 0 1 0 1 0 0 0 ...
 $ Jockey.TimeSdvByRaceAvg          : num  0.439 -0.529 -0.12 0.363 0.409 ...
 $ Jockey.TimeSdvByRaceMin          : num  -2.15 -2.81 -2.95 -2.73 -1.83 ...
 $ Jockey.TimeSdvByRaceMax          : num  1.92 0.912 2.03 1.473 1.801 ...
 $ Jockey.TimeSdvAvg                : num  0.105 -0.26 -0.247 0.273 0.142 ...
 $ Jockey.TimeSdvMin                : num  -4.8 -3.4 -5.06 -1.2 -1.59 ...
 $ Jockey.TimeSdvMax                : num  1.89 1.35 1.26 1.69 1.66 ...
 $ Jockey.OrderOfFinishSdvAvg       : num  0.4127 -0.3599 -0.0201 0.4778 0.4677 ...
 $ Jockey.RunCount                  : num  24 20 41 53 25 16 54 50 53 9 ...
 $ Jockey.HitCount1                 : num  6 0 3 7 3 1 7 5 4 0 ...
 $ Jockey.HitCount2                 : num  2 1 3 7 4 1 7 6 7 1 ...
 $ Jockey.HitCount3                 : num  3 2 6 10 1 1 10 8 5 1 ...
 $ Jockey.HitCount4                 : num  1 1 3 5 8 3 5 5 2 0 ...
 $ Jockey.HitCount5                 : num  1 2 4 5 2 0 5 2 2 1 ...
 $ Jockey.HitRate1                  : num  0.25 0 0.0732 0.1321 0.12 ...
 $ Jockey.HitRate2                  : num  0.0833 0.05 0.0732 0.1321 0.16 ...
 $ Jockey.HitRate3                  : num  0.125 0.1 0.146 0.189 0.04 ...
 $ Jockey.HitRate4                  : num  0.0417 0.05 0.0732 0.0943 0.32 ...
 $ Jockey.HitRate5                  : num  0.0417 0.1 0.0976 0.0943 0.08 ...
 $ EOF                              : int  1 1 1 1 1 1 1 1 1 1 ...
NULL
[1] "2022-02-26 18:01:04 --- transform Finish ---"
[1] "2022-02-26 18:01:05 --- na.omit Start ---"
[1] "--------------------------------------------------------------------------------"
[1] "nrow(data) na.omit before=2516"
[1] "nrow(data) na.omit after =2399"
[1] "nrow(data) na.omit diff =117"
[1] "--------------------------------------------------------------------------------"
'data.frame':	2399 obs. of  43 variables:
 $ Race.RaceId                      : Factor w/ 213 levels "20160109-06-01-02-08",..: 1 2 2 3 5 5 6 6 7 8 ...
 $ Race.IsAnalyzeNormalPastAndFuture: logi  TRUE TRUE TRUE TRUE TRUE TRUE ...
 $ Race.IsAnalyzeNormalPast         : logi  TRUE TRUE TRUE TRUE TRUE TRUE ...
 $ Race.IsAnalyzeNormalFuture       : logi  FALSE FALSE FALSE FALSE FALSE FALSE ...
 $ Race.IsAnalyzeFullPastAndFuture  : logi  TRUE TRUE TRUE TRUE TRUE TRUE ...
 $ Race.IsAnalyzeFullPast           : logi  TRUE TRUE TRUE TRUE TRUE TRUE ...
 $ Race.IsAnalyzeFullFuture         : logi  FALSE FALSE FALSE FALSE FALSE FALSE ...
 $ Race.JyokenCd                    : Factor w/ 1 level "1": 1 1 1 1 1 1 1 1 1 1 ...
 $ Race.JyoType1Cd                  : Factor w/ 53 levels "3-06-3200-1-1",..: 1 2 2 3 5 5 4 4 1 6 ...
 $ Race.RaceType1Cd                 : Factor w/ 5 levels "3-1-E-3","3-1-X-3",..: 1 2 2 2 1 1 2 2 2 3 ...
 $ RaceHorse.RaceId                 : Factor w/ 213 levels "20160109-06-01-02-08",..: 1 2 2 3 5 5 6 6 7 8 ...
 $ RaceHorse.KettoNum               : Factor w/ 478 levels "2010104096","2008100219",..: 11 12 13 14 15 16 17 8 18 4 ...
 $ RaceHorse.IsHit1                 : num  1 0 0 0 0 0 0 0 0 0 ...
 $ RaceHorse.IsHit2                 : num  0 0 0 0 0 0 1 0 0 0 ...
 $ RaceHorse.IsHit3                 : num  0 0 0 0 1 0 0 0 0 0 ...
 $ RaceHorse.IsHit4                 : num  0 0 0 0 0 0 0 0 0 0 ...
 $ RaceHorse.IsHit5                 : num  0 0 0 0 0 1 0 0 0 0 ...
 $ RaceHorse.IsHit6                 : num  0 1 1 1 0 0 0 1 1 1 ...
 $ RaceHorse.IsValidRaceHorse       : logi  TRUE TRUE TRUE TRUE TRUE TRUE ...
 $ RaceHorse.TimeSdvByRace          : num  1.058 -0.872 0.323 -1.797 1.274 ...
 $ RaceHorse.TimeSdv                : num  0.844 -0.802 0.445 -1.234 1.363 ...
 $ RaceHorse.IsHitA                 : num  1 0 0 0 0 0 0 0 0 0 ...
 $ RaceHorse.IsHitB                 : num  1 0 0 0 0 0 1 0 0 0 ...
 $ RaceHorse.IsHitC                 : num  1 0 0 0 1 0 1 0 0 0 ...
 $ Jockey.TimeSdvByRaceAvg          : num  0.439 -0.529 -0.12 0.363 0.409 ...
 $ Jockey.TimeSdvByRaceMin          : num  -2.15 -2.81 -2.95 -2.73 -1.83 ...
 $ Jockey.TimeSdvByRaceMax          : num  1.92 0.912 2.03 1.473 1.801 ...
 $ Jockey.TimeSdvAvg                : num  0.105 -0.26 -0.247 0.273 0.142 ...
 $ Jockey.TimeSdvMin                : num  -4.8 -3.4 -5.06 -1.2 -1.59 ...
 $ Jockey.TimeSdvMax                : num  1.89 1.35 1.26 1.69 1.66 ...
 $ Jockey.OrderOfFinishSdvAvg       : num  0.4127 -0.3599 -0.0201 0.4778 0.4677 ...
 $ Jockey.RunCount                  : num  24 20 41 53 25 16 54 50 53 9 ...
 $ Jockey.HitCount1                 : num  6 0 3 7 3 1 7 5 4 0 ...
 $ Jockey.HitCount2                 : num  2 1 3 7 4 1 7 6 7 1 ...
 $ Jockey.HitCount3                 : num  3 2 6 10 1 1 10 8 5 1 ...
 $ Jockey.HitCount4                 : num  1 1 3 5 8 3 5 5 2 0 ...
 $ Jockey.HitCount5                 : num  1 2 4 5 2 0 5 2 2 1 ...
 $ Jockey.HitRate1                  : num  0.25 0 0.0732 0.1321 0.12 ...
 $ Jockey.HitRate2                  : num  0.0833 0.05 0.0732 0.1321 0.16 ...
 $ Jockey.HitRate3                  : num  0.125 0.1 0.146 0.189 0.04 ...
 $ Jockey.HitRate4                  : num  0.0417 0.05 0.0732 0.0943 0.32 ...
 $ Jockey.HitRate5                  : num  0.0417 0.1 0.0976 0.0943 0.08 ...
 $ EOF                              : int  1 1 1 1 1 1 1 1 1 1 ...
 - attr(*, "na.action")= 'omit' Named int  15 32 39 54 96 113 141 173 225 258 ...
  ..- attr(*, "names")= chr  "15" "32" "39" "54" ...
[1] "2022-02-26 18:01:41 --- na.omit Finish ---"
[1] "2022-02-26 18:01:41 --- rxGlm with rxStepControl Start ---"

> print(paste0(Sys.time(), " --- source_logic_glm.R Start ---"))
[1] "2022-02-26 18:01:41 --- source_logic_glm.R Start ---"

> formula <- formula(RaceHorse.IsHitA ~ +1 + Jockey.TimeSdvByRaceAvg)

> print(paste0(Sys.time(), " --- source_logic_glm.R Finished ---"))
[1] "2022-02-26 18:01:41 --- source_logic_glm.R Finished ---"
Rows Read: 2399, Total Rows Processed: 2399, Total Chunk Time: 0.001 seconds 

Starting values (iteration 1) time: 0.014 secs.
Rows Read: 2399, Total Rows Processed: 2399, Total Chunk Time: 0.001 seconds 

Iteration 2 time: 0.008 secs.
Rows Read: 2399, Total Rows Processed: 2399, Total Chunk Time: 0.001 seconds 

Iteration 3 time: 0.004 secs.
Rows Read: 2399, Total Rows Processed: 2399, Total Chunk Time: 0.001 seconds 

Iteration 4 time: 0.005 secs.
Rows Read: 2399, Total Rows Processed: 2399, Total Chunk Time: 0.001 seconds 

Iteration 5 time: 0.004 secs.

Elapsed computation time: 0.084 secs.
Rows Read: 2399, Total Rows Processed: 2399, Total Chunk Time: 0.001 seconds 

Starting values (iteration 1) time: 0.004 secs.
Rows Read: 2399, Total Rows Processed: 2399, Total Chunk Time: Less than .001 seconds 

Iteration 2 time: 0.006 secs.

Elapsed computation time: 0.026 secs.
Rows Read: 2399, Total Rows Processed: 2399, Total Chunk Time: 0.001 seconds 

Starting values (iteration 1) time: 0.004 secs.
Rows Read: 2399, Total Rows Processed: 2399, Total Chunk Time: 0.001 seconds 

Iteration 2 time: 0.006 secs.
Rows Read: 2399, Total Rows Processed: 2399, Total Chunk Time: 0.001 seconds 

Iteration 3 time: 0.005 secs.
Rows Read: 2399, Total Rows Processed: 2399, Total Chunk Time: 0.001 seconds 

Iteration 4 time: 0.004 secs.
Rows Read: 2399, Total Rows Processed: 2399, Total Chunk Time: 0.001 seconds 

Iteration 5 time: 0.005 secs.

Elapsed computation time: 0.056 secs.

Elapsed computation time: 0.188 secs.
[1] "--------------------------------------------------------------------------------"
[1] "analyze.results.glm.step="
Logistic Regression Results for: RaceHorse.IsHitA ~
    Jockey.TimeSdvByRaceAvg
Data: data
Dependent variable(s): RaceHorse.IsHitA
Total independent variables: 2 
Number of valid observations: 2399
Number of missing observations: 0 
 
Coefficients:
                        RaceHorse.IsHitA
(Intercept)                           -2
Jockey.TimeSdvByRaceAvg                1
[1] "analyze.results.glm.step.summary"
Call:
rxLogit(formula = formula, data = data, variableSelection = analyze.results.glm.step.varsel)

Logistic Regression Results for: RaceHorse.IsHitA ~
    Jockey.TimeSdvByRaceAvg
Data: data
Dependent variable(s): RaceHorse.IsHitA
Total independent variables: 2 
Number of valid observations: 2399
Number of missing observations: 0 
-2*LogLikelihood: 1400.875 (Residual deviance on 2397 degrees of freedom)
 
Coefficients:
                        Estimate Std. Error z value Pr(>|z|)    
(Intercept)              -2.4309     0.0784  -30.99  2.2e-16 ***
Jockey.TimeSdvByRaceAvg   1.2687     0.2140    5.93  3.1e-09 ***
---
Signif. codes:  0 '***' 0.001 '**' 0.01 '*' 0.05 '.' 0.1 ' ' 1

Condition number of final variance-covariance matrix: 1 
Number of iterations: 5
[1] "--------------------------------------------------------------------------------"
[1] "2022-02-26 18:01:44 --- rxGlm with rxStepControl Finish ---"
[1] "2022-02-26 18:01:44 --- rxStepPlot Start ---"
[1] "pdfFilename=pdf_analyze_glm_Jockey_Type31_rxStepPlot.pdf"
[1] "rxStepPlot="
[1] "2022-02-26 18:01:46 --- rxStepPlot Finish ---"
[1] "2022-02-26 18:01:47 --- save.image Start ---"
[1] "save.image"
[1] "rdataFilename=RData_analyze_glm_Jockey_Type31.RData"
[1] "2022-02-26 18:01:47 --- save.image Finish ---"
[1] "2022-02-26 18:01:47 --- final Start ---"
[1] "--------------------------------------------------------------------------------"
[1] "nrow(data) final=2399"
[1] "--------------------------------------------------------------------------------"
[1] "2022-02-26 18:01:47 --- final Finish ---"
[1] "2022-02-26 18:01:47 --- analyze_glm.R Finished ---"
[1] "2022-02-26 18:01:47 --- log Finish ---"
