[1] "2022-02-26 17:56:54 --- D1115_analyze_glm_Gen01_IsHitA_Type12 Start ---"
[1] "2022-02-26 17:56:54 --- Log Start ---"
[1] "2022-02-26 17:56:54 --- analyze_glm.R Start ---"
[1] "analyzeVersion=D1115"
[1] "analyzeCategory=analyze"
[1] "analyzeType=Gen01"
[1] "analyzeFamily=IsHitA"
[1] "analyzeFunc=glm"
[1] "analyzeTrackTypeCd=1"
[1] "analyzeJyokenCd=2"
[1] "2022-02-26 17:56:55 --- source_function.R Start ---"
[1] "2022-02-26 17:56:55 --- source_function.R Finished ---"

> print(paste0(Sys.time(), " --- source_library.R Start ---"))
[1] "2022-02-26 17:56:55 --- source_library.R Start ---"

> require("RevoScaleR")

> print(paste0(Sys.time(), " --- source_library.R Finished ---"))
[1] "2022-02-26 17:56:56 --- source_library.R Finished ---"
[1] "2022-02-26 17:56:56 --- RxSqlServerData Start ---"
[1] "2022-02-26 17:56:56 --- RxInSqlServer Start ---"
[1] "2022-02-26 17:56:56 --- RxInSqlServer Finish ---"
[1] "2022-02-26 17:56:56 --- rxSetComputeContext Start ---"
[1] "2022-02-26 17:56:56 --- rxSetComputeContext Finish ---"
[1] "2022-02-26 17:56:56 --- RxSqlServerData Start ---"
[1] "sqlQuery=SELECT * FROM ViewAnalyzeD1115analyze01Gen01Type12"
[1] "2022-02-26 17:56:56 --- RxSqlServerData Finish ---"
[1] "2022-02-26 17:56:56 --- rxGetVarInfo Start ---"
[1] "2022-02-26 17:56:56 --- rxGetVarInfo Finish---"
[1] "2022-02-26 17:56:56 --- rxImport Start ---"
Rows Read: 6563, Total Rows Processed: 6563, Total Chunk Time: 32.447 seconds 
[1] "2022-02-26 17:57:40 --- rxImport Finish ---"
[1] "object.size(data) auto=2 Mb"
[1] "--------------------------------------------------------------------------------"
[1] "nrow(data) RxSqlServerData=6563"
[1] "--------------------------------------------------------------------------------"
[1] "str(data)="
'data.frame':	6563 obs. of  44 variables:
 $ Race.RaceId                      : Factor w/ 529 levels "20160117-06-01-06-09",..: 11 12 13 14 15 16 17 18 19 20 ...
 $ Race.IsAnalyzeNormalPastAndFuture: logi  TRUE TRUE TRUE TRUE TRUE TRUE ...
 $ Race.IsAnalyzeNormalPast         : logi  TRUE TRUE TRUE TRUE TRUE TRUE ...
 $ Race.IsAnalyzeNormalFuture       : logi  FALSE FALSE FALSE FALSE FALSE FALSE ...
 $ Race.IsAnalyzeFullPastAndFuture  : logi  TRUE TRUE TRUE TRUE TRUE TRUE ...
 $ Race.IsAnalyzeFullPast           : logi  TRUE TRUE TRUE TRUE TRUE TRUE ...
 $ Race.IsAnalyzeFullFuture         : logi  FALSE FALSE FALSE FALSE FALSE FALSE ...
 $ Race.JyokenCd                    : Factor w/ 1 level "2": 1 1 1 1 1 1 1 1 1 1 ...
 $ Race.JyoType1Cd                  : Factor w/ 112 levels "1-06-1800-2-1",..: 3 11 6 8 9 4 12 13 3 14 ...
 $ Race.RaceType1Cd                 : Factor w/ 3 levels "1-2-E-2","1-2-E-1",..: 2 3 1 2 1 2 1 2 2 2 ...
 $ RaceHorse.RaceId                 : Factor w/ 529 levels "20160117-06-01-06-09",..: 11 12 13 14 15 16 17 18 19 20 ...
 $ RaceHorse.KettoNum               : Factor w/ 1370 levels "2010104875","2012101868",..: 11 12 13 14 15 16 17 18 19 20 ...
 $ RaceHorse.IsHit1                 : num  0 0 0 0 0 0 0 0 0 0 ...
 $ RaceHorse.IsHit2                 : num  0 0 1 0 0 0 0 0 1 0 ...
 $ RaceHorse.IsHit3                 : num  0 1 0 0 0 0 0 0 0 0 ...
 $ RaceHorse.IsHit4                 : num  0 0 0 0 0 1 0 0 0 0 ...
 $ RaceHorse.IsHit5                 : num  0 0 0 0 0 0 0 0 0 0 ...
 $ RaceHorse.IsHit6                 : num  1 0 0 1 1 0 1 1 0 1 ...
 $ RaceHorse.IsValidRaceHorse       : logi  TRUE TRUE TRUE TRUE TRUE TRUE ...
 $ RaceHorse.TimeSdvByRace          : num  -1.1892 1.3075 0.8972 -0.2711 0.0303 ...
 $ RaceHorse.TimeSdv                : num  0.353 0.555 -1.145 1.066 0.519 ...
 $ RaceHorse.IsHitA                 : num  0 0 0 0 0 0 0 0 0 0 ...
 $ RaceHorse.IsHitB                 : num  0 0 1 0 0 0 0 0 1 0 ...
 $ RaceHorse.IsHitC                 : num  0 1 1 0 0 0 0 0 1 0 ...
 $ Gen01.HansyokuNum                : Factor w/ 189 levels "11202084","11201700",..: 3 9 7 10 3 11 12 13 2 7 ...
 $ Gen01.TimeSdvByRaceAvg           : num  0.176 0.204 -0.188 0.231 0.175 ...
 $ Gen01.TimeSdvByRaceMin           : num  -2.281 -0.127 -2.749 -2.415 -2.213 ...
 $ Gen01.TimeSdvByRaceMax           : num  1.83 0.52 1.87 1.2 1.52 ...
 $ Gen01.TimeSdvAvg                 : num  0.0982 0.1042 -0.0364 0.024 0.0674 ...
 $ Gen01.TimeSdvMin                 : num  -3.723 -0.651 -2.78 -1.72 -2.063 ...
 $ Gen01.TimeSdvMax                 : num  1.86 0.6 1.98 1.12 2.47 ...
 $ Gen01.OrderOfFinishSdvAvg        : num  0.134 0.214 -0.22 0.249 0.156 ...
 $ Gen01.RunCount                   : num  162 5 57 11 128 32 55 2 45 178 ...
 $ Gen01.HitCount1                  : num  13 0 1 0 12 4 4 0 1 11 ...
 $ Gen01.HitCount2                  : num  15 0 4 1 15 1 6 0 2 9 ...
 $ Gen01.HitCount3                  : num  17 1 5 2 11 7 6 0 3 11 ...
 $ Gen01.HitCount4                  : num  9 1 5 1 4 1 4 0 1 12 ...
 $ Gen01.HitCount5                  : num  18 0 3 1 13 3 5 0 2 13 ...
 $ Gen01.HitRate1                   : num  0.0802 0 0.0175 0 0.0938 ...
 $ Gen01.HitRate2                   : num  0.0926 0 0.0702 0.0909 0.1172 ...
 $ Gen01.HitRate3                   : num  0.1049 0.2 0.0877 0.1818 0.0859 ...
 $ Gen01.HitRate4                   : num  0.0556 0.2 0.0877 0.0909 0.0312 ...
 $ Gen01.HitRate5                   : num  0.1111 0 0.0526 0.0909 0.1016 ...
 $ EOF                              : int  1 1 1 1 1 1 1 1 1 1 ...
[1] "2022-02-26 17:58:25 --- RxSqlServerData Finish ---"
[1] "2022-02-26 17:58:26 --- subset Start ---"
[1] "--------------------------------------------------------------------------------"
[1] "nrow(data) subset before=6563"
[1] "nrow(data) subset after =6563"
[1] "nrow(data) subset diff =0"
[1] "--------------------------------------------------------------------------------"
[1] "2022-02-26 17:58:31 --- subset Finish---"
[1] "2022-02-26 17:58:31 --- transform Start ---"
[1] "--------------------------------------------------------------------------------"
[1] "nrow(data) transform before=6563"
[1] "nrow(data) transform after=6563"
[1] "nrow(data) transform diff=0"
[1] "--------------------------------------------------------------------------------"
[1] "str(data)="
'data.frame':	6563 obs. of  44 variables:
 $ Race.RaceId                      : Factor w/ 529 levels "20160117-06-01-06-09",..: 11 12 13 14 15 16 17 18 19 20 ...
 $ Race.IsAnalyzeNormalPastAndFuture: logi  TRUE TRUE TRUE TRUE TRUE TRUE ...
 $ Race.IsAnalyzeNormalPast         : logi  TRUE TRUE TRUE TRUE TRUE TRUE ...
 $ Race.IsAnalyzeNormalFuture       : logi  FALSE FALSE FALSE FALSE FALSE FALSE ...
 $ Race.IsAnalyzeFullPastAndFuture  : logi  TRUE TRUE TRUE TRUE TRUE TRUE ...
 $ Race.IsAnalyzeFullPast           : logi  TRUE TRUE TRUE TRUE TRUE TRUE ...
 $ Race.IsAnalyzeFullFuture         : logi  FALSE FALSE FALSE FALSE FALSE FALSE ...
 $ Race.JyokenCd                    : Factor w/ 1 level "2": 1 1 1 1 1 1 1 1 1 1 ...
 $ Race.JyoType1Cd                  : Factor w/ 112 levels "1-06-1800-2-1",..: 3 11 6 8 9 4 12 13 3 14 ...
 $ Race.RaceType1Cd                 : Factor w/ 3 levels "1-2-E-2","1-2-E-1",..: 2 3 1 2 1 2 1 2 2 2 ...
 $ RaceHorse.RaceId                 : Factor w/ 529 levels "20160117-06-01-06-09",..: 11 12 13 14 15 16 17 18 19 20 ...
 $ RaceHorse.KettoNum               : Factor w/ 1370 levels "2010104875","2012101868",..: 11 12 13 14 15 16 17 18 19 20 ...
 $ RaceHorse.IsHit1                 : num  0 0 0 0 0 0 0 0 0 0 ...
 $ RaceHorse.IsHit2                 : num  0 0 1 0 0 0 0 0 1 0 ...
 $ RaceHorse.IsHit3                 : num  0 1 0 0 0 0 0 0 0 0 ...
 $ RaceHorse.IsHit4                 : num  0 0 0 0 0 1 0 0 0 0 ...
 $ RaceHorse.IsHit5                 : num  0 0 0 0 0 0 0 0 0 0 ...
 $ RaceHorse.IsHit6                 : num  1 0 0 1 1 0 1 1 0 1 ...
 $ RaceHorse.IsValidRaceHorse       : logi  TRUE TRUE TRUE TRUE TRUE TRUE ...
 $ RaceHorse.TimeSdvByRace          : num  -1.1892 1.3075 0.8972 -0.2711 0.0303 ...
 $ RaceHorse.TimeSdv                : num  0.353 0.555 -1.145 1.066 0.519 ...
 $ RaceHorse.IsHitA                 : num  0 0 0 0 0 0 0 0 0 0 ...
 $ RaceHorse.IsHitB                 : num  0 0 1 0 0 0 0 0 1 0 ...
 $ RaceHorse.IsHitC                 : num  0 1 1 0 0 0 0 0 1 0 ...
 $ Gen01.HansyokuNum                : Factor w/ 189 levels "11202084","11201700",..: 3 9 7 10 3 11 12 13 2 7 ...
 $ Gen01.TimeSdvByRaceAvg           : num  0.176 0.204 -0.188 0.231 0.175 ...
 $ Gen01.TimeSdvByRaceMin           : num  -2.281 -0.127 -2.749 -2.415 -2.213 ...
 $ Gen01.TimeSdvByRaceMax           : num  1.83 0.52 1.87 1.2 1.52 ...
 $ Gen01.TimeSdvAvg                 : num  0.0982 0.1042 -0.0364 0.024 0.0674 ...
 $ Gen01.TimeSdvMin                 : num  -3.723 -0.651 -2.78 -1.72 -2.063 ...
 $ Gen01.TimeSdvMax                 : num  1.86 0.6 1.98 1.12 2.47 ...
 $ Gen01.OrderOfFinishSdvAvg        : num  0.134 0.214 -0.22 0.249 0.156 ...
 $ Gen01.RunCount                   : num  162 5 57 11 128 32 55 2 45 178 ...
 $ Gen01.HitCount1                  : num  13 0 1 0 12 4 4 0 1 11 ...
 $ Gen01.HitCount2                  : num  15 0 4 1 15 1 6 0 2 9 ...
 $ Gen01.HitCount3                  : num  17 1 5 2 11 7 6 0 3 11 ...
 $ Gen01.HitCount4                  : num  9 1 5 1 4 1 4 0 1 12 ...
 $ Gen01.HitCount5                  : num  18 0 3 1 13 3 5 0 2 13 ...
 $ Gen01.HitRate1                   : num  0.0802 0 0.0175 0 0.0938 ...
 $ Gen01.HitRate2                   : num  0.0926 0 0.0702 0.0909 0.1172 ...
 $ Gen01.HitRate3                   : num  0.1049 0.2 0.0877 0.1818 0.0859 ...
 $ Gen01.HitRate4                   : num  0.0556 0.2 0.0877 0.0909 0.0312 ...
 $ Gen01.HitRate5                   : num  0.1111 0 0.0526 0.0909 0.1016 ...
 $ EOF                              : int  1 1 1 1 1 1 1 1 1 1 ...
NULL
[1] "2022-02-26 17:59:12 --- transform Finish ---"
[1] "2022-02-26 17:59:13 --- na.omit Start ---"
[1] "--------------------------------------------------------------------------------"
[1] "nrow(data) na.omit before=6563"
[1] "nrow(data) na.omit after =6518"
[1] "nrow(data) na.omit diff =45"
[1] "--------------------------------------------------------------------------------"
'data.frame':	6518 obs. of  44 variables:
 $ Race.RaceId                      : Factor w/ 529 levels "20160117-06-01-06-09",..: 11 12 13 14 15 16 17 18 19 20 ...
 $ Race.IsAnalyzeNormalPastAndFuture: logi  TRUE TRUE TRUE TRUE TRUE TRUE ...
 $ Race.IsAnalyzeNormalPast         : logi  TRUE TRUE TRUE TRUE TRUE TRUE ...
 $ Race.IsAnalyzeNormalFuture       : logi  FALSE FALSE FALSE FALSE FALSE FALSE ...
 $ Race.IsAnalyzeFullPastAndFuture  : logi  TRUE TRUE TRUE TRUE TRUE TRUE ...
 $ Race.IsAnalyzeFullPast           : logi  TRUE TRUE TRUE TRUE TRUE TRUE ...
 $ Race.IsAnalyzeFullFuture         : logi  FALSE FALSE FALSE FALSE FALSE FALSE ...
 $ Race.JyokenCd                    : Factor w/ 1 level "2": 1 1 1 1 1 1 1 1 1 1 ...
 $ Race.JyoType1Cd                  : Factor w/ 112 levels "1-06-1800-2-1",..: 3 11 6 8 9 4 12 13 3 14 ...
 $ Race.RaceType1Cd                 : Factor w/ 3 levels "1-2-E-2","1-2-E-1",..: 2 3 1 2 1 2 1 2 2 2 ...
 $ RaceHorse.RaceId                 : Factor w/ 529 levels "20160117-06-01-06-09",..: 11 12 13 14 15 16 17 18 19 20 ...
 $ RaceHorse.KettoNum               : Factor w/ 1370 levels "2010104875","2012101868",..: 11 12 13 14 15 16 17 18 19 20 ...
 $ RaceHorse.IsHit1                 : num  0 0 0 0 0 0 0 0 0 0 ...
 $ RaceHorse.IsHit2                 : num  0 0 1 0 0 0 0 0 1 0 ...
 $ RaceHorse.IsHit3                 : num  0 1 0 0 0 0 0 0 0 0 ...
 $ RaceHorse.IsHit4                 : num  0 0 0 0 0 1 0 0 0 0 ...
 $ RaceHorse.IsHit5                 : num  0 0 0 0 0 0 0 0 0 0 ...
 $ RaceHorse.IsHit6                 : num  1 0 0 1 1 0 1 1 0 1 ...
 $ RaceHorse.IsValidRaceHorse       : logi  TRUE TRUE TRUE TRUE TRUE TRUE ...
 $ RaceHorse.TimeSdvByRace          : num  -1.1892 1.3075 0.8972 -0.2711 0.0303 ...
 $ RaceHorse.TimeSdv                : num  0.353 0.555 -1.145 1.066 0.519 ...
 $ RaceHorse.IsHitA                 : num  0 0 0 0 0 0 0 0 0 0 ...
 $ RaceHorse.IsHitB                 : num  0 0 1 0 0 0 0 0 1 0 ...
 $ RaceHorse.IsHitC                 : num  0 1 1 0 0 0 0 0 1 0 ...
 $ Gen01.HansyokuNum                : Factor w/ 189 levels "11202084","11201700",..: 3 9 7 10 3 11 12 13 2 7 ...
 $ Gen01.TimeSdvByRaceAvg           : num  0.176 0.204 -0.188 0.231 0.175 ...
 $ Gen01.TimeSdvByRaceMin           : num  -2.281 -0.127 -2.749 -2.415 -2.213 ...
 $ Gen01.TimeSdvByRaceMax           : num  1.83 0.52 1.87 1.2 1.52 ...
 $ Gen01.TimeSdvAvg                 : num  0.0982 0.1042 -0.0364 0.024 0.0674 ...
 $ Gen01.TimeSdvMin                 : num  -3.723 -0.651 -2.78 -1.72 -2.063 ...
 $ Gen01.TimeSdvMax                 : num  1.86 0.6 1.98 1.12 2.47 ...
 $ Gen01.OrderOfFinishSdvAvg        : num  0.134 0.214 -0.22 0.249 0.156 ...
 $ Gen01.RunCount                   : num  162 5 57 11 128 32 55 2 45 178 ...
 $ Gen01.HitCount1                  : num  13 0 1 0 12 4 4 0 1 11 ...
 $ Gen01.HitCount2                  : num  15 0 4 1 15 1 6 0 2 9 ...
 $ Gen01.HitCount3                  : num  17 1 5 2 11 7 6 0 3 11 ...
 $ Gen01.HitCount4                  : num  9 1 5 1 4 1 4 0 1 12 ...
 $ Gen01.HitCount5                  : num  18 0 3 1 13 3 5 0 2 13 ...
 $ Gen01.HitRate1                   : num  0.0802 0 0.0175 0 0.0938 ...
 $ Gen01.HitRate2                   : num  0.0926 0 0.0702 0.0909 0.1172 ...
 $ Gen01.HitRate3                   : num  0.1049 0.2 0.0877 0.1818 0.0859 ...
 $ Gen01.HitRate4                   : num  0.0556 0.2 0.0877 0.0909 0.0312 ...
 $ Gen01.HitRate5                   : num  0.1111 0 0.0526 0.0909 0.1016 ...
 $ EOF                              : int  1 1 1 1 1 1 1 1 1 1 ...
 - attr(*, "na.action")= 'omit' Named int  107 212 314 408 514 663 834 1001 1134 1196 ...
  ..- attr(*, "names")= chr  "107" "212" "314" "408" ...
[1] "2022-02-26 18:00:14 --- na.omit Finish ---"
[1] "2022-02-26 18:00:15 --- rxGlm with rxStepControl Start ---"

> print(paste0(Sys.time(), " --- source_logic_glm.R Start ---"))
[1] "2022-02-26 18:00:17 --- source_logic_glm.R Start ---"

> formula <- formula(RaceHorse.IsHitA ~ +1 + Gen01.TimeSdvByRaceAvg)

> print(paste0(Sys.time(), " --- source_logic_glm.R Finished ---"))
[1] "2022-02-26 18:00:22 --- source_logic_glm.R Finished ---"
Rows Read: 6518, Total Rows Processed: 6518, Total Chunk Time: 0.001 seconds 

Starting values (iteration 1) time: 0.008 secs.
Rows Read: 6518, Total Rows Processed: 6518, Total Chunk Time: 0.001 seconds 

Iteration 2 time: 0.006 secs.
Rows Read: 6518, Total Rows Processed: 6518, Total Chunk Time: Less than .001 seconds 

Iteration 3 time: 0.005 secs.
Rows Read: 6518, Total Rows Processed: 6518, Total Chunk Time: Less than .001 seconds 

Iteration 4 time: 0.006 secs.

Elapsed computation time: 0.093 secs.
Rows Read: 6518, Total Rows Processed: 6518, Total Chunk Time: 0.001 seconds 

Starting values (iteration 1) time: 0.005 secs.
Rows Read: 6518, Total Rows Processed: 6518, Total Chunk Time: 0.001 seconds 

Iteration 2 time: 0.008 secs.

Elapsed computation time: 0.023 secs.
Rows Read: 6518, Total Rows Processed: 6518, Total Chunk Time: 0.001 seconds 

Starting values (iteration 1) time: 0.006 secs.
Rows Read: 6518, Total Rows Processed: 6518, Total Chunk Time: 0.002 seconds 

Iteration 2 time: 0.006 secs.
Rows Read: 6518, Total Rows Processed: 6518, Total Chunk Time: 0.001 seconds 

Iteration 3 time: 0.006 secs.
Rows Read: 6518, Total Rows Processed: 6518, Total Chunk Time: Less than .001 seconds 

Iteration 4 time: 0.004 secs.

Elapsed computation time: 0.043 secs.

Elapsed computation time: 0.180 secs.
[1] "--------------------------------------------------------------------------------"
[1] "analyze.results.glm.step="
Logistic Regression Results for: RaceHorse.IsHitA ~
    Gen01.TimeSdvByRaceAvg
Data: data
Dependent variable(s): RaceHorse.IsHitA
Total independent variables: 2 
Number of valid observations: 6518
Number of missing observations: 0 
 
Coefficients:
                       RaceHorse.IsHitA
(Intercept)                        -2.5
Gen01.TimeSdvByRaceAvg              0.6
[1] "analyze.results.glm.step.summary"
Call:
rxLogit(formula = formula, data = data, variableSelection = analyze.results.glm.step.varsel)

Logistic Regression Results for: RaceHorse.IsHitA ~
    Gen01.TimeSdvByRaceAvg
Data: data
Dependent variable(s): RaceHorse.IsHitA
Total independent variables: 2 
Number of valid observations: 6518
Number of missing observations: 0 
-2*LogLikelihood: 3522.305 (Residual deviance on 6516 degrees of freedom)
 
Coefficients:
                       Estimate Std. Error z value Pr(>|z|)    
(Intercept)             -2.5379     0.0494   -51.4  2.2e-16 ***
Gen01.TimeSdvByRaceAvg   0.6046     0.1342     4.5  6.7e-06 ***
---
Signif. codes:  0 '***' 0.001 '**' 0.01 '*' 0.05 '.' 0.1 ' ' 1

Condition number of final variance-covariance matrix: 1 
Number of iterations: 4
[1] "--------------------------------------------------------------------------------"
[1] "2022-02-26 18:00:25 --- rxGlm with rxStepControl Finish ---"
[1] "2022-02-26 18:00:25 --- rxStepPlot Start ---"
[1] "pdfFilename=pdf_analyze_glm_Gen01_Type12_rxStepPlot.pdf"
[1] "rxStepPlot="
[1] "2022-02-26 18:00:25 --- rxStepPlot Finish ---"
[1] "2022-02-26 18:00:26 --- save.image Start ---"
[1] "save.image"
[1] "rdataFilename=RData_analyze_glm_Gen01_Type12.RData"
[1] "2022-02-26 18:00:29 --- save.image Finish ---"
[1] "2022-02-26 18:00:32 --- final Start ---"
[1] "--------------------------------------------------------------------------------"
[1] "nrow(data) final=6518"
[1] "--------------------------------------------------------------------------------"
[1] "2022-02-26 18:00:43 --- final Finish ---"
[1] "2022-02-26 18:00:45 --- analyze_glm.R Finished ---"
[1] "2022-02-26 18:00:47 --- log Finish ---"
