[1] "2022-02-26 17:58:15 --- D1115_analyze_glm_Horse_IsHitA_Type35 Start ---"
[1] "2022-02-26 17:58:15 --- Log Start ---"
[1] "2022-02-26 17:58:15 --- analyze_glm.R Start ---"
[1] "analyzeVersion=D1115"
[1] "analyzeCategory=analyze"
[1] "analyzeType=Horse"
[1] "analyzeFamily=IsHitA"
[1] "analyzeFunc=glm"
[1] "analyzeTrackTypeCd=3"
[1] "analyzeJyokenCd=5"
[1] "2022-02-26 17:58:15 --- source_function.R Start ---"
[1] "2022-02-26 17:58:15 --- source_function.R Finished ---"

> print(paste0(Sys.time(), " --- source_library.R Start ---"))
[1] "2022-02-26 17:58:15 --- source_library.R Start ---"

> require("RevoScaleR")

> print(paste0(Sys.time(), " --- source_library.R Finished ---"))
[1] "2022-02-26 17:58:20 --- source_library.R Finished ---"
[1] "2022-02-26 17:58:22 --- RxSqlServerData Start ---"
[1] "2022-02-26 17:58:22 --- RxInSqlServer Start ---"
[1] "2022-02-26 17:58:23 --- RxInSqlServer Finish ---"
[1] "2022-02-26 17:58:25 --- rxSetComputeContext Start ---"
[1] "2022-02-26 17:58:26 --- rxSetComputeContext Finish ---"
[1] "2022-02-26 17:58:29 --- RxSqlServerData Start ---"
[1] "sqlQuery=SELECT * FROM ViewAnalyzeD1115analyze01HorseType35"
[1] "2022-02-26 17:58:29 --- RxSqlServerData Finish ---"
[1] "2022-02-26 17:58:31 --- rxGetVarInfo Start ---"
[1] "2022-02-26 17:58:35 --- rxGetVarInfo Finish---"
[1] "2022-02-26 17:58:35 --- rxImport Start ---"
Rows Read: 5316, Total Rows Processed: 5316, Total Chunk Time: 653.734 seconds 
[1] "2022-02-26 18:26:21 --- rxImport Finish ---"
[1] "object.size(data) auto=1.8 Mb"
[1] "--------------------------------------------------------------------------------"
[1] "nrow(data) RxSqlServerData=5316"
[1] "--------------------------------------------------------------------------------"
[1] "str(data)="
'data.frame':	5316 obs. of  44 variables:
 $ Race.RaceId                      : Factor w/ 419 levels "20160327-09-02-02-04",..: 8 9 10 9 10 11 12 13 9 13 ...
 $ Race.IsAnalyzeNormalPastAndFuture: logi  TRUE TRUE TRUE TRUE TRUE TRUE ...
 $ Race.IsAnalyzeNormalPast         : logi  TRUE TRUE TRUE TRUE TRUE TRUE ...
 $ Race.IsAnalyzeNormalFuture       : logi  FALSE FALSE FALSE FALSE FALSE FALSE ...
 $ Race.IsAnalyzeFullPastAndFuture  : logi  TRUE TRUE TRUE TRUE TRUE TRUE ...
 $ Race.IsAnalyzeFullPast           : logi  TRUE TRUE TRUE TRUE TRUE TRUE ...
 $ Race.IsAnalyzeFullFuture         : logi  FALSE FALSE FALSE FALSE FALSE FALSE ...
 $ Race.JyokenCd                    : Factor w/ 1 level "5": 1 1 1 1 1 1 1 1 1 1 ...
 $ Race.JyoType1Cd                  : Factor w/ 34 levels "3-09-2970-5-1",..: 1 5 6 5 6 7 8 2 5 2 ...
 $ Race.RaceType1Cd                 : Factor w/ 1 level "3-5-X-3": 1 1 1 1 1 1 1 1 1 1 ...
 $ RaceHorse.RaceId                 : Factor w/ 419 levels "20160327-09-02-02-04",..: 8 9 10 9 10 11 12 13 9 13 ...
 $ RaceHorse.KettoNum               : Factor w/ 1604 levels "2008100495","2008101012",..: 3 3 10 11 12 13 7 14 15 16 ...
 $ RaceHorse.IsHit1                 : num  0 0 0 0 1 0 0 0 0 0 ...
 $ RaceHorse.IsHit2                 : num  0 1 0 0 0 0 0 0 0 0 ...
 $ RaceHorse.IsHit3                 : num  0 0 0 0 0 1 0 0 0 0 ...
 $ RaceHorse.IsHit4                 : num  0 0 0 0 0 0 0 0 0 0 ...
 $ RaceHorse.IsHit5                 : num  0 0 0 0 0 0 0 0 0 0 ...
 $ RaceHorse.IsHit6                 : num  1 0 0 1 0 0 1 1 1 1 ...
 $ RaceHorse.IsValidRaceHorse       : logi  TRUE TRUE FALSE TRUE TRUE TRUE ...
 $ RaceHorse.TimeSdvByRace          : num  0.433 1.026 NA -0.877 1.245 ...
 $ RaceHorse.TimeSdv                : num  0.358 0.463 NA -0.555 1.189 ...
 $ RaceHorse.IsHitA                 : num  0 0 0 0 1 0 0 0 0 0 ...
 $ RaceHorse.IsHitB                 : num  0 1 0 0 1 0 0 0 0 0 ...
 $ RaceHorse.IsHitC                 : num  0 1 0 0 1 1 0 0 0 0 ...
 $ Horse.KettoNum                   : Factor w/ 1604 levels "2008100495","2008101012",..: 3 3 10 11 12 13 7 14 15 16 ...
 $ Horse.TimeSdvByRaceAvg           : num  0.3773 0.3837 -0.0176 0.256 0.3138 ...
 $ Horse.TimeSdvByRaceMin           : num  -1.61 -1.61 -2.87 -2.33 -1.29 ...
 $ Horse.TimeSdvByRaceMax           : num  1.75 1.75 1.63 2.2 2.06 ...
 $ Horse.TimeSdvAvg                 : num  0.245 0.251 -0.147 0.22 0.214 ...
 $ Horse.TimeSdvMin                 : num  -2.2 -2.2 -3.65 -1.02 -2.28 ...
 $ Horse.TimeSdvMax                 : num  2.38 2.38 1.72 1.62 1.64 ...
 $ Horse.OrderOfFinishSdvAvg        : num  0.3778 0.3839 0.0806 0.0514 0.1349 ...
 $ Horse.RunCount                   : num  65 67 30 42 33 36 58 21 29 6 ...
 $ Horse.HitCount1                  : num  5 5 2 3 3 2 2 0 0 0 ...
 $ Horse.HitCount2                  : num  4 4 6 1 5 5 6 0 0 0 ...
 $ Horse.HitCount3                  : num  9 10 1 1 1 1 9 1 6 0 ...
 $ Horse.HitCount4                  : num  8 8 2 2 2 5 7 1 1 0 ...
 $ Horse.HitCount5                  : num  4 4 3 3 3 2 7 0 4 0 ...
 $ Horse.HitRate1                   : num  0.0769 0.0746 0.0667 0.0714 0.0909 ...
 $ Horse.HitRate2                   : num  0.0615 0.0597 0.2 0.0238 0.1515 ...
 $ Horse.HitRate3                   : num  0.1385 0.1493 0.0333 0.0238 0.0303 ...
 $ Horse.HitRate4                   : num  0.1231 0.1194 0.0667 0.0476 0.0606 ...
 $ Horse.HitRate5                   : num  0.0615 0.0597 0.1 0.0714 0.0909 ...
 $ EOF                              : int  1 1 1 1 1 1 1 1 1 1 ...
[1] "2022-02-26 18:26:21 --- RxSqlServerData Finish ---"
[1] "2022-02-26 18:26:21 --- subset Start ---"
[1] "--------------------------------------------------------------------------------"
[1] "nrow(data) subset before=5316"
[1] "nrow(data) subset after =5316"
[1] "nrow(data) subset diff =0"
[1] "--------------------------------------------------------------------------------"
[1] "2022-02-26 18:26:21 --- subset Finish---"
[1] "2022-02-26 18:26:21 --- transform Start ---"
[1] "--------------------------------------------------------------------------------"
[1] "nrow(data) transform before=5316"
[1] "nrow(data) transform after=5316"
[1] "nrow(data) transform diff=0"
[1] "--------------------------------------------------------------------------------"
[1] "str(data)="
'data.frame':	5316 obs. of  44 variables:
 $ Race.RaceId                      : Factor w/ 419 levels "20160327-09-02-02-04",..: 8 9 10 9 10 11 12 13 9 13 ...
 $ Race.IsAnalyzeNormalPastAndFuture: logi  TRUE TRUE TRUE TRUE TRUE TRUE ...
 $ Race.IsAnalyzeNormalPast         : logi  TRUE TRUE TRUE TRUE TRUE TRUE ...
 $ Race.IsAnalyzeNormalFuture       : logi  FALSE FALSE FALSE FALSE FALSE FALSE ...
 $ Race.IsAnalyzeFullPastAndFuture  : logi  TRUE TRUE TRUE TRUE TRUE TRUE ...
 $ Race.IsAnalyzeFullPast           : logi  TRUE TRUE TRUE TRUE TRUE TRUE ...
 $ Race.IsAnalyzeFullFuture         : logi  FALSE FALSE FALSE FALSE FALSE FALSE ...
 $ Race.JyokenCd                    : Factor w/ 1 level "5": 1 1 1 1 1 1 1 1 1 1 ...
 $ Race.JyoType1Cd                  : Factor w/ 34 levels "3-09-2970-5-1",..: 1 5 6 5 6 7 8 2 5 2 ...
 $ Race.RaceType1Cd                 : Factor w/ 1 level "3-5-X-3": 1 1 1 1 1 1 1 1 1 1 ...
 $ RaceHorse.RaceId                 : Factor w/ 419 levels "20160327-09-02-02-04",..: 8 9 10 9 10 11 12 13 9 13 ...
 $ RaceHorse.KettoNum               : Factor w/ 1604 levels "2008100495","2008101012",..: 3 3 10 11 12 13 7 14 15 16 ...
 $ RaceHorse.IsHit1                 : num  0 0 0 0 1 0 0 0 0 0 ...
 $ RaceHorse.IsHit2                 : num  0 1 0 0 0 0 0 0 0 0 ...
 $ RaceHorse.IsHit3                 : num  0 0 0 0 0 1 0 0 0 0 ...
 $ RaceHorse.IsHit4                 : num  0 0 0 0 0 0 0 0 0 0 ...
 $ RaceHorse.IsHit5                 : num  0 0 0 0 0 0 0 0 0 0 ...
 $ RaceHorse.IsHit6                 : num  1 0 0 1 0 0 1 1 1 1 ...
 $ RaceHorse.IsValidRaceHorse       : logi  TRUE TRUE FALSE TRUE TRUE TRUE ...
 $ RaceHorse.TimeSdvByRace          : num  0.433 1.026 NA -0.877 1.245 ...
 $ RaceHorse.TimeSdv                : num  0.358 0.463 NA -0.555 1.189 ...
 $ RaceHorse.IsHitA                 : num  0 0 0 0 1 0 0 0 0 0 ...
 $ RaceHorse.IsHitB                 : num  0 1 0 0 1 0 0 0 0 0 ...
 $ RaceHorse.IsHitC                 : num  0 1 0 0 1 1 0 0 0 0 ...
 $ Horse.KettoNum                   : Factor w/ 1604 levels "2008100495","2008101012",..: 3 3 10 11 12 13 7 14 15 16 ...
 $ Horse.TimeSdvByRaceAvg           : num  0.3773 0.3837 -0.0176 0.256 0.3138 ...
 $ Horse.TimeSdvByRaceMin           : num  -1.61 -1.61 -2.87 -2.33 -1.29 ...
 $ Horse.TimeSdvByRaceMax           : num  1.75 1.75 1.63 2.2 2.06 ...
 $ Horse.TimeSdvAvg                 : num  0.245 0.251 -0.147 0.22 0.214 ...
 $ Horse.TimeSdvMin                 : num  -2.2 -2.2 -3.65 -1.02 -2.28 ...
 $ Horse.TimeSdvMax                 : num  2.38 2.38 1.72 1.62 1.64 ...
 $ Horse.OrderOfFinishSdvAvg        : num  0.3778 0.3839 0.0806 0.0514 0.1349 ...
 $ Horse.RunCount                   : num  65 67 30 42 33 36 58 21 29 6 ...
 $ Horse.HitCount1                  : num  5 5 2 3 3 2 2 0 0 0 ...
 $ Horse.HitCount2                  : num  4 4 6 1 5 5 6 0 0 0 ...
 $ Horse.HitCount3                  : num  9 10 1 1 1 1 9 1 6 0 ...
 $ Horse.HitCount4                  : num  8 8 2 2 2 5 7 1 1 0 ...
 $ Horse.HitCount5                  : num  4 4 3 3 3 2 7 0 4 0 ...
 $ Horse.HitRate1                   : num  0.0769 0.0746 0.0667 0.0714 0.0909 ...
 $ Horse.HitRate2                   : num  0.0615 0.0597 0.2 0.0238 0.1515 ...
 $ Horse.HitRate3                   : num  0.1385 0.1493 0.0333 0.0238 0.0303 ...
 $ Horse.HitRate4                   : num  0.1231 0.1194 0.0667 0.0476 0.0606 ...
 $ Horse.HitRate5                   : num  0.0615 0.0597 0.1 0.0714 0.0909 ...
 $ EOF                              : int  1 1 1 1 1 1 1 1 1 1 ...
NULL
[1] "2022-02-26 18:26:22 --- transform Finish ---"
[1] "2022-02-26 18:26:22 --- na.omit Start ---"
[1] "--------------------------------------------------------------------------------"
[1] "nrow(data) na.omit before=5316"
[1] "nrow(data) na.omit after =5039"
[1] "nrow(data) na.omit diff =277"
[1] "--------------------------------------------------------------------------------"
'data.frame':	5039 obs. of  44 variables:
 $ Race.RaceId                      : Factor w/ 419 levels "20160327-09-02-02-04",..: 8 9 9 10 11 12 13 9 13 14 ...
 $ Race.IsAnalyzeNormalPastAndFuture: logi  TRUE TRUE TRUE TRUE TRUE TRUE ...
 $ Race.IsAnalyzeNormalPast         : logi  TRUE TRUE TRUE TRUE TRUE TRUE ...
 $ Race.IsAnalyzeNormalFuture       : logi  FALSE FALSE FALSE FALSE FALSE FALSE ...
 $ Race.IsAnalyzeFullPastAndFuture  : logi  TRUE TRUE TRUE TRUE TRUE TRUE ...
 $ Race.IsAnalyzeFullPast           : logi  TRUE TRUE TRUE TRUE TRUE TRUE ...
 $ Race.IsAnalyzeFullFuture         : logi  FALSE FALSE FALSE FALSE FALSE FALSE ...
 $ Race.JyokenCd                    : Factor w/ 1 level "5": 1 1 1 1 1 1 1 1 1 1 ...
 $ Race.JyoType1Cd                  : Factor w/ 34 levels "3-09-2970-5-1",..: 1 5 5 6 7 8 2 5 2 9 ...
 $ Race.RaceType1Cd                 : Factor w/ 1 level "3-5-X-3": 1 1 1 1 1 1 1 1 1 1 ...
 $ RaceHorse.RaceId                 : Factor w/ 419 levels "20160327-09-02-02-04",..: 8 9 9 10 11 12 13 9 13 14 ...
 $ RaceHorse.KettoNum               : Factor w/ 1604 levels "2008100495","2008101012",..: 3 3 11 12 13 7 14 15 16 16 ...
 $ RaceHorse.IsHit1                 : num  0 0 0 1 0 0 0 0 0 0 ...
 $ RaceHorse.IsHit2                 : num  0 1 0 0 0 0 0 0 0 0 ...
 $ RaceHorse.IsHit3                 : num  0 0 0 0 1 0 0 0 0 0 ...
 $ RaceHorse.IsHit4                 : num  0 0 0 0 0 0 0 0 0 0 ...
 $ RaceHorse.IsHit5                 : num  0 0 0 0 0 0 0 0 0 0 ...
 $ RaceHorse.IsHit6                 : num  1 0 1 0 0 1 1 1 1 1 ...
 $ RaceHorse.IsValidRaceHorse       : logi  TRUE TRUE TRUE TRUE TRUE TRUE ...
 $ RaceHorse.TimeSdvByRace          : num  0.433 1.026 -0.877 1.245 0.998 ...
 $ RaceHorse.TimeSdv                : num  0.358 0.463 -0.555 1.189 0.738 ...
 $ RaceHorse.IsHitA                 : num  0 0 0 1 0 0 0 0 0 0 ...
 $ RaceHorse.IsHitB                 : num  0 1 0 1 0 0 0 0 0 0 ...
 $ RaceHorse.IsHitC                 : num  0 1 0 1 1 0 0 0 0 0 ...
 $ Horse.KettoNum                   : Factor w/ 1604 levels "2008100495","2008101012",..: 3 3 11 12 13 7 14 15 16 16 ...
 $ Horse.TimeSdvByRaceAvg           : num  0.377 0.384 0.256 0.314 0.158 ...
 $ Horse.TimeSdvByRaceMin           : num  -1.61 -1.61 -2.33 -1.29 -2.02 ...
 $ Horse.TimeSdvByRaceMax           : num  1.75 1.75 2.2 2.06 1.79 ...
 $ Horse.TimeSdvAvg                 : num  0.245 0.251 0.22 0.214 0.173 ...
 $ Horse.TimeSdvMin                 : num  -2.2 -2.2 -1.02 -2.28 -1.61 ...
 $ Horse.TimeSdvMax                 : num  2.38 2.38 1.62 1.64 1.79 ...
 $ Horse.OrderOfFinishSdvAvg        : num  0.3778 0.3839 0.0514 0.1349 0.0813 ...
 $ Horse.RunCount                   : num  65 67 42 33 36 58 21 29 6 13 ...
 $ Horse.HitCount1                  : num  5 5 3 3 2 2 0 0 0 0 ...
 $ Horse.HitCount2                  : num  4 4 1 5 5 6 0 0 0 1 ...
 $ Horse.HitCount3                  : num  9 10 1 1 1 9 1 6 0 0 ...
 $ Horse.HitCount4                  : num  8 8 2 2 5 7 1 1 0 1 ...
 $ Horse.HitCount5                  : num  4 4 3 3 2 7 0 4 0 0 ...
 $ Horse.HitRate1                   : num  0.0769 0.0746 0.0714 0.0909 0.0556 ...
 $ Horse.HitRate2                   : num  0.0615 0.0597 0.0238 0.1515 0.1389 ...
 $ Horse.HitRate3                   : num  0.1385 0.1493 0.0238 0.0303 0.0278 ...
 $ Horse.HitRate4                   : num  0.1231 0.1194 0.0476 0.0606 0.1389 ...
 $ Horse.HitRate5                   : num  0.0615 0.0597 0.0714 0.0909 0.0556 ...
 $ EOF                              : int  1 1 1 1 1 1 1 1 1 1 ...
 - attr(*, "na.action")= 'omit' Named int  3 22 29 34 35 58 79 113 118 161 ...
  ..- attr(*, "names")= chr  "3" "22" "29" "34" ...
[1] "2022-02-26 18:26:22 --- na.omit Finish ---"
[1] "2022-02-26 18:26:22 --- rxGlm with rxStepControl Start ---"

> print(paste0(Sys.time(), " --- source_logic_glm.R Start ---"))
[1] "2022-02-26 18:26:22 --- source_logic_glm.R Start ---"

> formula <- formula(RaceHorse.IsHitA ~ +1 + Horse.TimeSdvByRaceAvg)

> print(paste0(Sys.time(), " --- source_logic_glm.R Finished ---"))
[1] "2022-02-26 18:26:22 --- source_logic_glm.R Finished ---"
Rows Read: 5039, Total Rows Processed: 5039, Total Chunk Time: Less than .001 seconds 

Starting values (iteration 1) time: 0.006 secs.
Rows Read: 5039, Total Rows Processed: 5039, Total Chunk Time: Less than .001 seconds 

Iteration 2 time: 0.006 secs.
Rows Read: 5039, Total Rows Processed: 5039, Total Chunk Time: Less than .001 seconds 

Iteration 3 time: 0.004 secs.
Rows Read: 5039, Total Rows Processed: 5039, Total Chunk Time: Less than .001 seconds 

Iteration 4 time: 0.004 secs.
Rows Read: 5039, Total Rows Processed: 5039, Total Chunk Time: Less than .001 seconds 

Iteration 5 time: 0.003 secs.

Elapsed computation time: 0.035 secs.
Rows Read: 5039, Total Rows Processed: 5039, Total Chunk Time: 0.001 seconds 

Starting values (iteration 1) time: 0.005 secs.
Rows Read: 5039, Total Rows Processed: 5039, Total Chunk Time: Less than .001 seconds 

Iteration 2 time: 0.005 secs.

Elapsed computation time: 0.017 secs.
Rows Read: 5039, Total Rows Processed: 5039, Total Chunk Time: 0.001 seconds 

Starting values (iteration 1) time: 0.005 secs.
Rows Read: 5039, Total Rows Processed: 5039, Total Chunk Time: Less than .001 seconds 

Iteration 2 time: 0.004 secs.
Rows Read: 5039, Total Rows Processed: 5039, Total Chunk Time: Less than .001 seconds 

Iteration 3 time: 0.004 secs.
Rows Read: 5039, Total Rows Processed: 5039, Total Chunk Time: Less than .001 seconds 

Iteration 4 time: 0.003 secs.
Rows Read: 5039, Total Rows Processed: 5039, Total Chunk Time: Less than .001 seconds 

Iteration 5 time: 0.004 secs.

Elapsed computation time: 0.035 secs.

Elapsed computation time: 0.098 secs.
[1] "--------------------------------------------------------------------------------"
[1] "analyze.results.glm.step="
Logistic Regression Results for: RaceHorse.IsHitA ~
    Horse.TimeSdvByRaceAvg
Data: data
Dependent variable(s): RaceHorse.IsHitA
Total independent variables: 2 
Number of valid observations: 5039
Number of missing observations: 0 
 
Coefficients:
                       RaceHorse.IsHitA
(Intercept)                          -2
Horse.TimeSdvByRaceAvg                1
[1] "analyze.results.glm.step.summary"
Call:
rxLogit(formula = formula, data = data, variableSelection = analyze.results.glm.step.varsel)

Logistic Regression Results for: RaceHorse.IsHitA ~
    Horse.TimeSdvByRaceAvg
Data: data
Dependent variable(s): RaceHorse.IsHitA
Total independent variables: 2 
Number of valid observations: 5039
Number of missing observations: 0 
-2*LogLikelihood: 2779.036 (Residual deviance on 5037 degrees of freedom)
 
Coefficients:
                       Estimate Std. Error z value Pr(>|z|)    
(Intercept)              -2.463      0.055  -44.76  2.2e-16 ***
Horse.TimeSdvByRaceAvg    1.431      0.151    9.46  2.2e-16 ***
---
Signif. codes:  0 '***' 0.001 '**' 0.01 '*' 0.05 '.' 0.1 ' ' 1

Condition number of final variance-covariance matrix: 1 
Number of iterations: 5
[1] "--------------------------------------------------------------------------------"
[1] "2022-02-26 18:26:22 --- rxGlm with rxStepControl Finish ---"
[1] "2022-02-26 18:26:22 --- rxStepPlot Start ---"
[1] "pdfFilename=pdf_analyze_glm_Horse_Type35_rxStepPlot.pdf"
[1] "rxStepPlot="
[1] "2022-02-26 18:26:22 --- rxStepPlot Finish ---"
[1] "2022-02-26 18:26:22 --- save.image Start ---"
[1] "save.image"
[1] "rdataFilename=RData_analyze_glm_Horse_Type35.RData"
[1] "2022-02-26 18:26:22 --- save.image Finish ---"
[1] "2022-02-26 18:26:22 --- final Start ---"
[1] "--------------------------------------------------------------------------------"
[1] "nrow(data) final=5039"
[1] "--------------------------------------------------------------------------------"
[1] "2022-02-26 18:26:22 --- final Finish ---"
[1] "2022-02-26 18:26:22 --- analyze_glm.R Finished ---"
[1] "2022-02-26 18:26:22 --- log Finish ---"
