[1] "2022-02-21 22:16:23 --- D1115_analyze_glm_Odds_IsHitA_Type11 Start ---"
[1] "2022-02-21 22:16:23 --- Log Start ---"
[1] "2022-02-21 22:16:23 --- analyze_glm.R Start ---"
[1] "analyzeVersion=D1115"
[1] "analyzeCategory=analyze"
[1] "analyzeType=Odds"
[1] "analyzeFamily=IsHitA"
[1] "analyzeFunc=glm"
[1] "analyzeTrackTypeCd=1"
[1] "analyzeJyokenCd=1"
[1] "2022-02-21 22:16:23 --- source_function.R Start ---"
[1] "2022-02-21 22:16:23 --- source_function.R Finished ---"

> print(paste0(Sys.time(), " --- source_library.R Start ---"))
[1] "2022-02-21 22:16:23 --- source_library.R Start ---"

> require("RevoScaleR")

> print(paste0(Sys.time(), " --- source_library.R Finished ---"))
[1] "2022-02-21 22:16:29 --- source_library.R Finished ---"
[1] "2022-02-21 22:16:29 --- RxSqlServerData Start ---"
[1] "2022-02-21 22:16:29 --- RxInSqlServer Start ---"
[1] "2022-02-21 22:16:29 --- RxInSqlServer Finish ---"
[1] "2022-02-21 22:16:29 --- rxSetComputeContext Start ---"
[1] "2022-02-21 22:16:29 --- rxSetComputeContext Finish ---"
[1] "2022-02-21 22:16:29 --- RxSqlServerData Start ---"
[1] "sqlQuery=SELECT * FROM ViewAnalyzeD1115analyze01OddsType11"
[1] "2022-02-21 22:16:29 --- RxSqlServerData Finish ---"
[1] "2022-02-21 22:16:29 --- rxGetVarInfo Start ---"
[1] "2022-02-21 22:16:29 --- rxGetVarInfo Finish---"
[1] "2022-02-21 22:16:29 --- rxImport Start ---"
Rows Read: 12852, Total Rows Processed: 12852, Total Chunk Time: 0.760 seconds 
[1] "2022-02-21 22:16:37 --- rxImport Finish ---"
[1] "object.size(data) auto=2.2 Mb"
[1] "--------------------------------------------------------------------------------"
[1] "nrow(data) RxSqlServerData=12852"
[1] "--------------------------------------------------------------------------------"
[1] "str(data)="
'data.frame':	12852 obs. of  30 variables:
 $ Race.RaceId                      : Factor w/ 928 levels "20160116-06-01-05-11",..: 2 2 2 2 2 2 2 2 2 2 ...
 $ Race.IsPredictedRace             : logi  TRUE TRUE TRUE TRUE TRUE TRUE ...
 $ Race.IsAnalyzeNormalPastAndFuture: logi  TRUE TRUE TRUE TRUE TRUE TRUE ...
 $ Race.IsAnalyzeNormalPast         : logi  TRUE TRUE TRUE TRUE TRUE TRUE ...
 $ Race.IsAnalyzeNormalFuture       : logi  FALSE FALSE FALSE FALSE FALSE FALSE ...
 $ Race.IsAnalyzeFullPastAndFuture  : logi  TRUE TRUE TRUE TRUE TRUE TRUE ...
 $ Race.IsAnalyzeFullPast           : logi  TRUE TRUE TRUE TRUE TRUE TRUE ...
 $ Race.IsAnalyzeFullFuture         : logi  FALSE FALSE FALSE FALSE FALSE FALSE ...
 $ Race.JyokenCd                    : Factor w/ 1 level "1": 1 1 1 1 1 1 1 1 1 1 ...
 $ Race.RaceType1Cd                 : Factor w/ 6 levels "1-1-E","1-1-C",..: 1 1 1 1 1 1 1 1 1 1 ...
 $ RaceHorse.RaceId                 : Factor w/ 928 levels "20160116-06-01-05-11",..: 2 2 2 2 2 2 2 2 2 2 ...
 $ RaceHorse.KettoNum               : Factor w/ 3103 levels "2012102116","2008106586",..: 11 12 13 14 15 16 17 18 19 20 ...
 $ RaceHorse.IsHit1                 : int  0 0 0 1 0 0 0 0 0 0 ...
 $ RaceHorse.IsHit2                 : int  0 0 0 0 0 0 0 0 0 1 ...
 $ RaceHorse.IsHit3                 : int  0 0 0 0 0 1 0 0 0 0 ...
 $ RaceHorse.IsHit4                 : int  0 1 0 0 0 0 0 0 0 0 ...
 $ RaceHorse.IsHit5                 : int  0 0 0 0 0 0 0 0 1 0 ...
 $ RaceHorse.IsHit6                 : int  1 0 1 0 1 0 1 1 0 0 ...
 $ RaceHorse.IsValidRaceHorse       : logi  TRUE TRUE TRUE TRUE TRUE TRUE ...
 $ RaceHorse.IsHitA                 : int  0 0 0 1 0 0 0 0 0 0 ...
 $ RaceHorse.IsHitB                 : int  0 0 0 1 0 0 0 0 0 1 ...
 $ RaceHorse.IsHitC                 : int  0 0 0 1 0 1 0 0 0 1 ...
 $ OddsByWin.Odds1                  : num  11.4 4.6 11.6 10.4 8.2 ...
 $ OddsByWin.Ninki                  : num  5 2 6 4 3 7 9 10 8 1 ...
 $ OddsByWin.OddsLog1               : num  2.52 1.72 2.53 2.43 2.22 ...
 $ OddsByWin.OddsRatio1             : num  0.0962 0.2778 0.0943 0.1064 0.1389 ...
 $ OddsByWin.OddsLogit1             : num  -2.43 -1.53 -2.45 -2.34 -2.1 ...
 $ OddsByWin.ApprovalRate1          : num  0.0877 0.2174 0.0862 0.0962 0.122 ...
 $ OddsByWin.ApprovalRateLog1       : num  0.0841 0.1967 0.0827 0.0918 0.1151 ...
 $ EOF                              : int  1 1 1 1 1 1 1 1 1 1 ...
[1] "2022-02-21 22:16:37 --- RxSqlServerData Finish ---"
[1] "2022-02-21 22:16:37 --- subset Start ---"
[1] "--------------------------------------------------------------------------------"
[1] "nrow(data) subset before=12852"
[1] "nrow(data) subset after =12852"
[1] "nrow(data) subset diff =0"
[1] "--------------------------------------------------------------------------------"
[1] "2022-02-21 22:16:37 --- subset Finish---"
[1] "2022-02-21 22:16:37 --- transform Start ---"
[1] "--------------------------------------------------------------------------------"
[1] "nrow(data) transform before=12852"
[1] "nrow(data) transform after=12852"
[1] "nrow(data) transform diff=0"
[1] "--------------------------------------------------------------------------------"
[1] "str(data)="
'data.frame':	12852 obs. of  30 variables:
 $ Race.RaceId                      : Factor w/ 928 levels "20160116-06-01-05-11",..: 2 2 2 2 2 2 2 2 2 2 ...
 $ Race.IsPredictedRace             : logi  TRUE TRUE TRUE TRUE TRUE TRUE ...
 $ Race.IsAnalyzeNormalPastAndFuture: logi  TRUE TRUE TRUE TRUE TRUE TRUE ...
 $ Race.IsAnalyzeNormalPast         : logi  TRUE TRUE TRUE TRUE TRUE TRUE ...
 $ Race.IsAnalyzeNormalFuture       : logi  FALSE FALSE FALSE FALSE FALSE FALSE ...
 $ Race.IsAnalyzeFullPastAndFuture  : logi  TRUE TRUE TRUE TRUE TRUE TRUE ...
 $ Race.IsAnalyzeFullPast           : logi  TRUE TRUE TRUE TRUE TRUE TRUE ...
 $ Race.IsAnalyzeFullFuture         : logi  FALSE FALSE FALSE FALSE FALSE FALSE ...
 $ Race.JyokenCd                    : Factor w/ 1 level "1": 1 1 1 1 1 1 1 1 1 1 ...
 $ Race.RaceType1Cd                 : Factor w/ 6 levels "1-1-E","1-1-C",..: 1 1 1 1 1 1 1 1 1 1 ...
 $ RaceHorse.RaceId                 : Factor w/ 928 levels "20160116-06-01-05-11",..: 2 2 2 2 2 2 2 2 2 2 ...
 $ RaceHorse.KettoNum               : Factor w/ 3103 levels "2012102116","2008106586",..: 11 12 13 14 15 16 17 18 19 20 ...
 $ RaceHorse.IsHit1                 : int  0 0 0 1 0 0 0 0 0 0 ...
 $ RaceHorse.IsHit2                 : int  0 0 0 0 0 0 0 0 0 1 ...
 $ RaceHorse.IsHit3                 : int  0 0 0 0 0 1 0 0 0 0 ...
 $ RaceHorse.IsHit4                 : int  0 1 0 0 0 0 0 0 0 0 ...
 $ RaceHorse.IsHit5                 : int  0 0 0 0 0 0 0 0 1 0 ...
 $ RaceHorse.IsHit6                 : int  1 0 1 0 1 0 1 1 0 0 ...
 $ RaceHorse.IsValidRaceHorse       : logi  TRUE TRUE TRUE TRUE TRUE TRUE ...
 $ RaceHorse.IsHitA                 : int  0 0 0 1 0 0 0 0 0 0 ...
 $ RaceHorse.IsHitB                 : int  0 0 0 1 0 0 0 0 0 1 ...
 $ RaceHorse.IsHitC                 : int  0 0 0 1 0 1 0 0 0 1 ...
 $ OddsByWin.Odds1                  : num  11.4 4.6 11.6 10.4 8.2 ...
 $ OddsByWin.Ninki                  : num  5 2 6 4 3 7 9 10 8 1 ...
 $ OddsByWin.OddsLog1               : num  2.52 1.72 2.53 2.43 2.22 ...
 $ OddsByWin.OddsRatio1             : num  0.0962 0.2778 0.0943 0.1064 0.1389 ...
 $ OddsByWin.OddsLogit1             : num  -2.43 -1.53 -2.45 -2.34 -2.1 ...
 $ OddsByWin.ApprovalRate1          : num  0.0877 0.2174 0.0862 0.0962 0.122 ...
 $ OddsByWin.ApprovalRateLog1       : num  0.0841 0.1967 0.0827 0.0918 0.1151 ...
 $ EOF                              : int  1 1 1 1 1 1 1 1 1 1 ...
NULL
[1] "2022-02-21 22:16:38 --- transform Finish ---"
[1] "2022-02-21 22:16:38 --- na.omit Start ---"
[1] "--------------------------------------------------------------------------------"
[1] "nrow(data) na.omit before=12852"
[1] "nrow(data) na.omit after =12810"
[1] "nrow(data) na.omit diff =42"
[1] "--------------------------------------------------------------------------------"
'data.frame':	12810 obs. of  30 variables:
 $ Race.RaceId                      : Factor w/ 928 levels "20160116-06-01-05-11",..: 2 2 2 2 2 2 2 2 2 2 ...
 $ Race.IsPredictedRace             : logi  TRUE TRUE TRUE TRUE TRUE TRUE ...
 $ Race.IsAnalyzeNormalPastAndFuture: logi  TRUE TRUE TRUE TRUE TRUE TRUE ...
 $ Race.IsAnalyzeNormalPast         : logi  TRUE TRUE TRUE TRUE TRUE TRUE ...
 $ Race.IsAnalyzeNormalFuture       : logi  FALSE FALSE FALSE FALSE FALSE FALSE ...
 $ Race.IsAnalyzeFullPastAndFuture  : logi  TRUE TRUE TRUE TRUE TRUE TRUE ...
 $ Race.IsAnalyzeFullPast           : logi  TRUE TRUE TRUE TRUE TRUE TRUE ...
 $ Race.IsAnalyzeFullFuture         : logi  FALSE FALSE FALSE FALSE FALSE FALSE ...
 $ Race.JyokenCd                    : Factor w/ 1 level "1": 1 1 1 1 1 1 1 1 1 1 ...
 $ Race.RaceType1Cd                 : Factor w/ 6 levels "1-1-E","1-1-C",..: 1 1 1 1 1 1 1 1 1 1 ...
 $ RaceHorse.RaceId                 : Factor w/ 928 levels "20160116-06-01-05-11",..: 2 2 2 2 2 2 2 2 2 2 ...
 $ RaceHorse.KettoNum               : Factor w/ 3103 levels "2012102116","2008106586",..: 11 12 13 14 15 16 17 18 19 20 ...
 $ RaceHorse.IsHit1                 : int  0 0 0 1 0 0 0 0 0 0 ...
 $ RaceHorse.IsHit2                 : int  0 0 0 0 0 0 0 0 0 1 ...
 $ RaceHorse.IsHit3                 : int  0 0 0 0 0 1 0 0 0 0 ...
 $ RaceHorse.IsHit4                 : int  0 1 0 0 0 0 0 0 0 0 ...
 $ RaceHorse.IsHit5                 : int  0 0 0 0 0 0 0 0 1 0 ...
 $ RaceHorse.IsHit6                 : int  1 0 1 0 1 0 1 1 0 0 ...
 $ RaceHorse.IsValidRaceHorse       : logi  TRUE TRUE TRUE TRUE TRUE TRUE ...
 $ RaceHorse.IsHitA                 : int  0 0 0 1 0 0 0 0 0 0 ...
 $ RaceHorse.IsHitB                 : int  0 0 0 1 0 0 0 0 0 1 ...
 $ RaceHorse.IsHitC                 : int  0 0 0 1 0 1 0 0 0 1 ...
 $ OddsByWin.Odds1                  : num  11.4 4.6 11.6 10.4 8.2 ...
 $ OddsByWin.Ninki                  : num  5 2 6 4 3 7 9 10 8 1 ...
 $ OddsByWin.OddsLog1               : num  2.52 1.72 2.53 2.43 2.22 ...
 $ OddsByWin.OddsRatio1             : num  0.0962 0.2778 0.0943 0.1064 0.1389 ...
 $ OddsByWin.OddsLogit1             : num  -2.43 -1.53 -2.45 -2.34 -2.1 ...
 $ OddsByWin.ApprovalRate1          : num  0.0877 0.2174 0.0862 0.0962 0.122 ...
 $ OddsByWin.ApprovalRateLog1       : num  0.0841 0.1967 0.0827 0.0918 0.1151 ...
 $ EOF                              : int  1 1 1 1 1 1 1 1 1 1 ...
 - attr(*, "na.action")= 'omit' Named int  19 255 982 1480 1632 1785 1838 2556 3468 4188 ...
  ..- attr(*, "names")= chr  "19" "255" "982" "1480" ...
[1] "2022-02-21 22:16:38 --- na.omit Finish ---"
[1] "2022-02-21 22:16:38 --- rxGlm with rxStepControl Start ---"

> print(paste0(Sys.time(), " --- source_logic_glm.R Start ---"))
[1] "2022-02-21 22:16:38 --- source_logic_glm.R Start ---"

> formula <- formula(RaceHorse.IsHitA ~ +1 + OddsByWin.OddsLogit1)

> print(paste0(Sys.time(), " --- source_logic_glm.R Finished ---"))
[1] "2022-02-21 22:16:38 --- source_logic_glm.R Finished ---"
Rows Read: 12810, Total Rows Processed: 12810, Total Chunk Time: Less than .001 seconds 

Starting values (iteration 1) time: 0.023 secs.
Rows Read: 12810, Total Rows Processed: 12810, Total Chunk Time: 0.002 seconds 

Iteration 2 time: 0.006 secs.
Rows Read: 12810, Total Rows Processed: 12810, Total Chunk Time: 0.002 seconds 

Iteration 3 time: 0.004 secs.
Rows Read: 12810, Total Rows Processed: 12810, Total Chunk Time: 0.002 seconds 

Iteration 4 time: 0.004 secs.
Rows Read: 12810, Total Rows Processed: 12810, Total Chunk Time: 0.002 seconds 

Iteration 5 time: 0.004 secs.
Rows Read: 12810, Total Rows Processed: 12810, Total Chunk Time: 0.002 seconds 

Iteration 6 time: 0.005 secs.

Elapsed computation time: 0.077 secs.
Rows Read: 12810, Total Rows Processed: 12810, Total Chunk Time: 0.001 seconds 

Starting values (iteration 1) time: 0.006 secs.
Rows Read: 12810, Total Rows Processed: 12810, Total Chunk Time: 0.002 seconds 

Iteration 2 time: 0.006 secs.

Elapsed computation time: 0.026 secs.
Rows Read: 12810, Total Rows Processed: 12810, Total Chunk Time: 0.002 seconds 

Starting values (iteration 1) time: 0.006 secs.
Rows Read: 12810, Total Rows Processed: 12810, Total Chunk Time: 0.002 seconds 

Iteration 2 time: 0.006 secs.
Rows Read: 12810, Total Rows Processed: 12810, Total Chunk Time: 0.002 seconds 

Iteration 3 time: 0.006 secs.
Rows Read: 12810, Total Rows Processed: 12810, Total Chunk Time: 0.002 seconds 

Iteration 4 time: 0.006 secs.
Rows Read: 12810, Total Rows Processed: 12810, Total Chunk Time: 0.002 seconds 

Iteration 5 time: 0.006 secs.
Rows Read: 12810, Total Rows Processed: 12810, Total Chunk Time: 0.002 seconds 

Iteration 6 time: 0.007 secs.

Elapsed computation time: 0.071 secs.

Elapsed computation time: 0.190 secs.
[1] "--------------------------------------------------------------------------------"
[1] "analyze.results.glm.step="
Logistic Regression Results for: RaceHorse.IsHitA ~
    OddsByWin.OddsLogit1
Data: data
Dependent variable(s): RaceHorse.IsHitA
Total independent variables: 2 
Number of valid observations: 12810
Number of missing observations: 0 
 
Coefficients:
                     RaceHorse.IsHitA
(Intercept)                       0.4
OddsByWin.OddsLogit1              1.2
[1] "analyze.results.glm.step.summary"
Call:
rxLogit(formula = formula, data = data, variableSelection = analyze.results.glm.step.varsel)

Logistic Regression Results for: RaceHorse.IsHitA ~
    OddsByWin.OddsLogit1
Data: data
Dependent variable(s): RaceHorse.IsHitA
Total independent variables: 2 
Number of valid observations: 12810
Number of missing observations: 0 
-2*LogLikelihood: 5272.71 (Residual deviance on 12808 degrees of freedom)
 
Coefficients:
                     Estimate Std. Error z value Pr(>|z|)    
(Intercept)            0.4354     0.0858    5.08  3.8e-07 ***
OddsByWin.OddsLogit1   1.2457     0.0418   29.83  2.2e-16 ***
---
Signif. codes:  0 '***' 0.001 '**' 0.01 '*' 0.05 '.' 0.1 ' ' 1

Condition number of final variance-covariance matrix: 1 
Number of iterations: 6
[1] "--------------------------------------------------------------------------------"
[1] "2022-02-21 22:16:38 --- rxGlm with rxStepControl Finish ---"
[1] "2022-02-21 22:16:38 --- rxStepPlot Start ---"
[1] "pdfFilename=pdf_analyze_glm_Odds_Type11_rxStepPlot.pdf"
[1] "rxStepPlot="
[1] "2022-02-21 22:16:49 --- rxStepPlot Finish ---"
[1] "2022-02-21 22:16:49 --- save.image Start ---"
[1] "save.image"
[1] "rdataFilename=RData_analyze_glm_Odds_Type11.RData"
[1] "2022-02-21 22:16:49 --- save.image Finish ---"
[1] "2022-02-21 22:16:49 --- final Start ---"
[1] "--------------------------------------------------------------------------------"
[1] "nrow(data) final=12810"
[1] "--------------------------------------------------------------------------------"
[1] "2022-02-21 22:16:49 --- final Finish ---"
[1] "2022-02-21 22:16:49 --- analyze_glm.R Finished ---"
[1] "2022-02-21 22:16:49 --- log Finish ---"
