[1] "2022-02-25 20:22:16 --- D1115_analyze_glm_Gen01_IsHitA_Type12 Start ---"
[1] "2022-02-25 20:22:16 --- Log Start ---"
[1] "2022-02-25 20:22:16 --- analyze_glm.R Start ---"
[1] "analyzeVersion=D1115"
[1] "analyzeCategory=analyze"
[1] "analyzeType=Gen01"
[1] "analyzeFamily=IsHitA"
[1] "analyzeFunc=glm"
[1] "analyzeTrackTypeCd=1"
[1] "analyzeJyokenCd=2"
[1] "2022-02-25 20:22:16 --- source_function.R Start ---"
[1] "2022-02-25 20:22:16 --- source_function.R Finished ---"

> print(paste0(Sys.time(), " --- source_library.R Start ---"))
[1] "2022-02-25 20:22:16 --- source_library.R Start ---"

> require("RevoScaleR")

> print(paste0(Sys.time(), " --- source_library.R Finished ---"))
[1] "2022-02-25 20:22:16 --- source_library.R Finished ---"
[1] "2022-02-25 20:22:16 --- RxSqlServerData Start ---"
[1] "2022-02-25 20:22:16 --- RxInSqlServer Start ---"
[1] "2022-02-25 20:22:16 --- RxInSqlServer Finish ---"
[1] "2022-02-25 20:22:16 --- rxSetComputeContext Start ---"
[1] "2022-02-25 20:22:16 --- rxSetComputeContext Finish ---"
[1] "2022-02-25 20:22:16 --- RxSqlServerData Start ---"
[1] "sqlQuery=SELECT * FROM ViewAnalyzeD1115analyze01Gen01Type12"
[1] "2022-02-25 20:22:16 --- RxSqlServerData Finish ---"
[1] "2022-02-25 20:22:16 --- rxGetVarInfo Start ---"
[1] "2022-02-25 20:22:17 --- rxGetVarInfo Finish---"
[1] "2022-02-25 20:22:17 --- rxImport Start ---"
Rows Read: 6563, Total Rows Processed: 6563, Total Chunk Time: 19.433 seconds 
[1] "2022-02-25 20:23:02 --- rxImport Finish ---"
[1] "object.size(data) auto=2 Mb"
[1] "--------------------------------------------------------------------------------"
[1] "nrow(data) RxSqlServerData=6563"
[1] "--------------------------------------------------------------------------------"
[1] "str(data)="
'data.frame':	6563 obs. of  44 variables:
 $ Race.RaceId                      : Factor w/ 529 levels "20160109-08-01-02-10",..: 9 9 10 10 10 10 10 10 2 2 ...
 $ Race.IsPredictedRace             : logi  TRUE TRUE TRUE TRUE TRUE TRUE ...
 $ Race.IsAnalyzeNormalPastAndFuture: logi  TRUE TRUE TRUE TRUE TRUE TRUE ...
 $ Race.IsAnalyzeNormalPast         : logi  TRUE TRUE TRUE TRUE TRUE TRUE ...
 $ Race.IsAnalyzeNormalFuture       : logi  FALSE FALSE FALSE FALSE FALSE FALSE ...
 $ Race.IsAnalyzeFullPastAndFuture  : logi  TRUE TRUE TRUE TRUE TRUE TRUE ...
 $ Race.IsAnalyzeFullPast           : logi  TRUE TRUE TRUE TRUE TRUE TRUE ...
 $ Race.IsAnalyzeFullFuture         : logi  FALSE FALSE FALSE FALSE FALSE FALSE ...
 $ Race.JyokenCd                    : Factor w/ 1 level "2": 1 1 1 1 1 1 1 1 1 1 ...
 $ Race.JyoType1Cd                  : Factor w/ 112 levels "1-08-2000-2-1",..: 9 9 10 10 10 10 10 10 2 2 ...
 $ Race.RaceType1Cd                 : Factor w/ 3 levels "1-2-E-2","1-2-E-1",..: 1 1 2 2 2 2 2 2 2 2 ...
 $ RaceHorse.RaceId                 : Factor w/ 529 levels "20160109-08-01-02-10",..: 9 9 10 10 10 10 10 10 2 2 ...
 $ RaceHorse.KettoNum               : Factor w/ 1370 levels "2008103264","2010100659",..: 10 11 12 13 14 15 16 17 18 19 ...
 $ RaceHorse.IsHit1                 : num  0 0 1 0 0 0 0 0 0 1 ...
 $ RaceHorse.IsHit2                 : num  0 0 0 0 0 0 0 0 0 0 ...
 $ RaceHorse.IsHit3                 : num  0 0 0 0 0 0 0 0 0 0 ...
 $ RaceHorse.IsHit4                 : num  0 0 0 1 0 0 0 0 0 0 ...
 $ RaceHorse.IsHit5                 : num  0 0 0 0 0 0 0 0 0 0 ...
 $ RaceHorse.IsHit6                 : num  1 1 0 0 1 1 1 1 1 0 ...
 $ RaceHorse.IsValidRaceHorse       : logi  TRUE TRUE TRUE TRUE TRUE TRUE ...
 $ RaceHorse.TimeSdv                : num  -0.788 -1.202 0.801 0.801 -0.72 ...
 $ RaceHorse.IsHitA                 : num  0 0 1 0 0 0 0 0 0 1 ...
 $ RaceHorse.IsHitB                 : num  0 0 1 0 0 0 0 0 0 1 ...
 $ RaceHorse.IsHitC                 : num  0 0 1 0 0 0 0 0 0 1 ...
 $ Gen01.HansyokuNum                : Factor w/ 189 levels "11202004","11202006",..: 5 6 7 8 9 8 9 9 8 10 ...
 $ Gen01.TimeSdvByRaceAvg           : num  0.3083 0.2281 -0.2946 0.1613 -0.0686 ...
 $ Gen01.TimeSdvByRaceMin           : num  -1.404 -0.987 -2.775 -2.932 -2.598 ...
 $ Gen01.TimeSdvByRaceMax           : num  1.52 1.24 1.3 2.12 1.82 ...
 $ Gen01.TimeSdvAvg                 : num  -0.14333 -0.25763 -0.10112 0.10902 0.00976 ...
 $ Gen01.TimeSdvMin                 : num  -1.88 -2.52 -1.26 -4.28 -2.41 ...
 $ Gen01.TimeSdvMax                 : num  1.68 1.18 1.15 1.85 1.76 ...
 $ Gen01.OrderOfFinishSdvAvg        : num  0.333 0.306 -0.343 0.178 -0.166 ...
 $ Gen01.RunCount                   : num  27 8 14 108 132 108 132 132 110 13 ...
 $ Gen01.HitCount1                  : num  1 2 1 7 10 7 10 10 7 0 ...
 $ Gen01.HitCount2                  : num  7 0 1 11 9 11 9 9 11 2 ...
 $ Gen01.HitCount3                  : num  3 0 1 10 3 10 3 3 10 0 ...
 $ Gen01.HitCount4                  : num  1 2 0 10 10 10 10 10 11 0 ...
 $ Gen01.HitCount5                  : num  4 2 1 9 5 9 5 5 9 0 ...
 $ Gen01.HitRate1                   : num  0.037 0.25 0.0714 0.0648 0.0758 ...
 $ Gen01.HitRate2                   : num  0.2593 0 0.0714 0.1019 0.0682 ...
 $ Gen01.HitRate3                   : num  0.1111 0 0.0714 0.0926 0.0227 ...
 $ Gen01.HitRate4                   : num  0.037 0.25 0 0.0926 0.0758 ...
 $ Gen01.HitRate5                   : num  0.1481 0.25 0.0714 0.0833 0.0379 ...
 $ EOF                              : int  1 1 1 1 1 1 1 1 1 1 ...
[1] "2022-02-25 20:25:44 --- RxSqlServerData Finish ---"
[1] "2022-02-25 20:25:44 --- subset Start ---"
[1] "--------------------------------------------------------------------------------"
[1] "nrow(data) subset before=6563"
[1] "nrow(data) subset after =6563"
[1] "nrow(data) subset diff =0"
[1] "--------------------------------------------------------------------------------"
[1] "2022-02-25 20:25:44 --- subset Finish---"
[1] "2022-02-25 20:25:44 --- transform Start ---"
[1] "--------------------------------------------------------------------------------"
[1] "nrow(data) transform before=6563"
[1] "nrow(data) transform after=6563"
[1] "nrow(data) transform diff=0"
[1] "--------------------------------------------------------------------------------"
[1] "str(data)="
'data.frame':	6563 obs. of  44 variables:
 $ Race.RaceId                      : Factor w/ 529 levels "20160109-08-01-02-10",..: 9 9 10 10 10 10 10 10 2 2 ...
 $ Race.IsPredictedRace             : logi  TRUE TRUE TRUE TRUE TRUE TRUE ...
 $ Race.IsAnalyzeNormalPastAndFuture: logi  TRUE TRUE TRUE TRUE TRUE TRUE ...
 $ Race.IsAnalyzeNormalPast         : logi  TRUE TRUE TRUE TRUE TRUE TRUE ...
 $ Race.IsAnalyzeNormalFuture       : logi  FALSE FALSE FALSE FALSE FALSE FALSE ...
 $ Race.IsAnalyzeFullPastAndFuture  : logi  TRUE TRUE TRUE TRUE TRUE TRUE ...
 $ Race.IsAnalyzeFullPast           : logi  TRUE TRUE TRUE TRUE TRUE TRUE ...
 $ Race.IsAnalyzeFullFuture         : logi  FALSE FALSE FALSE FALSE FALSE FALSE ...
 $ Race.JyokenCd                    : Factor w/ 1 level "2": 1 1 1 1 1 1 1 1 1 1 ...
 $ Race.JyoType1Cd                  : Factor w/ 112 levels "1-08-2000-2-1",..: 9 9 10 10 10 10 10 10 2 2 ...
 $ Race.RaceType1Cd                 : Factor w/ 3 levels "1-2-E-2","1-2-E-1",..: 1 1 2 2 2 2 2 2 2 2 ...
 $ RaceHorse.RaceId                 : Factor w/ 529 levels "20160109-08-01-02-10",..: 9 9 10 10 10 10 10 10 2 2 ...
 $ RaceHorse.KettoNum               : Factor w/ 1370 levels "2008103264","2010100659",..: 10 11 12 13 14 15 16 17 18 19 ...
 $ RaceHorse.IsHit1                 : num  0 0 1 0 0 0 0 0 0 1 ...
 $ RaceHorse.IsHit2                 : num  0 0 0 0 0 0 0 0 0 0 ...
 $ RaceHorse.IsHit3                 : num  0 0 0 0 0 0 0 0 0 0 ...
 $ RaceHorse.IsHit4                 : num  0 0 0 1 0 0 0 0 0 0 ...
 $ RaceHorse.IsHit5                 : num  0 0 0 0 0 0 0 0 0 0 ...
 $ RaceHorse.IsHit6                 : num  1 1 0 0 1 1 1 1 1 0 ...
 $ RaceHorse.IsValidRaceHorse       : logi  TRUE TRUE TRUE TRUE TRUE TRUE ...
 $ RaceHorse.TimeSdv                : num  -0.788 -1.202 0.801 0.801 -0.72 ...
 $ RaceHorse.IsHitA                 : num  0 0 1 0 0 0 0 0 0 1 ...
 $ RaceHorse.IsHitB                 : num  0 0 1 0 0 0 0 0 0 1 ...
 $ RaceHorse.IsHitC                 : num  0 0 1 0 0 0 0 0 0 1 ...
 $ Gen01.HansyokuNum                : Factor w/ 189 levels "11202004","11202006",..: 5 6 7 8 9 8 9 9 8 10 ...
 $ Gen01.TimeSdvByRaceAvg           : num  0.3083 0.2281 -0.2946 0.1613 -0.0686 ...
 $ Gen01.TimeSdvByRaceMin           : num  -1.404 -0.987 -2.775 -2.932 -2.598 ...
 $ Gen01.TimeSdvByRaceMax           : num  1.52 1.24 1.3 2.12 1.82 ...
 $ Gen01.TimeSdvAvg                 : num  -0.14333 -0.25763 -0.10112 0.10902 0.00976 ...
 $ Gen01.TimeSdvMin                 : num  -1.88 -2.52 -1.26 -4.28 -2.41 ...
 $ Gen01.TimeSdvMax                 : num  1.68 1.18 1.15 1.85 1.76 ...
 $ Gen01.OrderOfFinishSdvAvg        : num  0.333 0.306 -0.343 0.178 -0.166 ...
 $ Gen01.RunCount                   : num  27 8 14 108 132 108 132 132 110 13 ...
 $ Gen01.HitCount1                  : num  1 2 1 7 10 7 10 10 7 0 ...
 $ Gen01.HitCount2                  : num  7 0 1 11 9 11 9 9 11 2 ...
 $ Gen01.HitCount3                  : num  3 0 1 10 3 10 3 3 10 0 ...
 $ Gen01.HitCount4                  : num  1 2 0 10 10 10 10 10 11 0 ...
 $ Gen01.HitCount5                  : num  4 2 1 9 5 9 5 5 9 0 ...
 $ Gen01.HitRate1                   : num  0.037 0.25 0.0714 0.0648 0.0758 ...
 $ Gen01.HitRate2                   : num  0.2593 0 0.0714 0.1019 0.0682 ...
 $ Gen01.HitRate3                   : num  0.1111 0 0.0714 0.0926 0.0227 ...
 $ Gen01.HitRate4                   : num  0.037 0.25 0 0.0926 0.0758 ...
 $ Gen01.HitRate5                   : num  0.1481 0.25 0.0714 0.0833 0.0379 ...
 $ EOF                              : int  1 1 1 1 1 1 1 1 1 1 ...
NULL
[1] "2022-02-25 20:25:50 --- transform Finish ---"
[1] "2022-02-25 20:25:50 --- na.omit Start ---"
[1] "--------------------------------------------------------------------------------"
[1] "nrow(data) na.omit before=6563"
[1] "nrow(data) na.omit after =6518"
[1] "nrow(data) na.omit diff =45"
[1] "--------------------------------------------------------------------------------"
'data.frame':	6518 obs. of  44 variables:
 $ Race.RaceId                      : Factor w/ 529 levels "20160109-08-01-02-10",..: 9 9 10 10 10 10 10 10 2 2 ...
 $ Race.IsPredictedRace             : logi  TRUE TRUE TRUE TRUE TRUE TRUE ...
 $ Race.IsAnalyzeNormalPastAndFuture: logi  TRUE TRUE TRUE TRUE TRUE TRUE ...
 $ Race.IsAnalyzeNormalPast         : logi  TRUE TRUE TRUE TRUE TRUE TRUE ...
 $ Race.IsAnalyzeNormalFuture       : logi  FALSE FALSE FALSE FALSE FALSE FALSE ...
 $ Race.IsAnalyzeFullPastAndFuture  : logi  TRUE TRUE TRUE TRUE TRUE TRUE ...
 $ Race.IsAnalyzeFullPast           : logi  TRUE TRUE TRUE TRUE TRUE TRUE ...
 $ Race.IsAnalyzeFullFuture         : logi  FALSE FALSE FALSE FALSE FALSE FALSE ...
 $ Race.JyokenCd                    : Factor w/ 1 level "2": 1 1 1 1 1 1 1 1 1 1 ...
 $ Race.JyoType1Cd                  : Factor w/ 112 levels "1-08-2000-2-1",..: 9 9 10 10 10 10 10 10 2 2 ...
 $ Race.RaceType1Cd                 : Factor w/ 3 levels "1-2-E-2","1-2-E-1",..: 1 1 2 2 2 2 2 2 2 2 ...
 $ RaceHorse.RaceId                 : Factor w/ 529 levels "20160109-08-01-02-10",..: 9 9 10 10 10 10 10 10 2 2 ...
 $ RaceHorse.KettoNum               : Factor w/ 1370 levels "2008103264","2010100659",..: 10 11 12 13 14 15 16 17 18 19 ...
 $ RaceHorse.IsHit1                 : num  0 0 1 0 0 0 0 0 0 1 ...
 $ RaceHorse.IsHit2                 : num  0 0 0 0 0 0 0 0 0 0 ...
 $ RaceHorse.IsHit3                 : num  0 0 0 0 0 0 0 0 0 0 ...
 $ RaceHorse.IsHit4                 : num  0 0 0 1 0 0 0 0 0 0 ...
 $ RaceHorse.IsHit5                 : num  0 0 0 0 0 0 0 0 0 0 ...
 $ RaceHorse.IsHit6                 : num  1 1 0 0 1 1 1 1 1 0 ...
 $ RaceHorse.IsValidRaceHorse       : logi  TRUE TRUE TRUE TRUE TRUE TRUE ...
 $ RaceHorse.TimeSdv                : num  -0.788 -1.202 0.801 0.801 -0.72 ...
 $ RaceHorse.IsHitA                 : num  0 0 1 0 0 0 0 0 0 1 ...
 $ RaceHorse.IsHitB                 : num  0 0 1 0 0 0 0 0 0 1 ...
 $ RaceHorse.IsHitC                 : num  0 0 1 0 0 0 0 0 0 1 ...
 $ Gen01.HansyokuNum                : Factor w/ 189 levels "11202004","11202006",..: 5 6 7 8 9 8 9 9 8 10 ...
 $ Gen01.TimeSdvByRaceAvg           : num  0.3083 0.2281 -0.2946 0.1613 -0.0686 ...
 $ Gen01.TimeSdvByRaceMin           : num  -1.404 -0.987 -2.775 -2.932 -2.598 ...
 $ Gen01.TimeSdvByRaceMax           : num  1.52 1.24 1.3 2.12 1.82 ...
 $ Gen01.TimeSdvAvg                 : num  -0.14333 -0.25763 -0.10112 0.10902 0.00976 ...
 $ Gen01.TimeSdvMin                 : num  -1.88 -2.52 -1.26 -4.28 -2.41 ...
 $ Gen01.TimeSdvMax                 : num  1.68 1.18 1.15 1.85 1.76 ...
 $ Gen01.OrderOfFinishSdvAvg        : num  0.333 0.306 -0.343 0.178 -0.166 ...
 $ Gen01.RunCount                   : num  27 8 14 108 132 108 132 132 110 13 ...
 $ Gen01.HitCount1                  : num  1 2 1 7 10 7 10 10 7 0 ...
 $ Gen01.HitCount2                  : num  7 0 1 11 9 11 9 9 11 2 ...
 $ Gen01.HitCount3                  : num  3 0 1 10 3 10 3 3 10 0 ...
 $ Gen01.HitCount4                  : num  1 2 0 10 10 10 10 10 11 0 ...
 $ Gen01.HitCount5                  : num  4 2 1 9 5 9 5 5 9 0 ...
 $ Gen01.HitRate1                   : num  0.037 0.25 0.0714 0.0648 0.0758 ...
 $ Gen01.HitRate2                   : num  0.2593 0 0.0714 0.1019 0.0682 ...
 $ Gen01.HitRate3                   : num  0.1111 0 0.0714 0.0926 0.0227 ...
 $ Gen01.HitRate4                   : num  0.037 0.25 0 0.0926 0.0758 ...
 $ Gen01.HitRate5                   : num  0.1481 0.25 0.0714 0.0833 0.0379 ...
 $ EOF                              : int  1 1 1 1 1 1 1 1 1 1 ...
 - attr(*, "na.action")= 'omit' Named int  156 233 283 348 448 750 1063 1419 1579 1590 ...
  ..- attr(*, "names")= chr  "156" "233" "283" "348" ...
[1] "2022-02-25 20:25:52 --- na.omit Finish ---"
[1] "2022-02-25 20:25:52 --- rxGlm with rxStepControl Start ---"

> print(paste0(Sys.time(), " --- source_logic_glm.R Start ---"))
[1] "2022-02-25 20:25:52 --- source_logic_glm.R Start ---"

> formula <- formula(RaceHorse.IsHitA ~ +1 + Gen01.TimeSdvAvg)

> print(paste0(Sys.time(), " --- source_logic_glm.R Finished ---"))
[1] "2022-02-25 20:25:52 --- source_logic_glm.R Finished ---"
Rows Read: 6518, Total Rows Processed: 6518, Total Chunk Time: 0.030 seconds 

Starting values (iteration 1) time: 0.737 secs.
Rows Read: 6518, Total Rows Processed: 6518, Total Chunk Time: 0.001 seconds 

Iteration 2 time: 0.005 secs.
Rows Read: 6518, Total Rows Processed: 6518, Total Chunk Time: 0.002 seconds 

Iteration 3 time: 0.005 secs.
Rows Read: 6518, Total Rows Processed: 6518, Total Chunk Time: Less than .001 seconds 

Iteration 4 time: 0.007 secs.

Elapsed computation time: 0.789 secs.
Rows Read: 6518, Total Rows Processed: 6518, Total Chunk Time: 0.001 seconds 

Starting values (iteration 1) time: 0.011 secs.
Rows Read: 6518, Total Rows Processed: 6518, Total Chunk Time: 0.001 seconds 

Iteration 2 time: 0.008 secs.

Elapsed computation time: 0.057 secs.
Rows Read: 6518, Total Rows Processed: 6518, Total Chunk Time: 0.001 seconds 

Starting values (iteration 1) time: 0.008 secs.
Rows Read: 6518, Total Rows Processed: 6518, Total Chunk Time: 0.001 seconds 

Iteration 2 time: 0.010 secs.
Rows Read: 6518, Total Rows Processed: 6518, Total Chunk Time: 0.002 seconds 

Iteration 3 time: 0.011 secs.
Rows Read: 6518, Total Rows Processed: 6518, Total Chunk Time: 0.002 seconds 

Iteration 4 time: 0.007 secs.

Elapsed computation time: 0.067 secs.

Elapsed computation time: 0.954 secs.
[1] "--------------------------------------------------------------------------------"
[1] "analyze.results.glm.step="
Logistic Regression Results for: RaceHorse.IsHitA ~ Gen01.TimeSdvAvg
Data: data
Dependent variable(s): RaceHorse.IsHitA
Total independent variables: 2 
Number of valid observations: 6518
Number of missing observations: 0 
 
Coefficients:
                 RaceHorse.IsHitA
(Intercept)                  -2.5
Gen01.TimeSdvAvg              0.4
[1] "analyze.results.glm.step.summary"
Call:
rxLogit(formula = formula, data = data, variableSelection = analyze.results.glm.step.varsel)

Logistic Regression Results for: RaceHorse.IsHitA ~ Gen01.TimeSdvAvg
Data: data
Dependent variable(s): RaceHorse.IsHitA
Total independent variables: 2 
Number of valid observations: 6518
Number of missing observations: 0 
-2*LogLikelihood: 3535.094 (Residual deviance on 6516 degrees of freedom)
 
Coefficients:
                 Estimate Std. Error z value Pr(>|z|)    
(Intercept)       -2.5211     0.0493  -51.10  2.2e-16 ***
Gen01.TimeSdvAvg   0.4202     0.1484    2.83   0.0046 ** 
---
Signif. codes:  0 '***' 0.001 '**' 0.01 '*' 0.05 '.' 0.1 ' ' 1

Condition number of final variance-covariance matrix: 1 
Number of iterations: 4
[1] "--------------------------------------------------------------------------------"
[1] "2022-02-25 20:25:54 --- rxGlm with rxStepControl Finish ---"
[1] "2022-02-25 20:25:54 --- rxStepPlot Start ---"
[1] "pdfFilename=pdf_analyze_glm_Gen01_Type12_rxStepPlot.pdf"
[1] "rxStepPlot="
[1] "2022-02-25 20:25:54 --- rxStepPlot Finish ---"
[1] "2022-02-25 20:25:54 --- save.image Start ---"
[1] "save.image"
[1] "rdataFilename=RData_analyze_glm_Gen01_Type12.RData"
[1] "2022-02-25 20:25:54 --- save.image Finish ---"
[1] "2022-02-25 20:25:54 --- final Start ---"
[1] "--------------------------------------------------------------------------------"
[1] "nrow(data) final=6518"
[1] "--------------------------------------------------------------------------------"
[1] "2022-02-25 20:25:54 --- final Finish ---"
[1] "2022-02-25 20:25:54 --- analyze_glm.R Finished ---"
[1] "2022-02-25 20:25:54 --- log Finish ---"
