[1] "2022-03-08 18:55:03 --- D1115_analyze_glm_Horse_IsHitA_Type11 Start ---"
[1] "2022-03-08 18:55:03 --- Log Start ---"
[1] "2022-03-08 18:55:03 --- analyze_glm.R Start ---"
[1] "analyzeVersion=D1115"
[1] "analyzeCategory=analyze"
[1] "analyzeType=Horse"
[1] "analyzeFamily=IsHitA"
[1] "analyzeFunc=glm"
[1] "analyzeTrackTypeCd=1"
[1] "analyzeJyokenCd=1"
[1] "2022-03-08 18:55:04 --- source_function.R Start ---"
[1] "2022-03-08 18:55:04 --- source_function.R Finished ---"

> print(paste0(Sys.time(), " --- source_library.R Start ---"))
[1] "2022-03-08 18:55:04 --- source_library.R Start ---"

> require("RevoScaleR")

> print(paste0(Sys.time(), " --- source_library.R Finished ---"))
[1] "2022-03-08 18:55:04 --- source_library.R Finished ---"
[1] "2022-03-08 18:55:04 --- RxSqlServerData Start ---"
[1] "2022-03-08 18:55:04 --- RxInSqlServer Start ---"
[1] "2022-03-08 18:55:04 --- RxInSqlServer Finish ---"
[1] "2022-03-08 18:55:04 --- rxSetComputeContext Start ---"
[1] "2022-03-08 18:55:04 --- rxSetComputeContext Finish ---"
[1] "2022-03-08 18:55:04 --- RxSqlServerData Start ---"
[1] "sqlQuery=SELECT * FROM ViewAnalyzeD1115analyze01HorseType11"
[1] "2022-03-08 18:55:04 --- RxSqlServerData Finish ---"
[1] "2022-03-08 18:55:04 --- rxGetVarInfo Start ---"
[1] "2022-03-08 18:55:07 --- rxGetVarInfo Finish---"
[1] "2022-03-08 18:55:07 --- rxImport Start ---"
Rows Read: 12618, Total Rows Processed: 12618, Total Chunk Time: 1.144 seconds 
[1] "2022-03-08 18:55:10 --- rxImport Finish ---"
[1] "object.size(data) auto=4.5 Mb"
[1] "--------------------------------------------------------------------------------"
[1] "nrow(data) RxSqlServerData=12618"
[1] "--------------------------------------------------------------------------------"
[1] "str(data)="
'data.frame':	12618 obs. of  48 variables:
 $ Race.RaceId                      : Factor w/ 928 levels "20180701-07-03-02-11",..: 11 12 13 14 15 16 17 18 19 20 ...
 $ Race.IsAnalyzeNormalPastAndFuture: logi  TRUE TRUE TRUE TRUE TRUE TRUE ...
 $ Race.IsAnalyzeNormalPast         : logi  TRUE TRUE TRUE TRUE TRUE TRUE ...
 $ Race.IsAnalyzeNormalFuture       : logi  FALSE FALSE FALSE FALSE FALSE FALSE ...
 $ Race.IsAnalyzeFullPastAndFuture  : logi  TRUE TRUE TRUE TRUE TRUE TRUE ...
 $ Race.IsAnalyzeFullPast           : logi  TRUE TRUE TRUE TRUE TRUE TRUE ...
 $ Race.IsAnalyzeFullFuture         : logi  FALSE FALSE FALSE FALSE FALSE FALSE ...
 $ Race.JyokenCd                    : Factor w/ 1 level "1": 1 1 1 1 1 1 1 1 1 1 ...
 $ Race.JyoType1Cd                  : Factor w/ 141 levels "11-07-1200-1",..: 10 11 12 13 14 15 16 17 18 11 ...
 $ Race.RaceType1Cd                 : Factor w/ 4 levels "1-1-13","1-1-14",..: 3 3 1 3 1 1 1 2 1 1 ...
 $ RaceHorse.RaceId                 : Factor w/ 928 levels "20180701-07-03-02-11",..: 11 12 13 14 15 16 17 18 19 20 ...
 $ RaceHorse.KettoNum               : Factor w/ 2952 levels "2013104606","2013106055",..: 11 12 7 13 14 15 16 17 18 19 ...
 $ RaceHorse.IsHit1                 : num  0 0 0 0 0 0 0 1 0 0 ...
 $ RaceHorse.IsHit2                 : num  0 0 0 0 0 0 0 0 0 0 ...
 $ RaceHorse.IsHit3                 : num  0 0 0 0 0 0 0 0 0 0 ...
 $ RaceHorse.IsHit4                 : num  0 0 0 0 0 0 0 0 0 0 ...
 $ RaceHorse.IsHit5                 : num  0 0 1 0 0 0 0 0 1 0 ...
 $ RaceHorse.IsHit6                 : num  1 1 0 1 1 1 1 0 0 1 ...
 $ RaceHorse.IsValidRaceHorse       : logi  FALSE TRUE TRUE TRUE TRUE TRUE ...
 $ RaceHorse.FinishTimeSdvByRace    : num  -2.279 -1.625 0.696 -1.053 0.359 ...
 $ RaceHorse.FirstTimeSdvByRace     : num  1.84 6.72e-01 0.00 9.26e-01 1.81e-14 ...
 $ RaceHorse.LastTimeSdvByRace      : num  -2.336 -1.547 0.752 -1.476 0.485 ...
 $ RaceHorse.FinishTimeSdv          : num  0.521 -0.224 1.521 0.265 1.4 ...
 $ RaceHorse.FirstTimeSdv           : num  1.127 0.877 1.13 1.58 1.129 ...
 $ RaceHorse.LastTimeSdv            : num  -0.729 -1.66 0.879 -1.895 0.956 ...
 $ RaceHorse.IsHitA                 : num  0 0 0 0 0 0 0 1 0 0 ...
 $ RaceHorse.IsHitB                 : num  0 0 0 0 0 0 0 1 0 0 ...
 $ RaceHorse.IsHitC                 : num  0 0 0 0 0 0 0 1 0 0 ...
 $ Horse.KettoNum                   : Factor w/ 2952 levels "2013104606","2013106055",..: 11 12 7 13 14 15 16 17 18 19 ...
 $ Horse.FinishTimeSdvByRaceAvg     : num  0.866 1.118 0.728 1.03 0.595 ...
 $ Horse.FirstTimeSdvByRaceAvg      : num  1.417 0.815 -0.079 1.022 0.281 ...
 $ Horse.LastTimeSdvByRaceAvg       : num  0.00933 0.75002 0.72898 0.62413 0.38561 ...
 $ Horse.FinishTimeSdvAvg           : num  0.3184 0.0339 1.1636 0.3526 0.902 ...
 $ Horse.FirstTimeSdvAvg            : num  0.5656 0.0479 0.7051 0.5017 0.6599 ...
 $ Horse.LastTimeSdvAvg             : num  -0.2359 0.0708 0.911 0.0603 0.4859 ...
 $ Horse.RealOddsLog1Avg            : num  3.393 1.562 1.933 0.915 2.202 ...
 $ Horse.RunCount                   : num  7 6 16 4 26 10 18 12 16 34 ...
 $ Horse.HitCount1                  : num  2 1 3 1 5 5 5 3 3 8 ...
 $ Horse.HitCount2                  : num  0 3 4 1 2 1 6 2 3 3 ...
 $ Horse.HitCount3                  : num  1 0 1 0 4 1 2 3 3 3 ...
 $ Horse.HitCount4                  : num  1 1 1 1 3 0 1 1 1 4 ...
 $ Horse.HitCount5                  : num  1 0 3 0 1 1 0 0 1 2 ...
 $ Horse.HitRate1                   : num  0.286 0.167 0.188 0.25 0.192 ...
 $ Horse.HitRate2                   : num  0 0.5 0.25 0.25 0.0769 ...
 $ Horse.HitRate3                   : num  0.1429 0 0.0625 0 0.1538 ...
 $ Horse.HitRate4                   : num  0.1429 0.1667 0.0625 0.25 0.1154 ...
 $ Horse.HitRate5                   : num  0.1429 0 0.1875 0 0.0385 ...
 $ EOF                              : int  1 1 1 1 1 1 1 1 1 1 ...
[1] "2022-03-08 18:55:10 --- RxSqlServerData Finish ---"
[1] "2022-03-08 18:55:10 --- subset Start ---"
[1] "--------------------------------------------------------------------------------"
[1] "nrow(data) subset before=12618"
[1] "nrow(data) subset after =12618"
[1] "nrow(data) subset diff =0"
[1] "--------------------------------------------------------------------------------"
[1] "2022-03-08 18:55:10 --- subset Finish---"
[1] "2022-03-08 18:55:10 --- transform Start ---"
[1] "--------------------------------------------------------------------------------"
[1] "nrow(data) transform before=12618"
[1] "nrow(data) transform after=12618"
[1] "nrow(data) transform diff=0"
[1] "--------------------------------------------------------------------------------"
[1] "str(data)="
'data.frame':	12618 obs. of  48 variables:
 $ Race.RaceId                      : Factor w/ 928 levels "20180701-07-03-02-11",..: 11 12 13 14 15 16 17 18 19 20 ...
 $ Race.IsAnalyzeNormalPastAndFuture: logi  TRUE TRUE TRUE TRUE TRUE TRUE ...
 $ Race.IsAnalyzeNormalPast         : logi  TRUE TRUE TRUE TRUE TRUE TRUE ...
 $ Race.IsAnalyzeNormalFuture       : logi  FALSE FALSE FALSE FALSE FALSE FALSE ...
 $ Race.IsAnalyzeFullPastAndFuture  : logi  TRUE TRUE TRUE TRUE TRUE TRUE ...
 $ Race.IsAnalyzeFullPast           : logi  TRUE TRUE TRUE TRUE TRUE TRUE ...
 $ Race.IsAnalyzeFullFuture         : logi  FALSE FALSE FALSE FALSE FALSE FALSE ...
 $ Race.JyokenCd                    : Factor w/ 1 level "1": 1 1 1 1 1 1 1 1 1 1 ...
 $ Race.JyoType1Cd                  : Factor w/ 141 levels "11-07-1200-1",..: 10 11 12 13 14 15 16 17 18 11 ...
 $ Race.RaceType1Cd                 : Factor w/ 4 levels "1-1-13","1-1-14",..: 3 3 1 3 1 1 1 2 1 1 ...
 $ RaceHorse.RaceId                 : Factor w/ 928 levels "20180701-07-03-02-11",..: 11 12 13 14 15 16 17 18 19 20 ...
 $ RaceHorse.KettoNum               : Factor w/ 2952 levels "2013104606","2013106055",..: 11 12 7 13 14 15 16 17 18 19 ...
 $ RaceHorse.IsHit1                 : num  0 0 0 0 0 0 0 1 0 0 ...
 $ RaceHorse.IsHit2                 : num  0 0 0 0 0 0 0 0 0 0 ...
 $ RaceHorse.IsHit3                 : num  0 0 0 0 0 0 0 0 0 0 ...
 $ RaceHorse.IsHit4                 : num  0 0 0 0 0 0 0 0 0 0 ...
 $ RaceHorse.IsHit5                 : num  0 0 1 0 0 0 0 0 1 0 ...
 $ RaceHorse.IsHit6                 : num  1 1 0 1 1 1 1 0 0 1 ...
 $ RaceHorse.IsValidRaceHorse       : logi  FALSE TRUE TRUE TRUE TRUE TRUE ...
 $ RaceHorse.FinishTimeSdvByRace    : num  -2.279 -1.625 0.696 -1.053 0.359 ...
 $ RaceHorse.FirstTimeSdvByRace     : num  1.84 6.72e-01 0.00 9.26e-01 1.81e-14 ...
 $ RaceHorse.LastTimeSdvByRace      : num  -2.336 -1.547 0.752 -1.476 0.485 ...
 $ RaceHorse.FinishTimeSdv          : num  0.521 -0.224 1.521 0.265 1.4 ...
 $ RaceHorse.FirstTimeSdv           : num  1.127 0.877 1.13 1.58 1.129 ...
 $ RaceHorse.LastTimeSdv            : num  -0.729 -1.66 0.879 -1.895 0.956 ...
 $ RaceHorse.IsHitA                 : num  0 0 0 0 0 0 0 1 0 0 ...
 $ RaceHorse.IsHitB                 : num  0 0 0 0 0 0 0 1 0 0 ...
 $ RaceHorse.IsHitC                 : num  0 0 0 0 0 0 0 1 0 0 ...
 $ Horse.KettoNum                   : Factor w/ 2952 levels "2013104606","2013106055",..: 11 12 7 13 14 15 16 17 18 19 ...
 $ Horse.FinishTimeSdvByRaceAvg     : num  0.866 1.118 0.728 1.03 0.595 ...
 $ Horse.FirstTimeSdvByRaceAvg      : num  1.417 0.815 -0.079 1.022 0.281 ...
 $ Horse.LastTimeSdvByRaceAvg       : num  0.00933 0.75002 0.72898 0.62413 0.38561 ...
 $ Horse.FinishTimeSdvAvg           : num  0.3184 0.0339 1.1636 0.3526 0.902 ...
 $ Horse.FirstTimeSdvAvg            : num  0.5656 0.0479 0.7051 0.5017 0.6599 ...
 $ Horse.LastTimeSdvAvg             : num  -0.2359 0.0708 0.911 0.0603 0.4859 ...
 $ Horse.RealOddsLog1Avg            : num  3.393 1.562 1.933 0.915 2.202 ...
 $ Horse.RunCount                   : num  7 6 16 4 26 10 18 12 16 34 ...
 $ Horse.HitCount1                  : num  2 1 3 1 5 5 5 3 3 8 ...
 $ Horse.HitCount2                  : num  0 3 4 1 2 1 6 2 3 3 ...
 $ Horse.HitCount3                  : num  1 0 1 0 4 1 2 3 3 3 ...
 $ Horse.HitCount4                  : num  1 1 1 1 3 0 1 1 1 4 ...
 $ Horse.HitCount5                  : num  1 0 3 0 1 1 0 0 1 2 ...
 $ Horse.HitRate1                   : num  0.286 0.167 0.188 0.25 0.192 ...
 $ Horse.HitRate2                   : num  0 0.5 0.25 0.25 0.0769 ...
 $ Horse.HitRate3                   : num  0.1429 0 0.0625 0 0.1538 ...
 $ Horse.HitRate4                   : num  0.1429 0.1667 0.0625 0.25 0.1154 ...
 $ Horse.HitRate5                   : num  0.1429 0 0.1875 0 0.0385 ...
 $ EOF                              : int  1 1 1 1 1 1 1 1 1 1 ...
NULL
[1] "2022-03-08 18:55:11 --- transform Finish ---"
[1] "2022-03-08 18:55:11 --- na.omit Start ---"
[1] "--------------------------------------------------------------------------------"
[1] "nrow(data) na.omit before=12618"
[1] "nrow(data) na.omit after =12544"
[1] "nrow(data) na.omit diff =74"
[1] "--------------------------------------------------------------------------------"
'data.frame':	12544 obs. of  48 variables:
 $ Race.RaceId                      : Factor w/ 928 levels "20180701-07-03-02-11",..: 11 12 13 14 15 16 17 18 19 20 ...
 $ Race.IsAnalyzeNormalPastAndFuture: logi  TRUE TRUE TRUE TRUE TRUE TRUE ...
 $ Race.IsAnalyzeNormalPast         : logi  TRUE TRUE TRUE TRUE TRUE TRUE ...
 $ Race.IsAnalyzeNormalFuture       : logi  FALSE FALSE FALSE FALSE FALSE FALSE ...
 $ Race.IsAnalyzeFullPastAndFuture  : logi  TRUE TRUE TRUE TRUE TRUE TRUE ...
 $ Race.IsAnalyzeFullPast           : logi  TRUE TRUE TRUE TRUE TRUE TRUE ...
 $ Race.IsAnalyzeFullFuture         : logi  FALSE FALSE FALSE FALSE FALSE FALSE ...
 $ Race.JyokenCd                    : Factor w/ 1 level "1": 1 1 1 1 1 1 1 1 1 1 ...
 $ Race.JyoType1Cd                  : Factor w/ 141 levels "11-07-1200-1",..: 10 11 12 13 14 15 16 17 18 11 ...
 $ Race.RaceType1Cd                 : Factor w/ 4 levels "1-1-13","1-1-14",..: 3 3 1 3 1 1 1 2 1 1 ...
 $ RaceHorse.RaceId                 : Factor w/ 928 levels "20180701-07-03-02-11",..: 11 12 13 14 15 16 17 18 19 20 ...
 $ RaceHorse.KettoNum               : Factor w/ 2952 levels "2013104606","2013106055",..: 11 12 7 13 14 15 16 17 18 19 ...
 $ RaceHorse.IsHit1                 : num  0 0 0 0 0 0 0 1 0 0 ...
 $ RaceHorse.IsHit2                 : num  0 0 0 0 0 0 0 0 0 0 ...
 $ RaceHorse.IsHit3                 : num  0 0 0 0 0 0 0 0 0 0 ...
 $ RaceHorse.IsHit4                 : num  0 0 0 0 0 0 0 0 0 0 ...
 $ RaceHorse.IsHit5                 : num  0 0 1 0 0 0 0 0 1 0 ...
 $ RaceHorse.IsHit6                 : num  1 1 0 1 1 1 1 0 0 1 ...
 $ RaceHorse.IsValidRaceHorse       : logi  FALSE TRUE TRUE TRUE TRUE TRUE ...
 $ RaceHorse.FinishTimeSdvByRace    : num  -2.279 -1.625 0.696 -1.053 0.359 ...
 $ RaceHorse.FirstTimeSdvByRace     : num  1.84 6.72e-01 0.00 9.26e-01 1.81e-14 ...
 $ RaceHorse.LastTimeSdvByRace      : num  -2.336 -1.547 0.752 -1.476 0.485 ...
 $ RaceHorse.FinishTimeSdv          : num  0.521 -0.224 1.521 0.265 1.4 ...
 $ RaceHorse.FirstTimeSdv           : num  1.127 0.877 1.13 1.58 1.129 ...
 $ RaceHorse.LastTimeSdv            : num  -0.729 -1.66 0.879 -1.895 0.956 ...
 $ RaceHorse.IsHitA                 : num  0 0 0 0 0 0 0 1 0 0 ...
 $ RaceHorse.IsHitB                 : num  0 0 0 0 0 0 0 1 0 0 ...
 $ RaceHorse.IsHitC                 : num  0 0 0 0 0 0 0 1 0 0 ...
 $ Horse.KettoNum                   : Factor w/ 2952 levels "2013104606","2013106055",..: 11 12 7 13 14 15 16 17 18 19 ...
 $ Horse.FinishTimeSdvByRaceAvg     : num  0.866 1.118 0.728 1.03 0.595 ...
 $ Horse.FirstTimeSdvByRaceAvg      : num  1.417 0.815 -0.079 1.022 0.281 ...
 $ Horse.LastTimeSdvByRaceAvg       : num  0.00933 0.75002 0.72898 0.62413 0.38561 ...
 $ Horse.FinishTimeSdvAvg           : num  0.3184 0.0339 1.1636 0.3526 0.902 ...
 $ Horse.FirstTimeSdvAvg            : num  0.5656 0.0479 0.7051 0.5017 0.6599 ...
 $ Horse.LastTimeSdvAvg             : num  -0.2359 0.0708 0.911 0.0603 0.4859 ...
 $ Horse.RealOddsLog1Avg            : num  3.393 1.562 1.933 0.915 2.202 ...
 $ Horse.RunCount                   : num  7 6 16 4 26 10 18 12 16 34 ...
 $ Horse.HitCount1                  : num  2 1 3 1 5 5 5 3 3 8 ...
 $ Horse.HitCount2                  : num  0 3 4 1 2 1 6 2 3 3 ...
 $ Horse.HitCount3                  : num  1 0 1 0 4 1 2 3 3 3 ...
 $ Horse.HitCount4                  : num  1 1 1 1 3 0 1 1 1 4 ...
 $ Horse.HitCount5                  : num  1 0 3 0 1 1 0 0 1 2 ...
 $ Horse.HitRate1                   : num  0.286 0.167 0.188 0.25 0.192 ...
 $ Horse.HitRate2                   : num  0 0.5 0.25 0.25 0.0769 ...
 $ Horse.HitRate3                   : num  0.1429 0 0.0625 0 0.1538 ...
 $ Horse.HitRate4                   : num  0.1429 0.1667 0.0625 0.25 0.1154 ...
 $ Horse.HitRate5                   : num  0.1429 0 0.1875 0 0.0385 ...
 $ EOF                              : int  1 1 1 1 1 1 1 1 1 1 ...
 - attr(*, "na.action")= 'omit' Named int  248 408 435 543 579 597 613 857 922 966 ...
  ..- attr(*, "names")= chr  "248" "408" "435" "543" ...
[1] "2022-03-08 18:55:12 --- na.omit Finish ---"
[1] "2022-03-08 18:55:12 --- rxLogit with rxStepControl Start ---"

> print(paste0(Sys.time(), " --- source_logic_glm.R Start ---"))
[1] "2022-03-08 18:55:12 --- source_logic_glm.R Start ---"

> formula <- formula(RaceHorse.IsHitA ~ +1 + Horse.FinishTimeSdvByRaceAvg)

> print(paste0(Sys.time(), " --- source_logic_glm.R Finished ---"))
[1] "2022-03-08 18:55:12 --- source_logic_glm.R Finished ---"
Rows Read: 12544, Total Rows Processed: 12544, Total Chunk Time: 0.001 seconds 

Starting values (iteration 1) time: 0.023 secs.
Rows Read: 12544, Total Rows Processed: 12544, Total Chunk Time: 0.002 seconds 

Iteration 2 time: 0.007 secs.
Rows Read: 12544, Total Rows Processed: 12544, Total Chunk Time: 0.003 seconds 

Iteration 3 time: 0.006 secs.
Rows Read: 12544, Total Rows Processed: 12544, Total Chunk Time: 0.002 seconds 

Iteration 4 time: 0.004 secs.
Rows Read: 12544, Total Rows Processed: 12544, Total Chunk Time: 0.002 seconds 

Iteration 5 time: 0.005 secs.

Elapsed computation time: 0.068 secs.
Rows Read: 12544, Total Rows Processed: 12544, Total Chunk Time: Less than .001 seconds 

Starting values (iteration 1) time: 0.007 secs.
Rows Read: 12544, Total Rows Processed: 12544, Total Chunk Time: 0.002 seconds 

Iteration 2 time: 0.007 secs.

Elapsed computation time: 0.027 secs.
Rows Read: 12544, Total Rows Processed: 12544, Total Chunk Time: 0.001 seconds 

Starting values (iteration 1) time: 0.009 secs.
Rows Read: 12544, Total Rows Processed: 12544, Total Chunk Time: 0.002 seconds 

Iteration 2 time: 0.007 secs.
Rows Read: 12544, Total Rows Processed: 12544, Total Chunk Time: 0.001 seconds 

Iteration 3 time: 0.005 secs.
Rows Read: 12544, Total Rows Processed: 12544, Total Chunk Time: 0.002 seconds 

Iteration 4 time: 0.005 secs.
Rows Read: 12544, Total Rows Processed: 12544, Total Chunk Time: Less than .001 seconds 

Iteration 5 time: 0.005 secs.

Elapsed computation time: 0.052 secs.

Elapsed computation time: 0.166 secs.
[1] "--------------------------------------------------------------------------------"
[1] "analyze.results.glm.step="
Logistic Regression Results for: RaceHorse.IsHitA ~
    Horse.FinishTimeSdvByRaceAvg
Data: data
Dependent variable(s): RaceHorse.IsHitA
Total independent variables: 2 
Number of valid observations: 12544
Number of missing observations: 0 
 
Coefficients:
                             RaceHorse.IsHitA
(Intercept)                                -4
Horse.FinishTimeSdvByRaceAvg                2
[1] "analyze.results.glm.step.summary"
Call:
rxLogit(formula = formula, data = data, variableSelection = analyze.results.glm.step.varsel)

Logistic Regression Results for: RaceHorse.IsHitA ~
    Horse.FinishTimeSdvByRaceAvg
Data: data
Dependent variable(s): RaceHorse.IsHitA
Total independent variables: 2 
Number of valid observations: 12544
Number of missing observations: 0 
-2*LogLikelihood: 6196.998 (Residual deviance on 12542 degrees of freedom)
 
Coefficients:
                             Estimate Std. Error z value Pr(>|z|)    
(Intercept)                   -3.9744     0.0920   -43.2  2.2e-16 ***
Horse.FinishTimeSdvByRaceAvg   1.7107     0.0912    18.8  2.2e-16 ***
---
Signif. codes:  0 '***' 0.001 '**' 0.01 '*' 0.05 '.' 0.1 ' ' 1

Condition number of final variance-covariance matrix: 1 
Number of iterations: 5
[1] "--------------------------------------------------------------------------------"
[1] "2022-03-08 18:55:12 --- rxLogit with rxStepControl Finish ---"
[1] "2022-03-08 18:55:12 --- rxStepPlot Start ---"
[1] "pdfFilename=pdf_analyze_glm_Horse_Type11_rxStepPlot.pdf"
[1] "rxStepPlot="
[1] "2022-03-08 18:55:13 --- rxStepPlot Finish ---"
[1] "2022-03-08 18:55:13 --- save.image Start ---"
[1] "save.image"
[1] "rdataFilename=RData_analyze_glm_Horse_Type11.RData"
[1] "2022-03-08 18:55:13 --- save.image Finish ---"
[1] "2022-03-08 18:55:13 --- final Start ---"
[1] "--------------------------------------------------------------------------------"
[1] "nrow(data) final=12544"
[1] "--------------------------------------------------------------------------------"
[1] "2022-03-08 18:55:13 --- final Finish ---"
[1] "2022-03-08 18:55:13 --- analyze_glm.R Finished ---"
[1] "2022-03-08 18:55:13 --- log Finish ---"
