[1] "2022-02-25 20:26:31 --- D1115_analyze_glm_Odds_IsHitA_Type31 Start ---"
[1] "2022-02-25 20:26:31 --- Log Start ---"
[1] "2022-02-25 20:26:31 --- analyze_glm.R Start ---"
[1] "analyzeVersion=D1115"
[1] "analyzeCategory=analyze"
[1] "analyzeType=Odds"
[1] "analyzeFamily=IsHitA"
[1] "analyzeFunc=glm"
[1] "analyzeTrackTypeCd=3"
[1] "analyzeJyokenCd=1"
[1] "2022-02-25 20:26:35 --- source_function.R Start ---"
[1] "2022-02-25 20:26:36 --- source_function.R Finished ---"

> print(paste0(Sys.time(), " --- source_library.R Start ---"))
[1] "2022-02-25 20:26:39 --- source_library.R Start ---"

> require("RevoScaleR")

> print(paste0(Sys.time(), " --- source_library.R Finished ---"))
[1] "2022-02-25 20:26:57 --- source_library.R Finished ---"
[1] "2022-02-25 20:26:58 --- RxSqlServerData Start ---"
[1] "2022-02-25 20:27:03 --- RxInSqlServer Start ---"
[1] "2022-02-25 20:27:09 --- RxInSqlServer Finish ---"
[1] "2022-02-25 20:27:15 --- rxSetComputeContext Start ---"
[1] "2022-02-25 20:27:15 --- rxSetComputeContext Finish ---"
[1] "2022-02-25 20:27:15 --- RxSqlServerData Start ---"
[1] "sqlQuery=SELECT * FROM ViewAnalyzeD1115analyze01OddsType31"
[1] "2022-02-25 20:27:15 --- RxSqlServerData Finish ---"
[1] "2022-02-25 20:27:15 --- rxGetVarInfo Start ---"
[1] "2022-02-25 20:27:16 --- rxGetVarInfo Finish---"
[1] "2022-02-25 20:27:16 --- rxImport Start ---"
Rows Read: 2534, Total Rows Processed: 2534, Total Chunk Time: 1.821 seconds 
[1] "2022-02-25 20:27:21 --- rxImport Finish ---"
[1] "object.size(data) auto=566.6 Kb"
[1] "--------------------------------------------------------------------------------"
[1] "nrow(data) RxSqlServerData=2534"
[1] "--------------------------------------------------------------------------------"
[1] "str(data)="
'data.frame':	2534 obs. of  32 variables:
 $ Race.RaceId                      : Factor w/ 213 levels "20160109-06-01-02-08",..: 1 7 2 2 8 8 3 3 5 5 ...
 $ Race.IsPredictedRace             : logi  TRUE TRUE TRUE TRUE TRUE TRUE ...
 $ Race.IsAnalyzeNormalPastAndFuture: logi  TRUE TRUE TRUE TRUE TRUE TRUE ...
 $ Race.IsAnalyzeNormalPast         : logi  TRUE TRUE TRUE TRUE TRUE TRUE ...
 $ Race.IsAnalyzeNormalFuture       : logi  FALSE FALSE FALSE FALSE FALSE FALSE ...
 $ Race.IsAnalyzeFullPastAndFuture  : logi  TRUE TRUE TRUE TRUE TRUE TRUE ...
 $ Race.IsAnalyzeFullPast           : logi  TRUE TRUE TRUE TRUE TRUE TRUE ...
 $ Race.IsAnalyzeFullFuture         : logi  FALSE FALSE FALSE FALSE FALSE FALSE ...
 $ Race.JyokenCd                    : Factor w/ 1 level "1": 1 1 1 1 1 1 1 1 1 1 ...
 $ Race.JyoType1Cd                  : Factor w/ 53 levels "3-06-3200-1-1",..: 1 6 2 2 4 4 3 3 1 1 ...
 $ Race.RaceType1Cd                 : Factor w/ 5 levels "3-1-E-3","3-1-X-3",..: 1 2 2 2 1 1 1 1 2 2 ...
 $ RaceHorse.RaceId                 : Factor w/ 213 levels "20160109-06-01-02-08",..: 1 7 2 2 8 8 3 3 5 5 ...
 $ RaceHorse.KettoNum               : Factor w/ 478 levels "2011102192","2009100276",..: 11 12 4 13 14 15 16 13 17 18 ...
 $ RaceHorse.IsHit1                 : num  0 0 0 0 0 0 0 0 0 0 ...
 $ RaceHorse.IsHit2                 : num  0 0 0 0 0 0 0 0 0 0 ...
 $ RaceHorse.IsHit3                 : num  0 0 0 0 0 0 0 0 1 0 ...
 $ RaceHorse.IsHit4                 : num  0 0 0 0 0 0 1 0 0 0 ...
 $ RaceHorse.IsHit5                 : num  0 0 0 0 0 0 0 0 0 0 ...
 $ RaceHorse.IsHit6                 : num  1 1 1 1 1 1 0 1 0 1 ...
 $ RaceHorse.IsValidRaceHorse       : logi  TRUE TRUE TRUE TRUE TRUE TRUE ...
 $ RaceHorse.TimeSdv                : num  0.141 0.332 -0.161 -1.672 -0.471 ...
 $ RaceHorse.IsHitA                 : num  0 0 0 0 0 0 0 0 0 0 ...
 $ RaceHorse.IsHitB                 : num  0 0 0 0 0 0 0 0 0 0 ...
 $ RaceHorse.IsHitC                 : num  0 0 0 0 0 0 0 0 1 0 ...
 $ OddsByWin.Odds1                  : num  14.5 58.2 7.3 213.2 56.2 ...
 $ OddsByWin.Ninki                  : num  5 13 4 14 9 6 5 13 10 9 ...
 $ OddsByWin.OddsLog1               : num  2.74 4.08 2.12 5.37 4.05 ...
 $ OddsByWin.OddsRatio1             : num  0.07407 0.01748 0.15873 0.00471 0.01812 ...
 $ OddsByWin.OddsLogit1             : num  -2.67 -4.06 -1.99 -5.36 -4.03 ...
 $ OddsByWin.ApprovalRate1          : num  0.06897 0.01718 0.13699 0.00469 0.01779 ...
 $ OddsByWin.ApprovalRateLog1       : num  0.06669 0.01704 0.12838 0.00468 0.01764 ...
 $ EOF                              : int  1 1 1 1 1 1 1 1 1 1 ...
[1] "2022-02-25 20:30:04 --- RxSqlServerData Finish ---"
[1] "2022-02-25 20:30:08 --- subset Start ---"
[1] "--------------------------------------------------------------------------------"
[1] "nrow(data) subset before=2534"
[1] "nrow(data) subset after =2534"
[1] "nrow(data) subset diff =0"
[1] "--------------------------------------------------------------------------------"
[1] "2022-02-25 20:31:09 --- subset Finish---"
[1] "2022-02-25 20:31:30 --- transform Start ---"
[1] "--------------------------------------------------------------------------------"
[1] "nrow(data) transform before=2534"
[1] "nrow(data) transform after=2534"
[1] "nrow(data) transform diff=0"
[1] "--------------------------------------------------------------------------------"
[1] "str(data)="
'data.frame':	2534 obs. of  32 variables:
 $ Race.RaceId                      : Factor w/ 213 levels "20160109-06-01-02-08",..: 1 7 2 2 8 8 3 3 5 5 ...
 $ Race.IsPredictedRace             : logi  TRUE TRUE TRUE TRUE TRUE TRUE ...
 $ Race.IsAnalyzeNormalPastAndFuture: logi  TRUE TRUE TRUE TRUE TRUE TRUE ...
 $ Race.IsAnalyzeNormalPast         : logi  TRUE TRUE TRUE TRUE TRUE TRUE ...
 $ Race.IsAnalyzeNormalFuture       : logi  FALSE FALSE FALSE FALSE FALSE FALSE ...
 $ Race.IsAnalyzeFullPastAndFuture  : logi  TRUE TRUE TRUE TRUE TRUE TRUE ...
 $ Race.IsAnalyzeFullPast           : logi  TRUE TRUE TRUE TRUE TRUE TRUE ...
 $ Race.IsAnalyzeFullFuture         : logi  FALSE FALSE FALSE FALSE FALSE FALSE ...
 $ Race.JyokenCd                    : Factor w/ 1 level "1": 1 1 1 1 1 1 1 1 1 1 ...
 $ Race.JyoType1Cd                  : Factor w/ 53 levels "3-06-3200-1-1",..: 1 6 2 2 4 4 3 3 1 1 ...
 $ Race.RaceType1Cd                 : Factor w/ 5 levels "3-1-E-3","3-1-X-3",..: 1 2 2 2 1 1 1 1 2 2 ...
 $ RaceHorse.RaceId                 : Factor w/ 213 levels "20160109-06-01-02-08",..: 1 7 2 2 8 8 3 3 5 5 ...
 $ RaceHorse.KettoNum               : Factor w/ 478 levels "2011102192","2009100276",..: 11 12 4 13 14 15 16 13 17 18 ...
 $ RaceHorse.IsHit1                 : num  0 0 0 0 0 0 0 0 0 0 ...
 $ RaceHorse.IsHit2                 : num  0 0 0 0 0 0 0 0 0 0 ...
 $ RaceHorse.IsHit3                 : num  0 0 0 0 0 0 0 0 1 0 ...
 $ RaceHorse.IsHit4                 : num  0 0 0 0 0 0 1 0 0 0 ...
 $ RaceHorse.IsHit5                 : num  0 0 0 0 0 0 0 0 0 0 ...
 $ RaceHorse.IsHit6                 : num  1 1 1 1 1 1 0 1 0 1 ...
 $ RaceHorse.IsValidRaceHorse       : logi  TRUE TRUE TRUE TRUE TRUE TRUE ...
 $ RaceHorse.TimeSdv                : num  0.141 0.332 -0.161 -1.672 -0.471 ...
 $ RaceHorse.IsHitA                 : num  0 0 0 0 0 0 0 0 0 0 ...
 $ RaceHorse.IsHitB                 : num  0 0 0 0 0 0 0 0 0 0 ...
 $ RaceHorse.IsHitC                 : num  0 0 0 0 0 0 0 0 1 0 ...
 $ OddsByWin.Odds1                  : num  14.5 58.2 7.3 213.2 56.2 ...
 $ OddsByWin.Ninki                  : num  5 13 4 14 9 6 5 13 10 9 ...
 $ OddsByWin.OddsLog1               : num  2.74 4.08 2.12 5.37 4.05 ...
 $ OddsByWin.OddsRatio1             : num  0.07407 0.01748 0.15873 0.00471 0.01812 ...
 $ OddsByWin.OddsLogit1             : num  -2.67 -4.06 -1.99 -5.36 -4.03 ...
 $ OddsByWin.ApprovalRate1          : num  0.06897 0.01718 0.13699 0.00469 0.01779 ...
 $ OddsByWin.ApprovalRateLog1       : num  0.06669 0.01704 0.12838 0.00468 0.01764 ...
 $ EOF                              : int  1 1 1 1 1 1 1 1 1 1 ...
NULL
[1] "2022-02-25 20:32:44 --- transform Finish ---"
[1] "2022-02-25 20:32:44 --- na.omit Start ---"
[1] "--------------------------------------------------------------------------------"
[1] "nrow(data) na.omit before=2534"
[1] "nrow(data) na.omit after =2416"
[1] "nrow(data) na.omit diff =118"
[1] "--------------------------------------------------------------------------------"
'data.frame':	2416 obs. of  32 variables:
 $ Race.RaceId                      : Factor w/ 213 levels "20160109-06-01-02-08",..: 1 7 2 2 8 8 3 3 5 5 ...
 $ Race.IsPredictedRace             : logi  TRUE TRUE TRUE TRUE TRUE TRUE ...
 $ Race.IsAnalyzeNormalPastAndFuture: logi  TRUE TRUE TRUE TRUE TRUE TRUE ...
 $ Race.IsAnalyzeNormalPast         : logi  TRUE TRUE TRUE TRUE TRUE TRUE ...
 $ Race.IsAnalyzeNormalFuture       : logi  FALSE FALSE FALSE FALSE FALSE FALSE ...
 $ Race.IsAnalyzeFullPastAndFuture  : logi  TRUE TRUE TRUE TRUE TRUE TRUE ...
 $ Race.IsAnalyzeFullPast           : logi  TRUE TRUE TRUE TRUE TRUE TRUE ...
 $ Race.IsAnalyzeFullFuture         : logi  FALSE FALSE FALSE FALSE FALSE FALSE ...
 $ Race.JyokenCd                    : Factor w/ 1 level "1": 1 1 1 1 1 1 1 1 1 1 ...
 $ Race.JyoType1Cd                  : Factor w/ 53 levels "3-06-3200-1-1",..: 1 6 2 2 4 4 3 3 1 1 ...
 $ Race.RaceType1Cd                 : Factor w/ 5 levels "3-1-E-3","3-1-X-3",..: 1 2 2 2 1 1 1 1 2 2 ...
 $ RaceHorse.RaceId                 : Factor w/ 213 levels "20160109-06-01-02-08",..: 1 7 2 2 8 8 3 3 5 5 ...
 $ RaceHorse.KettoNum               : Factor w/ 478 levels "2011102192","2009100276",..: 11 12 4 13 14 15 16 13 17 18 ...
 $ RaceHorse.IsHit1                 : num  0 0 0 0 0 0 0 0 0 0 ...
 $ RaceHorse.IsHit2                 : num  0 0 0 0 0 0 0 0 0 0 ...
 $ RaceHorse.IsHit3                 : num  0 0 0 0 0 0 0 0 1 0 ...
 $ RaceHorse.IsHit4                 : num  0 0 0 0 0 0 1 0 0 0 ...
 $ RaceHorse.IsHit5                 : num  0 0 0 0 0 0 0 0 0 0 ...
 $ RaceHorse.IsHit6                 : num  1 1 1 1 1 1 0 1 0 1 ...
 $ RaceHorse.IsValidRaceHorse       : logi  TRUE TRUE TRUE TRUE TRUE TRUE ...
 $ RaceHorse.TimeSdv                : num  0.141 0.332 -0.161 -1.672 -0.471 ...
 $ RaceHorse.IsHitA                 : num  0 0 0 0 0 0 0 0 0 0 ...
 $ RaceHorse.IsHitB                 : num  0 0 0 0 0 0 0 0 0 0 ...
 $ RaceHorse.IsHitC                 : num  0 0 0 0 0 0 0 0 1 0 ...
 $ OddsByWin.Odds1                  : num  14.5 58.2 7.3 213.2 56.2 ...
 $ OddsByWin.Ninki                  : num  5 13 4 14 9 6 5 13 10 9 ...
 $ OddsByWin.OddsLog1               : num  2.74 4.08 2.12 5.37 4.05 ...
 $ OddsByWin.OddsRatio1             : num  0.07407 0.01748 0.15873 0.00471 0.01812 ...
 $ OddsByWin.OddsLogit1             : num  -2.67 -4.06 -1.99 -5.36 -4.03 ...
 $ OddsByWin.ApprovalRate1          : num  0.06897 0.01718 0.13699 0.00469 0.01779 ...
 $ OddsByWin.ApprovalRateLog1       : num  0.06669 0.01704 0.12838 0.00468 0.01764 ...
 $ EOF                              : int  1 1 1 1 1 1 1 1 1 1 ...
 - attr(*, "na.action")= 'omit' Named int  52 65 71 84 116 180 181 210 211 222 ...
  ..- attr(*, "names")= chr  "52" "65" "71" "84" ...
[1] "2022-02-25 20:32:50 --- na.omit Finish ---"
[1] "2022-02-25 20:32:50 --- rxGlm with rxStepControl Start ---"

> print(paste0(Sys.time(), " --- source_logic_glm.R Start ---"))
[1] "2022-02-25 20:32:51 --- source_logic_glm.R Start ---"

> formula <- formula(RaceHorse.IsHitA ~ +1 + OddsByWin.OddsLogit1)

> print(paste0(Sys.time(), " --- source_logic_glm.R Finished ---"))
[1] "2022-02-25 20:32:51 --- source_logic_glm.R Finished ---"
Rows Read: 2416, Total Rows Processed: 2416, Total Chunk Time: Less than .001 seconds 

Starting values (iteration 1) time: 0.008 secs.
Rows Read: 2416, Total Rows Processed: 2416, Total Chunk Time: Less than .001 seconds 

Iteration 2 time: 0.060 secs.
Rows Read: 2416, Total Rows Processed: 2416, Total Chunk Time: 0.001 seconds 

Iteration 3 time: 0.071 secs.
Rows Read: 2416, Total Rows Processed: 2416, Total Chunk Time: Less than .001 seconds 

Iteration 4 time: 0.052 secs.
Rows Read: 2416, Total Rows Processed: 2416, Total Chunk Time: 0.001 seconds 

Iteration 5 time: 0.073 secs.
Rows Read: 2416, Total Rows Processed: 2416, Total Chunk Time: Less than .001 seconds 

Iteration 6 time: 0.077 secs.

Elapsed computation time: 0.703 secs.
Rows Read: 2416, Total Rows Processed: 2416, Total Chunk Time: Less than .001 seconds 

Starting values (iteration 1) time: 0.059 secs.
Rows Read: 2416, Total Rows Processed: 2416, Total Chunk Time: 0.001 seconds 

Iteration 2 time: 0.072 secs.

Elapsed computation time: 0.287 secs.
Rows Read: 2416, Total Rows Processed: 2416, Total Chunk Time: Less than .001 seconds 

Starting values (iteration 1) time: 0.085 secs.
Rows Read: 2416, Total Rows Processed: 2416, Total Chunk Time: 0.001 seconds 

Iteration 2 time: 0.088 secs.
Rows Read: 2416, Total Rows Processed: 2416, Total Chunk Time: 0.001 seconds 

Iteration 3 time: 0.080 secs.
Rows Read: 2416, Total Rows Processed: 2416, Total Chunk Time: Less than .001 seconds 

Iteration 4 time: 0.166 secs.
Rows Read: 2416, Total Rows Processed: 2416, Total Chunk Time: Less than .001 seconds 

Iteration 5 time: 0.088 secs.
Rows Read: 2416, Total Rows Processed: 2416, Total Chunk Time: Less than .001 seconds 

Iteration 6 time: 0.193 secs.

Elapsed computation time: 1.240 secs.

Elapsed computation time: 2.569 secs.
[1] "--------------------------------------------------------------------------------"
[1] "analyze.results.glm.step="
Logistic Regression Results for: RaceHorse.IsHitA ~
    OddsByWin.OddsLogit1
Data: data
Dependent variable(s): RaceHorse.IsHitA
Total independent variables: 2 
Number of valid observations: 2416
Number of missing observations: 0 
 
Coefficients:
                     RaceHorse.IsHitA
(Intercept)                       0.2
OddsByWin.OddsLogit1              1.1
[1] "analyze.results.glm.step.summary"
Call:
rxLogit(formula = formula, data = data, variableSelection = analyze.results.glm.step.varsel)

Logistic Regression Results for: RaceHorse.IsHitA ~
    OddsByWin.OddsLogit1
Data: data
Dependent variable(s): RaceHorse.IsHitA
Total independent variables: 2 
Number of valid observations: 2416
Number of missing observations: 0 
-2*LogLikelihood: 1169.277 (Residual deviance on 2414 degrees of freedom)
 
Coefficients:
                     Estimate Std. Error z value Pr(>|z|)    
(Intercept)            0.2364     0.1648    1.43     0.15    
OddsByWin.OddsLogit1   1.1040     0.0797   13.86  2.2e-16 ***
---
Signif. codes:  0 '***' 0.001 '**' 0.01 '*' 0.05 '.' 0.1 ' ' 1

Condition number of final variance-covariance matrix: 1 
Number of iterations: 6
[1] "--------------------------------------------------------------------------------"
[1] "2022-02-25 20:32:56 --- rxGlm with rxStepControl Finish ---"
[1] "2022-02-25 20:32:56 --- rxStepPlot Start ---"
[1] "pdfFilename=pdf_analyze_glm_Odds_Type31_rxStepPlot.pdf"
[1] "rxStepPlot="
[1] "2022-02-25 20:32:56 --- rxStepPlot Finish ---"
[1] "2022-02-25 20:32:56 --- save.image Start ---"
[1] "save.image"
[1] "rdataFilename=RData_analyze_glm_Odds_Type31.RData"
[1] "2022-02-25 20:32:57 --- save.image Finish ---"
[1] "2022-02-25 20:32:57 --- final Start ---"
[1] "--------------------------------------------------------------------------------"
[1] "nrow(data) final=2416"
[1] "--------------------------------------------------------------------------------"
[1] "2022-02-25 20:32:57 --- final Finish ---"
[1] "2022-02-25 20:32:57 --- analyze_glm.R Finished ---"
[1] "2022-02-25 20:32:57 --- log Finish ---"
