[1] "2022-02-26 17:57:51 --- D1115_analyze_glm_Horse_IsHitA_Type23 Start ---"
[1] "2022-02-26 17:57:58 --- Log Start ---"
[1] "2022-02-26 17:57:58 --- analyze_glm.R Start ---"
[1] "analyzeVersion=D1115"
[1] "analyzeCategory=analyze"
[1] "analyzeType=Horse"
[1] "analyzeFamily=IsHitA"
[1] "analyzeFunc=glm"
[1] "analyzeTrackTypeCd=2"
[1] "analyzeJyokenCd=3"
[1] "2022-02-26 17:58:00 --- source_function.R Start ---"
[1] "2022-02-26 17:58:01 --- source_function.R Finished ---"

> print(paste0(Sys.time(), " --- source_library.R Start ---"))
[1] "2022-02-26 17:58:04 --- source_library.R Start ---"

> require("RevoScaleR")

> print(paste0(Sys.time(), " --- source_library.R Finished ---"))
[1] "2022-02-26 17:58:06 --- source_library.R Finished ---"
[1] "2022-02-26 17:58:07 --- RxSqlServerData Start ---"
[1] "2022-02-26 17:58:07 --- RxInSqlServer Start ---"
[1] "2022-02-26 17:58:08 --- RxInSqlServer Finish ---"
[1] "2022-02-26 17:58:10 --- rxSetComputeContext Start ---"
[1] "2022-02-26 17:58:12 --- rxSetComputeContext Finish ---"
[1] "2022-02-26 17:58:12 --- RxSqlServerData Start ---"
[1] "sqlQuery=SELECT * FROM ViewAnalyzeD1115analyze01HorseType23"
[1] "2022-02-26 17:58:12 --- RxSqlServerData Finish ---"
[1] "2022-02-26 17:58:16 --- rxGetVarInfo Start ---"
[1] "2022-02-26 17:58:22 --- rxGetVarInfo Finish---"
[1] "2022-02-26 17:58:22 --- rxImport Start ---"
Rows Read: 15121, Total Rows Processed: 15121, Total Chunk Time: 8.027 seconds 
[1] "2022-02-26 17:58:39 --- rxImport Finish ---"
[1] "object.size(data) auto=4.8 Mb"
[1] "--------------------------------------------------------------------------------"
[1] "nrow(data) RxSqlServerData=15121"
[1] "--------------------------------------------------------------------------------"
[1] "str(data)="
'data.frame':	15121 obs. of  44 variables:
 $ Race.RaceId                      : Factor w/ 1011 levels "20200530-08-03-11-12",..: 11 12 13 14 15 16 17 18 19 20 ...
 $ Race.IsAnalyzeNormalPastAndFuture: logi  TRUE TRUE TRUE TRUE TRUE TRUE ...
 $ Race.IsAnalyzeNormalPast         : logi  TRUE TRUE TRUE TRUE TRUE TRUE ...
 $ Race.IsAnalyzeNormalFuture       : logi  FALSE FALSE FALSE FALSE FALSE FALSE ...
 $ Race.IsAnalyzeFullPastAndFuture  : logi  TRUE TRUE TRUE TRUE TRUE TRUE ...
 $ Race.IsAnalyzeFullPast           : logi  TRUE TRUE TRUE TRUE TRUE TRUE ...
 $ Race.IsAnalyzeFullFuture         : logi  FALSE FALSE FALSE FALSE FALSE FALSE ...
 $ Race.JyokenCd                    : Factor w/ 1 level "3": 1 1 1 1 1 1 1 1 1 1 ...
 $ Race.JyoType1Cd                  : Factor w/ 105 levels "2-08-1400-3-1",..: 9 10 11 6 12 12 13 14 6 9 ...
 $ Race.RaceType1Cd                 : Factor w/ 6 levels "2-3-X-1","2-3-E-1",..: 1 1 4 4 4 4 2 4 3 1 ...
 $ RaceHorse.RaceId                 : Factor w/ 1011 levels "20200530-08-03-11-12",..: 11 12 13 14 15 16 17 18 19 20 ...
 $ RaceHorse.KettoNum               : Factor w/ 3181 levels "2015100142","2013100210",..: 6 7 7 7 8 8 6 7 7 6 ...
 $ RaceHorse.IsHit1                 : num  0 0 0 0 0 0 0 0 0 0 ...
 $ RaceHorse.IsHit2                 : num  0 0 0 0 1 0 0 0 0 0 ...
 $ RaceHorse.IsHit3                 : num  0 0 0 0 0 0 0 0 0 0 ...
 $ RaceHorse.IsHit4                 : num  0 0 0 0 0 0 0 0 0 0 ...
 $ RaceHorse.IsHit5                 : num  0 0 0 1 0 0 0 1 0 0 ...
 $ RaceHorse.IsHit6                 : num  1 1 1 0 0 1 1 0 1 1 ...
 $ RaceHorse.IsValidRaceHorse       : logi  TRUE TRUE TRUE TRUE TRUE TRUE ...
 $ RaceHorse.TimeSdvByRace          : num  -0.666 0.225 -0.528 0.539 1.491 ...
 $ RaceHorse.TimeSdv                : num  0.0733 0.6714 0.6177 0.4882 -0.27 ...
 $ RaceHorse.IsHitA                 : num  0 0 0 0 0 0 0 0 0 0 ...
 $ RaceHorse.IsHitB                 : num  0 0 0 0 1 0 0 0 0 0 ...
 $ RaceHorse.IsHitC                 : num  0 0 0 0 1 0 0 0 0 0 ...
 $ Horse.KettoNum                   : Factor w/ 3181 levels "2015100142","2013100210",..: 6 7 7 7 8 8 6 7 7 6 ...
 $ Horse.TimeSdvByRaceAvg           : num  0.429 0.25 0.202 0.196 0.752 ...
 $ Horse.TimeSdvByRaceMin           : num  -1.846 -1.187 -1.187 -1.187 -0.822 ...
 $ Horse.TimeSdvByRaceMax           : num  1.58 1.98 1.98 1.98 1.81 ...
 $ Horse.TimeSdvAvg                 : num  0.411 0.402 0.346 0.372 0.729 ...
 $ Horse.TimeSdvMin                 : num  -1.149 -1.65 -1.65 -1.65 -0.291 ...
 $ Horse.TimeSdvMax                 : num  1.73 2 2 2 1.51 ...
 $ Horse.OrderOfFinishSdvAvg        : num  0.4461 0.0924 0.0656 0.0652 0.923 ...
 $ Horse.RunCount                   : num  16 32 42 40 7 8 12 29 39 17 ...
 $ Horse.HitCount1                  : num  3 2 2 2 2 2 2 2 2 3 ...
 $ Horse.HitCount2                  : num  4 5 5 5 1 2 3 5 5 4 ...
 $ Horse.HitCount3                  : num  1 1 1 1 2 2 1 1 1 1 ...
 $ Horse.HitCount4                  : num  1 3 4 4 1 1 1 2 4 1 ...
 $ Horse.HitCount5                  : num  0 2 3 2 0 0 0 1 2 0 ...
 $ Horse.HitRate1                   : num  0.1875 0.0625 0.0476 0.05 0.2857 ...
 $ Horse.HitRate2                   : num  0.25 0.156 0.119 0.125 0.143 ...
 $ Horse.HitRate3                   : num  0.0625 0.0312 0.0238 0.025 0.2857 ...
 $ Horse.HitRate4                   : num  0.0625 0.0938 0.0952 0.1 0.1429 ...
 $ Horse.HitRate5                   : num  0 0.0625 0.0714 0.05 0 ...
 $ EOF                              : int  1 1 1 1 1 1 1 1 1 1 ...
[1] "2022-02-26 17:59:10 --- RxSqlServerData Finish ---"
[1] "2022-02-26 17:59:10 --- subset Start ---"
[1] "--------------------------------------------------------------------------------"
[1] "nrow(data) subset before=15121"
[1] "nrow(data) subset after =15121"
[1] "nrow(data) subset diff =0"
[1] "--------------------------------------------------------------------------------"
[1] "2022-02-26 17:59:14 --- subset Finish---"
[1] "2022-02-26 17:59:15 --- transform Start ---"
[1] "--------------------------------------------------------------------------------"
[1] "nrow(data) transform before=15121"
[1] "nrow(data) transform after=15121"
[1] "nrow(data) transform diff=0"
[1] "--------------------------------------------------------------------------------"
[1] "str(data)="
'data.frame':	15121 obs. of  44 variables:
 $ Race.RaceId                      : Factor w/ 1011 levels "20200530-08-03-11-12",..: 11 12 13 14 15 16 17 18 19 20 ...
 $ Race.IsAnalyzeNormalPastAndFuture: logi  TRUE TRUE TRUE TRUE TRUE TRUE ...
 $ Race.IsAnalyzeNormalPast         : logi  TRUE TRUE TRUE TRUE TRUE TRUE ...
 $ Race.IsAnalyzeNormalFuture       : logi  FALSE FALSE FALSE FALSE FALSE FALSE ...
 $ Race.IsAnalyzeFullPastAndFuture  : logi  TRUE TRUE TRUE TRUE TRUE TRUE ...
 $ Race.IsAnalyzeFullPast           : logi  TRUE TRUE TRUE TRUE TRUE TRUE ...
 $ Race.IsAnalyzeFullFuture         : logi  FALSE FALSE FALSE FALSE FALSE FALSE ...
 $ Race.JyokenCd                    : Factor w/ 1 level "3": 1 1 1 1 1 1 1 1 1 1 ...
 $ Race.JyoType1Cd                  : Factor w/ 105 levels "2-08-1400-3-1",..: 9 10 11 6 12 12 13 14 6 9 ...
 $ Race.RaceType1Cd                 : Factor w/ 6 levels "2-3-X-1","2-3-E-1",..: 1 1 4 4 4 4 2 4 3 1 ...
 $ RaceHorse.RaceId                 : Factor w/ 1011 levels "20200530-08-03-11-12",..: 11 12 13 14 15 16 17 18 19 20 ...
 $ RaceHorse.KettoNum               : Factor w/ 3181 levels "2015100142","2013100210",..: 6 7 7 7 8 8 6 7 7 6 ...
 $ RaceHorse.IsHit1                 : num  0 0 0 0 0 0 0 0 0 0 ...
 $ RaceHorse.IsHit2                 : num  0 0 0 0 1 0 0 0 0 0 ...
 $ RaceHorse.IsHit3                 : num  0 0 0 0 0 0 0 0 0 0 ...
 $ RaceHorse.IsHit4                 : num  0 0 0 0 0 0 0 0 0 0 ...
 $ RaceHorse.IsHit5                 : num  0 0 0 1 0 0 0 1 0 0 ...
 $ RaceHorse.IsHit6                 : num  1 1 1 0 0 1 1 0 1 1 ...
 $ RaceHorse.IsValidRaceHorse       : logi  TRUE TRUE TRUE TRUE TRUE TRUE ...
 $ RaceHorse.TimeSdvByRace          : num  -0.666 0.225 -0.528 0.539 1.491 ...
 $ RaceHorse.TimeSdv                : num  0.0733 0.6714 0.6177 0.4882 -0.27 ...
 $ RaceHorse.IsHitA                 : num  0 0 0 0 0 0 0 0 0 0 ...
 $ RaceHorse.IsHitB                 : num  0 0 0 0 1 0 0 0 0 0 ...
 $ RaceHorse.IsHitC                 : num  0 0 0 0 1 0 0 0 0 0 ...
 $ Horse.KettoNum                   : Factor w/ 3181 levels "2015100142","2013100210",..: 6 7 7 7 8 8 6 7 7 6 ...
 $ Horse.TimeSdvByRaceAvg           : num  0.429 0.25 0.202 0.196 0.752 ...
 $ Horse.TimeSdvByRaceMin           : num  -1.846 -1.187 -1.187 -1.187 -0.822 ...
 $ Horse.TimeSdvByRaceMax           : num  1.58 1.98 1.98 1.98 1.81 ...
 $ Horse.TimeSdvAvg                 : num  0.411 0.402 0.346 0.372 0.729 ...
 $ Horse.TimeSdvMin                 : num  -1.149 -1.65 -1.65 -1.65 -0.291 ...
 $ Horse.TimeSdvMax                 : num  1.73 2 2 2 1.51 ...
 $ Horse.OrderOfFinishSdvAvg        : num  0.4461 0.0924 0.0656 0.0652 0.923 ...
 $ Horse.RunCount                   : num  16 32 42 40 7 8 12 29 39 17 ...
 $ Horse.HitCount1                  : num  3 2 2 2 2 2 2 2 2 3 ...
 $ Horse.HitCount2                  : num  4 5 5 5 1 2 3 5 5 4 ...
 $ Horse.HitCount3                  : num  1 1 1 1 2 2 1 1 1 1 ...
 $ Horse.HitCount4                  : num  1 3 4 4 1 1 1 2 4 1 ...
 $ Horse.HitCount5                  : num  0 2 3 2 0 0 0 1 2 0 ...
 $ Horse.HitRate1                   : num  0.1875 0.0625 0.0476 0.05 0.2857 ...
 $ Horse.HitRate2                   : num  0.25 0.156 0.119 0.125 0.143 ...
 $ Horse.HitRate3                   : num  0.0625 0.0312 0.0238 0.025 0.2857 ...
 $ Horse.HitRate4                   : num  0.0625 0.0938 0.0952 0.1 0.1429 ...
 $ Horse.HitRate5                   : num  0 0.0625 0.0714 0.05 0 ...
 $ EOF                              : int  1 1 1 1 1 1 1 1 1 1 ...
NULL
[1] "2022-02-26 18:00:18 --- transform Finish ---"
[1] "2022-02-26 18:00:21 --- na.omit Start ---"
[1] "--------------------------------------------------------------------------------"
[1] "nrow(data) na.omit before=15121"
[1] "nrow(data) na.omit after =15011"
[1] "nrow(data) na.omit diff =110"
[1] "--------------------------------------------------------------------------------"
'data.frame':	15011 obs. of  44 variables:
 $ Race.RaceId                      : Factor w/ 1011 levels "20200530-08-03-11-12",..: 11 12 13 14 15 16 17 18 19 20 ...
 $ Race.IsAnalyzeNormalPastAndFuture: logi  TRUE TRUE TRUE TRUE TRUE TRUE ...
 $ Race.IsAnalyzeNormalPast         : logi  TRUE TRUE TRUE TRUE TRUE TRUE ...
 $ Race.IsAnalyzeNormalFuture       : logi  FALSE FALSE FALSE FALSE FALSE FALSE ...
 $ Race.IsAnalyzeFullPastAndFuture  : logi  TRUE TRUE TRUE TRUE TRUE TRUE ...
 $ Race.IsAnalyzeFullPast           : logi  TRUE TRUE TRUE TRUE TRUE TRUE ...
 $ Race.IsAnalyzeFullFuture         : logi  FALSE FALSE FALSE FALSE FALSE FALSE ...
 $ Race.JyokenCd                    : Factor w/ 1 level "3": 1 1 1 1 1 1 1 1 1 1 ...
 $ Race.JyoType1Cd                  : Factor w/ 105 levels "2-08-1400-3-1",..: 9 10 11 6 12 12 13 14 6 9 ...
 $ Race.RaceType1Cd                 : Factor w/ 6 levels "2-3-X-1","2-3-E-1",..: 1 1 4 4 4 4 2 4 3 1 ...
 $ RaceHorse.RaceId                 : Factor w/ 1011 levels "20200530-08-03-11-12",..: 11 12 13 14 15 16 17 18 19 20 ...
 $ RaceHorse.KettoNum               : Factor w/ 3181 levels "2015100142","2013100210",..: 6 7 7 7 8 8 6 7 7 6 ...
 $ RaceHorse.IsHit1                 : num  0 0 0 0 0 0 0 0 0 0 ...
 $ RaceHorse.IsHit2                 : num  0 0 0 0 1 0 0 0 0 0 ...
 $ RaceHorse.IsHit3                 : num  0 0 0 0 0 0 0 0 0 0 ...
 $ RaceHorse.IsHit4                 : num  0 0 0 0 0 0 0 0 0 0 ...
 $ RaceHorse.IsHit5                 : num  0 0 0 1 0 0 0 1 0 0 ...
 $ RaceHorse.IsHit6                 : num  1 1 1 0 0 1 1 0 1 1 ...
 $ RaceHorse.IsValidRaceHorse       : logi  TRUE TRUE TRUE TRUE TRUE TRUE ...
 $ RaceHorse.TimeSdvByRace          : num  -0.666 0.225 -0.528 0.539 1.491 ...
 $ RaceHorse.TimeSdv                : num  0.0733 0.6714 0.6177 0.4882 -0.27 ...
 $ RaceHorse.IsHitA                 : num  0 0 0 0 0 0 0 0 0 0 ...
 $ RaceHorse.IsHitB                 : num  0 0 0 0 1 0 0 0 0 0 ...
 $ RaceHorse.IsHitC                 : num  0 0 0 0 1 0 0 0 0 0 ...
 $ Horse.KettoNum                   : Factor w/ 3181 levels "2015100142","2013100210",..: 6 7 7 7 8 8 6 7 7 6 ...
 $ Horse.TimeSdvByRaceAvg           : num  0.429 0.25 0.202 0.196 0.752 ...
 $ Horse.TimeSdvByRaceMin           : num  -1.846 -1.187 -1.187 -1.187 -0.822 ...
 $ Horse.TimeSdvByRaceMax           : num  1.58 1.98 1.98 1.98 1.81 ...
 $ Horse.TimeSdvAvg                 : num  0.411 0.402 0.346 0.372 0.729 ...
 $ Horse.TimeSdvMin                 : num  -1.149 -1.65 -1.65 -1.65 -0.291 ...
 $ Horse.TimeSdvMax                 : num  1.73 2 2 2 1.51 ...
 $ Horse.OrderOfFinishSdvAvg        : num  0.4461 0.0924 0.0656 0.0652 0.923 ...
 $ Horse.RunCount                   : num  16 32 42 40 7 8 12 29 39 17 ...
 $ Horse.HitCount1                  : num  3 2 2 2 2 2 2 2 2 3 ...
 $ Horse.HitCount2                  : num  4 5 5 5 1 2 3 5 5 4 ...
 $ Horse.HitCount3                  : num  1 1 1 1 2 2 1 1 1 1 ...
 $ Horse.HitCount4                  : num  1 3 4 4 1 1 1 2 4 1 ...
 $ Horse.HitCount5                  : num  0 2 3 2 0 0 0 1 2 0 ...
 $ Horse.HitRate1                   : num  0.1875 0.0625 0.0476 0.05 0.2857 ...
 $ Horse.HitRate2                   : num  0.25 0.156 0.119 0.125 0.143 ...
 $ Horse.HitRate3                   : num  0.0625 0.0312 0.0238 0.025 0.2857 ...
 $ Horse.HitRate4                   : num  0.0625 0.0938 0.0952 0.1 0.1429 ...
 $ Horse.HitRate5                   : num  0 0.0625 0.0714 0.05 0 ...
 $ EOF                              : int  1 1 1 1 1 1 1 1 1 1 ...
 - attr(*, "na.action")= 'omit' Named int  370 409 830 1085 1133 1232 1265 1555 1697 1784 ...
  ..- attr(*, "names")= chr  "370" "409" "830" "1085" ...
[1] "2022-02-26 18:02:03 --- na.omit Finish ---"
[1] "2022-02-26 18:02:04 --- rxGlm with rxStepControl Start ---"

> print(paste0(Sys.time(), " --- source_logic_glm.R Start ---"))
[1] "2022-02-26 18:02:07 --- source_logic_glm.R Start ---"

> formula <- formula(RaceHorse.IsHitA ~ +1 + Horse.TimeSdvByRaceAvg)

> print(paste0(Sys.time(), " --- source_logic_glm.R Finished ---"))
[1] "2022-02-26 18:02:11 --- source_logic_glm.R Finished ---"
Rows Read: 15011, Total Rows Processed: 15011, Total Chunk Time: 0.002 seconds 

Starting values (iteration 1) time: 0.022 secs.
Rows Read: 15011, Total Rows Processed: 15011, Total Chunk Time: 0.002 seconds 

Iteration 2 time: 0.007 secs.
Rows Read: 15011, Total Rows Processed: 15011, Total Chunk Time: 0.001 seconds 

Iteration 3 time: 0.005 secs.
Rows Read: 15011, Total Rows Processed: 15011, Total Chunk Time: 0.002 seconds 

Iteration 4 time: 0.005 secs.
Rows Read: 15011, Total Rows Processed: 15011, Total Chunk Time: 0.002 seconds 

Iteration 5 time: 0.006 secs.

Elapsed computation time: 0.087 secs.
Rows Read: 15011, Total Rows Processed: 15011, Total Chunk Time: 0.001 seconds 

Starting values (iteration 1) time: 0.008 secs.
Rows Read: 15011, Total Rows Processed: 15011, Total Chunk Time: 0.001 seconds 

Iteration 2 time: 0.006 secs.

Elapsed computation time: 0.026 secs.
Rows Read: 15011, Total Rows Processed: 15011, Total Chunk Time: 0.001 seconds 

Starting values (iteration 1) time: 0.008 secs.
Rows Read: 15011, Total Rows Processed: 15011, Total Chunk Time: 0.002 seconds 

Iteration 2 time: 0.007 secs.
Rows Read: 15011, Total Rows Processed: 15011, Total Chunk Time: 0.002 seconds 

Iteration 3 time: 0.005 secs.
Rows Read: 15011, Total Rows Processed: 15011, Total Chunk Time: 0.001 seconds 

Iteration 4 time: 0.005 secs.
Rows Read: 15011, Total Rows Processed: 15011, Total Chunk Time: 0.002 seconds 

Iteration 5 time: 0.005 secs.

Elapsed computation time: 0.057 secs.

Elapsed computation time: 0.198 secs.
[1] "--------------------------------------------------------------------------------"
[1] "analyze.results.glm.step="
Logistic Regression Results for: RaceHorse.IsHitA ~
    Horse.TimeSdvByRaceAvg
Data: data
Dependent variable(s): RaceHorse.IsHitA
Total independent variables: 2 
Number of valid observations: 15011
Number of missing observations: 0 
 
Coefficients:
                       RaceHorse.IsHitA
(Intercept)                          -4
Horse.TimeSdvByRaceAvg                2
[1] "analyze.results.glm.step.summary"
Call:
rxLogit(formula = formula, data = data, variableSelection = analyze.results.glm.step.varsel)

Logistic Regression Results for: RaceHorse.IsHitA ~
    Horse.TimeSdvByRaceAvg
Data: data
Dependent variable(s): RaceHorse.IsHitA
Total independent variables: 2 
Number of valid observations: 15011
Number of missing observations: 0 
-2*LogLikelihood: 6966.602 (Residual deviance on 15009 degrees of freedom)
 
Coefficients:
                       Estimate Std. Error z value Pr(>|z|)    
(Intercept)             -3.7987     0.0739   -51.4  2.2e-16 ***
Horse.TimeSdvByRaceAvg   2.1904     0.1060    20.7  2.2e-16 ***
---
Signif. codes:  0 '***' 0.001 '**' 0.01 '*' 0.05 '.' 0.1 ' ' 1

Condition number of final variance-covariance matrix: 1 
Number of iterations: 5
[1] "--------------------------------------------------------------------------------"
[1] "2022-02-26 18:02:20 --- rxGlm with rxStepControl Finish ---"
[1] "2022-02-26 18:02:21 --- rxStepPlot Start ---"
[1] "pdfFilename=pdf_analyze_glm_Horse_Type23_rxStepPlot.pdf"
[1] "rxStepPlot="
[1] "2022-02-26 18:02:25 --- rxStepPlot Finish ---"
[1] "2022-02-26 18:02:25 --- save.image Start ---"
[1] "save.image"
[1] "rdataFilename=RData_analyze_glm_Horse_Type23.RData"
[1] "2022-02-26 18:02:26 --- save.image Finish ---"
[1] "2022-02-26 18:02:26 --- final Start ---"
[1] "--------------------------------------------------------------------------------"
[1] "nrow(data) final=15011"
[1] "--------------------------------------------------------------------------------"
[1] "2022-02-26 18:02:27 --- final Finish ---"
[1] "2022-02-26 18:02:27 --- analyze_glm.R Finished ---"
[1] "2022-02-26 18:02:27 --- log Finish ---"
