[1] "2022-03-08 19:08:21 --- D1115_analyze_glm_Jockey_IsHitA_Type11 Start ---"
[1] "2022-03-08 19:08:21 --- Log Start ---"
[1] "2022-03-08 19:08:21 --- analyze_glm.R Start ---"
[1] "analyzeVersion=D1115"
[1] "analyzeCategory=analyze"
[1] "analyzeType=Jockey"
[1] "analyzeFamily=IsHitA"
[1] "analyzeFunc=glm"
[1] "analyzeTrackTypeCd=1"
[1] "analyzeJyokenCd=1"
[1] "2022-03-08 19:08:21 --- source_function.R Start ---"
[1] "2022-03-08 19:08:21 --- source_function.R Finished ---"

> print(paste0(Sys.time(), " --- source_library.R Start ---"))
[1] "2022-03-08 19:08:21 --- source_library.R Start ---"

> require("RevoScaleR")

> print(paste0(Sys.time(), " --- source_library.R Finished ---"))
[1] "2022-03-08 19:08:22 --- source_library.R Finished ---"
[1] "2022-03-08 19:08:22 --- RxSqlServerData Start ---"
[1] "2022-03-08 19:08:22 --- RxInSqlServer Start ---"
[1] "2022-03-08 19:08:22 --- RxInSqlServer Finish ---"
[1] "2022-03-08 19:08:22 --- rxSetComputeContext Start ---"
[1] "2022-03-08 19:08:22 --- rxSetComputeContext Finish ---"
[1] "2022-03-08 19:08:22 --- RxSqlServerData Start ---"
[1] "sqlQuery=SELECT * FROM ViewAnalyzeD1115analyze01JockeyType11"
[1] "2022-03-08 19:08:22 --- RxSqlServerData Finish ---"
[1] "2022-03-08 19:08:22 --- rxGetVarInfo Start ---"
[1] "2022-03-08 19:08:23 --- rxGetVarInfo Finish---"
[1] "2022-03-08 19:08:23 --- rxImport Start ---"
Rows Read: 12624, Total Rows Processed: 12624, Total Chunk Time: 179.416 seconds 
[1] "2022-03-08 19:13:33 --- rxImport Finish ---"
[1] "object.size(data) auto=4.2 Mb"
[1] "--------------------------------------------------------------------------------"
[1] "nrow(data) RxSqlServerData=12624"
[1] "--------------------------------------------------------------------------------"
[1] "str(data)="
'data.frame':	12624 obs. of  47 variables:
 $ Race.RaceId                      : Factor w/ 928 levels "20160327-09-02-02-11",..: 11 12 13 14 15 16 17 18 19 20 ...
 $ Race.IsAnalyzeNormalPastAndFuture: logi  TRUE TRUE TRUE TRUE TRUE TRUE ...
 $ Race.IsAnalyzeNormalPast         : logi  TRUE TRUE TRUE TRUE TRUE TRUE ...
 $ Race.IsAnalyzeNormalFuture       : logi  FALSE FALSE FALSE FALSE FALSE FALSE ...
 $ Race.IsAnalyzeFullPastAndFuture  : logi  TRUE TRUE TRUE TRUE TRUE TRUE ...
 $ Race.IsAnalyzeFullPast           : logi  TRUE TRUE TRUE TRUE TRUE TRUE ...
 $ Race.IsAnalyzeFullFuture         : logi  FALSE FALSE FALSE FALSE FALSE FALSE ...
 $ Race.JyokenCd                    : Factor w/ 1 level "1": 1 1 1 1 1 1 1 1 1 1 ...
 $ Race.JyoType1Cd                  : Factor w/ 141 levels "18-09-1600-1",..: 11 12 13 14 15 16 12 17 18 19 ...
 $ Race.RaceType1Cd                 : Factor w/ 4 levels "1-1-14","1-1-13",..: 1 2 2 1 1 2 2 1 1 1 ...
 $ RaceHorse.RaceId                 : Factor w/ 928 levels "20160327-09-02-02-11",..: 11 12 13 14 15 16 17 18 19 20 ...
 $ RaceHorse.KettoNum               : Factor w/ 3029 levels "2005105894","2007101798",..: 9 10 11 12 12 13 11 14 15 16 ...
 $ RaceHorse.IsHit1                 : num  0 0 0 0 0 0 0 0 0 0 ...
 $ RaceHorse.IsHit2                 : num  0 0 0 0 0 0 0 0 0 0 ...
 $ RaceHorse.IsHit3                 : num  0 0 0 0 0 0 0 0 1 0 ...
 $ RaceHorse.IsHit4                 : num  0 0 0 0 0 1 0 0 0 0 ...
 $ RaceHorse.IsHit5                 : num  0 0 0 0 0 0 0 0 0 0 ...
 $ RaceHorse.IsHit6                 : num  1 1 1 1 1 0 1 1 0 1 ...
 $ RaceHorse.IsValidRaceHorse       : logi  TRUE TRUE TRUE TRUE FALSE TRUE ...
 $ RaceHorse.FinishTimeSdvByRace    : num  -1.766 -1.3771 0.0409 -0.898 -1.5367 ...
 $ RaceHorse.FirstTimeSdvByRace     : num  -1.633 -1.099 -0.632 -1.084 -1.398 ...
 $ RaceHorse.LastTimeSdvByRace      : num  -1.248 -0.248 0.805 0.494 -1.233 ...
 $ RaceHorse.FinishTimeSdv          : num  -0.204 1.307 0.683 0.293 -1.643 ...
 $ RaceHorse.FirstTimeSdv           : num  -0.47 0.492 -0.35 -0.439 -2.256 ...
 $ RaceHorse.LastTimeSdv            : num  0.355 1.251 1.281 1.035 1.015 ...
 $ RaceHorse.IsHitA                 : num  0 0 0 0 0 0 0 0 0 0 ...
 $ RaceHorse.IsHitB                 : num  0 0 0 0 0 0 0 0 0 0 ...
 $ RaceHorse.IsHitC                 : num  0 0 0 0 0 0 0 0 1 0 ...
 $ Jockey.FinishTimeSdvByRaceAvg    : num  -0.7842 0.1774 0.2143 -0.1825 0.0306 ...
 $ Jockey.FirstTimeSdvByRaceAvg     : num  -0.649 -0.057 0.107 0.225 0.347 ...
 $ Jockey.LastTimeSdvByRaceAvg      : num  -0.208 0.205 0.131 -0.236 -0.232 ...
 $ Jockey.FinishTimeSdvAvg          : num  0.181 1.091 1.07 0.867 0.802 ...
 $ Jockey.FirstTimeSdvAvg           : num  -0.0604 0.785 0.8398 0.7119 0.7611 ...
 $ Jockey.LastTimeSdvAvg            : num  0.397 0.657 0.531 0.355 0.253 ...
 $ Jockey.RealOddsLog1Avg           : num  4.71 3.25 3.54 4.11 3.5 ...
 $ Jockey.RunCount                  : num  8 119 117 28 59 100 84 73 5 35 ...
 $ Jockey.HitCount1                 : num  0 9 6 1 3 4 0 7 0 0 ...
 $ Jockey.HitCount2                 : num  0 8 6 1 3 6 4 4 0 3 ...
 $ Jockey.HitCount3                 : num  0 12 11 0 4 11 6 3 0 2 ...
 $ Jockey.HitCount4                 : num  0 10 11 2 5 8 5 6 1 2 ...
 $ Jockey.HitCount5                 : num  0 6 11 0 6 9 5 9 0 2 ...
 $ Jockey.HitRate1                  : num  0 0.0756 0.0513 0.0357 0.0508 ...
 $ Jockey.HitRate2                  : num  0 0.0672 0.0513 0.0357 0.0508 ...
 $ Jockey.HitRate3                  : num  0 0.1008 0.094 0 0.0678 ...
 $ Jockey.HitRate4                  : num  0 0.084 0.094 0.0714 0.0847 ...
 $ Jockey.HitRate5                  : num  0 0.0504 0.094 0 0.1017 ...
 $ EOF                              : int  1 1 1 1 1 1 1 1 1 1 ...
[1] "2022-03-08 19:13:33 --- RxSqlServerData Finish ---"
[1] "2022-03-08 19:13:33 --- subset Start ---"
[1] "--------------------------------------------------------------------------------"
[1] "nrow(data) subset before=12624"
[1] "nrow(data) subset after =12624"
[1] "nrow(data) subset diff =0"
[1] "--------------------------------------------------------------------------------"
[1] "2022-03-08 19:13:33 --- subset Finish---"
[1] "2022-03-08 19:13:33 --- transform Start ---"
[1] "--------------------------------------------------------------------------------"
[1] "nrow(data) transform before=12624"
[1] "nrow(data) transform after=12624"
[1] "nrow(data) transform diff=0"
[1] "--------------------------------------------------------------------------------"
[1] "str(data)="
'data.frame':	12624 obs. of  47 variables:
 $ Race.RaceId                      : Factor w/ 928 levels "20160327-09-02-02-11",..: 11 12 13 14 15 16 17 18 19 20 ...
 $ Race.IsAnalyzeNormalPastAndFuture: logi  TRUE TRUE TRUE TRUE TRUE TRUE ...
 $ Race.IsAnalyzeNormalPast         : logi  TRUE TRUE TRUE TRUE TRUE TRUE ...
 $ Race.IsAnalyzeNormalFuture       : logi  FALSE FALSE FALSE FALSE FALSE FALSE ...
 $ Race.IsAnalyzeFullPastAndFuture  : logi  TRUE TRUE TRUE TRUE TRUE TRUE ...
 $ Race.IsAnalyzeFullPast           : logi  TRUE TRUE TRUE TRUE TRUE TRUE ...
 $ Race.IsAnalyzeFullFuture         : logi  FALSE FALSE FALSE FALSE FALSE FALSE ...
 $ Race.JyokenCd                    : Factor w/ 1 level "1": 1 1 1 1 1 1 1 1 1 1 ...
 $ Race.JyoType1Cd                  : Factor w/ 141 levels "18-09-1600-1",..: 11 12 13 14 15 16 12 17 18 19 ...
 $ Race.RaceType1Cd                 : Factor w/ 4 levels "1-1-14","1-1-13",..: 1 2 2 1 1 2 2 1 1 1 ...
 $ RaceHorse.RaceId                 : Factor w/ 928 levels "20160327-09-02-02-11",..: 11 12 13 14 15 16 17 18 19 20 ...
 $ RaceHorse.KettoNum               : Factor w/ 3029 levels "2005105894","2007101798",..: 9 10 11 12 12 13 11 14 15 16 ...
 $ RaceHorse.IsHit1                 : num  0 0 0 0 0 0 0 0 0 0 ...
 $ RaceHorse.IsHit2                 : num  0 0 0 0 0 0 0 0 0 0 ...
 $ RaceHorse.IsHit3                 : num  0 0 0 0 0 0 0 0 1 0 ...
 $ RaceHorse.IsHit4                 : num  0 0 0 0 0 1 0 0 0 0 ...
 $ RaceHorse.IsHit5                 : num  0 0 0 0 0 0 0 0 0 0 ...
 $ RaceHorse.IsHit6                 : num  1 1 1 1 1 0 1 1 0 1 ...
 $ RaceHorse.IsValidRaceHorse       : logi  TRUE TRUE TRUE TRUE FALSE TRUE ...
 $ RaceHorse.FinishTimeSdvByRace    : num  -1.766 -1.3771 0.0409 -0.898 -1.5367 ...
 $ RaceHorse.FirstTimeSdvByRace     : num  -1.633 -1.099 -0.632 -1.084 -1.398 ...
 $ RaceHorse.LastTimeSdvByRace      : num  -1.248 -0.248 0.805 0.494 -1.233 ...
 $ RaceHorse.FinishTimeSdv          : num  -0.204 1.307 0.683 0.293 -1.643 ...
 $ RaceHorse.FirstTimeSdv           : num  -0.47 0.492 -0.35 -0.439 -2.256 ...
 $ RaceHorse.LastTimeSdv            : num  0.355 1.251 1.281 1.035 1.015 ...
 $ RaceHorse.IsHitA                 : num  0 0 0 0 0 0 0 0 0 0 ...
 $ RaceHorse.IsHitB                 : num  0 0 0 0 0 0 0 0 0 0 ...
 $ RaceHorse.IsHitC                 : num  0 0 0 0 0 0 0 0 1 0 ...
 $ Jockey.FinishTimeSdvByRaceAvg    : num  -0.7842 0.1774 0.2143 -0.1825 0.0306 ...
 $ Jockey.FirstTimeSdvByRaceAvg     : num  -0.649 -0.057 0.107 0.225 0.347 ...
 $ Jockey.LastTimeSdvByRaceAvg      : num  -0.208 0.205 0.131 -0.236 -0.232 ...
 $ Jockey.FinishTimeSdvAvg          : num  0.181 1.091 1.07 0.867 0.802 ...
 $ Jockey.FirstTimeSdvAvg           : num  -0.0604 0.785 0.8398 0.7119 0.7611 ...
 $ Jockey.LastTimeSdvAvg            : num  0.397 0.657 0.531 0.355 0.253 ...
 $ Jockey.RealOddsLog1Avg           : num  4.71 3.25 3.54 4.11 3.5 ...
 $ Jockey.RunCount                  : num  8 119 117 28 59 100 84 73 5 35 ...
 $ Jockey.HitCount1                 : num  0 9 6 1 3 4 0 7 0 0 ...
 $ Jockey.HitCount2                 : num  0 8 6 1 3 6 4 4 0 3 ...
 $ Jockey.HitCount3                 : num  0 12 11 0 4 11 6 3 0 2 ...
 $ Jockey.HitCount4                 : num  0 10 11 2 5 8 5 6 1 2 ...
 $ Jockey.HitCount5                 : num  0 6 11 0 6 9 5 9 0 2 ...
 $ Jockey.HitRate1                  : num  0 0.0756 0.0513 0.0357 0.0508 ...
 $ Jockey.HitRate2                  : num  0 0.0672 0.0513 0.0357 0.0508 ...
 $ Jockey.HitRate3                  : num  0 0.1008 0.094 0 0.0678 ...
 $ Jockey.HitRate4                  : num  0 0.084 0.094 0.0714 0.0847 ...
 $ Jockey.HitRate5                  : num  0 0.0504 0.094 0 0.1017 ...
 $ EOF                              : int  1 1 1 1 1 1 1 1 1 1 ...
NULL
[1] "2022-03-08 19:13:33 --- transform Finish ---"
[1] "2022-03-08 19:13:33 --- na.omit Start ---"
[1] "--------------------------------------------------------------------------------"
[1] "nrow(data) na.omit before=12624"
[1] "nrow(data) na.omit after =12549"
[1] "nrow(data) na.omit diff =75"
[1] "--------------------------------------------------------------------------------"
'data.frame':	12549 obs. of  47 variables:
 $ Race.RaceId                      : Factor w/ 928 levels "20160327-09-02-02-11",..: 11 12 13 14 15 16 17 18 19 20 ...
 $ Race.IsAnalyzeNormalPastAndFuture: logi  TRUE TRUE TRUE TRUE TRUE TRUE ...
 $ Race.IsAnalyzeNormalPast         : logi  TRUE TRUE TRUE TRUE TRUE TRUE ...
 $ Race.IsAnalyzeNormalFuture       : logi  FALSE FALSE FALSE FALSE FALSE FALSE ...
 $ Race.IsAnalyzeFullPastAndFuture  : logi  TRUE TRUE TRUE TRUE TRUE TRUE ...
 $ Race.IsAnalyzeFullPast           : logi  TRUE TRUE TRUE TRUE TRUE TRUE ...
 $ Race.IsAnalyzeFullFuture         : logi  FALSE FALSE FALSE FALSE FALSE FALSE ...
 $ Race.JyokenCd                    : Factor w/ 1 level "1": 1 1 1 1 1 1 1 1 1 1 ...
 $ Race.JyoType1Cd                  : Factor w/ 141 levels "18-09-1600-1",..: 11 12 13 14 15 16 12 17 18 19 ...
 $ Race.RaceType1Cd                 : Factor w/ 4 levels "1-1-14","1-1-13",..: 1 2 2 1 1 2 2 1 1 1 ...
 $ RaceHorse.RaceId                 : Factor w/ 928 levels "20160327-09-02-02-11",..: 11 12 13 14 15 16 17 18 19 20 ...
 $ RaceHorse.KettoNum               : Factor w/ 3029 levels "2005105894","2007101798",..: 9 10 11 12 12 13 11 14 15 16 ...
 $ RaceHorse.IsHit1                 : num  0 0 0 0 0 0 0 0 0 0 ...
 $ RaceHorse.IsHit2                 : num  0 0 0 0 0 0 0 0 0 0 ...
 $ RaceHorse.IsHit3                 : num  0 0 0 0 0 0 0 0 1 0 ...
 $ RaceHorse.IsHit4                 : num  0 0 0 0 0 1 0 0 0 0 ...
 $ RaceHorse.IsHit5                 : num  0 0 0 0 0 0 0 0 0 0 ...
 $ RaceHorse.IsHit6                 : num  1 1 1 1 1 0 1 1 0 1 ...
 $ RaceHorse.IsValidRaceHorse       : logi  TRUE TRUE TRUE TRUE FALSE TRUE ...
 $ RaceHorse.FinishTimeSdvByRace    : num  -1.766 -1.3771 0.0409 -0.898 -1.5367 ...
 $ RaceHorse.FirstTimeSdvByRace     : num  -1.633 -1.099 -0.632 -1.084 -1.398 ...
 $ RaceHorse.LastTimeSdvByRace      : num  -1.248 -0.248 0.805 0.494 -1.233 ...
 $ RaceHorse.FinishTimeSdv          : num  -0.204 1.307 0.683 0.293 -1.643 ...
 $ RaceHorse.FirstTimeSdv           : num  -0.47 0.492 -0.35 -0.439 -2.256 ...
 $ RaceHorse.LastTimeSdv            : num  0.355 1.251 1.281 1.035 1.015 ...
 $ RaceHorse.IsHitA                 : num  0 0 0 0 0 0 0 0 0 0 ...
 $ RaceHorse.IsHitB                 : num  0 0 0 0 0 0 0 0 0 0 ...
 $ RaceHorse.IsHitC                 : num  0 0 0 0 0 0 0 0 1 0 ...
 $ Jockey.FinishTimeSdvByRaceAvg    : num  -0.7842 0.1774 0.2143 -0.1825 0.0306 ...
 $ Jockey.FirstTimeSdvByRaceAvg     : num  -0.649 -0.057 0.107 0.225 0.347 ...
 $ Jockey.LastTimeSdvByRaceAvg      : num  -0.208 0.205 0.131 -0.236 -0.232 ...
 $ Jockey.FinishTimeSdvAvg          : num  0.181 1.091 1.07 0.867 0.802 ...
 $ Jockey.FirstTimeSdvAvg           : num  -0.0604 0.785 0.8398 0.7119 0.7611 ...
 $ Jockey.LastTimeSdvAvg            : num  0.397 0.657 0.531 0.355 0.253 ...
 $ Jockey.RealOddsLog1Avg           : num  4.71 3.25 3.54 4.11 3.5 ...
 $ Jockey.RunCount                  : num  8 119 117 28 59 100 84 73 5 35 ...
 $ Jockey.HitCount1                 : num  0 9 6 1 3 4 0 7 0 0 ...
 $ Jockey.HitCount2                 : num  0 8 6 1 3 6 4 4 0 3 ...
 $ Jockey.HitCount3                 : num  0 12 11 0 4 11 6 3 0 2 ...
 $ Jockey.HitCount4                 : num  0 10 11 2 5 8 5 6 1 2 ...
 $ Jockey.HitCount5                 : num  0 6 11 0 6 9 5 9 0 2 ...
 $ Jockey.HitRate1                  : num  0 0.0756 0.0513 0.0357 0.0508 ...
 $ Jockey.HitRate2                  : num  0 0.0672 0.0513 0.0357 0.0508 ...
 $ Jockey.HitRate3                  : num  0 0.1008 0.094 0 0.0678 ...
 $ Jockey.HitRate4                  : num  0 0.084 0.094 0.0714 0.0847 ...
 $ Jockey.HitRate5                  : num  0 0.0504 0.094 0 0.1017 ...
 $ EOF                              : int  1 1 1 1 1 1 1 1 1 1 ...
 - attr(*, "na.action")= 'omit' Named int  369 794 1068 1184 1242 1343 1371 1475 1754 1780 ...
  ..- attr(*, "names")= chr  "369" "794" "1068" "1184" ...
[1] "2022-03-08 19:13:34 --- na.omit Finish ---"
[1] "2022-03-08 19:13:34 --- rxLogit with rxStepControl Start ---"

> print(paste0(Sys.time(), " --- source_logic_glm.R Start ---"))
[1] "2022-03-08 19:13:34 --- source_logic_glm.R Start ---"

> formula <- formula(RaceHorse.IsHitA ~ +1 + Jockey.FinishTimeSdvByRaceAvg)

> print(paste0(Sys.time(), " --- source_logic_glm.R Finished ---"))
[1] "2022-03-08 19:13:34 --- source_logic_glm.R Finished ---"
Rows Read: 12549, Total Rows Processed: 12549, Total Chunk Time: Less than .001 seconds 

Starting values (iteration 1) time: 0.009 secs.
Rows Read: 12549, Total Rows Processed: 12549, Total Chunk Time: 0.002 seconds 

Iteration 2 time: 0.006 secs.
Rows Read: 12549, Total Rows Processed: 12549, Total Chunk Time: Less than .001 seconds 

Iteration 3 time: 0.004 secs.
Rows Read: 12549, Total Rows Processed: 12549, Total Chunk Time: 0.002 seconds 

Iteration 4 time: 0.005 secs.
Rows Read: 12549, Total Rows Processed: 12549, Total Chunk Time: 0.002 seconds 

Iteration 5 time: 0.007 secs.

Elapsed computation time: 0.057 secs.
Rows Read: 12549, Total Rows Processed: 12549, Total Chunk Time: Less than .001 seconds 

Starting values (iteration 1) time: 0.006 secs.
Rows Read: 12549, Total Rows Processed: 12549, Total Chunk Time: 0.001 seconds 

Iteration 2 time: 0.005 secs.

Elapsed computation time: 0.023 secs.
Rows Read: 12549, Total Rows Processed: 12549, Total Chunk Time: Less than .001 seconds 

Starting values (iteration 1) time: 0.007 secs.
Rows Read: 12549, Total Rows Processed: 12549, Total Chunk Time: 0.002 seconds 

Iteration 2 time: 0.007 secs.
Rows Read: 12549, Total Rows Processed: 12549, Total Chunk Time: 0.001 seconds 

Iteration 3 time: 0.005 secs.
Rows Read: 12549, Total Rows Processed: 12549, Total Chunk Time: Less than .001 seconds 

Iteration 4 time: 0.005 secs.
Rows Read: 12549, Total Rows Processed: 12549, Total Chunk Time: Less than .001 seconds 

Iteration 5 time: 0.005 secs.

Elapsed computation time: 0.051 secs.

Elapsed computation time: 0.148 secs.
[1] "--------------------------------------------------------------------------------"
[1] "analyze.results.glm.step="
Logistic Regression Results for: RaceHorse.IsHitA ~
    Jockey.FinishTimeSdvByRaceAvg
Data: data
Dependent variable(s): RaceHorse.IsHitA
Total independent variables: 2 
Number of valid observations: 12549
Number of missing observations: 0 
 
Coefficients:
                              RaceHorse.IsHitA
(Intercept)                                 -3
Jockey.FinishTimeSdvByRaceAvg                2
[1] "analyze.results.glm.step.summary"
Call:
rxLogit(formula = formula, data = data, variableSelection = analyze.results.glm.step.varsel)

Logistic Regression Results for: RaceHorse.IsHitA ~
    Jockey.FinishTimeSdvByRaceAvg
Data: data
Dependent variable(s): RaceHorse.IsHitA
Total independent variables: 2 
Number of valid observations: 12549
Number of missing observations: 0 
-2*LogLikelihood: 6300.203 (Residual deviance on 12547 degrees of freedom)
 
Coefficients:
                              Estimate Std. Error z value Pr(>|z|)    
(Intercept)                    -2.9950     0.0503   -59.6  2.2e-16 ***
Jockey.FinishTimeSdvByRaceAvg   2.0402     0.1268    16.1  2.2e-16 ***
---
Signif. codes:  0 '***' 0.001 '**' 0.01 '*' 0.05 '.' 0.1 ' ' 1

Condition number of final variance-covariance matrix: 1 
Number of iterations: 5
[1] "--------------------------------------------------------------------------------"
[1] "2022-03-08 19:13:34 --- rxLogit with rxStepControl Finish ---"
[1] "2022-03-08 19:13:34 --- rxStepPlot Start ---"
[1] "pdfFilename=pdf_analyze_glm_Jockey_Type11_rxStepPlot.pdf"
[1] "rxStepPlot="
[1] "2022-03-08 19:13:34 --- rxStepPlot Finish ---"
[1] "2022-03-08 19:13:34 --- save.image Start ---"
[1] "save.image"
[1] "rdataFilename=RData_analyze_glm_Jockey_Type11.RData"
[1] "2022-03-08 19:13:34 --- save.image Finish ---"
[1] "2022-03-08 19:13:34 --- final Start ---"
[1] "--------------------------------------------------------------------------------"
[1] "nrow(data) final=12549"
[1] "--------------------------------------------------------------------------------"
[1] "2022-03-08 19:13:34 --- final Finish ---"
[1] "2022-03-08 19:13:34 --- analyze_glm.R Finished ---"
[1] "2022-03-08 19:13:34 --- log Finish ---"
