[1] "2022-02-25 20:26:28 --- D1115_analyze_glm_Odds_IsHitA_Type14 Start ---"
[1] "2022-02-25 20:26:28 --- Log Start ---"
[1] "2022-02-25 20:26:28 --- analyze_glm.R Start ---"
[1] "analyzeVersion=D1115"
[1] "analyzeCategory=analyze"
[1] "analyzeType=Odds"
[1] "analyzeFamily=IsHitA"
[1] "analyzeFunc=glm"
[1] "analyzeTrackTypeCd=1"
[1] "analyzeJyokenCd=4"
[1] "2022-02-25 20:26:28 --- source_function.R Start ---"
[1] "2022-02-25 20:26:28 --- source_function.R Finished ---"

> print(paste0(Sys.time(), " --- source_library.R Start ---"))
[1] "2022-02-25 20:26:29 --- source_library.R Start ---"

> require("RevoScaleR")

> print(paste0(Sys.time(), " --- source_library.R Finished ---"))
[1] "2022-02-25 20:26:32 --- source_library.R Finished ---"
[1] "2022-02-25 20:26:34 --- RxSqlServerData Start ---"
[1] "2022-02-25 20:26:36 --- RxInSqlServer Start ---"
[1] "2022-02-25 20:26:36 --- RxInSqlServer Finish ---"
[1] "2022-02-25 20:26:39 --- rxSetComputeContext Start ---"
[1] "2022-02-25 20:26:43 --- rxSetComputeContext Finish ---"
[1] "2022-02-25 20:26:44 --- RxSqlServerData Start ---"
[1] "sqlQuery=SELECT * FROM ViewAnalyzeD1115analyze01OddsType14"
[1] "2022-02-25 20:26:53 --- RxSqlServerData Finish ---"
[1] "2022-02-25 20:26:57 --- rxGetVarInfo Start ---"
[1] "2022-02-25 20:26:59 --- rxGetVarInfo Finish---"
[1] "2022-02-25 20:27:07 --- rxImport Start ---"
Rows Read: 30570, Total Rows Processed: 30570, Total Chunk Time: 3.338 seconds 
[1] "2022-02-25 20:27:33 --- rxImport Finish ---"
[1] "object.size(data) auto=6.6 Mb"
[1] "--------------------------------------------------------------------------------"
[1] "nrow(data) RxSqlServerData=30570"
[1] "--------------------------------------------------------------------------------"
[1] "str(data)="
'data.frame':	30570 obs. of  32 variables:
 $ Race.RaceId                      : Factor w/ 2247 levels "20160109-06-01-02-06",..: 1 1 1 2 2 9 3 5 5 10 ...
 $ Race.IsPredictedRace             : logi  TRUE TRUE TRUE TRUE TRUE TRUE ...
 $ Race.IsAnalyzeNormalPastAndFuture: logi  TRUE TRUE TRUE TRUE TRUE TRUE ...
 $ Race.IsAnalyzeNormalPast         : logi  TRUE TRUE TRUE TRUE TRUE TRUE ...
 $ Race.IsAnalyzeNormalFuture       : logi  FALSE FALSE FALSE FALSE FALSE FALSE ...
 $ Race.IsAnalyzeFullPastAndFuture  : logi  TRUE TRUE TRUE TRUE TRUE TRUE ...
 $ Race.IsAnalyzeFullPast           : logi  TRUE TRUE TRUE TRUE TRUE TRUE ...
 $ Race.IsAnalyzeFullFuture         : logi  FALSE FALSE FALSE FALSE FALSE FALSE ...
 $ Race.JyokenCd                    : Factor w/ 1 level "4": 1 1 1 1 1 1 1 1 1 1 ...
 $ Race.JyoType1Cd                  : Factor w/ 177 levels "1-06-1200-4-1",..: 1 1 1 2 2 8 3 5 5 3 ...
 $ Race.RaceType1Cd                 : Factor w/ 6 levels "1-4-X-1","1-4-E-2",..: 1 1 1 1 1 3 2 3 3 3 ...
 $ RaceHorse.RaceId                 : Factor w/ 2247 levels "20160109-06-01-02-06",..: 1 1 1 2 2 9 3 5 5 10 ...
 $ RaceHorse.KettoNum               : Factor w/ 6943 levels "2013103403","2011102246",..: 11 12 13 14 15 16 17 18 19 20 ...
 $ RaceHorse.IsHit1                 : num  0 0 0 1 0 0 0 0 0 0 ...
 $ RaceHorse.IsHit2                 : num  0 0 0 0 0 0 0 0 0 0 ...
 $ RaceHorse.IsHit3                 : num  0 0 0 0 0 0 0 0 0 0 ...
 $ RaceHorse.IsHit4                 : num  0 0 0 0 0 0 0 0 0 0 ...
 $ RaceHorse.IsHit5                 : num  0 0 0 0 0 0 0 0 0 0 ...
 $ RaceHorse.IsHit6                 : num  1 1 1 0 1 1 1 1 1 1 ...
 $ RaceHorse.IsValidRaceHorse       : logi  TRUE TRUE TRUE TRUE TRUE TRUE ...
 $ RaceHorse.TimeSdv                : num  0.2524 0.4729 0.0319 0.9525 -0.1047 ...
 $ RaceHorse.IsHitA                 : num  0 0 0 1 0 0 0 0 0 0 ...
 $ RaceHorse.IsHitB                 : num  0 0 0 1 0 0 0 0 0 0 ...
 $ RaceHorse.IsHitC                 : num  0 0 0 1 0 0 0 0 0 0 ...
 $ OddsByWin.Odds1                  : num  50.4 112.9 59.4 8.3 169.8 ...
 $ OddsByWin.Ninki                  : num  8 12 9 5 14 13 8 4 11 13 ...
 $ OddsByWin.OddsLog1               : num  3.94 4.74 4.1 2.23 5.14 ...
 $ OddsByWin.OddsRatio1             : num  0.02024 0.00894 0.01712 0.13699 0.00592 ...
 $ OddsByWin.OddsLogit1             : num  -3.92 -4.73 -4.08 -2.12 -5.13 ...
 $ OddsByWin.ApprovalRate1          : num  0.01984 0.00886 0.01684 0.12048 0.00589 ...
 $ OddsByWin.ApprovalRateLog1       : num  0.01965 0.00882 0.01669 0.11376 0.00587 ...
 $ EOF                              : int  1 1 1 1 1 1 1 1 1 1 ...
[1] "2022-02-25 20:30:11 --- RxSqlServerData Finish ---"
[1] "2022-02-25 20:30:19 --- subset Start ---"
[1] "--------------------------------------------------------------------------------"
[1] "nrow(data) subset before=30570"
[1] "nrow(data) subset after =30570"
[1] "nrow(data) subset diff =0"
[1] "--------------------------------------------------------------------------------"
[1] "2022-02-25 20:31:38 --- subset Finish---"
[1] "2022-02-25 20:31:54 --- transform Start ---"
[1] "--------------------------------------------------------------------------------"
[1] "nrow(data) transform before=30570"
[1] "nrow(data) transform after=30570"
[1] "nrow(data) transform diff=0"
[1] "--------------------------------------------------------------------------------"
[1] "str(data)="
'data.frame':	30570 obs. of  32 variables:
 $ Race.RaceId                      : Factor w/ 2247 levels "20160109-06-01-02-06",..: 1 1 1 2 2 9 3 5 5 10 ...
 $ Race.IsPredictedRace             : logi  TRUE TRUE TRUE TRUE TRUE TRUE ...
 $ Race.IsAnalyzeNormalPastAndFuture: logi  TRUE TRUE TRUE TRUE TRUE TRUE ...
 $ Race.IsAnalyzeNormalPast         : logi  TRUE TRUE TRUE TRUE TRUE TRUE ...
 $ Race.IsAnalyzeNormalFuture       : logi  FALSE FALSE FALSE FALSE FALSE FALSE ...
 $ Race.IsAnalyzeFullPastAndFuture  : logi  TRUE TRUE TRUE TRUE TRUE TRUE ...
 $ Race.IsAnalyzeFullPast           : logi  TRUE TRUE TRUE TRUE TRUE TRUE ...
 $ Race.IsAnalyzeFullFuture         : logi  FALSE FALSE FALSE FALSE FALSE FALSE ...
 $ Race.JyokenCd                    : Factor w/ 1 level "4": 1 1 1 1 1 1 1 1 1 1 ...
 $ Race.JyoType1Cd                  : Factor w/ 177 levels "1-06-1200-4-1",..: 1 1 1 2 2 8 3 5 5 3 ...
 $ Race.RaceType1Cd                 : Factor w/ 6 levels "1-4-X-1","1-4-E-2",..: 1 1 1 1 1 3 2 3 3 3 ...
 $ RaceHorse.RaceId                 : Factor w/ 2247 levels "20160109-06-01-02-06",..: 1 1 1 2 2 9 3 5 5 10 ...
 $ RaceHorse.KettoNum               : Factor w/ 6943 levels "2013103403","2011102246",..: 11 12 13 14 15 16 17 18 19 20 ...
 $ RaceHorse.IsHit1                 : num  0 0 0 1 0 0 0 0 0 0 ...
 $ RaceHorse.IsHit2                 : num  0 0 0 0 0 0 0 0 0 0 ...
 $ RaceHorse.IsHit3                 : num  0 0 0 0 0 0 0 0 0 0 ...
 $ RaceHorse.IsHit4                 : num  0 0 0 0 0 0 0 0 0 0 ...
 $ RaceHorse.IsHit5                 : num  0 0 0 0 0 0 0 0 0 0 ...
 $ RaceHorse.IsHit6                 : num  1 1 1 0 1 1 1 1 1 1 ...
 $ RaceHorse.IsValidRaceHorse       : logi  TRUE TRUE TRUE TRUE TRUE TRUE ...
 $ RaceHorse.TimeSdv                : num  0.2524 0.4729 0.0319 0.9525 -0.1047 ...
 $ RaceHorse.IsHitA                 : num  0 0 0 1 0 0 0 0 0 0 ...
 $ RaceHorse.IsHitB                 : num  0 0 0 1 0 0 0 0 0 0 ...
 $ RaceHorse.IsHitC                 : num  0 0 0 1 0 0 0 0 0 0 ...
 $ OddsByWin.Odds1                  : num  50.4 112.9 59.4 8.3 169.8 ...
 $ OddsByWin.Ninki                  : num  8 12 9 5 14 13 8 4 11 13 ...
 $ OddsByWin.OddsLog1               : num  3.94 4.74 4.1 2.23 5.14 ...
 $ OddsByWin.OddsRatio1             : num  0.02024 0.00894 0.01712 0.13699 0.00592 ...
 $ OddsByWin.OddsLogit1             : num  -3.92 -4.73 -4.08 -2.12 -5.13 ...
 $ OddsByWin.ApprovalRate1          : num  0.01984 0.00886 0.01684 0.12048 0.00589 ...
 $ OddsByWin.ApprovalRateLog1       : num  0.01965 0.00882 0.01669 0.11376 0.00587 ...
 $ EOF                              : int  1 1 1 1 1 1 1 1 1 1 ...
NULL
[1] "2022-02-25 20:32:44 --- transform Finish ---"
[1] "2022-02-25 20:32:45 --- na.omit Start ---"
[1] "--------------------------------------------------------------------------------"
[1] "nrow(data) na.omit before=30570"
[1] "nrow(data) na.omit after =30406"
[1] "nrow(data) na.omit diff =164"
[1] "--------------------------------------------------------------------------------"
'data.frame':	30406 obs. of  32 variables:
 $ Race.RaceId                      : Factor w/ 2247 levels "20160109-06-01-02-06",..: 1 1 1 2 2 9 3 5 5 10 ...
 $ Race.IsPredictedRace             : logi  TRUE TRUE TRUE TRUE TRUE TRUE ...
 $ Race.IsAnalyzeNormalPastAndFuture: logi  TRUE TRUE TRUE TRUE TRUE TRUE ...
 $ Race.IsAnalyzeNormalPast         : logi  TRUE TRUE TRUE TRUE TRUE TRUE ...
 $ Race.IsAnalyzeNormalFuture       : logi  FALSE FALSE FALSE FALSE FALSE FALSE ...
 $ Race.IsAnalyzeFullPastAndFuture  : logi  TRUE TRUE TRUE TRUE TRUE TRUE ...
 $ Race.IsAnalyzeFullPast           : logi  TRUE TRUE TRUE TRUE TRUE TRUE ...
 $ Race.IsAnalyzeFullFuture         : logi  FALSE FALSE FALSE FALSE FALSE FALSE ...
 $ Race.JyokenCd                    : Factor w/ 1 level "4": 1 1 1 1 1 1 1 1 1 1 ...
 $ Race.JyoType1Cd                  : Factor w/ 177 levels "1-06-1200-4-1",..: 1 1 1 2 2 8 3 5 5 3 ...
 $ Race.RaceType1Cd                 : Factor w/ 6 levels "1-4-X-1","1-4-E-2",..: 1 1 1 1 1 3 2 3 3 3 ...
 $ RaceHorse.RaceId                 : Factor w/ 2247 levels "20160109-06-01-02-06",..: 1 1 1 2 2 9 3 5 5 10 ...
 $ RaceHorse.KettoNum               : Factor w/ 6943 levels "2013103403","2011102246",..: 11 12 13 14 15 16 17 18 19 20 ...
 $ RaceHorse.IsHit1                 : num  0 0 0 1 0 0 0 0 0 0 ...
 $ RaceHorse.IsHit2                 : num  0 0 0 0 0 0 0 0 0 0 ...
 $ RaceHorse.IsHit3                 : num  0 0 0 0 0 0 0 0 0 0 ...
 $ RaceHorse.IsHit4                 : num  0 0 0 0 0 0 0 0 0 0 ...
 $ RaceHorse.IsHit5                 : num  0 0 0 0 0 0 0 0 0 0 ...
 $ RaceHorse.IsHit6                 : num  1 1 1 0 1 1 1 1 1 1 ...
 $ RaceHorse.IsValidRaceHorse       : logi  TRUE TRUE TRUE TRUE TRUE TRUE ...
 $ RaceHorse.TimeSdv                : num  0.2524 0.4729 0.0319 0.9525 -0.1047 ...
 $ RaceHorse.IsHitA                 : num  0 0 0 1 0 0 0 0 0 0 ...
 $ RaceHorse.IsHitB                 : num  0 0 0 1 0 0 0 0 0 0 ...
 $ RaceHorse.IsHitC                 : num  0 0 0 1 0 0 0 0 0 0 ...
 $ OddsByWin.Odds1                  : num  50.4 112.9 59.4 8.3 169.8 ...
 $ OddsByWin.Ninki                  : num  8 12 9 5 14 13 8 4 11 13 ...
 $ OddsByWin.OddsLog1               : num  3.94 4.74 4.1 2.23 5.14 ...
 $ OddsByWin.OddsRatio1             : num  0.02024 0.00894 0.01712 0.13699 0.00592 ...
 $ OddsByWin.OddsLogit1             : num  -3.92 -4.73 -4.08 -2.12 -5.13 ...
 $ OddsByWin.ApprovalRate1          : num  0.01984 0.00886 0.01684 0.12048 0.00589 ...
 $ OddsByWin.ApprovalRateLog1       : num  0.01965 0.00882 0.01669 0.11376 0.00587 ...
 $ EOF                              : int  1 1 1 1 1 1 1 1 1 1 ...
 - attr(*, "na.action")= 'omit' Named int  192 227 839 1070 1300 1380 1772 1924 1959 2027 ...
  ..- attr(*, "names")= chr  "192" "227" "839" "1070" ...
[1] "2022-02-25 20:32:51 --- na.omit Finish ---"
[1] "2022-02-25 20:32:51 --- rxGlm with rxStepControl Start ---"

> print(paste0(Sys.time(), " --- source_logic_glm.R Start ---"))
[1] "2022-02-25 20:32:51 --- source_logic_glm.R Start ---"

> formula <- formula(RaceHorse.IsHitA ~ +1 + OddsByWin.OddsLogit1)

> print(paste0(Sys.time(), " --- source_logic_glm.R Finished ---"))
[1] "2022-02-25 20:32:51 --- source_logic_glm.R Finished ---"
Rows Read: 30406, Total Rows Processed: 30406, Total Chunk Time: 0.002 seconds 

Starting values (iteration 1) time: 0.021 secs.
Rows Read: 30406, Total Rows Processed: 30406, Total Chunk Time: 0.003 seconds 

Iteration 2 time: 0.108 secs.
Rows Read: 30406, Total Rows Processed: 30406, Total Chunk Time: 0.003 seconds 

Iteration 3 time: 0.069 secs.
Rows Read: 30406, Total Rows Processed: 30406, Total Chunk Time: 0.003 seconds 

Iteration 4 time: 0.074 secs.
Rows Read: 30406, Total Rows Processed: 30406, Total Chunk Time: 0.003 seconds 

Iteration 5 time: 0.045 secs.
Rows Read: 30406, Total Rows Processed: 30406, Total Chunk Time: 0.003 seconds 

Iteration 6 time: 0.077 secs.

Elapsed computation time: 0.784 secs.
Rows Read: 30406, Total Rows Processed: 30406, Total Chunk Time: Less than .001 seconds 

Starting values (iteration 1) time: 0.082 secs.
Rows Read: 30406, Total Rows Processed: 30406, Total Chunk Time: 0.003 seconds 

Iteration 2 time: 0.082 secs.

Elapsed computation time: 0.337 secs.
Rows Read: 30406, Total Rows Processed: 30406, Total Chunk Time: 0.002 seconds 

Starting values (iteration 1) time: 0.082 secs.
Rows Read: 30406, Total Rows Processed: 30406, Total Chunk Time: 0.003 seconds 

Iteration 2 time: 0.085 secs.
Rows Read: 30406, Total Rows Processed: 30406, Total Chunk Time: 0.003 seconds 

Iteration 3 time: 0.165 secs.
Rows Read: 30406, Total Rows Processed: 30406, Total Chunk Time: 0.003 seconds 

Iteration 4 time: 0.203 secs.
Rows Read: 30406, Total Rows Processed: 30406, Total Chunk Time: 0.003 seconds 

Iteration 5 time: 0.116 secs.
Rows Read: 30406, Total Rows Processed: 30406, Total Chunk Time: 0.003 seconds 

Iteration 6 time: 0.044 secs.

Elapsed computation time: 1.261 secs.

Elapsed computation time: 2.581 secs.
[1] "--------------------------------------------------------------------------------"
[1] "analyze.results.glm.step="
Logistic Regression Results for: RaceHorse.IsHitA ~
    OddsByWin.OddsLogit1
Data: data
Dependent variable(s): RaceHorse.IsHitA
Total independent variables: 2 
Number of valid observations: 30406
Number of missing observations: 0 
 
Coefficients:
                     RaceHorse.IsHitA
(Intercept)                       0.3
OddsByWin.OddsLogit1              1.2
[1] "analyze.results.glm.step.summary"
Call:
rxLogit(formula = formula, data = data, variableSelection = analyze.results.glm.step.varsel)

Logistic Regression Results for: RaceHorse.IsHitA ~
    OddsByWin.OddsLogit1
Data: data
Dependent variable(s): RaceHorse.IsHitA
Total independent variables: 2 
Number of valid observations: 30406
Number of missing observations: 0 
-2*LogLikelihood: 13032.796 (Residual deviance on 30404 degrees of freedom)
 
Coefficients:
                     Estimate Std. Error z value Pr(>|z|)    
(Intercept)            0.2603     0.0541    4.81  1.5e-06 ***
OddsByWin.OddsLogit1   1.1565     0.0259   44.58  2.2e-16 ***
---
Signif. codes:  0 '***' 0.001 '**' 0.01 '*' 0.05 '.' 0.1 ' ' 1

Condition number of final variance-covariance matrix: 1 
Number of iterations: 6
[1] "--------------------------------------------------------------------------------"
[1] "2022-02-25 20:32:56 --- rxGlm with rxStepControl Finish ---"
[1] "2022-02-25 20:32:56 --- rxStepPlot Start ---"
[1] "pdfFilename=pdf_analyze_glm_Odds_Type14_rxStepPlot.pdf"
[1] "rxStepPlot="
[1] "2022-02-25 20:32:57 --- rxStepPlot Finish ---"
[1] "2022-02-25 20:32:57 --- save.image Start ---"
[1] "save.image"
[1] "rdataFilename=RData_analyze_glm_Odds_Type14.RData"
[1] "2022-02-25 20:32:57 --- save.image Finish ---"
[1] "2022-02-25 20:32:57 --- final Start ---"
[1] "--------------------------------------------------------------------------------"
[1] "nrow(data) final=30406"
[1] "--------------------------------------------------------------------------------"
[1] "2022-02-25 20:32:58 --- final Finish ---"
[1] "2022-02-25 20:32:58 --- analyze_glm.R Finished ---"
[1] "2022-02-25 20:32:58 --- log Finish ---"
