[1] "2022-02-25 20:25:44 --- D1115_analyze_glm_Horse_IsHitA_Type23 Start ---"
[1] "2022-02-25 20:25:44 --- Log Start ---"
[1] "2022-02-25 20:25:44 --- analyze_glm.R Start ---"
[1] "analyzeVersion=D1115"
[1] "analyzeCategory=analyze"
[1] "analyzeType=Horse"
[1] "analyzeFamily=IsHitA"
[1] "analyzeFunc=glm"
[1] "analyzeTrackTypeCd=2"
[1] "analyzeJyokenCd=3"
[1] "2022-02-25 20:25:44 --- source_function.R Start ---"
[1] "2022-02-25 20:25:44 --- source_function.R Finished ---"

> print(paste0(Sys.time(), " --- source_library.R Start ---"))
[1] "2022-02-25 20:25:44 --- source_library.R Start ---"

> require("RevoScaleR")

> print(paste0(Sys.time(), " --- source_library.R Finished ---"))
[1] "2022-02-25 20:25:46 --- source_library.R Finished ---"
[1] "2022-02-25 20:25:46 --- RxSqlServerData Start ---"
[1] "2022-02-25 20:25:46 --- RxInSqlServer Start ---"
[1] "2022-02-25 20:25:46 --- RxInSqlServer Finish ---"
[1] "2022-02-25 20:25:46 --- rxSetComputeContext Start ---"
[1] "2022-02-25 20:25:46 --- rxSetComputeContext Finish ---"
[1] "2022-02-25 20:25:46 --- RxSqlServerData Start ---"
[1] "sqlQuery=SELECT * FROM ViewAnalyzeD1115analyze01HorseType23"
[1] "2022-02-25 20:25:47 --- RxSqlServerData Finish ---"
[1] "2022-02-25 20:25:47 --- rxGetVarInfo Start ---"
[1] "2022-02-25 20:25:49 --- rxGetVarInfo Finish---"
[1] "2022-02-25 20:25:49 --- rxImport Start ---"
Rows Read: 15121, Total Rows Processed: 15121, Total Chunk Time: 13.966 seconds 
[1] "2022-02-25 20:26:12 --- rxImport Finish ---"
[1] "object.size(data) auto=4.8 Mb"
[1] "--------------------------------------------------------------------------------"
[1] "nrow(data) RxSqlServerData=15121"
[1] "--------------------------------------------------------------------------------"
[1] "str(data)="
'data.frame':	15121 obs. of  44 variables:
 $ Race.RaceId                      : Factor w/ 1011 levels "20180714-07-03-05-10",..: 2 2 2 2 2 2 2 2 2 2 ...
 $ Race.IsPredictedRace             : logi  TRUE TRUE TRUE TRUE TRUE TRUE ...
 $ Race.IsAnalyzeNormalPastAndFuture: logi  TRUE TRUE TRUE TRUE TRUE TRUE ...
 $ Race.IsAnalyzeNormalPast         : logi  TRUE TRUE TRUE TRUE TRUE TRUE ...
 $ Race.IsAnalyzeNormalFuture       : logi  FALSE FALSE FALSE FALSE FALSE FALSE ...
 $ Race.IsAnalyzeFullPastAndFuture  : logi  TRUE TRUE TRUE TRUE TRUE TRUE ...
 $ Race.IsAnalyzeFullPast           : logi  TRUE TRUE TRUE TRUE TRUE TRUE ...
 $ Race.IsAnalyzeFullFuture         : logi  FALSE FALSE FALSE FALSE FALSE FALSE ...
 $ Race.JyokenCd                    : Factor w/ 1 level "3": 1 1 1 1 1 1 1 1 1 1 ...
 $ Race.JyoType1Cd                  : Factor w/ 105 levels "2-07-1900-3-1",..: 2 2 2 2 2 2 2 2 2 2 ...
 $ Race.RaceType1Cd                 : Factor w/ 6 levels "2-3-E-2","2-3-X-1",..: 2 2 2 2 2 2 2 2 2 2 ...
 $ RaceHorse.RaceId                 : Factor w/ 1011 levels "20180714-07-03-05-10",..: 2 2 2 2 2 2 2 2 2 2 ...
 $ RaceHorse.KettoNum               : Factor w/ 3181 levels "2011101089","2011104837",..: 11 12 13 14 15 16 17 18 19 20 ...
 $ RaceHorse.IsHit1                 : num  0 0 0 0 0 0 0 0 0 1 ...
 $ RaceHorse.IsHit2                 : num  0 0 0 0 0 0 0 0 0 0 ...
 $ RaceHorse.IsHit3                 : num  0 0 0 0 0 0 0 0 0 0 ...
 $ RaceHorse.IsHit4                 : num  0 0 0 0 0 1 0 0 0 0 ...
 $ RaceHorse.IsHit5                 : num  0 0 0 1 0 0 0 0 0 0 ...
 $ RaceHorse.IsHit6                 : num  1 1 1 0 1 0 1 1 1 0 ...
 $ RaceHorse.IsValidRaceHorse       : logi  TRUE TRUE TRUE TRUE TRUE TRUE ...
 $ RaceHorse.TimeSdv                : num  1.237 1.089 0.868 1.385 1.163 ...
 $ RaceHorse.IsHitA                 : num  0 0 0 0 0 0 0 0 0 1 ...
 $ RaceHorse.IsHitB                 : num  0 0 0 0 0 0 0 0 0 1 ...
 $ RaceHorse.IsHitC                 : num  0 0 0 0 0 0 0 0 0 1 ...
 $ Horse.KettoNum                   : Factor w/ 3181 levels "2011101089","2011104837",..: 11 12 13 14 15 16 17 18 19 20 ...
 $ Horse.TimeSdvByRaceAvg           : num  0.153 0.378 0.534 0.814 0.287 ...
 $ Horse.TimeSdvByRaceMin           : num  -2.07 -1.87 -1.749 -0.607 -1.29 ...
 $ Horse.TimeSdvByRaceMax           : num  2.09 1.53 1.62 1.92 1.53 ...
 $ Horse.TimeSdvAvg                 : num  0.21 0.426 0.473 0.648 0.101 ...
 $ Horse.TimeSdvMin                 : num  -1.46 -1.053 -0.818 -1.524 -0.975 ...
 $ Horse.TimeSdvMax                 : num  2.3 1.44 1.39 1.62 1.2 ...
 $ Horse.OrderOfFinishSdvAvg        : num  0.116 0.489 0.557 0.817 0.196 ...
 $ Horse.RunCount                   : num  38 22 27 25 13 33 15 17 16 10 ...
 $ Horse.HitCount1                  : num  3 2 2 3 3 2 2 3 3 2 ...
 $ Horse.HitCount2                  : num  4 2 3 6 1 7 6 2 1 1 ...
 $ Horse.HitCount3                  : num  2 3 6 5 0 4 3 1 1 0 ...
 $ Horse.HitCount4                  : num  2 4 2 4 0 3 1 1 1 2 ...
 $ Horse.HitCount5                  : num  2 2 3 1 1 3 0 1 0 0 ...
 $ Horse.HitRate1                   : num  0.0789 0.0909 0.0741 0.12 0.2308 ...
 $ Horse.HitRate2                   : num  0.1053 0.0909 0.1111 0.24 0.0769 ...
 $ Horse.HitRate3                   : num  0.0526 0.1364 0.2222 0.2 0 ...
 $ Horse.HitRate4                   : num  0.0526 0.1818 0.0741 0.16 0 ...
 $ Horse.HitRate5                   : num  0.0526 0.0909 0.1111 0.04 0.0769 ...
 $ EOF                              : int  1 1 1 1 1 1 1 1 1 1 ...
[1] "2022-02-25 20:29:04 --- RxSqlServerData Finish ---"
[1] "2022-02-25 20:29:04 --- subset Start ---"
[1] "--------------------------------------------------------------------------------"
[1] "nrow(data) subset before=15121"
[1] "nrow(data) subset after =15121"
[1] "nrow(data) subset diff =0"
[1] "--------------------------------------------------------------------------------"
[1] "2022-02-25 20:30:04 --- subset Finish---"
[1] "2022-02-25 20:30:13 --- transform Start ---"
[1] "--------------------------------------------------------------------------------"
[1] "nrow(data) transform before=15121"
[1] "nrow(data) transform after=15121"
[1] "nrow(data) transform diff=0"
[1] "--------------------------------------------------------------------------------"
[1] "str(data)="
'data.frame':	15121 obs. of  44 variables:
 $ Race.RaceId                      : Factor w/ 1011 levels "20180714-07-03-05-10",..: 2 2 2 2 2 2 2 2 2 2 ...
 $ Race.IsPredictedRace             : logi  TRUE TRUE TRUE TRUE TRUE TRUE ...
 $ Race.IsAnalyzeNormalPastAndFuture: logi  TRUE TRUE TRUE TRUE TRUE TRUE ...
 $ Race.IsAnalyzeNormalPast         : logi  TRUE TRUE TRUE TRUE TRUE TRUE ...
 $ Race.IsAnalyzeNormalFuture       : logi  FALSE FALSE FALSE FALSE FALSE FALSE ...
 $ Race.IsAnalyzeFullPastAndFuture  : logi  TRUE TRUE TRUE TRUE TRUE TRUE ...
 $ Race.IsAnalyzeFullPast           : logi  TRUE TRUE TRUE TRUE TRUE TRUE ...
 $ Race.IsAnalyzeFullFuture         : logi  FALSE FALSE FALSE FALSE FALSE FALSE ...
 $ Race.JyokenCd                    : Factor w/ 1 level "3": 1 1 1 1 1 1 1 1 1 1 ...
 $ Race.JyoType1Cd                  : Factor w/ 105 levels "2-07-1900-3-1",..: 2 2 2 2 2 2 2 2 2 2 ...
 $ Race.RaceType1Cd                 : Factor w/ 6 levels "2-3-E-2","2-3-X-1",..: 2 2 2 2 2 2 2 2 2 2 ...
 $ RaceHorse.RaceId                 : Factor w/ 1011 levels "20180714-07-03-05-10",..: 2 2 2 2 2 2 2 2 2 2 ...
 $ RaceHorse.KettoNum               : Factor w/ 3181 levels "2011101089","2011104837",..: 11 12 13 14 15 16 17 18 19 20 ...
 $ RaceHorse.IsHit1                 : num  0 0 0 0 0 0 0 0 0 1 ...
 $ RaceHorse.IsHit2                 : num  0 0 0 0 0 0 0 0 0 0 ...
 $ RaceHorse.IsHit3                 : num  0 0 0 0 0 0 0 0 0 0 ...
 $ RaceHorse.IsHit4                 : num  0 0 0 0 0 1 0 0 0 0 ...
 $ RaceHorse.IsHit5                 : num  0 0 0 1 0 0 0 0 0 0 ...
 $ RaceHorse.IsHit6                 : num  1 1 1 0 1 0 1 1 1 0 ...
 $ RaceHorse.IsValidRaceHorse       : logi  TRUE TRUE TRUE TRUE TRUE TRUE ...
 $ RaceHorse.TimeSdv                : num  1.237 1.089 0.868 1.385 1.163 ...
 $ RaceHorse.IsHitA                 : num  0 0 0 0 0 0 0 0 0 1 ...
 $ RaceHorse.IsHitB                 : num  0 0 0 0 0 0 0 0 0 1 ...
 $ RaceHorse.IsHitC                 : num  0 0 0 0 0 0 0 0 0 1 ...
 $ Horse.KettoNum                   : Factor w/ 3181 levels "2011101089","2011104837",..: 11 12 13 14 15 16 17 18 19 20 ...
 $ Horse.TimeSdvByRaceAvg           : num  0.153 0.378 0.534 0.814 0.287 ...
 $ Horse.TimeSdvByRaceMin           : num  -2.07 -1.87 -1.749 -0.607 -1.29 ...
 $ Horse.TimeSdvByRaceMax           : num  2.09 1.53 1.62 1.92 1.53 ...
 $ Horse.TimeSdvAvg                 : num  0.21 0.426 0.473 0.648 0.101 ...
 $ Horse.TimeSdvMin                 : num  -1.46 -1.053 -0.818 -1.524 -0.975 ...
 $ Horse.TimeSdvMax                 : num  2.3 1.44 1.39 1.62 1.2 ...
 $ Horse.OrderOfFinishSdvAvg        : num  0.116 0.489 0.557 0.817 0.196 ...
 $ Horse.RunCount                   : num  38 22 27 25 13 33 15 17 16 10 ...
 $ Horse.HitCount1                  : num  3 2 2 3 3 2 2 3 3 2 ...
 $ Horse.HitCount2                  : num  4 2 3 6 1 7 6 2 1 1 ...
 $ Horse.HitCount3                  : num  2 3 6 5 0 4 3 1 1 0 ...
 $ Horse.HitCount4                  : num  2 4 2 4 0 3 1 1 1 2 ...
 $ Horse.HitCount5                  : num  2 2 3 1 1 3 0 1 0 0 ...
 $ Horse.HitRate1                   : num  0.0789 0.0909 0.0741 0.12 0.2308 ...
 $ Horse.HitRate2                   : num  0.1053 0.0909 0.1111 0.24 0.0769 ...
 $ Horse.HitRate3                   : num  0.0526 0.1364 0.2222 0.2 0 ...
 $ Horse.HitRate4                   : num  0.0526 0.1818 0.0741 0.16 0 ...
 $ Horse.HitRate5                   : num  0.0526 0.0909 0.1111 0.04 0.0769 ...
 $ EOF                              : int  1 1 1 1 1 1 1 1 1 1 ...
NULL
[1] "2022-02-25 20:32:50 --- transform Finish ---"
[1] "2022-02-25 20:32:50 --- na.omit Start ---"
[1] "--------------------------------------------------------------------------------"
[1] "nrow(data) na.omit before=15121"
[1] "nrow(data) na.omit after =15011"
[1] "nrow(data) na.omit diff =110"
[1] "--------------------------------------------------------------------------------"
'data.frame':	15011 obs. of  44 variables:
 $ Race.RaceId                      : Factor w/ 1011 levels "20180714-07-03-05-10",..: 2 2 2 2 2 2 2 2 2 2 ...
 $ Race.IsPredictedRace             : logi  TRUE TRUE TRUE TRUE TRUE TRUE ...
 $ Race.IsAnalyzeNormalPastAndFuture: logi  TRUE TRUE TRUE TRUE TRUE TRUE ...
 $ Race.IsAnalyzeNormalPast         : logi  TRUE TRUE TRUE TRUE TRUE TRUE ...
 $ Race.IsAnalyzeNormalFuture       : logi  FALSE FALSE FALSE FALSE FALSE FALSE ...
 $ Race.IsAnalyzeFullPastAndFuture  : logi  TRUE TRUE TRUE TRUE TRUE TRUE ...
 $ Race.IsAnalyzeFullPast           : logi  TRUE TRUE TRUE TRUE TRUE TRUE ...
 $ Race.IsAnalyzeFullFuture         : logi  FALSE FALSE FALSE FALSE FALSE FALSE ...
 $ Race.JyokenCd                    : Factor w/ 1 level "3": 1 1 1 1 1 1 1 1 1 1 ...
 $ Race.JyoType1Cd                  : Factor w/ 105 levels "2-07-1900-3-1",..: 2 2 2 2 2 2 2 2 2 2 ...
 $ Race.RaceType1Cd                 : Factor w/ 6 levels "2-3-E-2","2-3-X-1",..: 2 2 2 2 2 2 2 2 2 2 ...
 $ RaceHorse.RaceId                 : Factor w/ 1011 levels "20180714-07-03-05-10",..: 2 2 2 2 2 2 2 2 2 2 ...
 $ RaceHorse.KettoNum               : Factor w/ 3181 levels "2011101089","2011104837",..: 11 12 13 14 15 16 17 18 19 20 ...
 $ RaceHorse.IsHit1                 : num  0 0 0 0 0 0 0 0 0 1 ...
 $ RaceHorse.IsHit2                 : num  0 0 0 0 0 0 0 0 0 0 ...
 $ RaceHorse.IsHit3                 : num  0 0 0 0 0 0 0 0 0 0 ...
 $ RaceHorse.IsHit4                 : num  0 0 0 0 0 1 0 0 0 0 ...
 $ RaceHorse.IsHit5                 : num  0 0 0 1 0 0 0 0 0 0 ...
 $ RaceHorse.IsHit6                 : num  1 1 1 0 1 0 1 1 1 0 ...
 $ RaceHorse.IsValidRaceHorse       : logi  TRUE TRUE TRUE TRUE TRUE TRUE ...
 $ RaceHorse.TimeSdv                : num  1.237 1.089 0.868 1.385 1.163 ...
 $ RaceHorse.IsHitA                 : num  0 0 0 0 0 0 0 0 0 1 ...
 $ RaceHorse.IsHitB                 : num  0 0 0 0 0 0 0 0 0 1 ...
 $ RaceHorse.IsHitC                 : num  0 0 0 0 0 0 0 0 0 1 ...
 $ Horse.KettoNum                   : Factor w/ 3181 levels "2011101089","2011104837",..: 11 12 13 14 15 16 17 18 19 20 ...
 $ Horse.TimeSdvByRaceAvg           : num  0.153 0.378 0.534 0.814 0.287 ...
 $ Horse.TimeSdvByRaceMin           : num  -2.07 -1.87 -1.749 -0.607 -1.29 ...
 $ Horse.TimeSdvByRaceMax           : num  2.09 1.53 1.62 1.92 1.53 ...
 $ Horse.TimeSdvAvg                 : num  0.21 0.426 0.473 0.648 0.101 ...
 $ Horse.TimeSdvMin                 : num  -1.46 -1.053 -0.818 -1.524 -0.975 ...
 $ Horse.TimeSdvMax                 : num  2.3 1.44 1.39 1.62 1.2 ...
 $ Horse.OrderOfFinishSdvAvg        : num  0.116 0.489 0.557 0.817 0.196 ...
 $ Horse.RunCount                   : num  38 22 27 25 13 33 15 17 16 10 ...
 $ Horse.HitCount1                  : num  3 2 2 3 3 2 2 3 3 2 ...
 $ Horse.HitCount2                  : num  4 2 3 6 1 7 6 2 1 1 ...
 $ Horse.HitCount3                  : num  2 3 6 5 0 4 3 1 1 0 ...
 $ Horse.HitCount4                  : num  2 4 2 4 0 3 1 1 1 2 ...
 $ Horse.HitCount5                  : num  2 2 3 1 1 3 0 1 0 0 ...
 $ Horse.HitRate1                   : num  0.0789 0.0909 0.0741 0.12 0.2308 ...
 $ Horse.HitRate2                   : num  0.1053 0.0909 0.1111 0.24 0.0769 ...
 $ Horse.HitRate3                   : num  0.0526 0.1364 0.2222 0.2 0 ...
 $ Horse.HitRate4                   : num  0.0526 0.1818 0.0741 0.16 0 ...
 $ Horse.HitRate5                   : num  0.0526 0.0909 0.1111 0.04 0.0769 ...
 $ EOF                              : int  1 1 1 1 1 1 1 1 1 1 ...
 - attr(*, "na.action")= 'omit' Named int  191 231 446 658 691 927 1005 1263 1445 1652 ...
  ..- attr(*, "names")= chr  "191" "231" "446" "658" ...
[1] "2022-02-25 20:32:57 --- na.omit Finish ---"
[1] "2022-02-25 20:32:57 --- rxGlm with rxStepControl Start ---"

> print(paste0(Sys.time(), " --- source_logic_glm.R Start ---"))
[1] "2022-02-25 20:32:57 --- source_logic_glm.R Start ---"

> formula <- formula(RaceHorse.IsHitA ~ +1 + Horse.TimeSdvAvg)

> print(paste0(Sys.time(), " --- source_logic_glm.R Finished ---"))
[1] "2022-02-25 20:32:58 --- source_logic_glm.R Finished ---"
Rows Read: 15011, Total Rows Processed: 15011, Total Chunk Time: Less than .001 seconds 

Starting values (iteration 1) time: 0.205 secs.
Rows Read: 15011, Total Rows Processed: 15011, Total Chunk Time: 0.002 seconds 

Iteration 2 time: 0.101 secs.
Rows Read: 15011, Total Rows Processed: 15011, Total Chunk Time: 0.002 seconds 

Iteration 3 time: 0.087 secs.
Rows Read: 15011, Total Rows Processed: 15011, Total Chunk Time: 0.002 seconds 

Iteration 4 time: 0.100 secs.
Rows Read: 15011, Total Rows Processed: 15011, Total Chunk Time: 0.002 seconds 

Iteration 5 time: 0.095 secs.

Elapsed computation time: 1.019 secs.
Rows Read: 15011, Total Rows Processed: 15011, Total Chunk Time: Less than .001 seconds 

Starting values (iteration 1) time: 0.104 secs.
Rows Read: 15011, Total Rows Processed: 15011, Total Chunk Time: Less than .001 seconds 

Iteration 2 time: 0.097 secs.

Elapsed computation time: 0.419 secs.
Rows Read: 15011, Total Rows Processed: 15011, Total Chunk Time: 0.001 seconds 

Starting values (iteration 1) time: 0.108 secs.
Rows Read: 15011, Total Rows Processed: 15011, Total Chunk Time: 0.002 seconds 

Iteration 2 time: 0.116 secs.
Rows Read: 15011, Total Rows Processed: 15011, Total Chunk Time: 0.002 seconds 

Iteration 3 time: 0.188 secs.
Rows Read: 15011, Total Rows Processed: 15011, Total Chunk Time: 0.002 seconds 

Iteration 4 time: 0.175 secs.
Rows Read: 15011, Total Rows Processed: 15011, Total Chunk Time: 0.002 seconds 

Iteration 5 time: 0.198 secs.

Elapsed computation time: 1.354 secs.

Elapsed computation time: 3.180 secs.
[1] "--------------------------------------------------------------------------------"
[1] "analyze.results.glm.step="
Logistic Regression Results for: RaceHorse.IsHitA ~ Horse.TimeSdvAvg
Data: data
Dependent variable(s): RaceHorse.IsHitA
Total independent variables: 2 
Number of valid observations: 15011
Number of missing observations: 0 
 
Coefficients:
                 RaceHorse.IsHitA
(Intercept)                    -3
Horse.TimeSdvAvg                2
[1] "analyze.results.glm.step.summary"
Call:
rxLogit(formula = formula, data = data, variableSelection = analyze.results.glm.step.varsel)

Logistic Regression Results for: RaceHorse.IsHitA ~ Horse.TimeSdvAvg
Data: data
Dependent variable(s): RaceHorse.IsHitA
Total independent variables: 2 
Number of valid observations: 15011
Number of missing observations: 0 
-2*LogLikelihood: 7107.405 (Residual deviance on 15009 degrees of freedom)
 
Coefficients:
                 Estimate Std. Error z value Pr(>|z|)    
(Intercept)       -3.4734     0.0648   -53.6  2.2e-16 ***
Horse.TimeSdvAvg   1.7776     0.1009    17.6  2.2e-16 ***
---
Signif. codes:  0 '***' 0.001 '**' 0.01 '*' 0.05 '.' 0.1 ' ' 1

Condition number of final variance-covariance matrix: 1 
Number of iterations: 5
[1] "--------------------------------------------------------------------------------"
[1] "2022-02-25 20:33:05 --- rxGlm with rxStepControl Finish ---"
[1] "2022-02-25 20:33:05 --- rxStepPlot Start ---"
[1] "pdfFilename=pdf_analyze_glm_Horse_Type23_rxStepPlot.pdf"
[1] "rxStepPlot="
[1] "2022-02-25 20:33:06 --- rxStepPlot Finish ---"
[1] "2022-02-25 20:33:06 --- save.image Start ---"
[1] "save.image"
[1] "rdataFilename=RData_analyze_glm_Horse_Type23.RData"
[1] "2022-02-25 20:33:06 --- save.image Finish ---"
[1] "2022-02-25 20:33:06 --- final Start ---"
[1] "--------------------------------------------------------------------------------"
[1] "nrow(data) final=15011"
[1] "--------------------------------------------------------------------------------"
[1] "2022-02-25 20:33:07 --- final Finish ---"
[1] "2022-02-25 20:33:07 --- analyze_glm.R Finished ---"
[1] "2022-02-25 20:33:07 --- log Finish ---"
