[1] "2022-02-25 20:24:23 --- D1115_analyze_glm_Gen02_IsHitA_Type15 Start ---"
[1] "2022-02-25 20:24:23 --- Log Start ---"
[1] "2022-02-25 20:24:23 --- analyze_glm.R Start ---"
[1] "analyzeVersion=D1115"
[1] "analyzeCategory=analyze"
[1] "analyzeType=Gen02"
[1] "analyzeFamily=IsHitA"
[1] "analyzeFunc=glm"
[1] "analyzeTrackTypeCd=1"
[1] "analyzeJyokenCd=5"
[1] "2022-02-25 20:24:33 --- source_function.R Start ---"
[1] "2022-02-25 20:24:42 --- source_function.R Finished ---"

> print(paste0(Sys.time(), " --- source_library.R Start ---"))
[1] "2022-02-25 20:25:10 --- source_library.R Start ---"

> require("RevoScaleR")

> print(paste0(Sys.time(), " --- source_library.R Finished ---"))
[1] "2022-02-25 20:25:42 --- source_library.R Finished ---"
[1] "2022-02-25 20:25:43 --- RxSqlServerData Start ---"
[1] "2022-02-25 20:25:44 --- RxInSqlServer Start ---"
[1] "2022-02-25 20:25:45 --- RxInSqlServer Finish ---"
[1] "2022-02-25 20:25:45 --- rxSetComputeContext Start ---"
[1] "2022-02-25 20:25:45 --- rxSetComputeContext Finish ---"
[1] "2022-02-25 20:25:45 --- RxSqlServerData Start ---"
[1] "sqlQuery=SELECT * FROM ViewAnalyzeD1115analyze01Gen02Type15"
[1] "2022-02-25 20:25:46 --- RxSqlServerData Finish ---"
[1] "2022-02-25 20:25:49 --- rxGetVarInfo Start ---"
[1] "2022-02-25 20:25:52 --- rxGetVarInfo Finish---"
[1] "2022-02-25 20:25:52 --- rxImport Start ---"
Rows Read: 29068, Total Rows Processed: 29068, Total Chunk Time: 385.530 seconds 
[1] "2022-02-25 20:45:28 --- rxImport Finish ---"
[1] "object.size(data) auto=9.2 Mb"
[1] "--------------------------------------------------------------------------------"
[1] "nrow(data) RxSqlServerData=29068"
[1] "--------------------------------------------------------------------------------"
[1] "str(data)="
'data.frame':	29068 obs. of  44 variables:
 $ Race.RaceId                      : Factor w/ 2473 levels "20160109-06-01-02-05",..: 2 3 4 5 6 7 8 8 10 11 ...
 $ Race.IsPredictedRace             : logi  TRUE TRUE TRUE TRUE TRUE TRUE ...
 $ Race.IsAnalyzeNormalPastAndFuture: logi  TRUE TRUE TRUE TRUE TRUE TRUE ...
 $ Race.IsAnalyzeNormalPast         : logi  TRUE TRUE TRUE TRUE TRUE TRUE ...
 $ Race.IsAnalyzeNormalFuture       : logi  FALSE FALSE FALSE FALSE FALSE FALSE ...
 $ Race.IsAnalyzeFullPastAndFuture  : logi  TRUE TRUE TRUE TRUE TRUE TRUE ...
 $ Race.IsAnalyzeFullPast           : logi  TRUE TRUE TRUE TRUE TRUE TRUE ...
 $ Race.IsAnalyzeFullFuture         : logi  FALSE FALSE FALSE FALSE FALSE FALSE ...
 $ Race.JyokenCd                    : Factor w/ 1 level "5": 1 1 1 1 1 1 1 1 1 1 ...
 $ Race.JyoType1Cd                  : Factor w/ 175 levels "1-06-1600-5-1",..: 1 2 1 3 4 5 1 1 7 8 ...
 $ Race.RaceType1Cd                 : Factor w/ 3 levels "1-5-X-1","1-5-X-2",..: 1 1 1 2 1 1 1 1 2 1 ...
 $ RaceHorse.RaceId                 : Factor w/ 2473 levels "20160109-06-01-02-05",..: 2 3 4 5 6 7 8 8 10 11 ...
 $ RaceHorse.KettoNum               : Factor w/ 11174 levels "2013105599","2013106208",..: 2 3 4 5 2 6 7 8 4 9 ...
 $ RaceHorse.IsHit1                 : num  0 0 0 0 0 0 0 0 0 0 ...
 $ RaceHorse.IsHit2                 : num  0 0 0 0 0 0 0 0 0 0 ...
 $ RaceHorse.IsHit3                 : num  1 0 0 0 1 0 0 0 0 0 ...
 $ RaceHorse.IsHit4                 : num  0 0 0 0 0 0 0 0 0 0 ...
 $ RaceHorse.IsHit5                 : num  0 0 0 0 0 0 0 0 0 0 ...
 $ RaceHorse.IsHit6                 : num  0 1 1 1 0 1 1 1 1 1 ...
 $ RaceHorse.IsValidRaceHorse       : logi  TRUE TRUE TRUE TRUE TRUE TRUE ...
 $ RaceHorse.TimeSdv                : num  -0.00164 0.37953 0.57352 0.69795 -1.15682 ...
 $ RaceHorse.IsHitA                 : num  0 0 0 0 0 0 0 0 0 0 ...
 $ RaceHorse.IsHitB                 : num  0 0 0 0 0 0 0 0 0 0 ...
 $ RaceHorse.IsHitC                 : num  1 0 0 0 1 0 0 0 0 0 ...
 $ Gen02.HansyokuNum                : Factor w/ 410 levels "11201954","11201960",..: 1 2 3 4 1 2 3 5 3 1 ...
 $ Gen02.TimeSdvByRaceAvg           : num  0.7359 -0.0349 -0.7109 -0.2937 0.8012 ...
 $ Gen02.TimeSdvByRaceMin           : num  -0.195 -2.557 -0.711 -0.983 -0.195 ...
 $ Gen02.TimeSdvByRaceMax           : num  1.47 0.928 -0.711 0.567 1.47 ...
 $ Gen02.TimeSdvAvg                 : num  0.593 -0.227 -0.826 -0.411 0.494 ...
 $ Gen02.TimeSdvMin                 : num  -0.203 -2.465 -0.826 -1.446 -0.203 ...
 $ Gen02.TimeSdvMax                 : num  1.291 1.047 -0.826 0.507 1.291 ...
 $ Gen02.OrderOfFinishSdvAvg        : num  0.679 -0.127 -0.326 0.415 0.756 ...
 $ Gen02.RunCount                   : num  5 19 1 3 6 1 1 5 5 2 ...
 $ Gen02.HitCount1                  : num  1 0 0 0 1 0 0 0 0 0 ...
 $ Gen02.HitCount2                  : num  2 0 0 0 2 0 0 0 0 0 ...
 $ Gen02.HitCount3                  : num  0 0 0 0 1 0 0 0 0 0 ...
 $ Gen02.HitCount4                  : num  0 1 0 1 0 0 0 0 0 0 ...
 $ Gen02.HitCount5                  : num  0 1 0 0 0 0 0 0 0 0 ...
 $ Gen02.HitRate1                   : num  0.2 0 0 0 0.167 ...
 $ Gen02.HitRate2                   : num  0.4 0 0 0 0.333 ...
 $ Gen02.HitRate3                   : num  0 0 0 0 0.167 ...
 $ Gen02.HitRate4                   : num  0 0.0526 0 0.3333 0 ...
 $ Gen02.HitRate5                   : num  0 0.0526 0 0 0 ...
 $ EOF                              : int  1 1 1 1 1 1 1 1 1 1 ...
[1] "2022-02-25 20:45:28 --- RxSqlServerData Finish ---"
[1] "2022-02-25 20:45:28 --- subset Start ---"
[1] "--------------------------------------------------------------------------------"
[1] "nrow(data) subset before=29068"
[1] "nrow(data) subset after =29068"
[1] "nrow(data) subset diff =0"
[1] "--------------------------------------------------------------------------------"
[1] "2022-02-25 20:45:28 --- subset Finish---"
[1] "2022-02-25 20:45:28 --- transform Start ---"
[1] "--------------------------------------------------------------------------------"
[1] "nrow(data) transform before=29068"
[1] "nrow(data) transform after=29068"
[1] "nrow(data) transform diff=0"
[1] "--------------------------------------------------------------------------------"
[1] "str(data)="
'data.frame':	29068 obs. of  44 variables:
 $ Race.RaceId                      : Factor w/ 2473 levels "20160109-06-01-02-05",..: 2 3 4 5 6 7 8 8 10 11 ...
 $ Race.IsPredictedRace             : logi  TRUE TRUE TRUE TRUE TRUE TRUE ...
 $ Race.IsAnalyzeNormalPastAndFuture: logi  TRUE TRUE TRUE TRUE TRUE TRUE ...
 $ Race.IsAnalyzeNormalPast         : logi  TRUE TRUE TRUE TRUE TRUE TRUE ...
 $ Race.IsAnalyzeNormalFuture       : logi  FALSE FALSE FALSE FALSE FALSE FALSE ...
 $ Race.IsAnalyzeFullPastAndFuture  : logi  TRUE TRUE TRUE TRUE TRUE TRUE ...
 $ Race.IsAnalyzeFullPast           : logi  TRUE TRUE TRUE TRUE TRUE TRUE ...
 $ Race.IsAnalyzeFullFuture         : logi  FALSE FALSE FALSE FALSE FALSE FALSE ...
 $ Race.JyokenCd                    : Factor w/ 1 level "5": 1 1 1 1 1 1 1 1 1 1 ...
 $ Race.JyoType1Cd                  : Factor w/ 175 levels "1-06-1600-5-1",..: 1 2 1 3 4 5 1 1 7 8 ...
 $ Race.RaceType1Cd                 : Factor w/ 3 levels "1-5-X-1","1-5-X-2",..: 1 1 1 2 1 1 1 1 2 1 ...
 $ RaceHorse.RaceId                 : Factor w/ 2473 levels "20160109-06-01-02-05",..: 2 3 4 5 6 7 8 8 10 11 ...
 $ RaceHorse.KettoNum               : Factor w/ 11174 levels "2013105599","2013106208",..: 2 3 4 5 2 6 7 8 4 9 ...
 $ RaceHorse.IsHit1                 : num  0 0 0 0 0 0 0 0 0 0 ...
 $ RaceHorse.IsHit2                 : num  0 0 0 0 0 0 0 0 0 0 ...
 $ RaceHorse.IsHit3                 : num  1 0 0 0 1 0 0 0 0 0 ...
 $ RaceHorse.IsHit4                 : num  0 0 0 0 0 0 0 0 0 0 ...
 $ RaceHorse.IsHit5                 : num  0 0 0 0 0 0 0 0 0 0 ...
 $ RaceHorse.IsHit6                 : num  0 1 1 1 0 1 1 1 1 1 ...
 $ RaceHorse.IsValidRaceHorse       : logi  TRUE TRUE TRUE TRUE TRUE TRUE ...
 $ RaceHorse.TimeSdv                : num  -0.00164 0.37953 0.57352 0.69795 -1.15682 ...
 $ RaceHorse.IsHitA                 : num  0 0 0 0 0 0 0 0 0 0 ...
 $ RaceHorse.IsHitB                 : num  0 0 0 0 0 0 0 0 0 0 ...
 $ RaceHorse.IsHitC                 : num  1 0 0 0 1 0 0 0 0 0 ...
 $ Gen02.HansyokuNum                : Factor w/ 410 levels "11201954","11201960",..: 1 2 3 4 1 2 3 5 3 1 ...
 $ Gen02.TimeSdvByRaceAvg           : num  0.7359 -0.0349 -0.7109 -0.2937 0.8012 ...
 $ Gen02.TimeSdvByRaceMin           : num  -0.195 -2.557 -0.711 -0.983 -0.195 ...
 $ Gen02.TimeSdvByRaceMax           : num  1.47 0.928 -0.711 0.567 1.47 ...
 $ Gen02.TimeSdvAvg                 : num  0.593 -0.227 -0.826 -0.411 0.494 ...
 $ Gen02.TimeSdvMin                 : num  -0.203 -2.465 -0.826 -1.446 -0.203 ...
 $ Gen02.TimeSdvMax                 : num  1.291 1.047 -0.826 0.507 1.291 ...
 $ Gen02.OrderOfFinishSdvAvg        : num  0.679 -0.127 -0.326 0.415 0.756 ...
 $ Gen02.RunCount                   : num  5 19 1 3 6 1 1 5 5 2 ...
 $ Gen02.HitCount1                  : num  1 0 0 0 1 0 0 0 0 0 ...
 $ Gen02.HitCount2                  : num  2 0 0 0 2 0 0 0 0 0 ...
 $ Gen02.HitCount3                  : num  0 0 0 0 1 0 0 0 0 0 ...
 $ Gen02.HitCount4                  : num  0 1 0 1 0 0 0 0 0 0 ...
 $ Gen02.HitCount5                  : num  0 1 0 0 0 0 0 0 0 0 ...
 $ Gen02.HitRate1                   : num  0.2 0 0 0 0.167 ...
 $ Gen02.HitRate2                   : num  0.4 0 0 0 0.333 ...
 $ Gen02.HitRate3                   : num  0 0 0 0 0.167 ...
 $ Gen02.HitRate4                   : num  0 0.0526 0 0.3333 0 ...
 $ Gen02.HitRate5                   : num  0 0.0526 0 0 0 ...
 $ EOF                              : int  1 1 1 1 1 1 1 1 1 1 ...
NULL
[1] "2022-02-25 20:45:28 --- transform Finish ---"
[1] "2022-02-25 20:45:28 --- na.omit Start ---"
[1] "--------------------------------------------------------------------------------"
[1] "nrow(data) na.omit before=29068"
[1] "nrow(data) na.omit after =28883"
[1] "nrow(data) na.omit diff =185"
[1] "--------------------------------------------------------------------------------"
'data.frame':	28883 obs. of  44 variables:
 $ Race.RaceId                      : Factor w/ 2473 levels "20160109-06-01-02-05",..: 2 3 4 5 6 7 8 8 10 11 ...
 $ Race.IsPredictedRace             : logi  TRUE TRUE TRUE TRUE TRUE TRUE ...
 $ Race.IsAnalyzeNormalPastAndFuture: logi  TRUE TRUE TRUE TRUE TRUE TRUE ...
 $ Race.IsAnalyzeNormalPast         : logi  TRUE TRUE TRUE TRUE TRUE TRUE ...
 $ Race.IsAnalyzeNormalFuture       : logi  FALSE FALSE FALSE FALSE FALSE FALSE ...
 $ Race.IsAnalyzeFullPastAndFuture  : logi  TRUE TRUE TRUE TRUE TRUE TRUE ...
 $ Race.IsAnalyzeFullPast           : logi  TRUE TRUE TRUE TRUE TRUE TRUE ...
 $ Race.IsAnalyzeFullFuture         : logi  FALSE FALSE FALSE FALSE FALSE FALSE ...
 $ Race.JyokenCd                    : Factor w/ 1 level "5": 1 1 1 1 1 1 1 1 1 1 ...
 $ Race.JyoType1Cd                  : Factor w/ 175 levels "1-06-1600-5-1",..: 1 2 1 3 4 5 1 1 7 8 ...
 $ Race.RaceType1Cd                 : Factor w/ 3 levels "1-5-X-1","1-5-X-2",..: 1 1 1 2 1 1 1 1 2 1 ...
 $ RaceHorse.RaceId                 : Factor w/ 2473 levels "20160109-06-01-02-05",..: 2 3 4 5 6 7 8 8 10 11 ...
 $ RaceHorse.KettoNum               : Factor w/ 11174 levels "2013105599","2013106208",..: 2 3 4 5 2 6 7 8 4 9 ...
 $ RaceHorse.IsHit1                 : num  0 0 0 0 0 0 0 0 0 0 ...
 $ RaceHorse.IsHit2                 : num  0 0 0 0 0 0 0 0 0 0 ...
 $ RaceHorse.IsHit3                 : num  1 0 0 0 1 0 0 0 0 0 ...
 $ RaceHorse.IsHit4                 : num  0 0 0 0 0 0 0 0 0 0 ...
 $ RaceHorse.IsHit5                 : num  0 0 0 0 0 0 0 0 0 0 ...
 $ RaceHorse.IsHit6                 : num  0 1 1 1 0 1 1 1 1 1 ...
 $ RaceHorse.IsValidRaceHorse       : logi  TRUE TRUE TRUE TRUE TRUE TRUE ...
 $ RaceHorse.TimeSdv                : num  -0.00164 0.37953 0.57352 0.69795 -1.15682 ...
 $ RaceHorse.IsHitA                 : num  0 0 0 0 0 0 0 0 0 0 ...
 $ RaceHorse.IsHitB                 : num  0 0 0 0 0 0 0 0 0 0 ...
 $ RaceHorse.IsHitC                 : num  1 0 0 0 1 0 0 0 0 0 ...
 $ Gen02.HansyokuNum                : Factor w/ 410 levels "11201954","11201960",..: 1 2 3 4 1 2 3 5 3 1 ...
 $ Gen02.TimeSdvByRaceAvg           : num  0.7359 -0.0349 -0.7109 -0.2937 0.8012 ...
 $ Gen02.TimeSdvByRaceMin           : num  -0.195 -2.557 -0.711 -0.983 -0.195 ...
 $ Gen02.TimeSdvByRaceMax           : num  1.47 0.928 -0.711 0.567 1.47 ...
 $ Gen02.TimeSdvAvg                 : num  0.593 -0.227 -0.826 -0.411 0.494 ...
 $ Gen02.TimeSdvMin                 : num  -0.203 -2.465 -0.826 -1.446 -0.203 ...
 $ Gen02.TimeSdvMax                 : num  1.291 1.047 -0.826 0.507 1.291 ...
 $ Gen02.OrderOfFinishSdvAvg        : num  0.679 -0.127 -0.326 0.415 0.756 ...
 $ Gen02.RunCount                   : num  5 19 1 3 6 1 1 5 5 2 ...
 $ Gen02.HitCount1                  : num  1 0 0 0 1 0 0 0 0 0 ...
 $ Gen02.HitCount2                  : num  2 0 0 0 2 0 0 0 0 0 ...
 $ Gen02.HitCount3                  : num  0 0 0 0 1 0 0 0 0 0 ...
 $ Gen02.HitCount4                  : num  0 1 0 1 0 0 0 0 0 0 ...
 $ Gen02.HitCount5                  : num  0 1 0 0 0 0 0 0 0 0 ...
 $ Gen02.HitRate1                   : num  0.2 0 0 0 0.167 ...
 $ Gen02.HitRate2                   : num  0.4 0 0 0 0.333 ...
 $ Gen02.HitRate3                   : num  0 0 0 0 0.167 ...
 $ Gen02.HitRate4                   : num  0 0.0526 0 0.3333 0 ...
 $ Gen02.HitRate5                   : num  0 0.0526 0 0 0 ...
 $ EOF                              : int  1 1 1 1 1 1 1 1 1 1 ...
 - attr(*, "na.action")= 'omit' Named int  78 126 215 348 543 627 757 870 893 1088 ...
  ..- attr(*, "names")= chr  "78" "126" "215" "348" ...
[1] "2022-02-25 20:45:29 --- na.omit Finish ---"
[1] "2022-02-25 20:45:29 --- rxGlm with rxStepControl Start ---"

> print(paste0(Sys.time(), " --- source_logic_glm.R Start ---"))
[1] "2022-02-25 20:45:29 --- source_logic_glm.R Start ---"

> formula <- formula(RaceHorse.IsHitA ~ +1 + Gen02.TimeSdvAvg)

> print(paste0(Sys.time(), " --- source_logic_glm.R Finished ---"))
[1] "2022-02-25 20:45:29 --- source_logic_glm.R Finished ---"
Rows Read: 28883, Total Rows Processed: 28883, Total Chunk Time: Less than .001 seconds 

Starting values (iteration 1) time: 0.009 secs.
Rows Read: 28883, Total Rows Processed: 28883, Total Chunk Time: 0.002 seconds 

Iteration 2 time: 0.006 secs.
Rows Read: 28883, Total Rows Processed: 28883, Total Chunk Time: Less than .001 seconds 

Iteration 3 time: 0.004 secs.
Rows Read: 28883, Total Rows Processed: 28883, Total Chunk Time: 0.002 seconds 

Iteration 4 time: 0.003 secs.
Rows Read: 28883, Total Rows Processed: 28883, Total Chunk Time: 0.002 seconds 

Iteration 5 time: 0.003 secs.

Elapsed computation time: 0.040 secs.
Rows Read: 28883, Total Rows Processed: 28883, Total Chunk Time: Less than .001 seconds 

Starting values (iteration 1) time: 0.007 secs.
Rows Read: 28883, Total Rows Processed: 28883, Total Chunk Time: Less than .001 seconds 

Iteration 2 time: 0.006 secs.

Elapsed computation time: 0.021 secs.
Rows Read: 28883, Total Rows Processed: 28883, Total Chunk Time: Less than .001 seconds 

Starting values (iteration 1) time: 0.007 secs.
Rows Read: 28883, Total Rows Processed: 28883, Total Chunk Time: 0.002 seconds 

Iteration 2 time: 0.006 secs.
Rows Read: 28883, Total Rows Processed: 28883, Total Chunk Time: 0.002 seconds 

Iteration 3 time: 0.004 secs.
Rows Read: 28883, Total Rows Processed: 28883, Total Chunk Time: 0.002 seconds 

Iteration 4 time: 0.004 secs.
Rows Read: 28883, Total Rows Processed: 28883, Total Chunk Time: 0.002 seconds 

Iteration 5 time: 0.003 secs.

Elapsed computation time: 0.038 secs.

Elapsed computation time: 0.112 secs.
[1] "--------------------------------------------------------------------------------"
[1] "analyze.results.glm.step="
Logistic Regression Results for: RaceHorse.IsHitA ~ Gen02.TimeSdvAvg
Data: data
Dependent variable(s): RaceHorse.IsHitA
Total independent variables: 2 
Number of valid observations: 28883
Number of missing observations: 0 
 
Coefficients:
                 RaceHorse.IsHitA
(Intercept)                  -2.7
Gen02.TimeSdvAvg              0.8
[1] "analyze.results.glm.step.summary"
Call:
rxLogit(formula = formula, data = data, variableSelection = analyze.results.glm.step.varsel)

Logistic Regression Results for: RaceHorse.IsHitA ~ Gen02.TimeSdvAvg
Data: data
Dependent variable(s): RaceHorse.IsHitA
Total independent variables: 2 
Number of valid observations: 28883
Number of missing observations: 0 
-2*LogLikelihood: 14376.099 (Residual deviance on 28881 degrees of freedom)
 
Coefficients:
                 Estimate Std. Error z value Pr(>|z|)    
(Intercept)       -2.7430     0.0268  -102.5  2.2e-16 ***
Gen02.TimeSdvAvg   0.7847     0.0419    18.7  2.2e-16 ***
---
Signif. codes:  0 '***' 0.001 '**' 0.01 '*' 0.05 '.' 0.1 ' ' 1

Condition number of final variance-covariance matrix: 1 
Number of iterations: 5
[1] "--------------------------------------------------------------------------------"
[1] "2022-02-25 20:45:29 --- rxGlm with rxStepControl Finish ---"
[1] "2022-02-25 20:45:29 --- rxStepPlot Start ---"
[1] "pdfFilename=pdf_analyze_glm_Gen02_Type15_rxStepPlot.pdf"
[1] "rxStepPlot="
[1] "2022-02-25 20:45:29 --- rxStepPlot Finish ---"
[1] "2022-02-25 20:45:29 --- save.image Start ---"
[1] "save.image"
[1] "rdataFilename=RData_analyze_glm_Gen02_Type15.RData"
[1] "2022-02-25 20:45:29 --- save.image Finish ---"
[1] "2022-02-25 20:45:29 --- final Start ---"
[1] "--------------------------------------------------------------------------------"
[1] "nrow(data) final=28883"
[1] "--------------------------------------------------------------------------------"
[1] "2022-02-25 20:45:29 --- final Finish ---"
[1] "2022-02-25 20:45:29 --- analyze_glm.R Finished ---"
[1] "2022-02-25 20:45:29 --- log Finish ---"
