[1] "2022-03-08 18:37:09 --- D1115_analyze_glm_Gen02_IsHitA_Type35 Start ---"
[1] "2022-03-08 18:37:09 --- Log Start ---"
[1] "2022-03-08 18:37:09 --- analyze_glm.R Start ---"
[1] "analyzeVersion=D1115"
[1] "analyzeCategory=analyze"
[1] "analyzeType=Gen02"
[1] "analyzeFamily=IsHitA"
[1] "analyzeFunc=glm"
[1] "analyzeTrackTypeCd=3"
[1] "analyzeJyokenCd=5"
[1] "2022-03-08 18:37:09 --- source_function.R Start ---"
[1] "2022-03-08 18:37:09 --- source_function.R Finished ---"

> print(paste0(Sys.time(), " --- source_library.R Start ---"))
[1] "2022-03-08 18:37:09 --- source_library.R Start ---"

> require("RevoScaleR")

> print(paste0(Sys.time(), " --- source_library.R Finished ---"))
[1] "2022-03-08 18:37:10 --- source_library.R Finished ---"
[1] "2022-03-08 18:37:10 --- RxSqlServerData Start ---"
[1] "2022-03-08 18:37:10 --- RxInSqlServer Start ---"
[1] "2022-03-08 18:37:10 --- RxInSqlServer Finish ---"
[1] "2022-03-08 18:37:10 --- rxSetComputeContext Start ---"
[1] "2022-03-08 18:37:10 --- rxSetComputeContext Finish ---"
[1] "2022-03-08 18:37:10 --- RxSqlServerData Start ---"
[1] "sqlQuery=SELECT * FROM ViewAnalyzeD1115analyze01Gen02Type35"
[1] "2022-03-08 18:37:10 --- RxSqlServerData Finish ---"
[1] "2022-03-08 18:37:10 --- rxGetVarInfo Start ---"
[1] "2022-03-08 18:37:11 --- rxGetVarInfo Finish---"
[1] "2022-03-08 18:37:11 --- rxImport Start ---"
Rows Read: 3359, Total Rows Processed: 3359, Total Chunk Time: 107.700 seconds 
[1] "2022-03-08 18:41:03 --- rxImport Finish ---"
[1] "object.size(data) auto=1.3 Mb"
[1] "--------------------------------------------------------------------------------"
[1] "nrow(data) RxSqlServerData=3359"
[1] "--------------------------------------------------------------------------------"
[1] "str(data)="
'data.frame':	3359 obs. of  48 variables:
 $ Race.RaceId                      : Factor w/ 419 levels "20190907-06-04-01-04",..: 1 1 1 1 1 1 1 1 2 2 ...
 $ Race.IsAnalyzeNormalPastAndFuture: logi  TRUE TRUE TRUE TRUE TRUE TRUE ...
 $ Race.IsAnalyzeNormalPast         : logi  TRUE TRUE TRUE TRUE TRUE TRUE ...
 $ Race.IsAnalyzeNormalFuture       : logi  FALSE FALSE FALSE FALSE FALSE FALSE ...
 $ Race.IsAnalyzeFullPastAndFuture  : logi  TRUE TRUE TRUE TRUE TRUE TRUE ...
 $ Race.IsAnalyzeFullPast           : logi  TRUE TRUE TRUE TRUE TRUE TRUE ...
 $ Race.IsAnalyzeFullFuture         : logi  FALSE FALSE FALSE FALSE FALSE FALSE ...
 $ Race.JyokenCd                    : Factor w/ 1 level "5": 1 1 1 1 1 1 1 1 1 1 ...
 $ Race.JyoType1Cd                  : Factor w/ 34 levels "52-06-2880-1",..: 1 1 1 1 1 1 1 1 2 2 ...
 $ Race.RaceType1Cd                 : Factor w/ 2 levels "3-5-18","3-5-19": 1 1 1 1 1 1 1 1 1 1 ...
 $ RaceHorse.RaceId                 : Factor w/ 419 levels "20190907-06-04-01-04",..: 1 1 1 1 1 1 1 1 2 2 ...
 $ RaceHorse.KettoNum               : Factor w/ 1107 levels "2015110004","2012105800",..: 8 2 1 3 4 5 6 7 11 12 ...
 $ RaceHorse.IsHit1                 : num  0 0 0 1 0 0 0 0 0 0 ...
 $ RaceHorse.IsHit2                 : num  0 0 0 0 1 0 0 0 0 0 ...
 $ RaceHorse.IsHit3                 : num  0 0 0 0 0 0 0 0 0 0 ...
 $ RaceHorse.IsHit4                 : num  0 0 1 0 0 0 0 0 1 0 ...
 $ RaceHorse.IsHit5                 : num  0 1 0 0 0 0 0 0 0 1 ...
 $ RaceHorse.IsHit6                 : num  1 0 0 0 0 1 1 1 0 0 ...
 $ RaceHorse.IsValidRaceHorse       : logi  TRUE TRUE TRUE TRUE TRUE TRUE ...
 $ RaceHorse.FinishTimeSdvByRace    : num  -0.367 0.605 0.699 0.887 0.762 ...
 $ RaceHorse.FirstTimeSdvByRace     : num  -0.412 0.569 0.686 0.922 0.765 ...
 $ RaceHorse.LastTimeSdvByRace      : num  -0.186 0.743 0.743 0.743 0.743 ...
 $ RaceHorse.FinishTimeSdv          : num  0.339 1.169 1.249 1.41 1.303 ...
 $ RaceHorse.FirstTimeSdv           : num  0.291 1.137 1.239 1.442 1.307 ...
 $ RaceHorse.LastTimeSdv            : num  0.514 1.276 1.276 1.276 1.276 ...
 $ RaceHorse.IsHitA                 : num  0 0 0 1 0 0 0 0 0 0 ...
 $ RaceHorse.IsHitB                 : num  0 0 0 1 1 0 0 0 0 0 ...
 $ RaceHorse.IsHitC                 : num  0 0 0 1 1 0 0 0 0 0 ...
 $ Gen02.HansyokuNum                : Factor w/ 999 levels "12427851","12242834",..: 8 2 1 3 4 5 6 7 11 12 ...
 $ Gen02.FinishTimeSdvByRaceAvg     : num  0.00221 0.55978 0.15866 0.73538 0.35849 ...
 $ Gen02.FirstTimeSdvByRaceAvg      : num  0.0335 0.547 0.1652 0.7787 0.3992 ...
 $ Gen02.LastTimeSdvByRaceAvg       : num  -0.122 0.6 0.132 0.569 0.206 ...
 $ Gen02.FinishTimeSdvAvg           : num  0.22112 0.71135 0.00621 0.81878 0.90441 ...
 $ Gen02.FirstTimeSdvAvg            : num  0.22854 0.7003 0.00529 0.85673 0.92615 ...
 $ Gen02.LastTimeSdvAvg             : num  0.19178 0.74132 0.00718 0.66981 0.80942 ...
 $ Gen02.RealOddsLog1Avg            : num  4.55 2.32 3.87 3.36 4.55 ...
 $ Gen02.RunCount                   : num  3 7 2 1 3 2 3 1 2 1 ...
 $ Gen02.HitCount1                  : num  0 0 0 0 0 0 0 0 0 0 ...
 $ Gen02.HitCount2                  : num  1 2 0 1 0 0 1 0 0 1 ...
 $ Gen02.HitCount3                  : num  0 0 0 0 1 0 1 0 0 0 ...
 $ Gen02.HitCount4                  : num  0 2 0 0 0 0 0 0 0 0 ...
 $ Gen02.HitCount5                  : num  0 0 0 0 0 0 0 0 1 0 ...
 $ Gen02.HitRate1                   : num  0 0 0 0 0 0 0 0 0 0 ...
 $ Gen02.HitRate2                   : num  0.333 0.286 0 1 0 ...
 $ Gen02.HitRate3                   : num  0 0 0 0 0.333 ...
 $ Gen02.HitRate4                   : num  0 0.286 0 0 0 ...
 $ Gen02.HitRate5                   : num  0 0 0 0 0 0 0 0 0.5 0 ...
 $ EOF                              : int  1 1 1 1 1 1 1 1 1 1 ...
[1] "2022-03-08 18:41:03 --- RxSqlServerData Finish ---"
[1] "2022-03-08 18:41:03 --- subset Start ---"
[1] "--------------------------------------------------------------------------------"
[1] "nrow(data) subset before=3359"
[1] "nrow(data) subset after =3359"
[1] "nrow(data) subset diff =0"
[1] "--------------------------------------------------------------------------------"
[1] "2022-03-08 18:41:03 --- subset Finish---"
[1] "2022-03-08 18:41:03 --- transform Start ---"
[1] "--------------------------------------------------------------------------------"
[1] "nrow(data) transform before=3359"
[1] "nrow(data) transform after=3359"
[1] "nrow(data) transform diff=0"
[1] "--------------------------------------------------------------------------------"
[1] "str(data)="
'data.frame':	3359 obs. of  48 variables:
 $ Race.RaceId                      : Factor w/ 419 levels "20190907-06-04-01-04",..: 1 1 1 1 1 1 1 1 2 2 ...
 $ Race.IsAnalyzeNormalPastAndFuture: logi  TRUE TRUE TRUE TRUE TRUE TRUE ...
 $ Race.IsAnalyzeNormalPast         : logi  TRUE TRUE TRUE TRUE TRUE TRUE ...
 $ Race.IsAnalyzeNormalFuture       : logi  FALSE FALSE FALSE FALSE FALSE FALSE ...
 $ Race.IsAnalyzeFullPastAndFuture  : logi  TRUE TRUE TRUE TRUE TRUE TRUE ...
 $ Race.IsAnalyzeFullPast           : logi  TRUE TRUE TRUE TRUE TRUE TRUE ...
 $ Race.IsAnalyzeFullFuture         : logi  FALSE FALSE FALSE FALSE FALSE FALSE ...
 $ Race.JyokenCd                    : Factor w/ 1 level "5": 1 1 1 1 1 1 1 1 1 1 ...
 $ Race.JyoType1Cd                  : Factor w/ 34 levels "52-06-2880-1",..: 1 1 1 1 1 1 1 1 2 2 ...
 $ Race.RaceType1Cd                 : Factor w/ 2 levels "3-5-18","3-5-19": 1 1 1 1 1 1 1 1 1 1 ...
 $ RaceHorse.RaceId                 : Factor w/ 419 levels "20190907-06-04-01-04",..: 1 1 1 1 1 1 1 1 2 2 ...
 $ RaceHorse.KettoNum               : Factor w/ 1107 levels "2015110004","2012105800",..: 8 2 1 3 4 5 6 7 11 12 ...
 $ RaceHorse.IsHit1                 : num  0 0 0 1 0 0 0 0 0 0 ...
 $ RaceHorse.IsHit2                 : num  0 0 0 0 1 0 0 0 0 0 ...
 $ RaceHorse.IsHit3                 : num  0 0 0 0 0 0 0 0 0 0 ...
 $ RaceHorse.IsHit4                 : num  0 0 1 0 0 0 0 0 1 0 ...
 $ RaceHorse.IsHit5                 : num  0 1 0 0 0 0 0 0 0 1 ...
 $ RaceHorse.IsHit6                 : num  1 0 0 0 0 1 1 1 0 0 ...
 $ RaceHorse.IsValidRaceHorse       : logi  TRUE TRUE TRUE TRUE TRUE TRUE ...
 $ RaceHorse.FinishTimeSdvByRace    : num  -0.367 0.605 0.699 0.887 0.762 ...
 $ RaceHorse.FirstTimeSdvByRace     : num  -0.412 0.569 0.686 0.922 0.765 ...
 $ RaceHorse.LastTimeSdvByRace      : num  -0.186 0.743 0.743 0.743 0.743 ...
 $ RaceHorse.FinishTimeSdv          : num  0.339 1.169 1.249 1.41 1.303 ...
 $ RaceHorse.FirstTimeSdv           : num  0.291 1.137 1.239 1.442 1.307 ...
 $ RaceHorse.LastTimeSdv            : num  0.514 1.276 1.276 1.276 1.276 ...
 $ RaceHorse.IsHitA                 : num  0 0 0 1 0 0 0 0 0 0 ...
 $ RaceHorse.IsHitB                 : num  0 0 0 1 1 0 0 0 0 0 ...
 $ RaceHorse.IsHitC                 : num  0 0 0 1 1 0 0 0 0 0 ...
 $ Gen02.HansyokuNum                : Factor w/ 999 levels "12427851","12242834",..: 8 2 1 3 4 5 6 7 11 12 ...
 $ Gen02.FinishTimeSdvByRaceAvg     : num  0.00221 0.55978 0.15866 0.73538 0.35849 ...
 $ Gen02.FirstTimeSdvByRaceAvg      : num  0.0335 0.547 0.1652 0.7787 0.3992 ...
 $ Gen02.LastTimeSdvByRaceAvg       : num  -0.122 0.6 0.132 0.569 0.206 ...
 $ Gen02.FinishTimeSdvAvg           : num  0.22112 0.71135 0.00621 0.81878 0.90441 ...
 $ Gen02.FirstTimeSdvAvg            : num  0.22854 0.7003 0.00529 0.85673 0.92615 ...
 $ Gen02.LastTimeSdvAvg             : num  0.19178 0.74132 0.00718 0.66981 0.80942 ...
 $ Gen02.RealOddsLog1Avg            : num  4.55 2.32 3.87 3.36 4.55 ...
 $ Gen02.RunCount                   : num  3 7 2 1 3 2 3 1 2 1 ...
 $ Gen02.HitCount1                  : num  0 0 0 0 0 0 0 0 0 0 ...
 $ Gen02.HitCount2                  : num  1 2 0 1 0 0 1 0 0 1 ...
 $ Gen02.HitCount3                  : num  0 0 0 0 1 0 1 0 0 0 ...
 $ Gen02.HitCount4                  : num  0 2 0 0 0 0 0 0 0 0 ...
 $ Gen02.HitCount5                  : num  0 0 0 0 0 0 0 0 1 0 ...
 $ Gen02.HitRate1                   : num  0 0 0 0 0 0 0 0 0 0 ...
 $ Gen02.HitRate2                   : num  0.333 0.286 0 1 0 ...
 $ Gen02.HitRate3                   : num  0 0 0 0 0.333 ...
 $ Gen02.HitRate4                   : num  0 0.286 0 0 0 ...
 $ Gen02.HitRate5                   : num  0 0 0 0 0 0 0 0 0.5 0 ...
 $ EOF                              : int  1 1 1 1 1 1 1 1 1 1 ...
NULL
[1] "2022-03-08 18:41:03 --- transform Finish ---"
[1] "2022-03-08 18:41:03 --- na.omit Start ---"
[1] "--------------------------------------------------------------------------------"
[1] "nrow(data) na.omit before=3359"
[1] "nrow(data) na.omit after =3216"
[1] "nrow(data) na.omit diff =143"
[1] "--------------------------------------------------------------------------------"
'data.frame':	3216 obs. of  48 variables:
 $ Race.RaceId                      : Factor w/ 419 levels "20190907-06-04-01-04",..: 1 1 1 1 1 1 1 1 2 2 ...
 $ Race.IsAnalyzeNormalPastAndFuture: logi  TRUE TRUE TRUE TRUE TRUE TRUE ...
 $ Race.IsAnalyzeNormalPast         : logi  TRUE TRUE TRUE TRUE TRUE TRUE ...
 $ Race.IsAnalyzeNormalFuture       : logi  FALSE FALSE FALSE FALSE FALSE FALSE ...
 $ Race.IsAnalyzeFullPastAndFuture  : logi  TRUE TRUE TRUE TRUE TRUE TRUE ...
 $ Race.IsAnalyzeFullPast           : logi  TRUE TRUE TRUE TRUE TRUE TRUE ...
 $ Race.IsAnalyzeFullFuture         : logi  FALSE FALSE FALSE FALSE FALSE FALSE ...
 $ Race.JyokenCd                    : Factor w/ 1 level "5": 1 1 1 1 1 1 1 1 1 1 ...
 $ Race.JyoType1Cd                  : Factor w/ 34 levels "52-06-2880-1",..: 1 1 1 1 1 1 1 1 2 2 ...
 $ Race.RaceType1Cd                 : Factor w/ 2 levels "3-5-18","3-5-19": 1 1 1 1 1 1 1 1 1 1 ...
 $ RaceHorse.RaceId                 : Factor w/ 419 levels "20190907-06-04-01-04",..: 1 1 1 1 1 1 1 1 2 2 ...
 $ RaceHorse.KettoNum               : Factor w/ 1107 levels "2015110004","2012105800",..: 8 2 1 3 4 5 6 7 11 12 ...
 $ RaceHorse.IsHit1                 : num  0 0 0 1 0 0 0 0 0 0 ...
 $ RaceHorse.IsHit2                 : num  0 0 0 0 1 0 0 0 0 0 ...
 $ RaceHorse.IsHit3                 : num  0 0 0 0 0 0 0 0 0 0 ...
 $ RaceHorse.IsHit4                 : num  0 0 1 0 0 0 0 0 1 0 ...
 $ RaceHorse.IsHit5                 : num  0 1 0 0 0 0 0 0 0 1 ...
 $ RaceHorse.IsHit6                 : num  1 0 0 0 0 1 1 1 0 0 ...
 $ RaceHorse.IsValidRaceHorse       : logi  TRUE TRUE TRUE TRUE TRUE TRUE ...
 $ RaceHorse.FinishTimeSdvByRace    : num  -0.367 0.605 0.699 0.887 0.762 ...
 $ RaceHorse.FirstTimeSdvByRace     : num  -0.412 0.569 0.686 0.922 0.765 ...
 $ RaceHorse.LastTimeSdvByRace      : num  -0.186 0.743 0.743 0.743 0.743 ...
 $ RaceHorse.FinishTimeSdv          : num  0.339 1.169 1.249 1.41 1.303 ...
 $ RaceHorse.FirstTimeSdv           : num  0.291 1.137 1.239 1.442 1.307 ...
 $ RaceHorse.LastTimeSdv            : num  0.514 1.276 1.276 1.276 1.276 ...
 $ RaceHorse.IsHitA                 : num  0 0 0 1 0 0 0 0 0 0 ...
 $ RaceHorse.IsHitB                 : num  0 0 0 1 1 0 0 0 0 0 ...
 $ RaceHorse.IsHitC                 : num  0 0 0 1 1 0 0 0 0 0 ...
 $ Gen02.HansyokuNum                : Factor w/ 999 levels "12427851","12242834",..: 8 2 1 3 4 5 6 7 11 12 ...
 $ Gen02.FinishTimeSdvByRaceAvg     : num  0.00221 0.55978 0.15866 0.73538 0.35849 ...
 $ Gen02.FirstTimeSdvByRaceAvg      : num  0.0335 0.547 0.1652 0.7787 0.3992 ...
 $ Gen02.LastTimeSdvByRaceAvg       : num  -0.122 0.6 0.132 0.569 0.206 ...
 $ Gen02.FinishTimeSdvAvg           : num  0.22112 0.71135 0.00621 0.81878 0.90441 ...
 $ Gen02.FirstTimeSdvAvg            : num  0.22854 0.7003 0.00529 0.85673 0.92615 ...
 $ Gen02.LastTimeSdvAvg             : num  0.19178 0.74132 0.00718 0.66981 0.80942 ...
 $ Gen02.RealOddsLog1Avg            : num  4.55 2.32 3.87 3.36 4.55 ...
 $ Gen02.RunCount                   : num  3 7 2 1 3 2 3 1 2 1 ...
 $ Gen02.HitCount1                  : num  0 0 0 0 0 0 0 0 0 0 ...
 $ Gen02.HitCount2                  : num  1 2 0 1 0 0 1 0 0 1 ...
 $ Gen02.HitCount3                  : num  0 0 0 0 1 0 1 0 0 0 ...
 $ Gen02.HitCount4                  : num  0 2 0 0 0 0 0 0 0 0 ...
 $ Gen02.HitCount5                  : num  0 0 0 0 0 0 0 0 1 0 ...
 $ Gen02.HitRate1                   : num  0 0 0 0 0 0 0 0 0 0 ...
 $ Gen02.HitRate2                   : num  0.333 0.286 0 1 0 ...
 $ Gen02.HitRate3                   : num  0 0 0 0 0.333 ...
 $ Gen02.HitRate4                   : num  0 0.286 0 0 0 ...
 $ Gen02.HitRate5                   : num  0 0 0 0 0 0 0 0 0.5 0 ...
 $ EOF                              : int  1 1 1 1 1 1 1 1 1 1 ...
 - attr(*, "na.action")= 'omit' Named int  12 17 57 68 77 78 79 132 179 214 ...
  ..- attr(*, "names")= chr  "12" "17" "57" "68" ...
[1] "2022-03-08 18:41:04 --- na.omit Finish ---"
[1] "2022-03-08 18:41:04 --- rxLogit with rxStepControl Start ---"

> print(paste0(Sys.time(), " --- source_logic_glm.R Start ---"))
[1] "2022-03-08 18:41:04 --- source_logic_glm.R Start ---"

> formula <- formula(RaceHorse.IsHitA ~ +1 + Gen02.FinishTimeSdvByRaceAvg)

> print(paste0(Sys.time(), " --- source_logic_glm.R Finished ---"))
[1] "2022-03-08 18:41:04 --- source_logic_glm.R Finished ---"
Rows Read: 3216, Total Rows Processed: 3216, Total Chunk Time: 0.001 seconds 

Starting values (iteration 1) time: 0.009 secs.
Rows Read: 3216, Total Rows Processed: 3216, Total Chunk Time: 0.001 seconds 

Iteration 2 time: 0.005 secs.
Rows Read: 3216, Total Rows Processed: 3216, Total Chunk Time: Less than .001 seconds 

Iteration 3 time: 0.006 secs.
Rows Read: 3216, Total Rows Processed: 3216, Total Chunk Time: 0.001 seconds 

Iteration 4 time: 0.004 secs.
Rows Read: 3216, Total Rows Processed: 3216, Total Chunk Time: 0.002 seconds 

Iteration 5 time: 0.005 secs.
Rows Read: 3216, Total Rows Processed: 3216, Total Chunk Time: 0.002 seconds 

Iteration 6 time: 0.004 secs.

Elapsed computation time: 0.053 secs.
Rows Read: 3216, Total Rows Processed: 3216, Total Chunk Time: 0.001 seconds 

Starting values (iteration 1) time: 0.006 secs.
Rows Read: 3216, Total Rows Processed: 3216, Total Chunk Time: Less than .001 seconds 

Iteration 2 time: 0.005 secs.

Elapsed computation time: 0.020 secs.
Rows Read: 3216, Total Rows Processed: 3216, Total Chunk Time: 0.001 seconds 

Starting values (iteration 1) time: 0.005 secs.
Rows Read: 3216, Total Rows Processed: 3216, Total Chunk Time: 0.001 seconds 

Iteration 2 time: 0.005 secs.
Rows Read: 3216, Total Rows Processed: 3216, Total Chunk Time: 0.002 seconds 

Iteration 3 time: 0.004 secs.
Rows Read: 3216, Total Rows Processed: 3216, Total Chunk Time: Less than .001 seconds 

Iteration 4 time: 0.005 secs.
Rows Read: 3216, Total Rows Processed: 3216, Total Chunk Time: 0.001 seconds 

Iteration 5 time: 0.004 secs.
Rows Read: 3216, Total Rows Processed: 3216, Total Chunk Time: 0.001 seconds 

Iteration 6 time: 0.006 secs.

Elapsed computation time: 0.052 secs.

Elapsed computation time: 0.145 secs.
[1] "--------------------------------------------------------------------------------"
[1] "analyze.results.glm.step="
Logistic Regression Results for: RaceHorse.IsHitA ~
    Gen02.FinishTimeSdvByRaceAvg
Data: data
Dependent variable(s): RaceHorse.IsHitA
Total independent variables: 2 
Number of valid observations: 3216
Number of missing observations: 0 
 
Coefficients:
                             RaceHorse.IsHitA
(Intercept)                                -3
Gen02.FinishTimeSdvByRaceAvg                1
[1] "analyze.results.glm.step.summary"
Call:
rxLogit(formula = formula, data = data, variableSelection = analyze.results.glm.step.varsel)

Logistic Regression Results for: RaceHorse.IsHitA ~
    Gen02.FinishTimeSdvByRaceAvg
Data: data
Dependent variable(s): RaceHorse.IsHitA
Total independent variables: 2 
Number of valid observations: 3216
Number of missing observations: 0 
-2*LogLikelihood: 1949.924 (Residual deviance on 3214 degrees of freedom)
 
Coefficients:
                             Estimate Std. Error z value Pr(>|z|)    
(Intercept)                   -2.6414     0.0861   -30.7  2.2e-16 ***
Gen02.FinishTimeSdvByRaceAvg   1.4129     0.1345    10.5  2.2e-16 ***
---
Signif. codes:  0 '***' 0.001 '**' 0.01 '*' 0.05 '.' 0.1 ' ' 1

Condition number of final variance-covariance matrix: 1 
Number of iterations: 6
[1] "--------------------------------------------------------------------------------"
[1] "2022-03-08 18:41:04 --- rxLogit with rxStepControl Finish ---"
[1] "2022-03-08 18:41:04 --- rxStepPlot Start ---"
[1] "pdfFilename=pdf_analyze_glm_Gen02_Type35_rxStepPlot.pdf"
[1] "rxStepPlot="
[1] "2022-03-08 18:41:04 --- rxStepPlot Finish ---"
[1] "2022-03-08 18:41:04 --- save.image Start ---"
[1] "save.image"
[1] "rdataFilename=RData_analyze_glm_Gen02_Type35.RData"
[1] "2022-03-08 18:41:04 --- save.image Finish ---"
[1] "2022-03-08 18:41:04 --- final Start ---"
[1] "--------------------------------------------------------------------------------"
[1] "nrow(data) final=3216"
[1] "--------------------------------------------------------------------------------"
[1] "2022-03-08 18:41:04 --- final Finish ---"
[1] "2022-03-08 18:41:04 --- analyze_glm.R Finished ---"
[1] "2022-03-08 18:41:04 --- log Finish ---"
