[1] "2022-03-08 18:37:10 --- D1115_analyze_glm_Gen02_IsHitA_Type22 Start ---"
[1] "2022-03-08 18:37:10 --- Log Start ---"
[1] "2022-03-08 18:37:10 --- analyze_glm.R Start ---"
[1] "analyzeVersion=D1115"
[1] "analyzeCategory=analyze"
[1] "analyzeType=Gen02"
[1] "analyzeFamily=IsHitA"
[1] "analyzeFunc=glm"
[1] "analyzeTrackTypeCd=2"
[1] "analyzeJyokenCd=2"
[1] "2022-03-08 18:37:10 --- source_function.R Start ---"
[1] "2022-03-08 18:37:10 --- source_function.R Finished ---"

> print(paste0(Sys.time(), " --- source_library.R Start ---"))
[1] "2022-03-08 18:37:10 --- source_library.R Start ---"

> require("RevoScaleR")

> print(paste0(Sys.time(), " --- source_library.R Finished ---"))
[1] "2022-03-08 18:37:11 --- source_library.R Finished ---"
[1] "2022-03-08 18:37:11 --- RxSqlServerData Start ---"
[1] "2022-03-08 18:37:11 --- RxInSqlServer Start ---"
[1] "2022-03-08 18:37:11 --- RxInSqlServer Finish ---"
[1] "2022-03-08 18:37:11 --- rxSetComputeContext Start ---"
[1] "2022-03-08 18:37:11 --- rxSetComputeContext Finish ---"
[1] "2022-03-08 18:37:11 --- RxSqlServerData Start ---"
[1] "sqlQuery=SELECT * FROM ViewAnalyzeD1115analyze01Gen02Type22"
[1] "2022-03-08 18:37:11 --- RxSqlServerData Finish ---"
[1] "2022-03-08 18:37:11 --- rxGetVarInfo Start ---"
[1] "2022-03-08 18:37:12 --- rxGetVarInfo Finish---"
[1] "2022-03-08 18:37:12 --- rxImport Start ---"
Rows Read: 4343, Total Rows Processed: 4343, Total Chunk Time: 133.751 seconds 
[1] "2022-03-08 18:49:05 --- rxImport Finish ---"
[1] "object.size(data) auto=1.5 Mb"
[1] "--------------------------------------------------------------------------------"
[1] "nrow(data) RxSqlServerData=4343"
[1] "--------------------------------------------------------------------------------"
[1] "str(data)="
'data.frame':	4343 obs. of  48 variables:
 $ Race.RaceId                      : Factor w/ 399 levels "20160110-06-01-03-10",..: 1 2 2 3 4 4 4 5 5 5 ...
 $ Race.IsAnalyzeNormalPastAndFuture: logi  TRUE TRUE TRUE TRUE TRUE TRUE ...
 $ Race.IsAnalyzeNormalPast         : logi  TRUE TRUE TRUE TRUE TRUE TRUE ...
 $ Race.IsAnalyzeNormalFuture       : logi  FALSE FALSE FALSE FALSE FALSE FALSE ...
 $ Race.IsAnalyzeFullPastAndFuture  : logi  TRUE TRUE TRUE TRUE TRUE TRUE ...
 $ Race.IsAnalyzeFullPast           : logi  TRUE TRUE TRUE TRUE TRUE TRUE ...
 $ Race.IsAnalyzeFullFuture         : logi  FALSE FALSE FALSE FALSE FALSE FALSE ...
 $ Race.JyokenCd                    : Factor w/ 1 level "2": 1 1 1 1 1 1 1 1 1 1 ...
 $ Race.JyoType1Cd                  : Factor w/ 71 levels "24-06-1800-1",..: 1 2 2 3 4 4 4 2 2 2 ...
 $ Race.RaceType1Cd                 : Factor w/ 2 levels "2-2-14","2-2-13": 1 1 1 1 1 1 1 1 1 1 ...
 $ RaceHorse.RaceId                 : Factor w/ 399 levels "20160110-06-01-03-10",..: 1 2 2 3 4 4 4 5 5 5 ...
 $ RaceHorse.KettoNum               : Factor w/ 913 levels "2011104311","2008102313",..: 1 2 3 4 5 6 7 8 9 10 ...
 $ RaceHorse.IsHit1                 : num  0 0 0 0 0 0 0 0 0 0 ...
 $ RaceHorse.IsHit2                 : num  0 0 0 0 0 0 0 0 0 0 ...
 $ RaceHorse.IsHit3                 : num  0 0 0 0 0 0 0 0 0 0 ...
 $ RaceHorse.IsHit4                 : num  0 0 0 0 0 0 0 0 0 0 ...
 $ RaceHorse.IsHit5                 : num  0 0 0 0 0 1 0 0 0 0 ...
 $ RaceHorse.IsHit6                 : num  1 1 1 1 1 0 1 1 1 1 ...
 $ RaceHorse.IsValidRaceHorse       : logi  TRUE TRUE TRUE TRUE TRUE TRUE ...
 $ RaceHorse.FinishTimeSdvByRace    : num  0.392 -0.606 -0.606 0.341 -0.048 ...
 $ RaceHorse.FirstTimeSdvByRace     : num  0.354 -1.578 -0.296 -0.391 -0.427 ...
 $ RaceHorse.LastTimeSdvByRace      : num  0.131 1.012 -0.229 0.509 0.236 ...
 $ RaceHorse.FinishTimeSdv          : num  1.209 0.361 0.361 1.685 1.358 ...
 $ RaceHorse.FirstTimeSdv           : num  1.06 -1.84 -1.36 1.62 1.64 ...
 $ RaceHorse.LastTimeSdv            : num  0.807 1.759 1.417 0.956 0.473 ...
 $ RaceHorse.IsHitA                 : num  0 0 0 0 0 0 0 0 0 0 ...
 $ RaceHorse.IsHitB                 : num  0 0 0 0 0 0 0 0 0 0 ...
 $ RaceHorse.IsHitC                 : num  0 0 0 0 0 0 0 0 0 0 ...
 $ Gen02.HansyokuNum                : Factor w/ 814 levels "12246497","12248982",..: 1 2 3 4 5 6 7 8 9 10 ...
 $ Gen02.FinishTimeSdvByRaceAvg     : num  1.056 -0.297 0.398 0.323 0.194 ...
 $ Gen02.FirstTimeSdvByRaceAvg      : num  0.718 -1.813 -0.369 -0.691 -0.127 ...
 $ Gen02.LastTimeSdvByRaceAvg       : num  0.175 0.359 0.546 0.758 0.294 ...
 $ Gen02.FinishTimeSdvAvg           : num  1.409 0.977 1.038 0.998 1.154 ...
 $ Gen02.FirstTimeSdvAvg            : num  1.1779 1.2065 0.5107 0.0851 0.7643 ...
 $ Gen02.LastTimeSdvAvg             : num  0.835 0.374 0.997 1.342 0.967 ...
 $ Gen02.RealOddsLog1Avg            : num  2.96 2.33 3.36 3 2.84 ...
 $ Gen02.RunCount                   : num  1 1 5 7 6 1 1 5 1 2 ...
 $ Gen02.HitCount1                  : num  1 0 0 0 0 0 0 0 0 0 ...
 $ Gen02.HitCount2                  : num  0 0 1 1 0 0 1 0 0 0 ...
 $ Gen02.HitCount3                  : num  0 0 0 1 0 0 0 0 0 0 ...
 $ Gen02.HitCount4                  : num  0 0 1 0 1 0 0 1 0 0 ...
 $ Gen02.HitCount5                  : num  0 0 0 0 2 0 0 0 0 0 ...
 $ Gen02.HitRate1                   : num  1 0 0 0 0 0 0 0 0 0 ...
 $ Gen02.HitRate2                   : num  0 0 0.2 0.143 0 ...
 $ Gen02.HitRate3                   : num  0 0 0 0.143 0 ...
 $ Gen02.HitRate4                   : num  0 0 0.2 0 0.167 ...
 $ Gen02.HitRate5                   : num  0 0 0 0 0.333 ...
 $ EOF                              : int  1 1 1 1 1 1 1 1 1 1 ...
[1] "2022-03-08 18:49:05 --- RxSqlServerData Finish ---"
[1] "2022-03-08 18:49:05 --- subset Start ---"
[1] "--------------------------------------------------------------------------------"
[1] "nrow(data) subset before=4343"
[1] "nrow(data) subset after =4343"
[1] "nrow(data) subset diff =0"
[1] "--------------------------------------------------------------------------------"
[1] "2022-03-08 18:49:05 --- subset Finish---"
[1] "2022-03-08 18:49:05 --- transform Start ---"
[1] "--------------------------------------------------------------------------------"
[1] "nrow(data) transform before=4343"
[1] "nrow(data) transform after=4343"
[1] "nrow(data) transform diff=0"
[1] "--------------------------------------------------------------------------------"
[1] "str(data)="
'data.frame':	4343 obs. of  48 variables:
 $ Race.RaceId                      : Factor w/ 399 levels "20160110-06-01-03-10",..: 1 2 2 3 4 4 4 5 5 5 ...
 $ Race.IsAnalyzeNormalPastAndFuture: logi  TRUE TRUE TRUE TRUE TRUE TRUE ...
 $ Race.IsAnalyzeNormalPast         : logi  TRUE TRUE TRUE TRUE TRUE TRUE ...
 $ Race.IsAnalyzeNormalFuture       : logi  FALSE FALSE FALSE FALSE FALSE FALSE ...
 $ Race.IsAnalyzeFullPastAndFuture  : logi  TRUE TRUE TRUE TRUE TRUE TRUE ...
 $ Race.IsAnalyzeFullPast           : logi  TRUE TRUE TRUE TRUE TRUE TRUE ...
 $ Race.IsAnalyzeFullFuture         : logi  FALSE FALSE FALSE FALSE FALSE FALSE ...
 $ Race.JyokenCd                    : Factor w/ 1 level "2": 1 1 1 1 1 1 1 1 1 1 ...
 $ Race.JyoType1Cd                  : Factor w/ 71 levels "24-06-1800-1",..: 1 2 2 3 4 4 4 2 2 2 ...
 $ Race.RaceType1Cd                 : Factor w/ 2 levels "2-2-14","2-2-13": 1 1 1 1 1 1 1 1 1 1 ...
 $ RaceHorse.RaceId                 : Factor w/ 399 levels "20160110-06-01-03-10",..: 1 2 2 3 4 4 4 5 5 5 ...
 $ RaceHorse.KettoNum               : Factor w/ 913 levels "2011104311","2008102313",..: 1 2 3 4 5 6 7 8 9 10 ...
 $ RaceHorse.IsHit1                 : num  0 0 0 0 0 0 0 0 0 0 ...
 $ RaceHorse.IsHit2                 : num  0 0 0 0 0 0 0 0 0 0 ...
 $ RaceHorse.IsHit3                 : num  0 0 0 0 0 0 0 0 0 0 ...
 $ RaceHorse.IsHit4                 : num  0 0 0 0 0 0 0 0 0 0 ...
 $ RaceHorse.IsHit5                 : num  0 0 0 0 0 1 0 0 0 0 ...
 $ RaceHorse.IsHit6                 : num  1 1 1 1 1 0 1 1 1 1 ...
 $ RaceHorse.IsValidRaceHorse       : logi  TRUE TRUE TRUE TRUE TRUE TRUE ...
 $ RaceHorse.FinishTimeSdvByRace    : num  0.392 -0.606 -0.606 0.341 -0.048 ...
 $ RaceHorse.FirstTimeSdvByRace     : num  0.354 -1.578 -0.296 -0.391 -0.427 ...
 $ RaceHorse.LastTimeSdvByRace      : num  0.131 1.012 -0.229 0.509 0.236 ...
 $ RaceHorse.FinishTimeSdv          : num  1.209 0.361 0.361 1.685 1.358 ...
 $ RaceHorse.FirstTimeSdv           : num  1.06 -1.84 -1.36 1.62 1.64 ...
 $ RaceHorse.LastTimeSdv            : num  0.807 1.759 1.417 0.956 0.473 ...
 $ RaceHorse.IsHitA                 : num  0 0 0 0 0 0 0 0 0 0 ...
 $ RaceHorse.IsHitB                 : num  0 0 0 0 0 0 0 0 0 0 ...
 $ RaceHorse.IsHitC                 : num  0 0 0 0 0 0 0 0 0 0 ...
 $ Gen02.HansyokuNum                : Factor w/ 814 levels "12246497","12248982",..: 1 2 3 4 5 6 7 8 9 10 ...
 $ Gen02.FinishTimeSdvByRaceAvg     : num  1.056 -0.297 0.398 0.323 0.194 ...
 $ Gen02.FirstTimeSdvByRaceAvg      : num  0.718 -1.813 -0.369 -0.691 -0.127 ...
 $ Gen02.LastTimeSdvByRaceAvg       : num  0.175 0.359 0.546 0.758 0.294 ...
 $ Gen02.FinishTimeSdvAvg           : num  1.409 0.977 1.038 0.998 1.154 ...
 $ Gen02.FirstTimeSdvAvg            : num  1.1779 1.2065 0.5107 0.0851 0.7643 ...
 $ Gen02.LastTimeSdvAvg             : num  0.835 0.374 0.997 1.342 0.967 ...
 $ Gen02.RealOddsLog1Avg            : num  2.96 2.33 3.36 3 2.84 ...
 $ Gen02.RunCount                   : num  1 1 5 7 6 1 1 5 1 2 ...
 $ Gen02.HitCount1                  : num  1 0 0 0 0 0 0 0 0 0 ...
 $ Gen02.HitCount2                  : num  0 0 1 1 0 0 1 0 0 0 ...
 $ Gen02.HitCount3                  : num  0 0 0 1 0 0 0 0 0 0 ...
 $ Gen02.HitCount4                  : num  0 0 1 0 1 0 0 1 0 0 ...
 $ Gen02.HitCount5                  : num  0 0 0 0 2 0 0 0 0 0 ...
 $ Gen02.HitRate1                   : num  1 0 0 0 0 0 0 0 0 0 ...
 $ Gen02.HitRate2                   : num  0 0 0.2 0.143 0 ...
 $ Gen02.HitRate3                   : num  0 0 0 0.143 0 ...
 $ Gen02.HitRate4                   : num  0 0 0.2 0 0.167 ...
 $ Gen02.HitRate5                   : num  0 0 0 0 0.333 ...
 $ EOF                              : int  1 1 1 1 1 1 1 1 1 1 ...
NULL
[1] "2022-03-08 18:49:06 --- transform Finish ---"
[1] "2022-03-08 18:49:06 --- na.omit Start ---"
[1] "--------------------------------------------------------------------------------"
[1] "nrow(data) na.omit before=4343"
[1] "nrow(data) na.omit after =4318"
[1] "nrow(data) na.omit diff =25"
[1] "--------------------------------------------------------------------------------"
'data.frame':	4318 obs. of  48 variables:
 $ Race.RaceId                      : Factor w/ 399 levels "20160110-06-01-03-10",..: 1 2 2 3 4 4 4 5 5 5 ...
 $ Race.IsAnalyzeNormalPastAndFuture: logi  TRUE TRUE TRUE TRUE TRUE TRUE ...
 $ Race.IsAnalyzeNormalPast         : logi  TRUE TRUE TRUE TRUE TRUE TRUE ...
 $ Race.IsAnalyzeNormalFuture       : logi  FALSE FALSE FALSE FALSE FALSE FALSE ...
 $ Race.IsAnalyzeFullPastAndFuture  : logi  TRUE TRUE TRUE TRUE TRUE TRUE ...
 $ Race.IsAnalyzeFullPast           : logi  TRUE TRUE TRUE TRUE TRUE TRUE ...
 $ Race.IsAnalyzeFullFuture         : logi  FALSE FALSE FALSE FALSE FALSE FALSE ...
 $ Race.JyokenCd                    : Factor w/ 1 level "2": 1 1 1 1 1 1 1 1 1 1 ...
 $ Race.JyoType1Cd                  : Factor w/ 71 levels "24-06-1800-1",..: 1 2 2 3 4 4 4 2 2 2 ...
 $ Race.RaceType1Cd                 : Factor w/ 2 levels "2-2-14","2-2-13": 1 1 1 1 1 1 1 1 1 1 ...
 $ RaceHorse.RaceId                 : Factor w/ 399 levels "20160110-06-01-03-10",..: 1 2 2 3 4 4 4 5 5 5 ...
 $ RaceHorse.KettoNum               : Factor w/ 913 levels "2011104311","2008102313",..: 1 2 3 4 5 6 7 8 9 10 ...
 $ RaceHorse.IsHit1                 : num  0 0 0 0 0 0 0 0 0 0 ...
 $ RaceHorse.IsHit2                 : num  0 0 0 0 0 0 0 0 0 0 ...
 $ RaceHorse.IsHit3                 : num  0 0 0 0 0 0 0 0 0 0 ...
 $ RaceHorse.IsHit4                 : num  0 0 0 0 0 0 0 0 0 0 ...
 $ RaceHorse.IsHit5                 : num  0 0 0 0 0 1 0 0 0 0 ...
 $ RaceHorse.IsHit6                 : num  1 1 1 1 1 0 1 1 1 1 ...
 $ RaceHorse.IsValidRaceHorse       : logi  TRUE TRUE TRUE TRUE TRUE TRUE ...
 $ RaceHorse.FinishTimeSdvByRace    : num  0.392 -0.606 -0.606 0.341 -0.048 ...
 $ RaceHorse.FirstTimeSdvByRace     : num  0.354 -1.578 -0.296 -0.391 -0.427 ...
 $ RaceHorse.LastTimeSdvByRace      : num  0.131 1.012 -0.229 0.509 0.236 ...
 $ RaceHorse.FinishTimeSdv          : num  1.209 0.361 0.361 1.685 1.358 ...
 $ RaceHorse.FirstTimeSdv           : num  1.06 -1.84 -1.36 1.62 1.64 ...
 $ RaceHorse.LastTimeSdv            : num  0.807 1.759 1.417 0.956 0.473 ...
 $ RaceHorse.IsHitA                 : num  0 0 0 0 0 0 0 0 0 0 ...
 $ RaceHorse.IsHitB                 : num  0 0 0 0 0 0 0 0 0 0 ...
 $ RaceHorse.IsHitC                 : num  0 0 0 0 0 0 0 0 0 0 ...
 $ Gen02.HansyokuNum                : Factor w/ 814 levels "12246497","12248982",..: 1 2 3 4 5 6 7 8 9 10 ...
 $ Gen02.FinishTimeSdvByRaceAvg     : num  1.056 -0.297 0.398 0.323 0.194 ...
 $ Gen02.FirstTimeSdvByRaceAvg      : num  0.718 -1.813 -0.369 -0.691 -0.127 ...
 $ Gen02.LastTimeSdvByRaceAvg       : num  0.175 0.359 0.546 0.758 0.294 ...
 $ Gen02.FinishTimeSdvAvg           : num  1.409 0.977 1.038 0.998 1.154 ...
 $ Gen02.FirstTimeSdvAvg            : num  1.1779 1.2065 0.5107 0.0851 0.7643 ...
 $ Gen02.LastTimeSdvAvg             : num  0.835 0.374 0.997 1.342 0.967 ...
 $ Gen02.RealOddsLog1Avg            : num  2.96 2.33 3.36 3 2.84 ...
 $ Gen02.RunCount                   : num  1 1 5 7 6 1 1 5 1 2 ...
 $ Gen02.HitCount1                  : num  1 0 0 0 0 0 0 0 0 0 ...
 $ Gen02.HitCount2                  : num  0 0 1 1 0 0 1 0 0 0 ...
 $ Gen02.HitCount3                  : num  0 0 0 1 0 0 0 0 0 0 ...
 $ Gen02.HitCount4                  : num  0 0 1 0 1 0 0 1 0 0 ...
 $ Gen02.HitCount5                  : num  0 0 0 0 2 0 0 0 0 0 ...
 $ Gen02.HitRate1                   : num  1 0 0 0 0 0 0 0 0 0 ...
 $ Gen02.HitRate2                   : num  0 0 0.2 0.143 0 ...
 $ Gen02.HitRate3                   : num  0 0 0 0.143 0 ...
 $ Gen02.HitRate4                   : num  0 0 0.2 0 0.167 ...
 $ Gen02.HitRate5                   : num  0 0 0 0 0.333 ...
 $ EOF                              : int  1 1 1 1 1 1 1 1 1 1 ...
 - attr(*, "na.action")= 'omit' Named int  67 201 383 707 859 1021 1168 1513 1634 1689 ...
  ..- attr(*, "names")= chr  "67" "201" "383" "707" ...
[1] "2022-03-08 18:49:06 --- na.omit Finish ---"
[1] "2022-03-08 18:49:06 --- rxLogit with rxStepControl Start ---"

> print(paste0(Sys.time(), " --- source_logic_glm.R Start ---"))
[1] "2022-03-08 18:49:06 --- source_logic_glm.R Start ---"

> formula <- formula(RaceHorse.IsHitA ~ +1 + Gen02.FinishTimeSdvByRaceAvg)

> print(paste0(Sys.time(), " --- source_logic_glm.R Finished ---"))
[1] "2022-03-08 18:49:06 --- source_logic_glm.R Finished ---"
Rows Read: 4318, Total Rows Processed: 4318, Total Chunk Time: Less than .001 seconds 

Starting values (iteration 1) time: 0.012 secs.
Rows Read: 4318, Total Rows Processed: 4318, Total Chunk Time: Less than .001 seconds 

Iteration 2 time: 0.005 secs.
Rows Read: 4318, Total Rows Processed: 4318, Total Chunk Time: Less than .001 seconds 

Iteration 3 time: 0.005 secs.
Rows Read: 4318, Total Rows Processed: 4318, Total Chunk Time: 0.001 seconds 

Iteration 4 time: 0.004 secs.
Rows Read: 4318, Total Rows Processed: 4318, Total Chunk Time: 0.002 seconds 

Iteration 5 time: 0.005 secs.

Elapsed computation time: 0.047 secs.
Rows Read: 4318, Total Rows Processed: 4318, Total Chunk Time: Less than .001 seconds 

Starting values (iteration 1) time: 0.004 secs.
Rows Read: 4318, Total Rows Processed: 4318, Total Chunk Time: 0.001 seconds 

Iteration 2 time: 0.005 secs.

Elapsed computation time: 0.019 secs.
Rows Read: 4318, Total Rows Processed: 4318, Total Chunk Time: 0.001 seconds 

Starting values (iteration 1) time: 0.005 secs.
Rows Read: 4318, Total Rows Processed: 4318, Total Chunk Time: Less than .001 seconds 

Iteration 2 time: 0.005 secs.
Rows Read: 4318, Total Rows Processed: 4318, Total Chunk Time: Less than .001 seconds 

Iteration 3 time: 0.004 secs.
Rows Read: 4318, Total Rows Processed: 4318, Total Chunk Time: Less than .001 seconds 

Iteration 4 time: 0.005 secs.
Rows Read: 4318, Total Rows Processed: 4318, Total Chunk Time: Less than .001 seconds 

Iteration 5 time: 0.004 secs.

Elapsed computation time: 0.045 secs.

Elapsed computation time: 0.126 secs.
[1] "--------------------------------------------------------------------------------"
[1] "analyze.results.glm.step="
Logistic Regression Results for: RaceHorse.IsHitA ~
    Gen02.FinishTimeSdvByRaceAvg
Data: data
Dependent variable(s): RaceHorse.IsHitA
Total independent variables: 2 
Number of valid observations: 4318
Number of missing observations: 0 
 
Coefficients:
                             RaceHorse.IsHitA
(Intercept)                                -3
Gen02.FinishTimeSdvByRaceAvg                1
[1] "analyze.results.glm.step.summary"
Call:
rxLogit(formula = formula, data = data, variableSelection = analyze.results.glm.step.varsel)

Logistic Regression Results for: RaceHorse.IsHitA ~
    Gen02.FinishTimeSdvByRaceAvg
Data: data
Dependent variable(s): RaceHorse.IsHitA
Total independent variables: 2 
Number of valid observations: 4318
Number of missing observations: 0 
-2*LogLikelihood: 1961.285 (Residual deviance on 4316 degrees of freedom)
 
Coefficients:
                             Estimate Std. Error z value Pr(>|z|)    
(Intercept)                   -2.9901     0.0808  -37.02  2.2e-16 ***
Gen02.FinishTimeSdvByRaceAvg   0.9631     0.1158    8.32  2.2e-16 ***
---
Signif. codes:  0 '***' 0.001 '**' 0.01 '*' 0.05 '.' 0.1 ' ' 1

Condition number of final variance-covariance matrix: 1 
Number of iterations: 5
[1] "--------------------------------------------------------------------------------"
[1] "2022-03-08 18:49:07 --- rxLogit with rxStepControl Finish ---"
[1] "2022-03-08 18:49:07 --- rxStepPlot Start ---"
[1] "pdfFilename=pdf_analyze_glm_Gen02_Type22_rxStepPlot.pdf"
[1] "rxStepPlot="
[1] "2022-03-08 18:49:07 --- rxStepPlot Finish ---"
[1] "2022-03-08 18:49:07 --- save.image Start ---"
[1] "save.image"
[1] "rdataFilename=RData_analyze_glm_Gen02_Type22.RData"
[1] "2022-03-08 18:49:07 --- save.image Finish ---"
[1] "2022-03-08 18:49:07 --- final Start ---"
[1] "--------------------------------------------------------------------------------"
[1] "nrow(data) final=4318"
[1] "--------------------------------------------------------------------------------"
[1] "2022-03-08 18:49:07 --- final Finish ---"
[1] "2022-03-08 18:49:07 --- analyze_glm.R Finished ---"
[1] "2022-03-08 18:49:07 --- log Finish ---"
