[1] "2022-03-08 18:55:04 --- D1115_analyze_glm_Horse_IsHitA_Type24 Start ---"
[1] "2022-03-08 18:55:04 --- Log Start ---"
[1] "2022-03-08 18:55:04 --- analyze_glm.R Start ---"
[1] "analyzeVersion=D1115"
[1] "analyzeCategory=analyze"
[1] "analyzeType=Horse"
[1] "analyzeFamily=IsHitA"
[1] "analyzeFunc=glm"
[1] "analyzeTrackTypeCd=2"
[1] "analyzeJyokenCd=4"
[1] "2022-03-08 18:55:04 --- source_function.R Start ---"
[1] "2022-03-08 18:55:04 --- source_function.R Finished ---"

> print(paste0(Sys.time(), " --- source_library.R Start ---"))
[1] "2022-03-08 18:55:04 --- source_library.R Start ---"

> require("RevoScaleR")

> print(paste0(Sys.time(), " --- source_library.R Finished ---"))
[1] "2022-03-08 18:55:05 --- source_library.R Finished ---"
[1] "2022-03-08 18:55:05 --- RxSqlServerData Start ---"
[1] "2022-03-08 18:55:05 --- RxInSqlServer Start ---"
[1] "2022-03-08 18:55:05 --- RxInSqlServer Finish ---"
[1] "2022-03-08 18:55:05 --- rxSetComputeContext Start ---"
[1] "2022-03-08 18:55:05 --- rxSetComputeContext Finish ---"
[1] "2022-03-08 18:55:05 --- RxSqlServerData Start ---"
[1] "sqlQuery=SELECT * FROM ViewAnalyzeD1115analyze01HorseType24"
[1] "2022-03-08 18:55:05 --- RxSqlServerData Finish ---"
[1] "2022-03-08 18:55:05 --- rxGetVarInfo Start ---"
[1] "2022-03-08 18:55:17 --- rxGetVarInfo Finish---"
[1] "2022-03-08 18:55:17 --- rxImport Start ---"
Rows Read: 39558, Total Rows Processed: 39558, Total Chunk Time: 3.226 seconds 
[1] "2022-03-08 18:55:24 --- rxImport Finish ---"
[1] "object.size(data) auto=13.8 Mb"
[1] "--------------------------------------------------------------------------------"
[1] "nrow(data) RxSqlServerData=39558"
[1] "--------------------------------------------------------------------------------"
[1] "str(data)="
'data.frame':	39558 obs. of  48 variables:
 $ Race.RaceId                      : Factor w/ 2833 levels "20160105-06-01-01-03",..: 2 10 5 6 9 11 12 13 14 15 ...
 $ Race.IsAnalyzeNormalPastAndFuture: logi  TRUE TRUE TRUE TRUE TRUE TRUE ...
 $ Race.IsAnalyzeNormalPast         : logi  TRUE TRUE TRUE TRUE TRUE TRUE ...
 $ Race.IsAnalyzeNormalFuture       : logi  FALSE FALSE FALSE FALSE FALSE FALSE ...
 $ Race.IsAnalyzeFullPastAndFuture  : logi  TRUE TRUE TRUE TRUE TRUE TRUE ...
 $ Race.IsAnalyzeFullPast           : logi  TRUE TRUE TRUE TRUE TRUE TRUE ...
 $ Race.IsAnalyzeFullFuture         : logi  FALSE FALSE FALSE FALSE FALSE FALSE ...
 $ Race.JyokenCd                    : Factor w/ 1 level "4": 1 1 1 1 1 1 1 1 1 1 ...
 $ Race.JyoType1Cd                  : Factor w/ 131 levels "24-06-1200-1",..: 2 2 4 5 7 8 1 9 10 8 ...
 $ Race.RaceType1Cd                 : Factor w/ 4 levels "2-4-14","2-4-12",..: 2 1 1 1 1 1 1 1 1 1 ...
 $ RaceHorse.RaceId                 : Factor w/ 2833 levels "20160105-06-01-01-03",..: 2 10 5 6 9 11 12 13 14 15 ...
 $ RaceHorse.KettoNum               : Factor w/ 7914 levels "2012101907","2013101969",..: 11 12 13 14 15 16 17 18 19 20 ...
 $ RaceHorse.IsHit1                 : num  0 0 0 0 0 0 1 0 0 0 ...
 $ RaceHorse.IsHit2                 : num  0 0 0 0 0 1 0 0 0 0 ...
 $ RaceHorse.IsHit3                 : num  0 0 0 0 0 0 0 0 1 0 ...
 $ RaceHorse.IsHit4                 : num  0 0 0 0 1 0 0 0 0 0 ...
 $ RaceHorse.IsHit5                 : num  0 0 0 0 0 0 0 0 0 0 ...
 $ RaceHorse.IsHit6                 : num  1 1 1 1 0 0 0 1 0 1 ...
 $ RaceHorse.IsValidRaceHorse       : logi  TRUE TRUE TRUE TRUE TRUE TRUE ...
 $ RaceHorse.FinishTimeSdvByRace    : num  -0.00771 0.04918 0.27095 -0.45102 0.87555 ...
 $ RaceHorse.FirstTimeSdvByRace     : num  -0.836 -0.22 -0.886 -1.001 -1.454 ...
 $ RaceHorse.LastTimeSdvByRace      : num  0.4312 0.1716 0.7173 -0.0973 1.8311 ...
 $ RaceHorse.FinishTimeSdv          : num  0.345 0.525 0.637 -0.515 0.258 ...
 $ RaceHorse.FirstTimeSdv           : num  -0.743 0.28 0.264 -1.399 -0.778 ...
 $ RaceHorse.LastTimeSdv            : num  1.11 0.503 0.599 0.367 0.863 ...
 $ RaceHorse.IsHitA                 : num  0 0 0 0 0 0 1 0 0 0 ...
 $ RaceHorse.IsHitB                 : num  0 0 0 0 0 1 1 0 0 0 ...
 $ RaceHorse.IsHitC                 : num  0 0 0 0 0 1 1 0 1 0 ...
 $ Horse.KettoNum                   : Factor w/ 7914 levels "2012101907","2013101969",..: 11 12 13 14 15 16 17 18 19 20 ...
 $ Horse.FinishTimeSdvByRaceAvg     : num  0.67 0.204 -0.04 0.191 0.235 ...
 $ Horse.FirstTimeSdvByRaceAvg      : num  -0.144 -0.33 0.0974 -0.408 0.2639 ...
 $ Horse.LastTimeSdvByRaceAvg       : num  0.8412 0.3742 -0.0937 0.5716 0.1093 ...
 $ Horse.FinishTimeSdvAvg           : num  -0.192 -0.232 -0.528 0.557 0.191 ...
 $ Horse.FirstTimeSdvAvg            : num  -0.172 -0.53 -0.522 0.112 0.202 ...
 $ Horse.LastTimeSdvAvg             : num  -0.126 0.107 -0.335 0.654 0.226 ...
 $ Horse.RealOddsLog1Avg            : num  4.43 3.56 3.72 3.01 2.67 ...
 $ Horse.RunCount                   : num  4 16 10 11 9 8 6 8 25 8 ...
 $ Horse.HitCount1                  : num  1 1 0 1 1 2 1 0 1 0 ...
 $ Horse.HitCount2                  : num  0 0 1 0 1 2 0 1 3 0 ...
 $ Horse.HitCount3                  : num  0 2 1 1 1 2 0 1 5 0 ...
 $ Horse.HitCount4                  : num  2 2 1 2 0 0 0 1 6 0 ...
 $ Horse.HitCount5                  : num  0 3 0 0 0 0 3 0 3 0 ...
 $ Horse.HitRate1                   : num  0.25 0.0625 0 0.0909 0.1111 ...
 $ Horse.HitRate2                   : num  0 0 0.1 0 0.111 ...
 $ Horse.HitRate3                   : num  0 0.125 0.1 0.0909 0.1111 ...
 $ Horse.HitRate4                   : num  0.5 0.125 0.1 0.182 0 ...
 $ Horse.HitRate5                   : num  0 0.188 0 0 0 ...
 $ EOF                              : int  1 1 1 1 1 1 1 1 1 1 ...
[1] "2022-03-08 18:55:24 --- RxSqlServerData Finish ---"
[1] "2022-03-08 18:55:24 --- subset Start ---"
[1] "--------------------------------------------------------------------------------"
[1] "nrow(data) subset before=39558"
[1] "nrow(data) subset after =39558"
[1] "nrow(data) subset diff =0"
[1] "--------------------------------------------------------------------------------"
[1] "2022-03-08 18:55:24 --- subset Finish---"
[1] "2022-03-08 18:55:24 --- transform Start ---"
[1] "--------------------------------------------------------------------------------"
[1] "nrow(data) transform before=39558"
[1] "nrow(data) transform after=39558"
[1] "nrow(data) transform diff=0"
[1] "--------------------------------------------------------------------------------"
[1] "str(data)="
'data.frame':	39558 obs. of  48 variables:
 $ Race.RaceId                      : Factor w/ 2833 levels "20160105-06-01-01-03",..: 2 10 5 6 9 11 12 13 14 15 ...
 $ Race.IsAnalyzeNormalPastAndFuture: logi  TRUE TRUE TRUE TRUE TRUE TRUE ...
 $ Race.IsAnalyzeNormalPast         : logi  TRUE TRUE TRUE TRUE TRUE TRUE ...
 $ Race.IsAnalyzeNormalFuture       : logi  FALSE FALSE FALSE FALSE FALSE FALSE ...
 $ Race.IsAnalyzeFullPastAndFuture  : logi  TRUE TRUE TRUE TRUE TRUE TRUE ...
 $ Race.IsAnalyzeFullPast           : logi  TRUE TRUE TRUE TRUE TRUE TRUE ...
 $ Race.IsAnalyzeFullFuture         : logi  FALSE FALSE FALSE FALSE FALSE FALSE ...
 $ Race.JyokenCd                    : Factor w/ 1 level "4": 1 1 1 1 1 1 1 1 1 1 ...
 $ Race.JyoType1Cd                  : Factor w/ 131 levels "24-06-1200-1",..: 2 2 4 5 7 8 1 9 10 8 ...
 $ Race.RaceType1Cd                 : Factor w/ 4 levels "2-4-14","2-4-12",..: 2 1 1 1 1 1 1 1 1 1 ...
 $ RaceHorse.RaceId                 : Factor w/ 2833 levels "20160105-06-01-01-03",..: 2 10 5 6 9 11 12 13 14 15 ...
 $ RaceHorse.KettoNum               : Factor w/ 7914 levels "2012101907","2013101969",..: 11 12 13 14 15 16 17 18 19 20 ...
 $ RaceHorse.IsHit1                 : num  0 0 0 0 0 0 1 0 0 0 ...
 $ RaceHorse.IsHit2                 : num  0 0 0 0 0 1 0 0 0 0 ...
 $ RaceHorse.IsHit3                 : num  0 0 0 0 0 0 0 0 1 0 ...
 $ RaceHorse.IsHit4                 : num  0 0 0 0 1 0 0 0 0 0 ...
 $ RaceHorse.IsHit5                 : num  0 0 0 0 0 0 0 0 0 0 ...
 $ RaceHorse.IsHit6                 : num  1 1 1 1 0 0 0 1 0 1 ...
 $ RaceHorse.IsValidRaceHorse       : logi  TRUE TRUE TRUE TRUE TRUE TRUE ...
 $ RaceHorse.FinishTimeSdvByRace    : num  -0.00771 0.04918 0.27095 -0.45102 0.87555 ...
 $ RaceHorse.FirstTimeSdvByRace     : num  -0.836 -0.22 -0.886 -1.001 -1.454 ...
 $ RaceHorse.LastTimeSdvByRace      : num  0.4312 0.1716 0.7173 -0.0973 1.8311 ...
 $ RaceHorse.FinishTimeSdv          : num  0.345 0.525 0.637 -0.515 0.258 ...
 $ RaceHorse.FirstTimeSdv           : num  -0.743 0.28 0.264 -1.399 -0.778 ...
 $ RaceHorse.LastTimeSdv            : num  1.11 0.503 0.599 0.367 0.863 ...
 $ RaceHorse.IsHitA                 : num  0 0 0 0 0 0 1 0 0 0 ...
 $ RaceHorse.IsHitB                 : num  0 0 0 0 0 1 1 0 0 0 ...
 $ RaceHorse.IsHitC                 : num  0 0 0 0 0 1 1 0 1 0 ...
 $ Horse.KettoNum                   : Factor w/ 7914 levels "2012101907","2013101969",..: 11 12 13 14 15 16 17 18 19 20 ...
 $ Horse.FinishTimeSdvByRaceAvg     : num  0.67 0.204 -0.04 0.191 0.235 ...
 $ Horse.FirstTimeSdvByRaceAvg      : num  -0.144 -0.33 0.0974 -0.408 0.2639 ...
 $ Horse.LastTimeSdvByRaceAvg       : num  0.8412 0.3742 -0.0937 0.5716 0.1093 ...
 $ Horse.FinishTimeSdvAvg           : num  -0.192 -0.232 -0.528 0.557 0.191 ...
 $ Horse.FirstTimeSdvAvg            : num  -0.172 -0.53 -0.522 0.112 0.202 ...
 $ Horse.LastTimeSdvAvg             : num  -0.126 0.107 -0.335 0.654 0.226 ...
 $ Horse.RealOddsLog1Avg            : num  4.43 3.56 3.72 3.01 2.67 ...
 $ Horse.RunCount                   : num  4 16 10 11 9 8 6 8 25 8 ...
 $ Horse.HitCount1                  : num  1 1 0 1 1 2 1 0 1 0 ...
 $ Horse.HitCount2                  : num  0 0 1 0 1 2 0 1 3 0 ...
 $ Horse.HitCount3                  : num  0 2 1 1 1 2 0 1 5 0 ...
 $ Horse.HitCount4                  : num  2 2 1 2 0 0 0 1 6 0 ...
 $ Horse.HitCount5                  : num  0 3 0 0 0 0 3 0 3 0 ...
 $ Horse.HitRate1                   : num  0.25 0.0625 0 0.0909 0.1111 ...
 $ Horse.HitRate2                   : num  0 0 0.1 0 0.111 ...
 $ Horse.HitRate3                   : num  0 0.125 0.1 0.0909 0.1111 ...
 $ Horse.HitRate4                   : num  0.5 0.125 0.1 0.182 0 ...
 $ Horse.HitRate5                   : num  0 0.188 0 0 0 ...
 $ EOF                              : int  1 1 1 1 1 1 1 1 1 1 ...
NULL
[1] "2022-03-08 18:55:24 --- transform Finish ---"
[1] "2022-03-08 18:55:24 --- na.omit Start ---"
[1] "--------------------------------------------------------------------------------"
[1] "nrow(data) na.omit before=39558"
[1] "nrow(data) na.omit after =39295"
[1] "nrow(data) na.omit diff =263"
[1] "--------------------------------------------------------------------------------"
'data.frame':	39295 obs. of  48 variables:
 $ Race.RaceId                      : Factor w/ 2833 levels "20160105-06-01-01-03",..: 2 10 5 6 9 11 12 13 14 15 ...
 $ Race.IsAnalyzeNormalPastAndFuture: logi  TRUE TRUE TRUE TRUE TRUE TRUE ...
 $ Race.IsAnalyzeNormalPast         : logi  TRUE TRUE TRUE TRUE TRUE TRUE ...
 $ Race.IsAnalyzeNormalFuture       : logi  FALSE FALSE FALSE FALSE FALSE FALSE ...
 $ Race.IsAnalyzeFullPastAndFuture  : logi  TRUE TRUE TRUE TRUE TRUE TRUE ...
 $ Race.IsAnalyzeFullPast           : logi  TRUE TRUE TRUE TRUE TRUE TRUE ...
 $ Race.IsAnalyzeFullFuture         : logi  FALSE FALSE FALSE FALSE FALSE FALSE ...
 $ Race.JyokenCd                    : Factor w/ 1 level "4": 1 1 1 1 1 1 1 1 1 1 ...
 $ Race.JyoType1Cd                  : Factor w/ 131 levels "24-06-1200-1",..: 2 2 4 5 7 8 1 9 10 8 ...
 $ Race.RaceType1Cd                 : Factor w/ 4 levels "2-4-14","2-4-12",..: 2 1 1 1 1 1 1 1 1 1 ...
 $ RaceHorse.RaceId                 : Factor w/ 2833 levels "20160105-06-01-01-03",..: 2 10 5 6 9 11 12 13 14 15 ...
 $ RaceHorse.KettoNum               : Factor w/ 7914 levels "2012101907","2013101969",..: 11 12 13 14 15 16 17 18 19 20 ...
 $ RaceHorse.IsHit1                 : num  0 0 0 0 0 0 1 0 0 0 ...
 $ RaceHorse.IsHit2                 : num  0 0 0 0 0 1 0 0 0 0 ...
 $ RaceHorse.IsHit3                 : num  0 0 0 0 0 0 0 0 1 0 ...
 $ RaceHorse.IsHit4                 : num  0 0 0 0 1 0 0 0 0 0 ...
 $ RaceHorse.IsHit5                 : num  0 0 0 0 0 0 0 0 0 0 ...
 $ RaceHorse.IsHit6                 : num  1 1 1 1 0 0 0 1 0 1 ...
 $ RaceHorse.IsValidRaceHorse       : logi  TRUE TRUE TRUE TRUE TRUE TRUE ...
 $ RaceHorse.FinishTimeSdvByRace    : num  -0.00771 0.04918 0.27095 -0.45102 0.87555 ...
 $ RaceHorse.FirstTimeSdvByRace     : num  -0.836 -0.22 -0.886 -1.001 -1.454 ...
 $ RaceHorse.LastTimeSdvByRace      : num  0.4312 0.1716 0.7173 -0.0973 1.8311 ...
 $ RaceHorse.FinishTimeSdv          : num  0.345 0.525 0.637 -0.515 0.258 ...
 $ RaceHorse.FirstTimeSdv           : num  -0.743 0.28 0.264 -1.399 -0.778 ...
 $ RaceHorse.LastTimeSdv            : num  1.11 0.503 0.599 0.367 0.863 ...
 $ RaceHorse.IsHitA                 : num  0 0 0 0 0 0 1 0 0 0 ...
 $ RaceHorse.IsHitB                 : num  0 0 0 0 0 1 1 0 0 0 ...
 $ RaceHorse.IsHitC                 : num  0 0 0 0 0 1 1 0 1 0 ...
 $ Horse.KettoNum                   : Factor w/ 7914 levels "2012101907","2013101969",..: 11 12 13 14 15 16 17 18 19 20 ...
 $ Horse.FinishTimeSdvByRaceAvg     : num  0.67 0.204 -0.04 0.191 0.235 ...
 $ Horse.FirstTimeSdvByRaceAvg      : num  -0.144 -0.33 0.0974 -0.408 0.2639 ...
 $ Horse.LastTimeSdvByRaceAvg       : num  0.8412 0.3742 -0.0937 0.5716 0.1093 ...
 $ Horse.FinishTimeSdvAvg           : num  -0.192 -0.232 -0.528 0.557 0.191 ...
 $ Horse.FirstTimeSdvAvg            : num  -0.172 -0.53 -0.522 0.112 0.202 ...
 $ Horse.LastTimeSdvAvg             : num  -0.126 0.107 -0.335 0.654 0.226 ...
 $ Horse.RealOddsLog1Avg            : num  4.43 3.56 3.72 3.01 2.67 ...
 $ Horse.RunCount                   : num  4 16 10 11 9 8 6 8 25 8 ...
 $ Horse.HitCount1                  : num  1 1 0 1 1 2 1 0 1 0 ...
 $ Horse.HitCount2                  : num  0 0 1 0 1 2 0 1 3 0 ...
 $ Horse.HitCount3                  : num  0 2 1 1 1 2 0 1 5 0 ...
 $ Horse.HitCount4                  : num  2 2 1 2 0 0 0 1 6 0 ...
 $ Horse.HitCount5                  : num  0 3 0 0 0 0 3 0 3 0 ...
 $ Horse.HitRate1                   : num  0.25 0.0625 0 0.0909 0.1111 ...
 $ Horse.HitRate2                   : num  0 0 0.1 0 0.111 ...
 $ Horse.HitRate3                   : num  0 0.125 0.1 0.0909 0.1111 ...
 $ Horse.HitRate4                   : num  0.5 0.125 0.1 0.182 0 ...
 $ Horse.HitRate5                   : num  0 0.188 0 0 0 ...
 $ EOF                              : int  1 1 1 1 1 1 1 1 1 1 ...
 - attr(*, "na.action")= 'omit' Named int  389 502 835 839 1038 1735 1741 1775 1973 2032 ...
  ..- attr(*, "names")= chr  "389" "502" "835" "839" ...
[1] "2022-03-08 18:55:25 --- na.omit Finish ---"
[1] "2022-03-08 18:55:25 --- rxLogit with rxStepControl Start ---"

> print(paste0(Sys.time(), " --- source_logic_glm.R Start ---"))
[1] "2022-03-08 18:55:25 --- source_logic_glm.R Start ---"

> formula <- formula(RaceHorse.IsHitA ~ +1 + Horse.FinishTimeSdvByRaceAvg)

> print(paste0(Sys.time(), " --- source_logic_glm.R Finished ---"))
[1] "2022-03-08 18:55:25 --- source_logic_glm.R Finished ---"
Rows Read: 39295, Total Rows Processed: 39295, Total Chunk Time: 0.002 seconds 

Starting values (iteration 1) time: 0.030 secs.
Rows Read: 39295, Total Rows Processed: 39295, Total Chunk Time: 0.004 seconds 

Iteration 2 time: 0.009 secs.
Rows Read: 39295, Total Rows Processed: 39295, Total Chunk Time: 0.003 seconds 

Iteration 3 time: 0.007 secs.
Rows Read: 39295, Total Rows Processed: 39295, Total Chunk Time: 0.004 seconds 

Iteration 4 time: 0.007 secs.
Rows Read: 39295, Total Rows Processed: 39295, Total Chunk Time: 0.003 seconds 

Iteration 5 time: 0.007 secs.

Elapsed computation time: 0.075 secs.
Rows Read: 39295, Total Rows Processed: 39295, Total Chunk Time: 0.002 seconds 

Starting values (iteration 1) time: 0.013 secs.
Rows Read: 39295, Total Rows Processed: 39295, Total Chunk Time: 0.002 seconds 

Iteration 2 time: 0.009 secs.

Elapsed computation time: 0.030 secs.
Rows Read: 39295, Total Rows Processed: 39295, Total Chunk Time: Less than .001 seconds 

Starting values (iteration 1) time: 0.014 secs.
Rows Read: 39295, Total Rows Processed: 39295, Total Chunk Time: 0.003 seconds 

Iteration 2 time: 0.011 secs.
Rows Read: 39295, Total Rows Processed: 39295, Total Chunk Time: 0.003 seconds 

Iteration 3 time: 0.006 secs.
Rows Read: 39295, Total Rows Processed: 39295, Total Chunk Time: 0.004 seconds 

Iteration 4 time: 0.006 secs.
Rows Read: 39295, Total Rows Processed: 39295, Total Chunk Time: 0.003 seconds 

Iteration 5 time: 0.007 secs.

Elapsed computation time: 0.071 secs.

Elapsed computation time: 0.196 secs.
[1] "--------------------------------------------------------------------------------"
[1] "analyze.results.glm.step="
Logistic Regression Results for: RaceHorse.IsHitA ~
    Horse.FinishTimeSdvByRaceAvg
Data: data
Dependent variable(s): RaceHorse.IsHitA
Total independent variables: 2 
Number of valid observations: 39295
Number of missing observations: 0 
 
Coefficients:
                             RaceHorse.IsHitA
(Intercept)                                -3
Horse.FinishTimeSdvByRaceAvg                2
[1] "analyze.results.glm.step.summary"
Call:
rxLogit(formula = formula, data = data, variableSelection = analyze.results.glm.step.varsel)

Logistic Regression Results for: RaceHorse.IsHitA ~
    Horse.FinishTimeSdvByRaceAvg
Data: data
Dependent variable(s): RaceHorse.IsHitA
Total independent variables: 2 
Number of valid observations: 39295
Number of missing observations: 0 
-2*LogLikelihood: 19264.724 (Residual deviance on 39293 degrees of freedom)
 
Coefficients:
                             Estimate Std. Error z value Pr(>|z|)    
(Intercept)                   -3.2839     0.0339   -96.8  2.2e-16 ***
Horse.FinishTimeSdvByRaceAvg   1.5177     0.0471    32.2  2.2e-16 ***
---
Signif. codes:  0 '***' 0.001 '**' 0.01 '*' 0.05 '.' 0.1 ' ' 1

Condition number of final variance-covariance matrix: 1 
Number of iterations: 5
[1] "--------------------------------------------------------------------------------"
[1] "2022-03-08 18:55:25 --- rxLogit with rxStepControl Finish ---"
[1] "2022-03-08 18:55:25 --- rxStepPlot Start ---"
[1] "pdfFilename=pdf_analyze_glm_Horse_Type24_rxStepPlot.pdf"
[1] "rxStepPlot="
[1] "2022-03-08 18:55:25 --- rxStepPlot Finish ---"
[1] "2022-03-08 18:55:25 --- save.image Start ---"
[1] "save.image"
[1] "rdataFilename=RData_analyze_glm_Horse_Type24.RData"
[1] "2022-03-08 18:55:26 --- save.image Finish ---"
[1] "2022-03-08 18:55:26 --- final Start ---"
[1] "--------------------------------------------------------------------------------"
[1] "nrow(data) final=39295"
[1] "--------------------------------------------------------------------------------"
[1] "2022-03-08 18:55:26 --- final Finish ---"
[1] "2022-03-08 18:55:26 --- analyze_glm.R Finished ---"
[1] "2022-03-08 18:55:26 --- log Finish ---"
