[1] "2022-02-21 22:16:52 --- D1115_analyze_glm_Odds_IsHitA_Type26 Start ---"
[1] "2022-02-21 22:16:52 --- Log Start ---"
[1] "2022-02-21 22:16:52 --- analyze_glm.R Start ---"
[1] "analyzeVersion=D1115"
[1] "analyzeCategory=analyze"
[1] "analyzeType=Odds"
[1] "analyzeFamily=IsHitA"
[1] "analyzeFunc=glm"
[1] "analyzeTrackTypeCd=2"
[1] "analyzeJyokenCd=6"
[1] "2022-02-21 22:16:52 --- source_function.R Start ---"
[1] "2022-02-21 22:16:52 --- source_function.R Finished ---"

> print(paste0(Sys.time(), " --- source_library.R Start ---"))
[1] "2022-02-21 22:16:52 --- source_library.R Start ---"

> require("RevoScaleR")

> print(paste0(Sys.time(), " --- source_library.R Finished ---"))
[1] "2022-02-21 22:16:58 --- source_library.R Finished ---"
[1] "2022-02-21 22:16:58 --- RxSqlServerData Start ---"
[1] "2022-02-21 22:16:58 --- RxInSqlServer Start ---"
[1] "2022-02-21 22:16:58 --- RxInSqlServer Finish ---"
[1] "2022-02-21 22:16:58 --- rxSetComputeContext Start ---"
[1] "2022-02-21 22:16:58 --- rxSetComputeContext Finish ---"
[1] "2022-02-21 22:16:58 --- RxSqlServerData Start ---"
[1] "sqlQuery=SELECT * FROM ViewAnalyzeD1115analyze01OddsType26"
[1] "2022-02-21 22:16:58 --- RxSqlServerData Finish ---"
[1] "2022-02-21 22:16:58 --- rxGetVarInfo Start ---"
[1] "2022-02-21 22:16:58 --- rxGetVarInfo Finish---"
[1] "2022-02-21 22:16:58 --- rxImport Start ---"
Rows Read: 6857, Total Rows Processed: 6857, Total Chunk Time: 0.776 seconds 
[1] "2022-02-21 22:17:27 --- rxImport Finish ---"
[1] "object.size(data) auto=1.5 Mb"
[1] "--------------------------------------------------------------------------------"
[1] "nrow(data) RxSqlServerData=6857"
[1] "--------------------------------------------------------------------------------"
[1] "str(data)="
'data.frame':	6857 obs. of  30 variables:
 $ Race.RaceId                      : Factor w/ 467 levels "20160109-06-01-02-03",..: 2 2 2 2 2 2 2 2 2 2 ...
 $ Race.IsPredictedRace             : logi  TRUE TRUE TRUE TRUE TRUE TRUE ...
 $ Race.IsAnalyzeNormalPastAndFuture: logi  TRUE TRUE TRUE TRUE TRUE TRUE ...
 $ Race.IsAnalyzeNormalPast         : logi  TRUE TRUE TRUE TRUE TRUE TRUE ...
 $ Race.IsAnalyzeNormalFuture       : logi  FALSE FALSE FALSE FALSE FALSE FALSE ...
 $ Race.IsAnalyzeFullPastAndFuture  : logi  TRUE TRUE TRUE TRUE TRUE TRUE ...
 $ Race.IsAnalyzeFullPast           : logi  TRUE TRUE TRUE TRUE TRUE TRUE ...
 $ Race.IsAnalyzeFullFuture         : logi  FALSE FALSE FALSE FALSE FALSE FALSE ...
 $ Race.JyokenCd                    : Factor w/ 1 level "6": 1 1 1 1 1 1 1 1 1 1 ...
 $ Race.RaceType1Cd                 : Factor w/ 1 level "2-6-X": 1 1 1 1 1 1 1 1 1 1 ...
 $ RaceHorse.RaceId                 : Factor w/ 467 levels "20160109-06-01-02-03",..: 2 2 2 2 2 2 2 2 2 2 ...
 $ RaceHorse.KettoNum               : Factor w/ 6841 levels "2013105260","2013104765",..: 11 12 13 14 15 16 17 18 19 20 ...
 $ RaceHorse.IsHit1                 : int  0 0 1 0 0 0 0 0 0 0 ...
 $ RaceHorse.IsHit2                 : int  0 0 0 0 0 0 1 0 0 0 ...
 $ RaceHorse.IsHit3                 : int  0 0 0 0 0 0 0 0 0 0 ...
 $ RaceHorse.IsHit4                 : int  0 1 0 0 0 0 0 0 0 0 ...
 $ RaceHorse.IsHit5                 : int  0 0 0 0 0 0 0 0 0 0 ...
 $ RaceHorse.IsHit6                 : int  1 0 0 1 1 1 0 1 1 1 ...
 $ RaceHorse.IsValidRaceHorse       : logi  TRUE TRUE TRUE TRUE TRUE TRUE ...
 $ RaceHorse.IsHitA                 : int  0 0 1 0 0 0 0 0 0 0 ...
 $ RaceHorse.IsHitB                 : int  0 0 1 0 0 0 1 0 0 0 ...
 $ RaceHorse.IsHitC                 : int  0 0 1 0 0 0 1 0 0 0 ...
 $ OddsByWin.Odds1                  : num  265.6 13.3 1.8 122.6 8 ...
 $ OddsByWin.Ninki                  : num  16 4 1 13 3 6 7 10 14 9 ...
 $ OddsByWin.OddsLog1               : num  5.59 2.66 1.03 4.82 2.2 ...
 $ OddsByWin.OddsRatio1             : num  0.00378 0.0813 1.25 0.00822 0.14286 ...
 $ OddsByWin.OddsLogit1             : num  -5.582 -2.588 -0.588 -4.809 -2.079 ...
 $ OddsByWin.ApprovalRate1          : num  0.00377 0.07519 0.55556 0.00816 0.125 ...
 $ OddsByWin.ApprovalRateLog1       : num  0.00376 0.0725 0.44183 0.00812 0.11778 ...
 $ EOF                              : int  1 1 1 1 1 1 1 1 1 1 ...
[1] "2022-02-21 22:17:28 --- RxSqlServerData Finish ---"
[1] "2022-02-21 22:17:28 --- subset Start ---"
[1] "--------------------------------------------------------------------------------"
[1] "nrow(data) subset before=6857"
[1] "nrow(data) subset after =6857"
[1] "nrow(data) subset diff =0"
[1] "--------------------------------------------------------------------------------"
[1] "2022-02-21 22:17:28 --- subset Finish---"
[1] "2022-02-21 22:17:28 --- transform Start ---"
[1] "--------------------------------------------------------------------------------"
[1] "nrow(data) transform before=6857"
[1] "nrow(data) transform after=6857"
[1] "nrow(data) transform diff=0"
[1] "--------------------------------------------------------------------------------"
[1] "str(data)="
'data.frame':	6857 obs. of  30 variables:
 $ Race.RaceId                      : Factor w/ 467 levels "20160109-06-01-02-03",..: 2 2 2 2 2 2 2 2 2 2 ...
 $ Race.IsPredictedRace             : logi  TRUE TRUE TRUE TRUE TRUE TRUE ...
 $ Race.IsAnalyzeNormalPastAndFuture: logi  TRUE TRUE TRUE TRUE TRUE TRUE ...
 $ Race.IsAnalyzeNormalPast         : logi  TRUE TRUE TRUE TRUE TRUE TRUE ...
 $ Race.IsAnalyzeNormalFuture       : logi  FALSE FALSE FALSE FALSE FALSE FALSE ...
 $ Race.IsAnalyzeFullPastAndFuture  : logi  TRUE TRUE TRUE TRUE TRUE TRUE ...
 $ Race.IsAnalyzeFullPast           : logi  TRUE TRUE TRUE TRUE TRUE TRUE ...
 $ Race.IsAnalyzeFullFuture         : logi  FALSE FALSE FALSE FALSE FALSE FALSE ...
 $ Race.JyokenCd                    : Factor w/ 1 level "6": 1 1 1 1 1 1 1 1 1 1 ...
 $ Race.RaceType1Cd                 : Factor w/ 1 level "2-6-X": 1 1 1 1 1 1 1 1 1 1 ...
 $ RaceHorse.RaceId                 : Factor w/ 467 levels "20160109-06-01-02-03",..: 2 2 2 2 2 2 2 2 2 2 ...
 $ RaceHorse.KettoNum               : Factor w/ 6841 levels "2013105260","2013104765",..: 11 12 13 14 15 16 17 18 19 20 ...
 $ RaceHorse.IsHit1                 : int  0 0 1 0 0 0 0 0 0 0 ...
 $ RaceHorse.IsHit2                 : int  0 0 0 0 0 0 1 0 0 0 ...
 $ RaceHorse.IsHit3                 : int  0 0 0 0 0 0 0 0 0 0 ...
 $ RaceHorse.IsHit4                 : int  0 1 0 0 0 0 0 0 0 0 ...
 $ RaceHorse.IsHit5                 : int  0 0 0 0 0 0 0 0 0 0 ...
 $ RaceHorse.IsHit6                 : int  1 0 0 1 1 1 0 1 1 1 ...
 $ RaceHorse.IsValidRaceHorse       : logi  TRUE TRUE TRUE TRUE TRUE TRUE ...
 $ RaceHorse.IsHitA                 : int  0 0 1 0 0 0 0 0 0 0 ...
 $ RaceHorse.IsHitB                 : int  0 0 1 0 0 0 1 0 0 0 ...
 $ RaceHorse.IsHitC                 : int  0 0 1 0 0 0 1 0 0 0 ...
 $ OddsByWin.Odds1                  : num  265.6 13.3 1.8 122.6 8 ...
 $ OddsByWin.Ninki                  : num  16 4 1 13 3 6 7 10 14 9 ...
 $ OddsByWin.OddsLog1               : num  5.59 2.66 1.03 4.82 2.2 ...
 $ OddsByWin.OddsRatio1             : num  0.00378 0.0813 1.25 0.00822 0.14286 ...
 $ OddsByWin.OddsLogit1             : num  -5.582 -2.588 -0.588 -4.809 -2.079 ...
 $ OddsByWin.ApprovalRate1          : num  0.00377 0.07519 0.55556 0.00816 0.125 ...
 $ OddsByWin.ApprovalRateLog1       : num  0.00376 0.0725 0.44183 0.00812 0.11778 ...
 $ EOF                              : int  1 1 1 1 1 1 1 1 1 1 ...
NULL
[1] "2022-02-21 22:17:29 --- transform Finish ---"
[1] "2022-02-21 22:17:29 --- na.omit Start ---"
[1] "--------------------------------------------------------------------------------"
[1] "nrow(data) na.omit before=6857"
[1] "nrow(data) na.omit after =6833"
[1] "nrow(data) na.omit diff =24"
[1] "--------------------------------------------------------------------------------"
'data.frame':	6833 obs. of  30 variables:
 $ Race.RaceId                      : Factor w/ 467 levels "20160109-06-01-02-03",..: 2 2 2 2 2 2 2 2 2 2 ...
 $ Race.IsPredictedRace             : logi  TRUE TRUE TRUE TRUE TRUE TRUE ...
 $ Race.IsAnalyzeNormalPastAndFuture: logi  TRUE TRUE TRUE TRUE TRUE TRUE ...
 $ Race.IsAnalyzeNormalPast         : logi  TRUE TRUE TRUE TRUE TRUE TRUE ...
 $ Race.IsAnalyzeNormalFuture       : logi  FALSE FALSE FALSE FALSE FALSE FALSE ...
 $ Race.IsAnalyzeFullPastAndFuture  : logi  TRUE TRUE TRUE TRUE TRUE TRUE ...
 $ Race.IsAnalyzeFullPast           : logi  TRUE TRUE TRUE TRUE TRUE TRUE ...
 $ Race.IsAnalyzeFullFuture         : logi  FALSE FALSE FALSE FALSE FALSE FALSE ...
 $ Race.JyokenCd                    : Factor w/ 1 level "6": 1 1 1 1 1 1 1 1 1 1 ...
 $ Race.RaceType1Cd                 : Factor w/ 1 level "2-6-X": 1 1 1 1 1 1 1 1 1 1 ...
 $ RaceHorse.RaceId                 : Factor w/ 467 levels "20160109-06-01-02-03",..: 2 2 2 2 2 2 2 2 2 2 ...
 $ RaceHorse.KettoNum               : Factor w/ 6841 levels "2013105260","2013104765",..: 11 12 13 14 15 16 17 18 19 20 ...
 $ RaceHorse.IsHit1                 : int  0 0 1 0 0 0 0 0 0 0 ...
 $ RaceHorse.IsHit2                 : int  0 0 0 0 0 0 1 0 0 0 ...
 $ RaceHorse.IsHit3                 : int  0 0 0 0 0 0 0 0 0 0 ...
 $ RaceHorse.IsHit4                 : int  0 1 0 0 0 0 0 0 0 0 ...
 $ RaceHorse.IsHit5                 : int  0 0 0 0 0 0 0 0 0 0 ...
 $ RaceHorse.IsHit6                 : int  1 0 0 1 1 1 0 1 1 1 ...
 $ RaceHorse.IsValidRaceHorse       : logi  TRUE TRUE TRUE TRUE TRUE TRUE ...
 $ RaceHorse.IsHitA                 : int  0 0 1 0 0 0 0 0 0 0 ...
 $ RaceHorse.IsHitB                 : int  0 0 1 0 0 0 1 0 0 0 ...
 $ RaceHorse.IsHitC                 : int  0 0 1 0 0 0 1 0 0 0 ...
 $ OddsByWin.Odds1                  : num  265.6 13.3 1.8 122.6 8 ...
 $ OddsByWin.Ninki                  : num  16 4 1 13 3 6 7 10 14 9 ...
 $ OddsByWin.OddsLog1               : num  5.59 2.66 1.03 4.82 2.2 ...
 $ OddsByWin.OddsRatio1             : num  0.00378 0.0813 1.25 0.00822 0.14286 ...
 $ OddsByWin.OddsLogit1             : num  -5.582 -2.588 -0.588 -4.809 -2.079 ...
 $ OddsByWin.ApprovalRate1          : num  0.00377 0.07519 0.55556 0.00816 0.125 ...
 $ OddsByWin.ApprovalRateLog1       : num  0.00376 0.0725 0.44183 0.00812 0.11778 ...
 $ EOF                              : int  1 1 1 1 1 1 1 1 1 1 ...
 - attr(*, "na.action")= 'omit' Named int  590 668 752 811 817 849 878 1303 1580 2064 ...
  ..- attr(*, "names")= chr  "590" "668" "752" "811" ...
[1] "2022-02-21 22:17:30 --- na.omit Finish ---"
[1] "2022-02-21 22:17:30 --- rxGlm with rxStepControl Start ---"

> print(paste0(Sys.time(), " --- source_logic_glm.R Start ---"))
[1] "2022-02-21 22:17:30 --- source_logic_glm.R Start ---"

> formula <- formula(RaceHorse.IsHitA ~ +1 + OddsByWin.OddsLogit1)

> print(paste0(Sys.time(), " --- source_logic_glm.R Finished ---"))
[1] "2022-02-21 22:17:30 --- source_logic_glm.R Finished ---"
Rows Read: 6833, Total Rows Processed: 6833, Total Chunk Time: Less than .001 seconds 

Starting values (iteration 1) time: 0.029 secs.
Rows Read: 6833, Total Rows Processed: 6833, Total Chunk Time: Less than .001 seconds 

Iteration 2 time: 0.012 secs.
Rows Read: 6833, Total Rows Processed: 6833, Total Chunk Time: 0.002 seconds 

Iteration 3 time: 0.022 secs.
Rows Read: 6833, Total Rows Processed: 6833, Total Chunk Time: 0.002 seconds 

Iteration 4 time: 0.017 secs.
Rows Read: 6833, Total Rows Processed: 6833, Total Chunk Time: 0.002 seconds 

Iteration 5 time: 0.013 secs.
Rows Read: 6833, Total Rows Processed: 6833, Total Chunk Time: Less than .001 seconds 

Iteration 6 time: 0.016 secs.

Elapsed computation time: 0.190 secs.
Rows Read: 6833, Total Rows Processed: 6833, Total Chunk Time: Less than .001 seconds 

Starting values (iteration 1) time: 0.016 secs.
Rows Read: 6833, Total Rows Processed: 6833, Total Chunk Time: 0.002 seconds 

Iteration 2 time: 0.021 secs.

Elapsed computation time: 0.074 secs.
Rows Read: 6833, Total Rows Processed: 6833, Total Chunk Time: 0.001 seconds 

Starting values (iteration 1) time: 0.016 secs.
Rows Read: 6833, Total Rows Processed: 6833, Total Chunk Time: 0.001 seconds 

Iteration 2 time: 0.018 secs.
Rows Read: 6833, Total Rows Processed: 6833, Total Chunk Time: Less than .001 seconds 

Iteration 3 time: 0.014 secs.
Rows Read: 6833, Total Rows Processed: 6833, Total Chunk Time: Less than .001 seconds 

Iteration 4 time: 0.013 secs.
Rows Read: 6833, Total Rows Processed: 6833, Total Chunk Time: 0.002 seconds 

Iteration 5 time: 0.012 secs.
Rows Read: 6833, Total Rows Processed: 6833, Total Chunk Time: 0.001 seconds 

Iteration 6 time: 0.010 secs.

Elapsed computation time: 0.180 secs.

Elapsed computation time: 0.493 secs.
[1] "--------------------------------------------------------------------------------"
[1] "analyze.results.glm.step="
Logistic Regression Results for: RaceHorse.IsHitA ~
    OddsByWin.OddsLogit1
Data: data
Dependent variable(s): RaceHorse.IsHitA
Total independent variables: 2 
Number of valid observations: 6833
Number of missing observations: 0 
 
Coefficients:
                     RaceHorse.IsHitA
(Intercept)                       0.3
OddsByWin.OddsLogit1              1.1
[1] "analyze.results.glm.step.summary"
Call:
rxLogit(formula = formula, data = data, variableSelection = analyze.results.glm.step.varsel)

Logistic Regression Results for: RaceHorse.IsHitA ~
    OddsByWin.OddsLogit1
Data: data
Dependent variable(s): RaceHorse.IsHitA
Total independent variables: 2 
Number of valid observations: 6833
Number of missing observations: 0 
-2*LogLikelihood: 2713.392 (Residual deviance on 6831 degrees of freedom)
 
Coefficients:
                     Estimate Std. Error z value Pr(>|z|)    
(Intercept)            0.2508     0.1125    2.23    0.026 *  
OddsByWin.OddsLogit1   1.1306     0.0518   21.84  2.2e-16 ***
---
Signif. codes:  0 '***' 0.001 '**' 0.01 '*' 0.05 '.' 0.1 ' ' 1

Condition number of final variance-covariance matrix: 1 
Number of iterations: 6
[1] "--------------------------------------------------------------------------------"
[1] "2022-02-21 22:17:31 --- rxGlm with rxStepControl Finish ---"
[1] "2022-02-21 22:17:31 --- rxStepPlot Start ---"
[1] "pdfFilename=pdf_analyze_glm_Odds_Type26_rxStepPlot.pdf"
[1] "rxStepPlot="
[1] "2022-02-21 22:17:31 --- rxStepPlot Finish ---"
[1] "2022-02-21 22:17:31 --- save.image Start ---"
[1] "save.image"
[1] "rdataFilename=RData_analyze_glm_Odds_Type26.RData"
[1] "2022-02-21 22:17:32 --- save.image Finish ---"
[1] "2022-02-21 22:17:32 --- final Start ---"
[1] "--------------------------------------------------------------------------------"
[1] "nrow(data) final=6833"
[1] "--------------------------------------------------------------------------------"
[1] "2022-02-21 22:17:32 --- final Finish ---"
[1] "2022-02-21 22:17:32 --- analyze_glm.R Finished ---"
[1] "2022-02-21 22:17:32 --- log Finish ---"
