[1] "2022-03-08 18:25:14 --- D1115_analyze_glm_Gen01_IsHitA_Type22 Start ---"
[1] "2022-03-08 18:25:14 --- Log Start ---"
[1] "2022-03-08 18:25:14 --- analyze_glm.R Start ---"
[1] "analyzeVersion=D1115"
[1] "analyzeCategory=analyze"
[1] "analyzeType=Gen01"
[1] "analyzeFamily=IsHitA"
[1] "analyzeFunc=glm"
[1] "analyzeTrackTypeCd=2"
[1] "analyzeJyokenCd=2"
[1] "2022-03-08 18:25:14 --- source_function.R Start ---"
[1] "2022-03-08 18:25:14 --- source_function.R Finished ---"

> print(paste0(Sys.time(), " --- source_library.R Start ---"))
[1] "2022-03-08 18:25:14 --- source_library.R Start ---"

> require("RevoScaleR")

> print(paste0(Sys.time(), " --- source_library.R Finished ---"))
[1] "2022-03-08 18:25:19 --- source_library.R Finished ---"
[1] "2022-03-08 18:25:19 --- RxSqlServerData Start ---"
[1] "2022-03-08 18:25:19 --- RxInSqlServer Start ---"
[1] "2022-03-08 18:25:19 --- RxInSqlServer Finish ---"
[1] "2022-03-08 18:25:19 --- rxSetComputeContext Start ---"
[1] "2022-03-08 18:25:19 --- rxSetComputeContext Finish ---"
[1] "2022-03-08 18:25:19 --- RxSqlServerData Start ---"
[1] "sqlQuery=SELECT * FROM ViewAnalyzeD1115analyze01Gen01Type22"
[1] "2022-03-08 18:25:19 --- RxSqlServerData Finish ---"
[1] "2022-03-08 18:25:19 --- rxGetVarInfo Start ---"
[1] "2022-03-08 18:25:20 --- rxGetVarInfo Finish---"
[1] "2022-03-08 18:25:20 --- rxImport Start ---"
Rows Read: 5565, Total Rows Processed: 5565, Total Chunk Time: 194.778 seconds 
[1] "2022-03-08 18:36:47 --- rxImport Finish ---"
[1] "object.size(data) auto=1.9 Mb"
[1] "--------------------------------------------------------------------------------"
[1] "nrow(data) RxSqlServerData=5565"
[1] "--------------------------------------------------------------------------------"
[1] "str(data)="
'data.frame':	5565 obs. of  48 variables:
 $ Race.RaceId                      : Factor w/ 399 levels "20160105-08-01-01-09",..: 1 1 1 2 3 5 5 5 8 9 ...
 $ Race.IsAnalyzeNormalPastAndFuture: logi  TRUE TRUE TRUE TRUE TRUE TRUE ...
 $ Race.IsAnalyzeNormalPast         : logi  TRUE TRUE TRUE TRUE TRUE TRUE ...
 $ Race.IsAnalyzeNormalFuture       : logi  FALSE FALSE FALSE FALSE FALSE FALSE ...
 $ Race.IsAnalyzeFullPastAndFuture  : logi  TRUE TRUE TRUE TRUE TRUE TRUE ...
 $ Race.IsAnalyzeFullPast           : logi  TRUE TRUE TRUE TRUE TRUE TRUE ...
 $ Race.IsAnalyzeFullFuture         : logi  FALSE FALSE FALSE FALSE FALSE FALSE ...
 $ Race.JyokenCd                    : Factor w/ 1 level "2": 1 1 1 1 1 1 1 1 1 1 ...
 $ Race.JyoType1Cd                  : Factor w/ 71 levels "24-08-1900-1",..: 1 1 1 2 3 5 5 5 8 9 ...
 $ Race.RaceType1Cd                 : Factor w/ 2 levels "2-2-14","2-2-13": 1 1 1 1 1 1 1 1 1 1 ...
 $ RaceHorse.RaceId                 : Factor w/ 399 levels "20160105-08-01-01-09",..: 1 1 1 2 3 5 5 5 8 9 ...
 $ RaceHorse.KettoNum               : Factor w/ 1160 levels "2009106416","2010104208",..: 11 12 13 14 15 11 16 17 18 11 ...
 $ RaceHorse.IsHit1                 : num  0 0 0 0 0 0 0 0 0 0 ...
 $ RaceHorse.IsHit2                 : num  0 0 0 0 0 0 0 0 0 0 ...
 $ RaceHorse.IsHit3                 : num  0 0 0 0 0 0 0 0 0 0 ...
 $ RaceHorse.IsHit4                 : num  1 0 0 0 0 0 0 1 0 1 ...
 $ RaceHorse.IsHit5                 : num  0 0 0 0 0 1 0 0 0 0 ...
 $ RaceHorse.IsHit6                 : num  0 1 1 1 1 0 1 0 1 0 ...
 $ RaceHorse.IsValidRaceHorse       : logi  TRUE TRUE TRUE TRUE TRUE TRUE ...
 $ RaceHorse.FinishTimeSdvByRace    : num  0.628 -1.13 0.126 -0.773 -1.772 ...
 $ RaceHorse.FirstTimeSdvByRace     : num  -1.28 -1.608 0.689 -0.229 0.473 ...
 $ RaceHorse.LastTimeSdvByRace      : num  1.876 0.117 -0.469 -0.443 -1.967 ...
 $ RaceHorse.FinishTimeSdv          : num  1.026 0.704 0.934 0.957 0.14 ...
 $ RaceHorse.FirstTimeSdv           : num  -0.262 -0.331 0.152 0.941 -1.076 ...
 $ RaceHorse.LastTimeSdv            : num  1.633 1.258 1.133 0.554 0.94 ...
 $ RaceHorse.IsHitA                 : num  0 0 0 0 0 0 0 0 0 0 ...
 $ RaceHorse.IsHitB                 : num  0 0 0 0 0 0 0 0 0 0 ...
 $ RaceHorse.IsHitC                 : num  0 0 0 0 0 0 0 0 0 0 ...
 $ Gen01.HansyokuNum                : Factor w/ 207 levels "11201964","11201907",..: 10 11 1 3 12 10 13 7 14 10 ...
 $ Gen01.FinishTimeSdvByRaceAvg     : num  0.0752 0.6328 0.3069 0.0687 0.1828 ...
 $ Gen01.FirstTimeSdvByRaceAvg      : num  -0.7353 0.0206 0.4076 -0.2259 -0.1376 ...
 $ Gen01.LastTimeSdvByRaceAvg       : num  0.4714 0.6324 0.0786 0.2029 0.1733 ...
 $ Gen01.FinishTimeSdvAvg           : num  1.13 1.23 1.15 1.04 1.36 ...
 $ Gen01.FirstTimeSdvAvg            : num  0.51 0.657 0.974 0.618 1.064 ...
 $ Gen01.LastTimeSdvAvg             : num  1.105 1.156 0.768 0.905 0.983 ...
 $ Gen01.RealOddsLog1Avg            : num  3.98 2.86 3.24 3.42 4.05 ...
 $ Gen01.RunCount                   : num  32 25 78 103 5 34 32 143 178 36 ...
 $ Gen01.HitCount1                  : num  1 4 5 3 0 1 5 13 14 1 ...
 $ Gen01.HitCount2                  : num  1 3 16 7 0 1 0 8 16 1 ...
 $ Gen01.HitCount3                  : num  4 4 4 4 1 4 0 12 13 4 ...
 $ Gen01.HitCount4                  : num  1 2 4 8 0 2 1 17 15 2 ...
 $ Gen01.HitCount5                  : num  0 1 8 9 0 0 2 15 10 2 ...
 $ Gen01.HitRate1                   : num  0.0312 0.16 0.0641 0.0291 0 ...
 $ Gen01.HitRate2                   : num  0.0312 0.12 0.2051 0.068 0 ...
 $ Gen01.HitRate3                   : num  0.125 0.16 0.0513 0.0388 0.2 ...
 $ Gen01.HitRate4                   : num  0.0312 0.08 0.0513 0.0777 0 ...
 $ Gen01.HitRate5                   : num  0 0.04 0.1026 0.0874 0 ...
 $ EOF                              : int  1 1 1 1 1 1 1 1 1 1 ...
[1] "2022-03-08 18:36:47 --- RxSqlServerData Finish ---"
[1] "2022-03-08 18:36:47 --- subset Start ---"
[1] "--------------------------------------------------------------------------------"
[1] "nrow(data) subset before=5565"
[1] "nrow(data) subset after =5565"
[1] "nrow(data) subset diff =0"
[1] "--------------------------------------------------------------------------------"
[1] "2022-03-08 18:36:47 --- subset Finish---"
[1] "2022-03-08 18:36:47 --- transform Start ---"
[1] "--------------------------------------------------------------------------------"
[1] "nrow(data) transform before=5565"
[1] "nrow(data) transform after=5565"
[1] "nrow(data) transform diff=0"
[1] "--------------------------------------------------------------------------------"
[1] "str(data)="
'data.frame':	5565 obs. of  48 variables:
 $ Race.RaceId                      : Factor w/ 399 levels "20160105-08-01-01-09",..: 1 1 1 2 3 5 5 5 8 9 ...
 $ Race.IsAnalyzeNormalPastAndFuture: logi  TRUE TRUE TRUE TRUE TRUE TRUE ...
 $ Race.IsAnalyzeNormalPast         : logi  TRUE TRUE TRUE TRUE TRUE TRUE ...
 $ Race.IsAnalyzeNormalFuture       : logi  FALSE FALSE FALSE FALSE FALSE FALSE ...
 $ Race.IsAnalyzeFullPastAndFuture  : logi  TRUE TRUE TRUE TRUE TRUE TRUE ...
 $ Race.IsAnalyzeFullPast           : logi  TRUE TRUE TRUE TRUE TRUE TRUE ...
 $ Race.IsAnalyzeFullFuture         : logi  FALSE FALSE FALSE FALSE FALSE FALSE ...
 $ Race.JyokenCd                    : Factor w/ 1 level "2": 1 1 1 1 1 1 1 1 1 1 ...
 $ Race.JyoType1Cd                  : Factor w/ 71 levels "24-08-1900-1",..: 1 1 1 2 3 5 5 5 8 9 ...
 $ Race.RaceType1Cd                 : Factor w/ 2 levels "2-2-14","2-2-13": 1 1 1 1 1 1 1 1 1 1 ...
 $ RaceHorse.RaceId                 : Factor w/ 399 levels "20160105-08-01-01-09",..: 1 1 1 2 3 5 5 5 8 9 ...
 $ RaceHorse.KettoNum               : Factor w/ 1160 levels "2009106416","2010104208",..: 11 12 13 14 15 11 16 17 18 11 ...
 $ RaceHorse.IsHit1                 : num  0 0 0 0 0 0 0 0 0 0 ...
 $ RaceHorse.IsHit2                 : num  0 0 0 0 0 0 0 0 0 0 ...
 $ RaceHorse.IsHit3                 : num  0 0 0 0 0 0 0 0 0 0 ...
 $ RaceHorse.IsHit4                 : num  1 0 0 0 0 0 0 1 0 1 ...
 $ RaceHorse.IsHit5                 : num  0 0 0 0 0 1 0 0 0 0 ...
 $ RaceHorse.IsHit6                 : num  0 1 1 1 1 0 1 0 1 0 ...
 $ RaceHorse.IsValidRaceHorse       : logi  TRUE TRUE TRUE TRUE TRUE TRUE ...
 $ RaceHorse.FinishTimeSdvByRace    : num  0.628 -1.13 0.126 -0.773 -1.772 ...
 $ RaceHorse.FirstTimeSdvByRace     : num  -1.28 -1.608 0.689 -0.229 0.473 ...
 $ RaceHorse.LastTimeSdvByRace      : num  1.876 0.117 -0.469 -0.443 -1.967 ...
 $ RaceHorse.FinishTimeSdv          : num  1.026 0.704 0.934 0.957 0.14 ...
 $ RaceHorse.FirstTimeSdv           : num  -0.262 -0.331 0.152 0.941 -1.076 ...
 $ RaceHorse.LastTimeSdv            : num  1.633 1.258 1.133 0.554 0.94 ...
 $ RaceHorse.IsHitA                 : num  0 0 0 0 0 0 0 0 0 0 ...
 $ RaceHorse.IsHitB                 : num  0 0 0 0 0 0 0 0 0 0 ...
 $ RaceHorse.IsHitC                 : num  0 0 0 0 0 0 0 0 0 0 ...
 $ Gen01.HansyokuNum                : Factor w/ 207 levels "11201964","11201907",..: 10 11 1 3 12 10 13 7 14 10 ...
 $ Gen01.FinishTimeSdvByRaceAvg     : num  0.0752 0.6328 0.3069 0.0687 0.1828 ...
 $ Gen01.FirstTimeSdvByRaceAvg      : num  -0.7353 0.0206 0.4076 -0.2259 -0.1376 ...
 $ Gen01.LastTimeSdvByRaceAvg       : num  0.4714 0.6324 0.0786 0.2029 0.1733 ...
 $ Gen01.FinishTimeSdvAvg           : num  1.13 1.23 1.15 1.04 1.36 ...
 $ Gen01.FirstTimeSdvAvg            : num  0.51 0.657 0.974 0.618 1.064 ...
 $ Gen01.LastTimeSdvAvg             : num  1.105 1.156 0.768 0.905 0.983 ...
 $ Gen01.RealOddsLog1Avg            : num  3.98 2.86 3.24 3.42 4.05 ...
 $ Gen01.RunCount                   : num  32 25 78 103 5 34 32 143 178 36 ...
 $ Gen01.HitCount1                  : num  1 4 5 3 0 1 5 13 14 1 ...
 $ Gen01.HitCount2                  : num  1 3 16 7 0 1 0 8 16 1 ...
 $ Gen01.HitCount3                  : num  4 4 4 4 1 4 0 12 13 4 ...
 $ Gen01.HitCount4                  : num  1 2 4 8 0 2 1 17 15 2 ...
 $ Gen01.HitCount5                  : num  0 1 8 9 0 0 2 15 10 2 ...
 $ Gen01.HitRate1                   : num  0.0312 0.16 0.0641 0.0291 0 ...
 $ Gen01.HitRate2                   : num  0.0312 0.12 0.2051 0.068 0 ...
 $ Gen01.HitRate3                   : num  0.125 0.16 0.0513 0.0388 0.2 ...
 $ Gen01.HitRate4                   : num  0.0312 0.08 0.0513 0.0777 0 ...
 $ Gen01.HitRate5                   : num  0 0.04 0.1026 0.0874 0 ...
 $ EOF                              : int  1 1 1 1 1 1 1 1 1 1 ...
NULL
[1] "2022-03-08 18:36:48 --- transform Finish ---"
[1] "2022-03-08 18:36:48 --- na.omit Start ---"
[1] "--------------------------------------------------------------------------------"
[1] "nrow(data) na.omit before=5565"
[1] "nrow(data) na.omit after =5528"
[1] "nrow(data) na.omit diff =37"
[1] "--------------------------------------------------------------------------------"
'data.frame':	5528 obs. of  48 variables:
 $ Race.RaceId                      : Factor w/ 399 levels "20160105-08-01-01-09",..: 1 1 1 2 3 5 5 5 8 9 ...
 $ Race.IsAnalyzeNormalPastAndFuture: logi  TRUE TRUE TRUE TRUE TRUE TRUE ...
 $ Race.IsAnalyzeNormalPast         : logi  TRUE TRUE TRUE TRUE TRUE TRUE ...
 $ Race.IsAnalyzeNormalFuture       : logi  FALSE FALSE FALSE FALSE FALSE FALSE ...
 $ Race.IsAnalyzeFullPastAndFuture  : logi  TRUE TRUE TRUE TRUE TRUE TRUE ...
 $ Race.IsAnalyzeFullPast           : logi  TRUE TRUE TRUE TRUE TRUE TRUE ...
 $ Race.IsAnalyzeFullFuture         : logi  FALSE FALSE FALSE FALSE FALSE FALSE ...
 $ Race.JyokenCd                    : Factor w/ 1 level "2": 1 1 1 1 1 1 1 1 1 1 ...
 $ Race.JyoType1Cd                  : Factor w/ 71 levels "24-08-1900-1",..: 1 1 1 2 3 5 5 5 8 9 ...
 $ Race.RaceType1Cd                 : Factor w/ 2 levels "2-2-14","2-2-13": 1 1 1 1 1 1 1 1 1 1 ...
 $ RaceHorse.RaceId                 : Factor w/ 399 levels "20160105-08-01-01-09",..: 1 1 1 2 3 5 5 5 8 9 ...
 $ RaceHorse.KettoNum               : Factor w/ 1160 levels "2009106416","2010104208",..: 11 12 13 14 15 11 16 17 18 11 ...
 $ RaceHorse.IsHit1                 : num  0 0 0 0 0 0 0 0 0 0 ...
 $ RaceHorse.IsHit2                 : num  0 0 0 0 0 0 0 0 0 0 ...
 $ RaceHorse.IsHit3                 : num  0 0 0 0 0 0 0 0 0 0 ...
 $ RaceHorse.IsHit4                 : num  1 0 0 0 0 0 0 1 0 1 ...
 $ RaceHorse.IsHit5                 : num  0 0 0 0 0 1 0 0 0 0 ...
 $ RaceHorse.IsHit6                 : num  0 1 1 1 1 0 1 0 1 0 ...
 $ RaceHorse.IsValidRaceHorse       : logi  TRUE TRUE TRUE TRUE TRUE TRUE ...
 $ RaceHorse.FinishTimeSdvByRace    : num  0.628 -1.13 0.126 -0.773 -1.772 ...
 $ RaceHorse.FirstTimeSdvByRace     : num  -1.28 -1.608 0.689 -0.229 0.473 ...
 $ RaceHorse.LastTimeSdvByRace      : num  1.876 0.117 -0.469 -0.443 -1.967 ...
 $ RaceHorse.FinishTimeSdv          : num  1.026 0.704 0.934 0.957 0.14 ...
 $ RaceHorse.FirstTimeSdv           : num  -0.262 -0.331 0.152 0.941 -1.076 ...
 $ RaceHorse.LastTimeSdv            : num  1.633 1.258 1.133 0.554 0.94 ...
 $ RaceHorse.IsHitA                 : num  0 0 0 0 0 0 0 0 0 0 ...
 $ RaceHorse.IsHitB                 : num  0 0 0 0 0 0 0 0 0 0 ...
 $ RaceHorse.IsHitC                 : num  0 0 0 0 0 0 0 0 0 0 ...
 $ Gen01.HansyokuNum                : Factor w/ 207 levels "11201964","11201907",..: 10 11 1 3 12 10 13 7 14 10 ...
 $ Gen01.FinishTimeSdvByRaceAvg     : num  0.0752 0.6328 0.3069 0.0687 0.1828 ...
 $ Gen01.FirstTimeSdvByRaceAvg      : num  -0.7353 0.0206 0.4076 -0.2259 -0.1376 ...
 $ Gen01.LastTimeSdvByRaceAvg       : num  0.4714 0.6324 0.0786 0.2029 0.1733 ...
 $ Gen01.FinishTimeSdvAvg           : num  1.13 1.23 1.15 1.04 1.36 ...
 $ Gen01.FirstTimeSdvAvg            : num  0.51 0.657 0.974 0.618 1.064 ...
 $ Gen01.LastTimeSdvAvg             : num  1.105 1.156 0.768 0.905 0.983 ...
 $ Gen01.RealOddsLog1Avg            : num  3.98 2.86 3.24 3.42 4.05 ...
 $ Gen01.RunCount                   : num  32 25 78 103 5 34 32 143 178 36 ...
 $ Gen01.HitCount1                  : num  1 4 5 3 0 1 5 13 14 1 ...
 $ Gen01.HitCount2                  : num  1 3 16 7 0 1 0 8 16 1 ...
 $ Gen01.HitCount3                  : num  4 4 4 4 1 4 0 12 13 4 ...
 $ Gen01.HitCount4                  : num  1 2 4 8 0 2 1 17 15 2 ...
 $ Gen01.HitCount5                  : num  0 1 8 9 0 0 2 15 10 2 ...
 $ Gen01.HitRate1                   : num  0.0312 0.16 0.0641 0.0291 0 ...
 $ Gen01.HitRate2                   : num  0.0312 0.12 0.2051 0.068 0 ...
 $ Gen01.HitRate3                   : num  0.125 0.16 0.0513 0.0388 0.2 ...
 $ Gen01.HitRate4                   : num  0.0312 0.08 0.0513 0.0777 0 ...
 $ Gen01.HitRate5                   : num  0 0.04 0.1026 0.0874 0 ...
 $ EOF                              : int  1 1 1 1 1 1 1 1 1 1 ...
 - attr(*, "na.action")= 'omit' Named int  15 154 300 447 775 938 1004 1452 1453 1961 ...
  ..- attr(*, "names")= chr  "15" "154" "300" "447" ...
[1] "2022-03-08 18:36:48 --- na.omit Finish ---"
[1] "2022-03-08 18:36:48 --- rxLogit with rxStepControl Start ---"

> print(paste0(Sys.time(), " --- source_logic_glm.R Start ---"))
[1] "2022-03-08 18:36:48 --- source_logic_glm.R Start ---"

> formula <- formula(RaceHorse.IsHitA ~ +1 + Gen01.FinishTimeSdvByRaceAvg)

> print(paste0(Sys.time(), " --- source_logic_glm.R Finished ---"))
[1] "2022-03-08 18:36:48 --- source_logic_glm.R Finished ---"
Rows Read: 5528, Total Rows Processed: 5528, Total Chunk Time: Less than .001 seconds 

Starting values (iteration 1) time: 0.013 secs.
Rows Read: 5528, Total Rows Processed: 5528, Total Chunk Time: 0.001 seconds 

Iteration 2 time: 0.006 secs.
Rows Read: 5528, Total Rows Processed: 5528, Total Chunk Time: Less than .001 seconds 

Iteration 3 time: 0.005 secs.
Rows Read: 5528, Total Rows Processed: 5528, Total Chunk Time: 0.001 seconds 

Iteration 4 time: 0.004 secs.

Elapsed computation time: 0.035 secs.
Rows Read: 5528, Total Rows Processed: 5528, Total Chunk Time: Less than .001 seconds 

Starting values (iteration 1) time: 0.005 secs.
Rows Read: 5528, Total Rows Processed: 5528, Total Chunk Time: Less than .001 seconds 

Iteration 2 time: 0.007 secs.

Elapsed computation time: 0.023 secs.
Rows Read: 5528, Total Rows Processed: 5528, Total Chunk Time: Less than .001 seconds 

Starting values (iteration 1) time: 0.006 secs.
Rows Read: 5528, Total Rows Processed: 5528, Total Chunk Time: Less than .001 seconds 

Iteration 2 time: 0.005 secs.
Rows Read: 5528, Total Rows Processed: 5528, Total Chunk Time: Less than .001 seconds 

Iteration 3 time: 0.007 secs.
Rows Read: 5528, Total Rows Processed: 5528, Total Chunk Time: 0.001 seconds 

Iteration 4 time: 0.004 secs.

Elapsed computation time: 0.036 secs.

Elapsed computation time: 0.110 secs.
[1] "--------------------------------------------------------------------------------"
[1] "analyze.results.glm.step="
Logistic Regression Results for: RaceHorse.IsHitA ~
    Gen01.FinishTimeSdvByRaceAvg
Data: data
Dependent variable(s): RaceHorse.IsHitA
Total independent variables: 2 
Number of valid observations: 5528
Number of missing observations: 0 
 
Coefficients:
                             RaceHorse.IsHitA
(Intercept)                              -2.8
Gen01.FinishTimeSdvByRaceAvg              0.8
[1] "analyze.results.glm.step.summary"
Call:
rxLogit(formula = formula, data = data, variableSelection = analyze.results.glm.step.varsel)

Logistic Regression Results for: RaceHorse.IsHitA ~
    Gen01.FinishTimeSdvByRaceAvg
Data: data
Dependent variable(s): RaceHorse.IsHitA
Total independent variables: 2 
Number of valid observations: 5528
Number of missing observations: 0 
-2*LogLikelihood: 2731.96 (Residual deviance on 5526 degrees of freedom)
 
Coefficients:
                             Estimate Std. Error z value Pr(>|z|)    
(Intercept)                   -2.7933     0.0674  -41.43  2.2e-16 ***
Gen01.FinishTimeSdvByRaceAvg   0.8415     0.1635    5.15  2.7e-07 ***
---
Signif. codes:  0 '***' 0.001 '**' 0.01 '*' 0.05 '.' 0.1 ' ' 1

Condition number of final variance-covariance matrix: 1 
Number of iterations: 4
[1] "--------------------------------------------------------------------------------"
[1] "2022-03-08 18:36:48 --- rxLogit with rxStepControl Finish ---"
[1] "2022-03-08 18:36:48 --- rxStepPlot Start ---"
[1] "pdfFilename=pdf_analyze_glm_Gen01_Type22_rxStepPlot.pdf"
[1] "rxStepPlot="
[1] "2022-03-08 18:36:48 --- rxStepPlot Finish ---"
[1] "2022-03-08 18:36:48 --- save.image Start ---"
[1] "save.image"
[1] "rdataFilename=RData_analyze_glm_Gen01_Type22.RData"
[1] "2022-03-08 18:36:48 --- save.image Finish ---"
[1] "2022-03-08 18:36:48 --- final Start ---"
[1] "--------------------------------------------------------------------------------"
[1] "nrow(data) final=5528"
[1] "--------------------------------------------------------------------------------"
[1] "2022-03-08 18:36:48 --- final Finish ---"
[1] "2022-03-08 18:36:48 --- analyze_glm.R Finished ---"
[1] "2022-03-08 18:36:48 --- log Finish ---"
