[1] "2022-02-19 09:28:44 --- D1115_analyze_glm_DataMiningTaisen_IsHitA_Type22 Start ---"
[1] "2022-02-19 09:28:44 --- Log Start ---"
[1] "2022-02-19 09:28:44 --- analyze_glm.R Start ---"
[1] "analyzeVersion=D1115"
[1] "analyzeCategory=analyze"
[1] "analyzeType=DataMiningTaisen"
[1] "analyzeFamily=IsHitA"
[1] "analyzeFunc=glm"
[1] "analyzeTrackTypeCd=2"
[1] "analyzeJyokenCd=2"
[1] "2022-02-19 09:28:44 --- source_function.R Start ---"
[1] "2022-02-19 09:28:44 --- source_function.R Finished ---"

> print(paste0(Sys.time(), " --- source_library.R Start ---"))
[1] "2022-02-19 09:28:44 --- source_library.R Start ---"

> require("RevoScaleR")

> print(paste0(Sys.time(), " --- source_library.R Finished ---"))
[1] "2022-02-19 09:28:44 --- source_library.R Finished ---"
[1] "2022-02-19 09:28:44 --- RxSqlServerData Start ---"
[1] "2022-02-19 09:28:44 --- RxInSqlServer Start ---"
[1] "2022-02-19 09:28:44 --- RxInSqlServer Finish ---"
[1] "2022-02-19 09:28:44 --- rxSetComputeContext Start ---"
[1] "2022-02-19 09:28:44 --- rxSetComputeContext Finish ---"
[1] "2022-02-19 09:28:44 --- RxSqlServerData Start ---"
[1] "sqlQuery=SELECT * FROM ViewAnalyzeD1115analyze01DataMiningTaisenType22"
[1] "2022-02-19 09:28:44 --- RxSqlServerData Finish ---"
[1] "2022-02-19 09:28:44 --- rxGetVarInfo Start ---"
[1] "2022-02-19 09:28:45 --- rxGetVarInfo Finish---"
[1] "2022-02-19 09:28:45 --- rxImport Start ---"
Rows Read: 5791, Total Rows Processed: 5791, Total Chunk Time: 0.376 seconds 
[1] "2022-02-19 09:28:46 --- rxImport Finish ---"
[1] "object.size(data) auto=855.6 Kb"
[1] "--------------------------------------------------------------------------------"
[1] "nrow(data) RxSqlServerData=5791"
[1] "--------------------------------------------------------------------------------"
[1] "str(data)="
'data.frame':	5791 obs. of  29 variables:
 $ Race.RaceId                      : Factor w/ 399 levels "20160124-08-01-08-10",..: 6 6 6 7 7 7 8 8 9 10 ...
 $ Race.IsPredictedRace             : logi  TRUE TRUE TRUE TRUE TRUE TRUE ...
 $ Race.IsAnalyzeNormalPastAndFuture: logi  TRUE TRUE TRUE TRUE TRUE TRUE ...
 $ Race.IsAnalyzeNormalPast         : logi  TRUE TRUE TRUE TRUE TRUE TRUE ...
 $ Race.IsAnalyzeNormalFuture       : logi  FALSE FALSE FALSE FALSE FALSE FALSE ...
 $ Race.IsAnalyzeFullPastAndFuture  : logi  TRUE TRUE TRUE TRUE TRUE TRUE ...
 $ Race.IsAnalyzeFullPast           : logi  TRUE TRUE TRUE TRUE TRUE TRUE ...
 $ Race.IsAnalyzeFullFuture         : logi  FALSE FALSE FALSE FALSE FALSE FALSE ...
 $ Race.JyokenCd                    : Factor w/ 1 level "2": 1 1 1 1 1 1 1 1 1 1 ...
 $ Race.JyoType1Cd                  : Factor w/ 71 levels "2-08-1200-1",..: 6 6 6 7 7 7 8 8 9 10 ...
 $ Race.RaceType0Cd                 : Factor w/ 114 levels "2-08-1200-1-2-E-14",..: 6 6 6 7 7 7 8 8 9 10 ...
 $ Race.RaceType1Cd                 : Factor w/ 1 level "2-2-E": 1 1 1 1 1 1 1 1 1 1 ...
 $ Race.RaceType2Cd                 : Factor w/ 1 level "2-2-E": 1 1 1 1 1 1 1 1 1 1 ...
 $ Race.RaceType3Cd                 : Factor w/ 2 levels "2-E-14","2-E-13": 2 2 2 2 2 2 2 2 2 2 ...
 $ Race.RaceType4Cd                 : Factor w/ 2 levels "2-2-14","2-2-13": 2 2 2 2 2 2 2 2 2 2 ...
 $ RaceHorse.RaceId                 : Factor w/ 399 levels "20160124-08-01-08-10",..: 6 6 6 7 7 7 8 8 9 10 ...
 $ RaceHorse.KettoNum               : Factor w/ 1205 levels "2010102494","2012105770",..: 11 12 13 3 14 15 16 17 18 19 ...
 $ RaceHorse.IsHit1                 : int  0 0 0 0 0 0 0 0 0 0 ...
 $ RaceHorse.IsHit2                 : int  0 0 0 0 0 0 0 0 0 0 ...
 $ RaceHorse.IsHit3                 : int  0 0 0 0 1 0 0 0 0 0 ...
 $ RaceHorse.IsHit4                 : int  0 0 0 0 0 0 0 0 0 0 ...
 $ RaceHorse.IsHit5                 : int  0 0 0 0 0 0 1 0 0 0 ...
 $ RaceHorse.IsHit6                 : int  1 1 1 1 0 1 0 1 1 1 ...
 $ RaceHorse.IsValidRaceHorse       : logi  TRUE TRUE TRUE TRUE TRUE TRUE ...
 $ RaceHorse.IsHitA                 : int  0 0 0 0 0 0 0 0 0 0 ...
 $ RaceHorse.IsHitB                 : int  0 0 0 0 0 0 0 0 0 0 ...
 $ RaceHorse.IsHitC                 : int  0 0 0 0 1 0 0 0 0 0 ...
 $ DataMiningTaisen.TmScoreSdv      : num  -0.739 0.303 -1.003 -2.459 -0.119 ...
 $ EOF                              : int  1 1 1 1 1 1 1 1 1 1 ...
[1] "2022-02-19 09:28:46 --- RxSqlServerData Finish ---"
[1] "2022-02-19 09:28:46 --- subset Start ---"
[1] "--------------------------------------------------------------------------------"
[1] "nrow(data) subset before=5791"
[1] "nrow(data) subset after =5791"
[1] "nrow(data) subset diff =0"
[1] "--------------------------------------------------------------------------------"
[1] "2022-02-19 09:28:46 --- subset Finish---"
[1] "2022-02-19 09:28:46 --- transform Start ---"
[1] "--------------------------------------------------------------------------------"
[1] "nrow(data) transform before=5791"
[1] "nrow(data) transform after=5791"
[1] "nrow(data) transform diff=0"
[1] "--------------------------------------------------------------------------------"
[1] "str(data)="
'data.frame':	5791 obs. of  29 variables:
 $ Race.RaceId                      : Factor w/ 399 levels "20160124-08-01-08-10",..: 6 6 6 7 7 7 8 8 9 10 ...
 $ Race.IsPredictedRace             : logi  TRUE TRUE TRUE TRUE TRUE TRUE ...
 $ Race.IsAnalyzeNormalPastAndFuture: logi  TRUE TRUE TRUE TRUE TRUE TRUE ...
 $ Race.IsAnalyzeNormalPast         : logi  TRUE TRUE TRUE TRUE TRUE TRUE ...
 $ Race.IsAnalyzeNormalFuture       : logi  FALSE FALSE FALSE FALSE FALSE FALSE ...
 $ Race.IsAnalyzeFullPastAndFuture  : logi  TRUE TRUE TRUE TRUE TRUE TRUE ...
 $ Race.IsAnalyzeFullPast           : logi  TRUE TRUE TRUE TRUE TRUE TRUE ...
 $ Race.IsAnalyzeFullFuture         : logi  FALSE FALSE FALSE FALSE FALSE FALSE ...
 $ Race.JyokenCd                    : Factor w/ 1 level "2": 1 1 1 1 1 1 1 1 1 1 ...
 $ Race.JyoType1Cd                  : Factor w/ 71 levels "2-08-1200-1",..: 6 6 6 7 7 7 8 8 9 10 ...
 $ Race.RaceType0Cd                 : Factor w/ 114 levels "2-08-1200-1-2-E-14",..: 6 6 6 7 7 7 8 8 9 10 ...
 $ Race.RaceType1Cd                 : Factor w/ 1 level "2-2-E": 1 1 1 1 1 1 1 1 1 1 ...
 $ Race.RaceType2Cd                 : Factor w/ 1 level "2-2-E": 1 1 1 1 1 1 1 1 1 1 ...
 $ Race.RaceType3Cd                 : Factor w/ 2 levels "2-E-14","2-E-13": 2 2 2 2 2 2 2 2 2 2 ...
 $ Race.RaceType4Cd                 : Factor w/ 2 levels "2-2-14","2-2-13": 2 2 2 2 2 2 2 2 2 2 ...
 $ RaceHorse.RaceId                 : Factor w/ 399 levels "20160124-08-01-08-10",..: 6 6 6 7 7 7 8 8 9 10 ...
 $ RaceHorse.KettoNum               : Factor w/ 1205 levels "2010102494","2012105770",..: 11 12 13 3 14 15 16 17 18 19 ...
 $ RaceHorse.IsHit1                 : int  0 0 0 0 0 0 0 0 0 0 ...
 $ RaceHorse.IsHit2                 : int  0 0 0 0 0 0 0 0 0 0 ...
 $ RaceHorse.IsHit3                 : int  0 0 0 0 1 0 0 0 0 0 ...
 $ RaceHorse.IsHit4                 : int  0 0 0 0 0 0 0 0 0 0 ...
 $ RaceHorse.IsHit5                 : int  0 0 0 0 0 0 1 0 0 0 ...
 $ RaceHorse.IsHit6                 : int  1 1 1 1 0 1 0 1 1 1 ...
 $ RaceHorse.IsValidRaceHorse       : logi  TRUE TRUE TRUE TRUE TRUE TRUE ...
 $ RaceHorse.IsHitA                 : int  0 0 0 0 0 0 0 0 0 0 ...
 $ RaceHorse.IsHitB                 : int  0 0 0 0 0 0 0 0 0 0 ...
 $ RaceHorse.IsHitC                 : int  0 0 0 0 1 0 0 0 0 0 ...
 $ DataMiningTaisen.TmScoreSdv      : num  -0.739 0.303 -1.003 -2.459 -0.119 ...
 $ EOF                              : int  1 1 1 1 1 1 1 1 1 1 ...
NULL
[1] "2022-02-19 09:28:47 --- transform Finish ---"
[1] "2022-02-19 09:28:47 --- na.omit Start ---"
[1] "--------------------------------------------------------------------------------"
[1] "nrow(data) na.omit before=5791"
[1] "nrow(data) na.omit after =5791"
[1] "nrow(data) na.omit diff =0"
[1] "--------------------------------------------------------------------------------"
'data.frame':	5791 obs. of  29 variables:
 $ Race.RaceId                      : Factor w/ 399 levels "20160124-08-01-08-10",..: 6 6 6 7 7 7 8 8 9 10 ...
 $ Race.IsPredictedRace             : logi  TRUE TRUE TRUE TRUE TRUE TRUE ...
 $ Race.IsAnalyzeNormalPastAndFuture: logi  TRUE TRUE TRUE TRUE TRUE TRUE ...
 $ Race.IsAnalyzeNormalPast         : logi  TRUE TRUE TRUE TRUE TRUE TRUE ...
 $ Race.IsAnalyzeNormalFuture       : logi  FALSE FALSE FALSE FALSE FALSE FALSE ...
 $ Race.IsAnalyzeFullPastAndFuture  : logi  TRUE TRUE TRUE TRUE TRUE TRUE ...
 $ Race.IsAnalyzeFullPast           : logi  TRUE TRUE TRUE TRUE TRUE TRUE ...
 $ Race.IsAnalyzeFullFuture         : logi  FALSE FALSE FALSE FALSE FALSE FALSE ...
 $ Race.JyokenCd                    : Factor w/ 1 level "2": 1 1 1 1 1 1 1 1 1 1 ...
 $ Race.JyoType1Cd                  : Factor w/ 71 levels "2-08-1200-1",..: 6 6 6 7 7 7 8 8 9 10 ...
 $ Race.RaceType0Cd                 : Factor w/ 114 levels "2-08-1200-1-2-E-14",..: 6 6 6 7 7 7 8 8 9 10 ...
 $ Race.RaceType1Cd                 : Factor w/ 1 level "2-2-E": 1 1 1 1 1 1 1 1 1 1 ...
 $ Race.RaceType2Cd                 : Factor w/ 1 level "2-2-E": 1 1 1 1 1 1 1 1 1 1 ...
 $ Race.RaceType3Cd                 : Factor w/ 2 levels "2-E-14","2-E-13": 2 2 2 2 2 2 2 2 2 2 ...
 $ Race.RaceType4Cd                 : Factor w/ 2 levels "2-2-14","2-2-13": 2 2 2 2 2 2 2 2 2 2 ...
 $ RaceHorse.RaceId                 : Factor w/ 399 levels "20160124-08-01-08-10",..: 6 6 6 7 7 7 8 8 9 10 ...
 $ RaceHorse.KettoNum               : Factor w/ 1205 levels "2010102494","2012105770",..: 11 12 13 3 14 15 16 17 18 19 ...
 $ RaceHorse.IsHit1                 : int  0 0 0 0 0 0 0 0 0 0 ...
 $ RaceHorse.IsHit2                 : int  0 0 0 0 0 0 0 0 0 0 ...
 $ RaceHorse.IsHit3                 : int  0 0 0 0 1 0 0 0 0 0 ...
 $ RaceHorse.IsHit4                 : int  0 0 0 0 0 0 0 0 0 0 ...
 $ RaceHorse.IsHit5                 : int  0 0 0 0 0 0 1 0 0 0 ...
 $ RaceHorse.IsHit6                 : int  1 1 1 1 0 1 0 1 1 1 ...
 $ RaceHorse.IsValidRaceHorse       : logi  TRUE TRUE TRUE TRUE TRUE TRUE ...
 $ RaceHorse.IsHitA                 : int  0 0 0 0 0 0 0 0 0 0 ...
 $ RaceHorse.IsHitB                 : int  0 0 0 0 0 0 0 0 0 0 ...
 $ RaceHorse.IsHitC                 : int  0 0 0 0 1 0 0 0 0 0 ...
 $ DataMiningTaisen.TmScoreSdv      : num  -0.739 0.303 -1.003 -2.459 -0.119 ...
 $ EOF                              : int  1 1 1 1 1 1 1 1 1 1 ...
[1] "2022-02-19 09:28:47 --- na.omit Finish ---"
[1] "2022-02-19 09:28:47 --- rxGlm with rxStepControl Start ---"

> print(paste0(Sys.time(), " --- source_logic_glm.R Start ---"))
[1] "2022-02-19 09:28:47 --- source_logic_glm.R Start ---"

> formula <- formula(RaceHorse.IsHitA ~ +1 + DataMiningTaisen.TmScoreSdv)

> print(paste0(Sys.time(), " --- source_logic_glm.R Finished ---"))
[1] "2022-02-19 09:28:47 --- source_logic_glm.R Finished ---"
Rows Read: 5791, Total Rows Processed: 5791, Total Chunk Time: Less than .001 seconds 

Starting values (iteration 1) time: 0.009 secs.
Rows Read: 5791, Total Rows Processed: 5791, Total Chunk Time: 0.002 seconds 

Iteration 2 time: 0.007 secs.
Rows Read: 5791, Total Rows Processed: 5791, Total Chunk Time: 0.002 seconds 

Iteration 3 time: 0.010 secs.
Rows Read: 5791, Total Rows Processed: 5791, Total Chunk Time: Less than .001 seconds 

Iteration 4 time: 0.013 secs.
Rows Read: 5791, Total Rows Processed: 5791, Total Chunk Time: Less than .001 seconds 

Iteration 5 time: 0.014 secs.
Rows Read: 5791, Total Rows Processed: 5791, Total Chunk Time: Less than .001 seconds 

Iteration 6 time: 0.016 secs.

Elapsed computation time: 0.122 secs.
Rows Read: 5791, Total Rows Processed: 5791, Total Chunk Time: Less than .001 seconds 

Starting values (iteration 1) time: 0.013 secs.
Rows Read: 5791, Total Rows Processed: 5791, Total Chunk Time: Less than .001 seconds 

Iteration 2 time: 0.019 secs.

Elapsed computation time: 0.051 secs.
Rows Read: 5791, Total Rows Processed: 5791, Total Chunk Time: 0.001 seconds 

Starting values (iteration 1) time: 0.013 secs.
Rows Read: 5791, Total Rows Processed: 5791, Total Chunk Time: Less than .001 seconds 

Iteration 2 time: 0.018 secs.
Rows Read: 5791, Total Rows Processed: 5791, Total Chunk Time: Less than .001 seconds 

Iteration 3 time: 0.020 secs.
Rows Read: 5791, Total Rows Processed: 5791, Total Chunk Time: Less than .001 seconds 

Iteration 4 time: 0.020 secs.
Rows Read: 5791, Total Rows Processed: 5791, Total Chunk Time: 0.002 seconds 

Iteration 5 time: 0.010 secs.
Rows Read: 5791, Total Rows Processed: 5791, Total Chunk Time: 0.001 seconds 

Iteration 6 time: 0.011 secs.

Elapsed computation time: 0.162 secs.

Elapsed computation time: 0.388 secs.
[1] "--------------------------------------------------------------------------------"
[1] "analyze.results.glm.step="
Logistic Regression Results for: RaceHorse.IsHitA ~
    DataMiningTaisen.TmScoreSdv
Data: data
Dependent variable(s): RaceHorse.IsHitA
Total independent variables: 2 
Number of valid observations: 5791
Number of missing observations: 0 
 
Coefficients:
                            RaceHorse.IsHitA
(Intercept)                               -3
DataMiningTaisen.TmScoreSdv                1
[1] "analyze.results.glm.step.summary"
Call:
rxLogit(formula = formula, data = data, variableSelection = analyze.results.glm.step.varsel)

Logistic Regression Results for: RaceHorse.IsHitA ~
    DataMiningTaisen.TmScoreSdv
Data: data
Dependent variable(s): RaceHorse.IsHitA
Total independent variables: 2 
Number of valid observations: 5791
Number of missing observations: 0 
-2*LogLikelihood: 2561.692 (Residual deviance on 5789 degrees of freedom)
 
Coefficients:
                            Estimate Std. Error z value Pr(>|z|)    
(Intercept)                  -3.0426     0.0723   -42.1  2.2e-16 ***
DataMiningTaisen.TmScoreSdv   1.0444     0.0605    17.3  2.2e-16 ***
---
Signif. codes:  0 '***' 0.001 '**' 0.01 '*' 0.05 '.' 0.1 ' ' 1

Condition number of final variance-covariance matrix: 1 
Number of iterations: 6
[1] "--------------------------------------------------------------------------------"
[1] "2022-02-19 09:28:48 --- rxGlm with rxStepControl Finish ---"
[1] "2022-02-19 09:28:48 --- rxStepPlot Start ---"
[1] "pdfFilename=pdf_analyze_glm_DataMiningTaisen_Type22_rxStepPlot.pdf"
[1] "rxStepPlot="
[1] "2022-02-19 09:28:48 --- rxStepPlot Finish ---"
[1] "2022-02-19 09:28:48 --- save.image Start ---"
[1] "save.image"
[1] "rdataFilename=RData_analyze_glm_DataMiningTaisen_Type22.RData"
[1] "2022-02-19 09:28:48 --- save.image Finish ---"
[1] "2022-02-19 09:28:48 --- final Start ---"
[1] "--------------------------------------------------------------------------------"
[1] "nrow(data) final=5791"
[1] "--------------------------------------------------------------------------------"
[1] "2022-02-19 09:28:48 --- final Finish ---"
[1] "2022-02-19 09:28:48 --- analyze_glm.R Finished ---"
[1] "2022-02-19 09:28:48 --- log Finish ---"
