[1] "2022-02-25 20:57:32 --- D1115_analyze_glm_Jockey_IsHitA_Type16 Start ---"
[1] "2022-02-25 20:57:32 --- Log Start ---"
[1] "2022-02-25 20:57:32 --- analyze_glm.R Start ---"
[1] "analyzeVersion=D1115"
[1] "analyzeCategory=analyze"
[1] "analyzeType=Jockey"
[1] "analyzeFamily=IsHitA"
[1] "analyzeFunc=glm"
[1] "analyzeTrackTypeCd=1"
[1] "analyzeJyokenCd=6"
[1] "2022-02-25 20:57:32 --- source_function.R Start ---"
[1] "2022-02-25 20:57:32 --- source_function.R Finished ---"

> print(paste0(Sys.time(), " --- source_library.R Start ---"))
[1] "2022-02-25 20:57:32 --- source_library.R Start ---"

> require("RevoScaleR")

> print(paste0(Sys.time(), " --- source_library.R Finished ---"))
[1] "2022-02-25 20:57:33 --- source_library.R Finished ---"
[1] "2022-02-25 20:57:33 --- RxSqlServerData Start ---"
[1] "2022-02-25 20:57:33 --- RxInSqlServer Start ---"
[1] "2022-02-25 20:57:33 --- RxInSqlServer Finish ---"
[1] "2022-02-25 20:57:33 --- rxSetComputeContext Start ---"
[1] "2022-02-25 20:57:33 --- rxSetComputeContext Finish ---"
[1] "2022-02-25 20:57:33 --- RxSqlServerData Start ---"
[1] "sqlQuery=SELECT * FROM ViewAnalyzeD1115analyze01JockeyType16"
[1] "2022-02-25 20:57:33 --- RxSqlServerData Finish ---"
[1] "2022-02-25 20:57:33 --- rxGetVarInfo Start ---"
[1] "2022-02-25 20:57:33 --- rxGetVarInfo Finish---"
[1] "2022-02-25 20:57:33 --- rxImport Start ---"
Rows Read: 13271, Total Rows Processed: 13271, Total Chunk Time: 5.722 seconds 
[1] "2022-02-25 20:57:52 --- rxImport Finish ---"
[1] "object.size(data) auto=4.7 Mb"
[1] "--------------------------------------------------------------------------------"
[1] "nrow(data) RxSqlServerData=13271"
[1] "--------------------------------------------------------------------------------"
[1] "str(data)="
'data.frame':	13271 obs. of  43 variables:
 $ Race.RaceId                      : Factor w/ 992 levels "20160806-10-02-03-05",..: 11 12 13 14 15 16 17 18 19 20 ...
 $ Race.IsPredictedRace             : logi  TRUE TRUE TRUE TRUE TRUE TRUE ...
 $ Race.IsAnalyzeNormalPastAndFuture: logi  TRUE TRUE TRUE TRUE TRUE TRUE ...
 $ Race.IsAnalyzeNormalPast         : logi  TRUE TRUE TRUE TRUE TRUE TRUE ...
 $ Race.IsAnalyzeNormalFuture       : logi  FALSE FALSE FALSE FALSE FALSE FALSE ...
 $ Race.IsAnalyzeFullPastAndFuture  : logi  TRUE TRUE TRUE TRUE TRUE TRUE ...
 $ Race.IsAnalyzeFullPast           : logi  TRUE TRUE TRUE TRUE TRUE TRUE ...
 $ Race.IsAnalyzeFullFuture         : logi  FALSE FALSE FALSE FALSE FALSE FALSE ...
 $ Race.JyokenCd                    : Factor w/ 1 level "6": 1 1 1 1 1 1 1 1 1 1 ...
 $ Race.JyoType1Cd                  : Factor w/ 119 levels "1-10-1200-6-1",..: 8 9 10 11 12 13 14 12 15 16 ...
 $ Race.RaceType1Cd                 : Factor w/ 2 levels "1-6-X-1","1-6-X-2": 1 1 1 1 1 1 1 1 2 2 ...
 $ RaceHorse.RaceId                 : Factor w/ 992 levels "20160806-10-02-03-05",..: 11 12 13 14 15 16 17 18 19 20 ...
 $ RaceHorse.KettoNum               : Factor w/ 13251 levels "2014102255","2014104947",..: 11 12 13 14 15 16 17 18 19 20 ...
 $ RaceHorse.IsHit1                 : num  0 0 0 0 0 0 0 0 0 0 ...
 $ RaceHorse.IsHit2                 : num  0 0 1 1 0 0 0 0 0 0 ...
 $ RaceHorse.IsHit3                 : num  0 0 0 0 0 0 0 0 0 0 ...
 $ RaceHorse.IsHit4                 : num  0 0 0 0 0 0 1 0 0 0 ...
 $ RaceHorse.IsHit5                 : num  1 0 0 0 0 0 0 0 0 1 ...
 $ RaceHorse.IsHit6                 : num  0 1 0 0 1 1 0 1 1 0 ...
 $ RaceHorse.IsValidRaceHorse       : logi  TRUE TRUE TRUE TRUE TRUE TRUE ...
 $ RaceHorse.TimeSdv                : num  1.267 -0.866 1.535 0.526 0.345 ...
 $ RaceHorse.IsHitA                 : num  0 0 0 0 0 0 0 0 0 0 ...
 $ RaceHorse.IsHitB                 : num  0 0 1 1 0 0 0 0 0 0 ...
 $ RaceHorse.IsHitC                 : num  0 0 1 1 0 0 0 0 0 0 ...
 $ Jockey.TimeSdvByRaceAvg          : num  -0.29 -0.748 -0.24 0.428 -0.178 ...
 $ Jockey.TimeSdvByRaceMin          : num  -2.57 -1.7 -2.68 -2.21 -2.88 ...
 $ Jockey.TimeSdvByRaceMax          : num  1.476 0.465 1.536 1.639 1.948 ...
 $ Jockey.TimeSdvAvg                : num  -0.276 -0.842 -0.158 0.222 -0.121 ...
 $ Jockey.TimeSdvMin                : num  -2.4 -1.94 -2.57 -3.97 -3.99 ...
 $ Jockey.TimeSdvMax                : num  1.53 0.937 1.691 1.921 1.606 ...
 $ Jockey.OrderOfFinishSdvAvg       : num  -0.111 -0.64 -0.29 0.519 -0.258 ...
 $ Jockey.RunCount                  : num  61 3 79 58 70 179 17 25 70 64 ...
 $ Jockey.HitCount1                 : num  2 0 3 13 4 34 2 1 7 8 ...
 $ Jockey.HitCount2                 : num  7 0 2 8 2 19 0 0 4 7 ...
 $ Jockey.HitCount3                 : num  1 0 3 6 4 15 2 0 8 1 ...
 $ Jockey.HitCount4                 : num  5 0 9 4 2 23 0 1 2 3 ...
 $ Jockey.HitCount5                 : num  2 0 7 6 7 11 3 2 5 8 ...
 $ Jockey.HitRate1                  : num  0.0328 0 0.038 0.2241 0.0571 ...
 $ Jockey.HitRate2                  : num  0.1148 0 0.0253 0.1379 0.0286 ...
 $ Jockey.HitRate3                  : num  0.0164 0 0.038 0.1034 0.0571 ...
 $ Jockey.HitRate4                  : num  0.082 0 0.1139 0.069 0.0286 ...
 $ Jockey.HitRate5                  : num  0.0328 0 0.0886 0.1034 0.1 ...
 $ EOF                              : int  1 1 1 1 1 1 1 1 1 1 ...
[1] "2022-02-25 20:57:52 --- RxSqlServerData Finish ---"
[1] "2022-02-25 20:57:53 --- subset Start ---"
[1] "--------------------------------------------------------------------------------"
[1] "nrow(data) subset before=13271"
[1] "nrow(data) subset after =13271"
[1] "nrow(data) subset diff =0"
[1] "--------------------------------------------------------------------------------"
[1] "2022-02-25 20:57:53 --- subset Finish---"
[1] "2022-02-25 20:57:53 --- transform Start ---"
[1] "--------------------------------------------------------------------------------"
[1] "nrow(data) transform before=13271"
[1] "nrow(data) transform after=13271"
[1] "nrow(data) transform diff=0"
[1] "--------------------------------------------------------------------------------"
[1] "str(data)="
'data.frame':	13271 obs. of  43 variables:
 $ Race.RaceId                      : Factor w/ 992 levels "20160806-10-02-03-05",..: 11 12 13 14 15 16 17 18 19 20 ...
 $ Race.IsPredictedRace             : logi  TRUE TRUE TRUE TRUE TRUE TRUE ...
 $ Race.IsAnalyzeNormalPastAndFuture: logi  TRUE TRUE TRUE TRUE TRUE TRUE ...
 $ Race.IsAnalyzeNormalPast         : logi  TRUE TRUE TRUE TRUE TRUE TRUE ...
 $ Race.IsAnalyzeNormalFuture       : logi  FALSE FALSE FALSE FALSE FALSE FALSE ...
 $ Race.IsAnalyzeFullPastAndFuture  : logi  TRUE TRUE TRUE TRUE TRUE TRUE ...
 $ Race.IsAnalyzeFullPast           : logi  TRUE TRUE TRUE TRUE TRUE TRUE ...
 $ Race.IsAnalyzeFullFuture         : logi  FALSE FALSE FALSE FALSE FALSE FALSE ...
 $ Race.JyokenCd                    : Factor w/ 1 level "6": 1 1 1 1 1 1 1 1 1 1 ...
 $ Race.JyoType1Cd                  : Factor w/ 119 levels "1-10-1200-6-1",..: 8 9 10 11 12 13 14 12 15 16 ...
 $ Race.RaceType1Cd                 : Factor w/ 2 levels "1-6-X-1","1-6-X-2": 1 1 1 1 1 1 1 1 2 2 ...
 $ RaceHorse.RaceId                 : Factor w/ 992 levels "20160806-10-02-03-05",..: 11 12 13 14 15 16 17 18 19 20 ...
 $ RaceHorse.KettoNum               : Factor w/ 13251 levels "2014102255","2014104947",..: 11 12 13 14 15 16 17 18 19 20 ...
 $ RaceHorse.IsHit1                 : num  0 0 0 0 0 0 0 0 0 0 ...
 $ RaceHorse.IsHit2                 : num  0 0 1 1 0 0 0 0 0 0 ...
 $ RaceHorse.IsHit3                 : num  0 0 0 0 0 0 0 0 0 0 ...
 $ RaceHorse.IsHit4                 : num  0 0 0 0 0 0 1 0 0 0 ...
 $ RaceHorse.IsHit5                 : num  1 0 0 0 0 0 0 0 0 1 ...
 $ RaceHorse.IsHit6                 : num  0 1 0 0 1 1 0 1 1 0 ...
 $ RaceHorse.IsValidRaceHorse       : logi  TRUE TRUE TRUE TRUE TRUE TRUE ...
 $ RaceHorse.TimeSdv                : num  1.267 -0.866 1.535 0.526 0.345 ...
 $ RaceHorse.IsHitA                 : num  0 0 0 0 0 0 0 0 0 0 ...
 $ RaceHorse.IsHitB                 : num  0 0 1 1 0 0 0 0 0 0 ...
 $ RaceHorse.IsHitC                 : num  0 0 1 1 0 0 0 0 0 0 ...
 $ Jockey.TimeSdvByRaceAvg          : num  -0.29 -0.748 -0.24 0.428 -0.178 ...
 $ Jockey.TimeSdvByRaceMin          : num  -2.57 -1.7 -2.68 -2.21 -2.88 ...
 $ Jockey.TimeSdvByRaceMax          : num  1.476 0.465 1.536 1.639 1.948 ...
 $ Jockey.TimeSdvAvg                : num  -0.276 -0.842 -0.158 0.222 -0.121 ...
 $ Jockey.TimeSdvMin                : num  -2.4 -1.94 -2.57 -3.97 -3.99 ...
 $ Jockey.TimeSdvMax                : num  1.53 0.937 1.691 1.921 1.606 ...
 $ Jockey.OrderOfFinishSdvAvg       : num  -0.111 -0.64 -0.29 0.519 -0.258 ...
 $ Jockey.RunCount                  : num  61 3 79 58 70 179 17 25 70 64 ...
 $ Jockey.HitCount1                 : num  2 0 3 13 4 34 2 1 7 8 ...
 $ Jockey.HitCount2                 : num  7 0 2 8 2 19 0 0 4 7 ...
 $ Jockey.HitCount3                 : num  1 0 3 6 4 15 2 0 8 1 ...
 $ Jockey.HitCount4                 : num  5 0 9 4 2 23 0 1 2 3 ...
 $ Jockey.HitCount5                 : num  2 0 7 6 7 11 3 2 5 8 ...
 $ Jockey.HitRate1                  : num  0.0328 0 0.038 0.2241 0.0571 ...
 $ Jockey.HitRate2                  : num  0.1148 0 0.0253 0.1379 0.0286 ...
 $ Jockey.HitRate3                  : num  0.0164 0 0.038 0.1034 0.0571 ...
 $ Jockey.HitRate4                  : num  0.082 0 0.1139 0.069 0.0286 ...
 $ Jockey.HitRate5                  : num  0.0328 0 0.0886 0.1034 0.1 ...
 $ EOF                              : int  1 1 1 1 1 1 1 1 1 1 ...
NULL
[1] "2022-02-25 20:57:53 --- transform Finish ---"
[1] "2022-02-25 20:57:53 --- na.omit Start ---"
[1] "--------------------------------------------------------------------------------"
[1] "nrow(data) na.omit before=13271"
[1] "nrow(data) na.omit after =13193"
[1] "nrow(data) na.omit diff =78"
[1] "--------------------------------------------------------------------------------"
'data.frame':	13193 obs. of  43 variables:
 $ Race.RaceId                      : Factor w/ 992 levels "20160806-10-02-03-05",..: 11 12 13 14 15 16 17 18 19 20 ...
 $ Race.IsPredictedRace             : logi  TRUE TRUE TRUE TRUE TRUE TRUE ...
 $ Race.IsAnalyzeNormalPastAndFuture: logi  TRUE TRUE TRUE TRUE TRUE TRUE ...
 $ Race.IsAnalyzeNormalPast         : logi  TRUE TRUE TRUE TRUE TRUE TRUE ...
 $ Race.IsAnalyzeNormalFuture       : logi  FALSE FALSE FALSE FALSE FALSE FALSE ...
 $ Race.IsAnalyzeFullPastAndFuture  : logi  TRUE TRUE TRUE TRUE TRUE TRUE ...
 $ Race.IsAnalyzeFullPast           : logi  TRUE TRUE TRUE TRUE TRUE TRUE ...
 $ Race.IsAnalyzeFullFuture         : logi  FALSE FALSE FALSE FALSE FALSE FALSE ...
 $ Race.JyokenCd                    : Factor w/ 1 level "6": 1 1 1 1 1 1 1 1 1 1 ...
 $ Race.JyoType1Cd                  : Factor w/ 119 levels "1-10-1200-6-1",..: 8 9 10 11 12 13 14 12 15 16 ...
 $ Race.RaceType1Cd                 : Factor w/ 2 levels "1-6-X-1","1-6-X-2": 1 1 1 1 1 1 1 1 2 2 ...
 $ RaceHorse.RaceId                 : Factor w/ 992 levels "20160806-10-02-03-05",..: 11 12 13 14 15 16 17 18 19 20 ...
 $ RaceHorse.KettoNum               : Factor w/ 13251 levels "2014102255","2014104947",..: 11 12 13 14 15 16 17 18 19 20 ...
 $ RaceHorse.IsHit1                 : num  0 0 0 0 0 0 0 0 0 0 ...
 $ RaceHorse.IsHit2                 : num  0 0 1 1 0 0 0 0 0 0 ...
 $ RaceHorse.IsHit3                 : num  0 0 0 0 0 0 0 0 0 0 ...
 $ RaceHorse.IsHit4                 : num  0 0 0 0 0 0 1 0 0 0 ...
 $ RaceHorse.IsHit5                 : num  1 0 0 0 0 0 0 0 0 1 ...
 $ RaceHorse.IsHit6                 : num  0 1 0 0 1 1 0 1 1 0 ...
 $ RaceHorse.IsValidRaceHorse       : logi  TRUE TRUE TRUE TRUE TRUE TRUE ...
 $ RaceHorse.TimeSdv                : num  1.267 -0.866 1.535 0.526 0.345 ...
 $ RaceHorse.IsHitA                 : num  0 0 0 0 0 0 0 0 0 0 ...
 $ RaceHorse.IsHitB                 : num  0 0 1 1 0 0 0 0 0 0 ...
 $ RaceHorse.IsHitC                 : num  0 0 1 1 0 0 0 0 0 0 ...
 $ Jockey.TimeSdvByRaceAvg          : num  -0.29 -0.748 -0.24 0.428 -0.178 ...
 $ Jockey.TimeSdvByRaceMin          : num  -2.57 -1.7 -2.68 -2.21 -2.88 ...
 $ Jockey.TimeSdvByRaceMax          : num  1.476 0.465 1.536 1.639 1.948 ...
 $ Jockey.TimeSdvAvg                : num  -0.276 -0.842 -0.158 0.222 -0.121 ...
 $ Jockey.TimeSdvMin                : num  -2.4 -1.94 -2.57 -3.97 -3.99 ...
 $ Jockey.TimeSdvMax                : num  1.53 0.937 1.691 1.921 1.606 ...
 $ Jockey.OrderOfFinishSdvAvg       : num  -0.111 -0.64 -0.29 0.519 -0.258 ...
 $ Jockey.RunCount                  : num  61 3 79 58 70 179 17 25 70 64 ...
 $ Jockey.HitCount1                 : num  2 0 3 13 4 34 2 1 7 8 ...
 $ Jockey.HitCount2                 : num  7 0 2 8 2 19 0 0 4 7 ...
 $ Jockey.HitCount3                 : num  1 0 3 6 4 15 2 0 8 1 ...
 $ Jockey.HitCount4                 : num  5 0 9 4 2 23 0 1 2 3 ...
 $ Jockey.HitCount5                 : num  2 0 7 6 7 11 3 2 5 8 ...
 $ Jockey.HitRate1                  : num  0.0328 0 0.038 0.2241 0.0571 ...
 $ Jockey.HitRate2                  : num  0.1148 0 0.0253 0.1379 0.0286 ...
 $ Jockey.HitRate3                  : num  0.0164 0 0.038 0.1034 0.0571 ...
 $ Jockey.HitRate4                  : num  0.082 0 0.1139 0.069 0.0286 ...
 $ Jockey.HitRate5                  : num  0.0328 0 0.0886 0.1034 0.1 ...
 $ EOF                              : int  1 1 1 1 1 1 1 1 1 1 ...
 - attr(*, "na.action")= 'omit' Named int  32 55 140 375 400 458 622 954 1252 1339 ...
  ..- attr(*, "names")= chr  "32" "55" "140" "375" ...
[1] "2022-02-25 20:57:53 --- na.omit Finish ---"
[1] "2022-02-25 20:57:53 --- rxGlm with rxStepControl Start ---"

> print(paste0(Sys.time(), " --- source_logic_glm.R Start ---"))
[1] "2022-02-25 20:57:53 --- source_logic_glm.R Start ---"

> formula <- formula(RaceHorse.IsHitA ~ +1 + Jockey.TimeSdvAvg)

> print(paste0(Sys.time(), " --- source_logic_glm.R Finished ---"))
[1] "2022-02-25 20:57:53 --- source_logic_glm.R Finished ---"
Rows Read: 13193, Total Rows Processed: 13193, Total Chunk Time: 0.001 seconds 

Starting values (iteration 1) time: 0.013 secs.
Rows Read: 13193, Total Rows Processed: 13193, Total Chunk Time: 0.002 seconds 

Iteration 2 time: 0.007 secs.
Rows Read: 13193, Total Rows Processed: 13193, Total Chunk Time: 0.002 seconds 

Iteration 3 time: 0.005 secs.
Rows Read: 13193, Total Rows Processed: 13193, Total Chunk Time: 0.002 seconds 

Iteration 4 time: 0.005 secs.
Rows Read: 13193, Total Rows Processed: 13193, Total Chunk Time: Less than .001 seconds 

Iteration 5 time: 0.003 secs.

Elapsed computation time: 0.050 secs.
Rows Read: 13193, Total Rows Processed: 13193, Total Chunk Time: 0.001 seconds 

Starting values (iteration 1) time: 0.007 secs.
Rows Read: 13193, Total Rows Processed: 13193, Total Chunk Time: Less than .001 seconds 

Iteration 2 time: 0.005 secs.

Elapsed computation time: 0.020 secs.
Rows Read: 13193, Total Rows Processed: 13193, Total Chunk Time: Less than .001 seconds 

Starting values (iteration 1) time: 0.007 secs.
Rows Read: 13193, Total Rows Processed: 13193, Total Chunk Time: 0.001 seconds 

Iteration 2 time: 0.006 secs.
Rows Read: 13193, Total Rows Processed: 13193, Total Chunk Time: 0.001 seconds 

Iteration 3 time: 0.004 secs.
Rows Read: 13193, Total Rows Processed: 13193, Total Chunk Time: 0.001 seconds 

Iteration 4 time: 0.003 secs.
Rows Read: 13193, Total Rows Processed: 13193, Total Chunk Time: 0.002 seconds 

Iteration 5 time: 0.004 secs.

Elapsed computation time: 0.047 secs.

Elapsed computation time: 0.133 secs.
[1] "--------------------------------------------------------------------------------"
[1] "analyze.results.glm.step="
Logistic Regression Results for: RaceHorse.IsHitA ~ Jockey.TimeSdvAvg
Data: data
Dependent variable(s): RaceHorse.IsHitA
Total independent variables: 2 
Number of valid observations: 13193
Number of missing observations: 0 
 
Coefficients:
                  RaceHorse.IsHitA
(Intercept)                     -3
Jockey.TimeSdvAvg                2
[1] "analyze.results.glm.step.summary"
Call:
rxLogit(formula = formula, data = data, variableSelection = analyze.results.glm.step.varsel)

Logistic Regression Results for: RaceHorse.IsHitA ~ Jockey.TimeSdvAvg
Data: data
Dependent variable(s): RaceHorse.IsHitA
Total independent variables: 2 
Number of valid observations: 13193
Number of missing observations: 0 
-2*LogLikelihood: 6668.35 (Residual deviance on 13191 degrees of freedom)
 
Coefficients:
                  Estimate Std. Error z value Pr(>|z|)    
(Intercept)        -2.7434     0.0394   -69.6  2.2e-16 ***
Jockey.TimeSdvAvg   2.2607     0.1223    18.5  2.2e-16 ***
---
Signif. codes:  0 '***' 0.001 '**' 0.01 '*' 0.05 '.' 0.1 ' ' 1

Condition number of final variance-covariance matrix: 1 
Number of iterations: 5
[1] "--------------------------------------------------------------------------------"
[1] "2022-02-25 20:57:53 --- rxGlm with rxStepControl Finish ---"
[1] "2022-02-25 20:57:53 --- rxStepPlot Start ---"
[1] "pdfFilename=pdf_analyze_glm_Jockey_Type16_rxStepPlot.pdf"
[1] "rxStepPlot="
[1] "2022-02-25 20:57:53 --- rxStepPlot Finish ---"
[1] "2022-02-25 20:57:53 --- save.image Start ---"
[1] "save.image"
[1] "rdataFilename=RData_analyze_glm_Jockey_Type16.RData"
[1] "2022-02-25 20:57:54 --- save.image Finish ---"
[1] "2022-02-25 20:57:54 --- final Start ---"
[1] "--------------------------------------------------------------------------------"
[1] "nrow(data) final=13193"
[1] "--------------------------------------------------------------------------------"
[1] "2022-02-25 20:57:54 --- final Finish ---"
[1] "2022-02-25 20:57:54 --- analyze_glm.R Finished ---"
[1] "2022-02-25 20:57:54 --- log Finish ---"
