[1] "2022-03-08 18:37:10 --- D1115_analyze_glm_Gen02_IsHitA_Type15 Start ---"
[1] "2022-03-08 18:37:10 --- Log Start ---"
[1] "2022-03-08 18:37:10 --- analyze_glm.R Start ---"
[1] "analyzeVersion=D1115"
[1] "analyzeCategory=analyze"
[1] "analyzeType=Gen02"
[1] "analyzeFamily=IsHitA"
[1] "analyzeFunc=glm"
[1] "analyzeTrackTypeCd=1"
[1] "analyzeJyokenCd=5"
[1] "2022-03-08 18:37:10 --- source_function.R Start ---"
[1] "2022-03-08 18:37:10 --- source_function.R Finished ---"

> print(paste0(Sys.time(), " --- source_library.R Start ---"))
[1] "2022-03-08 18:37:10 --- source_library.R Start ---"

> require("RevoScaleR")

> print(paste0(Sys.time(), " --- source_library.R Finished ---"))
[1] "2022-03-08 18:37:11 --- source_library.R Finished ---"
[1] "2022-03-08 18:37:11 --- RxSqlServerData Start ---"
[1] "2022-03-08 18:37:11 --- RxInSqlServer Start ---"
[1] "2022-03-08 18:37:11 --- RxInSqlServer Finish ---"
[1] "2022-03-08 18:37:11 --- rxSetComputeContext Start ---"
[1] "2022-03-08 18:37:11 --- rxSetComputeContext Finish ---"
[1] "2022-03-08 18:37:11 --- RxSqlServerData Start ---"
[1] "sqlQuery=SELECT * FROM ViewAnalyzeD1115analyze01Gen02Type15"
[1] "2022-03-08 18:37:11 --- RxSqlServerData Finish ---"
[1] "2022-03-08 18:37:11 --- rxGetVarInfo Start ---"
[1] "2022-03-08 18:37:15 --- rxGetVarInfo Finish---"
[1] "2022-03-08 18:37:15 --- rxImport Start ---"
Rows Read: 29105, Total Rows Processed: 29105, Total Chunk Time: 251.623 seconds 
[1] "2022-03-08 18:53:38 --- rxImport Finish ---"
[1] "object.size(data) auto=10.6 Mb"
[1] "--------------------------------------------------------------------------------"
[1] "nrow(data) RxSqlServerData=29105"
[1] "--------------------------------------------------------------------------------"
[1] "str(data)="
'data.frame':	29105 obs. of  48 variables:
 $ Race.RaceId                      : Factor w/ 2474 levels "20161002-09-04-08-02",..: 11 12 13 14 15 16 17 18 19 20 ...
 $ Race.IsAnalyzeNormalPastAndFuture: logi  TRUE TRUE TRUE TRUE TRUE TRUE ...
 $ Race.IsAnalyzeNormalPast         : logi  TRUE TRUE TRUE TRUE TRUE TRUE ...
 $ Race.IsAnalyzeNormalFuture       : logi  FALSE FALSE FALSE FALSE FALSE FALSE ...
 $ Race.IsAnalyzeFullPastAndFuture  : logi  TRUE TRUE TRUE TRUE TRUE TRUE ...
 $ Race.IsAnalyzeFullPast           : logi  TRUE TRUE TRUE TRUE TRUE TRUE ...
 $ Race.IsAnalyzeFullFuture         : logi  FALSE FALSE FALSE FALSE FALSE FALSE ...
 $ Race.JyokenCd                    : Factor w/ 1 level "5": 1 1 1 1 1 1 1 1 1 1 ...
 $ Race.JyoType1Cd                  : Factor w/ 175 levels "17-09-2000-2",..: 11 12 13 14 3 15 16 3 13 17 ...
 $ Race.RaceType1Cd                 : Factor w/ 2 levels "1-5-11","1-5-12": 2 2 2 2 2 2 2 2 2 2 ...
 $ RaceHorse.RaceId                 : Factor w/ 2474 levels "20161002-09-04-08-02",..: 11 12 13 14 15 16 17 18 19 20 ...
 $ RaceHorse.KettoNum               : Factor w/ 10947 levels "2014104024","2014101676",..: 11 12 13 14 15 16 17 18 19 20 ...
 $ RaceHorse.IsHit1                 : num  0 0 0 0 0 0 0 0 0 0 ...
 $ RaceHorse.IsHit2                 : num  0 0 0 0 0 0 0 0 0 0 ...
 $ RaceHorse.IsHit3                 : num  0 0 0 0 0 0 0 1 0 0 ...
 $ RaceHorse.IsHit4                 : num  0 0 0 0 0 0 0 0 0 0 ...
 $ RaceHorse.IsHit5                 : num  0 0 0 1 0 0 0 0 0 0 ...
 $ RaceHorse.IsHit6                 : num  1 1 1 0 1 1 1 0 1 1 ...
 $ RaceHorse.IsValidRaceHorse       : logi  TRUE TRUE TRUE TRUE TRUE TRUE ...
 $ RaceHorse.FinishTimeSdvByRace    : num  0.1101 0.0178 0.4247 0.8611 -1.5003 ...
 $ RaceHorse.FirstTimeSdvByRace     : num  -0.466 0.882 1.073 -0.923 0.84 ...
 $ RaceHorse.LastTimeSdvByRace      : num  0.584 -0.244 -0.156 1.095 -1.808 ...
 $ RaceHorse.FinishTimeSdv          : num  0.194 -0.443 -0.637 -0.217 0.166 ...
 $ RaceHorse.FirstTimeSdv           : num  -0.143 -0.341 -0.581 -1.142 1.533 ...
 $ RaceHorse.LastTimeSdv            : num  0.506 -0.245 -0.244 1.25 -1.484 ...
 $ RaceHorse.IsHitA                 : num  0 0 0 0 0 0 0 0 0 0 ...
 $ RaceHorse.IsHitB                 : num  0 0 0 0 0 0 0 0 0 0 ...
 $ RaceHorse.IsHitC                 : num  0 0 0 0 0 0 0 1 0 0 ...
 $ Gen02.HansyokuNum                : Factor w/ 6379 levels "12260087","12259792",..: 11 12 13 14 15 16 17 18 19 10 ...
 $ Gen02.FinishTimeSdvByRaceAvg     : num  -0.79 0.261 0.201 -1.942 -1.572 ...
 $ Gen02.FirstTimeSdvByRaceAvg      : num  -1.33 1.11 -0.196 -1.326 1.095 ...
 $ Gen02.LastTimeSdvByRaceAvg       : num  0.0764 -0.1309 0.3413 -1.0751 -2.492 ...
 $ Gen02.FinishTimeSdvAvg           : num  -0.8241 -0.1418 0.0766 -0.666 -0.6526 ...
 $ Gen02.FirstTimeSdvAvg            : num  -0.582 0.132 0.12 -0.431 0.442 ...
 $ Gen02.LastTimeSdvAvg             : num  -0.6288 -0.3276 -0.0866 -0.5377 -1.7822 ...
 $ Gen02.RealOddsLog1Avg            : num  5.61 3.31 4.76 5.77 3.12 ...
 $ Gen02.RunCount                   : num  1 4 8 1 1 8 3 4 2 10 ...
 $ Gen02.HitCount1                  : num  0 1 1 0 0 0 1 0 0 1 ...
 $ Gen02.HitCount2                  : num  0 0 0 0 0 0 1 0 0 1 ...
 $ Gen02.HitCount3                  : num  0 1 0 0 0 2 0 0 0 1 ...
 $ Gen02.HitCount4                  : num  0 0 0 0 0 1 0 0 0 1 ...
 $ Gen02.HitCount5                  : num  0 0 0 0 0 1 0 0 0 1 ...
 $ Gen02.HitRate1                   : num  0 0.25 0.125 0 0 ...
 $ Gen02.HitRate2                   : num  0 0 0 0 0 ...
 $ Gen02.HitRate3                   : num  0 0.25 0 0 0 0.25 0 0 0 0.1 ...
 $ Gen02.HitRate4                   : num  0 0 0 0 0 0.125 0 0 0 0.1 ...
 $ Gen02.HitRate5                   : num  0 0 0 0 0 0.125 0 0 0 0.1 ...
 $ EOF                              : int  1 1 1 1 1 1 1 1 1 1 ...
[1] "2022-03-08 18:53:38 --- RxSqlServerData Finish ---"
[1] "2022-03-08 18:53:38 --- subset Start ---"
[1] "--------------------------------------------------------------------------------"
[1] "nrow(data) subset before=29105"
[1] "nrow(data) subset after =29105"
[1] "nrow(data) subset diff =0"
[1] "--------------------------------------------------------------------------------"
[1] "2022-03-08 18:53:39 --- subset Finish---"
[1] "2022-03-08 18:53:39 --- transform Start ---"
[1] "--------------------------------------------------------------------------------"
[1] "nrow(data) transform before=29105"
[1] "nrow(data) transform after=29105"
[1] "nrow(data) transform diff=0"
[1] "--------------------------------------------------------------------------------"
[1] "str(data)="
'data.frame':	29105 obs. of  48 variables:
 $ Race.RaceId                      : Factor w/ 2474 levels "20161002-09-04-08-02",..: 11 12 13 14 15 16 17 18 19 20 ...
 $ Race.IsAnalyzeNormalPastAndFuture: logi  TRUE TRUE TRUE TRUE TRUE TRUE ...
 $ Race.IsAnalyzeNormalPast         : logi  TRUE TRUE TRUE TRUE TRUE TRUE ...
 $ Race.IsAnalyzeNormalFuture       : logi  FALSE FALSE FALSE FALSE FALSE FALSE ...
 $ Race.IsAnalyzeFullPastAndFuture  : logi  TRUE TRUE TRUE TRUE TRUE TRUE ...
 $ Race.IsAnalyzeFullPast           : logi  TRUE TRUE TRUE TRUE TRUE TRUE ...
 $ Race.IsAnalyzeFullFuture         : logi  FALSE FALSE FALSE FALSE FALSE FALSE ...
 $ Race.JyokenCd                    : Factor w/ 1 level "5": 1 1 1 1 1 1 1 1 1 1 ...
 $ Race.JyoType1Cd                  : Factor w/ 175 levels "17-09-2000-2",..: 11 12 13 14 3 15 16 3 13 17 ...
 $ Race.RaceType1Cd                 : Factor w/ 2 levels "1-5-11","1-5-12": 2 2 2 2 2 2 2 2 2 2 ...
 $ RaceHorse.RaceId                 : Factor w/ 2474 levels "20161002-09-04-08-02",..: 11 12 13 14 15 16 17 18 19 20 ...
 $ RaceHorse.KettoNum               : Factor w/ 10947 levels "2014104024","2014101676",..: 11 12 13 14 15 16 17 18 19 20 ...
 $ RaceHorse.IsHit1                 : num  0 0 0 0 0 0 0 0 0 0 ...
 $ RaceHorse.IsHit2                 : num  0 0 0 0 0 0 0 0 0 0 ...
 $ RaceHorse.IsHit3                 : num  0 0 0 0 0 0 0 1 0 0 ...
 $ RaceHorse.IsHit4                 : num  0 0 0 0 0 0 0 0 0 0 ...
 $ RaceHorse.IsHit5                 : num  0 0 0 1 0 0 0 0 0 0 ...
 $ RaceHorse.IsHit6                 : num  1 1 1 0 1 1 1 0 1 1 ...
 $ RaceHorse.IsValidRaceHorse       : logi  TRUE TRUE TRUE TRUE TRUE TRUE ...
 $ RaceHorse.FinishTimeSdvByRace    : num  0.1101 0.0178 0.4247 0.8611 -1.5003 ...
 $ RaceHorse.FirstTimeSdvByRace     : num  -0.466 0.882 1.073 -0.923 0.84 ...
 $ RaceHorse.LastTimeSdvByRace      : num  0.584 -0.244 -0.156 1.095 -1.808 ...
 $ RaceHorse.FinishTimeSdv          : num  0.194 -0.443 -0.637 -0.217 0.166 ...
 $ RaceHorse.FirstTimeSdv           : num  -0.143 -0.341 -0.581 -1.142 1.533 ...
 $ RaceHorse.LastTimeSdv            : num  0.506 -0.245 -0.244 1.25 -1.484 ...
 $ RaceHorse.IsHitA                 : num  0 0 0 0 0 0 0 0 0 0 ...
 $ RaceHorse.IsHitB                 : num  0 0 0 0 0 0 0 0 0 0 ...
 $ RaceHorse.IsHitC                 : num  0 0 0 0 0 0 0 1 0 0 ...
 $ Gen02.HansyokuNum                : Factor w/ 6379 levels "12260087","12259792",..: 11 12 13 14 15 16 17 18 19 10 ...
 $ Gen02.FinishTimeSdvByRaceAvg     : num  -0.79 0.261 0.201 -1.942 -1.572 ...
 $ Gen02.FirstTimeSdvByRaceAvg      : num  -1.33 1.11 -0.196 -1.326 1.095 ...
 $ Gen02.LastTimeSdvByRaceAvg       : num  0.0764 -0.1309 0.3413 -1.0751 -2.492 ...
 $ Gen02.FinishTimeSdvAvg           : num  -0.8241 -0.1418 0.0766 -0.666 -0.6526 ...
 $ Gen02.FirstTimeSdvAvg            : num  -0.582 0.132 0.12 -0.431 0.442 ...
 $ Gen02.LastTimeSdvAvg             : num  -0.6288 -0.3276 -0.0866 -0.5377 -1.7822 ...
 $ Gen02.RealOddsLog1Avg            : num  5.61 3.31 4.76 5.77 3.12 ...
 $ Gen02.RunCount                   : num  1 4 8 1 1 8 3 4 2 10 ...
 $ Gen02.HitCount1                  : num  0 1 1 0 0 0 1 0 0 1 ...
 $ Gen02.HitCount2                  : num  0 0 0 0 0 0 1 0 0 1 ...
 $ Gen02.HitCount3                  : num  0 1 0 0 0 2 0 0 0 1 ...
 $ Gen02.HitCount4                  : num  0 0 0 0 0 1 0 0 0 1 ...
 $ Gen02.HitCount5                  : num  0 0 0 0 0 1 0 0 0 1 ...
 $ Gen02.HitRate1                   : num  0 0.25 0.125 0 0 ...
 $ Gen02.HitRate2                   : num  0 0 0 0 0 ...
 $ Gen02.HitRate3                   : num  0 0.25 0 0 0 0.25 0 0 0 0.1 ...
 $ Gen02.HitRate4                   : num  0 0 0 0 0 0.125 0 0 0 0.1 ...
 $ Gen02.HitRate5                   : num  0 0 0 0 0 0.125 0 0 0 0.1 ...
 $ EOF                              : int  1 1 1 1 1 1 1 1 1 1 ...
NULL
[1] "2022-03-08 18:53:39 --- transform Finish ---"
[1] "2022-03-08 18:53:39 --- na.omit Start ---"
[1] "--------------------------------------------------------------------------------"
[1] "nrow(data) na.omit before=29105"
[1] "nrow(data) na.omit after =28911"
[1] "nrow(data) na.omit diff =194"
[1] "--------------------------------------------------------------------------------"
'data.frame':	28911 obs. of  48 variables:
 $ Race.RaceId                      : Factor w/ 2474 levels "20161002-09-04-08-02",..: 11 12 13 14 15 16 17 18 19 20 ...
 $ Race.IsAnalyzeNormalPastAndFuture: logi  TRUE TRUE TRUE TRUE TRUE TRUE ...
 $ Race.IsAnalyzeNormalPast         : logi  TRUE TRUE TRUE TRUE TRUE TRUE ...
 $ Race.IsAnalyzeNormalFuture       : logi  FALSE FALSE FALSE FALSE FALSE FALSE ...
 $ Race.IsAnalyzeFullPastAndFuture  : logi  TRUE TRUE TRUE TRUE TRUE TRUE ...
 $ Race.IsAnalyzeFullPast           : logi  TRUE TRUE TRUE TRUE TRUE TRUE ...
 $ Race.IsAnalyzeFullFuture         : logi  FALSE FALSE FALSE FALSE FALSE FALSE ...
 $ Race.JyokenCd                    : Factor w/ 1 level "5": 1 1 1 1 1 1 1 1 1 1 ...
 $ Race.JyoType1Cd                  : Factor w/ 175 levels "17-09-2000-2",..: 11 12 13 14 3 15 16 3 13 17 ...
 $ Race.RaceType1Cd                 : Factor w/ 2 levels "1-5-11","1-5-12": 2 2 2 2 2 2 2 2 2 2 ...
 $ RaceHorse.RaceId                 : Factor w/ 2474 levels "20161002-09-04-08-02",..: 11 12 13 14 15 16 17 18 19 20 ...
 $ RaceHorse.KettoNum               : Factor w/ 10947 levels "2014104024","2014101676",..: 11 12 13 14 15 16 17 18 19 20 ...
 $ RaceHorse.IsHit1                 : num  0 0 0 0 0 0 0 0 0 0 ...
 $ RaceHorse.IsHit2                 : num  0 0 0 0 0 0 0 0 0 0 ...
 $ RaceHorse.IsHit3                 : num  0 0 0 0 0 0 0 1 0 0 ...
 $ RaceHorse.IsHit4                 : num  0 0 0 0 0 0 0 0 0 0 ...
 $ RaceHorse.IsHit5                 : num  0 0 0 1 0 0 0 0 0 0 ...
 $ RaceHorse.IsHit6                 : num  1 1 1 0 1 1 1 0 1 1 ...
 $ RaceHorse.IsValidRaceHorse       : logi  TRUE TRUE TRUE TRUE TRUE TRUE ...
 $ RaceHorse.FinishTimeSdvByRace    : num  0.1101 0.0178 0.4247 0.8611 -1.5003 ...
 $ RaceHorse.FirstTimeSdvByRace     : num  -0.466 0.882 1.073 -0.923 0.84 ...
 $ RaceHorse.LastTimeSdvByRace      : num  0.584 -0.244 -0.156 1.095 -1.808 ...
 $ RaceHorse.FinishTimeSdv          : num  0.194 -0.443 -0.637 -0.217 0.166 ...
 $ RaceHorse.FirstTimeSdv           : num  -0.143 -0.341 -0.581 -1.142 1.533 ...
 $ RaceHorse.LastTimeSdv            : num  0.506 -0.245 -0.244 1.25 -1.484 ...
 $ RaceHorse.IsHitA                 : num  0 0 0 0 0 0 0 0 0 0 ...
 $ RaceHorse.IsHitB                 : num  0 0 0 0 0 0 0 0 0 0 ...
 $ RaceHorse.IsHitC                 : num  0 0 0 0 0 0 0 1 0 0 ...
 $ Gen02.HansyokuNum                : Factor w/ 6379 levels "12260087","12259792",..: 11 12 13 14 15 16 17 18 19 10 ...
 $ Gen02.FinishTimeSdvByRaceAvg     : num  -0.79 0.261 0.201 -1.942 -1.572 ...
 $ Gen02.FirstTimeSdvByRaceAvg      : num  -1.33 1.11 -0.196 -1.326 1.095 ...
 $ Gen02.LastTimeSdvByRaceAvg       : num  0.0764 -0.1309 0.3413 -1.0751 -2.492 ...
 $ Gen02.FinishTimeSdvAvg           : num  -0.8241 -0.1418 0.0766 -0.666 -0.6526 ...
 $ Gen02.FirstTimeSdvAvg            : num  -0.582 0.132 0.12 -0.431 0.442 ...
 $ Gen02.LastTimeSdvAvg             : num  -0.6288 -0.3276 -0.0866 -0.5377 -1.7822 ...
 $ Gen02.RealOddsLog1Avg            : num  5.61 3.31 4.76 5.77 3.12 ...
 $ Gen02.RunCount                   : num  1 4 8 1 1 8 3 4 2 10 ...
 $ Gen02.HitCount1                  : num  0 1 1 0 0 0 1 0 0 1 ...
 $ Gen02.HitCount2                  : num  0 0 0 0 0 0 1 0 0 1 ...
 $ Gen02.HitCount3                  : num  0 1 0 0 0 2 0 0 0 1 ...
 $ Gen02.HitCount4                  : num  0 0 0 0 0 1 0 0 0 1 ...
 $ Gen02.HitCount5                  : num  0 0 0 0 0 1 0 0 0 1 ...
 $ Gen02.HitRate1                   : num  0 0.25 0.125 0 0 ...
 $ Gen02.HitRate2                   : num  0 0 0 0 0 ...
 $ Gen02.HitRate3                   : num  0 0.25 0 0 0 0.25 0 0 0 0.1 ...
 $ Gen02.HitRate4                   : num  0 0 0 0 0 0.125 0 0 0 0.1 ...
 $ Gen02.HitRate5                   : num  0 0 0 0 0 0.125 0 0 0 0.1 ...
 $ EOF                              : int  1 1 1 1 1 1 1 1 1 1 ...
 - attr(*, "na.action")= 'omit' Named int  68 158 242 346 360 390 694 752 753 892 ...
  ..- attr(*, "names")= chr  "68" "158" "242" "346" ...
[1] "2022-03-08 18:53:39 --- na.omit Finish ---"
[1] "2022-03-08 18:53:39 --- rxLogit with rxStepControl Start ---"

> print(paste0(Sys.time(), " --- source_logic_glm.R Start ---"))
[1] "2022-03-08 18:53:39 --- source_logic_glm.R Start ---"

> formula <- formula(RaceHorse.IsHitA ~ +1 + Gen02.FinishTimeSdvByRaceAvg)

> print(paste0(Sys.time(), " --- source_logic_glm.R Finished ---"))
[1] "2022-03-08 18:53:39 --- source_logic_glm.R Finished ---"
Rows Read: 28911, Total Rows Processed: 28911, Total Chunk Time: 0.002 seconds 

Starting values (iteration 1) time: 0.016 secs.
Rows Read: 28911, Total Rows Processed: 28911, Total Chunk Time: 0.003 seconds 

Iteration 2 time: 0.011 secs.
Rows Read: 28911, Total Rows Processed: 28911, Total Chunk Time: 0.003 seconds 

Iteration 3 time: 0.006 secs.
Rows Read: 28911, Total Rows Processed: 28911, Total Chunk Time: 0.003 seconds 

Iteration 4 time: 0.006 secs.
Rows Read: 28911, Total Rows Processed: 28911, Total Chunk Time: 0.003 seconds 

Iteration 5 time: 0.006 secs.

Elapsed computation time: 0.061 secs.
Rows Read: 28911, Total Rows Processed: 28911, Total Chunk Time: Less than .001 seconds 

Starting values (iteration 1) time: 0.014 secs.
Rows Read: 28911, Total Rows Processed: 28911, Total Chunk Time: 0.002 seconds 

Iteration 2 time: 0.010 secs.

Elapsed computation time: 0.031 secs.
Rows Read: 28911, Total Rows Processed: 28911, Total Chunk Time: Less than .001 seconds 

Starting values (iteration 1) time: 0.013 secs.
Rows Read: 28911, Total Rows Processed: 28911, Total Chunk Time: 0.003 seconds 

Iteration 2 time: 0.010 secs.
Rows Read: 28911, Total Rows Processed: 28911, Total Chunk Time: 0.003 seconds 

Iteration 3 time: 0.006 secs.
Rows Read: 28911, Total Rows Processed: 28911, Total Chunk Time: 0.003 seconds 

Iteration 4 time: 0.006 secs.
Rows Read: 28911, Total Rows Processed: 28911, Total Chunk Time: 0.004 seconds 

Iteration 5 time: 0.006 secs.

Elapsed computation time: 0.061 secs.

Elapsed computation time: 0.173 secs.
[1] "--------------------------------------------------------------------------------"
[1] "analyze.results.glm.step="
Logistic Regression Results for: RaceHorse.IsHitA ~
    Gen02.FinishTimeSdvByRaceAvg
Data: data
Dependent variable(s): RaceHorse.IsHitA
Total independent variables: 2 
Number of valid observations: 28911
Number of missing observations: 0 
 
Coefficients:
                             RaceHorse.IsHitA
(Intercept)                                -3
Gen02.FinishTimeSdvByRaceAvg                1
[1] "analyze.results.glm.step.summary"
Call:
rxLogit(formula = formula, data = data, variableSelection = analyze.results.glm.step.varsel)

Logistic Regression Results for: RaceHorse.IsHitA ~
    Gen02.FinishTimeSdvByRaceAvg
Data: data
Dependent variable(s): RaceHorse.IsHitA
Total independent variables: 2 
Number of valid observations: 28911
Number of missing observations: 0 
-2*LogLikelihood: 14080.408 (Residual deviance on 28909 degrees of freedom)
 
Coefficients:
                             Estimate Std. Error z value Pr(>|z|)    
(Intercept)                   -3.0030     0.0332   -90.4  2.2e-16 ***
Gen02.FinishTimeSdvByRaceAvg   1.1115     0.0470    23.7  2.2e-16 ***
---
Signif. codes:  0 '***' 0.001 '**' 0.01 '*' 0.05 '.' 0.1 ' ' 1

Condition number of final variance-covariance matrix: 1 
Number of iterations: 5
[1] "--------------------------------------------------------------------------------"
[1] "2022-03-08 18:53:40 --- rxLogit with rxStepControl Finish ---"
[1] "2022-03-08 18:53:40 --- rxStepPlot Start ---"
[1] "pdfFilename=pdf_analyze_glm_Gen02_Type15_rxStepPlot.pdf"
[1] "rxStepPlot="
[1] "2022-03-08 18:53:40 --- rxStepPlot Finish ---"
[1] "2022-03-08 18:53:40 --- save.image Start ---"
[1] "save.image"
[1] "rdataFilename=RData_analyze_glm_Gen02_Type15.RData"
[1] "2022-03-08 18:53:40 --- save.image Finish ---"
[1] "2022-03-08 18:53:40 --- final Start ---"
[1] "--------------------------------------------------------------------------------"
[1] "nrow(data) final=28911"
[1] "--------------------------------------------------------------------------------"
[1] "2022-03-08 18:53:40 --- final Finish ---"
[1] "2022-03-08 18:53:40 --- analyze_glm.R Finished ---"
[1] "2022-03-08 18:53:40 --- log Finish ---"
