[1] "2022-02-21 22:08:46 --- D1115_analyze_glm_Gen01_IsHitA_Type16 Start ---"
[1] "2022-02-21 22:08:46 --- Log Start ---"
[1] "2022-02-21 22:08:46 --- analyze_glm.R Start ---"
[1] "analyzeVersion=D1115"
[1] "analyzeCategory=analyze"
[1] "analyzeType=Gen01"
[1] "analyzeFamily=IsHitA"
[1] "analyzeFunc=glm"
[1] "analyzeTrackTypeCd=1"
[1] "analyzeJyokenCd=6"
[1] "2022-02-21 22:08:46 --- source_function.R Start ---"
[1] "2022-02-21 22:08:46 --- source_function.R Finished ---"

> print(paste0(Sys.time(), " --- source_library.R Start ---"))
[1] "2022-02-21 22:08:46 --- source_library.R Start ---"

> require("RevoScaleR")

> print(paste0(Sys.time(), " --- source_library.R Finished ---"))
[1] "2022-02-21 22:08:46 --- source_library.R Finished ---"
[1] "2022-02-21 22:08:46 --- RxSqlServerData Start ---"
[1] "2022-02-21 22:08:46 --- RxInSqlServer Start ---"
[1] "2022-02-21 22:08:46 --- RxInSqlServer Finish ---"
[1] "2022-02-21 22:08:46 --- rxSetComputeContext Start ---"
[1] "2022-02-21 22:08:46 --- rxSetComputeContext Finish ---"
[1] "2022-02-21 22:08:46 --- RxSqlServerData Start ---"
[1] "sqlQuery=SELECT * FROM ViewAnalyzeD1115analyze01Gen01Type16"
[1] "2022-02-21 22:08:46 --- RxSqlServerData Finish ---"
[1] "2022-02-21 22:08:47 --- rxGetVarInfo Start ---"
[1] "2022-02-21 22:08:47 --- rxGetVarInfo Finish---"
[1] "2022-02-21 22:08:47 --- rxImport Start ---"
Rows Read: 13095, Total Rows Processed: 13095, Total Chunk Time: 70.220 seconds 
[1] "2022-02-21 22:11:37 --- rxImport Finish ---"
[1] "object.size(data) auto=3.5 Mb"
[1] "--------------------------------------------------------------------------------"
[1] "nrow(data) RxSqlServerData=13095"
[1] "--------------------------------------------------------------------------------"
[1] "str(data)="
'data.frame':	13095 obs. of  39 variables:
 $ Race.RaceId                      : Factor w/ 992 levels "20160130-07-01-05-06",..: 2 2 2 2 2 2 2 2 2 2 ...
 $ Race.IsPredictedRace             : logi  TRUE TRUE TRUE TRUE TRUE TRUE ...
 $ Race.IsAnalyzeNormalPastAndFuture: logi  TRUE TRUE TRUE TRUE TRUE TRUE ...
 $ Race.IsAnalyzeNormalPast         : logi  TRUE TRUE TRUE TRUE TRUE TRUE ...
 $ Race.IsAnalyzeNormalFuture       : logi  FALSE FALSE FALSE FALSE FALSE FALSE ...
 $ Race.IsAnalyzeFullPastAndFuture  : logi  TRUE TRUE TRUE TRUE TRUE TRUE ...
 $ Race.IsAnalyzeFullPast           : logi  TRUE TRUE TRUE TRUE TRUE TRUE ...
 $ Race.IsAnalyzeFullFuture         : logi  FALSE FALSE FALSE FALSE FALSE FALSE ...
 $ Race.JyokenCd                    : Factor w/ 1 level "6": 1 1 1 1 1 1 1 1 1 1 ...
 $ Race.RaceType1Cd                 : Factor w/ 1 level "1-6-X": 1 1 1 1 1 1 1 1 1 1 ...
 $ RaceHorse.RaceId                 : Factor w/ 992 levels "20160130-07-01-05-06",..: 2 2 2 2 2 2 2 2 2 2 ...
 $ RaceHorse.KettoNum               : Factor w/ 13076 levels "2013100017","2013100323",..: 11 12 13 14 15 16 17 18 19 20 ...
 $ RaceHorse.IsHit1                 : int  0 1 0 0 0 0 0 0 0 0 ...
 $ RaceHorse.IsHit2                 : int  0 0 0 0 0 0 0 1 0 0 ...
 $ RaceHorse.IsHit3                 : int  0 0 0 0 0 0 0 0 0 0 ...
 $ RaceHorse.IsHit4                 : int  0 0 0 1 0 0 0 0 0 0 ...
 $ RaceHorse.IsHit5                 : int  0 0 0 0 0 0 1 0 0 0 ...
 $ RaceHorse.IsHit6                 : int  1 0 1 0 1 1 0 0 1 1 ...
 $ RaceHorse.IsValidRaceHorse       : logi  TRUE TRUE TRUE TRUE TRUE TRUE ...
 $ RaceHorse.IsHitA                 : int  0 1 0 0 0 0 0 0 0 0 ...
 $ RaceHorse.IsHitB                 : int  0 1 0 0 0 0 0 1 0 0 ...
 $ RaceHorse.IsHitC                 : int  0 1 0 0 0 0 0 1 0 0 ...
 $ Gen01.HansyokuNum                : Factor w/ 339 levels "11202119","11202159",..: 2 11 12 12 13 14 14 13 15 1 ...
 $ Gen01.TimeSdvByRaceAvg           : num  -0.13692 -0.00231 0.10903 0.10903 0.26165 ...
 $ Gen01.TimeSdvByRaceMin           : num  -2.66 -2.83 -2.74 -2.74 -2.82 ...
 $ Gen01.TimeSdvByRaceMax           : num  1.93 2.1 2.13 2.13 1.85 ...
 $ Gen01.OrderOfFinishSdvAvg        : num  -0.1657 0.0266 0.0546 0.0546 0.3723 ...
 $ Gen01.RunCount                   : int  150 164 159 159 93 168 168 93 257 274 ...
 $ Gen01.HitCount1                  : int  6 15 13 13 9 13 13 9 28 37 ...
 $ Gen01.HitCount2                  : int  8 8 14 14 8 9 9 8 28 34 ...
 $ Gen01.HitCount3                  : int  9 10 11 11 13 16 16 13 29 36 ...
 $ Gen01.HitCount4                  : int  12 12 9 9 12 10 10 12 17 21 ...
 $ Gen01.HitCount5                  : int  6 13 19 19 8 14 14 8 21 16 ...
 $ Gen01.HitRate1                   : num  0.04 0.0915 0.0818 0.0818 0.0968 ...
 $ Gen01.HitRate2                   : num  0.0533 0.0488 0.0881 0.0881 0.086 ...
 $ Gen01.HitRate3                   : num  0.06 0.061 0.0692 0.0692 0.1398 ...
 $ Gen01.HitRate4                   : num  0.08 0.0732 0.0566 0.0566 0.129 ...
 $ Gen01.HitRate5                   : num  0.04 0.0793 0.1195 0.1195 0.086 ...
 $ EOF                              : int  1 1 1 1 1 1 1 1 1 1 ...
[1] "2022-02-21 22:11:37 --- RxSqlServerData Finish ---"
[1] "2022-02-21 22:11:37 --- subset Start ---"
[1] "--------------------------------------------------------------------------------"
[1] "nrow(data) subset before=13095"
[1] "nrow(data) subset after =13095"
[1] "nrow(data) subset diff =0"
[1] "--------------------------------------------------------------------------------"
[1] "2022-02-21 22:11:37 --- subset Finish---"
[1] "2022-02-21 22:11:37 --- transform Start ---"
[1] "--------------------------------------------------------------------------------"
[1] "nrow(data) transform before=13095"
[1] "nrow(data) transform after=13095"
[1] "nrow(data) transform diff=0"
[1] "--------------------------------------------------------------------------------"
[1] "str(data)="
'data.frame':	13095 obs. of  39 variables:
 $ Race.RaceId                      : Factor w/ 992 levels "20160130-07-01-05-06",..: 2 2 2 2 2 2 2 2 2 2 ...
 $ Race.IsPredictedRace             : logi  TRUE TRUE TRUE TRUE TRUE TRUE ...
 $ Race.IsAnalyzeNormalPastAndFuture: logi  TRUE TRUE TRUE TRUE TRUE TRUE ...
 $ Race.IsAnalyzeNormalPast         : logi  TRUE TRUE TRUE TRUE TRUE TRUE ...
 $ Race.IsAnalyzeNormalFuture       : logi  FALSE FALSE FALSE FALSE FALSE FALSE ...
 $ Race.IsAnalyzeFullPastAndFuture  : logi  TRUE TRUE TRUE TRUE TRUE TRUE ...
 $ Race.IsAnalyzeFullPast           : logi  TRUE TRUE TRUE TRUE TRUE TRUE ...
 $ Race.IsAnalyzeFullFuture         : logi  FALSE FALSE FALSE FALSE FALSE FALSE ...
 $ Race.JyokenCd                    : Factor w/ 1 level "6": 1 1 1 1 1 1 1 1 1 1 ...
 $ Race.RaceType1Cd                 : Factor w/ 1 level "1-6-X": 1 1 1 1 1 1 1 1 1 1 ...
 $ RaceHorse.RaceId                 : Factor w/ 992 levels "20160130-07-01-05-06",..: 2 2 2 2 2 2 2 2 2 2 ...
 $ RaceHorse.KettoNum               : Factor w/ 13076 levels "2013100017","2013100323",..: 11 12 13 14 15 16 17 18 19 20 ...
 $ RaceHorse.IsHit1                 : int  0 1 0 0 0 0 0 0 0 0 ...
 $ RaceHorse.IsHit2                 : int  0 0 0 0 0 0 0 1 0 0 ...
 $ RaceHorse.IsHit3                 : int  0 0 0 0 0 0 0 0 0 0 ...
 $ RaceHorse.IsHit4                 : int  0 0 0 1 0 0 0 0 0 0 ...
 $ RaceHorse.IsHit5                 : int  0 0 0 0 0 0 1 0 0 0 ...
 $ RaceHorse.IsHit6                 : int  1 0 1 0 1 1 0 0 1 1 ...
 $ RaceHorse.IsValidRaceHorse       : logi  TRUE TRUE TRUE TRUE TRUE TRUE ...
 $ RaceHorse.IsHitA                 : int  0 1 0 0 0 0 0 0 0 0 ...
 $ RaceHorse.IsHitB                 : int  0 1 0 0 0 0 0 1 0 0 ...
 $ RaceHorse.IsHitC                 : int  0 1 0 0 0 0 0 1 0 0 ...
 $ Gen01.HansyokuNum                : Factor w/ 339 levels "11202119","11202159",..: 2 11 12 12 13 14 14 13 15 1 ...
 $ Gen01.TimeSdvByRaceAvg           : num  -0.13692 -0.00231 0.10903 0.10903 0.26165 ...
 $ Gen01.TimeSdvByRaceMin           : num  -2.66 -2.83 -2.74 -2.74 -2.82 ...
 $ Gen01.TimeSdvByRaceMax           : num  1.93 2.1 2.13 2.13 1.85 ...
 $ Gen01.OrderOfFinishSdvAvg        : num  -0.1657 0.0266 0.0546 0.0546 0.3723 ...
 $ Gen01.RunCount                   : int  150 164 159 159 93 168 168 93 257 274 ...
 $ Gen01.HitCount1                  : int  6 15 13 13 9 13 13 9 28 37 ...
 $ Gen01.HitCount2                  : int  8 8 14 14 8 9 9 8 28 34 ...
 $ Gen01.HitCount3                  : int  9 10 11 11 13 16 16 13 29 36 ...
 $ Gen01.HitCount4                  : int  12 12 9 9 12 10 10 12 17 21 ...
 $ Gen01.HitCount5                  : int  6 13 19 19 8 14 14 8 21 16 ...
 $ Gen01.HitRate1                   : num  0.04 0.0915 0.0818 0.0818 0.0968 ...
 $ Gen01.HitRate2                   : num  0.0533 0.0488 0.0881 0.0881 0.086 ...
 $ Gen01.HitRate3                   : num  0.06 0.061 0.0692 0.0692 0.1398 ...
 $ Gen01.HitRate4                   : num  0.08 0.0732 0.0566 0.0566 0.129 ...
 $ Gen01.HitRate5                   : num  0.04 0.0793 0.1195 0.1195 0.086 ...
 $ EOF                              : int  1 1 1 1 1 1 1 1 1 1 ...
NULL
[1] "2022-02-21 22:11:37 --- transform Finish ---"
[1] "2022-02-21 22:11:37 --- na.omit Start ---"
[1] "--------------------------------------------------------------------------------"
[1] "nrow(data) na.omit before=13095"
[1] "nrow(data) na.omit after =13095"
[1] "nrow(data) na.omit diff =0"
[1] "--------------------------------------------------------------------------------"
'data.frame':	13095 obs. of  39 variables:
 $ Race.RaceId                      : Factor w/ 992 levels "20160130-07-01-05-06",..: 2 2 2 2 2 2 2 2 2 2 ...
 $ Race.IsPredictedRace             : logi  TRUE TRUE TRUE TRUE TRUE TRUE ...
 $ Race.IsAnalyzeNormalPastAndFuture: logi  TRUE TRUE TRUE TRUE TRUE TRUE ...
 $ Race.IsAnalyzeNormalPast         : logi  TRUE TRUE TRUE TRUE TRUE TRUE ...
 $ Race.IsAnalyzeNormalFuture       : logi  FALSE FALSE FALSE FALSE FALSE FALSE ...
 $ Race.IsAnalyzeFullPastAndFuture  : logi  TRUE TRUE TRUE TRUE TRUE TRUE ...
 $ Race.IsAnalyzeFullPast           : logi  TRUE TRUE TRUE TRUE TRUE TRUE ...
 $ Race.IsAnalyzeFullFuture         : logi  FALSE FALSE FALSE FALSE FALSE FALSE ...
 $ Race.JyokenCd                    : Factor w/ 1 level "6": 1 1 1 1 1 1 1 1 1 1 ...
 $ Race.RaceType1Cd                 : Factor w/ 1 level "1-6-X": 1 1 1 1 1 1 1 1 1 1 ...
 $ RaceHorse.RaceId                 : Factor w/ 992 levels "20160130-07-01-05-06",..: 2 2 2 2 2 2 2 2 2 2 ...
 $ RaceHorse.KettoNum               : Factor w/ 13076 levels "2013100017","2013100323",..: 11 12 13 14 15 16 17 18 19 20 ...
 $ RaceHorse.IsHit1                 : int  0 1 0 0 0 0 0 0 0 0 ...
 $ RaceHorse.IsHit2                 : int  0 0 0 0 0 0 0 1 0 0 ...
 $ RaceHorse.IsHit3                 : int  0 0 0 0 0 0 0 0 0 0 ...
 $ RaceHorse.IsHit4                 : int  0 0 0 1 0 0 0 0 0 0 ...
 $ RaceHorse.IsHit5                 : int  0 0 0 0 0 0 1 0 0 0 ...
 $ RaceHorse.IsHit6                 : int  1 0 1 0 1 1 0 0 1 1 ...
 $ RaceHorse.IsValidRaceHorse       : logi  TRUE TRUE TRUE TRUE TRUE TRUE ...
 $ RaceHorse.IsHitA                 : int  0 1 0 0 0 0 0 0 0 0 ...
 $ RaceHorse.IsHitB                 : int  0 1 0 0 0 0 0 1 0 0 ...
 $ RaceHorse.IsHitC                 : int  0 1 0 0 0 0 0 1 0 0 ...
 $ Gen01.HansyokuNum                : Factor w/ 339 levels "11202119","11202159",..: 2 11 12 12 13 14 14 13 15 1 ...
 $ Gen01.TimeSdvByRaceAvg           : num  -0.13692 -0.00231 0.10903 0.10903 0.26165 ...
 $ Gen01.TimeSdvByRaceMin           : num  -2.66 -2.83 -2.74 -2.74 -2.82 ...
 $ Gen01.TimeSdvByRaceMax           : num  1.93 2.1 2.13 2.13 1.85 ...
 $ Gen01.OrderOfFinishSdvAvg        : num  -0.1657 0.0266 0.0546 0.0546 0.3723 ...
 $ Gen01.RunCount                   : int  150 164 159 159 93 168 168 93 257 274 ...
 $ Gen01.HitCount1                  : int  6 15 13 13 9 13 13 9 28 37 ...
 $ Gen01.HitCount2                  : int  8 8 14 14 8 9 9 8 28 34 ...
 $ Gen01.HitCount3                  : int  9 10 11 11 13 16 16 13 29 36 ...
 $ Gen01.HitCount4                  : int  12 12 9 9 12 10 10 12 17 21 ...
 $ Gen01.HitCount5                  : int  6 13 19 19 8 14 14 8 21 16 ...
 $ Gen01.HitRate1                   : num  0.04 0.0915 0.0818 0.0818 0.0968 ...
 $ Gen01.HitRate2                   : num  0.0533 0.0488 0.0881 0.0881 0.086 ...
 $ Gen01.HitRate3                   : num  0.06 0.061 0.0692 0.0692 0.1398 ...
 $ Gen01.HitRate4                   : num  0.08 0.0732 0.0566 0.0566 0.129 ...
 $ Gen01.HitRate5                   : num  0.04 0.0793 0.1195 0.1195 0.086 ...
 $ EOF                              : int  1 1 1 1 1 1 1 1 1 1 ...
[1] "2022-02-21 22:11:38 --- na.omit Finish ---"
[1] "2022-02-21 22:11:38 --- rxGlm with rxStepControl Start ---"

> print(paste0(Sys.time(), " --- source_logic_glm.R Start ---"))
[1] "2022-02-21 22:11:38 --- source_logic_glm.R Start ---"

> formula <- formula(RaceHorse.IsHitA ~ +1 + Gen01.OrderOfFinishSdvAvg)

> print(paste0(Sys.time(), " --- source_logic_glm.R Finished ---"))
[1] "2022-02-21 22:11:38 --- source_logic_glm.R Finished ---"
Rows Read: 13095, Total Rows Processed: 13095, Total Chunk Time: 0.001 seconds 

Starting values (iteration 1) time: 0.028 secs.
Rows Read: 13095, Total Rows Processed: 13095, Total Chunk Time: 0.002 seconds 

Iteration 2 time: 0.007 secs.
Rows Read: 13095, Total Rows Processed: 13095, Total Chunk Time: 0.002 seconds 

Iteration 3 time: 0.006 secs.
Rows Read: 13095, Total Rows Processed: 13095, Total Chunk Time: 0.002 seconds 

Iteration 4 time: 0.005 secs.
Rows Read: 13095, Total Rows Processed: 13095, Total Chunk Time: 0.002 seconds 

Iteration 5 time: 0.006 secs.

Elapsed computation time: 0.069 secs.
Rows Read: 13095, Total Rows Processed: 13095, Total Chunk Time: Less than .001 seconds 

Starting values (iteration 1) time: 0.009 secs.
Rows Read: 13095, Total Rows Processed: 13095, Total Chunk Time: 0.001 seconds 

Iteration 2 time: 0.007 secs.

Elapsed computation time: 0.027 secs.
Rows Read: 13095, Total Rows Processed: 13095, Total Chunk Time: 0.002 seconds 

Starting values (iteration 1) time: 0.013 secs.
Rows Read: 13095, Total Rows Processed: 13095, Total Chunk Time: 0.001 seconds 

Iteration 2 time: 0.008 secs.
Rows Read: 13095, Total Rows Processed: 13095, Total Chunk Time: 0.002 seconds 

Iteration 3 time: 0.006 secs.
Rows Read: 13095, Total Rows Processed: 13095, Total Chunk Time: 0.002 seconds 

Iteration 4 time: 0.006 secs.
Rows Read: 13095, Total Rows Processed: 13095, Total Chunk Time: 0.002 seconds 

Iteration 5 time: 0.007 secs.

Elapsed computation time: 0.066 secs.

Elapsed computation time: 0.180 secs.
[1] "--------------------------------------------------------------------------------"
[1] "analyze.results.glm.step="
Logistic Regression Results for: RaceHorse.IsHitA ~
    Gen01.OrderOfFinishSdvAvg
Data: data
Dependent variable(s): RaceHorse.IsHitA
Total independent variables: 2 
Number of valid observations: 13095
Number of missing observations: 0 
 
Coefficients:
                          RaceHorse.IsHitA
(Intercept)                             -3
Gen01.OrderOfFinishSdvAvg                2
[1] "analyze.results.glm.step.summary"
Call:
rxLogit(formula = formula, data = data, variableSelection = analyze.results.glm.step.varsel)

Logistic Regression Results for: RaceHorse.IsHitA ~
    Gen01.OrderOfFinishSdvAvg
Data: data
Dependent variable(s): RaceHorse.IsHitA
Total independent variables: 2 
Number of valid observations: 13095
Number of missing observations: 0 
-2*LogLikelihood: 6628.266 (Residual deviance on 13093 degrees of freedom)
 
Coefficients:
                          Estimate Std. Error z value Pr(>|z|)    
(Intercept)                -2.7913     0.0410   -68.0  2.2e-16 ***
Gen01.OrderOfFinishSdvAvg   1.6294     0.0968    16.8  2.2e-16 ***
---
Signif. codes:  0 '***' 0.001 '**' 0.01 '*' 0.05 '.' 0.1 ' ' 1

Condition number of final variance-covariance matrix: 1 
Number of iterations: 5
[1] "--------------------------------------------------------------------------------"
[1] "2022-02-21 22:11:38 --- rxGlm with rxStepControl Finish ---"
[1] "2022-02-21 22:11:38 --- rxStepPlot Start ---"
[1] "pdfFilename=pdf_analyze_glm_Gen01_Type16_rxStepPlot.pdf"
[1] "rxStepPlot="
[1] "2022-02-21 22:11:38 --- rxStepPlot Finish ---"
[1] "2022-02-21 22:11:38 --- save.image Start ---"
[1] "save.image"
[1] "rdataFilename=RData_analyze_glm_Gen01_Type16.RData"
[1] "2022-02-21 22:11:38 --- save.image Finish ---"
[1] "2022-02-21 22:11:38 --- final Start ---"
[1] "--------------------------------------------------------------------------------"
[1] "nrow(data) final=13095"
[1] "--------------------------------------------------------------------------------"
[1] "2022-02-21 22:11:38 --- final Finish ---"
[1] "2022-02-21 22:11:38 --- analyze_glm.R Finished ---"
[1] "2022-02-21 22:11:38 --- log Finish ---"
