[1] "2022-02-25 20:22:16 --- D1115_analyze_glm_Gen01_IsHitA_Type22 Start ---"
[1] "2022-02-25 20:22:16 --- Log Start ---"
[1] "2022-02-25 20:22:16 --- analyze_glm.R Start ---"
[1] "analyzeVersion=D1115"
[1] "analyzeCategory=analyze"
[1] "analyzeType=Gen01"
[1] "analyzeFamily=IsHitA"
[1] "analyzeFunc=glm"
[1] "analyzeTrackTypeCd=2"
[1] "analyzeJyokenCd=2"
[1] "2022-02-25 20:22:16 --- source_function.R Start ---"
[1] "2022-02-25 20:22:16 --- source_function.R Finished ---"

> print(paste0(Sys.time(), " --- source_library.R Start ---"))
[1] "2022-02-25 20:22:16 --- source_library.R Start ---"

> require("RevoScaleR")

> print(paste0(Sys.time(), " --- source_library.R Finished ---"))
[1] "2022-02-25 20:22:17 --- source_library.R Finished ---"
[1] "2022-02-25 20:22:17 --- RxSqlServerData Start ---"
[1] "2022-02-25 20:22:17 --- RxInSqlServer Start ---"
[1] "2022-02-25 20:22:17 --- RxInSqlServer Finish ---"
[1] "2022-02-25 20:22:17 --- rxSetComputeContext Start ---"
[1] "2022-02-25 20:22:17 --- rxSetComputeContext Finish ---"
[1] "2022-02-25 20:22:17 --- RxSqlServerData Start ---"
[1] "sqlQuery=SELECT * FROM ViewAnalyzeD1115analyze01Gen01Type22"
[1] "2022-02-25 20:22:17 --- RxSqlServerData Finish ---"
[1] "2022-02-25 20:22:17 --- rxGetVarInfo Start ---"
[1] "2022-02-25 20:22:17 --- rxGetVarInfo Finish---"
[1] "2022-02-25 20:22:17 --- rxImport Start ---"
Rows Read: 5568, Total Rows Processed: 5568, Total Chunk Time: 21.998 seconds 
[1] "2022-02-25 20:23:11 --- rxImport Finish ---"
[1] "object.size(data) auto=1.7 Mb"
[1] "--------------------------------------------------------------------------------"
[1] "nrow(data) RxSqlServerData=5568"
[1] "--------------------------------------------------------------------------------"
[1] "str(data)="
'data.frame':	5568 obs. of  44 variables:
 $ Race.RaceId                      : Factor w/ 399 levels "20160105-08-01-01-09",..: 1 2 2 2 3 4 4 4 5 6 ...
 $ Race.IsPredictedRace             : logi  TRUE TRUE TRUE TRUE TRUE TRUE ...
 $ Race.IsAnalyzeNormalPastAndFuture: logi  TRUE TRUE TRUE TRUE TRUE TRUE ...
 $ Race.IsAnalyzeNormalPast         : logi  TRUE TRUE TRUE TRUE TRUE TRUE ...
 $ Race.IsAnalyzeNormalFuture       : logi  FALSE FALSE FALSE FALSE FALSE FALSE ...
 $ Race.IsAnalyzeFullPastAndFuture  : logi  TRUE TRUE TRUE TRUE TRUE TRUE ...
 $ Race.IsAnalyzeFullPast           : logi  TRUE TRUE TRUE TRUE TRUE TRUE ...
 $ Race.IsAnalyzeFullFuture         : logi  FALSE FALSE FALSE FALSE FALSE FALSE ...
 $ Race.JyokenCd                    : Factor w/ 1 level "2": 1 1 1 1 1 1 1 1 1 1 ...
 $ Race.JyoType1Cd                  : Factor w/ 71 levels "2-08-1900-2-1",..: 1 2 2 2 3 4 4 4 5 6 ...
 $ Race.RaceType1Cd                 : Factor w/ 2 levels "2-2-E-2","2-2-E-1": 1 1 1 1 2 1 1 1 1 2 ...
 $ RaceHorse.RaceId                 : Factor w/ 399 levels "20160105-08-01-01-09",..: 1 2 2 2 3 4 4 4 5 6 ...
 $ RaceHorse.KettoNum               : Factor w/ 1156 levels "2011103479","2009102472",..: 1 2 3 4 5 6 1 7 4 8 ...
 $ RaceHorse.IsHit1                 : num  0 1 0 0 0 0 0 0 0 0 ...
 $ RaceHorse.IsHit2                 : num  0 0 0 0 0 0 0 0 0 0 ...
 $ RaceHorse.IsHit3                 : num  1 0 0 0 0 0 0 0 0 0 ...
 $ RaceHorse.IsHit4                 : num  0 0 0 1 0 1 0 0 0 0 ...
 $ RaceHorse.IsHit5                 : num  0 0 0 0 0 0 0 0 0 0 ...
 $ RaceHorse.IsHit6                 : num  0 0 1 0 1 0 1 1 1 1 ...
 $ RaceHorse.IsValidRaceHorse       : logi  TRUE TRUE TRUE TRUE TRUE TRUE ...
 $ RaceHorse.TimeSdv                : num  0.746 0.2903 -0.0734 0.0176 -0.5737 ...
 $ RaceHorse.IsHitA                 : num  0 1 0 0 0 0 0 0 0 0 ...
 $ RaceHorse.IsHitB                 : num  0 1 0 0 0 0 0 0 0 0 ...
 $ RaceHorse.IsHitC                 : num  1 1 0 0 0 0 0 0 0 0 ...
 $ Gen01.HansyokuNum                : Factor w/ 210 levels "11201954","11201960",..: 1 1 1 1 1 1 1 1 1 2 ...
 $ Gen01.TimeSdvByRaceAvg           : num  0.1669 0.1739 0.1739 0.1739 -0.0339 ...
 $ Gen01.TimeSdvByRaceMin           : num  -2.21 -2.21 -2.21 -2.21 -2.79 ...
 $ Gen01.TimeSdvByRaceMax           : num  1.88 1.88 1.88 1.88 1.52 ...
 $ Gen01.TimeSdvAvg                 : num  0.197 0.203 0.203 0.203 0.064 ...
 $ Gen01.TimeSdvMin                 : num  -2.96 -2.96 -2.96 -2.96 -3.07 ...
 $ Gen01.TimeSdvMax                 : num  3.02 3.02 3.02 3.02 1.99 ...
 $ Gen01.OrderOfFinishSdvAvg        : num  0.124 0.1337 0.1337 0.1337 -0.0824 ...
 $ Gen01.RunCount                   : num  100 101 101 101 97 103 103 103 106 6 ...
 $ Gen01.HitCount1                  : num  7 7 7 7 5 8 8 8 8 1 ...
 $ Gen01.HitCount2                  : num  6 6 6 6 8 6 6 6 6 1 ...
 $ Gen01.HitCount3                  : num  8 9 9 9 3 9 9 9 9 0 ...
 $ Gen01.HitCount4                  : num  15 15 15 15 5 16 16 16 17 0 ...
 $ Gen01.HitCount5                  : num  8 8 8 8 11 7 7 7 7 2 ...
 $ Gen01.HitRate1                   : num  0.07 0.0693 0.0693 0.0693 0.0515 ...
 $ Gen01.HitRate2                   : num  0.06 0.0594 0.0594 0.0594 0.0825 ...
 $ Gen01.HitRate3                   : num  0.08 0.0891 0.0891 0.0891 0.0309 ...
 $ Gen01.HitRate4                   : num  0.15 0.1485 0.1485 0.1485 0.0515 ...
 $ Gen01.HitRate5                   : num  0.08 0.0792 0.0792 0.0792 0.1134 ...
 $ EOF                              : int  1 1 1 1 1 1 1 1 1 1 ...
[1] "2022-02-25 20:24:23 --- RxSqlServerData Finish ---"
[1] "2022-02-25 20:24:23 --- subset Start ---"
[1] "--------------------------------------------------------------------------------"
[1] "nrow(data) subset before=5568"
[1] "nrow(data) subset after =5568"
[1] "nrow(data) subset diff =0"
[1] "--------------------------------------------------------------------------------"
[1] "2022-02-25 20:24:24 --- subset Finish---"
[1] "2022-02-25 20:24:24 --- transform Start ---"
[1] "--------------------------------------------------------------------------------"
[1] "nrow(data) transform before=5568"
[1] "nrow(data) transform after=5568"
[1] "nrow(data) transform diff=0"
[1] "--------------------------------------------------------------------------------"
[1] "str(data)="
'data.frame':	5568 obs. of  44 variables:
 $ Race.RaceId                      : Factor w/ 399 levels "20160105-08-01-01-09",..: 1 2 2 2 3 4 4 4 5 6 ...
 $ Race.IsPredictedRace             : logi  TRUE TRUE TRUE TRUE TRUE TRUE ...
 $ Race.IsAnalyzeNormalPastAndFuture: logi  TRUE TRUE TRUE TRUE TRUE TRUE ...
 $ Race.IsAnalyzeNormalPast         : logi  TRUE TRUE TRUE TRUE TRUE TRUE ...
 $ Race.IsAnalyzeNormalFuture       : logi  FALSE FALSE FALSE FALSE FALSE FALSE ...
 $ Race.IsAnalyzeFullPastAndFuture  : logi  TRUE TRUE TRUE TRUE TRUE TRUE ...
 $ Race.IsAnalyzeFullPast           : logi  TRUE TRUE TRUE TRUE TRUE TRUE ...
 $ Race.IsAnalyzeFullFuture         : logi  FALSE FALSE FALSE FALSE FALSE FALSE ...
 $ Race.JyokenCd                    : Factor w/ 1 level "2": 1 1 1 1 1 1 1 1 1 1 ...
 $ Race.JyoType1Cd                  : Factor w/ 71 levels "2-08-1900-2-1",..: 1 2 2 2 3 4 4 4 5 6 ...
 $ Race.RaceType1Cd                 : Factor w/ 2 levels "2-2-E-2","2-2-E-1": 1 1 1 1 2 1 1 1 1 2 ...
 $ RaceHorse.RaceId                 : Factor w/ 399 levels "20160105-08-01-01-09",..: 1 2 2 2 3 4 4 4 5 6 ...
 $ RaceHorse.KettoNum               : Factor w/ 1156 levels "2011103479","2009102472",..: 1 2 3 4 5 6 1 7 4 8 ...
 $ RaceHorse.IsHit1                 : num  0 1 0 0 0 0 0 0 0 0 ...
 $ RaceHorse.IsHit2                 : num  0 0 0 0 0 0 0 0 0 0 ...
 $ RaceHorse.IsHit3                 : num  1 0 0 0 0 0 0 0 0 0 ...
 $ RaceHorse.IsHit4                 : num  0 0 0 1 0 1 0 0 0 0 ...
 $ RaceHorse.IsHit5                 : num  0 0 0 0 0 0 0 0 0 0 ...
 $ RaceHorse.IsHit6                 : num  0 0 1 0 1 0 1 1 1 1 ...
 $ RaceHorse.IsValidRaceHorse       : logi  TRUE TRUE TRUE TRUE TRUE TRUE ...
 $ RaceHorse.TimeSdv                : num  0.746 0.2903 -0.0734 0.0176 -0.5737 ...
 $ RaceHorse.IsHitA                 : num  0 1 0 0 0 0 0 0 0 0 ...
 $ RaceHorse.IsHitB                 : num  0 1 0 0 0 0 0 0 0 0 ...
 $ RaceHorse.IsHitC                 : num  1 1 0 0 0 0 0 0 0 0 ...
 $ Gen01.HansyokuNum                : Factor w/ 210 levels "11201954","11201960",..: 1 1 1 1 1 1 1 1 1 2 ...
 $ Gen01.TimeSdvByRaceAvg           : num  0.1669 0.1739 0.1739 0.1739 -0.0339 ...
 $ Gen01.TimeSdvByRaceMin           : num  -2.21 -2.21 -2.21 -2.21 -2.79 ...
 $ Gen01.TimeSdvByRaceMax           : num  1.88 1.88 1.88 1.88 1.52 ...
 $ Gen01.TimeSdvAvg                 : num  0.197 0.203 0.203 0.203 0.064 ...
 $ Gen01.TimeSdvMin                 : num  -2.96 -2.96 -2.96 -2.96 -3.07 ...
 $ Gen01.TimeSdvMax                 : num  3.02 3.02 3.02 3.02 1.99 ...
 $ Gen01.OrderOfFinishSdvAvg        : num  0.124 0.1337 0.1337 0.1337 -0.0824 ...
 $ Gen01.RunCount                   : num  100 101 101 101 97 103 103 103 106 6 ...
 $ Gen01.HitCount1                  : num  7 7 7 7 5 8 8 8 8 1 ...
 $ Gen01.HitCount2                  : num  6 6 6 6 8 6 6 6 6 1 ...
 $ Gen01.HitCount3                  : num  8 9 9 9 3 9 9 9 9 0 ...
 $ Gen01.HitCount4                  : num  15 15 15 15 5 16 16 16 17 0 ...
 $ Gen01.HitCount5                  : num  8 8 8 8 11 7 7 7 7 2 ...
 $ Gen01.HitRate1                   : num  0.07 0.0693 0.0693 0.0693 0.0515 ...
 $ Gen01.HitRate2                   : num  0.06 0.0594 0.0594 0.0594 0.0825 ...
 $ Gen01.HitRate3                   : num  0.08 0.0891 0.0891 0.0891 0.0309 ...
 $ Gen01.HitRate4                   : num  0.15 0.1485 0.1485 0.1485 0.0515 ...
 $ Gen01.HitRate5                   : num  0.08 0.0792 0.0792 0.0792 0.1134 ...
 $ EOF                              : int  1 1 1 1 1 1 1 1 1 1 ...
NULL
[1] "2022-02-25 20:25:48 --- transform Finish ---"
[1] "2022-02-25 20:25:48 --- na.omit Start ---"
[1] "--------------------------------------------------------------------------------"
[1] "nrow(data) na.omit before=5568"
[1] "nrow(data) na.omit after =5531"
[1] "nrow(data) na.omit diff =37"
[1] "--------------------------------------------------------------------------------"
'data.frame':	5531 obs. of  44 variables:
 $ Race.RaceId                      : Factor w/ 399 levels "20160105-08-01-01-09",..: 1 2 2 2 3 4 4 4 5 6 ...
 $ Race.IsPredictedRace             : logi  TRUE TRUE TRUE TRUE TRUE TRUE ...
 $ Race.IsAnalyzeNormalPastAndFuture: logi  TRUE TRUE TRUE TRUE TRUE TRUE ...
 $ Race.IsAnalyzeNormalPast         : logi  TRUE TRUE TRUE TRUE TRUE TRUE ...
 $ Race.IsAnalyzeNormalFuture       : logi  FALSE FALSE FALSE FALSE FALSE FALSE ...
 $ Race.IsAnalyzeFullPastAndFuture  : logi  TRUE TRUE TRUE TRUE TRUE TRUE ...
 $ Race.IsAnalyzeFullPast           : logi  TRUE TRUE TRUE TRUE TRUE TRUE ...
 $ Race.IsAnalyzeFullFuture         : logi  FALSE FALSE FALSE FALSE FALSE FALSE ...
 $ Race.JyokenCd                    : Factor w/ 1 level "2": 1 1 1 1 1 1 1 1 1 1 ...
 $ Race.JyoType1Cd                  : Factor w/ 71 levels "2-08-1900-2-1",..: 1 2 2 2 3 4 4 4 5 6 ...
 $ Race.RaceType1Cd                 : Factor w/ 2 levels "2-2-E-2","2-2-E-1": 1 1 1 1 2 1 1 1 1 2 ...
 $ RaceHorse.RaceId                 : Factor w/ 399 levels "20160105-08-01-01-09",..: 1 2 2 2 3 4 4 4 5 6 ...
 $ RaceHorse.KettoNum               : Factor w/ 1156 levels "2011103479","2009102472",..: 1 2 3 4 5 6 1 7 4 8 ...
 $ RaceHorse.IsHit1                 : num  0 1 0 0 0 0 0 0 0 0 ...
 $ RaceHorse.IsHit2                 : num  0 0 0 0 0 0 0 0 0 0 ...
 $ RaceHorse.IsHit3                 : num  1 0 0 0 0 0 0 0 0 0 ...
 $ RaceHorse.IsHit4                 : num  0 0 0 1 0 1 0 0 0 0 ...
 $ RaceHorse.IsHit5                 : num  0 0 0 0 0 0 0 0 0 0 ...
 $ RaceHorse.IsHit6                 : num  0 0 1 0 1 0 1 1 1 1 ...
 $ RaceHorse.IsValidRaceHorse       : logi  TRUE TRUE TRUE TRUE TRUE TRUE ...
 $ RaceHorse.TimeSdv                : num  0.746 0.2903 -0.0734 0.0176 -0.5737 ...
 $ RaceHorse.IsHitA                 : num  0 1 0 0 0 0 0 0 0 0 ...
 $ RaceHorse.IsHitB                 : num  0 1 0 0 0 0 0 0 0 0 ...
 $ RaceHorse.IsHitC                 : num  1 1 0 0 0 0 0 0 0 0 ...
 $ Gen01.HansyokuNum                : Factor w/ 210 levels "11201954","11201960",..: 1 1 1 1 1 1 1 1 1 2 ...
 $ Gen01.TimeSdvByRaceAvg           : num  0.1669 0.1739 0.1739 0.1739 -0.0339 ...
 $ Gen01.TimeSdvByRaceMin           : num  -2.21 -2.21 -2.21 -2.21 -2.79 ...
 $ Gen01.TimeSdvByRaceMax           : num  1.88 1.88 1.88 1.88 1.52 ...
 $ Gen01.TimeSdvAvg                 : num  0.197 0.203 0.203 0.203 0.064 ...
 $ Gen01.TimeSdvMin                 : num  -2.96 -2.96 -2.96 -2.96 -3.07 ...
 $ Gen01.TimeSdvMax                 : num  3.02 3.02 3.02 3.02 1.99 ...
 $ Gen01.OrderOfFinishSdvAvg        : num  0.124 0.1337 0.1337 0.1337 -0.0824 ...
 $ Gen01.RunCount                   : num  100 101 101 101 97 103 103 103 106 6 ...
 $ Gen01.HitCount1                  : num  7 7 7 7 5 8 8 8 8 1 ...
 $ Gen01.HitCount2                  : num  6 6 6 6 8 6 6 6 6 1 ...
 $ Gen01.HitCount3                  : num  8 9 9 9 3 9 9 9 9 0 ...
 $ Gen01.HitCount4                  : num  15 15 15 15 5 16 16 16 17 0 ...
 $ Gen01.HitCount5                  : num  8 8 8 8 11 7 7 7 7 2 ...
 $ Gen01.HitRate1                   : num  0.07 0.0693 0.0693 0.0693 0.0515 ...
 $ Gen01.HitRate2                   : num  0.06 0.0594 0.0594 0.0594 0.0825 ...
 $ Gen01.HitRate3                   : num  0.08 0.0891 0.0891 0.0891 0.0309 ...
 $ Gen01.HitRate4                   : num  0.15 0.1485 0.1485 0.1485 0.0515 ...
 $ Gen01.HitRate5                   : num  0.08 0.0792 0.0792 0.0792 0.1134 ...
 $ EOF                              : int  1 1 1 1 1 1 1 1 1 1 ...
 - attr(*, "na.action")= 'omit' Named int  52 102 172 199 204 324 816 889 1079 1252 ...
  ..- attr(*, "names")= chr  "52" "102" "172" "199" ...
[1] "2022-02-25 20:25:51 --- na.omit Finish ---"
[1] "2022-02-25 20:25:51 --- rxGlm with rxStepControl Start ---"

> print(paste0(Sys.time(), " --- source_logic_glm.R Start ---"))
[1] "2022-02-25 20:25:52 --- source_logic_glm.R Start ---"

> formula <- formula(RaceHorse.IsHitA ~ +1 + Gen01.TimeSdvAvg)

> print(paste0(Sys.time(), " --- source_logic_glm.R Finished ---"))
[1] "2022-02-25 20:25:52 --- source_logic_glm.R Finished ---"
Rows Read: 5531, Total Rows Processed: 5531, Total Chunk Time: 0.001 seconds 

Starting values (iteration 1) time: 0.014 secs.
Rows Read: 5531, Total Rows Processed: 5531, Total Chunk Time: Less than .001 seconds 

Iteration 2 time: 0.021 secs.
Rows Read: 5531, Total Rows Processed: 5531, Total Chunk Time: 0.002 seconds 

Iteration 3 time: 0.008 secs.
Rows Read: 5531, Total Rows Processed: 5531, Total Chunk Time: Less than .001 seconds 

Iteration 4 time: 0.005 secs.

Elapsed computation time: 0.119 secs.
Rows Read: 5531, Total Rows Processed: 5531, Total Chunk Time: Less than .001 seconds 

Starting values (iteration 1) time: 0.006 secs.
Rows Read: 5531, Total Rows Processed: 5531, Total Chunk Time: 0.002 seconds 

Iteration 2 time: 0.012 secs.

Elapsed computation time: 0.048 secs.
Rows Read: 5531, Total Rows Processed: 5531, Total Chunk Time: 0.001 seconds 

Starting values (iteration 1) time: 0.006 secs.
Rows Read: 5531, Total Rows Processed: 5531, Total Chunk Time: 0.002 seconds 

Iteration 2 time: 0.013 secs.
Rows Read: 5531, Total Rows Processed: 5531, Total Chunk Time: 0.063 seconds 

Iteration 3 time: 0.066 secs.
Rows Read: 5531, Total Rows Processed: 5531, Total Chunk Time: 0.001 seconds 

Iteration 4 time: 0.012 secs.

Elapsed computation time: 0.142 secs.

Elapsed computation time: 0.452 secs.
[1] "--------------------------------------------------------------------------------"
[1] "analyze.results.glm.step="
Logistic Regression Results for: RaceHorse.IsHitA ~ Gen01.TimeSdvAvg
Data: data
Dependent variable(s): RaceHorse.IsHitA
Total independent variables: 2 
Number of valid observations: 5531
Number of missing observations: 0 
 
Coefficients:
                 RaceHorse.IsHitA
(Intercept)                  -2.7
Gen01.TimeSdvAvg              0.6
[1] "analyze.results.glm.step.summary"
Call:
rxLogit(formula = formula, data = data, variableSelection = analyze.results.glm.step.varsel)

Logistic Regression Results for: RaceHorse.IsHitA ~ Gen01.TimeSdvAvg
Data: data
Dependent variable(s): RaceHorse.IsHitA
Total independent variables: 2 
Number of valid observations: 5531
Number of missing observations: 0 
-2*LogLikelihood: 2763.633 (Residual deviance on 5529 degrees of freedom)
 
Coefficients:
                 Estimate Std. Error z value Pr(>|z|)    
(Intercept)       -2.6777     0.0585  -45.80  2.2e-16 ***
Gen01.TimeSdvAvg   0.5700     0.1469    3.88    1e-04 ***
---
Signif. codes:  0 '***' 0.001 '**' 0.01 '*' 0.05 '.' 0.1 ' ' 1

Condition number of final variance-covariance matrix: 1 
Number of iterations: 4
[1] "--------------------------------------------------------------------------------"
[1] "2022-02-25 20:25:53 --- rxGlm with rxStepControl Finish ---"
[1] "2022-02-25 20:25:53 --- rxStepPlot Start ---"
[1] "pdfFilename=pdf_analyze_glm_Gen01_Type22_rxStepPlot.pdf"
[1] "rxStepPlot="
[1] "2022-02-25 20:25:53 --- rxStepPlot Finish ---"
[1] "2022-02-25 20:25:53 --- save.image Start ---"
[1] "save.image"
[1] "rdataFilename=RData_analyze_glm_Gen01_Type22.RData"
[1] "2022-02-25 20:25:53 --- save.image Finish ---"
[1] "2022-02-25 20:25:53 --- final Start ---"
[1] "--------------------------------------------------------------------------------"
[1] "nrow(data) final=5531"
[1] "--------------------------------------------------------------------------------"
[1] "2022-02-25 20:25:53 --- final Finish ---"
[1] "2022-02-25 20:25:53 --- analyze_glm.R Finished ---"
[1] "2022-02-25 20:25:54 --- log Finish ---"
