[1] "2022-02-25 20:27:00 --- D1115_analyze_glm_Odds_IsHitA_Type21 Start ---"
[1] "2022-02-25 20:27:00 --- Log Start ---"
[1] "2022-02-25 20:27:00 --- analyze_glm.R Start ---"
[1] "analyzeVersion=D1115"
[1] "analyzeCategory=analyze"
[1] "analyzeType=Odds"
[1] "analyzeFamily=IsHitA"
[1] "analyzeFunc=glm"
[1] "analyzeTrackTypeCd=2"
[1] "analyzeJyokenCd=1"
[1] "2022-02-25 20:27:09 --- source_function.R Start ---"
[1] "2022-02-25 20:27:09 --- source_function.R Finished ---"

> print(paste0(Sys.time(), " --- source_library.R Start ---"))
[1] "2022-02-25 20:27:09 --- source_library.R Start ---"

> require("RevoScaleR")

> print(paste0(Sys.time(), " --- source_library.R Finished ---"))
[1] "2022-02-25 20:27:32 --- source_library.R Finished ---"
[1] "2022-02-25 20:27:40 --- RxSqlServerData Start ---"
[1] "2022-02-25 20:27:54 --- RxInSqlServer Start ---"
[1] "2022-02-25 20:27:57 --- RxInSqlServer Finish ---"
[1] "2022-02-25 20:28:09 --- rxSetComputeContext Start ---"
[1] "2022-02-25 20:28:17 --- rxSetComputeContext Finish ---"
[1] "2022-02-25 20:28:17 --- RxSqlServerData Start ---"
[1] "sqlQuery=SELECT * FROM ViewAnalyzeD1115analyze01OddsType21"
[1] "2022-02-25 20:28:17 --- RxSqlServerData Finish ---"
[1] "2022-02-25 20:28:39 --- rxGetVarInfo Start ---"
[1] "2022-02-25 20:28:54 --- rxGetVarInfo Finish---"
[1] "2022-02-25 20:28:54 --- rxImport Start ---"
Rows Read: 4406, Total Rows Processed: 4406, Total Chunk Time: 1.581 seconds 
[1] "2022-02-25 20:29:13 --- rxImport Finish ---"
[1] "object.size(data) auto=975 Kb"
[1] "--------------------------------------------------------------------------------"
[1] "nrow(data) RxSqlServerData=4406"
[1] "--------------------------------------------------------------------------------"
[1] "str(data)="
'data.frame':	4406 obs. of  32 variables:
 $ Race.RaceId                      : Factor w/ 301 levels "20160109-06-01-02-11",..: 1 8 8 8 2 9 9 3 3 5 ...
 $ Race.IsPredictedRace             : logi  TRUE TRUE TRUE TRUE TRUE TRUE ...
 $ Race.IsAnalyzeNormalPastAndFuture: logi  TRUE TRUE TRUE TRUE TRUE TRUE ...
 $ Race.IsAnalyzeNormalPast         : logi  TRUE TRUE TRUE TRUE TRUE TRUE ...
 $ Race.IsAnalyzeNormalFuture       : logi  FALSE FALSE FALSE FALSE FALSE FALSE ...
 $ Race.IsAnalyzeFullPastAndFuture  : logi  TRUE TRUE TRUE TRUE TRUE TRUE ...
 $ Race.IsAnalyzeFullPast           : logi  TRUE TRUE TRUE TRUE TRUE TRUE ...
 $ Race.IsAnalyzeFullFuture         : logi  FALSE FALSE FALSE FALSE FALSE FALSE ...
 $ Race.JyokenCd                    : Factor w/ 1 level "1": 1 1 1 1 1 1 1 1 1 1 ...
 $ Race.JyoType1Cd                  : Factor w/ 62 levels "2-06-1800-1-1",..: 1 8 8 8 2 9 9 3 3 5 ...
 $ Race.RaceType1Cd                 : Factor w/ 9 levels "2-1-E-2","2-1-E-1",..: 1 2 2 2 2 2 2 3 3 1 ...
 $ RaceHorse.RaceId                 : Factor w/ 301 levels "20160109-06-01-02-11",..: 1 8 8 8 2 9 9 3 3 5 ...
 $ RaceHorse.KettoNum               : Factor w/ 962 levels "2011102826","2010101569",..: 11 12 13 14 15 16 17 18 19 20 ...
 $ RaceHorse.IsHit1                 : num  0 0 0 0 0 0 0 0 0 1 ...
 $ RaceHorse.IsHit2                 : num  0 0 0 0 1 0 0 0 0 0 ...
 $ RaceHorse.IsHit3                 : num  1 1 0 0 0 0 0 0 0 0 ...
 $ RaceHorse.IsHit4                 : num  0 0 0 0 0 0 0 0 0 0 ...
 $ RaceHorse.IsHit5                 : num  0 0 0 0 0 0 1 1 0 0 ...
 $ RaceHorse.IsHit6                 : num  0 0 1 1 0 1 0 0 1 0 ...
 $ RaceHorse.IsValidRaceHorse       : logi  TRUE TRUE TRUE TRUE TRUE TRUE ...
 $ RaceHorse.TimeSdv                : num  0.7491 0.2651 -1.0412 -1.6944 0.0655 ...
 $ RaceHorse.IsHitA                 : num  0 0 0 0 0 0 0 0 0 1 ...
 $ RaceHorse.IsHitB                 : num  0 0 0 0 1 0 0 0 0 1 ...
 $ RaceHorse.IsHitC                 : num  1 1 0 0 1 0 0 0 0 1 ...
 $ OddsByWin.Odds1                  : num  32.9 14.6 18.8 284.3 17.2 ...
 $ OddsByWin.Ninki                  : num  10 4 7 15 7 3 10 10 7 7 ...
 $ OddsByWin.OddsLog1               : num  3.52 2.75 2.99 5.65 2.9 ...
 $ OddsByWin.OddsRatio1             : num  0.03135 0.07353 0.05618 0.00353 0.06173 ...
 $ OddsByWin.OddsLogit1             : num  -3.49 -2.68 -2.93 -5.65 -2.84 ...
 $ OddsByWin.ApprovalRate1          : num  0.0304 0.06849 0.05319 0.00352 0.05814 ...
 $ OddsByWin.ApprovalRateLog1       : num  0.02994 0.06625 0.05183 0.00351 0.05651 ...
 $ EOF                              : int  1 1 1 1 1 1 1 1 1 1 ...
[1] "2022-02-25 20:32:45 --- RxSqlServerData Finish ---"
[1] "2022-02-25 20:32:45 --- subset Start ---"
[1] "--------------------------------------------------------------------------------"
[1] "nrow(data) subset before=4406"
[1] "nrow(data) subset after =4406"
[1] "nrow(data) subset diff =0"
[1] "--------------------------------------------------------------------------------"
[1] "2022-02-25 20:32:47 --- subset Finish---"
[1] "2022-02-25 20:32:47 --- transform Start ---"
[1] "--------------------------------------------------------------------------------"
[1] "nrow(data) transform before=4406"
[1] "nrow(data) transform after=4406"
[1] "nrow(data) transform diff=0"
[1] "--------------------------------------------------------------------------------"
[1] "str(data)="
'data.frame':	4406 obs. of  32 variables:
 $ Race.RaceId                      : Factor w/ 301 levels "20160109-06-01-02-11",..: 1 8 8 8 2 9 9 3 3 5 ...
 $ Race.IsPredictedRace             : logi  TRUE TRUE TRUE TRUE TRUE TRUE ...
 $ Race.IsAnalyzeNormalPastAndFuture: logi  TRUE TRUE TRUE TRUE TRUE TRUE ...
 $ Race.IsAnalyzeNormalPast         : logi  TRUE TRUE TRUE TRUE TRUE TRUE ...
 $ Race.IsAnalyzeNormalFuture       : logi  FALSE FALSE FALSE FALSE FALSE FALSE ...
 $ Race.IsAnalyzeFullPastAndFuture  : logi  TRUE TRUE TRUE TRUE TRUE TRUE ...
 $ Race.IsAnalyzeFullPast           : logi  TRUE TRUE TRUE TRUE TRUE TRUE ...
 $ Race.IsAnalyzeFullFuture         : logi  FALSE FALSE FALSE FALSE FALSE FALSE ...
 $ Race.JyokenCd                    : Factor w/ 1 level "1": 1 1 1 1 1 1 1 1 1 1 ...
 $ Race.JyoType1Cd                  : Factor w/ 62 levels "2-06-1800-1-1",..: 1 8 8 8 2 9 9 3 3 5 ...
 $ Race.RaceType1Cd                 : Factor w/ 9 levels "2-1-E-2","2-1-E-1",..: 1 2 2 2 2 2 2 3 3 1 ...
 $ RaceHorse.RaceId                 : Factor w/ 301 levels "20160109-06-01-02-11",..: 1 8 8 8 2 9 9 3 3 5 ...
 $ RaceHorse.KettoNum               : Factor w/ 962 levels "2011102826","2010101569",..: 11 12 13 14 15 16 17 18 19 20 ...
 $ RaceHorse.IsHit1                 : num  0 0 0 0 0 0 0 0 0 1 ...
 $ RaceHorse.IsHit2                 : num  0 0 0 0 1 0 0 0 0 0 ...
 $ RaceHorse.IsHit3                 : num  1 1 0 0 0 0 0 0 0 0 ...
 $ RaceHorse.IsHit4                 : num  0 0 0 0 0 0 0 0 0 0 ...
 $ RaceHorse.IsHit5                 : num  0 0 0 0 0 0 1 1 0 0 ...
 $ RaceHorse.IsHit6                 : num  0 0 1 1 0 1 0 0 1 0 ...
 $ RaceHorse.IsValidRaceHorse       : logi  TRUE TRUE TRUE TRUE TRUE TRUE ...
 $ RaceHorse.TimeSdv                : num  0.7491 0.2651 -1.0412 -1.6944 0.0655 ...
 $ RaceHorse.IsHitA                 : num  0 0 0 0 0 0 0 0 0 1 ...
 $ RaceHorse.IsHitB                 : num  0 0 0 0 1 0 0 0 0 1 ...
 $ RaceHorse.IsHitC                 : num  1 1 0 0 1 0 0 0 0 1 ...
 $ OddsByWin.Odds1                  : num  32.9 14.6 18.8 284.3 17.2 ...
 $ OddsByWin.Ninki                  : num  10 4 7 15 7 3 10 10 7 7 ...
 $ OddsByWin.OddsLog1               : num  3.52 2.75 2.99 5.65 2.9 ...
 $ OddsByWin.OddsRatio1             : num  0.03135 0.07353 0.05618 0.00353 0.06173 ...
 $ OddsByWin.OddsLogit1             : num  -3.49 -2.68 -2.93 -5.65 -2.84 ...
 $ OddsByWin.ApprovalRate1          : num  0.0304 0.06849 0.05319 0.00352 0.05814 ...
 $ OddsByWin.ApprovalRateLog1       : num  0.02994 0.06625 0.05183 0.00351 0.05651 ...
 $ EOF                              : int  1 1 1 1 1 1 1 1 1 1 ...
NULL
[1] "2022-02-25 20:32:55 --- transform Finish ---"
[1] "2022-02-25 20:32:55 --- na.omit Start ---"
[1] "--------------------------------------------------------------------------------"
[1] "nrow(data) na.omit before=4406"
[1] "nrow(data) na.omit after =4381"
[1] "nrow(data) na.omit diff =25"
[1] "--------------------------------------------------------------------------------"
'data.frame':	4381 obs. of  32 variables:
 $ Race.RaceId                      : Factor w/ 301 levels "20160109-06-01-02-11",..: 1 8 8 8 2 9 9 3 3 5 ...
 $ Race.IsPredictedRace             : logi  TRUE TRUE TRUE TRUE TRUE TRUE ...
 $ Race.IsAnalyzeNormalPastAndFuture: logi  TRUE TRUE TRUE TRUE TRUE TRUE ...
 $ Race.IsAnalyzeNormalPast         : logi  TRUE TRUE TRUE TRUE TRUE TRUE ...
 $ Race.IsAnalyzeNormalFuture       : logi  FALSE FALSE FALSE FALSE FALSE FALSE ...
 $ Race.IsAnalyzeFullPastAndFuture  : logi  TRUE TRUE TRUE TRUE TRUE TRUE ...
 $ Race.IsAnalyzeFullPast           : logi  TRUE TRUE TRUE TRUE TRUE TRUE ...
 $ Race.IsAnalyzeFullFuture         : logi  FALSE FALSE FALSE FALSE FALSE FALSE ...
 $ Race.JyokenCd                    : Factor w/ 1 level "1": 1 1 1 1 1 1 1 1 1 1 ...
 $ Race.JyoType1Cd                  : Factor w/ 62 levels "2-06-1800-1-1",..: 1 8 8 8 2 9 9 3 3 5 ...
 $ Race.RaceType1Cd                 : Factor w/ 9 levels "2-1-E-2","2-1-E-1",..: 1 2 2 2 2 2 2 3 3 1 ...
 $ RaceHorse.RaceId                 : Factor w/ 301 levels "20160109-06-01-02-11",..: 1 8 8 8 2 9 9 3 3 5 ...
 $ RaceHorse.KettoNum               : Factor w/ 962 levels "2011102826","2010101569",..: 11 12 13 14 15 16 17 18 19 20 ...
 $ RaceHorse.IsHit1                 : num  0 0 0 0 0 0 0 0 0 1 ...
 $ RaceHorse.IsHit2                 : num  0 0 0 0 1 0 0 0 0 0 ...
 $ RaceHorse.IsHit3                 : num  1 1 0 0 0 0 0 0 0 0 ...
 $ RaceHorse.IsHit4                 : num  0 0 0 0 0 0 0 0 0 0 ...
 $ RaceHorse.IsHit5                 : num  0 0 0 0 0 0 1 1 0 0 ...
 $ RaceHorse.IsHit6                 : num  0 0 1 1 0 1 0 0 1 0 ...
 $ RaceHorse.IsValidRaceHorse       : logi  TRUE TRUE TRUE TRUE TRUE TRUE ...
 $ RaceHorse.TimeSdv                : num  0.7491 0.2651 -1.0412 -1.6944 0.0655 ...
 $ RaceHorse.IsHitA                 : num  0 0 0 0 0 0 0 0 0 1 ...
 $ RaceHorse.IsHitB                 : num  0 0 0 0 1 0 0 0 0 1 ...
 $ RaceHorse.IsHitC                 : num  1 1 0 0 1 0 0 0 0 1 ...
 $ OddsByWin.Odds1                  : num  32.9 14.6 18.8 284.3 17.2 ...
 $ OddsByWin.Ninki                  : num  10 4 7 15 7 3 10 10 7 7 ...
 $ OddsByWin.OddsLog1               : num  3.52 2.75 2.99 5.65 2.9 ...
 $ OddsByWin.OddsRatio1             : num  0.03135 0.07353 0.05618 0.00353 0.06173 ...
 $ OddsByWin.OddsLogit1             : num  -3.49 -2.68 -2.93 -5.65 -2.84 ...
 $ OddsByWin.ApprovalRate1          : num  0.0304 0.06849 0.05319 0.00352 0.05814 ...
 $ OddsByWin.ApprovalRateLog1       : num  0.02994 0.06625 0.05183 0.00351 0.05651 ...
 $ EOF                              : int  1 1 1 1 1 1 1 1 1 1 ...
 - attr(*, "na.action")= 'omit' Named int  304 430 616 929 1408 1429 1833 2081 2130 2427 ...
  ..- attr(*, "names")= chr  "304" "430" "616" "929" ...
[1] "2022-02-25 20:33:00 --- na.omit Finish ---"
[1] "2022-02-25 20:33:00 --- rxGlm with rxStepControl Start ---"

> print(paste0(Sys.time(), " --- source_logic_glm.R Start ---"))
[1] "2022-02-25 20:33:00 --- source_logic_glm.R Start ---"

> formula <- formula(RaceHorse.IsHitA ~ +1 + OddsByWin.OddsLogit1)

> print(paste0(Sys.time(), " --- source_logic_glm.R Finished ---"))
[1] "2022-02-25 20:33:01 --- source_logic_glm.R Finished ---"
Rows Read: 4381, Total Rows Processed: 4381, Total Chunk Time: 0.001 seconds 

Starting values (iteration 1) time: 0.007 secs.
Rows Read: 4381, Total Rows Processed: 4381, Total Chunk Time: 0.002 seconds 

Iteration 2 time: 0.109 secs.
Rows Read: 4381, Total Rows Processed: 4381, Total Chunk Time: 0.002 seconds 

Iteration 3 time: 0.219 secs.
Rows Read: 4381, Total Rows Processed: 4381, Total Chunk Time: Less than .001 seconds 

Iteration 4 time: 0.121 secs.
Rows Read: 4381, Total Rows Processed: 4381, Total Chunk Time: Less than .001 seconds 

Iteration 5 time: 0.106 secs.
Rows Read: 4381, Total Rows Processed: 4381, Total Chunk Time: 0.001 seconds 

Iteration 6 time: 0.106 secs.

Elapsed computation time: 1.350 secs.
Rows Read: 4381, Total Rows Processed: 4381, Total Chunk Time: Less than .001 seconds 

Starting values (iteration 1) time: 0.197 secs.
Rows Read: 4381, Total Rows Processed: 4381, Total Chunk Time: 0.001 seconds 

Iteration 2 time: 0.125 secs.

Elapsed computation time: 0.526 secs.
Rows Read: 4381, Total Rows Processed: 4381, Total Chunk Time: Less than .001 seconds 

Starting values (iteration 1) time: 0.108 secs.
Rows Read: 4381, Total Rows Processed: 4381, Total Chunk Time: Less than .001 seconds 

Iteration 2 time: 0.120 secs.
Rows Read: 4381, Total Rows Processed: 4381, Total Chunk Time: 0.001 seconds 

Iteration 3 time: 0.121 secs.
Rows Read: 4381, Total Rows Processed: 4381, Total Chunk Time: 0.001 seconds 

Iteration 4 time: 0.160 secs.
Rows Read: 4381, Total Rows Processed: 4381, Total Chunk Time: 0.002 seconds 

Iteration 5 time: 0.167 secs.
Rows Read: 4381, Total Rows Processed: 4381, Total Chunk Time: Less than .001 seconds 

Iteration 6 time: 0.109 secs.

Elapsed computation time: 1.513 secs.

Elapsed computation time: 3.902 secs.
[1] "--------------------------------------------------------------------------------"
[1] "analyze.results.glm.step="
Logistic Regression Results for: RaceHorse.IsHitA ~
    OddsByWin.OddsLogit1
Data: data
Dependent variable(s): RaceHorse.IsHitA
Total independent variables: 2 
Number of valid observations: 4381
Number of missing observations: 0 
 
Coefficients:
                     RaceHorse.IsHitA
(Intercept)                       0.4
OddsByWin.OddsLogit1              1.2
[1] "analyze.results.glm.step.summary"
Call:
rxLogit(formula = formula, data = data, variableSelection = analyze.results.glm.step.varsel)

Logistic Regression Results for: RaceHorse.IsHitA ~
    OddsByWin.OddsLogit1
Data: data
Dependent variable(s): RaceHorse.IsHitA
Total independent variables: 2 
Number of valid observations: 4381
Number of missing observations: 0 
-2*LogLikelihood: 1759.958 (Residual deviance on 4379 degrees of freedom)
 
Coefficients:
                     Estimate Std. Error z value Pr(>|z|)    
(Intercept)            0.3672     0.1512    2.43    0.015 *  
OddsByWin.OddsLogit1   1.2139     0.0716   16.95  2.2e-16 ***
---
Signif. codes:  0 '***' 0.001 '**' 0.01 '*' 0.05 '.' 0.1 ' ' 1

Condition number of final variance-covariance matrix: 1 
Number of iterations: 6
[1] "--------------------------------------------------------------------------------"
[1] "2022-02-25 20:33:08 --- rxGlm with rxStepControl Finish ---"
[1] "2022-02-25 20:33:08 --- rxStepPlot Start ---"
[1] "pdfFilename=pdf_analyze_glm_Odds_Type21_rxStepPlot.pdf"
[1] "rxStepPlot="
[1] "2022-02-25 20:33:09 --- rxStepPlot Finish ---"
[1] "2022-02-25 20:33:09 --- save.image Start ---"
[1] "save.image"
[1] "rdataFilename=RData_analyze_glm_Odds_Type21.RData"
[1] "2022-02-25 20:33:09 --- save.image Finish ---"
[1] "2022-02-25 20:33:09 --- final Start ---"
[1] "--------------------------------------------------------------------------------"
[1] "nrow(data) final=4381"
[1] "--------------------------------------------------------------------------------"
[1] "2022-02-25 20:33:09 --- final Finish ---"
[1] "2022-02-25 20:33:10 --- analyze_glm.R Finished ---"
[1] "2022-02-25 20:33:10 --- log Finish ---"
