[1] "2022-02-21 22:09:50 --- D1115_analyze_glm_Gen02_IsHitA_Type21 Start ---"
[1] "2022-02-21 22:09:50 --- Log Start ---"
[1] "2022-02-21 22:09:50 --- analyze_glm.R Start ---"
[1] "analyzeVersion=D1115"
[1] "analyzeCategory=analyze"
[1] "analyzeType=Gen02"
[1] "analyzeFamily=IsHitA"
[1] "analyzeFunc=glm"
[1] "analyzeTrackTypeCd=2"
[1] "analyzeJyokenCd=1"
[1] "2022-02-21 22:09:50 --- source_function.R Start ---"
[1] "2022-02-21 22:09:50 --- source_function.R Finished ---"

> print(paste0(Sys.time(), " --- source_library.R Start ---"))
[1] "2022-02-21 22:09:50 --- source_library.R Start ---"

> require("RevoScaleR")

> print(paste0(Sys.time(), " --- source_library.R Finished ---"))
[1] "2022-02-21 22:09:56 --- source_library.R Finished ---"
[1] "2022-02-21 22:09:56 --- RxSqlServerData Start ---"
[1] "2022-02-21 22:09:56 --- RxInSqlServer Start ---"
[1] "2022-02-21 22:09:56 --- RxInSqlServer Finish ---"
[1] "2022-02-21 22:09:56 --- rxSetComputeContext Start ---"
[1] "2022-02-21 22:09:56 --- rxSetComputeContext Finish ---"
[1] "2022-02-21 22:09:56 --- RxSqlServerData Start ---"
[1] "sqlQuery=SELECT * FROM ViewAnalyzeD1115analyze01Gen02Type21"
[1] "2022-02-21 22:09:56 --- RxSqlServerData Finish ---"
[1] "2022-02-21 22:09:56 --- rxGetVarInfo Start ---"
[1] "2022-02-21 22:09:56 --- rxGetVarInfo Finish---"
[1] "2022-02-21 22:09:56 --- rxImport Start ---"
Rows Read: 3060, Total Rows Processed: 3060, Total Chunk Time: 12.593 seconds 
[1] "2022-02-21 22:10:32 --- rxImport Finish ---"
[1] "object.size(data) auto=710.9 Kb"
[1] "--------------------------------------------------------------------------------"
[1] "nrow(data) RxSqlServerData=3060"
[1] "--------------------------------------------------------------------------------"
[1] "str(data)="
'data.frame':	3060 obs. of  39 variables:
 $ Race.RaceId                      : Factor w/ 293 levels "20160109-06-01-02-11",..: 1 1 1 1 2 2 2 7 7 3 ...
 $ Race.IsPredictedRace             : logi  TRUE TRUE TRUE TRUE TRUE TRUE ...
 $ Race.IsAnalyzeNormalPastAndFuture: logi  TRUE TRUE TRUE TRUE TRUE TRUE ...
 $ Race.IsAnalyzeNormalPast         : logi  TRUE TRUE TRUE TRUE TRUE TRUE ...
 $ Race.IsAnalyzeNormalFuture       : logi  FALSE FALSE FALSE FALSE FALSE FALSE ...
 $ Race.IsAnalyzeFullPastAndFuture  : logi  TRUE TRUE TRUE TRUE TRUE TRUE ...
 $ Race.IsAnalyzeFullPast           : logi  TRUE TRUE TRUE TRUE TRUE TRUE ...
 $ Race.IsAnalyzeFullFuture         : logi  FALSE FALSE FALSE FALSE FALSE FALSE ...
 $ Race.JyokenCd                    : Factor w/ 1 level "1": 1 1 1 1 1 1 1 1 1 1 ...
 $ Race.RaceType1Cd                 : Factor w/ 5 levels "2-1-E","2-1-B",..: 1 1 1 1 1 1 1 1 1 1 ...
 $ RaceHorse.RaceId                 : Factor w/ 293 levels "20160109-06-01-02-11",..: 1 1 1 1 2 2 2 7 7 3 ...
 $ RaceHorse.KettoNum               : Factor w/ 578 levels "2009102195","2012101787",..: 11 12 13 2 3 4 14 5 15 5 ...
 $ RaceHorse.IsHit1                 : int  1 0 0 0 0 0 0 0 0 0 ...
 $ RaceHorse.IsHit2                 : int  0 0 0 0 0 0 1 0 0 0 ...
 $ RaceHorse.IsHit3                 : int  0 0 0 0 0 0 0 0 1 1 ...
 $ RaceHorse.IsHit4                 : int  0 0 0 0 0 0 0 1 0 0 ...
 $ RaceHorse.IsHit5                 : int  0 0 0 0 0 0 0 0 0 0 ...
 $ RaceHorse.IsHit6                 : int  0 1 1 1 1 1 0 0 0 0 ...
 $ RaceHorse.IsValidRaceHorse       : logi  TRUE TRUE TRUE TRUE TRUE TRUE ...
 $ RaceHorse.IsHitA                 : int  1 0 0 0 0 0 0 0 0 0 ...
 $ RaceHorse.IsHitB                 : int  1 0 0 0 0 0 1 0 0 0 ...
 $ RaceHorse.IsHitC                 : int  1 0 0 0 0 0 1 0 1 1 ...
 $ Gen02.HansyokuNum                : Factor w/ 535 levels "12251847","12243642",..: 11 12 13 2 3 4 14 5 15 5 ...
 $ Gen02.TimeSdvByRaceAvg           : num  1.2825 0.6315 0.6669 1.3943 0.0868 ...
 $ Gen02.TimeSdvByRaceMin           : num  1.2825 0.6315 0.6669 1.3943 0.0868 ...
 $ Gen02.TimeSdvByRaceMax           : num  1.2825 0.6315 0.6669 1.3943 0.0868 ...
 $ Gen02.OrderOfFinishSdvAvg        : num  1.567 1.109 0.879 1.567 -0.496 ...
 $ Gen02.RunCount                   : int  1 1 1 1 1 1 1 1 1 1 ...
 $ Gen02.HitCount1                  : int  1 0 0 1 0 0 0 0 0 0 ...
 $ Gen02.HitCount2                  : int  0 0 0 0 0 0 0 0 0 0 ...
 $ Gen02.HitCount3                  : int  0 1 0 0 0 1 0 1 1 0 ...
 $ Gen02.HitCount4                  : int  0 0 1 0 0 0 0 0 0 1 ...
 $ Gen02.HitCount5                  : int  0 0 0 0 0 0 0 0 0 0 ...
 $ Gen02.HitRate1                   : num  1 0 0 1 0 0 0 0 0 0 ...
 $ Gen02.HitRate2                   : num  0 0 0 0 0 0 0 0 0 0 ...
 $ Gen02.HitRate3                   : num  0 1 0 0 0 1 0 1 1 0 ...
 $ Gen02.HitRate4                   : num  0 0 1 0 0 0 0 0 0 1 ...
 $ Gen02.HitRate5                   : num  0 0 0 0 0 0 0 0 0 0 ...
 $ EOF                              : int  1 1 1 1 1 1 1 1 1 1 ...
[1] "2022-02-21 22:10:33 --- RxSqlServerData Finish ---"
[1] "2022-02-21 22:10:33 --- subset Start ---"
[1] "--------------------------------------------------------------------------------"
[1] "nrow(data) subset before=3060"
[1] "nrow(data) subset after =3060"
[1] "nrow(data) subset diff =0"
[1] "--------------------------------------------------------------------------------"
[1] "2022-02-21 22:10:33 --- subset Finish---"
[1] "2022-02-21 22:10:33 --- transform Start ---"
[1] "--------------------------------------------------------------------------------"
[1] "nrow(data) transform before=3060"
[1] "nrow(data) transform after=3060"
[1] "nrow(data) transform diff=0"
[1] "--------------------------------------------------------------------------------"
[1] "str(data)="
'data.frame':	3060 obs. of  39 variables:
 $ Race.RaceId                      : Factor w/ 293 levels "20160109-06-01-02-11",..: 1 1 1 1 2 2 2 7 7 3 ...
 $ Race.IsPredictedRace             : logi  TRUE TRUE TRUE TRUE TRUE TRUE ...
 $ Race.IsAnalyzeNormalPastAndFuture: logi  TRUE TRUE TRUE TRUE TRUE TRUE ...
 $ Race.IsAnalyzeNormalPast         : logi  TRUE TRUE TRUE TRUE TRUE TRUE ...
 $ Race.IsAnalyzeNormalFuture       : logi  FALSE FALSE FALSE FALSE FALSE FALSE ...
 $ Race.IsAnalyzeFullPastAndFuture  : logi  TRUE TRUE TRUE TRUE TRUE TRUE ...
 $ Race.IsAnalyzeFullPast           : logi  TRUE TRUE TRUE TRUE TRUE TRUE ...
 $ Race.IsAnalyzeFullFuture         : logi  FALSE FALSE FALSE FALSE FALSE FALSE ...
 $ Race.JyokenCd                    : Factor w/ 1 level "1": 1 1 1 1 1 1 1 1 1 1 ...
 $ Race.RaceType1Cd                 : Factor w/ 5 levels "2-1-E","2-1-B",..: 1 1 1 1 1 1 1 1 1 1 ...
 $ RaceHorse.RaceId                 : Factor w/ 293 levels "20160109-06-01-02-11",..: 1 1 1 1 2 2 2 7 7 3 ...
 $ RaceHorse.KettoNum               : Factor w/ 578 levels "2009102195","2012101787",..: 11 12 13 2 3 4 14 5 15 5 ...
 $ RaceHorse.IsHit1                 : int  1 0 0 0 0 0 0 0 0 0 ...
 $ RaceHorse.IsHit2                 : int  0 0 0 0 0 0 1 0 0 0 ...
 $ RaceHorse.IsHit3                 : int  0 0 0 0 0 0 0 0 1 1 ...
 $ RaceHorse.IsHit4                 : int  0 0 0 0 0 0 0 1 0 0 ...
 $ RaceHorse.IsHit5                 : int  0 0 0 0 0 0 0 0 0 0 ...
 $ RaceHorse.IsHit6                 : int  0 1 1 1 1 1 0 0 0 0 ...
 $ RaceHorse.IsValidRaceHorse       : logi  TRUE TRUE TRUE TRUE TRUE TRUE ...
 $ RaceHorse.IsHitA                 : int  1 0 0 0 0 0 0 0 0 0 ...
 $ RaceHorse.IsHitB                 : int  1 0 0 0 0 0 1 0 0 0 ...
 $ RaceHorse.IsHitC                 : int  1 0 0 0 0 0 1 0 1 1 ...
 $ Gen02.HansyokuNum                : Factor w/ 535 levels "12251847","12243642",..: 11 12 13 2 3 4 14 5 15 5 ...
 $ Gen02.TimeSdvByRaceAvg           : num  1.2825 0.6315 0.6669 1.3943 0.0868 ...
 $ Gen02.TimeSdvByRaceMin           : num  1.2825 0.6315 0.6669 1.3943 0.0868 ...
 $ Gen02.TimeSdvByRaceMax           : num  1.2825 0.6315 0.6669 1.3943 0.0868 ...
 $ Gen02.OrderOfFinishSdvAvg        : num  1.567 1.109 0.879 1.567 -0.496 ...
 $ Gen02.RunCount                   : int  1 1 1 1 1 1 1 1 1 1 ...
 $ Gen02.HitCount1                  : int  1 0 0 1 0 0 0 0 0 0 ...
 $ Gen02.HitCount2                  : int  0 0 0 0 0 0 0 0 0 0 ...
 $ Gen02.HitCount3                  : int  0 1 0 0 0 1 0 1 1 0 ...
 $ Gen02.HitCount4                  : int  0 0 1 0 0 0 0 0 0 1 ...
 $ Gen02.HitCount5                  : int  0 0 0 0 0 0 0 0 0 0 ...
 $ Gen02.HitRate1                   : num  1 0 0 1 0 0 0 0 0 0 ...
 $ Gen02.HitRate2                   : num  0 0 0 0 0 0 0 0 0 0 ...
 $ Gen02.HitRate3                   : num  0 1 0 0 0 1 0 1 1 0 ...
 $ Gen02.HitRate4                   : num  0 0 1 0 0 0 0 0 0 1 ...
 $ Gen02.HitRate5                   : num  0 0 0 0 0 0 0 0 0 0 ...
 $ EOF                              : int  1 1 1 1 1 1 1 1 1 1 ...
NULL
[1] "2022-02-21 22:10:33 --- transform Finish ---"
[1] "2022-02-21 22:10:33 --- na.omit Start ---"
[1] "--------------------------------------------------------------------------------"
[1] "nrow(data) na.omit before=3060"
[1] "nrow(data) na.omit after =3060"
[1] "nrow(data) na.omit diff =0"
[1] "--------------------------------------------------------------------------------"
'data.frame':	3060 obs. of  39 variables:
 $ Race.RaceId                      : Factor w/ 293 levels "20160109-06-01-02-11",..: 1 1 1 1 2 2 2 7 7 3 ...
 $ Race.IsPredictedRace             : logi  TRUE TRUE TRUE TRUE TRUE TRUE ...
 $ Race.IsAnalyzeNormalPastAndFuture: logi  TRUE TRUE TRUE TRUE TRUE TRUE ...
 $ Race.IsAnalyzeNormalPast         : logi  TRUE TRUE TRUE TRUE TRUE TRUE ...
 $ Race.IsAnalyzeNormalFuture       : logi  FALSE FALSE FALSE FALSE FALSE FALSE ...
 $ Race.IsAnalyzeFullPastAndFuture  : logi  TRUE TRUE TRUE TRUE TRUE TRUE ...
 $ Race.IsAnalyzeFullPast           : logi  TRUE TRUE TRUE TRUE TRUE TRUE ...
 $ Race.IsAnalyzeFullFuture         : logi  FALSE FALSE FALSE FALSE FALSE FALSE ...
 $ Race.JyokenCd                    : Factor w/ 1 level "1": 1 1 1 1 1 1 1 1 1 1 ...
 $ Race.RaceType1Cd                 : Factor w/ 5 levels "2-1-E","2-1-B",..: 1 1 1 1 1 1 1 1 1 1 ...
 $ RaceHorse.RaceId                 : Factor w/ 293 levels "20160109-06-01-02-11",..: 1 1 1 1 2 2 2 7 7 3 ...
 $ RaceHorse.KettoNum               : Factor w/ 578 levels "2009102195","2012101787",..: 11 12 13 2 3 4 14 5 15 5 ...
 $ RaceHorse.IsHit1                 : int  1 0 0 0 0 0 0 0 0 0 ...
 $ RaceHorse.IsHit2                 : int  0 0 0 0 0 0 1 0 0 0 ...
 $ RaceHorse.IsHit3                 : int  0 0 0 0 0 0 0 0 1 1 ...
 $ RaceHorse.IsHit4                 : int  0 0 0 0 0 0 0 1 0 0 ...
 $ RaceHorse.IsHit5                 : int  0 0 0 0 0 0 0 0 0 0 ...
 $ RaceHorse.IsHit6                 : int  0 1 1 1 1 1 0 0 0 0 ...
 $ RaceHorse.IsValidRaceHorse       : logi  TRUE TRUE TRUE TRUE TRUE TRUE ...
 $ RaceHorse.IsHitA                 : int  1 0 0 0 0 0 0 0 0 0 ...
 $ RaceHorse.IsHitB                 : int  1 0 0 0 0 0 1 0 0 0 ...
 $ RaceHorse.IsHitC                 : int  1 0 0 0 0 0 1 0 1 1 ...
 $ Gen02.HansyokuNum                : Factor w/ 535 levels "12251847","12243642",..: 11 12 13 2 3 4 14 5 15 5 ...
 $ Gen02.TimeSdvByRaceAvg           : num  1.2825 0.6315 0.6669 1.3943 0.0868 ...
 $ Gen02.TimeSdvByRaceMin           : num  1.2825 0.6315 0.6669 1.3943 0.0868 ...
 $ Gen02.TimeSdvByRaceMax           : num  1.2825 0.6315 0.6669 1.3943 0.0868 ...
 $ Gen02.OrderOfFinishSdvAvg        : num  1.567 1.109 0.879 1.567 -0.496 ...
 $ Gen02.RunCount                   : int  1 1 1 1 1 1 1 1 1 1 ...
 $ Gen02.HitCount1                  : int  1 0 0 1 0 0 0 0 0 0 ...
 $ Gen02.HitCount2                  : int  0 0 0 0 0 0 0 0 0 0 ...
 $ Gen02.HitCount3                  : int  0 1 0 0 0 1 0 1 1 0 ...
 $ Gen02.HitCount4                  : int  0 0 1 0 0 0 0 0 0 1 ...
 $ Gen02.HitCount5                  : int  0 0 0 0 0 0 0 0 0 0 ...
 $ Gen02.HitRate1                   : num  1 0 0 1 0 0 0 0 0 0 ...
 $ Gen02.HitRate2                   : num  0 0 0 0 0 0 0 0 0 0 ...
 $ Gen02.HitRate3                   : num  0 1 0 0 0 1 0 1 1 0 ...
 $ Gen02.HitRate4                   : num  0 0 1 0 0 0 0 0 0 1 ...
 $ Gen02.HitRate5                   : num  0 0 0 0 0 0 0 0 0 0 ...
 $ EOF                              : int  1 1 1 1 1 1 1 1 1 1 ...
[1] "2022-02-21 22:10:33 --- na.omit Finish ---"
[1] "2022-02-21 22:10:33 --- rxGlm with rxStepControl Start ---"

> print(paste0(Sys.time(), " --- source_logic_glm.R Start ---"))
[1] "2022-02-21 22:10:33 --- source_logic_glm.R Start ---"

> formula <- formula(RaceHorse.IsHitA ~ +1 + Gen02.OrderOfFinishSdvAvg)

> print(paste0(Sys.time(), " --- source_logic_glm.R Finished ---"))
[1] "2022-02-21 22:10:33 --- source_logic_glm.R Finished ---"
Rows Read: 3060, Total Rows Processed: 3060, Total Chunk Time: 0.001 seconds 

Starting values (iteration 1) time: 0.011 secs.
Rows Read: 3060, Total Rows Processed: 3060, Total Chunk Time: 0.001 seconds 

Iteration 2 time: 0.006 secs.
Rows Read: 3060, Total Rows Processed: 3060, Total Chunk Time: Less than .001 seconds 

Iteration 3 time: 0.006 secs.
Rows Read: 3060, Total Rows Processed: 3060, Total Chunk Time: Less than .001 seconds 

Iteration 4 time: 0.004 secs.
Rows Read: 3060, Total Rows Processed: 3060, Total Chunk Time: Less than .001 seconds 

Iteration 5 time: 0.005 secs.

Elapsed computation time: 0.048 secs.
Rows Read: 3060, Total Rows Processed: 3060, Total Chunk Time: Less than .001 seconds 

Starting values (iteration 1) time: 0.004 secs.
Rows Read: 3060, Total Rows Processed: 3060, Total Chunk Time: Less than .001 seconds 

Iteration 2 time: 0.005 secs.

Elapsed computation time: 0.022 secs.
Rows Read: 3060, Total Rows Processed: 3060, Total Chunk Time: Less than .001 seconds 

Starting values (iteration 1) time: 0.004 secs.
Rows Read: 3060, Total Rows Processed: 3060, Total Chunk Time: 0.001 seconds 

Iteration 2 time: 0.004 secs.
Rows Read: 3060, Total Rows Processed: 3060, Total Chunk Time: 0.002 seconds 

Iteration 3 time: 0.007 secs.
Rows Read: 3060, Total Rows Processed: 3060, Total Chunk Time: Less than .001 seconds 

Iteration 4 time: 0.005 secs.
Rows Read: 3060, Total Rows Processed: 3060, Total Chunk Time: Less than .001 seconds 

Iteration 5 time: 0.006 secs.

Elapsed computation time: 0.055 secs.

Elapsed computation time: 0.140 secs.
[1] "--------------------------------------------------------------------------------"
[1] "analyze.results.glm.step="
Logistic Regression Results for: RaceHorse.IsHitA ~
    Gen02.OrderOfFinishSdvAvg
Data: data
Dependent variable(s): RaceHorse.IsHitA
Total independent variables: 2 
Number of valid observations: 3060
Number of missing observations: 0 
 
Coefficients:
                          RaceHorse.IsHitA
(Intercept)                           -2.8
Gen02.OrderOfFinishSdvAvg              0.5
[1] "analyze.results.glm.step.summary"
Call:
rxLogit(formula = formula, data = data, variableSelection = analyze.results.glm.step.varsel)

Logistic Regression Results for: RaceHorse.IsHitA ~
    Gen02.OrderOfFinishSdvAvg
Data: data
Dependent variable(s): RaceHorse.IsHitA
Total independent variables: 2 
Number of valid observations: 3060
Number of missing observations: 0 
-2*LogLikelihood: 1443.902 (Residual deviance on 3058 degrees of freedom)
 
Coefficients:
                          Estimate Std. Error z value Pr(>|z|)    
(Intercept)                -2.8341     0.0863  -32.85  2.2e-16 ***
Gen02.OrderOfFinishSdvAvg   0.5212     0.0871    5.98  2.2e-09 ***
---
Signif. codes:  0 '***' 0.001 '**' 0.01 '*' 0.05 '.' 0.1 ' ' 1

Condition number of final variance-covariance matrix: 1 
Number of iterations: 5
[1] "--------------------------------------------------------------------------------"
[1] "2022-02-21 22:10:34 --- rxGlm with rxStepControl Finish ---"
[1] "2022-02-21 22:10:34 --- rxStepPlot Start ---"
[1] "pdfFilename=pdf_analyze_glm_Gen02_Type21_rxStepPlot.pdf"
[1] "rxStepPlot="
[1] "2022-02-21 22:10:37 --- rxStepPlot Finish ---"
[1] "2022-02-21 22:10:37 --- save.image Start ---"
[1] "save.image"
[1] "rdataFilename=RData_analyze_glm_Gen02_Type21.RData"
[1] "2022-02-21 22:11:23 --- save.image Finish ---"
[1] "2022-02-21 22:11:23 --- final Start ---"
[1] "--------------------------------------------------------------------------------"
[1] "nrow(data) final=3060"
[1] "--------------------------------------------------------------------------------"
[1] "2022-02-21 22:11:23 --- final Finish ---"
[1] "2022-02-21 22:11:23 --- analyze_glm.R Finished ---"
[1] "2022-02-21 22:11:23 --- log Finish ---"
