[1] "2022-03-08 18:24:38 --- D1115_analyze_glm_Gen01_IsHitA_Type11 Start ---"
[1] "2022-03-08 18:24:38 --- Log Start ---"
[1] "2022-03-08 18:24:38 --- analyze_glm.R Start ---"
[1] "analyzeVersion=D1115"
[1] "analyzeCategory=analyze"
[1] "analyzeType=Gen01"
[1] "analyzeFamily=IsHitA"
[1] "analyzeFunc=glm"
[1] "analyzeTrackTypeCd=1"
[1] "analyzeJyokenCd=1"
[1] "2022-03-08 18:24:38 --- source_function.R Start ---"
[1] "2022-03-08 18:24:38 --- source_function.R Finished ---"

> print(paste0(Sys.time(), " --- source_library.R Start ---"))
[1] "2022-03-08 18:24:38 --- source_library.R Start ---"

> require("RevoScaleR")

> print(paste0(Sys.time(), " --- source_library.R Finished ---"))
[1] "2022-03-08 18:24:43 --- source_library.R Finished ---"
[1] "2022-03-08 18:24:43 --- RxSqlServerData Start ---"
[1] "2022-03-08 18:24:43 --- RxInSqlServer Start ---"
[1] "2022-03-08 18:24:43 --- RxInSqlServer Finish ---"
[1] "2022-03-08 18:24:43 --- rxSetComputeContext Start ---"
[1] "2022-03-08 18:24:43 --- rxSetComputeContext Finish ---"
[1] "2022-03-08 18:24:43 --- RxSqlServerData Start ---"
[1] "sqlQuery=SELECT * FROM ViewAnalyzeD1115analyze01Gen01Type11"
[1] "2022-03-08 18:24:43 --- RxSqlServerData Finish ---"
[1] "2022-03-08 18:24:43 --- rxGetVarInfo Start ---"
[1] "2022-03-08 18:24:44 --- rxGetVarInfo Finish---"
[1] "2022-03-08 18:24:44 --- rxImport Start ---"
Rows Read: 12385, Total Rows Processed: 12385, Total Chunk Time: 234.234 seconds 
[1] "2022-03-08 18:31:06 --- rxImport Finish ---"
[1] "object.size(data) auto=4.2 Mb"
[1] "--------------------------------------------------------------------------------"
[1] "nrow(data) RxSqlServerData=12385"
[1] "--------------------------------------------------------------------------------"
[1] "str(data)="
'data.frame':	12385 obs. of  48 variables:
 $ Race.RaceId                      : Factor w/ 928 levels "20160619-02-01-02-11",..: 11 12 13 14 15 16 17 18 19 20 ...
 $ Race.IsAnalyzeNormalPastAndFuture: logi  TRUE TRUE TRUE TRUE TRUE TRUE ...
 $ Race.IsAnalyzeNormalPast         : logi  TRUE TRUE TRUE TRUE TRUE TRUE ...
 $ Race.IsAnalyzeNormalFuture       : logi  FALSE FALSE FALSE FALSE FALSE FALSE ...
 $ Race.IsAnalyzeFullPastAndFuture  : logi  TRUE TRUE TRUE TRUE TRUE TRUE ...
 $ Race.IsAnalyzeFullPast           : logi  TRUE TRUE TRUE TRUE TRUE TRUE ...
 $ Race.IsAnalyzeFullFuture         : logi  FALSE FALSE FALSE FALSE FALSE FALSE ...
 $ Race.JyokenCd                    : Factor w/ 1 level "1": 1 1 1 1 1 1 1 1 1 1 ...
 $ Race.JyoType1Cd                  : Factor w/ 141 levels "17-02-1200-1",..: 11 12 13 14 15 16 17 14 14 11 ...
 $ Race.RaceType1Cd                 : Factor w/ 4 levels "1-1-13","1-1-12",..: 1 1 3 3 1 3 1 1 3 1 ...
 $ RaceHorse.RaceId                 : Factor w/ 928 levels "20160619-02-01-02-11",..: 11 12 13 14 15 16 17 18 19 20 ...
 $ RaceHorse.KettoNum               : Factor w/ 2941 levels "2007103968","2009100483",..: 10 11 12 13 14 15 16 17 18 19 ...
 $ RaceHorse.IsHit1                 : num  0 0 0 0 0 0 0 0 0 0 ...
 $ RaceHorse.IsHit2                 : num  0 0 0 0 0 1 0 0 0 0 ...
 $ RaceHorse.IsHit3                 : num  0 0 0 0 0 0 0 0 0 0 ...
 $ RaceHorse.IsHit4                 : num  0 0 0 1 0 0 0 0 0 1 ...
 $ RaceHorse.IsHit5                 : num  0 0 0 0 0 0 0 0 0 0 ...
 $ RaceHorse.IsHit6                 : num  1 1 1 0 1 0 1 1 1 0 ...
 $ RaceHorse.IsValidRaceHorse       : logi  TRUE TRUE TRUE TRUE TRUE TRUE ...
 $ RaceHorse.FinishTimeSdvByRace    : num  -0.63 0.3 -1.529 0.299 -0.765 ...
 $ RaceHorse.FirstTimeSdvByRace     : num  2.165 0.863 1.05 -0.586 -1.397 ...
 $ RaceHorse.LastTimeSdvByRace      : num  -2.261 -0.252 -1.749 1.006 0.778 ...
 $ RaceHorse.FinishTimeSdv          : num  1.327 0.739 -0.709 -0.239 1.731 ...
 $ RaceHorse.FirstTimeSdv           : num  2.0082 0.9415 0.2832 -0.0707 1.3436 ...
 $ RaceHorse.LastTimeSdv            : num  0.1644 0.0313 -1.7609 -0.2577 0.8796 ...
 $ RaceHorse.IsHitA                 : num  0 0 0 0 0 0 0 0 0 0 ...
 $ RaceHorse.IsHitB                 : num  0 0 0 0 0 1 0 0 0 0 ...
 $ RaceHorse.IsHitC                 : num  0 0 0 0 0 1 0 0 0 0 ...
 $ Gen01.HansyokuNum                : Factor w/ 261 levels "11201853","11201542",..: 10 11 12 13 14 15 16 17 11 18 ...
 $ Gen01.FinishTimeSdvByRaceAvg     : num  0.00232 0.17519 0.16519 0.24845 0.20838 ...
 $ Gen01.FirstTimeSdvByRaceAvg      : num  1.0267 0.5478 -0.0462 -0.7254 0.1298 ...
 $ Gen01.LastTimeSdvByRaceAvg       : num  -0.723 -0.036 0.163 0.656 0.115 ...
 $ Gen01.FinishTimeSdvAvg           : num  1.271 0.931 0.214 0.014 0.993 ...
 $ Gen01.FirstTimeSdvAvg            : num  1.309 0.897 0.19 -0.238 0.764 ...
 $ Gen01.LastTimeSdvAvg             : num  0.577 0.295 0.113 0.284 0.508 ...
 $ Gen01.RealOddsLog1Avg            : num  3.22 3.31 3.36 3.63 2.98 ...
 $ Gen01.RunCount                   : num  8 13 44 13 136 8 332 11 32 167 ...
 $ Gen01.HitCount1                  : num  0 0 6 1 7 0 32 0 4 12 ...
 $ Gen01.HitCount2                  : num  2 0 2 1 15 1 25 1 2 13 ...
 $ Gen01.HitCount3                  : num  0 3 5 0 11 1 25 0 1 8 ...
 $ Gen01.HitCount4                  : num  0 1 4 2 11 2 22 0 1 17 ...
 $ Gen01.HitCount5                  : num  0 2 4 2 6 0 27 1 2 17 ...
 $ Gen01.HitRate1                   : num  0 0 0.1364 0.0769 0.0515 ...
 $ Gen01.HitRate2                   : num  0.25 0 0.0455 0.0769 0.1103 ...
 $ Gen01.HitRate3                   : num  0 0.2308 0.1136 0 0.0809 ...
 $ Gen01.HitRate4                   : num  0 0.0769 0.0909 0.1538 0.0809 ...
 $ Gen01.HitRate5                   : num  0 0.1538 0.0909 0.1538 0.0441 ...
 $ EOF                              : int  1 1 1 1 1 1 1 1 1 1 ...
[1] "2022-03-08 18:31:06 --- RxSqlServerData Finish ---"
[1] "2022-03-08 18:31:06 --- subset Start ---"
[1] "--------------------------------------------------------------------------------"
[1] "nrow(data) subset before=12385"
[1] "nrow(data) subset after =12385"
[1] "nrow(data) subset diff =0"
[1] "--------------------------------------------------------------------------------"
[1] "2022-03-08 18:31:07 --- subset Finish---"
[1] "2022-03-08 18:31:07 --- transform Start ---"
[1] "--------------------------------------------------------------------------------"
[1] "nrow(data) transform before=12385"
[1] "nrow(data) transform after=12385"
[1] "nrow(data) transform diff=0"
[1] "--------------------------------------------------------------------------------"
[1] "str(data)="
'data.frame':	12385 obs. of  48 variables:
 $ Race.RaceId                      : Factor w/ 928 levels "20160619-02-01-02-11",..: 11 12 13 14 15 16 17 18 19 20 ...
 $ Race.IsAnalyzeNormalPastAndFuture: logi  TRUE TRUE TRUE TRUE TRUE TRUE ...
 $ Race.IsAnalyzeNormalPast         : logi  TRUE TRUE TRUE TRUE TRUE TRUE ...
 $ Race.IsAnalyzeNormalFuture       : logi  FALSE FALSE FALSE FALSE FALSE FALSE ...
 $ Race.IsAnalyzeFullPastAndFuture  : logi  TRUE TRUE TRUE TRUE TRUE TRUE ...
 $ Race.IsAnalyzeFullPast           : logi  TRUE TRUE TRUE TRUE TRUE TRUE ...
 $ Race.IsAnalyzeFullFuture         : logi  FALSE FALSE FALSE FALSE FALSE FALSE ...
 $ Race.JyokenCd                    : Factor w/ 1 level "1": 1 1 1 1 1 1 1 1 1 1 ...
 $ Race.JyoType1Cd                  : Factor w/ 141 levels "17-02-1200-1",..: 11 12 13 14 15 16 17 14 14 11 ...
 $ Race.RaceType1Cd                 : Factor w/ 4 levels "1-1-13","1-1-12",..: 1 1 3 3 1 3 1 1 3 1 ...
 $ RaceHorse.RaceId                 : Factor w/ 928 levels "20160619-02-01-02-11",..: 11 12 13 14 15 16 17 18 19 20 ...
 $ RaceHorse.KettoNum               : Factor w/ 2941 levels "2007103968","2009100483",..: 10 11 12 13 14 15 16 17 18 19 ...
 $ RaceHorse.IsHit1                 : num  0 0 0 0 0 0 0 0 0 0 ...
 $ RaceHorse.IsHit2                 : num  0 0 0 0 0 1 0 0 0 0 ...
 $ RaceHorse.IsHit3                 : num  0 0 0 0 0 0 0 0 0 0 ...
 $ RaceHorse.IsHit4                 : num  0 0 0 1 0 0 0 0 0 1 ...
 $ RaceHorse.IsHit5                 : num  0 0 0 0 0 0 0 0 0 0 ...
 $ RaceHorse.IsHit6                 : num  1 1 1 0 1 0 1 1 1 0 ...
 $ RaceHorse.IsValidRaceHorse       : logi  TRUE TRUE TRUE TRUE TRUE TRUE ...
 $ RaceHorse.FinishTimeSdvByRace    : num  -0.63 0.3 -1.529 0.299 -0.765 ...
 $ RaceHorse.FirstTimeSdvByRace     : num  2.165 0.863 1.05 -0.586 -1.397 ...
 $ RaceHorse.LastTimeSdvByRace      : num  -2.261 -0.252 -1.749 1.006 0.778 ...
 $ RaceHorse.FinishTimeSdv          : num  1.327 0.739 -0.709 -0.239 1.731 ...
 $ RaceHorse.FirstTimeSdv           : num  2.0082 0.9415 0.2832 -0.0707 1.3436 ...
 $ RaceHorse.LastTimeSdv            : num  0.1644 0.0313 -1.7609 -0.2577 0.8796 ...
 $ RaceHorse.IsHitA                 : num  0 0 0 0 0 0 0 0 0 0 ...
 $ RaceHorse.IsHitB                 : num  0 0 0 0 0 1 0 0 0 0 ...
 $ RaceHorse.IsHitC                 : num  0 0 0 0 0 1 0 0 0 0 ...
 $ Gen01.HansyokuNum                : Factor w/ 261 levels "11201853","11201542",..: 10 11 12 13 14 15 16 17 11 18 ...
 $ Gen01.FinishTimeSdvByRaceAvg     : num  0.00232 0.17519 0.16519 0.24845 0.20838 ...
 $ Gen01.FirstTimeSdvByRaceAvg      : num  1.0267 0.5478 -0.0462 -0.7254 0.1298 ...
 $ Gen01.LastTimeSdvByRaceAvg       : num  -0.723 -0.036 0.163 0.656 0.115 ...
 $ Gen01.FinishTimeSdvAvg           : num  1.271 0.931 0.214 0.014 0.993 ...
 $ Gen01.FirstTimeSdvAvg            : num  1.309 0.897 0.19 -0.238 0.764 ...
 $ Gen01.LastTimeSdvAvg             : num  0.577 0.295 0.113 0.284 0.508 ...
 $ Gen01.RealOddsLog1Avg            : num  3.22 3.31 3.36 3.63 2.98 ...
 $ Gen01.RunCount                   : num  8 13 44 13 136 8 332 11 32 167 ...
 $ Gen01.HitCount1                  : num  0 0 6 1 7 0 32 0 4 12 ...
 $ Gen01.HitCount2                  : num  2 0 2 1 15 1 25 1 2 13 ...
 $ Gen01.HitCount3                  : num  0 3 5 0 11 1 25 0 1 8 ...
 $ Gen01.HitCount4                  : num  0 1 4 2 11 2 22 0 1 17 ...
 $ Gen01.HitCount5                  : num  0 2 4 2 6 0 27 1 2 17 ...
 $ Gen01.HitRate1                   : num  0 0 0.1364 0.0769 0.0515 ...
 $ Gen01.HitRate2                   : num  0.25 0 0.0455 0.0769 0.1103 ...
 $ Gen01.HitRate3                   : num  0 0.2308 0.1136 0 0.0809 ...
 $ Gen01.HitRate4                   : num  0 0.0769 0.0909 0.1538 0.0809 ...
 $ Gen01.HitRate5                   : num  0 0.1538 0.0909 0.1538 0.0441 ...
 $ EOF                              : int  1 1 1 1 1 1 1 1 1 1 ...
NULL
[1] "2022-03-08 18:31:07 --- transform Finish ---"
[1] "2022-03-08 18:31:07 --- na.omit Start ---"
[1] "--------------------------------------------------------------------------------"
[1] "nrow(data) na.omit before=12385"
[1] "nrow(data) na.omit after =12313"
[1] "nrow(data) na.omit diff =72"
[1] "--------------------------------------------------------------------------------"
'data.frame':	12313 obs. of  48 variables:
 $ Race.RaceId                      : Factor w/ 928 levels "20160619-02-01-02-11",..: 11 12 13 14 15 16 17 18 19 20 ...
 $ Race.IsAnalyzeNormalPastAndFuture: logi  TRUE TRUE TRUE TRUE TRUE TRUE ...
 $ Race.IsAnalyzeNormalPast         : logi  TRUE TRUE TRUE TRUE TRUE TRUE ...
 $ Race.IsAnalyzeNormalFuture       : logi  FALSE FALSE FALSE FALSE FALSE FALSE ...
 $ Race.IsAnalyzeFullPastAndFuture  : logi  TRUE TRUE TRUE TRUE TRUE TRUE ...
 $ Race.IsAnalyzeFullPast           : logi  TRUE TRUE TRUE TRUE TRUE TRUE ...
 $ Race.IsAnalyzeFullFuture         : logi  FALSE FALSE FALSE FALSE FALSE FALSE ...
 $ Race.JyokenCd                    : Factor w/ 1 level "1": 1 1 1 1 1 1 1 1 1 1 ...
 $ Race.JyoType1Cd                  : Factor w/ 141 levels "17-02-1200-1",..: 11 12 13 14 15 16 17 14 14 11 ...
 $ Race.RaceType1Cd                 : Factor w/ 4 levels "1-1-13","1-1-12",..: 1 1 3 3 1 3 1 1 3 1 ...
 $ RaceHorse.RaceId                 : Factor w/ 928 levels "20160619-02-01-02-11",..: 11 12 13 14 15 16 17 18 19 20 ...
 $ RaceHorse.KettoNum               : Factor w/ 2941 levels "2007103968","2009100483",..: 10 11 12 13 14 15 16 17 18 19 ...
 $ RaceHorse.IsHit1                 : num  0 0 0 0 0 0 0 0 0 0 ...
 $ RaceHorse.IsHit2                 : num  0 0 0 0 0 1 0 0 0 0 ...
 $ RaceHorse.IsHit3                 : num  0 0 0 0 0 0 0 0 0 0 ...
 $ RaceHorse.IsHit4                 : num  0 0 0 1 0 0 0 0 0 1 ...
 $ RaceHorse.IsHit5                 : num  0 0 0 0 0 0 0 0 0 0 ...
 $ RaceHorse.IsHit6                 : num  1 1 1 0 1 0 1 1 1 0 ...
 $ RaceHorse.IsValidRaceHorse       : logi  TRUE TRUE TRUE TRUE TRUE TRUE ...
 $ RaceHorse.FinishTimeSdvByRace    : num  -0.63 0.3 -1.529 0.299 -0.765 ...
 $ RaceHorse.FirstTimeSdvByRace     : num  2.165 0.863 1.05 -0.586 -1.397 ...
 $ RaceHorse.LastTimeSdvByRace      : num  -2.261 -0.252 -1.749 1.006 0.778 ...
 $ RaceHorse.FinishTimeSdv          : num  1.327 0.739 -0.709 -0.239 1.731 ...
 $ RaceHorse.FirstTimeSdv           : num  2.0082 0.9415 0.2832 -0.0707 1.3436 ...
 $ RaceHorse.LastTimeSdv            : num  0.1644 0.0313 -1.7609 -0.2577 0.8796 ...
 $ RaceHorse.IsHitA                 : num  0 0 0 0 0 0 0 0 0 0 ...
 $ RaceHorse.IsHitB                 : num  0 0 0 0 0 1 0 0 0 0 ...
 $ RaceHorse.IsHitC                 : num  0 0 0 0 0 1 0 0 0 0 ...
 $ Gen01.HansyokuNum                : Factor w/ 261 levels "11201853","11201542",..: 10 11 12 13 14 15 16 17 11 18 ...
 $ Gen01.FinishTimeSdvByRaceAvg     : num  0.00232 0.17519 0.16519 0.24845 0.20838 ...
 $ Gen01.FirstTimeSdvByRaceAvg      : num  1.0267 0.5478 -0.0462 -0.7254 0.1298 ...
 $ Gen01.LastTimeSdvByRaceAvg       : num  -0.723 -0.036 0.163 0.656 0.115 ...
 $ Gen01.FinishTimeSdvAvg           : num  1.271 0.931 0.214 0.014 0.993 ...
 $ Gen01.FirstTimeSdvAvg            : num  1.309 0.897 0.19 -0.238 0.764 ...
 $ Gen01.LastTimeSdvAvg             : num  0.577 0.295 0.113 0.284 0.508 ...
 $ Gen01.RealOddsLog1Avg            : num  3.22 3.31 3.36 3.63 2.98 ...
 $ Gen01.RunCount                   : num  8 13 44 13 136 8 332 11 32 167 ...
 $ Gen01.HitCount1                  : num  0 0 6 1 7 0 32 0 4 12 ...
 $ Gen01.HitCount2                  : num  2 0 2 1 15 1 25 1 2 13 ...
 $ Gen01.HitCount3                  : num  0 3 5 0 11 1 25 0 1 8 ...
 $ Gen01.HitCount4                  : num  0 1 4 2 11 2 22 0 1 17 ...
 $ Gen01.HitCount5                  : num  0 2 4 2 6 0 27 1 2 17 ...
 $ Gen01.HitRate1                   : num  0 0 0.1364 0.0769 0.0515 ...
 $ Gen01.HitRate2                   : num  0.25 0 0.0455 0.0769 0.1103 ...
 $ Gen01.HitRate3                   : num  0 0.2308 0.1136 0 0.0809 ...
 $ Gen01.HitRate4                   : num  0 0.0769 0.0909 0.1538 0.0809 ...
 $ Gen01.HitRate5                   : num  0 0.1538 0.0909 0.1538 0.0441 ...
 $ EOF                              : int  1 1 1 1 1 1 1 1 1 1 ...
 - attr(*, "na.action")= 'omit' Named int  33 220 323 646 687 935 1074 1578 1786 2103 ...
  ..- attr(*, "names")= chr  "33" "220" "323" "646" ...
[1] "2022-03-08 18:31:07 --- na.omit Finish ---"
[1] "2022-03-08 18:31:07 --- rxLogit with rxStepControl Start ---"

> print(paste0(Sys.time(), " --- source_logic_glm.R Start ---"))
[1] "2022-03-08 18:31:07 --- source_logic_glm.R Start ---"

> formula <- formula(RaceHorse.IsHitA ~ +1 + Gen01.FinishTimeSdvByRaceAvg)

> print(paste0(Sys.time(), " --- source_logic_glm.R Finished ---"))
[1] "2022-03-08 18:31:07 --- source_logic_glm.R Finished ---"
Rows Read: 12313, Total Rows Processed: 12313, Total Chunk Time: Less than .001 seconds 

Starting values (iteration 1) time: 0.009 secs.
Rows Read: 12313, Total Rows Processed: 12313, Total Chunk Time: Less than .001 seconds 

Iteration 2 time: 0.006 secs.
Rows Read: 12313, Total Rows Processed: 12313, Total Chunk Time: 0.001 seconds 

Iteration 3 time: 0.005 secs.
Rows Read: 12313, Total Rows Processed: 12313, Total Chunk Time: 0.002 seconds 

Iteration 4 time: 0.005 secs.

Elapsed computation time: 0.039 secs.
Rows Read: 12313, Total Rows Processed: 12313, Total Chunk Time: Less than .001 seconds 

Starting values (iteration 1) time: 0.007 secs.
Rows Read: 12313, Total Rows Processed: 12313, Total Chunk Time: Less than .001 seconds 

Iteration 2 time: 0.005 secs.

Elapsed computation time: 0.023 secs.
Rows Read: 12313, Total Rows Processed: 12313, Total Chunk Time: Less than .001 seconds 

Starting values (iteration 1) time: 0.008 secs.
Rows Read: 12313, Total Rows Processed: 12313, Total Chunk Time: 0.002 seconds 

Iteration 2 time: 0.006 secs.
Rows Read: 12313, Total Rows Processed: 12313, Total Chunk Time: 0.002 seconds 

Iteration 3 time: 0.004 secs.
Rows Read: 12313, Total Rows Processed: 12313, Total Chunk Time: 0.001 seconds 

Iteration 4 time: 0.004 secs.

Elapsed computation time: 0.038 secs.

Elapsed computation time: 0.117 secs.
[1] "--------------------------------------------------------------------------------"
[1] "analyze.results.glm.step="
Logistic Regression Results for: RaceHorse.IsHitA ~
    Gen01.FinishTimeSdvByRaceAvg
Data: data
Dependent variable(s): RaceHorse.IsHitA
Total independent variables: 2 
Number of valid observations: 12313
Number of missing observations: 0 
 
Coefficients:
                             RaceHorse.IsHitA
(Intercept)                              -2.8
Gen01.FinishTimeSdvByRaceAvg              0.9
[1] "analyze.results.glm.step.summary"
Call:
rxLogit(formula = formula, data = data, variableSelection = analyze.results.glm.step.varsel)

Logistic Regression Results for: RaceHorse.IsHitA ~
    Gen01.FinishTimeSdvByRaceAvg
Data: data
Dependent variable(s): RaceHorse.IsHitA
Total independent variables: 2 
Number of valid observations: 12313
Number of missing observations: 0 
-2*LogLikelihood: 6382.143 (Residual deviance on 12311 degrees of freedom)
 
Coefficients:
                             Estimate Std. Error z value Pr(>|z|)    
(Intercept)                   -2.7780     0.0492  -56.43  2.2e-16 ***
Gen01.FinishTimeSdvByRaceAvg   0.9440     0.1234    7.65  2.2e-16 ***
---
Signif. codes:  0 '***' 0.001 '**' 0.01 '*' 0.05 '.' 0.1 ' ' 1

Condition number of final variance-covariance matrix: 1 
Number of iterations: 4
[1] "--------------------------------------------------------------------------------"
[1] "2022-03-08 18:31:08 --- rxLogit with rxStepControl Finish ---"
[1] "2022-03-08 18:31:08 --- rxStepPlot Start ---"
[1] "pdfFilename=pdf_analyze_glm_Gen01_Type11_rxStepPlot.pdf"
[1] "rxStepPlot="
[1] "2022-03-08 18:31:42 --- rxStepPlot Finish ---"
[1] "2022-03-08 18:31:42 --- save.image Start ---"
[1] "save.image"
[1] "rdataFilename=RData_analyze_glm_Gen01_Type11.RData"
[1] "2022-03-08 18:31:50 --- save.image Finish ---"
[1] "2022-03-08 18:31:50 --- final Start ---"
[1] "--------------------------------------------------------------------------------"
[1] "nrow(data) final=12313"
[1] "--------------------------------------------------------------------------------"
[1] "2022-03-08 18:31:50 --- final Finish ---"
[1] "2022-03-08 18:31:50 --- analyze_glm.R Finished ---"
[1] "2022-03-08 18:31:50 --- log Finish ---"
