[1] "2022-02-25 20:27:32 --- D1115_analyze_glm_Odds_IsHitA_Type23 Start ---"
[1] "2022-02-25 20:27:42 --- Log Start ---"
[1] "2022-02-25 20:27:51 --- analyze_glm.R Start ---"
[1] "analyzeVersion=D1115"
[1] "analyzeCategory=analyze"
[1] "analyzeType=Odds"
[1] "analyzeFamily=IsHitA"
[1] "analyzeFunc=glm"
[1] "analyzeTrackTypeCd=2"
[1] "analyzeJyokenCd=3"
[1] "2022-02-25 20:28:39 --- source_function.R Start ---"
[1] "2022-02-25 20:28:48 --- source_function.R Finished ---"

> print(paste0(Sys.time(), " --- source_library.R Start ---"))
[1] "2022-02-25 20:29:05 --- source_library.R Start ---"

> require("RevoScaleR")

> print(paste0(Sys.time(), " --- source_library.R Finished ---"))
[1] "2022-02-25 20:30:00 --- source_library.R Finished ---"
[1] "2022-02-25 20:30:09 --- RxSqlServerData Start ---"
[1] "2022-02-25 20:30:17 --- RxInSqlServer Start ---"
[1] "2022-02-25 20:30:27 --- RxInSqlServer Finish ---"
[1] "2022-02-25 20:30:38 --- rxSetComputeContext Start ---"
[1] "2022-02-25 20:30:46 --- rxSetComputeContext Finish ---"
[1] "2022-02-25 20:31:00 --- RxSqlServerData Start ---"
[1] "sqlQuery=SELECT * FROM ViewAnalyzeD1115analyze01OddsType23"
[1] "2022-02-25 20:31:34 --- RxSqlServerData Finish ---"
[1] "2022-02-25 20:31:48 --- rxGetVarInfo Start ---"
[1] "2022-02-25 20:31:59 --- rxGetVarInfo Finish---"
[1] "2022-02-25 20:32:00 --- rxImport Start ---"
Rows Read: 15131, Total Rows Processed: 15131, Total Chunk Time: 2.305 seconds 
[1] "2022-02-25 20:32:24 --- rxImport Finish ---"
[1] "object.size(data) auto=3.2 Mb"
[1] "--------------------------------------------------------------------------------"
[1] "nrow(data) RxSqlServerData=15131"
[1] "--------------------------------------------------------------------------------"
[1] "str(data)="
'data.frame':	15131 obs. of  32 variables:
 $ Race.RaceId                      : Factor w/ 1011 levels "20160105-06-01-01-08",..: 1 3 3 4 5 6 6 7 7 8 ...
 $ Race.IsPredictedRace             : logi  TRUE TRUE TRUE TRUE TRUE TRUE ...
 $ Race.IsAnalyzeNormalPastAndFuture: logi  TRUE TRUE TRUE TRUE TRUE TRUE ...
 $ Race.IsAnalyzeNormalPast         : logi  TRUE TRUE TRUE TRUE TRUE TRUE ...
 $ Race.IsAnalyzeNormalFuture       : logi  FALSE FALSE FALSE FALSE FALSE FALSE ...
 $ Race.IsAnalyzeFullPastAndFuture  : logi  TRUE TRUE TRUE TRUE TRUE TRUE ...
 $ Race.IsAnalyzeFullPast           : logi  TRUE TRUE TRUE TRUE TRUE TRUE ...
 $ Race.IsAnalyzeFullFuture         : logi  FALSE FALSE FALSE FALSE FALSE FALSE ...
 $ Race.JyokenCd                    : Factor w/ 1 level "3": 1 1 1 1 1 1 1 1 1 1 ...
 $ Race.JyoType1Cd                  : Factor w/ 105 levels "2-06-1200-3-1",..: 1 3 3 3 4 2 2 5 5 6 ...
 $ Race.RaceType1Cd                 : Factor w/ 6 levels "2-3-X-1","2-3-E-2",..: 1 3 3 2 1 3 3 4 4 1 ...
 $ RaceHorse.RaceId                 : Factor w/ 1011 levels "20160105-06-01-01-08",..: 1 3 3 4 5 6 6 7 7 8 ...
 $ RaceHorse.KettoNum               : Factor w/ 3186 levels "2009101967","2012109217",..: 11 12 13 14 15 16 17 18 19 20 ...
 $ RaceHorse.IsHit1                 : num  0 0 0 1 0 0 0 0 0 0 ...
 $ RaceHorse.IsHit2                 : num  0 0 0 0 0 0 1 0 0 0 ...
 $ RaceHorse.IsHit3                 : num  0 0 0 0 0 0 0 0 0 0 ...
 $ RaceHorse.IsHit4                 : num  0 0 0 0 0 0 0 0 0 0 ...
 $ RaceHorse.IsHit5                 : num  0 0 0 0 0 0 0 1 0 0 ...
 $ RaceHorse.IsHit6                 : num  1 1 1 0 1 1 0 0 1 1 ...
 $ RaceHorse.IsValidRaceHorse       : logi  TRUE TRUE TRUE TRUE TRUE TRUE ...
 $ RaceHorse.TimeSdv                : num  0.182 0.344 0.344 0.509 -0.225 ...
 $ RaceHorse.IsHitA                 : num  0 0 0 1 0 0 0 0 0 0 ...
 $ RaceHorse.IsHitB                 : num  0 0 0 1 0 0 1 0 0 0 ...
 $ RaceHorse.IsHitC                 : num  0 0 0 1 0 0 1 0 0 0 ...
 $ OddsByWin.Odds1                  : num  12.8 32.1 16.8 7.1 139.2 ...
 $ OddsByWin.Ninki                  : num  7 9 5 4 14 7 9 10 5 14 ...
 $ OddsByWin.OddsLog1               : num  2.62 3.5 2.88 2.09 4.94 ...
 $ OddsByWin.OddsRatio1             : num  0.08475 0.03215 0.06329 0.16393 0.00724 ...
 $ OddsByWin.OddsLogit1             : num  -2.55 -3.47 -2.82 -1.96 -4.94 ...
 $ OddsByWin.ApprovalRate1          : num  0.07812 0.03115 0.05952 0.14085 0.00718 ...
 $ OddsByWin.ApprovalRateLog1       : num  0.07522 0.03068 0.05782 0.13177 0.00716 ...
 $ EOF                              : int  1 1 1 1 1 1 1 1 1 1 ...
[1] "2022-02-25 20:32:55 --- RxSqlServerData Finish ---"
[1] "2022-02-25 20:32:55 --- subset Start ---"
[1] "--------------------------------------------------------------------------------"
[1] "nrow(data) subset before=15131"
[1] "nrow(data) subset after =15131"
[1] "nrow(data) subset diff =0"
[1] "--------------------------------------------------------------------------------"
[1] "2022-02-25 20:32:56 --- subset Finish---"
[1] "2022-02-25 20:32:56 --- transform Start ---"
[1] "--------------------------------------------------------------------------------"
[1] "nrow(data) transform before=15131"
[1] "nrow(data) transform after=15131"
[1] "nrow(data) transform diff=0"
[1] "--------------------------------------------------------------------------------"
[1] "str(data)="
'data.frame':	15131 obs. of  32 variables:
 $ Race.RaceId                      : Factor w/ 1011 levels "20160105-06-01-01-08",..: 1 3 3 4 5 6 6 7 7 8 ...
 $ Race.IsPredictedRace             : logi  TRUE TRUE TRUE TRUE TRUE TRUE ...
 $ Race.IsAnalyzeNormalPastAndFuture: logi  TRUE TRUE TRUE TRUE TRUE TRUE ...
 $ Race.IsAnalyzeNormalPast         : logi  TRUE TRUE TRUE TRUE TRUE TRUE ...
 $ Race.IsAnalyzeNormalFuture       : logi  FALSE FALSE FALSE FALSE FALSE FALSE ...
 $ Race.IsAnalyzeFullPastAndFuture  : logi  TRUE TRUE TRUE TRUE TRUE TRUE ...
 $ Race.IsAnalyzeFullPast           : logi  TRUE TRUE TRUE TRUE TRUE TRUE ...
 $ Race.IsAnalyzeFullFuture         : logi  FALSE FALSE FALSE FALSE FALSE FALSE ...
 $ Race.JyokenCd                    : Factor w/ 1 level "3": 1 1 1 1 1 1 1 1 1 1 ...
 $ Race.JyoType1Cd                  : Factor w/ 105 levels "2-06-1200-3-1",..: 1 3 3 3 4 2 2 5 5 6 ...
 $ Race.RaceType1Cd                 : Factor w/ 6 levels "2-3-X-1","2-3-E-2",..: 1 3 3 2 1 3 3 4 4 1 ...
 $ RaceHorse.RaceId                 : Factor w/ 1011 levels "20160105-06-01-01-08",..: 1 3 3 4 5 6 6 7 7 8 ...
 $ RaceHorse.KettoNum               : Factor w/ 3186 levels "2009101967","2012109217",..: 11 12 13 14 15 16 17 18 19 20 ...
 $ RaceHorse.IsHit1                 : num  0 0 0 1 0 0 0 0 0 0 ...
 $ RaceHorse.IsHit2                 : num  0 0 0 0 0 0 1 0 0 0 ...
 $ RaceHorse.IsHit3                 : num  0 0 0 0 0 0 0 0 0 0 ...
 $ RaceHorse.IsHit4                 : num  0 0 0 0 0 0 0 0 0 0 ...
 $ RaceHorse.IsHit5                 : num  0 0 0 0 0 0 0 1 0 0 ...
 $ RaceHorse.IsHit6                 : num  1 1 1 0 1 1 0 0 1 1 ...
 $ RaceHorse.IsValidRaceHorse       : logi  TRUE TRUE TRUE TRUE TRUE TRUE ...
 $ RaceHorse.TimeSdv                : num  0.182 0.344 0.344 0.509 -0.225 ...
 $ RaceHorse.IsHitA                 : num  0 0 0 1 0 0 0 0 0 0 ...
 $ RaceHorse.IsHitB                 : num  0 0 0 1 0 0 1 0 0 0 ...
 $ RaceHorse.IsHitC                 : num  0 0 0 1 0 0 1 0 0 0 ...
 $ OddsByWin.Odds1                  : num  12.8 32.1 16.8 7.1 139.2 ...
 $ OddsByWin.Ninki                  : num  7 9 5 4 14 7 9 10 5 14 ...
 $ OddsByWin.OddsLog1               : num  2.62 3.5 2.88 2.09 4.94 ...
 $ OddsByWin.OddsRatio1             : num  0.08475 0.03215 0.06329 0.16393 0.00724 ...
 $ OddsByWin.OddsLogit1             : num  -2.55 -3.47 -2.82 -1.96 -4.94 ...
 $ OddsByWin.ApprovalRate1          : num  0.07812 0.03115 0.05952 0.14085 0.00718 ...
 $ OddsByWin.ApprovalRateLog1       : num  0.07522 0.03068 0.05782 0.13177 0.00716 ...
 $ EOF                              : int  1 1 1 1 1 1 1 1 1 1 ...
NULL
[1] "2022-02-25 20:33:01 --- transform Finish ---"
[1] "2022-02-25 20:33:02 --- na.omit Start ---"
[1] "--------------------------------------------------------------------------------"
[1] "nrow(data) na.omit before=15131"
[1] "nrow(data) na.omit after =15021"
[1] "nrow(data) na.omit diff =110"
[1] "--------------------------------------------------------------------------------"
'data.frame':	15021 obs. of  32 variables:
 $ Race.RaceId                      : Factor w/ 1011 levels "20160105-06-01-01-08",..: 1 3 3 4 5 6 6 7 7 8 ...
 $ Race.IsPredictedRace             : logi  TRUE TRUE TRUE TRUE TRUE TRUE ...
 $ Race.IsAnalyzeNormalPastAndFuture: logi  TRUE TRUE TRUE TRUE TRUE TRUE ...
 $ Race.IsAnalyzeNormalPast         : logi  TRUE TRUE TRUE TRUE TRUE TRUE ...
 $ Race.IsAnalyzeNormalFuture       : logi  FALSE FALSE FALSE FALSE FALSE FALSE ...
 $ Race.IsAnalyzeFullPastAndFuture  : logi  TRUE TRUE TRUE TRUE TRUE TRUE ...
 $ Race.IsAnalyzeFullPast           : logi  TRUE TRUE TRUE TRUE TRUE TRUE ...
 $ Race.IsAnalyzeFullFuture         : logi  FALSE FALSE FALSE FALSE FALSE FALSE ...
 $ Race.JyokenCd                    : Factor w/ 1 level "3": 1 1 1 1 1 1 1 1 1 1 ...
 $ Race.JyoType1Cd                  : Factor w/ 105 levels "2-06-1200-3-1",..: 1 3 3 3 4 2 2 5 5 6 ...
 $ Race.RaceType1Cd                 : Factor w/ 6 levels "2-3-X-1","2-3-E-2",..: 1 3 3 2 1 3 3 4 4 1 ...
 $ RaceHorse.RaceId                 : Factor w/ 1011 levels "20160105-06-01-01-08",..: 1 3 3 4 5 6 6 7 7 8 ...
 $ RaceHorse.KettoNum               : Factor w/ 3186 levels "2009101967","2012109217",..: 11 12 13 14 15 16 17 18 19 20 ...
 $ RaceHorse.IsHit1                 : num  0 0 0 1 0 0 0 0 0 0 ...
 $ RaceHorse.IsHit2                 : num  0 0 0 0 0 0 1 0 0 0 ...
 $ RaceHorse.IsHit3                 : num  0 0 0 0 0 0 0 0 0 0 ...
 $ RaceHorse.IsHit4                 : num  0 0 0 0 0 0 0 0 0 0 ...
 $ RaceHorse.IsHit5                 : num  0 0 0 0 0 0 0 1 0 0 ...
 $ RaceHorse.IsHit6                 : num  1 1 1 0 1 1 0 0 1 1 ...
 $ RaceHorse.IsValidRaceHorse       : logi  TRUE TRUE TRUE TRUE TRUE TRUE ...
 $ RaceHorse.TimeSdv                : num  0.182 0.344 0.344 0.509 -0.225 ...
 $ RaceHorse.IsHitA                 : num  0 0 0 1 0 0 0 0 0 0 ...
 $ RaceHorse.IsHitB                 : num  0 0 0 1 0 0 1 0 0 0 ...
 $ RaceHorse.IsHitC                 : num  0 0 0 1 0 0 1 0 0 0 ...
 $ OddsByWin.Odds1                  : num  12.8 32.1 16.8 7.1 139.2 ...
 $ OddsByWin.Ninki                  : num  7 9 5 4 14 7 9 10 5 14 ...
 $ OddsByWin.OddsLog1               : num  2.62 3.5 2.88 2.09 4.94 ...
 $ OddsByWin.OddsRatio1             : num  0.08475 0.03215 0.06329 0.16393 0.00724 ...
 $ OddsByWin.OddsLogit1             : num  -2.55 -3.47 -2.82 -1.96 -4.94 ...
 $ OddsByWin.ApprovalRate1          : num  0.07812 0.03115 0.05952 0.14085 0.00718 ...
 $ OddsByWin.ApprovalRateLog1       : num  0.07522 0.03068 0.05782 0.13177 0.00716 ...
 $ EOF                              : int  1 1 1 1 1 1 1 1 1 1 ...
 - attr(*, "na.action")= 'omit' Named int  423 627 676 728 737 739 741 1189 1213 1224 ...
  ..- attr(*, "names")= chr  "423" "627" "676" "728" ...
[1] "2022-02-25 20:33:07 --- na.omit Finish ---"
[1] "2022-02-25 20:33:07 --- rxGlm with rxStepControl Start ---"

> print(paste0(Sys.time(), " --- source_logic_glm.R Start ---"))
[1] "2022-02-25 20:33:07 --- source_logic_glm.R Start ---"

> formula <- formula(RaceHorse.IsHitA ~ +1 + OddsByWin.OddsLogit1)

> print(paste0(Sys.time(), " --- source_logic_glm.R Finished ---"))
[1] "2022-02-25 20:33:08 --- source_logic_glm.R Finished ---"
Rows Read: 15021, Total Rows Processed: 15021, Total Chunk Time: 0.001 seconds 

Starting values (iteration 1) time: 0.011 secs.
Rows Read: 15021, Total Rows Processed: 15021, Total Chunk Time: 0.002 seconds 

Iteration 2 time: 0.087 secs.
Rows Read: 15021, Total Rows Processed: 15021, Total Chunk Time: 0.002 seconds 

Iteration 3 time: 0.084 secs.
Rows Read: 15021, Total Rows Processed: 15021, Total Chunk Time: 0.001 seconds 

Iteration 4 time: 0.142 secs.
Rows Read: 15021, Total Rows Processed: 15021, Total Chunk Time: 0.002 seconds 

Iteration 5 time: 0.171 secs.
Rows Read: 15021, Total Rows Processed: 15021, Total Chunk Time: 0.002 seconds 

Iteration 6 time: 0.084 secs.

Elapsed computation time: 1.161 secs.
Rows Read: 15021, Total Rows Processed: 15021, Total Chunk Time: 0.001 seconds 

Starting values (iteration 1) time: 0.078 secs.
Rows Read: 15021, Total Rows Processed: 15021, Total Chunk Time: 0.001 seconds 

Iteration 2 time: 0.078 secs.

Elapsed computation time: 0.445 secs.
Rows Read: 15021, Total Rows Processed: 15021, Total Chunk Time: 0.001 seconds 

Starting values (iteration 1) time: 0.070 secs.
Rows Read: 15021, Total Rows Processed: 15021, Total Chunk Time: 0.002 seconds 

Iteration 2 time: 0.078 secs.
Rows Read: 15021, Total Rows Processed: 15021, Total Chunk Time: 0.002 seconds 

Iteration 3 time: 0.191 secs.
Rows Read: 15021, Total Rows Processed: 15021, Total Chunk Time: 0.001 seconds 

Iteration 4 time: 0.070 secs.
Rows Read: 15021, Total Rows Processed: 15021, Total Chunk Time: 0.002 seconds 

Iteration 5 time: 0.072 secs.
Rows Read: 15021, Total Rows Processed: 15021, Total Chunk Time: 0.003 seconds 

Iteration 6 time: 0.076 secs.

Elapsed computation time: 1.060 secs.

Elapsed computation time: 3.002 secs.
[1] "--------------------------------------------------------------------------------"
[1] "analyze.results.glm.step="
Logistic Regression Results for: RaceHorse.IsHitA ~
    OddsByWin.OddsLogit1
Data: data
Dependent variable(s): RaceHorse.IsHitA
Total independent variables: 2 
Number of valid observations: 15021
Number of missing observations: 0 
 
Coefficients:
                     RaceHorse.IsHitA
(Intercept)                       0.3
OddsByWin.OddsLogit1              1.2
[1] "analyze.results.glm.step.summary"
Call:
rxLogit(formula = formula, data = data, variableSelection = analyze.results.glm.step.varsel)

Logistic Regression Results for: RaceHorse.IsHitA ~
    OddsByWin.OddsLogit1
Data: data
Dependent variable(s): RaceHorse.IsHitA
Total independent variables: 2 
Number of valid observations: 15021
Number of missing observations: 0 
-2*LogLikelihood: 6041.724 (Residual deviance on 15019 degrees of freedom)
 
Coefficients:
                     Estimate Std. Error z value Pr(>|z|)    
(Intercept)            0.2680     0.0816    3.29    0.001 ** 
OddsByWin.OddsLogit1   1.1599     0.0377   30.77  2.2e-16 ***
---
Signif. codes:  0 '***' 0.001 '**' 0.01 '*' 0.05 '.' 0.1 ' ' 1

Condition number of final variance-covariance matrix: 1 
Number of iterations: 6
[1] "--------------------------------------------------------------------------------"
[1] "2022-02-25 20:33:13 --- rxGlm with rxStepControl Finish ---"
[1] "2022-02-25 20:33:13 --- rxStepPlot Start ---"
[1] "pdfFilename=pdf_analyze_glm_Odds_Type23_rxStepPlot.pdf"
[1] "rxStepPlot="
[1] "2022-02-25 20:33:13 --- rxStepPlot Finish ---"
[1] "2022-02-25 20:33:13 --- save.image Start ---"
[1] "save.image"
[1] "rdataFilename=RData_analyze_glm_Odds_Type23.RData"
[1] "2022-02-25 20:33:14 --- save.image Finish ---"
[1] "2022-02-25 20:33:14 --- final Start ---"
[1] "--------------------------------------------------------------------------------"
[1] "nrow(data) final=15021"
[1] "--------------------------------------------------------------------------------"
[1] "2022-02-25 20:33:14 --- final Finish ---"
[1] "2022-02-25 20:33:14 --- analyze_glm.R Finished ---"
[1] "2022-02-25 20:33:14 --- log Finish ---"
