[1] "2022-02-26 17:57:45 --- D1115_analyze_glm_Jockey_IsHitA_Type16 Start ---"
[1] "2022-02-26 17:57:45 --- Log Start ---"
[1] "2022-02-26 17:57:45 --- analyze_glm.R Start ---"
[1] "analyzeVersion=D1115"
[1] "analyzeCategory=analyze"
[1] "analyzeType=Jockey"
[1] "analyzeFamily=IsHitA"
[1] "analyzeFunc=glm"
[1] "analyzeTrackTypeCd=1"
[1] "analyzeJyokenCd=6"
[1] "2022-02-26 17:57:45 --- source_function.R Start ---"
[1] "2022-02-26 17:57:45 --- source_function.R Finished ---"

> print(paste0(Sys.time(), " --- source_library.R Start ---"))
[1] "2022-02-26 17:57:45 --- source_library.R Start ---"

> require("RevoScaleR")

> print(paste0(Sys.time(), " --- source_library.R Finished ---"))
[1] "2022-02-26 17:57:49 --- source_library.R Finished ---"
[1] "2022-02-26 17:57:49 --- RxSqlServerData Start ---"
[1] "2022-02-26 17:57:50 --- RxInSqlServer Start ---"
[1] "2022-02-26 17:57:50 --- RxInSqlServer Finish ---"
[1] "2022-02-26 17:57:50 --- rxSetComputeContext Start ---"
[1] "2022-02-26 17:57:50 --- rxSetComputeContext Finish ---"
[1] "2022-02-26 17:57:50 --- RxSqlServerData Start ---"
[1] "sqlQuery=SELECT * FROM ViewAnalyzeD1115analyze01JockeyType16"
[1] "2022-02-26 17:57:51 --- RxSqlServerData Finish ---"
[1] "2022-02-26 17:57:51 --- rxGetVarInfo Start ---"
[1] "2022-02-26 17:57:53 --- rxGetVarInfo Finish---"
[1] "2022-02-26 17:57:55 --- rxImport Start ---"
Rows Read: 13271, Total Rows Processed: 13271, Total Chunk Time: 53.749 seconds 
[1] "2022-02-26 18:00:06 --- rxImport Finish ---"
[1] "object.size(data) auto=4.7 Mb"
[1] "--------------------------------------------------------------------------------"
[1] "nrow(data) RxSqlServerData=13271"
[1] "--------------------------------------------------------------------------------"
[1] "str(data)="
'data.frame':	13271 obs. of  43 variables:
 $ Race.RaceId                      : Factor w/ 992 levels "20171119-05-05-06-05",..: 2 2 2 2 2 2 2 2 2 2 ...
 $ Race.IsAnalyzeNormalPastAndFuture: logi  TRUE TRUE TRUE TRUE TRUE TRUE ...
 $ Race.IsAnalyzeNormalPast         : logi  TRUE TRUE TRUE TRUE TRUE TRUE ...
 $ Race.IsAnalyzeNormalFuture       : logi  FALSE FALSE FALSE FALSE FALSE FALSE ...
 $ Race.IsAnalyzeFullPastAndFuture  : logi  TRUE TRUE TRUE TRUE TRUE TRUE ...
 $ Race.IsAnalyzeFullPast           : logi  TRUE TRUE TRUE TRUE TRUE TRUE ...
 $ Race.IsAnalyzeFullFuture         : logi  FALSE FALSE FALSE FALSE FALSE FALSE ...
 $ Race.JyokenCd                    : Factor w/ 1 level "6": 1 1 1 1 1 1 1 1 1 1 ...
 $ Race.JyoType1Cd                  : Factor w/ 119 levels "1-05-1800-6-1",..: 2 2 2 2 2 2 2 2 2 2 ...
 $ Race.RaceType1Cd                 : Factor w/ 2 levels "1-6-X-2","1-6-X-1": 2 2 2 2 2 2 2 2 2 2 ...
 $ RaceHorse.RaceId                 : Factor w/ 992 levels "20171119-05-05-06-05",..: 2 2 2 2 2 2 2 2 2 2 ...
 $ RaceHorse.KettoNum               : Factor w/ 13251 levels "2015100221","2015100380",..: 11 12 13 14 15 16 17 18 19 20 ...
 $ RaceHorse.IsHit1                 : num  1 0 0 0 0 0 0 0 0 0 ...
 $ RaceHorse.IsHit2                 : num  0 0 0 0 0 0 0 0 0 0 ...
 $ RaceHorse.IsHit3                 : num  0 0 0 0 0 0 0 0 0 1 ...
 $ RaceHorse.IsHit4                 : num  0 0 0 0 0 0 0 0 1 0 ...
 $ RaceHorse.IsHit5                 : num  0 0 0 1 0 0 0 0 0 0 ...
 $ RaceHorse.IsHit6                 : num  0 1 1 0 1 1 1 1 0 0 ...
 $ RaceHorse.IsValidRaceHorse       : logi  TRUE TRUE TRUE TRUE TRUE TRUE ...
 $ RaceHorse.TimeSdvByRace          : num  1.002 0.3 0.3 0.862 -1.948 ...
 $ RaceHorse.TimeSdv                : num  0.683 0.328 0.328 0.612 -0.807 ...
 $ RaceHorse.IsHitA                 : num  1 0 0 0 0 0 0 0 0 0 ...
 $ RaceHorse.IsHitB                 : num  1 0 0 0 0 0 0 0 0 0 ...
 $ RaceHorse.IsHitC                 : num  1 0 0 0 0 0 0 0 0 1 ...
 $ Jockey.TimeSdvByRaceAvg          : num  0.3077 0.1612 0.0725 0.1103 -0.033 ...
 $ Jockey.TimeSdvByRaceMin          : num  -2.29 -2.99 -2.31 -2.78 -2.89 ...
 $ Jockey.TimeSdvByRaceMax          : num  1.91 1.93 1.77 1.73 1.72 ...
 $ Jockey.TimeSdvAvg                : num  0.1062 0.1302 -0.0611 0.019 -0.0458 ...
 $ Jockey.TimeSdvMin                : num  -3.6 -2.54 -3.87 -2.54 -2.66 ...
 $ Jockey.TimeSdvMax                : num  1.71 2.07 1.88 1.82 1.74 ...
 $ Jockey.OrderOfFinishSdvAvg       : num  0.237 0.247 0.112 -0.038 -0.116 ...
 $ Jockey.RunCount                  : num  175 193 100 156 143 155 38 9 119 176 ...
 $ Jockey.HitCount1                 : num  18 13 10 5 8 8 1 0 10 33 ...
 $ Jockey.HitCount2                 : num  26 24 5 7 13 7 3 0 17 17 ...
 $ Jockey.HitCount3                 : num  13 14 9 8 11 9 2 0 10 15 ...
 $ Jockey.HitCount4                 : num  12 17 10 14 9 4 1 0 8 25 ...
 $ Jockey.HitCount5                 : num  14 22 9 12 8 15 4 1 8 9 ...
 $ Jockey.HitRate1                  : num  0.1029 0.0674 0.1 0.0321 0.0559 ...
 $ Jockey.HitRate2                  : num  0.1486 0.1244 0.05 0.0449 0.0909 ...
 $ Jockey.HitRate3                  : num  0.0743 0.0725 0.09 0.0513 0.0769 ...
 $ Jockey.HitRate4                  : num  0.0686 0.0881 0.1 0.0897 0.0629 ...
 $ Jockey.HitRate5                  : num  0.08 0.114 0.09 0.0769 0.0559 ...
 $ EOF                              : int  1 1 1 1 1 1 1 1 1 1 ...
[1] "2022-02-26 18:00:16 --- RxSqlServerData Finish ---"
[1] "2022-02-26 18:00:16 --- subset Start ---"
[1] "--------------------------------------------------------------------------------"
[1] "nrow(data) subset before=13271"
[1] "nrow(data) subset after =13271"
[1] "nrow(data) subset diff =0"
[1] "--------------------------------------------------------------------------------"
[1] "2022-02-26 18:00:17 --- subset Finish---"
[1] "2022-02-26 18:00:17 --- transform Start ---"
[1] "--------------------------------------------------------------------------------"
[1] "nrow(data) transform before=13271"
[1] "nrow(data) transform after=13271"
[1] "nrow(data) transform diff=0"
[1] "--------------------------------------------------------------------------------"
[1] "str(data)="
'data.frame':	13271 obs. of  43 variables:
 $ Race.RaceId                      : Factor w/ 992 levels "20171119-05-05-06-05",..: 2 2 2 2 2 2 2 2 2 2 ...
 $ Race.IsAnalyzeNormalPastAndFuture: logi  TRUE TRUE TRUE TRUE TRUE TRUE ...
 $ Race.IsAnalyzeNormalPast         : logi  TRUE TRUE TRUE TRUE TRUE TRUE ...
 $ Race.IsAnalyzeNormalFuture       : logi  FALSE FALSE FALSE FALSE FALSE FALSE ...
 $ Race.IsAnalyzeFullPastAndFuture  : logi  TRUE TRUE TRUE TRUE TRUE TRUE ...
 $ Race.IsAnalyzeFullPast           : logi  TRUE TRUE TRUE TRUE TRUE TRUE ...
 $ Race.IsAnalyzeFullFuture         : logi  FALSE FALSE FALSE FALSE FALSE FALSE ...
 $ Race.JyokenCd                    : Factor w/ 1 level "6": 1 1 1 1 1 1 1 1 1 1 ...
 $ Race.JyoType1Cd                  : Factor w/ 119 levels "1-05-1800-6-1",..: 2 2 2 2 2 2 2 2 2 2 ...
 $ Race.RaceType1Cd                 : Factor w/ 2 levels "1-6-X-2","1-6-X-1": 2 2 2 2 2 2 2 2 2 2 ...
 $ RaceHorse.RaceId                 : Factor w/ 992 levels "20171119-05-05-06-05",..: 2 2 2 2 2 2 2 2 2 2 ...
 $ RaceHorse.KettoNum               : Factor w/ 13251 levels "2015100221","2015100380",..: 11 12 13 14 15 16 17 18 19 20 ...
 $ RaceHorse.IsHit1                 : num  1 0 0 0 0 0 0 0 0 0 ...
 $ RaceHorse.IsHit2                 : num  0 0 0 0 0 0 0 0 0 0 ...
 $ RaceHorse.IsHit3                 : num  0 0 0 0 0 0 0 0 0 1 ...
 $ RaceHorse.IsHit4                 : num  0 0 0 0 0 0 0 0 1 0 ...
 $ RaceHorse.IsHit5                 : num  0 0 0 1 0 0 0 0 0 0 ...
 $ RaceHorse.IsHit6                 : num  0 1 1 0 1 1 1 1 0 0 ...
 $ RaceHorse.IsValidRaceHorse       : logi  TRUE TRUE TRUE TRUE TRUE TRUE ...
 $ RaceHorse.TimeSdvByRace          : num  1.002 0.3 0.3 0.862 -1.948 ...
 $ RaceHorse.TimeSdv                : num  0.683 0.328 0.328 0.612 -0.807 ...
 $ RaceHorse.IsHitA                 : num  1 0 0 0 0 0 0 0 0 0 ...
 $ RaceHorse.IsHitB                 : num  1 0 0 0 0 0 0 0 0 0 ...
 $ RaceHorse.IsHitC                 : num  1 0 0 0 0 0 0 0 0 1 ...
 $ Jockey.TimeSdvByRaceAvg          : num  0.3077 0.1612 0.0725 0.1103 -0.033 ...
 $ Jockey.TimeSdvByRaceMin          : num  -2.29 -2.99 -2.31 -2.78 -2.89 ...
 $ Jockey.TimeSdvByRaceMax          : num  1.91 1.93 1.77 1.73 1.72 ...
 $ Jockey.TimeSdvAvg                : num  0.1062 0.1302 -0.0611 0.019 -0.0458 ...
 $ Jockey.TimeSdvMin                : num  -3.6 -2.54 -3.87 -2.54 -2.66 ...
 $ Jockey.TimeSdvMax                : num  1.71 2.07 1.88 1.82 1.74 ...
 $ Jockey.OrderOfFinishSdvAvg       : num  0.237 0.247 0.112 -0.038 -0.116 ...
 $ Jockey.RunCount                  : num  175 193 100 156 143 155 38 9 119 176 ...
 $ Jockey.HitCount1                 : num  18 13 10 5 8 8 1 0 10 33 ...
 $ Jockey.HitCount2                 : num  26 24 5 7 13 7 3 0 17 17 ...
 $ Jockey.HitCount3                 : num  13 14 9 8 11 9 2 0 10 15 ...
 $ Jockey.HitCount4                 : num  12 17 10 14 9 4 1 0 8 25 ...
 $ Jockey.HitCount5                 : num  14 22 9 12 8 15 4 1 8 9 ...
 $ Jockey.HitRate1                  : num  0.1029 0.0674 0.1 0.0321 0.0559 ...
 $ Jockey.HitRate2                  : num  0.1486 0.1244 0.05 0.0449 0.0909 ...
 $ Jockey.HitRate3                  : num  0.0743 0.0725 0.09 0.0513 0.0769 ...
 $ Jockey.HitRate4                  : num  0.0686 0.0881 0.1 0.0897 0.0629 ...
 $ Jockey.HitRate5                  : num  0.08 0.114 0.09 0.0769 0.0559 ...
 $ EOF                              : int  1 1 1 1 1 1 1 1 1 1 ...
NULL
[1] "2022-02-26 18:00:25 --- transform Finish ---"
[1] "2022-02-26 18:00:25 --- na.omit Start ---"
[1] "--------------------------------------------------------------------------------"
[1] "nrow(data) na.omit before=13271"
[1] "nrow(data) na.omit after =13193"
[1] "nrow(data) na.omit diff =78"
[1] "--------------------------------------------------------------------------------"
'data.frame':	13193 obs. of  43 variables:
 $ Race.RaceId                      : Factor w/ 992 levels "20171119-05-05-06-05",..: 2 2 2 2 2 2 2 2 2 2 ...
 $ Race.IsAnalyzeNormalPastAndFuture: logi  TRUE TRUE TRUE TRUE TRUE TRUE ...
 $ Race.IsAnalyzeNormalPast         : logi  TRUE TRUE TRUE TRUE TRUE TRUE ...
 $ Race.IsAnalyzeNormalFuture       : logi  FALSE FALSE FALSE FALSE FALSE FALSE ...
 $ Race.IsAnalyzeFullPastAndFuture  : logi  TRUE TRUE TRUE TRUE TRUE TRUE ...
 $ Race.IsAnalyzeFullPast           : logi  TRUE TRUE TRUE TRUE TRUE TRUE ...
 $ Race.IsAnalyzeFullFuture         : logi  FALSE FALSE FALSE FALSE FALSE FALSE ...
 $ Race.JyokenCd                    : Factor w/ 1 level "6": 1 1 1 1 1 1 1 1 1 1 ...
 $ Race.JyoType1Cd                  : Factor w/ 119 levels "1-05-1800-6-1",..: 2 2 2 2 2 2 2 2 2 2 ...
 $ Race.RaceType1Cd                 : Factor w/ 2 levels "1-6-X-2","1-6-X-1": 2 2 2 2 2 2 2 2 2 2 ...
 $ RaceHorse.RaceId                 : Factor w/ 992 levels "20171119-05-05-06-05",..: 2 2 2 2 2 2 2 2 2 2 ...
 $ RaceHorse.KettoNum               : Factor w/ 13251 levels "2015100221","2015100380",..: 11 12 13 14 15 16 17 18 19 20 ...
 $ RaceHorse.IsHit1                 : num  1 0 0 0 0 0 0 0 0 0 ...
 $ RaceHorse.IsHit2                 : num  0 0 0 0 0 0 0 0 0 0 ...
 $ RaceHorse.IsHit3                 : num  0 0 0 0 0 0 0 0 0 1 ...
 $ RaceHorse.IsHit4                 : num  0 0 0 0 0 0 0 0 1 0 ...
 $ RaceHorse.IsHit5                 : num  0 0 0 1 0 0 0 0 0 0 ...
 $ RaceHorse.IsHit6                 : num  0 1 1 0 1 1 1 1 0 0 ...
 $ RaceHorse.IsValidRaceHorse       : logi  TRUE TRUE TRUE TRUE TRUE TRUE ...
 $ RaceHorse.TimeSdvByRace          : num  1.002 0.3 0.3 0.862 -1.948 ...
 $ RaceHorse.TimeSdv                : num  0.683 0.328 0.328 0.612 -0.807 ...
 $ RaceHorse.IsHitA                 : num  1 0 0 0 0 0 0 0 0 0 ...
 $ RaceHorse.IsHitB                 : num  1 0 0 0 0 0 0 0 0 0 ...
 $ RaceHorse.IsHitC                 : num  1 0 0 0 0 0 0 0 0 1 ...
 $ Jockey.TimeSdvByRaceAvg          : num  0.3077 0.1612 0.0725 0.1103 -0.033 ...
 $ Jockey.TimeSdvByRaceMin          : num  -2.29 -2.99 -2.31 -2.78 -2.89 ...
 $ Jockey.TimeSdvByRaceMax          : num  1.91 1.93 1.77 1.73 1.72 ...
 $ Jockey.TimeSdvAvg                : num  0.1062 0.1302 -0.0611 0.019 -0.0458 ...
 $ Jockey.TimeSdvMin                : num  -3.6 -2.54 -3.87 -2.54 -2.66 ...
 $ Jockey.TimeSdvMax                : num  1.71 2.07 1.88 1.82 1.74 ...
 $ Jockey.OrderOfFinishSdvAvg       : num  0.237 0.247 0.112 -0.038 -0.116 ...
 $ Jockey.RunCount                  : num  175 193 100 156 143 155 38 9 119 176 ...
 $ Jockey.HitCount1                 : num  18 13 10 5 8 8 1 0 10 33 ...
 $ Jockey.HitCount2                 : num  26 24 5 7 13 7 3 0 17 17 ...
 $ Jockey.HitCount3                 : num  13 14 9 8 11 9 2 0 10 15 ...
 $ Jockey.HitCount4                 : num  12 17 10 14 9 4 1 0 8 25 ...
 $ Jockey.HitCount5                 : num  14 22 9 12 8 15 4 1 8 9 ...
 $ Jockey.HitRate1                  : num  0.1029 0.0674 0.1 0.0321 0.0559 ...
 $ Jockey.HitRate2                  : num  0.1486 0.1244 0.05 0.0449 0.0909 ...
 $ Jockey.HitRate3                  : num  0.0743 0.0725 0.09 0.0513 0.0769 ...
 $ Jockey.HitRate4                  : num  0.0686 0.0881 0.1 0.0897 0.0629 ...
 $ Jockey.HitRate5                  : num  0.08 0.114 0.09 0.0769 0.0559 ...
 $ EOF                              : int  1 1 1 1 1 1 1 1 1 1 ...
 - attr(*, "na.action")= 'omit' Named int  127 250 307 741 747 885 1067 1102 1197 1440 ...
  ..- attr(*, "names")= chr  "127" "250" "307" "741" ...
[1] "2022-02-26 18:00:47 --- na.omit Finish ---"
[1] "2022-02-26 18:00:47 --- rxGlm with rxStepControl Start ---"

> print(paste0(Sys.time(), " --- source_logic_glm.R Start ---"))
[1] "2022-02-26 18:00:48 --- source_logic_glm.R Start ---"

> formula <- formula(RaceHorse.IsHitA ~ +1 + Jockey.TimeSdvByRaceAvg)

> print(paste0(Sys.time(), " --- source_logic_glm.R Finished ---"))
[1] "2022-02-26 18:00:48 --- source_logic_glm.R Finished ---"
Rows Read: 13193, Total Rows Processed: 13193, Total Chunk Time: 0.001 seconds 

Starting values (iteration 1) time: 0.028 secs.
Rows Read: 13193, Total Rows Processed: 13193, Total Chunk Time: 0.002 seconds 

Iteration 2 time: 0.013 secs.
Rows Read: 13193, Total Rows Processed: 13193, Total Chunk Time: 0.002 seconds 

Iteration 3 time: 0.006 secs.
Rows Read: 13193, Total Rows Processed: 13193, Total Chunk Time: 0.002 seconds 

Iteration 4 time: 0.041 secs.
Rows Read: 13193, Total Rows Processed: 13193, Total Chunk Time: 0.002 seconds 

Iteration 5 time: 0.138 secs.

Elapsed computation time: 0.665 secs.
Rows Read: 13193, Total Rows Processed: 13193, Total Chunk Time: 0.001 seconds 

Starting values (iteration 1) time: 0.044 secs.
Rows Read: 13193, Total Rows Processed: 13193, Total Chunk Time: 0.002 seconds 

Iteration 2 time: 0.008 secs.

Elapsed computation time: 0.065 secs.
Rows Read: 13193, Total Rows Processed: 13193, Total Chunk Time: 0.001 seconds 

Starting values (iteration 1) time: 0.012 secs.
Rows Read: 13193, Total Rows Processed: 13193, Total Chunk Time: 0.002 seconds 

Iteration 2 time: 0.009 secs.
Rows Read: 13193, Total Rows Processed: 13193, Total Chunk Time: 0.002 seconds 

Iteration 3 time: 0.005 secs.
Rows Read: 13193, Total Rows Processed: 13193, Total Chunk Time: 0.002 seconds 

Iteration 4 time: 0.005 secs.
Rows Read: 13193, Total Rows Processed: 13193, Total Chunk Time: 0.001 seconds 

Iteration 5 time: 0.006 secs.

Elapsed computation time: 0.071 secs.

Elapsed computation time: 1.021 secs.
[1] "--------------------------------------------------------------------------------"
[1] "analyze.results.glm.step="
Logistic Regression Results for: RaceHorse.IsHitA ~
    Jockey.TimeSdvByRaceAvg
Data: data
Dependent variable(s): RaceHorse.IsHitA
Total independent variables: 2 
Number of valid observations: 13193
Number of missing observations: 0 
 
Coefficients:
                        RaceHorse.IsHitA
(Intercept)                           -3
Jockey.TimeSdvByRaceAvg                2
[1] "analyze.results.glm.step.summary"
Call:
rxLogit(formula = formula, data = data, variableSelection = analyze.results.glm.step.varsel)

Logistic Regression Results for: RaceHorse.IsHitA ~
    Jockey.TimeSdvByRaceAvg
Data: data
Dependent variable(s): RaceHorse.IsHitA
Total independent variables: 2 
Number of valid observations: 13193
Number of missing observations: 0 
-2*LogLikelihood: 6599.424 (Residual deviance on 13191 degrees of freedom)
 
Coefficients:
                        Estimate Std. Error z value Pr(>|z|)    
(Intercept)              -2.7513     0.0398   -69.2  2.2e-16 ***
Jockey.TimeSdvByRaceAvg   2.0685     0.1033    20.0  2.2e-16 ***
---
Signif. codes:  0 '***' 0.001 '**' 0.01 '*' 0.05 '.' 0.1 ' ' 1

Condition number of final variance-covariance matrix: 1 
Number of iterations: 5
[1] "--------------------------------------------------------------------------------"
[1] "2022-02-26 18:00:49 --- rxGlm with rxStepControl Finish ---"
[1] "2022-02-26 18:00:49 --- rxStepPlot Start ---"
[1] "pdfFilename=pdf_analyze_glm_Jockey_Type16_rxStepPlot.pdf"
[1] "rxStepPlot="
[1] "2022-02-26 18:00:50 --- rxStepPlot Finish ---"
[1] "2022-02-26 18:00:50 --- save.image Start ---"
[1] "save.image"
[1] "rdataFilename=RData_analyze_glm_Jockey_Type16.RData"
[1] "2022-02-26 18:00:50 --- save.image Finish ---"
[1] "2022-02-26 18:00:50 --- final Start ---"
[1] "--------------------------------------------------------------------------------"
[1] "nrow(data) final=13193"
[1] "--------------------------------------------------------------------------------"
[1] "2022-02-26 18:00:50 --- final Finish ---"
[1] "2022-02-26 18:00:50 --- analyze_glm.R Finished ---"
[1] "2022-02-26 18:00:50 --- log Finish ---"
