[1] "2022-02-25 20:24:04 --- D1115_analyze_glm_Gen02_IsHitA_Type23 Start ---"
[1] "2022-02-25 20:24:04 --- Log Start ---"
[1] "2022-02-25 20:24:04 --- analyze_glm.R Start ---"
[1] "analyzeVersion=D1115"
[1] "analyzeCategory=analyze"
[1] "analyzeType=Gen02"
[1] "analyzeFamily=IsHitA"
[1] "analyzeFunc=glm"
[1] "analyzeTrackTypeCd=2"
[1] "analyzeJyokenCd=3"
[1] "2022-02-25 20:24:04 --- source_function.R Start ---"
[1] "2022-02-25 20:24:04 --- source_function.R Finished ---"

> print(paste0(Sys.time(), " --- source_library.R Start ---"))
[1] "2022-02-25 20:24:04 --- source_library.R Start ---"

> require("RevoScaleR")

> print(paste0(Sys.time(), " --- source_library.R Finished ---"))
[1] "2022-02-25 20:24:04 --- source_library.R Finished ---"
[1] "2022-02-25 20:24:05 --- RxSqlServerData Start ---"
[1] "2022-02-25 20:24:05 --- RxInSqlServer Start ---"
[1] "2022-02-25 20:24:05 --- RxInSqlServer Finish ---"
[1] "2022-02-25 20:24:05 --- rxSetComputeContext Start ---"
[1] "2022-02-25 20:24:05 --- rxSetComputeContext Finish ---"
[1] "2022-02-25 20:24:05 --- RxSqlServerData Start ---"
[1] "sqlQuery=SELECT * FROM ViewAnalyzeD1115analyze01Gen02Type23"
[1] "2022-02-25 20:24:05 --- RxSqlServerData Finish ---"
[1] "2022-02-25 20:24:05 --- rxGetVarInfo Start ---"
[1] "2022-02-25 20:24:07 --- rxGetVarInfo Finish---"
[1] "2022-02-25 20:24:07 --- rxImport Start ---"
Rows Read: 10762, Total Rows Processed: 10762, Total Chunk Time: 160.727 seconds 
[1] "2022-02-25 20:30:17 --- rxImport Finish ---"
[1] "object.size(data) auto=3.3 Mb"
[1] "--------------------------------------------------------------------------------"
[1] "nrow(data) RxSqlServerData=10762"
[1] "--------------------------------------------------------------------------------"
[1] "str(data)="
'data.frame':	10762 obs. of  44 variables:
 $ Race.RaceId                      : Factor w/ 1011 levels "20160117-08-01-06-09",..: 1 10 10 11 5 6 7 8 12 13 ...
 $ Race.IsPredictedRace             : logi  TRUE TRUE TRUE TRUE TRUE TRUE ...
 $ Race.IsAnalyzeNormalPastAndFuture: logi  TRUE TRUE TRUE TRUE TRUE TRUE ...
 $ Race.IsAnalyzeNormalPast         : logi  TRUE TRUE TRUE TRUE TRUE TRUE ...
 $ Race.IsAnalyzeNormalFuture       : logi  FALSE FALSE FALSE FALSE FALSE FALSE ...
 $ Race.IsAnalyzeFullPastAndFuture  : logi  TRUE TRUE TRUE TRUE TRUE TRUE ...
 $ Race.IsAnalyzeFullPast           : logi  TRUE TRUE TRUE TRUE TRUE TRUE ...
 $ Race.IsAnalyzeFullFuture         : logi  FALSE FALSE FALSE FALSE FALSE FALSE ...
 $ Race.JyokenCd                    : Factor w/ 1 level "3": 1 1 1 1 1 1 1 1 1 1 ...
 $ Race.JyoType1Cd                  : Factor w/ 105 levels "2-08-1900-3-1",..: 1 9 9 10 2 5 6 7 11 12 ...
 $ Race.RaceType1Cd                 : Factor w/ 6 levels "2-3-E-2","2-3-X-1",..: 1 3 3 4 2 2 3 2 2 2 ...
 $ RaceHorse.RaceId                 : Factor w/ 1011 levels "20160117-08-01-06-09",..: 1 10 10 11 5 6 7 8 12 13 ...
 $ RaceHorse.KettoNum               : Factor w/ 2436 levels "2011104665","2011106567",..: 1 9 7 10 5 7 4 8 7 2 ...
 $ RaceHorse.IsHit1                 : num  0 0 0 0 0 0 0 0 0 0 ...
 $ RaceHorse.IsHit2                 : num  0 0 0 0 0 0 0 0 0 0 ...
 $ RaceHorse.IsHit3                 : num  0 0 0 0 0 0 0 0 0 0 ...
 $ RaceHorse.IsHit4                 : num  0 0 0 0 0 0 0 0 0 0 ...
 $ RaceHorse.IsHit5                 : num  0 0 0 0 0 0 1 0 0 0 ...
 $ RaceHorse.IsHit6                 : num  1 1 1 1 1 1 0 1 1 1 ...
 $ RaceHorse.IsValidRaceHorse       : logi  TRUE TRUE TRUE TRUE TRUE TRUE ...
 $ RaceHorse.TimeSdv                : num  -0.333 -0.292 -0.292 -1.804 -0.504 ...
 $ RaceHorse.IsHitA                 : num  0 0 0 0 0 0 0 0 0 0 ...
 $ RaceHorse.IsHitB                 : num  0 0 0 0 0 0 0 0 0 0 ...
 $ RaceHorse.IsHitC                 : num  0 0 0 0 0 0 0 0 0 0 ...
 $ Gen02.HansyokuNum                : Factor w/ 289 levels "11201954","11201953",..: 1 1 1 1 1 1 2 2 1 1 ...
 $ Gen02.TimeSdvByRaceAvg           : num  0.199 0.656 0.296 -0.317 0.202 ...
 $ Gen02.TimeSdvByRaceMin           : num  0.199 0.656 0.296 -1.728 -1.148 ...
 $ Gen02.TimeSdvByRaceMax           : num  0.199 0.656 0.296 0.535 1.441 ...
 $ Gen02.TimeSdvAvg                 : num  0.384 0.439 -0.12 -0.563 0.467 ...
 $ Gen02.TimeSdvMin                 : num  0.384 0.439 -0.12 -1.48 -1.697 ...
 $ Gen02.TimeSdvMax                 : num  0.384 0.439 -0.12 0.426 1.613 ...
 $ Gen02.OrderOfFinishSdvAvg        : num  -0.0429 0.2688 0.0458 -0.5055 0.2672 ...
 $ Gen02.RunCount                   : num  1 1 1 8 13 2 1 6 3 17 ...
 $ Gen02.HitCount1                  : num  0 0 0 0 0 0 0 0 0 1 ...
 $ Gen02.HitCount2                  : num  0 0 0 0 2 0 0 1 0 4 ...
 $ Gen02.HitCount3                  : num  0 0 0 0 0 0 0 0 0 2 ...
 $ Gen02.HitCount4                  : num  0 0 0 1 2 0 0 0 0 0 ...
 $ Gen02.HitCount5                  : num  0 0 0 0 1 0 0 2 0 3 ...
 $ Gen02.HitRate1                   : num  0 0 0 0 0 ...
 $ Gen02.HitRate2                   : num  0 0 0 0 0.154 ...
 $ Gen02.HitRate3                   : num  0 0 0 0 0 ...
 $ Gen02.HitRate4                   : num  0 0 0 0.125 0.154 ...
 $ Gen02.HitRate5                   : num  0 0 0 0 0.0769 ...
 $ EOF                              : int  1 1 1 1 1 1 1 1 1 1 ...
[1] "2022-02-25 20:32:53 --- RxSqlServerData Finish ---"
[1] "2022-02-25 20:32:53 --- subset Start ---"
[1] "--------------------------------------------------------------------------------"
[1] "nrow(data) subset before=10762"
[1] "nrow(data) subset after =10762"
[1] "nrow(data) subset diff =0"
[1] "--------------------------------------------------------------------------------"
[1] "2022-02-25 20:32:54 --- subset Finish---"
[1] "2022-02-25 20:32:54 --- transform Start ---"
[1] "--------------------------------------------------------------------------------"
[1] "nrow(data) transform before=10762"
[1] "nrow(data) transform after=10762"
[1] "nrow(data) transform diff=0"
[1] "--------------------------------------------------------------------------------"
[1] "str(data)="
'data.frame':	10762 obs. of  44 variables:
 $ Race.RaceId                      : Factor w/ 1011 levels "20160117-08-01-06-09",..: 1 10 10 11 5 6 7 8 12 13 ...
 $ Race.IsPredictedRace             : logi  TRUE TRUE TRUE TRUE TRUE TRUE ...
 $ Race.IsAnalyzeNormalPastAndFuture: logi  TRUE TRUE TRUE TRUE TRUE TRUE ...
 $ Race.IsAnalyzeNormalPast         : logi  TRUE TRUE TRUE TRUE TRUE TRUE ...
 $ Race.IsAnalyzeNormalFuture       : logi  FALSE FALSE FALSE FALSE FALSE FALSE ...
 $ Race.IsAnalyzeFullPastAndFuture  : logi  TRUE TRUE TRUE TRUE TRUE TRUE ...
 $ Race.IsAnalyzeFullPast           : logi  TRUE TRUE TRUE TRUE TRUE TRUE ...
 $ Race.IsAnalyzeFullFuture         : logi  FALSE FALSE FALSE FALSE FALSE FALSE ...
 $ Race.JyokenCd                    : Factor w/ 1 level "3": 1 1 1 1 1 1 1 1 1 1 ...
 $ Race.JyoType1Cd                  : Factor w/ 105 levels "2-08-1900-3-1",..: 1 9 9 10 2 5 6 7 11 12 ...
 $ Race.RaceType1Cd                 : Factor w/ 6 levels "2-3-E-2","2-3-X-1",..: 1 3 3 4 2 2 3 2 2 2 ...
 $ RaceHorse.RaceId                 : Factor w/ 1011 levels "20160117-08-01-06-09",..: 1 10 10 11 5 6 7 8 12 13 ...
 $ RaceHorse.KettoNum               : Factor w/ 2436 levels "2011104665","2011106567",..: 1 9 7 10 5 7 4 8 7 2 ...
 $ RaceHorse.IsHit1                 : num  0 0 0 0 0 0 0 0 0 0 ...
 $ RaceHorse.IsHit2                 : num  0 0 0 0 0 0 0 0 0 0 ...
 $ RaceHorse.IsHit3                 : num  0 0 0 0 0 0 0 0 0 0 ...
 $ RaceHorse.IsHit4                 : num  0 0 0 0 0 0 0 0 0 0 ...
 $ RaceHorse.IsHit5                 : num  0 0 0 0 0 0 1 0 0 0 ...
 $ RaceHorse.IsHit6                 : num  1 1 1 1 1 1 0 1 1 1 ...
 $ RaceHorse.IsValidRaceHorse       : logi  TRUE TRUE TRUE TRUE TRUE TRUE ...
 $ RaceHorse.TimeSdv                : num  -0.333 -0.292 -0.292 -1.804 -0.504 ...
 $ RaceHorse.IsHitA                 : num  0 0 0 0 0 0 0 0 0 0 ...
 $ RaceHorse.IsHitB                 : num  0 0 0 0 0 0 0 0 0 0 ...
 $ RaceHorse.IsHitC                 : num  0 0 0 0 0 0 0 0 0 0 ...
 $ Gen02.HansyokuNum                : Factor w/ 289 levels "11201954","11201953",..: 1 1 1 1 1 1 2 2 1 1 ...
 $ Gen02.TimeSdvByRaceAvg           : num  0.199 0.656 0.296 -0.317 0.202 ...
 $ Gen02.TimeSdvByRaceMin           : num  0.199 0.656 0.296 -1.728 -1.148 ...
 $ Gen02.TimeSdvByRaceMax           : num  0.199 0.656 0.296 0.535 1.441 ...
 $ Gen02.TimeSdvAvg                 : num  0.384 0.439 -0.12 -0.563 0.467 ...
 $ Gen02.TimeSdvMin                 : num  0.384 0.439 -0.12 -1.48 -1.697 ...
 $ Gen02.TimeSdvMax                 : num  0.384 0.439 -0.12 0.426 1.613 ...
 $ Gen02.OrderOfFinishSdvAvg        : num  -0.0429 0.2688 0.0458 -0.5055 0.2672 ...
 $ Gen02.RunCount                   : num  1 1 1 8 13 2 1 6 3 17 ...
 $ Gen02.HitCount1                  : num  0 0 0 0 0 0 0 0 0 1 ...
 $ Gen02.HitCount2                  : num  0 0 0 0 2 0 0 1 0 4 ...
 $ Gen02.HitCount3                  : num  0 0 0 0 0 0 0 0 0 2 ...
 $ Gen02.HitCount4                  : num  0 0 0 1 2 0 0 0 0 0 ...
 $ Gen02.HitCount5                  : num  0 0 0 0 1 0 0 2 0 3 ...
 $ Gen02.HitRate1                   : num  0 0 0 0 0 ...
 $ Gen02.HitRate2                   : num  0 0 0 0 0.154 ...
 $ Gen02.HitRate3                   : num  0 0 0 0 0 ...
 $ Gen02.HitRate4                   : num  0 0 0 0.125 0.154 ...
 $ Gen02.HitRate5                   : num  0 0 0 0 0.0769 ...
 $ EOF                              : int  1 1 1 1 1 1 1 1 1 1 ...
NULL
[1] "2022-02-25 20:33:02 --- transform Finish ---"
[1] "2022-02-25 20:33:02 --- na.omit Start ---"
[1] "--------------------------------------------------------------------------------"
[1] "nrow(data) na.omit before=10762"
[1] "nrow(data) na.omit after =10687"
[1] "nrow(data) na.omit diff =75"
[1] "--------------------------------------------------------------------------------"
'data.frame':	10687 obs. of  44 variables:
 $ Race.RaceId                      : Factor w/ 1011 levels "20160117-08-01-06-09",..: 1 10 10 11 5 6 7 8 12 13 ...
 $ Race.IsPredictedRace             : logi  TRUE TRUE TRUE TRUE TRUE TRUE ...
 $ Race.IsAnalyzeNormalPastAndFuture: logi  TRUE TRUE TRUE TRUE TRUE TRUE ...
 $ Race.IsAnalyzeNormalPast         : logi  TRUE TRUE TRUE TRUE TRUE TRUE ...
 $ Race.IsAnalyzeNormalFuture       : logi  FALSE FALSE FALSE FALSE FALSE FALSE ...
 $ Race.IsAnalyzeFullPastAndFuture  : logi  TRUE TRUE TRUE TRUE TRUE TRUE ...
 $ Race.IsAnalyzeFullPast           : logi  TRUE TRUE TRUE TRUE TRUE TRUE ...
 $ Race.IsAnalyzeFullFuture         : logi  FALSE FALSE FALSE FALSE FALSE FALSE ...
 $ Race.JyokenCd                    : Factor w/ 1 level "3": 1 1 1 1 1 1 1 1 1 1 ...
 $ Race.JyoType1Cd                  : Factor w/ 105 levels "2-08-1900-3-1",..: 1 9 9 10 2 5 6 7 11 12 ...
 $ Race.RaceType1Cd                 : Factor w/ 6 levels "2-3-E-2","2-3-X-1",..: 1 3 3 4 2 2 3 2 2 2 ...
 $ RaceHorse.RaceId                 : Factor w/ 1011 levels "20160117-08-01-06-09",..: 1 10 10 11 5 6 7 8 12 13 ...
 $ RaceHorse.KettoNum               : Factor w/ 2436 levels "2011104665","2011106567",..: 1 9 7 10 5 7 4 8 7 2 ...
 $ RaceHorse.IsHit1                 : num  0 0 0 0 0 0 0 0 0 0 ...
 $ RaceHorse.IsHit2                 : num  0 0 0 0 0 0 0 0 0 0 ...
 $ RaceHorse.IsHit3                 : num  0 0 0 0 0 0 0 0 0 0 ...
 $ RaceHorse.IsHit4                 : num  0 0 0 0 0 0 0 0 0 0 ...
 $ RaceHorse.IsHit5                 : num  0 0 0 0 0 0 1 0 0 0 ...
 $ RaceHorse.IsHit6                 : num  1 1 1 1 1 1 0 1 1 1 ...
 $ RaceHorse.IsValidRaceHorse       : logi  TRUE TRUE TRUE TRUE TRUE TRUE ...
 $ RaceHorse.TimeSdv                : num  -0.333 -0.292 -0.292 -1.804 -0.504 ...
 $ RaceHorse.IsHitA                 : num  0 0 0 0 0 0 0 0 0 0 ...
 $ RaceHorse.IsHitB                 : num  0 0 0 0 0 0 0 0 0 0 ...
 $ RaceHorse.IsHitC                 : num  0 0 0 0 0 0 0 0 0 0 ...
 $ Gen02.HansyokuNum                : Factor w/ 289 levels "11201954","11201953",..: 1 1 1 1 1 1 2 2 1 1 ...
 $ Gen02.TimeSdvByRaceAvg           : num  0.199 0.656 0.296 -0.317 0.202 ...
 $ Gen02.TimeSdvByRaceMin           : num  0.199 0.656 0.296 -1.728 -1.148 ...
 $ Gen02.TimeSdvByRaceMax           : num  0.199 0.656 0.296 0.535 1.441 ...
 $ Gen02.TimeSdvAvg                 : num  0.384 0.439 -0.12 -0.563 0.467 ...
 $ Gen02.TimeSdvMin                 : num  0.384 0.439 -0.12 -1.48 -1.697 ...
 $ Gen02.TimeSdvMax                 : num  0.384 0.439 -0.12 0.426 1.613 ...
 $ Gen02.OrderOfFinishSdvAvg        : num  -0.0429 0.2688 0.0458 -0.5055 0.2672 ...
 $ Gen02.RunCount                   : num  1 1 1 8 13 2 1 6 3 17 ...
 $ Gen02.HitCount1                  : num  0 0 0 0 0 0 0 0 0 1 ...
 $ Gen02.HitCount2                  : num  0 0 0 0 2 0 0 1 0 4 ...
 $ Gen02.HitCount3                  : num  0 0 0 0 0 0 0 0 0 2 ...
 $ Gen02.HitCount4                  : num  0 0 0 1 2 0 0 0 0 0 ...
 $ Gen02.HitCount5                  : num  0 0 0 0 1 0 0 2 0 3 ...
 $ Gen02.HitRate1                   : num  0 0 0 0 0 ...
 $ Gen02.HitRate2                   : num  0 0 0 0 0.154 ...
 $ Gen02.HitRate3                   : num  0 0 0 0 0 ...
 $ Gen02.HitRate4                   : num  0 0 0 0.125 0.154 ...
 $ Gen02.HitRate5                   : num  0 0 0 0 0.0769 ...
 $ EOF                              : int  1 1 1 1 1 1 1 1 1 1 ...
 - attr(*, "na.action")= 'omit' Named int  27 110 275 305 495 573 821 1163 1165 1229 ...
  ..- attr(*, "names")= chr  "27" "110" "275" "305" ...
[1] "2022-02-25 20:33:08 --- na.omit Finish ---"
[1] "2022-02-25 20:33:09 --- rxGlm with rxStepControl Start ---"

> print(paste0(Sys.time(), " --- source_logic_glm.R Start ---"))
[1] "2022-02-25 20:33:09 --- source_logic_glm.R Start ---"

> formula <- formula(RaceHorse.IsHitA ~ +1 + Gen02.TimeSdvAvg)

> print(paste0(Sys.time(), " --- source_logic_glm.R Finished ---"))
[1] "2022-02-25 20:33:09 --- source_logic_glm.R Finished ---"
Rows Read: 10687, Total Rows Processed: 10687, Total Chunk Time: Less than .001 seconds 

Starting values (iteration 1) time: 0.011 secs.
Rows Read: 10687, Total Rows Processed: 10687, Total Chunk Time: 0.002 seconds 

Iteration 2 time: 0.141 secs.
Rows Read: 10687, Total Rows Processed: 10687, Total Chunk Time: 0.002 seconds 

Iteration 3 time: 0.074 secs.
Rows Read: 10687, Total Rows Processed: 10687, Total Chunk Time: 0.002 seconds 

Iteration 4 time: 0.067 secs.
Rows Read: 10687, Total Rows Processed: 10687, Total Chunk Time: 0.007 seconds 

Iteration 5 time: 0.110 secs.

Elapsed computation time: 0.816 secs.
Rows Read: 10687, Total Rows Processed: 10687, Total Chunk Time: Less than .001 seconds 

Starting values (iteration 1) time: 0.088 secs.
Rows Read: 10687, Total Rows Processed: 10687, Total Chunk Time: 0.001 seconds 

Iteration 2 time: 0.069 secs.

Elapsed computation time: 0.312 secs.
Rows Read: 10687, Total Rows Processed: 10687, Total Chunk Time: Less than .001 seconds 

Starting values (iteration 1) time: 0.052 secs.
Rows Read: 10687, Total Rows Processed: 10687, Total Chunk Time: 0.002 seconds 

Iteration 2 time: 0.072 secs.
Rows Read: 10687, Total Rows Processed: 10687, Total Chunk Time: 0.002 seconds 

Iteration 3 time: 0.053 secs.
Rows Read: 10687, Total Rows Processed: 10687, Total Chunk Time: 0.007 seconds 

Iteration 4 time: 0.184 secs.
Rows Read: 10687, Total Rows Processed: 10687, Total Chunk Time: Less than .001 seconds 

Iteration 5 time: 0.061 secs.

Elapsed computation time: 0.769 secs.

Elapsed computation time: 2.144 secs.
[1] "--------------------------------------------------------------------------------"
[1] "analyze.results.glm.step="
Logistic Regression Results for: RaceHorse.IsHitA ~ Gen02.TimeSdvAvg
Data: data
Dependent variable(s): RaceHorse.IsHitA
Total independent variables: 2 
Number of valid observations: 10687
Number of missing observations: 0 
 
Coefficients:
                 RaceHorse.IsHitA
(Intercept)                  -2.9
Gen02.TimeSdvAvg              0.8
[1] "analyze.results.glm.step.summary"
Call:
rxLogit(formula = formula, data = data, variableSelection = analyze.results.glm.step.varsel)

Logistic Regression Results for: RaceHorse.IsHitA ~ Gen02.TimeSdvAvg
Data: data
Dependent variable(s): RaceHorse.IsHitA
Total independent variables: 2 
Number of valid observations: 10687
Number of missing observations: 0 
-2*LogLikelihood: 5092.971 (Residual deviance on 10685 degrees of freedom)
 
Coefficients:
                 Estimate Std. Error z value Pr(>|z|)    
(Intercept)       -2.8705     0.0478   -60.0  2.2e-16 ***
Gen02.TimeSdvAvg   0.8153     0.0665    12.3  2.2e-16 ***
---
Signif. codes:  0 '***' 0.001 '**' 0.01 '*' 0.05 '.' 0.1 ' ' 1

Condition number of final variance-covariance matrix: 1 
Number of iterations: 5
[1] "--------------------------------------------------------------------------------"
[1] "2022-02-25 20:33:13 --- rxGlm with rxStepControl Finish ---"
[1] "2022-02-25 20:33:13 --- rxStepPlot Start ---"
[1] "pdfFilename=pdf_analyze_glm_Gen02_Type23_rxStepPlot.pdf"
[1] "rxStepPlot="
[1] "2022-02-25 20:33:14 --- rxStepPlot Finish ---"
[1] "2022-02-25 20:33:14 --- save.image Start ---"
[1] "save.image"
[1] "rdataFilename=RData_analyze_glm_Gen02_Type23.RData"
[1] "2022-02-25 20:33:14 --- save.image Finish ---"
[1] "2022-02-25 20:33:14 --- final Start ---"
[1] "--------------------------------------------------------------------------------"
[1] "nrow(data) final=10687"
[1] "--------------------------------------------------------------------------------"
[1] "2022-02-25 20:33:14 --- final Finish ---"
[1] "2022-02-25 20:33:14 --- analyze_glm.R Finished ---"
[1] "2022-02-25 20:33:14 --- log Finish ---"
