[1] "2022-02-25 20:24:22 --- D1115_analyze_glm_Gen02_IsHitA_Type12 Start ---"
[1] "2022-02-25 20:24:22 --- Log Start ---"
[1] "2022-02-25 20:24:22 --- analyze_glm.R Start ---"
[1] "analyzeVersion=D1115"
[1] "analyzeCategory=analyze"
[1] "analyzeType=Gen02"
[1] "analyzeFamily=IsHitA"
[1] "analyzeFunc=glm"
[1] "analyzeTrackTypeCd=1"
[1] "analyzeJyokenCd=2"
[1] "2022-02-25 20:24:23 --- source_function.R Start ---"
[1] "2022-02-25 20:24:23 --- source_function.R Finished ---"

> print(paste0(Sys.time(), " --- source_library.R Start ---"))
[1] "2022-02-25 20:24:23 --- source_library.R Start ---"

> require("RevoScaleR")

> print(paste0(Sys.time(), " --- source_library.R Finished ---"))
[1] "2022-02-25 20:24:27 --- source_library.R Finished ---"
[1] "2022-02-25 20:24:30 --- RxSqlServerData Start ---"
[1] "2022-02-25 20:24:38 --- RxInSqlServer Start ---"
[1] "2022-02-25 20:24:44 --- RxInSqlServer Finish ---"
[1] "2022-02-25 20:24:57 --- rxSetComputeContext Start ---"
[1] "2022-02-25 20:25:08 --- rxSetComputeContext Finish ---"
[1] "2022-02-25 20:25:08 --- RxSqlServerData Start ---"
[1] "sqlQuery=SELECT * FROM ViewAnalyzeD1115analyze01Gen02Type12"
[1] "2022-02-25 20:25:09 --- RxSqlServerData Finish ---"
[1] "2022-02-25 20:25:18 --- rxGetVarInfo Start ---"
[1] "2022-02-25 20:25:29 --- rxGetVarInfo Finish---"
[1] "2022-02-25 20:25:30 --- rxImport Start ---"
Rows Read: 5452, Total Rows Processed: 5452, Total Chunk Time: 105.323 seconds 
[1] "2022-02-25 20:29:35 --- rxImport Finish ---"
[1] "object.size(data) auto=1.7 Mb"
[1] "--------------------------------------------------------------------------------"
[1] "nrow(data) RxSqlServerData=5452"
[1] "--------------------------------------------------------------------------------"
[1] "str(data)="
'data.frame':	5452 obs. of  44 variables:
 $ Race.RaceId                      : Factor w/ 529 levels "20160109-08-01-02-10",..: 1 2 3 4 6 6 6 7 8 9 ...
 $ Race.IsPredictedRace             : logi  TRUE TRUE TRUE TRUE TRUE TRUE ...
 $ Race.IsAnalyzeNormalPastAndFuture: logi  TRUE TRUE TRUE TRUE TRUE TRUE ...
 $ Race.IsAnalyzeNormalPast         : logi  TRUE TRUE TRUE TRUE TRUE TRUE ...
 $ Race.IsAnalyzeNormalFuture       : logi  FALSE FALSE FALSE FALSE FALSE FALSE ...
 $ Race.IsAnalyzeFullPastAndFuture  : logi  TRUE TRUE TRUE TRUE TRUE TRUE ...
 $ Race.IsAnalyzeFullPast           : logi  TRUE TRUE TRUE TRUE TRUE TRUE ...
 $ Race.IsAnalyzeFullFuture         : logi  FALSE FALSE FALSE FALSE FALSE FALSE ...
 $ Race.JyokenCd                    : Factor w/ 1 level "2": 1 1 1 1 1 1 1 1 1 1 ...
 $ Race.JyoType1Cd                  : Factor w/ 112 levels "1-08-2000-2-1",..: 1 2 3 4 2 2 2 6 7 8 ...
 $ Race.RaceType1Cd                 : Factor w/ 3 levels "1-2-E-2","1-2-E-1",..: 1 1 2 3 1 1 1 3 2 1 ...
 $ RaceHorse.RaceId                 : Factor w/ 529 levels "20160109-08-01-02-10",..: 1 2 3 4 6 6 6 7 8 9 ...
 $ RaceHorse.KettoNum               : Factor w/ 1140 levels "2010100659","2011104182",..: 1 2 3 4 6 7 2 8 3 6 ...
 $ RaceHorse.IsHit1                 : num  0 0 0 0 0 0 0 0 0 0 ...
 $ RaceHorse.IsHit2                 : num  0 0 0 0 0 0 1 0 1 0 ...
 $ RaceHorse.IsHit3                 : num  0 1 0 1 0 0 0 0 0 0 ...
 $ RaceHorse.IsHit4                 : num  0 0 0 0 0 0 0 0 0 0 ...
 $ RaceHorse.IsHit5                 : num  0 0 1 0 0 0 0 0 0 0 ...
 $ RaceHorse.IsHit6                 : num  1 0 0 0 1 1 0 1 0 1 ...
 $ RaceHorse.IsValidRaceHorse       : logi  TRUE TRUE TRUE TRUE TRUE TRUE ...
 $ RaceHorse.TimeSdv                : num  -0.288 0.758 0.105 1.341 -0.584 ...
 $ RaceHorse.IsHitA                 : num  0 0 0 0 0 0 0 0 0 0 ...
 $ RaceHorse.IsHitB                 : num  0 0 0 0 0 0 1 0 1 0 ...
 $ RaceHorse.IsHitC                 : num  0 1 0 1 0 0 1 0 1 0 ...
 $ Gen02.HansyokuNum                : Factor w/ 186 levels "11202004","11201964",..: 1 2 2 2 3 4 2 5 2 3 ...
 $ Gen02.TimeSdvByRaceAvg           : num  0.324 0.392 0.636 1.192 0.434 ...
 $ Gen02.TimeSdvByRaceMin           : num  -0.3931 -0.4957 0.0923 1.1921 -0.9216 ...
 $ Gen02.TimeSdvByRaceMax           : num  0.903 0.863 0.94 1.192 1.063 ...
 $ Gen02.TimeSdvAvg                 : num  -0.693 0.417 0.663 0.963 0.465 ...
 $ Gen02.TimeSdvMin                 : num  -1.647 -0.617 0.194 0.963 -0.96 ...
 $ Gen02.TimeSdvMax                 : num  0.317 1.683 0.997 0.963 1.632 ...
 $ Gen02.OrderOfFinishSdvAvg        : num  0.059 0.175 0.503 1.221 0.296 ...
 $ Gen02.RunCount                   : num  5 7 3 1 9 1 8 1 4 10 ...
 $ Gen02.HitCount1                  : num  0 0 0 0 0 0 0 0 0 0 ...
 $ Gen02.HitCount2                  : num  0 0 0 1 2 0 0 0 0 2 ...
 $ Gen02.HitCount3                  : num  2 1 1 0 1 0 2 0 1 1 ...
 $ Gen02.HitCount4                  : num  0 1 1 0 1 0 1 0 1 1 ...
 $ Gen02.HitCount5                  : num  0 0 0 0 2 0 0 0 1 2 ...
 $ Gen02.HitRate1                   : num  0 0 0 0 0 0 0 0 0 0 ...
 $ Gen02.HitRate2                   : num  0 0 0 1 0.222 ...
 $ Gen02.HitRate3                   : num  0.4 0.143 0.333 0 0.111 ...
 $ Gen02.HitRate4                   : num  0 0.143 0.333 0 0.111 ...
 $ Gen02.HitRate5                   : num  0 0 0 0 0.222 ...
 $ EOF                              : int  1 1 1 1 1 1 1 1 1 1 ...
[1] "2022-02-25 20:32:51 --- RxSqlServerData Finish ---"
[1] "2022-02-25 20:32:52 --- subset Start ---"
[1] "--------------------------------------------------------------------------------"
[1] "nrow(data) subset before=5452"
[1] "nrow(data) subset after =5452"
[1] "nrow(data) subset diff =0"
[1] "--------------------------------------------------------------------------------"
[1] "2022-02-25 20:32:52 --- subset Finish---"
[1] "2022-02-25 20:32:52 --- transform Start ---"
[1] "--------------------------------------------------------------------------------"
[1] "nrow(data) transform before=5452"
[1] "nrow(data) transform after=5452"
[1] "nrow(data) transform diff=0"
[1] "--------------------------------------------------------------------------------"
[1] "str(data)="
'data.frame':	5452 obs. of  44 variables:
 $ Race.RaceId                      : Factor w/ 529 levels "20160109-08-01-02-10",..: 1 2 3 4 6 6 6 7 8 9 ...
 $ Race.IsPredictedRace             : logi  TRUE TRUE TRUE TRUE TRUE TRUE ...
 $ Race.IsAnalyzeNormalPastAndFuture: logi  TRUE TRUE TRUE TRUE TRUE TRUE ...
 $ Race.IsAnalyzeNormalPast         : logi  TRUE TRUE TRUE TRUE TRUE TRUE ...
 $ Race.IsAnalyzeNormalFuture       : logi  FALSE FALSE FALSE FALSE FALSE FALSE ...
 $ Race.IsAnalyzeFullPastAndFuture  : logi  TRUE TRUE TRUE TRUE TRUE TRUE ...
 $ Race.IsAnalyzeFullPast           : logi  TRUE TRUE TRUE TRUE TRUE TRUE ...
 $ Race.IsAnalyzeFullFuture         : logi  FALSE FALSE FALSE FALSE FALSE FALSE ...
 $ Race.JyokenCd                    : Factor w/ 1 level "2": 1 1 1 1 1 1 1 1 1 1 ...
 $ Race.JyoType1Cd                  : Factor w/ 112 levels "1-08-2000-2-1",..: 1 2 3 4 2 2 2 6 7 8 ...
 $ Race.RaceType1Cd                 : Factor w/ 3 levels "1-2-E-2","1-2-E-1",..: 1 1 2 3 1 1 1 3 2 1 ...
 $ RaceHorse.RaceId                 : Factor w/ 529 levels "20160109-08-01-02-10",..: 1 2 3 4 6 6 6 7 8 9 ...
 $ RaceHorse.KettoNum               : Factor w/ 1140 levels "2010100659","2011104182",..: 1 2 3 4 6 7 2 8 3 6 ...
 $ RaceHorse.IsHit1                 : num  0 0 0 0 0 0 0 0 0 0 ...
 $ RaceHorse.IsHit2                 : num  0 0 0 0 0 0 1 0 1 0 ...
 $ RaceHorse.IsHit3                 : num  0 1 0 1 0 0 0 0 0 0 ...
 $ RaceHorse.IsHit4                 : num  0 0 0 0 0 0 0 0 0 0 ...
 $ RaceHorse.IsHit5                 : num  0 0 1 0 0 0 0 0 0 0 ...
 $ RaceHorse.IsHit6                 : num  1 0 0 0 1 1 0 1 0 1 ...
 $ RaceHorse.IsValidRaceHorse       : logi  TRUE TRUE TRUE TRUE TRUE TRUE ...
 $ RaceHorse.TimeSdv                : num  -0.288 0.758 0.105 1.341 -0.584 ...
 $ RaceHorse.IsHitA                 : num  0 0 0 0 0 0 0 0 0 0 ...
 $ RaceHorse.IsHitB                 : num  0 0 0 0 0 0 1 0 1 0 ...
 $ RaceHorse.IsHitC                 : num  0 1 0 1 0 0 1 0 1 0 ...
 $ Gen02.HansyokuNum                : Factor w/ 186 levels "11202004","11201964",..: 1 2 2 2 3 4 2 5 2 3 ...
 $ Gen02.TimeSdvByRaceAvg           : num  0.324 0.392 0.636 1.192 0.434 ...
 $ Gen02.TimeSdvByRaceMin           : num  -0.3931 -0.4957 0.0923 1.1921 -0.9216 ...
 $ Gen02.TimeSdvByRaceMax           : num  0.903 0.863 0.94 1.192 1.063 ...
 $ Gen02.TimeSdvAvg                 : num  -0.693 0.417 0.663 0.963 0.465 ...
 $ Gen02.TimeSdvMin                 : num  -1.647 -0.617 0.194 0.963 -0.96 ...
 $ Gen02.TimeSdvMax                 : num  0.317 1.683 0.997 0.963 1.632 ...
 $ Gen02.OrderOfFinishSdvAvg        : num  0.059 0.175 0.503 1.221 0.296 ...
 $ Gen02.RunCount                   : num  5 7 3 1 9 1 8 1 4 10 ...
 $ Gen02.HitCount1                  : num  0 0 0 0 0 0 0 0 0 0 ...
 $ Gen02.HitCount2                  : num  0 0 0 1 2 0 0 0 0 2 ...
 $ Gen02.HitCount3                  : num  2 1 1 0 1 0 2 0 1 1 ...
 $ Gen02.HitCount4                  : num  0 1 1 0 1 0 1 0 1 1 ...
 $ Gen02.HitCount5                  : num  0 0 0 0 2 0 0 0 1 2 ...
 $ Gen02.HitRate1                   : num  0 0 0 0 0 0 0 0 0 0 ...
 $ Gen02.HitRate2                   : num  0 0 0 1 0.222 ...
 $ Gen02.HitRate3                   : num  0.4 0.143 0.333 0 0.111 ...
 $ Gen02.HitRate4                   : num  0 0.143 0.333 0 0.111 ...
 $ Gen02.HitRate5                   : num  0 0 0 0 0.222 ...
 $ EOF                              : int  1 1 1 1 1 1 1 1 1 1 ...
NULL
[1] "2022-02-25 20:32:58 --- transform Finish ---"
[1] "2022-02-25 20:32:58 --- na.omit Start ---"
[1] "--------------------------------------------------------------------------------"
[1] "nrow(data) na.omit before=5452"
[1] "nrow(data) na.omit after =5413"
[1] "nrow(data) na.omit diff =39"
[1] "--------------------------------------------------------------------------------"
'data.frame':	5413 obs. of  44 variables:
 $ Race.RaceId                      : Factor w/ 529 levels "20160109-08-01-02-10",..: 1 2 3 4 6 6 6 7 8 9 ...
 $ Race.IsPredictedRace             : logi  TRUE TRUE TRUE TRUE TRUE TRUE ...
 $ Race.IsAnalyzeNormalPastAndFuture: logi  TRUE TRUE TRUE TRUE TRUE TRUE ...
 $ Race.IsAnalyzeNormalPast         : logi  TRUE TRUE TRUE TRUE TRUE TRUE ...
 $ Race.IsAnalyzeNormalFuture       : logi  FALSE FALSE FALSE FALSE FALSE FALSE ...
 $ Race.IsAnalyzeFullPastAndFuture  : logi  TRUE TRUE TRUE TRUE TRUE TRUE ...
 $ Race.IsAnalyzeFullPast           : logi  TRUE TRUE TRUE TRUE TRUE TRUE ...
 $ Race.IsAnalyzeFullFuture         : logi  FALSE FALSE FALSE FALSE FALSE FALSE ...
 $ Race.JyokenCd                    : Factor w/ 1 level "2": 1 1 1 1 1 1 1 1 1 1 ...
 $ Race.JyoType1Cd                  : Factor w/ 112 levels "1-08-2000-2-1",..: 1 2 3 4 2 2 2 6 7 8 ...
 $ Race.RaceType1Cd                 : Factor w/ 3 levels "1-2-E-2","1-2-E-1",..: 1 1 2 3 1 1 1 3 2 1 ...
 $ RaceHorse.RaceId                 : Factor w/ 529 levels "20160109-08-01-02-10",..: 1 2 3 4 6 6 6 7 8 9 ...
 $ RaceHorse.KettoNum               : Factor w/ 1140 levels "2010100659","2011104182",..: 1 2 3 4 6 7 2 8 3 6 ...
 $ RaceHorse.IsHit1                 : num  0 0 0 0 0 0 0 0 0 0 ...
 $ RaceHorse.IsHit2                 : num  0 0 0 0 0 0 1 0 1 0 ...
 $ RaceHorse.IsHit3                 : num  0 1 0 1 0 0 0 0 0 0 ...
 $ RaceHorse.IsHit4                 : num  0 0 0 0 0 0 0 0 0 0 ...
 $ RaceHorse.IsHit5                 : num  0 0 1 0 0 0 0 0 0 0 ...
 $ RaceHorse.IsHit6                 : num  1 0 0 0 1 1 0 1 0 1 ...
 $ RaceHorse.IsValidRaceHorse       : logi  TRUE TRUE TRUE TRUE TRUE TRUE ...
 $ RaceHorse.TimeSdv                : num  -0.288 0.758 0.105 1.341 -0.584 ...
 $ RaceHorse.IsHitA                 : num  0 0 0 0 0 0 0 0 0 0 ...
 $ RaceHorse.IsHitB                 : num  0 0 0 0 0 0 1 0 1 0 ...
 $ RaceHorse.IsHitC                 : num  0 1 0 1 0 0 1 0 1 0 ...
 $ Gen02.HansyokuNum                : Factor w/ 186 levels "11202004","11201964",..: 1 2 2 2 3 4 2 5 2 3 ...
 $ Gen02.TimeSdvByRaceAvg           : num  0.324 0.392 0.636 1.192 0.434 ...
 $ Gen02.TimeSdvByRaceMin           : num  -0.3931 -0.4957 0.0923 1.1921 -0.9216 ...
 $ Gen02.TimeSdvByRaceMax           : num  0.903 0.863 0.94 1.192 1.063 ...
 $ Gen02.TimeSdvAvg                 : num  -0.693 0.417 0.663 0.963 0.465 ...
 $ Gen02.TimeSdvMin                 : num  -1.647 -0.617 0.194 0.963 -0.96 ...
 $ Gen02.TimeSdvMax                 : num  0.317 1.683 0.997 0.963 1.632 ...
 $ Gen02.OrderOfFinishSdvAvg        : num  0.059 0.175 0.503 1.221 0.296 ...
 $ Gen02.RunCount                   : num  5 7 3 1 9 1 8 1 4 10 ...
 $ Gen02.HitCount1                  : num  0 0 0 0 0 0 0 0 0 0 ...
 $ Gen02.HitCount2                  : num  0 0 0 1 2 0 0 0 0 2 ...
 $ Gen02.HitCount3                  : num  2 1 1 0 1 0 2 0 1 1 ...
 $ Gen02.HitCount4                  : num  0 1 1 0 1 0 1 0 1 1 ...
 $ Gen02.HitCount5                  : num  0 0 0 0 2 0 0 0 1 2 ...
 $ Gen02.HitRate1                   : num  0 0 0 0 0 0 0 0 0 0 ...
 $ Gen02.HitRate2                   : num  0 0 0 1 0.222 ...
 $ Gen02.HitRate3                   : num  0.4 0.143 0.333 0 0.111 ...
 $ Gen02.HitRate4                   : num  0 0.143 0.333 0 0.111 ...
 $ Gen02.HitRate5                   : num  0 0 0 0 0.222 ...
 $ EOF                              : int  1 1 1 1 1 1 1 1 1 1 ...
 - attr(*, "na.action")= 'omit' Named int  390 436 693 763 849 913 981 1302 1501 1557 ...
  ..- attr(*, "names")= chr  "390" "436" "693" "763" ...
[1] "2022-02-25 20:33:04 --- na.omit Finish ---"
[1] "2022-02-25 20:33:04 --- rxGlm with rxStepControl Start ---"

> print(paste0(Sys.time(), " --- source_logic_glm.R Start ---"))
[1] "2022-02-25 20:33:04 --- source_logic_glm.R Start ---"

> formula <- formula(RaceHorse.IsHitA ~ +1 + Gen02.TimeSdvAvg)

> print(paste0(Sys.time(), " --- source_logic_glm.R Finished ---"))
[1] "2022-02-25 20:33:05 --- source_logic_glm.R Finished ---"
Rows Read: 5413, Total Rows Processed: 5413, Total Chunk Time: Less than .001 seconds 

Starting values (iteration 1) time: 0.008 secs.
Rows Read: 5413, Total Rows Processed: 5413, Total Chunk Time: Less than .001 seconds 

Iteration 2 time: 0.161 secs.
Rows Read: 5413, Total Rows Processed: 5413, Total Chunk Time: 0.002 seconds 

Iteration 3 time: 0.090 secs.
Rows Read: 5413, Total Rows Processed: 5413, Total Chunk Time: 0.002 seconds 

Iteration 4 time: 0.075 secs.
Rows Read: 5413, Total Rows Processed: 5413, Total Chunk Time: 0.002 seconds 

Iteration 5 time: 0.089 secs.

Elapsed computation time: 0.899 secs.
Rows Read: 5413, Total Rows Processed: 5413, Total Chunk Time: Less than .001 seconds 

Starting values (iteration 1) time: 0.091 secs.
Rows Read: 5413, Total Rows Processed: 5413, Total Chunk Time: Less than .001 seconds 

Iteration 2 time: 0.091 secs.

Elapsed computation time: 0.381 secs.
Rows Read: 5413, Total Rows Processed: 5413, Total Chunk Time: Less than .001 seconds 

Starting values (iteration 1) time: 0.146 secs.
Rows Read: 5413, Total Rows Processed: 5413, Total Chunk Time: 0.002 seconds 

Iteration 2 time: 0.085 secs.
Rows Read: 5413, Total Rows Processed: 5413, Total Chunk Time: 0.001 seconds 

Iteration 3 time: 0.177 secs.
Rows Read: 5413, Total Rows Processed: 5413, Total Chunk Time: 0.001 seconds 

Iteration 4 time: 0.085 secs.
Rows Read: 5413, Total Rows Processed: 5413, Total Chunk Time: Less than .001 seconds 

Iteration 5 time: 0.157 secs.

Elapsed computation time: 1.149 secs.

Elapsed computation time: 2.696 secs.
[1] "--------------------------------------------------------------------------------"
[1] "analyze.results.glm.step="
Logistic Regression Results for: RaceHorse.IsHitA ~ Gen02.TimeSdvAvg
Data: data
Dependent variable(s): RaceHorse.IsHitA
Total independent variables: 2 
Number of valid observations: 5413
Number of missing observations: 0 
 
Coefficients:
                 RaceHorse.IsHitA
(Intercept)                  -2.7
Gen02.TimeSdvAvg              0.7
[1] "analyze.results.glm.step.summary"
Call:
rxLogit(formula = formula, data = data, variableSelection = analyze.results.glm.step.varsel)

Logistic Regression Results for: RaceHorse.IsHitA ~ Gen02.TimeSdvAvg
Data: data
Dependent variable(s): RaceHorse.IsHitA
Total independent variables: 2 
Number of valid observations: 5413
Number of missing observations: 0 
-2*LogLikelihood: 2735.374 (Residual deviance on 5411 degrees of freedom)
 
Coefficients:
                 Estimate Std. Error z value Pr(>|z|)    
(Intercept)       -2.7195     0.0607  -44.80  2.2e-16 ***
Gen02.TimeSdvAvg   0.7419     0.0914    8.12  2.2e-16 ***
---
Signif. codes:  0 '***' 0.001 '**' 0.01 '*' 0.05 '.' 0.1 ' ' 1

Condition number of final variance-covariance matrix: 1 
Number of iterations: 5
[1] "--------------------------------------------------------------------------------"
[1] "2022-02-25 20:33:10 --- rxGlm with rxStepControl Finish ---"
[1] "2022-02-25 20:33:10 --- rxStepPlot Start ---"
[1] "pdfFilename=pdf_analyze_glm_Gen02_Type12_rxStepPlot.pdf"
[1] "rxStepPlot="
[1] "2022-02-25 20:33:11 --- rxStepPlot Finish ---"
[1] "2022-02-25 20:33:11 --- save.image Start ---"
[1] "save.image"
[1] "rdataFilename=RData_analyze_glm_Gen02_Type12.RData"
[1] "2022-02-25 20:33:11 --- save.image Finish ---"
[1] "2022-02-25 20:33:11 --- final Start ---"
[1] "--------------------------------------------------------------------------------"
[1] "nrow(data) final=5413"
[1] "--------------------------------------------------------------------------------"
[1] "2022-02-25 20:33:11 --- final Finish ---"
[1] "2022-02-25 20:33:11 --- analyze_glm.R Finished ---"
[1] "2022-02-25 20:33:12 --- log Finish ---"
