[1] "2022-03-08 18:25:23 --- D1115_analyze_glm_Gen01_IsHitA_Type24 Start ---"
[1] "2022-03-08 18:25:23 --- Log Start ---"
[1] "2022-03-08 18:25:23 --- analyze_glm.R Start ---"
[1] "analyzeVersion=D1115"
[1] "analyzeCategory=analyze"
[1] "analyzeType=Gen01"
[1] "analyzeFamily=IsHitA"
[1] "analyzeFunc=glm"
[1] "analyzeTrackTypeCd=2"
[1] "analyzeJyokenCd=4"
[1] "2022-03-08 18:25:23 --- source_function.R Start ---"
[1] "2022-03-08 18:25:23 --- source_function.R Finished ---"

> print(paste0(Sys.time(), " --- source_library.R Start ---"))
[1] "2022-03-08 18:25:23 --- source_library.R Start ---"

> require("RevoScaleR")

> print(paste0(Sys.time(), " --- source_library.R Finished ---"))
[1] "2022-03-08 18:25:29 --- source_library.R Finished ---"
[1] "2022-03-08 18:25:29 --- RxSqlServerData Start ---"
[1] "2022-03-08 18:25:29 --- RxInSqlServer Start ---"
[1] "2022-03-08 18:25:29 --- RxInSqlServer Finish ---"
[1] "2022-03-08 18:25:29 --- rxSetComputeContext Start ---"
[1] "2022-03-08 18:25:29 --- rxSetComputeContext Finish ---"
[1] "2022-03-08 18:25:29 --- RxSqlServerData Start ---"
[1] "sqlQuery=SELECT * FROM ViewAnalyzeD1115analyze01Gen01Type24"
[1] "2022-03-08 18:25:29 --- RxSqlServerData Finish ---"
[1] "2022-03-08 18:25:29 --- rxGetVarInfo Start ---"
[1] "2022-03-08 18:25:32 --- rxGetVarInfo Finish---"
[1] "2022-03-08 18:25:32 --- rxImport Start ---"
Rows Read: 39099, Total Rows Processed: 39099, Total Chunk Time: 682.860 seconds 
[1] "2022-03-08 18:46:46 --- rxImport Finish ---"
[1] "object.size(data) auto=13.1 Mb"
[1] "--------------------------------------------------------------------------------"
[1] "nrow(data) RxSqlServerData=39099"
[1] "--------------------------------------------------------------------------------"
[1] "str(data)="
'data.frame':	39099 obs. of  48 variables:
 $ Race.RaceId                      : Factor w/ 2833 levels "20160105-08-01-01-07",..: 10 1 11 12 12 13 14 15 16 2 ...
 $ Race.IsAnalyzeNormalPastAndFuture: logi  TRUE TRUE TRUE TRUE TRUE TRUE ...
 $ Race.IsAnalyzeNormalPast         : logi  TRUE TRUE TRUE TRUE TRUE TRUE ...
 $ Race.IsAnalyzeNormalFuture       : logi  FALSE FALSE FALSE FALSE FALSE FALSE ...
 $ Race.IsAnalyzeFullPastAndFuture  : logi  TRUE TRUE TRUE TRUE TRUE TRUE ...
 $ Race.IsAnalyzeFullPast           : logi  TRUE TRUE TRUE TRUE TRUE TRUE ...
 $ Race.IsAnalyzeFullFuture         : logi  FALSE FALSE FALSE FALSE FALSE FALSE ...
 $ Race.JyokenCd                    : Factor w/ 1 level "4": 1 1 1 1 1 1 1 1 1 1 ...
 $ Race.JyoType1Cd                  : Factor w/ 131 levels "24-08-1200-1",..: 4 1 8 9 9 10 9 11 8 1 ...
 $ Race.RaceType1Cd                 : Factor w/ 4 levels "2-4-14","2-4-12",..: 1 1 1 1 1 1 1 1 1 1 ...
 $ RaceHorse.RaceId                 : Factor w/ 2833 levels "20160105-08-01-01-07",..: 10 1 11 12 12 13 14 15 16 2 ...
 $ RaceHorse.KettoNum               : Factor w/ 7860 levels "2010110128","2012110080",..: 7 8 9 10 11 12 13 14 15 16 ...
 $ RaceHorse.IsHit1                 : num  0 0 0 1 0 0 0 0 0 0 ...
 $ RaceHorse.IsHit2                 : num  0 0 0 0 0 0 0 0 0 0 ...
 $ RaceHorse.IsHit3                 : num  0 0 0 0 0 0 0 0 0 0 ...
 $ RaceHorse.IsHit4                 : num  0 0 0 0 0 0 0 0 0 0 ...
 $ RaceHorse.IsHit5                 : num  0 1 0 0 0 0 0 0 1 0 ...
 $ RaceHorse.IsHit6                 : num  1 0 1 0 1 1 1 1 0 1 ...
 $ RaceHorse.IsValidRaceHorse       : logi  FALSE TRUE TRUE TRUE TRUE TRUE ...
 $ RaceHorse.FinishTimeSdvByRace    : num  -2.798 0.925 -1.587 1.443 0.55 ...
 $ RaceHorse.FirstTimeSdvByRace     : num  -0.0838 0.4431 -0.6921 0.3663 -1.3082 ...
 $ RaceHorse.LastTimeSdvByRace      : num  -2.1 0.621 -1.179 1.239 0.799 ...
 $ RaceHorse.FinishTimeSdv          : num  -0.153 0.776 -0.357 0.921 0.453 ...
 $ RaceHorse.FirstTimeSdv           : num  0.4633 0.0569 0.3602 1.0014 0.6405 ...
 $ RaceHorse.LastTimeSdv            : num  -0.552 0.995 -0.698 0.453 0.099 ...
 $ RaceHorse.IsHitA                 : num  0 0 0 1 0 0 0 0 0 0 ...
 $ RaceHorse.IsHitB                 : num  0 0 0 1 0 0 0 0 0 0 ...
 $ RaceHorse.IsHitC                 : num  0 0 0 1 0 0 0 0 0 0 ...
 $ Gen01.HansyokuNum                : Factor w/ 429 levels "11406424","11406594",..: 7 8 9 10 11 12 13 14 15 16 ...
 $ Gen01.FinishTimeSdvByRaceAvg     : num  0.871 0.121 0.591 0.355 0.387 ...
 $ Gen01.FirstTimeSdvByRaceAvg      : num  1.508 0.258 0.1 0.73 0.247 ...
 $ Gen01.LastTimeSdvByRaceAvg       : num  -0.123 -0.013 0.605 -0.017 0.291 ...
 $ Gen01.FinishTimeSdvAvg           : num  0.743 0.376 0.323 0.314 0.453 ...
 $ Gen01.FirstTimeSdvAvg            : num  0.727 0.3256 0.0898 0.2225 -0.0609 ...
 $ Gen01.LastTimeSdvAvg             : num  0.447 0.243 0.375 0.252 0.686 ...
 $ Gen01.RealOddsLog1Avg            : num  1.5 2.93 2.82 2.95 2.91 ...
 $ Gen01.RunCount                   : num  2 20 11 8 7 6 11 11 4 8 ...
 $ Gen01.HitCount1                  : num  0 2 2 1 0 0 2 0 0 2 ...
 $ Gen01.HitCount2                  : num  1 1 0 0 2 0 2 2 0 1 ...
 $ Gen01.HitCount3                  : num  0 0 2 1 0 1 0 0 0 2 ...
 $ Gen01.HitCount4                  : num  0 4 1 2 1 0 1 0 0 0 ...
 $ Gen01.HitCount5                  : num  0 0 0 0 1 1 1 3 0 1 ...
 $ Gen01.HitRate1                   : num  0 0.1 0.182 0.125 0 ...
 $ Gen01.HitRate2                   : num  0.5 0.05 0 0 0.286 ...
 $ Gen01.HitRate3                   : num  0 0 0.182 0.125 0 ...
 $ Gen01.HitRate4                   : num  0 0.2 0.0909 0.25 0.1429 ...
 $ Gen01.HitRate5                   : num  0 0 0 0 0.143 ...
 $ EOF                              : int  1 1 1 1 1 1 1 1 1 1 ...
[1] "2022-03-08 18:46:47 --- RxSqlServerData Finish ---"
[1] "2022-03-08 18:46:47 --- subset Start ---"
[1] "--------------------------------------------------------------------------------"
[1] "nrow(data) subset before=39099"
[1] "nrow(data) subset after =39099"
[1] "nrow(data) subset diff =0"
[1] "--------------------------------------------------------------------------------"
[1] "2022-03-08 18:46:47 --- subset Finish---"
[1] "2022-03-08 18:46:47 --- transform Start ---"
[1] "--------------------------------------------------------------------------------"
[1] "nrow(data) transform before=39099"
[1] "nrow(data) transform after=39099"
[1] "nrow(data) transform diff=0"
[1] "--------------------------------------------------------------------------------"
[1] "str(data)="
'data.frame':	39099 obs. of  48 variables:
 $ Race.RaceId                      : Factor w/ 2833 levels "20160105-08-01-01-07",..: 10 1 11 12 12 13 14 15 16 2 ...
 $ Race.IsAnalyzeNormalPastAndFuture: logi  TRUE TRUE TRUE TRUE TRUE TRUE ...
 $ Race.IsAnalyzeNormalPast         : logi  TRUE TRUE TRUE TRUE TRUE TRUE ...
 $ Race.IsAnalyzeNormalFuture       : logi  FALSE FALSE FALSE FALSE FALSE FALSE ...
 $ Race.IsAnalyzeFullPastAndFuture  : logi  TRUE TRUE TRUE TRUE TRUE TRUE ...
 $ Race.IsAnalyzeFullPast           : logi  TRUE TRUE TRUE TRUE TRUE TRUE ...
 $ Race.IsAnalyzeFullFuture         : logi  FALSE FALSE FALSE FALSE FALSE FALSE ...
 $ Race.JyokenCd                    : Factor w/ 1 level "4": 1 1 1 1 1 1 1 1 1 1 ...
 $ Race.JyoType1Cd                  : Factor w/ 131 levels "24-08-1200-1",..: 4 1 8 9 9 10 9 11 8 1 ...
 $ Race.RaceType1Cd                 : Factor w/ 4 levels "2-4-14","2-4-12",..: 1 1 1 1 1 1 1 1 1 1 ...
 $ RaceHorse.RaceId                 : Factor w/ 2833 levels "20160105-08-01-01-07",..: 10 1 11 12 12 13 14 15 16 2 ...
 $ RaceHorse.KettoNum               : Factor w/ 7860 levels "2010110128","2012110080",..: 7 8 9 10 11 12 13 14 15 16 ...
 $ RaceHorse.IsHit1                 : num  0 0 0 1 0 0 0 0 0 0 ...
 $ RaceHorse.IsHit2                 : num  0 0 0 0 0 0 0 0 0 0 ...
 $ RaceHorse.IsHit3                 : num  0 0 0 0 0 0 0 0 0 0 ...
 $ RaceHorse.IsHit4                 : num  0 0 0 0 0 0 0 0 0 0 ...
 $ RaceHorse.IsHit5                 : num  0 1 0 0 0 0 0 0 1 0 ...
 $ RaceHorse.IsHit6                 : num  1 0 1 0 1 1 1 1 0 1 ...
 $ RaceHorse.IsValidRaceHorse       : logi  FALSE TRUE TRUE TRUE TRUE TRUE ...
 $ RaceHorse.FinishTimeSdvByRace    : num  -2.798 0.925 -1.587 1.443 0.55 ...
 $ RaceHorse.FirstTimeSdvByRace     : num  -0.0838 0.4431 -0.6921 0.3663 -1.3082 ...
 $ RaceHorse.LastTimeSdvByRace      : num  -2.1 0.621 -1.179 1.239 0.799 ...
 $ RaceHorse.FinishTimeSdv          : num  -0.153 0.776 -0.357 0.921 0.453 ...
 $ RaceHorse.FirstTimeSdv           : num  0.4633 0.0569 0.3602 1.0014 0.6405 ...
 $ RaceHorse.LastTimeSdv            : num  -0.552 0.995 -0.698 0.453 0.099 ...
 $ RaceHorse.IsHitA                 : num  0 0 0 1 0 0 0 0 0 0 ...
 $ RaceHorse.IsHitB                 : num  0 0 0 1 0 0 0 0 0 0 ...
 $ RaceHorse.IsHitC                 : num  0 0 0 1 0 0 0 0 0 0 ...
 $ Gen01.HansyokuNum                : Factor w/ 429 levels "11406424","11406594",..: 7 8 9 10 11 12 13 14 15 16 ...
 $ Gen01.FinishTimeSdvByRaceAvg     : num  0.871 0.121 0.591 0.355 0.387 ...
 $ Gen01.FirstTimeSdvByRaceAvg      : num  1.508 0.258 0.1 0.73 0.247 ...
 $ Gen01.LastTimeSdvByRaceAvg       : num  -0.123 -0.013 0.605 -0.017 0.291 ...
 $ Gen01.FinishTimeSdvAvg           : num  0.743 0.376 0.323 0.314 0.453 ...
 $ Gen01.FirstTimeSdvAvg            : num  0.727 0.3256 0.0898 0.2225 -0.0609 ...
 $ Gen01.LastTimeSdvAvg             : num  0.447 0.243 0.375 0.252 0.686 ...
 $ Gen01.RealOddsLog1Avg            : num  1.5 2.93 2.82 2.95 2.91 ...
 $ Gen01.RunCount                   : num  2 20 11 8 7 6 11 11 4 8 ...
 $ Gen01.HitCount1                  : num  0 2 2 1 0 0 2 0 0 2 ...
 $ Gen01.HitCount2                  : num  1 1 0 0 2 0 2 2 0 1 ...
 $ Gen01.HitCount3                  : num  0 0 2 1 0 1 0 0 0 2 ...
 $ Gen01.HitCount4                  : num  0 4 1 2 1 0 1 0 0 0 ...
 $ Gen01.HitCount5                  : num  0 0 0 0 1 1 1 3 0 1 ...
 $ Gen01.HitRate1                   : num  0 0.1 0.182 0.125 0 ...
 $ Gen01.HitRate2                   : num  0.5 0.05 0 0 0.286 ...
 $ Gen01.HitRate3                   : num  0 0 0.182 0.125 0 ...
 $ Gen01.HitRate4                   : num  0 0.2 0.0909 0.25 0.1429 ...
 $ Gen01.HitRate5                   : num  0 0 0 0 0.143 ...
 $ EOF                              : int  1 1 1 1 1 1 1 1 1 1 ...
NULL
[1] "2022-03-08 18:46:47 --- transform Finish ---"
[1] "2022-03-08 18:46:47 --- na.omit Start ---"
[1] "--------------------------------------------------------------------------------"
[1] "nrow(data) na.omit before=39099"
[1] "nrow(data) na.omit after =38837"
[1] "nrow(data) na.omit diff =262"
[1] "--------------------------------------------------------------------------------"
'data.frame':	38837 obs. of  48 variables:
 $ Race.RaceId                      : Factor w/ 2833 levels "20160105-08-01-01-07",..: 10 1 11 12 12 13 14 15 16 2 ...
 $ Race.IsAnalyzeNormalPastAndFuture: logi  TRUE TRUE TRUE TRUE TRUE TRUE ...
 $ Race.IsAnalyzeNormalPast         : logi  TRUE TRUE TRUE TRUE TRUE TRUE ...
 $ Race.IsAnalyzeNormalFuture       : logi  FALSE FALSE FALSE FALSE FALSE FALSE ...
 $ Race.IsAnalyzeFullPastAndFuture  : logi  TRUE TRUE TRUE TRUE TRUE TRUE ...
 $ Race.IsAnalyzeFullPast           : logi  TRUE TRUE TRUE TRUE TRUE TRUE ...
 $ Race.IsAnalyzeFullFuture         : logi  FALSE FALSE FALSE FALSE FALSE FALSE ...
 $ Race.JyokenCd                    : Factor w/ 1 level "4": 1 1 1 1 1 1 1 1 1 1 ...
 $ Race.JyoType1Cd                  : Factor w/ 131 levels "24-08-1200-1",..: 4 1 8 9 9 10 9 11 8 1 ...
 $ Race.RaceType1Cd                 : Factor w/ 4 levels "2-4-14","2-4-12",..: 1 1 1 1 1 1 1 1 1 1 ...
 $ RaceHorse.RaceId                 : Factor w/ 2833 levels "20160105-08-01-01-07",..: 10 1 11 12 12 13 14 15 16 2 ...
 $ RaceHorse.KettoNum               : Factor w/ 7860 levels "2010110128","2012110080",..: 7 8 9 10 11 12 13 14 15 16 ...
 $ RaceHorse.IsHit1                 : num  0 0 0 1 0 0 0 0 0 0 ...
 $ RaceHorse.IsHit2                 : num  0 0 0 0 0 0 0 0 0 0 ...
 $ RaceHorse.IsHit3                 : num  0 0 0 0 0 0 0 0 0 0 ...
 $ RaceHorse.IsHit4                 : num  0 0 0 0 0 0 0 0 0 0 ...
 $ RaceHorse.IsHit5                 : num  0 1 0 0 0 0 0 0 1 0 ...
 $ RaceHorse.IsHit6                 : num  1 0 1 0 1 1 1 1 0 1 ...
 $ RaceHorse.IsValidRaceHorse       : logi  FALSE TRUE TRUE TRUE TRUE TRUE ...
 $ RaceHorse.FinishTimeSdvByRace    : num  -2.798 0.925 -1.587 1.443 0.55 ...
 $ RaceHorse.FirstTimeSdvByRace     : num  -0.0838 0.4431 -0.6921 0.3663 -1.3082 ...
 $ RaceHorse.LastTimeSdvByRace      : num  -2.1 0.621 -1.179 1.239 0.799 ...
 $ RaceHorse.FinishTimeSdv          : num  -0.153 0.776 -0.357 0.921 0.453 ...
 $ RaceHorse.FirstTimeSdv           : num  0.4633 0.0569 0.3602 1.0014 0.6405 ...
 $ RaceHorse.LastTimeSdv            : num  -0.552 0.995 -0.698 0.453 0.099 ...
 $ RaceHorse.IsHitA                 : num  0 0 0 1 0 0 0 0 0 0 ...
 $ RaceHorse.IsHitB                 : num  0 0 0 1 0 0 0 0 0 0 ...
 $ RaceHorse.IsHitC                 : num  0 0 0 1 0 0 0 0 0 0 ...
 $ Gen01.HansyokuNum                : Factor w/ 429 levels "11406424","11406594",..: 7 8 9 10 11 12 13 14 15 16 ...
 $ Gen01.FinishTimeSdvByRaceAvg     : num  0.871 0.121 0.591 0.355 0.387 ...
 $ Gen01.FirstTimeSdvByRaceAvg      : num  1.508 0.258 0.1 0.73 0.247 ...
 $ Gen01.LastTimeSdvByRaceAvg       : num  -0.123 -0.013 0.605 -0.017 0.291 ...
 $ Gen01.FinishTimeSdvAvg           : num  0.743 0.376 0.323 0.314 0.453 ...
 $ Gen01.FirstTimeSdvAvg            : num  0.727 0.3256 0.0898 0.2225 -0.0609 ...
 $ Gen01.LastTimeSdvAvg             : num  0.447 0.243 0.375 0.252 0.686 ...
 $ Gen01.RealOddsLog1Avg            : num  1.5 2.93 2.82 2.95 2.91 ...
 $ Gen01.RunCount                   : num  2 20 11 8 7 6 11 11 4 8 ...
 $ Gen01.HitCount1                  : num  0 2 2 1 0 0 2 0 0 2 ...
 $ Gen01.HitCount2                  : num  1 1 0 0 2 0 2 2 0 1 ...
 $ Gen01.HitCount3                  : num  0 0 2 1 0 1 0 0 0 2 ...
 $ Gen01.HitCount4                  : num  0 4 1 2 1 0 1 0 0 0 ...
 $ Gen01.HitCount5                  : num  0 0 0 0 1 1 1 3 0 1 ...
 $ Gen01.HitRate1                   : num  0 0.1 0.182 0.125 0 ...
 $ Gen01.HitRate2                   : num  0.5 0.05 0 0 0.286 ...
 $ Gen01.HitRate3                   : num  0 0 0.182 0.125 0 ...
 $ Gen01.HitRate4                   : num  0 0.2 0.0909 0.25 0.1429 ...
 $ Gen01.HitRate5                   : num  0 0 0 0 0.143 ...
 $ EOF                              : int  1 1 1 1 1 1 1 1 1 1 ...
 - attr(*, "na.action")= 'omit' Named int  109 262 442 477 634 666 678 842 903 909 ...
  ..- attr(*, "names")= chr  "109" "262" "442" "477" ...
[1] "2022-03-08 18:46:47 --- na.omit Finish ---"
[1] "2022-03-08 18:46:47 --- rxLogit with rxStepControl Start ---"

> print(paste0(Sys.time(), " --- source_logic_glm.R Start ---"))
[1] "2022-03-08 18:46:47 --- source_logic_glm.R Start ---"

> formula <- formula(RaceHorse.IsHitA ~ +1 + Gen01.FinishTimeSdvByRaceAvg)

> print(paste0(Sys.time(), " --- source_logic_glm.R Finished ---"))
[1] "2022-03-08 18:46:47 --- source_logic_glm.R Finished ---"
Rows Read: 38837, Total Rows Processed: 38837, Total Chunk Time: 0.002 seconds 

Starting values (iteration 1) time: 0.014 secs.
Rows Read: 38837, Total Rows Processed: 38837, Total Chunk Time: 0.004 seconds 

Iteration 2 time: 0.009 secs.
Rows Read: 38837, Total Rows Processed: 38837, Total Chunk Time: 0.004 seconds 

Iteration 3 time: 0.007 secs.
Rows Read: 38837, Total Rows Processed: 38837, Total Chunk Time: 0.003 seconds 

Iteration 4 time: 0.007 secs.

Elapsed computation time: 0.049 secs.
Rows Read: 38837, Total Rows Processed: 38837, Total Chunk Time: Less than .001 seconds 

Starting values (iteration 1) time: 0.011 secs.
Rows Read: 38837, Total Rows Processed: 38837, Total Chunk Time: 0.003 seconds 

Iteration 2 time: 0.009 secs.

Elapsed computation time: 0.028 secs.
Rows Read: 38837, Total Rows Processed: 38837, Total Chunk Time: 0.002 seconds 

Starting values (iteration 1) time: 0.011 secs.
Rows Read: 38837, Total Rows Processed: 38837, Total Chunk Time: 0.003 seconds 

Iteration 2 time: 0.009 secs.
Rows Read: 38837, Total Rows Processed: 38837, Total Chunk Time: 0.003 seconds 

Iteration 3 time: 0.006 secs.
Rows Read: 38837, Total Rows Processed: 38837, Total Chunk Time: 0.004 seconds 

Iteration 4 time: 0.007 secs.

Elapsed computation time: 0.049 secs.

Elapsed computation time: 0.147 secs.
[1] "--------------------------------------------------------------------------------"
[1] "analyze.results.glm.step="
Logistic Regression Results for: RaceHorse.IsHitA ~
    Gen01.FinishTimeSdvByRaceAvg
Data: data
Dependent variable(s): RaceHorse.IsHitA
Total independent variables: 2 
Number of valid observations: 38837
Number of missing observations: 0 
 
Coefficients:
                             RaceHorse.IsHitA
(Intercept)                              -2.7
Gen01.FinishTimeSdvByRaceAvg              0.9
[1] "analyze.results.glm.step.summary"
Call:
rxLogit(formula = formula, data = data, variableSelection = analyze.results.glm.step.varsel)

Logistic Regression Results for: RaceHorse.IsHitA ~
    Gen01.FinishTimeSdvByRaceAvg
Data: data
Dependent variable(s): RaceHorse.IsHitA
Total independent variables: 2 
Number of valid observations: 38837
Number of missing observations: 0 
-2*LogLikelihood: 19967.096 (Residual deviance on 38835 degrees of freedom)
 
Coefficients:
                             Estimate Std. Error z value Pr(>|z|)    
(Intercept)                   -2.7065     0.0259 -104.36  2.2e-16 ***
Gen01.FinishTimeSdvByRaceAvg   0.8822     0.0922    9.57  2.2e-16 ***
---
Signif. codes:  0 '***' 0.001 '**' 0.01 '*' 0.05 '.' 0.1 ' ' 1

Condition number of final variance-covariance matrix: 1 
Number of iterations: 4
[1] "--------------------------------------------------------------------------------"
[1] "2022-03-08 18:46:48 --- rxLogit with rxStepControl Finish ---"
[1] "2022-03-08 18:46:48 --- rxStepPlot Start ---"
[1] "pdfFilename=pdf_analyze_glm_Gen01_Type24_rxStepPlot.pdf"
[1] "rxStepPlot="
[1] "2022-03-08 18:46:48 --- rxStepPlot Finish ---"
[1] "2022-03-08 18:46:48 --- save.image Start ---"
[1] "save.image"
[1] "rdataFilename=RData_analyze_glm_Gen01_Type24.RData"
[1] "2022-03-08 18:46:48 --- save.image Finish ---"
[1] "2022-03-08 18:46:48 --- final Start ---"
[1] "--------------------------------------------------------------------------------"
[1] "nrow(data) final=38837"
[1] "--------------------------------------------------------------------------------"
[1] "2022-03-08 18:46:48 --- final Finish ---"
[1] "2022-03-08 18:46:48 --- analyze_glm.R Finished ---"
[1] "2022-03-08 18:46:48 --- log Finish ---"
