[1] "2022-02-26 17:57:16 --- D1115_analyze_glm_Gen02_IsHitA_Type23 Start ---"
[1] "2022-02-26 17:57:16 --- Log Start ---"
[1] "2022-02-26 17:57:16 --- analyze_glm.R Start ---"
[1] "analyzeVersion=D1115"
[1] "analyzeCategory=analyze"
[1] "analyzeType=Gen02"
[1] "analyzeFamily=IsHitA"
[1] "analyzeFunc=glm"
[1] "analyzeTrackTypeCd=2"
[1] "analyzeJyokenCd=3"
[1] "2022-02-26 17:57:16 --- source_function.R Start ---"
[1] "2022-02-26 17:57:18 --- source_function.R Finished ---"

> print(paste0(Sys.time(), " --- source_library.R Start ---"))
[1] "2022-02-26 17:57:18 --- source_library.R Start ---"

> require("RevoScaleR")

> print(paste0(Sys.time(), " --- source_library.R Finished ---"))
[1] "2022-02-26 17:57:20 --- source_library.R Finished ---"
[1] "2022-02-26 17:57:20 --- RxSqlServerData Start ---"
[1] "2022-02-26 17:57:20 --- RxInSqlServer Start ---"
[1] "2022-02-26 17:57:20 --- RxInSqlServer Finish ---"
[1] "2022-02-26 17:57:21 --- rxSetComputeContext Start ---"
[1] "2022-02-26 17:57:21 --- rxSetComputeContext Finish ---"
[1] "2022-02-26 17:57:21 --- RxSqlServerData Start ---"
[1] "sqlQuery=SELECT * FROM ViewAnalyzeD1115analyze01Gen02Type23"
[1] "2022-02-26 17:57:21 --- RxSqlServerData Finish ---"
[1] "2022-02-26 17:57:22 --- rxGetVarInfo Start ---"
[1] "2022-02-26 17:57:24 --- rxGetVarInfo Finish---"
[1] "2022-02-26 17:57:24 --- rxImport Start ---"
Rows Read: 10762, Total Rows Processed: 10762, Total Chunk Time: 196.487 seconds 
[1] "2022-02-26 18:06:41 --- rxImport Finish ---"
[1] "object.size(data) auto=3.4 Mb"
[1] "--------------------------------------------------------------------------------"
[1] "nrow(data) RxSqlServerData=10762"
[1] "--------------------------------------------------------------------------------"
[1] "str(data)="
'data.frame':	10762 obs. of  44 variables:
 $ Race.RaceId                      : Factor w/ 1011 levels "20160130-07-01-05-11",..: 1 1 3 5 6 11 12 7 8 13 ...
 $ Race.IsAnalyzeNormalPastAndFuture: logi  TRUE TRUE TRUE TRUE TRUE TRUE ...
 $ Race.IsAnalyzeNormalPast         : logi  TRUE TRUE TRUE TRUE TRUE TRUE ...
 $ Race.IsAnalyzeNormalFuture       : logi  FALSE FALSE FALSE FALSE FALSE FALSE ...
 $ Race.IsAnalyzeFullPastAndFuture  : logi  TRUE TRUE TRUE TRUE TRUE TRUE ...
 $ Race.IsAnalyzeFullPast           : logi  TRUE TRUE TRUE TRUE TRUE TRUE ...
 $ Race.IsAnalyzeFullFuture         : logi  FALSE FALSE FALSE FALSE FALSE FALSE ...
 $ Race.JyokenCd                    : Factor w/ 1 level "3": 1 1 1 1 1 1 1 1 1 1 ...
 $ Race.JyoType1Cd                  : Factor w/ 105 levels "2-07-1400-3-4",..: 1 1 3 5 6 2 11 7 8 12 ...
 $ Race.RaceType1Cd                 : Factor w/ 6 levels "2-3-E-1","2-3-X-1",..: 1 1 2 2 3 2 1 2 2 4 ...
 $ RaceHorse.RaceId                 : Factor w/ 1011 levels "20160130-07-01-05-11",..: 1 1 3 5 6 11 12 7 8 13 ...
 $ RaceHorse.KettoNum               : Factor w/ 2436 levels "2011101278","2011106567",..: 1 7 3 5 6 8 9 1 2 10 ...
 $ RaceHorse.IsHit1                 : num  0 0 0 0 0 0 0 0 0 0 ...
 $ RaceHorse.IsHit2                 : num  0 0 0 0 0 1 0 0 0 0 ...
 $ RaceHorse.IsHit3                 : num  0 0 0 0 0 0 0 0 0 0 ...
 $ RaceHorse.IsHit4                 : num  0 0 0 0 0 0 0 0 0 0 ...
 $ RaceHorse.IsHit5                 : num  0 0 0 0 0 0 1 0 0 0 ...
 $ RaceHorse.IsHit6                 : num  1 1 1 1 1 0 0 1 1 1 ...
 $ RaceHorse.IsValidRaceHorse       : logi  TRUE TRUE TRUE TRUE TRUE TRUE ...
 $ RaceHorse.TimeSdvByRace          : num  0.41 0.41 0.622 0.41 -1.167 ...
 $ RaceHorse.TimeSdv                : num  -0.292 -0.292 0.204 0.844 -1.804 ...
 $ RaceHorse.IsHitA                 : num  0 0 0 0 0 0 0 0 0 0 ...
 $ RaceHorse.IsHitB                 : num  0 0 0 0 0 1 0 0 0 0 ...
 $ RaceHorse.IsHitC                 : num  0 0 0 0 0 1 0 0 0 0 ...
 $ Gen02.HansyokuNum                : Factor w/ 289 levels "11201954","11201953",..: 1 1 1 2 1 1 1 1 1 1 ...
 $ Gen02.TimeSdvByRaceAvg           : num  0.656 0.296 0.565 0.842 -0.317 ...
 $ Gen02.TimeSdvByRaceMin           : num  0.656 0.296 0.565 0.614 -1.728 ...
 $ Gen02.TimeSdvByRaceMax           : num  0.656 0.296 0.565 1.365 0.535 ...
 $ Gen02.TimeSdvAvg                 : num  0.439 -0.12 0.182 0.495 -0.563 ...
 $ Gen02.TimeSdvMin                 : num  0.439 -0.12 0.182 0.066 -1.48 ...
 $ Gen02.TimeSdvMax                 : num  0.439 -0.12 0.182 0.967 0.426 ...
 $ Gen02.OrderOfFinishSdvAvg        : num  0.2688 0.0458 0.7265 1.0213 -0.5055 ...
 $ Gen02.RunCount                   : num  1 1 1 9 8 4 3 4 15 1 ...
 $ Gen02.HitCount1                  : num  0 0 0 0 0 0 0 0 1 0 ...
 $ Gen02.HitCount2                  : num  0 0 0 2 0 0 0 0 3 0 ...
 $ Gen02.HitCount3                  : num  0 0 0 2 0 1 1 0 2 0 ...
 $ Gen02.HitCount4                  : num  0 0 0 2 1 0 0 1 0 0 ...
 $ Gen02.HitCount5                  : num  0 0 1 3 0 0 0 0 3 0 ...
 $ Gen02.HitRate1                   : num  0 0 0 0 0 ...
 $ Gen02.HitRate2                   : num  0 0 0 0.222 0 ...
 $ Gen02.HitRate3                   : num  0 0 0 0.222 0 ...
 $ Gen02.HitRate4                   : num  0 0 0 0.222 0.125 ...
 $ Gen02.HitRate5                   : num  0 0 1 0.333 0 ...
 $ EOF                              : int  1 1 1 1 1 1 1 1 1 1 ...
[1] "2022-02-26 18:06:51 --- RxSqlServerData Finish ---"
[1] "2022-02-26 18:06:51 --- subset Start ---"
[1] "--------------------------------------------------------------------------------"
[1] "nrow(data) subset before=10762"
[1] "nrow(data) subset after =10762"
[1] "nrow(data) subset diff =0"
[1] "--------------------------------------------------------------------------------"
[1] "2022-02-26 18:06:52 --- subset Finish---"
[1] "2022-02-26 18:06:52 --- transform Start ---"
[1] "--------------------------------------------------------------------------------"
[1] "nrow(data) transform before=10762"
[1] "nrow(data) transform after=10762"
[1] "nrow(data) transform diff=0"
[1] "--------------------------------------------------------------------------------"
[1] "str(data)="
'data.frame':	10762 obs. of  44 variables:
 $ Race.RaceId                      : Factor w/ 1011 levels "20160130-07-01-05-11",..: 1 1 3 5 6 11 12 7 8 13 ...
 $ Race.IsAnalyzeNormalPastAndFuture: logi  TRUE TRUE TRUE TRUE TRUE TRUE ...
 $ Race.IsAnalyzeNormalPast         : logi  TRUE TRUE TRUE TRUE TRUE TRUE ...
 $ Race.IsAnalyzeNormalFuture       : logi  FALSE FALSE FALSE FALSE FALSE FALSE ...
 $ Race.IsAnalyzeFullPastAndFuture  : logi  TRUE TRUE TRUE TRUE TRUE TRUE ...
 $ Race.IsAnalyzeFullPast           : logi  TRUE TRUE TRUE TRUE TRUE TRUE ...
 $ Race.IsAnalyzeFullFuture         : logi  FALSE FALSE FALSE FALSE FALSE FALSE ...
 $ Race.JyokenCd                    : Factor w/ 1 level "3": 1 1 1 1 1 1 1 1 1 1 ...
 $ Race.JyoType1Cd                  : Factor w/ 105 levels "2-07-1400-3-4",..: 1 1 3 5 6 2 11 7 8 12 ...
 $ Race.RaceType1Cd                 : Factor w/ 6 levels "2-3-E-1","2-3-X-1",..: 1 1 2 2 3 2 1 2 2 4 ...
 $ RaceHorse.RaceId                 : Factor w/ 1011 levels "20160130-07-01-05-11",..: 1 1 3 5 6 11 12 7 8 13 ...
 $ RaceHorse.KettoNum               : Factor w/ 2436 levels "2011101278","2011106567",..: 1 7 3 5 6 8 9 1 2 10 ...
 $ RaceHorse.IsHit1                 : num  0 0 0 0 0 0 0 0 0 0 ...
 $ RaceHorse.IsHit2                 : num  0 0 0 0 0 1 0 0 0 0 ...
 $ RaceHorse.IsHit3                 : num  0 0 0 0 0 0 0 0 0 0 ...
 $ RaceHorse.IsHit4                 : num  0 0 0 0 0 0 0 0 0 0 ...
 $ RaceHorse.IsHit5                 : num  0 0 0 0 0 0 1 0 0 0 ...
 $ RaceHorse.IsHit6                 : num  1 1 1 1 1 0 0 1 1 1 ...
 $ RaceHorse.IsValidRaceHorse       : logi  TRUE TRUE TRUE TRUE TRUE TRUE ...
 $ RaceHorse.TimeSdvByRace          : num  0.41 0.41 0.622 0.41 -1.167 ...
 $ RaceHorse.TimeSdv                : num  -0.292 -0.292 0.204 0.844 -1.804 ...
 $ RaceHorse.IsHitA                 : num  0 0 0 0 0 0 0 0 0 0 ...
 $ RaceHorse.IsHitB                 : num  0 0 0 0 0 1 0 0 0 0 ...
 $ RaceHorse.IsHitC                 : num  0 0 0 0 0 1 0 0 0 0 ...
 $ Gen02.HansyokuNum                : Factor w/ 289 levels "11201954","11201953",..: 1 1 1 2 1 1 1 1 1 1 ...
 $ Gen02.TimeSdvByRaceAvg           : num  0.656 0.296 0.565 0.842 -0.317 ...
 $ Gen02.TimeSdvByRaceMin           : num  0.656 0.296 0.565 0.614 -1.728 ...
 $ Gen02.TimeSdvByRaceMax           : num  0.656 0.296 0.565 1.365 0.535 ...
 $ Gen02.TimeSdvAvg                 : num  0.439 -0.12 0.182 0.495 -0.563 ...
 $ Gen02.TimeSdvMin                 : num  0.439 -0.12 0.182 0.066 -1.48 ...
 $ Gen02.TimeSdvMax                 : num  0.439 -0.12 0.182 0.967 0.426 ...
 $ Gen02.OrderOfFinishSdvAvg        : num  0.2688 0.0458 0.7265 1.0213 -0.5055 ...
 $ Gen02.RunCount                   : num  1 1 1 9 8 4 3 4 15 1 ...
 $ Gen02.HitCount1                  : num  0 0 0 0 0 0 0 0 1 0 ...
 $ Gen02.HitCount2                  : num  0 0 0 2 0 0 0 0 3 0 ...
 $ Gen02.HitCount3                  : num  0 0 0 2 0 1 1 0 2 0 ...
 $ Gen02.HitCount4                  : num  0 0 0 2 1 0 0 1 0 0 ...
 $ Gen02.HitCount5                  : num  0 0 1 3 0 0 0 0 3 0 ...
 $ Gen02.HitRate1                   : num  0 0 0 0 0 ...
 $ Gen02.HitRate2                   : num  0 0 0 0.222 0 ...
 $ Gen02.HitRate3                   : num  0 0 0 0.222 0 ...
 $ Gen02.HitRate4                   : num  0 0 0 0.222 0.125 ...
 $ Gen02.HitRate5                   : num  0 0 1 0.333 0 ...
 $ EOF                              : int  1 1 1 1 1 1 1 1 1 1 ...
NULL
[1] "2022-02-26 18:07:08 --- transform Finish ---"
[1] "2022-02-26 18:07:08 --- na.omit Start ---"
[1] "--------------------------------------------------------------------------------"
[1] "nrow(data) na.omit before=10762"
[1] "nrow(data) na.omit after =10687"
[1] "nrow(data) na.omit diff =75"
[1] "--------------------------------------------------------------------------------"
'data.frame':	10687 obs. of  44 variables:
 $ Race.RaceId                      : Factor w/ 1011 levels "20160130-07-01-05-11",..: 1 1 3 5 6 11 12 7 8 13 ...
 $ Race.IsAnalyzeNormalPastAndFuture: logi  TRUE TRUE TRUE TRUE TRUE TRUE ...
 $ Race.IsAnalyzeNormalPast         : logi  TRUE TRUE TRUE TRUE TRUE TRUE ...
 $ Race.IsAnalyzeNormalFuture       : logi  FALSE FALSE FALSE FALSE FALSE FALSE ...
 $ Race.IsAnalyzeFullPastAndFuture  : logi  TRUE TRUE TRUE TRUE TRUE TRUE ...
 $ Race.IsAnalyzeFullPast           : logi  TRUE TRUE TRUE TRUE TRUE TRUE ...
 $ Race.IsAnalyzeFullFuture         : logi  FALSE FALSE FALSE FALSE FALSE FALSE ...
 $ Race.JyokenCd                    : Factor w/ 1 level "3": 1 1 1 1 1 1 1 1 1 1 ...
 $ Race.JyoType1Cd                  : Factor w/ 105 levels "2-07-1400-3-4",..: 1 1 3 5 6 2 11 7 8 12 ...
 $ Race.RaceType1Cd                 : Factor w/ 6 levels "2-3-E-1","2-3-X-1",..: 1 1 2 2 3 2 1 2 2 4 ...
 $ RaceHorse.RaceId                 : Factor w/ 1011 levels "20160130-07-01-05-11",..: 1 1 3 5 6 11 12 7 8 13 ...
 $ RaceHorse.KettoNum               : Factor w/ 2436 levels "2011101278","2011106567",..: 1 7 3 5 6 8 9 1 2 10 ...
 $ RaceHorse.IsHit1                 : num  0 0 0 0 0 0 0 0 0 0 ...
 $ RaceHorse.IsHit2                 : num  0 0 0 0 0 1 0 0 0 0 ...
 $ RaceHorse.IsHit3                 : num  0 0 0 0 0 0 0 0 0 0 ...
 $ RaceHorse.IsHit4                 : num  0 0 0 0 0 0 0 0 0 0 ...
 $ RaceHorse.IsHit5                 : num  0 0 0 0 0 0 1 0 0 0 ...
 $ RaceHorse.IsHit6                 : num  1 1 1 1 1 0 0 1 1 1 ...
 $ RaceHorse.IsValidRaceHorse       : logi  TRUE TRUE TRUE TRUE TRUE TRUE ...
 $ RaceHorse.TimeSdvByRace          : num  0.41 0.41 0.622 0.41 -1.167 ...
 $ RaceHorse.TimeSdv                : num  -0.292 -0.292 0.204 0.844 -1.804 ...
 $ RaceHorse.IsHitA                 : num  0 0 0 0 0 0 0 0 0 0 ...
 $ RaceHorse.IsHitB                 : num  0 0 0 0 0 1 0 0 0 0 ...
 $ RaceHorse.IsHitC                 : num  0 0 0 0 0 1 0 0 0 0 ...
 $ Gen02.HansyokuNum                : Factor w/ 289 levels "11201954","11201953",..: 1 1 1 2 1 1 1 1 1 1 ...
 $ Gen02.TimeSdvByRaceAvg           : num  0.656 0.296 0.565 0.842 -0.317 ...
 $ Gen02.TimeSdvByRaceMin           : num  0.656 0.296 0.565 0.614 -1.728 ...
 $ Gen02.TimeSdvByRaceMax           : num  0.656 0.296 0.565 1.365 0.535 ...
 $ Gen02.TimeSdvAvg                 : num  0.439 -0.12 0.182 0.495 -0.563 ...
 $ Gen02.TimeSdvMin                 : num  0.439 -0.12 0.182 0.066 -1.48 ...
 $ Gen02.TimeSdvMax                 : num  0.439 -0.12 0.182 0.967 0.426 ...
 $ Gen02.OrderOfFinishSdvAvg        : num  0.2688 0.0458 0.7265 1.0213 -0.5055 ...
 $ Gen02.RunCount                   : num  1 1 1 9 8 4 3 4 15 1 ...
 $ Gen02.HitCount1                  : num  0 0 0 0 0 0 0 0 1 0 ...
 $ Gen02.HitCount2                  : num  0 0 0 2 0 0 0 0 3 0 ...
 $ Gen02.HitCount3                  : num  0 0 0 2 0 1 1 0 2 0 ...
 $ Gen02.HitCount4                  : num  0 0 0 2 1 0 0 1 0 0 ...
 $ Gen02.HitCount5                  : num  0 0 1 3 0 0 0 0 3 0 ...
 $ Gen02.HitRate1                   : num  0 0 0 0 0 ...
 $ Gen02.HitRate2                   : num  0 0 0 0.222 0 ...
 $ Gen02.HitRate3                   : num  0 0 0 0.222 0 ...
 $ Gen02.HitRate4                   : num  0 0 0 0.222 0.125 ...
 $ Gen02.HitRate5                   : num  0 0 1 0.333 0 ...
 $ EOF                              : int  1 1 1 1 1 1 1 1 1 1 ...
 - attr(*, "na.action")= 'omit' Named int  366 399 443 578 620 785 965 1066 1359 1378 ...
  ..- attr(*, "names")= chr  "366" "399" "443" "578" ...
[1] "2022-02-26 18:07:18 --- na.omit Finish ---"
[1] "2022-02-26 18:07:18 --- rxGlm with rxStepControl Start ---"

> print(paste0(Sys.time(), " --- source_logic_glm.R Start ---"))
[1] "2022-02-26 18:07:18 --- source_logic_glm.R Start ---"

> formula <- formula(RaceHorse.IsHitA ~ +1 + Gen02.TimeSdvByRaceAvg)

> print(paste0(Sys.time(), " --- source_logic_glm.R Finished ---"))
[1] "2022-02-26 18:07:18 --- source_logic_glm.R Finished ---"
Rows Read: 10687, Total Rows Processed: 10687, Total Chunk Time: Less than .001 seconds 

Starting values (iteration 1) time: 0.008 secs.
Rows Read: 10687, Total Rows Processed: 10687, Total Chunk Time: 0.002 seconds 

Iteration 2 time: 0.009 secs.
Rows Read: 10687, Total Rows Processed: 10687, Total Chunk Time: 0.002 seconds 

Iteration 3 time: 0.006 secs.
Rows Read: 10687, Total Rows Processed: 10687, Total Chunk Time: 0.002 seconds 

Iteration 4 time: 0.004 secs.
Rows Read: 10687, Total Rows Processed: 10687, Total Chunk Time: Less than .001 seconds 

Iteration 5 time: 0.005 secs.

Elapsed computation time: 0.235 secs.
Rows Read: 10687, Total Rows Processed: 10687, Total Chunk Time: Less than .001 seconds 

Starting values (iteration 1) time: 0.006 secs.
Rows Read: 10687, Total Rows Processed: 10687, Total Chunk Time: 0.001 seconds 

Iteration 2 time: 0.006 secs.

Elapsed computation time: 0.026 secs.
Rows Read: 10687, Total Rows Processed: 10687, Total Chunk Time: Less than .001 seconds 

Starting values (iteration 1) time: 0.009 secs.
Rows Read: 10687, Total Rows Processed: 10687, Total Chunk Time: Less than .001 seconds 

Iteration 2 time: 0.006 secs.
Rows Read: 10687, Total Rows Processed: 10687, Total Chunk Time: Less than .001 seconds 

Iteration 3 time: 0.005 secs.
Rows Read: 10687, Total Rows Processed: 10687, Total Chunk Time: 0.002 seconds 

Iteration 4 time: 0.004 secs.
Rows Read: 10687, Total Rows Processed: 10687, Total Chunk Time: 0.002 seconds 

Iteration 5 time: 0.004 secs.

Elapsed computation time: 0.061 secs.

Elapsed computation time: 0.342 secs.
[1] "--------------------------------------------------------------------------------"
[1] "analyze.results.glm.step="
Logistic Regression Results for: RaceHorse.IsHitA ~
    Gen02.TimeSdvByRaceAvg
Data: data
Dependent variable(s): RaceHorse.IsHitA
Total independent variables: 2 
Number of valid observations: 10687
Number of missing observations: 0 
 
Coefficients:
                       RaceHorse.IsHitA
(Intercept)                          -3
Gen02.TimeSdvByRaceAvg                1
[1] "analyze.results.glm.step.summary"
Call:
rxLogit(formula = formula, data = data, variableSelection = analyze.results.glm.step.varsel)

Logistic Regression Results for: RaceHorse.IsHitA ~
    Gen02.TimeSdvByRaceAvg
Data: data
Dependent variable(s): RaceHorse.IsHitA
Total independent variables: 2 
Number of valid observations: 10687
Number of missing observations: 0 
-2*LogLikelihood: 5036.746 (Residual deviance on 10685 degrees of freedom)
 
Coefficients:
                       Estimate Std. Error z value Pr(>|z|)    
(Intercept)             -2.9152     0.0496   -58.8  2.2e-16 ***
Gen02.TimeSdvByRaceAvg   0.9643     0.0699    13.8  2.2e-16 ***
---
Signif. codes:  0 '***' 0.001 '**' 0.01 '*' 0.05 '.' 0.1 ' ' 1

Condition number of final variance-covariance matrix: 1 
Number of iterations: 5
[1] "--------------------------------------------------------------------------------"
[1] "2022-02-26 18:07:19 --- rxGlm with rxStepControl Finish ---"
[1] "2022-02-26 18:07:19 --- rxStepPlot Start ---"
[1] "pdfFilename=pdf_analyze_glm_Gen02_Type23_rxStepPlot.pdf"
[1] "rxStepPlot="
[1] "2022-02-26 18:07:19 --- rxStepPlot Finish ---"
[1] "2022-02-26 18:07:19 --- save.image Start ---"
[1] "save.image"
[1] "rdataFilename=RData_analyze_glm_Gen02_Type23.RData"
[1] "2022-02-26 18:07:20 --- save.image Finish ---"
[1] "2022-02-26 18:07:20 --- final Start ---"
[1] "--------------------------------------------------------------------------------"
[1] "nrow(data) final=10687"
[1] "--------------------------------------------------------------------------------"
[1] "2022-02-26 18:07:20 --- final Finish ---"
[1] "2022-02-26 18:07:20 --- analyze_glm.R Finished ---"
[1] "2022-02-26 18:07:20 --- log Finish ---"
