[1] "2022-02-18 01:41:30 --- D1115_analyze_glm_Horse_IsHitA_Type21 Start ---"
[1] "2022-02-18 01:41:30 --- Log Start ---"
[1] "2022-02-18 01:41:30 --- analyze_glm.R Start ---"
[1] "analyzeVersion=D1115"
[1] "analyzeCategory=analyze"
[1] "analyzeType=Horse"
[1] "analyzeFamily=IsHitA"
[1] "analyzeFunc=glm"
[1] "analyzeTrackTypeCd=2"
[1] "analyzeJyokenCd=1"
[1] "2022-02-18 01:41:30 --- source_function.R Start ---"
[1] "2022-02-18 01:41:30 --- source_function.R Finished ---"

> print(paste0(Sys.time(), " --- source_library.R Start ---"))
[1] "2022-02-18 01:41:30 --- source_library.R Start ---"

> require("RevoScaleR")

> print(paste0(Sys.time(), " --- source_library.R Finished ---"))
[1] "2022-02-18 01:41:32 --- source_library.R Finished ---"
[1] "2022-02-18 01:41:32 --- RxSqlServerData Start ---"
[1] "2022-02-18 01:41:32 --- RxInSqlServer Start ---"
[1] "2022-02-18 01:41:32 --- RxInSqlServer Finish ---"
[1] "2022-02-18 01:41:32 --- rxSetComputeContext Start ---"
[1] "2022-02-18 01:41:32 --- rxSetComputeContext Finish ---"
[1] "2022-02-18 01:41:32 --- RxSqlServerData Start ---"
[1] "sqlQuery=SELECT * FROM ViewAnalyzeD1115analyze01HorseType21"
[1] "2022-02-18 01:41:32 --- RxSqlServerData Finish ---"
[1] "2022-02-18 01:41:32 --- rxGetVarInfo Start ---"
[1] "2022-02-18 01:41:34 --- rxGetVarInfo Finish---"
[1] "2022-02-18 01:41:34 --- rxImport Start ---"
Rows Read: 5630, Total Rows Processed: 5630, Total Chunk Time: 1.492 seconds 
[1] "2022-02-18 01:41:37 --- rxImport Finish ---"
[1] "object.size(data) auto=1.3 Mb"
[1] "--------------------------------------------------------------------------------"
[1] "nrow(data) RxSqlServerData=5630"
[1] "--------------------------------------------------------------------------------"
[1] "str(data)="
'data.frame':	5630 obs. of  41 variables:
 $ Race.RaceId                      : Factor w/ 381 levels "20190217-08-02-08-11",..: 2 2 2 2 2 2 2 2 2 2 ...
 $ Race.IsPredictedRace             : logi  TRUE TRUE TRUE TRUE TRUE TRUE ...
 $ Race.IsAnalyzeNormalPastAndFuture: logi  TRUE TRUE TRUE TRUE TRUE TRUE ...
 $ Race.IsAnalyzeNormalPast         : logi  TRUE TRUE TRUE TRUE TRUE TRUE ...
 $ Race.IsAnalyzeNormalFuture       : logi  FALSE FALSE FALSE FALSE FALSE FALSE ...
 $ Race.IsAnalyzeFullPastAndFuture  : logi  TRUE TRUE TRUE TRUE TRUE TRUE ...
 $ Race.IsAnalyzeFullPast           : logi  TRUE TRUE TRUE TRUE TRUE TRUE ...
 $ Race.IsAnalyzeFullFuture         : logi  FALSE FALSE FALSE FALSE FALSE FALSE ...
 $ Race.JyokenCd                    : Factor w/ 1 level "1": 1 1 1 1 1 1 1 1 1 1 ...
 $ Race.JyoType1Cd                  : Factor w/ 72 levels "2-08-1200-1",..: 2 2 2 2 2 2 2 2 2 2 ...
 $ Race.RaceType0Cd                 : Factor w/ 170 levels "2-08-1200-1-1-E-14",..: 2 2 2 2 2 2 2 2 2 2 ...
 $ Race.RaceType1Cd                 : Factor w/ 5 levels "2-1-E","2-1-B",..: 1 1 1 1 1 1 1 1 1 1 ...
 $ Race.RaceType2Cd                 : Factor w/ 5 levels "2-1-E","2-1-B",..: 1 1 1 1 1 1 1 1 1 1 ...
 $ Race.RaceType3Cd                 : Factor w/ 13 levels "1-E-14","1-B-14",..: 1 1 1 1 1 1 1 1 1 1 ...
 $ Race.RaceType4Cd                 : Factor w/ 4 levels "2-1-14","2-1-12",..: 1 1 1 1 1 1 1 1 1 1 ...
 $ RaceHorse.RaceId                 : Factor w/ 381 levels "20190217-08-02-08-11",..: 2 2 2 2 2 2 2 2 2 2 ...
 $ RaceHorse.KettoNum               : Factor w/ 1181 levels "2011105881","2012105337",..: 11 12 13 14 15 16 17 18 19 20 ...
 $ RaceHorse.IsHit1                 : int  0 0 0 0 0 0 0 0 0 0 ...
 $ RaceHorse.IsHit2                 : int  0 0 0 0 0 0 0 0 0 0 ...
 $ RaceHorse.IsHit3                 : int  0 1 0 0 0 0 0 0 0 0 ...
 $ RaceHorse.IsHit4                 : int  0 0 0 0 0 1 0 0 0 0 ...
 $ RaceHorse.IsHit5                 : int  0 0 0 0 0 0 0 0 1 0 ...
 $ RaceHorse.IsHit6                 : int  1 0 1 1 1 0 1 1 0 1 ...
 $ RaceHorse.IsValidRaceHorse       : logi  TRUE TRUE TRUE TRUE TRUE TRUE ...
 $ RaceHorse.IsHitA                 : int  0 0 0 0 0 0 0 0 0 0 ...
 $ RaceHorse.IsHitB                 : int  0 0 0 0 0 0 0 0 0 0 ...
 $ RaceHorse.IsHitC                 : int  0 1 0 0 0 0 0 0 0 0 ...
 $ Horse.PrevKettoNum               : Factor w/ 1181 levels "2011105881","2012105337",..: 11 12 13 14 15 16 17 18 19 20 ...
 $ Horse.TimeDvByRaceAvg            : num  50.8 59 51.7 55.2 53.7 ...
 $ Horse.RunCount                   : int  7 23 38 29 40 26 27 40 36 28 ...
 $ Horse.HitCount1                  : int  2 5 4 6 5 5 5 4 4 7 ...
 $ Horse.HitCount2                  : int  1 3 4 1 5 5 6 3 5 3 ...
 $ Horse.HitCount3                  : int  0 7 3 3 9 2 6 2 5 3 ...
 $ Horse.HitCount4                  : int  0 2 1 3 4 0 1 4 1 1 ...
 $ Horse.HitCount5                  : int  1 1 4 1 3 2 3 4 1 3 ...
 $ Horse.HitRate1                   : num  0.286 0.217 0.105 0.207 0.125 ...
 $ Horse.HitRate2                   : num  0.1429 0.1304 0.1053 0.0345 0.125 ...
 $ Horse.HitRate3                   : num  0 0.3043 0.0789 0.1034 0.225 ...
 $ Horse.HitRate4                   : num  0 0.087 0.0263 0.1034 0.1 ...
 $ Horse.HitRate5                   : num  0.1429 0.0435 0.1053 0.0345 0.075 ...
 $ EOF                              : int  1 1 1 1 1 1 1 1 1 1 ...
[1] "2022-02-18 01:41:38 --- RxSqlServerData Finish ---"
[1] "2022-02-18 01:41:38 --- subset Start ---"
[1] "--------------------------------------------------------------------------------"
[1] "nrow(data) subset before=5630"
[1] "nrow(data) subset after =4394"
[1] "nrow(data) subset diff =1236"
[1] "--------------------------------------------------------------------------------"
[1] "2022-02-18 01:41:38 --- subset Finish---"
[1] "2022-02-18 01:41:38 --- transform Start ---"
[1] "--------------------------------------------------------------------------------"
[1] "nrow(data) transform before=4394"
[1] "nrow(data) transform after=4394"
[1] "nrow(data) transform diff=0"
[1] "--------------------------------------------------------------------------------"
[1] "str(data)="
'data.frame':	4394 obs. of  41 variables:
 $ Race.RaceId                      : Factor w/ 381 levels "20190217-08-02-08-11",..: 2 2 2 2 2 2 2 2 2 2 ...
 $ Race.IsPredictedRace             : logi  TRUE TRUE TRUE TRUE TRUE TRUE ...
 $ Race.IsAnalyzeNormalPastAndFuture: logi  TRUE TRUE TRUE TRUE TRUE TRUE ...
 $ Race.IsAnalyzeNormalPast         : logi  TRUE TRUE TRUE TRUE TRUE TRUE ...
 $ Race.IsAnalyzeNormalFuture       : logi  FALSE FALSE FALSE FALSE FALSE FALSE ...
 $ Race.IsAnalyzeFullPastAndFuture  : logi  TRUE TRUE TRUE TRUE TRUE TRUE ...
 $ Race.IsAnalyzeFullPast           : logi  TRUE TRUE TRUE TRUE TRUE TRUE ...
 $ Race.IsAnalyzeFullFuture         : logi  FALSE FALSE FALSE FALSE FALSE FALSE ...
 $ Race.JyokenCd                    : Factor w/ 1 level "1": 1 1 1 1 1 1 1 1 1 1 ...
 $ Race.JyoType1Cd                  : Factor w/ 72 levels "2-08-1200-1",..: 2 2 2 2 2 2 2 2 2 2 ...
 $ Race.RaceType0Cd                 : Factor w/ 170 levels "2-08-1200-1-1-E-14",..: 2 2 2 2 2 2 2 2 2 2 ...
 $ Race.RaceType1Cd                 : Factor w/ 5 levels "2-1-E","2-1-B",..: 1 1 1 1 1 1 1 1 1 1 ...
 $ Race.RaceType2Cd                 : Factor w/ 5 levels "2-1-E","2-1-B",..: 1 1 1 1 1 1 1 1 1 1 ...
 $ Race.RaceType3Cd                 : Factor w/ 13 levels "1-E-14","1-B-14",..: 1 1 1 1 1 1 1 1 1 1 ...
 $ Race.RaceType4Cd                 : Factor w/ 4 levels "2-1-14","2-1-12",..: 1 1 1 1 1 1 1 1 1 1 ...
 $ RaceHorse.RaceId                 : Factor w/ 381 levels "20190217-08-02-08-11",..: 2 2 2 2 2 2 2 2 2 2 ...
 $ RaceHorse.KettoNum               : Factor w/ 1181 levels "2011105881","2012105337",..: 11 12 13 14 15 16 17 18 19 20 ...
 $ RaceHorse.IsHit1                 : int  0 0 0 0 0 0 0 0 0 0 ...
 $ RaceHorse.IsHit2                 : int  0 0 0 0 0 0 0 0 0 0 ...
 $ RaceHorse.IsHit3                 : int  0 1 0 0 0 0 0 0 0 0 ...
 $ RaceHorse.IsHit4                 : int  0 0 0 0 0 1 0 0 0 0 ...
 $ RaceHorse.IsHit5                 : int  0 0 0 0 0 0 0 0 1 0 ...
 $ RaceHorse.IsHit6                 : int  1 0 1 1 1 0 1 1 0 1 ...
 $ RaceHorse.IsValidRaceHorse       : logi  TRUE TRUE TRUE TRUE TRUE TRUE ...
 $ RaceHorse.IsHitA                 : int  0 0 0 0 0 0 0 0 0 0 ...
 $ RaceHorse.IsHitB                 : int  0 0 0 0 0 0 0 0 0 0 ...
 $ RaceHorse.IsHitC                 : int  0 1 0 0 0 0 0 0 0 0 ...
 $ Horse.PrevKettoNum               : Factor w/ 1181 levels "2011105881","2012105337",..: 11 12 13 14 15 16 17 18 19 20 ...
 $ Horse.TimeDvByRaceAvg            : num  50.8 59 51.7 55.2 53.7 ...
 $ Horse.RunCount                   : int  7 23 38 29 40 26 27 40 36 28 ...
 $ Horse.HitCount1                  : int  2 5 4 6 5 5 5 4 4 7 ...
 $ Horse.HitCount2                  : int  1 3 4 1 5 5 6 3 5 3 ...
 $ Horse.HitCount3                  : int  0 7 3 3 9 2 6 2 5 3 ...
 $ Horse.HitCount4                  : int  0 2 1 3 4 0 1 4 1 1 ...
 $ Horse.HitCount5                  : int  1 1 4 1 3 2 3 4 1 3 ...
 $ Horse.HitRate1                   : num  0.286 0.217 0.105 0.207 0.125 ...
 $ Horse.HitRate2                   : num  0.1429 0.1304 0.1053 0.0345 0.125 ...
 $ Horse.HitRate3                   : num  0 0.3043 0.0789 0.1034 0.225 ...
 $ Horse.HitRate4                   : num  0 0.087 0.0263 0.1034 0.1 ...
 $ Horse.HitRate5                   : num  0.1429 0.0435 0.1053 0.0345 0.075 ...
 $ EOF                              : int  1 1 1 1 1 1 1 1 1 1 ...
NULL
[1] "2022-02-18 01:41:38 --- transform Finish ---"
[1] "2022-02-18 01:41:38 --- na.omit Start ---"
[1] "--------------------------------------------------------------------------------"
[1] "nrow(data) na.omit before=4394"
[1] "nrow(data) na.omit after =4394"
[1] "nrow(data) na.omit diff =0"
[1] "--------------------------------------------------------------------------------"
'data.frame':	4394 obs. of  41 variables:
 $ Race.RaceId                      : Factor w/ 381 levels "20190217-08-02-08-11",..: 2 2 2 2 2 2 2 2 2 2 ...
 $ Race.IsPredictedRace             : logi  TRUE TRUE TRUE TRUE TRUE TRUE ...
 $ Race.IsAnalyzeNormalPastAndFuture: logi  TRUE TRUE TRUE TRUE TRUE TRUE ...
 $ Race.IsAnalyzeNormalPast         : logi  TRUE TRUE TRUE TRUE TRUE TRUE ...
 $ Race.IsAnalyzeNormalFuture       : logi  FALSE FALSE FALSE FALSE FALSE FALSE ...
 $ Race.IsAnalyzeFullPastAndFuture  : logi  TRUE TRUE TRUE TRUE TRUE TRUE ...
 $ Race.IsAnalyzeFullPast           : logi  TRUE TRUE TRUE TRUE TRUE TRUE ...
 $ Race.IsAnalyzeFullFuture         : logi  FALSE FALSE FALSE FALSE FALSE FALSE ...
 $ Race.JyokenCd                    : Factor w/ 1 level "1": 1 1 1 1 1 1 1 1 1 1 ...
 $ Race.JyoType1Cd                  : Factor w/ 72 levels "2-08-1200-1",..: 2 2 2 2 2 2 2 2 2 2 ...
 $ Race.RaceType0Cd                 : Factor w/ 170 levels "2-08-1200-1-1-E-14",..: 2 2 2 2 2 2 2 2 2 2 ...
 $ Race.RaceType1Cd                 : Factor w/ 5 levels "2-1-E","2-1-B",..: 1 1 1 1 1 1 1 1 1 1 ...
 $ Race.RaceType2Cd                 : Factor w/ 5 levels "2-1-E","2-1-B",..: 1 1 1 1 1 1 1 1 1 1 ...
 $ Race.RaceType3Cd                 : Factor w/ 13 levels "1-E-14","1-B-14",..: 1 1 1 1 1 1 1 1 1 1 ...
 $ Race.RaceType4Cd                 : Factor w/ 4 levels "2-1-14","2-1-12",..: 1 1 1 1 1 1 1 1 1 1 ...
 $ RaceHorse.RaceId                 : Factor w/ 381 levels "20190217-08-02-08-11",..: 2 2 2 2 2 2 2 2 2 2 ...
 $ RaceHorse.KettoNum               : Factor w/ 1181 levels "2011105881","2012105337",..: 11 12 13 14 15 16 17 18 19 20 ...
 $ RaceHorse.IsHit1                 : int  0 0 0 0 0 0 0 0 0 0 ...
 $ RaceHorse.IsHit2                 : int  0 0 0 0 0 0 0 0 0 0 ...
 $ RaceHorse.IsHit3                 : int  0 1 0 0 0 0 0 0 0 0 ...
 $ RaceHorse.IsHit4                 : int  0 0 0 0 0 1 0 0 0 0 ...
 $ RaceHorse.IsHit5                 : int  0 0 0 0 0 0 0 0 1 0 ...
 $ RaceHorse.IsHit6                 : int  1 0 1 1 1 0 1 1 0 1 ...
 $ RaceHorse.IsValidRaceHorse       : logi  TRUE TRUE TRUE TRUE TRUE TRUE ...
 $ RaceHorse.IsHitA                 : int  0 0 0 0 0 0 0 0 0 0 ...
 $ RaceHorse.IsHitB                 : int  0 0 0 0 0 0 0 0 0 0 ...
 $ RaceHorse.IsHitC                 : int  0 1 0 0 0 0 0 0 0 0 ...
 $ Horse.PrevKettoNum               : Factor w/ 1181 levels "2011105881","2012105337",..: 11 12 13 14 15 16 17 18 19 20 ...
 $ Horse.TimeDvByRaceAvg            : num  50.8 59 51.7 55.2 53.7 ...
 $ Horse.RunCount                   : int  7 23 38 29 40 26 27 40 36 28 ...
 $ Horse.HitCount1                  : int  2 5 4 6 5 5 5 4 4 7 ...
 $ Horse.HitCount2                  : int  1 3 4 1 5 5 6 3 5 3 ...
 $ Horse.HitCount3                  : int  0 7 3 3 9 2 6 2 5 3 ...
 $ Horse.HitCount4                  : int  0 2 1 3 4 0 1 4 1 1 ...
 $ Horse.HitCount5                  : int  1 1 4 1 3 2 3 4 1 3 ...
 $ Horse.HitRate1                   : num  0.286 0.217 0.105 0.207 0.125 ...
 $ Horse.HitRate2                   : num  0.1429 0.1304 0.1053 0.0345 0.125 ...
 $ Horse.HitRate3                   : num  0 0.3043 0.0789 0.1034 0.225 ...
 $ Horse.HitRate4                   : num  0 0.087 0.0263 0.1034 0.1 ...
 $ Horse.HitRate5                   : num  0.1429 0.0435 0.1053 0.0345 0.075 ...
 $ EOF                              : int  1 1 1 1 1 1 1 1 1 1 ...
[1] "2022-02-18 01:41:39 --- na.omit Finish ---"
[1] "2022-02-18 01:41:39 --- rxGlm with rxStepControl Start ---"

> print(paste0(Sys.time(), " --- source_logic_glm.R Start ---"))
[1] "2022-02-18 01:41:39 --- source_logic_glm.R Start ---"

> formula <- formula(RaceHorse.IsHitA ~ +1 + Horse.HitRate1 + 
+     Horse.HitRate2 + Horse.HitRate3)

> print(paste0(Sys.time(), " --- source_logic_glm.R Finished ---"))
[1] "2022-02-18 01:41:39 --- source_logic_glm.R Finished ---"
Rows Read: 4394, Total Rows Processed: 4394, Total Chunk Time: 0.001 seconds 

Starting values (iteration 1) time: 0.010 secs.
Rows Read: 4394, Total Rows Processed: 4394, Total Chunk Time: 0.001 seconds 

Iteration 2 time: 0.007 secs.
Rows Read: 4394, Total Rows Processed: 4394, Total Chunk Time: 0.002 seconds 

Iteration 3 time: 0.006 secs.
Rows Read: 4394, Total Rows Processed: 4394, Total Chunk Time: 0.002 seconds 

Iteration 4 time: 0.006 secs.
Rows Read: 4394, Total Rows Processed: 4394, Total Chunk Time: 0.002 seconds 

Iteration 5 time: 0.006 secs.

Elapsed computation time: 0.080 secs.
Rows Read: 4394, Total Rows Processed: 4394, Total Chunk Time: Less than .001 seconds 

Starting values (iteration 1) time: 0.007 secs.
Rows Read: 4394, Total Rows Processed: 4394, Total Chunk Time: Less than .001 seconds 

Iteration 2 time: 0.007 secs.
Rows Read: 4394, Total Rows Processed: 4394, Total Chunk Time: Less than .001 seconds 

Iteration 3 time: 0.006 secs.
Rows Read: 4394, Total Rows Processed: 4394, Total Chunk Time: 0.001 seconds 

Iteration 4 time: 0.006 secs.

Elapsed computation time: 0.076 secs.
Rows Read: 4394, Total Rows Processed: 4394, Total Chunk Time: 0.002 seconds 

Starting values (iteration 1) time: 0.010 secs.
Rows Read: 4394, Total Rows Processed: 4394, Total Chunk Time: 0.001 seconds 

Iteration 2 time: 0.015 secs.
Rows Read: 4394, Total Rows Processed: 4394, Total Chunk Time: Less than .001 seconds 

Iteration 3 time: 0.009 secs.
Rows Read: 4394, Total Rows Processed: 4394, Total Chunk Time: 0.002 seconds 

Iteration 4 time: 0.029 secs.
Rows Read: 4394, Total Rows Processed: 4394, Total Chunk Time: 0.001 seconds 

Iteration 5 time: 0.007 secs.

Elapsed computation time: 0.100 secs.
Rows Read: 4394, Total Rows Processed: 4394, Total Chunk Time: 0.001 seconds 

Starting values (iteration 1) time: 0.011 secs.
Rows Read: 4394, Total Rows Processed: 4394, Total Chunk Time: 0.001 seconds 

Iteration 2 time: 0.010 secs.
Rows Read: 4394, Total Rows Processed: 4394, Total Chunk Time: Less than .001 seconds 

Iteration 3 time: 0.012 secs.
Rows Read: 4394, Total Rows Processed: 4394, Total Chunk Time: Less than .001 seconds 

Iteration 4 time: 0.008 secs.
Rows Read: 4394, Total Rows Processed: 4394, Total Chunk Time: 0.001 seconds 

Iteration 5 time: 0.004 secs.

Elapsed computation time: 0.084 secs.
Rows Read: 4394, Total Rows Processed: 4394, Total Chunk Time: 0.001 seconds 

Starting values (iteration 1) time: 0.007 secs.
Rows Read: 4394, Total Rows Processed: 4394, Total Chunk Time: 0.001 seconds 

Iteration 2 time: 0.007 secs.
Rows Read: 4394, Total Rows Processed: 4394, Total Chunk Time: 0.001 seconds 

Iteration 3 time: 0.004 secs.
Rows Read: 4394, Total Rows Processed: 4394, Total Chunk Time: 0.001 seconds 

Iteration 4 time: 0.006 secs.
Rows Read: 4394, Total Rows Processed: 4394, Total Chunk Time: 0.002 seconds 

Iteration 5 time: 0.010 secs.

Elapsed computation time: 0.077 secs.

Elapsed computation time: 0.449 secs.
[1] "--------------------------------------------------------------------------------"
[1] "analyze.results.glm.step="
Logistic Regression Results for: RaceHorse.IsHitA ~ Horse.HitRate1 +
    Horse.HitRate2 + Horse.HitRate3
Data: data
Dependent variable(s): RaceHorse.IsHitA
Total independent variables: 4 
Number of valid observations: 4394
Number of missing observations: 0 
 
Coefficients:
               RaceHorse.IsHitA
(Intercept)                  -4
Horse.HitRate1                3
Horse.HitRate2                3
Horse.HitRate3                2
[1] "analyze.results.glm.step.summary"
Call:
rxLogit(formula = formula, data = data, variableSelection = analyze.results.glm.step.varsel)

Logistic Regression Results for: RaceHorse.IsHitA ~ Horse.HitRate1 +
    Horse.HitRate2 + Horse.HitRate3
Data: data
Dependent variable(s): RaceHorse.IsHitA
Total independent variables: 4 
Number of valid observations: 4394
Number of missing observations: 0 
-2*LogLikelihood: 2081.138 (Residual deviance on 4390 degrees of freedom)
 
Coefficients:
               Estimate Std. Error z value Pr(>|z|)    
(Intercept)      -4.229      0.195  -21.64  2.2e-16 ***
Horse.HitRate1    3.401      0.324   10.51  2.2e-16 ***
Horse.HitRate2    2.870      0.547    5.25  1.6e-07 ***
Horse.HitRate3    1.749      0.707    2.48    0.013 *  
---
Signif. codes:  0 '***' 0.001 '**' 0.01 '*' 0.05 '.' 0.1 ' ' 1

Condition number of final variance-covariance matrix: 2 
Number of iterations: 5
[1] "--------------------------------------------------------------------------------"
[1] "2022-02-18 01:41:40 --- rxGlm with rxStepControl Finish ---"
[1] "2022-02-18 01:41:40 --- rxStepPlot Start ---"
[1] "pdfFilename=pdf_analyze_glm_Horse_Type21_rxStepPlot.pdf"
[1] "rxStepPlot="
[1] "2022-02-18 01:41:40 --- rxStepPlot Finish ---"
[1] "2022-02-18 01:41:40 --- save.image Start ---"
[1] "save.image"
[1] "rdataFilename=RData_analyze_glm_Horse_Type21.RData"
[1] "2022-02-18 01:41:40 --- save.image Finish ---"
[1] "2022-02-18 01:41:40 --- final Start ---"
[1] "--------------------------------------------------------------------------------"
[1] "nrow(data) final=4394"
[1] "--------------------------------------------------------------------------------"
[1] "2022-02-18 01:41:40 --- final Finish ---"
[1] "2022-02-18 01:41:40 --- analyze_glm.R Finished ---"
[1] "2022-02-18 01:41:40 --- log Finish ---"
