[1] "2022-02-25 20:22:16 --- D1115_analyze_glm_Gen01_IsHitA_Type13 Start ---"
[1] "2022-02-25 20:22:16 --- Log Start ---"
[1] "2022-02-25 20:22:16 --- analyze_glm.R Start ---"
[1] "analyzeVersion=D1115"
[1] "analyzeCategory=analyze"
[1] "analyzeType=Gen01"
[1] "analyzeFamily=IsHitA"
[1] "analyzeFunc=glm"
[1] "analyzeTrackTypeCd=1"
[1] "analyzeJyokenCd=3"
[1] "2022-02-25 20:22:16 --- source_function.R Start ---"
[1] "2022-02-25 20:22:16 --- source_function.R Finished ---"

> print(paste0(Sys.time(), " --- source_library.R Start ---"))
[1] "2022-02-25 20:22:16 --- source_library.R Start ---"

> require("RevoScaleR")

> print(paste0(Sys.time(), " --- source_library.R Finished ---"))
[1] "2022-02-25 20:22:16 --- source_library.R Finished ---"
[1] "2022-02-25 20:22:16 --- RxSqlServerData Start ---"
[1] "2022-02-25 20:22:16 --- RxInSqlServer Start ---"
[1] "2022-02-25 20:22:16 --- RxInSqlServer Finish ---"
[1] "2022-02-25 20:22:16 --- rxSetComputeContext Start ---"
[1] "2022-02-25 20:22:16 --- rxSetComputeContext Finish ---"
[1] "2022-02-25 20:22:16 --- RxSqlServerData Start ---"
[1] "sqlQuery=SELECT * FROM ViewAnalyzeD1115analyze01Gen01Type13"
[1] "2022-02-25 20:22:16 --- RxSqlServerData Finish ---"
[1] "2022-02-25 20:22:16 --- rxGetVarInfo Start ---"
[1] "2022-02-25 20:22:17 --- rxGetVarInfo Finish---"
[1] "2022-02-25 20:22:17 --- rxImport Start ---"
Rows Read: 14367, Total Rows Processed: 14367, Total Chunk Time: 133.696 seconds 
[1] "2022-02-25 20:26:18 --- rxImport Finish ---"
[1] "object.size(data) auto=4.4 Mb"
[1] "--------------------------------------------------------------------------------"
[1] "nrow(data) RxSqlServerData=14367"
[1] "--------------------------------------------------------------------------------"
[1] "str(data)="
'data.frame':	14367 obs. of  44 variables:
 $ Race.RaceId                      : Factor w/ 1192 levels "20160105-06-01-01-12",..: 1 2 3 4 5 6 7 8 8 9 ...
 $ Race.IsPredictedRace             : logi  TRUE TRUE TRUE TRUE TRUE TRUE ...
 $ Race.IsAnalyzeNormalPastAndFuture: logi  TRUE TRUE TRUE TRUE TRUE TRUE ...
 $ Race.IsAnalyzeNormalPast         : logi  TRUE TRUE TRUE TRUE TRUE TRUE ...
 $ Race.IsAnalyzeNormalFuture       : logi  FALSE FALSE FALSE FALSE FALSE FALSE ...
 $ Race.IsAnalyzeFullPastAndFuture  : logi  TRUE TRUE TRUE TRUE TRUE TRUE ...
 $ Race.IsAnalyzeFullPast           : logi  TRUE TRUE TRUE TRUE TRUE TRUE ...
 $ Race.IsAnalyzeFullFuture         : logi  FALSE FALSE FALSE FALSE FALSE FALSE ...
 $ Race.JyokenCd                    : Factor w/ 1 level "3": 1 1 1 1 1 1 1 1 1 1 ...
 $ Race.JyoType1Cd                  : Factor w/ 154 levels "1-06-1600-3-1",..: 1 2 3 1 4 5 6 5 5 7 ...
 $ Race.RaceType1Cd                 : Factor w/ 6 levels "1-3-X-1","1-3-X-2",..: 1 2 3 1 3 2 4 5 5 3 ...
 $ RaceHorse.RaceId                 : Factor w/ 1192 levels "20160105-06-01-01-12",..: 1 2 3 4 5 6 7 8 8 9 ...
 $ RaceHorse.KettoNum               : Factor w/ 2893 levels "2012100287","2009105863",..: 1 2 3 1 4 5 6 7 8 9 ...
 $ RaceHorse.IsHit1                 : num  0 0 1 0 0 0 0 0 0 0 ...
 $ RaceHorse.IsHit2                 : num  0 0 0 0 0 0 0 0 0 0 ...
 $ RaceHorse.IsHit3                 : num  0 0 0 0 0 0 0 0 0 0 ...
 $ RaceHorse.IsHit4                 : num  0 0 0 0 0 0 0 0 0 0 ...
 $ RaceHorse.IsHit5                 : num  0 0 0 1 0 1 0 0 0 0 ...
 $ RaceHorse.IsHit6                 : num  1 1 0 0 1 0 1 1 1 1 ...
 $ RaceHorse.IsValidRaceHorse       : logi  TRUE TRUE TRUE TRUE TRUE TRUE ...
 $ RaceHorse.TimeSdv                : num  0.517 0.205 1.481 0.812 -1.406 ...
 $ RaceHorse.IsHitA                 : num  0 0 1 0 0 0 0 0 0 0 ...
 $ RaceHorse.IsHitB                 : num  0 0 1 0 0 0 0 0 0 0 ...
 $ RaceHorse.IsHitC                 : num  0 0 1 0 0 0 0 0 0 0 ...
 $ Gen01.HansyokuNum                : Factor w/ 257 levels "11201954","11201964",..: 1 2 2 1 1 2 2 2 1 2 ...
 $ Gen01.TimeSdvByRaceAvg           : num  -1.0684 -0.534 0.0158 -1.012 -0.5089 ...
 $ Gen01.TimeSdvByRaceMin           : num  -2.23 -2.7 -2.85 -2.23 -2.22 ...
 $ Gen01.TimeSdvByRaceMax           : num  1.05 1.31 1.69 1.05 1.15 ...
 $ Gen01.TimeSdvAvg                 : num  -0.73253 -0.23035 -0.00131 -0.54583 -0.45322 ...
 $ Gen01.TimeSdvMin                 : num  -1.75 -1.57 -2.42 -1.75 -2.41 ...
 $ Gen01.TimeSdvMax                 : num  0.372 2.005 1.907 0.517 1.151 ...
 $ Gen01.OrderOfFinishSdvAvg        : num  -0.803 -0.345 -0.071 -0.701 -0.609 ...
 $ Gen01.RunCount                   : num  9 15 52 9 12 16 44 101 45 53 ...
 $ Gen01.HitCount1                  : num  1 0 3 1 0 0 1 8 1 4 ...
 $ Gen01.HitCount2                  : num  0 1 6 0 0 1 4 6 6 6 ...
 $ Gen01.HitCount3                  : num  0 2 3 0 1 2 1 11 6 3 ...
 $ Gen01.HitCount4                  : num  0 1 1 0 1 1 3 6 5 1 ...
 $ Gen01.HitCount5                  : num  0 0 4 0 1 0 4 8 3 4 ...
 $ Gen01.HitRate1                   : num  0.1111 0 0.0577 0.1111 0 ...
 $ Gen01.HitRate2                   : num  0 0.0667 0.1154 0 0 ...
 $ Gen01.HitRate3                   : num  0 0.1333 0.0577 0 0.0833 ...
 $ Gen01.HitRate4                   : num  0 0.0667 0.0192 0 0.0833 ...
 $ Gen01.HitRate5                   : num  0 0 0.0769 0 0.0833 ...
 $ EOF                              : int  1 1 1 1 1 1 1 1 1 1 ...
[1] "2022-02-25 20:31:22 --- RxSqlServerData Finish ---"
[1] "2022-02-25 20:31:50 --- subset Start ---"
[1] "--------------------------------------------------------------------------------"
[1] "nrow(data) subset before=14367"
[1] "nrow(data) subset after =14367"
[1] "nrow(data) subset diff =0"
[1] "--------------------------------------------------------------------------------"
[1] "2022-02-25 20:32:41 --- subset Finish---"
[1] "2022-02-25 20:32:42 --- transform Start ---"
[1] "--------------------------------------------------------------------------------"
[1] "nrow(data) transform before=14367"
[1] "nrow(data) transform after=14367"
[1] "nrow(data) transform diff=0"
[1] "--------------------------------------------------------------------------------"
[1] "str(data)="
'data.frame':	14367 obs. of  44 variables:
 $ Race.RaceId                      : Factor w/ 1192 levels "20160105-06-01-01-12",..: 1 2 3 4 5 6 7 8 8 9 ...
 $ Race.IsPredictedRace             : logi  TRUE TRUE TRUE TRUE TRUE TRUE ...
 $ Race.IsAnalyzeNormalPastAndFuture: logi  TRUE TRUE TRUE TRUE TRUE TRUE ...
 $ Race.IsAnalyzeNormalPast         : logi  TRUE TRUE TRUE TRUE TRUE TRUE ...
 $ Race.IsAnalyzeNormalFuture       : logi  FALSE FALSE FALSE FALSE FALSE FALSE ...
 $ Race.IsAnalyzeFullPastAndFuture  : logi  TRUE TRUE TRUE TRUE TRUE TRUE ...
 $ Race.IsAnalyzeFullPast           : logi  TRUE TRUE TRUE TRUE TRUE TRUE ...
 $ Race.IsAnalyzeFullFuture         : logi  FALSE FALSE FALSE FALSE FALSE FALSE ...
 $ Race.JyokenCd                    : Factor w/ 1 level "3": 1 1 1 1 1 1 1 1 1 1 ...
 $ Race.JyoType1Cd                  : Factor w/ 154 levels "1-06-1600-3-1",..: 1 2 3 1 4 5 6 5 5 7 ...
 $ Race.RaceType1Cd                 : Factor w/ 6 levels "1-3-X-1","1-3-X-2",..: 1 2 3 1 3 2 4 5 5 3 ...
 $ RaceHorse.RaceId                 : Factor w/ 1192 levels "20160105-06-01-01-12",..: 1 2 3 4 5 6 7 8 8 9 ...
 $ RaceHorse.KettoNum               : Factor w/ 2893 levels "2012100287","2009105863",..: 1 2 3 1 4 5 6 7 8 9 ...
 $ RaceHorse.IsHit1                 : num  0 0 1 0 0 0 0 0 0 0 ...
 $ RaceHorse.IsHit2                 : num  0 0 0 0 0 0 0 0 0 0 ...
 $ RaceHorse.IsHit3                 : num  0 0 0 0 0 0 0 0 0 0 ...
 $ RaceHorse.IsHit4                 : num  0 0 0 0 0 0 0 0 0 0 ...
 $ RaceHorse.IsHit5                 : num  0 0 0 1 0 1 0 0 0 0 ...
 $ RaceHorse.IsHit6                 : num  1 1 0 0 1 0 1 1 1 1 ...
 $ RaceHorse.IsValidRaceHorse       : logi  TRUE TRUE TRUE TRUE TRUE TRUE ...
 $ RaceHorse.TimeSdv                : num  0.517 0.205 1.481 0.812 -1.406 ...
 $ RaceHorse.IsHitA                 : num  0 0 1 0 0 0 0 0 0 0 ...
 $ RaceHorse.IsHitB                 : num  0 0 1 0 0 0 0 0 0 0 ...
 $ RaceHorse.IsHitC                 : num  0 0 1 0 0 0 0 0 0 0 ...
 $ Gen01.HansyokuNum                : Factor w/ 257 levels "11201954","11201964",..: 1 2 2 1 1 2 2 2 1 2 ...
 $ Gen01.TimeSdvByRaceAvg           : num  -1.0684 -0.534 0.0158 -1.012 -0.5089 ...
 $ Gen01.TimeSdvByRaceMin           : num  -2.23 -2.7 -2.85 -2.23 -2.22 ...
 $ Gen01.TimeSdvByRaceMax           : num  1.05 1.31 1.69 1.05 1.15 ...
 $ Gen01.TimeSdvAvg                 : num  -0.73253 -0.23035 -0.00131 -0.54583 -0.45322 ...
 $ Gen01.TimeSdvMin                 : num  -1.75 -1.57 -2.42 -1.75 -2.41 ...
 $ Gen01.TimeSdvMax                 : num  0.372 2.005 1.907 0.517 1.151 ...
 $ Gen01.OrderOfFinishSdvAvg        : num  -0.803 -0.345 -0.071 -0.701 -0.609 ...
 $ Gen01.RunCount                   : num  9 15 52 9 12 16 44 101 45 53 ...
 $ Gen01.HitCount1                  : num  1 0 3 1 0 0 1 8 1 4 ...
 $ Gen01.HitCount2                  : num  0 1 6 0 0 1 4 6 6 6 ...
 $ Gen01.HitCount3                  : num  0 2 3 0 1 2 1 11 6 3 ...
 $ Gen01.HitCount4                  : num  0 1 1 0 1 1 3 6 5 1 ...
 $ Gen01.HitCount5                  : num  0 0 4 0 1 0 4 8 3 4 ...
 $ Gen01.HitRate1                   : num  0.1111 0 0.0577 0.1111 0 ...
 $ Gen01.HitRate2                   : num  0 0.0667 0.1154 0 0 ...
 $ Gen01.HitRate3                   : num  0 0.1333 0.0577 0 0.0833 ...
 $ Gen01.HitRate4                   : num  0 0.0667 0.0192 0 0.0833 ...
 $ Gen01.HitRate5                   : num  0 0 0.0769 0 0.0833 ...
 $ EOF                              : int  1 1 1 1 1 1 1 1 1 1 ...
NULL
[1] "2022-02-25 20:32:54 --- transform Finish ---"
[1] "2022-02-25 20:32:54 --- na.omit Start ---"
[1] "--------------------------------------------------------------------------------"
[1] "nrow(data) na.omit before=14367"
[1] "nrow(data) na.omit after =14300"
[1] "nrow(data) na.omit diff =67"
[1] "--------------------------------------------------------------------------------"
'data.frame':	14300 obs. of  44 variables:
 $ Race.RaceId                      : Factor w/ 1192 levels "20160105-06-01-01-12",..: 1 2 3 4 5 6 7 8 8 9 ...
 $ Race.IsPredictedRace             : logi  TRUE TRUE TRUE TRUE TRUE TRUE ...
 $ Race.IsAnalyzeNormalPastAndFuture: logi  TRUE TRUE TRUE TRUE TRUE TRUE ...
 $ Race.IsAnalyzeNormalPast         : logi  TRUE TRUE TRUE TRUE TRUE TRUE ...
 $ Race.IsAnalyzeNormalFuture       : logi  FALSE FALSE FALSE FALSE FALSE FALSE ...
 $ Race.IsAnalyzeFullPastAndFuture  : logi  TRUE TRUE TRUE TRUE TRUE TRUE ...
 $ Race.IsAnalyzeFullPast           : logi  TRUE TRUE TRUE TRUE TRUE TRUE ...
 $ Race.IsAnalyzeFullFuture         : logi  FALSE FALSE FALSE FALSE FALSE FALSE ...
 $ Race.JyokenCd                    : Factor w/ 1 level "3": 1 1 1 1 1 1 1 1 1 1 ...
 $ Race.JyoType1Cd                  : Factor w/ 154 levels "1-06-1600-3-1",..: 1 2 3 1 4 5 6 5 5 7 ...
 $ Race.RaceType1Cd                 : Factor w/ 6 levels "1-3-X-1","1-3-X-2",..: 1 2 3 1 3 2 4 5 5 3 ...
 $ RaceHorse.RaceId                 : Factor w/ 1192 levels "20160105-06-01-01-12",..: 1 2 3 4 5 6 7 8 8 9 ...
 $ RaceHorse.KettoNum               : Factor w/ 2893 levels "2012100287","2009105863",..: 1 2 3 1 4 5 6 7 8 9 ...
 $ RaceHorse.IsHit1                 : num  0 0 1 0 0 0 0 0 0 0 ...
 $ RaceHorse.IsHit2                 : num  0 0 0 0 0 0 0 0 0 0 ...
 $ RaceHorse.IsHit3                 : num  0 0 0 0 0 0 0 0 0 0 ...
 $ RaceHorse.IsHit4                 : num  0 0 0 0 0 0 0 0 0 0 ...
 $ RaceHorse.IsHit5                 : num  0 0 0 1 0 1 0 0 0 0 ...
 $ RaceHorse.IsHit6                 : num  1 1 0 0 1 0 1 1 1 1 ...
 $ RaceHorse.IsValidRaceHorse       : logi  TRUE TRUE TRUE TRUE TRUE TRUE ...
 $ RaceHorse.TimeSdv                : num  0.517 0.205 1.481 0.812 -1.406 ...
 $ RaceHorse.IsHitA                 : num  0 0 1 0 0 0 0 0 0 0 ...
 $ RaceHorse.IsHitB                 : num  0 0 1 0 0 0 0 0 0 0 ...
 $ RaceHorse.IsHitC                 : num  0 0 1 0 0 0 0 0 0 0 ...
 $ Gen01.HansyokuNum                : Factor w/ 257 levels "11201954","11201964",..: 1 2 2 1 1 2 2 2 1 2 ...
 $ Gen01.TimeSdvByRaceAvg           : num  -1.0684 -0.534 0.0158 -1.012 -0.5089 ...
 $ Gen01.TimeSdvByRaceMin           : num  -2.23 -2.7 -2.85 -2.23 -2.22 ...
 $ Gen01.TimeSdvByRaceMax           : num  1.05 1.31 1.69 1.05 1.15 ...
 $ Gen01.TimeSdvAvg                 : num  -0.73253 -0.23035 -0.00131 -0.54583 -0.45322 ...
 $ Gen01.TimeSdvMin                 : num  -1.75 -1.57 -2.42 -1.75 -2.41 ...
 $ Gen01.TimeSdvMax                 : num  0.372 2.005 1.907 0.517 1.151 ...
 $ Gen01.OrderOfFinishSdvAvg        : num  -0.803 -0.345 -0.071 -0.701 -0.609 ...
 $ Gen01.RunCount                   : num  9 15 52 9 12 16 44 101 45 53 ...
 $ Gen01.HitCount1                  : num  1 0 3 1 0 0 1 8 1 4 ...
 $ Gen01.HitCount2                  : num  0 1 6 0 0 1 4 6 6 6 ...
 $ Gen01.HitCount3                  : num  0 2 3 0 1 2 1 11 6 3 ...
 $ Gen01.HitCount4                  : num  0 1 1 0 1 1 3 6 5 1 ...
 $ Gen01.HitCount5                  : num  0 0 4 0 1 0 4 8 3 4 ...
 $ Gen01.HitRate1                   : num  0.1111 0 0.0577 0.1111 0 ...
 $ Gen01.HitRate2                   : num  0 0.0667 0.1154 0 0 ...
 $ Gen01.HitRate3                   : num  0 0.1333 0.0577 0 0.0833 ...
 $ Gen01.HitRate4                   : num  0 0.0667 0.0192 0 0.0833 ...
 $ Gen01.HitRate5                   : num  0 0 0.0769 0 0.0833 ...
 $ EOF                              : int  1 1 1 1 1 1 1 1 1 1 ...
 - attr(*, "na.action")= 'omit' Named int  219 341 448 505 523 978 1103 1368 1402 2105 ...
  ..- attr(*, "names")= chr  "219" "341" "448" "505" ...
[1] "2022-02-25 20:33:00 --- na.omit Finish ---"
[1] "2022-02-25 20:33:00 --- rxGlm with rxStepControl Start ---"

> print(paste0(Sys.time(), " --- source_logic_glm.R Start ---"))
[1] "2022-02-25 20:33:00 --- source_logic_glm.R Start ---"

> formula <- formula(RaceHorse.IsHitA ~ +1 + Gen01.TimeSdvAvg)

> print(paste0(Sys.time(), " --- source_logic_glm.R Finished ---"))
[1] "2022-02-25 20:33:01 --- source_logic_glm.R Finished ---"
Rows Read: 14300, Total Rows Processed: 14300, Total Chunk Time: Less than .001 seconds 

Starting values (iteration 1) time: 0.017 secs.
Rows Read: 14300, Total Rows Processed: 14300, Total Chunk Time: Less than .001 seconds 

Iteration 2 time: 0.195 secs.
Rows Read: 14300, Total Rows Processed: 14300, Total Chunk Time: 0.002 seconds 

Iteration 3 time: 0.114 secs.
Rows Read: 14300, Total Rows Processed: 14300, Total Chunk Time: 0.002 seconds 

Iteration 4 time: 0.113 secs.

Elapsed computation time: 0.846 secs.
Rows Read: 14300, Total Rows Processed: 14300, Total Chunk Time: Less than .001 seconds 

Starting values (iteration 1) time: 0.127 secs.
Rows Read: 14300, Total Rows Processed: 14300, Total Chunk Time: 0.002 seconds 

Iteration 2 time: 0.122 secs.

Elapsed computation time: 0.487 secs.
Rows Read: 14300, Total Rows Processed: 14300, Total Chunk Time: Less than .001 seconds 

Starting values (iteration 1) time: 0.110 secs.
Rows Read: 14300, Total Rows Processed: 14300, Total Chunk Time: 0.002 seconds 

Iteration 2 time: 0.109 secs.
Rows Read: 14300, Total Rows Processed: 14300, Total Chunk Time: Less than .001 seconds 

Iteration 3 time: 0.094 secs.
Rows Read: 14300, Total Rows Processed: 14300, Total Chunk Time: 0.002 seconds 

Iteration 4 time: 0.116 secs.

Elapsed computation time: 0.838 secs.

Elapsed computation time: 2.568 secs.
[1] "--------------------------------------------------------------------------------"
[1] "analyze.results.glm.step="
Logistic Regression Results for: RaceHorse.IsHitA ~ Gen01.TimeSdvAvg
Data: data
Dependent variable(s): RaceHorse.IsHitA
Total independent variables: 2 
Number of valid observations: 14300
Number of missing observations: 0 
 
Coefficients:
                 RaceHorse.IsHitA
(Intercept)                  -2.5
Gen01.TimeSdvAvg              0.4
[1] "analyze.results.glm.step.summary"
Call:
rxLogit(formula = formula, data = data, variableSelection = analyze.results.glm.step.varsel)

Logistic Regression Results for: RaceHorse.IsHitA ~ Gen01.TimeSdvAvg
Data: data
Dependent variable(s): RaceHorse.IsHitA
Total independent variables: 2 
Number of valid observations: 14300
Number of missing observations: 0 
-2*LogLikelihood: 7952.305 (Residual deviance on 14298 degrees of freedom)
 
Coefficients:
                 Estimate Std. Error z value Pr(>|z|)    
(Intercept)       -2.5065     0.0343  -73.05  2.2e-16 ***
Gen01.TimeSdvAvg   0.4483     0.0898    4.99  5.9e-07 ***
---
Signif. codes:  0 '***' 0.001 '**' 0.01 '*' 0.05 '.' 0.1 ' ' 1

Condition number of final variance-covariance matrix: 1 
Number of iterations: 4
[1] "--------------------------------------------------------------------------------"
[1] "2022-02-25 20:33:07 --- rxGlm with rxStepControl Finish ---"
[1] "2022-02-25 20:33:07 --- rxStepPlot Start ---"
[1] "pdfFilename=pdf_analyze_glm_Gen01_Type13_rxStepPlot.pdf"
[1] "rxStepPlot="
[1] "2022-02-25 20:33:07 --- rxStepPlot Finish ---"
[1] "2022-02-25 20:33:07 --- save.image Start ---"
[1] "save.image"
[1] "rdataFilename=RData_analyze_glm_Gen01_Type13.RData"
[1] "2022-02-25 20:33:07 --- save.image Finish ---"
[1] "2022-02-25 20:33:07 --- final Start ---"
[1] "--------------------------------------------------------------------------------"
[1] "nrow(data) final=14300"
[1] "--------------------------------------------------------------------------------"
[1] "2022-02-25 20:33:08 --- final Finish ---"
[1] "2022-02-25 20:33:08 --- analyze_glm.R Finished ---"
[1] "2022-02-25 20:33:08 --- log Finish ---"
