[1] "2022-02-21 22:12:02 --- D1115_analyze_glm_Jockey_IsHitA_Type22 Start ---"
[1] "2022-02-21 22:12:02 --- Log Start ---"
[1] "2022-02-21 22:12:02 --- analyze_glm.R Start ---"
[1] "analyzeVersion=D1115"
[1] "analyzeCategory=analyze"
[1] "analyzeType=Jockey"
[1] "analyzeFamily=IsHitA"
[1] "analyzeFunc=glm"
[1] "analyzeTrackTypeCd=2"
[1] "analyzeJyokenCd=2"
[1] "2022-02-21 22:12:02 --- source_function.R Start ---"
[1] "2022-02-21 22:12:02 --- source_function.R Finished ---"

> print(paste0(Sys.time(), " --- source_library.R Start ---"))
[1] "2022-02-21 22:12:02 --- source_library.R Start ---"

> require("RevoScaleR")

> print(paste0(Sys.time(), " --- source_library.R Finished ---"))
[1] "2022-02-21 22:12:07 --- source_library.R Finished ---"
[1] "2022-02-21 22:12:07 --- RxSqlServerData Start ---"
[1] "2022-02-21 22:12:07 --- RxInSqlServer Start ---"
[1] "2022-02-21 22:12:07 --- RxInSqlServer Finish ---"
[1] "2022-02-21 22:12:08 --- rxSetComputeContext Start ---"
[1] "2022-02-21 22:12:08 --- rxSetComputeContext Finish ---"
[1] "2022-02-21 22:12:08 --- RxSqlServerData Start ---"
[1] "sqlQuery=SELECT * FROM ViewAnalyzeD1115analyze01JockeyType22"
[1] "2022-02-21 22:12:08 --- RxSqlServerData Finish ---"
[1] "2022-02-21 22:12:08 --- rxGetVarInfo Start ---"
[1] "2022-02-21 22:12:08 --- rxGetVarInfo Finish---"
[1] "2022-02-21 22:12:08 --- rxImport Start ---"
Rows Read: 5739, Total Rows Processed: 5739, Total Chunk Time: 54.480 seconds 
[1] "2022-02-21 22:14:12 --- rxImport Finish ---"
[1] "object.size(data) auto=1.2 Mb"
[1] "--------------------------------------------------------------------------------"
[1] "nrow(data) RxSqlServerData=5739"
[1] "--------------------------------------------------------------------------------"
[1] "str(data)="
'data.frame':	5739 obs. of  39 variables:
 $ Race.RaceId                      : Factor w/ 399 levels "20160110-06-01-03-10",..: 1 6 6 3 3 4 7 5 8 8 ...
 $ Race.IsPredictedRace             : logi  TRUE TRUE TRUE TRUE TRUE TRUE ...
 $ Race.IsAnalyzeNormalPastAndFuture: logi  TRUE TRUE TRUE TRUE TRUE TRUE ...
 $ Race.IsAnalyzeNormalPast         : logi  TRUE TRUE TRUE TRUE TRUE TRUE ...
 $ Race.IsAnalyzeNormalFuture       : logi  FALSE FALSE FALSE FALSE FALSE FALSE ...
 $ Race.IsAnalyzeFullPastAndFuture  : logi  TRUE TRUE TRUE TRUE TRUE TRUE ...
 $ Race.IsAnalyzeFullPast           : logi  TRUE TRUE TRUE TRUE TRUE TRUE ...
 $ Race.IsAnalyzeFullFuture         : logi  FALSE FALSE FALSE FALSE FALSE FALSE ...
 $ Race.JyokenCd                    : Factor w/ 1 level "2": 1 1 1 1 1 1 1 1 1 1 ...
 $ Race.RaceType1Cd                 : Factor w/ 1 level "2-2-E": 1 1 1 1 1 1 1 1 1 1 ...
 $ RaceHorse.RaceId                 : Factor w/ 399 levels "20160110-06-01-03-10",..: 1 6 6 3 3 4 7 5 8 8 ...
 $ RaceHorse.KettoNum               : Factor w/ 1201 levels "2009103929","2010100275",..: 11 12 13 14 15 16 17 18 19 20 ...
 $ RaceHorse.IsHit1                 : int  0 0 0 0 0 0 0 0 0 0 ...
 $ RaceHorse.IsHit2                 : int  0 0 0 0 0 0 0 0 0 0 ...
 $ RaceHorse.IsHit3                 : int  0 0 0 0 0 0 0 0 0 0 ...
 $ RaceHorse.IsHit4                 : int  0 0 0 0 0 0 0 0 0 0 ...
 $ RaceHorse.IsHit5                 : int  0 0 0 0 0 0 0 0 0 1 ...
 $ RaceHorse.IsHit6                 : int  1 1 1 1 1 1 1 1 1 0 ...
 $ RaceHorse.IsValidRaceHorse       : logi  TRUE TRUE TRUE TRUE TRUE TRUE ...
 $ RaceHorse.IsHitA                 : int  0 0 0 0 0 0 0 0 0 0 ...
 $ RaceHorse.IsHitB                 : int  0 0 0 0 0 0 0 0 0 0 ...
 $ RaceHorse.IsHitC                 : int  0 0 0 0 0 0 0 0 0 0 ...
 $ Jockey.KisyuCode                 : Factor w/ 147 levels "00726","00689",..: 10 11 12 13 14 15 16 13 17 18 ...
 $ Jockey.TimeSdvByRaceAvg          : num  0.57398 -0.00322 0.08937 -0.1891 -0.22378 ...
 $ Jockey.TimeSdvByRaceMin          : num  -1.78 -2.33 -2.34 -2.54 -2.92 ...
 $ Jockey.TimeSdvByRaceMax          : num  1.97 1.5 1.65 1.43 1.9 ...
 $ Jockey.OrderOfFinishSdvAvg       : num  0.622 0.114 0.13 -0.226 -0.223 ...
 $ Jockey.RunCount                  : int  105 28 139 90 78 24 109 92 12 49 ...
 $ Jockey.HitCount1                 : int  20 4 11 2 2 1 12 2 0 1 ...
 $ Jockey.HitCount2                 : int  13 2 12 1 7 1 10 1 0 1 ...
 $ Jockey.HitCount3                 : int  11 2 15 4 5 7 5 4 1 4 ...
 $ Jockey.HitCount4                 : int  11 3 12 9 5 4 12 9 1 4 ...
 $ Jockey.HitCount5                 : int  11 1 9 2 1 1 13 2 0 3 ...
 $ Jockey.HitRate1                  : num  0.1905 0.1429 0.0791 0.0222 0.0256 ...
 $ Jockey.HitRate2                  : num  0.1238 0.0714 0.0863 0.0111 0.0897 ...
 $ Jockey.HitRate3                  : num  0.1048 0.0714 0.1079 0.0444 0.0641 ...
 $ Jockey.HitRate4                  : num  0.1048 0.1071 0.0863 0.1 0.0641 ...
 $ Jockey.HitRate5                  : num  0.1048 0.0357 0.0647 0.0222 0.0128 ...
 $ EOF                              : int  1 1 1 1 1 1 1 1 1 1 ...
[1] "2022-02-21 22:14:12 --- RxSqlServerData Finish ---"
[1] "2022-02-21 22:14:12 --- subset Start ---"
[1] "--------------------------------------------------------------------------------"
[1] "nrow(data) subset before=5739"
[1] "nrow(data) subset after =5739"
[1] "nrow(data) subset diff =0"
[1] "--------------------------------------------------------------------------------"
[1] "2022-02-21 22:14:12 --- subset Finish---"
[1] "2022-02-21 22:14:12 --- transform Start ---"
[1] "--------------------------------------------------------------------------------"
[1] "nrow(data) transform before=5739"
[1] "nrow(data) transform after=5739"
[1] "nrow(data) transform diff=0"
[1] "--------------------------------------------------------------------------------"
[1] "str(data)="
'data.frame':	5739 obs. of  39 variables:
 $ Race.RaceId                      : Factor w/ 399 levels "20160110-06-01-03-10",..: 1 6 6 3 3 4 7 5 8 8 ...
 $ Race.IsPredictedRace             : logi  TRUE TRUE TRUE TRUE TRUE TRUE ...
 $ Race.IsAnalyzeNormalPastAndFuture: logi  TRUE TRUE TRUE TRUE TRUE TRUE ...
 $ Race.IsAnalyzeNormalPast         : logi  TRUE TRUE TRUE TRUE TRUE TRUE ...
 $ Race.IsAnalyzeNormalFuture       : logi  FALSE FALSE FALSE FALSE FALSE FALSE ...
 $ Race.IsAnalyzeFullPastAndFuture  : logi  TRUE TRUE TRUE TRUE TRUE TRUE ...
 $ Race.IsAnalyzeFullPast           : logi  TRUE TRUE TRUE TRUE TRUE TRUE ...
 $ Race.IsAnalyzeFullFuture         : logi  FALSE FALSE FALSE FALSE FALSE FALSE ...
 $ Race.JyokenCd                    : Factor w/ 1 level "2": 1 1 1 1 1 1 1 1 1 1 ...
 $ Race.RaceType1Cd                 : Factor w/ 1 level "2-2-E": 1 1 1 1 1 1 1 1 1 1 ...
 $ RaceHorse.RaceId                 : Factor w/ 399 levels "20160110-06-01-03-10",..: 1 6 6 3 3 4 7 5 8 8 ...
 $ RaceHorse.KettoNum               : Factor w/ 1201 levels "2009103929","2010100275",..: 11 12 13 14 15 16 17 18 19 20 ...
 $ RaceHorse.IsHit1                 : int  0 0 0 0 0 0 0 0 0 0 ...
 $ RaceHorse.IsHit2                 : int  0 0 0 0 0 0 0 0 0 0 ...
 $ RaceHorse.IsHit3                 : int  0 0 0 0 0 0 0 0 0 0 ...
 $ RaceHorse.IsHit4                 : int  0 0 0 0 0 0 0 0 0 0 ...
 $ RaceHorse.IsHit5                 : int  0 0 0 0 0 0 0 0 0 1 ...
 $ RaceHorse.IsHit6                 : int  1 1 1 1 1 1 1 1 1 0 ...
 $ RaceHorse.IsValidRaceHorse       : logi  TRUE TRUE TRUE TRUE TRUE TRUE ...
 $ RaceHorse.IsHitA                 : int  0 0 0 0 0 0 0 0 0 0 ...
 $ RaceHorse.IsHitB                 : int  0 0 0 0 0 0 0 0 0 0 ...
 $ RaceHorse.IsHitC                 : int  0 0 0 0 0 0 0 0 0 0 ...
 $ Jockey.KisyuCode                 : Factor w/ 147 levels "00726","00689",..: 10 11 12 13 14 15 16 13 17 18 ...
 $ Jockey.TimeSdvByRaceAvg          : num  0.57398 -0.00322 0.08937 -0.1891 -0.22378 ...
 $ Jockey.TimeSdvByRaceMin          : num  -1.78 -2.33 -2.34 -2.54 -2.92 ...
 $ Jockey.TimeSdvByRaceMax          : num  1.97 1.5 1.65 1.43 1.9 ...
 $ Jockey.OrderOfFinishSdvAvg       : num  0.622 0.114 0.13 -0.226 -0.223 ...
 $ Jockey.RunCount                  : int  105 28 139 90 78 24 109 92 12 49 ...
 $ Jockey.HitCount1                 : int  20 4 11 2 2 1 12 2 0 1 ...
 $ Jockey.HitCount2                 : int  13 2 12 1 7 1 10 1 0 1 ...
 $ Jockey.HitCount3                 : int  11 2 15 4 5 7 5 4 1 4 ...
 $ Jockey.HitCount4                 : int  11 3 12 9 5 4 12 9 1 4 ...
 $ Jockey.HitCount5                 : int  11 1 9 2 1 1 13 2 0 3 ...
 $ Jockey.HitRate1                  : num  0.1905 0.1429 0.0791 0.0222 0.0256 ...
 $ Jockey.HitRate2                  : num  0.1238 0.0714 0.0863 0.0111 0.0897 ...
 $ Jockey.HitRate3                  : num  0.1048 0.0714 0.1079 0.0444 0.0641 ...
 $ Jockey.HitRate4                  : num  0.1048 0.1071 0.0863 0.1 0.0641 ...
 $ Jockey.HitRate5                  : num  0.1048 0.0357 0.0647 0.0222 0.0128 ...
 $ EOF                              : int  1 1 1 1 1 1 1 1 1 1 ...
NULL
[1] "2022-02-21 22:14:12 --- transform Finish ---"
[1] "2022-02-21 22:14:12 --- na.omit Start ---"
[1] "--------------------------------------------------------------------------------"
[1] "nrow(data) na.omit before=5739"
[1] "nrow(data) na.omit after =5739"
[1] "nrow(data) na.omit diff =0"
[1] "--------------------------------------------------------------------------------"
'data.frame':	5739 obs. of  39 variables:
 $ Race.RaceId                      : Factor w/ 399 levels "20160110-06-01-03-10",..: 1 6 6 3 3 4 7 5 8 8 ...
 $ Race.IsPredictedRace             : logi  TRUE TRUE TRUE TRUE TRUE TRUE ...
 $ Race.IsAnalyzeNormalPastAndFuture: logi  TRUE TRUE TRUE TRUE TRUE TRUE ...
 $ Race.IsAnalyzeNormalPast         : logi  TRUE TRUE TRUE TRUE TRUE TRUE ...
 $ Race.IsAnalyzeNormalFuture       : logi  FALSE FALSE FALSE FALSE FALSE FALSE ...
 $ Race.IsAnalyzeFullPastAndFuture  : logi  TRUE TRUE TRUE TRUE TRUE TRUE ...
 $ Race.IsAnalyzeFullPast           : logi  TRUE TRUE TRUE TRUE TRUE TRUE ...
 $ Race.IsAnalyzeFullFuture         : logi  FALSE FALSE FALSE FALSE FALSE FALSE ...
 $ Race.JyokenCd                    : Factor w/ 1 level "2": 1 1 1 1 1 1 1 1 1 1 ...
 $ Race.RaceType1Cd                 : Factor w/ 1 level "2-2-E": 1 1 1 1 1 1 1 1 1 1 ...
 $ RaceHorse.RaceId                 : Factor w/ 399 levels "20160110-06-01-03-10",..: 1 6 6 3 3 4 7 5 8 8 ...
 $ RaceHorse.KettoNum               : Factor w/ 1201 levels "2009103929","2010100275",..: 11 12 13 14 15 16 17 18 19 20 ...
 $ RaceHorse.IsHit1                 : int  0 0 0 0 0 0 0 0 0 0 ...
 $ RaceHorse.IsHit2                 : int  0 0 0 0 0 0 0 0 0 0 ...
 $ RaceHorse.IsHit3                 : int  0 0 0 0 0 0 0 0 0 0 ...
 $ RaceHorse.IsHit4                 : int  0 0 0 0 0 0 0 0 0 0 ...
 $ RaceHorse.IsHit5                 : int  0 0 0 0 0 0 0 0 0 1 ...
 $ RaceHorse.IsHit6                 : int  1 1 1 1 1 1 1 1 1 0 ...
 $ RaceHorse.IsValidRaceHorse       : logi  TRUE TRUE TRUE TRUE TRUE TRUE ...
 $ RaceHorse.IsHitA                 : int  0 0 0 0 0 0 0 0 0 0 ...
 $ RaceHorse.IsHitB                 : int  0 0 0 0 0 0 0 0 0 0 ...
 $ RaceHorse.IsHitC                 : int  0 0 0 0 0 0 0 0 0 0 ...
 $ Jockey.KisyuCode                 : Factor w/ 147 levels "00726","00689",..: 10 11 12 13 14 15 16 13 17 18 ...
 $ Jockey.TimeSdvByRaceAvg          : num  0.57398 -0.00322 0.08937 -0.1891 -0.22378 ...
 $ Jockey.TimeSdvByRaceMin          : num  -1.78 -2.33 -2.34 -2.54 -2.92 ...
 $ Jockey.TimeSdvByRaceMax          : num  1.97 1.5 1.65 1.43 1.9 ...
 $ Jockey.OrderOfFinishSdvAvg       : num  0.622 0.114 0.13 -0.226 -0.223 ...
 $ Jockey.RunCount                  : int  105 28 139 90 78 24 109 92 12 49 ...
 $ Jockey.HitCount1                 : int  20 4 11 2 2 1 12 2 0 1 ...
 $ Jockey.HitCount2                 : int  13 2 12 1 7 1 10 1 0 1 ...
 $ Jockey.HitCount3                 : int  11 2 15 4 5 7 5 4 1 4 ...
 $ Jockey.HitCount4                 : int  11 3 12 9 5 4 12 9 1 4 ...
 $ Jockey.HitCount5                 : int  11 1 9 2 1 1 13 2 0 3 ...
 $ Jockey.HitRate1                  : num  0.1905 0.1429 0.0791 0.0222 0.0256 ...
 $ Jockey.HitRate2                  : num  0.1238 0.0714 0.0863 0.0111 0.0897 ...
 $ Jockey.HitRate3                  : num  0.1048 0.0714 0.1079 0.0444 0.0641 ...
 $ Jockey.HitRate4                  : num  0.1048 0.1071 0.0863 0.1 0.0641 ...
 $ Jockey.HitRate5                  : num  0.1048 0.0357 0.0647 0.0222 0.0128 ...
 $ EOF                              : int  1 1 1 1 1 1 1 1 1 1 ...
[1] "2022-02-21 22:14:13 --- na.omit Finish ---"
[1] "2022-02-21 22:14:13 --- rxGlm with rxStepControl Start ---"

> print(paste0(Sys.time(), " --- source_logic_glm.R Start ---"))
[1] "2022-02-21 22:14:13 --- source_logic_glm.R Start ---"

> formula <- formula(RaceHorse.IsHitA ~ +1 + Jockey.OrderOfFinishSdvAvg)

> print(paste0(Sys.time(), " --- source_logic_glm.R Finished ---"))
[1] "2022-02-21 22:14:13 --- source_logic_glm.R Finished ---"
Rows Read: 5739, Total Rows Processed: 5739, Total Chunk Time: Less than .001 seconds 

Starting values (iteration 1) time: 0.022 secs.
Rows Read: 5739, Total Rows Processed: 5739, Total Chunk Time: 0.002 seconds 

Iteration 2 time: 0.006 secs.
Rows Read: 5739, Total Rows Processed: 5739, Total Chunk Time: 0.001 seconds 

Iteration 3 time: 0.007 secs.
Rows Read: 5739, Total Rows Processed: 5739, Total Chunk Time: 0.001 seconds 

Iteration 4 time: 0.004 secs.
Rows Read: 5739, Total Rows Processed: 5739, Total Chunk Time: 0.001 seconds 

Iteration 5 time: 0.004 secs.

Elapsed computation time: 0.062 secs.
Rows Read: 5739, Total Rows Processed: 5739, Total Chunk Time: 0.001 seconds 

Starting values (iteration 1) time: 0.004 secs.
Rows Read: 5739, Total Rows Processed: 5739, Total Chunk Time: Less than .001 seconds 

Iteration 2 time: 0.007 secs.

Elapsed computation time: 0.021 secs.
Rows Read: 5739, Total Rows Processed: 5739, Total Chunk Time: Less than .001 seconds 

Starting values (iteration 1) time: 0.007 secs.
Rows Read: 5739, Total Rows Processed: 5739, Total Chunk Time: 0.001 seconds 

Iteration 2 time: 0.008 secs.
Rows Read: 5739, Total Rows Processed: 5739, Total Chunk Time: 0.001 seconds 

Iteration 3 time: 0.005 secs.
Rows Read: 5739, Total Rows Processed: 5739, Total Chunk Time: 0.002 seconds 

Iteration 4 time: 0.004 secs.
Rows Read: 5739, Total Rows Processed: 5739, Total Chunk Time: 0.002 seconds 

Iteration 5 time: 0.004 secs.

Elapsed computation time: 0.054 secs.

Elapsed computation time: 0.153 secs.
[1] "--------------------------------------------------------------------------------"
[1] "analyze.results.glm.step="
Logistic Regression Results for: RaceHorse.IsHitA ~
    Jockey.OrderOfFinishSdvAvg
Data: data
Dependent variable(s): RaceHorse.IsHitA
Total independent variables: 2 
Number of valid observations: 5739
Number of missing observations: 0 
 
Coefficients:
                           RaceHorse.IsHitA
(Intercept)                              -3
Jockey.OrderOfFinishSdvAvg                1
[1] "analyze.results.glm.step.summary"
Call:
rxLogit(formula = formula, data = data, variableSelection = analyze.results.glm.step.varsel)

Logistic Regression Results for: RaceHorse.IsHitA ~
    Jockey.OrderOfFinishSdvAvg
Data: data
Dependent variable(s): RaceHorse.IsHitA
Total independent variables: 2 
Number of valid observations: 5739
Number of missing observations: 0 
-2*LogLikelihood: 2819.602 (Residual deviance on 5737 degrees of freedom)
 
Coefficients:
                           Estimate Std. Error z value Pr(>|z|)    
(Intercept)                 -2.7253     0.0582  -46.85  2.2e-16 ***
Jockey.OrderOfFinishSdvAvg   1.4472     0.1627    8.89  2.2e-16 ***
---
Signif. codes:  0 '***' 0.001 '**' 0.01 '*' 0.05 '.' 0.1 ' ' 1

Condition number of final variance-covariance matrix: 1 
Number of iterations: 5
[1] "--------------------------------------------------------------------------------"
[1] "2022-02-21 22:14:13 --- rxGlm with rxStepControl Finish ---"
[1] "2022-02-21 22:14:13 --- rxStepPlot Start ---"
[1] "pdfFilename=pdf_analyze_glm_Jockey_Type22_rxStepPlot.pdf"
[1] "rxStepPlot="
[1] "2022-02-21 22:14:30 --- rxStepPlot Finish ---"
[1] "2022-02-21 22:14:30 --- save.image Start ---"
[1] "save.image"
[1] "rdataFilename=RData_analyze_glm_Jockey_Type22.RData"
[1] "2022-02-21 22:14:35 --- save.image Finish ---"
[1] "2022-02-21 22:14:35 --- final Start ---"
[1] "--------------------------------------------------------------------------------"
[1] "nrow(data) final=5739"
[1] "--------------------------------------------------------------------------------"
[1] "2022-02-21 22:14:35 --- final Finish ---"
[1] "2022-02-21 22:14:35 --- analyze_glm.R Finished ---"
[1] "2022-02-21 22:14:35 --- log Finish ---"
