[1] "2022-02-18 01:43:24 --- D1115_analyze_glm_RaceHorse_IsHitA_Type11 Start ---"
[1] "2022-02-18 01:43:24 --- Log Start ---"
[1] "2022-02-18 01:43:24 --- analyze_glm.R Start ---"
[1] "analyzeVersion=D1115"
[1] "analyzeCategory=analyze"
[1] "analyzeType=RaceHorse"
[1] "analyzeFamily=IsHitA"
[1] "analyzeFunc=glm"
[1] "analyzeTrackTypeCd=1"
[1] "analyzeJyokenCd=1"
[1] "2022-02-18 01:43:24 --- source_function.R Start ---"
[1] "2022-02-18 01:43:24 --- source_function.R Finished ---"

> print(paste0(Sys.time(), " --- source_library.R Start ---"))
[1] "2022-02-18 01:43:24 --- source_library.R Start ---"

> require("RevoScaleR")

> print(paste0(Sys.time(), " --- source_library.R Finished ---"))
[1] "2022-02-18 01:43:29 --- source_library.R Finished ---"
[1] "2022-02-18 01:43:29 --- RxSqlServerData Start ---"
[1] "2022-02-18 01:43:29 --- RxInSqlServer Start ---"
[1] "2022-02-18 01:43:29 --- RxInSqlServer Finish ---"
[1] "2022-02-18 01:43:29 --- rxSetComputeContext Start ---"
[1] "2022-02-18 01:43:29 --- rxSetComputeContext Finish ---"
[1] "2022-02-18 01:43:29 --- RxSqlServerData Start ---"
[1] "sqlQuery=SELECT * FROM ViewAnalyzeD1115analyze01RaceHorseType11"
[1] "2022-02-18 01:43:29 --- RxSqlServerData Finish ---"
[1] "2022-02-18 01:43:29 --- rxGetVarInfo Start ---"
[1] "2022-02-18 01:43:29 --- rxGetVarInfo Finish---"
[1] "2022-02-18 01:43:29 --- rxImport Start ---"
Rows Read: 15964, Total Rows Processed: 15964, Total Chunk Time: 0.255 seconds 
[1] "2022-02-18 01:43:35 --- rxImport Finish ---"
[1] "object.size(data) auto=2.6 Mb"
[1] "--------------------------------------------------------------------------------"
[1] "nrow(data) RxSqlServerData=15964"
[1] "--------------------------------------------------------------------------------"
[1] "str(data)="
'data.frame':	15964 obs. of  32 variables:
 $ Race.RaceId                      : Factor w/ 1148 levels "20160105-06-01-01-10",..: 1 1 1 1 1 1 1 1 1 1 ...
 $ Race.IsPredictedRace             : logi  TRUE TRUE TRUE TRUE TRUE TRUE ...
 $ Race.IsAnalyzeNormalPastAndFuture: logi  TRUE TRUE TRUE TRUE TRUE TRUE ...
 $ Race.IsAnalyzeNormalPast         : logi  TRUE TRUE TRUE TRUE TRUE TRUE ...
 $ Race.IsAnalyzeNormalFuture       : logi  FALSE FALSE FALSE FALSE FALSE FALSE ...
 $ Race.IsAnalyzeFullPastAndFuture  : logi  TRUE TRUE TRUE TRUE TRUE TRUE ...
 $ Race.IsAnalyzeFullPast           : logi  TRUE TRUE TRUE TRUE TRUE TRUE ...
 $ Race.IsAnalyzeFullFuture         : logi  FALSE FALSE FALSE FALSE FALSE FALSE ...
 $ Race.JyokenCd                    : Factor w/ 1 level "1": 1 1 1 1 1 1 1 1 1 1 ...
 $ Race.JyoType1Cd                  : Factor w/ 156 levels "1-06-1600-1",..: 1 1 1 1 1 1 1 1 1 1 ...
 $ Race.RaceType0Cd                 : Factor w/ 428 levels "1-06-1600-1-1-E-12",..: 1 1 1 1 1 1 1 1 1 1 ...
 $ Race.RaceType1Cd                 : Factor w/ 6 levels "1-1-E","1-1-C",..: 1 1 1 1 1 1 1 1 1 1 ...
 $ Race.RaceType2Cd                 : Factor w/ 6 levels "1-1-E","1-1-C",..: 1 1 1 1 1 1 1 1 1 1 ...
 $ Race.RaceType3Cd                 : Factor w/ 22 levels "1-E-12","1-C-14",..: 1 1 1 1 1 1 1 1 1 1 ...
 $ Race.RaceType4Cd                 : Factor w/ 4 levels "1-1-12","1-1-14",..: 1 1 1 1 1 1 1 1 1 1 ...
 $ RaceHorse.RaceId                 : Factor w/ 1148 levels "20160105-06-01-01-10",..: 1 1 1 1 1 1 1 1 1 1 ...
 $ RaceHorse.KettoNum               : Factor w/ 3732 levels "2013100637","2013101006",..: 1 2 3 4 5 6 7 8 9 10 ...
 $ RaceHorse.Umaban                 : int  5 6 7 9 8 4 2 10 1 3 ...
 $ RaceHorse.Futan                  : num  57 56 56 54 54 56 56 56 54 56 ...
 $ RaceHorse.Bataijyu               : num  470 462 460 448 456 504 492 472 476 514 ...
 $ RaceHorse.Lifetime               : num  1062 1000 990 1042 945 ...
 $ RaceHorse.IsHit1                 : int  0 0 0 0 0 1 0 0 0 0 ...
 $ RaceHorse.IsHit2                 : int  0 0 0 0 0 0 0 1 0 0 ...
 $ RaceHorse.IsHit3                 : int  0 1 0 0 0 0 0 0 0 0 ...
 $ RaceHorse.IsHit4                 : int  0 0 0 0 0 0 1 0 0 0 ...
 $ RaceHorse.IsHit5                 : int  0 0 0 1 0 0 0 0 0 0 ...
 $ RaceHorse.IsHit6                 : int  1 0 1 0 1 0 0 0 1 1 ...
 $ RaceHorse.IsValidRaceHorse       : logi  TRUE TRUE TRUE TRUE TRUE TRUE ...
 $ RaceHorse.IsHitA                 : int  0 0 0 0 0 1 0 0 0 0 ...
 $ RaceHorse.IsHitB                 : int  0 0 0 0 0 1 0 1 0 0 ...
 $ RaceHorse.IsHitC                 : int  0 1 0 0 0 1 0 1 0 0 ...
 $ EOF                              : int  1 1 1 1 1 1 1 1 1 1 ...
[1] "2022-02-18 01:43:36 --- RxSqlServerData Finish ---"
[1] "2022-02-18 01:43:36 --- subset Start ---"
[1] "--------------------------------------------------------------------------------"
[1] "nrow(data) subset before=15964"
[1] "nrow(data) subset after =12852"
[1] "nrow(data) subset diff =3112"
[1] "--------------------------------------------------------------------------------"
[1] "2022-02-18 01:43:36 --- subset Finish---"
[1] "2022-02-18 01:43:36 --- transform Start ---"
[1] "--------------------------------------------------------------------------------"
[1] "nrow(data) transform before=12852"
[1] "nrow(data) transform after=12852"
[1] "nrow(data) transform diff=0"
[1] "--------------------------------------------------------------------------------"
[1] "str(data)="
'data.frame':	12852 obs. of  32 variables:
 $ Race.RaceId                      : Factor w/ 1148 levels "20160105-06-01-01-10",..: 1 1 1 1 1 1 1 1 1 1 ...
 $ Race.IsPredictedRace             : logi  TRUE TRUE TRUE TRUE TRUE TRUE ...
 $ Race.IsAnalyzeNormalPastAndFuture: logi  TRUE TRUE TRUE TRUE TRUE TRUE ...
 $ Race.IsAnalyzeNormalPast         : logi  TRUE TRUE TRUE TRUE TRUE TRUE ...
 $ Race.IsAnalyzeNormalFuture       : logi  FALSE FALSE FALSE FALSE FALSE FALSE ...
 $ Race.IsAnalyzeFullPastAndFuture  : logi  TRUE TRUE TRUE TRUE TRUE TRUE ...
 $ Race.IsAnalyzeFullPast           : logi  TRUE TRUE TRUE TRUE TRUE TRUE ...
 $ Race.IsAnalyzeFullFuture         : logi  FALSE FALSE FALSE FALSE FALSE FALSE ...
 $ Race.JyokenCd                    : Factor w/ 1 level "1": 1 1 1 1 1 1 1 1 1 1 ...
 $ Race.JyoType1Cd                  : Factor w/ 156 levels "1-06-1600-1",..: 1 1 1 1 1 1 1 1 1 1 ...
 $ Race.RaceType0Cd                 : Factor w/ 428 levels "1-06-1600-1-1-E-12",..: 1 1 1 1 1 1 1 1 1 1 ...
 $ Race.RaceType1Cd                 : Factor w/ 6 levels "1-1-E","1-1-C",..: 1 1 1 1 1 1 1 1 1 1 ...
 $ Race.RaceType2Cd                 : Factor w/ 6 levels "1-1-E","1-1-C",..: 1 1 1 1 1 1 1 1 1 1 ...
 $ Race.RaceType3Cd                 : Factor w/ 22 levels "1-E-12","1-C-14",..: 1 1 1 1 1 1 1 1 1 1 ...
 $ Race.RaceType4Cd                 : Factor w/ 4 levels "1-1-12","1-1-14",..: 1 1 1 1 1 1 1 1 1 1 ...
 $ RaceHorse.RaceId                 : Factor w/ 1148 levels "20160105-06-01-01-10",..: 1 1 1 1 1 1 1 1 1 1 ...
 $ RaceHorse.KettoNum               : Factor w/ 3732 levels "2013100637","2013101006",..: 1 2 3 4 5 6 7 8 9 10 ...
 $ RaceHorse.Umaban                 : int  5 6 7 9 8 4 2 10 1 3 ...
 $ RaceHorse.Futan                  : num  57 56 56 54 54 56 56 56 54 56 ...
 $ RaceHorse.Bataijyu               : num  470 462 460 448 456 504 492 472 476 514 ...
 $ RaceHorse.Lifetime               : num  1062 1000 990 1042 945 ...
 $ RaceHorse.IsHit1                 : int  0 0 0 0 0 1 0 0 0 0 ...
 $ RaceHorse.IsHit2                 : int  0 0 0 0 0 0 0 1 0 0 ...
 $ RaceHorse.IsHit3                 : int  0 1 0 0 0 0 0 0 0 0 ...
 $ RaceHorse.IsHit4                 : int  0 0 0 0 0 0 1 0 0 0 ...
 $ RaceHorse.IsHit5                 : int  0 0 0 1 0 0 0 0 0 0 ...
 $ RaceHorse.IsHit6                 : int  1 0 1 0 1 0 0 0 1 1 ...
 $ RaceHorse.IsValidRaceHorse       : logi  TRUE TRUE TRUE TRUE TRUE TRUE ...
 $ RaceHorse.IsHitA                 : int  0 0 0 0 0 1 0 0 0 0 ...
 $ RaceHorse.IsHitB                 : int  0 0 0 0 0 1 0 1 0 0 ...
 $ RaceHorse.IsHitC                 : int  0 1 0 0 0 1 0 1 0 0 ...
 $ EOF                              : int  1 1 1 1 1 1 1 1 1 1 ...
NULL
[1] "2022-02-18 01:43:36 --- transform Finish ---"
[1] "2022-02-18 01:43:36 --- na.omit Start ---"
[1] "--------------------------------------------------------------------------------"
[1] "nrow(data) na.omit before=12852"
[1] "nrow(data) na.omit after =12822"
[1] "nrow(data) na.omit diff =30"
[1] "--------------------------------------------------------------------------------"
'data.frame':	12822 obs. of  32 variables:
 $ Race.RaceId                      : Factor w/ 1148 levels "20160105-06-01-01-10",..: 1 1 1 1 1 1 1 1 1 1 ...
 $ Race.IsPredictedRace             : logi  TRUE TRUE TRUE TRUE TRUE TRUE ...
 $ Race.IsAnalyzeNormalPastAndFuture: logi  TRUE TRUE TRUE TRUE TRUE TRUE ...
 $ Race.IsAnalyzeNormalPast         : logi  TRUE TRUE TRUE TRUE TRUE TRUE ...
 $ Race.IsAnalyzeNormalFuture       : logi  FALSE FALSE FALSE FALSE FALSE FALSE ...
 $ Race.IsAnalyzeFullPastAndFuture  : logi  TRUE TRUE TRUE TRUE TRUE TRUE ...
 $ Race.IsAnalyzeFullPast           : logi  TRUE TRUE TRUE TRUE TRUE TRUE ...
 $ Race.IsAnalyzeFullFuture         : logi  FALSE FALSE FALSE FALSE FALSE FALSE ...
 $ Race.JyokenCd                    : Factor w/ 1 level "1": 1 1 1 1 1 1 1 1 1 1 ...
 $ Race.JyoType1Cd                  : Factor w/ 156 levels "1-06-1600-1",..: 1 1 1 1 1 1 1 1 1 1 ...
 $ Race.RaceType0Cd                 : Factor w/ 428 levels "1-06-1600-1-1-E-12",..: 1 1 1 1 1 1 1 1 1 1 ...
 $ Race.RaceType1Cd                 : Factor w/ 6 levels "1-1-E","1-1-C",..: 1 1 1 1 1 1 1 1 1 1 ...
 $ Race.RaceType2Cd                 : Factor w/ 6 levels "1-1-E","1-1-C",..: 1 1 1 1 1 1 1 1 1 1 ...
 $ Race.RaceType3Cd                 : Factor w/ 22 levels "1-E-12","1-C-14",..: 1 1 1 1 1 1 1 1 1 1 ...
 $ Race.RaceType4Cd                 : Factor w/ 4 levels "1-1-12","1-1-14",..: 1 1 1 1 1 1 1 1 1 1 ...
 $ RaceHorse.RaceId                 : Factor w/ 1148 levels "20160105-06-01-01-10",..: 1 1 1 1 1 1 1 1 1 1 ...
 $ RaceHorse.KettoNum               : Factor w/ 3732 levels "2013100637","2013101006",..: 1 2 3 4 5 6 7 8 9 10 ...
 $ RaceHorse.Umaban                 : int  5 6 7 9 8 4 2 10 1 3 ...
 $ RaceHorse.Futan                  : num  57 56 56 54 54 56 56 56 54 56 ...
 $ RaceHorse.Bataijyu               : num  470 462 460 448 456 504 492 472 476 514 ...
 $ RaceHorse.Lifetime               : num  1062 1000 990 1042 945 ...
 $ RaceHorse.IsHit1                 : int  0 0 0 0 0 1 0 0 0 0 ...
 $ RaceHorse.IsHit2                 : int  0 0 0 0 0 0 0 1 0 0 ...
 $ RaceHorse.IsHit3                 : int  0 1 0 0 0 0 0 0 0 0 ...
 $ RaceHorse.IsHit4                 : int  0 0 0 0 0 0 1 0 0 0 ...
 $ RaceHorse.IsHit5                 : int  0 0 0 1 0 0 0 0 0 0 ...
 $ RaceHorse.IsHit6                 : int  1 0 1 0 1 0 0 0 1 1 ...
 $ RaceHorse.IsValidRaceHorse       : logi  TRUE TRUE TRUE TRUE TRUE TRUE ...
 $ RaceHorse.IsHitA                 : int  0 0 0 0 0 1 0 0 0 0 ...
 $ RaceHorse.IsHitB                 : int  0 0 0 0 0 1 0 1 0 0 ...
 $ RaceHorse.IsHitC                 : int  0 1 0 0 0 1 0 1 0 0 ...
 $ EOF                              : int  1 1 1 1 1 1 1 1 1 1 ...
 - attr(*, "na.action")= 'omit' Named int  204 1785 1923 3371 3990 4336 4746 5171 5893 6137 ...
  ..- attr(*, "names")= chr  "204" "1785" "1923" "3371" ...
[1] "2022-02-18 01:43:37 --- na.omit Finish ---"
[1] "2022-02-18 01:43:37 --- rxGlm with rxStepControl Start ---"

> print(paste0(Sys.time(), " --- source_logic_glm.R Start ---"))
[1] "2022-02-18 01:43:37 --- source_logic_glm.R Start ---"

> formula <- formula(RaceHorse.IsHitA ~ +1 + RaceHorse.Umaban + 
+     RaceHorse.Futan + RaceHorse.Bataijyu + RaceHorse.Lifetime)

> print(paste0(Sys.time(), " --- source_logic_glm.R Finished ---"))
[1] "2022-02-18 01:43:37 --- source_logic_glm.R Finished ---"
Rows Read: 12822, Total Rows Processed: 12822, Total Chunk Time: 0.002 seconds 

Starting values (iteration 1) time: 0.021 secs.
Rows Read: 12822, Total Rows Processed: 12822, Total Chunk Time: 0.026 seconds 

Iteration 2 time: 0.031 secs.
Rows Read: 12822, Total Rows Processed: 12822, Total Chunk Time: 0.004 seconds 

Iteration 3 time: 0.012 secs.
Rows Read: 12822, Total Rows Processed: 12822, Total Chunk Time: 0.004 seconds 

Iteration 4 time: 0.009 secs.
Rows Read: 12822, Total Rows Processed: 12822, Total Chunk Time: 0.002 seconds 

Iteration 5 time: 0.005 secs.

Elapsed computation time: 0.119 secs.
Rows Read: 12822, Total Rows Processed: 12822, Total Chunk Time: Less than .001 seconds 

Starting values (iteration 1) time: 0.012 secs.
Rows Read: 12822, Total Rows Processed: 12822, Total Chunk Time: 0.002 seconds 

Iteration 2 time: 0.017 secs.
Rows Read: 12822, Total Rows Processed: 12822, Total Chunk Time: 0.002 seconds 

Iteration 3 time: 0.012 secs.
Rows Read: 12822, Total Rows Processed: 12822, Total Chunk Time: 0.002 seconds 

Iteration 4 time: 0.013 secs.
Rows Read: 12822, Total Rows Processed: 12822, Total Chunk Time: 0.005 seconds 

Iteration 5 time: 0.014 secs.

Elapsed computation time: 0.117 secs.
Rows Read: 12822, Total Rows Processed: 12822, Total Chunk Time: 0.002 seconds 

Starting values (iteration 1) time: 0.009 secs.
Rows Read: 12822, Total Rows Processed: 12822, Total Chunk Time: 0.002 seconds 

Iteration 2 time: 0.007 secs.
Rows Read: 12822, Total Rows Processed: 12822, Total Chunk Time: 0.002 seconds 

Iteration 3 time: 0.007 secs.
Rows Read: 12822, Total Rows Processed: 12822, Total Chunk Time: 0.002 seconds 

Iteration 4 time: 0.006 secs.
Rows Read: 12822, Total Rows Processed: 12822, Total Chunk Time: Less than .001 seconds 

Iteration 5 time: 0.005 secs.

Elapsed computation time: 0.065 secs.
Rows Read: 12822, Total Rows Processed: 12822, Total Chunk Time: Less than .001 seconds 

Starting values (iteration 1) time: 0.005 secs.
Rows Read: 12822, Total Rows Processed: 12822, Total Chunk Time: 0.002 seconds 

Iteration 2 time: 0.009 secs.
Rows Read: 12822, Total Rows Processed: 12822, Total Chunk Time: 0.002 seconds 

Iteration 3 time: 0.004 secs.
Rows Read: 12822, Total Rows Processed: 12822, Total Chunk Time: Less than .001 seconds 

Iteration 4 time: 0.008 secs.

Elapsed computation time: 0.050 secs.
Rows Read: 12822, Total Rows Processed: 12822, Total Chunk Time: 0.001 seconds 

Starting values (iteration 1) time: 0.008 secs.
Rows Read: 12822, Total Rows Processed: 12822, Total Chunk Time: 0.002 seconds 

Iteration 2 time: 0.009 secs.
Rows Read: 12822, Total Rows Processed: 12822, Total Chunk Time: Less than .001 seconds 

Iteration 3 time: 0.005 secs.
Rows Read: 12822, Total Rows Processed: 12822, Total Chunk Time: 0.002 seconds 

Iteration 4 time: 0.010 secs.
Rows Read: 12822, Total Rows Processed: 12822, Total Chunk Time: 0.002 seconds 

Iteration 5 time: 0.011 secs.

Elapsed computation time: 0.067 secs.
Rows Read: 12822, Total Rows Processed: 12822, Total Chunk Time: Less than .001 seconds 

Starting values (iteration 1) time: 0.008 secs.
Rows Read: 12822, Total Rows Processed: 12822, Total Chunk Time: 0.003 seconds 

Iteration 2 time: 0.011 secs.
Rows Read: 12822, Total Rows Processed: 12822, Total Chunk Time: 0.001 seconds 

Iteration 3 time: 0.012 secs.
Rows Read: 12822, Total Rows Processed: 12822, Total Chunk Time: 0.002 seconds 

Iteration 4 time: 0.009 secs.
Rows Read: 12822, Total Rows Processed: 12822, Total Chunk Time: 0.002 seconds 

Iteration 5 time: 0.006 secs.

Elapsed computation time: 0.073 secs.

Elapsed computation time: 0.552 secs.
[1] "--------------------------------------------------------------------------------"
[1] "analyze.results.glm.step="
Logistic Regression Results for: RaceHorse.IsHitA ~ RaceHorse.Umaban +
    RaceHorse.Futan + RaceHorse.Bataijyu + RaceHorse.Lifetime
Data: data
Dependent variable(s): RaceHorse.IsHitA
Total independent variables: 5 
Number of valid observations: 12822
Number of missing observations: 0 
 
Coefficients:
                   RaceHorse.IsHitA
(Intercept)                  -9e+00
RaceHorse.Umaban             -3e-02
RaceHorse.Futan               5e-02
RaceHorse.Bataijyu            1e-02
RaceHorse.Lifetime           -7e-04
[1] "analyze.results.glm.step.summary"
Call:
rxLogit(formula = formula, data = data, variableSelection = analyze.results.glm.step.varsel)

Logistic Regression Results for: RaceHorse.IsHitA ~ RaceHorse.Umaban +
    RaceHorse.Futan + RaceHorse.Bataijyu + RaceHorse.Lifetime
Data: data
Dependent variable(s): RaceHorse.IsHitA
Total independent variables: 5 
Number of valid observations: 12822
Number of missing observations: 0 
-2*LogLikelihood: 6503.869 (Residual deviance on 12817 degrees of freedom)
 
Coefficients:
                    Estimate Std. Error z value Pr(>|z|)    
(Intercept)        -8.74e+00   1.37e+00   -6.37  1.9e-10 ***
RaceHorse.Umaban   -2.57e-02   7.73e-03   -3.32  0.00089 ***
RaceHorse.Futan     5.18e-02   2.53e-02    2.04  0.04103 *  
RaceHorse.Bataijyu  9.68e-03   1.32e-03    7.34  2.2e-16 ***
RaceHorse.Lifetime -6.76e-04   6.35e-05  -10.64  2.2e-16 ***
---
Signif. codes:  0 '***' 0.001 '**' 0.01 '*' 0.05 '.' 0.1 ' ' 1

Condition number of final variance-covariance matrix: 3 
Number of iterations: 5
[1] "--------------------------------------------------------------------------------"
[1] "2022-02-18 01:43:37 --- rxGlm with rxStepControl Finish ---"
[1] "2022-02-18 01:43:37 --- rxStepPlot Start ---"
[1] "pdfFilename=pdf_analyze_glm_RaceHorse_Type11_rxStepPlot.pdf"
[1] "rxStepPlot="
[1] "2022-02-18 01:43:45 --- rxStepPlot Finish ---"
[1] "2022-02-18 01:43:45 --- save.image Start ---"
[1] "save.image"
[1] "rdataFilename=RData_analyze_glm_RaceHorse_Type11.RData"
[1] "2022-02-18 01:43:56 --- save.image Finish ---"
[1] "2022-02-18 01:43:56 --- final Start ---"
[1] "--------------------------------------------------------------------------------"
[1] "nrow(data) final=12822"
[1] "--------------------------------------------------------------------------------"
[1] "2022-02-18 01:43:56 --- final Finish ---"
[1] "2022-02-18 01:43:56 --- analyze_glm.R Finished ---"
[1] "2022-02-18 01:43:56 --- log Finish ---"
