[1] "2022-02-26 17:58:22 --- D1115_analyze_glm_Jockey_IsHitA_Type23 Start ---"
[1] "2022-02-26 17:58:22 --- Log Start ---"
[1] "2022-02-26 17:58:22 --- analyze_glm.R Start ---"
[1] "analyzeVersion=D1115"
[1] "analyzeCategory=analyze"
[1] "analyzeType=Jockey"
[1] "analyzeFamily=IsHitA"
[1] "analyzeFunc=glm"
[1] "analyzeTrackTypeCd=2"
[1] "analyzeJyokenCd=3"
[1] "2022-02-26 17:58:25 --- source_function.R Start ---"
[1] "2022-02-26 17:58:27 --- source_function.R Finished ---"

> print(paste0(Sys.time(), " --- source_library.R Start ---"))
[1] "2022-02-26 17:58:32 --- source_library.R Start ---"

> require("RevoScaleR")

> print(paste0(Sys.time(), " --- source_library.R Finished ---"))
[1] "2022-02-26 17:58:34 --- source_library.R Finished ---"
[1] "2022-02-26 17:58:37 --- RxSqlServerData Start ---"
[1] "2022-02-26 17:58:38 --- RxInSqlServer Start ---"
[1] "2022-02-26 17:58:40 --- RxInSqlServer Finish ---"
[1] "2022-02-26 17:58:42 --- rxSetComputeContext Start ---"
[1] "2022-02-26 17:58:44 --- rxSetComputeContext Finish ---"
[1] "2022-02-26 17:58:44 --- RxSqlServerData Start ---"
[1] "sqlQuery=SELECT * FROM ViewAnalyzeD1115analyze01JockeyType23"
[1] "2022-02-26 17:58:44 --- RxSqlServerData Finish ---"
[1] "2022-02-26 17:58:45 --- rxGetVarInfo Start ---"
[1] "2022-02-26 17:58:50 --- rxGetVarInfo Finish---"
[1] "2022-02-26 17:58:50 --- rxImport Start ---"
Rows Read: 14841, Total Rows Processed: 14841, Total Chunk Time: 29.050 seconds 
[1] "2022-02-26 17:59:52 --- rxImport Finish ---"
[1] "object.size(data) auto=4.5 Mb"
[1] "--------------------------------------------------------------------------------"
[1] "nrow(data) RxSqlServerData=14841"
[1] "--------------------------------------------------------------------------------"
[1] "str(data)="
'data.frame':	14841 obs. of  43 variables:
 $ Race.RaceId                      : Factor w/ 1011 levels "20160105-06-01-01-08",..: 2 2 2 2 2 2 2 2 2 2 ...
 $ Race.IsAnalyzeNormalPastAndFuture: logi  TRUE TRUE TRUE TRUE TRUE TRUE ...
 $ Race.IsAnalyzeNormalPast         : logi  TRUE TRUE TRUE TRUE TRUE TRUE ...
 $ Race.IsAnalyzeNormalFuture       : logi  FALSE FALSE FALSE FALSE FALSE FALSE ...
 $ Race.IsAnalyzeFullPastAndFuture  : logi  TRUE TRUE TRUE TRUE TRUE TRUE ...
 $ Race.IsAnalyzeFullPast           : logi  TRUE TRUE TRUE TRUE TRUE TRUE ...
 $ Race.IsAnalyzeFullFuture         : logi  FALSE FALSE FALSE FALSE FALSE FALSE ...
 $ Race.JyokenCd                    : Factor w/ 1 level "3": 1 1 1 1 1 1 1 1 1 1 ...
 $ Race.JyoType1Cd                  : Factor w/ 105 levels "2-06-1200-3-1",..: 2 2 2 2 2 2 2 2 2 2 ...
 $ Race.RaceType1Cd                 : Factor w/ 6 levels "2-3-X-1","2-3-X-2",..: 2 2 2 2 2 2 2 2 2 2 ...
 $ RaceHorse.RaceId                 : Factor w/ 1011 levels "20160105-06-01-01-08",..: 2 2 2 2 2 2 2 2 2 2 ...
 $ RaceHorse.KettoNum               : Factor w/ 3169 levels "2009101967","2009103618",..: 11 12 13 14 15 16 17 18 19 20 ...
 $ RaceHorse.IsHit1                 : num  0 0 0 0 0 0 0 0 0 0 ...
 $ RaceHorse.IsHit2                 : num  0 0 0 0 0 0 0 0 0 0 ...
 $ RaceHorse.IsHit3                 : num  0 0 0 0 0 0 0 0 0 0 ...
 $ RaceHorse.IsHit4                 : num  0 0 0 0 0 0 0 0 0 0 ...
 $ RaceHorse.IsHit5                 : num  0 0 0 0 0 0 0 0 0 0 ...
 $ RaceHorse.IsHit6                 : num  1 1 1 1 1 1 1 1 1 1 ...
 $ RaceHorse.IsValidRaceHorse       : logi  TRUE TRUE TRUE TRUE TRUE TRUE ...
 $ RaceHorse.TimeSdvByRace          : num  0 -1.157 -0.33 0.496 -0.165 ...
 $ RaceHorse.TimeSdv                : num  1.354 0.832 1.205 1.578 1.279 ...
 $ RaceHorse.IsHitA                 : num  0 0 0 0 0 0 0 0 0 0 ...
 $ RaceHorse.IsHitB                 : num  0 0 0 0 0 0 0 0 0 0 ...
 $ RaceHorse.IsHitC                 : num  0 0 0 0 0 0 0 0 0 0 ...
 $ Jockey.TimeSdvByRaceAvg          : num  -0.218 -0.451 -0.372 -0.217 -0.546 ...
 $ Jockey.TimeSdvByRaceMin          : num  -2.77 -2.75 -2.61 -1.49 -2.66 ...
 $ Jockey.TimeSdvByRaceMax          : num  1.359 0.759 1.506 1.365 1.01 ...
 $ Jockey.TimeSdvAvg                : num  -0.234 -0.27 -0.282 -0.377 -0.189 ...
 $ Jockey.TimeSdvMin                : num  -2.63 -3.57 -2.6 -2.13 -1.89 ...
 $ Jockey.TimeSdvMax                : num  1.583 1.134 1.667 0.619 1.165 ...
 $ Jockey.OrderOfFinishSdvAvg       : num  -0.233 -0.365 -0.385 -0.198 -0.563 ...
 $ Jockey.RunCount                  : num  55 18 40 3 16 44 16 23 5 32 ...
 $ Jockey.HitCount1                 : num  1 1 1 1 0 0 0 0 0 5 ...
 $ Jockey.HitCount2                 : num  3 0 1 0 0 3 0 1 0 2 ...
 $ Jockey.HitCount3                 : num  6 1 3 0 1 2 0 4 0 2 ...
 $ Jockey.HitCount4                 : num  2 1 2 0 2 3 0 2 0 4 ...
 $ Jockey.HitCount5                 : num  7 1 0 0 0 4 2 1 0 3 ...
 $ Jockey.HitRate1                  : num  0.0182 0.0556 0.025 0.3333 0 ...
 $ Jockey.HitRate2                  : num  0.0545 0 0.025 0 0 ...
 $ Jockey.HitRate3                  : num  0.1091 0.0556 0.075 0 0.0625 ...
 $ Jockey.HitRate4                  : num  0.0364 0.0556 0.05 0 0.125 ...
 $ Jockey.HitRate5                  : num  0.1273 0.0556 0 0 0 ...
 $ EOF                              : int  1 1 1 1 1 1 1 1 1 1 ...
[1] "2022-02-26 18:01:01 --- RxSqlServerData Finish ---"
[1] "2022-02-26 18:01:03 --- subset Start ---"
[1] "--------------------------------------------------------------------------------"
[1] "nrow(data) subset before=14841"
[1] "nrow(data) subset after =14841"
[1] "nrow(data) subset diff =0"
[1] "--------------------------------------------------------------------------------"
[1] "2022-02-26 18:01:09 --- subset Finish---"
[1] "2022-02-26 18:01:09 --- transform Start ---"
[1] "--------------------------------------------------------------------------------"
[1] "nrow(data) transform before=14841"
[1] "nrow(data) transform after=14841"
[1] "nrow(data) transform diff=0"
[1] "--------------------------------------------------------------------------------"
[1] "str(data)="
'data.frame':	14841 obs. of  43 variables:
 $ Race.RaceId                      : Factor w/ 1011 levels "20160105-06-01-01-08",..: 2 2 2 2 2 2 2 2 2 2 ...
 $ Race.IsAnalyzeNormalPastAndFuture: logi  TRUE TRUE TRUE TRUE TRUE TRUE ...
 $ Race.IsAnalyzeNormalPast         : logi  TRUE TRUE TRUE TRUE TRUE TRUE ...
 $ Race.IsAnalyzeNormalFuture       : logi  FALSE FALSE FALSE FALSE FALSE FALSE ...
 $ Race.IsAnalyzeFullPastAndFuture  : logi  TRUE TRUE TRUE TRUE TRUE TRUE ...
 $ Race.IsAnalyzeFullPast           : logi  TRUE TRUE TRUE TRUE TRUE TRUE ...
 $ Race.IsAnalyzeFullFuture         : logi  FALSE FALSE FALSE FALSE FALSE FALSE ...
 $ Race.JyokenCd                    : Factor w/ 1 level "3": 1 1 1 1 1 1 1 1 1 1 ...
 $ Race.JyoType1Cd                  : Factor w/ 105 levels "2-06-1200-3-1",..: 2 2 2 2 2 2 2 2 2 2 ...
 $ Race.RaceType1Cd                 : Factor w/ 6 levels "2-3-X-1","2-3-X-2",..: 2 2 2 2 2 2 2 2 2 2 ...
 $ RaceHorse.RaceId                 : Factor w/ 1011 levels "20160105-06-01-01-08",..: 2 2 2 2 2 2 2 2 2 2 ...
 $ RaceHorse.KettoNum               : Factor w/ 3169 levels "2009101967","2009103618",..: 11 12 13 14 15 16 17 18 19 20 ...
 $ RaceHorse.IsHit1                 : num  0 0 0 0 0 0 0 0 0 0 ...
 $ RaceHorse.IsHit2                 : num  0 0 0 0 0 0 0 0 0 0 ...
 $ RaceHorse.IsHit3                 : num  0 0 0 0 0 0 0 0 0 0 ...
 $ RaceHorse.IsHit4                 : num  0 0 0 0 0 0 0 0 0 0 ...
 $ RaceHorse.IsHit5                 : num  0 0 0 0 0 0 0 0 0 0 ...
 $ RaceHorse.IsHit6                 : num  1 1 1 1 1 1 1 1 1 1 ...
 $ RaceHorse.IsValidRaceHorse       : logi  TRUE TRUE TRUE TRUE TRUE TRUE ...
 $ RaceHorse.TimeSdvByRace          : num  0 -1.157 -0.33 0.496 -0.165 ...
 $ RaceHorse.TimeSdv                : num  1.354 0.832 1.205 1.578 1.279 ...
 $ RaceHorse.IsHitA                 : num  0 0 0 0 0 0 0 0 0 0 ...
 $ RaceHorse.IsHitB                 : num  0 0 0 0 0 0 0 0 0 0 ...
 $ RaceHorse.IsHitC                 : num  0 0 0 0 0 0 0 0 0 0 ...
 $ Jockey.TimeSdvByRaceAvg          : num  -0.218 -0.451 -0.372 -0.217 -0.546 ...
 $ Jockey.TimeSdvByRaceMin          : num  -2.77 -2.75 -2.61 -1.49 -2.66 ...
 $ Jockey.TimeSdvByRaceMax          : num  1.359 0.759 1.506 1.365 1.01 ...
 $ Jockey.TimeSdvAvg                : num  -0.234 -0.27 -0.282 -0.377 -0.189 ...
 $ Jockey.TimeSdvMin                : num  -2.63 -3.57 -2.6 -2.13 -1.89 ...
 $ Jockey.TimeSdvMax                : num  1.583 1.134 1.667 0.619 1.165 ...
 $ Jockey.OrderOfFinishSdvAvg       : num  -0.233 -0.365 -0.385 -0.198 -0.563 ...
 $ Jockey.RunCount                  : num  55 18 40 3 16 44 16 23 5 32 ...
 $ Jockey.HitCount1                 : num  1 1 1 1 0 0 0 0 0 5 ...
 $ Jockey.HitCount2                 : num  3 0 1 0 0 3 0 1 0 2 ...
 $ Jockey.HitCount3                 : num  6 1 3 0 1 2 0 4 0 2 ...
 $ Jockey.HitCount4                 : num  2 1 2 0 2 3 0 2 0 4 ...
 $ Jockey.HitCount5                 : num  7 1 0 0 0 4 2 1 0 3 ...
 $ Jockey.HitRate1                  : num  0.0182 0.0556 0.025 0.3333 0 ...
 $ Jockey.HitRate2                  : num  0.0545 0 0.025 0 0 ...
 $ Jockey.HitRate3                  : num  0.1091 0.0556 0.075 0 0.0625 ...
 $ Jockey.HitRate4                  : num  0.0364 0.0556 0.05 0 0.125 ...
 $ Jockey.HitRate5                  : num  0.1273 0.0556 0 0 0 ...
 $ EOF                              : int  1 1 1 1 1 1 1 1 1 1 ...
NULL
[1] "2022-02-26 18:02:28 --- transform Finish ---"
[1] "2022-02-26 18:02:29 --- na.omit Start ---"
[1] "--------------------------------------------------------------------------------"
[1] "nrow(data) na.omit before=14841"
[1] "nrow(data) na.omit after =14733"
[1] "nrow(data) na.omit diff =108"
[1] "--------------------------------------------------------------------------------"
'data.frame':	14733 obs. of  43 variables:
 $ Race.RaceId                      : Factor w/ 1011 levels "20160105-06-01-01-08",..: 2 2 2 2 2 2 2 2 2 2 ...
 $ Race.IsAnalyzeNormalPastAndFuture: logi  TRUE TRUE TRUE TRUE TRUE TRUE ...
 $ Race.IsAnalyzeNormalPast         : logi  TRUE TRUE TRUE TRUE TRUE TRUE ...
 $ Race.IsAnalyzeNormalFuture       : logi  FALSE FALSE FALSE FALSE FALSE FALSE ...
 $ Race.IsAnalyzeFullPastAndFuture  : logi  TRUE TRUE TRUE TRUE TRUE TRUE ...
 $ Race.IsAnalyzeFullPast           : logi  TRUE TRUE TRUE TRUE TRUE TRUE ...
 $ Race.IsAnalyzeFullFuture         : logi  FALSE FALSE FALSE FALSE FALSE FALSE ...
 $ Race.JyokenCd                    : Factor w/ 1 level "3": 1 1 1 1 1 1 1 1 1 1 ...
 $ Race.JyoType1Cd                  : Factor w/ 105 levels "2-06-1200-3-1",..: 2 2 2 2 2 2 2 2 2 2 ...
 $ Race.RaceType1Cd                 : Factor w/ 6 levels "2-3-X-1","2-3-X-2",..: 2 2 2 2 2 2 2 2 2 2 ...
 $ RaceHorse.RaceId                 : Factor w/ 1011 levels "20160105-06-01-01-08",..: 2 2 2 2 2 2 2 2 2 2 ...
 $ RaceHorse.KettoNum               : Factor w/ 3169 levels "2009101967","2009103618",..: 11 12 13 14 15 16 17 18 19 20 ...
 $ RaceHorse.IsHit1                 : num  0 0 0 0 0 0 0 0 0 0 ...
 $ RaceHorse.IsHit2                 : num  0 0 0 0 0 0 0 0 0 0 ...
 $ RaceHorse.IsHit3                 : num  0 0 0 0 0 0 0 0 0 0 ...
 $ RaceHorse.IsHit4                 : num  0 0 0 0 0 0 0 0 0 0 ...
 $ RaceHorse.IsHit5                 : num  0 0 0 0 0 0 0 0 0 0 ...
 $ RaceHorse.IsHit6                 : num  1 1 1 1 1 1 1 1 1 1 ...
 $ RaceHorse.IsValidRaceHorse       : logi  TRUE TRUE TRUE TRUE TRUE TRUE ...
 $ RaceHorse.TimeSdvByRace          : num  0 -1.157 -0.33 0.496 -0.165 ...
 $ RaceHorse.TimeSdv                : num  1.354 0.832 1.205 1.578 1.279 ...
 $ RaceHorse.IsHitA                 : num  0 0 0 0 0 0 0 0 0 0 ...
 $ RaceHorse.IsHitB                 : num  0 0 0 0 0 0 0 0 0 0 ...
 $ RaceHorse.IsHitC                 : num  0 0 0 0 0 0 0 0 0 0 ...
 $ Jockey.TimeSdvByRaceAvg          : num  -0.218 -0.451 -0.372 -0.217 -0.546 ...
 $ Jockey.TimeSdvByRaceMin          : num  -2.77 -2.75 -2.61 -1.49 -2.66 ...
 $ Jockey.TimeSdvByRaceMax          : num  1.359 0.759 1.506 1.365 1.01 ...
 $ Jockey.TimeSdvAvg                : num  -0.234 -0.27 -0.282 -0.377 -0.189 ...
 $ Jockey.TimeSdvMin                : num  -2.63 -3.57 -2.6 -2.13 -1.89 ...
 $ Jockey.TimeSdvMax                : num  1.583 1.134 1.667 0.619 1.165 ...
 $ Jockey.OrderOfFinishSdvAvg       : num  -0.233 -0.365 -0.385 -0.198 -0.563 ...
 $ Jockey.RunCount                  : num  55 18 40 3 16 44 16 23 5 32 ...
 $ Jockey.HitCount1                 : num  1 1 1 1 0 0 0 0 0 5 ...
 $ Jockey.HitCount2                 : num  3 0 1 0 0 3 0 1 0 2 ...
 $ Jockey.HitCount3                 : num  6 1 3 0 1 2 0 4 0 2 ...
 $ Jockey.HitCount4                 : num  2 1 2 0 2 3 0 2 0 4 ...
 $ Jockey.HitCount5                 : num  7 1 0 0 0 4 2 1 0 3 ...
 $ Jockey.HitRate1                  : num  0.0182 0.0556 0.025 0.3333 0 ...
 $ Jockey.HitRate2                  : num  0.0545 0 0.025 0 0 ...
 $ Jockey.HitRate3                  : num  0.1091 0.0556 0.075 0 0.0625 ...
 $ Jockey.HitRate4                  : num  0.0364 0.0556 0.05 0 0.125 ...
 $ Jockey.HitRate5                  : num  0.1273 0.0556 0 0 0 ...
 $ EOF                              : int  1 1 1 1 1 1 1 1 1 1 ...
 - attr(*, "na.action")= 'omit' Named int  355 363 444 530 544 546 765 819 2066 2175 ...
  ..- attr(*, "names")= chr  "355" "363" "444" "530" ...
[1] "2022-02-26 18:03:03 --- na.omit Finish ---"
[1] "2022-02-26 18:03:03 --- rxGlm with rxStepControl Start ---"

> print(paste0(Sys.time(), " --- source_logic_glm.R Start ---"))
[1] "2022-02-26 18:03:03 --- source_logic_glm.R Start ---"

> formula <- formula(RaceHorse.IsHitA ~ +1 + Jockey.TimeSdvByRaceAvg)

> print(paste0(Sys.time(), " --- source_logic_glm.R Finished ---"))
[1] "2022-02-26 18:03:06 --- source_logic_glm.R Finished ---"
Rows Read: 14733, Total Rows Processed: 14733, Total Chunk Time: 0.001 seconds 

Starting values (iteration 1) time: 0.009 secs.
Rows Read: 14733, Total Rows Processed: 14733, Total Chunk Time: 0.002 seconds 

Iteration 2 time: 0.008 secs.
Rows Read: 14733, Total Rows Processed: 14733, Total Chunk Time: 0.002 seconds 

Iteration 3 time: 0.006 secs.
Rows Read: 14733, Total Rows Processed: 14733, Total Chunk Time: Less than .001 seconds 

Iteration 4 time: 0.007 secs.
Rows Read: 14733, Total Rows Processed: 14733, Total Chunk Time: 0.002 seconds 

Iteration 5 time: 0.006 secs.

Elapsed computation time: 0.091 secs.
Rows Read: 14733, Total Rows Processed: 14733, Total Chunk Time: Less than .001 seconds 

Starting values (iteration 1) time: 0.007 secs.
Rows Read: 14733, Total Rows Processed: 14733, Total Chunk Time: 0.002 seconds 

Iteration 2 time: 0.006 secs.

Elapsed computation time: 0.027 secs.
Rows Read: 14733, Total Rows Processed: 14733, Total Chunk Time: 0.002 seconds 

Starting values (iteration 1) time: 0.007 secs.
Rows Read: 14733, Total Rows Processed: 14733, Total Chunk Time: 0.002 seconds 

Iteration 2 time: 0.007 secs.
Rows Read: 14733, Total Rows Processed: 14733, Total Chunk Time: 0.002 seconds 

Iteration 3 time: 0.005 secs.
Rows Read: 14733, Total Rows Processed: 14733, Total Chunk Time: 0.001 seconds 

Iteration 4 time: 0.005 secs.
Rows Read: 14733, Total Rows Processed: 14733, Total Chunk Time: Less than .001 seconds 

Iteration 5 time: 0.005 secs.

Elapsed computation time: 0.064 secs.

Elapsed computation time: 0.201 secs.
[1] "--------------------------------------------------------------------------------"
[1] "analyze.results.glm.step="
Logistic Regression Results for: RaceHorse.IsHitA ~
    Jockey.TimeSdvByRaceAvg
Data: data
Dependent variable(s): RaceHorse.IsHitA
Total independent variables: 2 
Number of valid observations: 14733
Number of missing observations: 0 
 
Coefficients:
                        RaceHorse.IsHitA
(Intercept)                           -3
Jockey.TimeSdvByRaceAvg                1
[1] "analyze.results.glm.step.summary"
Call:
rxLogit(formula = formula, data = data, variableSelection = analyze.results.glm.step.varsel)

Logistic Regression Results for: RaceHorse.IsHitA ~
    Jockey.TimeSdvByRaceAvg
Data: data
Dependent variable(s): RaceHorse.IsHitA
Total independent variables: 2 
Number of valid observations: 14733
Number of missing observations: 0 
-2*LogLikelihood: 7155.946 (Residual deviance on 14731 degrees of freedom)
 
Coefficients:
                        Estimate Std. Error z value Pr(>|z|)    
(Intercept)              -2.7028     0.0352   -76.8  2.2e-16 ***
Jockey.TimeSdvByRaceAvg   1.2258     0.1039    11.8  2.2e-16 ***
---
Signif. codes:  0 '***' 0.001 '**' 0.01 '*' 0.05 '.' 0.1 ' ' 1

Condition number of final variance-covariance matrix: 1 
Number of iterations: 5
[1] "--------------------------------------------------------------------------------"
[1] "2022-02-26 18:03:12 --- rxGlm with rxStepControl Finish ---"
[1] "2022-02-26 18:03:13 --- rxStepPlot Start ---"
[1] "pdfFilename=pdf_analyze_glm_Jockey_Type23_rxStepPlot.pdf"
[1] "rxStepPlot="
[1] "2022-02-26 18:03:15 --- rxStepPlot Finish ---"
[1] "2022-02-26 18:03:15 --- save.image Start ---"
[1] "save.image"
[1] "rdataFilename=RData_analyze_glm_Jockey_Type23.RData"
[1] "2022-02-26 18:03:16 --- save.image Finish ---"
[1] "2022-02-26 18:03:17 --- final Start ---"
[1] "--------------------------------------------------------------------------------"
[1] "nrow(data) final=14733"
[1] "--------------------------------------------------------------------------------"
[1] "2022-02-26 18:03:19 --- final Finish ---"
[1] "2022-02-26 18:03:20 --- analyze_glm.R Finished ---"
[1] "2022-02-26 18:03:20 --- log Finish ---"
