[1] "2022-02-19 09:34:56 --- D1115_analyze_glm_Odds_IsHitA_Type22 Start ---"
[1] "2022-02-19 09:34:56 --- Log Start ---"
[1] "2022-02-19 09:34:56 --- analyze_glm.R Start ---"
[1] "analyzeVersion=D1115"
[1] "analyzeCategory=analyze"
[1] "analyzeType=Odds"
[1] "analyzeFamily=IsHitA"
[1] "analyzeFunc=glm"
[1] "analyzeTrackTypeCd=2"
[1] "analyzeJyokenCd=2"
[1] "2022-02-19 09:34:56 --- source_function.R Start ---"
[1] "2022-02-19 09:34:56 --- source_function.R Finished ---"

> print(paste0(Sys.time(), " --- source_library.R Start ---"))
[1] "2022-02-19 09:34:56 --- source_library.R Start ---"

> require("RevoScaleR")

> print(paste0(Sys.time(), " --- source_library.R Finished ---"))
[1] "2022-02-19 09:34:57 --- source_library.R Finished ---"
[1] "2022-02-19 09:34:57 --- RxSqlServerData Start ---"
[1] "2022-02-19 09:34:57 --- RxInSqlServer Start ---"
[1] "2022-02-19 09:34:57 --- RxInSqlServer Finish ---"
[1] "2022-02-19 09:34:57 --- rxSetComputeContext Start ---"
[1] "2022-02-19 09:34:57 --- rxSetComputeContext Finish ---"
[1] "2022-02-19 09:34:57 --- RxSqlServerData Start ---"
[1] "sqlQuery=SELECT * FROM ViewAnalyzeD1115analyze01OddsType22"
[1] "2022-02-19 09:34:57 --- RxSqlServerData Finish ---"
[1] "2022-02-19 09:34:57 --- rxGetVarInfo Start ---"
[1] "2022-02-19 09:34:57 --- rxGetVarInfo Finish---"
[1] "2022-02-19 09:34:57 --- rxImport Start ---"
Rows Read: 5791, Total Rows Processed: 5791, Total Chunk Time: 1.627 seconds 
[1] "2022-02-19 09:35:01 --- rxImport Finish ---"
[1] "object.size(data) auto=1.1 Mb"
[1] "--------------------------------------------------------------------------------"
[1] "nrow(data) RxSqlServerData=5791"
[1] "--------------------------------------------------------------------------------"
[1] "str(data)="
'data.frame':	5791 obs. of  35 variables:
 $ Race.RaceId                      : Factor w/ 399 levels "20160105-08-01-01-09",..: 1 1 1 1 1 1 1 1 1 1 ...
 $ Race.IsPredictedRace             : logi  TRUE TRUE TRUE TRUE TRUE TRUE ...
 $ Race.IsAnalyzeNormalPastAndFuture: logi  TRUE TRUE TRUE TRUE TRUE TRUE ...
 $ Race.IsAnalyzeNormalPast         : logi  TRUE TRUE TRUE TRUE TRUE TRUE ...
 $ Race.IsAnalyzeNormalFuture       : logi  FALSE FALSE FALSE FALSE FALSE FALSE ...
 $ Race.IsAnalyzeFullPastAndFuture  : logi  TRUE TRUE TRUE TRUE TRUE TRUE ...
 $ Race.IsAnalyzeFullPast           : logi  TRUE TRUE TRUE TRUE TRUE TRUE ...
 $ Race.IsAnalyzeFullFuture         : logi  FALSE FALSE FALSE FALSE FALSE FALSE ...
 $ Race.JyokenCd                    : Factor w/ 1 level "2": 1 1 1 1 1 1 1 1 1 1 ...
 $ Race.JyoType1Cd                  : Factor w/ 71 levels "2-08-1900-1",..: 1 1 1 1 1 1 1 1 1 1 ...
 $ Race.RaceType0Cd                 : Factor w/ 114 levels "2-08-1900-1-2-E-14",..: 1 1 1 1 1 1 1 1 1 1 ...
 $ Race.RaceType1Cd                 : Factor w/ 1 level "2-2-E": 1 1 1 1 1 1 1 1 1 1 ...
 $ Race.RaceType2Cd                 : Factor w/ 1 level "2-2-E": 1 1 1 1 1 1 1 1 1 1 ...
 $ Race.RaceType3Cd                 : Factor w/ 2 levels "2-E-14","2-E-13": 1 1 1 1 1 1 1 1 1 1 ...
 $ Race.RaceType4Cd                 : Factor w/ 2 levels "2-2-14","2-2-13": 1 1 1 1 1 1 1 1 1 1 ...
 $ RaceHorse.RaceId                 : Factor w/ 399 levels "20160105-08-01-01-09",..: 1 1 1 1 1 1 1 1 1 1 ...
 $ RaceHorse.KettoNum               : Factor w/ 1205 levels "2010100540","2009106416",..: 1 2 3 4 5 6 7 8 9 10 ...
 $ RaceHorse.IsHit1                 : int  1 0 0 0 0 0 0 0 0 0 ...
 $ RaceHorse.IsHit2                 : int  0 0 0 0 0 0 0 0 0 0 ...
 $ RaceHorse.IsHit3                 : int  0 0 0 0 0 0 0 1 0 0 ...
 $ RaceHorse.IsHit4                 : int  0 0 0 0 0 0 1 0 0 0 ...
 $ RaceHorse.IsHit5                 : int  0 0 0 0 0 1 0 0 0 0 ...
 $ RaceHorse.IsHit6                 : int  0 1 0 1 1 0 0 0 1 1 ...
 $ RaceHorse.IsValidRaceHorse       : logi  TRUE TRUE FALSE TRUE TRUE TRUE ...
 $ RaceHorse.IsHitA                 : int  1 0 0 0 0 0 0 0 0 0 ...
 $ RaceHorse.IsHitB                 : int  1 0 0 0 0 0 0 0 0 0 ...
 $ RaceHorse.IsHitC                 : int  1 0 0 0 0 0 0 1 0 0 ...
 $ OddsByWin.Odds1                  : num  4.6 49.2 NA 22.3 12.3 8.6 36.1 11.1 1.9 65.6 ...
 $ OddsByWin.Ninki                  : num  2 9 NA 7 6 4 8 5 1 10 ...
 $ OddsByWin.OddsLog1               : num  1.72 3.92 NA 3.15 2.59 ...
 $ OddsByWin.OddsRatio1             : num  0.2778 0.0207 NA 0.0469 0.0885 ...
 $ OddsByWin.OddsLogit1             : num  -1.53 -3.9 NA -3.1 -2.51 ...
 $ OddsByWin.ApprovalRate1          : num  0.2174 0.0203 NA 0.0448 0.0813 ...
 $ OddsByWin.ApprovalRateLog1       : num  0.1967 0.0201 NA 0.0439 0.0782 ...
 $ EOF                              : int  1 1 1 1 1 1 1 1 1 1 ...
[1] "2022-02-19 09:35:02 --- RxSqlServerData Finish ---"
[1] "2022-02-19 09:35:02 --- subset Start ---"
[1] "--------------------------------------------------------------------------------"
[1] "nrow(data) subset before=5791"
[1] "nrow(data) subset after =5791"
[1] "nrow(data) subset diff =0"
[1] "--------------------------------------------------------------------------------"
[1] "2022-02-19 09:35:02 --- subset Finish---"
[1] "2022-02-19 09:35:02 --- transform Start ---"
[1] "--------------------------------------------------------------------------------"
[1] "nrow(data) transform before=5791"
[1] "nrow(data) transform after=5791"
[1] "nrow(data) transform diff=0"
[1] "--------------------------------------------------------------------------------"
[1] "str(data)="
'data.frame':	5791 obs. of  35 variables:
 $ Race.RaceId                      : Factor w/ 399 levels "20160105-08-01-01-09",..: 1 1 1 1 1 1 1 1 1 1 ...
 $ Race.IsPredictedRace             : logi  TRUE TRUE TRUE TRUE TRUE TRUE ...
 $ Race.IsAnalyzeNormalPastAndFuture: logi  TRUE TRUE TRUE TRUE TRUE TRUE ...
 $ Race.IsAnalyzeNormalPast         : logi  TRUE TRUE TRUE TRUE TRUE TRUE ...
 $ Race.IsAnalyzeNormalFuture       : logi  FALSE FALSE FALSE FALSE FALSE FALSE ...
 $ Race.IsAnalyzeFullPastAndFuture  : logi  TRUE TRUE TRUE TRUE TRUE TRUE ...
 $ Race.IsAnalyzeFullPast           : logi  TRUE TRUE TRUE TRUE TRUE TRUE ...
 $ Race.IsAnalyzeFullFuture         : logi  FALSE FALSE FALSE FALSE FALSE FALSE ...
 $ Race.JyokenCd                    : Factor w/ 1 level "2": 1 1 1 1 1 1 1 1 1 1 ...
 $ Race.JyoType1Cd                  : Factor w/ 71 levels "2-08-1900-1",..: 1 1 1 1 1 1 1 1 1 1 ...
 $ Race.RaceType0Cd                 : Factor w/ 114 levels "2-08-1900-1-2-E-14",..: 1 1 1 1 1 1 1 1 1 1 ...
 $ Race.RaceType1Cd                 : Factor w/ 1 level "2-2-E": 1 1 1 1 1 1 1 1 1 1 ...
 $ Race.RaceType2Cd                 : Factor w/ 1 level "2-2-E": 1 1 1 1 1 1 1 1 1 1 ...
 $ Race.RaceType3Cd                 : Factor w/ 2 levels "2-E-14","2-E-13": 1 1 1 1 1 1 1 1 1 1 ...
 $ Race.RaceType4Cd                 : Factor w/ 2 levels "2-2-14","2-2-13": 1 1 1 1 1 1 1 1 1 1 ...
 $ RaceHorse.RaceId                 : Factor w/ 399 levels "20160105-08-01-01-09",..: 1 1 1 1 1 1 1 1 1 1 ...
 $ RaceHorse.KettoNum               : Factor w/ 1205 levels "2010100540","2009106416",..: 1 2 3 4 5 6 7 8 9 10 ...
 $ RaceHorse.IsHit1                 : int  1 0 0 0 0 0 0 0 0 0 ...
 $ RaceHorse.IsHit2                 : int  0 0 0 0 0 0 0 0 0 0 ...
 $ RaceHorse.IsHit3                 : int  0 0 0 0 0 0 0 1 0 0 ...
 $ RaceHorse.IsHit4                 : int  0 0 0 0 0 0 1 0 0 0 ...
 $ RaceHorse.IsHit5                 : int  0 0 0 0 0 1 0 0 0 0 ...
 $ RaceHorse.IsHit6                 : int  0 1 0 1 1 0 0 0 1 1 ...
 $ RaceHorse.IsValidRaceHorse       : logi  TRUE TRUE FALSE TRUE TRUE TRUE ...
 $ RaceHorse.IsHitA                 : int  1 0 0 0 0 0 0 0 0 0 ...
 $ RaceHorse.IsHitB                 : int  1 0 0 0 0 0 0 0 0 0 ...
 $ RaceHorse.IsHitC                 : int  1 0 0 0 0 0 0 1 0 0 ...
 $ OddsByWin.Odds1                  : num  4.6 49.2 NA 22.3 12.3 8.6 36.1 11.1 1.9 65.6 ...
 $ OddsByWin.Ninki                  : num  2 9 NA 7 6 4 8 5 1 10 ...
 $ OddsByWin.OddsLog1               : num  1.72 3.92 NA 3.15 2.59 ...
 $ OddsByWin.OddsRatio1             : num  0.2778 0.0207 NA 0.0469 0.0885 ...
 $ OddsByWin.OddsLogit1             : num  -1.53 -3.9 NA -3.1 -2.51 ...
 $ OddsByWin.ApprovalRate1          : num  0.2174 0.0203 NA 0.0448 0.0813 ...
 $ OddsByWin.ApprovalRateLog1       : num  0.1967 0.0201 NA 0.0439 0.0782 ...
 $ EOF                              : int  1 1 1 1 1 1 1 1 1 1 ...
NULL
[1] "2022-02-19 09:35:03 --- transform Finish ---"
[1] "2022-02-19 09:35:03 --- na.omit Start ---"
[1] "--------------------------------------------------------------------------------"
[1] "nrow(data) na.omit before=5791"
[1] "nrow(data) na.omit after =5767"
[1] "nrow(data) na.omit diff =24"
[1] "--------------------------------------------------------------------------------"
'data.frame':	5767 obs. of  35 variables:
 $ Race.RaceId                      : Factor w/ 399 levels "20160105-08-01-01-09",..: 1 1 1 1 1 1 1 1 1 1 ...
 $ Race.IsPredictedRace             : logi  TRUE TRUE TRUE TRUE TRUE TRUE ...
 $ Race.IsAnalyzeNormalPastAndFuture: logi  TRUE TRUE TRUE TRUE TRUE TRUE ...
 $ Race.IsAnalyzeNormalPast         : logi  TRUE TRUE TRUE TRUE TRUE TRUE ...
 $ Race.IsAnalyzeNormalFuture       : logi  FALSE FALSE FALSE FALSE FALSE FALSE ...
 $ Race.IsAnalyzeFullPastAndFuture  : logi  TRUE TRUE TRUE TRUE TRUE TRUE ...
 $ Race.IsAnalyzeFullPast           : logi  TRUE TRUE TRUE TRUE TRUE TRUE ...
 $ Race.IsAnalyzeFullFuture         : logi  FALSE FALSE FALSE FALSE FALSE FALSE ...
 $ Race.JyokenCd                    : Factor w/ 1 level "2": 1 1 1 1 1 1 1 1 1 1 ...
 $ Race.JyoType1Cd                  : Factor w/ 71 levels "2-08-1900-1",..: 1 1 1 1 1 1 1 1 1 1 ...
 $ Race.RaceType0Cd                 : Factor w/ 114 levels "2-08-1900-1-2-E-14",..: 1 1 1 1 1 1 1 1 1 1 ...
 $ Race.RaceType1Cd                 : Factor w/ 1 level "2-2-E": 1 1 1 1 1 1 1 1 1 1 ...
 $ Race.RaceType2Cd                 : Factor w/ 1 level "2-2-E": 1 1 1 1 1 1 1 1 1 1 ...
 $ Race.RaceType3Cd                 : Factor w/ 2 levels "2-E-14","2-E-13": 1 1 1 1 1 1 1 1 1 1 ...
 $ Race.RaceType4Cd                 : Factor w/ 2 levels "2-2-14","2-2-13": 1 1 1 1 1 1 1 1 1 1 ...
 $ RaceHorse.RaceId                 : Factor w/ 399 levels "20160105-08-01-01-09",..: 1 1 1 1 1 1 1 1 1 1 ...
 $ RaceHorse.KettoNum               : Factor w/ 1205 levels "2010100540","2009106416",..: 1 2 4 5 6 7 8 9 10 11 ...
 $ RaceHorse.IsHit1                 : int  1 0 0 0 0 0 0 0 0 0 ...
 $ RaceHorse.IsHit2                 : int  0 0 0 0 0 0 0 0 0 1 ...
 $ RaceHorse.IsHit3                 : int  0 0 0 0 0 0 1 0 0 0 ...
 $ RaceHorse.IsHit4                 : int  0 0 0 0 0 1 0 0 0 0 ...
 $ RaceHorse.IsHit5                 : int  0 0 0 0 1 0 0 0 0 0 ...
 $ RaceHorse.IsHit6                 : int  0 1 1 1 0 0 0 1 1 0 ...
 $ RaceHorse.IsValidRaceHorse       : logi  TRUE TRUE TRUE TRUE TRUE TRUE ...
 $ RaceHorse.IsHitA                 : int  1 0 0 0 0 0 0 0 0 0 ...
 $ RaceHorse.IsHitB                 : int  1 0 0 0 0 0 0 0 0 1 ...
 $ RaceHorse.IsHitC                 : int  1 0 0 0 0 0 1 0 0 1 ...
 $ OddsByWin.Odds1                  : num  4.6 49.2 22.3 12.3 8.6 36.1 11.1 1.9 65.6 8.5 ...
 $ OddsByWin.Ninki                  : num  2 9 7 6 4 8 5 1 10 3 ...
 $ OddsByWin.OddsLog1               : num  1.72 3.92 3.15 2.59 2.26 ...
 $ OddsByWin.OddsRatio1             : num  0.2778 0.0207 0.0469 0.0885 0.1316 ...
 $ OddsByWin.OddsLogit1             : num  -1.53 -3.9 -3.1 -2.51 -2.15 ...
 $ OddsByWin.ApprovalRate1          : num  0.2174 0.0203 0.0448 0.0813 0.1163 ...
 $ OddsByWin.ApprovalRateLog1       : num  0.1967 0.0201 0.0439 0.0782 0.11 ...
 $ EOF                              : int  1 1 1 1 1 1 1 1 1 1 ...
 - attr(*, "na.action")= 'omit' Named int  3 58 529 684 1245 1255 1321 1352 1755 1852 ...
  ..- attr(*, "names")= chr  "3" "58" "529" "684" ...
[1] "2022-02-19 09:35:03 --- na.omit Finish ---"
[1] "2022-02-19 09:35:03 --- rxGlm with rxStepControl Start ---"

> print(paste0(Sys.time(), " --- source_logic_glm.R Start ---"))
[1] "2022-02-19 09:35:03 --- source_logic_glm.R Start ---"

> formula <- formula(RaceHorse.IsHitA ~ +1 + OddsByWin.OddsLogit1)

> print(paste0(Sys.time(), " --- source_logic_glm.R Finished ---"))
[1] "2022-02-19 09:35:03 --- source_logic_glm.R Finished ---"
Rows Read: 5767, Total Rows Processed: 5767, Total Chunk Time: 0.001 seconds 

Starting values (iteration 1) time: 0.020 secs.
Rows Read: 5767, Total Rows Processed: 5767, Total Chunk Time: 0.001 seconds 

Iteration 2 time: 0.013 secs.
Rows Read: 5767, Total Rows Processed: 5767, Total Chunk Time: 0.002 seconds 

Iteration 3 time: 0.006 secs.
Rows Read: 5767, Total Rows Processed: 5767, Total Chunk Time: 0.001 seconds 

Iteration 4 time: 0.011 secs.
Rows Read: 5767, Total Rows Processed: 5767, Total Chunk Time: 0.001 seconds 

Iteration 5 time: 0.008 secs.
Rows Read: 5767, Total Rows Processed: 5767, Total Chunk Time: Less than .001 seconds 

Iteration 6 time: 0.016 secs.

Elapsed computation time: 0.124 secs.
Rows Read: 5767, Total Rows Processed: 5767, Total Chunk Time: Less than .001 seconds 

Starting values (iteration 1) time: 0.009 secs.
Rows Read: 5767, Total Rows Processed: 5767, Total Chunk Time: 0.001 seconds 

Iteration 2 time: 0.011 secs.

Elapsed computation time: 0.045 secs.
Rows Read: 5767, Total Rows Processed: 5767, Total Chunk Time: 0.002 seconds 

Starting values (iteration 1) time: 0.011 secs.
Rows Read: 5767, Total Rows Processed: 5767, Total Chunk Time: 0.001 seconds 

Iteration 2 time: 0.018 secs.
Rows Read: 5767, Total Rows Processed: 5767, Total Chunk Time: 0.002 seconds 

Iteration 3 time: 0.011 secs.
Rows Read: 5767, Total Rows Processed: 5767, Total Chunk Time: 0.002 seconds 

Iteration 4 time: 0.020 secs.
Rows Read: 5767, Total Rows Processed: 5767, Total Chunk Time: 0.002 seconds 

Iteration 5 time: 0.012 secs.
Rows Read: 5767, Total Rows Processed: 5767, Total Chunk Time: 0.001 seconds 

Iteration 6 time: 0.014 secs.

Elapsed computation time: 0.141 secs.

Elapsed computation time: 0.346 secs.
[1] "--------------------------------------------------------------------------------"
[1] "analyze.results.glm.step="
Logistic Regression Results for: RaceHorse.IsHitA ~
    OddsByWin.OddsLogit1
Data: data
Dependent variable(s): RaceHorse.IsHitA
Total independent variables: 2 
Number of valid observations: 5767
Number of missing observations: 0 
 
Coefficients:
                     RaceHorse.IsHitA
(Intercept)                       0.3
OddsByWin.OddsLogit1              1.2
[1] "analyze.results.glm.step.summary"
Call:
rxLogit(formula = formula, data = data, variableSelection = analyze.results.glm.step.varsel)

Logistic Regression Results for: RaceHorse.IsHitA ~
    OddsByWin.OddsLogit1
Data: data
Dependent variable(s): RaceHorse.IsHitA
Total independent variables: 2 
Number of valid observations: 5767
Number of missing observations: 0 
-2*LogLikelihood: 2362.667 (Residual deviance on 5765 degrees of freedom)
 
Coefficients:
                     Estimate Std. Error z value Pr(>|z|)    
(Intercept)            0.3121     0.1306    2.39    0.017 *  
OddsByWin.OddsLogit1   1.1827     0.0612   19.32  2.2e-16 ***
---
Signif. codes:  0 '***' 0.001 '**' 0.01 '*' 0.05 '.' 0.1 ' ' 1

Condition number of final variance-covariance matrix: 1 
Number of iterations: 6
[1] "--------------------------------------------------------------------------------"
[1] "2022-02-19 09:35:04 --- rxGlm with rxStepControl Finish ---"
[1] "2022-02-19 09:35:04 --- rxStepPlot Start ---"
[1] "pdfFilename=pdf_analyze_glm_Odds_Type22_rxStepPlot.pdf"
[1] "rxStepPlot="
[1] "2022-02-19 09:35:04 --- rxStepPlot Finish ---"
[1] "2022-02-19 09:35:04 --- save.image Start ---"
[1] "save.image"
[1] "rdataFilename=RData_analyze_glm_Odds_Type22.RData"
[1] "2022-02-19 09:35:04 --- save.image Finish ---"
[1] "2022-02-19 09:35:04 --- final Start ---"
[1] "--------------------------------------------------------------------------------"
[1] "nrow(data) final=5767"
[1] "--------------------------------------------------------------------------------"
[1] "2022-02-19 09:35:04 --- final Finish ---"
[1] "2022-02-19 09:35:04 --- analyze_glm.R Finished ---"
[1] "2022-02-19 09:35:04 --- log Finish ---"
