[1] "2022-03-08 22:31:40 --- D1115_analyze_glm_Jockey_IsHitA_Type15 Start ---"
[1] "2022-03-08 22:31:40 --- Log Start ---"
[1] "2022-03-08 22:31:40 --- analyze_glm.R Start ---"
[1] "analyzeVersion=D1115"
[1] "analyzeCategory=analyze"
[1] "analyzeType=Jockey"
[1] "analyzeFamily=IsHitA"
[1] "analyzeFunc=glm"
[1] "analyzeTrackTypeCd=1"
[1] "analyzeJyokenCd=5"
[1] "2022-03-08 22:31:40 --- source_function.R Start ---"
[1] "2022-03-08 22:31:40 --- source_function.R Finished ---"

> print(paste0(Sys.time(), " --- source_library.R Start ---"))
[1] "2022-03-08 22:31:40 --- source_library.R Start ---"

> require("RevoScaleR")

> print(paste0(Sys.time(), " --- source_library.R Finished ---"))
[1] "2022-03-08 22:31:41 --- source_library.R Finished ---"
[1] "2022-03-08 22:31:41 --- RxSqlServerData Start ---"
[1] "2022-03-08 22:31:41 --- RxInSqlServer Start ---"
[1] "2022-03-08 22:31:41 --- RxInSqlServer Finish ---"
[1] "2022-03-08 22:31:41 --- rxSetComputeContext Start ---"
[1] "2022-03-08 22:31:41 --- rxSetComputeContext Finish ---"
[1] "2022-03-08 22:31:41 --- RxSqlServerData Start ---"
[1] "sqlQuery=SELECT * FROM ViewAnalyzeD1115analyze01JockeyType15"
[1] "2022-03-08 22:31:41 --- RxSqlServerData Finish ---"
[1] "2022-03-08 22:31:41 --- rxGetVarInfo Start ---"
[1] "2022-03-08 22:31:41 --- rxGetVarInfo Finish---"
[1] "2022-03-08 22:31:41 --- rxImport Start ---"
Rows Read: 37059, Total Rows Processed: 37059, Total Chunk Time: 20.893 seconds 
[1] "2022-03-08 22:32:23 --- rxImport Finish ---"
[1] "object.size(data) auto=12.7 Mb"
[1] "--------------------------------------------------------------------------------"
[1] "nrow(data) RxSqlServerData=37059"
[1] "--------------------------------------------------------------------------------"
[1] "str(data)="
'data.frame':	37059 obs. of  47 variables:
 $ Race.RaceId                      : Factor w/ 2474 levels "20160227-09-01-01-06",..: 1 1 2 3 4 5 6 7 8 9 ...
 $ Race.IsAnalyzeNormalPastAndFuture: logi  TRUE TRUE TRUE TRUE TRUE TRUE ...
 $ Race.IsAnalyzeNormalPast         : logi  TRUE TRUE TRUE TRUE TRUE TRUE ...
 $ Race.IsAnalyzeNormalFuture       : logi  FALSE FALSE FALSE FALSE FALSE FALSE ...
 $ Race.IsAnalyzeFullPastAndFuture  : logi  TRUE TRUE TRUE TRUE TRUE TRUE ...
 $ Race.IsAnalyzeFullPast           : logi  TRUE TRUE TRUE TRUE TRUE TRUE ...
 $ Race.IsAnalyzeFullFuture         : logi  FALSE FALSE FALSE FALSE FALSE FALSE ...
 $ Race.JyokenCd                    : Factor w/ 1 level "5": 1 1 1 1 1 1 1 1 1 1 ...
 $ Race.JyoType1Cd                  : Factor w/ 175 levels "17-09-2200-1",..: 1 1 2 3 4 4 5 6 3 7 ...
 $ Race.RaceType1Cd                 : Factor w/ 2 levels "1-5-12","1-5-11": 1 1 1 1 1 1 1 1 1 1 ...
 $ RaceHorse.RaceId                 : Factor w/ 2474 levels "20160227-09-01-01-06",..: 1 1 2 3 4 5 6 7 8 9 ...
 $ RaceHorse.KettoNum               : Factor w/ 13944 levels "2013100567","2013105776",..: 1 2 3 4 5 6 7 8 9 10 ...
 $ RaceHorse.IsHit1                 : num  0 0 0 0 0 0 0 0 0 0 ...
 $ RaceHorse.IsHit2                 : num  0 0 0 0 0 0 0 0 0 0 ...
 $ RaceHorse.IsHit3                 : num  0 0 0 0 0 0 0 0 0 0 ...
 $ RaceHorse.IsHit4                 : num  0 0 0 0 0 0 0 0 0 0 ...
 $ RaceHorse.IsHit5                 : num  0 0 0 0 0 0 0 0 0 0 ...
 $ RaceHorse.IsHit6                 : num  0 0 0 0 0 0 0 0 0 0 ...
 $ RaceHorse.IsValidRaceHorse       : logi  FALSE FALSE FALSE FALSE FALSE FALSE ...
 $ RaceHorse.FinishTimeSdvByRace    : num  NA NA NA NA NA NA NA NA NA NA ...
 $ RaceHorse.FirstTimeSdvByRace     : num  NA NA NA NA NA NA NA NA NA NA ...
 $ RaceHorse.LastTimeSdvByRace      : num  NA NA NA NA NA NA NA NA NA NA ...
 $ RaceHorse.FinishTimeSdv          : num  NA NA NA NA NA NA NA NA NA NA ...
 $ RaceHorse.FirstTimeSdv           : num  NA NA NA NA NA NA NA NA NA NA ...
 $ RaceHorse.LastTimeSdv            : num  NA NA NA NA NA NA NA NA NA NA ...
 $ RaceHorse.IsHitA                 : num  0 0 0 0 0 0 0 0 0 0 ...
 $ RaceHorse.IsHitB                 : num  0 0 0 0 0 0 0 0 0 0 ...
 $ RaceHorse.IsHitC                 : num  0 0 0 0 0 0 0 0 0 0 ...
 $ Jockey.FinishTimeSdvByRaceAvg    : num  0.3449 0.0126 0.0737 0.296 -0.0982 ...
 $ Jockey.FirstTimeSdvByRaceAvg     : num  0.3301 -0.1121 0.1131 0.0966 -0.0319 ...
 $ Jockey.LastTimeSdvByRaceAvg      : num  0.17 0.132 0.034 0.26 -0.117 ...
 $ Jockey.FinishTimeSdvAvg          : num  -0.0105 -0.3263 -0.359 -0.1533 -0.3301 ...
 $ Jockey.FirstTimeSdvAvg           : num  0.0724 -0.0346 -0.1707 -0.1379 -0.1061 ...
 $ Jockey.LastTimeSdvAvg            : num  -0.0802 -0.4358 -0.3158 -0.0538 -0.3909 ...
 $ Jockey.RealOddsLog1Avg           : num  3.35 3.99 3.94 3.24 4.82 ...
 $ Jockey.RunCount                  : num  451 12 238 297 81 44 478 17 320 380 ...
 $ Jockey.HitCount1                 : num  31 0 10 21 1 0 35 2 22 40 ...
 $ Jockey.HitCount2                 : num  39 1 18 22 3 0 41 2 23 24 ...
 $ Jockey.HitCount3                 : num  34 0 16 20 2 1 37 0 23 35 ...
 $ Jockey.HitCount4                 : num  46 0 19 22 3 3 47 0 23 37 ...
 $ Jockey.HitCount5                 : num  39 0 15 23 5 0 40 1 24 32 ...
 $ Jockey.HitRate1                  : num  0.0687 0 0.042 0.0707 0.0123 ...
 $ Jockey.HitRate2                  : num  0.0865 0.0833 0.0756 0.0741 0.037 ...
 $ Jockey.HitRate3                  : num  0.0754 0 0.0672 0.0673 0.0247 ...
 $ Jockey.HitRate4                  : num  0.102 0 0.0798 0.0741 0.037 ...
 $ Jockey.HitRate5                  : num  0.0865 0 0.063 0.0774 0.0617 ...
 $ EOF                              : int  1 1 1 1 1 1 1 1 1 1 ...
[1] "2022-03-08 22:32:23 --- RxSqlServerData Finish ---"
[1] "2022-03-08 22:32:23 --- subset Start ---"
[1] "--------------------------------------------------------------------------------"
[1] "nrow(data) subset before=37059"
[1] "nrow(data) subset after =37059"
[1] "nrow(data) subset diff =0"
[1] "--------------------------------------------------------------------------------"
[1] "2022-03-08 22:32:23 --- subset Finish---"
[1] "2022-03-08 22:32:23 --- transform Start ---"
[1] "--------------------------------------------------------------------------------"
[1] "nrow(data) transform before=37059"
[1] "nrow(data) transform after=37059"
[1] "nrow(data) transform diff=0"
[1] "--------------------------------------------------------------------------------"
[1] "str(data)="
'data.frame':	37059 obs. of  47 variables:
 $ Race.RaceId                      : Factor w/ 2474 levels "20160227-09-01-01-06",..: 1 1 2 3 4 5 6 7 8 9 ...
 $ Race.IsAnalyzeNormalPastAndFuture: logi  TRUE TRUE TRUE TRUE TRUE TRUE ...
 $ Race.IsAnalyzeNormalPast         : logi  TRUE TRUE TRUE TRUE TRUE TRUE ...
 $ Race.IsAnalyzeNormalFuture       : logi  FALSE FALSE FALSE FALSE FALSE FALSE ...
 $ Race.IsAnalyzeFullPastAndFuture  : logi  TRUE TRUE TRUE TRUE TRUE TRUE ...
 $ Race.IsAnalyzeFullPast           : logi  TRUE TRUE TRUE TRUE TRUE TRUE ...
 $ Race.IsAnalyzeFullFuture         : logi  FALSE FALSE FALSE FALSE FALSE FALSE ...
 $ Race.JyokenCd                    : Factor w/ 1 level "5": 1 1 1 1 1 1 1 1 1 1 ...
 $ Race.JyoType1Cd                  : Factor w/ 175 levels "17-09-2200-1",..: 1 1 2 3 4 4 5 6 3 7 ...
 $ Race.RaceType1Cd                 : Factor w/ 2 levels "1-5-12","1-5-11": 1 1 1 1 1 1 1 1 1 1 ...
 $ RaceHorse.RaceId                 : Factor w/ 2474 levels "20160227-09-01-01-06",..: 1 1 2 3 4 5 6 7 8 9 ...
 $ RaceHorse.KettoNum               : Factor w/ 13944 levels "2013100567","2013105776",..: 1 2 3 4 5 6 7 8 9 10 ...
 $ RaceHorse.IsHit1                 : num  0 0 0 0 0 0 0 0 0 0 ...
 $ RaceHorse.IsHit2                 : num  0 0 0 0 0 0 0 0 0 0 ...
 $ RaceHorse.IsHit3                 : num  0 0 0 0 0 0 0 0 0 0 ...
 $ RaceHorse.IsHit4                 : num  0 0 0 0 0 0 0 0 0 0 ...
 $ RaceHorse.IsHit5                 : num  0 0 0 0 0 0 0 0 0 0 ...
 $ RaceHorse.IsHit6                 : num  0 0 0 0 0 0 0 0 0 0 ...
 $ RaceHorse.IsValidRaceHorse       : logi  FALSE FALSE FALSE FALSE FALSE FALSE ...
 $ RaceHorse.FinishTimeSdvByRace    : num  NA NA NA NA NA NA NA NA NA NA ...
 $ RaceHorse.FirstTimeSdvByRace     : num  NA NA NA NA NA NA NA NA NA NA ...
 $ RaceHorse.LastTimeSdvByRace      : num  NA NA NA NA NA NA NA NA NA NA ...
 $ RaceHorse.FinishTimeSdv          : num  NA NA NA NA NA NA NA NA NA NA ...
 $ RaceHorse.FirstTimeSdv           : num  NA NA NA NA NA NA NA NA NA NA ...
 $ RaceHorse.LastTimeSdv            : num  NA NA NA NA NA NA NA NA NA NA ...
 $ RaceHorse.IsHitA                 : num  0 0 0 0 0 0 0 0 0 0 ...
 $ RaceHorse.IsHitB                 : num  0 0 0 0 0 0 0 0 0 0 ...
 $ RaceHorse.IsHitC                 : num  0 0 0 0 0 0 0 0 0 0 ...
 $ Jockey.FinishTimeSdvByRaceAvg    : num  0.3449 0.0126 0.0737 0.296 -0.0982 ...
 $ Jockey.FirstTimeSdvByRaceAvg     : num  0.3301 -0.1121 0.1131 0.0966 -0.0319 ...
 $ Jockey.LastTimeSdvByRaceAvg      : num  0.17 0.132 0.034 0.26 -0.117 ...
 $ Jockey.FinishTimeSdvAvg          : num  -0.0105 -0.3263 -0.359 -0.1533 -0.3301 ...
 $ Jockey.FirstTimeSdvAvg           : num  0.0724 -0.0346 -0.1707 -0.1379 -0.1061 ...
 $ Jockey.LastTimeSdvAvg            : num  -0.0802 -0.4358 -0.3158 -0.0538 -0.3909 ...
 $ Jockey.RealOddsLog1Avg           : num  3.35 3.99 3.94 3.24 4.82 ...
 $ Jockey.RunCount                  : num  451 12 238 297 81 44 478 17 320 380 ...
 $ Jockey.HitCount1                 : num  31 0 10 21 1 0 35 2 22 40 ...
 $ Jockey.HitCount2                 : num  39 1 18 22 3 0 41 2 23 24 ...
 $ Jockey.HitCount3                 : num  34 0 16 20 2 1 37 0 23 35 ...
 $ Jockey.HitCount4                 : num  46 0 19 22 3 3 47 0 23 37 ...
 $ Jockey.HitCount5                 : num  39 0 15 23 5 0 40 1 24 32 ...
 $ Jockey.HitRate1                  : num  0.0687 0 0.042 0.0707 0.0123 ...
 $ Jockey.HitRate2                  : num  0.0865 0.0833 0.0756 0.0741 0.037 ...
 $ Jockey.HitRate3                  : num  0.0754 0 0.0672 0.0673 0.0247 ...
 $ Jockey.HitRate4                  : num  0.102 0 0.0798 0.0741 0.037 ...
 $ Jockey.HitRate5                  : num  0.0865 0 0.063 0.0774 0.0617 ...
 $ EOF                              : int  1 1 1 1 1 1 1 1 1 1 ...
NULL
[1] "2022-03-08 22:32:23 --- transform Finish ---"
[1] "2022-03-08 22:32:23 --- na.omit Start ---"
[1] "--------------------------------------------------------------------------------"
[1] "nrow(data) na.omit before=37059"
[1] "nrow(data) na.omit after =36795"
[1] "nrow(data) na.omit diff =264"
[1] "--------------------------------------------------------------------------------"
'data.frame':	36795 obs. of  47 variables:
 $ Race.RaceId                      : Factor w/ 2474 levels "20160227-09-01-01-06",..: 34 34 34 34 34 34 34 34 34 34 ...
 $ Race.IsAnalyzeNormalPastAndFuture: logi  TRUE TRUE TRUE TRUE TRUE TRUE ...
 $ Race.IsAnalyzeNormalPast         : logi  TRUE TRUE TRUE TRUE TRUE TRUE ...
 $ Race.IsAnalyzeNormalFuture       : logi  FALSE FALSE FALSE FALSE FALSE FALSE ...
 $ Race.IsAnalyzeFullPastAndFuture  : logi  TRUE TRUE TRUE TRUE TRUE TRUE ...
 $ Race.IsAnalyzeFullPast           : logi  TRUE TRUE TRUE TRUE TRUE TRUE ...
 $ Race.IsAnalyzeFullFuture         : logi  FALSE FALSE FALSE FALSE FALSE FALSE ...
 $ Race.JyokenCd                    : Factor w/ 1 level "5": 1 1 1 1 1 1 1 1 1 1 ...
 $ Race.JyoType1Cd                  : Factor w/ 175 levels "17-09-2200-1",..: 25 25 25 25 25 25 25 25 25 25 ...
 $ Race.RaceType1Cd                 : Factor w/ 2 levels "1-5-12","1-5-11": 1 1 1 1 1 1 1 1 1 1 ...
 $ RaceHorse.RaceId                 : Factor w/ 2474 levels "20160227-09-01-01-06",..: 34 34 34 34 34 34 34 34 34 34 ...
 $ RaceHorse.KettoNum               : Factor w/ 13944 levels "2013100567","2013105776",..: 41 42 43 44 45 46 47 48 49 50 ...
 $ RaceHorse.IsHit1                 : num  0 0 0 0 0 0 0 0 0 0 ...
 $ RaceHorse.IsHit2                 : num  0 0 0 0 0 0 0 0 0 0 ...
 $ RaceHorse.IsHit3                 : num  0 0 1 0 0 0 0 0 0 0 ...
 $ RaceHorse.IsHit4                 : num  0 0 0 0 0 1 0 0 0 0 ...
 $ RaceHorse.IsHit5                 : num  0 0 0 0 1 0 0 0 0 0 ...
 $ RaceHorse.IsHit6                 : num  1 1 0 1 0 0 1 1 1 1 ...
 $ RaceHorse.IsValidRaceHorse       : logi  TRUE TRUE TRUE TRUE TRUE TRUE ...
 $ RaceHorse.FinishTimeSdvByRace    : num  -0.316 0.239 1.489 0.239 0.795 ...
 $ RaceHorse.FirstTimeSdvByRace     : num  0.816 0.999 0.999 -1.387 1.55 ...
 $ RaceHorse.LastTimeSdvByRace      : num  -1.131 -0.626 0.888 1.561 -0.458 ...
 $ RaceHorse.FinishTimeSdv          : num  -0.175 0.0201 0.459 0.0201 0.2152 ...
 $ RaceHorse.FirstTimeSdv           : num  0.7145 0.7711 0.7711 0.0354 0.9409 ...
 $ RaceHorse.LastTimeSdv            : num  -1.3024 -1.0614 -0.3384 -0.0171 -0.9811 ...
 $ RaceHorse.IsHitA                 : num  0 0 0 0 0 0 0 0 0 0 ...
 $ RaceHorse.IsHitB                 : num  0 0 0 0 0 0 0 0 0 0 ...
 $ RaceHorse.IsHitC                 : num  0 0 1 0 0 0 0 0 0 0 ...
 $ Jockey.FinishTimeSdvByRaceAvg    : num  0.61 0.402 0.408 0.102 -0.263 ...
 $ Jockey.FirstTimeSdvByRaceAvg     : num  0.1533 0.00769 -0.44901 -0.06536 0.0772 ...
 $ Jockey.LastTimeSdvByRaceAvg      : num  0.545 0.434 0.744 0.161 -0.348 ...
 $ Jockey.FinishTimeSdvAvg          : num  0.0784 0.045 -0.0291 -0.2815 -0.2601 ...
 $ Jockey.FirstTimeSdvAvg           : num  -0.057 -0.0109 -0.3233 -0.1545 0.0192 ...
 $ Jockey.LastTimeSdvAvg            : num  0.17 0.083 0.285 -0.218 -0.352 ...
 $ Jockey.RealOddsLog1Avg           : num  2.33 3.16 4.1 4.34 4.74 ...
 $ Jockey.RunCount                  : num  451 377 2 233 141 485 376 157 15 357 ...
 $ Jockey.HitCount1                 : num  56 40 0 10 1 23 13 4 0 9 ...
 $ Jockey.HitCount2                 : num  72 24 0 12 2 37 17 1 0 21 ...
 $ Jockey.HitCount3                 : num  51 34 0 10 3 37 16 6 1 21 ...
 $ Jockey.HitCount4                 : num  32 36 0 22 4 41 23 13 1 19 ...
 $ Jockey.HitCount5                 : num  54 32 1 10 9 34 22 5 1 19 ...
 $ Jockey.HitRate1                  : num  0.12417 0.1061 0 0.04292 0.00709 ...
 $ Jockey.HitRate2                  : num  0.1596 0.0637 0 0.0515 0.0142 ...
 $ Jockey.HitRate3                  : num  0.1131 0.0902 0 0.0429 0.0213 ...
 $ Jockey.HitRate4                  : num  0.071 0.0955 0 0.0944 0.0284 ...
 $ Jockey.HitRate5                  : num  0.1197 0.0849 0.5 0.0429 0.0638 ...
 $ EOF                              : int  1 1 1 1 1 1 1 1 1 1 ...
 - attr(*, "na.action")= 'omit' Named int  1 2 3 4 5 6 7 8 9 10 ...
  ..- attr(*, "names")= chr  "1" "2" "3" "4" ...
[1] "2022-03-08 22:32:24 --- na.omit Finish ---"
[1] "2022-03-08 22:32:24 --- rxLogit with rxStepControl Start ---"

> print(paste0(Sys.time(), " --- source_logic_glm.R Start ---"))
[1] "2022-03-08 22:32:24 --- source_logic_glm.R Start ---"

> formula <- formula(RaceHorse.IsHitA ~ +1 + Jockey.FinishTimeSdvByRaceAvg)

> print(paste0(Sys.time(), " --- source_logic_glm.R Finished ---"))
[1] "2022-03-08 22:32:24 --- source_logic_glm.R Finished ---"
Rows Read: 36795, Total Rows Processed: 36795, Total Chunk Time: 0.009 seconds 

Starting values (iteration 1) time: 0.099 secs.
Rows Read: 36795, Total Rows Processed: 36795, Total Chunk Time: 0.002 seconds 

Iteration 2 time: 0.009 secs.
Rows Read: 36795, Total Rows Processed: 36795, Total Chunk Time: 0.003 seconds 

Iteration 3 time: 0.006 secs.
Rows Read: 36795, Total Rows Processed: 36795, Total Chunk Time: 0.002 seconds 

Iteration 4 time: 0.004 secs.
Rows Read: 36795, Total Rows Processed: 36795, Total Chunk Time: 0.003 seconds 

Iteration 5 time: 0.005 secs.

Elapsed computation time: 0.149 secs.
Rows Read: 36795, Total Rows Processed: 36795, Total Chunk Time: 0.002 seconds 

Starting values (iteration 1) time: 0.012 secs.
Rows Read: 36795, Total Rows Processed: 36795, Total Chunk Time: 0.002 seconds 

Iteration 2 time: 0.006 secs.

Elapsed computation time: 0.023 secs.
Rows Read: 36795, Total Rows Processed: 36795, Total Chunk Time: Less than .001 seconds 

Starting values (iteration 1) time: 0.010 secs.
Rows Read: 36795, Total Rows Processed: 36795, Total Chunk Time: 0.002 seconds 

Iteration 2 time: 0.008 secs.
Rows Read: 36795, Total Rows Processed: 36795, Total Chunk Time: 0.003 seconds 

Iteration 3 time: 0.006 secs.
Rows Read: 36795, Total Rows Processed: 36795, Total Chunk Time: 0.003 seconds 

Iteration 4 time: 0.005 secs.
Rows Read: 36795, Total Rows Processed: 36795, Total Chunk Time: 0.003 seconds 

Iteration 5 time: 0.007 secs.

Elapsed computation time: 0.052 secs.

Elapsed computation time: 0.280 secs.
[1] "--------------------------------------------------------------------------------"
[1] "analyze.results.glm.step="
Logistic Regression Results for: RaceHorse.IsHitA ~
    Jockey.FinishTimeSdvByRaceAvg
Data: data
Dependent variable(s): RaceHorse.IsHitA
Total independent variables: 2 
Number of valid observations: 36795
Number of missing observations: 0 
 
Coefficients:
                              RaceHorse.IsHitA
(Intercept)                                 -3
Jockey.FinishTimeSdvByRaceAvg                3
[1] "analyze.results.glm.step.summary"
Call:
rxLogit(formula = formula, data = data, variableSelection = analyze.results.glm.step.varsel)

Logistic Regression Results for: RaceHorse.IsHitA ~
    Jockey.FinishTimeSdvByRaceAvg
Data: data
Dependent variable(s): RaceHorse.IsHitA
Total independent variables: 2 
Number of valid observations: 36795
Number of missing observations: 0 
-2*LogLikelihood: 17056.21 (Residual deviance on 36793 degrees of freedom)
 
Coefficients:
                              Estimate Std. Error z value Pr(>|z|)    
(Intercept)                    -3.3061     0.0343   -96.4  2.2e-16 ***
Jockey.FinishTimeSdvByRaceAvg   2.5890     0.0805    32.1  2.2e-16 ***
---
Signif. codes:  0 '***' 0.001 '**' 0.01 '*' 0.05 '.' 0.1 ' ' 1

Condition number of final variance-covariance matrix: 1 
Number of iterations: 5
[1] "--------------------------------------------------------------------------------"
[1] "2022-03-08 22:32:24 --- rxLogit with rxStepControl Finish ---"
[1] "2022-03-08 22:32:24 --- rxStepPlot Start ---"
[1] "pdfFilename=pdf_analyze_glm_Jockey_Type15_rxStepPlot.pdf"
[1] "rxStepPlot="
[1] "2022-03-08 22:32:24 --- rxStepPlot Finish ---"
[1] "2022-03-08 22:32:24 --- save.image Start ---"
[1] "save.image"
[1] "rdataFilename=RData_analyze_glm_Jockey_Type15.RData"
[1] "2022-03-08 22:32:25 --- save.image Finish ---"
[1] "2022-03-08 22:32:25 --- final Start ---"
[1] "--------------------------------------------------------------------------------"
[1] "nrow(data) final=36795"
[1] "--------------------------------------------------------------------------------"
[1] "2022-03-08 22:32:25 --- final Finish ---"
[1] "2022-03-08 22:32:25 --- analyze_glm.R Finished ---"
[1] "2022-03-08 22:32:25 --- log Finish ---"
