[1] "2022-03-08 18:25:29 --- D1115_analyze_glm_Gen01_IsHitA_Type25 Start ---"
[1] "2022-03-08 18:25:29 --- Log Start ---"
[1] "2022-03-08 18:25:29 --- analyze_glm.R Start ---"
[1] "analyzeVersion=D1115"
[1] "analyzeCategory=analyze"
[1] "analyzeType=Gen01"
[1] "analyzeFamily=IsHitA"
[1] "analyzeFunc=glm"
[1] "analyzeTrackTypeCd=2"
[1] "analyzeJyokenCd=5"
[1] "2022-03-08 18:25:29 --- source_function.R Start ---"
[1] "2022-03-08 18:25:29 --- source_function.R Finished ---"

> print(paste0(Sys.time(), " --- source_library.R Start ---"))
[1] "2022-03-08 18:25:29 --- source_library.R Start ---"

> require("RevoScaleR")

> print(paste0(Sys.time(), " --- source_library.R Finished ---"))
[1] "2022-03-08 18:25:34 --- source_library.R Finished ---"
[1] "2022-03-08 18:25:34 --- RxSqlServerData Start ---"
[1] "2022-03-08 18:25:34 --- RxInSqlServer Start ---"
[1] "2022-03-08 18:25:34 --- RxInSqlServer Finish ---"
[1] "2022-03-08 18:25:34 --- rxSetComputeContext Start ---"
[1] "2022-03-08 18:25:34 --- rxSetComputeContext Finish ---"
[1] "2022-03-08 18:25:34 --- RxSqlServerData Start ---"
[1] "sqlQuery=SELECT * FROM ViewAnalyzeD1115analyze01Gen01Type25"
[1] "2022-03-08 18:25:34 --- RxSqlServerData Finish ---"
[1] "2022-03-08 18:25:34 --- rxGetVarInfo Start ---"
[1] "2022-03-08 18:25:40 --- rxGetVarInfo Finish---"
[1] "2022-03-08 18:25:40 --- rxImport Start ---"
Rows Read: 47776, Total Rows Processed: 47776, Total Chunk Time: 881.328 seconds 
[1] "2022-03-08 19:06:46 --- rxImport Finish ---"
[1] "object.size(data) auto=16.5 Mb"
[1] "--------------------------------------------------------------------------------"
[1] "nrow(data) RxSqlServerData=47776"
[1] "--------------------------------------------------------------------------------"
[1] "str(data)="
'data.frame':	47776 obs. of  48 variables:
 $ Race.RaceId                      : Factor w/ 3266 levels "20160111-08-01-04-02",..: 11 11 11 11 11 11 11 11 11 11 ...
 $ Race.IsAnalyzeNormalPastAndFuture: logi  TRUE TRUE TRUE TRUE TRUE TRUE ...
 $ Race.IsAnalyzeNormalPast         : logi  TRUE TRUE TRUE TRUE TRUE TRUE ...
 $ Race.IsAnalyzeNormalFuture       : logi  FALSE FALSE FALSE FALSE FALSE FALSE ...
 $ Race.IsAnalyzeFullPastAndFuture  : logi  TRUE TRUE TRUE TRUE TRUE TRUE ...
 $ Race.IsAnalyzeFullPast           : logi  TRUE TRUE TRUE TRUE TRUE TRUE ...
 $ Race.IsAnalyzeFullFuture         : logi  FALSE FALSE FALSE FALSE FALSE FALSE ...
 $ Race.JyokenCd                    : Factor w/ 1 level "5": 1 1 1 1 1 1 1 1 1 1 ...
 $ Race.JyoType1Cd                  : Factor w/ 116 levels "24-08-1200-1",..: 10 10 10 10 10 10 10 10 10 10 ...
 $ Race.RaceType1Cd                 : Factor w/ 2 levels "2-5-12","2-5-11": 1 1 1 1 1 1 1 1 1 1 ...
 $ RaceHorse.RaceId                 : Factor w/ 3266 levels "20160111-08-01-04-02",..: 11 11 11 11 11 11 11 11 11 11 ...
 $ RaceHorse.KettoNum               : Factor w/ 16640 levels "2013110048","2013110020",..: 7 8 9 10 11 12 13 14 15 16 ...
 $ RaceHorse.IsHit1                 : num  0 0 1 0 0 0 0 0 0 0 ...
 $ RaceHorse.IsHit2                 : num  0 0 0 0 0 1 0 0 0 0 ...
 $ RaceHorse.IsHit3                 : num  0 0 0 0 0 0 1 0 0 0 ...
 $ RaceHorse.IsHit4                 : num  0 0 0 0 0 0 0 0 1 0 ...
 $ RaceHorse.IsHit5                 : num  0 1 0 0 0 0 0 0 0 0 ...
 $ RaceHorse.IsHit6                 : num  1 0 0 1 1 0 0 1 0 1 ...
 $ RaceHorse.IsValidRaceHorse       : logi  TRUE TRUE TRUE TRUE FALSE TRUE ...
 $ RaceHorse.FinishTimeSdvByRace    : num  -0.3445 0.7783 1.2886 0.1659 0.0638 ...
 $ RaceHorse.FirstTimeSdvByRace     : num  -0.0324 -0.0324 0.8311 -1.5867 -2.7956 ...
 $ RaceHorse.LastTimeSdvByRace      : num  -0.321 0.786 0.786 1.087 1.691 ...
 $ RaceHorse.FinishTimeSdv          : num  -0.6763 -0.0368 0.2538 -0.3856 -0.4437 ...
 $ RaceHorse.FirstTimeSdv           : num  0.17 0.17 0.659 -0.71 -1.394 ...
 $ RaceHorse.LastTimeSdv            : num  -1 -0.177 -0.177 0.047 0.496 ...
 $ RaceHorse.IsHitA                 : num  0 0 1 0 0 0 0 0 0 0 ...
 $ RaceHorse.IsHitB                 : num  0 0 1 0 0 1 0 0 0 0 ...
 $ RaceHorse.IsHitC                 : num  0 0 1 0 0 1 1 0 0 0 ...
 $ Gen01.HansyokuNum                : Factor w/ 482 levels "11404044","11403840",..: 5 5 6 7 8 9 10 10 11 12 ...
 $ Gen01.FinishTimeSdvByRaceAvg     : num  0.428 0.428 0.229 0.247 0.261 ...
 $ Gen01.FirstTimeSdvByRaceAvg      : num  0.04935 0.04935 0.20644 -0.00646 0.07037 ...
 $ Gen01.LastTimeSdvByRaceAvg       : num  0.4 0.4 0.122 0.262 0.263 ...
 $ Gen01.FinishTimeSdvAvg           : num  -0.215 -0.215 -0.323 -0.241 -0.206 ...
 $ Gen01.FirstTimeSdvAvg            : num  -0.193 -0.193 -0.206 -0.309 -0.237 ...
 $ Gen01.LastTimeSdvAvg             : num  -0.1199 -0.1199 -0.2624 -0.0686 -0.0903 ...
 $ Gen01.RealOddsLog1Avg            : num  3.97 3.97 3.63 3.57 3.49 ...
 $ Gen01.RunCount                   : num  23 23 514 178 120 48 85 85 37 196 ...
 $ Gen01.HitCount1                  : num  2 2 37 12 10 3 9 9 5 14 ...
 $ Gen01.HitCount2                  : num  0 0 47 24 6 3 12 12 4 14 ...
 $ Gen01.HitCount3                  : num  2 2 36 13 11 3 8 8 1 14 ...
 $ Gen01.HitCount4                  : num  4 4 37 14 5 4 8 8 2 16 ...
 $ Gen01.HitCount5                  : num  4 4 37 12 12 4 5 5 4 9 ...
 $ Gen01.HitRate1                   : num  0.087 0.087 0.072 0.0674 0.0833 ...
 $ Gen01.HitRate2                   : num  0 0 0.0914 0.1348 0.05 ...
 $ Gen01.HitRate3                   : num  0.087 0.087 0.07 0.073 0.0917 ...
 $ Gen01.HitRate4                   : num  0.1739 0.1739 0.072 0.0787 0.0417 ...
 $ Gen01.HitRate5                   : num  0.1739 0.1739 0.072 0.0674 0.1 ...
 $ EOF                              : int  1 1 1 1 1 1 1 1 1 1 ...
[1] "2022-03-08 19:06:46 --- RxSqlServerData Finish ---"
[1] "2022-03-08 19:06:46 --- subset Start ---"
[1] "--------------------------------------------------------------------------------"
[1] "nrow(data) subset before=47776"
[1] "nrow(data) subset after =47776"
[1] "nrow(data) subset diff =0"
[1] "--------------------------------------------------------------------------------"
[1] "2022-03-08 19:06:46 --- subset Finish---"
[1] "2022-03-08 19:06:46 --- transform Start ---"
[1] "--------------------------------------------------------------------------------"
[1] "nrow(data) transform before=47776"
[1] "nrow(data) transform after=47776"
[1] "nrow(data) transform diff=0"
[1] "--------------------------------------------------------------------------------"
[1] "str(data)="
'data.frame':	47776 obs. of  48 variables:
 $ Race.RaceId                      : Factor w/ 3266 levels "20160111-08-01-04-02",..: 11 11 11 11 11 11 11 11 11 11 ...
 $ Race.IsAnalyzeNormalPastAndFuture: logi  TRUE TRUE TRUE TRUE TRUE TRUE ...
 $ Race.IsAnalyzeNormalPast         : logi  TRUE TRUE TRUE TRUE TRUE TRUE ...
 $ Race.IsAnalyzeNormalFuture       : logi  FALSE FALSE FALSE FALSE FALSE FALSE ...
 $ Race.IsAnalyzeFullPastAndFuture  : logi  TRUE TRUE TRUE TRUE TRUE TRUE ...
 $ Race.IsAnalyzeFullPast           : logi  TRUE TRUE TRUE TRUE TRUE TRUE ...
 $ Race.IsAnalyzeFullFuture         : logi  FALSE FALSE FALSE FALSE FALSE FALSE ...
 $ Race.JyokenCd                    : Factor w/ 1 level "5": 1 1 1 1 1 1 1 1 1 1 ...
 $ Race.JyoType1Cd                  : Factor w/ 116 levels "24-08-1200-1",..: 10 10 10 10 10 10 10 10 10 10 ...
 $ Race.RaceType1Cd                 : Factor w/ 2 levels "2-5-12","2-5-11": 1 1 1 1 1 1 1 1 1 1 ...
 $ RaceHorse.RaceId                 : Factor w/ 3266 levels "20160111-08-01-04-02",..: 11 11 11 11 11 11 11 11 11 11 ...
 $ RaceHorse.KettoNum               : Factor w/ 16640 levels "2013110048","2013110020",..: 7 8 9 10 11 12 13 14 15 16 ...
 $ RaceHorse.IsHit1                 : num  0 0 1 0 0 0 0 0 0 0 ...
 $ RaceHorse.IsHit2                 : num  0 0 0 0 0 1 0 0 0 0 ...
 $ RaceHorse.IsHit3                 : num  0 0 0 0 0 0 1 0 0 0 ...
 $ RaceHorse.IsHit4                 : num  0 0 0 0 0 0 0 0 1 0 ...
 $ RaceHorse.IsHit5                 : num  0 1 0 0 0 0 0 0 0 0 ...
 $ RaceHorse.IsHit6                 : num  1 0 0 1 1 0 0 1 0 1 ...
 $ RaceHorse.IsValidRaceHorse       : logi  TRUE TRUE TRUE TRUE FALSE TRUE ...
 $ RaceHorse.FinishTimeSdvByRace    : num  -0.3445 0.7783 1.2886 0.1659 0.0638 ...
 $ RaceHorse.FirstTimeSdvByRace     : num  -0.0324 -0.0324 0.8311 -1.5867 -2.7956 ...
 $ RaceHorse.LastTimeSdvByRace      : num  -0.321 0.786 0.786 1.087 1.691 ...
 $ RaceHorse.FinishTimeSdv          : num  -0.6763 -0.0368 0.2538 -0.3856 -0.4437 ...
 $ RaceHorse.FirstTimeSdv           : num  0.17 0.17 0.659 -0.71 -1.394 ...
 $ RaceHorse.LastTimeSdv            : num  -1 -0.177 -0.177 0.047 0.496 ...
 $ RaceHorse.IsHitA                 : num  0 0 1 0 0 0 0 0 0 0 ...
 $ RaceHorse.IsHitB                 : num  0 0 1 0 0 1 0 0 0 0 ...
 $ RaceHorse.IsHitC                 : num  0 0 1 0 0 1 1 0 0 0 ...
 $ Gen01.HansyokuNum                : Factor w/ 482 levels "11404044","11403840",..: 5 5 6 7 8 9 10 10 11 12 ...
 $ Gen01.FinishTimeSdvByRaceAvg     : num  0.428 0.428 0.229 0.247 0.261 ...
 $ Gen01.FirstTimeSdvByRaceAvg      : num  0.04935 0.04935 0.20644 -0.00646 0.07037 ...
 $ Gen01.LastTimeSdvByRaceAvg       : num  0.4 0.4 0.122 0.262 0.263 ...
 $ Gen01.FinishTimeSdvAvg           : num  -0.215 -0.215 -0.323 -0.241 -0.206 ...
 $ Gen01.FirstTimeSdvAvg            : num  -0.193 -0.193 -0.206 -0.309 -0.237 ...
 $ Gen01.LastTimeSdvAvg             : num  -0.1199 -0.1199 -0.2624 -0.0686 -0.0903 ...
 $ Gen01.RealOddsLog1Avg            : num  3.97 3.97 3.63 3.57 3.49 ...
 $ Gen01.RunCount                   : num  23 23 514 178 120 48 85 85 37 196 ...
 $ Gen01.HitCount1                  : num  2 2 37 12 10 3 9 9 5 14 ...
 $ Gen01.HitCount2                  : num  0 0 47 24 6 3 12 12 4 14 ...
 $ Gen01.HitCount3                  : num  2 2 36 13 11 3 8 8 1 14 ...
 $ Gen01.HitCount4                  : num  4 4 37 14 5 4 8 8 2 16 ...
 $ Gen01.HitCount5                  : num  4 4 37 12 12 4 5 5 4 9 ...
 $ Gen01.HitRate1                   : num  0.087 0.087 0.072 0.0674 0.0833 ...
 $ Gen01.HitRate2                   : num  0 0 0.0914 0.1348 0.05 ...
 $ Gen01.HitRate3                   : num  0.087 0.087 0.07 0.073 0.0917 ...
 $ Gen01.HitRate4                   : num  0.1739 0.1739 0.072 0.0787 0.0417 ...
 $ Gen01.HitRate5                   : num  0.1739 0.1739 0.072 0.0674 0.1 ...
 $ EOF                              : int  1 1 1 1 1 1 1 1 1 1 ...
NULL
[1] "2022-03-08 19:06:47 --- transform Finish ---"
[1] "2022-03-08 19:06:47 --- na.omit Start ---"
[1] "--------------------------------------------------------------------------------"
[1] "nrow(data) na.omit before=47776"
[1] "nrow(data) na.omit after =47353"
[1] "nrow(data) na.omit diff =423"
[1] "--------------------------------------------------------------------------------"
'data.frame':	47353 obs. of  48 variables:
 $ Race.RaceId                      : Factor w/ 3266 levels "20160111-08-01-04-02",..: 11 11 11 11 11 11 11 11 11 11 ...
 $ Race.IsAnalyzeNormalPastAndFuture: logi  TRUE TRUE TRUE TRUE TRUE TRUE ...
 $ Race.IsAnalyzeNormalPast         : logi  TRUE TRUE TRUE TRUE TRUE TRUE ...
 $ Race.IsAnalyzeNormalFuture       : logi  FALSE FALSE FALSE FALSE FALSE FALSE ...
 $ Race.IsAnalyzeFullPastAndFuture  : logi  TRUE TRUE TRUE TRUE TRUE TRUE ...
 $ Race.IsAnalyzeFullPast           : logi  TRUE TRUE TRUE TRUE TRUE TRUE ...
 $ Race.IsAnalyzeFullFuture         : logi  FALSE FALSE FALSE FALSE FALSE FALSE ...
 $ Race.JyokenCd                    : Factor w/ 1 level "5": 1 1 1 1 1 1 1 1 1 1 ...
 $ Race.JyoType1Cd                  : Factor w/ 116 levels "24-08-1200-1",..: 10 10 10 10 10 10 10 10 10 10 ...
 $ Race.RaceType1Cd                 : Factor w/ 2 levels "2-5-12","2-5-11": 1 1 1 1 1 1 1 1 1 1 ...
 $ RaceHorse.RaceId                 : Factor w/ 3266 levels "20160111-08-01-04-02",..: 11 11 11 11 11 11 11 11 11 11 ...
 $ RaceHorse.KettoNum               : Factor w/ 16640 levels "2013110048","2013110020",..: 7 8 9 10 11 12 13 14 15 16 ...
 $ RaceHorse.IsHit1                 : num  0 0 1 0 0 0 0 0 0 0 ...
 $ RaceHorse.IsHit2                 : num  0 0 0 0 0 1 0 0 0 0 ...
 $ RaceHorse.IsHit3                 : num  0 0 0 0 0 0 1 0 0 0 ...
 $ RaceHorse.IsHit4                 : num  0 0 0 0 0 0 0 0 1 0 ...
 $ RaceHorse.IsHit5                 : num  0 1 0 0 0 0 0 0 0 0 ...
 $ RaceHorse.IsHit6                 : num  1 0 0 1 1 0 0 1 0 1 ...
 $ RaceHorse.IsValidRaceHorse       : logi  TRUE TRUE TRUE TRUE FALSE TRUE ...
 $ RaceHorse.FinishTimeSdvByRace    : num  -0.3445 0.7783 1.2886 0.1659 0.0638 ...
 $ RaceHorse.FirstTimeSdvByRace     : num  -0.0324 -0.0324 0.8311 -1.5867 -2.7956 ...
 $ RaceHorse.LastTimeSdvByRace      : num  -0.321 0.786 0.786 1.087 1.691 ...
 $ RaceHorse.FinishTimeSdv          : num  -0.6763 -0.0368 0.2538 -0.3856 -0.4437 ...
 $ RaceHorse.FirstTimeSdv           : num  0.17 0.17 0.659 -0.71 -1.394 ...
 $ RaceHorse.LastTimeSdv            : num  -1 -0.177 -0.177 0.047 0.496 ...
 $ RaceHorse.IsHitA                 : num  0 0 1 0 0 0 0 0 0 0 ...
 $ RaceHorse.IsHitB                 : num  0 0 1 0 0 1 0 0 0 0 ...
 $ RaceHorse.IsHitC                 : num  0 0 1 0 0 1 1 0 0 0 ...
 $ Gen01.HansyokuNum                : Factor w/ 482 levels "11404044","11403840",..: 5 5 6 7 8 9 10 10 11 12 ...
 $ Gen01.FinishTimeSdvByRaceAvg     : num  0.428 0.428 0.229 0.247 0.261 ...
 $ Gen01.FirstTimeSdvByRaceAvg      : num  0.04935 0.04935 0.20644 -0.00646 0.07037 ...
 $ Gen01.LastTimeSdvByRaceAvg       : num  0.4 0.4 0.122 0.262 0.263 ...
 $ Gen01.FinishTimeSdvAvg           : num  -0.215 -0.215 -0.323 -0.241 -0.206 ...
 $ Gen01.FirstTimeSdvAvg            : num  -0.193 -0.193 -0.206 -0.309 -0.237 ...
 $ Gen01.LastTimeSdvAvg             : num  -0.1199 -0.1199 -0.2624 -0.0686 -0.0903 ...
 $ Gen01.RealOddsLog1Avg            : num  3.97 3.97 3.63 3.57 3.49 ...
 $ Gen01.RunCount                   : num  23 23 514 178 120 48 85 85 37 196 ...
 $ Gen01.HitCount1                  : num  2 2 37 12 10 3 9 9 5 14 ...
 $ Gen01.HitCount2                  : num  0 0 47 24 6 3 12 12 4 14 ...
 $ Gen01.HitCount3                  : num  2 2 36 13 11 3 8 8 1 14 ...
 $ Gen01.HitCount4                  : num  4 4 37 14 5 4 8 8 2 16 ...
 $ Gen01.HitCount5                  : num  4 4 37 12 12 4 5 5 4 9 ...
 $ Gen01.HitRate1                   : num  0.087 0.087 0.072 0.0674 0.0833 ...
 $ Gen01.HitRate2                   : num  0 0 0.0914 0.1348 0.05 ...
 $ Gen01.HitRate3                   : num  0.087 0.087 0.07 0.073 0.0917 ...
 $ Gen01.HitRate4                   : num  0.1739 0.1739 0.072 0.0787 0.0417 ...
 $ Gen01.HitRate5                   : num  0.1739 0.1739 0.072 0.0674 0.1 ...
 $ EOF                              : int  1 1 1 1 1 1 1 1 1 1 ...
 - attr(*, "na.action")= 'omit' Named int  67 150 482 524 678 788 975 1042 1211 1223 ...
  ..- attr(*, "names")= chr  "67" "150" "482" "524" ...
[1] "2022-03-08 19:06:47 --- na.omit Finish ---"
[1] "2022-03-08 19:06:47 --- rxLogit with rxStepControl Start ---"

> print(paste0(Sys.time(), " --- source_logic_glm.R Start ---"))
[1] "2022-03-08 19:06:47 --- source_logic_glm.R Start ---"

> formula <- formula(RaceHorse.IsHitA ~ +1 + Gen01.FinishTimeSdvByRaceAvg)

> print(paste0(Sys.time(), " --- source_logic_glm.R Finished ---"))
[1] "2022-03-08 19:06:47 --- source_logic_glm.R Finished ---"
Rows Read: 47353, Total Rows Processed: 47353, Total Chunk Time: 0.001 seconds 

Starting values (iteration 1) time: 0.010 secs.
Rows Read: 47353, Total Rows Processed: 47353, Total Chunk Time: 0.003 seconds 

Iteration 2 time: 0.009 secs.
Rows Read: 47353, Total Rows Processed: 47353, Total Chunk Time: 0.003 seconds 

Iteration 3 time: 0.005 secs.
Rows Read: 47353, Total Rows Processed: 47353, Total Chunk Time: 0.003 seconds 

Iteration 4 time: 0.005 secs.

Elapsed computation time: 0.035 secs.
Rows Read: 47353, Total Rows Processed: 47353, Total Chunk Time: Less than .001 seconds 

Starting values (iteration 1) time: 0.010 secs.
Rows Read: 47353, Total Rows Processed: 47353, Total Chunk Time: 0.002 seconds 

Iteration 2 time: 0.007 secs.

Elapsed computation time: 0.021 secs.
Rows Read: 47353, Total Rows Processed: 47353, Total Chunk Time: Less than .001 seconds 

Starting values (iteration 1) time: 0.011 secs.
Rows Read: 47353, Total Rows Processed: 47353, Total Chunk Time: 0.002 seconds 

Iteration 2 time: 0.008 secs.
Rows Read: 47353, Total Rows Processed: 47353, Total Chunk Time: 0.002 seconds 

Iteration 3 time: 0.004 secs.
Rows Read: 47353, Total Rows Processed: 47353, Total Chunk Time: 0.003 seconds 

Iteration 4 time: 0.004 secs.

Elapsed computation time: 0.034 secs.

Elapsed computation time: 0.103 secs.
[1] "--------------------------------------------------------------------------------"
[1] "analyze.results.glm.step="
Logistic Regression Results for: RaceHorse.IsHitA ~
    Gen01.FinishTimeSdvByRaceAvg
Data: data
Dependent variable(s): RaceHorse.IsHitA
Total independent variables: 2 
Number of valid observations: 47353
Number of missing observations: 0 
 
Coefficients:
                             RaceHorse.IsHitA
(Intercept)                                -3
Gen01.FinishTimeSdvByRaceAvg                1
[1] "analyze.results.glm.step.summary"
Call:
rxLogit(formula = formula, data = data, variableSelection = analyze.results.glm.step.varsel)

Logistic Regression Results for: RaceHorse.IsHitA ~
    Gen01.FinishTimeSdvByRaceAvg
Data: data
Dependent variable(s): RaceHorse.IsHitA
Total independent variables: 2 
Number of valid observations: 47353
Number of missing observations: 0 
-2*LogLikelihood: 23263.57 (Residual deviance on 47351 degrees of freedom)
 
Coefficients:
                             Estimate Std. Error z value Pr(>|z|)    
(Intercept)                   -2.9829     0.0294  -101.3  2.2e-16 ***
Gen01.FinishTimeSdvByRaceAvg   1.4283     0.0809    17.7  2.2e-16 ***
---
Signif. codes:  0 '***' 0.001 '**' 0.01 '*' 0.05 '.' 0.1 ' ' 1

Condition number of final variance-covariance matrix: 1 
Number of iterations: 4
[1] "--------------------------------------------------------------------------------"
[1] "2022-03-08 19:06:47 --- rxLogit with rxStepControl Finish ---"
[1] "2022-03-08 19:06:47 --- rxStepPlot Start ---"
[1] "pdfFilename=pdf_analyze_glm_Gen01_Type25_rxStepPlot.pdf"
[1] "rxStepPlot="
[1] "2022-03-08 19:06:47 --- rxStepPlot Finish ---"
[1] "2022-03-08 19:06:47 --- save.image Start ---"
[1] "save.image"
[1] "rdataFilename=RData_analyze_glm_Gen01_Type25.RData"
[1] "2022-03-08 19:06:48 --- save.image Finish ---"
[1] "2022-03-08 19:06:48 --- final Start ---"
[1] "--------------------------------------------------------------------------------"
[1] "nrow(data) final=47353"
[1] "--------------------------------------------------------------------------------"
[1] "2022-03-08 19:06:48 --- final Finish ---"
[1] "2022-03-08 19:06:48 --- analyze_glm.R Finished ---"
[1] "2022-03-08 19:06:48 --- log Finish ---"
