[1] "2022-02-25 20:25:49 --- D1115_analyze_glm_Horse_IsHitA_Type25 Start ---"
[1] "2022-02-25 20:25:49 --- Log Start ---"
[1] "2022-02-25 20:25:49 --- analyze_glm.R Start ---"
[1] "analyzeVersion=D1115"
[1] "analyzeCategory=analyze"
[1] "analyzeType=Horse"
[1] "analyzeFamily=IsHitA"
[1] "analyzeFunc=glm"
[1] "analyzeTrackTypeCd=2"
[1] "analyzeJyokenCd=5"
[1] "2022-02-25 20:25:49 --- source_function.R Start ---"
[1] "2022-02-25 20:25:49 --- source_function.R Finished ---"

> print(paste0(Sys.time(), " --- source_library.R Start ---"))
[1] "2022-02-25 20:25:50 --- source_library.R Start ---"

> require("RevoScaleR")

> print(paste0(Sys.time(), " --- source_library.R Finished ---"))
[1] "2022-02-25 20:25:51 --- source_library.R Finished ---"
[1] "2022-02-25 20:25:51 --- RxSqlServerData Start ---"
[1] "2022-02-25 20:25:51 --- RxInSqlServer Start ---"
[1] "2022-02-25 20:25:51 --- RxInSqlServer Finish ---"
[1] "2022-02-25 20:25:51 --- rxSetComputeContext Start ---"
[1] "2022-02-25 20:25:51 --- rxSetComputeContext Finish ---"
[1] "2022-02-25 20:25:51 --- RxSqlServerData Start ---"
[1] "sqlQuery=SELECT * FROM ViewAnalyzeD1115analyze01HorseType25"
[1] "2022-02-25 20:25:51 --- RxSqlServerData Finish ---"
[1] "2022-02-25 20:25:51 --- rxGetVarInfo Start ---"
[1] "2022-02-25 20:25:57 --- rxGetVarInfo Finish---"
[1] "2022-02-25 20:25:57 --- rxImport Start ---"
Rows Read: 46468, Total Rows Processed: 46468, Total Chunk Time: 8.833 seconds 
[1] "2022-02-25 20:26:17 --- rxImport Finish ---"
[1] "object.size(data) auto=15.6 Mb"
[1] "--------------------------------------------------------------------------------"
[1] "nrow(data) RxSqlServerData=46468"
[1] "--------------------------------------------------------------------------------"
[1] "str(data)="
'data.frame':	46468 obs. of  44 variables:
 $ Race.RaceId                      : Factor w/ 3266 levels "20161120-08-05-06-01",..: 2 2 2 2 2 2 2 2 2 2 ...
 $ Race.IsPredictedRace             : logi  TRUE TRUE TRUE TRUE TRUE TRUE ...
 $ Race.IsAnalyzeNormalPastAndFuture: logi  TRUE TRUE TRUE TRUE TRUE TRUE ...
 $ Race.IsAnalyzeNormalPast         : logi  TRUE TRUE TRUE TRUE TRUE TRUE ...
 $ Race.IsAnalyzeNormalFuture       : logi  FALSE FALSE FALSE FALSE FALSE FALSE ...
 $ Race.IsAnalyzeFullPastAndFuture  : logi  TRUE TRUE TRUE TRUE TRUE TRUE ...
 $ Race.IsAnalyzeFullPast           : logi  TRUE TRUE TRUE TRUE TRUE TRUE ...
 $ Race.IsAnalyzeFullFuture         : logi  FALSE FALSE FALSE FALSE FALSE FALSE ...
 $ Race.JyokenCd                    : Factor w/ 1 level "5": 1 1 1 1 1 1 1 1 1 1 ...
 $ Race.JyoType1Cd                  : Factor w/ 116 levels "2-08-1400-5-3",..: 2 2 2 2 2 2 2 2 2 2 ...
 $ Race.RaceType1Cd                 : Factor w/ 3 levels "2-5-X-1","2-5-X-2",..: 1 1 1 1 1 1 1 1 1 1 ...
 $ RaceHorse.RaceId                 : Factor w/ 3266 levels "20161120-08-05-06-01",..: 2 2 2 2 2 2 2 2 2 2 ...
 $ RaceHorse.KettoNum               : Factor w/ 16199 levels "2014100910","2014101342",..: 11 12 13 14 15 16 17 18 19 20 ...
 $ RaceHorse.IsHit1                 : num  0 0 0 0 0 1 0 0 0 0 ...
 $ RaceHorse.IsHit2                 : num  0 0 0 0 0 0 1 0 0 0 ...
 $ RaceHorse.IsHit3                 : num  0 0 0 0 1 0 0 0 0 0 ...
 $ RaceHorse.IsHit4                 : num  0 0 0 1 0 0 0 0 0 0 ...
 $ RaceHorse.IsHit5                 : num  0 0 0 0 0 0 0 0 0 0 ...
 $ RaceHorse.IsHit6                 : num  1 1 1 0 0 0 0 1 1 1 ...
 $ RaceHorse.IsValidRaceHorse       : logi  TRUE TRUE TRUE TRUE TRUE TRUE ...
 $ RaceHorse.TimeSdv                : num  0.648 -0.22095 -0.00371 0.93765 1.37212 ...
 $ RaceHorse.IsHitA                 : num  0 0 0 0 0 1 0 0 0 0 ...
 $ RaceHorse.IsHitB                 : num  0 0 0 0 0 1 1 0 0 0 ...
 $ RaceHorse.IsHitC                 : num  0 0 0 0 1 1 1 0 0 0 ...
 $ Horse.KettoNum                   : Factor w/ 16199 levels "2014100910","2014101342",..: 11 12 13 14 15 16 17 18 19 20 ...
 $ Horse.TimeSdvByRaceAvg           : num  0.6026 0.0317 -0.9854 0.331 -0.0875 ...
 $ Horse.TimeSdvByRaceMin           : num  -0.166 -0.193 -1.267 -0.727 -0.159 ...
 $ Horse.TimeSdvByRaceMax           : num  1.317 0.2564 -0.7036 1.4598 -0.0158 ...
 $ Horse.TimeSdvAvg                 : num  0.0109 -0.3358 -1.1734 0.3911 -0.1083 ...
 $ Horse.TimeSdvMin                 : num  -0.553 -1.659 -1.267 -1.115 -0.264 ...
 $ Horse.TimeSdvMax                 : num  0.9357 0.9873 -1.0802 1.3428 0.0473 ...
 $ Horse.OrderOfFinishSdvAvg        : num  0.784 -0.209 -0.907 0.511 -0.117 ...
 $ Horse.RunCount                   : num  4 2 2 4 2 2 1 1 1 1 ...
 $ Horse.HitCount1                  : num  0 0 0 0 0 0 0 0 0 0 ...
 $ Horse.HitCount2                  : num  1 0 0 2 0 0 0 0 0 0 ...
 $ Horse.HitCount3                  : num  0 0 0 0 0 1 0 0 0 0 ...
 $ Horse.HitCount4                  : num  2 0 0 0 0 0 1 0 0 0 ...
 $ Horse.HitCount5                  : num  0 0 0 0 0 0 0 0 1 0 ...
 $ Horse.HitRate1                   : num  0 0 0 0 0 0 0 0 0 0 ...
 $ Horse.HitRate2                   : num  0.25 0 0 0.5 0 0 0 0 0 0 ...
 $ Horse.HitRate3                   : num  0 0 0 0 0 0.5 0 0 0 0 ...
 $ Horse.HitRate4                   : num  0.5 0 0 0 0 0 1 0 0 0 ...
 $ Horse.HitRate5                   : num  0 0 0 0 0 0 0 0 1 0 ...
 $ EOF                              : int  1 1 1 1 1 1 1 1 1 1 ...
[1] "2022-02-25 20:32:00 --- RxSqlServerData Finish ---"
[1] "2022-02-25 20:32:10 --- subset Start ---"
[1] "--------------------------------------------------------------------------------"
[1] "nrow(data) subset before=46468"
[1] "nrow(data) subset after =46468"
[1] "nrow(data) subset diff =0"
[1] "--------------------------------------------------------------------------------"
[1] "2022-02-25 20:32:42 --- subset Finish---"
[1] "2022-02-25 20:32:43 --- transform Start ---"
[1] "--------------------------------------------------------------------------------"
[1] "nrow(data) transform before=46468"
[1] "nrow(data) transform after=46468"
[1] "nrow(data) transform diff=0"
[1] "--------------------------------------------------------------------------------"
[1] "str(data)="
'data.frame':	46468 obs. of  44 variables:
 $ Race.RaceId                      : Factor w/ 3266 levels "20161120-08-05-06-01",..: 2 2 2 2 2 2 2 2 2 2 ...
 $ Race.IsPredictedRace             : logi  TRUE TRUE TRUE TRUE TRUE TRUE ...
 $ Race.IsAnalyzeNormalPastAndFuture: logi  TRUE TRUE TRUE TRUE TRUE TRUE ...
 $ Race.IsAnalyzeNormalPast         : logi  TRUE TRUE TRUE TRUE TRUE TRUE ...
 $ Race.IsAnalyzeNormalFuture       : logi  FALSE FALSE FALSE FALSE FALSE FALSE ...
 $ Race.IsAnalyzeFullPastAndFuture  : logi  TRUE TRUE TRUE TRUE TRUE TRUE ...
 $ Race.IsAnalyzeFullPast           : logi  TRUE TRUE TRUE TRUE TRUE TRUE ...
 $ Race.IsAnalyzeFullFuture         : logi  FALSE FALSE FALSE FALSE FALSE FALSE ...
 $ Race.JyokenCd                    : Factor w/ 1 level "5": 1 1 1 1 1 1 1 1 1 1 ...
 $ Race.JyoType1Cd                  : Factor w/ 116 levels "2-08-1400-5-3",..: 2 2 2 2 2 2 2 2 2 2 ...
 $ Race.RaceType1Cd                 : Factor w/ 3 levels "2-5-X-1","2-5-X-2",..: 1 1 1 1 1 1 1 1 1 1 ...
 $ RaceHorse.RaceId                 : Factor w/ 3266 levels "20161120-08-05-06-01",..: 2 2 2 2 2 2 2 2 2 2 ...
 $ RaceHorse.KettoNum               : Factor w/ 16199 levels "2014100910","2014101342",..: 11 12 13 14 15 16 17 18 19 20 ...
 $ RaceHorse.IsHit1                 : num  0 0 0 0 0 1 0 0 0 0 ...
 $ RaceHorse.IsHit2                 : num  0 0 0 0 0 0 1 0 0 0 ...
 $ RaceHorse.IsHit3                 : num  0 0 0 0 1 0 0 0 0 0 ...
 $ RaceHorse.IsHit4                 : num  0 0 0 1 0 0 0 0 0 0 ...
 $ RaceHorse.IsHit5                 : num  0 0 0 0 0 0 0 0 0 0 ...
 $ RaceHorse.IsHit6                 : num  1 1 1 0 0 0 0 1 1 1 ...
 $ RaceHorse.IsValidRaceHorse       : logi  TRUE TRUE TRUE TRUE TRUE TRUE ...
 $ RaceHorse.TimeSdv                : num  0.648 -0.22095 -0.00371 0.93765 1.37212 ...
 $ RaceHorse.IsHitA                 : num  0 0 0 0 0 1 0 0 0 0 ...
 $ RaceHorse.IsHitB                 : num  0 0 0 0 0 1 1 0 0 0 ...
 $ RaceHorse.IsHitC                 : num  0 0 0 0 1 1 1 0 0 0 ...
 $ Horse.KettoNum                   : Factor w/ 16199 levels "2014100910","2014101342",..: 11 12 13 14 15 16 17 18 19 20 ...
 $ Horse.TimeSdvByRaceAvg           : num  0.6026 0.0317 -0.9854 0.331 -0.0875 ...
 $ Horse.TimeSdvByRaceMin           : num  -0.166 -0.193 -1.267 -0.727 -0.159 ...
 $ Horse.TimeSdvByRaceMax           : num  1.317 0.2564 -0.7036 1.4598 -0.0158 ...
 $ Horse.TimeSdvAvg                 : num  0.0109 -0.3358 -1.1734 0.3911 -0.1083 ...
 $ Horse.TimeSdvMin                 : num  -0.553 -1.659 -1.267 -1.115 -0.264 ...
 $ Horse.TimeSdvMax                 : num  0.9357 0.9873 -1.0802 1.3428 0.0473 ...
 $ Horse.OrderOfFinishSdvAvg        : num  0.784 -0.209 -0.907 0.511 -0.117 ...
 $ Horse.RunCount                   : num  4 2 2 4 2 2 1 1 1 1 ...
 $ Horse.HitCount1                  : num  0 0 0 0 0 0 0 0 0 0 ...
 $ Horse.HitCount2                  : num  1 0 0 2 0 0 0 0 0 0 ...
 $ Horse.HitCount3                  : num  0 0 0 0 0 1 0 0 0 0 ...
 $ Horse.HitCount4                  : num  2 0 0 0 0 0 1 0 0 0 ...
 $ Horse.HitCount5                  : num  0 0 0 0 0 0 0 0 1 0 ...
 $ Horse.HitRate1                   : num  0 0 0 0 0 0 0 0 0 0 ...
 $ Horse.HitRate2                   : num  0.25 0 0 0.5 0 0 0 0 0 0 ...
 $ Horse.HitRate3                   : num  0 0 0 0 0 0.5 0 0 0 0 ...
 $ Horse.HitRate4                   : num  0.5 0 0 0 0 0 1 0 0 0 ...
 $ Horse.HitRate5                   : num  0 0 0 0 0 0 0 0 1 0 ...
 $ EOF                              : int  1 1 1 1 1 1 1 1 1 1 ...
NULL
[1] "2022-02-25 20:32:54 --- transform Finish ---"
[1] "2022-02-25 20:32:54 --- na.omit Start ---"
[1] "--------------------------------------------------------------------------------"
[1] "nrow(data) na.omit before=46468"
[1] "nrow(data) na.omit after =46081"
[1] "nrow(data) na.omit diff =387"
[1] "--------------------------------------------------------------------------------"
'data.frame':	46081 obs. of  44 variables:
 $ Race.RaceId                      : Factor w/ 3266 levels "20161120-08-05-06-01",..: 2 2 2 2 2 2 2 2 2 2 ...
 $ Race.IsPredictedRace             : logi  TRUE TRUE TRUE TRUE TRUE TRUE ...
 $ Race.IsAnalyzeNormalPastAndFuture: logi  TRUE TRUE TRUE TRUE TRUE TRUE ...
 $ Race.IsAnalyzeNormalPast         : logi  TRUE TRUE TRUE TRUE TRUE TRUE ...
 $ Race.IsAnalyzeNormalFuture       : logi  FALSE FALSE FALSE FALSE FALSE FALSE ...
 $ Race.IsAnalyzeFullPastAndFuture  : logi  TRUE TRUE TRUE TRUE TRUE TRUE ...
 $ Race.IsAnalyzeFullPast           : logi  TRUE TRUE TRUE TRUE TRUE TRUE ...
 $ Race.IsAnalyzeFullFuture         : logi  FALSE FALSE FALSE FALSE FALSE FALSE ...
 $ Race.JyokenCd                    : Factor w/ 1 level "5": 1 1 1 1 1 1 1 1 1 1 ...
 $ Race.JyoType1Cd                  : Factor w/ 116 levels "2-08-1400-5-3",..: 2 2 2 2 2 2 2 2 2 2 ...
 $ Race.RaceType1Cd                 : Factor w/ 3 levels "2-5-X-1","2-5-X-2",..: 1 1 1 1 1 1 1 1 1 1 ...
 $ RaceHorse.RaceId                 : Factor w/ 3266 levels "20161120-08-05-06-01",..: 2 2 2 2 2 2 2 2 2 2 ...
 $ RaceHorse.KettoNum               : Factor w/ 16199 levels "2014100910","2014101342",..: 11 12 13 14 15 16 17 18 19 20 ...
 $ RaceHorse.IsHit1                 : num  0 0 0 0 0 1 0 0 0 0 ...
 $ RaceHorse.IsHit2                 : num  0 0 0 0 0 0 1 0 0 0 ...
 $ RaceHorse.IsHit3                 : num  0 0 0 0 1 0 0 0 0 0 ...
 $ RaceHorse.IsHit4                 : num  0 0 0 1 0 0 0 0 0 0 ...
 $ RaceHorse.IsHit5                 : num  0 0 0 0 0 0 0 0 0 0 ...
 $ RaceHorse.IsHit6                 : num  1 1 1 0 0 0 0 1 1 1 ...
 $ RaceHorse.IsValidRaceHorse       : logi  TRUE TRUE TRUE TRUE TRUE TRUE ...
 $ RaceHorse.TimeSdv                : num  0.648 -0.22095 -0.00371 0.93765 1.37212 ...
 $ RaceHorse.IsHitA                 : num  0 0 0 0 0 1 0 0 0 0 ...
 $ RaceHorse.IsHitB                 : num  0 0 0 0 0 1 1 0 0 0 ...
 $ RaceHorse.IsHitC                 : num  0 0 0 0 1 1 1 0 0 0 ...
 $ Horse.KettoNum                   : Factor w/ 16199 levels "2014100910","2014101342",..: 11 12 13 14 15 16 17 18 19 20 ...
 $ Horse.TimeSdvByRaceAvg           : num  0.6026 0.0317 -0.9854 0.331 -0.0875 ...
 $ Horse.TimeSdvByRaceMin           : num  -0.166 -0.193 -1.267 -0.727 -0.159 ...
 $ Horse.TimeSdvByRaceMax           : num  1.317 0.2564 -0.7036 1.4598 -0.0158 ...
 $ Horse.TimeSdvAvg                 : num  0.0109 -0.3358 -1.1734 0.3911 -0.1083 ...
 $ Horse.TimeSdvMin                 : num  -0.553 -1.659 -1.267 -1.115 -0.264 ...
 $ Horse.TimeSdvMax                 : num  0.9357 0.9873 -1.0802 1.3428 0.0473 ...
 $ Horse.OrderOfFinishSdvAvg        : num  0.784 -0.209 -0.907 0.511 -0.117 ...
 $ Horse.RunCount                   : num  4 2 2 4 2 2 1 1 1 1 ...
 $ Horse.HitCount1                  : num  0 0 0 0 0 0 0 0 0 0 ...
 $ Horse.HitCount2                  : num  1 0 0 2 0 0 0 0 0 0 ...
 $ Horse.HitCount3                  : num  0 0 0 0 0 1 0 0 0 0 ...
 $ Horse.HitCount4                  : num  2 0 0 0 0 0 1 0 0 0 ...
 $ Horse.HitCount5                  : num  0 0 0 0 0 0 0 0 1 0 ...
 $ Horse.HitRate1                   : num  0 0 0 0 0 0 0 0 0 0 ...
 $ Horse.HitRate2                   : num  0.25 0 0 0.5 0 0 0 0 0 0 ...
 $ Horse.HitRate3                   : num  0 0 0 0 0 0.5 0 0 0 0 ...
 $ Horse.HitRate4                   : num  0.5 0 0 0 0 0 1 0 0 0 ...
 $ Horse.HitRate5                   : num  0 0 0 0 0 0 0 0 1 0 ...
 $ EOF                              : int  1 1 1 1 1 1 1 1 1 1 ...
 - attr(*, "na.action")= 'omit' Named int  25 285 593 636 655 699 706 766 779 884 ...
  ..- attr(*, "names")= chr  "25" "285" "593" "636" ...
[1] "2022-02-25 20:33:00 --- na.omit Finish ---"
[1] "2022-02-25 20:33:00 --- rxGlm with rxStepControl Start ---"

> print(paste0(Sys.time(), " --- source_logic_glm.R Start ---"))
[1] "2022-02-25 20:33:00 --- source_logic_glm.R Start ---"

> formula <- formula(RaceHorse.IsHitA ~ +1 + Horse.TimeSdvAvg)

> print(paste0(Sys.time(), " --- source_logic_glm.R Finished ---"))
[1] "2022-02-25 20:33:01 --- source_logic_glm.R Finished ---"
Rows Read: 46081, Total Rows Processed: 46081, Total Chunk Time: 0.002 seconds 

Starting values (iteration 1) time: 0.032 secs.
Rows Read: 46081, Total Rows Processed: 46081, Total Chunk Time: 0.005 seconds 

Iteration 2 time: 0.113 secs.
Rows Read: 46081, Total Rows Processed: 46081, Total Chunk Time: 0.004 seconds 

Iteration 3 time: 0.112 secs.
Rows Read: 46081, Total Rows Processed: 46081, Total Chunk Time: 0.004 seconds 

Iteration 4 time: 0.092 secs.
Rows Read: 46081, Total Rows Processed: 46081, Total Chunk Time: 0.004 seconds 

Iteration 5 time: 0.213 secs.
Rows Read: 46081, Total Rows Processed: 46081, Total Chunk Time: 0.004 seconds 

Iteration 6 time: 0.103 secs.

Elapsed computation time: 1.272 secs.
Rows Read: 46081, Total Rows Processed: 46081, Total Chunk Time: 0.002 seconds 

Starting values (iteration 1) time: 0.111 secs.
Rows Read: 46081, Total Rows Processed: 46081, Total Chunk Time: 0.003 seconds 

Iteration 2 time: 0.106 secs.

Elapsed computation time: 0.422 secs.
Rows Read: 46081, Total Rows Processed: 46081, Total Chunk Time: 0.002 seconds 

Starting values (iteration 1) time: 0.082 secs.
Rows Read: 46081, Total Rows Processed: 46081, Total Chunk Time: 0.004 seconds 

Iteration 2 time: 0.201 secs.
Rows Read: 46081, Total Rows Processed: 46081, Total Chunk Time: 0.004 seconds 

Iteration 3 time: 0.106 secs.
Rows Read: 46081, Total Rows Processed: 46081, Total Chunk Time: 0.003 seconds 

Iteration 4 time: 0.108 secs.
Rows Read: 46081, Total Rows Processed: 46081, Total Chunk Time: 0.004 seconds 

Iteration 5 time: 0.097 secs.
Rows Read: 46081, Total Rows Processed: 46081, Total Chunk Time: 0.004 seconds 

Iteration 6 time: 0.100 secs.

Elapsed computation time: 1.388 secs.

Elapsed computation time: 3.499 secs.
[1] "--------------------------------------------------------------------------------"
[1] "analyze.results.glm.step="
Logistic Regression Results for: RaceHorse.IsHitA ~ Horse.TimeSdvAvg
Data: data
Dependent variable(s): RaceHorse.IsHitA
Total independent variables: 2 
Number of valid observations: 46081
Number of missing observations: 0 
 
Coefficients:
                 RaceHorse.IsHitA
(Intercept)                    -3
Horse.TimeSdvAvg                2
[1] "analyze.results.glm.step.summary"
Call:
rxLogit(formula = formula, data = data, variableSelection = analyze.results.glm.step.varsel)

Logistic Regression Results for: RaceHorse.IsHitA ~ Horse.TimeSdvAvg
Data: data
Dependent variable(s): RaceHorse.IsHitA
Total independent variables: 2 
Number of valid observations: 46081
Number of missing observations: 0 
-2*LogLikelihood: 21041.384 (Residual deviance on 46079 degrees of freedom)
 
Coefficients:
                 Estimate Std. Error z value Pr(>|z|)    
(Intercept)       -2.9600     0.0244  -121.1  2.2e-16 ***
Horse.TimeSdvAvg   1.6065     0.0367    43.8  2.2e-16 ***
---
Signif. codes:  0 '***' 0.001 '**' 0.01 '*' 0.05 '.' 0.1 ' ' 1

Condition number of final variance-covariance matrix: 1 
Number of iterations: 6
[1] "--------------------------------------------------------------------------------"
[1] "2022-02-25 20:33:07 --- rxGlm with rxStepControl Finish ---"
[1] "2022-02-25 20:33:07 --- rxStepPlot Start ---"
[1] "pdfFilename=pdf_analyze_glm_Horse_Type25_rxStepPlot.pdf"
[1] "rxStepPlot="
[1] "2022-02-25 20:33:08 --- rxStepPlot Finish ---"
[1] "2022-02-25 20:33:08 --- save.image Start ---"
[1] "save.image"
[1] "rdataFilename=RData_analyze_glm_Horse_Type25.RData"
[1] "2022-02-25 20:33:08 --- save.image Finish ---"
[1] "2022-02-25 20:33:08 --- final Start ---"
[1] "--------------------------------------------------------------------------------"
[1] "nrow(data) final=46081"
[1] "--------------------------------------------------------------------------------"
[1] "2022-02-25 20:33:09 --- final Finish ---"
[1] "2022-02-25 20:33:09 --- analyze_glm.R Finished ---"
[1] "2022-02-25 20:33:09 --- log Finish ---"
