[1] "2022-02-21 22:11:33 --- D1115_analyze_glm_Jockey_IsHitA_Type12 Start ---"
[1] "2022-02-21 22:11:33 --- Log Start ---"
[1] "2022-02-21 22:11:33 --- analyze_glm.R Start ---"
[1] "analyzeVersion=D1115"
[1] "analyzeCategory=analyze"
[1] "analyzeType=Jockey"
[1] "analyzeFamily=IsHitA"
[1] "analyzeFunc=glm"
[1] "analyzeTrackTypeCd=1"
[1] "analyzeJyokenCd=2"
[1] "2022-02-21 22:11:33 --- source_function.R Start ---"
[1] "2022-02-21 22:11:33 --- source_function.R Finished ---"

> print(paste0(Sys.time(), " --- source_library.R Start ---"))
[1] "2022-02-21 22:11:34 --- source_library.R Start ---"

> require("RevoScaleR")

> print(paste0(Sys.time(), " --- source_library.R Finished ---"))
[1] "2022-02-21 22:11:39 --- source_library.R Finished ---"
[1] "2022-02-21 22:11:39 --- RxSqlServerData Start ---"
[1] "2022-02-21 22:11:39 --- RxInSqlServer Start ---"
[1] "2022-02-21 22:11:39 --- RxInSqlServer Finish ---"
[1] "2022-02-21 22:11:39 --- rxSetComputeContext Start ---"
[1] "2022-02-21 22:11:39 --- rxSetComputeContext Finish ---"
[1] "2022-02-21 22:11:39 --- RxSqlServerData Start ---"
[1] "sqlQuery=SELECT * FROM ViewAnalyzeD1115analyze01JockeyType12"
[1] "2022-02-21 22:11:39 --- RxSqlServerData Finish ---"
[1] "2022-02-21 22:11:39 --- rxGetVarInfo Start ---"
[1] "2022-02-21 22:11:40 --- rxGetVarInfo Finish---"
[1] "2022-02-21 22:11:40 --- rxImport Start ---"
Rows Read: 6744, Total Rows Processed: 6744, Total Chunk Time: 73.596 seconds 
[1] "2022-02-21 22:14:12 --- rxImport Finish ---"
[1] "object.size(data) auto=1.4 Mb"
[1] "--------------------------------------------------------------------------------"
[1] "nrow(data) RxSqlServerData=6744"
[1] "--------------------------------------------------------------------------------"
[1] "str(data)="
'data.frame':	6744 obs. of  39 variables:
 $ Race.RaceId                      : Factor w/ 529 levels "20160109-06-01-02-10",..: 1 2 3 6 7 7 8 9 9 9 ...
 $ Race.IsPredictedRace             : logi  TRUE TRUE TRUE TRUE TRUE TRUE ...
 $ Race.IsAnalyzeNormalPastAndFuture: logi  TRUE TRUE TRUE TRUE TRUE TRUE ...
 $ Race.IsAnalyzeNormalPast         : logi  TRUE TRUE TRUE TRUE TRUE TRUE ...
 $ Race.IsAnalyzeNormalFuture       : logi  FALSE FALSE FALSE FALSE FALSE FALSE ...
 $ Race.IsAnalyzeFullPastAndFuture  : logi  TRUE TRUE TRUE TRUE TRUE TRUE ...
 $ Race.IsAnalyzeFullPast           : logi  TRUE TRUE TRUE TRUE TRUE TRUE ...
 $ Race.IsAnalyzeFullFuture         : logi  FALSE FALSE FALSE FALSE FALSE FALSE ...
 $ Race.JyokenCd                    : Factor w/ 1 level "2": 1 1 1 1 1 1 1 1 1 1 ...
 $ Race.RaceType1Cd                 : Factor w/ 1 level "1-2-E": 1 1 1 1 1 1 1 1 1 1 ...
 $ RaceHorse.RaceId                 : Factor w/ 529 levels "20160109-06-01-02-10",..: 1 2 3 6 7 7 8 9 9 9 ...
 $ RaceHorse.KettoNum               : Factor w/ 1437 levels "2010102243","2010102263",..: 11 12 13 14 15 16 17 18 19 20 ...
 $ RaceHorse.IsHit1                 : int  0 0 0 0 0 0 0 0 0 0 ...
 $ RaceHorse.IsHit2                 : int  0 0 0 0 0 0 0 0 0 0 ...
 $ RaceHorse.IsHit3                 : int  0 0 0 0 0 0 0 0 0 0 ...
 $ RaceHorse.IsHit4                 : int  0 1 0 0 0 0 0 1 0 0 ...
 $ RaceHorse.IsHit5                 : int  0 0 0 0 0 0 0 0 0 0 ...
 $ RaceHorse.IsHit6                 : int  1 0 1 1 1 1 1 0 1 1 ...
 $ RaceHorse.IsValidRaceHorse       : logi  TRUE TRUE TRUE TRUE TRUE TRUE ...
 $ RaceHorse.IsHitA                 : int  0 0 0 0 0 0 0 0 0 0 ...
 $ RaceHorse.IsHitB                 : int  0 0 0 0 0 0 0 0 0 0 ...
 $ RaceHorse.IsHitC                 : int  0 0 0 0 0 0 0 0 0 0 ...
 $ Jockey.KisyuCode                 : Factor w/ 152 levels "01051","01130",..: 11 12 13 14 15 16 17 18 19 15 ...
 $ Jockey.TimeSdvByRaceAvg          : num  0.1111 0.0646 0.3145 -1.1683 -0.1473 ...
 $ Jockey.TimeSdvByRaceMin          : num  -2.69 -2.99 -2.77 -2.45 -2.22 ...
 $ Jockey.TimeSdvByRaceMax          : num  2 1.75 1.87 -0.12 1.37 ...
 $ Jockey.OrderOfFinishSdvAvg       : num  0.0676 -0.0472 0.2701 -1.1425 -0.1372 ...
 $ Jockey.RunCount                  : int  135 42 149 15 54 122 123 59 20 55 ...
 $ Jockey.HitCount1                 : int  10 4 23 0 1 6 3 9 0 1 ...
 $ Jockey.HitCount2                 : int  9 3 11 0 3 9 7 10 1 3 ...
 $ Jockey.HitCount3                 : int  8 2 17 0 5 9 17 5 1 5 ...
 $ Jockey.HitCount4                 : int  13 3 9 0 2 17 8 2 3 2 ...
 $ Jockey.HitCount5                 : int  11 4 12 0 3 10 7 4 0 3 ...
 $ Jockey.HitRate1                  : num  0.0741 0.0952 0.1544 0 0.0185 ...
 $ Jockey.HitRate2                  : num  0.0667 0.0714 0.0738 0 0.0556 ...
 $ Jockey.HitRate3                  : num  0.0593 0.0476 0.1141 0 0.0926 ...
 $ Jockey.HitRate4                  : num  0.0963 0.0714 0.0604 0 0.037 ...
 $ Jockey.HitRate5                  : num  0.0815 0.0952 0.0805 0 0.0556 ...
 $ EOF                              : int  1 1 1 1 1 1 1 1 1 1 ...
[1] "2022-02-21 22:14:12 --- RxSqlServerData Finish ---"
[1] "2022-02-21 22:14:12 --- subset Start ---"
[1] "--------------------------------------------------------------------------------"
[1] "nrow(data) subset before=6744"
[1] "nrow(data) subset after =6744"
[1] "nrow(data) subset diff =0"
[1] "--------------------------------------------------------------------------------"
[1] "2022-02-21 22:14:12 --- subset Finish---"
[1] "2022-02-21 22:14:12 --- transform Start ---"
[1] "--------------------------------------------------------------------------------"
[1] "nrow(data) transform before=6744"
[1] "nrow(data) transform after=6744"
[1] "nrow(data) transform diff=0"
[1] "--------------------------------------------------------------------------------"
[1] "str(data)="
'data.frame':	6744 obs. of  39 variables:
 $ Race.RaceId                      : Factor w/ 529 levels "20160109-06-01-02-10",..: 1 2 3 6 7 7 8 9 9 9 ...
 $ Race.IsPredictedRace             : logi  TRUE TRUE TRUE TRUE TRUE TRUE ...
 $ Race.IsAnalyzeNormalPastAndFuture: logi  TRUE TRUE TRUE TRUE TRUE TRUE ...
 $ Race.IsAnalyzeNormalPast         : logi  TRUE TRUE TRUE TRUE TRUE TRUE ...
 $ Race.IsAnalyzeNormalFuture       : logi  FALSE FALSE FALSE FALSE FALSE FALSE ...
 $ Race.IsAnalyzeFullPastAndFuture  : logi  TRUE TRUE TRUE TRUE TRUE TRUE ...
 $ Race.IsAnalyzeFullPast           : logi  TRUE TRUE TRUE TRUE TRUE TRUE ...
 $ Race.IsAnalyzeFullFuture         : logi  FALSE FALSE FALSE FALSE FALSE FALSE ...
 $ Race.JyokenCd                    : Factor w/ 1 level "2": 1 1 1 1 1 1 1 1 1 1 ...
 $ Race.RaceType1Cd                 : Factor w/ 1 level "1-2-E": 1 1 1 1 1 1 1 1 1 1 ...
 $ RaceHorse.RaceId                 : Factor w/ 529 levels "20160109-06-01-02-10",..: 1 2 3 6 7 7 8 9 9 9 ...
 $ RaceHorse.KettoNum               : Factor w/ 1437 levels "2010102243","2010102263",..: 11 12 13 14 15 16 17 18 19 20 ...
 $ RaceHorse.IsHit1                 : int  0 0 0 0 0 0 0 0 0 0 ...
 $ RaceHorse.IsHit2                 : int  0 0 0 0 0 0 0 0 0 0 ...
 $ RaceHorse.IsHit3                 : int  0 0 0 0 0 0 0 0 0 0 ...
 $ RaceHorse.IsHit4                 : int  0 1 0 0 0 0 0 1 0 0 ...
 $ RaceHorse.IsHit5                 : int  0 0 0 0 0 0 0 0 0 0 ...
 $ RaceHorse.IsHit6                 : int  1 0 1 1 1 1 1 0 1 1 ...
 $ RaceHorse.IsValidRaceHorse       : logi  TRUE TRUE TRUE TRUE TRUE TRUE ...
 $ RaceHorse.IsHitA                 : int  0 0 0 0 0 0 0 0 0 0 ...
 $ RaceHorse.IsHitB                 : int  0 0 0 0 0 0 0 0 0 0 ...
 $ RaceHorse.IsHitC                 : int  0 0 0 0 0 0 0 0 0 0 ...
 $ Jockey.KisyuCode                 : Factor w/ 152 levels "01051","01130",..: 11 12 13 14 15 16 17 18 19 15 ...
 $ Jockey.TimeSdvByRaceAvg          : num  0.1111 0.0646 0.3145 -1.1683 -0.1473 ...
 $ Jockey.TimeSdvByRaceMin          : num  -2.69 -2.99 -2.77 -2.45 -2.22 ...
 $ Jockey.TimeSdvByRaceMax          : num  2 1.75 1.87 -0.12 1.37 ...
 $ Jockey.OrderOfFinishSdvAvg       : num  0.0676 -0.0472 0.2701 -1.1425 -0.1372 ...
 $ Jockey.RunCount                  : int  135 42 149 15 54 122 123 59 20 55 ...
 $ Jockey.HitCount1                 : int  10 4 23 0 1 6 3 9 0 1 ...
 $ Jockey.HitCount2                 : int  9 3 11 0 3 9 7 10 1 3 ...
 $ Jockey.HitCount3                 : int  8 2 17 0 5 9 17 5 1 5 ...
 $ Jockey.HitCount4                 : int  13 3 9 0 2 17 8 2 3 2 ...
 $ Jockey.HitCount5                 : int  11 4 12 0 3 10 7 4 0 3 ...
 $ Jockey.HitRate1                  : num  0.0741 0.0952 0.1544 0 0.0185 ...
 $ Jockey.HitRate2                  : num  0.0667 0.0714 0.0738 0 0.0556 ...
 $ Jockey.HitRate3                  : num  0.0593 0.0476 0.1141 0 0.0926 ...
 $ Jockey.HitRate4                  : num  0.0963 0.0714 0.0604 0 0.037 ...
 $ Jockey.HitRate5                  : num  0.0815 0.0952 0.0805 0 0.0556 ...
 $ EOF                              : int  1 1 1 1 1 1 1 1 1 1 ...
NULL
[1] "2022-02-21 22:14:12 --- transform Finish ---"
[1] "2022-02-21 22:14:12 --- na.omit Start ---"
[1] "--------------------------------------------------------------------------------"
[1] "nrow(data) na.omit before=6744"
[1] "nrow(data) na.omit after =6744"
[1] "nrow(data) na.omit diff =0"
[1] "--------------------------------------------------------------------------------"
'data.frame':	6744 obs. of  39 variables:
 $ Race.RaceId                      : Factor w/ 529 levels "20160109-06-01-02-10",..: 1 2 3 6 7 7 8 9 9 9 ...
 $ Race.IsPredictedRace             : logi  TRUE TRUE TRUE TRUE TRUE TRUE ...
 $ Race.IsAnalyzeNormalPastAndFuture: logi  TRUE TRUE TRUE TRUE TRUE TRUE ...
 $ Race.IsAnalyzeNormalPast         : logi  TRUE TRUE TRUE TRUE TRUE TRUE ...
 $ Race.IsAnalyzeNormalFuture       : logi  FALSE FALSE FALSE FALSE FALSE FALSE ...
 $ Race.IsAnalyzeFullPastAndFuture  : logi  TRUE TRUE TRUE TRUE TRUE TRUE ...
 $ Race.IsAnalyzeFullPast           : logi  TRUE TRUE TRUE TRUE TRUE TRUE ...
 $ Race.IsAnalyzeFullFuture         : logi  FALSE FALSE FALSE FALSE FALSE FALSE ...
 $ Race.JyokenCd                    : Factor w/ 1 level "2": 1 1 1 1 1 1 1 1 1 1 ...
 $ Race.RaceType1Cd                 : Factor w/ 1 level "1-2-E": 1 1 1 1 1 1 1 1 1 1 ...
 $ RaceHorse.RaceId                 : Factor w/ 529 levels "20160109-06-01-02-10",..: 1 2 3 6 7 7 8 9 9 9 ...
 $ RaceHorse.KettoNum               : Factor w/ 1437 levels "2010102243","2010102263",..: 11 12 13 14 15 16 17 18 19 20 ...
 $ RaceHorse.IsHit1                 : int  0 0 0 0 0 0 0 0 0 0 ...
 $ RaceHorse.IsHit2                 : int  0 0 0 0 0 0 0 0 0 0 ...
 $ RaceHorse.IsHit3                 : int  0 0 0 0 0 0 0 0 0 0 ...
 $ RaceHorse.IsHit4                 : int  0 1 0 0 0 0 0 1 0 0 ...
 $ RaceHorse.IsHit5                 : int  0 0 0 0 0 0 0 0 0 0 ...
 $ RaceHorse.IsHit6                 : int  1 0 1 1 1 1 1 0 1 1 ...
 $ RaceHorse.IsValidRaceHorse       : logi  TRUE TRUE TRUE TRUE TRUE TRUE ...
 $ RaceHorse.IsHitA                 : int  0 0 0 0 0 0 0 0 0 0 ...
 $ RaceHorse.IsHitB                 : int  0 0 0 0 0 0 0 0 0 0 ...
 $ RaceHorse.IsHitC                 : int  0 0 0 0 0 0 0 0 0 0 ...
 $ Jockey.KisyuCode                 : Factor w/ 152 levels "01051","01130",..: 11 12 13 14 15 16 17 18 19 15 ...
 $ Jockey.TimeSdvByRaceAvg          : num  0.1111 0.0646 0.3145 -1.1683 -0.1473 ...
 $ Jockey.TimeSdvByRaceMin          : num  -2.69 -2.99 -2.77 -2.45 -2.22 ...
 $ Jockey.TimeSdvByRaceMax          : num  2 1.75 1.87 -0.12 1.37 ...
 $ Jockey.OrderOfFinishSdvAvg       : num  0.0676 -0.0472 0.2701 -1.1425 -0.1372 ...
 $ Jockey.RunCount                  : int  135 42 149 15 54 122 123 59 20 55 ...
 $ Jockey.HitCount1                 : int  10 4 23 0 1 6 3 9 0 1 ...
 $ Jockey.HitCount2                 : int  9 3 11 0 3 9 7 10 1 3 ...
 $ Jockey.HitCount3                 : int  8 2 17 0 5 9 17 5 1 5 ...
 $ Jockey.HitCount4                 : int  13 3 9 0 2 17 8 2 3 2 ...
 $ Jockey.HitCount5                 : int  11 4 12 0 3 10 7 4 0 3 ...
 $ Jockey.HitRate1                  : num  0.0741 0.0952 0.1544 0 0.0185 ...
 $ Jockey.HitRate2                  : num  0.0667 0.0714 0.0738 0 0.0556 ...
 $ Jockey.HitRate3                  : num  0.0593 0.0476 0.1141 0 0.0926 ...
 $ Jockey.HitRate4                  : num  0.0963 0.0714 0.0604 0 0.037 ...
 $ Jockey.HitRate5                  : num  0.0815 0.0952 0.0805 0 0.0556 ...
 $ EOF                              : int  1 1 1 1 1 1 1 1 1 1 ...
[1] "2022-02-21 22:14:13 --- na.omit Finish ---"
[1] "2022-02-21 22:14:13 --- rxGlm with rxStepControl Start ---"

> print(paste0(Sys.time(), " --- source_logic_glm.R Start ---"))
[1] "2022-02-21 22:14:13 --- source_logic_glm.R Start ---"

> formula <- formula(RaceHorse.IsHitA ~ +1 + Jockey.OrderOfFinishSdvAvg)

> print(paste0(Sys.time(), " --- source_logic_glm.R Finished ---"))
[1] "2022-02-21 22:14:13 --- source_logic_glm.R Finished ---"
Rows Read: 6744, Total Rows Processed: 6744, Total Chunk Time: Less than .001 seconds 

Starting values (iteration 1) time: 0.009 secs.
Rows Read: 6744, Total Rows Processed: 6744, Total Chunk Time: 0.001 seconds 

Iteration 2 time: 0.006 secs.
Rows Read: 6744, Total Rows Processed: 6744, Total Chunk Time: 0.001 seconds 

Iteration 3 time: 0.004 secs.
Rows Read: 6744, Total Rows Processed: 6744, Total Chunk Time: 0.001 seconds 

Iteration 4 time: 0.007 secs.
Rows Read: 6744, Total Rows Processed: 6744, Total Chunk Time: 0.001 seconds 

Iteration 5 time: 0.008 secs.

Elapsed computation time: 0.053 secs.
Rows Read: 6744, Total Rows Processed: 6744, Total Chunk Time: Less than .001 seconds 

Starting values (iteration 1) time: 0.005 secs.
Rows Read: 6744, Total Rows Processed: 6744, Total Chunk Time: 0.001 seconds 

Iteration 2 time: 0.004 secs.

Elapsed computation time: 0.021 secs.
Rows Read: 6744, Total Rows Processed: 6744, Total Chunk Time: Less than .001 seconds 

Starting values (iteration 1) time: 0.005 secs.
Rows Read: 6744, Total Rows Processed: 6744, Total Chunk Time: 0.001 seconds 

Iteration 2 time: 0.006 secs.
Rows Read: 6744, Total Rows Processed: 6744, Total Chunk Time: 0.001 seconds 

Iteration 3 time: 0.007 secs.
Rows Read: 6744, Total Rows Processed: 6744, Total Chunk Time: 0.001 seconds 

Iteration 4 time: 0.004 secs.
Rows Read: 6744, Total Rows Processed: 6744, Total Chunk Time: 0.001 seconds 

Iteration 5 time: 0.005 secs.

Elapsed computation time: 0.052 secs.

Elapsed computation time: 0.144 secs.
[1] "--------------------------------------------------------------------------------"
[1] "analyze.results.glm.step="
Logistic Regression Results for: RaceHorse.IsHitA ~
    Jockey.OrderOfFinishSdvAvg
Data: data
Dependent variable(s): RaceHorse.IsHitA
Total independent variables: 2 
Number of valid observations: 6744
Number of missing observations: 0 
 
Coefficients:
                           RaceHorse.IsHitA
(Intercept)                              -3
Jockey.OrderOfFinishSdvAvg                1
[1] "analyze.results.glm.step.summary"
Call:
rxLogit(formula = formula, data = data, variableSelection = analyze.results.glm.step.varsel)

Logistic Regression Results for: RaceHorse.IsHitA ~
    Jockey.OrderOfFinishSdvAvg
Data: data
Dependent variable(s): RaceHorse.IsHitA
Total independent variables: 2 
Number of valid observations: 6744
Number of missing observations: 0 
-2*LogLikelihood: 3608.229 (Residual deviance on 6742 degrees of freedom)
 
Coefficients:
                           Estimate Std. Error z value Pr(>|z|)    
(Intercept)                 -2.5826     0.0504  -51.24  2.2e-16 ***
Jockey.OrderOfFinishSdvAvg   1.2866     0.1380    9.32  2.2e-16 ***
---
Signif. codes:  0 '***' 0.001 '**' 0.01 '*' 0.05 '.' 0.1 ' ' 1

Condition number of final variance-covariance matrix: 1 
Number of iterations: 5
[1] "--------------------------------------------------------------------------------"
[1] "2022-02-21 22:14:13 --- rxGlm with rxStepControl Finish ---"
[1] "2022-02-21 22:14:13 --- rxStepPlot Start ---"
[1] "pdfFilename=pdf_analyze_glm_Jockey_Type12_rxStepPlot.pdf"
[1] "rxStepPlot="
[1] "2022-02-21 22:14:30 --- rxStepPlot Finish ---"
[1] "2022-02-21 22:14:30 --- save.image Start ---"
[1] "save.image"
[1] "rdataFilename=RData_analyze_glm_Jockey_Type12.RData"
[1] "2022-02-21 22:14:35 --- save.image Finish ---"
[1] "2022-02-21 22:14:35 --- final Start ---"
[1] "--------------------------------------------------------------------------------"
[1] "nrow(data) final=6744"
[1] "--------------------------------------------------------------------------------"
[1] "2022-02-21 22:14:35 --- final Finish ---"
[1] "2022-02-21 22:14:35 --- analyze_glm.R Finished ---"
[1] "2022-02-21 22:14:35 --- log Finish ---"
