[1] "2022-02-21 22:16:28 --- D1115_analyze_glm_Odds_IsHitA_Type12 Start ---"
[1] "2022-02-21 22:16:28 --- Log Start ---"
[1] "2022-02-21 22:16:28 --- analyze_glm.R Start ---"
[1] "analyzeVersion=D1115"
[1] "analyzeCategory=analyze"
[1] "analyzeType=Odds"
[1] "analyzeFamily=IsHitA"
[1] "analyzeFunc=glm"
[1] "analyzeTrackTypeCd=1"
[1] "analyzeJyokenCd=2"
[1] "2022-02-21 22:16:28 --- source_function.R Start ---"
[1] "2022-02-21 22:16:28 --- source_function.R Finished ---"

> print(paste0(Sys.time(), " --- source_library.R Start ---"))
[1] "2022-02-21 22:16:28 --- source_library.R Start ---"

> require("RevoScaleR")

> print(paste0(Sys.time(), " --- source_library.R Finished ---"))
[1] "2022-02-21 22:16:31 --- source_library.R Finished ---"
[1] "2022-02-21 22:16:31 --- RxSqlServerData Start ---"
[1] "2022-02-21 22:16:31 --- RxInSqlServer Start ---"
[1] "2022-02-21 22:16:31 --- RxInSqlServer Finish ---"
[1] "2022-02-21 22:16:31 --- rxSetComputeContext Start ---"
[1] "2022-02-21 22:16:31 --- rxSetComputeContext Finish ---"
[1] "2022-02-21 22:16:31 --- RxSqlServerData Start ---"
[1] "sqlQuery=SELECT * FROM ViewAnalyzeD1115analyze01OddsType12"
[1] "2022-02-21 22:16:31 --- RxSqlServerData Finish ---"
[1] "2022-02-21 22:16:31 --- rxGetVarInfo Start ---"
[1] "2022-02-21 22:16:31 --- rxGetVarInfo Finish---"
[1] "2022-02-21 22:16:31 --- rxImport Start ---"
Rows Read: 6809, Total Rows Processed: 6809, Total Chunk Time: 0.264 seconds 
[1] "2022-02-21 22:16:37 --- rxImport Finish ---"
[1] "object.size(data) auto=1.2 Mb"
[1] "--------------------------------------------------------------------------------"
[1] "nrow(data) RxSqlServerData=6809"
[1] "--------------------------------------------------------------------------------"
[1] "str(data)="
'data.frame':	6809 obs. of  30 variables:
 $ Race.RaceId                      : Factor w/ 529 levels "20160109-06-01-02-10",..: 1 1 1 1 1 1 1 1 1 1 ...
 $ Race.IsPredictedRace             : logi  TRUE TRUE TRUE TRUE TRUE TRUE ...
 $ Race.IsAnalyzeNormalPastAndFuture: logi  TRUE TRUE TRUE TRUE TRUE TRUE ...
 $ Race.IsAnalyzeNormalPast         : logi  TRUE TRUE TRUE TRUE TRUE TRUE ...
 $ Race.IsAnalyzeNormalFuture       : logi  FALSE FALSE FALSE FALSE FALSE FALSE ...
 $ Race.IsAnalyzeFullPastAndFuture  : logi  TRUE TRUE TRUE TRUE TRUE TRUE ...
 $ Race.IsAnalyzeFullPast           : logi  TRUE TRUE TRUE TRUE TRUE TRUE ...
 $ Race.IsAnalyzeFullFuture         : logi  FALSE FALSE FALSE FALSE FALSE FALSE ...
 $ Race.JyokenCd                    : Factor w/ 1 level "2": 1 1 1 1 1 1 1 1 1 1 ...
 $ Race.RaceType1Cd                 : Factor w/ 1 level "1-2-E": 1 1 1 1 1 1 1 1 1 1 ...
 $ RaceHorse.RaceId                 : Factor w/ 529 levels "20160109-06-01-02-10",..: 1 1 1 1 1 1 1 1 1 1 ...
 $ RaceHorse.KettoNum               : Factor w/ 1439 levels "2007100476","2008102799",..: 1 2 3 4 5 6 7 8 9 10 ...
 $ RaceHorse.IsHit1                 : int  0 0 0 0 0 0 0 0 0 0 ...
 $ RaceHorse.IsHit2                 : int  0 0 0 0 0 0 0 0 1 0 ...
 $ RaceHorse.IsHit3                 : int  0 0 0 0 0 0 0 1 0 0 ...
 $ RaceHorse.IsHit4                 : int  0 0 0 0 0 0 0 0 0 0 ...
 $ RaceHorse.IsHit5                 : int  0 1 0 0 0 0 0 0 0 0 ...
 $ RaceHorse.IsHit6                 : int  1 0 1 1 1 1 1 0 0 1 ...
 $ RaceHorse.IsValidRaceHorse       : logi  TRUE TRUE TRUE TRUE TRUE TRUE ...
 $ RaceHorse.IsHitA                 : int  0 0 0 0 0 0 0 0 0 0 ...
 $ RaceHorse.IsHitB                 : int  0 0 0 0 0 0 0 0 1 0 ...
 $ RaceHorse.IsHitC                 : int  0 0 0 0 0 0 0 1 1 0 ...
 $ OddsByWin.Odds1                  : num  94 132.8 132 105 19.1 ...
 $ OddsByWin.Ninki                  : num  9 12 11 10 6 5 13 8 4 7 ...
 $ OddsByWin.OddsLog1               : num  4.55 4.9 4.89 4.66 3 ...
 $ OddsByWin.OddsRatio1             : num  0.01075 0.00759 0.00763 0.00962 0.05525 ...
 $ OddsByWin.OddsLogit1             : num  -4.54 -4.89 -4.88 -4.65 -2.95 ...
 $ OddsByWin.ApprovalRate1          : num  0.01064 0.00753 0.00758 0.00952 0.05236 ...
 $ OddsByWin.ApprovalRateLog1       : num  0.01058 0.0075 0.00755 0.00948 0.05103 ...
 $ EOF                              : int  1 1 1 1 1 1 1 1 1 1 ...
[1] "2022-02-21 22:16:37 --- RxSqlServerData Finish ---"
[1] "2022-02-21 22:16:37 --- subset Start ---"
[1] "--------------------------------------------------------------------------------"
[1] "nrow(data) subset before=6809"
[1] "nrow(data) subset after =6809"
[1] "nrow(data) subset diff =0"
[1] "--------------------------------------------------------------------------------"
[1] "2022-02-21 22:16:37 --- subset Finish---"
[1] "2022-02-21 22:16:37 --- transform Start ---"
[1] "--------------------------------------------------------------------------------"
[1] "nrow(data) transform before=6809"
[1] "nrow(data) transform after=6809"
[1] "nrow(data) transform diff=0"
[1] "--------------------------------------------------------------------------------"
[1] "str(data)="
'data.frame':	6809 obs. of  30 variables:
 $ Race.RaceId                      : Factor w/ 529 levels "20160109-06-01-02-10",..: 1 1 1 1 1 1 1 1 1 1 ...
 $ Race.IsPredictedRace             : logi  TRUE TRUE TRUE TRUE TRUE TRUE ...
 $ Race.IsAnalyzeNormalPastAndFuture: logi  TRUE TRUE TRUE TRUE TRUE TRUE ...
 $ Race.IsAnalyzeNormalPast         : logi  TRUE TRUE TRUE TRUE TRUE TRUE ...
 $ Race.IsAnalyzeNormalFuture       : logi  FALSE FALSE FALSE FALSE FALSE FALSE ...
 $ Race.IsAnalyzeFullPastAndFuture  : logi  TRUE TRUE TRUE TRUE TRUE TRUE ...
 $ Race.IsAnalyzeFullPast           : logi  TRUE TRUE TRUE TRUE TRUE TRUE ...
 $ Race.IsAnalyzeFullFuture         : logi  FALSE FALSE FALSE FALSE FALSE FALSE ...
 $ Race.JyokenCd                    : Factor w/ 1 level "2": 1 1 1 1 1 1 1 1 1 1 ...
 $ Race.RaceType1Cd                 : Factor w/ 1 level "1-2-E": 1 1 1 1 1 1 1 1 1 1 ...
 $ RaceHorse.RaceId                 : Factor w/ 529 levels "20160109-06-01-02-10",..: 1 1 1 1 1 1 1 1 1 1 ...
 $ RaceHorse.KettoNum               : Factor w/ 1439 levels "2007100476","2008102799",..: 1 2 3 4 5 6 7 8 9 10 ...
 $ RaceHorse.IsHit1                 : int  0 0 0 0 0 0 0 0 0 0 ...
 $ RaceHorse.IsHit2                 : int  0 0 0 0 0 0 0 0 1 0 ...
 $ RaceHorse.IsHit3                 : int  0 0 0 0 0 0 0 1 0 0 ...
 $ RaceHorse.IsHit4                 : int  0 0 0 0 0 0 0 0 0 0 ...
 $ RaceHorse.IsHit5                 : int  0 1 0 0 0 0 0 0 0 0 ...
 $ RaceHorse.IsHit6                 : int  1 0 1 1 1 1 1 0 0 1 ...
 $ RaceHorse.IsValidRaceHorse       : logi  TRUE TRUE TRUE TRUE TRUE TRUE ...
 $ RaceHorse.IsHitA                 : int  0 0 0 0 0 0 0 0 0 0 ...
 $ RaceHorse.IsHitB                 : int  0 0 0 0 0 0 0 0 1 0 ...
 $ RaceHorse.IsHitC                 : int  0 0 0 0 0 0 0 1 1 0 ...
 $ OddsByWin.Odds1                  : num  94 132.8 132 105 19.1 ...
 $ OddsByWin.Ninki                  : num  9 12 11 10 6 5 13 8 4 7 ...
 $ OddsByWin.OddsLog1               : num  4.55 4.9 4.89 4.66 3 ...
 $ OddsByWin.OddsRatio1             : num  0.01075 0.00759 0.00763 0.00962 0.05525 ...
 $ OddsByWin.OddsLogit1             : num  -4.54 -4.89 -4.88 -4.65 -2.95 ...
 $ OddsByWin.ApprovalRate1          : num  0.01064 0.00753 0.00758 0.00952 0.05236 ...
 $ OddsByWin.ApprovalRateLog1       : num  0.01058 0.0075 0.00755 0.00948 0.05103 ...
 $ EOF                              : int  1 1 1 1 1 1 1 1 1 1 ...
NULL
[1] "2022-02-21 22:16:37 --- transform Finish ---"
[1] "2022-02-21 22:16:37 --- na.omit Start ---"
[1] "--------------------------------------------------------------------------------"
[1] "nrow(data) na.omit before=6809"
[1] "nrow(data) na.omit after =6776"
[1] "nrow(data) na.omit diff =33"
[1] "--------------------------------------------------------------------------------"
'data.frame':	6776 obs. of  30 variables:
 $ Race.RaceId                      : Factor w/ 529 levels "20160109-06-01-02-10",..: 1 1 1 1 1 1 1 1 1 1 ...
 $ Race.IsPredictedRace             : logi  TRUE TRUE TRUE TRUE TRUE TRUE ...
 $ Race.IsAnalyzeNormalPastAndFuture: logi  TRUE TRUE TRUE TRUE TRUE TRUE ...
 $ Race.IsAnalyzeNormalPast         : logi  TRUE TRUE TRUE TRUE TRUE TRUE ...
 $ Race.IsAnalyzeNormalFuture       : logi  FALSE FALSE FALSE FALSE FALSE FALSE ...
 $ Race.IsAnalyzeFullPastAndFuture  : logi  TRUE TRUE TRUE TRUE TRUE TRUE ...
 $ Race.IsAnalyzeFullPast           : logi  TRUE TRUE TRUE TRUE TRUE TRUE ...
 $ Race.IsAnalyzeFullFuture         : logi  FALSE FALSE FALSE FALSE FALSE FALSE ...
 $ Race.JyokenCd                    : Factor w/ 1 level "2": 1 1 1 1 1 1 1 1 1 1 ...
 $ Race.RaceType1Cd                 : Factor w/ 1 level "1-2-E": 1 1 1 1 1 1 1 1 1 1 ...
 $ RaceHorse.RaceId                 : Factor w/ 529 levels "20160109-06-01-02-10",..: 1 1 1 1 1 1 1 1 1 1 ...
 $ RaceHorse.KettoNum               : Factor w/ 1439 levels "2007100476","2008102799",..: 1 2 3 4 5 6 7 8 9 10 ...
 $ RaceHorse.IsHit1                 : int  0 0 0 0 0 0 0 0 0 0 ...
 $ RaceHorse.IsHit2                 : int  0 0 0 0 0 0 0 0 1 0 ...
 $ RaceHorse.IsHit3                 : int  0 0 0 0 0 0 0 1 0 0 ...
 $ RaceHorse.IsHit4                 : int  0 0 0 0 0 0 0 0 0 0 ...
 $ RaceHorse.IsHit5                 : int  0 1 0 0 0 0 0 0 0 0 ...
 $ RaceHorse.IsHit6                 : int  1 0 1 1 1 1 1 0 0 1 ...
 $ RaceHorse.IsValidRaceHorse       : logi  TRUE TRUE TRUE TRUE TRUE TRUE ...
 $ RaceHorse.IsHitA                 : int  0 0 0 0 0 0 0 0 0 0 ...
 $ RaceHorse.IsHitB                 : int  0 0 0 0 0 0 0 0 1 0 ...
 $ RaceHorse.IsHitC                 : int  0 0 0 0 0 0 0 1 1 0 ...
 $ OddsByWin.Odds1                  : num  94 132.8 132 105 19.1 ...
 $ OddsByWin.Ninki                  : num  9 12 11 10 6 5 13 8 4 7 ...
 $ OddsByWin.OddsLog1               : num  4.55 4.9 4.89 4.66 3 ...
 $ OddsByWin.OddsRatio1             : num  0.01075 0.00759 0.00763 0.00962 0.05525 ...
 $ OddsByWin.OddsLogit1             : num  -4.54 -4.89 -4.88 -4.65 -2.95 ...
 $ OddsByWin.ApprovalRate1          : num  0.01064 0.00753 0.00758 0.00952 0.05236 ...
 $ OddsByWin.ApprovalRateLog1       : num  0.01058 0.0075 0.00755 0.00948 0.05103 ...
 $ EOF                              : int  1 1 1 1 1 1 1 1 1 1 ...
 - attr(*, "na.action")= 'omit' Named int  155 570 1215 1326 1397 1747 2269 2440 2724 2832 ...
  ..- attr(*, "names")= chr  "155" "570" "1215" "1326" ...
[1] "2022-02-21 22:16:38 --- na.omit Finish ---"
[1] "2022-02-21 22:16:38 --- rxGlm with rxStepControl Start ---"

> print(paste0(Sys.time(), " --- source_logic_glm.R Start ---"))
[1] "2022-02-21 22:16:38 --- source_logic_glm.R Start ---"

> formula <- formula(RaceHorse.IsHitA ~ +1 + OddsByWin.OddsLogit1)

> print(paste0(Sys.time(), " --- source_logic_glm.R Finished ---"))
[1] "2022-02-21 22:16:38 --- source_logic_glm.R Finished ---"
Rows Read: 6776, Total Rows Processed: 6776, Total Chunk Time: 0.001 seconds 

Starting values (iteration 1) time: 0.011 secs.
Rows Read: 6776, Total Rows Processed: 6776, Total Chunk Time: 0.002 seconds 

Iteration 2 time: 0.006 secs.
Rows Read: 6776, Total Rows Processed: 6776, Total Chunk Time: Less than .001 seconds 

Iteration 3 time: 0.005 secs.
Rows Read: 6776, Total Rows Processed: 6776, Total Chunk Time: 0.002 seconds 

Iteration 4 time: 0.004 secs.
Rows Read: 6776, Total Rows Processed: 6776, Total Chunk Time: 0.001 seconds 

Iteration 5 time: 0.004 secs.
Rows Read: 6776, Total Rows Processed: 6776, Total Chunk Time: 0.001 seconds 

Iteration 6 time: 0.005 secs.

Elapsed computation time: 0.062 secs.
Rows Read: 6776, Total Rows Processed: 6776, Total Chunk Time: 0.001 seconds 

Starting values (iteration 1) time: 0.005 secs.
Rows Read: 6776, Total Rows Processed: 6776, Total Chunk Time: Less than .001 seconds 

Iteration 2 time: 0.004 secs.

Elapsed computation time: 0.023 secs.
Rows Read: 6776, Total Rows Processed: 6776, Total Chunk Time: Less than .001 seconds 

Starting values (iteration 1) time: 0.005 secs.
Rows Read: 6776, Total Rows Processed: 6776, Total Chunk Time: 0.001 seconds 

Iteration 2 time: 0.006 secs.
Rows Read: 6776, Total Rows Processed: 6776, Total Chunk Time: 0.002 seconds 

Iteration 3 time: 0.005 secs.
Rows Read: 6776, Total Rows Processed: 6776, Total Chunk Time: Less than .001 seconds 

Iteration 4 time: 0.005 secs.
Rows Read: 6776, Total Rows Processed: 6776, Total Chunk Time: 0.002 seconds 

Iteration 5 time: 0.005 secs.
Rows Read: 6776, Total Rows Processed: 6776, Total Chunk Time: 0.001 seconds 

Iteration 6 time: 0.005 secs.

Elapsed computation time: 0.061 secs.

Elapsed computation time: 0.162 secs.
[1] "--------------------------------------------------------------------------------"
[1] "analyze.results.glm.step="
Logistic Regression Results for: RaceHorse.IsHitA ~
    OddsByWin.OddsLogit1
Data: data
Dependent variable(s): RaceHorse.IsHitA
Total independent variables: 2 
Number of valid observations: 6776
Number of missing observations: 0 
 
Coefficients:
                     RaceHorse.IsHitA
(Intercept)                      0.01
OddsByWin.OddsLogit1             1.03
[1] "analyze.results.glm.step.summary"
Call:
rxLogit(formula = formula, data = data, variableSelection = analyze.results.glm.step.varsel)

Logistic Regression Results for: RaceHorse.IsHitA ~
    OddsByWin.OddsLogit1
Data: data
Dependent variable(s): RaceHorse.IsHitA
Total independent variables: 2 
Number of valid observations: 6776
Number of missing observations: 0 
-2*LogLikelihood: 3174.468 (Residual deviance on 6774 degrees of freedom)
 
Coefficients:
                     Estimate Std. Error z value Pr(>|z|)    
(Intercept)            0.0100     0.1127    0.09     0.93    
OddsByWin.OddsLogit1   1.0318     0.0524   19.71  2.2e-16 ***
---
Signif. codes:  0 '***' 0.001 '**' 0.01 '*' 0.05 '.' 0.1 ' ' 1

Condition number of final variance-covariance matrix: 1 
Number of iterations: 6
[1] "--------------------------------------------------------------------------------"
[1] "2022-02-21 22:16:38 --- rxGlm with rxStepControl Finish ---"
[1] "2022-02-21 22:16:38 --- rxStepPlot Start ---"
[1] "pdfFilename=pdf_analyze_glm_Odds_Type12_rxStepPlot.pdf"
[1] "rxStepPlot="
[1] "2022-02-21 22:16:49 --- rxStepPlot Finish ---"
[1] "2022-02-21 22:16:49 --- save.image Start ---"
[1] "save.image"
[1] "rdataFilename=RData_analyze_glm_Odds_Type12.RData"
[1] "2022-02-21 22:16:49 --- save.image Finish ---"
[1] "2022-02-21 22:16:49 --- final Start ---"
[1] "--------------------------------------------------------------------------------"
[1] "nrow(data) final=6776"
[1] "--------------------------------------------------------------------------------"
[1] "2022-02-21 22:16:49 --- final Finish ---"
[1] "2022-02-21 22:16:49 --- analyze_glm.R Finished ---"
[1] "2022-02-21 22:16:49 --- log Finish ---"
