[1] "2022-03-08 18:25:19 --- D1115_analyze_glm_Gen01_IsHitA_Type23 Start ---"
[1] "2022-03-08 18:25:19 --- Log Start ---"
[1] "2022-03-08 18:25:19 --- analyze_glm.R Start ---"
[1] "analyzeVersion=D1115"
[1] "analyzeCategory=analyze"
[1] "analyzeType=Gen01"
[1] "analyzeFamily=IsHitA"
[1] "analyzeFunc=glm"
[1] "analyzeTrackTypeCd=2"
[1] "analyzeJyokenCd=3"
[1] "2022-03-08 18:25:19 --- source_function.R Start ---"
[1] "2022-03-08 18:25:19 --- source_function.R Finished ---"

> print(paste0(Sys.time(), " --- source_library.R Start ---"))
[1] "2022-03-08 18:25:19 --- source_library.R Start ---"

> require("RevoScaleR")

> print(paste0(Sys.time(), " --- source_library.R Finished ---"))
[1] "2022-03-08 18:25:23 --- source_library.R Finished ---"
[1] "2022-03-08 18:25:23 --- RxSqlServerData Start ---"
[1] "2022-03-08 18:25:23 --- RxInSqlServer Start ---"
[1] "2022-03-08 18:25:23 --- RxInSqlServer Finish ---"
[1] "2022-03-08 18:25:23 --- rxSetComputeContext Start ---"
[1] "2022-03-08 18:25:23 --- rxSetComputeContext Finish ---"
[1] "2022-03-08 18:25:23 --- RxSqlServerData Start ---"
[1] "sqlQuery=SELECT * FROM ViewAnalyzeD1115analyze01Gen01Type23"
[1] "2022-03-08 18:25:24 --- RxSqlServerData Finish ---"
[1] "2022-03-08 18:25:24 --- rxGetVarInfo Start ---"
[1] "2022-03-08 18:25:26 --- rxGetVarInfo Finish---"
[1] "2022-03-08 18:25:26 --- rxImport Start ---"
Rows Read: 14846, Total Rows Processed: 14846, Total Chunk Time: 160.073 seconds 
[1] "2022-03-08 18:35:13 --- rxImport Finish ---"
[1] "object.size(data) auto=5 Mb"
[1] "--------------------------------------------------------------------------------"
[1] "nrow(data) RxSqlServerData=14846"
[1] "--------------------------------------------------------------------------------"
[1] "str(data)="
'data.frame':	14846 obs. of  48 variables:
 $ Race.RaceId                      : Factor w/ 1011 levels "20160105-06-01-01-09",..: 1 1 2 2 3 4 5 6 7 8 ...
 $ Race.IsAnalyzeNormalPastAndFuture: logi  TRUE TRUE TRUE TRUE TRUE TRUE ...
 $ Race.IsAnalyzeNormalPast         : logi  TRUE TRUE TRUE TRUE TRUE TRUE ...
 $ Race.IsAnalyzeNormalFuture       : logi  FALSE FALSE FALSE FALSE FALSE FALSE ...
 $ Race.IsAnalyzeFullPastAndFuture  : logi  TRUE TRUE TRUE TRUE TRUE TRUE ...
 $ Race.IsAnalyzeFullPast           : logi  TRUE TRUE TRUE TRUE TRUE TRUE ...
 $ Race.IsAnalyzeFullFuture         : logi  FALSE FALSE FALSE FALSE FALSE FALSE ...
 $ Race.JyokenCd                    : Factor w/ 1 level "3": 1 1 1 1 1 1 1 1 1 1 ...
 $ Race.JyoType1Cd                  : Factor w/ 105 levels "24-06-1800-1",..: 1 1 2 2 2 3 4 5 1 6 ...
 $ Race.RaceType1Cd                 : Factor w/ 2 levels "2-3-14","2-3-13": 1 1 1 1 1 1 1 1 1 1 ...
 $ RaceHorse.RaceId                 : Factor w/ 1011 levels "20160105-06-01-01-09",..: 1 1 2 2 3 4 5 6 7 8 ...
 $ RaceHorse.KettoNum               : Factor w/ 3134 levels "2009110028","2012110043",..: 1 11 12 2 3 4 5 6 7 8 ...
 $ RaceHorse.IsHit1                 : num  0 0 0 0 0 0 0 0 0 0 ...
 $ RaceHorse.IsHit2                 : num  0 0 0 0 0 1 0 0 0 0 ...
 $ RaceHorse.IsHit3                 : num  0 0 0 0 0 0 0 1 0 0 ...
 $ RaceHorse.IsHit4                 : num  0 0 1 0 0 0 0 0 0 0 ...
 $ RaceHorse.IsHit5                 : num  0 0 0 1 0 0 0 0 0 0 ...
 $ RaceHorse.IsHit6                 : num  1 1 0 0 1 0 1 0 1 1 ...
 $ RaceHorse.IsValidRaceHorse       : logi  TRUE TRUE TRUE TRUE TRUE TRUE ...
 $ RaceHorse.FinishTimeSdvByRace    : num  -1.041 -1.18 0.559 0.282 0.369 ...
 $ RaceHorse.FirstTimeSdvByRace     : num  0.0564 -0.1552 -0.6096 1.3905 -0.8389 ...
 $ RaceHorse.LastTimeSdvByRace      : num  -1.015 -1.015 0.703 -0.154 0.835 ...
 $ RaceHorse.FinishTimeSdv          : num  0.921 0.885 1.27 1.146 0.693 ...
 $ RaceHorse.FirstTimeSdv           : num  1.0615 1.0014 1.4129 1.8669 -0.0789 ...
 $ RaceHorse.LastTimeSdv            : num  0.4022 0.4022 0.5274 -0.0557 1.0521 ...
 $ RaceHorse.IsHitA                 : num  0 0 0 0 0 0 0 0 0 0 ...
 $ RaceHorse.IsHitB                 : num  0 0 0 0 0 1 0 0 0 0 ...
 $ RaceHorse.IsHitC                 : num  0 0 0 0 0 1 0 1 0 0 ...
 $ Gen01.HansyokuNum                : Factor w/ 298 levels "11404532","11404523",..: 1 10 10 2 3 4 5 6 3 7 ...
 $ Gen01.FinishTimeSdvByRaceAvg     : num  0.2353 0.187 0.0941 0.2611 0.7358 ...
 $ Gen01.FirstTimeSdvByRaceAvg      : num  0.347 -0.477 -0.444 0.813 -0.232 ...
 $ Gen01.LastTimeSdvByRaceAvg       : num  0.044 0.504 0.454 -0.148 0.856 ...
 $ Gen01.FinishTimeSdvAvg           : num  0.768 1.051 0.996 0.82 0.988 ...
 $ Gen01.FirstTimeSdvAvg            : num  0.523 0.646 0.454 0.795 0.322 ...
 $ Gen01.LastTimeSdvAvg             : num  0.595 0.814 0.885 0.455 1.033 ...
 $ Gen01.RealOddsLog1Avg            : num  2.21 2.63 2.46 2.8 2.01 ...
 $ Gen01.RunCount                   : num  10 5 4 29 13 2 8 9 14 7 ...
 $ Gen01.HitCount1                  : num  0 0 0 2 2 0 1 0 2 1 ...
 $ Gen01.HitCount2                  : num  4 0 0 3 1 0 2 1 1 1 ...
 $ Gen01.HitCount3                  : num  1 0 0 4 3 1 2 0 3 0 ...
 $ Gen01.HitCount4                  : num  0 2 1 2 0 0 0 3 0 1 ...
 $ Gen01.HitCount5                  : num  1 0 0 1 4 1 2 2 4 3 ...
 $ Gen01.HitRate1                   : num  0 0 0 0.069 0.154 ...
 $ Gen01.HitRate2                   : num  0.4 0 0 0.1034 0.0769 ...
 $ Gen01.HitRate3                   : num  0.1 0 0 0.138 0.231 ...
 $ Gen01.HitRate4                   : num  0 0.4 0.25 0.069 0 ...
 $ Gen01.HitRate5                   : num  0.1 0 0 0.0345 0.3077 ...
 $ EOF                              : int  1 1 1 1 1 1 1 1 1 1 ...
[1] "2022-03-08 18:35:14 --- RxSqlServerData Finish ---"
[1] "2022-03-08 18:35:14 --- subset Start ---"
[1] "--------------------------------------------------------------------------------"
[1] "nrow(data) subset before=14846"
[1] "nrow(data) subset after =14846"
[1] "nrow(data) subset diff =0"
[1] "--------------------------------------------------------------------------------"
[1] "2022-03-08 18:35:14 --- subset Finish---"
[1] "2022-03-08 18:35:14 --- transform Start ---"
[1] "--------------------------------------------------------------------------------"
[1] "nrow(data) transform before=14846"
[1] "nrow(data) transform after=14846"
[1] "nrow(data) transform diff=0"
[1] "--------------------------------------------------------------------------------"
[1] "str(data)="
'data.frame':	14846 obs. of  48 variables:
 $ Race.RaceId                      : Factor w/ 1011 levels "20160105-06-01-01-09",..: 1 1 2 2 3 4 5 6 7 8 ...
 $ Race.IsAnalyzeNormalPastAndFuture: logi  TRUE TRUE TRUE TRUE TRUE TRUE ...
 $ Race.IsAnalyzeNormalPast         : logi  TRUE TRUE TRUE TRUE TRUE TRUE ...
 $ Race.IsAnalyzeNormalFuture       : logi  FALSE FALSE FALSE FALSE FALSE FALSE ...
 $ Race.IsAnalyzeFullPastAndFuture  : logi  TRUE TRUE TRUE TRUE TRUE TRUE ...
 $ Race.IsAnalyzeFullPast           : logi  TRUE TRUE TRUE TRUE TRUE TRUE ...
 $ Race.IsAnalyzeFullFuture         : logi  FALSE FALSE FALSE FALSE FALSE FALSE ...
 $ Race.JyokenCd                    : Factor w/ 1 level "3": 1 1 1 1 1 1 1 1 1 1 ...
 $ Race.JyoType1Cd                  : Factor w/ 105 levels "24-06-1800-1",..: 1 1 2 2 2 3 4 5 1 6 ...
 $ Race.RaceType1Cd                 : Factor w/ 2 levels "2-3-14","2-3-13": 1 1 1 1 1 1 1 1 1 1 ...
 $ RaceHorse.RaceId                 : Factor w/ 1011 levels "20160105-06-01-01-09",..: 1 1 2 2 3 4 5 6 7 8 ...
 $ RaceHorse.KettoNum               : Factor w/ 3134 levels "2009110028","2012110043",..: 1 11 12 2 3 4 5 6 7 8 ...
 $ RaceHorse.IsHit1                 : num  0 0 0 0 0 0 0 0 0 0 ...
 $ RaceHorse.IsHit2                 : num  0 0 0 0 0 1 0 0 0 0 ...
 $ RaceHorse.IsHit3                 : num  0 0 0 0 0 0 0 1 0 0 ...
 $ RaceHorse.IsHit4                 : num  0 0 1 0 0 0 0 0 0 0 ...
 $ RaceHorse.IsHit5                 : num  0 0 0 1 0 0 0 0 0 0 ...
 $ RaceHorse.IsHit6                 : num  1 1 0 0 1 0 1 0 1 1 ...
 $ RaceHorse.IsValidRaceHorse       : logi  TRUE TRUE TRUE TRUE TRUE TRUE ...
 $ RaceHorse.FinishTimeSdvByRace    : num  -1.041 -1.18 0.559 0.282 0.369 ...
 $ RaceHorse.FirstTimeSdvByRace     : num  0.0564 -0.1552 -0.6096 1.3905 -0.8389 ...
 $ RaceHorse.LastTimeSdvByRace      : num  -1.015 -1.015 0.703 -0.154 0.835 ...
 $ RaceHorse.FinishTimeSdv          : num  0.921 0.885 1.27 1.146 0.693 ...
 $ RaceHorse.FirstTimeSdv           : num  1.0615 1.0014 1.4129 1.8669 -0.0789 ...
 $ RaceHorse.LastTimeSdv            : num  0.4022 0.4022 0.5274 -0.0557 1.0521 ...
 $ RaceHorse.IsHitA                 : num  0 0 0 0 0 0 0 0 0 0 ...
 $ RaceHorse.IsHitB                 : num  0 0 0 0 0 1 0 0 0 0 ...
 $ RaceHorse.IsHitC                 : num  0 0 0 0 0 1 0 1 0 0 ...
 $ Gen01.HansyokuNum                : Factor w/ 298 levels "11404532","11404523",..: 1 10 10 2 3 4 5 6 3 7 ...
 $ Gen01.FinishTimeSdvByRaceAvg     : num  0.2353 0.187 0.0941 0.2611 0.7358 ...
 $ Gen01.FirstTimeSdvByRaceAvg      : num  0.347 -0.477 -0.444 0.813 -0.232 ...
 $ Gen01.LastTimeSdvByRaceAvg       : num  0.044 0.504 0.454 -0.148 0.856 ...
 $ Gen01.FinishTimeSdvAvg           : num  0.768 1.051 0.996 0.82 0.988 ...
 $ Gen01.FirstTimeSdvAvg            : num  0.523 0.646 0.454 0.795 0.322 ...
 $ Gen01.LastTimeSdvAvg             : num  0.595 0.814 0.885 0.455 1.033 ...
 $ Gen01.RealOddsLog1Avg            : num  2.21 2.63 2.46 2.8 2.01 ...
 $ Gen01.RunCount                   : num  10 5 4 29 13 2 8 9 14 7 ...
 $ Gen01.HitCount1                  : num  0 0 0 2 2 0 1 0 2 1 ...
 $ Gen01.HitCount2                  : num  4 0 0 3 1 0 2 1 1 1 ...
 $ Gen01.HitCount3                  : num  1 0 0 4 3 1 2 0 3 0 ...
 $ Gen01.HitCount4                  : num  0 2 1 2 0 0 0 3 0 1 ...
 $ Gen01.HitCount5                  : num  1 0 0 1 4 1 2 2 4 3 ...
 $ Gen01.HitRate1                   : num  0 0 0 0.069 0.154 ...
 $ Gen01.HitRate2                   : num  0.4 0 0 0.1034 0.0769 ...
 $ Gen01.HitRate3                   : num  0.1 0 0 0.138 0.231 ...
 $ Gen01.HitRate4                   : num  0 0.4 0.25 0.069 0 ...
 $ Gen01.HitRate5                   : num  0.1 0 0 0.0345 0.3077 ...
 $ EOF                              : int  1 1 1 1 1 1 1 1 1 1 ...
NULL
[1] "2022-03-08 18:35:14 --- transform Finish ---"
[1] "2022-03-08 18:35:14 --- na.omit Start ---"
[1] "--------------------------------------------------------------------------------"
[1] "nrow(data) na.omit before=14846"
[1] "nrow(data) na.omit after =14739"
[1] "nrow(data) na.omit diff =107"
[1] "--------------------------------------------------------------------------------"
'data.frame':	14739 obs. of  48 variables:
 $ Race.RaceId                      : Factor w/ 1011 levels "20160105-06-01-01-09",..: 1 1 2 2 3 4 5 6 7 8 ...
 $ Race.IsAnalyzeNormalPastAndFuture: logi  TRUE TRUE TRUE TRUE TRUE TRUE ...
 $ Race.IsAnalyzeNormalPast         : logi  TRUE TRUE TRUE TRUE TRUE TRUE ...
 $ Race.IsAnalyzeNormalFuture       : logi  FALSE FALSE FALSE FALSE FALSE FALSE ...
 $ Race.IsAnalyzeFullPastAndFuture  : logi  TRUE TRUE TRUE TRUE TRUE TRUE ...
 $ Race.IsAnalyzeFullPast           : logi  TRUE TRUE TRUE TRUE TRUE TRUE ...
 $ Race.IsAnalyzeFullFuture         : logi  FALSE FALSE FALSE FALSE FALSE FALSE ...
 $ Race.JyokenCd                    : Factor w/ 1 level "3": 1 1 1 1 1 1 1 1 1 1 ...
 $ Race.JyoType1Cd                  : Factor w/ 105 levels "24-06-1800-1",..: 1 1 2 2 2 3 4 5 1 6 ...
 $ Race.RaceType1Cd                 : Factor w/ 2 levels "2-3-14","2-3-13": 1 1 1 1 1 1 1 1 1 1 ...
 $ RaceHorse.RaceId                 : Factor w/ 1011 levels "20160105-06-01-01-09",..: 1 1 2 2 3 4 5 6 7 8 ...
 $ RaceHorse.KettoNum               : Factor w/ 3134 levels "2009110028","2012110043",..: 1 11 12 2 3 4 5 6 7 8 ...
 $ RaceHorse.IsHit1                 : num  0 0 0 0 0 0 0 0 0 0 ...
 $ RaceHorse.IsHit2                 : num  0 0 0 0 0 1 0 0 0 0 ...
 $ RaceHorse.IsHit3                 : num  0 0 0 0 0 0 0 1 0 0 ...
 $ RaceHorse.IsHit4                 : num  0 0 1 0 0 0 0 0 0 0 ...
 $ RaceHorse.IsHit5                 : num  0 0 0 1 0 0 0 0 0 0 ...
 $ RaceHorse.IsHit6                 : num  1 1 0 0 1 0 1 0 1 1 ...
 $ RaceHorse.IsValidRaceHorse       : logi  TRUE TRUE TRUE TRUE TRUE TRUE ...
 $ RaceHorse.FinishTimeSdvByRace    : num  -1.041 -1.18 0.559 0.282 0.369 ...
 $ RaceHorse.FirstTimeSdvByRace     : num  0.0564 -0.1552 -0.6096 1.3905 -0.8389 ...
 $ RaceHorse.LastTimeSdvByRace      : num  -1.015 -1.015 0.703 -0.154 0.835 ...
 $ RaceHorse.FinishTimeSdv          : num  0.921 0.885 1.27 1.146 0.693 ...
 $ RaceHorse.FirstTimeSdv           : num  1.0615 1.0014 1.4129 1.8669 -0.0789 ...
 $ RaceHorse.LastTimeSdv            : num  0.4022 0.4022 0.5274 -0.0557 1.0521 ...
 $ RaceHorse.IsHitA                 : num  0 0 0 0 0 0 0 0 0 0 ...
 $ RaceHorse.IsHitB                 : num  0 0 0 0 0 1 0 0 0 0 ...
 $ RaceHorse.IsHitC                 : num  0 0 0 0 0 1 0 1 0 0 ...
 $ Gen01.HansyokuNum                : Factor w/ 298 levels "11404532","11404523",..: 1 10 10 2 3 4 5 6 3 7 ...
 $ Gen01.FinishTimeSdvByRaceAvg     : num  0.2353 0.187 0.0941 0.2611 0.7358 ...
 $ Gen01.FirstTimeSdvByRaceAvg      : num  0.347 -0.477 -0.444 0.813 -0.232 ...
 $ Gen01.LastTimeSdvByRaceAvg       : num  0.044 0.504 0.454 -0.148 0.856 ...
 $ Gen01.FinishTimeSdvAvg           : num  0.768 1.051 0.996 0.82 0.988 ...
 $ Gen01.FirstTimeSdvAvg            : num  0.523 0.646 0.454 0.795 0.322 ...
 $ Gen01.LastTimeSdvAvg             : num  0.595 0.814 0.885 0.455 1.033 ...
 $ Gen01.RealOddsLog1Avg            : num  2.21 2.63 2.46 2.8 2.01 ...
 $ Gen01.RunCount                   : num  10 5 4 29 13 2 8 9 14 7 ...
 $ Gen01.HitCount1                  : num  0 0 0 2 2 0 1 0 2 1 ...
 $ Gen01.HitCount2                  : num  4 0 0 3 1 0 2 1 1 1 ...
 $ Gen01.HitCount3                  : num  1 0 0 4 3 1 2 0 3 0 ...
 $ Gen01.HitCount4                  : num  0 2 1 2 0 0 0 3 0 1 ...
 $ Gen01.HitCount5                  : num  1 0 0 1 4 1 2 2 4 3 ...
 $ Gen01.HitRate1                   : num  0 0 0 0.069 0.154 ...
 $ Gen01.HitRate2                   : num  0.4 0 0 0.1034 0.0769 ...
 $ Gen01.HitRate3                   : num  0.1 0 0 0.138 0.231 ...
 $ Gen01.HitRate4                   : num  0 0.4 0.25 0.069 0 ...
 $ Gen01.HitRate5                   : num  0.1 0 0 0.0345 0.3077 ...
 $ EOF                              : int  1 1 1 1 1 1 1 1 1 1 ...
 - attr(*, "na.action")= 'omit' Named int  95 133 369 423 535 845 1203 1264 1655 1668 ...
  ..- attr(*, "names")= chr  "95" "133" "369" "423" ...
[1] "2022-03-08 18:35:14 --- na.omit Finish ---"
[1] "2022-03-08 18:35:14 --- rxLogit with rxStepControl Start ---"

> print(paste0(Sys.time(), " --- source_logic_glm.R Start ---"))
[1] "2022-03-08 18:35:14 --- source_logic_glm.R Start ---"

> formula <- formula(RaceHorse.IsHitA ~ +1 + Gen01.FinishTimeSdvByRaceAvg)

> print(paste0(Sys.time(), " --- source_logic_glm.R Finished ---"))
[1] "2022-03-08 18:35:14 --- source_logic_glm.R Finished ---"
Rows Read: 14739, Total Rows Processed: 14739, Total Chunk Time: 0.002 seconds 

Starting values (iteration 1) time: 0.010 secs.
Rows Read: 14739, Total Rows Processed: 14739, Total Chunk Time: 0.002 seconds 

Iteration 2 time: 0.007 secs.
Rows Read: 14739, Total Rows Processed: 14739, Total Chunk Time: 0.002 seconds 

Iteration 3 time: 0.006 secs.
Rows Read: 14739, Total Rows Processed: 14739, Total Chunk Time: 0.002 seconds 

Iteration 4 time: 0.005 secs.

Elapsed computation time: 0.038 secs.
Rows Read: 14739, Total Rows Processed: 14739, Total Chunk Time: Less than .001 seconds 

Starting values (iteration 1) time: 0.006 secs.
Rows Read: 14739, Total Rows Processed: 14739, Total Chunk Time: 0.002 seconds 

Iteration 2 time: 0.006 secs.

Elapsed computation time: 0.022 secs.
Rows Read: 14739, Total Rows Processed: 14739, Total Chunk Time: Less than .001 seconds 

Starting values (iteration 1) time: 0.007 secs.
Rows Read: 14739, Total Rows Processed: 14739, Total Chunk Time: 0.002 seconds 

Iteration 2 time: 0.006 secs.
Rows Read: 14739, Total Rows Processed: 14739, Total Chunk Time: 0.002 seconds 

Iteration 3 time: 0.005 secs.
Rows Read: 14739, Total Rows Processed: 14739, Total Chunk Time: 0.002 seconds 

Iteration 4 time: 0.005 secs.

Elapsed computation time: 0.036 secs.

Elapsed computation time: 0.110 secs.
[1] "--------------------------------------------------------------------------------"
[1] "analyze.results.glm.step="
Logistic Regression Results for: RaceHorse.IsHitA ~
    Gen01.FinishTimeSdvByRaceAvg
Data: data
Dependent variable(s): RaceHorse.IsHitA
Total independent variables: 2 
Number of valid observations: 14739
Number of missing observations: 0 
 
Coefficients:
                             RaceHorse.IsHitA
(Intercept)                              -2.8
Gen01.FinishTimeSdvByRaceAvg              0.8
[1] "analyze.results.glm.step.summary"
Call:
rxLogit(formula = formula, data = data, variableSelection = analyze.results.glm.step.varsel)

Logistic Regression Results for: RaceHorse.IsHitA ~
    Gen01.FinishTimeSdvByRaceAvg
Data: data
Dependent variable(s): RaceHorse.IsHitA
Total independent variables: 2 
Number of valid observations: 14739
Number of missing observations: 0 
-2*LogLikelihood: 7223.135 (Residual deviance on 14737 degrees of freedom)
 
Coefficients:
                             Estimate Std. Error z value Pr(>|z|)    
(Intercept)                   -2.7951     0.0435  -64.26  2.2e-16 ***
Gen01.FinishTimeSdvByRaceAvg   0.7887     0.1218    6.48  9.4e-11 ***
---
Signif. codes:  0 '***' 0.001 '**' 0.01 '*' 0.05 '.' 0.1 ' ' 1

Condition number of final variance-covariance matrix: 1 
Number of iterations: 4
[1] "--------------------------------------------------------------------------------"
[1] "2022-03-08 18:35:15 --- rxLogit with rxStepControl Finish ---"
[1] "2022-03-08 18:35:15 --- rxStepPlot Start ---"
[1] "pdfFilename=pdf_analyze_glm_Gen01_Type23_rxStepPlot.pdf"
[1] "rxStepPlot="
[1] "2022-03-08 18:35:15 --- rxStepPlot Finish ---"
[1] "2022-03-08 18:35:15 --- save.image Start ---"
[1] "save.image"
[1] "rdataFilename=RData_analyze_glm_Gen01_Type23.RData"
[1] "2022-03-08 18:35:15 --- save.image Finish ---"
[1] "2022-03-08 18:35:15 --- final Start ---"
[1] "--------------------------------------------------------------------------------"
[1] "nrow(data) final=14739"
[1] "--------------------------------------------------------------------------------"
[1] "2022-03-08 18:35:15 --- final Finish ---"
[1] "2022-03-08 18:35:15 --- analyze_glm.R Finished ---"
[1] "2022-03-08 18:35:15 --- log Finish ---"
