[1] "2022-03-08 18:37:10 --- D1115_analyze_glm_Gen02_IsHitA_Type21 Start ---"
[1] "2022-03-08 18:37:10 --- Log Start ---"
[1] "2022-03-08 18:37:10 --- analyze_glm.R Start ---"
[1] "analyzeVersion=D1115"
[1] "analyzeCategory=analyze"
[1] "analyzeType=Gen02"
[1] "analyzeFamily=IsHitA"
[1] "analyzeFunc=glm"
[1] "analyzeTrackTypeCd=2"
[1] "analyzeJyokenCd=1"
[1] "2022-03-08 18:37:10 --- source_function.R Start ---"
[1] "2022-03-08 18:37:10 --- source_function.R Finished ---"

> print(paste0(Sys.time(), " --- source_library.R Start ---"))
[1] "2022-03-08 18:37:10 --- source_library.R Start ---"

> require("RevoScaleR")

> print(paste0(Sys.time(), " --- source_library.R Finished ---"))
[1] "2022-03-08 18:37:10 --- source_library.R Finished ---"
[1] "2022-03-08 18:37:10 --- RxSqlServerData Start ---"
[1] "2022-03-08 18:37:10 --- RxInSqlServer Start ---"
[1] "2022-03-08 18:37:10 --- RxInSqlServer Finish ---"
[1] "2022-03-08 18:37:10 --- rxSetComputeContext Start ---"
[1] "2022-03-08 18:37:11 --- rxSetComputeContext Finish ---"
[1] "2022-03-08 18:37:11 --- RxSqlServerData Start ---"
[1] "sqlQuery=SELECT * FROM ViewAnalyzeD1115analyze01Gen02Type21"
[1] "2022-03-08 18:37:11 --- RxSqlServerData Finish ---"
[1] "2022-03-08 18:37:11 --- rxGetVarInfo Start ---"
[1] "2022-03-08 18:37:12 --- rxGetVarInfo Finish---"
[1] "2022-03-08 18:37:12 --- rxImport Start ---"
Rows Read: 3220, Total Rows Processed: 3220, Total Chunk Time: 75.331 seconds 
[1] "2022-03-08 18:39:11 --- rxImport Finish ---"
[1] "object.size(data) auto=1.1 Mb"
[1] "--------------------------------------------------------------------------------"
[1] "nrow(data) RxSqlServerData=3220"
[1] "--------------------------------------------------------------------------------"
[1] "str(data)="
'data.frame':	3220 obs. of  48 variables:
 $ Race.RaceId                      : Factor w/ 298 levels "20180616-09-03-05-11",..: 1 1 1 1 1 1 1 1 1 1 ...
 $ Race.IsAnalyzeNormalPastAndFuture: logi  TRUE TRUE TRUE TRUE TRUE TRUE ...
 $ Race.IsAnalyzeNormalPast         : logi  TRUE TRUE TRUE TRUE TRUE TRUE ...
 $ Race.IsAnalyzeNormalFuture       : logi  FALSE FALSE FALSE FALSE FALSE FALSE ...
 $ Race.IsAnalyzeFullPastAndFuture  : logi  TRUE TRUE TRUE TRUE TRUE TRUE ...
 $ Race.IsAnalyzeFullPast           : logi  TRUE TRUE TRUE TRUE TRUE TRUE ...
 $ Race.IsAnalyzeFullFuture         : logi  FALSE FALSE FALSE FALSE FALSE FALSE ...
 $ Race.JyokenCd                    : Factor w/ 1 level "1": 1 1 1 1 1 1 1 1 1 1 ...
 $ Race.JyoType1Cd                  : Factor w/ 62 levels "24-09-1400-1",..: 1 1 1 1 1 1 1 1 1 1 ...
 $ Race.RaceType1Cd                 : Factor w/ 3 levels "2-1-13","2-1-14",..: 1 1 1 1 1 1 1 1 1 1 ...
 $ RaceHorse.RaceId                 : Factor w/ 298 levels "20180616-09-03-05-11",..: 1 1 1 1 1 1 1 1 1 1 ...
 $ RaceHorse.KettoNum               : Factor w/ 609 levels "2011105914","2013104088",..: 8 7 9 11 4 5 3 1 2 6 ...
 $ RaceHorse.IsHit1                 : num  0 0 0 0 0 0 0 0 0 1 ...
 $ RaceHorse.IsHit2                 : num  0 0 0 0 0 0 0 0 0 0 ...
 $ RaceHorse.IsHit3                 : num  0 0 0 0 0 0 1 0 0 0 ...
 $ RaceHorse.IsHit4                 : num  0 0 1 0 0 0 0 0 0 0 ...
 $ RaceHorse.IsHit5                 : num  0 0 0 0 0 0 0 0 0 0 ...
 $ RaceHorse.IsHit6                 : num  1 1 0 1 1 1 0 1 1 0 ...
 $ RaceHorse.IsValidRaceHorse       : logi  TRUE FALSE TRUE TRUE TRUE TRUE ...
 $ RaceHorse.FinishTimeSdvByRace    : num  0.2528 -3.3291 0.4838 0.1372 -0.0939 ...
 $ RaceHorse.FirstTimeSdvByRace     : num  -0.0861 0.9467 1.6353 -1.4631 -1.1189 ...
 $ RaceHorse.LastTimeSdvByRace      : num  0.241 -3.077 -0.476 0.869 0.51 ...
 $ RaceHorse.FinishTimeSdv          : num  1.159 -0.464 1.263 1.106 1.001 ...
 $ RaceHorse.FirstTimeSdv           : num  0.8545 1.4309 1.8152 0.0859 0.2781 ...
 $ RaceHorse.LastTimeSdv            : num  0.865 -1.553 0.342 1.323 1.061 ...
 $ RaceHorse.IsHitA                 : num  0 0 0 0 0 0 0 0 0 1 ...
 $ RaceHorse.IsHitB                 : num  0 0 0 0 0 0 0 0 0 1 ...
 $ RaceHorse.IsHitC                 : num  0 0 0 0 0 0 1 0 0 1 ...
 $ Gen02.HansyokuNum                : Factor w/ 564 levels "12249939","12251238",..: 8 7 9 11 4 5 3 1 2 6 ...
 $ Gen02.FinishTimeSdvByRaceAvg     : num  0.0285 -0.2632 0.9926 0.5956 0.8236 ...
 $ Gen02.FirstTimeSdvByRaceAvg      : num  0.347 0.399 0.046 -1.977 -0.598 ...
 $ Gen02.LastTimeSdvByRaceAvg       : num  -0.265 -0.631 0.528 1.527 0.98 ...
 $ Gen02.FinishTimeSdvAvg           : num  1.321 0.833 1.368 1.263 1.467 ...
 $ Gen02.FirstTimeSdvAvg            : num  1.396 1.051 1.335 0.278 0.329 ...
 $ Gen02.LastTimeSdvAvg             : num  0.688 0.348 0.8 1.388 1.649 ...
 $ Gen02.RealOddsLog1Avg            : num  1.9 5.52 2.93 3.37 2.15 ...
 $ Gen02.RunCount                   : num  2 2 1 1 4 5 2 2 2 3 ...
 $ Gen02.HitCount1                  : num  0 0 0 0 1 0 0 0 0 1 ...
 $ Gen02.HitCount2                  : num  0 0 0 0 1 0 0 0 0 0 ...
 $ Gen02.HitCount3                  : num  0 0 1 0 1 0 0 0 0 0 ...
 $ Gen02.HitCount4                  : num  0 0 0 0 0 0 1 0 0 0 ...
 $ Gen02.HitCount5                  : num  0 0 0 1 1 1 0 1 0 1 ...
 $ Gen02.HitRate1                   : num  0 0 0 0 0.25 ...
 $ Gen02.HitRate2                   : num  0 0 0 0 0.25 0 0 0 0 0 ...
 $ Gen02.HitRate3                   : num  0 0 1 0 0.25 0 0 0 0 0 ...
 $ Gen02.HitRate4                   : num  0 0 0 0 0 0 0.5 0 0 0 ...
 $ Gen02.HitRate5                   : num  0 0 0 1 0.25 ...
 $ EOF                              : int  1 1 1 1 1 1 1 1 1 1 ...
[1] "2022-03-08 18:39:12 --- RxSqlServerData Finish ---"
[1] "2022-03-08 18:39:12 --- subset Start ---"
[1] "--------------------------------------------------------------------------------"
[1] "nrow(data) subset before=3220"
[1] "nrow(data) subset after =3220"
[1] "nrow(data) subset diff =0"
[1] "--------------------------------------------------------------------------------"
[1] "2022-03-08 18:39:12 --- subset Finish---"
[1] "2022-03-08 18:39:12 --- transform Start ---"
[1] "--------------------------------------------------------------------------------"
[1] "nrow(data) transform before=3220"
[1] "nrow(data) transform after=3220"
[1] "nrow(data) transform diff=0"
[1] "--------------------------------------------------------------------------------"
[1] "str(data)="
'data.frame':	3220 obs. of  48 variables:
 $ Race.RaceId                      : Factor w/ 298 levels "20180616-09-03-05-11",..: 1 1 1 1 1 1 1 1 1 1 ...
 $ Race.IsAnalyzeNormalPastAndFuture: logi  TRUE TRUE TRUE TRUE TRUE TRUE ...
 $ Race.IsAnalyzeNormalPast         : logi  TRUE TRUE TRUE TRUE TRUE TRUE ...
 $ Race.IsAnalyzeNormalFuture       : logi  FALSE FALSE FALSE FALSE FALSE FALSE ...
 $ Race.IsAnalyzeFullPastAndFuture  : logi  TRUE TRUE TRUE TRUE TRUE TRUE ...
 $ Race.IsAnalyzeFullPast           : logi  TRUE TRUE TRUE TRUE TRUE TRUE ...
 $ Race.IsAnalyzeFullFuture         : logi  FALSE FALSE FALSE FALSE FALSE FALSE ...
 $ Race.JyokenCd                    : Factor w/ 1 level "1": 1 1 1 1 1 1 1 1 1 1 ...
 $ Race.JyoType1Cd                  : Factor w/ 62 levels "24-09-1400-1",..: 1 1 1 1 1 1 1 1 1 1 ...
 $ Race.RaceType1Cd                 : Factor w/ 3 levels "2-1-13","2-1-14",..: 1 1 1 1 1 1 1 1 1 1 ...
 $ RaceHorse.RaceId                 : Factor w/ 298 levels "20180616-09-03-05-11",..: 1 1 1 1 1 1 1 1 1 1 ...
 $ RaceHorse.KettoNum               : Factor w/ 609 levels "2011105914","2013104088",..: 8 7 9 11 4 5 3 1 2 6 ...
 $ RaceHorse.IsHit1                 : num  0 0 0 0 0 0 0 0 0 1 ...
 $ RaceHorse.IsHit2                 : num  0 0 0 0 0 0 0 0 0 0 ...
 $ RaceHorse.IsHit3                 : num  0 0 0 0 0 0 1 0 0 0 ...
 $ RaceHorse.IsHit4                 : num  0 0 1 0 0 0 0 0 0 0 ...
 $ RaceHorse.IsHit5                 : num  0 0 0 0 0 0 0 0 0 0 ...
 $ RaceHorse.IsHit6                 : num  1 1 0 1 1 1 0 1 1 0 ...
 $ RaceHorse.IsValidRaceHorse       : logi  TRUE FALSE TRUE TRUE TRUE TRUE ...
 $ RaceHorse.FinishTimeSdvByRace    : num  0.2528 -3.3291 0.4838 0.1372 -0.0939 ...
 $ RaceHorse.FirstTimeSdvByRace     : num  -0.0861 0.9467 1.6353 -1.4631 -1.1189 ...
 $ RaceHorse.LastTimeSdvByRace      : num  0.241 -3.077 -0.476 0.869 0.51 ...
 $ RaceHorse.FinishTimeSdv          : num  1.159 -0.464 1.263 1.106 1.001 ...
 $ RaceHorse.FirstTimeSdv           : num  0.8545 1.4309 1.8152 0.0859 0.2781 ...
 $ RaceHorse.LastTimeSdv            : num  0.865 -1.553 0.342 1.323 1.061 ...
 $ RaceHorse.IsHitA                 : num  0 0 0 0 0 0 0 0 0 1 ...
 $ RaceHorse.IsHitB                 : num  0 0 0 0 0 0 0 0 0 1 ...
 $ RaceHorse.IsHitC                 : num  0 0 0 0 0 0 1 0 0 1 ...
 $ Gen02.HansyokuNum                : Factor w/ 564 levels "12249939","12251238",..: 8 7 9 11 4 5 3 1 2 6 ...
 $ Gen02.FinishTimeSdvByRaceAvg     : num  0.0285 -0.2632 0.9926 0.5956 0.8236 ...
 $ Gen02.FirstTimeSdvByRaceAvg      : num  0.347 0.399 0.046 -1.977 -0.598 ...
 $ Gen02.LastTimeSdvByRaceAvg       : num  -0.265 -0.631 0.528 1.527 0.98 ...
 $ Gen02.FinishTimeSdvAvg           : num  1.321 0.833 1.368 1.263 1.467 ...
 $ Gen02.FirstTimeSdvAvg            : num  1.396 1.051 1.335 0.278 0.329 ...
 $ Gen02.LastTimeSdvAvg             : num  0.688 0.348 0.8 1.388 1.649 ...
 $ Gen02.RealOddsLog1Avg            : num  1.9 5.52 2.93 3.37 2.15 ...
 $ Gen02.RunCount                   : num  2 2 1 1 4 5 2 2 2 3 ...
 $ Gen02.HitCount1                  : num  0 0 0 0 1 0 0 0 0 1 ...
 $ Gen02.HitCount2                  : num  0 0 0 0 1 0 0 0 0 0 ...
 $ Gen02.HitCount3                  : num  0 0 1 0 1 0 0 0 0 0 ...
 $ Gen02.HitCount4                  : num  0 0 0 0 0 0 1 0 0 0 ...
 $ Gen02.HitCount5                  : num  0 0 0 1 1 1 0 1 0 1 ...
 $ Gen02.HitRate1                   : num  0 0 0 0 0.25 ...
 $ Gen02.HitRate2                   : num  0 0 0 0 0.25 0 0 0 0 0 ...
 $ Gen02.HitRate3                   : num  0 0 1 0 0.25 0 0 0 0 0 ...
 $ Gen02.HitRate4                   : num  0 0 0 0 0 0 0.5 0 0 0 ...
 $ Gen02.HitRate5                   : num  0 0 0 1 0.25 ...
 $ EOF                              : int  1 1 1 1 1 1 1 1 1 1 ...
NULL
[1] "2022-03-08 18:39:15 --- transform Finish ---"
[1] "2022-03-08 18:39:15 --- na.omit Start ---"
[1] "--------------------------------------------------------------------------------"
[1] "nrow(data) na.omit before=3220"
[1] "nrow(data) na.omit after =3207"
[1] "nrow(data) na.omit diff =13"
[1] "--------------------------------------------------------------------------------"
'data.frame':	3207 obs. of  48 variables:
 $ Race.RaceId                      : Factor w/ 298 levels "20180616-09-03-05-11",..: 1 1 1 1 1 1 1 1 1 1 ...
 $ Race.IsAnalyzeNormalPastAndFuture: logi  TRUE TRUE TRUE TRUE TRUE TRUE ...
 $ Race.IsAnalyzeNormalPast         : logi  TRUE TRUE TRUE TRUE TRUE TRUE ...
 $ Race.IsAnalyzeNormalFuture       : logi  FALSE FALSE FALSE FALSE FALSE FALSE ...
 $ Race.IsAnalyzeFullPastAndFuture  : logi  TRUE TRUE TRUE TRUE TRUE TRUE ...
 $ Race.IsAnalyzeFullPast           : logi  TRUE TRUE TRUE TRUE TRUE TRUE ...
 $ Race.IsAnalyzeFullFuture         : logi  FALSE FALSE FALSE FALSE FALSE FALSE ...
 $ Race.JyokenCd                    : Factor w/ 1 level "1": 1 1 1 1 1 1 1 1 1 1 ...
 $ Race.JyoType1Cd                  : Factor w/ 62 levels "24-09-1400-1",..: 1 1 1 1 1 1 1 1 1 1 ...
 $ Race.RaceType1Cd                 : Factor w/ 3 levels "2-1-13","2-1-14",..: 1 1 1 1 1 1 1 1 1 1 ...
 $ RaceHorse.RaceId                 : Factor w/ 298 levels "20180616-09-03-05-11",..: 1 1 1 1 1 1 1 1 1 1 ...
 $ RaceHorse.KettoNum               : Factor w/ 609 levels "2011105914","2013104088",..: 8 7 9 11 4 5 3 1 2 6 ...
 $ RaceHorse.IsHit1                 : num  0 0 0 0 0 0 0 0 0 1 ...
 $ RaceHorse.IsHit2                 : num  0 0 0 0 0 0 0 0 0 0 ...
 $ RaceHorse.IsHit3                 : num  0 0 0 0 0 0 1 0 0 0 ...
 $ RaceHorse.IsHit4                 : num  0 0 1 0 0 0 0 0 0 0 ...
 $ RaceHorse.IsHit5                 : num  0 0 0 0 0 0 0 0 0 0 ...
 $ RaceHorse.IsHit6                 : num  1 1 0 1 1 1 0 1 1 0 ...
 $ RaceHorse.IsValidRaceHorse       : logi  TRUE FALSE TRUE TRUE TRUE TRUE ...
 $ RaceHorse.FinishTimeSdvByRace    : num  0.2528 -3.3291 0.4838 0.1372 -0.0939 ...
 $ RaceHorse.FirstTimeSdvByRace     : num  -0.0861 0.9467 1.6353 -1.4631 -1.1189 ...
 $ RaceHorse.LastTimeSdvByRace      : num  0.241 -3.077 -0.476 0.869 0.51 ...
 $ RaceHorse.FinishTimeSdv          : num  1.159 -0.464 1.263 1.106 1.001 ...
 $ RaceHorse.FirstTimeSdv           : num  0.8545 1.4309 1.8152 0.0859 0.2781 ...
 $ RaceHorse.LastTimeSdv            : num  0.865 -1.553 0.342 1.323 1.061 ...
 $ RaceHorse.IsHitA                 : num  0 0 0 0 0 0 0 0 0 1 ...
 $ RaceHorse.IsHitB                 : num  0 0 0 0 0 0 0 0 0 1 ...
 $ RaceHorse.IsHitC                 : num  0 0 0 0 0 0 1 0 0 1 ...
 $ Gen02.HansyokuNum                : Factor w/ 564 levels "12249939","12251238",..: 8 7 9 11 4 5 3 1 2 6 ...
 $ Gen02.FinishTimeSdvByRaceAvg     : num  0.0285 -0.2632 0.9926 0.5956 0.8236 ...
 $ Gen02.FirstTimeSdvByRaceAvg      : num  0.347 0.399 0.046 -1.977 -0.598 ...
 $ Gen02.LastTimeSdvByRaceAvg       : num  -0.265 -0.631 0.528 1.527 0.98 ...
 $ Gen02.FinishTimeSdvAvg           : num  1.321 0.833 1.368 1.263 1.467 ...
 $ Gen02.FirstTimeSdvAvg            : num  1.396 1.051 1.335 0.278 0.329 ...
 $ Gen02.LastTimeSdvAvg             : num  0.688 0.348 0.8 1.388 1.649 ...
 $ Gen02.RealOddsLog1Avg            : num  1.9 5.52 2.93 3.37 2.15 ...
 $ Gen02.RunCount                   : num  2 2 1 1 4 5 2 2 2 3 ...
 $ Gen02.HitCount1                  : num  0 0 0 0 1 0 0 0 0 1 ...
 $ Gen02.HitCount2                  : num  0 0 0 0 1 0 0 0 0 0 ...
 $ Gen02.HitCount3                  : num  0 0 1 0 1 0 0 0 0 0 ...
 $ Gen02.HitCount4                  : num  0 0 0 0 0 0 1 0 0 0 ...
 $ Gen02.HitCount5                  : num  0 0 0 1 1 1 0 1 0 1 ...
 $ Gen02.HitRate1                   : num  0 0 0 0 0.25 ...
 $ Gen02.HitRate2                   : num  0 0 0 0 0.25 0 0 0 0 0 ...
 $ Gen02.HitRate3                   : num  0 0 1 0 0.25 0 0 0 0 0 ...
 $ Gen02.HitRate4                   : num  0 0 0 0 0 0 0.5 0 0 0 ...
 $ Gen02.HitRate5                   : num  0 0 0 1 0.25 ...
 $ EOF                              : int  1 1 1 1 1 1 1 1 1 1 ...
 - attr(*, "na.action")= 'omit' Named int  121 278 316 859 1407 1409 1655 1949 2216 2242 ...
  ..- attr(*, "names")= chr  "121" "278" "316" "859" ...
[1] "2022-03-08 18:39:26 --- na.omit Finish ---"
[1] "2022-03-08 18:39:27 --- rxLogit with rxStepControl Start ---"

> print(paste0(Sys.time(), " --- source_logic_glm.R Start ---"))
[1] "2022-03-08 18:39:27 --- source_logic_glm.R Start ---"

> formula <- formula(RaceHorse.IsHitA ~ +1 + Gen02.FinishTimeSdvByRaceAvg)

> print(paste0(Sys.time(), " --- source_logic_glm.R Finished ---"))
[1] "2022-03-08 18:39:27 --- source_logic_glm.R Finished ---"
Rows Read: 3207, Total Rows Processed: 3207, Total Chunk Time: 0.001 seconds 

Starting values (iteration 1) time: 0.016 secs.
Rows Read: 3207, Total Rows Processed: 3207, Total Chunk Time: 0.001 seconds 

Iteration 2 time: 0.005 secs.
Rows Read: 3207, Total Rows Processed: 3207, Total Chunk Time: 0.002 seconds 

Iteration 3 time: 0.005 secs.
Rows Read: 3207, Total Rows Processed: 3207, Total Chunk Time: 0.002 seconds 

Iteration 4 time: 0.004 secs.
Rows Read: 3207, Total Rows Processed: 3207, Total Chunk Time: 0.001 seconds 

Iteration 5 time: 0.012 secs.

Elapsed computation time: 0.060 secs.
Rows Read: 3207, Total Rows Processed: 3207, Total Chunk Time: Less than .001 seconds 

Starting values (iteration 1) time: 0.006 secs.
Rows Read: 3207, Total Rows Processed: 3207, Total Chunk Time: 0.001 seconds 

Iteration 2 time: 0.008 secs.

Elapsed computation time: 0.023 secs.
Rows Read: 3207, Total Rows Processed: 3207, Total Chunk Time: 0.001 seconds 

Starting values (iteration 1) time: 0.006 secs.
Rows Read: 3207, Total Rows Processed: 3207, Total Chunk Time: Less than .001 seconds 

Iteration 2 time: 0.008 secs.
Rows Read: 3207, Total Rows Processed: 3207, Total Chunk Time: 0.002 seconds 

Iteration 3 time: 0.010 secs.
Rows Read: 3207, Total Rows Processed: 3207, Total Chunk Time: 0.001 seconds 

Iteration 4 time: 0.026 secs.
Rows Read: 3207, Total Rows Processed: 3207, Total Chunk Time: 0.002 seconds 

Iteration 5 time: 0.004 secs.

Elapsed computation time: 0.074 secs.

Elapsed computation time: 0.191 secs.
[1] "--------------------------------------------------------------------------------"
[1] "analyze.results.glm.step="
Logistic Regression Results for: RaceHorse.IsHitA ~
    Gen02.FinishTimeSdvByRaceAvg
Data: data
Dependent variable(s): RaceHorse.IsHitA
Total independent variables: 2 
Number of valid observations: 3207
Number of missing observations: 0 
 
Coefficients:
                             RaceHorse.IsHitA
(Intercept)                              -3.0
Gen02.FinishTimeSdvByRaceAvg              0.8
[1] "analyze.results.glm.step.summary"
Call:
rxLogit(formula = formula, data = data, variableSelection = analyze.results.glm.step.varsel)

Logistic Regression Results for: RaceHorse.IsHitA ~
    Gen02.FinishTimeSdvByRaceAvg
Data: data
Dependent variable(s): RaceHorse.IsHitA
Total independent variables: 2 
Number of valid observations: 3207
Number of missing observations: 0 
-2*LogLikelihood: 1544.958 (Residual deviance on 3205 degrees of freedom)
 
Coefficients:
                             Estimate Std. Error z value Pr(>|z|)    
(Intercept)                   -2.9641     0.0994  -29.83  2.2e-16 ***
Gen02.FinishTimeSdvByRaceAvg   0.7941     0.1330    5.97  2.4e-09 ***
---
Signif. codes:  0 '***' 0.001 '**' 0.01 '*' 0.05 '.' 0.1 ' ' 1

Condition number of final variance-covariance matrix: 1 
Number of iterations: 5
[1] "--------------------------------------------------------------------------------"
[1] "2022-03-08 18:39:27 --- rxLogit with rxStepControl Finish ---"
[1] "2022-03-08 18:39:28 --- rxStepPlot Start ---"
[1] "pdfFilename=pdf_analyze_glm_Gen02_Type21_rxStepPlot.pdf"
[1] "rxStepPlot="
[1] "2022-03-08 18:39:28 --- rxStepPlot Finish ---"
[1] "2022-03-08 18:39:28 --- save.image Start ---"
[1] "save.image"
[1] "rdataFilename=RData_analyze_glm_Gen02_Type21.RData"
[1] "2022-03-08 18:39:28 --- save.image Finish ---"
[1] "2022-03-08 18:39:28 --- final Start ---"
[1] "--------------------------------------------------------------------------------"
[1] "nrow(data) final=3207"
[1] "--------------------------------------------------------------------------------"
[1] "2022-03-08 18:39:28 --- final Finish ---"
[1] "2022-03-08 18:39:28 --- analyze_glm.R Finished ---"
[1] "2022-03-08 18:39:28 --- log Finish ---"
