[1] "2022-02-21 22:16:50 --- D1115_analyze_glm_Odds_IsHitA_Type24 Start ---"
[1] "2022-02-21 22:16:50 --- Log Start ---"
[1] "2022-02-21 22:16:50 --- analyze_glm.R Start ---"
[1] "analyzeVersion=D1115"
[1] "analyzeCategory=analyze"
[1] "analyzeType=Odds"
[1] "analyzeFamily=IsHitA"
[1] "analyzeFunc=glm"
[1] "analyzeTrackTypeCd=2"
[1] "analyzeJyokenCd=4"
[1] "2022-02-21 22:16:50 --- source_function.R Start ---"
[1] "2022-02-21 22:16:50 --- source_function.R Finished ---"

> print(paste0(Sys.time(), " --- source_library.R Start ---"))
[1] "2022-02-21 22:16:50 --- source_library.R Start ---"

> require("RevoScaleR")

> print(paste0(Sys.time(), " --- source_library.R Finished ---"))
[1] "2022-02-21 22:16:51 --- source_library.R Finished ---"
[1] "2022-02-21 22:16:51 --- RxSqlServerData Start ---"
[1] "2022-02-21 22:16:51 --- RxInSqlServer Start ---"
[1] "2022-02-21 22:16:51 --- RxInSqlServer Finish ---"
[1] "2022-02-21 22:16:51 --- rxSetComputeContext Start ---"
[1] "2022-02-21 22:16:51 --- rxSetComputeContext Finish ---"
[1] "2022-02-21 22:16:51 --- RxSqlServerData Start ---"
[1] "sqlQuery=SELECT * FROM ViewAnalyzeD1115analyze01OddsType24"
[1] "2022-02-21 22:16:51 --- RxSqlServerData Finish ---"
[1] "2022-02-21 22:16:51 --- rxGetVarInfo Start ---"
[1] "2022-02-21 22:16:51 --- rxGetVarInfo Finish---"
[1] "2022-02-21 22:16:51 --- rxImport Start ---"
Rows Read: 39770, Total Rows Processed: 39770, Total Chunk Time: 1.565 seconds 
[1] "2022-02-21 22:17:27 --- rxImport Finish ---"
[1] "object.size(data) auto=6.6 Mb"
[1] "--------------------------------------------------------------------------------"
[1] "nrow(data) RxSqlServerData=39770"
[1] "--------------------------------------------------------------------------------"
[1] "str(data)="
'data.frame':	39770 obs. of  30 variables:
 $ Race.RaceId                      : Factor w/ 2833 levels "20160116-06-01-05-07",..: 3 3 3 3 3 3 3 3 3 3 ...
 $ Race.IsPredictedRace             : logi  TRUE TRUE TRUE TRUE TRUE TRUE ...
 $ Race.IsAnalyzeNormalPastAndFuture: logi  TRUE TRUE TRUE TRUE TRUE TRUE ...
 $ Race.IsAnalyzeNormalPast         : logi  TRUE TRUE TRUE TRUE TRUE TRUE ...
 $ Race.IsAnalyzeNormalFuture       : logi  FALSE FALSE FALSE FALSE FALSE FALSE ...
 $ Race.IsAnalyzeFullPastAndFuture  : logi  TRUE TRUE TRUE TRUE TRUE TRUE ...
 $ Race.IsAnalyzeFullPast           : logi  TRUE TRUE TRUE TRUE TRUE TRUE ...
 $ Race.IsAnalyzeFullFuture         : logi  FALSE FALSE FALSE FALSE FALSE FALSE ...
 $ Race.JyokenCd                    : Factor w/ 1 level "4": 1 1 1 1 1 1 1 1 1 1 ...
 $ Race.RaceType1Cd                 : Factor w/ 2 levels "2-4-X","2-4-E": 1 1 1 1 1 1 1 1 1 1 ...
 $ RaceHorse.RaceId                 : Factor w/ 2833 levels "20160116-06-01-05-07",..: 3 3 3 3 3 3 3 3 3 3 ...
 $ RaceHorse.KettoNum               : Factor w/ 8000 levels "2011100416","2012102676",..: 11 12 13 14 15 16 17 18 19 20 ...
 $ RaceHorse.IsHit1                 : int  0 0 0 0 0 0 0 1 0 0 ...
 $ RaceHorse.IsHit2                 : int  0 0 0 0 0 0 0 0 0 0 ...
 $ RaceHorse.IsHit3                 : int  0 0 0 0 0 0 1 0 0 0 ...
 $ RaceHorse.IsHit4                 : int  0 0 0 0 0 0 0 0 0 0 ...
 $ RaceHorse.IsHit5                 : int  0 0 0 0 0 0 0 0 0 0 ...
 $ RaceHorse.IsHit6                 : int  1 1 1 1 1 1 0 0 1 1 ...
 $ RaceHorse.IsValidRaceHorse       : logi  TRUE TRUE TRUE TRUE TRUE TRUE ...
 $ RaceHorse.IsHitA                 : int  0 0 0 0 0 0 0 1 0 0 ...
 $ RaceHorse.IsHitB                 : int  0 0 0 0 0 0 0 1 0 0 ...
 $ RaceHorse.IsHitC                 : int  0 0 0 0 0 0 1 1 0 0 ...
 $ OddsByWin.Odds1                  : num  112.1 7.7 9.8 373.2 17.9 ...
 $ OddsByWin.Ninki                  : num  14 4 6 15 9 2 13 1 10 12 ...
 $ OddsByWin.OddsLog1               : num  4.73 2.16 2.38 5.92 2.94 ...
 $ OddsByWin.OddsRatio1             : num  0.009 0.14925 0.11364 0.00269 0.05917 ...
 $ OddsByWin.OddsLogit1             : num  -4.72 -2.04 -2.28 -5.92 -2.88 ...
 $ OddsByWin.ApprovalRate1          : num  0.00892 0.12987 0.10204 0.00268 0.05587 ...
 $ OddsByWin.ApprovalRateLog1       : num  0.00888 0.1221 0.09716 0.00268 0.05436 ...
 $ EOF                              : int  1 1 1 1 1 1 1 1 1 1 ...
[1] "2022-02-21 22:17:28 --- RxSqlServerData Finish ---"
[1] "2022-02-21 22:17:28 --- subset Start ---"
[1] "--------------------------------------------------------------------------------"
[1] "nrow(data) subset before=39770"
[1] "nrow(data) subset after =39770"
[1] "nrow(data) subset diff =0"
[1] "--------------------------------------------------------------------------------"
[1] "2022-02-21 22:17:28 --- subset Finish---"
[1] "2022-02-21 22:17:28 --- transform Start ---"
[1] "--------------------------------------------------------------------------------"
[1] "nrow(data) transform before=39770"
[1] "nrow(data) transform after=39770"
[1] "nrow(data) transform diff=0"
[1] "--------------------------------------------------------------------------------"
[1] "str(data)="
'data.frame':	39770 obs. of  30 variables:
 $ Race.RaceId                      : Factor w/ 2833 levels "20160116-06-01-05-07",..: 3 3 3 3 3 3 3 3 3 3 ...
 $ Race.IsPredictedRace             : logi  TRUE TRUE TRUE TRUE TRUE TRUE ...
 $ Race.IsAnalyzeNormalPastAndFuture: logi  TRUE TRUE TRUE TRUE TRUE TRUE ...
 $ Race.IsAnalyzeNormalPast         : logi  TRUE TRUE TRUE TRUE TRUE TRUE ...
 $ Race.IsAnalyzeNormalFuture       : logi  FALSE FALSE FALSE FALSE FALSE FALSE ...
 $ Race.IsAnalyzeFullPastAndFuture  : logi  TRUE TRUE TRUE TRUE TRUE TRUE ...
 $ Race.IsAnalyzeFullPast           : logi  TRUE TRUE TRUE TRUE TRUE TRUE ...
 $ Race.IsAnalyzeFullFuture         : logi  FALSE FALSE FALSE FALSE FALSE FALSE ...
 $ Race.JyokenCd                    : Factor w/ 1 level "4": 1 1 1 1 1 1 1 1 1 1 ...
 $ Race.RaceType1Cd                 : Factor w/ 2 levels "2-4-X","2-4-E": 1 1 1 1 1 1 1 1 1 1 ...
 $ RaceHorse.RaceId                 : Factor w/ 2833 levels "20160116-06-01-05-07",..: 3 3 3 3 3 3 3 3 3 3 ...
 $ RaceHorse.KettoNum               : Factor w/ 8000 levels "2011100416","2012102676",..: 11 12 13 14 15 16 17 18 19 20 ...
 $ RaceHorse.IsHit1                 : int  0 0 0 0 0 0 0 1 0 0 ...
 $ RaceHorse.IsHit2                 : int  0 0 0 0 0 0 0 0 0 0 ...
 $ RaceHorse.IsHit3                 : int  0 0 0 0 0 0 1 0 0 0 ...
 $ RaceHorse.IsHit4                 : int  0 0 0 0 0 0 0 0 0 0 ...
 $ RaceHorse.IsHit5                 : int  0 0 0 0 0 0 0 0 0 0 ...
 $ RaceHorse.IsHit6                 : int  1 1 1 1 1 1 0 0 1 1 ...
 $ RaceHorse.IsValidRaceHorse       : logi  TRUE TRUE TRUE TRUE TRUE TRUE ...
 $ RaceHorse.IsHitA                 : int  0 0 0 0 0 0 0 1 0 0 ...
 $ RaceHorse.IsHitB                 : int  0 0 0 0 0 0 0 1 0 0 ...
 $ RaceHorse.IsHitC                 : int  0 0 0 0 0 0 1 1 0 0 ...
 $ OddsByWin.Odds1                  : num  112.1 7.7 9.8 373.2 17.9 ...
 $ OddsByWin.Ninki                  : num  14 4 6 15 9 2 13 1 10 12 ...
 $ OddsByWin.OddsLog1               : num  4.73 2.16 2.38 5.92 2.94 ...
 $ OddsByWin.OddsRatio1             : num  0.009 0.14925 0.11364 0.00269 0.05917 ...
 $ OddsByWin.OddsLogit1             : num  -4.72 -2.04 -2.28 -5.92 -2.88 ...
 $ OddsByWin.ApprovalRate1          : num  0.00892 0.12987 0.10204 0.00268 0.05587 ...
 $ OddsByWin.ApprovalRateLog1       : num  0.00888 0.1221 0.09716 0.00268 0.05436 ...
 $ EOF                              : int  1 1 1 1 1 1 1 1 1 1 ...
NULL
[1] "2022-02-21 22:17:29 --- transform Finish ---"
[1] "2022-02-21 22:17:29 --- na.omit Start ---"
[1] "--------------------------------------------------------------------------------"
[1] "nrow(data) na.omit before=39770"
[1] "nrow(data) na.omit after =39616"
[1] "nrow(data) na.omit diff =154"
[1] "--------------------------------------------------------------------------------"
'data.frame':	39616 obs. of  30 variables:
 $ Race.RaceId                      : Factor w/ 2833 levels "20160116-06-01-05-07",..: 3 3 3 3 3 3 3 3 3 3 ...
 $ Race.IsPredictedRace             : logi  TRUE TRUE TRUE TRUE TRUE TRUE ...
 $ Race.IsAnalyzeNormalPastAndFuture: logi  TRUE TRUE TRUE TRUE TRUE TRUE ...
 $ Race.IsAnalyzeNormalPast         : logi  TRUE TRUE TRUE TRUE TRUE TRUE ...
 $ Race.IsAnalyzeNormalFuture       : logi  FALSE FALSE FALSE FALSE FALSE FALSE ...
 $ Race.IsAnalyzeFullPastAndFuture  : logi  TRUE TRUE TRUE TRUE TRUE TRUE ...
 $ Race.IsAnalyzeFullPast           : logi  TRUE TRUE TRUE TRUE TRUE TRUE ...
 $ Race.IsAnalyzeFullFuture         : logi  FALSE FALSE FALSE FALSE FALSE FALSE ...
 $ Race.JyokenCd                    : Factor w/ 1 level "4": 1 1 1 1 1 1 1 1 1 1 ...
 $ Race.RaceType1Cd                 : Factor w/ 2 levels "2-4-X","2-4-E": 1 1 1 1 1 1 1 1 1 1 ...
 $ RaceHorse.RaceId                 : Factor w/ 2833 levels "20160116-06-01-05-07",..: 3 3 3 3 3 3 3 3 3 3 ...
 $ RaceHorse.KettoNum               : Factor w/ 8000 levels "2011100416","2012102676",..: 11 12 13 14 15 16 17 18 19 20 ...
 $ RaceHorse.IsHit1                 : int  0 0 0 0 0 0 0 1 0 0 ...
 $ RaceHorse.IsHit2                 : int  0 0 0 0 0 0 0 0 0 0 ...
 $ RaceHorse.IsHit3                 : int  0 0 0 0 0 0 1 0 0 0 ...
 $ RaceHorse.IsHit4                 : int  0 0 0 0 0 0 0 0 0 0 ...
 $ RaceHorse.IsHit5                 : int  0 0 0 0 0 0 0 0 0 0 ...
 $ RaceHorse.IsHit6                 : int  1 1 1 1 1 1 0 0 1 1 ...
 $ RaceHorse.IsValidRaceHorse       : logi  TRUE TRUE TRUE TRUE TRUE TRUE ...
 $ RaceHorse.IsHitA                 : int  0 0 0 0 0 0 0 1 0 0 ...
 $ RaceHorse.IsHitB                 : int  0 0 0 0 0 0 0 1 0 0 ...
 $ RaceHorse.IsHitC                 : int  0 0 0 0 0 0 1 1 0 0 ...
 $ OddsByWin.Odds1                  : num  112.1 7.7 9.8 373.2 17.9 ...
 $ OddsByWin.Ninki                  : num  14 4 6 15 9 2 13 1 10 12 ...
 $ OddsByWin.OddsLog1               : num  4.73 2.16 2.38 5.92 2.94 ...
 $ OddsByWin.OddsRatio1             : num  0.009 0.14925 0.11364 0.00269 0.05917 ...
 $ OddsByWin.OddsLogit1             : num  -4.72 -2.04 -2.28 -5.92 -2.88 ...
 $ OddsByWin.ApprovalRate1          : num  0.00892 0.12987 0.10204 0.00268 0.05587 ...
 $ OddsByWin.ApprovalRateLog1       : num  0.00888 0.1221 0.09716 0.00268 0.05436 ...
 $ EOF                              : int  1 1 1 1 1 1 1 1 1 1 ...
 - attr(*, "na.action")= 'omit' Named int  48 79 216 536 989 1227 1471 1685 1754 2511 ...
  ..- attr(*, "names")= chr  "48" "79" "216" "536" ...
[1] "2022-02-21 22:17:30 --- na.omit Finish ---"
[1] "2022-02-21 22:17:30 --- rxGlm with rxStepControl Start ---"

> print(paste0(Sys.time(), " --- source_logic_glm.R Start ---"))
[1] "2022-02-21 22:17:30 --- source_logic_glm.R Start ---"

> formula <- formula(RaceHorse.IsHitA ~ +1 + OddsByWin.OddsLogit1)

> print(paste0(Sys.time(), " --- source_logic_glm.R Finished ---"))
[1] "2022-02-21 22:17:30 --- source_logic_glm.R Finished ---"
Rows Read: 39616, Total Rows Processed: 39616, Total Chunk Time: 0.003 seconds 

Starting values (iteration 1) time: 0.026 secs.
Rows Read: 39616, Total Rows Processed: 39616, Total Chunk Time: 0.004 seconds 

Iteration 2 time: 0.012 secs.
Rows Read: 39616, Total Rows Processed: 39616, Total Chunk Time: 0.004 seconds 

Iteration 3 time: 0.016 secs.
Rows Read: 39616, Total Rows Processed: 39616, Total Chunk Time: 0.003 seconds 

Iteration 4 time: 0.018 secs.
Rows Read: 39616, Total Rows Processed: 39616, Total Chunk Time: 0.003 seconds 

Iteration 5 time: 0.016 secs.
Rows Read: 39616, Total Rows Processed: 39616, Total Chunk Time: 0.004 seconds 

Iteration 6 time: 0.015 secs.

Elapsed computation time: 0.174 secs.
Rows Read: 39616, Total Rows Processed: 39616, Total Chunk Time: Less than .001 seconds 

Starting values (iteration 1) time: 0.024 secs.
Rows Read: 39616, Total Rows Processed: 39616, Total Chunk Time: 0.003 seconds 

Iteration 2 time: 0.022 secs.

Elapsed computation time: 0.068 secs.
Rows Read: 39616, Total Rows Processed: 39616, Total Chunk Time: 0.002 seconds 

Starting values (iteration 1) time: 0.012 secs.
Rows Read: 39616, Total Rows Processed: 39616, Total Chunk Time: 0.005 seconds 

Iteration 2 time: 0.013 secs.
Rows Read: 39616, Total Rows Processed: 39616, Total Chunk Time: 0.004 seconds 

Iteration 3 time: 0.015 secs.
Rows Read: 39616, Total Rows Processed: 39616, Total Chunk Time: 0.004 seconds 

Iteration 4 time: 0.016 secs.
Rows Read: 39616, Total Rows Processed: 39616, Total Chunk Time: 0.004 seconds 

Iteration 5 time: 0.014 secs.
Rows Read: 39616, Total Rows Processed: 39616, Total Chunk Time: 0.004 seconds 

Iteration 6 time: 0.013 secs.

Elapsed computation time: 0.164 secs.

Elapsed computation time: 0.467 secs.
[1] "--------------------------------------------------------------------------------"
[1] "analyze.results.glm.step="
Logistic Regression Results for: RaceHorse.IsHitA ~
    OddsByWin.OddsLogit1
Data: data
Dependent variable(s): RaceHorse.IsHitA
Total independent variables: 2 
Number of valid observations: 39616
Number of missing observations: 0 
 
Coefficients:
                     RaceHorse.IsHitA
(Intercept)                       0.3
OddsByWin.OddsLogit1              1.2
[1] "analyze.results.glm.step.summary"
Call:
rxLogit(formula = formula, data = data, variableSelection = analyze.results.glm.step.varsel)

Logistic Regression Results for: RaceHorse.IsHitA ~
    OddsByWin.OddsLogit1
Data: data
Dependent variable(s): RaceHorse.IsHitA
Total independent variables: 2 
Number of valid observations: 39616
Number of missing observations: 0 
-2*LogLikelihood: 16493.665 (Residual deviance on 39614 degrees of freedom)
 
Coefficients:
                     Estimate Std. Error z value Pr(>|z|)    
(Intercept)            0.2728     0.0480    5.68  1.3e-08 ***
OddsByWin.OddsLogit1   1.1643     0.0228   50.97  2.2e-16 ***
---
Signif. codes:  0 '***' 0.001 '**' 0.01 '*' 0.05 '.' 0.1 ' ' 1

Condition number of final variance-covariance matrix: 1 
Number of iterations: 6
[1] "--------------------------------------------------------------------------------"
[1] "2022-02-21 22:17:31 --- rxGlm with rxStepControl Finish ---"
[1] "2022-02-21 22:17:31 --- rxStepPlot Start ---"
[1] "pdfFilename=pdf_analyze_glm_Odds_Type24_rxStepPlot.pdf"
[1] "rxStepPlot="
[1] "2022-02-21 22:17:31 --- rxStepPlot Finish ---"
[1] "2022-02-21 22:17:31 --- save.image Start ---"
[1] "save.image"
[1] "rdataFilename=RData_analyze_glm_Odds_Type24.RData"
[1] "2022-02-21 22:17:32 --- save.image Finish ---"
[1] "2022-02-21 22:17:32 --- final Start ---"
[1] "--------------------------------------------------------------------------------"
[1] "nrow(data) final=39616"
[1] "--------------------------------------------------------------------------------"
[1] "2022-02-21 22:17:32 --- final Finish ---"
[1] "2022-02-21 22:17:32 --- analyze_glm.R Finished ---"
[1] "2022-02-21 22:17:32 --- log Finish ---"
