[1] "2022-02-25 20:21:17 --- D1115_analyze_glm_DataMiningTaisen_IsHitA_Type21 Start ---"
[1] "2022-02-25 20:21:17 --- Log Start ---"
[1] "2022-02-25 20:21:17 --- analyze_glm.R Start ---"
[1] "analyzeVersion=D1115"
[1] "analyzeCategory=analyze"
[1] "analyzeType=DataMiningTaisen"
[1] "analyzeFamily=IsHitA"
[1] "analyzeFunc=glm"
[1] "analyzeTrackTypeCd=2"
[1] "analyzeJyokenCd=1"
[1] "2022-02-25 20:21:17 --- source_function.R Start ---"
[1] "2022-02-25 20:21:17 --- source_function.R Finished ---"

> print(paste0(Sys.time(), " --- source_library.R Start ---"))
[1] "2022-02-25 20:21:17 --- source_library.R Start ---"

> require("RevoScaleR")

> print(paste0(Sys.time(), " --- source_library.R Finished ---"))
[1] "2022-02-25 20:21:23 --- source_library.R Finished ---"
[1] "2022-02-25 20:21:23 --- RxSqlServerData Start ---"
[1] "2022-02-25 20:21:23 --- RxInSqlServer Start ---"
[1] "2022-02-25 20:21:23 --- RxInSqlServer Finish ---"
[1] "2022-02-25 20:21:23 --- rxSetComputeContext Start ---"
[1] "2022-02-25 20:21:23 --- rxSetComputeContext Finish ---"
[1] "2022-02-25 20:21:23 --- RxSqlServerData Start ---"
[1] "sqlQuery=SELECT * FROM ViewAnalyzeD1115analyze01DataMiningTaisenType21"
[1] "2022-02-25 20:21:23 --- RxSqlServerData Finish ---"
[1] "2022-02-25 20:21:23 --- rxGetVarInfo Start ---"
[1] "2022-02-25 20:21:24 --- rxGetVarInfo Finish---"
[1] "2022-02-25 20:21:24 --- rxImport Start ---"
Rows Read: 4406, Total Rows Processed: 4406, Total Chunk Time: 0.489 seconds 
[1] "2022-02-25 20:21:26 --- rxImport Finish ---"
[1] "object.size(data) auto=767.7 Kb"
[1] "--------------------------------------------------------------------------------"
[1] "nrow(data) RxSqlServerData=4406"
[1] "--------------------------------------------------------------------------------"
[1] "str(data)="
'data.frame':	4406 obs. of  26 variables:
 $ Race.RaceId                      : Factor w/ 301 levels "20170305-09-01-04-10",..: 2 2 2 2 2 2 2 2 2 2 ...
 $ Race.IsPredictedRace             : logi  TRUE TRUE TRUE TRUE TRUE TRUE ...
 $ Race.IsAnalyzeNormalPastAndFuture: logi  TRUE TRUE TRUE TRUE TRUE TRUE ...
 $ Race.IsAnalyzeNormalPast         : logi  TRUE TRUE TRUE TRUE TRUE TRUE ...
 $ Race.IsAnalyzeNormalFuture       : logi  FALSE FALSE FALSE FALSE FALSE FALSE ...
 $ Race.IsAnalyzeFullPastAndFuture  : logi  TRUE TRUE TRUE TRUE TRUE TRUE ...
 $ Race.IsAnalyzeFullPast           : logi  TRUE TRUE TRUE TRUE TRUE TRUE ...
 $ Race.IsAnalyzeFullFuture         : logi  FALSE FALSE FALSE FALSE FALSE FALSE ...
 $ Race.JyokenCd                    : Factor w/ 1 level "1": 1 1 1 1 1 1 1 1 1 1 ...
 $ Race.JyoType1Cd                  : Factor w/ 62 levels "2-09-1400-1-1",..: 2 2 2 2 2 2 2 2 2 2 ...
 $ Race.RaceType1Cd                 : Factor w/ 9 levels "2-1-E-1","2-1-C-1",..: 1 1 1 1 1 1 1 1 1 1 ...
 $ RaceHorse.RaceId                 : Factor w/ 301 levels "20170305-09-01-04-10",..: 2 2 2 2 2 2 2 2 2 2 ...
 $ RaceHorse.KettoNum               : Factor w/ 962 levels "2007100828","2008100267",..: 3 11 12 13 14 15 16 17 18 19 ...
 $ RaceHorse.IsHit1                 : num  0 0 0 0 0 1 0 0 0 0 ...
 $ RaceHorse.IsHit2                 : num  0 1 0 0 0 0 0 0 0 0 ...
 $ RaceHorse.IsHit3                 : num  0 0 0 1 0 0 0 0 0 0 ...
 $ RaceHorse.IsHit4                 : num  0 0 0 0 0 0 0 0 0 1 ...
 $ RaceHorse.IsHit5                 : num  0 0 0 0 0 0 1 0 0 0 ...
 $ RaceHorse.IsHit6                 : num  1 0 1 0 1 0 0 1 1 0 ...
 $ RaceHorse.IsValidRaceHorse       : logi  TRUE TRUE TRUE TRUE TRUE TRUE ...
 $ RaceHorse.TimeSdv                : num  -0.332 0.983 0.232 0.607 -3.714 ...
 $ RaceHorse.IsHitA                 : num  0 0 0 0 0 1 0 0 0 0 ...
 $ RaceHorse.IsHitB                 : num  0 1 0 0 0 1 0 0 0 0 ...
 $ RaceHorse.IsHitC                 : num  0 1 0 1 0 1 0 0 0 0 ...
 $ DataMiningTaisen.TmScoreSdv      : num  0.286 1.173 -0.769 0.176 -1.103 ...
 $ EOF                              : int  1 1 1 1 1 1 1 1 1 1 ...
[1] "2022-02-25 20:21:26 --- RxSqlServerData Finish ---"
[1] "2022-02-25 20:21:26 --- subset Start ---"
[1] "--------------------------------------------------------------------------------"
[1] "nrow(data) subset before=4406"
[1] "nrow(data) subset after =4406"
[1] "nrow(data) subset diff =0"
[1] "--------------------------------------------------------------------------------"
[1] "2022-02-25 20:21:26 --- subset Finish---"
[1] "2022-02-25 20:21:26 --- transform Start ---"
[1] "--------------------------------------------------------------------------------"
[1] "nrow(data) transform before=4406"
[1] "nrow(data) transform after=4406"
[1] "nrow(data) transform diff=0"
[1] "--------------------------------------------------------------------------------"
[1] "str(data)="
'data.frame':	4406 obs. of  26 variables:
 $ Race.RaceId                      : Factor w/ 301 levels "20170305-09-01-04-10",..: 2 2 2 2 2 2 2 2 2 2 ...
 $ Race.IsPredictedRace             : logi  TRUE TRUE TRUE TRUE TRUE TRUE ...
 $ Race.IsAnalyzeNormalPastAndFuture: logi  TRUE TRUE TRUE TRUE TRUE TRUE ...
 $ Race.IsAnalyzeNormalPast         : logi  TRUE TRUE TRUE TRUE TRUE TRUE ...
 $ Race.IsAnalyzeNormalFuture       : logi  FALSE FALSE FALSE FALSE FALSE FALSE ...
 $ Race.IsAnalyzeFullPastAndFuture  : logi  TRUE TRUE TRUE TRUE TRUE TRUE ...
 $ Race.IsAnalyzeFullPast           : logi  TRUE TRUE TRUE TRUE TRUE TRUE ...
 $ Race.IsAnalyzeFullFuture         : logi  FALSE FALSE FALSE FALSE FALSE FALSE ...
 $ Race.JyokenCd                    : Factor w/ 1 level "1": 1 1 1 1 1 1 1 1 1 1 ...
 $ Race.JyoType1Cd                  : Factor w/ 62 levels "2-09-1400-1-1",..: 2 2 2 2 2 2 2 2 2 2 ...
 $ Race.RaceType1Cd                 : Factor w/ 9 levels "2-1-E-1","2-1-C-1",..: 1 1 1 1 1 1 1 1 1 1 ...
 $ RaceHorse.RaceId                 : Factor w/ 301 levels "20170305-09-01-04-10",..: 2 2 2 2 2 2 2 2 2 2 ...
 $ RaceHorse.KettoNum               : Factor w/ 962 levels "2007100828","2008100267",..: 3 11 12 13 14 15 16 17 18 19 ...
 $ RaceHorse.IsHit1                 : num  0 0 0 0 0 1 0 0 0 0 ...
 $ RaceHorse.IsHit2                 : num  0 1 0 0 0 0 0 0 0 0 ...
 $ RaceHorse.IsHit3                 : num  0 0 0 1 0 0 0 0 0 0 ...
 $ RaceHorse.IsHit4                 : num  0 0 0 0 0 0 0 0 0 1 ...
 $ RaceHorse.IsHit5                 : num  0 0 0 0 0 0 1 0 0 0 ...
 $ RaceHorse.IsHit6                 : num  1 0 1 0 1 0 0 1 1 0 ...
 $ RaceHorse.IsValidRaceHorse       : logi  TRUE TRUE TRUE TRUE TRUE TRUE ...
 $ RaceHorse.TimeSdv                : num  -0.332 0.983 0.232 0.607 -3.714 ...
 $ RaceHorse.IsHitA                 : num  0 0 0 0 0 1 0 0 0 0 ...
 $ RaceHorse.IsHitB                 : num  0 1 0 0 0 1 0 0 0 0 ...
 $ RaceHorse.IsHitC                 : num  0 1 0 1 0 1 0 0 0 0 ...
 $ DataMiningTaisen.TmScoreSdv      : num  0.286 1.173 -0.769 0.176 -1.103 ...
 $ EOF                              : int  1 1 1 1 1 1 1 1 1 1 ...
NULL
[1] "2022-02-25 20:21:27 --- transform Finish ---"
[1] "2022-02-25 20:21:27 --- na.omit Start ---"
[1] "--------------------------------------------------------------------------------"
[1] "nrow(data) na.omit before=4406"
[1] "nrow(data) na.omit after =4381"
[1] "nrow(data) na.omit diff =25"
[1] "--------------------------------------------------------------------------------"
'data.frame':	4381 obs. of  26 variables:
 $ Race.RaceId                      : Factor w/ 301 levels "20170305-09-01-04-10",..: 2 2 2 2 2 2 2 2 2 2 ...
 $ Race.IsPredictedRace             : logi  TRUE TRUE TRUE TRUE TRUE TRUE ...
 $ Race.IsAnalyzeNormalPastAndFuture: logi  TRUE TRUE TRUE TRUE TRUE TRUE ...
 $ Race.IsAnalyzeNormalPast         : logi  TRUE TRUE TRUE TRUE TRUE TRUE ...
 $ Race.IsAnalyzeNormalFuture       : logi  FALSE FALSE FALSE FALSE FALSE FALSE ...
 $ Race.IsAnalyzeFullPastAndFuture  : logi  TRUE TRUE TRUE TRUE TRUE TRUE ...
 $ Race.IsAnalyzeFullPast           : logi  TRUE TRUE TRUE TRUE TRUE TRUE ...
 $ Race.IsAnalyzeFullFuture         : logi  FALSE FALSE FALSE FALSE FALSE FALSE ...
 $ Race.JyokenCd                    : Factor w/ 1 level "1": 1 1 1 1 1 1 1 1 1 1 ...
 $ Race.JyoType1Cd                  : Factor w/ 62 levels "2-09-1400-1-1",..: 2 2 2 2 2 2 2 2 2 2 ...
 $ Race.RaceType1Cd                 : Factor w/ 9 levels "2-1-E-1","2-1-C-1",..: 1 1 1 1 1 1 1 1 1 1 ...
 $ RaceHorse.RaceId                 : Factor w/ 301 levels "20170305-09-01-04-10",..: 2 2 2 2 2 2 2 2 2 2 ...
 $ RaceHorse.KettoNum               : Factor w/ 962 levels "2007100828","2008100267",..: 3 11 12 13 14 15 16 17 18 19 ...
 $ RaceHorse.IsHit1                 : num  0 0 0 0 0 1 0 0 0 0 ...
 $ RaceHorse.IsHit2                 : num  0 1 0 0 0 0 0 0 0 0 ...
 $ RaceHorse.IsHit3                 : num  0 0 0 1 0 0 0 0 0 0 ...
 $ RaceHorse.IsHit4                 : num  0 0 0 0 0 0 0 0 0 1 ...
 $ RaceHorse.IsHit5                 : num  0 0 0 0 0 0 1 0 0 0 ...
 $ RaceHorse.IsHit6                 : num  1 0 1 0 1 0 0 1 1 0 ...
 $ RaceHorse.IsValidRaceHorse       : logi  TRUE TRUE TRUE TRUE TRUE TRUE ...
 $ RaceHorse.TimeSdv                : num  -0.332 0.983 0.232 0.607 -3.714 ...
 $ RaceHorse.IsHitA                 : num  0 0 0 0 0 1 0 0 0 0 ...
 $ RaceHorse.IsHitB                 : num  0 1 0 0 0 1 0 0 0 0 ...
 $ RaceHorse.IsHitC                 : num  0 1 0 1 0 1 0 0 0 0 ...
 $ DataMiningTaisen.TmScoreSdv      : num  0.286 1.173 -0.769 0.176 -1.103 ...
 $ EOF                              : int  1 1 1 1 1 1 1 1 1 1 ...
 - attr(*, "na.action")= 'omit' Named int  268 550 616 858 1203 1303 1305 1392 1640 1651 ...
  ..- attr(*, "names")= chr  "268" "550" "616" "858" ...
[1] "2022-02-25 20:21:27 --- na.omit Finish ---"
[1] "2022-02-25 20:21:27 --- rxGlm with rxStepControl Start ---"

> print(paste0(Sys.time(), " --- source_logic_glm.R Start ---"))
[1] "2022-02-25 20:21:27 --- source_logic_glm.R Start ---"

> formula <- formula(RaceHorse.IsHitA ~ +1 + DataMiningTaisen.TmScoreSdv)

> print(paste0(Sys.time(), " --- source_logic_glm.R Finished ---"))
[1] "2022-02-25 20:21:28 --- source_logic_glm.R Finished ---"
Rows Read: 4381, Total Rows Processed: 4381, Total Chunk Time: Less than .001 seconds 

Starting values (iteration 1) time: 0.024 secs.
Rows Read: 4381, Total Rows Processed: 4381, Total Chunk Time: 0.003 seconds 

Iteration 2 time: 0.030 secs.
Rows Read: 4381, Total Rows Processed: 4381, Total Chunk Time: Less than .001 seconds 

Iteration 3 time: 0.008 secs.
Rows Read: 4381, Total Rows Processed: 4381, Total Chunk Time: 0.001 seconds 

Iteration 4 time: 0.017 secs.
Rows Read: 4381, Total Rows Processed: 4381, Total Chunk Time: Less than .001 seconds 

Iteration 5 time: 0.015 secs.

Elapsed computation time: 0.149 secs.
Rows Read: 4381, Total Rows Processed: 4381, Total Chunk Time: 0.001 seconds 

Starting values (iteration 1) time: 0.015 secs.
Rows Read: 4381, Total Rows Processed: 4381, Total Chunk Time: Less than .001 seconds 

Iteration 2 time: 0.013 secs.

Elapsed computation time: 0.060 secs.
Rows Read: 4381, Total Rows Processed: 4381, Total Chunk Time: 0.001 seconds 

Starting values (iteration 1) time: 0.020 secs.
Rows Read: 4381, Total Rows Processed: 4381, Total Chunk Time: 0.001 seconds 

Iteration 2 time: 0.015 secs.
Rows Read: 4381, Total Rows Processed: 4381, Total Chunk Time: 0.001 seconds 

Iteration 3 time: 0.013 secs.
Rows Read: 4381, Total Rows Processed: 4381, Total Chunk Time: 0.001 seconds 

Iteration 4 time: 0.014 secs.
Rows Read: 4381, Total Rows Processed: 4381, Total Chunk Time: 0.001 seconds 

Iteration 5 time: 0.026 secs.

Elapsed computation time: 0.141 secs.

Elapsed computation time: 0.391 secs.
[1] "--------------------------------------------------------------------------------"
[1] "analyze.results.glm.step="
Logistic Regression Results for: RaceHorse.IsHitA ~
    DataMiningTaisen.TmScoreSdv
Data: data
Dependent variable(s): RaceHorse.IsHitA
Total independent variables: 2 
Number of valid observations: 4381
Number of missing observations: 0 
 
Coefficients:
                            RaceHorse.IsHitA
(Intercept)                             -2.9
DataMiningTaisen.TmScoreSdv              0.8
[1] "analyze.results.glm.step.summary"
Call:
rxLogit(formula = formula, data = data, variableSelection = analyze.results.glm.step.varsel)

Logistic Regression Results for: RaceHorse.IsHitA ~
    DataMiningTaisen.TmScoreSdv
Data: data
Dependent variable(s): RaceHorse.IsHitA
Total independent variables: 2 
Number of valid observations: 4381
Number of missing observations: 0 
-2*LogLikelihood: 2017.477 (Residual deviance on 4379 degrees of freedom)
 
Coefficients:
                            Estimate Std. Error z value Pr(>|z|)    
(Intercept)                  -2.8836     0.0741   -38.9  2.2e-16 ***
DataMiningTaisen.TmScoreSdv   0.8039     0.0630    12.8  2.2e-16 ***
---
Signif. codes:  0 '***' 0.001 '**' 0.01 '*' 0.05 '.' 0.1 ' ' 1

Condition number of final variance-covariance matrix: 1 
Number of iterations: 5
[1] "--------------------------------------------------------------------------------"
[1] "2022-02-25 20:21:28 --- rxGlm with rxStepControl Finish ---"
[1] "2022-02-25 20:21:28 --- rxStepPlot Start ---"
[1] "pdfFilename=pdf_analyze_glm_DataMiningTaisen_Type21_rxStepPlot.pdf"
[1] "rxStepPlot="
[1] "2022-02-25 20:21:28 --- rxStepPlot Finish ---"
[1] "2022-02-25 20:21:28 --- save.image Start ---"
[1] "save.image"
[1] "rdataFilename=RData_analyze_glm_DataMiningTaisen_Type21.RData"
[1] "2022-02-25 20:21:28 --- save.image Finish ---"
[1] "2022-02-25 20:21:29 --- final Start ---"
[1] "--------------------------------------------------------------------------------"
[1] "nrow(data) final=4381"
[1] "--------------------------------------------------------------------------------"
[1] "2022-02-25 20:21:29 --- final Finish ---"
[1] "2022-02-25 20:21:29 --- analyze_glm.R Finished ---"
[1] "2022-02-25 20:21:29 --- log Finish ---"
