[1] "2022-02-25 20:25:45 --- D1115_analyze_glm_Horse_IsHitA_Type22 Start ---"
[1] "2022-02-25 20:25:45 --- Log Start ---"
[1] "2022-02-25 20:25:45 --- analyze_glm.R Start ---"
[1] "analyzeVersion=D1115"
[1] "analyzeCategory=analyze"
[1] "analyzeType=Horse"
[1] "analyzeFamily=IsHitA"
[1] "analyzeFunc=glm"
[1] "analyzeTrackTypeCd=2"
[1] "analyzeJyokenCd=2"
[1] "2022-02-25 20:25:48 --- source_function.R Start ---"
[1] "2022-02-25 20:25:49 --- source_function.R Finished ---"

> print(paste0(Sys.time(), " --- source_library.R Start ---"))
[1] "2022-02-25 20:25:49 --- source_library.R Start ---"

> require("RevoScaleR")

> print(paste0(Sys.time(), " --- source_library.R Finished ---"))
[1] "2022-02-25 20:25:51 --- source_library.R Finished ---"
[1] "2022-02-25 20:25:51 --- RxSqlServerData Start ---"
[1] "2022-02-25 20:25:51 --- RxInSqlServer Start ---"
[1] "2022-02-25 20:25:51 --- RxInSqlServer Finish ---"
[1] "2022-02-25 20:25:51 --- rxSetComputeContext Start ---"
[1] "2022-02-25 20:25:51 --- rxSetComputeContext Finish ---"
[1] "2022-02-25 20:25:51 --- RxSqlServerData Start ---"
[1] "sqlQuery=SELECT * FROM ViewAnalyzeD1115analyze01HorseType22"
[1] "2022-02-25 20:25:51 --- RxSqlServerData Finish ---"
[1] "2022-02-25 20:25:51 --- rxGetVarInfo Start ---"
[1] "2022-02-25 20:25:52 --- rxGetVarInfo Finish---"
[1] "2022-02-25 20:25:52 --- rxImport Start ---"
Rows Read: 5788, Total Rows Processed: 5788, Total Chunk Time: 5.195 seconds 
[1] "2022-02-25 20:26:09 --- rxImport Finish ---"
[1] "object.size(data) auto=1.8 Mb"
[1] "--------------------------------------------------------------------------------"
[1] "nrow(data) RxSqlServerData=5788"
[1] "--------------------------------------------------------------------------------"
[1] "str(data)="
'data.frame':	5788 obs. of  44 variables:
 $ Race.RaceId                      : Factor w/ 399 levels "20160423-05-02-01-11",..: 2 2 2 2 2 2 2 2 2 2 ...
 $ Race.IsPredictedRace             : logi  TRUE TRUE TRUE TRUE TRUE TRUE ...
 $ Race.IsAnalyzeNormalPastAndFuture: logi  TRUE TRUE TRUE TRUE TRUE TRUE ...
 $ Race.IsAnalyzeNormalPast         : logi  TRUE TRUE TRUE TRUE TRUE TRUE ...
 $ Race.IsAnalyzeNormalFuture       : logi  FALSE FALSE FALSE FALSE FALSE FALSE ...
 $ Race.IsAnalyzeFullPastAndFuture  : logi  TRUE TRUE TRUE TRUE TRUE TRUE ...
 $ Race.IsAnalyzeFullPast           : logi  TRUE TRUE TRUE TRUE TRUE TRUE ...
 $ Race.IsAnalyzeFullFuture         : logi  FALSE FALSE FALSE FALSE FALSE FALSE ...
 $ Race.JyokenCd                    : Factor w/ 1 level "2": 1 1 1 1 1 1 1 1 1 1 ...
 $ Race.JyoType1Cd                  : Factor w/ 71 levels "2-05-1400-2-1",..: 2 2 2 2 2 2 2 2 2 2 ...
 $ Race.RaceType1Cd                 : Factor w/ 2 levels "2-2-E-1","2-2-E-2": 2 2 2 2 2 2 2 2 2 2 ...
 $ RaceHorse.RaceId                 : Factor w/ 399 levels "20160423-05-02-01-11",..: 2 2 2 2 2 2 2 2 2 2 ...
 $ RaceHorse.KettoNum               : Factor w/ 1204 levels "2008101196","2009100378",..: 11 12 13 14 15 16 17 18 19 20 ...
 $ RaceHorse.IsHit1                 : num  0 0 0 0 0 0 0 0 0 1 ...
 $ RaceHorse.IsHit2                 : num  1 0 0 0 0 0 0 0 0 0 ...
 $ RaceHorse.IsHit3                 : num  0 0 0 0 0 0 1 0 0 0 ...
 $ RaceHorse.IsHit4                 : num  0 0 0 1 0 0 0 0 0 0 ...
 $ RaceHorse.IsHit5                 : num  0 0 1 0 0 0 0 0 0 0 ...
 $ RaceHorse.IsHit6                 : num  0 1 0 0 1 1 0 1 1 0 ...
 $ RaceHorse.IsValidRaceHorse       : logi  TRUE TRUE TRUE TRUE TRUE TRUE ...
 $ RaceHorse.TimeSdv                : num  0.563 -0.892 0.29 0.29 -0.71 ...
 $ RaceHorse.IsHitA                 : num  0 0 0 0 0 0 0 0 0 1 ...
 $ RaceHorse.IsHitB                 : num  1 0 0 0 0 0 0 0 0 1 ...
 $ RaceHorse.IsHitC                 : num  1 0 0 0 0 0 1 0 0 1 ...
 $ Horse.KettoNum                   : Factor w/ 1204 levels "2008101196","2009100378",..: 11 12 13 14 15 16 17 18 19 20 ...
 $ Horse.TimeSdvByRaceAvg           : num  0.389 0.351 0.6 0.526 0.326 ...
 $ Horse.TimeSdvByRaceMin           : num  -2.64 -2.05 -1.95 -2.47 -2.44 ...
 $ Horse.TimeSdvByRaceMax           : num  1.25 1.78 1.81 1.87 1.42 ...
 $ Horse.TimeSdvAvg                 : num  0.481 0.309 0.629 0.309 0.276 ...
 $ Horse.TimeSdvMin                 : num  -3.01 -1.68 -1.31 -0.89 -1.3 ...
 $ Horse.TimeSdvMax                 : num  2.14 1.31 1.71 1.43 1.74 ...
 $ Horse.OrderOfFinishSdvAvg        : num  0.452 0.41 0.628 0.582 0.338 ...
 $ Horse.RunCount                   : num  35 35 35 25 30 20 21 22 22 10 ...
 $ Horse.HitCount1                  : num  3 4 4 3 3 4 4 4 3 1 ...
 $ Horse.HitCount2                  : num  3 3 7 4 2 4 2 3 4 0 ...
 $ Horse.HitCount3                  : num  5 5 7 2 6 3 4 4 4 1 ...
 $ Horse.HitCount4                  : num  4 2 1 3 1 3 1 3 1 1 ...
 $ Horse.HitCount5                  : num  3 6 2 4 3 1 1 1 3 1 ...
 $ Horse.HitRate1                   : num  0.0857 0.1143 0.1143 0.12 0.1 ...
 $ Horse.HitRate2                   : num  0.0857 0.0857 0.2 0.16 0.0667 ...
 $ Horse.HitRate3                   : num  0.143 0.143 0.2 0.08 0.2 ...
 $ Horse.HitRate4                   : num  0.1143 0.0571 0.0286 0.12 0.0333 ...
 $ Horse.HitRate5                   : num  0.0857 0.1714 0.0571 0.16 0.1 ...
 $ EOF                              : int  1 1 1 1 1 1 1 1 1 1 ...
[1] "2022-02-25 20:26:18 --- RxSqlServerData Finish ---"
[1] "2022-02-25 20:26:19 --- subset Start ---"
[1] "--------------------------------------------------------------------------------"
[1] "nrow(data) subset before=5788"
[1] "nrow(data) subset after =5788"
[1] "nrow(data) subset diff =0"
[1] "--------------------------------------------------------------------------------"
[1] "2022-02-25 20:26:28 --- subset Finish---"
[1] "2022-02-25 20:26:28 --- transform Start ---"
[1] "--------------------------------------------------------------------------------"
[1] "nrow(data) transform before=5788"
[1] "nrow(data) transform after=5788"
[1] "nrow(data) transform diff=0"
[1] "--------------------------------------------------------------------------------"
[1] "str(data)="
'data.frame':	5788 obs. of  44 variables:
 $ Race.RaceId                      : Factor w/ 399 levels "20160423-05-02-01-11",..: 2 2 2 2 2 2 2 2 2 2 ...
 $ Race.IsPredictedRace             : logi  TRUE TRUE TRUE TRUE TRUE TRUE ...
 $ Race.IsAnalyzeNormalPastAndFuture: logi  TRUE TRUE TRUE TRUE TRUE TRUE ...
 $ Race.IsAnalyzeNormalPast         : logi  TRUE TRUE TRUE TRUE TRUE TRUE ...
 $ Race.IsAnalyzeNormalFuture       : logi  FALSE FALSE FALSE FALSE FALSE FALSE ...
 $ Race.IsAnalyzeFullPastAndFuture  : logi  TRUE TRUE TRUE TRUE TRUE TRUE ...
 $ Race.IsAnalyzeFullPast           : logi  TRUE TRUE TRUE TRUE TRUE TRUE ...
 $ Race.IsAnalyzeFullFuture         : logi  FALSE FALSE FALSE FALSE FALSE FALSE ...
 $ Race.JyokenCd                    : Factor w/ 1 level "2": 1 1 1 1 1 1 1 1 1 1 ...
 $ Race.JyoType1Cd                  : Factor w/ 71 levels "2-05-1400-2-1",..: 2 2 2 2 2 2 2 2 2 2 ...
 $ Race.RaceType1Cd                 : Factor w/ 2 levels "2-2-E-1","2-2-E-2": 2 2 2 2 2 2 2 2 2 2 ...
 $ RaceHorse.RaceId                 : Factor w/ 399 levels "20160423-05-02-01-11",..: 2 2 2 2 2 2 2 2 2 2 ...
 $ RaceHorse.KettoNum               : Factor w/ 1204 levels "2008101196","2009100378",..: 11 12 13 14 15 16 17 18 19 20 ...
 $ RaceHorse.IsHit1                 : num  0 0 0 0 0 0 0 0 0 1 ...
 $ RaceHorse.IsHit2                 : num  1 0 0 0 0 0 0 0 0 0 ...
 $ RaceHorse.IsHit3                 : num  0 0 0 0 0 0 1 0 0 0 ...
 $ RaceHorse.IsHit4                 : num  0 0 0 1 0 0 0 0 0 0 ...
 $ RaceHorse.IsHit5                 : num  0 0 1 0 0 0 0 0 0 0 ...
 $ RaceHorse.IsHit6                 : num  0 1 0 0 1 1 0 1 1 0 ...
 $ RaceHorse.IsValidRaceHorse       : logi  TRUE TRUE TRUE TRUE TRUE TRUE ...
 $ RaceHorse.TimeSdv                : num  0.563 -0.892 0.29 0.29 -0.71 ...
 $ RaceHorse.IsHitA                 : num  0 0 0 0 0 0 0 0 0 1 ...
 $ RaceHorse.IsHitB                 : num  1 0 0 0 0 0 0 0 0 1 ...
 $ RaceHorse.IsHitC                 : num  1 0 0 0 0 0 1 0 0 1 ...
 $ Horse.KettoNum                   : Factor w/ 1204 levels "2008101196","2009100378",..: 11 12 13 14 15 16 17 18 19 20 ...
 $ Horse.TimeSdvByRaceAvg           : num  0.389 0.351 0.6 0.526 0.326 ...
 $ Horse.TimeSdvByRaceMin           : num  -2.64 -2.05 -1.95 -2.47 -2.44 ...
 $ Horse.TimeSdvByRaceMax           : num  1.25 1.78 1.81 1.87 1.42 ...
 $ Horse.TimeSdvAvg                 : num  0.481 0.309 0.629 0.309 0.276 ...
 $ Horse.TimeSdvMin                 : num  -3.01 -1.68 -1.31 -0.89 -1.3 ...
 $ Horse.TimeSdvMax                 : num  2.14 1.31 1.71 1.43 1.74 ...
 $ Horse.OrderOfFinishSdvAvg        : num  0.452 0.41 0.628 0.582 0.338 ...
 $ Horse.RunCount                   : num  35 35 35 25 30 20 21 22 22 10 ...
 $ Horse.HitCount1                  : num  3 4 4 3 3 4 4 4 3 1 ...
 $ Horse.HitCount2                  : num  3 3 7 4 2 4 2 3 4 0 ...
 $ Horse.HitCount3                  : num  5 5 7 2 6 3 4 4 4 1 ...
 $ Horse.HitCount4                  : num  4 2 1 3 1 3 1 3 1 1 ...
 $ Horse.HitCount5                  : num  3 6 2 4 3 1 1 1 3 1 ...
 $ Horse.HitRate1                   : num  0.0857 0.1143 0.1143 0.12 0.1 ...
 $ Horse.HitRate2                   : num  0.0857 0.0857 0.2 0.16 0.0667 ...
 $ Horse.HitRate3                   : num  0.143 0.143 0.2 0.08 0.2 ...
 $ Horse.HitRate4                   : num  0.1143 0.0571 0.0286 0.12 0.0333 ...
 $ Horse.HitRate5                   : num  0.0857 0.1714 0.0571 0.16 0.1 ...
 $ EOF                              : int  1 1 1 1 1 1 1 1 1 1 ...
NULL
[1] "2022-02-25 20:32:46 --- transform Finish ---"
[1] "2022-02-25 20:32:47 --- na.omit Start ---"
[1] "--------------------------------------------------------------------------------"
[1] "nrow(data) na.omit before=5788"
[1] "nrow(data) na.omit after =5749"
[1] "nrow(data) na.omit diff =39"
[1] "--------------------------------------------------------------------------------"
'data.frame':	5749 obs. of  44 variables:
 $ Race.RaceId                      : Factor w/ 399 levels "20160423-05-02-01-11",..: 2 2 2 2 2 2 2 2 2 2 ...
 $ Race.IsPredictedRace             : logi  TRUE TRUE TRUE TRUE TRUE TRUE ...
 $ Race.IsAnalyzeNormalPastAndFuture: logi  TRUE TRUE TRUE TRUE TRUE TRUE ...
 $ Race.IsAnalyzeNormalPast         : logi  TRUE TRUE TRUE TRUE TRUE TRUE ...
 $ Race.IsAnalyzeNormalFuture       : logi  FALSE FALSE FALSE FALSE FALSE FALSE ...
 $ Race.IsAnalyzeFullPastAndFuture  : logi  TRUE TRUE TRUE TRUE TRUE TRUE ...
 $ Race.IsAnalyzeFullPast           : logi  TRUE TRUE TRUE TRUE TRUE TRUE ...
 $ Race.IsAnalyzeFullFuture         : logi  FALSE FALSE FALSE FALSE FALSE FALSE ...
 $ Race.JyokenCd                    : Factor w/ 1 level "2": 1 1 1 1 1 1 1 1 1 1 ...
 $ Race.JyoType1Cd                  : Factor w/ 71 levels "2-05-1400-2-1",..: 2 2 2 2 2 2 2 2 2 2 ...
 $ Race.RaceType1Cd                 : Factor w/ 2 levels "2-2-E-1","2-2-E-2": 2 2 2 2 2 2 2 2 2 2 ...
 $ RaceHorse.RaceId                 : Factor w/ 399 levels "20160423-05-02-01-11",..: 2 2 2 2 2 2 2 2 2 2 ...
 $ RaceHorse.KettoNum               : Factor w/ 1204 levels "2008101196","2009100378",..: 11 12 13 14 15 16 17 18 19 20 ...
 $ RaceHorse.IsHit1                 : num  0 0 0 0 0 0 0 0 0 1 ...
 $ RaceHorse.IsHit2                 : num  1 0 0 0 0 0 0 0 0 0 ...
 $ RaceHorse.IsHit3                 : num  0 0 0 0 0 0 1 0 0 0 ...
 $ RaceHorse.IsHit4                 : num  0 0 0 1 0 0 0 0 0 0 ...
 $ RaceHorse.IsHit5                 : num  0 0 1 0 0 0 0 0 0 0 ...
 $ RaceHorse.IsHit6                 : num  0 1 0 0 1 1 0 1 1 0 ...
 $ RaceHorse.IsValidRaceHorse       : logi  TRUE TRUE TRUE TRUE TRUE TRUE ...
 $ RaceHorse.TimeSdv                : num  0.563 -0.892 0.29 0.29 -0.71 ...
 $ RaceHorse.IsHitA                 : num  0 0 0 0 0 0 0 0 0 1 ...
 $ RaceHorse.IsHitB                 : num  1 0 0 0 0 0 0 0 0 1 ...
 $ RaceHorse.IsHitC                 : num  1 0 0 0 0 0 1 0 0 1 ...
 $ Horse.KettoNum                   : Factor w/ 1204 levels "2008101196","2009100378",..: 11 12 13 14 15 16 17 18 19 20 ...
 $ Horse.TimeSdvByRaceAvg           : num  0.389 0.351 0.6 0.526 0.326 ...
 $ Horse.TimeSdvByRaceMin           : num  -2.64 -2.05 -1.95 -2.47 -2.44 ...
 $ Horse.TimeSdvByRaceMax           : num  1.25 1.78 1.81 1.87 1.42 ...
 $ Horse.TimeSdvAvg                 : num  0.481 0.309 0.629 0.309 0.276 ...
 $ Horse.TimeSdvMin                 : num  -3.01 -1.68 -1.31 -0.89 -1.3 ...
 $ Horse.TimeSdvMax                 : num  2.14 1.31 1.71 1.43 1.74 ...
 $ Horse.OrderOfFinishSdvAvg        : num  0.452 0.41 0.628 0.582 0.338 ...
 $ Horse.RunCount                   : num  35 35 35 25 30 20 21 22 22 10 ...
 $ Horse.HitCount1                  : num  3 4 4 3 3 4 4 4 3 1 ...
 $ Horse.HitCount2                  : num  3 3 7 4 2 4 2 3 4 0 ...
 $ Horse.HitCount3                  : num  5 5 7 2 6 3 4 4 4 1 ...
 $ Horse.HitCount4                  : num  4 2 1 3 1 3 1 3 1 1 ...
 $ Horse.HitCount5                  : num  3 6 2 4 3 1 1 1 3 1 ...
 $ Horse.HitRate1                   : num  0.0857 0.1143 0.1143 0.12 0.1 ...
 $ Horse.HitRate2                   : num  0.0857 0.0857 0.2 0.16 0.0667 ...
 $ Horse.HitRate3                   : num  0.143 0.143 0.2 0.08 0.2 ...
 $ Horse.HitRate4                   : num  0.1143 0.0571 0.0286 0.12 0.0333 ...
 $ Horse.HitRate5                   : num  0.0857 0.1714 0.0571 0.16 0.1 ...
 $ EOF                              : int  1 1 1 1 1 1 1 1 1 1 ...
 - attr(*, "na.action")= 'omit' Named int  39 146 382 397 689 696 787 974 1141 1263 ...
  ..- attr(*, "names")= chr  "39" "146" "382" "397" ...
[1] "2022-02-25 20:32:55 --- na.omit Finish ---"
[1] "2022-02-25 20:32:55 --- rxGlm with rxStepControl Start ---"

> print(paste0(Sys.time(), " --- source_logic_glm.R Start ---"))
[1] "2022-02-25 20:32:55 --- source_logic_glm.R Start ---"

> formula <- formula(RaceHorse.IsHitA ~ +1 + Horse.TimeSdvAvg)

> print(paste0(Sys.time(), " --- source_logic_glm.R Finished ---"))
[1] "2022-02-25 20:32:56 --- source_logic_glm.R Finished ---"
Rows Read: 5749, Total Rows Processed: 5749, Total Chunk Time: Less than .001 seconds 

Starting values (iteration 1) time: 0.108 secs.
Rows Read: 5749, Total Rows Processed: 5749, Total Chunk Time: 0.002 seconds 

Iteration 2 time: 0.086 secs.
Rows Read: 5749, Total Rows Processed: 5749, Total Chunk Time: Less than .001 seconds 

Iteration 3 time: 0.068 secs.
Rows Read: 5749, Total Rows Processed: 5749, Total Chunk Time: 0.002 seconds 

Iteration 4 time: 0.089 secs.
Rows Read: 5749, Total Rows Processed: 5749, Total Chunk Time: 0.002 seconds 

Iteration 5 time: 0.066 secs.

Elapsed computation time: 0.745 secs.
Rows Read: 5749, Total Rows Processed: 5749, Total Chunk Time: Less than .001 seconds 

Starting values (iteration 1) time: 0.078 secs.
Rows Read: 5749, Total Rows Processed: 5749, Total Chunk Time: Less than .001 seconds 

Iteration 2 time: 0.084 secs.

Elapsed computation time: 0.338 secs.
Rows Read: 5749, Total Rows Processed: 5749, Total Chunk Time: 0.001 seconds 

Starting values (iteration 1) time: 0.060 secs.
Rows Read: 5749, Total Rows Processed: 5749, Total Chunk Time: 0.001 seconds 

Iteration 2 time: 0.079 secs.
Rows Read: 5749, Total Rows Processed: 5749, Total Chunk Time: Less than .001 seconds 

Iteration 3 time: 0.096 secs.
Rows Read: 5749, Total Rows Processed: 5749, Total Chunk Time: 0.001 seconds 

Iteration 4 time: 0.112 secs.
Rows Read: 5749, Total Rows Processed: 5749, Total Chunk Time: 0.001 seconds 

Iteration 5 time: 0.065 secs.

Elapsed computation time: 0.867 secs.

Elapsed computation time: 2.270 secs.
[1] "--------------------------------------------------------------------------------"
[1] "analyze.results.glm.step="
Logistic Regression Results for: RaceHorse.IsHitA ~ Horse.TimeSdvAvg
Data: data
Dependent variable(s): RaceHorse.IsHitA
Total independent variables: 2 
Number of valid observations: 5749
Number of missing observations: 0 
 
Coefficients:
                 RaceHorse.IsHitA
(Intercept)                    -4
Horse.TimeSdvAvg                2
[1] "analyze.results.glm.step.summary"
Call:
rxLogit(formula = formula, data = data, variableSelection = analyze.results.glm.step.varsel)

Logistic Regression Results for: RaceHorse.IsHitA ~ Horse.TimeSdvAvg
Data: data
Dependent variable(s): RaceHorse.IsHitA
Total independent variables: 2 
Number of valid observations: 5749
Number of missing observations: 0 
-2*LogLikelihood: 2766.403 (Residual deviance on 5747 degrees of freedom)
 
Coefficients:
                 Estimate Std. Error z value Pr(>|z|)    
(Intercept)        -3.691      0.118   -31.2  2.2e-16 ***
Horse.TimeSdvAvg    2.052      0.173    11.8  2.2e-16 ***
---
Signif. codes:  0 '***' 0.001 '**' 0.01 '*' 0.05 '.' 0.1 ' ' 1

Condition number of final variance-covariance matrix: 1 
Number of iterations: 5
[1] "--------------------------------------------------------------------------------"
[1] "2022-02-25 20:33:02 --- rxGlm with rxStepControl Finish ---"
[1] "2022-02-25 20:33:02 --- rxStepPlot Start ---"
[1] "pdfFilename=pdf_analyze_glm_Horse_Type22_rxStepPlot.pdf"
[1] "rxStepPlot="
[1] "2022-02-25 20:33:02 --- rxStepPlot Finish ---"
[1] "2022-02-25 20:33:02 --- save.image Start ---"
[1] "save.image"
[1] "rdataFilename=RData_analyze_glm_Horse_Type22.RData"
[1] "2022-02-25 20:33:03 --- save.image Finish ---"
[1] "2022-02-25 20:33:03 --- final Start ---"
[1] "--------------------------------------------------------------------------------"
[1] "nrow(data) final=5749"
[1] "--------------------------------------------------------------------------------"
[1] "2022-02-25 20:33:03 --- final Finish ---"
[1] "2022-02-25 20:33:03 --- analyze_glm.R Finished ---"
[1] "2022-02-25 20:33:03 --- log Finish ---"
