[1] "2022-02-25 20:57:32 --- D1115_analyze_glm_Jockey_IsHitA_Type35 Start ---"
[1] "2022-02-25 20:57:32 --- Log Start ---"
[1] "2022-02-25 20:57:32 --- analyze_glm.R Start ---"
[1] "analyzeVersion=D1115"
[1] "analyzeCategory=analyze"
[1] "analyzeType=Jockey"
[1] "analyzeFamily=IsHitA"
[1] "analyzeFunc=glm"
[1] "analyzeTrackTypeCd=3"
[1] "analyzeJyokenCd=5"
[1] "2022-02-25 20:57:32 --- source_function.R Start ---"
[1] "2022-02-25 20:57:32 --- source_function.R Finished ---"

> print(paste0(Sys.time(), " --- source_library.R Start ---"))
[1] "2022-02-25 20:57:32 --- source_library.R Start ---"

> require("RevoScaleR")

> print(paste0(Sys.time(), " --- source_library.R Finished ---"))
[1] "2022-02-25 20:57:33 --- source_library.R Finished ---"
[1] "2022-02-25 20:57:33 --- RxSqlServerData Start ---"
[1] "2022-02-25 20:57:33 --- RxInSqlServer Start ---"
[1] "2022-02-25 20:57:33 --- RxInSqlServer Finish ---"
[1] "2022-02-25 20:57:33 --- rxSetComputeContext Start ---"
[1] "2022-02-25 20:57:33 --- rxSetComputeContext Finish ---"
[1] "2022-02-25 20:57:33 --- RxSqlServerData Start ---"
[1] "sqlQuery=SELECT * FROM ViewAnalyzeD1115analyze01JockeyType35"
[1] "2022-02-25 20:57:33 --- RxSqlServerData Finish ---"
[1] "2022-02-25 20:57:33 --- rxGetVarInfo Start ---"
[1] "2022-02-25 20:57:33 --- rxGetVarInfo Finish---"
[1] "2022-02-25 20:57:33 --- rxImport Start ---"
Rows Read: 5313, Total Rows Processed: 5313, Total Chunk Time: 4.631 seconds 
[1] "2022-02-25 20:57:46 --- rxImport Finish ---"
[1] "object.size(data) auto=1.6 Mb"
[1] "--------------------------------------------------------------------------------"
[1] "nrow(data) RxSqlServerData=5313"
[1] "--------------------------------------------------------------------------------"
[1] "str(data)="
'data.frame':	5313 obs. of  43 variables:
 $ Race.RaceId                      : Factor w/ 419 levels "20190907-06-04-01-04",..: 2 2 2 2 2 2 2 2 2 2 ...
 $ Race.IsPredictedRace             : logi  TRUE TRUE TRUE TRUE TRUE TRUE ...
 $ Race.IsAnalyzeNormalPastAndFuture: logi  TRUE TRUE TRUE TRUE TRUE TRUE ...
 $ Race.IsAnalyzeNormalPast         : logi  TRUE TRUE TRUE TRUE TRUE TRUE ...
 $ Race.IsAnalyzeNormalFuture       : logi  FALSE FALSE FALSE FALSE FALSE FALSE ...
 $ Race.IsAnalyzeFullPastAndFuture  : logi  TRUE TRUE TRUE TRUE TRUE TRUE ...
 $ Race.IsAnalyzeFullPast           : logi  TRUE TRUE TRUE TRUE TRUE TRUE ...
 $ Race.IsAnalyzeFullFuture         : logi  FALSE FALSE FALSE FALSE FALSE FALSE ...
 $ Race.JyokenCd                    : Factor w/ 1 level "5": 1 1 1 1 1 1 1 1 1 1 ...
 $ Race.JyoType1Cd                  : Factor w/ 34 levels "3-06-2880-5-1",..: 2 2 2 2 2 2 2 2 2 2 ...
 $ Race.RaceType1Cd                 : Factor w/ 1 level "3-5-X-3": 1 1 1 1 1 1 1 1 1 1 ...
 $ RaceHorse.RaceId                 : Factor w/ 419 levels "20190907-06-04-01-04",..: 2 2 2 2 2 2 2 2 2 2 ...
 $ RaceHorse.KettoNum               : Factor w/ 1605 levels "2014104957","2015101235",..: 11 12 13 14 15 16 17 18 19 20 ...
 $ RaceHorse.IsHit1                 : num  0 0 0 0 0 0 1 0 0 0 ...
 $ RaceHorse.IsHit2                 : num  0 0 0 0 1 0 0 0 0 0 ...
 $ RaceHorse.IsHit3                 : num  0 1 0 0 0 0 0 0 0 0 ...
 $ RaceHorse.IsHit4                 : num  0 0 0 0 0 0 0 0 1 0 ...
 $ RaceHorse.IsHit5                 : num  0 0 0 0 0 0 0 1 0 0 ...
 $ RaceHorse.IsHit6                 : num  1 0 1 1 0 1 0 0 0 0 ...
 $ RaceHorse.IsValidRaceHorse       : logi  TRUE TRUE TRUE TRUE TRUE TRUE ...
 $ RaceHorse.TimeSdv                : num  -1.107 0.53 0.3 -0.723 0.684 ...
 $ RaceHorse.IsHitA                 : num  0 0 0 0 0 0 1 0 0 0 ...
 $ RaceHorse.IsHitB                 : num  0 0 0 0 1 0 1 0 0 0 ...
 $ RaceHorse.IsHitC                 : num  0 1 0 0 1 0 1 0 0 0 ...
 $ Jockey.TimeSdvByRaceAvg          : num  0.0505 -0.0291 -0.2977 0.0976 -0.1312 ...
 $ Jockey.TimeSdvByRaceMin          : num  -2.86 -2.81 -2.76 -2.96 -2.86 ...
 $ Jockey.TimeSdvByRaceMax          : num  1.93 1.31 1.61 1.56 1.77 ...
 $ Jockey.TimeSdvAvg                : num  -0.0283 0.0124 -0.2379 0.098 -0.1655 ...
 $ Jockey.TimeSdvMin                : num  -4.5 -2.88 -3.77 -2.48 -4.95 ...
 $ Jockey.TimeSdvMax                : num  1.65 1.48 1.47 1.7 1.74 ...
 $ Jockey.OrderOfFinishSdvAvg       : num  0.0893 -0.1488 -0.2222 0.176 -0.2483 ...
 $ Jockey.RunCount                  : num  277 135 134 121 176 203 158 245 228 208 ...
 $ Jockey.HitCount1                 : num  31 8 7 14 3 9 27 15 8 22 ...
 $ Jockey.HitCount2                 : num  30 7 2 10 10 10 26 20 12 23 ...
 $ Jockey.HitCount3                 : num  23 11 6 11 10 18 12 13 10 24 ...
 $ Jockey.HitCount4                 : num  22 10 11 10 16 12 21 29 6 17 ...
 $ Jockey.HitCount5                 : num  23 14 11 11 19 14 11 18 19 32 ...
 $ Jockey.HitRate1                  : num  0.1119 0.0593 0.0522 0.1157 0.017 ...
 $ Jockey.HitRate2                  : num  0.1083 0.0519 0.0149 0.0826 0.0568 ...
 $ Jockey.HitRate3                  : num  0.083 0.0815 0.0448 0.0909 0.0568 ...
 $ Jockey.HitRate4                  : num  0.0794 0.0741 0.0821 0.0826 0.0909 ...
 $ Jockey.HitRate5                  : num  0.083 0.1037 0.0821 0.0909 0.108 ...
 $ EOF                              : int  1 1 1 1 1 1 1 1 1 1 ...
[1] "2022-02-25 20:57:46 --- RxSqlServerData Finish ---"
[1] "2022-02-25 20:57:46 --- subset Start ---"
[1] "--------------------------------------------------------------------------------"
[1] "nrow(data) subset before=5313"
[1] "nrow(data) subset after =5313"
[1] "nrow(data) subset diff =0"
[1] "--------------------------------------------------------------------------------"
[1] "2022-02-25 20:57:46 --- subset Finish---"
[1] "2022-02-25 20:57:46 --- transform Start ---"
[1] "--------------------------------------------------------------------------------"
[1] "nrow(data) transform before=5313"
[1] "nrow(data) transform after=5313"
[1] "nrow(data) transform diff=0"
[1] "--------------------------------------------------------------------------------"
[1] "str(data)="
'data.frame':	5313 obs. of  43 variables:
 $ Race.RaceId                      : Factor w/ 419 levels "20190907-06-04-01-04",..: 2 2 2 2 2 2 2 2 2 2 ...
 $ Race.IsPredictedRace             : logi  TRUE TRUE TRUE TRUE TRUE TRUE ...
 $ Race.IsAnalyzeNormalPastAndFuture: logi  TRUE TRUE TRUE TRUE TRUE TRUE ...
 $ Race.IsAnalyzeNormalPast         : logi  TRUE TRUE TRUE TRUE TRUE TRUE ...
 $ Race.IsAnalyzeNormalFuture       : logi  FALSE FALSE FALSE FALSE FALSE FALSE ...
 $ Race.IsAnalyzeFullPastAndFuture  : logi  TRUE TRUE TRUE TRUE TRUE TRUE ...
 $ Race.IsAnalyzeFullPast           : logi  TRUE TRUE TRUE TRUE TRUE TRUE ...
 $ Race.IsAnalyzeFullFuture         : logi  FALSE FALSE FALSE FALSE FALSE FALSE ...
 $ Race.JyokenCd                    : Factor w/ 1 level "5": 1 1 1 1 1 1 1 1 1 1 ...
 $ Race.JyoType1Cd                  : Factor w/ 34 levels "3-06-2880-5-1",..: 2 2 2 2 2 2 2 2 2 2 ...
 $ Race.RaceType1Cd                 : Factor w/ 1 level "3-5-X-3": 1 1 1 1 1 1 1 1 1 1 ...
 $ RaceHorse.RaceId                 : Factor w/ 419 levels "20190907-06-04-01-04",..: 2 2 2 2 2 2 2 2 2 2 ...
 $ RaceHorse.KettoNum               : Factor w/ 1605 levels "2014104957","2015101235",..: 11 12 13 14 15 16 17 18 19 20 ...
 $ RaceHorse.IsHit1                 : num  0 0 0 0 0 0 1 0 0 0 ...
 $ RaceHorse.IsHit2                 : num  0 0 0 0 1 0 0 0 0 0 ...
 $ RaceHorse.IsHit3                 : num  0 1 0 0 0 0 0 0 0 0 ...
 $ RaceHorse.IsHit4                 : num  0 0 0 0 0 0 0 0 1 0 ...
 $ RaceHorse.IsHit5                 : num  0 0 0 0 0 0 0 1 0 0 ...
 $ RaceHorse.IsHit6                 : num  1 0 1 1 0 1 0 0 0 0 ...
 $ RaceHorse.IsValidRaceHorse       : logi  TRUE TRUE TRUE TRUE TRUE TRUE ...
 $ RaceHorse.TimeSdv                : num  -1.107 0.53 0.3 -0.723 0.684 ...
 $ RaceHorse.IsHitA                 : num  0 0 0 0 0 0 1 0 0 0 ...
 $ RaceHorse.IsHitB                 : num  0 0 0 0 1 0 1 0 0 0 ...
 $ RaceHorse.IsHitC                 : num  0 1 0 0 1 0 1 0 0 0 ...
 $ Jockey.TimeSdvByRaceAvg          : num  0.0505 -0.0291 -0.2977 0.0976 -0.1312 ...
 $ Jockey.TimeSdvByRaceMin          : num  -2.86 -2.81 -2.76 -2.96 -2.86 ...
 $ Jockey.TimeSdvByRaceMax          : num  1.93 1.31 1.61 1.56 1.77 ...
 $ Jockey.TimeSdvAvg                : num  -0.0283 0.0124 -0.2379 0.098 -0.1655 ...
 $ Jockey.TimeSdvMin                : num  -4.5 -2.88 -3.77 -2.48 -4.95 ...
 $ Jockey.TimeSdvMax                : num  1.65 1.48 1.47 1.7 1.74 ...
 $ Jockey.OrderOfFinishSdvAvg       : num  0.0893 -0.1488 -0.2222 0.176 -0.2483 ...
 $ Jockey.RunCount                  : num  277 135 134 121 176 203 158 245 228 208 ...
 $ Jockey.HitCount1                 : num  31 8 7 14 3 9 27 15 8 22 ...
 $ Jockey.HitCount2                 : num  30 7 2 10 10 10 26 20 12 23 ...
 $ Jockey.HitCount3                 : num  23 11 6 11 10 18 12 13 10 24 ...
 $ Jockey.HitCount4                 : num  22 10 11 10 16 12 21 29 6 17 ...
 $ Jockey.HitCount5                 : num  23 14 11 11 19 14 11 18 19 32 ...
 $ Jockey.HitRate1                  : num  0.1119 0.0593 0.0522 0.1157 0.017 ...
 $ Jockey.HitRate2                  : num  0.1083 0.0519 0.0149 0.0826 0.0568 ...
 $ Jockey.HitRate3                  : num  0.083 0.0815 0.0448 0.0909 0.0568 ...
 $ Jockey.HitRate4                  : num  0.0794 0.0741 0.0821 0.0826 0.0909 ...
 $ Jockey.HitRate5                  : num  0.083 0.1037 0.0821 0.0909 0.108 ...
 $ EOF                              : int  1 1 1 1 1 1 1 1 1 1 ...
NULL
[1] "2022-02-25 20:57:47 --- transform Finish ---"
[1] "2022-02-25 20:57:47 --- na.omit Start ---"
[1] "--------------------------------------------------------------------------------"
[1] "nrow(data) na.omit before=5313"
[1] "nrow(data) na.omit after =5038"
[1] "nrow(data) na.omit diff =275"
[1] "--------------------------------------------------------------------------------"
'data.frame':	5038 obs. of  43 variables:
 $ Race.RaceId                      : Factor w/ 419 levels "20190907-06-04-01-04",..: 2 2 2 2 2 2 2 2 2 2 ...
 $ Race.IsPredictedRace             : logi  TRUE TRUE TRUE TRUE TRUE TRUE ...
 $ Race.IsAnalyzeNormalPastAndFuture: logi  TRUE TRUE TRUE TRUE TRUE TRUE ...
 $ Race.IsAnalyzeNormalPast         : logi  TRUE TRUE TRUE TRUE TRUE TRUE ...
 $ Race.IsAnalyzeNormalFuture       : logi  FALSE FALSE FALSE FALSE FALSE FALSE ...
 $ Race.IsAnalyzeFullPastAndFuture  : logi  TRUE TRUE TRUE TRUE TRUE TRUE ...
 $ Race.IsAnalyzeFullPast           : logi  TRUE TRUE TRUE TRUE TRUE TRUE ...
 $ Race.IsAnalyzeFullFuture         : logi  FALSE FALSE FALSE FALSE FALSE FALSE ...
 $ Race.JyokenCd                    : Factor w/ 1 level "5": 1 1 1 1 1 1 1 1 1 1 ...
 $ Race.JyoType1Cd                  : Factor w/ 34 levels "3-06-2880-5-1",..: 2 2 2 2 2 2 2 2 2 2 ...
 $ Race.RaceType1Cd                 : Factor w/ 1 level "3-5-X-3": 1 1 1 1 1 1 1 1 1 1 ...
 $ RaceHorse.RaceId                 : Factor w/ 419 levels "20190907-06-04-01-04",..: 2 2 2 2 2 2 2 2 2 2 ...
 $ RaceHorse.KettoNum               : Factor w/ 1605 levels "2014104957","2015101235",..: 11 12 13 14 15 16 17 18 19 21 ...
 $ RaceHorse.IsHit1                 : num  0 0 0 0 0 0 1 0 0 0 ...
 $ RaceHorse.IsHit2                 : num  0 0 0 0 1 0 0 0 0 0 ...
 $ RaceHorse.IsHit3                 : num  0 1 0 0 0 0 0 0 0 0 ...
 $ RaceHorse.IsHit4                 : num  0 0 0 0 0 0 0 0 1 0 ...
 $ RaceHorse.IsHit5                 : num  0 0 0 0 0 0 0 1 0 0 ...
 $ RaceHorse.IsHit6                 : num  1 0 1 1 0 1 0 0 0 1 ...
 $ RaceHorse.IsValidRaceHorse       : logi  TRUE TRUE TRUE TRUE TRUE TRUE ...
 $ RaceHorse.TimeSdv                : num  -1.107 0.53 0.3 -0.723 0.684 ...
 $ RaceHorse.IsHitA                 : num  0 0 0 0 0 0 1 0 0 0 ...
 $ RaceHorse.IsHitB                 : num  0 0 0 0 1 0 1 0 0 0 ...
 $ RaceHorse.IsHitC                 : num  0 1 0 0 1 0 1 0 0 0 ...
 $ Jockey.TimeSdvByRaceAvg          : num  0.0505 -0.0291 -0.2977 0.0976 -0.1312 ...
 $ Jockey.TimeSdvByRaceMin          : num  -2.86 -2.81 -2.76 -2.96 -2.86 ...
 $ Jockey.TimeSdvByRaceMax          : num  1.93 1.31 1.61 1.56 1.77 ...
 $ Jockey.TimeSdvAvg                : num  -0.0283 0.0124 -0.2379 0.098 -0.1655 ...
 $ Jockey.TimeSdvMin                : num  -4.5 -2.88 -3.77 -2.48 -4.95 ...
 $ Jockey.TimeSdvMax                : num  1.65 1.48 1.47 1.7 1.74 ...
 $ Jockey.OrderOfFinishSdvAvg       : num  0.0893 -0.1488 -0.2222 0.176 -0.2483 ...
 $ Jockey.RunCount                  : num  277 135 134 121 176 203 158 245 228 108 ...
 $ Jockey.HitCount1                 : num  31 8 7 14 3 9 27 15 8 18 ...
 $ Jockey.HitCount2                 : num  30 7 2 10 10 10 26 20 12 15 ...
 $ Jockey.HitCount3                 : num  23 11 6 11 10 18 12 13 10 9 ...
 $ Jockey.HitCount4                 : num  22 10 11 10 16 12 21 29 6 12 ...
 $ Jockey.HitCount5                 : num  23 14 11 11 19 14 11 18 19 4 ...
 $ Jockey.HitRate1                  : num  0.1119 0.0593 0.0522 0.1157 0.017 ...
 $ Jockey.HitRate2                  : num  0.1083 0.0519 0.0149 0.0826 0.0568 ...
 $ Jockey.HitRate3                  : num  0.083 0.0815 0.0448 0.0909 0.0568 ...
 $ Jockey.HitRate4                  : num  0.0794 0.0741 0.0821 0.0826 0.0909 ...
 $ Jockey.HitRate5                  : num  0.083 0.1037 0.0821 0.0909 0.108 ...
 $ EOF                              : int  1 1 1 1 1 1 1 1 1 1 ...
 - attr(*, "na.action")= 'omit' Named int  10 33 40 66 137 173 224 275 318 333 ...
  ..- attr(*, "names")= chr  "10" "33" "40" "66" ...
[1] "2022-02-25 20:57:47 --- na.omit Finish ---"
[1] "2022-02-25 20:57:47 --- rxGlm with rxStepControl Start ---"

> print(paste0(Sys.time(), " --- source_logic_glm.R Start ---"))
[1] "2022-02-25 20:57:47 --- source_logic_glm.R Start ---"

> formula <- formula(RaceHorse.IsHitA ~ +1 + Jockey.TimeSdvAvg)

> print(paste0(Sys.time(), " --- source_logic_glm.R Finished ---"))
[1] "2022-02-25 20:57:47 --- source_logic_glm.R Finished ---"
Rows Read: 5038, Total Rows Processed: 5038, Total Chunk Time: Less than .001 seconds 

Starting values (iteration 1) time: 0.007 secs.
Rows Read: 5038, Total Rows Processed: 5038, Total Chunk Time: 0.002 seconds 

Iteration 2 time: 0.006 secs.
Rows Read: 5038, Total Rows Processed: 5038, Total Chunk Time: 0.001 seconds 

Iteration 3 time: 0.004 secs.
Rows Read: 5038, Total Rows Processed: 5038, Total Chunk Time: 0.001 seconds 

Iteration 4 time: 0.005 secs.
Rows Read: 5038, Total Rows Processed: 5038, Total Chunk Time: Less than .001 seconds 

Iteration 5 time: 0.004 secs.

Elapsed computation time: 0.043 secs.
Rows Read: 5038, Total Rows Processed: 5038, Total Chunk Time: Less than .001 seconds 

Starting values (iteration 1) time: 0.004 secs.
Rows Read: 5038, Total Rows Processed: 5038, Total Chunk Time: Less than .001 seconds 

Iteration 2 time: 0.005 secs.

Elapsed computation time: 0.018 secs.
Rows Read: 5038, Total Rows Processed: 5038, Total Chunk Time: Less than .001 seconds 

Starting values (iteration 1) time: 0.005 secs.
Rows Read: 5038, Total Rows Processed: 5038, Total Chunk Time: 0.001 seconds 

Iteration 2 time: 0.005 secs.
Rows Read: 5038, Total Rows Processed: 5038, Total Chunk Time: Less than .001 seconds 

Iteration 3 time: 0.004 secs.
Rows Read: 5038, Total Rows Processed: 5038, Total Chunk Time: Less than .001 seconds 

Iteration 4 time: 0.004 secs.
Rows Read: 5038, Total Rows Processed: 5038, Total Chunk Time: Less than .001 seconds 

Iteration 5 time: 0.004 secs.

Elapsed computation time: 0.040 secs.

Elapsed computation time: 0.118 secs.
[1] "--------------------------------------------------------------------------------"
[1] "analyze.results.glm.step="
Logistic Regression Results for: RaceHorse.IsHitA ~ Jockey.TimeSdvAvg
Data: data
Dependent variable(s): RaceHorse.IsHitA
Total independent variables: 2 
Number of valid observations: 5038
Number of missing observations: 0 
 
Coefficients:
                  RaceHorse.IsHitA
(Intercept)                     -2
Jockey.TimeSdvAvg                2
[1] "analyze.results.glm.step.summary"
Call:
rxLogit(formula = formula, data = data, variableSelection = analyze.results.glm.step.varsel)

Logistic Regression Results for: RaceHorse.IsHitA ~ Jockey.TimeSdvAvg
Data: data
Dependent variable(s): RaceHorse.IsHitA
Total independent variables: 2 
Number of valid observations: 5038
Number of missing observations: 0 
-2*LogLikelihood: 2827.763 (Residual deviance on 5036 degrees of freedom)
 
Coefficients:
                  Estimate Std. Error z value Pr(>|z|)    
(Intercept)        -2.4110     0.0523  -46.13  2.2e-16 ***
Jockey.TimeSdvAvg   2.0719     0.2768    7.49  2.2e-16 ***
---
Signif. codes:  0 '***' 0.001 '**' 0.01 '*' 0.05 '.' 0.1 ' ' 1

Condition number of final variance-covariance matrix: 1 
Number of iterations: 5
[1] "--------------------------------------------------------------------------------"
[1] "2022-02-25 20:57:47 --- rxGlm with rxStepControl Finish ---"
[1] "2022-02-25 20:57:47 --- rxStepPlot Start ---"
[1] "pdfFilename=pdf_analyze_glm_Jockey_Type35_rxStepPlot.pdf"
[1] "rxStepPlot="
[1] "2022-02-25 20:57:48 --- rxStepPlot Finish ---"
[1] "2022-02-25 20:57:48 --- save.image Start ---"
[1] "save.image"
[1] "rdataFilename=RData_analyze_glm_Jockey_Type35.RData"
[1] "2022-02-25 20:57:48 --- save.image Finish ---"
[1] "2022-02-25 20:57:48 --- final Start ---"
[1] "--------------------------------------------------------------------------------"
[1] "nrow(data) final=5038"
[1] "--------------------------------------------------------------------------------"
[1] "2022-02-25 20:57:48 --- final Finish ---"
[1] "2022-02-25 20:57:48 --- analyze_glm.R Finished ---"
[1] "2022-02-25 20:57:48 --- log Finish ---"
