[1] "2022-02-21 22:08:36 --- D1115_analyze_glm_Gen01_IsHitA_Type35 Start ---"
[1] "2022-02-21 22:08:36 --- Log Start ---"
[1] "2022-02-21 22:08:36 --- analyze_glm.R Start ---"
[1] "analyzeVersion=D1115"
[1] "analyzeCategory=analyze"
[1] "analyzeType=Gen01"
[1] "analyzeFamily=IsHitA"
[1] "analyzeFunc=glm"
[1] "analyzeTrackTypeCd=3"
[1] "analyzeJyokenCd=5"
[1] "2022-02-21 22:08:36 --- source_function.R Start ---"
[1] "2022-02-21 22:08:36 --- source_function.R Finished ---"

> print(paste0(Sys.time(), " --- source_library.R Start ---"))
[1] "2022-02-21 22:08:36 --- source_library.R Start ---"

> require("RevoScaleR")

> print(paste0(Sys.time(), " --- source_library.R Finished ---"))
[1] "2022-02-21 22:08:42 --- source_library.R Finished ---"
[1] "2022-02-21 22:08:42 --- RxSqlServerData Start ---"
[1] "2022-02-21 22:08:42 --- RxInSqlServer Start ---"
[1] "2022-02-21 22:08:42 --- RxInSqlServer Finish ---"
[1] "2022-02-21 22:08:42 --- rxSetComputeContext Start ---"
[1] "2022-02-21 22:08:42 --- rxSetComputeContext Finish ---"
[1] "2022-02-21 22:08:42 --- RxSqlServerData Start ---"
[1] "sqlQuery=SELECT * FROM ViewAnalyzeD1115analyze01Gen01Type35"
[1] "2022-02-21 22:08:42 --- RxSqlServerData Finish ---"
[1] "2022-02-21 22:08:42 --- rxGetVarInfo Start ---"
[1] "2022-02-21 22:08:42 --- rxGetVarInfo Finish---"
[1] "2022-02-21 22:08:42 --- rxImport Start ---"
Rows Read: 5179, Total Rows Processed: 5179, Total Chunk Time: 135.756 seconds 
[1] "2022-02-21 22:12:59 --- rxImport Finish ---"
[1] "object.size(data) auto=1.2 Mb"
[1] "--------------------------------------------------------------------------------"
[1] "nrow(data) RxSqlServerData=5179"
[1] "--------------------------------------------------------------------------------"
[1] "str(data)="
'data.frame':	5179 obs. of  39 variables:
 $ Race.RaceId                      : Factor w/ 419 levels "20160117-07-01-02-04",..: 6 1 7 7 8 9 10 10 11 11 ...
 $ Race.IsPredictedRace             : logi  TRUE TRUE TRUE TRUE TRUE TRUE ...
 $ Race.IsAnalyzeNormalPastAndFuture: logi  TRUE TRUE TRUE TRUE TRUE TRUE ...
 $ Race.IsAnalyzeNormalPast         : logi  TRUE TRUE TRUE TRUE TRUE TRUE ...
 $ Race.IsAnalyzeNormalFuture       : logi  FALSE FALSE FALSE FALSE FALSE FALSE ...
 $ Race.IsAnalyzeFullPastAndFuture  : logi  TRUE TRUE TRUE TRUE TRUE TRUE ...
 $ Race.IsAnalyzeFullPast           : logi  TRUE TRUE TRUE TRUE TRUE TRUE ...
 $ Race.IsAnalyzeFullFuture         : logi  FALSE FALSE FALSE FALSE FALSE FALSE ...
 $ Race.JyokenCd                    : Factor w/ 1 level "5": 1 1 1 1 1 1 1 1 1 1 ...
 $ Race.RaceType1Cd                 : Factor w/ 1 level "3-5-X": 1 1 1 1 1 1 1 1 1 1 ...
 $ RaceHorse.RaceId                 : Factor w/ 419 levels "20160117-07-01-02-04",..: 6 1 7 7 8 9 10 10 11 11 ...
 $ RaceHorse.KettoNum               : Factor w/ 1573 levels "2009110122","2012100538",..: 11 12 13 14 15 16 17 18 19 20 ...
 $ RaceHorse.IsHit1                 : int  0 0 0 0 0 0 0 0 0 0 ...
 $ RaceHorse.IsHit2                 : int  0 0 0 0 0 0 0 0 0 0 ...
 $ RaceHorse.IsHit3                 : int  0 0 0 0 0 0 0 1 0 0 ...
 $ RaceHorse.IsHit4                 : int  0 0 0 0 0 0 0 0 0 0 ...
 $ RaceHorse.IsHit5                 : int  0 0 0 0 0 0 0 0 0 0 ...
 $ RaceHorse.IsHit6                 : int  1 1 1 1 0 1 1 0 1 1 ...
 $ RaceHorse.IsValidRaceHorse       : logi  TRUE TRUE TRUE TRUE FALSE TRUE ...
 $ RaceHorse.IsHitA                 : int  0 0 0 0 0 0 0 0 0 0 ...
 $ RaceHorse.IsHitB                 : int  0 0 0 0 0 0 0 0 0 0 ...
 $ RaceHorse.IsHitC                 : int  0 0 0 0 0 0 0 1 0 0 ...
 $ Gen01.HansyokuNum                : Factor w/ 225 levels "11406244","11202219",..: 11 12 13 14 7 15 16 17 18 19 ...
 $ Gen01.TimeSdvByRaceAvg           : num  0.0975 -0.396 -0.0714 0.1628 0.2246 ...
 $ Gen01.TimeSdvByRaceMin           : num  -2.398 -0.396 -2.475 -1.704 -1.45 ...
 $ Gen01.TimeSdvByRaceMax           : num  1.798 -0.396 1.634 1.017 1.29 ...
 $ Gen01.OrderOfFinishSdvAvg        : num  0.147 -0.643 0.156 0.174 0.322 ...
 $ Gen01.RunCount                   : int  40 1 15 6 22 1 6 2 23 11 ...
 $ Gen01.HitCount1                  : int  12 0 4 1 6 0 2 0 7 1 ...
 $ Gen01.HitCount2                  : int  0 0 1 2 2 0 0 0 0 0 ...
 $ Gen01.HitCount3                  : int  1 0 0 0 1 0 0 0 2 2 ...
 $ Gen01.HitCount4                  : int  4 0 1 0 1 0 0 1 0 1 ...
 $ Gen01.HitCount5                  : int  1 0 0 0 2 0 0 0 0 1 ...
 $ Gen01.HitRate1                   : num  0.3 0 0.267 0.167 0.273 ...
 $ Gen01.HitRate2                   : num  0 0 0.0667 0.3333 0.0909 ...
 $ Gen01.HitRate3                   : num  0.025 0 0 0 0.0455 ...
 $ Gen01.HitRate4                   : num  0.1 0 0.0667 0 0.0455 ...
 $ Gen01.HitRate5                   : num  0.025 0 0 0 0.0909 ...
 $ EOF                              : int  1 1 1 1 1 1 1 1 1 1 ...
[1] "2022-02-21 22:12:59 --- RxSqlServerData Finish ---"
[1] "2022-02-21 22:12:59 --- subset Start ---"
[1] "--------------------------------------------------------------------------------"
[1] "nrow(data) subset before=5179"
[1] "nrow(data) subset after =5179"
[1] "nrow(data) subset diff =0"
[1] "--------------------------------------------------------------------------------"
[1] "2022-02-21 22:12:59 --- subset Finish---"
[1] "2022-02-21 22:12:59 --- transform Start ---"
[1] "--------------------------------------------------------------------------------"
[1] "nrow(data) transform before=5179"
[1] "nrow(data) transform after=5179"
[1] "nrow(data) transform diff=0"
[1] "--------------------------------------------------------------------------------"
[1] "str(data)="
'data.frame':	5179 obs. of  39 variables:
 $ Race.RaceId                      : Factor w/ 419 levels "20160117-07-01-02-04",..: 6 1 7 7 8 9 10 10 11 11 ...
 $ Race.IsPredictedRace             : logi  TRUE TRUE TRUE TRUE TRUE TRUE ...
 $ Race.IsAnalyzeNormalPastAndFuture: logi  TRUE TRUE TRUE TRUE TRUE TRUE ...
 $ Race.IsAnalyzeNormalPast         : logi  TRUE TRUE TRUE TRUE TRUE TRUE ...
 $ Race.IsAnalyzeNormalFuture       : logi  FALSE FALSE FALSE FALSE FALSE FALSE ...
 $ Race.IsAnalyzeFullPastAndFuture  : logi  TRUE TRUE TRUE TRUE TRUE TRUE ...
 $ Race.IsAnalyzeFullPast           : logi  TRUE TRUE TRUE TRUE TRUE TRUE ...
 $ Race.IsAnalyzeFullFuture         : logi  FALSE FALSE FALSE FALSE FALSE FALSE ...
 $ Race.JyokenCd                    : Factor w/ 1 level "5": 1 1 1 1 1 1 1 1 1 1 ...
 $ Race.RaceType1Cd                 : Factor w/ 1 level "3-5-X": 1 1 1 1 1 1 1 1 1 1 ...
 $ RaceHorse.RaceId                 : Factor w/ 419 levels "20160117-07-01-02-04",..: 6 1 7 7 8 9 10 10 11 11 ...
 $ RaceHorse.KettoNum               : Factor w/ 1573 levels "2009110122","2012100538",..: 11 12 13 14 15 16 17 18 19 20 ...
 $ RaceHorse.IsHit1                 : int  0 0 0 0 0 0 0 0 0 0 ...
 $ RaceHorse.IsHit2                 : int  0 0 0 0 0 0 0 0 0 0 ...
 $ RaceHorse.IsHit3                 : int  0 0 0 0 0 0 0 1 0 0 ...
 $ RaceHorse.IsHit4                 : int  0 0 0 0 0 0 0 0 0 0 ...
 $ RaceHorse.IsHit5                 : int  0 0 0 0 0 0 0 0 0 0 ...
 $ RaceHorse.IsHit6                 : int  1 1 1 1 0 1 1 0 1 1 ...
 $ RaceHorse.IsValidRaceHorse       : logi  TRUE TRUE TRUE TRUE FALSE TRUE ...
 $ RaceHorse.IsHitA                 : int  0 0 0 0 0 0 0 0 0 0 ...
 $ RaceHorse.IsHitB                 : int  0 0 0 0 0 0 0 0 0 0 ...
 $ RaceHorse.IsHitC                 : int  0 0 0 0 0 0 0 1 0 0 ...
 $ Gen01.HansyokuNum                : Factor w/ 225 levels "11406244","11202219",..: 11 12 13 14 7 15 16 17 18 19 ...
 $ Gen01.TimeSdvByRaceAvg           : num  0.0975 -0.396 -0.0714 0.1628 0.2246 ...
 $ Gen01.TimeSdvByRaceMin           : num  -2.398 -0.396 -2.475 -1.704 -1.45 ...
 $ Gen01.TimeSdvByRaceMax           : num  1.798 -0.396 1.634 1.017 1.29 ...
 $ Gen01.OrderOfFinishSdvAvg        : num  0.147 -0.643 0.156 0.174 0.322 ...
 $ Gen01.RunCount                   : int  40 1 15 6 22 1 6 2 23 11 ...
 $ Gen01.HitCount1                  : int  12 0 4 1 6 0 2 0 7 1 ...
 $ Gen01.HitCount2                  : int  0 0 1 2 2 0 0 0 0 0 ...
 $ Gen01.HitCount3                  : int  1 0 0 0 1 0 0 0 2 2 ...
 $ Gen01.HitCount4                  : int  4 0 1 0 1 0 0 1 0 1 ...
 $ Gen01.HitCount5                  : int  1 0 0 0 2 0 0 0 0 1 ...
 $ Gen01.HitRate1                   : num  0.3 0 0.267 0.167 0.273 ...
 $ Gen01.HitRate2                   : num  0 0 0.0667 0.3333 0.0909 ...
 $ Gen01.HitRate3                   : num  0.025 0 0 0 0.0455 ...
 $ Gen01.HitRate4                   : num  0.1 0 0.0667 0 0.0455 ...
 $ Gen01.HitRate5                   : num  0.025 0 0 0 0.0909 ...
 $ EOF                              : int  1 1 1 1 1 1 1 1 1 1 ...
NULL
[1] "2022-02-21 22:13:00 --- transform Finish ---"
[1] "2022-02-21 22:13:00 --- na.omit Start ---"
[1] "--------------------------------------------------------------------------------"
[1] "nrow(data) na.omit before=5179"
[1] "nrow(data) na.omit after =5179"
[1] "nrow(data) na.omit diff =0"
[1] "--------------------------------------------------------------------------------"
'data.frame':	5179 obs. of  39 variables:
 $ Race.RaceId                      : Factor w/ 419 levels "20160117-07-01-02-04",..: 6 1 7 7 8 9 10 10 11 11 ...
 $ Race.IsPredictedRace             : logi  TRUE TRUE TRUE TRUE TRUE TRUE ...
 $ Race.IsAnalyzeNormalPastAndFuture: logi  TRUE TRUE TRUE TRUE TRUE TRUE ...
 $ Race.IsAnalyzeNormalPast         : logi  TRUE TRUE TRUE TRUE TRUE TRUE ...
 $ Race.IsAnalyzeNormalFuture       : logi  FALSE FALSE FALSE FALSE FALSE FALSE ...
 $ Race.IsAnalyzeFullPastAndFuture  : logi  TRUE TRUE TRUE TRUE TRUE TRUE ...
 $ Race.IsAnalyzeFullPast           : logi  TRUE TRUE TRUE TRUE TRUE TRUE ...
 $ Race.IsAnalyzeFullFuture         : logi  FALSE FALSE FALSE FALSE FALSE FALSE ...
 $ Race.JyokenCd                    : Factor w/ 1 level "5": 1 1 1 1 1 1 1 1 1 1 ...
 $ Race.RaceType1Cd                 : Factor w/ 1 level "3-5-X": 1 1 1 1 1 1 1 1 1 1 ...
 $ RaceHorse.RaceId                 : Factor w/ 419 levels "20160117-07-01-02-04",..: 6 1 7 7 8 9 10 10 11 11 ...
 $ RaceHorse.KettoNum               : Factor w/ 1573 levels "2009110122","2012100538",..: 11 12 13 14 15 16 17 18 19 20 ...
 $ RaceHorse.IsHit1                 : int  0 0 0 0 0 0 0 0 0 0 ...
 $ RaceHorse.IsHit2                 : int  0 0 0 0 0 0 0 0 0 0 ...
 $ RaceHorse.IsHit3                 : int  0 0 0 0 0 0 0 1 0 0 ...
 $ RaceHorse.IsHit4                 : int  0 0 0 0 0 0 0 0 0 0 ...
 $ RaceHorse.IsHit5                 : int  0 0 0 0 0 0 0 0 0 0 ...
 $ RaceHorse.IsHit6                 : int  1 1 1 1 0 1 1 0 1 1 ...
 $ RaceHorse.IsValidRaceHorse       : logi  TRUE TRUE TRUE TRUE FALSE TRUE ...
 $ RaceHorse.IsHitA                 : int  0 0 0 0 0 0 0 0 0 0 ...
 $ RaceHorse.IsHitB                 : int  0 0 0 0 0 0 0 0 0 0 ...
 $ RaceHorse.IsHitC                 : int  0 0 0 0 0 0 0 1 0 0 ...
 $ Gen01.HansyokuNum                : Factor w/ 225 levels "11406244","11202219",..: 11 12 13 14 7 15 16 17 18 19 ...
 $ Gen01.TimeSdvByRaceAvg           : num  0.0975 -0.396 -0.0714 0.1628 0.2246 ...
 $ Gen01.TimeSdvByRaceMin           : num  -2.398 -0.396 -2.475 -1.704 -1.45 ...
 $ Gen01.TimeSdvByRaceMax           : num  1.798 -0.396 1.634 1.017 1.29 ...
 $ Gen01.OrderOfFinishSdvAvg        : num  0.147 -0.643 0.156 0.174 0.322 ...
 $ Gen01.RunCount                   : int  40 1 15 6 22 1 6 2 23 11 ...
 $ Gen01.HitCount1                  : int  12 0 4 1 6 0 2 0 7 1 ...
 $ Gen01.HitCount2                  : int  0 0 1 2 2 0 0 0 0 0 ...
 $ Gen01.HitCount3                  : int  1 0 0 0 1 0 0 0 2 2 ...
 $ Gen01.HitCount4                  : int  4 0 1 0 1 0 0 1 0 1 ...
 $ Gen01.HitCount5                  : int  1 0 0 0 2 0 0 0 0 1 ...
 $ Gen01.HitRate1                   : num  0.3 0 0.267 0.167 0.273 ...
 $ Gen01.HitRate2                   : num  0 0 0.0667 0.3333 0.0909 ...
 $ Gen01.HitRate3                   : num  0.025 0 0 0 0.0455 ...
 $ Gen01.HitRate4                   : num  0.1 0 0.0667 0 0.0455 ...
 $ Gen01.HitRate5                   : num  0.025 0 0 0 0.0909 ...
 $ EOF                              : int  1 1 1 1 1 1 1 1 1 1 ...
[1] "2022-02-21 22:13:00 --- na.omit Finish ---"
[1] "2022-02-21 22:13:00 --- rxGlm with rxStepControl Start ---"

> print(paste0(Sys.time(), " --- source_logic_glm.R Start ---"))
[1] "2022-02-21 22:13:00 --- source_logic_glm.R Start ---"

> formula <- formula(RaceHorse.IsHitA ~ +1 + Gen01.OrderOfFinishSdvAvg)

> print(paste0(Sys.time(), " --- source_logic_glm.R Finished ---"))
[1] "2022-02-21 22:13:00 --- source_logic_glm.R Finished ---"
Rows Read: 5179, Total Rows Processed: 5179, Total Chunk Time: 0.001 seconds 

Starting values (iteration 1) time: 0.008 secs.
Rows Read: 5179, Total Rows Processed: 5179, Total Chunk Time: 0.002 seconds 

Iteration 2 time: 0.008 secs.
Rows Read: 5179, Total Rows Processed: 5179, Total Chunk Time: 0.001 seconds 

Iteration 3 time: 0.005 secs.
Rows Read: 5179, Total Rows Processed: 5179, Total Chunk Time: Less than .001 seconds 

Iteration 4 time: 0.012 secs.

Elapsed computation time: 0.066 secs.
Rows Read: 5179, Total Rows Processed: 5179, Total Chunk Time: Less than .001 seconds 

Starting values (iteration 1) time: 0.009 secs.
Rows Read: 5179, Total Rows Processed: 5179, Total Chunk Time: 0.001 seconds 

Iteration 2 time: 0.012 secs.

Elapsed computation time: 0.040 secs.
Rows Read: 5179, Total Rows Processed: 5179, Total Chunk Time: Less than .001 seconds 

Starting values (iteration 1) time: 0.007 secs.
Rows Read: 5179, Total Rows Processed: 5179, Total Chunk Time: 0.002 seconds 

Iteration 2 time: 0.010 secs.
Rows Read: 5179, Total Rows Processed: 5179, Total Chunk Time: 0.002 seconds 

Iteration 3 time: 0.011 secs.
Rows Read: 5179, Total Rows Processed: 5179, Total Chunk Time: 0.002 seconds 

Iteration 4 time: 0.006 secs.

Elapsed computation time: 0.070 secs.

Elapsed computation time: 0.200 secs.
[1] "--------------------------------------------------------------------------------"
[1] "analyze.results.glm.step="
Logistic Regression Results for: RaceHorse.IsHitA ~
    Gen01.OrderOfFinishSdvAvg
Data: data
Dependent variable(s): RaceHorse.IsHitA
Total independent variables: 2 
Number of valid observations: 5179
Number of missing observations: 0 
 
Coefficients:
                          RaceHorse.IsHitA
(Intercept)                           -2.5
Gen01.OrderOfFinishSdvAvg              0.7
[1] "analyze.results.glm.step.summary"
Call:
rxLogit(formula = formula, data = data, variableSelection = analyze.results.glm.step.varsel)

Logistic Regression Results for: RaceHorse.IsHitA ~
    Gen01.OrderOfFinishSdvAvg
Data: data
Dependent variable(s): RaceHorse.IsHitA
Total independent variables: 2 
Number of valid observations: 5179
Number of missing observations: 0 
-2*LogLikelihood: 2854.066 (Residual deviance on 5177 degrees of freedom)
 
Coefficients:
                          Estimate Std. Error z value Pr(>|z|)    
(Intercept)                -2.4602     0.0525  -46.83  2.2e-16 ***
Gen01.OrderOfFinishSdvAvg   0.6749     0.1011    6.68  2.4e-11 ***
---
Signif. codes:  0 '***' 0.001 '**' 0.01 '*' 0.05 '.' 0.1 ' ' 1

Condition number of final variance-covariance matrix: 1 
Number of iterations: 4
[1] "--------------------------------------------------------------------------------"
[1] "2022-02-21 22:13:01 --- rxGlm with rxStepControl Finish ---"
[1] "2022-02-21 22:13:01 --- rxStepPlot Start ---"
[1] "pdfFilename=pdf_analyze_glm_Gen01_Type35_rxStepPlot.pdf"
[1] "rxStepPlot="
[1] "2022-02-21 22:13:01 --- rxStepPlot Finish ---"
[1] "2022-02-21 22:13:01 --- save.image Start ---"
[1] "save.image"
[1] "rdataFilename=RData_analyze_glm_Gen01_Type35.RData"
[1] "2022-02-21 22:13:01 --- save.image Finish ---"
[1] "2022-02-21 22:13:01 --- final Start ---"
[1] "--------------------------------------------------------------------------------"
[1] "nrow(data) final=5179"
[1] "--------------------------------------------------------------------------------"
[1] "2022-02-21 22:13:01 --- final Finish ---"
[1] "2022-02-21 22:13:01 --- analyze_glm.R Finished ---"
[1] "2022-02-21 22:13:01 --- log Finish ---"
