[1] "2022-02-25 20:57:32 --- D1115_analyze_glm_Jockey_IsHitA_Type31 Start ---"
[1] "2022-02-25 20:57:32 --- Log Start ---"
[1] "2022-02-25 20:57:32 --- analyze_glm.R Start ---"
[1] "analyzeVersion=D1115"
[1] "analyzeCategory=analyze"
[1] "analyzeType=Jockey"
[1] "analyzeFamily=IsHitA"
[1] "analyzeFunc=glm"
[1] "analyzeTrackTypeCd=3"
[1] "analyzeJyokenCd=1"
[1] "2022-02-25 20:57:32 --- source_function.R Start ---"
[1] "2022-02-25 20:57:32 --- source_function.R Finished ---"

> print(paste0(Sys.time(), " --- source_library.R Start ---"))
[1] "2022-02-25 20:57:32 --- source_library.R Start ---"

> require("RevoScaleR")

> print(paste0(Sys.time(), " --- source_library.R Finished ---"))
[1] "2022-02-25 20:57:33 --- source_library.R Finished ---"
[1] "2022-02-25 20:57:33 --- RxSqlServerData Start ---"
[1] "2022-02-25 20:57:33 --- RxInSqlServer Start ---"
[1] "2022-02-25 20:57:33 --- RxInSqlServer Finish ---"
[1] "2022-02-25 20:57:33 --- rxSetComputeContext Start ---"
[1] "2022-02-25 20:57:33 --- rxSetComputeContext Finish ---"
[1] "2022-02-25 20:57:33 --- RxSqlServerData Start ---"
[1] "sqlQuery=SELECT * FROM ViewAnalyzeD1115analyze01JockeyType31"
[1] "2022-02-25 20:57:33 --- RxSqlServerData Finish ---"
[1] "2022-02-25 20:57:33 --- rxGetVarInfo Start ---"
[1] "2022-02-25 20:57:33 --- rxGetVarInfo Finish---"
[1] "2022-02-25 20:57:33 --- rxImport Start ---"
Rows Read: 2516, Total Rows Processed: 2516, Total Chunk Time: 2.884 seconds 
[1] "2022-02-25 20:57:38 --- rxImport Finish ---"
[1] "object.size(data) auto=780.9 Kb"
[1] "--------------------------------------------------------------------------------"
[1] "nrow(data) RxSqlServerData=2516"
[1] "--------------------------------------------------------------------------------"
[1] "str(data)="
'data.frame':	2516 obs. of  43 variables:
 $ Race.RaceId                      : Factor w/ 213 levels "20200926-06-04-06-08",..: 2 2 2 2 2 2 2 2 2 3 ...
 $ Race.IsPredictedRace             : logi  TRUE TRUE TRUE TRUE TRUE TRUE ...
 $ Race.IsAnalyzeNormalPastAndFuture: logi  TRUE TRUE TRUE TRUE TRUE TRUE ...
 $ Race.IsAnalyzeNormalPast         : logi  TRUE TRUE TRUE TRUE TRUE TRUE ...
 $ Race.IsAnalyzeNormalFuture       : logi  FALSE FALSE FALSE FALSE FALSE FALSE ...
 $ Race.IsAnalyzeFullPastAndFuture  : logi  TRUE TRUE TRUE TRUE TRUE TRUE ...
 $ Race.IsAnalyzeFullPast           : logi  TRUE TRUE TRUE TRUE TRUE TRUE ...
 $ Race.IsAnalyzeFullFuture         : logi  FALSE FALSE FALSE FALSE FALSE FALSE ...
 $ Race.JyokenCd                    : Factor w/ 1 level "1": 1 1 1 1 1 1 1 1 1 1 ...
 $ Race.JyoType1Cd                  : Factor w/ 53 levels "3-06-3210-1-2",..: 2 2 2 2 2 2 2 2 2 1 ...
 $ Race.RaceType1Cd                 : Factor w/ 5 levels "3-1-E-3","3-1-H-3",..: 2 2 2 2 2 2 2 2 2 1 ...
 $ RaceHorse.RaceId                 : Factor w/ 213 levels "20200926-06-04-06-08",..: 2 2 2 2 2 2 2 2 2 3 ...
 $ RaceHorse.KettoNum               : Factor w/ 478 levels "2012104463","2015100852",..: 11 12 13 14 15 16 17 18 19 20 ...
 $ RaceHorse.IsHit1                 : num  0 0 1 0 0 0 0 0 0 0 ...
 $ RaceHorse.IsHit2                 : num  0 0 0 0 0 1 0 0 0 1 ...
 $ RaceHorse.IsHit3                 : num  0 0 0 0 1 0 0 0 0 0 ...
 $ RaceHorse.IsHit4                 : num  0 0 0 0 0 0 0 1 0 0 ...
 $ RaceHorse.IsHit5                 : num  0 0 0 1 0 0 0 0 0 0 ...
 $ RaceHorse.IsHit6                 : num  1 1 0 0 0 0 1 0 1 0 ...
 $ RaceHorse.IsValidRaceHorse       : logi  TRUE TRUE TRUE TRUE TRUE TRUE ...
 $ RaceHorse.TimeSdv                : num  -1.611 -1.43 0.779 0.295 0.416 ...
 $ RaceHorse.IsHitA                 : num  0 0 1 0 0 0 0 0 0 0 ...
 $ RaceHorse.IsHitB                 : num  0 0 1 0 0 1 0 0 0 1 ...
 $ RaceHorse.IsHitC                 : num  0 0 1 0 1 1 0 0 0 1 ...
 $ Jockey.TimeSdvByRaceAvg          : num  -0.548 0.218 -0.337 -0.103 -0.18 ...
 $ Jockey.TimeSdvByRaceMin          : num  -1.46 -1.35 -2 -1.06 -1.93 ...
 $ Jockey.TimeSdvByRaceMax          : num  1.041 1.201 0.973 0.544 1.044 ...
 $ Jockey.TimeSdvAvg                : num  0.325 0.546 0.192 0.151 0.102 ...
 $ Jockey.TimeSdvMin                : num  -0.563 -1.278 -0.957 -0.648 -2.081 ...
 $ Jockey.TimeSdvMax                : num  1.67 1.71 1.34 0.84 1.42 ...
 $ Jockey.OrderOfFinishSdvAvg       : num  -0.675 0.257 -0.252 0.107 0.245 ...
 $ Jockey.RunCount                  : num  6 7 18 8 13 18 14 14 14 19 ...
 $ Jockey.HitCount1                 : num  0 2 0 0 2 5 0 2 2 3 ...
 $ Jockey.HitCount2                 : num  1 0 1 0 1 8 0 2 1 0 ...
 $ Jockey.HitCount3                 : num  0 1 0 1 2 2 4 0 2 1 ...
 $ Jockey.HitCount4                 : num  0 0 1 2 2 2 0 4 0 1 ...
 $ Jockey.HitCount5                 : num  0 1 3 1 0 1 1 1 2 1 ...
 $ Jockey.HitRate1                  : num  0 0.286 0 0 0.154 ...
 $ Jockey.HitRate2                  : num  0.1667 0 0.0556 0 0.0769 ...
 $ Jockey.HitRate3                  : num  0 0.143 0 0.125 0.154 ...
 $ Jockey.HitRate4                  : num  0 0 0.0556 0.25 0.1538 ...
 $ Jockey.HitRate5                  : num  0 0.143 0.167 0.125 0 ...
 $ EOF                              : int  1 1 1 1 1 1 1 1 1 1 ...
[1] "2022-02-25 20:57:39 --- RxSqlServerData Finish ---"
[1] "2022-02-25 20:57:39 --- subset Start ---"
[1] "--------------------------------------------------------------------------------"
[1] "nrow(data) subset before=2516"
[1] "nrow(data) subset after =2516"
[1] "nrow(data) subset diff =0"
[1] "--------------------------------------------------------------------------------"
[1] "2022-02-25 20:57:39 --- subset Finish---"
[1] "2022-02-25 20:57:39 --- transform Start ---"
[1] "--------------------------------------------------------------------------------"
[1] "nrow(data) transform before=2516"
[1] "nrow(data) transform after=2516"
[1] "nrow(data) transform diff=0"
[1] "--------------------------------------------------------------------------------"
[1] "str(data)="
'data.frame':	2516 obs. of  43 variables:
 $ Race.RaceId                      : Factor w/ 213 levels "20200926-06-04-06-08",..: 2 2 2 2 2 2 2 2 2 3 ...
 $ Race.IsPredictedRace             : logi  TRUE TRUE TRUE TRUE TRUE TRUE ...
 $ Race.IsAnalyzeNormalPastAndFuture: logi  TRUE TRUE TRUE TRUE TRUE TRUE ...
 $ Race.IsAnalyzeNormalPast         : logi  TRUE TRUE TRUE TRUE TRUE TRUE ...
 $ Race.IsAnalyzeNormalFuture       : logi  FALSE FALSE FALSE FALSE FALSE FALSE ...
 $ Race.IsAnalyzeFullPastAndFuture  : logi  TRUE TRUE TRUE TRUE TRUE TRUE ...
 $ Race.IsAnalyzeFullPast           : logi  TRUE TRUE TRUE TRUE TRUE TRUE ...
 $ Race.IsAnalyzeFullFuture         : logi  FALSE FALSE FALSE FALSE FALSE FALSE ...
 $ Race.JyokenCd                    : Factor w/ 1 level "1": 1 1 1 1 1 1 1 1 1 1 ...
 $ Race.JyoType1Cd                  : Factor w/ 53 levels "3-06-3210-1-2",..: 2 2 2 2 2 2 2 2 2 1 ...
 $ Race.RaceType1Cd                 : Factor w/ 5 levels "3-1-E-3","3-1-H-3",..: 2 2 2 2 2 2 2 2 2 1 ...
 $ RaceHorse.RaceId                 : Factor w/ 213 levels "20200926-06-04-06-08",..: 2 2 2 2 2 2 2 2 2 3 ...
 $ RaceHorse.KettoNum               : Factor w/ 478 levels "2012104463","2015100852",..: 11 12 13 14 15 16 17 18 19 20 ...
 $ RaceHorse.IsHit1                 : num  0 0 1 0 0 0 0 0 0 0 ...
 $ RaceHorse.IsHit2                 : num  0 0 0 0 0 1 0 0 0 1 ...
 $ RaceHorse.IsHit3                 : num  0 0 0 0 1 0 0 0 0 0 ...
 $ RaceHorse.IsHit4                 : num  0 0 0 0 0 0 0 1 0 0 ...
 $ RaceHorse.IsHit5                 : num  0 0 0 1 0 0 0 0 0 0 ...
 $ RaceHorse.IsHit6                 : num  1 1 0 0 0 0 1 0 1 0 ...
 $ RaceHorse.IsValidRaceHorse       : logi  TRUE TRUE TRUE TRUE TRUE TRUE ...
 $ RaceHorse.TimeSdv                : num  -1.611 -1.43 0.779 0.295 0.416 ...
 $ RaceHorse.IsHitA                 : num  0 0 1 0 0 0 0 0 0 0 ...
 $ RaceHorse.IsHitB                 : num  0 0 1 0 0 1 0 0 0 1 ...
 $ RaceHorse.IsHitC                 : num  0 0 1 0 1 1 0 0 0 1 ...
 $ Jockey.TimeSdvByRaceAvg          : num  -0.548 0.218 -0.337 -0.103 -0.18 ...
 $ Jockey.TimeSdvByRaceMin          : num  -1.46 -1.35 -2 -1.06 -1.93 ...
 $ Jockey.TimeSdvByRaceMax          : num  1.041 1.201 0.973 0.544 1.044 ...
 $ Jockey.TimeSdvAvg                : num  0.325 0.546 0.192 0.151 0.102 ...
 $ Jockey.TimeSdvMin                : num  -0.563 -1.278 -0.957 -0.648 -2.081 ...
 $ Jockey.TimeSdvMax                : num  1.67 1.71 1.34 0.84 1.42 ...
 $ Jockey.OrderOfFinishSdvAvg       : num  -0.675 0.257 -0.252 0.107 0.245 ...
 $ Jockey.RunCount                  : num  6 7 18 8 13 18 14 14 14 19 ...
 $ Jockey.HitCount1                 : num  0 2 0 0 2 5 0 2 2 3 ...
 $ Jockey.HitCount2                 : num  1 0 1 0 1 8 0 2 1 0 ...
 $ Jockey.HitCount3                 : num  0 1 0 1 2 2 4 0 2 1 ...
 $ Jockey.HitCount4                 : num  0 0 1 2 2 2 0 4 0 1 ...
 $ Jockey.HitCount5                 : num  0 1 3 1 0 1 1 1 2 1 ...
 $ Jockey.HitRate1                  : num  0 0.286 0 0 0.154 ...
 $ Jockey.HitRate2                  : num  0.1667 0 0.0556 0 0.0769 ...
 $ Jockey.HitRate3                  : num  0 0.143 0 0.125 0.154 ...
 $ Jockey.HitRate4                  : num  0 0 0.0556 0.25 0.1538 ...
 $ Jockey.HitRate5                  : num  0 0.143 0.167 0.125 0 ...
 $ EOF                              : int  1 1 1 1 1 1 1 1 1 1 ...
NULL
[1] "2022-02-25 20:57:40 --- transform Finish ---"
[1] "2022-02-25 20:57:40 --- na.omit Start ---"
[1] "--------------------------------------------------------------------------------"
[1] "nrow(data) na.omit before=2516"
[1] "nrow(data) na.omit after =2399"
[1] "nrow(data) na.omit diff =117"
[1] "--------------------------------------------------------------------------------"
'data.frame':	2399 obs. of  43 variables:
 $ Race.RaceId                      : Factor w/ 213 levels "20200926-06-04-06-08",..: 2 2 2 2 2 2 2 2 2 3 ...
 $ Race.IsPredictedRace             : logi  TRUE TRUE TRUE TRUE TRUE TRUE ...
 $ Race.IsAnalyzeNormalPastAndFuture: logi  TRUE TRUE TRUE TRUE TRUE TRUE ...
 $ Race.IsAnalyzeNormalPast         : logi  TRUE TRUE TRUE TRUE TRUE TRUE ...
 $ Race.IsAnalyzeNormalFuture       : logi  FALSE FALSE FALSE FALSE FALSE FALSE ...
 $ Race.IsAnalyzeFullPastAndFuture  : logi  TRUE TRUE TRUE TRUE TRUE TRUE ...
 $ Race.IsAnalyzeFullPast           : logi  TRUE TRUE TRUE TRUE TRUE TRUE ...
 $ Race.IsAnalyzeFullFuture         : logi  FALSE FALSE FALSE FALSE FALSE FALSE ...
 $ Race.JyokenCd                    : Factor w/ 1 level "1": 1 1 1 1 1 1 1 1 1 1 ...
 $ Race.JyoType1Cd                  : Factor w/ 53 levels "3-06-3210-1-2",..: 2 2 2 2 2 2 2 2 2 1 ...
 $ Race.RaceType1Cd                 : Factor w/ 5 levels "3-1-E-3","3-1-H-3",..: 2 2 2 2 2 2 2 2 2 1 ...
 $ RaceHorse.RaceId                 : Factor w/ 213 levels "20200926-06-04-06-08",..: 2 2 2 2 2 2 2 2 2 3 ...
 $ RaceHorse.KettoNum               : Factor w/ 478 levels "2012104463","2015100852",..: 11 12 13 14 15 16 17 18 19 20 ...
 $ RaceHorse.IsHit1                 : num  0 0 1 0 0 0 0 0 0 0 ...
 $ RaceHorse.IsHit2                 : num  0 0 0 0 0 1 0 0 0 1 ...
 $ RaceHorse.IsHit3                 : num  0 0 0 0 1 0 0 0 0 0 ...
 $ RaceHorse.IsHit4                 : num  0 0 0 0 0 0 0 1 0 0 ...
 $ RaceHorse.IsHit5                 : num  0 0 0 1 0 0 0 0 0 0 ...
 $ RaceHorse.IsHit6                 : num  1 1 0 0 0 0 1 0 1 0 ...
 $ RaceHorse.IsValidRaceHorse       : logi  TRUE TRUE TRUE TRUE TRUE TRUE ...
 $ RaceHorse.TimeSdv                : num  -1.611 -1.43 0.779 0.295 0.416 ...
 $ RaceHorse.IsHitA                 : num  0 0 1 0 0 0 0 0 0 0 ...
 $ RaceHorse.IsHitB                 : num  0 0 1 0 0 1 0 0 0 1 ...
 $ RaceHorse.IsHitC                 : num  0 0 1 0 1 1 0 0 0 1 ...
 $ Jockey.TimeSdvByRaceAvg          : num  -0.548 0.218 -0.337 -0.103 -0.18 ...
 $ Jockey.TimeSdvByRaceMin          : num  -1.46 -1.35 -2 -1.06 -1.93 ...
 $ Jockey.TimeSdvByRaceMax          : num  1.041 1.201 0.973 0.544 1.044 ...
 $ Jockey.TimeSdvAvg                : num  0.325 0.546 0.192 0.151 0.102 ...
 $ Jockey.TimeSdvMin                : num  -0.563 -1.278 -0.957 -0.648 -2.081 ...
 $ Jockey.TimeSdvMax                : num  1.67 1.71 1.34 0.84 1.42 ...
 $ Jockey.OrderOfFinishSdvAvg       : num  -0.675 0.257 -0.252 0.107 0.245 ...
 $ Jockey.RunCount                  : num  6 7 18 8 13 18 14 14 14 19 ...
 $ Jockey.HitCount1                 : num  0 2 0 0 2 5 0 2 2 3 ...
 $ Jockey.HitCount2                 : num  1 0 1 0 1 8 0 2 1 0 ...
 $ Jockey.HitCount3                 : num  0 1 0 1 2 2 4 0 2 1 ...
 $ Jockey.HitCount4                 : num  0 0 1 2 2 2 0 4 0 1 ...
 $ Jockey.HitCount5                 : num  0 1 3 1 0 1 1 1 2 1 ...
 $ Jockey.HitRate1                  : num  0 0.286 0 0 0.154 ...
 $ Jockey.HitRate2                  : num  0.1667 0 0.0556 0 0.0769 ...
 $ Jockey.HitRate3                  : num  0 0.143 0 0.125 0.154 ...
 $ Jockey.HitRate4                  : num  0 0 0.0556 0.25 0.1538 ...
 $ Jockey.HitRate5                  : num  0 0.143 0.167 0.125 0 ...
 $ EOF                              : int  1 1 1 1 1 1 1 1 1 1 ...
 - attr(*, "na.action")= 'omit' Named int  35 51 57 68 80 83 91 94 100 126 ...
  ..- attr(*, "names")= chr  "35" "51" "57" "68" ...
[1] "2022-02-25 20:57:40 --- na.omit Finish ---"
[1] "2022-02-25 20:57:40 --- rxGlm with rxStepControl Start ---"

> print(paste0(Sys.time(), " --- source_logic_glm.R Start ---"))
[1] "2022-02-25 20:57:40 --- source_logic_glm.R Start ---"

> formula <- formula(RaceHorse.IsHitA ~ +1 + Jockey.TimeSdvAvg)

> print(paste0(Sys.time(), " --- source_logic_glm.R Finished ---"))
[1] "2022-02-25 20:57:40 --- source_logic_glm.R Finished ---"
Rows Read: 2399, Total Rows Processed: 2399, Total Chunk Time: 0.001 seconds 

Starting values (iteration 1) time: 0.006 secs.
Rows Read: 2399, Total Rows Processed: 2399, Total Chunk Time: 0.002 seconds 

Iteration 2 time: 0.005 secs.
Rows Read: 2399, Total Rows Processed: 2399, Total Chunk Time: 0.001 seconds 

Iteration 3 time: 0.006 secs.
Rows Read: 2399, Total Rows Processed: 2399, Total Chunk Time: 0.002 seconds 

Iteration 4 time: 0.004 secs.
Rows Read: 2399, Total Rows Processed: 2399, Total Chunk Time: 0.001 seconds 

Iteration 5 time: 0.005 secs.

Elapsed computation time: 0.046 secs.
Rows Read: 2399, Total Rows Processed: 2399, Total Chunk Time: Less than .001 seconds 

Starting values (iteration 1) time: 0.004 secs.
Rows Read: 2399, Total Rows Processed: 2399, Total Chunk Time: Less than .001 seconds 

Iteration 2 time: 0.006 secs.

Elapsed computation time: 0.022 secs.
Rows Read: 2399, Total Rows Processed: 2399, Total Chunk Time: Less than .001 seconds 

Starting values (iteration 1) time: 0.004 secs.
Rows Read: 2399, Total Rows Processed: 2399, Total Chunk Time: Less than .001 seconds 

Iteration 2 time: 0.007 secs.
Rows Read: 2399, Total Rows Processed: 2399, Total Chunk Time: 0.001 seconds 

Iteration 3 time: 0.004 secs.
Rows Read: 2399, Total Rows Processed: 2399, Total Chunk Time: Less than .001 seconds 

Iteration 4 time: 0.005 secs.
Rows Read: 2399, Total Rows Processed: 2399, Total Chunk Time: 0.002 seconds 

Iteration 5 time: 0.005 secs.

Elapsed computation time: 0.052 secs.

Elapsed computation time: 0.138 secs.
[1] "--------------------------------------------------------------------------------"
[1] "analyze.results.glm.step="
Logistic Regression Results for: RaceHorse.IsHitA ~ Jockey.TimeSdvAvg
Data: data
Dependent variable(s): RaceHorse.IsHitA
Total independent variables: 2 
Number of valid observations: 2399
Number of missing observations: 0 
 
Coefficients:
                  RaceHorse.IsHitA
(Intercept)                     -2
Jockey.TimeSdvAvg                1
[1] "analyze.results.glm.step.summary"
Call:
rxLogit(formula = formula, data = data, variableSelection = analyze.results.glm.step.varsel)

Logistic Regression Results for: RaceHorse.IsHitA ~ Jockey.TimeSdvAvg
Data: data
Dependent variable(s): RaceHorse.IsHitA
Total independent variables: 2 
Number of valid observations: 2399
Number of missing observations: 0 
-2*LogLikelihood: 1414.473 (Residual deviance on 2397 degrees of freedom)
 
Coefficients:
                  Estimate Std. Error z value Pr(>|z|)    
(Intercept)        -2.3864     0.0755  -31.61  2.2e-16 ***
Jockey.TimeSdvAvg   1.1039     0.2305    4.79  1.7e-06 ***
---
Signif. codes:  0 '***' 0.001 '**' 0.01 '*' 0.05 '.' 0.1 ' ' 1

Condition number of final variance-covariance matrix: 1 
Number of iterations: 5
[1] "--------------------------------------------------------------------------------"
[1] "2022-02-25 20:57:40 --- rxGlm with rxStepControl Finish ---"
[1] "2022-02-25 20:57:40 --- rxStepPlot Start ---"
[1] "pdfFilename=pdf_analyze_glm_Jockey_Type31_rxStepPlot.pdf"
[1] "rxStepPlot="
[1] "2022-02-25 20:57:40 --- rxStepPlot Finish ---"
[1] "2022-02-25 20:57:40 --- save.image Start ---"
[1] "save.image"
[1] "rdataFilename=RData_analyze_glm_Jockey_Type31.RData"
[1] "2022-02-25 20:57:40 --- save.image Finish ---"
[1] "2022-02-25 20:57:40 --- final Start ---"
[1] "--------------------------------------------------------------------------------"
[1] "nrow(data) final=2399"
[1] "--------------------------------------------------------------------------------"
[1] "2022-02-25 20:57:40 --- final Finish ---"
[1] "2022-02-25 20:57:40 --- analyze_glm.R Finished ---"
[1] "2022-02-25 20:57:40 --- log Finish ---"
