[1] "2022-02-25 20:24:28 --- D1115_analyze_glm_Gen02_IsHitA_Type22 Start ---"
[1] "2022-02-25 20:24:28 --- Log Start ---"
[1] "2022-02-25 20:24:28 --- analyze_glm.R Start ---"
[1] "analyzeVersion=D1115"
[1] "analyzeCategory=analyze"
[1] "analyzeType=Gen02"
[1] "analyzeFamily=IsHitA"
[1] "analyzeFunc=glm"
[1] "analyzeTrackTypeCd=2"
[1] "analyzeJyokenCd=2"
[1] "2022-02-25 20:24:29 --- source_function.R Start ---"
[1] "2022-02-25 20:24:34 --- source_function.R Finished ---"

> print(paste0(Sys.time(), " --- source_library.R Start ---"))
[1] "2022-02-25 20:24:49 --- source_library.R Start ---"

> require("RevoScaleR")

> print(paste0(Sys.time(), " --- source_library.R Finished ---"))
[1] "2022-02-25 20:25:26 --- source_library.R Finished ---"
[1] "2022-02-25 20:25:35 --- RxSqlServerData Start ---"
[1] "2022-02-25 20:25:42 --- RxInSqlServer Start ---"
[1] "2022-02-25 20:25:42 --- RxInSqlServer Finish ---"
[1] "2022-02-25 20:25:43 --- rxSetComputeContext Start ---"
[1] "2022-02-25 20:25:43 --- rxSetComputeContext Finish ---"
[1] "2022-02-25 20:25:43 --- RxSqlServerData Start ---"
[1] "sqlQuery=SELECT * FROM ViewAnalyzeD1115analyze01Gen02Type22"
[1] "2022-02-25 20:25:43 --- RxSqlServerData Finish ---"
[1] "2022-02-25 20:25:43 --- rxGetVarInfo Start ---"
[1] "2022-02-25 20:25:46 --- rxGetVarInfo Finish---"
[1] "2022-02-25 20:25:47 --- rxImport Start ---"
Rows Read: 4704, Total Rows Processed: 4704, Total Chunk Time: 66.455 seconds 
[1] "2022-02-25 20:28:02 --- rxImport Finish ---"
[1] "object.size(data) auto=1.5 Mb"
[1] "--------------------------------------------------------------------------------"
[1] "nrow(data) RxSqlServerData=4704"
[1] "--------------------------------------------------------------------------------"
[1] "str(data)="
'data.frame':	4704 obs. of  44 variables:
 $ Race.RaceId                      : Factor w/ 399 levels "20160105-08-01-01-09",..: 1 2 3 4 4 4 5 6 6 7 ...
 $ Race.IsPredictedRace             : logi  TRUE TRUE TRUE TRUE TRUE TRUE ...
 $ Race.IsAnalyzeNormalPastAndFuture: logi  TRUE TRUE TRUE TRUE TRUE TRUE ...
 $ Race.IsAnalyzeNormalPast         : logi  TRUE TRUE TRUE TRUE TRUE TRUE ...
 $ Race.IsAnalyzeNormalFuture       : logi  FALSE FALSE FALSE FALSE FALSE FALSE ...
 $ Race.IsAnalyzeFullPastAndFuture  : logi  TRUE TRUE TRUE TRUE TRUE TRUE ...
 $ Race.IsAnalyzeFullPast           : logi  TRUE TRUE TRUE TRUE TRUE TRUE ...
 $ Race.IsAnalyzeFullFuture         : logi  FALSE FALSE FALSE FALSE FALSE FALSE ...
 $ Race.JyokenCd                    : Factor w/ 1 level "2": 1 1 1 1 1 1 1 1 1 1 ...
 $ Race.JyoType1Cd                  : Factor w/ 71 levels "2-08-1900-2-1",..: 1 2 3 4 4 4 5 6 6 7 ...
 $ Race.RaceType1Cd                 : Factor w/ 2 levels "2-2-E-2","2-2-E-1": 1 1 2 1 1 1 1 1 1 1 ...
 $ RaceHorse.RaceId                 : Factor w/ 399 levels "20160105-08-01-01-09",..: 1 2 3 4 4 4 5 6 6 7 ...
 $ RaceHorse.KettoNum               : Factor w/ 945 levels "2011103479","2009102472",..: 1 3 4 5 1 6 7 6 9 10 ...
 $ RaceHorse.IsHit1                 : num  0 0 0 0 0 0 0 0 0 0 ...
 $ RaceHorse.IsHit2                 : num  0 0 0 0 0 0 0 0 0 0 ...
 $ RaceHorse.IsHit3                 : num  1 0 0 0 0 0 0 0 0 0 ...
 $ RaceHorse.IsHit4                 : num  0 0 0 1 0 0 0 0 0 0 ...
 $ RaceHorse.IsHit5                 : num  0 0 0 0 0 0 0 0 0 0 ...
 $ RaceHorse.IsHit6                 : num  0 1 1 0 1 1 1 1 1 1 ...
 $ RaceHorse.IsValidRaceHorse       : logi  TRUE TRUE TRUE TRUE TRUE TRUE ...
 $ RaceHorse.TimeSdv                : num  0.746 -0.0734 -0.5737 -0.0515 -0.1424 ...
 $ RaceHorse.IsHitA                 : num  0 0 0 0 0 0 0 0 0 0 ...
 $ RaceHorse.IsHitB                 : num  0 0 0 0 0 0 0 0 0 0 ...
 $ RaceHorse.IsHitC                 : num  1 0 0 0 0 0 0 0 0 0 ...
 $ Gen02.HansyokuNum                : Factor w/ 206 levels "11201954","11201953",..: 1 1 1 1 1 1 1 1 1 1 ...
 $ Gen02.TimeSdvByRaceAvg           : num  0.475 0.312 -0.388 -0.473 0.533 ...
 $ Gen02.TimeSdvByRaceMin           : num  0.2 -0.11 -1.69 -1.59 0.2 ...
 $ Gen02.TimeSdvByRaceMax           : num  0.71 0.879 0.619 0.647 0.879 ...
 $ Gen02.TimeSdvAvg                 : num  0.3935 0.0173 -0.3166 0.1595 0.4439 ...
 $ Gen02.TimeSdvMin                 : num  -0.975 -0.458 -1.034 -0.572 -0.975 ...
 $ Gen02.TimeSdvMax                 : num  1.311 0.29 0.398 0.89 1.311 ...
 $ Gen02.OrderOfFinishSdvAvg        : num  0.72 0.0278 -0.5765 -0.0491 0.7749 ...
 $ Gen02.RunCount                   : num  6 3 10 2 7 4 6 5 2 7 ...
 $ Gen02.HitCount1                  : num  0 0 0 0 0 1 0 1 0 0 ...
 $ Gen02.HitCount2                  : num  0 0 0 0 0 0 0 0 0 0 ...
 $ Gen02.HitCount3                  : num  0 0 0 0 1 0 1 0 0 0 ...
 $ Gen02.HitCount4                  : num  4 1 0 0 4 0 2 0 0 2 ...
 $ Gen02.HitCount5                  : num  1 0 1 1 1 2 0 2 0 0 ...
 $ Gen02.HitRate1                   : num  0 0 0 0 0 0.25 0 0.2 0 0 ...
 $ Gen02.HitRate2                   : num  0 0 0 0 0 0 0 0 0 0 ...
 $ Gen02.HitRate3                   : num  0 0 0 0 0.143 ...
 $ Gen02.HitRate4                   : num  0.667 0.333 0 0 0.571 ...
 $ Gen02.HitRate5                   : num  0.167 0 0.1 0.5 0.143 ...
 $ EOF                              : int  1 1 1 1 1 1 1 1 1 1 ...
[1] "2022-02-25 20:32:48 --- RxSqlServerData Finish ---"
[1] "2022-02-25 20:32:48 --- subset Start ---"
[1] "--------------------------------------------------------------------------------"
[1] "nrow(data) subset before=4704"
[1] "nrow(data) subset after =4704"
[1] "nrow(data) subset diff =0"
[1] "--------------------------------------------------------------------------------"
[1] "2022-02-25 20:32:49 --- subset Finish---"
[1] "2022-02-25 20:32:49 --- transform Start ---"
[1] "--------------------------------------------------------------------------------"
[1] "nrow(data) transform before=4704"
[1] "nrow(data) transform after=4704"
[1] "nrow(data) transform diff=0"
[1] "--------------------------------------------------------------------------------"
[1] "str(data)="
'data.frame':	4704 obs. of  44 variables:
 $ Race.RaceId                      : Factor w/ 399 levels "20160105-08-01-01-09",..: 1 2 3 4 4 4 5 6 6 7 ...
 $ Race.IsPredictedRace             : logi  TRUE TRUE TRUE TRUE TRUE TRUE ...
 $ Race.IsAnalyzeNormalPastAndFuture: logi  TRUE TRUE TRUE TRUE TRUE TRUE ...
 $ Race.IsAnalyzeNormalPast         : logi  TRUE TRUE TRUE TRUE TRUE TRUE ...
 $ Race.IsAnalyzeNormalFuture       : logi  FALSE FALSE FALSE FALSE FALSE FALSE ...
 $ Race.IsAnalyzeFullPastAndFuture  : logi  TRUE TRUE TRUE TRUE TRUE TRUE ...
 $ Race.IsAnalyzeFullPast           : logi  TRUE TRUE TRUE TRUE TRUE TRUE ...
 $ Race.IsAnalyzeFullFuture         : logi  FALSE FALSE FALSE FALSE FALSE FALSE ...
 $ Race.JyokenCd                    : Factor w/ 1 level "2": 1 1 1 1 1 1 1 1 1 1 ...
 $ Race.JyoType1Cd                  : Factor w/ 71 levels "2-08-1900-2-1",..: 1 2 3 4 4 4 5 6 6 7 ...
 $ Race.RaceType1Cd                 : Factor w/ 2 levels "2-2-E-2","2-2-E-1": 1 1 2 1 1 1 1 1 1 1 ...
 $ RaceHorse.RaceId                 : Factor w/ 399 levels "20160105-08-01-01-09",..: 1 2 3 4 4 4 5 6 6 7 ...
 $ RaceHorse.KettoNum               : Factor w/ 945 levels "2011103479","2009102472",..: 1 3 4 5 1 6 7 6 9 10 ...
 $ RaceHorse.IsHit1                 : num  0 0 0 0 0 0 0 0 0 0 ...
 $ RaceHorse.IsHit2                 : num  0 0 0 0 0 0 0 0 0 0 ...
 $ RaceHorse.IsHit3                 : num  1 0 0 0 0 0 0 0 0 0 ...
 $ RaceHorse.IsHit4                 : num  0 0 0 1 0 0 0 0 0 0 ...
 $ RaceHorse.IsHit5                 : num  0 0 0 0 0 0 0 0 0 0 ...
 $ RaceHorse.IsHit6                 : num  0 1 1 0 1 1 1 1 1 1 ...
 $ RaceHorse.IsValidRaceHorse       : logi  TRUE TRUE TRUE TRUE TRUE TRUE ...
 $ RaceHorse.TimeSdv                : num  0.746 -0.0734 -0.5737 -0.0515 -0.1424 ...
 $ RaceHorse.IsHitA                 : num  0 0 0 0 0 0 0 0 0 0 ...
 $ RaceHorse.IsHitB                 : num  0 0 0 0 0 0 0 0 0 0 ...
 $ RaceHorse.IsHitC                 : num  1 0 0 0 0 0 0 0 0 0 ...
 $ Gen02.HansyokuNum                : Factor w/ 206 levels "11201954","11201953",..: 1 1 1 1 1 1 1 1 1 1 ...
 $ Gen02.TimeSdvByRaceAvg           : num  0.475 0.312 -0.388 -0.473 0.533 ...
 $ Gen02.TimeSdvByRaceMin           : num  0.2 -0.11 -1.69 -1.59 0.2 ...
 $ Gen02.TimeSdvByRaceMax           : num  0.71 0.879 0.619 0.647 0.879 ...
 $ Gen02.TimeSdvAvg                 : num  0.3935 0.0173 -0.3166 0.1595 0.4439 ...
 $ Gen02.TimeSdvMin                 : num  -0.975 -0.458 -1.034 -0.572 -0.975 ...
 $ Gen02.TimeSdvMax                 : num  1.311 0.29 0.398 0.89 1.311 ...
 $ Gen02.OrderOfFinishSdvAvg        : num  0.72 0.0278 -0.5765 -0.0491 0.7749 ...
 $ Gen02.RunCount                   : num  6 3 10 2 7 4 6 5 2 7 ...
 $ Gen02.HitCount1                  : num  0 0 0 0 0 1 0 1 0 0 ...
 $ Gen02.HitCount2                  : num  0 0 0 0 0 0 0 0 0 0 ...
 $ Gen02.HitCount3                  : num  0 0 0 0 1 0 1 0 0 0 ...
 $ Gen02.HitCount4                  : num  4 1 0 0 4 0 2 0 0 2 ...
 $ Gen02.HitCount5                  : num  1 0 1 1 1 2 0 2 0 0 ...
 $ Gen02.HitRate1                   : num  0 0 0 0 0 0.25 0 0.2 0 0 ...
 $ Gen02.HitRate2                   : num  0 0 0 0 0 0 0 0 0 0 ...
 $ Gen02.HitRate3                   : num  0 0 0 0 0.143 ...
 $ Gen02.HitRate4                   : num  0.667 0.333 0 0 0.571 ...
 $ Gen02.HitRate5                   : num  0.167 0 0.1 0.5 0.143 ...
 $ EOF                              : int  1 1 1 1 1 1 1 1 1 1 ...
NULL
[1] "2022-02-25 20:32:57 --- transform Finish ---"
[1] "2022-02-25 20:32:57 --- na.omit Start ---"
[1] "--------------------------------------------------------------------------------"
[1] "nrow(data) na.omit before=4704"
[1] "nrow(data) na.omit after =4677"
[1] "nrow(data) na.omit diff =27"
[1] "--------------------------------------------------------------------------------"
'data.frame':	4677 obs. of  44 variables:
 $ Race.RaceId                      : Factor w/ 399 levels "20160105-08-01-01-09",..: 1 2 3 4 4 4 5 6 6 7 ...
 $ Race.IsPredictedRace             : logi  TRUE TRUE TRUE TRUE TRUE TRUE ...
 $ Race.IsAnalyzeNormalPastAndFuture: logi  TRUE TRUE TRUE TRUE TRUE TRUE ...
 $ Race.IsAnalyzeNormalPast         : logi  TRUE TRUE TRUE TRUE TRUE TRUE ...
 $ Race.IsAnalyzeNormalFuture       : logi  FALSE FALSE FALSE FALSE FALSE FALSE ...
 $ Race.IsAnalyzeFullPastAndFuture  : logi  TRUE TRUE TRUE TRUE TRUE TRUE ...
 $ Race.IsAnalyzeFullPast           : logi  TRUE TRUE TRUE TRUE TRUE TRUE ...
 $ Race.IsAnalyzeFullFuture         : logi  FALSE FALSE FALSE FALSE FALSE FALSE ...
 $ Race.JyokenCd                    : Factor w/ 1 level "2": 1 1 1 1 1 1 1 1 1 1 ...
 $ Race.JyoType1Cd                  : Factor w/ 71 levels "2-08-1900-2-1",..: 1 2 3 4 4 4 5 6 6 7 ...
 $ Race.RaceType1Cd                 : Factor w/ 2 levels "2-2-E-2","2-2-E-1": 1 1 2 1 1 1 1 1 1 1 ...
 $ RaceHorse.RaceId                 : Factor w/ 399 levels "20160105-08-01-01-09",..: 1 2 3 4 4 4 5 6 6 7 ...
 $ RaceHorse.KettoNum               : Factor w/ 945 levels "2011103479","2009102472",..: 1 3 4 5 1 6 7 6 9 10 ...
 $ RaceHorse.IsHit1                 : num  0 0 0 0 0 0 0 0 0 0 ...
 $ RaceHorse.IsHit2                 : num  0 0 0 0 0 0 0 0 0 0 ...
 $ RaceHorse.IsHit3                 : num  1 0 0 0 0 0 0 0 0 0 ...
 $ RaceHorse.IsHit4                 : num  0 0 0 1 0 0 0 0 0 0 ...
 $ RaceHorse.IsHit5                 : num  0 0 0 0 0 0 0 0 0 0 ...
 $ RaceHorse.IsHit6                 : num  0 1 1 0 1 1 1 1 1 1 ...
 $ RaceHorse.IsValidRaceHorse       : logi  TRUE TRUE TRUE TRUE TRUE TRUE ...
 $ RaceHorse.TimeSdv                : num  0.746 -0.0734 -0.5737 -0.0515 -0.1424 ...
 $ RaceHorse.IsHitA                 : num  0 0 0 0 0 0 0 0 0 0 ...
 $ RaceHorse.IsHitB                 : num  0 0 0 0 0 0 0 0 0 0 ...
 $ RaceHorse.IsHitC                 : num  1 0 0 0 0 0 0 0 0 0 ...
 $ Gen02.HansyokuNum                : Factor w/ 206 levels "11201954","11201953",..: 1 1 1 1 1 1 1 1 1 1 ...
 $ Gen02.TimeSdvByRaceAvg           : num  0.475 0.312 -0.388 -0.473 0.533 ...
 $ Gen02.TimeSdvByRaceMin           : num  0.2 -0.11 -1.69 -1.59 0.2 ...
 $ Gen02.TimeSdvByRaceMax           : num  0.71 0.879 0.619 0.647 0.879 ...
 $ Gen02.TimeSdvAvg                 : num  0.3935 0.0173 -0.3166 0.1595 0.4439 ...
 $ Gen02.TimeSdvMin                 : num  -0.975 -0.458 -1.034 -0.572 -0.975 ...
 $ Gen02.TimeSdvMax                 : num  1.311 0.29 0.398 0.89 1.311 ...
 $ Gen02.OrderOfFinishSdvAvg        : num  0.72 0.0278 -0.5765 -0.0491 0.7749 ...
 $ Gen02.RunCount                   : num  6 3 10 2 7 4 6 5 2 7 ...
 $ Gen02.HitCount1                  : num  0 0 0 0 0 1 0 1 0 0 ...
 $ Gen02.HitCount2                  : num  0 0 0 0 0 0 0 0 0 0 ...
 $ Gen02.HitCount3                  : num  0 0 0 0 1 0 1 0 0 0 ...
 $ Gen02.HitCount4                  : num  4 1 0 0 4 0 2 0 0 2 ...
 $ Gen02.HitCount5                  : num  1 0 1 1 1 2 0 2 0 0 ...
 $ Gen02.HitRate1                   : num  0 0 0 0 0 0.25 0 0.2 0 0 ...
 $ Gen02.HitRate2                   : num  0 0 0 0 0 0 0 0 0 0 ...
 $ Gen02.HitRate3                   : num  0 0 0 0 0.143 ...
 $ Gen02.HitRate4                   : num  0.667 0.333 0 0 0.571 ...
 $ Gen02.HitRate5                   : num  0.167 0 0.1 0.5 0.143 ...
 $ EOF                              : int  1 1 1 1 1 1 1 1 1 1 ...
 - attr(*, "na.action")= 'omit' Named int  56 108 261 430 438 468 1367 1386 2286 2328 ...
  ..- attr(*, "names")= chr  "56" "108" "261" "430" ...
[1] "2022-02-25 20:33:04 --- na.omit Finish ---"
[1] "2022-02-25 20:33:04 --- rxGlm with rxStepControl Start ---"

> print(paste0(Sys.time(), " --- source_logic_glm.R Start ---"))
[1] "2022-02-25 20:33:04 --- source_logic_glm.R Start ---"

> formula <- formula(RaceHorse.IsHitA ~ +1 + Gen02.TimeSdvAvg)

> print(paste0(Sys.time(), " --- source_logic_glm.R Finished ---"))
[1] "2022-02-25 20:33:05 --- source_logic_glm.R Finished ---"
Rows Read: 4677, Total Rows Processed: 4677, Total Chunk Time: Less than .001 seconds 

Starting values (iteration 1) time: 0.027 secs.
Rows Read: 4677, Total Rows Processed: 4677, Total Chunk Time: Less than .001 seconds 

Iteration 2 time: 0.099 secs.
Rows Read: 4677, Total Rows Processed: 4677, Total Chunk Time: Less than .001 seconds 

Iteration 3 time: 0.089 secs.
Rows Read: 4677, Total Rows Processed: 4677, Total Chunk Time: Less than .001 seconds 

Iteration 4 time: 0.073 secs.
Rows Read: 4677, Total Rows Processed: 4677, Total Chunk Time: 0.002 seconds 

Iteration 5 time: 0.088 secs.

Elapsed computation time: 0.860 secs.
Rows Read: 4677, Total Rows Processed: 4677, Total Chunk Time: 0.001 seconds 

Starting values (iteration 1) time: 0.082 secs.
Rows Read: 4677, Total Rows Processed: 4677, Total Chunk Time: 0.001 seconds 

Iteration 2 time: 0.188 secs.

Elapsed computation time: 0.476 secs.
Rows Read: 4677, Total Rows Processed: 4677, Total Chunk Time: Less than .001 seconds 

Starting values (iteration 1) time: 0.090 secs.
Rows Read: 4677, Total Rows Processed: 4677, Total Chunk Time: 0.002 seconds 

Iteration 2 time: 0.084 secs.
Rows Read: 4677, Total Rows Processed: 4677, Total Chunk Time: 0.002 seconds 

Iteration 3 time: 0.150 secs.
Rows Read: 4677, Total Rows Processed: 4677, Total Chunk Time: 0.001 seconds 

Iteration 4 time: 0.088 secs.
Rows Read: 4677, Total Rows Processed: 4677, Total Chunk Time: 0.002 seconds 

Iteration 5 time: 0.087 secs.

Elapsed computation time: 1.028 secs.

Elapsed computation time: 2.798 secs.
[1] "--------------------------------------------------------------------------------"
[1] "analyze.results.glm.step="
Logistic Regression Results for: RaceHorse.IsHitA ~ Gen02.TimeSdvAvg
Data: data
Dependent variable(s): RaceHorse.IsHitA
Total independent variables: 2 
Number of valid observations: 4677
Number of missing observations: 0 
 
Coefficients:
                 RaceHorse.IsHitA
(Intercept)                  -2.9
Gen02.TimeSdvAvg              0.9
[1] "analyze.results.glm.step.summary"
Call:
rxLogit(formula = formula, data = data, variableSelection = analyze.results.glm.step.varsel)

Logistic Regression Results for: RaceHorse.IsHitA ~ Gen02.TimeSdvAvg
Data: data
Dependent variable(s): RaceHorse.IsHitA
Total independent variables: 2 
Number of valid observations: 4677
Number of missing observations: 0 
-2*LogLikelihood: 2145.252 (Residual deviance on 4675 degrees of freedom)
 
Coefficients:
                 Estimate Std. Error z value Pr(>|z|)    
(Intercept)       -2.9225     0.0738  -39.58  2.2e-16 ***
Gen02.TimeSdvAvg   0.8773     0.1151    7.62  2.2e-16 ***
---
Signif. codes:  0 '***' 0.001 '**' 0.01 '*' 0.05 '.' 0.1 ' ' 1

Condition number of final variance-covariance matrix: 1 
Number of iterations: 5
[1] "--------------------------------------------------------------------------------"
[1] "2022-02-25 20:33:11 --- rxGlm with rxStepControl Finish ---"
[1] "2022-02-25 20:33:11 --- rxStepPlot Start ---"
[1] "pdfFilename=pdf_analyze_glm_Gen02_Type22_rxStepPlot.pdf"
[1] "rxStepPlot="
[1] "2022-02-25 20:33:11 --- rxStepPlot Finish ---"
[1] "2022-02-25 20:33:11 --- save.image Start ---"
[1] "save.image"
[1] "rdataFilename=RData_analyze_glm_Gen02_Type22.RData"
[1] "2022-02-25 20:33:11 --- save.image Finish ---"
[1] "2022-02-25 20:33:11 --- final Start ---"
[1] "--------------------------------------------------------------------------------"
[1] "nrow(data) final=4677"
[1] "--------------------------------------------------------------------------------"
[1] "2022-02-25 20:33:12 --- final Finish ---"
[1] "2022-02-25 20:33:12 --- analyze_glm.R Finished ---"
[1] "2022-02-25 20:33:12 --- log Finish ---"
