[1] "2022-02-25 20:27:14 --- D1115_analyze_glm_Odds_IsHitA_Type22 Start ---"
[1] "2022-02-25 20:27:21 --- Log Start ---"
[1] "2022-02-25 20:27:33 --- analyze_glm.R Start ---"
[1] "analyzeVersion=D1115"
[1] "analyzeCategory=analyze"
[1] "analyzeType=Odds"
[1] "analyzeFamily=IsHitA"
[1] "analyzeFunc=glm"
[1] "analyzeTrackTypeCd=2"
[1] "analyzeJyokenCd=2"
[1] "2022-02-25 20:27:54 --- source_function.R Start ---"
[1] "2022-02-25 20:27:57 --- source_function.R Finished ---"

> print(paste0(Sys.time(), " --- source_library.R Start ---"))
[1] "2022-02-25 20:28:17 --- source_library.R Start ---"

> require("RevoScaleR")

> print(paste0(Sys.time(), " --- source_library.R Finished ---"))
[1] "2022-02-25 20:29:06 --- source_library.R Finished ---"
[1] "2022-02-25 20:29:27 --- RxSqlServerData Start ---"
[1] "2022-02-25 20:29:37 --- RxInSqlServer Start ---"
[1] "2022-02-25 20:29:59 --- RxInSqlServer Finish ---"
[1] "2022-02-25 20:30:08 --- rxSetComputeContext Start ---"
[1] "2022-02-25 20:30:14 --- rxSetComputeContext Finish ---"
[1] "2022-02-25 20:30:14 --- RxSqlServerData Start ---"
[1] "sqlQuery=SELECT * FROM ViewAnalyzeD1115analyze01OddsType22"
[1] "2022-02-25 20:30:14 --- RxSqlServerData Finish ---"
[1] "2022-02-25 20:30:15 --- rxGetVarInfo Start ---"
[1] "2022-02-25 20:30:21 --- rxGetVarInfo Finish---"
[1] "2022-02-25 20:30:22 --- rxImport Start ---"
Rows Read: 5791, Total Rows Processed: 5791, Total Chunk Time: 1.198 seconds 
[1] "2022-02-25 20:30:37 --- rxImport Finish ---"
[1] "object.size(data) auto=1.2 Mb"
[1] "--------------------------------------------------------------------------------"
[1] "nrow(data) RxSqlServerData=5791"
[1] "--------------------------------------------------------------------------------"
[1] "str(data)="
'data.frame':	5791 obs. of  32 variables:
 $ Race.RaceId                      : Factor w/ 399 levels "20160105-08-01-01-09",..: 1 2 2 8 8 3 3 5 9 10 ...
 $ Race.IsPredictedRace             : logi  TRUE TRUE TRUE TRUE TRUE TRUE ...
 $ Race.IsAnalyzeNormalPastAndFuture: logi  TRUE TRUE TRUE TRUE TRUE TRUE ...
 $ Race.IsAnalyzeNormalPast         : logi  TRUE TRUE TRUE TRUE TRUE TRUE ...
 $ Race.IsAnalyzeNormalFuture       : logi  FALSE FALSE FALSE FALSE FALSE FALSE ...
 $ Race.IsAnalyzeFullPastAndFuture  : logi  TRUE TRUE TRUE TRUE TRUE TRUE ...
 $ Race.IsAnalyzeFullPast           : logi  TRUE TRUE TRUE TRUE TRUE TRUE ...
 $ Race.IsAnalyzeFullFuture         : logi  FALSE FALSE FALSE FALSE FALSE FALSE ...
 $ Race.JyokenCd                    : Factor w/ 1 level "2": 1 1 1 1 1 1 1 1 1 1 ...
 $ Race.JyoType1Cd                  : Factor w/ 71 levels "2-08-1900-2-1",..: 1 2 2 8 8 3 3 5 9 10 ...
 $ Race.RaceType1Cd                 : Factor w/ 2 levels "2-2-E-2","2-2-E-1": 1 1 1 2 2 2 2 1 2 2 ...
 $ RaceHorse.RaceId                 : Factor w/ 399 levels "20160105-08-01-01-09",..: 1 2 2 8 8 3 3 5 9 10 ...
 $ RaceHorse.KettoNum               : Factor w/ 1205 levels "2009106416","2010106474",..: 11 12 13 14 15 16 17 18 19 20 ...
 $ RaceHorse.IsHit1                 : num  0 0 0 0 0 0 0 1 0 0 ...
 $ RaceHorse.IsHit2                 : num  0 0 0 0 0 0 0 0 0 0 ...
 $ RaceHorse.IsHit3                 : num  0 0 0 0 0 0 0 0 0 0 ...
 $ RaceHorse.IsHit4                 : num  1 0 0 0 0 0 0 0 0 0 ...
 $ RaceHorse.IsHit5                 : num  0 1 0 0 0 0 0 0 0 0 ...
 $ RaceHorse.IsHit6                 : num  0 0 1 1 1 1 1 0 1 1 ...
 $ RaceHorse.IsValidRaceHorse       : logi  TRUE TRUE TRUE TRUE TRUE TRUE ...
 $ RaceHorse.TimeSdv                : num  0.6636 -0.0734 -0.7098 -1.0683 -1.4651 ...
 $ RaceHorse.IsHitA                 : num  0 0 0 0 0 0 0 1 0 0 ...
 $ RaceHorse.IsHitB                 : num  0 0 0 0 0 0 0 1 0 0 ...
 $ RaceHorse.IsHitC                 : num  0 0 0 0 0 0 0 1 0 0 ...
 $ OddsByWin.Odds1                  : num  36.1 15 13.5 33.5 130.1 ...
 $ OddsByWin.Ninki                  : num  8 8 7 7 12 11 15 3 10 9 ...
 $ OddsByWin.OddsLog1               : num  3.61 2.77 2.67 3.54 4.88 ...
 $ OddsByWin.OddsRatio1             : num  0.02849 0.07143 0.08 0.03077 0.00775 ...
 $ OddsByWin.OddsLogit1             : num  -3.59 -2.71 -2.6 -3.51 -4.87 ...
 $ OddsByWin.ApprovalRate1          : num  0.0277 0.06667 0.07407 0.02985 0.00769 ...
 $ OddsByWin.ApprovalRateLog1       : num  0.02732 0.06454 0.07146 0.02941 0.00766 ...
 $ EOF                              : int  1 1 1 1 1 1 1 1 1 1 ...
[1] "2022-02-25 20:32:47 --- RxSqlServerData Finish ---"
[1] "2022-02-25 20:32:47 --- subset Start ---"
[1] "--------------------------------------------------------------------------------"
[1] "nrow(data) subset before=5791"
[1] "nrow(data) subset after =5791"
[1] "nrow(data) subset diff =0"
[1] "--------------------------------------------------------------------------------"
[1] "2022-02-25 20:32:48 --- subset Finish---"
[1] "2022-02-25 20:32:49 --- transform Start ---"
[1] "--------------------------------------------------------------------------------"
[1] "nrow(data) transform before=5791"
[1] "nrow(data) transform after=5791"
[1] "nrow(data) transform diff=0"
[1] "--------------------------------------------------------------------------------"
[1] "str(data)="
'data.frame':	5791 obs. of  32 variables:
 $ Race.RaceId                      : Factor w/ 399 levels "20160105-08-01-01-09",..: 1 2 2 8 8 3 3 5 9 10 ...
 $ Race.IsPredictedRace             : logi  TRUE TRUE TRUE TRUE TRUE TRUE ...
 $ Race.IsAnalyzeNormalPastAndFuture: logi  TRUE TRUE TRUE TRUE TRUE TRUE ...
 $ Race.IsAnalyzeNormalPast         : logi  TRUE TRUE TRUE TRUE TRUE TRUE ...
 $ Race.IsAnalyzeNormalFuture       : logi  FALSE FALSE FALSE FALSE FALSE FALSE ...
 $ Race.IsAnalyzeFullPastAndFuture  : logi  TRUE TRUE TRUE TRUE TRUE TRUE ...
 $ Race.IsAnalyzeFullPast           : logi  TRUE TRUE TRUE TRUE TRUE TRUE ...
 $ Race.IsAnalyzeFullFuture         : logi  FALSE FALSE FALSE FALSE FALSE FALSE ...
 $ Race.JyokenCd                    : Factor w/ 1 level "2": 1 1 1 1 1 1 1 1 1 1 ...
 $ Race.JyoType1Cd                  : Factor w/ 71 levels "2-08-1900-2-1",..: 1 2 2 8 8 3 3 5 9 10 ...
 $ Race.RaceType1Cd                 : Factor w/ 2 levels "2-2-E-2","2-2-E-1": 1 1 1 2 2 2 2 1 2 2 ...
 $ RaceHorse.RaceId                 : Factor w/ 399 levels "20160105-08-01-01-09",..: 1 2 2 8 8 3 3 5 9 10 ...
 $ RaceHorse.KettoNum               : Factor w/ 1205 levels "2009106416","2010106474",..: 11 12 13 14 15 16 17 18 19 20 ...
 $ RaceHorse.IsHit1                 : num  0 0 0 0 0 0 0 1 0 0 ...
 $ RaceHorse.IsHit2                 : num  0 0 0 0 0 0 0 0 0 0 ...
 $ RaceHorse.IsHit3                 : num  0 0 0 0 0 0 0 0 0 0 ...
 $ RaceHorse.IsHit4                 : num  1 0 0 0 0 0 0 0 0 0 ...
 $ RaceHorse.IsHit5                 : num  0 1 0 0 0 0 0 0 0 0 ...
 $ RaceHorse.IsHit6                 : num  0 0 1 1 1 1 1 0 1 1 ...
 $ RaceHorse.IsValidRaceHorse       : logi  TRUE TRUE TRUE TRUE TRUE TRUE ...
 $ RaceHorse.TimeSdv                : num  0.6636 -0.0734 -0.7098 -1.0683 -1.4651 ...
 $ RaceHorse.IsHitA                 : num  0 0 0 0 0 0 0 1 0 0 ...
 $ RaceHorse.IsHitB                 : num  0 0 0 0 0 0 0 1 0 0 ...
 $ RaceHorse.IsHitC                 : num  0 0 0 0 0 0 0 1 0 0 ...
 $ OddsByWin.Odds1                  : num  36.1 15 13.5 33.5 130.1 ...
 $ OddsByWin.Ninki                  : num  8 8 7 7 12 11 15 3 10 9 ...
 $ OddsByWin.OddsLog1               : num  3.61 2.77 2.67 3.54 4.88 ...
 $ OddsByWin.OddsRatio1             : num  0.02849 0.07143 0.08 0.03077 0.00775 ...
 $ OddsByWin.OddsLogit1             : num  -3.59 -2.71 -2.6 -3.51 -4.87 ...
 $ OddsByWin.ApprovalRate1          : num  0.0277 0.06667 0.07407 0.02985 0.00769 ...
 $ OddsByWin.ApprovalRateLog1       : num  0.02732 0.06454 0.07146 0.02941 0.00766 ...
 $ EOF                              : int  1 1 1 1 1 1 1 1 1 1 ...
NULL
[1] "2022-02-25 20:32:55 --- transform Finish ---"
[1] "2022-02-25 20:32:55 --- na.omit Start ---"
[1] "--------------------------------------------------------------------------------"
[1] "nrow(data) na.omit before=5791"
[1] "nrow(data) na.omit after =5752"
[1] "nrow(data) na.omit diff =39"
[1] "--------------------------------------------------------------------------------"
'data.frame':	5752 obs. of  32 variables:
 $ Race.RaceId                      : Factor w/ 399 levels "20160105-08-01-01-09",..: 1 2 2 8 8 3 3 5 9 10 ...
 $ Race.IsPredictedRace             : logi  TRUE TRUE TRUE TRUE TRUE TRUE ...
 $ Race.IsAnalyzeNormalPastAndFuture: logi  TRUE TRUE TRUE TRUE TRUE TRUE ...
 $ Race.IsAnalyzeNormalPast         : logi  TRUE TRUE TRUE TRUE TRUE TRUE ...
 $ Race.IsAnalyzeNormalFuture       : logi  FALSE FALSE FALSE FALSE FALSE FALSE ...
 $ Race.IsAnalyzeFullPastAndFuture  : logi  TRUE TRUE TRUE TRUE TRUE TRUE ...
 $ Race.IsAnalyzeFullPast           : logi  TRUE TRUE TRUE TRUE TRUE TRUE ...
 $ Race.IsAnalyzeFullFuture         : logi  FALSE FALSE FALSE FALSE FALSE FALSE ...
 $ Race.JyokenCd                    : Factor w/ 1 level "2": 1 1 1 1 1 1 1 1 1 1 ...
 $ Race.JyoType1Cd                  : Factor w/ 71 levels "2-08-1900-2-1",..: 1 2 2 8 8 3 3 5 9 10 ...
 $ Race.RaceType1Cd                 : Factor w/ 2 levels "2-2-E-2","2-2-E-1": 1 1 1 2 2 2 2 1 2 2 ...
 $ RaceHorse.RaceId                 : Factor w/ 399 levels "20160105-08-01-01-09",..: 1 2 2 8 8 3 3 5 9 10 ...
 $ RaceHorse.KettoNum               : Factor w/ 1205 levels "2009106416","2010106474",..: 11 12 13 14 15 16 17 18 19 20 ...
 $ RaceHorse.IsHit1                 : num  0 0 0 0 0 0 0 1 0 0 ...
 $ RaceHorse.IsHit2                 : num  0 0 0 0 0 0 0 0 0 0 ...
 $ RaceHorse.IsHit3                 : num  0 0 0 0 0 0 0 0 0 0 ...
 $ RaceHorse.IsHit4                 : num  1 0 0 0 0 0 0 0 0 0 ...
 $ RaceHorse.IsHit5                 : num  0 1 0 0 0 0 0 0 0 0 ...
 $ RaceHorse.IsHit6                 : num  0 0 1 1 1 1 1 0 1 1 ...
 $ RaceHorse.IsValidRaceHorse       : logi  TRUE TRUE TRUE TRUE TRUE TRUE ...
 $ RaceHorse.TimeSdv                : num  0.6636 -0.0734 -0.7098 -1.0683 -1.4651 ...
 $ RaceHorse.IsHitA                 : num  0 0 0 0 0 0 0 1 0 0 ...
 $ RaceHorse.IsHitB                 : num  0 0 0 0 0 0 0 1 0 0 ...
 $ RaceHorse.IsHitC                 : num  0 0 0 0 0 0 0 1 0 0 ...
 $ OddsByWin.Odds1                  : num  36.1 15 13.5 33.5 130.1 ...
 $ OddsByWin.Ninki                  : num  8 8 7 7 12 11 15 3 10 9 ...
 $ OddsByWin.OddsLog1               : num  3.61 2.77 2.67 3.54 4.88 ...
 $ OddsByWin.OddsRatio1             : num  0.02849 0.07143 0.08 0.03077 0.00775 ...
 $ OddsByWin.OddsLogit1             : num  -3.59 -2.71 -2.6 -3.51 -4.87 ...
 $ OddsByWin.ApprovalRate1          : num  0.0277 0.06667 0.07407 0.02985 0.00769 ...
 $ OddsByWin.ApprovalRateLog1       : num  0.02732 0.06454 0.07146 0.02941 0.00766 ...
 $ EOF                              : int  1 1 1 1 1 1 1 1 1 1 ...
 - attr(*, "na.action")= 'omit' Named int  543 562 588 1089 1108 1112 1239 1464 1473 1511 ...
  ..- attr(*, "names")= chr  "543" "562" "588" "1089" ...
[1] "2022-02-25 20:33:00 --- na.omit Finish ---"
[1] "2022-02-25 20:33:00 --- rxGlm with rxStepControl Start ---"

> print(paste0(Sys.time(), " --- source_logic_glm.R Start ---"))
[1] "2022-02-25 20:33:01 --- source_logic_glm.R Start ---"

> formula <- formula(RaceHorse.IsHitA ~ +1 + OddsByWin.OddsLogit1)

> print(paste0(Sys.time(), " --- source_logic_glm.R Finished ---"))
[1] "2022-02-25 20:33:01 --- source_logic_glm.R Finished ---"
Rows Read: 5752, Total Rows Processed: 5752, Total Chunk Time: 0.001 seconds 

Starting values (iteration 1) time: 0.013 secs.
Rows Read: 5752, Total Rows Processed: 5752, Total Chunk Time: 0.002 seconds 

Iteration 2 time: 0.208 secs.
Rows Read: 5752, Total Rows Processed: 5752, Total Chunk Time: 0.002 seconds 

Iteration 3 time: 0.215 secs.
Rows Read: 5752, Total Rows Processed: 5752, Total Chunk Time: 0.001 seconds 

Iteration 4 time: 0.204 secs.
Rows Read: 5752, Total Rows Processed: 5752, Total Chunk Time: Less than .001 seconds 

Iteration 5 time: 0.204 secs.
Rows Read: 5752, Total Rows Processed: 5752, Total Chunk Time: 0.001 seconds 

Iteration 6 time: 0.085 secs.

Elapsed computation time: 1.628 secs.
Rows Read: 5752, Total Rows Processed: 5752, Total Chunk Time: Less than .001 seconds 

Starting values (iteration 1) time: 0.119 secs.
Rows Read: 5752, Total Rows Processed: 5752, Total Chunk Time: 0.001 seconds 

Iteration 2 time: 0.107 secs.

Elapsed computation time: 0.460 secs.
Rows Read: 5752, Total Rows Processed: 5752, Total Chunk Time: 0.002 seconds 

Starting values (iteration 1) time: 0.250 secs.
Rows Read: 5752, Total Rows Processed: 5752, Total Chunk Time: 0.002 seconds 

Iteration 2 time: 0.084 secs.
Rows Read: 5752, Total Rows Processed: 5752, Total Chunk Time: 0.002 seconds 

Iteration 3 time: 0.168 secs.
Rows Read: 5752, Total Rows Processed: 5752, Total Chunk Time: 0.002 seconds 

Iteration 4 time: 0.186 secs.
Rows Read: 5752, Total Rows Processed: 5752, Total Chunk Time: 0.001 seconds 

Iteration 5 time: 0.100 secs.
Rows Read: 5752, Total Rows Processed: 5752, Total Chunk Time: 0.001 seconds 

Iteration 6 time: 0.162 secs.

Elapsed computation time: 1.634 secs.

Elapsed computation time: 4.201 secs.
[1] "--------------------------------------------------------------------------------"
[1] "analyze.results.glm.step="
Logistic Regression Results for: RaceHorse.IsHitA ~
    OddsByWin.OddsLogit1
Data: data
Dependent variable(s): RaceHorse.IsHitA
Total independent variables: 2 
Number of valid observations: 5752
Number of missing observations: 0 
 
Coefficients:
                     RaceHorse.IsHitA
(Intercept)                       0.3
OddsByWin.OddsLogit1              1.2
[1] "analyze.results.glm.step.summary"
Call:
rxLogit(formula = formula, data = data, variableSelection = analyze.results.glm.step.varsel)

Logistic Regression Results for: RaceHorse.IsHitA ~
    OddsByWin.OddsLogit1
Data: data
Dependent variable(s): RaceHorse.IsHitA
Total independent variables: 2 
Number of valid observations: 5752
Number of missing observations: 0 
-2*LogLikelihood: 2361.254 (Residual deviance on 5750 degrees of freedom)
 
Coefficients:
                     Estimate Std. Error z value Pr(>|z|)    
(Intercept)            0.3127     0.1306    2.39    0.017 *  
OddsByWin.OddsLogit1   1.1820     0.0612   19.31  2.2e-16 ***
---
Signif. codes:  0 '***' 0.001 '**' 0.01 '*' 0.05 '.' 0.1 ' ' 1

Condition number of final variance-covariance matrix: 1 
Number of iterations: 6
[1] "--------------------------------------------------------------------------------"
[1] "2022-02-25 20:33:09 --- rxGlm with rxStepControl Finish ---"
[1] "2022-02-25 20:33:09 --- rxStepPlot Start ---"
[1] "pdfFilename=pdf_analyze_glm_Odds_Type22_rxStepPlot.pdf"
[1] "rxStepPlot="
[1] "2022-02-25 20:33:09 --- rxStepPlot Finish ---"
[1] "2022-02-25 20:33:09 --- save.image Start ---"
[1] "save.image"
[1] "rdataFilename=RData_analyze_glm_Odds_Type22.RData"
[1] "2022-02-25 20:33:10 --- save.image Finish ---"
[1] "2022-02-25 20:33:10 --- final Start ---"
[1] "--------------------------------------------------------------------------------"
[1] "nrow(data) final=5752"
[1] "--------------------------------------------------------------------------------"
[1] "2022-02-25 20:33:10 --- final Finish ---"
[1] "2022-02-25 20:33:10 --- analyze_glm.R Finished ---"
[1] "2022-02-25 20:33:10 --- log Finish ---"
