[1] "2022-03-08 18:55:03 --- D1115_analyze_glm_Horse_IsHitA_Type35 Start ---"
[1] "2022-03-08 18:55:03 --- Log Start ---"
[1] "2022-03-08 18:55:03 --- analyze_glm.R Start ---"
[1] "analyzeVersion=D1115"
[1] "analyzeCategory=analyze"
[1] "analyzeType=Horse"
[1] "analyzeFamily=IsHitA"
[1] "analyzeFunc=glm"
[1] "analyzeTrackTypeCd=3"
[1] "analyzeJyokenCd=5"
[1] "2022-03-08 18:55:03 --- source_function.R Start ---"
[1] "2022-03-08 18:55:03 --- source_function.R Finished ---"

> print(paste0(Sys.time(), " --- source_library.R Start ---"))
[1] "2022-03-08 18:55:04 --- source_library.R Start ---"

> require("RevoScaleR")

> print(paste0(Sys.time(), " --- source_library.R Finished ---"))
[1] "2022-03-08 18:55:04 --- source_library.R Finished ---"
[1] "2022-03-08 18:55:04 --- RxSqlServerData Start ---"
[1] "2022-03-08 18:55:04 --- RxInSqlServer Start ---"
[1] "2022-03-08 18:55:04 --- RxInSqlServer Finish ---"
[1] "2022-03-08 18:55:04 --- rxSetComputeContext Start ---"
[1] "2022-03-08 18:55:04 --- rxSetComputeContext Finish ---"
[1] "2022-03-08 18:55:04 --- RxSqlServerData Start ---"
[1] "sqlQuery=SELECT * FROM ViewAnalyzeD1115analyze01HorseType35"
[1] "2022-03-08 18:55:04 --- RxSqlServerData Finish ---"
[1] "2022-03-08 18:55:04 --- rxGetVarInfo Start ---"
[1] "2022-03-08 18:55:06 --- rxGetVarInfo Finish---"
[1] "2022-03-08 18:55:06 --- rxImport Start ---"
Rows Read: 5306, Total Rows Processed: 5306, Total Chunk Time: 0.516 seconds 
[1] "2022-03-08 18:55:11 --- rxImport Finish ---"
[1] "object.size(data) auto=1.9 Mb"
[1] "--------------------------------------------------------------------------------"
[1] "nrow(data) RxSqlServerData=5306"
[1] "--------------------------------------------------------------------------------"
[1] "str(data)="
'data.frame':	5306 obs. of  48 variables:
 $ Race.RaceId                      : Factor w/ 419 levels "20181028-04-03-06-04",..: 11 12 13 14 7 15 16 17 18 19 ...
 $ Race.IsAnalyzeNormalPastAndFuture: logi  TRUE TRUE TRUE TRUE TRUE TRUE ...
 $ Race.IsAnalyzeNormalPast         : logi  TRUE TRUE TRUE TRUE TRUE TRUE ...
 $ Race.IsAnalyzeNormalFuture       : logi  FALSE FALSE FALSE FALSE FALSE FALSE ...
 $ Race.IsAnalyzeFullPastAndFuture  : logi  TRUE TRUE TRUE TRUE TRUE TRUE ...
 $ Race.IsAnalyzeFullPast           : logi  TRUE TRUE TRUE TRUE TRUE TRUE ...
 $ Race.IsAnalyzeFullFuture         : logi  FALSE FALSE FALSE FALSE FALSE FALSE ...
 $ Race.JyokenCd                    : Factor w/ 1 level "5": 1 1 1 1 1 1 1 1 1 1 ...
 $ Race.JyoType1Cd                  : Factor w/ 34 levels "56-04-2850-2",..: 6 7 3 7 3 8 9 10 8 6 ...
 $ Race.RaceType1Cd                 : Factor w/ 2 levels "3-5-18","3-5-19": 2 1 2 1 1 1 1 1 1 2 ...
 $ RaceHorse.RaceId                 : Factor w/ 419 levels "20181028-04-03-06-04",..: 11 12 13 14 7 15 16 17 18 19 ...
 $ RaceHorse.KettoNum               : Factor w/ 1601 levels "2011103567","2011106181",..: 10 11 12 13 14 15 16 17 6 18 ...
 $ RaceHorse.IsHit1                 : num  0 0 1 0 0 0 1 0 0 0 ...
 $ RaceHorse.IsHit2                 : num  0 0 0 0 0 0 0 0 0 0 ...
 $ RaceHorse.IsHit3                 : num  0 0 0 0 0 0 0 0 0 0 ...
 $ RaceHorse.IsHit4                 : num  0 0 0 0 0 0 0 0 0 0 ...
 $ RaceHorse.IsHit5                 : num  0 1 0 0 0 0 0 0 0 0 ...
 $ RaceHorse.IsHit6                 : num  1 0 0 1 1 0 0 1 1 1 ...
 $ RaceHorse.IsValidRaceHorse       : logi  TRUE TRUE TRUE TRUE TRUE FALSE ...
 $ RaceHorse.FinishTimeSdvByRace    : num  -0.517 0.462 0.668 -1.255 -1.81 ...
 $ RaceHorse.FirstTimeSdvByRace     : num  -0.48 0.407 0.671 -1.258 -1.84 ...
 $ RaceHorse.LastTimeSdvByRace      : num  -0.651 0.667 0.652 -1.221 -1.671 ...
 $ RaceHorse.FinishTimeSdv          : num  0.125 -0.634 -0.268 0.105 -1.194 ...
 $ RaceHorse.FirstTimeSdv           : num  0.122 -0.645 -0.266 0.106 -1.23 ...
 $ RaceHorse.LastTimeSdv            : num  0.134 -0.583 -0.271 0.101 -1.04 ...
 $ RaceHorse.IsHitA                 : num  0 0 1 0 0 0 1 0 0 0 ...
 $ RaceHorse.IsHitB                 : num  0 0 1 0 0 0 1 0 0 0 ...
 $ RaceHorse.IsHitC                 : num  0 0 1 0 0 0 1 0 0 0 ...
 $ Horse.KettoNum                   : Factor w/ 1601 levels "2011103567","2011106181",..: 10 11 12 13 14 15 16 17 6 18 ...
 $ Horse.FinishTimeSdvByRaceAvg     : num  -0.5067 0.0673 -0.1241 0.4601 0.0834 ...
 $ Horse.FirstTimeSdvByRaceAvg      : num  -0.106 -1.137 -0.452 0.38 1.023 ...
 $ Horse.LastTimeSdvByRaceAvg       : num  -0.5875 0.7625 0.0358 0.3815 -0.6061 ...
 $ Horse.FinishTimeSdvAvg           : num  -0.2151 -0.0836 -0.5304 0.1571 0.1919 ...
 $ Horse.FirstTimeSdvAvg            : num  0.1946 -0.5165 -0.4164 -0.0292 0.6777 ...
 $ Horse.LastTimeSdvAvg             : num  -0.477 0.233 -0.281 0.239 -0.278 ...
 $ Horse.RealOddsLog1Avg            : num  4.33 4.37 5.56 2.72 3.59 ...
 $ Horse.RunCount                   : num  14 13 11 19 31 17 41 34 6 19 ...
 $ Horse.HitCount1                  : num  1 0 0 1 2 1 3 2 0 1 ...
 $ Horse.HitCount2                  : num  0 0 0 3 1 0 5 3 0 1 ...
 $ Horse.HitCount3                  : num  0 1 0 3 2 2 4 2 1 2 ...
 $ Horse.HitCount4                  : num  1 1 0 1 3 1 6 5 0 5 ...
 $ Horse.HitCount5                  : num  0 2 0 5 4 3 4 3 0 1 ...
 $ Horse.HitRate1                   : num  0.0714 0 0 0.0526 0.0645 ...
 $ Horse.HitRate2                   : num  0 0 0 0.1579 0.0323 ...
 $ Horse.HitRate3                   : num  0 0.0769 0 0.1579 0.0645 ...
 $ Horse.HitRate4                   : num  0.0714 0.0769 0 0.0526 0.0968 ...
 $ Horse.HitRate5                   : num  0 0.154 0 0.263 0.129 ...
 $ EOF                              : int  1 1 1 1 1 1 1 1 1 1 ...
[1] "2022-03-08 18:55:12 --- RxSqlServerData Finish ---"
[1] "2022-03-08 18:55:12 --- subset Start ---"
[1] "--------------------------------------------------------------------------------"
[1] "nrow(data) subset before=5306"
[1] "nrow(data) subset after =5306"
[1] "nrow(data) subset diff =0"
[1] "--------------------------------------------------------------------------------"
[1] "2022-03-08 18:55:12 --- subset Finish---"
[1] "2022-03-08 18:55:12 --- transform Start ---"
[1] "--------------------------------------------------------------------------------"
[1] "nrow(data) transform before=5306"
[1] "nrow(data) transform after=5306"
[1] "nrow(data) transform diff=0"
[1] "--------------------------------------------------------------------------------"
[1] "str(data)="
'data.frame':	5306 obs. of  48 variables:
 $ Race.RaceId                      : Factor w/ 419 levels "20181028-04-03-06-04",..: 11 12 13 14 7 15 16 17 18 19 ...
 $ Race.IsAnalyzeNormalPastAndFuture: logi  TRUE TRUE TRUE TRUE TRUE TRUE ...
 $ Race.IsAnalyzeNormalPast         : logi  TRUE TRUE TRUE TRUE TRUE TRUE ...
 $ Race.IsAnalyzeNormalFuture       : logi  FALSE FALSE FALSE FALSE FALSE FALSE ...
 $ Race.IsAnalyzeFullPastAndFuture  : logi  TRUE TRUE TRUE TRUE TRUE TRUE ...
 $ Race.IsAnalyzeFullPast           : logi  TRUE TRUE TRUE TRUE TRUE TRUE ...
 $ Race.IsAnalyzeFullFuture         : logi  FALSE FALSE FALSE FALSE FALSE FALSE ...
 $ Race.JyokenCd                    : Factor w/ 1 level "5": 1 1 1 1 1 1 1 1 1 1 ...
 $ Race.JyoType1Cd                  : Factor w/ 34 levels "56-04-2850-2",..: 6 7 3 7 3 8 9 10 8 6 ...
 $ Race.RaceType1Cd                 : Factor w/ 2 levels "3-5-18","3-5-19": 2 1 2 1 1 1 1 1 1 2 ...
 $ RaceHorse.RaceId                 : Factor w/ 419 levels "20181028-04-03-06-04",..: 11 12 13 14 7 15 16 17 18 19 ...
 $ RaceHorse.KettoNum               : Factor w/ 1601 levels "2011103567","2011106181",..: 10 11 12 13 14 15 16 17 6 18 ...
 $ RaceHorse.IsHit1                 : num  0 0 1 0 0 0 1 0 0 0 ...
 $ RaceHorse.IsHit2                 : num  0 0 0 0 0 0 0 0 0 0 ...
 $ RaceHorse.IsHit3                 : num  0 0 0 0 0 0 0 0 0 0 ...
 $ RaceHorse.IsHit4                 : num  0 0 0 0 0 0 0 0 0 0 ...
 $ RaceHorse.IsHit5                 : num  0 1 0 0 0 0 0 0 0 0 ...
 $ RaceHorse.IsHit6                 : num  1 0 0 1 1 0 0 1 1 1 ...
 $ RaceHorse.IsValidRaceHorse       : logi  TRUE TRUE TRUE TRUE TRUE FALSE ...
 $ RaceHorse.FinishTimeSdvByRace    : num  -0.517 0.462 0.668 -1.255 -1.81 ...
 $ RaceHorse.FirstTimeSdvByRace     : num  -0.48 0.407 0.671 -1.258 -1.84 ...
 $ RaceHorse.LastTimeSdvByRace      : num  -0.651 0.667 0.652 -1.221 -1.671 ...
 $ RaceHorse.FinishTimeSdv          : num  0.125 -0.634 -0.268 0.105 -1.194 ...
 $ RaceHorse.FirstTimeSdv           : num  0.122 -0.645 -0.266 0.106 -1.23 ...
 $ RaceHorse.LastTimeSdv            : num  0.134 -0.583 -0.271 0.101 -1.04 ...
 $ RaceHorse.IsHitA                 : num  0 0 1 0 0 0 1 0 0 0 ...
 $ RaceHorse.IsHitB                 : num  0 0 1 0 0 0 1 0 0 0 ...
 $ RaceHorse.IsHitC                 : num  0 0 1 0 0 0 1 0 0 0 ...
 $ Horse.KettoNum                   : Factor w/ 1601 levels "2011103567","2011106181",..: 10 11 12 13 14 15 16 17 6 18 ...
 $ Horse.FinishTimeSdvByRaceAvg     : num  -0.5067 0.0673 -0.1241 0.4601 0.0834 ...
 $ Horse.FirstTimeSdvByRaceAvg      : num  -0.106 -1.137 -0.452 0.38 1.023 ...
 $ Horse.LastTimeSdvByRaceAvg       : num  -0.5875 0.7625 0.0358 0.3815 -0.6061 ...
 $ Horse.FinishTimeSdvAvg           : num  -0.2151 -0.0836 -0.5304 0.1571 0.1919 ...
 $ Horse.FirstTimeSdvAvg            : num  0.1946 -0.5165 -0.4164 -0.0292 0.6777 ...
 $ Horse.LastTimeSdvAvg             : num  -0.477 0.233 -0.281 0.239 -0.278 ...
 $ Horse.RealOddsLog1Avg            : num  4.33 4.37 5.56 2.72 3.59 ...
 $ Horse.RunCount                   : num  14 13 11 19 31 17 41 34 6 19 ...
 $ Horse.HitCount1                  : num  1 0 0 1 2 1 3 2 0 1 ...
 $ Horse.HitCount2                  : num  0 0 0 3 1 0 5 3 0 1 ...
 $ Horse.HitCount3                  : num  0 1 0 3 2 2 4 2 1 2 ...
 $ Horse.HitCount4                  : num  1 1 0 1 3 1 6 5 0 5 ...
 $ Horse.HitCount5                  : num  0 2 0 5 4 3 4 3 0 1 ...
 $ Horse.HitRate1                   : num  0.0714 0 0 0.0526 0.0645 ...
 $ Horse.HitRate2                   : num  0 0 0 0.1579 0.0323 ...
 $ Horse.HitRate3                   : num  0 0.0769 0 0.1579 0.0645 ...
 $ Horse.HitRate4                   : num  0.0714 0.0769 0 0.0526 0.0968 ...
 $ Horse.HitRate5                   : num  0 0.154 0 0.263 0.129 ...
 $ EOF                              : int  1 1 1 1 1 1 1 1 1 1 ...
NULL
[1] "2022-03-08 18:55:13 --- transform Finish ---"
[1] "2022-03-08 18:55:13 --- na.omit Start ---"
[1] "--------------------------------------------------------------------------------"
[1] "nrow(data) na.omit before=5306"
[1] "nrow(data) na.omit after =5031"
[1] "nrow(data) na.omit diff =275"
[1] "--------------------------------------------------------------------------------"
'data.frame':	5031 obs. of  48 variables:
 $ Race.RaceId                      : Factor w/ 419 levels "20181028-04-03-06-04",..: 11 12 13 14 7 16 17 18 19 20 ...
 $ Race.IsAnalyzeNormalPastAndFuture: logi  TRUE TRUE TRUE TRUE TRUE TRUE ...
 $ Race.IsAnalyzeNormalPast         : logi  TRUE TRUE TRUE TRUE TRUE TRUE ...
 $ Race.IsAnalyzeNormalFuture       : logi  FALSE FALSE FALSE FALSE FALSE FALSE ...
 $ Race.IsAnalyzeFullPastAndFuture  : logi  TRUE TRUE TRUE TRUE TRUE TRUE ...
 $ Race.IsAnalyzeFullPast           : logi  TRUE TRUE TRUE TRUE TRUE TRUE ...
 $ Race.IsAnalyzeFullFuture         : logi  FALSE FALSE FALSE FALSE FALSE FALSE ...
 $ Race.JyokenCd                    : Factor w/ 1 level "5": 1 1 1 1 1 1 1 1 1 1 ...
 $ Race.JyoType1Cd                  : Factor w/ 34 levels "56-04-2850-2",..: 6 7 3 7 3 9 10 8 6 11 ...
 $ Race.RaceType1Cd                 : Factor w/ 2 levels "3-5-18","3-5-19": 2 1 2 1 1 1 1 1 2 2 ...
 $ RaceHorse.RaceId                 : Factor w/ 419 levels "20181028-04-03-06-04",..: 11 12 13 14 7 16 17 18 19 20 ...
 $ RaceHorse.KettoNum               : Factor w/ 1601 levels "2011103567","2011106181",..: 10 11 12 13 14 16 17 6 18 19 ...
 $ RaceHorse.IsHit1                 : num  0 0 1 0 0 1 0 0 0 0 ...
 $ RaceHorse.IsHit2                 : num  0 0 0 0 0 0 0 0 0 1 ...
 $ RaceHorse.IsHit3                 : num  0 0 0 0 0 0 0 0 0 0 ...
 $ RaceHorse.IsHit4                 : num  0 0 0 0 0 0 0 0 0 0 ...
 $ RaceHorse.IsHit5                 : num  0 1 0 0 0 0 0 0 0 0 ...
 $ RaceHorse.IsHit6                 : num  1 0 0 1 1 0 1 1 1 0 ...
 $ RaceHorse.IsValidRaceHorse       : logi  TRUE TRUE TRUE TRUE TRUE TRUE ...
 $ RaceHorse.FinishTimeSdvByRace    : num  -0.517 0.462 0.668 -1.255 -1.81 ...
 $ RaceHorse.FirstTimeSdvByRace     : num  -0.48 0.407 0.671 -1.258 -1.84 ...
 $ RaceHorse.LastTimeSdvByRace      : num  -0.651 0.667 0.652 -1.221 -1.671 ...
 $ RaceHorse.FinishTimeSdv          : num  0.125 -0.634 -0.268 0.105 -1.194 ...
 $ RaceHorse.FirstTimeSdv           : num  0.122 -0.645 -0.266 0.106 -1.23 ...
 $ RaceHorse.LastTimeSdv            : num  0.134 -0.583 -0.271 0.101 -1.04 ...
 $ RaceHorse.IsHitA                 : num  0 0 1 0 0 1 0 0 0 0 ...
 $ RaceHorse.IsHitB                 : num  0 0 1 0 0 1 0 0 0 1 ...
 $ RaceHorse.IsHitC                 : num  0 0 1 0 0 1 0 0 0 1 ...
 $ Horse.KettoNum                   : Factor w/ 1601 levels "2011103567","2011106181",..: 10 11 12 13 14 16 17 6 18 19 ...
 $ Horse.FinishTimeSdvByRaceAvg     : num  -0.5067 0.0673 -0.1241 0.4601 0.0834 ...
 $ Horse.FirstTimeSdvByRaceAvg      : num  -0.106 -1.137 -0.452 0.38 1.023 ...
 $ Horse.LastTimeSdvByRaceAvg       : num  -0.5875 0.7625 0.0358 0.3815 -0.6061 ...
 $ Horse.FinishTimeSdvAvg           : num  -0.2151 -0.0836 -0.5304 0.1571 0.1919 ...
 $ Horse.FirstTimeSdvAvg            : num  0.1946 -0.5165 -0.4164 -0.0292 0.6777 ...
 $ Horse.LastTimeSdvAvg             : num  -0.477 0.233 -0.281 0.239 -0.278 ...
 $ Horse.RealOddsLog1Avg            : num  4.33 4.37 5.56 2.72 3.59 ...
 $ Horse.RunCount                   : num  14 13 11 19 31 41 34 6 19 40 ...
 $ Horse.HitCount1                  : num  1 0 0 1 2 3 2 0 1 3 ...
 $ Horse.HitCount2                  : num  0 0 0 3 1 5 3 0 1 2 ...
 $ Horse.HitCount3                  : num  0 1 0 3 2 4 2 1 2 2 ...
 $ Horse.HitCount4                  : num  1 1 0 1 3 6 5 0 5 6 ...
 $ Horse.HitCount5                  : num  0 2 0 5 4 4 3 0 1 10 ...
 $ Horse.HitRate1                   : num  0.0714 0 0 0.0526 0.0645 ...
 $ Horse.HitRate2                   : num  0 0 0 0.1579 0.0323 ...
 $ Horse.HitRate3                   : num  0 0.0769 0 0.1579 0.0645 ...
 $ Horse.HitRate4                   : num  0.0714 0.0769 0 0.0526 0.0968 ...
 $ Horse.HitRate5                   : num  0 0.154 0 0.263 0.129 ...
 $ EOF                              : int  1 1 1 1 1 1 1 1 1 1 ...
 - attr(*, "na.action")= 'omit' Named int  6 12 23 46 59 62 90 100 145 173 ...
  ..- attr(*, "names")= chr  "6" "12" "23" "46" ...
[1] "2022-03-08 18:55:13 --- na.omit Finish ---"
[1] "2022-03-08 18:55:13 --- rxLogit with rxStepControl Start ---"

> print(paste0(Sys.time(), " --- source_logic_glm.R Start ---"))
[1] "2022-03-08 18:55:13 --- source_logic_glm.R Start ---"

> formula <- formula(RaceHorse.IsHitA ~ +1 + Horse.FinishTimeSdvByRaceAvg)

> print(paste0(Sys.time(), " --- source_logic_glm.R Finished ---"))
[1] "2022-03-08 18:55:13 --- source_logic_glm.R Finished ---"
Rows Read: 5031, Total Rows Processed: 5031, Total Chunk Time: 0.001 seconds 

Starting values (iteration 1) time: 0.062 secs.
Rows Read: 5031, Total Rows Processed: 5031, Total Chunk Time: 0.002 seconds 

Iteration 2 time: 0.006 secs.
Rows Read: 5031, Total Rows Processed: 5031, Total Chunk Time: 0.001 seconds 

Iteration 3 time: 0.007 secs.
Rows Read: 5031, Total Rows Processed: 5031, Total Chunk Time: 0.002 seconds 

Iteration 4 time: 0.004 secs.
Rows Read: 5031, Total Rows Processed: 5031, Total Chunk Time: 0.001 seconds 

Iteration 5 time: 0.004 secs.

Elapsed computation time: 0.102 secs.
Rows Read: 5031, Total Rows Processed: 5031, Total Chunk Time: 0.001 seconds 

Starting values (iteration 1) time: 0.006 secs.
Rows Read: 5031, Total Rows Processed: 5031, Total Chunk Time: 0.001 seconds 

Iteration 2 time: 0.005 secs.

Elapsed computation time: 0.022 secs.
Rows Read: 5031, Total Rows Processed: 5031, Total Chunk Time: Less than .001 seconds 

Starting values (iteration 1) time: 0.007 secs.
Rows Read: 5031, Total Rows Processed: 5031, Total Chunk Time: Less than .001 seconds 

Iteration 2 time: 0.005 secs.
Rows Read: 5031, Total Rows Processed: 5031, Total Chunk Time: 0.001 seconds 

Iteration 3 time: 0.005 secs.
Rows Read: 5031, Total Rows Processed: 5031, Total Chunk Time: Less than .001 seconds 

Iteration 4 time: 0.007 secs.
Rows Read: 5031, Total Rows Processed: 5031, Total Chunk Time: Less than .001 seconds 

Iteration 5 time: 0.007 secs.

Elapsed computation time: 0.056 secs.

Elapsed computation time: 0.198 secs.
[1] "--------------------------------------------------------------------------------"
[1] "analyze.results.glm.step="
Logistic Regression Results for: RaceHorse.IsHitA ~
    Horse.FinishTimeSdvByRaceAvg
Data: data
Dependent variable(s): RaceHorse.IsHitA
Total independent variables: 2 
Number of valid observations: 5031
Number of missing observations: 0 
 
Coefficients:
                             RaceHorse.IsHitA
(Intercept)                                -3
Horse.FinishTimeSdvByRaceAvg                2
[1] "analyze.results.glm.step.summary"
Call:
rxLogit(formula = formula, data = data, variableSelection = analyze.results.glm.step.varsel)

Logistic Regression Results for: RaceHorse.IsHitA ~
    Horse.FinishTimeSdvByRaceAvg
Data: data
Dependent variable(s): RaceHorse.IsHitA
Total independent variables: 2 
Number of valid observations: 5031
Number of missing observations: 0 
-2*LogLikelihood: 2773.139 (Residual deviance on 5029 degrees of freedom)
 
Coefficients:
                             Estimate Std. Error z value Pr(>|z|)    
(Intercept)                   -2.6360     0.0637  -41.40  2.2e-16 ***
Horse.FinishTimeSdvByRaceAvg   1.6856     0.1741    9.68  2.2e-16 ***
---
Signif. codes:  0 '***' 0.001 '**' 0.01 '*' 0.05 '.' 0.1 ' ' 1

Condition number of final variance-covariance matrix: 1 
Number of iterations: 5
[1] "--------------------------------------------------------------------------------"
[1] "2022-03-08 18:55:13 --- rxLogit with rxStepControl Finish ---"
[1] "2022-03-08 18:55:13 --- rxStepPlot Start ---"
[1] "pdfFilename=pdf_analyze_glm_Horse_Type35_rxStepPlot.pdf"
[1] "rxStepPlot="
[1] "2022-03-08 18:55:14 --- rxStepPlot Finish ---"
[1] "2022-03-08 18:55:14 --- save.image Start ---"
[1] "save.image"
[1] "rdataFilename=RData_analyze_glm_Horse_Type35.RData"
[1] "2022-03-08 18:55:14 --- save.image Finish ---"
[1] "2022-03-08 18:55:14 --- final Start ---"
[1] "--------------------------------------------------------------------------------"
[1] "nrow(data) final=5031"
[1] "--------------------------------------------------------------------------------"
[1] "2022-03-08 18:55:14 --- final Finish ---"
[1] "2022-03-08 18:55:14 --- analyze_glm.R Finished ---"
[1] "2022-03-08 18:55:14 --- log Finish ---"
