[1] "2022-02-25 20:27:09 --- D1115_analyze_glm_Odds_IsHitA_Type12 Start ---"
[1] "2022-02-25 20:27:22 --- Log Start ---"
[1] "2022-02-25 20:27:34 --- analyze_glm.R Start ---"
[1] "analyzeVersion=D1115"
[1] "analyzeCategory=analyze"
[1] "analyzeType=Odds"
[1] "analyzeFamily=IsHitA"
[1] "analyzeFunc=glm"
[1] "analyzeTrackTypeCd=1"
[1] "analyzeJyokenCd=2"
[1] "2022-02-25 20:28:16 --- source_function.R Start ---"
[1] "2022-02-25 20:28:38 --- source_function.R Finished ---"

> print(paste0(Sys.time(), " --- source_library.R Start ---"))
[1] "2022-02-25 20:29:03 --- source_library.R Start ---"

> require("RevoScaleR")

> print(paste0(Sys.time(), " --- source_library.R Finished ---"))
[1] "2022-02-25 20:29:48 --- source_library.R Finished ---"
[1] "2022-02-25 20:29:53 --- RxSqlServerData Start ---"
[1] "2022-02-25 20:30:05 --- RxInSqlServer Start ---"
[1] "2022-02-25 20:30:17 --- RxInSqlServer Finish ---"
[1] "2022-02-25 20:30:27 --- rxSetComputeContext Start ---"
[1] "2022-02-25 20:30:38 --- rxSetComputeContext Finish ---"
[1] "2022-02-25 20:30:39 --- RxSqlServerData Start ---"
[1] "sqlQuery=SELECT * FROM ViewAnalyzeD1115analyze01OddsType12"
[1] "2022-02-25 20:31:07 --- RxSqlServerData Finish ---"
[1] "2022-02-25 20:31:27 --- rxGetVarInfo Start ---"
[1] "2022-02-25 20:31:39 --- rxGetVarInfo Finish---"
[1] "2022-02-25 20:31:54 --- rxImport Start ---"
Rows Read: 6809, Total Rows Processed: 6809, Total Chunk Time: 1.637 seconds 
[1] "2022-02-25 20:32:30 --- rxImport Finish ---"
[1] "object.size(data) auto=1.5 Mb"
[1] "--------------------------------------------------------------------------------"
[1] "nrow(data) RxSqlServerData=6809"
[1] "--------------------------------------------------------------------------------"
[1] "str(data)="
'data.frame':	6809 obs. of  32 variables:
 $ Race.RaceId                      : Factor w/ 529 levels "20160109-06-01-02-10",..: 1 1 8 8 8 9 9 3 4 4 ...
 $ Race.IsPredictedRace             : logi  TRUE TRUE TRUE TRUE TRUE TRUE ...
 $ Race.IsAnalyzeNormalPastAndFuture: logi  TRUE TRUE TRUE TRUE TRUE TRUE ...
 $ Race.IsAnalyzeNormalPast         : logi  TRUE TRUE TRUE TRUE TRUE TRUE ...
 $ Race.IsAnalyzeNormalFuture       : logi  FALSE FALSE FALSE FALSE FALSE FALSE ...
 $ Race.IsAnalyzeFullPastAndFuture  : logi  TRUE TRUE TRUE TRUE TRUE TRUE ...
 $ Race.IsAnalyzeFullPast           : logi  TRUE TRUE TRUE TRUE TRUE TRUE ...
 $ Race.IsAnalyzeFullFuture         : logi  FALSE FALSE FALSE FALSE FALSE FALSE ...
 $ Race.JyokenCd                    : Factor w/ 1 level "2": 1 1 1 1 1 1 1 1 1 1 ...
 $ Race.JyoType1Cd                  : Factor w/ 112 levels "1-06-2200-2-1",..: 1 1 8 8 8 9 9 3 4 4 ...
 $ Race.RaceType1Cd                 : Factor w/ 3 levels "1-2-E-2","1-2-E-1",..: 1 1 1 1 1 2 2 1 2 2 ...
 $ RaceHorse.RaceId                 : Factor w/ 529 levels "20160109-06-01-02-10",..: 1 1 8 8 8 9 9 3 4 4 ...
 $ RaceHorse.KettoNum               : Factor w/ 1439 levels "2007100476","2011101741",..: 11 12 13 14 15 16 17 18 19 20 ...
 $ RaceHorse.IsHit1                 : num  0 0 0 0 0 0 0 0 0 0 ...
 $ RaceHorse.IsHit2                 : num  0 1 0 0 1 0 0 0 0 0 ...
 $ RaceHorse.IsHit3                 : num  0 0 0 0 0 0 0 0 0 0 ...
 $ RaceHorse.IsHit4                 : num  0 0 0 0 0 0 0 0 0 0 ...
 $ RaceHorse.IsHit5                 : num  0 0 1 0 0 1 0 0 0 0 ...
 $ RaceHorse.IsHit6                 : num  1 0 0 1 0 0 1 1 1 1 ...
 $ RaceHorse.IsValidRaceHorse       : logi  TRUE TRUE TRUE TRUE TRUE TRUE ...
 $ RaceHorse.TimeSdv                : num  -1.202 -0.539 0.36 -0.288 0.792 ...
 $ RaceHorse.IsHitA                 : num  0 0 0 0 0 0 0 0 0 0 ...
 $ RaceHorse.IsHitB                 : num  0 1 0 0 1 0 0 0 0 0 ...
 $ RaceHorse.IsHitC                 : num  0 1 0 0 1 0 0 0 0 0 ...
 $ OddsByWin.Odds1                  : num  105 8.2 11.8 6.7 7.8 11.7 80.5 74.1 24.3 142 ...
 $ OddsByWin.Ninki                  : num  10 4 6 4 5 6 14 12 8 12 ...
 $ OddsByWin.OddsLog1               : num  4.66 2.22 2.55 2.04 2.17 ...
 $ OddsByWin.OddsRatio1             : num  0.00962 0.13889 0.09259 0.17544 0.14706 ...
 $ OddsByWin.OddsLogit1             : num  -4.65 -2.1 -2.47 -1.9 -2.05 ...
 $ OddsByWin.ApprovalRate1          : num  0.00952 0.12195 0.08475 0.14925 0.12821 ...
 $ OddsByWin.ApprovalRateLog1       : num  0.00948 0.11507 0.08135 0.13911 0.12063 ...
 $ EOF                              : int  1 1 1 1 1 1 1 1 1 1 ...
[1] "2022-02-25 20:32:53 --- RxSqlServerData Finish ---"
[1] "2022-02-25 20:32:53 --- subset Start ---"
[1] "--------------------------------------------------------------------------------"
[1] "nrow(data) subset before=6809"
[1] "nrow(data) subset after =6809"
[1] "nrow(data) subset diff =0"
[1] "--------------------------------------------------------------------------------"
[1] "2022-02-25 20:32:54 --- subset Finish---"
[1] "2022-02-25 20:32:55 --- transform Start ---"
[1] "--------------------------------------------------------------------------------"
[1] "nrow(data) transform before=6809"
[1] "nrow(data) transform after=6809"
[1] "nrow(data) transform diff=0"
[1] "--------------------------------------------------------------------------------"
[1] "str(data)="
'data.frame':	6809 obs. of  32 variables:
 $ Race.RaceId                      : Factor w/ 529 levels "20160109-06-01-02-10",..: 1 1 8 8 8 9 9 3 4 4 ...
 $ Race.IsPredictedRace             : logi  TRUE TRUE TRUE TRUE TRUE TRUE ...
 $ Race.IsAnalyzeNormalPastAndFuture: logi  TRUE TRUE TRUE TRUE TRUE TRUE ...
 $ Race.IsAnalyzeNormalPast         : logi  TRUE TRUE TRUE TRUE TRUE TRUE ...
 $ Race.IsAnalyzeNormalFuture       : logi  FALSE FALSE FALSE FALSE FALSE FALSE ...
 $ Race.IsAnalyzeFullPastAndFuture  : logi  TRUE TRUE TRUE TRUE TRUE TRUE ...
 $ Race.IsAnalyzeFullPast           : logi  TRUE TRUE TRUE TRUE TRUE TRUE ...
 $ Race.IsAnalyzeFullFuture         : logi  FALSE FALSE FALSE FALSE FALSE FALSE ...
 $ Race.JyokenCd                    : Factor w/ 1 level "2": 1 1 1 1 1 1 1 1 1 1 ...
 $ Race.JyoType1Cd                  : Factor w/ 112 levels "1-06-2200-2-1",..: 1 1 8 8 8 9 9 3 4 4 ...
 $ Race.RaceType1Cd                 : Factor w/ 3 levels "1-2-E-2","1-2-E-1",..: 1 1 1 1 1 2 2 1 2 2 ...
 $ RaceHorse.RaceId                 : Factor w/ 529 levels "20160109-06-01-02-10",..: 1 1 8 8 8 9 9 3 4 4 ...
 $ RaceHorse.KettoNum               : Factor w/ 1439 levels "2007100476","2011101741",..: 11 12 13 14 15 16 17 18 19 20 ...
 $ RaceHorse.IsHit1                 : num  0 0 0 0 0 0 0 0 0 0 ...
 $ RaceHorse.IsHit2                 : num  0 1 0 0 1 0 0 0 0 0 ...
 $ RaceHorse.IsHit3                 : num  0 0 0 0 0 0 0 0 0 0 ...
 $ RaceHorse.IsHit4                 : num  0 0 0 0 0 0 0 0 0 0 ...
 $ RaceHorse.IsHit5                 : num  0 0 1 0 0 1 0 0 0 0 ...
 $ RaceHorse.IsHit6                 : num  1 0 0 1 0 0 1 1 1 1 ...
 $ RaceHorse.IsValidRaceHorse       : logi  TRUE TRUE TRUE TRUE TRUE TRUE ...
 $ RaceHorse.TimeSdv                : num  -1.202 -0.539 0.36 -0.288 0.792 ...
 $ RaceHorse.IsHitA                 : num  0 0 0 0 0 0 0 0 0 0 ...
 $ RaceHorse.IsHitB                 : num  0 1 0 0 1 0 0 0 0 0 ...
 $ RaceHorse.IsHitC                 : num  0 1 0 0 1 0 0 0 0 0 ...
 $ OddsByWin.Odds1                  : num  105 8.2 11.8 6.7 7.8 11.7 80.5 74.1 24.3 142 ...
 $ OddsByWin.Ninki                  : num  10 4 6 4 5 6 14 12 8 12 ...
 $ OddsByWin.OddsLog1               : num  4.66 2.22 2.55 2.04 2.17 ...
 $ OddsByWin.OddsRatio1             : num  0.00962 0.13889 0.09259 0.17544 0.14706 ...
 $ OddsByWin.OddsLogit1             : num  -4.65 -2.1 -2.47 -1.9 -2.05 ...
 $ OddsByWin.ApprovalRate1          : num  0.00952 0.12195 0.08475 0.14925 0.12821 ...
 $ OddsByWin.ApprovalRateLog1       : num  0.00948 0.11507 0.08135 0.13911 0.12063 ...
 $ EOF                              : int  1 1 1 1 1 1 1 1 1 1 ...
NULL
[1] "2022-02-25 20:33:01 --- transform Finish ---"
[1] "2022-02-25 20:33:01 --- na.omit Start ---"
[1] "--------------------------------------------------------------------------------"
[1] "nrow(data) na.omit before=6809"
[1] "nrow(data) na.omit after =6761"
[1] "nrow(data) na.omit diff =48"
[1] "--------------------------------------------------------------------------------"
'data.frame':	6761 obs. of  32 variables:
 $ Race.RaceId                      : Factor w/ 529 levels "20160109-06-01-02-10",..: 1 1 8 8 8 9 9 3 4 4 ...
 $ Race.IsPredictedRace             : logi  TRUE TRUE TRUE TRUE TRUE TRUE ...
 $ Race.IsAnalyzeNormalPastAndFuture: logi  TRUE TRUE TRUE TRUE TRUE TRUE ...
 $ Race.IsAnalyzeNormalPast         : logi  TRUE TRUE TRUE TRUE TRUE TRUE ...
 $ Race.IsAnalyzeNormalFuture       : logi  FALSE FALSE FALSE FALSE FALSE FALSE ...
 $ Race.IsAnalyzeFullPastAndFuture  : logi  TRUE TRUE TRUE TRUE TRUE TRUE ...
 $ Race.IsAnalyzeFullPast           : logi  TRUE TRUE TRUE TRUE TRUE TRUE ...
 $ Race.IsAnalyzeFullFuture         : logi  FALSE FALSE FALSE FALSE FALSE FALSE ...
 $ Race.JyokenCd                    : Factor w/ 1 level "2": 1 1 1 1 1 1 1 1 1 1 ...
 $ Race.JyoType1Cd                  : Factor w/ 112 levels "1-06-2200-2-1",..: 1 1 8 8 8 9 9 3 4 4 ...
 $ Race.RaceType1Cd                 : Factor w/ 3 levels "1-2-E-2","1-2-E-1",..: 1 1 1 1 1 2 2 1 2 2 ...
 $ RaceHorse.RaceId                 : Factor w/ 529 levels "20160109-06-01-02-10",..: 1 1 8 8 8 9 9 3 4 4 ...
 $ RaceHorse.KettoNum               : Factor w/ 1439 levels "2007100476","2011101741",..: 11 12 13 14 15 16 17 18 19 20 ...
 $ RaceHorse.IsHit1                 : num  0 0 0 0 0 0 0 0 0 0 ...
 $ RaceHorse.IsHit2                 : num  0 1 0 0 1 0 0 0 0 0 ...
 $ RaceHorse.IsHit3                 : num  0 0 0 0 0 0 0 0 0 0 ...
 $ RaceHorse.IsHit4                 : num  0 0 0 0 0 0 0 0 0 0 ...
 $ RaceHorse.IsHit5                 : num  0 0 1 0 0 1 0 0 0 0 ...
 $ RaceHorse.IsHit6                 : num  1 0 0 1 0 0 1 1 1 1 ...
 $ RaceHorse.IsValidRaceHorse       : logi  TRUE TRUE TRUE TRUE TRUE TRUE ...
 $ RaceHorse.TimeSdv                : num  -1.202 -0.539 0.36 -0.288 0.792 ...
 $ RaceHorse.IsHitA                 : num  0 0 0 0 0 0 0 0 0 0 ...
 $ RaceHorse.IsHitB                 : num  0 1 0 0 1 0 0 0 0 0 ...
 $ RaceHorse.IsHitC                 : num  0 1 0 0 1 0 0 0 0 0 ...
 $ OddsByWin.Odds1                  : num  105 8.2 11.8 6.7 7.8 11.7 80.5 74.1 24.3 142 ...
 $ OddsByWin.Ninki                  : num  10 4 6 4 5 6 14 12 8 12 ...
 $ OddsByWin.OddsLog1               : num  4.66 2.22 2.55 2.04 2.17 ...
 $ OddsByWin.OddsRatio1             : num  0.00962 0.13889 0.09259 0.17544 0.14706 ...
 $ OddsByWin.OddsLogit1             : num  -4.65 -2.1 -2.47 -1.9 -2.05 ...
 $ OddsByWin.ApprovalRate1          : num  0.00952 0.12195 0.08475 0.14925 0.12821 ...
 $ OddsByWin.ApprovalRateLog1       : num  0.00948 0.11507 0.08135 0.13911 0.12063 ...
 $ EOF                              : int  1 1 1 1 1 1 1 1 1 1 ...
 - attr(*, "na.action")= 'omit' Named int  43 106 116 194 314 361 754 899 1206 1275 ...
  ..- attr(*, "names")= chr  "43" "106" "116" "194" ...
[1] "2022-02-25 20:33:06 --- na.omit Finish ---"
[1] "2022-02-25 20:33:06 --- rxGlm with rxStepControl Start ---"

> print(paste0(Sys.time(), " --- source_logic_glm.R Start ---"))
[1] "2022-02-25 20:33:07 --- source_logic_glm.R Start ---"

> formula <- formula(RaceHorse.IsHitA ~ +1 + OddsByWin.OddsLogit1)

> print(paste0(Sys.time(), " --- source_logic_glm.R Finished ---"))
[1] "2022-02-25 20:33:07 --- source_logic_glm.R Finished ---"
Rows Read: 6761, Total Rows Processed: 6761, Total Chunk Time: 0.001 seconds 

Starting values (iteration 1) time: 0.008 secs.
Rows Read: 6761, Total Rows Processed: 6761, Total Chunk Time: 0.001 seconds 

Iteration 2 time: 0.165 secs.
Rows Read: 6761, Total Rows Processed: 6761, Total Chunk Time: 0.001 seconds 

Iteration 3 time: 0.079 secs.
Rows Read: 6761, Total Rows Processed: 6761, Total Chunk Time: 0.002 seconds 

Iteration 4 time: 0.083 secs.
Rows Read: 6761, Total Rows Processed: 6761, Total Chunk Time: 0.002 seconds 

Iteration 5 time: 0.153 secs.
Rows Read: 6761, Total Rows Processed: 6761, Total Chunk Time: 0.001 seconds 

Iteration 6 time: 0.150 secs.

Elapsed computation time: 1.220 secs.
Rows Read: 6761, Total Rows Processed: 6761, Total Chunk Time: 0.001 seconds 

Starting values (iteration 1) time: 0.095 secs.
Rows Read: 6761, Total Rows Processed: 6761, Total Chunk Time: 0.002 seconds 

Iteration 2 time: 0.089 secs.

Elapsed computation time: 0.338 secs.
Rows Read: 6761, Total Rows Processed: 6761, Total Chunk Time: Less than .001 seconds 

Starting values (iteration 1) time: 0.084 secs.
Rows Read: 6761, Total Rows Processed: 6761, Total Chunk Time: 0.002 seconds 

Iteration 2 time: 0.080 secs.
Rows Read: 6761, Total Rows Processed: 6761, Total Chunk Time: 0.003 seconds 

Iteration 3 time: 0.080 secs.
Rows Read: 6761, Total Rows Processed: 6761, Total Chunk Time: 0.001 seconds 

Iteration 4 time: 0.079 secs.
Rows Read: 6761, Total Rows Processed: 6761, Total Chunk Time: 0.002 seconds 

Iteration 5 time: 0.074 secs.
Rows Read: 6761, Total Rows Processed: 6761, Total Chunk Time: 0.007 seconds 

Iteration 6 time: 0.104 secs.

Elapsed computation time: 1.112 secs.

Elapsed computation time: 2.906 secs.
[1] "--------------------------------------------------------------------------------"
[1] "analyze.results.glm.step="
Logistic Regression Results for: RaceHorse.IsHitA ~
    OddsByWin.OddsLogit1
Data: data
Dependent variable(s): RaceHorse.IsHitA
Total independent variables: 2 
Number of valid observations: 6761
Number of missing observations: 0 
 
Coefficients:
                     RaceHorse.IsHitA
(Intercept)                      0.01
OddsByWin.OddsLogit1             1.03
[1] "analyze.results.glm.step.summary"
Call:
rxLogit(formula = formula, data = data, variableSelection = analyze.results.glm.step.varsel)

Logistic Regression Results for: RaceHorse.IsHitA ~
    OddsByWin.OddsLogit1
Data: data
Dependent variable(s): RaceHorse.IsHitA
Total independent variables: 2 
Number of valid observations: 6761
Number of missing observations: 0 
-2*LogLikelihood: 3171.535 (Residual deviance on 6759 degrees of freedom)
 
Coefficients:
                     Estimate Std. Error z value Pr(>|z|)    
(Intercept)            0.0135     0.1127    0.12      0.9    
OddsByWin.OddsLogit1   1.0321     0.0523   19.72  2.2e-16 ***
---
Signif. codes:  0 '***' 0.001 '**' 0.01 '*' 0.05 '.' 0.1 ' ' 1

Condition number of final variance-covariance matrix: 1 
Number of iterations: 6
[1] "--------------------------------------------------------------------------------"
[1] "2022-02-25 20:33:13 --- rxGlm with rxStepControl Finish ---"
[1] "2022-02-25 20:33:13 --- rxStepPlot Start ---"
[1] "pdfFilename=pdf_analyze_glm_Odds_Type12_rxStepPlot.pdf"
[1] "rxStepPlot="
[1] "2022-02-25 20:33:13 --- rxStepPlot Finish ---"
[1] "2022-02-25 20:33:13 --- save.image Start ---"
[1] "save.image"
[1] "rdataFilename=RData_analyze_glm_Odds_Type12.RData"
[1] "2022-02-25 20:33:13 --- save.image Finish ---"
[1] "2022-02-25 20:33:13 --- final Start ---"
[1] "--------------------------------------------------------------------------------"
[1] "nrow(data) final=6761"
[1] "--------------------------------------------------------------------------------"
[1] "2022-02-25 20:33:14 --- final Finish ---"
[1] "2022-02-25 20:33:14 --- analyze_glm.R Finished ---"
[1] "2022-02-25 20:33:14 --- log Finish ---"
