[1] "2022-03-08 18:55:04 --- D1115_analyze_glm_Horse_IsHitA_Type25 Start ---"
[1] "2022-03-08 18:55:04 --- Log Start ---"
[1] "2022-03-08 18:55:04 --- analyze_glm.R Start ---"
[1] "analyzeVersion=D1115"
[1] "analyzeCategory=analyze"
[1] "analyzeType=Horse"
[1] "analyzeFamily=IsHitA"
[1] "analyzeFunc=glm"
[1] "analyzeTrackTypeCd=2"
[1] "analyzeJyokenCd=5"
[1] "2022-03-08 18:55:04 --- source_function.R Start ---"
[1] "2022-03-08 18:55:04 --- source_function.R Finished ---"

> print(paste0(Sys.time(), " --- source_library.R Start ---"))
[1] "2022-03-08 18:55:05 --- source_library.R Start ---"

> require("RevoScaleR")

> print(paste0(Sys.time(), " --- source_library.R Finished ---"))
[1] "2022-03-08 18:55:05 --- source_library.R Finished ---"
[1] "2022-03-08 18:55:05 --- RxSqlServerData Start ---"
[1] "2022-03-08 18:55:05 --- RxInSqlServer Start ---"
[1] "2022-03-08 18:55:05 --- RxInSqlServer Finish ---"
[1] "2022-03-08 18:55:05 --- rxSetComputeContext Start ---"
[1] "2022-03-08 18:55:05 --- rxSetComputeContext Finish ---"
[1] "2022-03-08 18:55:05 --- RxSqlServerData Start ---"
[1] "sqlQuery=SELECT * FROM ViewAnalyzeD1115analyze01HorseType25"
[1] "2022-03-08 18:55:05 --- RxSqlServerData Finish ---"
[1] "2022-03-08 18:55:05 --- rxGetVarInfo Start ---"
[1] "2022-03-08 18:55:15 --- rxGetVarInfo Finish---"
[1] "2022-03-08 18:55:15 --- rxImport Start ---"
Rows Read: 42869, Total Rows Processed: 42869, Total Chunk Time: 3.353 seconds 
[1] "2022-03-08 18:55:22 --- rxImport Finish ---"
[1] "object.size(data) auto=15.9 Mb"
[1] "--------------------------------------------------------------------------------"
[1] "nrow(data) RxSqlServerData=42869"
[1] "--------------------------------------------------------------------------------"
[1] "str(data)="
'data.frame':	42869 obs. of  48 variables:
 $ Race.RaceId                      : Factor w/ 3266 levels "20160105-06-01-01-02",..: 1 8 8 9 10 11 11 12 13 14 ...
 $ Race.IsAnalyzeNormalPastAndFuture: logi  TRUE TRUE TRUE TRUE TRUE TRUE ...
 $ Race.IsAnalyzeNormalPast         : logi  TRUE TRUE TRUE TRUE TRUE TRUE ...
 $ Race.IsAnalyzeNormalFuture       : logi  FALSE FALSE FALSE FALSE FALSE FALSE ...
 $ Race.IsAnalyzeFullPastAndFuture  : logi  TRUE TRUE TRUE TRUE TRUE TRUE ...
 $ Race.IsAnalyzeFullPast           : logi  TRUE TRUE TRUE TRUE TRUE TRUE ...
 $ Race.IsAnalyzeFullFuture         : logi  FALSE FALSE FALSE FALSE FALSE FALSE ...
 $ Race.JyokenCd                    : Factor w/ 1 level "5": 1 1 1 1 1 1 1 1 1 1 ...
 $ Race.JyoType1Cd                  : Factor w/ 116 levels "24-06-1800-1",..: 1 4 4 5 2 1 1 4 2 1 ...
 $ Race.RaceType1Cd                 : Factor w/ 2 levels "2-5-12","2-5-11": 1 1 1 1 1 1 1 1 1 1 ...
 $ RaceHorse.RaceId                 : Factor w/ 3266 levels "20160105-06-01-01-02",..: 1 8 8 9 10 11 11 12 13 14 ...
 $ RaceHorse.KettoNum               : Factor w/ 14849 levels "2013100653","2013101957",..: 11 12 13 14 15 16 17 18 19 20 ...
 $ RaceHorse.IsHit1                 : num  0 0 0 0 0 0 0 0 0 0 ...
 $ RaceHorse.IsHit2                 : num  0 0 0 0 0 0 0 0 0 0 ...
 $ RaceHorse.IsHit3                 : num  0 0 0 0 1 0 0 0 0 0 ...
 $ RaceHorse.IsHit4                 : num  0 0 1 0 0 0 0 0 0 0 ...
 $ RaceHorse.IsHit5                 : num  0 0 0 0 0 0 0 0 0 0 ...
 $ RaceHorse.IsHit6                 : num  1 1 0 1 0 1 1 1 1 1 ...
 $ RaceHorse.IsValidRaceHorse       : logi  FALSE TRUE TRUE TRUE TRUE TRUE ...
 $ RaceHorse.FinishTimeSdvByRace    : num  -2.608 0.343 0.414 0.839 1.452 ...
 $ RaceHorse.FirstTimeSdvByRace     : num  0.0625 0.7545 -0.2296 0.3624 -0.8102 ...
 $ RaceHorse.LastTimeSdvByRace      : num  -3.0517 0.0236 0.6421 0.7715 1.9156 ...
 $ RaceHorse.FinishTimeSdv          : num  -1.165 -0.3778 -0.3366 -0.1039 0.0213 ...
 $ RaceHorse.FirstTimeSdv           : num  -0.2017 0.1156 -0.2735 0.0569 -0.4166 ...
 $ RaceHorse.LastTimeSdv            : num  -1.468 -0.639 -0.231 -0.182 0.346 ...
 $ RaceHorse.IsHitA                 : num  0 0 0 0 0 0 0 0 0 0 ...
 $ RaceHorse.IsHitB                 : num  0 0 0 0 0 0 0 0 0 0 ...
 $ RaceHorse.IsHitC                 : num  0 0 0 0 1 0 0 0 0 0 ...
 $ Horse.KettoNum                   : Factor w/ 14849 levels "2013100653","2013101957",..: 11 12 13 14 15 16 17 18 19 20 ...
 $ Horse.FinishTimeSdvByRaceAvg     : num  -0.6883 0.0703 0.0715 0.857 1.1183 ...
 $ Horse.FirstTimeSdvByRaceAvg      : num  -0.5655 -0.0542 0.4284 -0.3498 -1.0443 ...
 $ Horse.LastTimeSdvByRaceAvg       : num  -0.2756 0.0284 -0.0327 1.1534 1.8673 ...
 $ Horse.FinishTimeSdvAvg           : num  -1.0832 -0.9738 -1.1181 -0.8487 -0.0328 ...
 $ Horse.FirstTimeSdvAvg            : num  -1.785 -0.621 -1.178 -1.392 -1.22 ...
 $ Horse.LastTimeSdvAvg             : num  -0.0279 -0.8044 -0.1522 -0.0283 0.8819 ...
 $ Horse.RealOddsLog1Avg            : num  4.65 3.4 4.65 4.66 2.26 ...
 $ Horse.RunCount                   : num  1 2 3 1 3 5 1 3 1 2 ...
 $ Horse.HitCount1                  : num  0 0 0 0 0 0 0 0 0 0 ...
 $ Horse.HitCount2                  : num  0 0 0 0 1 0 0 1 0 0 ...
 $ Horse.HitCount3                  : num  0 0 0 0 1 0 0 2 0 0 ...
 $ Horse.HitCount4                  : num  0 0 0 0 1 0 0 0 0 1 ...
 $ Horse.HitCount5                  : num  0 0 0 1 0 0 0 0 0 0 ...
 $ Horse.HitRate1                   : num  0 0 0 0 0 0 0 0 0 0 ...
 $ Horse.HitRate2                   : num  0 0 0 0 0.333 ...
 $ Horse.HitRate3                   : num  0 0 0 0 0.333 ...
 $ Horse.HitRate4                   : num  0 0 0 0 0.333 ...
 $ Horse.HitRate5                   : num  0 0 0 1 0 0 0 0 0 0 ...
 $ EOF                              : int  1 1 1 1 1 1 1 1 1 1 ...
[1] "2022-03-08 18:55:23 --- RxSqlServerData Finish ---"
[1] "2022-03-08 18:55:23 --- subset Start ---"
[1] "--------------------------------------------------------------------------------"
[1] "nrow(data) subset before=42869"
[1] "nrow(data) subset after =42869"
[1] "nrow(data) subset diff =0"
[1] "--------------------------------------------------------------------------------"
[1] "2022-03-08 18:55:23 --- subset Finish---"
[1] "2022-03-08 18:55:23 --- transform Start ---"
[1] "--------------------------------------------------------------------------------"
[1] "nrow(data) transform before=42869"
[1] "nrow(data) transform after=42869"
[1] "nrow(data) transform diff=0"
[1] "--------------------------------------------------------------------------------"
[1] "str(data)="
'data.frame':	42869 obs. of  48 variables:
 $ Race.RaceId                      : Factor w/ 3266 levels "20160105-06-01-01-02",..: 1 8 8 9 10 11 11 12 13 14 ...
 $ Race.IsAnalyzeNormalPastAndFuture: logi  TRUE TRUE TRUE TRUE TRUE TRUE ...
 $ Race.IsAnalyzeNormalPast         : logi  TRUE TRUE TRUE TRUE TRUE TRUE ...
 $ Race.IsAnalyzeNormalFuture       : logi  FALSE FALSE FALSE FALSE FALSE FALSE ...
 $ Race.IsAnalyzeFullPastAndFuture  : logi  TRUE TRUE TRUE TRUE TRUE TRUE ...
 $ Race.IsAnalyzeFullPast           : logi  TRUE TRUE TRUE TRUE TRUE TRUE ...
 $ Race.IsAnalyzeFullFuture         : logi  FALSE FALSE FALSE FALSE FALSE FALSE ...
 $ Race.JyokenCd                    : Factor w/ 1 level "5": 1 1 1 1 1 1 1 1 1 1 ...
 $ Race.JyoType1Cd                  : Factor w/ 116 levels "24-06-1800-1",..: 1 4 4 5 2 1 1 4 2 1 ...
 $ Race.RaceType1Cd                 : Factor w/ 2 levels "2-5-12","2-5-11": 1 1 1 1 1 1 1 1 1 1 ...
 $ RaceHorse.RaceId                 : Factor w/ 3266 levels "20160105-06-01-01-02",..: 1 8 8 9 10 11 11 12 13 14 ...
 $ RaceHorse.KettoNum               : Factor w/ 14849 levels "2013100653","2013101957",..: 11 12 13 14 15 16 17 18 19 20 ...
 $ RaceHorse.IsHit1                 : num  0 0 0 0 0 0 0 0 0 0 ...
 $ RaceHorse.IsHit2                 : num  0 0 0 0 0 0 0 0 0 0 ...
 $ RaceHorse.IsHit3                 : num  0 0 0 0 1 0 0 0 0 0 ...
 $ RaceHorse.IsHit4                 : num  0 0 1 0 0 0 0 0 0 0 ...
 $ RaceHorse.IsHit5                 : num  0 0 0 0 0 0 0 0 0 0 ...
 $ RaceHorse.IsHit6                 : num  1 1 0 1 0 1 1 1 1 1 ...
 $ RaceHorse.IsValidRaceHorse       : logi  FALSE TRUE TRUE TRUE TRUE TRUE ...
 $ RaceHorse.FinishTimeSdvByRace    : num  -2.608 0.343 0.414 0.839 1.452 ...
 $ RaceHorse.FirstTimeSdvByRace     : num  0.0625 0.7545 -0.2296 0.3624 -0.8102 ...
 $ RaceHorse.LastTimeSdvByRace      : num  -3.0517 0.0236 0.6421 0.7715 1.9156 ...
 $ RaceHorse.FinishTimeSdv          : num  -1.165 -0.3778 -0.3366 -0.1039 0.0213 ...
 $ RaceHorse.FirstTimeSdv           : num  -0.2017 0.1156 -0.2735 0.0569 -0.4166 ...
 $ RaceHorse.LastTimeSdv            : num  -1.468 -0.639 -0.231 -0.182 0.346 ...
 $ RaceHorse.IsHitA                 : num  0 0 0 0 0 0 0 0 0 0 ...
 $ RaceHorse.IsHitB                 : num  0 0 0 0 0 0 0 0 0 0 ...
 $ RaceHorse.IsHitC                 : num  0 0 0 0 1 0 0 0 0 0 ...
 $ Horse.KettoNum                   : Factor w/ 14849 levels "2013100653","2013101957",..: 11 12 13 14 15 16 17 18 19 20 ...
 $ Horse.FinishTimeSdvByRaceAvg     : num  -0.6883 0.0703 0.0715 0.857 1.1183 ...
 $ Horse.FirstTimeSdvByRaceAvg      : num  -0.5655 -0.0542 0.4284 -0.3498 -1.0443 ...
 $ Horse.LastTimeSdvByRaceAvg       : num  -0.2756 0.0284 -0.0327 1.1534 1.8673 ...
 $ Horse.FinishTimeSdvAvg           : num  -1.0832 -0.9738 -1.1181 -0.8487 -0.0328 ...
 $ Horse.FirstTimeSdvAvg            : num  -1.785 -0.621 -1.178 -1.392 -1.22 ...
 $ Horse.LastTimeSdvAvg             : num  -0.0279 -0.8044 -0.1522 -0.0283 0.8819 ...
 $ Horse.RealOddsLog1Avg            : num  4.65 3.4 4.65 4.66 2.26 ...
 $ Horse.RunCount                   : num  1 2 3 1 3 5 1 3 1 2 ...
 $ Horse.HitCount1                  : num  0 0 0 0 0 0 0 0 0 0 ...
 $ Horse.HitCount2                  : num  0 0 0 0 1 0 0 1 0 0 ...
 $ Horse.HitCount3                  : num  0 0 0 0 1 0 0 2 0 0 ...
 $ Horse.HitCount4                  : num  0 0 0 0 1 0 0 0 0 1 ...
 $ Horse.HitCount5                  : num  0 0 0 1 0 0 0 0 0 0 ...
 $ Horse.HitRate1                   : num  0 0 0 0 0 0 0 0 0 0 ...
 $ Horse.HitRate2                   : num  0 0 0 0 0.333 ...
 $ Horse.HitRate3                   : num  0 0 0 0 0.333 ...
 $ Horse.HitRate4                   : num  0 0 0 0 0.333 ...
 $ Horse.HitRate5                   : num  0 0 0 1 0 0 0 0 0 0 ...
 $ EOF                              : int  1 1 1 1 1 1 1 1 1 1 ...
NULL
[1] "2022-03-08 18:55:23 --- transform Finish ---"
[1] "2022-03-08 18:55:23 --- na.omit Start ---"
[1] "--------------------------------------------------------------------------------"
[1] "nrow(data) na.omit before=42869"
[1] "nrow(data) na.omit after =42510"
[1] "nrow(data) na.omit diff =359"
[1] "--------------------------------------------------------------------------------"
'data.frame':	42510 obs. of  48 variables:
 $ Race.RaceId                      : Factor w/ 3266 levels "20160105-06-01-01-02",..: 1 8 8 9 10 11 11 12 13 14 ...
 $ Race.IsAnalyzeNormalPastAndFuture: logi  TRUE TRUE TRUE TRUE TRUE TRUE ...
 $ Race.IsAnalyzeNormalPast         : logi  TRUE TRUE TRUE TRUE TRUE TRUE ...
 $ Race.IsAnalyzeNormalFuture       : logi  FALSE FALSE FALSE FALSE FALSE FALSE ...
 $ Race.IsAnalyzeFullPastAndFuture  : logi  TRUE TRUE TRUE TRUE TRUE TRUE ...
 $ Race.IsAnalyzeFullPast           : logi  TRUE TRUE TRUE TRUE TRUE TRUE ...
 $ Race.IsAnalyzeFullFuture         : logi  FALSE FALSE FALSE FALSE FALSE FALSE ...
 $ Race.JyokenCd                    : Factor w/ 1 level "5": 1 1 1 1 1 1 1 1 1 1 ...
 $ Race.JyoType1Cd                  : Factor w/ 116 levels "24-06-1800-1",..: 1 4 4 5 2 1 1 4 2 1 ...
 $ Race.RaceType1Cd                 : Factor w/ 2 levels "2-5-12","2-5-11": 1 1 1 1 1 1 1 1 1 1 ...
 $ RaceHorse.RaceId                 : Factor w/ 3266 levels "20160105-06-01-01-02",..: 1 8 8 9 10 11 11 12 13 14 ...
 $ RaceHorse.KettoNum               : Factor w/ 14849 levels "2013100653","2013101957",..: 11 12 13 14 15 16 17 18 19 20 ...
 $ RaceHorse.IsHit1                 : num  0 0 0 0 0 0 0 0 0 0 ...
 $ RaceHorse.IsHit2                 : num  0 0 0 0 0 0 0 0 0 0 ...
 $ RaceHorse.IsHit3                 : num  0 0 0 0 1 0 0 0 0 0 ...
 $ RaceHorse.IsHit4                 : num  0 0 1 0 0 0 0 0 0 0 ...
 $ RaceHorse.IsHit5                 : num  0 0 0 0 0 0 0 0 0 0 ...
 $ RaceHorse.IsHit6                 : num  1 1 0 1 0 1 1 1 1 1 ...
 $ RaceHorse.IsValidRaceHorse       : logi  FALSE TRUE TRUE TRUE TRUE TRUE ...
 $ RaceHorse.FinishTimeSdvByRace    : num  -2.608 0.343 0.414 0.839 1.452 ...
 $ RaceHorse.FirstTimeSdvByRace     : num  0.0625 0.7545 -0.2296 0.3624 -0.8102 ...
 $ RaceHorse.LastTimeSdvByRace      : num  -3.0517 0.0236 0.6421 0.7715 1.9156 ...
 $ RaceHorse.FinishTimeSdv          : num  -1.165 -0.3778 -0.3366 -0.1039 0.0213 ...
 $ RaceHorse.FirstTimeSdv           : num  -0.2017 0.1156 -0.2735 0.0569 -0.4166 ...
 $ RaceHorse.LastTimeSdv            : num  -1.468 -0.639 -0.231 -0.182 0.346 ...
 $ RaceHorse.IsHitA                 : num  0 0 0 0 0 0 0 0 0 0 ...
 $ RaceHorse.IsHitB                 : num  0 0 0 0 0 0 0 0 0 0 ...
 $ RaceHorse.IsHitC                 : num  0 0 0 0 1 0 0 0 0 0 ...
 $ Horse.KettoNum                   : Factor w/ 14849 levels "2013100653","2013101957",..: 11 12 13 14 15 16 17 18 19 20 ...
 $ Horse.FinishTimeSdvByRaceAvg     : num  -0.6883 0.0703 0.0715 0.857 1.1183 ...
 $ Horse.FirstTimeSdvByRaceAvg      : num  -0.5655 -0.0542 0.4284 -0.3498 -1.0443 ...
 $ Horse.LastTimeSdvByRaceAvg       : num  -0.2756 0.0284 -0.0327 1.1534 1.8673 ...
 $ Horse.FinishTimeSdvAvg           : num  -1.0832 -0.9738 -1.1181 -0.8487 -0.0328 ...
 $ Horse.FirstTimeSdvAvg            : num  -1.785 -0.621 -1.178 -1.392 -1.22 ...
 $ Horse.LastTimeSdvAvg             : num  -0.0279 -0.8044 -0.1522 -0.0283 0.8819 ...
 $ Horse.RealOddsLog1Avg            : num  4.65 3.4 4.65 4.66 2.26 ...
 $ Horse.RunCount                   : num  1 2 3 1 3 5 1 3 1 2 ...
 $ Horse.HitCount1                  : num  0 0 0 0 0 0 0 0 0 0 ...
 $ Horse.HitCount2                  : num  0 0 0 0 1 0 0 1 0 0 ...
 $ Horse.HitCount3                  : num  0 0 0 0 1 0 0 2 0 0 ...
 $ Horse.HitCount4                  : num  0 0 0 0 1 0 0 0 0 1 ...
 $ Horse.HitCount5                  : num  0 0 0 1 0 0 0 0 0 0 ...
 $ Horse.HitRate1                   : num  0 0 0 0 0 0 0 0 0 0 ...
 $ Horse.HitRate2                   : num  0 0 0 0 0.333 ...
 $ Horse.HitRate3                   : num  0 0 0 0 0.333 ...
 $ Horse.HitRate4                   : num  0 0 0 0 0.333 ...
 $ Horse.HitRate5                   : num  0 0 0 1 0 0 0 0 0 0 ...
 $ EOF                              : int  1 1 1 1 1 1 1 1 1 1 ...
 - attr(*, "na.action")= 'omit' Named int  57 106 280 510 739 845 1152 1222 1237 1253 ...
  ..- attr(*, "names")= chr  "57" "106" "280" "510" ...
[1] "2022-03-08 18:55:23 --- na.omit Finish ---"
[1] "2022-03-08 18:55:23 --- rxLogit with rxStepControl Start ---"

> print(paste0(Sys.time(), " --- source_logic_glm.R Start ---"))
[1] "2022-03-08 18:55:23 --- source_logic_glm.R Start ---"

> formula <- formula(RaceHorse.IsHitA ~ +1 + Horse.FinishTimeSdvByRaceAvg)

> print(paste0(Sys.time(), " --- source_logic_glm.R Finished ---"))
[1] "2022-03-08 18:55:23 --- source_logic_glm.R Finished ---"
Rows Read: 42510, Total Rows Processed: 42510, Total Chunk Time: 0.002 seconds 

Starting values (iteration 1) time: 0.022 secs.
Rows Read: 42510, Total Rows Processed: 42510, Total Chunk Time: 0.003 seconds 

Iteration 2 time: 0.014 secs.
Rows Read: 42510, Total Rows Processed: 42510, Total Chunk Time: 0.003 seconds 

Iteration 3 time: 0.007 secs.
Rows Read: 42510, Total Rows Processed: 42510, Total Chunk Time: 0.003 seconds 

Iteration 4 time: 0.007 secs.
Rows Read: 42510, Total Rows Processed: 42510, Total Chunk Time: 0.003 seconds 

Iteration 5 time: 0.007 secs.
Rows Read: 42510, Total Rows Processed: 42510, Total Chunk Time: 0.004 seconds 

Iteration 6 time: 0.006 secs.

Elapsed computation time: 0.081 secs.
Rows Read: 42510, Total Rows Processed: 42510, Total Chunk Time: 0.001 seconds 

Starting values (iteration 1) time: 0.023 secs.
Rows Read: 42510, Total Rows Processed: 42510, Total Chunk Time: 0.003 seconds 

Iteration 2 time: 0.014 secs.

Elapsed computation time: 0.046 secs.
Rows Read: 42510, Total Rows Processed: 42510, Total Chunk Time: 0.002 seconds 

Starting values (iteration 1) time: 0.022 secs.
Rows Read: 42510, Total Rows Processed: 42510, Total Chunk Time: 0.004 seconds 

Iteration 2 time: 0.014 secs.
Rows Read: 42510, Total Rows Processed: 42510, Total Chunk Time: 0.003 seconds 

Iteration 3 time: 0.006 secs.
Rows Read: 42510, Total Rows Processed: 42510, Total Chunk Time: 0.004 seconds 

Iteration 4 time: 0.008 secs.
Rows Read: 42510, Total Rows Processed: 42510, Total Chunk Time: 0.003 seconds 

Iteration 5 time: 0.006 secs.
Rows Read: 42510, Total Rows Processed: 42510, Total Chunk Time: 0.003 seconds 

Iteration 6 time: 0.007 secs.

Elapsed computation time: 0.084 secs.

Elapsed computation time: 0.234 secs.
[1] "--------------------------------------------------------------------------------"
[1] "analyze.results.glm.step="
Logistic Regression Results for: RaceHorse.IsHitA ~
    Horse.FinishTimeSdvByRaceAvg
Data: data
Dependent variable(s): RaceHorse.IsHitA
Total independent variables: 2 
Number of valid observations: 42510
Number of missing observations: 0 
 
Coefficients:
                             RaceHorse.IsHitA
(Intercept)                                -3
Horse.FinishTimeSdvByRaceAvg                2
[1] "analyze.results.glm.step.summary"
Call:
rxLogit(formula = formula, data = data, variableSelection = analyze.results.glm.step.varsel)

Logistic Regression Results for: RaceHorse.IsHitA ~
    Horse.FinishTimeSdvByRaceAvg
Data: data
Dependent variable(s): RaceHorse.IsHitA
Total independent variables: 2 
Number of valid observations: 42510
Number of missing observations: 0 
-2*LogLikelihood: 19801.144 (Residual deviance on 42508 degrees of freedom)
 
Coefficients:
                             Estimate Std. Error z value Pr(>|z|)    
(Intercept)                   -3.1961     0.0298  -107.2  2.2e-16 ***
Horse.FinishTimeSdvByRaceAvg   1.9749     0.0436    45.3  2.2e-16 ***
---
Signif. codes:  0 '***' 0.001 '**' 0.01 '*' 0.05 '.' 0.1 ' ' 1

Condition number of final variance-covariance matrix: 1 
Number of iterations: 6
[1] "--------------------------------------------------------------------------------"
[1] "2022-03-08 18:55:24 --- rxLogit with rxStepControl Finish ---"
[1] "2022-03-08 18:55:24 --- rxStepPlot Start ---"
[1] "pdfFilename=pdf_analyze_glm_Horse_Type25_rxStepPlot.pdf"
[1] "rxStepPlot="
[1] "2022-03-08 18:55:24 --- rxStepPlot Finish ---"
[1] "2022-03-08 18:55:24 --- save.image Start ---"
[1] "save.image"
[1] "rdataFilename=RData_analyze_glm_Horse_Type25.RData"
[1] "2022-03-08 18:55:24 --- save.image Finish ---"
[1] "2022-03-08 18:55:24 --- final Start ---"
[1] "--------------------------------------------------------------------------------"
[1] "nrow(data) final=42510"
[1] "--------------------------------------------------------------------------------"
[1] "2022-03-08 18:55:24 --- final Finish ---"
[1] "2022-03-08 18:55:24 --- analyze_glm.R Finished ---"
[1] "2022-03-08 18:55:24 --- log Finish ---"
