[1] "2022-03-08 18:55:05 --- D1115_analyze_glm_Horse_IsHitA_Type31 Start ---"
[1] "2022-03-08 18:55:05 --- Log Start ---"
[1] "2022-03-08 18:55:05 --- analyze_glm.R Start ---"
[1] "analyzeVersion=D1115"
[1] "analyzeCategory=analyze"
[1] "analyzeType=Horse"
[1] "analyzeFamily=IsHitA"
[1] "analyzeFunc=glm"
[1] "analyzeTrackTypeCd=3"
[1] "analyzeJyokenCd=1"
[1] "2022-03-08 18:55:05 --- source_function.R Start ---"
[1] "2022-03-08 18:55:05 --- source_function.R Finished ---"

> print(paste0(Sys.time(), " --- source_library.R Start ---"))
[1] "2022-03-08 18:55:05 --- source_library.R Start ---"

> require("RevoScaleR")

> print(paste0(Sys.time(), " --- source_library.R Finished ---"))
[1] "2022-03-08 18:55:05 --- source_library.R Finished ---"
[1] "2022-03-08 18:55:05 --- RxSqlServerData Start ---"
[1] "2022-03-08 18:55:05 --- RxInSqlServer Start ---"
[1] "2022-03-08 18:55:05 --- RxInSqlServer Finish ---"
[1] "2022-03-08 18:55:05 --- rxSetComputeContext Start ---"
[1] "2022-03-08 18:55:05 --- rxSetComputeContext Finish ---"
[1] "2022-03-08 18:55:05 --- RxSqlServerData Start ---"
[1] "sqlQuery=SELECT * FROM ViewAnalyzeD1115analyze01HorseType31"
[1] "2022-03-08 18:55:05 --- RxSqlServerData Finish ---"
[1] "2022-03-08 18:55:05 --- rxGetVarInfo Start ---"
[1] "2022-03-08 18:55:08 --- rxGetVarInfo Finish---"
[1] "2022-03-08 18:55:08 --- rxImport Start ---"
Rows Read: 2534, Total Rows Processed: 2534, Total Chunk Time: 2.594 seconds 
[1] "2022-03-08 18:55:14 --- rxImport Finish ---"
[1] "object.size(data) auto=919.4 Kb"
[1] "--------------------------------------------------------------------------------"
[1] "nrow(data) RxSqlServerData=2534"
[1] "--------------------------------------------------------------------------------"
[1] "str(data)="
'data.frame':	2534 obs. of  48 variables:
 $ Race.RaceId                      : Factor w/ 213 levels "20160109-06-01-02-08",..: 2 2 3 4 6 6 7 8 9 10 ...
 $ Race.IsAnalyzeNormalPastAndFuture: logi  TRUE TRUE TRUE TRUE TRUE TRUE ...
 $ Race.IsAnalyzeNormalPast         : logi  TRUE TRUE TRUE TRUE TRUE TRUE ...
 $ Race.IsAnalyzeNormalFuture       : logi  FALSE FALSE FALSE FALSE FALSE FALSE ...
 $ Race.IsAnalyzeFullPastAndFuture  : logi  TRUE TRUE TRUE TRUE TRUE TRUE ...
 $ Race.IsAnalyzeFullPast           : logi  TRUE TRUE TRUE TRUE TRUE TRUE ...
 $ Race.IsAnalyzeFullFuture         : logi  FALSE FALSE FALSE FALSE FALSE FALSE ...
 $ Race.JyokenCd                    : Factor w/ 1 level "1": 1 1 1 1 1 1 1 1 1 1 ...
 $ Race.JyoType1Cd                  : Factor w/ 55 levels "52-06-3200-1",..: 2 2 3 4 4 4 1 6 7 8 ...
 $ Race.RaceType1Cd                 : Factor w/ 2 levels "3-1-19","3-1-18": 1 1 1 1 1 1 1 1 1 1 ...
 $ RaceHorse.RaceId                 : Factor w/ 213 levels "20160109-06-01-02-08",..: 2 2 3 4 6 6 7 8 9 10 ...
 $ RaceHorse.KettoNum               : Factor w/ 478 levels "2011106614","2010100815",..: 11 12 13 14 15 16 17 18 19 9 ...
 $ RaceHorse.IsHit1                 : num  0 0 0 0 0 0 0 0 0 0 ...
 $ RaceHorse.IsHit2                 : num  0 0 0 0 0 0 0 0 0 0 ...
 $ RaceHorse.IsHit3                 : num  1 0 0 0 0 0 0 1 1 1 ...
 $ RaceHorse.IsHit4                 : num  0 0 0 0 0 0 0 0 0 0 ...
 $ RaceHorse.IsHit5                 : num  0 0 0 1 0 0 0 0 0 0 ...
 $ RaceHorse.IsHit6                 : num  0 1 1 0 1 1 1 0 0 0 ...
 $ RaceHorse.IsValidRaceHorse       : logi  TRUE TRUE TRUE TRUE TRUE TRUE ...
 $ RaceHorse.FinishTimeSdvByRace    : num  0.541 0.215 0.355 0.37 -1.181 ...
 $ RaceHorse.FirstTimeSdvByRace     : num  0.537 0.276 0.271 0.391 -1.262 ...
 $ RaceHorse.LastTimeSdvByRace      : num  0.5523 -0.0921 0.6325 0.2592 -0.7759 ...
 $ RaceHorse.FinishTimeSdv          : num  0.6723 0.332 -0.2003 0.0526 -0.1524 ...
 $ RaceHorse.FirstTimeSdv           : num  0.658 0.3841 -0.2565 0.0608 -0.1905 ...
 $ RaceHorse.LastTimeSdv            : num  0.7098 0.0769 0.0586 0.0156 0.0156 ...
 $ RaceHorse.IsHitA                 : num  0 0 0 0 0 0 0 0 0 0 ...
 $ RaceHorse.IsHitB                 : num  0 0 0 0 0 0 0 0 0 0 ...
 $ RaceHorse.IsHitC                 : num  1 0 0 0 0 0 0 1 1 1 ...
 $ Horse.KettoNum                   : Factor w/ 478 levels "2011106614","2010100815",..: 11 12 13 14 15 16 17 18 19 9 ...
 $ Horse.FinishTimeSdvByRaceAvg     : num  0.301 0.346 0.171 0.227 0.201 ...
 $ Horse.FirstTimeSdvByRaceAvg      : num  -0.155 -0.183 -0.163 0.151 0.244 ...
 $ Horse.LastTimeSdvByRaceAvg       : num  0.559 0.595 0.3 0.249 0.193 ...
 $ Horse.FinishTimeSdvAvg           : num  0.346 0.0557 0.499 0.1485 0.0862 ...
 $ Horse.FirstTimeSdvAvg            : num  0.15 -0.124 0.266 0.188 0.164 ...
 $ Horse.LastTimeSdvAvg             : num  0.472 0.318 0.446 0.249 0.142 ...
 $ Horse.RealOddsLog1Avg            : num  3.17 2.99 3.53 3.48 4.12 ...
 $ Horse.RunCount                   : num  53 23 31 19 22 18 37 38 27 31 ...
 $ Horse.HitCount1                  : num  5 1 6 1 1 2 3 4 3 1 ...
 $ Horse.HitCount2                  : num  4 1 0 2 1 1 2 2 4 0 ...
 $ Horse.HitCount3                  : num  8 1 0 1 0 1 3 4 1 1 ...
 $ Horse.HitCount4                  : num  7 1 1 4 2 2 6 6 2 2 ...
 $ Horse.HitCount5                  : num  5 4 0 3 3 3 0 3 1 3 ...
 $ Horse.HitRate1                   : num  0.0943 0.0435 0.1935 0.0526 0.0455 ...
 $ Horse.HitRate2                   : num  0.0755 0.0435 0 0.1053 0.0455 ...
 $ Horse.HitRate3                   : num  0.1509 0.0435 0 0.0526 0 ...
 $ Horse.HitRate4                   : num  0.1321 0.0435 0.0323 0.2105 0.0909 ...
 $ Horse.HitRate5                   : num  0.0943 0.1739 0 0.1579 0.1364 ...
 $ EOF                              : int  1 1 1 1 1 1 1 1 1 1 ...
[1] "2022-03-08 18:55:14 --- RxSqlServerData Finish ---"
[1] "2022-03-08 18:55:14 --- subset Start ---"
[1] "--------------------------------------------------------------------------------"
[1] "nrow(data) subset before=2534"
[1] "nrow(data) subset after =2534"
[1] "nrow(data) subset diff =0"
[1] "--------------------------------------------------------------------------------"
[1] "2022-03-08 18:55:14 --- subset Finish---"
[1] "2022-03-08 18:55:14 --- transform Start ---"
[1] "--------------------------------------------------------------------------------"
[1] "nrow(data) transform before=2534"
[1] "nrow(data) transform after=2534"
[1] "nrow(data) transform diff=0"
[1] "--------------------------------------------------------------------------------"
[1] "str(data)="
'data.frame':	2534 obs. of  48 variables:
 $ Race.RaceId                      : Factor w/ 213 levels "20160109-06-01-02-08",..: 2 2 3 4 6 6 7 8 9 10 ...
 $ Race.IsAnalyzeNormalPastAndFuture: logi  TRUE TRUE TRUE TRUE TRUE TRUE ...
 $ Race.IsAnalyzeNormalPast         : logi  TRUE TRUE TRUE TRUE TRUE TRUE ...
 $ Race.IsAnalyzeNormalFuture       : logi  FALSE FALSE FALSE FALSE FALSE FALSE ...
 $ Race.IsAnalyzeFullPastAndFuture  : logi  TRUE TRUE TRUE TRUE TRUE TRUE ...
 $ Race.IsAnalyzeFullPast           : logi  TRUE TRUE TRUE TRUE TRUE TRUE ...
 $ Race.IsAnalyzeFullFuture         : logi  FALSE FALSE FALSE FALSE FALSE FALSE ...
 $ Race.JyokenCd                    : Factor w/ 1 level "1": 1 1 1 1 1 1 1 1 1 1 ...
 $ Race.JyoType1Cd                  : Factor w/ 55 levels "52-06-3200-1",..: 2 2 3 4 4 4 1 6 7 8 ...
 $ Race.RaceType1Cd                 : Factor w/ 2 levels "3-1-19","3-1-18": 1 1 1 1 1 1 1 1 1 1 ...
 $ RaceHorse.RaceId                 : Factor w/ 213 levels "20160109-06-01-02-08",..: 2 2 3 4 6 6 7 8 9 10 ...
 $ RaceHorse.KettoNum               : Factor w/ 478 levels "2011106614","2010100815",..: 11 12 13 14 15 16 17 18 19 9 ...
 $ RaceHorse.IsHit1                 : num  0 0 0 0 0 0 0 0 0 0 ...
 $ RaceHorse.IsHit2                 : num  0 0 0 0 0 0 0 0 0 0 ...
 $ RaceHorse.IsHit3                 : num  1 0 0 0 0 0 0 1 1 1 ...
 $ RaceHorse.IsHit4                 : num  0 0 0 0 0 0 0 0 0 0 ...
 $ RaceHorse.IsHit5                 : num  0 0 0 1 0 0 0 0 0 0 ...
 $ RaceHorse.IsHit6                 : num  0 1 1 0 1 1 1 0 0 0 ...
 $ RaceHorse.IsValidRaceHorse       : logi  TRUE TRUE TRUE TRUE TRUE TRUE ...
 $ RaceHorse.FinishTimeSdvByRace    : num  0.541 0.215 0.355 0.37 -1.181 ...
 $ RaceHorse.FirstTimeSdvByRace     : num  0.537 0.276 0.271 0.391 -1.262 ...
 $ RaceHorse.LastTimeSdvByRace      : num  0.5523 -0.0921 0.6325 0.2592 -0.7759 ...
 $ RaceHorse.FinishTimeSdv          : num  0.6723 0.332 -0.2003 0.0526 -0.1524 ...
 $ RaceHorse.FirstTimeSdv           : num  0.658 0.3841 -0.2565 0.0608 -0.1905 ...
 $ RaceHorse.LastTimeSdv            : num  0.7098 0.0769 0.0586 0.0156 0.0156 ...
 $ RaceHorse.IsHitA                 : num  0 0 0 0 0 0 0 0 0 0 ...
 $ RaceHorse.IsHitB                 : num  0 0 0 0 0 0 0 0 0 0 ...
 $ RaceHorse.IsHitC                 : num  1 0 0 0 0 0 0 1 1 1 ...
 $ Horse.KettoNum                   : Factor w/ 478 levels "2011106614","2010100815",..: 11 12 13 14 15 16 17 18 19 9 ...
 $ Horse.FinishTimeSdvByRaceAvg     : num  0.301 0.346 0.171 0.227 0.201 ...
 $ Horse.FirstTimeSdvByRaceAvg      : num  -0.155 -0.183 -0.163 0.151 0.244 ...
 $ Horse.LastTimeSdvByRaceAvg       : num  0.559 0.595 0.3 0.249 0.193 ...
 $ Horse.FinishTimeSdvAvg           : num  0.346 0.0557 0.499 0.1485 0.0862 ...
 $ Horse.FirstTimeSdvAvg            : num  0.15 -0.124 0.266 0.188 0.164 ...
 $ Horse.LastTimeSdvAvg             : num  0.472 0.318 0.446 0.249 0.142 ...
 $ Horse.RealOddsLog1Avg            : num  3.17 2.99 3.53 3.48 4.12 ...
 $ Horse.RunCount                   : num  53 23 31 19 22 18 37 38 27 31 ...
 $ Horse.HitCount1                  : num  5 1 6 1 1 2 3 4 3 1 ...
 $ Horse.HitCount2                  : num  4 1 0 2 1 1 2 2 4 0 ...
 $ Horse.HitCount3                  : num  8 1 0 1 0 1 3 4 1 1 ...
 $ Horse.HitCount4                  : num  7 1 1 4 2 2 6 6 2 2 ...
 $ Horse.HitCount5                  : num  5 4 0 3 3 3 0 3 1 3 ...
 $ Horse.HitRate1                   : num  0.0943 0.0435 0.1935 0.0526 0.0455 ...
 $ Horse.HitRate2                   : num  0.0755 0.0435 0 0.1053 0.0455 ...
 $ Horse.HitRate3                   : num  0.1509 0.0435 0 0.0526 0 ...
 $ Horse.HitRate4                   : num  0.1321 0.0435 0.0323 0.2105 0.0909 ...
 $ Horse.HitRate5                   : num  0.0943 0.1739 0 0.1579 0.1364 ...
 $ EOF                              : int  1 1 1 1 1 1 1 1 1 1 ...
NULL
[1] "2022-03-08 18:55:14 --- transform Finish ---"
[1] "2022-03-08 18:55:14 --- na.omit Start ---"
[1] "--------------------------------------------------------------------------------"
[1] "nrow(data) na.omit before=2534"
[1] "nrow(data) na.omit after =2415"
[1] "nrow(data) na.omit diff =119"
[1] "--------------------------------------------------------------------------------"
'data.frame':	2415 obs. of  48 variables:
 $ Race.RaceId                      : Factor w/ 213 levels "20160109-06-01-02-08",..: 2 2 3 4 6 6 7 8 9 10 ...
 $ Race.IsAnalyzeNormalPastAndFuture: logi  TRUE TRUE TRUE TRUE TRUE TRUE ...
 $ Race.IsAnalyzeNormalPast         : logi  TRUE TRUE TRUE TRUE TRUE TRUE ...
 $ Race.IsAnalyzeNormalFuture       : logi  FALSE FALSE FALSE FALSE FALSE FALSE ...
 $ Race.IsAnalyzeFullPastAndFuture  : logi  TRUE TRUE TRUE TRUE TRUE TRUE ...
 $ Race.IsAnalyzeFullPast           : logi  TRUE TRUE TRUE TRUE TRUE TRUE ...
 $ Race.IsAnalyzeFullFuture         : logi  FALSE FALSE FALSE FALSE FALSE FALSE ...
 $ Race.JyokenCd                    : Factor w/ 1 level "1": 1 1 1 1 1 1 1 1 1 1 ...
 $ Race.JyoType1Cd                  : Factor w/ 55 levels "52-06-3200-1",..: 2 2 3 4 4 4 1 6 7 8 ...
 $ Race.RaceType1Cd                 : Factor w/ 2 levels "3-1-19","3-1-18": 1 1 1 1 1 1 1 1 1 1 ...
 $ RaceHorse.RaceId                 : Factor w/ 213 levels "20160109-06-01-02-08",..: 2 2 3 4 6 6 7 8 9 10 ...
 $ RaceHorse.KettoNum               : Factor w/ 478 levels "2011106614","2010100815",..: 11 12 13 14 15 16 17 18 19 9 ...
 $ RaceHorse.IsHit1                 : num  0 0 0 0 0 0 0 0 0 0 ...
 $ RaceHorse.IsHit2                 : num  0 0 0 0 0 0 0 0 0 0 ...
 $ RaceHorse.IsHit3                 : num  1 0 0 0 0 0 0 1 1 1 ...
 $ RaceHorse.IsHit4                 : num  0 0 0 0 0 0 0 0 0 0 ...
 $ RaceHorse.IsHit5                 : num  0 0 0 1 0 0 0 0 0 0 ...
 $ RaceHorse.IsHit6                 : num  0 1 1 0 1 1 1 0 0 0 ...
 $ RaceHorse.IsValidRaceHorse       : logi  TRUE TRUE TRUE TRUE TRUE TRUE ...
 $ RaceHorse.FinishTimeSdvByRace    : num  0.541 0.215 0.355 0.37 -1.181 ...
 $ RaceHorse.FirstTimeSdvByRace     : num  0.537 0.276 0.271 0.391 -1.262 ...
 $ RaceHorse.LastTimeSdvByRace      : num  0.5523 -0.0921 0.6325 0.2592 -0.7759 ...
 $ RaceHorse.FinishTimeSdv          : num  0.6723 0.332 -0.2003 0.0526 -0.1524 ...
 $ RaceHorse.FirstTimeSdv           : num  0.658 0.3841 -0.2565 0.0608 -0.1905 ...
 $ RaceHorse.LastTimeSdv            : num  0.7098 0.0769 0.0586 0.0156 0.0156 ...
 $ RaceHorse.IsHitA                 : num  0 0 0 0 0 0 0 0 0 0 ...
 $ RaceHorse.IsHitB                 : num  0 0 0 0 0 0 0 0 0 0 ...
 $ RaceHorse.IsHitC                 : num  1 0 0 0 0 0 0 1 1 1 ...
 $ Horse.KettoNum                   : Factor w/ 478 levels "2011106614","2010100815",..: 11 12 13 14 15 16 17 18 19 9 ...
 $ Horse.FinishTimeSdvByRaceAvg     : num  0.301 0.346 0.171 0.227 0.201 ...
 $ Horse.FirstTimeSdvByRaceAvg      : num  -0.155 -0.183 -0.163 0.151 0.244 ...
 $ Horse.LastTimeSdvByRaceAvg       : num  0.559 0.595 0.3 0.249 0.193 ...
 $ Horse.FinishTimeSdvAvg           : num  0.346 0.0557 0.499 0.1485 0.0862 ...
 $ Horse.FirstTimeSdvAvg            : num  0.15 -0.124 0.266 0.188 0.164 ...
 $ Horse.LastTimeSdvAvg             : num  0.472 0.318 0.446 0.249 0.142 ...
 $ Horse.RealOddsLog1Avg            : num  3.17 2.99 3.53 3.48 4.12 ...
 $ Horse.RunCount                   : num  53 23 31 19 22 18 37 38 27 31 ...
 $ Horse.HitCount1                  : num  5 1 6 1 1 2 3 4 3 1 ...
 $ Horse.HitCount2                  : num  4 1 0 2 1 1 2 2 4 0 ...
 $ Horse.HitCount3                  : num  8 1 0 1 0 1 3 4 1 1 ...
 $ Horse.HitCount4                  : num  7 1 1 4 2 2 6 6 2 2 ...
 $ Horse.HitCount5                  : num  5 4 0 3 3 3 0 3 1 3 ...
 $ Horse.HitRate1                   : num  0.0943 0.0435 0.1935 0.0526 0.0455 ...
 $ Horse.HitRate2                   : num  0.0755 0.0435 0 0.1053 0.0455 ...
 $ Horse.HitRate3                   : num  0.1509 0.0435 0 0.0526 0 ...
 $ Horse.HitRate4                   : num  0.1321 0.0435 0.0323 0.2105 0.0909 ...
 $ Horse.HitRate5                   : num  0.0943 0.1739 0 0.1579 0.1364 ...
 $ EOF                              : int  1 1 1 1 1 1 1 1 1 1 ...
 - attr(*, "na.action")= 'omit' Named int  12 13 14 49 57 60 61 82 92 158 ...
  ..- attr(*, "names")= chr  "12" "13" "14" "49" ...
[1] "2022-03-08 18:55:15 --- na.omit Finish ---"
[1] "2022-03-08 18:55:15 --- rxLogit with rxStepControl Start ---"

> print(paste0(Sys.time(), " --- source_logic_glm.R Start ---"))
[1] "2022-03-08 18:55:15 --- source_logic_glm.R Start ---"

> formula <- formula(RaceHorse.IsHitA ~ +1 + Horse.FinishTimeSdvByRaceAvg)

> print(paste0(Sys.time(), " --- source_logic_glm.R Finished ---"))
[1] "2022-03-08 18:55:15 --- source_logic_glm.R Finished ---"
Rows Read: 2415, Total Rows Processed: 2415, Total Chunk Time: 0.001 seconds 

Starting values (iteration 1) time: 0.010 secs.
Rows Read: 2415, Total Rows Processed: 2415, Total Chunk Time: Less than .001 seconds 

Iteration 2 time: 0.005 secs.
Rows Read: 2415, Total Rows Processed: 2415, Total Chunk Time: 0.002 seconds 

Iteration 3 time: 0.005 secs.
Rows Read: 2415, Total Rows Processed: 2415, Total Chunk Time: 0.002 seconds 

Iteration 4 time: 0.009 secs.
Rows Read: 2415, Total Rows Processed: 2415, Total Chunk Time: Less than .001 seconds 

Iteration 5 time: 0.005 secs.

Elapsed computation time: 0.054 secs.
Rows Read: 2415, Total Rows Processed: 2415, Total Chunk Time: Less than .001 seconds 

Starting values (iteration 1) time: 0.005 secs.
Rows Read: 2415, Total Rows Processed: 2415, Total Chunk Time: Less than .001 seconds 

Iteration 2 time: 0.004 secs.

Elapsed computation time: 0.022 secs.
Rows Read: 2415, Total Rows Processed: 2415, Total Chunk Time: Less than .001 seconds 

Starting values (iteration 1) time: 0.005 secs.
Rows Read: 2415, Total Rows Processed: 2415, Total Chunk Time: 0.002 seconds 

Iteration 2 time: 0.008 secs.
Rows Read: 2415, Total Rows Processed: 2415, Total Chunk Time: 0.001 seconds 

Iteration 3 time: 0.007 secs.
Rows Read: 2415, Total Rows Processed: 2415, Total Chunk Time: 0.002 seconds 

Iteration 4 time: 0.005 secs.
Rows Read: 2415, Total Rows Processed: 2415, Total Chunk Time: 0.001 seconds 

Iteration 5 time: 0.005 secs.

Elapsed computation time: 0.058 secs.

Elapsed computation time: 0.152 secs.
[1] "--------------------------------------------------------------------------------"
[1] "analyze.results.glm.step="
Logistic Regression Results for: RaceHorse.IsHitA ~
    Horse.FinishTimeSdvByRaceAvg
Data: data
Dependent variable(s): RaceHorse.IsHitA
Total independent variables: 2 
Number of valid observations: 2415
Number of missing observations: 0 
 
Coefficients:
                             RaceHorse.IsHitA
(Intercept)                                -3
Horse.FinishTimeSdvByRaceAvg                3
[1] "analyze.results.glm.step.summary"
Call:
rxLogit(formula = formula, data = data, variableSelection = analyze.results.glm.step.varsel)

Logistic Regression Results for: RaceHorse.IsHitA ~
    Horse.FinishTimeSdvByRaceAvg
Data: data
Dependent variable(s): RaceHorse.IsHitA
Total independent variables: 2 
Number of valid observations: 2415
Number of missing observations: 0 
-2*LogLikelihood: 1363.7 (Residual deviance on 2413 degrees of freedom)
 
Coefficients:
                             Estimate Std. Error z value Pr(>|z|)    
(Intercept)                    -3.293      0.151   -21.8  2.2e-16 ***
Horse.FinishTimeSdvByRaceAvg    2.764      0.329     8.4  2.2e-16 ***
---
Signif. codes:  0 '***' 0.001 '**' 0.01 '*' 0.05 '.' 0.1 ' ' 1

Condition number of final variance-covariance matrix: 1 
Number of iterations: 5
[1] "--------------------------------------------------------------------------------"
[1] "2022-03-08 18:55:15 --- rxLogit with rxStepControl Finish ---"
[1] "2022-03-08 18:55:15 --- rxStepPlot Start ---"
[1] "pdfFilename=pdf_analyze_glm_Horse_Type31_rxStepPlot.pdf"
[1] "rxStepPlot="
[1] "2022-03-08 18:55:15 --- rxStepPlot Finish ---"
[1] "2022-03-08 18:55:15 --- save.image Start ---"
[1] "save.image"
[1] "rdataFilename=RData_analyze_glm_Horse_Type31.RData"
[1] "2022-03-08 18:55:15 --- save.image Finish ---"
[1] "2022-03-08 18:55:15 --- final Start ---"
[1] "--------------------------------------------------------------------------------"
[1] "nrow(data) final=2415"
[1] "--------------------------------------------------------------------------------"
[1] "2022-03-08 18:55:16 --- final Finish ---"
[1] "2022-03-08 18:55:16 --- analyze_glm.R Finished ---"
[1] "2022-03-08 18:55:16 --- log Finish ---"
