[1] "2022-03-08 18:37:10 --- D1115_analyze_glm_Gen02_IsHitA_Type14 Start ---"
[1] "2022-03-08 18:37:10 --- Log Start ---"
[1] "2022-03-08 18:37:10 --- analyze_glm.R Start ---"
[1] "analyzeVersion=D1115"
[1] "analyzeCategory=analyze"
[1] "analyzeType=Gen02"
[1] "analyzeFamily=IsHitA"
[1] "analyzeFunc=glm"
[1] "analyzeTrackTypeCd=1"
[1] "analyzeJyokenCd=4"
[1] "2022-03-08 18:37:10 --- source_function.R Start ---"
[1] "2022-03-08 18:37:10 --- source_function.R Finished ---"

> print(paste0(Sys.time(), " --- source_library.R Start ---"))
[1] "2022-03-08 18:37:10 --- source_library.R Start ---"

> require("RevoScaleR")

> print(paste0(Sys.time(), " --- source_library.R Finished ---"))
[1] "2022-03-08 18:37:10 --- source_library.R Finished ---"
[1] "2022-03-08 18:37:10 --- RxSqlServerData Start ---"
[1] "2022-03-08 18:37:10 --- RxInSqlServer Start ---"
[1] "2022-03-08 18:37:10 --- RxInSqlServer Finish ---"
[1] "2022-03-08 18:37:10 --- rxSetComputeContext Start ---"
[1] "2022-03-08 18:37:10 --- rxSetComputeContext Finish ---"
[1] "2022-03-08 18:37:10 --- RxSqlServerData Start ---"
[1] "sqlQuery=SELECT * FROM ViewAnalyzeD1115analyze01Gen02Type14"
[1] "2022-03-08 18:37:10 --- RxSqlServerData Finish ---"
[1] "2022-03-08 18:37:10 --- rxGetVarInfo Start ---"
[1] "2022-03-08 18:37:12 --- rxGetVarInfo Finish---"
[1] "2022-03-08 18:37:12 --- rxImport Start ---"
Rows Read: 23408, Total Rows Processed: 23408, Total Chunk Time: 651.284 seconds 
[1] "2022-03-08 18:58:54 --- rxImport Finish ---"
[1] "object.size(data) auto=8.2 Mb"
[1] "--------------------------------------------------------------------------------"
[1] "nrow(data) RxSqlServerData=23408"
[1] "--------------------------------------------------------------------------------"
[1] "str(data)="
'data.frame':	23408 obs. of  48 variables:
 $ Race.RaceId                      : Factor w/ 2244 levels "20160423-05-02-01-08",..: 11 12 13 14 15 16 17 18 19 20 ...
 $ Race.IsAnalyzeNormalPastAndFuture: logi  TRUE TRUE TRUE TRUE TRUE TRUE ...
 $ Race.IsAnalyzeNormalPast         : logi  TRUE TRUE TRUE TRUE TRUE TRUE ...
 $ Race.IsAnalyzeNormalFuture       : logi  FALSE FALSE FALSE FALSE FALSE FALSE ...
 $ Race.IsAnalyzeFullPastAndFuture  : logi  TRUE TRUE TRUE TRUE TRUE TRUE ...
 $ Race.IsAnalyzeFullPast           : logi  TRUE TRUE TRUE TRUE TRUE TRUE ...
 $ Race.IsAnalyzeFullFuture         : logi  FALSE FALSE FALSE FALSE FALSE FALSE ...
 $ Race.JyokenCd                    : Factor w/ 1 level "4": 1 1 1 1 1 1 1 1 1 1 ...
 $ Race.JyoType1Cd                  : Factor w/ 180 levels "11-05-2000-1",..: 11 12 13 11 14 15 16 17 17 16 ...
 $ Race.RaceType1Cd                 : Factor w/ 4 levels "1-4-14","1-4-12",..: 1 1 1 1 1 2 1 1 2 1 ...
 $ RaceHorse.RaceId                 : Factor w/ 2244 levels "20160423-05-02-01-08",..: 11 12 13 14 15 16 17 18 19 20 ...
 $ RaceHorse.KettoNum               : Factor w/ 5176 levels "2012100779","2013104025",..: 11 12 13 14 15 16 17 18 19 20 ...
 $ RaceHorse.IsHit1                 : num  0 1 0 0 0 0 0 0 0 0 ...
 $ RaceHorse.IsHit2                 : num  0 0 0 0 0 0 0 0 0 0 ...
 $ RaceHorse.IsHit3                 : num  0 0 0 0 0 0 0 0 0 0 ...
 $ RaceHorse.IsHit4                 : num  0 0 0 0 0 0 0 0 0 0 ...
 $ RaceHorse.IsHit5                 : num  0 0 0 0 0 0 0 0 0 0 ...
 $ RaceHorse.IsHit6                 : num  1 0 1 1 1 1 1 1 1 1 ...
 $ RaceHorse.IsValidRaceHorse       : logi  TRUE TRUE TRUE TRUE TRUE TRUE ...
 $ RaceHorse.FinishTimeSdvByRace    : num  -0.516 1.459 0.187 -0.424 0.171 ...
 $ RaceHorse.FirstTimeSdvByRace     : num  -0.106 0.473 -0.435 0.956 1.397 ...
 $ RaceHorse.LastTimeSdvByRace      : num  -0.433 0.752 0.489 -1.305 -1.231 ...
 $ RaceHorse.FinishTimeSdv          : num  0.616 1.172 0.238 0.83 0.736 ...
 $ RaceHorse.FirstTimeSdv           : num  0.529 0.602 -0.549 0.769 0.686 ...
 $ RaceHorse.LastTimeSdv            : num  0.396 1.028 0.933 0.489 0.248 ...
 $ RaceHorse.IsHitA                 : num  0 1 0 0 0 0 0 0 0 0 ...
 $ RaceHorse.IsHitB                 : num  0 1 0 0 0 0 0 0 0 0 ...
 $ RaceHorse.IsHitC                 : num  0 1 0 0 0 0 0 0 0 0 ...
 $ Gen02.HansyokuNum                : Factor w/ 3638 levels "12250071","12257970",..: 11 12 13 14 15 16 17 18 19 20 ...
 $ Gen02.FinishTimeSdvByRaceAvg     : num  -0.1478 0.7949 0.0117 0.2861 0.0372 ...
 $ Gen02.FirstTimeSdvByRaceAvg      : num  -0.259 0.936 -0.635 0.293 -0.827 ...
 $ Gen02.LastTimeSdvByRaceAvg       : num  0.227955 0.157949 0.470101 0.000348 0.43385 ...
 $ Gen02.FinishTimeSdvAvg           : num  0.671 0.739 0.25 0.436 0.273 ...
 $ Gen02.FirstTimeSdvAvg            : num  0.32846 0.8384 0.29687 0.29406 0.00334 ...
 $ Gen02.LastTimeSdvAvg             : num  0.415 0.106 0.124 0.346 0.465 ...
 $ Gen02.RealOddsLog1Avg            : num  4.29 3.24 3.52 3.05 1.95 ...
 $ Gen02.RunCount                   : num  3 3 6 2 1 1 1 8 2 16 ...
 $ Gen02.HitCount1                  : num  0 1 0 0 0 0 1 0 0 0 ...
 $ Gen02.HitCount2                  : num  0 0 0 0 0 0 0 0 0 3 ...
 $ Gen02.HitCount3                  : num  1 0 2 0 0 0 0 0 0 2 ...
 $ Gen02.HitCount4                  : num  0 0 0 0 0 0 0 0 0 0 ...
 $ Gen02.HitCount5                  : num  0 1 0 0 0 0 0 0 1 5 ...
 $ Gen02.HitRate1                   : num  0 0.333 0 0 0 ...
 $ Gen02.HitRate2                   : num  0 0 0 0 0 ...
 $ Gen02.HitRate3                   : num  0.333 0 0.333 0 0 ...
 $ Gen02.HitRate4                   : num  0 0 0 0 0 0 0 0 0 0 ...
 $ Gen02.HitRate5                   : num  0 0.333 0 0 0 ...
 $ EOF                              : int  1 1 1 1 1 1 1 1 1 1 ...
[1] "2022-03-08 18:58:54 --- RxSqlServerData Finish ---"
[1] "2022-03-08 18:58:54 --- subset Start ---"
[1] "--------------------------------------------------------------------------------"
[1] "nrow(data) subset before=23408"
[1] "nrow(data) subset after =23408"
[1] "nrow(data) subset diff =0"
[1] "--------------------------------------------------------------------------------"
[1] "2022-03-08 18:58:54 --- subset Finish---"
[1] "2022-03-08 18:58:54 --- transform Start ---"
[1] "--------------------------------------------------------------------------------"
[1] "nrow(data) transform before=23408"
[1] "nrow(data) transform after=23408"
[1] "nrow(data) transform diff=0"
[1] "--------------------------------------------------------------------------------"
[1] "str(data)="
'data.frame':	23408 obs. of  48 variables:
 $ Race.RaceId                      : Factor w/ 2244 levels "20160423-05-02-01-08",..: 11 12 13 14 15 16 17 18 19 20 ...
 $ Race.IsAnalyzeNormalPastAndFuture: logi  TRUE TRUE TRUE TRUE TRUE TRUE ...
 $ Race.IsAnalyzeNormalPast         : logi  TRUE TRUE TRUE TRUE TRUE TRUE ...
 $ Race.IsAnalyzeNormalFuture       : logi  FALSE FALSE FALSE FALSE FALSE FALSE ...
 $ Race.IsAnalyzeFullPastAndFuture  : logi  TRUE TRUE TRUE TRUE TRUE TRUE ...
 $ Race.IsAnalyzeFullPast           : logi  TRUE TRUE TRUE TRUE TRUE TRUE ...
 $ Race.IsAnalyzeFullFuture         : logi  FALSE FALSE FALSE FALSE FALSE FALSE ...
 $ Race.JyokenCd                    : Factor w/ 1 level "4": 1 1 1 1 1 1 1 1 1 1 ...
 $ Race.JyoType1Cd                  : Factor w/ 180 levels "11-05-2000-1",..: 11 12 13 11 14 15 16 17 17 16 ...
 $ Race.RaceType1Cd                 : Factor w/ 4 levels "1-4-14","1-4-12",..: 1 1 1 1 1 2 1 1 2 1 ...
 $ RaceHorse.RaceId                 : Factor w/ 2244 levels "20160423-05-02-01-08",..: 11 12 13 14 15 16 17 18 19 20 ...
 $ RaceHorse.KettoNum               : Factor w/ 5176 levels "2012100779","2013104025",..: 11 12 13 14 15 16 17 18 19 20 ...
 $ RaceHorse.IsHit1                 : num  0 1 0 0 0 0 0 0 0 0 ...
 $ RaceHorse.IsHit2                 : num  0 0 0 0 0 0 0 0 0 0 ...
 $ RaceHorse.IsHit3                 : num  0 0 0 0 0 0 0 0 0 0 ...
 $ RaceHorse.IsHit4                 : num  0 0 0 0 0 0 0 0 0 0 ...
 $ RaceHorse.IsHit5                 : num  0 0 0 0 0 0 0 0 0 0 ...
 $ RaceHorse.IsHit6                 : num  1 0 1 1 1 1 1 1 1 1 ...
 $ RaceHorse.IsValidRaceHorse       : logi  TRUE TRUE TRUE TRUE TRUE TRUE ...
 $ RaceHorse.FinishTimeSdvByRace    : num  -0.516 1.459 0.187 -0.424 0.171 ...
 $ RaceHorse.FirstTimeSdvByRace     : num  -0.106 0.473 -0.435 0.956 1.397 ...
 $ RaceHorse.LastTimeSdvByRace      : num  -0.433 0.752 0.489 -1.305 -1.231 ...
 $ RaceHorse.FinishTimeSdv          : num  0.616 1.172 0.238 0.83 0.736 ...
 $ RaceHorse.FirstTimeSdv           : num  0.529 0.602 -0.549 0.769 0.686 ...
 $ RaceHorse.LastTimeSdv            : num  0.396 1.028 0.933 0.489 0.248 ...
 $ RaceHorse.IsHitA                 : num  0 1 0 0 0 0 0 0 0 0 ...
 $ RaceHorse.IsHitB                 : num  0 1 0 0 0 0 0 0 0 0 ...
 $ RaceHorse.IsHitC                 : num  0 1 0 0 0 0 0 0 0 0 ...
 $ Gen02.HansyokuNum                : Factor w/ 3638 levels "12250071","12257970",..: 11 12 13 14 15 16 17 18 19 20 ...
 $ Gen02.FinishTimeSdvByRaceAvg     : num  -0.1478 0.7949 0.0117 0.2861 0.0372 ...
 $ Gen02.FirstTimeSdvByRaceAvg      : num  -0.259 0.936 -0.635 0.293 -0.827 ...
 $ Gen02.LastTimeSdvByRaceAvg       : num  0.227955 0.157949 0.470101 0.000348 0.43385 ...
 $ Gen02.FinishTimeSdvAvg           : num  0.671 0.739 0.25 0.436 0.273 ...
 $ Gen02.FirstTimeSdvAvg            : num  0.32846 0.8384 0.29687 0.29406 0.00334 ...
 $ Gen02.LastTimeSdvAvg             : num  0.415 0.106 0.124 0.346 0.465 ...
 $ Gen02.RealOddsLog1Avg            : num  4.29 3.24 3.52 3.05 1.95 ...
 $ Gen02.RunCount                   : num  3 3 6 2 1 1 1 8 2 16 ...
 $ Gen02.HitCount1                  : num  0 1 0 0 0 0 1 0 0 0 ...
 $ Gen02.HitCount2                  : num  0 0 0 0 0 0 0 0 0 3 ...
 $ Gen02.HitCount3                  : num  1 0 2 0 0 0 0 0 0 2 ...
 $ Gen02.HitCount4                  : num  0 0 0 0 0 0 0 0 0 0 ...
 $ Gen02.HitCount5                  : num  0 1 0 0 0 0 0 0 1 5 ...
 $ Gen02.HitRate1                   : num  0 0.333 0 0 0 ...
 $ Gen02.HitRate2                   : num  0 0 0 0 0 ...
 $ Gen02.HitRate3                   : num  0.333 0 0.333 0 0 ...
 $ Gen02.HitRate4                   : num  0 0 0 0 0 0 0 0 0 0 ...
 $ Gen02.HitRate5                   : num  0 0.333 0 0 0 ...
 $ EOF                              : int  1 1 1 1 1 1 1 1 1 1 ...
NULL
[1] "2022-03-08 18:58:54 --- transform Finish ---"
[1] "2022-03-08 18:58:54 --- na.omit Start ---"
[1] "--------------------------------------------------------------------------------"
[1] "nrow(data) na.omit before=23408"
[1] "nrow(data) na.omit after =23284"
[1] "nrow(data) na.omit diff =124"
[1] "--------------------------------------------------------------------------------"
'data.frame':	23284 obs. of  48 variables:
 $ Race.RaceId                      : Factor w/ 2244 levels "20160423-05-02-01-08",..: 11 12 13 14 15 16 17 18 19 20 ...
 $ Race.IsAnalyzeNormalPastAndFuture: logi  TRUE TRUE TRUE TRUE TRUE TRUE ...
 $ Race.IsAnalyzeNormalPast         : logi  TRUE TRUE TRUE TRUE TRUE TRUE ...
 $ Race.IsAnalyzeNormalFuture       : logi  FALSE FALSE FALSE FALSE FALSE FALSE ...
 $ Race.IsAnalyzeFullPastAndFuture  : logi  TRUE TRUE TRUE TRUE TRUE TRUE ...
 $ Race.IsAnalyzeFullPast           : logi  TRUE TRUE TRUE TRUE TRUE TRUE ...
 $ Race.IsAnalyzeFullFuture         : logi  FALSE FALSE FALSE FALSE FALSE FALSE ...
 $ Race.JyokenCd                    : Factor w/ 1 level "4": 1 1 1 1 1 1 1 1 1 1 ...
 $ Race.JyoType1Cd                  : Factor w/ 180 levels "11-05-2000-1",..: 11 12 13 11 14 15 16 17 17 16 ...
 $ Race.RaceType1Cd                 : Factor w/ 4 levels "1-4-14","1-4-12",..: 1 1 1 1 1 2 1 1 2 1 ...
 $ RaceHorse.RaceId                 : Factor w/ 2244 levels "20160423-05-02-01-08",..: 11 12 13 14 15 16 17 18 19 20 ...
 $ RaceHorse.KettoNum               : Factor w/ 5176 levels "2012100779","2013104025",..: 11 12 13 14 15 16 17 18 19 20 ...
 $ RaceHorse.IsHit1                 : num  0 1 0 0 0 0 0 0 0 0 ...
 $ RaceHorse.IsHit2                 : num  0 0 0 0 0 0 0 0 0 0 ...
 $ RaceHorse.IsHit3                 : num  0 0 0 0 0 0 0 0 0 0 ...
 $ RaceHorse.IsHit4                 : num  0 0 0 0 0 0 0 0 0 0 ...
 $ RaceHorse.IsHit5                 : num  0 0 0 0 0 0 0 0 0 0 ...
 $ RaceHorse.IsHit6                 : num  1 0 1 1 1 1 1 1 1 1 ...
 $ RaceHorse.IsValidRaceHorse       : logi  TRUE TRUE TRUE TRUE TRUE TRUE ...
 $ RaceHorse.FinishTimeSdvByRace    : num  -0.516 1.459 0.187 -0.424 0.171 ...
 $ RaceHorse.FirstTimeSdvByRace     : num  -0.106 0.473 -0.435 0.956 1.397 ...
 $ RaceHorse.LastTimeSdvByRace      : num  -0.433 0.752 0.489 -1.305 -1.231 ...
 $ RaceHorse.FinishTimeSdv          : num  0.616 1.172 0.238 0.83 0.736 ...
 $ RaceHorse.FirstTimeSdv           : num  0.529 0.602 -0.549 0.769 0.686 ...
 $ RaceHorse.LastTimeSdv            : num  0.396 1.028 0.933 0.489 0.248 ...
 $ RaceHorse.IsHitA                 : num  0 1 0 0 0 0 0 0 0 0 ...
 $ RaceHorse.IsHitB                 : num  0 1 0 0 0 0 0 0 0 0 ...
 $ RaceHorse.IsHitC                 : num  0 1 0 0 0 0 0 0 0 0 ...
 $ Gen02.HansyokuNum                : Factor w/ 3638 levels "12250071","12257970",..: 11 12 13 14 15 16 17 18 19 20 ...
 $ Gen02.FinishTimeSdvByRaceAvg     : num  -0.1478 0.7949 0.0117 0.2861 0.0372 ...
 $ Gen02.FirstTimeSdvByRaceAvg      : num  -0.259 0.936 -0.635 0.293 -0.827 ...
 $ Gen02.LastTimeSdvByRaceAvg       : num  0.227955 0.157949 0.470101 0.000348 0.43385 ...
 $ Gen02.FinishTimeSdvAvg           : num  0.671 0.739 0.25 0.436 0.273 ...
 $ Gen02.FirstTimeSdvAvg            : num  0.32846 0.8384 0.29687 0.29406 0.00334 ...
 $ Gen02.LastTimeSdvAvg             : num  0.415 0.106 0.124 0.346 0.465 ...
 $ Gen02.RealOddsLog1Avg            : num  4.29 3.24 3.52 3.05 1.95 ...
 $ Gen02.RunCount                   : num  3 3 6 2 1 1 1 8 2 16 ...
 $ Gen02.HitCount1                  : num  0 1 0 0 0 0 1 0 0 0 ...
 $ Gen02.HitCount2                  : num  0 0 0 0 0 0 0 0 0 3 ...
 $ Gen02.HitCount3                  : num  1 0 2 0 0 0 0 0 0 2 ...
 $ Gen02.HitCount4                  : num  0 0 0 0 0 0 0 0 0 0 ...
 $ Gen02.HitCount5                  : num  0 1 0 0 0 0 0 0 1 5 ...
 $ Gen02.HitRate1                   : num  0 0.333 0 0 0 ...
 $ Gen02.HitRate2                   : num  0 0 0 0 0 ...
 $ Gen02.HitRate3                   : num  0.333 0 0.333 0 0 ...
 $ Gen02.HitRate4                   : num  0 0 0 0 0 0 0 0 0 0 ...
 $ Gen02.HitRate5                   : num  0 0.333 0 0 0 ...
 $ EOF                              : int  1 1 1 1 1 1 1 1 1 1 ...
 - attr(*, "na.action")= 'omit' Named int  29 33 375 573 1014 1057 1397 1887 2592 2607 ...
  ..- attr(*, "names")= chr  "29" "33" "375" "573" ...
[1] "2022-03-08 18:58:54 --- na.omit Finish ---"
[1] "2022-03-08 18:58:54 --- rxLogit with rxStepControl Start ---"

> print(paste0(Sys.time(), " --- source_logic_glm.R Start ---"))
[1] "2022-03-08 18:58:54 --- source_logic_glm.R Start ---"

> formula <- formula(RaceHorse.IsHitA ~ +1 + Gen02.FinishTimeSdvByRaceAvg)

> print(paste0(Sys.time(), " --- source_logic_glm.R Finished ---"))
[1] "2022-03-08 18:58:54 --- source_logic_glm.R Finished ---"
Rows Read: 23284, Total Rows Processed: 23284, Total Chunk Time: 0.002 seconds 

Starting values (iteration 1) time: 0.012 secs.
Rows Read: 23284, Total Rows Processed: 23284, Total Chunk Time: 0.002 seconds 

Iteration 2 time: 0.010 secs.
Rows Read: 23284, Total Rows Processed: 23284, Total Chunk Time: 0.002 seconds 

Iteration 3 time: 0.005 secs.
Rows Read: 23284, Total Rows Processed: 23284, Total Chunk Time: 0.003 seconds 

Iteration 4 time: 0.005 secs.
Rows Read: 23284, Total Rows Processed: 23284, Total Chunk Time: 0.002 seconds 

Iteration 5 time: 0.006 secs.

Elapsed computation time: 0.053 secs.
Rows Read: 23284, Total Rows Processed: 23284, Total Chunk Time: Less than .001 seconds 

Starting values (iteration 1) time: 0.010 secs.
Rows Read: 23284, Total Rows Processed: 23284, Total Chunk Time: 0.002 seconds 

Iteration 2 time: 0.008 secs.

Elapsed computation time: 0.026 secs.
Rows Read: 23284, Total Rows Processed: 23284, Total Chunk Time: 0.002 seconds 

Starting values (iteration 1) time: 0.008 secs.
Rows Read: 23284, Total Rows Processed: 23284, Total Chunk Time: 0.003 seconds 

Iteration 2 time: 0.009 secs.
Rows Read: 23284, Total Rows Processed: 23284, Total Chunk Time: 0.003 seconds 

Iteration 3 time: 0.005 secs.
Rows Read: 23284, Total Rows Processed: 23284, Total Chunk Time: 0.003 seconds 

Iteration 4 time: 0.005 secs.
Rows Read: 23284, Total Rows Processed: 23284, Total Chunk Time: 0.003 seconds 

Iteration 5 time: 0.005 secs.

Elapsed computation time: 0.047 secs.

Elapsed computation time: 0.143 secs.
[1] "--------------------------------------------------------------------------------"
[1] "analyze.results.glm.step="
Logistic Regression Results for: RaceHorse.IsHitA ~
    Gen02.FinishTimeSdvByRaceAvg
Data: data
Dependent variable(s): RaceHorse.IsHitA
Total independent variables: 2 
Number of valid observations: 23284
Number of missing observations: 0 
 
Coefficients:
                             RaceHorse.IsHitA
(Intercept)                                -3
Gen02.FinishTimeSdvByRaceAvg                1
[1] "analyze.results.glm.step.summary"
Call:
rxLogit(formula = formula, data = data, variableSelection = analyze.results.glm.step.varsel)

Logistic Regression Results for: RaceHorse.IsHitA ~
    Gen02.FinishTimeSdvByRaceAvg
Data: data
Dependent variable(s): RaceHorse.IsHitA
Total independent variables: 2 
Number of valid observations: 23284
Number of missing observations: 0 
-2*LogLikelihood: 11771.044 (Residual deviance on 23282 degrees of freedom)
 
Coefficients:
                             Estimate Std. Error z value Pr(>|z|)    
(Intercept)                   -2.8829     0.0340   -84.8  2.2e-16 ***
Gen02.FinishTimeSdvByRaceAvg   1.0736     0.0502    21.4  2.2e-16 ***
---
Signif. codes:  0 '***' 0.001 '**' 0.01 '*' 0.05 '.' 0.1 ' ' 1

Condition number of final variance-covariance matrix: 1 
Number of iterations: 5
[1] "--------------------------------------------------------------------------------"
[1] "2022-03-08 18:58:55 --- rxLogit with rxStepControl Finish ---"
[1] "2022-03-08 18:58:55 --- rxStepPlot Start ---"
[1] "pdfFilename=pdf_analyze_glm_Gen02_Type14_rxStepPlot.pdf"
[1] "rxStepPlot="
[1] "2022-03-08 18:58:55 --- rxStepPlot Finish ---"
[1] "2022-03-08 18:58:55 --- save.image Start ---"
[1] "save.image"
[1] "rdataFilename=RData_analyze_glm_Gen02_Type14.RData"
[1] "2022-03-08 18:58:55 --- save.image Finish ---"
[1] "2022-03-08 18:58:55 --- final Start ---"
[1] "--------------------------------------------------------------------------------"
[1] "nrow(data) final=23284"
[1] "--------------------------------------------------------------------------------"
[1] "2022-03-08 18:58:55 --- final Finish ---"
[1] "2022-03-08 18:58:55 --- analyze_glm.R Finished ---"
[1] "2022-03-08 18:58:55 --- log Finish ---"
