[1] "2022-02-21 22:10:03 --- D1115_analyze_glm_Gen02_IsHitA_Type24 Start ---"
[1] "2022-02-21 22:10:03 --- Log Start ---"
[1] "2022-02-21 22:10:03 --- analyze_glm.R Start ---"
[1] "analyzeVersion=D1115"
[1] "analyzeCategory=analyze"
[1] "analyzeType=Gen02"
[1] "analyzeFamily=IsHitA"
[1] "analyzeFunc=glm"
[1] "analyzeTrackTypeCd=2"
[1] "analyzeJyokenCd=4"
[1] "2022-02-21 22:10:03 --- source_function.R Start ---"
[1] "2022-02-21 22:10:03 --- source_function.R Finished ---"

> print(paste0(Sys.time(), " --- source_library.R Start ---"))
[1] "2022-02-21 22:10:03 --- source_library.R Start ---"

> require("RevoScaleR")

> print(paste0(Sys.time(), " --- source_library.R Finished ---"))
[1] "2022-02-21 22:10:06 --- source_library.R Finished ---"
[1] "2022-02-21 22:10:06 --- RxSqlServerData Start ---"
[1] "2022-02-21 22:10:06 --- RxInSqlServer Start ---"
[1] "2022-02-21 22:10:06 --- RxInSqlServer Finish ---"
[1] "2022-02-21 22:10:06 --- rxSetComputeContext Start ---"
[1] "2022-02-21 22:10:06 --- rxSetComputeContext Finish ---"
[1] "2022-02-21 22:10:06 --- RxSqlServerData Start ---"
[1] "sqlQuery=SELECT * FROM ViewAnalyzeD1115analyze01Gen02Type24"
[1] "2022-02-21 22:10:06 --- RxSqlServerData Finish ---"
[1] "2022-02-21 22:10:06 --- rxGetVarInfo Start ---"
[1] "2022-02-21 22:10:08 --- rxGetVarInfo Finish---"
[1] "2022-02-21 22:10:08 --- rxImport Start ---"
Rows Read: 35323, Total Rows Processed: 35323, Total Chunk Time: 279.350 seconds 
[1] "2022-02-21 22:26:13 --- rxImport Finish ---"
[1] "object.size(data) auto=7.8 Mb"
[1] "--------------------------------------------------------------------------------"
[1] "nrow(data) RxSqlServerData=35323"
[1] "--------------------------------------------------------------------------------"
[1] "str(data)="
'data.frame':	35323 obs. of  39 variables:
 $ Race.RaceId                      : Factor w/ 2829 levels "20160312-09-01-05-05",..: 2 2 2 2 2 2 2 2 2 2 ...
 $ Race.IsPredictedRace             : logi  TRUE TRUE TRUE TRUE TRUE TRUE ...
 $ Race.IsAnalyzeNormalPastAndFuture: logi  TRUE TRUE TRUE TRUE TRUE TRUE ...
 $ Race.IsAnalyzeNormalPast         : logi  TRUE TRUE TRUE TRUE TRUE TRUE ...
 $ Race.IsAnalyzeNormalFuture       : logi  FALSE FALSE FALSE FALSE FALSE FALSE ...
 $ Race.IsAnalyzeFullPastAndFuture  : logi  TRUE TRUE TRUE TRUE TRUE TRUE ...
 $ Race.IsAnalyzeFullPast           : logi  TRUE TRUE TRUE TRUE TRUE TRUE ...
 $ Race.IsAnalyzeFullFuture         : logi  FALSE FALSE FALSE FALSE FALSE FALSE ...
 $ Race.JyokenCd                    : Factor w/ 1 level "4": 1 1 1 1 1 1 1 1 1 1 ...
 $ Race.RaceType1Cd                 : Factor w/ 2 levels "2-4-X","2-4-E": 1 1 1 1 1 1 1 1 1 1 ...
 $ RaceHorse.RaceId                 : Factor w/ 2829 levels "20160312-09-01-05-05",..: 2 2 2 2 2 2 2 2 2 2 ...
 $ RaceHorse.KettoNum               : Factor w/ 6955 levels "2011100636","2011102511",..: 11 12 13 14 15 16 17 18 19 20 ...
 $ RaceHorse.IsHit1                 : int  0 0 0 0 0 0 1 0 0 0 ...
 $ RaceHorse.IsHit2                 : int  0 0 0 0 0 0 0 0 1 0 ...
 $ RaceHorse.IsHit3                 : int  0 0 1 0 0 0 0 0 0 0 ...
 $ RaceHorse.IsHit4                 : int  0 0 0 0 1 0 0 0 0 0 ...
 $ RaceHorse.IsHit5                 : int  0 0 0 0 0 0 0 0 0 1 ...
 $ RaceHorse.IsHit6                 : int  1 1 0 1 0 1 0 1 0 0 ...
 $ RaceHorse.IsValidRaceHorse       : logi  TRUE TRUE TRUE TRUE TRUE TRUE ...
 $ RaceHorse.IsHitA                 : int  0 0 0 0 0 0 1 0 0 0 ...
 $ RaceHorse.IsHitB                 : int  0 0 0 0 0 0 1 0 1 0 ...
 $ RaceHorse.IsHitC                 : int  0 0 1 0 0 0 1 0 1 0 ...
 $ Gen02.HansyokuNum                : Factor w/ 4861 levels "12256547","12249514",..: 11 12 13 14 15 16 17 18 19 20 ...
 $ Gen02.TimeSdvByRaceAvg           : num  0.372 -0.112 0.194 0.216 0.702 ...
 $ Gen02.TimeSdvByRaceMin           : num  0.372 -1.769 0.194 -0.49 0.702 ...
 $ Gen02.TimeSdvByRaceMax           : num  0.372 1.869 0.194 0.922 0.702 ...
 $ Gen02.OrderOfFinishSdvAvg        : num  0.1585 -0.3656 -0.0744 0.0421 0.8573 ...
 $ Gen02.RunCount                   : int  1 4 1 2 1 2 1 1 1 1 ...
 $ Gen02.HitCount1                  : int  0 1 0 1 0 1 0 0 0 0 ...
 $ Gen02.HitCount2                  : int  0 0 0 0 0 0 1 0 0 0 ...
 $ Gen02.HitCount3                  : int  0 0 0 0 0 0 0 0 0 0 ...
 $ Gen02.HitCount4                  : int  0 0 0 0 1 0 0 0 0 0 ...
 $ Gen02.HitCount5                  : int  0 0 0 0 0 0 0 0 1 0 ...
 $ Gen02.HitRate1                   : num  0 0.25 0 0.5 0 0.5 0 0 0 0 ...
 $ Gen02.HitRate2                   : num  0 0 0 0 0 0 1 0 0 0 ...
 $ Gen02.HitRate3                   : num  0 0 0 0 0 0 0 0 0 0 ...
 $ Gen02.HitRate4                   : num  0 0 0 0 1 0 0 0 0 0 ...
 $ Gen02.HitRate5                   : num  0 0 0 0 0 0 0 0 1 0 ...
 $ EOF                              : int  1 1 1 1 1 1 1 1 1 1 ...
[1] "2022-02-21 22:26:13 --- RxSqlServerData Finish ---"
[1] "2022-02-21 22:26:13 --- subset Start ---"
[1] "--------------------------------------------------------------------------------"
[1] "nrow(data) subset before=35323"
[1] "nrow(data) subset after =35323"
[1] "nrow(data) subset diff =0"
[1] "--------------------------------------------------------------------------------"
[1] "2022-02-21 22:26:13 --- subset Finish---"
[1] "2022-02-21 22:26:13 --- transform Start ---"
[1] "--------------------------------------------------------------------------------"
[1] "nrow(data) transform before=35323"
[1] "nrow(data) transform after=35323"
[1] "nrow(data) transform diff=0"
[1] "--------------------------------------------------------------------------------"
[1] "str(data)="
'data.frame':	35323 obs. of  39 variables:
 $ Race.RaceId                      : Factor w/ 2829 levels "20160312-09-01-05-05",..: 2 2 2 2 2 2 2 2 2 2 ...
 $ Race.IsPredictedRace             : logi  TRUE TRUE TRUE TRUE TRUE TRUE ...
 $ Race.IsAnalyzeNormalPastAndFuture: logi  TRUE TRUE TRUE TRUE TRUE TRUE ...
 $ Race.IsAnalyzeNormalPast         : logi  TRUE TRUE TRUE TRUE TRUE TRUE ...
 $ Race.IsAnalyzeNormalFuture       : logi  FALSE FALSE FALSE FALSE FALSE FALSE ...
 $ Race.IsAnalyzeFullPastAndFuture  : logi  TRUE TRUE TRUE TRUE TRUE TRUE ...
 $ Race.IsAnalyzeFullPast           : logi  TRUE TRUE TRUE TRUE TRUE TRUE ...
 $ Race.IsAnalyzeFullFuture         : logi  FALSE FALSE FALSE FALSE FALSE FALSE ...
 $ Race.JyokenCd                    : Factor w/ 1 level "4": 1 1 1 1 1 1 1 1 1 1 ...
 $ Race.RaceType1Cd                 : Factor w/ 2 levels "2-4-X","2-4-E": 1 1 1 1 1 1 1 1 1 1 ...
 $ RaceHorse.RaceId                 : Factor w/ 2829 levels "20160312-09-01-05-05",..: 2 2 2 2 2 2 2 2 2 2 ...
 $ RaceHorse.KettoNum               : Factor w/ 6955 levels "2011100636","2011102511",..: 11 12 13 14 15 16 17 18 19 20 ...
 $ RaceHorse.IsHit1                 : int  0 0 0 0 0 0 1 0 0 0 ...
 $ RaceHorse.IsHit2                 : int  0 0 0 0 0 0 0 0 1 0 ...
 $ RaceHorse.IsHit3                 : int  0 0 1 0 0 0 0 0 0 0 ...
 $ RaceHorse.IsHit4                 : int  0 0 0 0 1 0 0 0 0 0 ...
 $ RaceHorse.IsHit5                 : int  0 0 0 0 0 0 0 0 0 1 ...
 $ RaceHorse.IsHit6                 : int  1 1 0 1 0 1 0 1 0 0 ...
 $ RaceHorse.IsValidRaceHorse       : logi  TRUE TRUE TRUE TRUE TRUE TRUE ...
 $ RaceHorse.IsHitA                 : int  0 0 0 0 0 0 1 0 0 0 ...
 $ RaceHorse.IsHitB                 : int  0 0 0 0 0 0 1 0 1 0 ...
 $ RaceHorse.IsHitC                 : int  0 0 1 0 0 0 1 0 1 0 ...
 $ Gen02.HansyokuNum                : Factor w/ 4861 levels "12256547","12249514",..: 11 12 13 14 15 16 17 18 19 20 ...
 $ Gen02.TimeSdvByRaceAvg           : num  0.372 -0.112 0.194 0.216 0.702 ...
 $ Gen02.TimeSdvByRaceMin           : num  0.372 -1.769 0.194 -0.49 0.702 ...
 $ Gen02.TimeSdvByRaceMax           : num  0.372 1.869 0.194 0.922 0.702 ...
 $ Gen02.OrderOfFinishSdvAvg        : num  0.1585 -0.3656 -0.0744 0.0421 0.8573 ...
 $ Gen02.RunCount                   : int  1 4 1 2 1 2 1 1 1 1 ...
 $ Gen02.HitCount1                  : int  0 1 0 1 0 1 0 0 0 0 ...
 $ Gen02.HitCount2                  : int  0 0 0 0 0 0 1 0 0 0 ...
 $ Gen02.HitCount3                  : int  0 0 0 0 0 0 0 0 0 0 ...
 $ Gen02.HitCount4                  : int  0 0 0 0 1 0 0 0 0 0 ...
 $ Gen02.HitCount5                  : int  0 0 0 0 0 0 0 0 1 0 ...
 $ Gen02.HitRate1                   : num  0 0.25 0 0.5 0 0.5 0 0 0 0 ...
 $ Gen02.HitRate2                   : num  0 0 0 0 0 0 1 0 0 0 ...
 $ Gen02.HitRate3                   : num  0 0 0 0 0 0 0 0 0 0 ...
 $ Gen02.HitRate4                   : num  0 0 0 0 1 0 0 0 0 0 ...
 $ Gen02.HitRate5                   : num  0 0 0 0 0 0 0 0 1 0 ...
 $ EOF                              : int  1 1 1 1 1 1 1 1 1 1 ...
NULL
[1] "2022-02-21 22:26:14 --- transform Finish ---"
[1] "2022-02-21 22:26:14 --- na.omit Start ---"
[1] "--------------------------------------------------------------------------------"
[1] "nrow(data) na.omit before=35323"
[1] "nrow(data) na.omit after =35323"
[1] "nrow(data) na.omit diff =0"
[1] "--------------------------------------------------------------------------------"
'data.frame':	35323 obs. of  39 variables:
 $ Race.RaceId                      : Factor w/ 2829 levels "20160312-09-01-05-05",..: 2 2 2 2 2 2 2 2 2 2 ...
 $ Race.IsPredictedRace             : logi  TRUE TRUE TRUE TRUE TRUE TRUE ...
 $ Race.IsAnalyzeNormalPastAndFuture: logi  TRUE TRUE TRUE TRUE TRUE TRUE ...
 $ Race.IsAnalyzeNormalPast         : logi  TRUE TRUE TRUE TRUE TRUE TRUE ...
 $ Race.IsAnalyzeNormalFuture       : logi  FALSE FALSE FALSE FALSE FALSE FALSE ...
 $ Race.IsAnalyzeFullPastAndFuture  : logi  TRUE TRUE TRUE TRUE TRUE TRUE ...
 $ Race.IsAnalyzeFullPast           : logi  TRUE TRUE TRUE TRUE TRUE TRUE ...
 $ Race.IsAnalyzeFullFuture         : logi  FALSE FALSE FALSE FALSE FALSE FALSE ...
 $ Race.JyokenCd                    : Factor w/ 1 level "4": 1 1 1 1 1 1 1 1 1 1 ...
 $ Race.RaceType1Cd                 : Factor w/ 2 levels "2-4-X","2-4-E": 1 1 1 1 1 1 1 1 1 1 ...
 $ RaceHorse.RaceId                 : Factor w/ 2829 levels "20160312-09-01-05-05",..: 2 2 2 2 2 2 2 2 2 2 ...
 $ RaceHorse.KettoNum               : Factor w/ 6955 levels "2011100636","2011102511",..: 11 12 13 14 15 16 17 18 19 20 ...
 $ RaceHorse.IsHit1                 : int  0 0 0 0 0 0 1 0 0 0 ...
 $ RaceHorse.IsHit2                 : int  0 0 0 0 0 0 0 0 1 0 ...
 $ RaceHorse.IsHit3                 : int  0 0 1 0 0 0 0 0 0 0 ...
 $ RaceHorse.IsHit4                 : int  0 0 0 0 1 0 0 0 0 0 ...
 $ RaceHorse.IsHit5                 : int  0 0 0 0 0 0 0 0 0 1 ...
 $ RaceHorse.IsHit6                 : int  1 1 0 1 0 1 0 1 0 0 ...
 $ RaceHorse.IsValidRaceHorse       : logi  TRUE TRUE TRUE TRUE TRUE TRUE ...
 $ RaceHorse.IsHitA                 : int  0 0 0 0 0 0 1 0 0 0 ...
 $ RaceHorse.IsHitB                 : int  0 0 0 0 0 0 1 0 1 0 ...
 $ RaceHorse.IsHitC                 : int  0 0 1 0 0 0 1 0 1 0 ...
 $ Gen02.HansyokuNum                : Factor w/ 4861 levels "12256547","12249514",..: 11 12 13 14 15 16 17 18 19 20 ...
 $ Gen02.TimeSdvByRaceAvg           : num  0.372 -0.112 0.194 0.216 0.702 ...
 $ Gen02.TimeSdvByRaceMin           : num  0.372 -1.769 0.194 -0.49 0.702 ...
 $ Gen02.TimeSdvByRaceMax           : num  0.372 1.869 0.194 0.922 0.702 ...
 $ Gen02.OrderOfFinishSdvAvg        : num  0.1585 -0.3656 -0.0744 0.0421 0.8573 ...
 $ Gen02.RunCount                   : int  1 4 1 2 1 2 1 1 1 1 ...
 $ Gen02.HitCount1                  : int  0 1 0 1 0 1 0 0 0 0 ...
 $ Gen02.HitCount2                  : int  0 0 0 0 0 0 1 0 0 0 ...
 $ Gen02.HitCount3                  : int  0 0 0 0 0 0 0 0 0 0 ...
 $ Gen02.HitCount4                  : int  0 0 0 0 1 0 0 0 0 0 ...
 $ Gen02.HitCount5                  : int  0 0 0 0 0 0 0 0 1 0 ...
 $ Gen02.HitRate1                   : num  0 0.25 0 0.5 0 0.5 0 0 0 0 ...
 $ Gen02.HitRate2                   : num  0 0 0 0 0 0 1 0 0 0 ...
 $ Gen02.HitRate3                   : num  0 0 0 0 0 0 0 0 0 0 ...
 $ Gen02.HitRate4                   : num  0 0 0 0 1 0 0 0 0 0 ...
 $ Gen02.HitRate5                   : num  0 0 0 0 0 0 0 0 1 0 ...
 $ EOF                              : int  1 1 1 1 1 1 1 1 1 1 ...
[1] "2022-02-21 22:26:14 --- na.omit Finish ---"
[1] "2022-02-21 22:26:14 --- rxGlm with rxStepControl Start ---"

> print(paste0(Sys.time(), " --- source_logic_glm.R Start ---"))
[1] "2022-02-21 22:26:14 --- source_logic_glm.R Start ---"

> formula <- formula(RaceHorse.IsHitA ~ +1 + Gen02.OrderOfFinishSdvAvg)

> print(paste0(Sys.time(), " --- source_logic_glm.R Finished ---"))
[1] "2022-02-21 22:26:14 --- source_logic_glm.R Finished ---"
Rows Read: 35323, Total Rows Processed: 35323, Total Chunk Time: 0.002 seconds 

Starting values (iteration 1) time: 0.013 secs.
Rows Read: 35323, Total Rows Processed: 35323, Total Chunk Time: 0.003 seconds 

Iteration 2 time: 0.008 secs.
Rows Read: 35323, Total Rows Processed: 35323, Total Chunk Time: 0.003 seconds 

Iteration 3 time: 0.005 secs.
Rows Read: 35323, Total Rows Processed: 35323, Total Chunk Time: 0.004 seconds 

Iteration 4 time: 0.006 secs.
Rows Read: 35323, Total Rows Processed: 35323, Total Chunk Time: 0.003 seconds 

Iteration 5 time: 0.006 secs.

Elapsed computation time: 0.056 secs.
Rows Read: 35323, Total Rows Processed: 35323, Total Chunk Time: Less than .001 seconds 

Starting values (iteration 1) time: 0.009 secs.
Rows Read: 35323, Total Rows Processed: 35323, Total Chunk Time: 0.002 seconds 

Iteration 2 time: 0.006 secs.

Elapsed computation time: 0.024 secs.
Rows Read: 35323, Total Rows Processed: 35323, Total Chunk Time: Less than .001 seconds 

Starting values (iteration 1) time: 0.009 secs.
Rows Read: 35323, Total Rows Processed: 35323, Total Chunk Time: 0.003 seconds 

Iteration 2 time: 0.009 secs.
Rows Read: 35323, Total Rows Processed: 35323, Total Chunk Time: 0.003 seconds 

Iteration 3 time: 0.006 secs.
Rows Read: 35323, Total Rows Processed: 35323, Total Chunk Time: 0.003 seconds 

Iteration 4 time: 0.005 secs.
Rows Read: 35323, Total Rows Processed: 35323, Total Chunk Time: 0.003 seconds 

Iteration 5 time: 0.006 secs.

Elapsed computation time: 0.056 secs.

Elapsed computation time: 0.154 secs.
[1] "--------------------------------------------------------------------------------"
[1] "analyze.results.glm.step="
Logistic Regression Results for: RaceHorse.IsHitA ~
    Gen02.OrderOfFinishSdvAvg
Data: data
Dependent variable(s): RaceHorse.IsHitA
Total independent variables: 2 
Number of valid observations: 35323
Number of missing observations: 0 
 
Coefficients:
                          RaceHorse.IsHitA
(Intercept)                           -2.7
Gen02.OrderOfFinishSdvAvg              0.7
[1] "analyze.results.glm.step.summary"
Call:
rxLogit(formula = formula, data = data, variableSelection = analyze.results.glm.step.varsel)

Logistic Regression Results for: RaceHorse.IsHitA ~
    Gen02.OrderOfFinishSdvAvg
Data: data
Dependent variable(s): RaceHorse.IsHitA
Total independent variables: 2 
Number of valid observations: 35323
Number of missing observations: 0 
-2*LogLikelihood: 17753.133 (Residual deviance on 35321 degrees of freedom)
 
Coefficients:
                          Estimate Std. Error z value Pr(>|z|)    
(Intercept)                -2.6843     0.0233  -115.2  2.2e-16 ***
Gen02.OrderOfFinishSdvAvg   0.6982     0.0262    26.7  2.2e-16 ***
---
Signif. codes:  0 '***' 0.001 '**' 0.01 '*' 0.05 '.' 0.1 ' ' 1

Condition number of final variance-covariance matrix: 1 
Number of iterations: 5
[1] "--------------------------------------------------------------------------------"
[1] "2022-02-21 22:26:14 --- rxGlm with rxStepControl Finish ---"
[1] "2022-02-21 22:26:14 --- rxStepPlot Start ---"
[1] "pdfFilename=pdf_analyze_glm_Gen02_Type24_rxStepPlot.pdf"
[1] "rxStepPlot="
[1] "2022-02-21 22:26:14 --- rxStepPlot Finish ---"
[1] "2022-02-21 22:26:14 --- save.image Start ---"
[1] "save.image"
[1] "rdataFilename=RData_analyze_glm_Gen02_Type24.RData"
[1] "2022-02-21 22:26:15 --- save.image Finish ---"
[1] "2022-02-21 22:26:15 --- final Start ---"
[1] "--------------------------------------------------------------------------------"
[1] "nrow(data) final=35323"
[1] "--------------------------------------------------------------------------------"
[1] "2022-02-21 22:26:15 --- final Finish ---"
[1] "2022-02-21 22:26:15 --- analyze_glm.R Finished ---"
[1] "2022-02-21 22:26:15 --- log Finish ---"
