[1] "2022-02-21 22:16:49 --- D1115_analyze_glm_Odds_IsHitA_Type21 Start ---"
[1] "2022-02-21 22:16:49 --- Log Start ---"
[1] "2022-02-21 22:16:49 --- analyze_glm.R Start ---"
[1] "analyzeVersion=D1115"
[1] "analyzeCategory=analyze"
[1] "analyzeType=Odds"
[1] "analyzeFamily=IsHitA"
[1] "analyzeFunc=glm"
[1] "analyzeTrackTypeCd=2"
[1] "analyzeJyokenCd=1"
[1] "2022-02-21 22:16:49 --- source_function.R Start ---"
[1] "2022-02-21 22:16:49 --- source_function.R Finished ---"

> print(paste0(Sys.time(), " --- source_library.R Start ---"))
[1] "2022-02-21 22:16:49 --- source_library.R Start ---"

> require("RevoScaleR")

> print(paste0(Sys.time(), " --- source_library.R Finished ---"))
[1] "2022-02-21 22:16:51 --- source_library.R Finished ---"
[1] "2022-02-21 22:16:51 --- RxSqlServerData Start ---"
[1] "2022-02-21 22:16:51 --- RxInSqlServer Start ---"
[1] "2022-02-21 22:16:51 --- RxInSqlServer Finish ---"
[1] "2022-02-21 22:16:51 --- rxSetComputeContext Start ---"
[1] "2022-02-21 22:16:51 --- rxSetComputeContext Finish ---"
[1] "2022-02-21 22:16:51 --- RxSqlServerData Start ---"
[1] "sqlQuery=SELECT * FROM ViewAnalyzeD1115analyze01OddsType21"
[1] "2022-02-21 22:16:51 --- RxSqlServerData Finish ---"
[1] "2022-02-21 22:16:51 --- rxGetVarInfo Start ---"
[1] "2022-02-21 22:16:51 --- rxGetVarInfo Finish---"
[1] "2022-02-21 22:16:51 --- rxImport Start ---"
Rows Read: 4406, Total Rows Processed: 4406, Total Chunk Time: 0.319 seconds 
[1] "2022-02-21 22:17:27 --- rxImport Finish ---"
[1] "object.size(data) auto=763.2 Kb"
[1] "--------------------------------------------------------------------------------"
[1] "nrow(data) RxSqlServerData=4406"
[1] "--------------------------------------------------------------------------------"
[1] "str(data)="
'data.frame':	4406 obs. of  30 variables:
 $ Race.RaceId                      : Factor w/ 301 levels "20160117-06-01-06-10",..: 2 2 2 2 2 2 2 2 2 2 ...
 $ Race.IsPredictedRace             : logi  TRUE TRUE TRUE TRUE TRUE TRUE ...
 $ Race.IsAnalyzeNormalPastAndFuture: logi  TRUE TRUE TRUE TRUE TRUE TRUE ...
 $ Race.IsAnalyzeNormalPast         : logi  TRUE TRUE TRUE TRUE TRUE TRUE ...
 $ Race.IsAnalyzeNormalFuture       : logi  FALSE FALSE FALSE FALSE FALSE FALSE ...
 $ Race.IsAnalyzeFullPastAndFuture  : logi  TRUE TRUE TRUE TRUE TRUE TRUE ...
 $ Race.IsAnalyzeFullPast           : logi  TRUE TRUE TRUE TRUE TRUE TRUE ...
 $ Race.IsAnalyzeFullFuture         : logi  FALSE FALSE FALSE FALSE FALSE FALSE ...
 $ Race.JyokenCd                    : Factor w/ 1 level "1": 1 1 1 1 1 1 1 1 1 1 ...
 $ Race.RaceType1Cd                 : Factor w/ 5 levels "2-1-E","2-1-A",..: 1 1 1 1 1 1 1 1 1 1 ...
 $ RaceHorse.RaceId                 : Factor w/ 301 levels "20160117-06-01-06-10",..: 2 2 2 2 2 2 2 2 2 2 ...
 $ RaceHorse.KettoNum               : Factor w/ 962 levels "2009103431","2008101350",..: 11 12 13 14 15 16 17 18 19 20 ...
 $ RaceHorse.IsHit1                 : int  0 0 0 0 0 0 1 0 0 0 ...
 $ RaceHorse.IsHit2                 : int  0 1 0 0 0 0 0 0 0 0 ...
 $ RaceHorse.IsHit3                 : int  0 0 0 0 0 0 0 0 0 0 ...
 $ RaceHorse.IsHit4                 : int  0 0 0 0 0 0 0 0 0 0 ...
 $ RaceHorse.IsHit5                 : int  0 0 0 0 0 1 0 0 0 0 ...
 $ RaceHorse.IsHit6                 : int  1 0 1 1 1 0 0 1 1 1 ...
 $ RaceHorse.IsValidRaceHorse       : logi  TRUE TRUE TRUE TRUE TRUE TRUE ...
 $ RaceHorse.IsHitA                 : int  0 0 0 0 0 0 1 0 0 0 ...
 $ RaceHorse.IsHitB                 : int  0 1 0 0 0 0 1 0 0 0 ...
 $ RaceHorse.IsHitC                 : int  0 1 0 0 0 0 1 0 0 0 ...
 $ OddsByWin.Odds1                  : num  47.1 6.8 22.5 58.9 63.9 ...
 $ OddsByWin.Ninki                  : num  10 4 6 11 12 2 5 14 3 13 ...
 $ OddsByWin.OddsLog1               : num  3.87 2.05 3.16 4.09 4.17 ...
 $ OddsByWin.OddsRatio1             : num  0.0217 0.1724 0.0465 0.0173 0.0159 ...
 $ OddsByWin.OddsLogit1             : num  -3.85 -1.92 -3.11 -4.08 -4.16 ...
 $ OddsByWin.ApprovalRate1          : num  0.0212 0.1471 0.0444 0.017 0.0156 ...
 $ OddsByWin.ApprovalRateLog1       : num  0.021 0.1372 0.0435 0.0168 0.0155 ...
 $ EOF                              : int  1 1 1 1 1 1 1 1 1 1 ...
[1] "2022-02-21 22:17:28 --- RxSqlServerData Finish ---"
[1] "2022-02-21 22:17:28 --- subset Start ---"
[1] "--------------------------------------------------------------------------------"
[1] "nrow(data) subset before=4406"
[1] "nrow(data) subset after =4406"
[1] "nrow(data) subset diff =0"
[1] "--------------------------------------------------------------------------------"
[1] "2022-02-21 22:17:28 --- subset Finish---"
[1] "2022-02-21 22:17:28 --- transform Start ---"
[1] "--------------------------------------------------------------------------------"
[1] "nrow(data) transform before=4406"
[1] "nrow(data) transform after=4406"
[1] "nrow(data) transform diff=0"
[1] "--------------------------------------------------------------------------------"
[1] "str(data)="
'data.frame':	4406 obs. of  30 variables:
 $ Race.RaceId                      : Factor w/ 301 levels "20160117-06-01-06-10",..: 2 2 2 2 2 2 2 2 2 2 ...
 $ Race.IsPredictedRace             : logi  TRUE TRUE TRUE TRUE TRUE TRUE ...
 $ Race.IsAnalyzeNormalPastAndFuture: logi  TRUE TRUE TRUE TRUE TRUE TRUE ...
 $ Race.IsAnalyzeNormalPast         : logi  TRUE TRUE TRUE TRUE TRUE TRUE ...
 $ Race.IsAnalyzeNormalFuture       : logi  FALSE FALSE FALSE FALSE FALSE FALSE ...
 $ Race.IsAnalyzeFullPastAndFuture  : logi  TRUE TRUE TRUE TRUE TRUE TRUE ...
 $ Race.IsAnalyzeFullPast           : logi  TRUE TRUE TRUE TRUE TRUE TRUE ...
 $ Race.IsAnalyzeFullFuture         : logi  FALSE FALSE FALSE FALSE FALSE FALSE ...
 $ Race.JyokenCd                    : Factor w/ 1 level "1": 1 1 1 1 1 1 1 1 1 1 ...
 $ Race.RaceType1Cd                 : Factor w/ 5 levels "2-1-E","2-1-A",..: 1 1 1 1 1 1 1 1 1 1 ...
 $ RaceHorse.RaceId                 : Factor w/ 301 levels "20160117-06-01-06-10",..: 2 2 2 2 2 2 2 2 2 2 ...
 $ RaceHorse.KettoNum               : Factor w/ 962 levels "2009103431","2008101350",..: 11 12 13 14 15 16 17 18 19 20 ...
 $ RaceHorse.IsHit1                 : int  0 0 0 0 0 0 1 0 0 0 ...
 $ RaceHorse.IsHit2                 : int  0 1 0 0 0 0 0 0 0 0 ...
 $ RaceHorse.IsHit3                 : int  0 0 0 0 0 0 0 0 0 0 ...
 $ RaceHorse.IsHit4                 : int  0 0 0 0 0 0 0 0 0 0 ...
 $ RaceHorse.IsHit5                 : int  0 0 0 0 0 1 0 0 0 0 ...
 $ RaceHorse.IsHit6                 : int  1 0 1 1 1 0 0 1 1 1 ...
 $ RaceHorse.IsValidRaceHorse       : logi  TRUE TRUE TRUE TRUE TRUE TRUE ...
 $ RaceHorse.IsHitA                 : int  0 0 0 0 0 0 1 0 0 0 ...
 $ RaceHorse.IsHitB                 : int  0 1 0 0 0 0 1 0 0 0 ...
 $ RaceHorse.IsHitC                 : int  0 1 0 0 0 0 1 0 0 0 ...
 $ OddsByWin.Odds1                  : num  47.1 6.8 22.5 58.9 63.9 ...
 $ OddsByWin.Ninki                  : num  10 4 6 11 12 2 5 14 3 13 ...
 $ OddsByWin.OddsLog1               : num  3.87 2.05 3.16 4.09 4.17 ...
 $ OddsByWin.OddsRatio1             : num  0.0217 0.1724 0.0465 0.0173 0.0159 ...
 $ OddsByWin.OddsLogit1             : num  -3.85 -1.92 -3.11 -4.08 -4.16 ...
 $ OddsByWin.ApprovalRate1          : num  0.0212 0.1471 0.0444 0.017 0.0156 ...
 $ OddsByWin.ApprovalRateLog1       : num  0.021 0.1372 0.0435 0.0168 0.0155 ...
 $ EOF                              : int  1 1 1 1 1 1 1 1 1 1 ...
NULL
[1] "2022-02-21 22:17:29 --- transform Finish ---"
[1] "2022-02-21 22:17:29 --- na.omit Start ---"
[1] "--------------------------------------------------------------------------------"
[1] "nrow(data) na.omit before=4406"
[1] "nrow(data) na.omit after =4388"
[1] "nrow(data) na.omit diff =18"
[1] "--------------------------------------------------------------------------------"
'data.frame':	4388 obs. of  30 variables:
 $ Race.RaceId                      : Factor w/ 301 levels "20160117-06-01-06-10",..: 2 2 2 2 2 2 2 2 2 2 ...
 $ Race.IsPredictedRace             : logi  TRUE TRUE TRUE TRUE TRUE TRUE ...
 $ Race.IsAnalyzeNormalPastAndFuture: logi  TRUE TRUE TRUE TRUE TRUE TRUE ...
 $ Race.IsAnalyzeNormalPast         : logi  TRUE TRUE TRUE TRUE TRUE TRUE ...
 $ Race.IsAnalyzeNormalFuture       : logi  FALSE FALSE FALSE FALSE FALSE FALSE ...
 $ Race.IsAnalyzeFullPastAndFuture  : logi  TRUE TRUE TRUE TRUE TRUE TRUE ...
 $ Race.IsAnalyzeFullPast           : logi  TRUE TRUE TRUE TRUE TRUE TRUE ...
 $ Race.IsAnalyzeFullFuture         : logi  FALSE FALSE FALSE FALSE FALSE FALSE ...
 $ Race.JyokenCd                    : Factor w/ 1 level "1": 1 1 1 1 1 1 1 1 1 1 ...
 $ Race.RaceType1Cd                 : Factor w/ 5 levels "2-1-E","2-1-A",..: 1 1 1 1 1 1 1 1 1 1 ...
 $ RaceHorse.RaceId                 : Factor w/ 301 levels "20160117-06-01-06-10",..: 2 2 2 2 2 2 2 2 2 2 ...
 $ RaceHorse.KettoNum               : Factor w/ 962 levels "2009103431","2008101350",..: 11 12 13 14 15 16 17 18 19 20 ...
 $ RaceHorse.IsHit1                 : int  0 0 0 0 0 0 1 0 0 0 ...
 $ RaceHorse.IsHit2                 : int  0 1 0 0 0 0 0 0 0 0 ...
 $ RaceHorse.IsHit3                 : int  0 0 0 0 0 0 0 0 0 0 ...
 $ RaceHorse.IsHit4                 : int  0 0 0 0 0 0 0 0 0 0 ...
 $ RaceHorse.IsHit5                 : int  0 0 0 0 0 1 0 0 0 0 ...
 $ RaceHorse.IsHit6                 : int  1 0 1 1 1 0 0 1 1 1 ...
 $ RaceHorse.IsValidRaceHorse       : logi  TRUE TRUE TRUE TRUE TRUE TRUE ...
 $ RaceHorse.IsHitA                 : int  0 0 0 0 0 0 1 0 0 0 ...
 $ RaceHorse.IsHitB                 : int  0 1 0 0 0 0 1 0 0 0 ...
 $ RaceHorse.IsHitC                 : int  0 1 0 0 0 0 1 0 0 0 ...
 $ OddsByWin.Odds1                  : num  47.1 6.8 22.5 58.9 63.9 ...
 $ OddsByWin.Ninki                  : num  10 4 6 11 12 2 5 14 3 13 ...
 $ OddsByWin.OddsLog1               : num  3.87 2.05 3.16 4.09 4.17 ...
 $ OddsByWin.OddsRatio1             : num  0.0217 0.1724 0.0465 0.0173 0.0159 ...
 $ OddsByWin.OddsLogit1             : num  -3.85 -1.92 -3.11 -4.08 -4.16 ...
 $ OddsByWin.ApprovalRate1          : num  0.0212 0.1471 0.0444 0.017 0.0156 ...
 $ OddsByWin.ApprovalRateLog1       : num  0.021 0.1372 0.0435 0.0168 0.0155 ...
 $ EOF                              : int  1 1 1 1 1 1 1 1 1 1 ...
 - attr(*, "na.action")= 'omit' Named int  132 361 806 1153 1418 1546 1579 2210 2651 2655 ...
  ..- attr(*, "names")= chr  "132" "361" "806" "1153" ...
[1] "2022-02-21 22:17:29 --- na.omit Finish ---"
[1] "2022-02-21 22:17:29 --- rxGlm with rxStepControl Start ---"

> print(paste0(Sys.time(), " --- source_logic_glm.R Start ---"))
[1] "2022-02-21 22:17:29 --- source_logic_glm.R Start ---"

> formula <- formula(RaceHorse.IsHitA ~ +1 + OddsByWin.OddsLogit1)

> print(paste0(Sys.time(), " --- source_logic_glm.R Finished ---"))
[1] "2022-02-21 22:17:29 --- source_logic_glm.R Finished ---"
Rows Read: 4388, Total Rows Processed: 4388, Total Chunk Time: Less than .001 seconds 

Starting values (iteration 1) time: 0.008 secs.
Rows Read: 4388, Total Rows Processed: 4388, Total Chunk Time: Less than .001 seconds 

Iteration 2 time: 0.017 secs.
Rows Read: 4388, Total Rows Processed: 4388, Total Chunk Time: Less than .001 seconds 

Iteration 3 time: 0.010 secs.
Rows Read: 4388, Total Rows Processed: 4388, Total Chunk Time: 0.001 seconds 

Iteration 4 time: 0.010 secs.
Rows Read: 4388, Total Rows Processed: 4388, Total Chunk Time: 0.001 seconds 

Iteration 5 time: 0.017 secs.
Rows Read: 4388, Total Rows Processed: 4388, Total Chunk Time: Less than .001 seconds 

Iteration 6 time: 0.007 secs.

Elapsed computation time: 0.137 secs.
Rows Read: 4388, Total Rows Processed: 4388, Total Chunk Time: Less than .001 seconds 

Starting values (iteration 1) time: 0.007 secs.
Rows Read: 4388, Total Rows Processed: 4388, Total Chunk Time: 0.001 seconds 

Iteration 2 time: 0.012 secs.

Elapsed computation time: 0.037 secs.
Rows Read: 4388, Total Rows Processed: 4388, Total Chunk Time: 0.001 seconds 

Starting values (iteration 1) time: 0.005 secs.
Rows Read: 4388, Total Rows Processed: 4388, Total Chunk Time: 0.001 seconds 

Iteration 2 time: 0.006 secs.
Rows Read: 4388, Total Rows Processed: 4388, Total Chunk Time: Less than .001 seconds 

Iteration 3 time: 0.008 secs.
Rows Read: 4388, Total Rows Processed: 4388, Total Chunk Time: 0.001 seconds 

Iteration 4 time: 0.019 secs.
Rows Read: 4388, Total Rows Processed: 4388, Total Chunk Time: 0.002 seconds 

Iteration 5 time: 0.012 secs.
Rows Read: 4388, Total Rows Processed: 4388, Total Chunk Time: 0.002 seconds 

Iteration 6 time: 0.012 secs.

Elapsed computation time: 0.124 secs.

Elapsed computation time: 0.347 secs.
[1] "--------------------------------------------------------------------------------"
[1] "analyze.results.glm.step="
Logistic Regression Results for: RaceHorse.IsHitA ~
    OddsByWin.OddsLogit1
Data: data
Dependent variable(s): RaceHorse.IsHitA
Total independent variables: 2 
Number of valid observations: 4388
Number of missing observations: 0 
 
Coefficients:
                     RaceHorse.IsHitA
(Intercept)                       0.4
OddsByWin.OddsLogit1              1.2
[1] "analyze.results.glm.step.summary"
Call:
rxLogit(formula = formula, data = data, variableSelection = analyze.results.glm.step.varsel)

Logistic Regression Results for: RaceHorse.IsHitA ~
    OddsByWin.OddsLogit1
Data: data
Dependent variable(s): RaceHorse.IsHitA
Total independent variables: 2 
Number of valid observations: 4388
Number of missing observations: 0 
-2*LogLikelihood: 1760.355 (Residual deviance on 4386 degrees of freedom)
 
Coefficients:
                     Estimate Std. Error z value Pr(>|z|)    
(Intercept)            0.3681     0.1512    2.44    0.015 *  
OddsByWin.OddsLogit1   1.2148     0.0716   16.96  2.2e-16 ***
---
Signif. codes:  0 '***' 0.001 '**' 0.01 '*' 0.05 '.' 0.1 ' ' 1

Condition number of final variance-covariance matrix: 1 
Number of iterations: 6
[1] "--------------------------------------------------------------------------------"
[1] "2022-02-21 22:17:30 --- rxGlm with rxStepControl Finish ---"
[1] "2022-02-21 22:17:30 --- rxStepPlot Start ---"
[1] "pdfFilename=pdf_analyze_glm_Odds_Type21_rxStepPlot.pdf"
[1] "rxStepPlot="
[1] "2022-02-21 22:17:30 --- rxStepPlot Finish ---"
[1] "2022-02-21 22:17:30 --- save.image Start ---"
[1] "save.image"
[1] "rdataFilename=RData_analyze_glm_Odds_Type21.RData"
[1] "2022-02-21 22:17:32 --- save.image Finish ---"
[1] "2022-02-21 22:17:32 --- final Start ---"
[1] "--------------------------------------------------------------------------------"
[1] "nrow(data) final=4388"
[1] "--------------------------------------------------------------------------------"
[1] "2022-02-21 22:17:32 --- final Finish ---"
[1] "2022-02-21 22:17:32 --- analyze_glm.R Finished ---"
[1] "2022-02-21 22:17:32 --- log Finish ---"
