[1] "2022-02-19 09:28:44 --- D1115_analyze_glm_DataMiningTaisen_IsHitA_Type21 Start ---"
[1] "2022-02-19 09:28:44 --- Log Start ---"
[1] "2022-02-19 09:28:44 --- analyze_glm.R Start ---"
[1] "analyzeVersion=D1115"
[1] "analyzeCategory=analyze"
[1] "analyzeType=DataMiningTaisen"
[1] "analyzeFamily=IsHitA"
[1] "analyzeFunc=glm"
[1] "analyzeTrackTypeCd=2"
[1] "analyzeJyokenCd=1"
[1] "2022-02-19 09:28:44 --- source_function.R Start ---"
[1] "2022-02-19 09:28:44 --- source_function.R Finished ---"

> print(paste0(Sys.time(), " --- source_library.R Start ---"))
[1] "2022-02-19 09:28:44 --- source_library.R Start ---"

> require("RevoScaleR")

> print(paste0(Sys.time(), " --- source_library.R Finished ---"))
[1] "2022-02-19 09:28:44 --- source_library.R Finished ---"
[1] "2022-02-19 09:28:44 --- RxSqlServerData Start ---"
[1] "2022-02-19 09:28:44 --- RxInSqlServer Start ---"
[1] "2022-02-19 09:28:44 --- RxInSqlServer Finish ---"
[1] "2022-02-19 09:28:44 --- rxSetComputeContext Start ---"
[1] "2022-02-19 09:28:44 --- rxSetComputeContext Finish ---"
[1] "2022-02-19 09:28:44 --- RxSqlServerData Start ---"
[1] "sqlQuery=SELECT * FROM ViewAnalyzeD1115analyze01DataMiningTaisenType21"
[1] "2022-02-19 09:28:45 --- RxSqlServerData Finish ---"
[1] "2022-02-19 09:28:45 --- rxGetVarInfo Start ---"
[1] "2022-02-19 09:28:45 --- rxGetVarInfo Finish---"
[1] "2022-02-19 09:28:45 --- rxImport Start ---"
Rows Read: 4406, Total Rows Processed: 4406, Total Chunk Time: 0.364 seconds 
[1] "2022-02-19 09:28:46 --- rxImport Finish ---"
[1] "object.size(data) auto=662.7 Kb"
[1] "--------------------------------------------------------------------------------"
[1] "nrow(data) RxSqlServerData=4406"
[1] "--------------------------------------------------------------------------------"
[1] "str(data)="
'data.frame':	4406 obs. of  29 variables:
 $ Race.RaceId                      : Factor w/ 301 levels "20160611-05-03-03-11",..: 9 10 11 11 12 13 13 14 14 15 ...
 $ Race.IsPredictedRace             : logi  TRUE TRUE TRUE TRUE TRUE TRUE ...
 $ Race.IsAnalyzeNormalPastAndFuture: logi  TRUE TRUE TRUE TRUE TRUE TRUE ...
 $ Race.IsAnalyzeNormalPast         : logi  TRUE TRUE TRUE TRUE TRUE TRUE ...
 $ Race.IsAnalyzeNormalFuture       : logi  FALSE FALSE FALSE FALSE FALSE FALSE ...
 $ Race.IsAnalyzeFullPastAndFuture  : logi  TRUE TRUE TRUE TRUE TRUE TRUE ...
 $ Race.IsAnalyzeFullPast           : logi  TRUE TRUE TRUE TRUE TRUE TRUE ...
 $ Race.IsAnalyzeFullFuture         : logi  FALSE FALSE FALSE FALSE FALSE FALSE ...
 $ Race.JyokenCd                    : Factor w/ 1 level "1": 1 1 1 1 1 1 1 1 1 1 ...
 $ Race.JyoType1Cd                  : Factor w/ 62 levels "2-05-1600-1",..: 4 8 9 9 10 11 11 12 12 13 ...
 $ Race.RaceType0Cd                 : Factor w/ 145 levels "2-05-1600-1-1-E-13",..: 5 9 10 10 11 12 12 13 13 14 ...
 $ Race.RaceType1Cd                 : Factor w/ 5 levels "2-1-E","2-1-C",..: 1 3 2 2 2 1 1 1 1 2 ...
 $ Race.RaceType2Cd                 : Factor w/ 5 levels "2-1-E","2-1-C",..: 1 3 2 2 2 1 1 1 1 2 ...
 $ Race.RaceType3Cd                 : Factor w/ 13 levels "1-E-13","1-C-12",..: 3 4 5 5 6 1 1 3 3 5 ...
 $ Race.RaceType4Cd                 : Factor w/ 4 levels "2-1-13","2-1-12",..: 3 3 3 3 1 1 1 3 3 3 ...
 $ RaceHorse.RaceId                 : Factor w/ 301 levels "20160611-05-03-03-11",..: 9 10 11 11 12 13 13 14 14 15 ...
 $ RaceHorse.KettoNum               : Factor w/ 962 levels "2010110033","2009103431",..: 11 12 13 14 15 16 17 18 19 20 ...
 $ RaceHorse.IsHit1                 : int  0 0 0 1 0 0 0 0 0 0 ...
 $ RaceHorse.IsHit2                 : int  0 0 0 0 0 0 0 1 0 0 ...
 $ RaceHorse.IsHit3                 : int  0 0 0 0 0 0 0 0 0 0 ...
 $ RaceHorse.IsHit4                 : int  0 0 0 0 0 0 0 0 0 0 ...
 $ RaceHorse.IsHit5                 : int  0 0 0 0 0 0 0 0 1 0 ...
 $ RaceHorse.IsHit6                 : int  1 1 1 0 1 1 1 0 0 1 ...
 $ RaceHorse.IsValidRaceHorse       : logi  TRUE TRUE TRUE TRUE TRUE TRUE ...
 $ RaceHorse.IsHitA                 : int  0 0 0 1 0 0 0 0 0 0 ...
 $ RaceHorse.IsHitB                 : int  0 0 0 1 0 0 0 1 0 0 ...
 $ RaceHorse.IsHitC                 : int  0 0 0 1 0 0 0 1 0 0 ...
 $ DataMiningTaisen.TmScoreSdv      : num  0.409 -0.81 -0.415 1.455 0.917 ...
 $ EOF                              : int  1 1 1 1 1 1 1 1 1 1 ...
[1] "2022-02-19 09:28:47 --- RxSqlServerData Finish ---"
[1] "2022-02-19 09:28:47 --- subset Start ---"
[1] "--------------------------------------------------------------------------------"
[1] "nrow(data) subset before=4406"
[1] "nrow(data) subset after =4406"
[1] "nrow(data) subset diff =0"
[1] "--------------------------------------------------------------------------------"
[1] "2022-02-19 09:28:47 --- subset Finish---"
[1] "2022-02-19 09:28:47 --- transform Start ---"
[1] "--------------------------------------------------------------------------------"
[1] "nrow(data) transform before=4406"
[1] "nrow(data) transform after=4406"
[1] "nrow(data) transform diff=0"
[1] "--------------------------------------------------------------------------------"
[1] "str(data)="
'data.frame':	4406 obs. of  29 variables:
 $ Race.RaceId                      : Factor w/ 301 levels "20160611-05-03-03-11",..: 9 10 11 11 12 13 13 14 14 15 ...
 $ Race.IsPredictedRace             : logi  TRUE TRUE TRUE TRUE TRUE TRUE ...
 $ Race.IsAnalyzeNormalPastAndFuture: logi  TRUE TRUE TRUE TRUE TRUE TRUE ...
 $ Race.IsAnalyzeNormalPast         : logi  TRUE TRUE TRUE TRUE TRUE TRUE ...
 $ Race.IsAnalyzeNormalFuture       : logi  FALSE FALSE FALSE FALSE FALSE FALSE ...
 $ Race.IsAnalyzeFullPastAndFuture  : logi  TRUE TRUE TRUE TRUE TRUE TRUE ...
 $ Race.IsAnalyzeFullPast           : logi  TRUE TRUE TRUE TRUE TRUE TRUE ...
 $ Race.IsAnalyzeFullFuture         : logi  FALSE FALSE FALSE FALSE FALSE FALSE ...
 $ Race.JyokenCd                    : Factor w/ 1 level "1": 1 1 1 1 1 1 1 1 1 1 ...
 $ Race.JyoType1Cd                  : Factor w/ 62 levels "2-05-1600-1",..: 4 8 9 9 10 11 11 12 12 13 ...
 $ Race.RaceType0Cd                 : Factor w/ 145 levels "2-05-1600-1-1-E-13",..: 5 9 10 10 11 12 12 13 13 14 ...
 $ Race.RaceType1Cd                 : Factor w/ 5 levels "2-1-E","2-1-C",..: 1 3 2 2 2 1 1 1 1 2 ...
 $ Race.RaceType2Cd                 : Factor w/ 5 levels "2-1-E","2-1-C",..: 1 3 2 2 2 1 1 1 1 2 ...
 $ Race.RaceType3Cd                 : Factor w/ 13 levels "1-E-13","1-C-12",..: 3 4 5 5 6 1 1 3 3 5 ...
 $ Race.RaceType4Cd                 : Factor w/ 4 levels "2-1-13","2-1-12",..: 3 3 3 3 1 1 1 3 3 3 ...
 $ RaceHorse.RaceId                 : Factor w/ 301 levels "20160611-05-03-03-11",..: 9 10 11 11 12 13 13 14 14 15 ...
 $ RaceHorse.KettoNum               : Factor w/ 962 levels "2010110033","2009103431",..: 11 12 13 14 15 16 17 18 19 20 ...
 $ RaceHorse.IsHit1                 : int  0 0 0 1 0 0 0 0 0 0 ...
 $ RaceHorse.IsHit2                 : int  0 0 0 0 0 0 0 1 0 0 ...
 $ RaceHorse.IsHit3                 : int  0 0 0 0 0 0 0 0 0 0 ...
 $ RaceHorse.IsHit4                 : int  0 0 0 0 0 0 0 0 0 0 ...
 $ RaceHorse.IsHit5                 : int  0 0 0 0 0 0 0 0 1 0 ...
 $ RaceHorse.IsHit6                 : int  1 1 1 0 1 1 1 0 0 1 ...
 $ RaceHorse.IsValidRaceHorse       : logi  TRUE TRUE TRUE TRUE TRUE TRUE ...
 $ RaceHorse.IsHitA                 : int  0 0 0 1 0 0 0 0 0 0 ...
 $ RaceHorse.IsHitB                 : int  0 0 0 1 0 0 0 1 0 0 ...
 $ RaceHorse.IsHitC                 : int  0 0 0 1 0 0 0 1 0 0 ...
 $ DataMiningTaisen.TmScoreSdv      : num  0.409 -0.81 -0.415 1.455 0.917 ...
 $ EOF                              : int  1 1 1 1 1 1 1 1 1 1 ...
NULL
[1] "2022-02-19 09:28:47 --- transform Finish ---"
[1] "2022-02-19 09:28:47 --- na.omit Start ---"
[1] "--------------------------------------------------------------------------------"
[1] "nrow(data) na.omit before=4406"
[1] "nrow(data) na.omit after =4406"
[1] "nrow(data) na.omit diff =0"
[1] "--------------------------------------------------------------------------------"
'data.frame':	4406 obs. of  29 variables:
 $ Race.RaceId                      : Factor w/ 301 levels "20160611-05-03-03-11",..: 9 10 11 11 12 13 13 14 14 15 ...
 $ Race.IsPredictedRace             : logi  TRUE TRUE TRUE TRUE TRUE TRUE ...
 $ Race.IsAnalyzeNormalPastAndFuture: logi  TRUE TRUE TRUE TRUE TRUE TRUE ...
 $ Race.IsAnalyzeNormalPast         : logi  TRUE TRUE TRUE TRUE TRUE TRUE ...
 $ Race.IsAnalyzeNormalFuture       : logi  FALSE FALSE FALSE FALSE FALSE FALSE ...
 $ Race.IsAnalyzeFullPastAndFuture  : logi  TRUE TRUE TRUE TRUE TRUE TRUE ...
 $ Race.IsAnalyzeFullPast           : logi  TRUE TRUE TRUE TRUE TRUE TRUE ...
 $ Race.IsAnalyzeFullFuture         : logi  FALSE FALSE FALSE FALSE FALSE FALSE ...
 $ Race.JyokenCd                    : Factor w/ 1 level "1": 1 1 1 1 1 1 1 1 1 1 ...
 $ Race.JyoType1Cd                  : Factor w/ 62 levels "2-05-1600-1",..: 4 8 9 9 10 11 11 12 12 13 ...
 $ Race.RaceType0Cd                 : Factor w/ 145 levels "2-05-1600-1-1-E-13",..: 5 9 10 10 11 12 12 13 13 14 ...
 $ Race.RaceType1Cd                 : Factor w/ 5 levels "2-1-E","2-1-C",..: 1 3 2 2 2 1 1 1 1 2 ...
 $ Race.RaceType2Cd                 : Factor w/ 5 levels "2-1-E","2-1-C",..: 1 3 2 2 2 1 1 1 1 2 ...
 $ Race.RaceType3Cd                 : Factor w/ 13 levels "1-E-13","1-C-12",..: 3 4 5 5 6 1 1 3 3 5 ...
 $ Race.RaceType4Cd                 : Factor w/ 4 levels "2-1-13","2-1-12",..: 3 3 3 3 1 1 1 3 3 3 ...
 $ RaceHorse.RaceId                 : Factor w/ 301 levels "20160611-05-03-03-11",..: 9 10 11 11 12 13 13 14 14 15 ...
 $ RaceHorse.KettoNum               : Factor w/ 962 levels "2010110033","2009103431",..: 11 12 13 14 15 16 17 18 19 20 ...
 $ RaceHorse.IsHit1                 : int  0 0 0 1 0 0 0 0 0 0 ...
 $ RaceHorse.IsHit2                 : int  0 0 0 0 0 0 0 1 0 0 ...
 $ RaceHorse.IsHit3                 : int  0 0 0 0 0 0 0 0 0 0 ...
 $ RaceHorse.IsHit4                 : int  0 0 0 0 0 0 0 0 0 0 ...
 $ RaceHorse.IsHit5                 : int  0 0 0 0 0 0 0 0 1 0 ...
 $ RaceHorse.IsHit6                 : int  1 1 1 0 1 1 1 0 0 1 ...
 $ RaceHorse.IsValidRaceHorse       : logi  TRUE TRUE TRUE TRUE TRUE TRUE ...
 $ RaceHorse.IsHitA                 : int  0 0 0 1 0 0 0 0 0 0 ...
 $ RaceHorse.IsHitB                 : int  0 0 0 1 0 0 0 1 0 0 ...
 $ RaceHorse.IsHitC                 : int  0 0 0 1 0 0 0 1 0 0 ...
 $ DataMiningTaisen.TmScoreSdv      : num  0.409 -0.81 -0.415 1.455 0.917 ...
 $ EOF                              : int  1 1 1 1 1 1 1 1 1 1 ...
[1] "2022-02-19 09:28:48 --- na.omit Finish ---"
[1] "2022-02-19 09:28:48 --- rxGlm with rxStepControl Start ---"

> print(paste0(Sys.time(), " --- source_logic_glm.R Start ---"))
[1] "2022-02-19 09:28:48 --- source_logic_glm.R Start ---"

> formula <- formula(RaceHorse.IsHitA ~ +1 + DataMiningTaisen.TmScoreSdv)

> print(paste0(Sys.time(), " --- source_logic_glm.R Finished ---"))
[1] "2022-02-19 09:28:48 --- source_logic_glm.R Finished ---"
Rows Read: 4406, Total Rows Processed: 4406, Total Chunk Time: Less than .001 seconds 

Starting values (iteration 1) time: 0.007 secs.
Rows Read: 4406, Total Rows Processed: 4406, Total Chunk Time: Less than .001 seconds 

Iteration 2 time: 0.018 secs.
Rows Read: 4406, Total Rows Processed: 4406, Total Chunk Time: 0.002 seconds 

Iteration 3 time: 0.019 secs.
Rows Read: 4406, Total Rows Processed: 4406, Total Chunk Time: 0.002 seconds 

Iteration 4 time: 0.008 secs.
Rows Read: 4406, Total Rows Processed: 4406, Total Chunk Time: Less than .001 seconds 

Iteration 5 time: 0.019 secs.

Elapsed computation time: 0.131 secs.
Rows Read: 4406, Total Rows Processed: 4406, Total Chunk Time: Less than .001 seconds 

Starting values (iteration 1) time: 0.012 secs.
Rows Read: 4406, Total Rows Processed: 4406, Total Chunk Time: Less than .001 seconds 

Iteration 2 time: 0.016 secs.

Elapsed computation time: 0.055 secs.
Rows Read: 4406, Total Rows Processed: 4406, Total Chunk Time: Less than .001 seconds 

Starting values (iteration 1) time: 0.017 secs.
Rows Read: 4406, Total Rows Processed: 4406, Total Chunk Time: Less than .001 seconds 

Iteration 2 time: 0.019 secs.
Rows Read: 4406, Total Rows Processed: 4406, Total Chunk Time: Less than .001 seconds 

Iteration 3 time: 0.011 secs.
Rows Read: 4406, Total Rows Processed: 4406, Total Chunk Time: Less than .001 seconds 

Iteration 4 time: 0.011 secs.
Rows Read: 4406, Total Rows Processed: 4406, Total Chunk Time: Less than .001 seconds 

Iteration 5 time: 0.009 secs.

Elapsed computation time: 0.130 secs.

Elapsed computation time: 0.358 secs.
[1] "--------------------------------------------------------------------------------"
[1] "analyze.results.glm.step="
Logistic Regression Results for: RaceHorse.IsHitA ~
    DataMiningTaisen.TmScoreSdv
Data: data
Dependent variable(s): RaceHorse.IsHitA
Total independent variables: 2 
Number of valid observations: 4406
Number of missing observations: 0 
 
Coefficients:
                            RaceHorse.IsHitA
(Intercept)                             -2.9
DataMiningTaisen.TmScoreSdv              0.8
[1] "analyze.results.glm.step.summary"
Call:
rxLogit(formula = formula, data = data, variableSelection = analyze.results.glm.step.varsel)

Logistic Regression Results for: RaceHorse.IsHitA ~
    DataMiningTaisen.TmScoreSdv
Data: data
Dependent variable(s): RaceHorse.IsHitA
Total independent variables: 2 
Number of valid observations: 4406
Number of missing observations: 0 
-2*LogLikelihood: 2020.238 (Residual deviance on 4404 degrees of freedom)
 
Coefficients:
                            Estimate Std. Error z value Pr(>|z|)    
(Intercept)                  -2.8882     0.0741   -39.0  2.2e-16 ***
DataMiningTaisen.TmScoreSdv   0.8035     0.0629    12.8  2.2e-16 ***
---
Signif. codes:  0 '***' 0.001 '**' 0.01 '*' 0.05 '.' 0.1 ' ' 1

Condition number of final variance-covariance matrix: 1 
Number of iterations: 5
[1] "--------------------------------------------------------------------------------"
[1] "2022-02-19 09:28:48 --- rxGlm with rxStepControl Finish ---"
[1] "2022-02-19 09:28:48 --- rxStepPlot Start ---"
[1] "pdfFilename=pdf_analyze_glm_DataMiningTaisen_Type21_rxStepPlot.pdf"
[1] "rxStepPlot="
[1] "2022-02-19 09:28:49 --- rxStepPlot Finish ---"
[1] "2022-02-19 09:28:49 --- save.image Start ---"
[1] "save.image"
[1] "rdataFilename=RData_analyze_glm_DataMiningTaisen_Type21.RData"
[1] "2022-02-19 09:28:49 --- save.image Finish ---"
[1] "2022-02-19 09:28:49 --- final Start ---"
[1] "--------------------------------------------------------------------------------"
[1] "nrow(data) final=4406"
[1] "--------------------------------------------------------------------------------"
[1] "2022-02-19 09:28:49 --- final Finish ---"
[1] "2022-02-19 09:28:49 --- analyze_glm.R Finished ---"
[1] "2022-02-19 09:28:49 --- log Finish ---"
