[1] "2022-02-25 20:25:44 --- D1115_analyze_glm_Horse_IsHitA_Type31 Start ---"
[1] "2022-02-25 20:25:45 --- Log Start ---"
[1] "2022-02-25 20:25:45 --- analyze_glm.R Start ---"
[1] "analyzeVersion=D1115"
[1] "analyzeCategory=analyze"
[1] "analyzeType=Horse"
[1] "analyzeFamily=IsHitA"
[1] "analyzeFunc=glm"
[1] "analyzeTrackTypeCd=3"
[1] "analyzeJyokenCd=1"
[1] "2022-02-25 20:25:46 --- source_function.R Start ---"
[1] "2022-02-25 20:25:48 --- source_function.R Finished ---"

> print(paste0(Sys.time(), " --- source_library.R Start ---"))
[1] "2022-02-25 20:25:49 --- source_library.R Start ---"

> require("RevoScaleR")

> print(paste0(Sys.time(), " --- source_library.R Finished ---"))
[1] "2022-02-25 20:25:51 --- source_library.R Finished ---"
[1] "2022-02-25 20:25:51 --- RxSqlServerData Start ---"
[1] "2022-02-25 20:25:51 --- RxInSqlServer Start ---"
[1] "2022-02-25 20:25:51 --- RxInSqlServer Finish ---"
[1] "2022-02-25 20:25:51 --- rxSetComputeContext Start ---"
[1] "2022-02-25 20:25:51 --- rxSetComputeContext Finish ---"
[1] "2022-02-25 20:25:51 --- RxSqlServerData Start ---"
[1] "sqlQuery=SELECT * FROM ViewAnalyzeD1115analyze01HorseType31"
[1] "2022-02-25 20:25:51 --- RxSqlServerData Finish ---"
[1] "2022-02-25 20:25:51 --- rxGetVarInfo Start ---"
[1] "2022-02-25 20:25:57 --- rxGetVarInfo Finish---"
[1] "2022-02-25 20:25:57 --- rxImport Start ---"
Rows Read: 2534, Total Rows Processed: 2534, Total Chunk Time: 5.149 seconds 
[1] "2022-02-25 20:26:08 --- rxImport Finish ---"
[1] "object.size(data) auto=829.8 Kb"
[1] "--------------------------------------------------------------------------------"
[1] "nrow(data) RxSqlServerData=2534"
[1] "--------------------------------------------------------------------------------"
[1] "str(data)="
'data.frame':	2534 obs. of  44 variables:
 $ Race.RaceId                      : Factor w/ 213 levels "20160116-07-01-01-05",..: 2 2 2 2 2 2 2 2 2 3 ...
 $ Race.IsPredictedRace             : logi  TRUE TRUE TRUE TRUE TRUE TRUE ...
 $ Race.IsAnalyzeNormalPastAndFuture: logi  TRUE TRUE TRUE TRUE TRUE TRUE ...
 $ Race.IsAnalyzeNormalPast         : logi  TRUE TRUE TRUE TRUE TRUE TRUE ...
 $ Race.IsAnalyzeNormalFuture       : logi  FALSE FALSE FALSE FALSE FALSE FALSE ...
 $ Race.IsAnalyzeFullPastAndFuture  : logi  TRUE TRUE TRUE TRUE TRUE TRUE ...
 $ Race.IsAnalyzeFullPast           : logi  TRUE TRUE TRUE TRUE TRUE TRUE ...
 $ Race.IsAnalyzeFullFuture         : logi  FALSE FALSE FALSE FALSE FALSE FALSE ...
 $ Race.JyokenCd                    : Factor w/ 1 level "1": 1 1 1 1 1 1 1 1 1 1 ...
 $ Race.JyoType1Cd                  : Factor w/ 53 levels "3-07-3330-1-1",..: 2 2 2 2 2 2 2 2 2 3 ...
 $ Race.RaceType1Cd                 : Factor w/ 5 levels "3-1-X-3","3-1-H-3",..: 2 2 2 2 2 2 2 2 2 1 ...
 $ RaceHorse.RaceId                 : Factor w/ 213 levels "20160116-07-01-01-05",..: 2 2 2 2 2 2 2 2 2 3 ...
 $ RaceHorse.KettoNum               : Factor w/ 478 levels "2008100219","2008102897",..: 11 12 13 14 15 16 17 18 19 20 ...
 $ RaceHorse.IsHit1                 : num  0 0 0 0 0 0 0 1 0 0 ...
 $ RaceHorse.IsHit2                 : num  0 0 0 0 0 0 0 0 1 0 ...
 $ RaceHorse.IsHit3                 : num  1 0 0 0 0 0 0 0 0 1 ...
 $ RaceHorse.IsHit4                 : num  0 0 1 0 0 0 0 0 0 0 ...
 $ RaceHorse.IsHit5                 : num  0 1 0 0 0 0 0 0 0 0 ...
 $ RaceHorse.IsHit6                 : num  0 0 0 1 1 1 1 0 0 0 ...
 $ RaceHorse.IsValidRaceHorse       : logi  TRUE TRUE TRUE TRUE TRUE TRUE ...
 $ RaceHorse.TimeSdv                : num  0.36 0.217 0.312 -0.547 0.121 ...
 $ RaceHorse.IsHitA                 : num  0 0 0 0 0 0 0 1 0 0 ...
 $ RaceHorse.IsHitB                 : num  0 0 0 0 0 0 0 1 1 0 ...
 $ RaceHorse.IsHitC                 : num  1 0 0 0 0 0 0 1 1 1 ...
 $ Horse.KettoNum                   : Factor w/ 478 levels "2008100219","2008102897",..: 11 12 13 14 15 16 17 18 19 20 ...
 $ Horse.TimeSdvByRaceAvg           : num  0.1553 0.5307 0.3586 -0.0888 0.3667 ...
 $ Horse.TimeSdvByRaceMin           : num  -1.78 -2.14 -1.26 -2.69 -1.1 ...
 $ Horse.TimeSdvByRaceMax           : num  1.43 1.92 1.26 1.15 1.56 ...
 $ Horse.TimeSdvAvg                 : num  0.0128 0.37549 0.28059 0.06922 -0.00597 ...
 $ Horse.TimeSdvMin                 : num  -1.75 -1.41 -0.61 -1.48 -1.47 ...
 $ Horse.TimeSdvMax                 : num  1.47 2.21 1.54 1.17 1.48 ...
 $ Horse.OrderOfFinishSdvAvg        : num  -0.0178 0.4942 0.485 0.0838 0.2568 ...
 $ Horse.RunCount                   : num  32 34 25 22 19 25 18 17 12 58 ...
 $ Horse.HitCount1                  : num  2 8 2 2 1 1 3 2 2 6 ...
 $ Horse.HitCount2                  : num  0 4 6 2 3 5 4 3 0 6 ...
 $ Horse.HitCount3                  : num  2 3 1 2 3 1 2 3 2 8 ...
 $ Horse.HitCount4                  : num  1 3 4 3 2 2 0 0 0 6 ...
 $ Horse.HitCount5                  : num  2 2 1 1 0 5 2 1 0 7 ...
 $ Horse.HitRate1                   : num  0.0625 0.2353 0.08 0.0909 0.0526 ...
 $ Horse.HitRate2                   : num  0 0.1176 0.24 0.0909 0.1579 ...
 $ Horse.HitRate3                   : num  0.0625 0.0882 0.04 0.0909 0.1579 ...
 $ Horse.HitRate4                   : num  0.0312 0.0882 0.16 0.1364 0.1053 ...
 $ Horse.HitRate5                   : num  0.0625 0.0588 0.04 0.0455 0 ...
 $ EOF                              : int  1 1 1 1 1 1 1 1 1 1 ...
[1] "2022-02-25 20:26:12 --- RxSqlServerData Finish ---"
[1] "2022-02-25 20:26:13 --- subset Start ---"
[1] "--------------------------------------------------------------------------------"
[1] "nrow(data) subset before=2534"
[1] "nrow(data) subset after =2534"
[1] "nrow(data) subset diff =0"
[1] "--------------------------------------------------------------------------------"
[1] "2022-02-25 20:26:14 --- subset Finish---"
[1] "2022-02-25 20:26:14 --- transform Start ---"
[1] "--------------------------------------------------------------------------------"
[1] "nrow(data) transform before=2534"
[1] "nrow(data) transform after=2534"
[1] "nrow(data) transform diff=0"
[1] "--------------------------------------------------------------------------------"
[1] "str(data)="
'data.frame':	2534 obs. of  44 variables:
 $ Race.RaceId                      : Factor w/ 213 levels "20160116-07-01-01-05",..: 2 2 2 2 2 2 2 2 2 3 ...
 $ Race.IsPredictedRace             : logi  TRUE TRUE TRUE TRUE TRUE TRUE ...
 $ Race.IsAnalyzeNormalPastAndFuture: logi  TRUE TRUE TRUE TRUE TRUE TRUE ...
 $ Race.IsAnalyzeNormalPast         : logi  TRUE TRUE TRUE TRUE TRUE TRUE ...
 $ Race.IsAnalyzeNormalFuture       : logi  FALSE FALSE FALSE FALSE FALSE FALSE ...
 $ Race.IsAnalyzeFullPastAndFuture  : logi  TRUE TRUE TRUE TRUE TRUE TRUE ...
 $ Race.IsAnalyzeFullPast           : logi  TRUE TRUE TRUE TRUE TRUE TRUE ...
 $ Race.IsAnalyzeFullFuture         : logi  FALSE FALSE FALSE FALSE FALSE FALSE ...
 $ Race.JyokenCd                    : Factor w/ 1 level "1": 1 1 1 1 1 1 1 1 1 1 ...
 $ Race.JyoType1Cd                  : Factor w/ 53 levels "3-07-3330-1-1",..: 2 2 2 2 2 2 2 2 2 3 ...
 $ Race.RaceType1Cd                 : Factor w/ 5 levels "3-1-X-3","3-1-H-3",..: 2 2 2 2 2 2 2 2 2 1 ...
 $ RaceHorse.RaceId                 : Factor w/ 213 levels "20160116-07-01-01-05",..: 2 2 2 2 2 2 2 2 2 3 ...
 $ RaceHorse.KettoNum               : Factor w/ 478 levels "2008100219","2008102897",..: 11 12 13 14 15 16 17 18 19 20 ...
 $ RaceHorse.IsHit1                 : num  0 0 0 0 0 0 0 1 0 0 ...
 $ RaceHorse.IsHit2                 : num  0 0 0 0 0 0 0 0 1 0 ...
 $ RaceHorse.IsHit3                 : num  1 0 0 0 0 0 0 0 0 1 ...
 $ RaceHorse.IsHit4                 : num  0 0 1 0 0 0 0 0 0 0 ...
 $ RaceHorse.IsHit5                 : num  0 1 0 0 0 0 0 0 0 0 ...
 $ RaceHorse.IsHit6                 : num  0 0 0 1 1 1 1 0 0 0 ...
 $ RaceHorse.IsValidRaceHorse       : logi  TRUE TRUE TRUE TRUE TRUE TRUE ...
 $ RaceHorse.TimeSdv                : num  0.36 0.217 0.312 -0.547 0.121 ...
 $ RaceHorse.IsHitA                 : num  0 0 0 0 0 0 0 1 0 0 ...
 $ RaceHorse.IsHitB                 : num  0 0 0 0 0 0 0 1 1 0 ...
 $ RaceHorse.IsHitC                 : num  1 0 0 0 0 0 0 1 1 1 ...
 $ Horse.KettoNum                   : Factor w/ 478 levels "2008100219","2008102897",..: 11 12 13 14 15 16 17 18 19 20 ...
 $ Horse.TimeSdvByRaceAvg           : num  0.1553 0.5307 0.3586 -0.0888 0.3667 ...
 $ Horse.TimeSdvByRaceMin           : num  -1.78 -2.14 -1.26 -2.69 -1.1 ...
 $ Horse.TimeSdvByRaceMax           : num  1.43 1.92 1.26 1.15 1.56 ...
 $ Horse.TimeSdvAvg                 : num  0.0128 0.37549 0.28059 0.06922 -0.00597 ...
 $ Horse.TimeSdvMin                 : num  -1.75 -1.41 -0.61 -1.48 -1.47 ...
 $ Horse.TimeSdvMax                 : num  1.47 2.21 1.54 1.17 1.48 ...
 $ Horse.OrderOfFinishSdvAvg        : num  -0.0178 0.4942 0.485 0.0838 0.2568 ...
 $ Horse.RunCount                   : num  32 34 25 22 19 25 18 17 12 58 ...
 $ Horse.HitCount1                  : num  2 8 2 2 1 1 3 2 2 6 ...
 $ Horse.HitCount2                  : num  0 4 6 2 3 5 4 3 0 6 ...
 $ Horse.HitCount3                  : num  2 3 1 2 3 1 2 3 2 8 ...
 $ Horse.HitCount4                  : num  1 3 4 3 2 2 0 0 0 6 ...
 $ Horse.HitCount5                  : num  2 2 1 1 0 5 2 1 0 7 ...
 $ Horse.HitRate1                   : num  0.0625 0.2353 0.08 0.0909 0.0526 ...
 $ Horse.HitRate2                   : num  0 0.1176 0.24 0.0909 0.1579 ...
 $ Horse.HitRate3                   : num  0.0625 0.0882 0.04 0.0909 0.1579 ...
 $ Horse.HitRate4                   : num  0.0312 0.0882 0.16 0.1364 0.1053 ...
 $ Horse.HitRate5                   : num  0.0625 0.0588 0.04 0.0455 0 ...
 $ EOF                              : int  1 1 1 1 1 1 1 1 1 1 ...
NULL
[1] "2022-02-25 20:32:42 --- transform Finish ---"
[1] "2022-02-25 20:32:42 --- na.omit Start ---"
[1] "--------------------------------------------------------------------------------"
[1] "nrow(data) na.omit before=2534"
[1] "nrow(data) na.omit after =2416"
[1] "nrow(data) na.omit diff =118"
[1] "--------------------------------------------------------------------------------"
'data.frame':	2416 obs. of  44 variables:
 $ Race.RaceId                      : Factor w/ 213 levels "20160116-07-01-01-05",..: 2 2 2 2 2 2 2 2 2 3 ...
 $ Race.IsPredictedRace             : logi  TRUE TRUE TRUE TRUE TRUE TRUE ...
 $ Race.IsAnalyzeNormalPastAndFuture: logi  TRUE TRUE TRUE TRUE TRUE TRUE ...
 $ Race.IsAnalyzeNormalPast         : logi  TRUE TRUE TRUE TRUE TRUE TRUE ...
 $ Race.IsAnalyzeNormalFuture       : logi  FALSE FALSE FALSE FALSE FALSE FALSE ...
 $ Race.IsAnalyzeFullPastAndFuture  : logi  TRUE TRUE TRUE TRUE TRUE TRUE ...
 $ Race.IsAnalyzeFullPast           : logi  TRUE TRUE TRUE TRUE TRUE TRUE ...
 $ Race.IsAnalyzeFullFuture         : logi  FALSE FALSE FALSE FALSE FALSE FALSE ...
 $ Race.JyokenCd                    : Factor w/ 1 level "1": 1 1 1 1 1 1 1 1 1 1 ...
 $ Race.JyoType1Cd                  : Factor w/ 53 levels "3-07-3330-1-1",..: 2 2 2 2 2 2 2 2 2 3 ...
 $ Race.RaceType1Cd                 : Factor w/ 5 levels "3-1-X-3","3-1-H-3",..: 2 2 2 2 2 2 2 2 2 1 ...
 $ RaceHorse.RaceId                 : Factor w/ 213 levels "20160116-07-01-01-05",..: 2 2 2 2 2 2 2 2 2 3 ...
 $ RaceHorse.KettoNum               : Factor w/ 478 levels "2008100219","2008102897",..: 11 12 13 14 15 16 17 18 19 20 ...
 $ RaceHorse.IsHit1                 : num  0 0 0 0 0 0 0 1 0 0 ...
 $ RaceHorse.IsHit2                 : num  0 0 0 0 0 0 0 0 1 0 ...
 $ RaceHorse.IsHit3                 : num  1 0 0 0 0 0 0 0 0 1 ...
 $ RaceHorse.IsHit4                 : num  0 0 1 0 0 0 0 0 0 0 ...
 $ RaceHorse.IsHit5                 : num  0 1 0 0 0 0 0 0 0 0 ...
 $ RaceHorse.IsHit6                 : num  0 0 0 1 1 1 1 0 0 0 ...
 $ RaceHorse.IsValidRaceHorse       : logi  TRUE TRUE TRUE TRUE TRUE TRUE ...
 $ RaceHorse.TimeSdv                : num  0.36 0.217 0.312 -0.547 0.121 ...
 $ RaceHorse.IsHitA                 : num  0 0 0 0 0 0 0 1 0 0 ...
 $ RaceHorse.IsHitB                 : num  0 0 0 0 0 0 0 1 1 0 ...
 $ RaceHorse.IsHitC                 : num  1 0 0 0 0 0 0 1 1 1 ...
 $ Horse.KettoNum                   : Factor w/ 478 levels "2008100219","2008102897",..: 11 12 13 14 15 16 17 18 19 20 ...
 $ Horse.TimeSdvByRaceAvg           : num  0.1553 0.5307 0.3586 -0.0888 0.3667 ...
 $ Horse.TimeSdvByRaceMin           : num  -1.78 -2.14 -1.26 -2.69 -1.1 ...
 $ Horse.TimeSdvByRaceMax           : num  1.43 1.92 1.26 1.15 1.56 ...
 $ Horse.TimeSdvAvg                 : num  0.0128 0.37549 0.28059 0.06922 -0.00597 ...
 $ Horse.TimeSdvMin                 : num  -1.75 -1.41 -0.61 -1.48 -1.47 ...
 $ Horse.TimeSdvMax                 : num  1.47 2.21 1.54 1.17 1.48 ...
 $ Horse.OrderOfFinishSdvAvg        : num  -0.0178 0.4942 0.485 0.0838 0.2568 ...
 $ Horse.RunCount                   : num  32 34 25 22 19 25 18 17 12 58 ...
 $ Horse.HitCount1                  : num  2 8 2 2 1 1 3 2 2 6 ...
 $ Horse.HitCount2                  : num  0 4 6 2 3 5 4 3 0 6 ...
 $ Horse.HitCount3                  : num  2 3 1 2 3 1 2 3 2 8 ...
 $ Horse.HitCount4                  : num  1 3 4 3 2 2 0 0 0 6 ...
 $ Horse.HitCount5                  : num  2 2 1 1 0 5 2 1 0 7 ...
 $ Horse.HitRate1                   : num  0.0625 0.2353 0.08 0.0909 0.0526 ...
 $ Horse.HitRate2                   : num  0 0.1176 0.24 0.0909 0.1579 ...
 $ Horse.HitRate3                   : num  0.0625 0.0882 0.04 0.0909 0.1579 ...
 $ Horse.HitRate4                   : num  0.0312 0.0882 0.16 0.1364 0.1053 ...
 $ Horse.HitRate5                   : num  0.0625 0.0588 0.04 0.0455 0 ...
 $ EOF                              : int  1 1 1 1 1 1 1 1 1 1 ...
 - attr(*, "na.action")= 'omit' Named int  22 38 41 53 55 101 176 199 215 227 ...
  ..- attr(*, "names")= chr  "22" "38" "41" "53" ...
[1] "2022-02-25 20:32:54 --- na.omit Finish ---"
[1] "2022-02-25 20:32:55 --- rxGlm with rxStepControl Start ---"

> print(paste0(Sys.time(), " --- source_logic_glm.R Start ---"))
[1] "2022-02-25 20:32:55 --- source_logic_glm.R Start ---"

> formula <- formula(RaceHorse.IsHitA ~ +1 + Horse.TimeSdvAvg)

> print(paste0(Sys.time(), " --- source_logic_glm.R Finished ---"))
[1] "2022-02-25 20:32:55 --- source_logic_glm.R Finished ---"
Rows Read: 2416, Total Rows Processed: 2416, Total Chunk Time: Less than .001 seconds 

Starting values (iteration 1) time: 0.024 secs.
Rows Read: 2416, Total Rows Processed: 2416, Total Chunk Time: 0.002 seconds 

Iteration 2 time: 0.094 secs.
Rows Read: 2416, Total Rows Processed: 2416, Total Chunk Time: 0.002 seconds 

Iteration 3 time: 0.082 secs.
Rows Read: 2416, Total Rows Processed: 2416, Total Chunk Time: 0.002 seconds 

Iteration 4 time: 0.072 secs.
Rows Read: 2416, Total Rows Processed: 2416, Total Chunk Time: 0.001 seconds 

Iteration 5 time: 0.067 secs.

Elapsed computation time: 0.714 secs.
Rows Read: 2416, Total Rows Processed: 2416, Total Chunk Time: Less than .001 seconds 

Starting values (iteration 1) time: 0.069 secs.
Rows Read: 2416, Total Rows Processed: 2416, Total Chunk Time: 0.001 seconds 

Iteration 2 time: 0.069 secs.

Elapsed computation time: 0.302 secs.
Rows Read: 2416, Total Rows Processed: 2416, Total Chunk Time: 0.001 seconds 

Starting values (iteration 1) time: 0.077 secs.
Rows Read: 2416, Total Rows Processed: 2416, Total Chunk Time: Less than .001 seconds 

Iteration 2 time: 0.069 secs.
Rows Read: 2416, Total Rows Processed: 2416, Total Chunk Time: 0.001 seconds 

Iteration 3 time: 0.091 secs.
Rows Read: 2416, Total Rows Processed: 2416, Total Chunk Time: Less than .001 seconds 

Iteration 4 time: 0.076 secs.
Rows Read: 2416, Total Rows Processed: 2416, Total Chunk Time: Less than .001 seconds 

Iteration 5 time: 0.095 secs.

Elapsed computation time: 0.795 secs.

Elapsed computation time: 2.030 secs.
[1] "--------------------------------------------------------------------------------"
[1] "analyze.results.glm.step="
Logistic Regression Results for: RaceHorse.IsHitA ~ Horse.TimeSdvAvg
Data: data
Dependent variable(s): RaceHorse.IsHitA
Total independent variables: 2 
Number of valid observations: 2416
Number of missing observations: 0 
 
Coefficients:
                 RaceHorse.IsHitA
(Intercept)                    -3
Horse.TimeSdvAvg                2
[1] "analyze.results.glm.step.summary"
Call:
rxLogit(formula = formula, data = data, variableSelection = analyze.results.glm.step.varsel)

Logistic Regression Results for: RaceHorse.IsHitA ~ Horse.TimeSdvAvg
Data: data
Dependent variable(s): RaceHorse.IsHitA
Total independent variables: 2 
Number of valid observations: 2416
Number of missing observations: 0 
-2*LogLikelihood: 1394.96 (Residual deviance on 2414 degrees of freedom)
 
Coefficients:
                 Estimate Std. Error z value Pr(>|z|)    
(Intercept)        -2.834      0.116  -24.45  2.2e-16 ***
Horse.TimeSdvAvg    2.115      0.321    6.58  4.7e-11 ***
---
Signif. codes:  0 '***' 0.001 '**' 0.01 '*' 0.05 '.' 0.1 ' ' 1

Condition number of final variance-covariance matrix: 1 
Number of iterations: 5
[1] "--------------------------------------------------------------------------------"
[1] "2022-02-25 20:33:00 --- rxGlm with rxStepControl Finish ---"
[1] "2022-02-25 20:33:01 --- rxStepPlot Start ---"
[1] "pdfFilename=pdf_analyze_glm_Horse_Type31_rxStepPlot.pdf"
[1] "rxStepPlot="
[1] "2022-02-25 20:33:01 --- rxStepPlot Finish ---"
[1] "2022-02-25 20:33:01 --- save.image Start ---"
[1] "save.image"
[1] "rdataFilename=RData_analyze_glm_Horse_Type31.RData"
[1] "2022-02-25 20:33:01 --- save.image Finish ---"
[1] "2022-02-25 20:33:01 --- final Start ---"
[1] "--------------------------------------------------------------------------------"
[1] "nrow(data) final=2416"
[1] "--------------------------------------------------------------------------------"
[1] "2022-02-25 20:33:02 --- final Finish ---"
[1] "2022-02-25 20:33:02 --- analyze_glm.R Finished ---"
[1] "2022-02-25 20:33:02 --- log Finish ---"
