[1] "2022-02-25 20:26:39 --- D1115_analyze_glm_Odds_IsHitA_Type15 Start ---"
[1] "2022-02-25 20:26:42 --- Log Start ---"
[1] "2022-02-25 20:26:45 --- analyze_glm.R Start ---"
[1] "analyzeVersion=D1115"
[1] "analyzeCategory=analyze"
[1] "analyzeType=Odds"
[1] "analyzeFamily=IsHitA"
[1] "analyzeFunc=glm"
[1] "analyzeTrackTypeCd=1"
[1] "analyzeJyokenCd=5"
[1] "2022-02-25 20:26:57 --- source_function.R Start ---"
[1] "2022-02-25 20:27:06 --- source_function.R Finished ---"

> print(paste0(Sys.time(), " --- source_library.R Start ---"))
[1] "2022-02-25 20:27:19 --- source_library.R Start ---"

> require("RevoScaleR")

> print(paste0(Sys.time(), " --- source_library.R Finished ---"))
[1] "2022-02-25 20:27:35 --- source_library.R Finished ---"
[1] "2022-02-25 20:27:42 --- RxSqlServerData Start ---"
[1] "2022-02-25 20:27:52 --- RxInSqlServer Start ---"
[1] "2022-02-25 20:28:02 --- RxInSqlServer Finish ---"
[1] "2022-02-25 20:28:10 --- rxSetComputeContext Start ---"
[1] "2022-02-25 20:28:16 --- rxSetComputeContext Finish ---"
[1] "2022-02-25 20:28:16 --- RxSqlServerData Start ---"
[1] "sqlQuery=SELECT * FROM ViewAnalyzeD1115analyze01OddsType15"
[1] "2022-02-25 20:28:16 --- RxSqlServerData Finish ---"
[1] "2022-02-25 20:28:33 --- rxGetVarInfo Start ---"
[1] "2022-02-25 20:28:42 --- rxGetVarInfo Finish---"
[1] "2022-02-25 20:28:42 --- rxImport Start ---"
Rows Read: 37190, Total Rows Processed: 37190, Total Chunk Time: 5.667 seconds 
[1] "2022-02-25 20:29:02 --- rxImport Finish ---"
[1] "object.size(data) auto=8.3 Mb"
[1] "--------------------------------------------------------------------------------"
[1] "nrow(data) RxSqlServerData=37190"
[1] "--------------------------------------------------------------------------------"
[1] "str(data)="
'data.frame':	37190 obs. of  32 variables:
 $ Race.RaceId                      : Factor w/ 2474 levels "20160105-06-01-01-05",..: 1 1 2 3 3 3 5 6 6 7 ...
 $ Race.IsPredictedRace             : logi  TRUE TRUE TRUE TRUE TRUE TRUE ...
 $ Race.IsAnalyzeNormalPastAndFuture: logi  TRUE TRUE TRUE TRUE TRUE TRUE ...
 $ Race.IsAnalyzeNormalPast         : logi  TRUE TRUE TRUE TRUE TRUE TRUE ...
 $ Race.IsAnalyzeNormalFuture       : logi  FALSE FALSE FALSE FALSE FALSE FALSE ...
 $ Race.IsAnalyzeFullPastAndFuture  : logi  TRUE TRUE TRUE TRUE TRUE TRUE ...
 $ Race.IsAnalyzeFullPast           : logi  TRUE TRUE TRUE TRUE TRUE TRUE ...
 $ Race.IsAnalyzeFullFuture         : logi  FALSE FALSE FALSE FALSE FALSE FALSE ...
 $ Race.JyokenCd                    : Factor w/ 1 level "5": 1 1 1 1 1 1 1 1 1 1 ...
 $ Race.JyoType1Cd                  : Factor w/ 175 levels "1-06-2000-5-1",..: 1 1 2 3 3 3 5 6 6 3 ...
 $ Race.RaceType1Cd                 : Factor w/ 3 levels "1-5-X-2","1-5-X-1",..: 1 1 1 2 2 2 1 1 1 2 ...
 $ RaceHorse.RaceId                 : Factor w/ 2474 levels "20160105-06-01-01-05",..: 1 1 2 3 3 3 5 6 6 7 ...
 $ RaceHorse.KettoNum               : Factor w/ 13971 levels "2013101614","2013101378",..: 11 12 13 14 15 16 17 18 19 20 ...
 $ RaceHorse.IsHit1                 : num  0 0 0 0 0 0 0 0 0 0 ...
 $ RaceHorse.IsHit2                 : num  0 0 0 0 0 0 0 0 0 0 ...
 $ RaceHorse.IsHit3                 : num  0 1 0 0 0 0 0 0 0 0 ...
 $ RaceHorse.IsHit4                 : num  0 0 0 0 0 1 0 0 0 0 ...
 $ RaceHorse.IsHit5                 : num  0 0 0 1 0 0 0 0 0 0 ...
 $ RaceHorse.IsHit6                 : num  1 0 1 0 1 0 1 1 1 1 ...
 $ RaceHorse.IsValidRaceHorse       : logi  TRUE TRUE TRUE TRUE TRUE TRUE ...
 $ RaceHorse.TimeSdv                : num  0.78029 1.78585 0.57433 -0.00164 -1.15195 ...
 $ RaceHorse.IsHitA                 : num  0 0 0 0 0 0 0 0 0 0 ...
 $ RaceHorse.IsHitB                 : num  0 0 0 0 0 0 0 0 0 0 ...
 $ RaceHorse.IsHitC                 : num  0 1 0 0 0 0 0 0 0 0 ...
 $ OddsByWin.Odds1                  : num  232.6 7.2 39.3 5.2 99.5 ...
 $ OddsByWin.Ninki                  : num  15 5 8 2 15 11 14 16 10 14 ...
 $ OddsByWin.OddsLog1               : num  5.45 2.1 3.7 1.82 4.61 ...
 $ OddsByWin.OddsRatio1             : num  0.00432 0.16129 0.02611 0.2381 0.01015 ...
 $ OddsByWin.OddsLogit1             : num  -5.45 -1.97 -3.67 -1.65 -4.6 ...
 $ OddsByWin.ApprovalRate1          : num  0.0043 0.1389 0.0254 0.1923 0.0101 ...
 $ OddsByWin.ApprovalRateLog1       : num  0.00429 0.13005 0.02513 0.17589 0.01 ...
 $ EOF                              : int  1 1 1 1 1 1 1 1 1 1 ...
[1] "2022-02-25 20:32:52 --- RxSqlServerData Finish ---"
[1] "2022-02-25 20:32:52 --- subset Start ---"
[1] "--------------------------------------------------------------------------------"
[1] "nrow(data) subset before=37190"
[1] "nrow(data) subset after =37190"
[1] "nrow(data) subset diff =0"
[1] "--------------------------------------------------------------------------------"
[1] "2022-02-25 20:32:53 --- subset Finish---"
[1] "2022-02-25 20:32:53 --- transform Start ---"
[1] "--------------------------------------------------------------------------------"
[1] "nrow(data) transform before=37190"
[1] "nrow(data) transform after=37190"
[1] "nrow(data) transform diff=0"
[1] "--------------------------------------------------------------------------------"
[1] "str(data)="
'data.frame':	37190 obs. of  32 variables:
 $ Race.RaceId                      : Factor w/ 2474 levels "20160105-06-01-01-05",..: 1 1 2 3 3 3 5 6 6 7 ...
 $ Race.IsPredictedRace             : logi  TRUE TRUE TRUE TRUE TRUE TRUE ...
 $ Race.IsAnalyzeNormalPastAndFuture: logi  TRUE TRUE TRUE TRUE TRUE TRUE ...
 $ Race.IsAnalyzeNormalPast         : logi  TRUE TRUE TRUE TRUE TRUE TRUE ...
 $ Race.IsAnalyzeNormalFuture       : logi  FALSE FALSE FALSE FALSE FALSE FALSE ...
 $ Race.IsAnalyzeFullPastAndFuture  : logi  TRUE TRUE TRUE TRUE TRUE TRUE ...
 $ Race.IsAnalyzeFullPast           : logi  TRUE TRUE TRUE TRUE TRUE TRUE ...
 $ Race.IsAnalyzeFullFuture         : logi  FALSE FALSE FALSE FALSE FALSE FALSE ...
 $ Race.JyokenCd                    : Factor w/ 1 level "5": 1 1 1 1 1 1 1 1 1 1 ...
 $ Race.JyoType1Cd                  : Factor w/ 175 levels "1-06-2000-5-1",..: 1 1 2 3 3 3 5 6 6 3 ...
 $ Race.RaceType1Cd                 : Factor w/ 3 levels "1-5-X-2","1-5-X-1",..: 1 1 1 2 2 2 1 1 1 2 ...
 $ RaceHorse.RaceId                 : Factor w/ 2474 levels "20160105-06-01-01-05",..: 1 1 2 3 3 3 5 6 6 7 ...
 $ RaceHorse.KettoNum               : Factor w/ 13971 levels "2013101614","2013101378",..: 11 12 13 14 15 16 17 18 19 20 ...
 $ RaceHorse.IsHit1                 : num  0 0 0 0 0 0 0 0 0 0 ...
 $ RaceHorse.IsHit2                 : num  0 0 0 0 0 0 0 0 0 0 ...
 $ RaceHorse.IsHit3                 : num  0 1 0 0 0 0 0 0 0 0 ...
 $ RaceHorse.IsHit4                 : num  0 0 0 0 0 1 0 0 0 0 ...
 $ RaceHorse.IsHit5                 : num  0 0 0 1 0 0 0 0 0 0 ...
 $ RaceHorse.IsHit6                 : num  1 0 1 0 1 0 1 1 1 1 ...
 $ RaceHorse.IsValidRaceHorse       : logi  TRUE TRUE TRUE TRUE TRUE TRUE ...
 $ RaceHorse.TimeSdv                : num  0.78029 1.78585 0.57433 -0.00164 -1.15195 ...
 $ RaceHorse.IsHitA                 : num  0 0 0 0 0 0 0 0 0 0 ...
 $ RaceHorse.IsHitB                 : num  0 0 0 0 0 0 0 0 0 0 ...
 $ RaceHorse.IsHitC                 : num  0 1 0 0 0 0 0 0 0 0 ...
 $ OddsByWin.Odds1                  : num  232.6 7.2 39.3 5.2 99.5 ...
 $ OddsByWin.Ninki                  : num  15 5 8 2 15 11 14 16 10 14 ...
 $ OddsByWin.OddsLog1               : num  5.45 2.1 3.7 1.82 4.61 ...
 $ OddsByWin.OddsRatio1             : num  0.00432 0.16129 0.02611 0.2381 0.01015 ...
 $ OddsByWin.OddsLogit1             : num  -5.45 -1.97 -3.67 -1.65 -4.6 ...
 $ OddsByWin.ApprovalRate1          : num  0.0043 0.1389 0.0254 0.1923 0.0101 ...
 $ OddsByWin.ApprovalRateLog1       : num  0.00429 0.13005 0.02513 0.17589 0.01 ...
 $ EOF                              : int  1 1 1 1 1 1 1 1 1 1 ...
NULL
[1] "2022-02-25 20:33:00 --- transform Finish ---"
[1] "2022-02-25 20:33:00 --- na.omit Start ---"
[1] "--------------------------------------------------------------------------------"
[1] "nrow(data) na.omit before=37190"
[1] "nrow(data) na.omit after =36927"
[1] "nrow(data) na.omit diff =263"
[1] "--------------------------------------------------------------------------------"
'data.frame':	36927 obs. of  32 variables:
 $ Race.RaceId                      : Factor w/ 2474 levels "20160105-06-01-01-05",..: 1 1 2 3 3 3 5 6 6 7 ...
 $ Race.IsPredictedRace             : logi  TRUE TRUE TRUE TRUE TRUE TRUE ...
 $ Race.IsAnalyzeNormalPastAndFuture: logi  TRUE TRUE TRUE TRUE TRUE TRUE ...
 $ Race.IsAnalyzeNormalPast         : logi  TRUE TRUE TRUE TRUE TRUE TRUE ...
 $ Race.IsAnalyzeNormalFuture       : logi  FALSE FALSE FALSE FALSE FALSE FALSE ...
 $ Race.IsAnalyzeFullPastAndFuture  : logi  TRUE TRUE TRUE TRUE TRUE TRUE ...
 $ Race.IsAnalyzeFullPast           : logi  TRUE TRUE TRUE TRUE TRUE TRUE ...
 $ Race.IsAnalyzeFullFuture         : logi  FALSE FALSE FALSE FALSE FALSE FALSE ...
 $ Race.JyokenCd                    : Factor w/ 1 level "5": 1 1 1 1 1 1 1 1 1 1 ...
 $ Race.JyoType1Cd                  : Factor w/ 175 levels "1-06-2000-5-1",..: 1 1 2 3 3 3 5 6 6 3 ...
 $ Race.RaceType1Cd                 : Factor w/ 3 levels "1-5-X-2","1-5-X-1",..: 1 1 1 2 2 2 1 1 1 2 ...
 $ RaceHorse.RaceId                 : Factor w/ 2474 levels "20160105-06-01-01-05",..: 1 1 2 3 3 3 5 6 6 7 ...
 $ RaceHorse.KettoNum               : Factor w/ 13971 levels "2013101614","2013101378",..: 11 12 13 14 15 16 17 18 19 20 ...
 $ RaceHorse.IsHit1                 : num  0 0 0 0 0 0 0 0 0 0 ...
 $ RaceHorse.IsHit2                 : num  0 0 0 0 0 0 0 0 0 0 ...
 $ RaceHorse.IsHit3                 : num  0 1 0 0 0 0 0 0 0 0 ...
 $ RaceHorse.IsHit4                 : num  0 0 0 0 0 1 0 0 0 0 ...
 $ RaceHorse.IsHit5                 : num  0 0 0 1 0 0 0 0 0 0 ...
 $ RaceHorse.IsHit6                 : num  1 0 1 0 1 0 1 1 1 1 ...
 $ RaceHorse.IsValidRaceHorse       : logi  TRUE TRUE TRUE TRUE TRUE TRUE ...
 $ RaceHorse.TimeSdv                : num  0.78029 1.78585 0.57433 -0.00164 -1.15195 ...
 $ RaceHorse.IsHitA                 : num  0 0 0 0 0 0 0 0 0 0 ...
 $ RaceHorse.IsHitB                 : num  0 0 0 0 0 0 0 0 0 0 ...
 $ RaceHorse.IsHitC                 : num  0 1 0 0 0 0 0 0 0 0 ...
 $ OddsByWin.Odds1                  : num  232.6 7.2 39.3 5.2 99.5 ...
 $ OddsByWin.Ninki                  : num  15 5 8 2 15 11 14 16 10 14 ...
 $ OddsByWin.OddsLog1               : num  5.45 2.1 3.7 1.82 4.61 ...
 $ OddsByWin.OddsRatio1             : num  0.00432 0.16129 0.02611 0.2381 0.01015 ...
 $ OddsByWin.OddsLogit1             : num  -5.45 -1.97 -3.67 -1.65 -4.6 ...
 $ OddsByWin.ApprovalRate1          : num  0.0043 0.1389 0.0254 0.1923 0.0101 ...
 $ OddsByWin.ApprovalRateLog1       : num  0.00429 0.13005 0.02513 0.17589 0.01 ...
 $ EOF                              : int  1 1 1 1 1 1 1 1 1 1 ...
 - attr(*, "na.action")= 'omit' Named int  115 282 405 865 910 951 1040 1427 1796 1899 ...
  ..- attr(*, "names")= chr  "115" "282" "405" "865" ...
[1] "2022-02-25 20:33:05 --- na.omit Finish ---"
[1] "2022-02-25 20:33:05 --- rxGlm with rxStepControl Start ---"

> print(paste0(Sys.time(), " --- source_logic_glm.R Start ---"))
[1] "2022-02-25 20:33:06 --- source_logic_glm.R Start ---"

> formula <- formula(RaceHorse.IsHitA ~ +1 + OddsByWin.OddsLogit1)

> print(paste0(Sys.time(), " --- source_logic_glm.R Finished ---"))
[1] "2022-02-25 20:33:06 --- source_logic_glm.R Finished ---"
Rows Read: 36927, Total Rows Processed: 36927, Total Chunk Time: 0.002 seconds 

Starting values (iteration 1) time: 0.024 secs.
Rows Read: 36927, Total Rows Processed: 36927, Total Chunk Time: 0.004 seconds 

Iteration 2 time: 0.088 secs.
Rows Read: 36927, Total Rows Processed: 36927, Total Chunk Time: 0.004 seconds 

Iteration 3 time: 0.084 secs.
Rows Read: 36927, Total Rows Processed: 36927, Total Chunk Time: 0.003 seconds 

Iteration 4 time: 0.152 secs.
Rows Read: 36927, Total Rows Processed: 36927, Total Chunk Time: 0.003 seconds 

Iteration 5 time: 0.083 secs.
Rows Read: 36927, Total Rows Processed: 36927, Total Chunk Time: 0.003 seconds 

Iteration 6 time: 0.169 secs.
Rows Read: 36927, Total Rows Processed: 36927, Total Chunk Time: 0.003 seconds 

Iteration 7 time: 0.170 secs.

Elapsed computation time: 1.394 secs.
Rows Read: 36927, Total Rows Processed: 36927, Total Chunk Time: Less than .001 seconds 

Starting values (iteration 1) time: 0.083 secs.
Rows Read: 36927, Total Rows Processed: 36927, Total Chunk Time: 0.003 seconds 

Iteration 2 time: 0.080 secs.

Elapsed computation time: 0.356 secs.
Rows Read: 36927, Total Rows Processed: 36927, Total Chunk Time: 0.002 seconds 

Starting values (iteration 1) time: 0.084 secs.
Rows Read: 36927, Total Rows Processed: 36927, Total Chunk Time: 0.003 seconds 

Iteration 2 time: 0.095 secs.
Rows Read: 36927, Total Rows Processed: 36927, Total Chunk Time: 0.003 seconds 

Iteration 3 time: 0.087 secs.
Rows Read: 36927, Total Rows Processed: 36927, Total Chunk Time: 0.004 seconds 

Iteration 4 time: 0.156 secs.
Rows Read: 36927, Total Rows Processed: 36927, Total Chunk Time: 0.004 seconds 

Iteration 5 time: 0.077 secs.
Rows Read: 36927, Total Rows Processed: 36927, Total Chunk Time: 0.004 seconds 

Iteration 6 time: 0.064 secs.
Rows Read: 36927, Total Rows Processed: 36927, Total Chunk Time: 0.004 seconds 

Iteration 7 time: 0.067 secs.

Elapsed computation time: 1.330 secs.

Elapsed computation time: 3.406 secs.
[1] "--------------------------------------------------------------------------------"
[1] "analyze.results.glm.step="
Logistic Regression Results for: RaceHorse.IsHitA ~
    OddsByWin.OddsLogit1
Data: data
Dependent variable(s): RaceHorse.IsHitA
Total independent variables: 2 
Number of valid observations: 36927
Number of missing observations: 0 
 
Coefficients:
                     RaceHorse.IsHitA
(Intercept)                       0.4
OddsByWin.OddsLogit1              1.2
[1] "analyze.results.glm.step.summary"
Call:
rxLogit(formula = formula, data = data, variableSelection = analyze.results.glm.step.varsel)

Logistic Regression Results for: RaceHorse.IsHitA ~
    OddsByWin.OddsLogit1
Data: data
Dependent variable(s): RaceHorse.IsHitA
Total independent variables: 2 
Number of valid observations: 36927
Number of missing observations: 0 
-2*LogLikelihood: 13736.947 (Residual deviance on 36925 degrees of freedom)
 
Coefficients:
                     Estimate Std. Error z value Pr(>|z|)    
(Intercept)            0.3753     0.0483    7.77  2.2e-16 ***
OddsByWin.OddsLogit1   1.2007     0.0234   51.26  2.2e-16 ***
---
Signif. codes:  0 '***' 0.001 '**' 0.01 '*' 0.05 '.' 0.1 ' ' 1

Condition number of final variance-covariance matrix: 1 
Number of iterations: 7
[1] "--------------------------------------------------------------------------------"
[1] "2022-02-25 20:33:12 --- rxGlm with rxStepControl Finish ---"
[1] "2022-02-25 20:33:12 --- rxStepPlot Start ---"
[1] "pdfFilename=pdf_analyze_glm_Odds_Type15_rxStepPlot.pdf"
[1] "rxStepPlot="
[1] "2022-02-25 20:33:13 --- rxStepPlot Finish ---"
[1] "2022-02-25 20:33:13 --- save.image Start ---"
[1] "save.image"
[1] "rdataFilename=RData_analyze_glm_Odds_Type15.RData"
[1] "2022-02-25 20:33:13 --- save.image Finish ---"
[1] "2022-02-25 20:33:13 --- final Start ---"
[1] "--------------------------------------------------------------------------------"
[1] "nrow(data) final=36927"
[1] "--------------------------------------------------------------------------------"
[1] "2022-02-25 20:33:13 --- final Finish ---"
[1] "2022-02-25 20:33:14 --- analyze_glm.R Finished ---"
[1] "2022-02-25 20:33:14 --- log Finish ---"
