[1] "2022-02-25 20:57:32 --- D1115_analyze_glm_Jockey_IsHitA_Type26 Start ---"
[1] "2022-02-25 20:57:32 --- Log Start ---"
[1] "2022-02-25 20:57:32 --- analyze_glm.R Start ---"
[1] "analyzeVersion=D1115"
[1] "analyzeCategory=analyze"
[1] "analyzeType=Jockey"
[1] "analyzeFamily=IsHitA"
[1] "analyzeFunc=glm"
[1] "analyzeTrackTypeCd=2"
[1] "analyzeJyokenCd=6"
[1] "2022-02-25 20:57:32 --- source_function.R Start ---"
[1] "2022-02-25 20:57:32 --- source_function.R Finished ---"

> print(paste0(Sys.time(), " --- source_library.R Start ---"))
[1] "2022-02-25 20:57:32 --- source_library.R Start ---"

> require("RevoScaleR")

> print(paste0(Sys.time(), " --- source_library.R Finished ---"))
[1] "2022-02-25 20:57:33 --- source_library.R Finished ---"
[1] "2022-02-25 20:57:33 --- RxSqlServerData Start ---"
[1] "2022-02-25 20:57:33 --- RxInSqlServer Start ---"
[1] "2022-02-25 20:57:33 --- RxInSqlServer Finish ---"
[1] "2022-02-25 20:57:33 --- rxSetComputeContext Start ---"
[1] "2022-02-25 20:57:33 --- rxSetComputeContext Finish ---"
[1] "2022-02-25 20:57:33 --- RxSqlServerData Start ---"
[1] "sqlQuery=SELECT * FROM ViewAnalyzeD1115analyze01JockeyType26"
[1] "2022-02-25 20:57:33 --- RxSqlServerData Finish ---"
[1] "2022-02-25 20:57:33 --- rxGetVarInfo Start ---"
[1] "2022-02-25 20:57:33 --- rxGetVarInfo Finish---"
[1] "2022-02-25 20:57:33 --- rxImport Start ---"
Rows Read: 6750, Total Rows Processed: 6750, Total Chunk Time: 4.707 seconds 
[1] "2022-02-25 20:57:49 --- rxImport Finish ---"
[1] "object.size(data) auto=2.4 Mb"
[1] "--------------------------------------------------------------------------------"
[1] "nrow(data) RxSqlServerData=6750"
[1] "--------------------------------------------------------------------------------"
[1] "str(data)="
'data.frame':	6750 obs. of  43 variables:
 $ Race.RaceId                      : Factor w/ 467 levels "20201024-05-04-05-04",..: 2 3 2 3 3 2 3 3 2 3 ...
 $ Race.IsPredictedRace             : logi  TRUE TRUE TRUE TRUE TRUE TRUE ...
 $ Race.IsAnalyzeNormalPastAndFuture: logi  TRUE TRUE TRUE TRUE TRUE TRUE ...
 $ Race.IsAnalyzeNormalPast         : logi  TRUE TRUE TRUE TRUE TRUE TRUE ...
 $ Race.IsAnalyzeNormalFuture       : logi  FALSE FALSE FALSE FALSE FALSE FALSE ...
 $ Race.IsAnalyzeFullPastAndFuture  : logi  TRUE TRUE TRUE TRUE TRUE TRUE ...
 $ Race.IsAnalyzeFullPast           : logi  TRUE TRUE TRUE TRUE TRUE TRUE ...
 $ Race.IsAnalyzeFullFuture         : logi  FALSE FALSE FALSE FALSE FALSE FALSE ...
 $ Race.JyokenCd                    : Factor w/ 1 level "6": 1 1 1 1 1 1 1 1 1 1 ...
 $ Race.JyoType1Cd                  : Factor w/ 68 levels "2-05-1600-6-2",..: 2 3 2 3 3 2 3 3 2 3 ...
 $ Race.RaceType1Cd                 : Factor w/ 2 levels "2-6-X-1","2-6-X-2": 1 2 1 2 2 1 2 2 1 2 ...
 $ RaceHorse.RaceId                 : Factor w/ 467 levels "20201024-05-04-05-04",..: 2 3 2 3 3 2 3 3 2 3 ...
 $ RaceHorse.KettoNum               : Factor w/ 6735 levels "2018100764","2018103437",..: 11 12 13 14 15 16 17 18 19 20 ...
 $ RaceHorse.IsHit1                 : num  0 0 0 0 0 0 0 0 0 0 ...
 $ RaceHorse.IsHit2                 : num  0 0 0 0 0 0 0 0 0 0 ...
 $ RaceHorse.IsHit3                 : num  0 0 0 0 0 0 0 0 1 0 ...
 $ RaceHorse.IsHit4                 : num  0 0 0 0 0 0 0 0 0 0 ...
 $ RaceHorse.IsHit5                 : num  0 0 1 0 1 0 0 0 0 0 ...
 $ RaceHorse.IsHit6                 : num  1 1 0 1 0 1 1 1 0 1 ...
 $ RaceHorse.IsValidRaceHorse       : logi  TRUE TRUE TRUE TRUE TRUE TRUE ...
 $ RaceHorse.TimeSdv                : num  -0.391 -0.471 0.517 -0.471 0.265 ...
 $ RaceHorse.IsHitA                 : num  0 0 0 0 0 0 0 0 0 0 ...
 $ RaceHorse.IsHitB                 : num  0 0 0 0 0 0 0 0 0 0 ...
 $ RaceHorse.IsHitC                 : num  0 0 0 0 0 0 0 0 1 0 ...
 $ Jockey.TimeSdvByRaceAvg          : num  -0.2726 -0.4687 -0.3365 0.2708 -0.0956 ...
 $ Jockey.TimeSdvByRaceMin          : num  -2.096 -1.361 -2.939 -0.786 -2.568 ...
 $ Jockey.TimeSdvByRaceMax          : num  1.36 1.62 1.77 1.3 1.39 ...
 $ Jockey.TimeSdvAvg                : num  -0.52485 0.15668 -0.18049 0.56676 0.00184 ...
 $ Jockey.TimeSdvMin                : num  -1.639 -1.07 -2.174 -0.224 -1.976 ...
 $ Jockey.TimeSdvMax                : num  0.61 1.65 1.74 1.74 1.21 ...
 $ Jockey.OrderOfFinishSdvAvg       : num  -0.43 -0.357 -0.423 0.383 0.178 ...
 $ Jockey.RunCount                  : num  9 8 60 21 22 84 34 17 8 8 ...
 $ Jockey.HitCount1                 : num  0 0 2 1 2 4 0 0 0 0 ...
 $ Jockey.HitCount2                 : num  1 1 1 1 3 2 3 0 3 1 ...
 $ Jockey.HitCount3                 : num  0 0 2 3 0 1 6 1 0 0 ...
 $ Jockey.HitCount4                 : num  0 0 1 2 1 7 7 1 1 1 ...
 $ Jockey.HitCount5                 : num  1 0 5 0 0 9 4 1 0 1 ...
 $ Jockey.HitRate1                  : num  0 0 0.0333 0.0476 0.0909 ...
 $ Jockey.HitRate2                  : num  0.1111 0.125 0.0167 0.0476 0.1364 ...
 $ Jockey.HitRate3                  : num  0 0 0.0333 0.1429 0 ...
 $ Jockey.HitRate4                  : num  0 0 0.0167 0.0952 0.0455 ...
 $ Jockey.HitRate5                  : num  0.1111 0 0.0833 0 0 ...
 $ EOF                              : int  1 1 1 1 1 1 1 1 1 1 ...
[1] "2022-02-25 20:57:50 --- RxSqlServerData Finish ---"
[1] "2022-02-25 20:57:50 --- subset Start ---"
[1] "--------------------------------------------------------------------------------"
[1] "nrow(data) subset before=6750"
[1] "nrow(data) subset after =6750"
[1] "nrow(data) subset diff =0"
[1] "--------------------------------------------------------------------------------"
[1] "2022-02-25 20:57:50 --- subset Finish---"
[1] "2022-02-25 20:57:50 --- transform Start ---"
[1] "--------------------------------------------------------------------------------"
[1] "nrow(data) transform before=6750"
[1] "nrow(data) transform after=6750"
[1] "nrow(data) transform diff=0"
[1] "--------------------------------------------------------------------------------"
[1] "str(data)="
'data.frame':	6750 obs. of  43 variables:
 $ Race.RaceId                      : Factor w/ 467 levels "20201024-05-04-05-04",..: 2 3 2 3 3 2 3 3 2 3 ...
 $ Race.IsPredictedRace             : logi  TRUE TRUE TRUE TRUE TRUE TRUE ...
 $ Race.IsAnalyzeNormalPastAndFuture: logi  TRUE TRUE TRUE TRUE TRUE TRUE ...
 $ Race.IsAnalyzeNormalPast         : logi  TRUE TRUE TRUE TRUE TRUE TRUE ...
 $ Race.IsAnalyzeNormalFuture       : logi  FALSE FALSE FALSE FALSE FALSE FALSE ...
 $ Race.IsAnalyzeFullPastAndFuture  : logi  TRUE TRUE TRUE TRUE TRUE TRUE ...
 $ Race.IsAnalyzeFullPast           : logi  TRUE TRUE TRUE TRUE TRUE TRUE ...
 $ Race.IsAnalyzeFullFuture         : logi  FALSE FALSE FALSE FALSE FALSE FALSE ...
 $ Race.JyokenCd                    : Factor w/ 1 level "6": 1 1 1 1 1 1 1 1 1 1 ...
 $ Race.JyoType1Cd                  : Factor w/ 68 levels "2-05-1600-6-2",..: 2 3 2 3 3 2 3 3 2 3 ...
 $ Race.RaceType1Cd                 : Factor w/ 2 levels "2-6-X-1","2-6-X-2": 1 2 1 2 2 1 2 2 1 2 ...
 $ RaceHorse.RaceId                 : Factor w/ 467 levels "20201024-05-04-05-04",..: 2 3 2 3 3 2 3 3 2 3 ...
 $ RaceHorse.KettoNum               : Factor w/ 6735 levels "2018100764","2018103437",..: 11 12 13 14 15 16 17 18 19 20 ...
 $ RaceHorse.IsHit1                 : num  0 0 0 0 0 0 0 0 0 0 ...
 $ RaceHorse.IsHit2                 : num  0 0 0 0 0 0 0 0 0 0 ...
 $ RaceHorse.IsHit3                 : num  0 0 0 0 0 0 0 0 1 0 ...
 $ RaceHorse.IsHit4                 : num  0 0 0 0 0 0 0 0 0 0 ...
 $ RaceHorse.IsHit5                 : num  0 0 1 0 1 0 0 0 0 0 ...
 $ RaceHorse.IsHit6                 : num  1 1 0 1 0 1 1 1 0 1 ...
 $ RaceHorse.IsValidRaceHorse       : logi  TRUE TRUE TRUE TRUE TRUE TRUE ...
 $ RaceHorse.TimeSdv                : num  -0.391 -0.471 0.517 -0.471 0.265 ...
 $ RaceHorse.IsHitA                 : num  0 0 0 0 0 0 0 0 0 0 ...
 $ RaceHorse.IsHitB                 : num  0 0 0 0 0 0 0 0 0 0 ...
 $ RaceHorse.IsHitC                 : num  0 0 0 0 0 0 0 0 1 0 ...
 $ Jockey.TimeSdvByRaceAvg          : num  -0.2726 -0.4687 -0.3365 0.2708 -0.0956 ...
 $ Jockey.TimeSdvByRaceMin          : num  -2.096 -1.361 -2.939 -0.786 -2.568 ...
 $ Jockey.TimeSdvByRaceMax          : num  1.36 1.62 1.77 1.3 1.39 ...
 $ Jockey.TimeSdvAvg                : num  -0.52485 0.15668 -0.18049 0.56676 0.00184 ...
 $ Jockey.TimeSdvMin                : num  -1.639 -1.07 -2.174 -0.224 -1.976 ...
 $ Jockey.TimeSdvMax                : num  0.61 1.65 1.74 1.74 1.21 ...
 $ Jockey.OrderOfFinishSdvAvg       : num  -0.43 -0.357 -0.423 0.383 0.178 ...
 $ Jockey.RunCount                  : num  9 8 60 21 22 84 34 17 8 8 ...
 $ Jockey.HitCount1                 : num  0 0 2 1 2 4 0 0 0 0 ...
 $ Jockey.HitCount2                 : num  1 1 1 1 3 2 3 0 3 1 ...
 $ Jockey.HitCount3                 : num  0 0 2 3 0 1 6 1 0 0 ...
 $ Jockey.HitCount4                 : num  0 0 1 2 1 7 7 1 1 1 ...
 $ Jockey.HitCount5                 : num  1 0 5 0 0 9 4 1 0 1 ...
 $ Jockey.HitRate1                  : num  0 0 0.0333 0.0476 0.0909 ...
 $ Jockey.HitRate2                  : num  0.1111 0.125 0.0167 0.0476 0.1364 ...
 $ Jockey.HitRate3                  : num  0 0 0.0333 0.1429 0 ...
 $ Jockey.HitRate4                  : num  0 0 0.0167 0.0952 0.0455 ...
 $ Jockey.HitRate5                  : num  0.1111 0 0.0833 0 0 ...
 $ EOF                              : int  1 1 1 1 1 1 1 1 1 1 ...
NULL
[1] "2022-02-25 20:57:50 --- transform Finish ---"
[1] "2022-02-25 20:57:51 --- na.omit Start ---"
[1] "--------------------------------------------------------------------------------"
[1] "nrow(data) na.omit before=6750"
[1] "nrow(data) na.omit after =6686"
[1] "nrow(data) na.omit diff =64"
[1] "--------------------------------------------------------------------------------"
'data.frame':	6686 obs. of  43 variables:
 $ Race.RaceId                      : Factor w/ 467 levels "20201024-05-04-05-04",..: 2 3 2 3 3 2 3 3 2 3 ...
 $ Race.IsPredictedRace             : logi  TRUE TRUE TRUE TRUE TRUE TRUE ...
 $ Race.IsAnalyzeNormalPastAndFuture: logi  TRUE TRUE TRUE TRUE TRUE TRUE ...
 $ Race.IsAnalyzeNormalPast         : logi  TRUE TRUE TRUE TRUE TRUE TRUE ...
 $ Race.IsAnalyzeNormalFuture       : logi  FALSE FALSE FALSE FALSE FALSE FALSE ...
 $ Race.IsAnalyzeFullPastAndFuture  : logi  TRUE TRUE TRUE TRUE TRUE TRUE ...
 $ Race.IsAnalyzeFullPast           : logi  TRUE TRUE TRUE TRUE TRUE TRUE ...
 $ Race.IsAnalyzeFullFuture         : logi  FALSE FALSE FALSE FALSE FALSE FALSE ...
 $ Race.JyokenCd                    : Factor w/ 1 level "6": 1 1 1 1 1 1 1 1 1 1 ...
 $ Race.JyoType1Cd                  : Factor w/ 68 levels "2-05-1600-6-2",..: 2 3 2 3 3 2 3 3 2 3 ...
 $ Race.RaceType1Cd                 : Factor w/ 2 levels "2-6-X-1","2-6-X-2": 1 2 1 2 2 1 2 2 1 2 ...
 $ RaceHorse.RaceId                 : Factor w/ 467 levels "20201024-05-04-05-04",..: 2 3 2 3 3 2 3 3 2 3 ...
 $ RaceHorse.KettoNum               : Factor w/ 6735 levels "2018100764","2018103437",..: 11 12 13 14 15 16 17 18 19 20 ...
 $ RaceHorse.IsHit1                 : num  0 0 0 0 0 0 0 0 0 0 ...
 $ RaceHorse.IsHit2                 : num  0 0 0 0 0 0 0 0 0 0 ...
 $ RaceHorse.IsHit3                 : num  0 0 0 0 0 0 0 0 1 0 ...
 $ RaceHorse.IsHit4                 : num  0 0 0 0 0 0 0 0 0 0 ...
 $ RaceHorse.IsHit5                 : num  0 0 1 0 1 0 0 0 0 0 ...
 $ RaceHorse.IsHit6                 : num  1 1 0 1 0 1 1 1 0 1 ...
 $ RaceHorse.IsValidRaceHorse       : logi  TRUE TRUE TRUE TRUE TRUE TRUE ...
 $ RaceHorse.TimeSdv                : num  -0.391 -0.471 0.517 -0.471 0.265 ...
 $ RaceHorse.IsHitA                 : num  0 0 0 0 0 0 0 0 0 0 ...
 $ RaceHorse.IsHitB                 : num  0 0 0 0 0 0 0 0 0 0 ...
 $ RaceHorse.IsHitC                 : num  0 0 0 0 0 0 0 0 1 0 ...
 $ Jockey.TimeSdvByRaceAvg          : num  -0.2726 -0.4687 -0.3365 0.2708 -0.0956 ...
 $ Jockey.TimeSdvByRaceMin          : num  -2.096 -1.361 -2.939 -0.786 -2.568 ...
 $ Jockey.TimeSdvByRaceMax          : num  1.36 1.62 1.77 1.3 1.39 ...
 $ Jockey.TimeSdvAvg                : num  -0.52485 0.15668 -0.18049 0.56676 0.00184 ...
 $ Jockey.TimeSdvMin                : num  -1.639 -1.07 -2.174 -0.224 -1.976 ...
 $ Jockey.TimeSdvMax                : num  0.61 1.65 1.74 1.74 1.21 ...
 $ Jockey.OrderOfFinishSdvAvg       : num  -0.43 -0.357 -0.423 0.383 0.178 ...
 $ Jockey.RunCount                  : num  9 8 60 21 22 84 34 17 8 8 ...
 $ Jockey.HitCount1                 : num  0 0 2 1 2 4 0 0 0 0 ...
 $ Jockey.HitCount2                 : num  1 1 1 1 3 2 3 0 3 1 ...
 $ Jockey.HitCount3                 : num  0 0 2 3 0 1 6 1 0 0 ...
 $ Jockey.HitCount4                 : num  0 0 1 2 1 7 7 1 1 1 ...
 $ Jockey.HitCount5                 : num  1 0 5 0 0 9 4 1 0 1 ...
 $ Jockey.HitRate1                  : num  0 0 0.0333 0.0476 0.0909 ...
 $ Jockey.HitRate2                  : num  0.1111 0.125 0.0167 0.0476 0.1364 ...
 $ Jockey.HitRate3                  : num  0 0 0.0333 0.1429 0 ...
 $ Jockey.HitRate4                  : num  0 0 0.0167 0.0952 0.0455 ...
 $ Jockey.HitRate5                  : num  0.1111 0 0.0833 0 0 ...
 $ EOF                              : int  1 1 1 1 1 1 1 1 1 1 ...
 - attr(*, "na.action")= 'omit' Named int  227 396 475 688 868 874 934 948 1033 1099 ...
  ..- attr(*, "names")= chr  "227" "396" "475" "688" ...
[1] "2022-02-25 20:57:51 --- na.omit Finish ---"
[1] "2022-02-25 20:57:51 --- rxGlm with rxStepControl Start ---"

> print(paste0(Sys.time(), " --- source_logic_glm.R Start ---"))
[1] "2022-02-25 20:57:51 --- source_logic_glm.R Start ---"

> formula <- formula(RaceHorse.IsHitA ~ +1 + Jockey.TimeSdvAvg)

> print(paste0(Sys.time(), " --- source_logic_glm.R Finished ---"))
[1] "2022-02-25 20:57:51 --- source_logic_glm.R Finished ---"
Rows Read: 6686, Total Rows Processed: 6686, Total Chunk Time: 0.001 seconds 

Starting values (iteration 1) time: 0.018 secs.
Rows Read: 6686, Total Rows Processed: 6686, Total Chunk Time: 0.001 seconds 

Iteration 2 time: 0.005 secs.
Rows Read: 6686, Total Rows Processed: 6686, Total Chunk Time: Less than .001 seconds 

Iteration 3 time: 0.007 secs.
Rows Read: 6686, Total Rows Processed: 6686, Total Chunk Time: Less than .001 seconds 

Iteration 4 time: 0.004 secs.
Rows Read: 6686, Total Rows Processed: 6686, Total Chunk Time: 0.001 seconds 

Iteration 5 time: 0.006 secs.

Elapsed computation time: 0.062 secs.
Rows Read: 6686, Total Rows Processed: 6686, Total Chunk Time: Less than .001 seconds 

Starting values (iteration 1) time: 0.005 secs.
Rows Read: 6686, Total Rows Processed: 6686, Total Chunk Time: 0.001 seconds 

Iteration 2 time: 0.005 secs.

Elapsed computation time: 0.022 secs.
Rows Read: 6686, Total Rows Processed: 6686, Total Chunk Time: 0.001 seconds 

Starting values (iteration 1) time: 0.007 secs.
Rows Read: 6686, Total Rows Processed: 6686, Total Chunk Time: 0.001 seconds 

Iteration 2 time: 0.007 secs.
Rows Read: 6686, Total Rows Processed: 6686, Total Chunk Time: Less than .001 seconds 

Iteration 3 time: 0.007 secs.
Rows Read: 6686, Total Rows Processed: 6686, Total Chunk Time: 0.001 seconds 

Iteration 4 time: 0.005 secs.
Rows Read: 6686, Total Rows Processed: 6686, Total Chunk Time: 0.001 seconds 

Iteration 5 time: 0.012 secs.

Elapsed computation time: 0.076 secs.

Elapsed computation time: 0.186 secs.
[1] "--------------------------------------------------------------------------------"
[1] "analyze.results.glm.step="
Logistic Regression Results for: RaceHorse.IsHitA ~ Jockey.TimeSdvAvg
Data: data
Dependent variable(s): RaceHorse.IsHitA
Total independent variables: 2 
Number of valid observations: 6686
Number of missing observations: 0 
 
Coefficients:
                  RaceHorse.IsHitA
(Intercept)                     -3
Jockey.TimeSdvAvg                2
[1] "analyze.results.glm.step.summary"
Call:
rxLogit(formula = formula, data = data, variableSelection = analyze.results.glm.step.varsel)

Logistic Regression Results for: RaceHorse.IsHitA ~ Jockey.TimeSdvAvg
Data: data
Dependent variable(s): RaceHorse.IsHitA
Total independent variables: 2 
Number of valid observations: 6686
Number of missing observations: 0 
-2*LogLikelihood: 3233.546 (Residual deviance on 6684 degrees of freedom)
 
Coefficients:
                  Estimate Std. Error z value Pr(>|z|)    
(Intercept)        -2.8434     0.0587   -48.4  2.2e-16 ***
Jockey.TimeSdvAvg   1.6586     0.1496    11.1  2.2e-16 ***
---
Signif. codes:  0 '***' 0.001 '**' 0.01 '*' 0.05 '.' 0.1 ' ' 1

Condition number of final variance-covariance matrix: 1 
Number of iterations: 5
[1] "--------------------------------------------------------------------------------"
[1] "2022-02-25 20:57:52 --- rxGlm with rxStepControl Finish ---"
[1] "2022-02-25 20:57:52 --- rxStepPlot Start ---"
[1] "pdfFilename=pdf_analyze_glm_Jockey_Type26_rxStepPlot.pdf"
[1] "rxStepPlot="
[1] "2022-02-25 20:57:52 --- rxStepPlot Finish ---"
[1] "2022-02-25 20:57:52 --- save.image Start ---"
[1] "save.image"
[1] "rdataFilename=RData_analyze_glm_Jockey_Type26.RData"
[1] "2022-02-25 20:57:52 --- save.image Finish ---"
[1] "2022-02-25 20:57:52 --- final Start ---"
[1] "--------------------------------------------------------------------------------"
[1] "nrow(data) final=6686"
[1] "--------------------------------------------------------------------------------"
[1] "2022-02-25 20:57:52 --- final Finish ---"
[1] "2022-02-25 20:57:52 --- analyze_glm.R Finished ---"
[1] "2022-02-25 20:57:52 --- log Finish ---"
