[1] "2022-02-25 20:22:16 --- D1115_analyze_glm_Gen01_IsHitA_Type21 Start ---"
[1] "2022-02-25 20:22:16 --- Log Start ---"
[1] "2022-02-25 20:22:16 --- analyze_glm.R Start ---"
[1] "analyzeVersion=D1115"
[1] "analyzeCategory=analyze"
[1] "analyzeType=Gen01"
[1] "analyzeFamily=IsHitA"
[1] "analyzeFunc=glm"
[1] "analyzeTrackTypeCd=2"
[1] "analyzeJyokenCd=1"
[1] "2022-02-25 20:22:16 --- source_function.R Start ---"
[1] "2022-02-25 20:22:16 --- source_function.R Finished ---"

> print(paste0(Sys.time(), " --- source_library.R Start ---"))
[1] "2022-02-25 20:22:16 --- source_library.R Start ---"

> require("RevoScaleR")

> print(paste0(Sys.time(), " --- source_library.R Finished ---"))
[1] "2022-02-25 20:22:17 --- source_library.R Finished ---"
[1] "2022-02-25 20:22:17 --- RxSqlServerData Start ---"
[1] "2022-02-25 20:22:17 --- RxInSqlServer Start ---"
[1] "2022-02-25 20:22:17 --- RxInSqlServer Finish ---"
[1] "2022-02-25 20:22:17 --- rxSetComputeContext Start ---"
[1] "2022-02-25 20:22:17 --- rxSetComputeContext Finish ---"
[1] "2022-02-25 20:22:17 --- RxSqlServerData Start ---"
[1] "sqlQuery=SELECT * FROM ViewAnalyzeD1115analyze01Gen01Type21"
[1] "2022-02-25 20:22:17 --- RxSqlServerData Finish ---"
[1] "2022-02-25 20:22:17 --- rxGetVarInfo Start ---"
[1] "2022-02-25 20:22:17 --- rxGetVarInfo Finish---"
[1] "2022-02-25 20:22:17 --- rxImport Start ---"
Rows Read: 3826, Total Rows Processed: 3826, Total Chunk Time: 8.413 seconds 
[1] "2022-02-25 20:22:36 --- rxImport Finish ---"
[1] "object.size(data) auto=1.2 Mb"
[1] "--------------------------------------------------------------------------------"
[1] "nrow(data) RxSqlServerData=3826"
[1] "--------------------------------------------------------------------------------"
[1] "str(data)="
'data.frame':	3826 obs. of  44 variables:
 $ Race.RaceId                      : Factor w/ 299 levels "20160109-06-01-02-11",..: 1 1 1 2 3 4 4 5 5 6 ...
 $ Race.IsPredictedRace             : logi  TRUE TRUE TRUE TRUE TRUE TRUE ...
 $ Race.IsAnalyzeNormalPastAndFuture: logi  TRUE TRUE TRUE TRUE TRUE TRUE ...
 $ Race.IsAnalyzeNormalPast         : logi  TRUE TRUE TRUE TRUE TRUE TRUE ...
 $ Race.IsAnalyzeNormalFuture       : logi  FALSE FALSE FALSE FALSE FALSE FALSE ...
 $ Race.IsAnalyzeFullPastAndFuture  : logi  TRUE TRUE TRUE TRUE TRUE TRUE ...
 $ Race.IsAnalyzeFullPast           : logi  TRUE TRUE TRUE TRUE TRUE TRUE ...
 $ Race.IsAnalyzeFullFuture         : logi  FALSE FALSE FALSE FALSE FALSE FALSE ...
 $ Race.JyokenCd                    : Factor w/ 1 level "1": 1 1 1 1 1 1 1 1 1 1 ...
 $ Race.JyoType1Cd                  : Factor w/ 62 levels "2-06-1800-1-1",..: 1 1 1 2 3 4 4 5 5 6 ...
 $ Race.RaceType1Cd                 : Factor w/ 9 levels "2-1-E-2","2-1-E-1",..: 1 1 1 2 3 1 1 2 2 2 ...
 $ RaceHorse.RaceId                 : Factor w/ 299 levels "20160109-06-01-02-11",..: 1 1 1 2 3 4 4 5 5 6 ...
 $ RaceHorse.KettoNum               : Factor w/ 814 levels "2009106572","2010104562",..: 1 2 3 4 5 5 1 6 4 7 ...
 $ RaceHorse.IsHit1                 : num  0 0 0 0 0 0 0 0 0 1 ...
 $ RaceHorse.IsHit2                 : num  0 0 1 1 0 0 0 1 0 0 ...
 $ RaceHorse.IsHit3                 : num  0 0 0 0 0 0 0 0 0 0 ...
 $ RaceHorse.IsHit4                 : num  1 0 0 0 0 0 0 0 0 0 ...
 $ RaceHorse.IsHit5                 : num  0 0 0 0 0 0 1 0 0 0 ...
 $ RaceHorse.IsHit6                 : num  0 1 0 0 1 1 0 0 1 0 ...
 $ RaceHorse.IsValidRaceHorse       : logi  TRUE TRUE TRUE TRUE TRUE TRUE ...
 $ RaceHorse.TimeSdv                : num  0.679 -0.446 0.749 0.918 -1.341 ...
 $ RaceHorse.IsHitA                 : num  0 0 0 0 0 0 0 0 0 1 ...
 $ RaceHorse.IsHitB                 : num  0 0 1 1 0 0 0 1 0 1 ...
 $ RaceHorse.IsHitC                 : num  0 0 1 1 0 0 0 1 0 1 ...
 $ Gen01.HansyokuNum                : Factor w/ 159 levels "11201954","11201964",..: 1 2 2 1 1 1 1 1 1 1 ...
 $ Gen01.TimeSdvByRaceAvg           : num  0.182 0.247 0.247 0.367 1.09 ...
 $ Gen01.TimeSdvByRaceMin           : num  -2.202 -1.2307 -1.2307 -1.6488 0.0839 ...
 $ Gen01.TimeSdvByRaceMax           : num  1.65 1.04 1.04 2.31 2.1 ...
 $ Gen01.TimeSdvAvg                 : num  0.167 0.294 0.294 0.305 0.282 ...
 $ Gen01.TimeSdvMin                 : num  -1.677 -0.923 -0.923 -1.135 -0.124 ...
 $ Gen01.TimeSdvMax                 : num  1.887 1.399 1.399 1.74 0.688 ...
 $ Gen01.OrderOfFinishSdvAvg        : num  0.195 0.125 0.125 0.266 0.792 ...
 $ Gen01.RunCount                   : num  48 28 28 36 2 49 49 35 35 37 ...
 $ Gen01.HitCount1                  : num  6 2 2 4 1 6 6 4 4 4 ...
 $ Gen01.HitCount2                  : num  7 1 1 4 0 7 7 5 5 6 ...
 $ Gen01.HitCount3                  : num  4 3 3 1 0 4 4 1 1 1 ...
 $ Gen01.HitCount4                  : num  2 2 2 3 0 3 3 3 3 3 ...
 $ Gen01.HitCount5                  : num  2 1 1 1 0 2 2 1 1 1 ...
 $ Gen01.HitRate1                   : num  0.125 0.0714 0.0714 0.1111 0.5 ...
 $ Gen01.HitRate2                   : num  0.1458 0.0357 0.0357 0.1111 0 ...
 $ Gen01.HitRate3                   : num  0.0833 0.1071 0.1071 0.0278 0 ...
 $ Gen01.HitRate4                   : num  0.0417 0.0714 0.0714 0.0833 0 ...
 $ Gen01.HitRate5                   : num  0.0417 0.0357 0.0357 0.0278 0 ...
 $ EOF                              : int  1 1 1 1 1 1 1 1 1 1 ...
[1] "2022-02-25 20:23:05 --- RxSqlServerData Finish ---"
[1] "2022-02-25 20:23:05 --- subset Start ---"
[1] "--------------------------------------------------------------------------------"
[1] "nrow(data) subset before=3826"
[1] "nrow(data) subset after =3826"
[1] "nrow(data) subset diff =0"
[1] "--------------------------------------------------------------------------------"
[1] "2022-02-25 20:23:09 --- subset Finish---"
[1] "2022-02-25 20:23:11 --- transform Start ---"
[1] "--------------------------------------------------------------------------------"
[1] "nrow(data) transform before=3826"
[1] "nrow(data) transform after=3826"
[1] "nrow(data) transform diff=0"
[1] "--------------------------------------------------------------------------------"
[1] "str(data)="
'data.frame':	3826 obs. of  44 variables:
 $ Race.RaceId                      : Factor w/ 299 levels "20160109-06-01-02-11",..: 1 1 1 2 3 4 4 5 5 6 ...
 $ Race.IsPredictedRace             : logi  TRUE TRUE TRUE TRUE TRUE TRUE ...
 $ Race.IsAnalyzeNormalPastAndFuture: logi  TRUE TRUE TRUE TRUE TRUE TRUE ...
 $ Race.IsAnalyzeNormalPast         : logi  TRUE TRUE TRUE TRUE TRUE TRUE ...
 $ Race.IsAnalyzeNormalFuture       : logi  FALSE FALSE FALSE FALSE FALSE FALSE ...
 $ Race.IsAnalyzeFullPastAndFuture  : logi  TRUE TRUE TRUE TRUE TRUE TRUE ...
 $ Race.IsAnalyzeFullPast           : logi  TRUE TRUE TRUE TRUE TRUE TRUE ...
 $ Race.IsAnalyzeFullFuture         : logi  FALSE FALSE FALSE FALSE FALSE FALSE ...
 $ Race.JyokenCd                    : Factor w/ 1 level "1": 1 1 1 1 1 1 1 1 1 1 ...
 $ Race.JyoType1Cd                  : Factor w/ 62 levels "2-06-1800-1-1",..: 1 1 1 2 3 4 4 5 5 6 ...
 $ Race.RaceType1Cd                 : Factor w/ 9 levels "2-1-E-2","2-1-E-1",..: 1 1 1 2 3 1 1 2 2 2 ...
 $ RaceHorse.RaceId                 : Factor w/ 299 levels "20160109-06-01-02-11",..: 1 1 1 2 3 4 4 5 5 6 ...
 $ RaceHorse.KettoNum               : Factor w/ 814 levels "2009106572","2010104562",..: 1 2 3 4 5 5 1 6 4 7 ...
 $ RaceHorse.IsHit1                 : num  0 0 0 0 0 0 0 0 0 1 ...
 $ RaceHorse.IsHit2                 : num  0 0 1 1 0 0 0 1 0 0 ...
 $ RaceHorse.IsHit3                 : num  0 0 0 0 0 0 0 0 0 0 ...
 $ RaceHorse.IsHit4                 : num  1 0 0 0 0 0 0 0 0 0 ...
 $ RaceHorse.IsHit5                 : num  0 0 0 0 0 0 1 0 0 0 ...
 $ RaceHorse.IsHit6                 : num  0 1 0 0 1 1 0 0 1 0 ...
 $ RaceHorse.IsValidRaceHorse       : logi  TRUE TRUE TRUE TRUE TRUE TRUE ...
 $ RaceHorse.TimeSdv                : num  0.679 -0.446 0.749 0.918 -1.341 ...
 $ RaceHorse.IsHitA                 : num  0 0 0 0 0 0 0 0 0 1 ...
 $ RaceHorse.IsHitB                 : num  0 0 1 1 0 0 0 1 0 1 ...
 $ RaceHorse.IsHitC                 : num  0 0 1 1 0 0 0 1 0 1 ...
 $ Gen01.HansyokuNum                : Factor w/ 159 levels "11201954","11201964",..: 1 2 2 1 1 1 1 1 1 1 ...
 $ Gen01.TimeSdvByRaceAvg           : num  0.182 0.247 0.247 0.367 1.09 ...
 $ Gen01.TimeSdvByRaceMin           : num  -2.202 -1.2307 -1.2307 -1.6488 0.0839 ...
 $ Gen01.TimeSdvByRaceMax           : num  1.65 1.04 1.04 2.31 2.1 ...
 $ Gen01.TimeSdvAvg                 : num  0.167 0.294 0.294 0.305 0.282 ...
 $ Gen01.TimeSdvMin                 : num  -1.677 -0.923 -0.923 -1.135 -0.124 ...
 $ Gen01.TimeSdvMax                 : num  1.887 1.399 1.399 1.74 0.688 ...
 $ Gen01.OrderOfFinishSdvAvg        : num  0.195 0.125 0.125 0.266 0.792 ...
 $ Gen01.RunCount                   : num  48 28 28 36 2 49 49 35 35 37 ...
 $ Gen01.HitCount1                  : num  6 2 2 4 1 6 6 4 4 4 ...
 $ Gen01.HitCount2                  : num  7 1 1 4 0 7 7 5 5 6 ...
 $ Gen01.HitCount3                  : num  4 3 3 1 0 4 4 1 1 1 ...
 $ Gen01.HitCount4                  : num  2 2 2 3 0 3 3 3 3 3 ...
 $ Gen01.HitCount5                  : num  2 1 1 1 0 2 2 1 1 1 ...
 $ Gen01.HitRate1                   : num  0.125 0.0714 0.0714 0.1111 0.5 ...
 $ Gen01.HitRate2                   : num  0.1458 0.0357 0.0357 0.1111 0 ...
 $ Gen01.HitRate3                   : num  0.0833 0.1071 0.1071 0.0278 0 ...
 $ Gen01.HitRate4                   : num  0.0417 0.0714 0.0714 0.0833 0 ...
 $ Gen01.HitRate5                   : num  0.0417 0.0357 0.0357 0.0278 0 ...
 $ EOF                              : int  1 1 1 1 1 1 1 1 1 1 ...
NULL
[1] "2022-02-25 20:24:04 --- transform Finish ---"
[1] "2022-02-25 20:24:04 --- na.omit Start ---"
[1] "--------------------------------------------------------------------------------"
[1] "nrow(data) na.omit before=3826"
[1] "nrow(data) na.omit after =3804"
[1] "nrow(data) na.omit diff =22"
[1] "--------------------------------------------------------------------------------"
'data.frame':	3804 obs. of  44 variables:
 $ Race.RaceId                      : Factor w/ 299 levels "20160109-06-01-02-11",..: 1 1 1 2 3 4 4 5 5 6 ...
 $ Race.IsPredictedRace             : logi  TRUE TRUE TRUE TRUE TRUE TRUE ...
 $ Race.IsAnalyzeNormalPastAndFuture: logi  TRUE TRUE TRUE TRUE TRUE TRUE ...
 $ Race.IsAnalyzeNormalPast         : logi  TRUE TRUE TRUE TRUE TRUE TRUE ...
 $ Race.IsAnalyzeNormalFuture       : logi  FALSE FALSE FALSE FALSE FALSE FALSE ...
 $ Race.IsAnalyzeFullPastAndFuture  : logi  TRUE TRUE TRUE TRUE TRUE TRUE ...
 $ Race.IsAnalyzeFullPast           : logi  TRUE TRUE TRUE TRUE TRUE TRUE ...
 $ Race.IsAnalyzeFullFuture         : logi  FALSE FALSE FALSE FALSE FALSE FALSE ...
 $ Race.JyokenCd                    : Factor w/ 1 level "1": 1 1 1 1 1 1 1 1 1 1 ...
 $ Race.JyoType1Cd                  : Factor w/ 62 levels "2-06-1800-1-1",..: 1 1 1 2 3 4 4 5 5 6 ...
 $ Race.RaceType1Cd                 : Factor w/ 9 levels "2-1-E-2","2-1-E-1",..: 1 1 1 2 3 1 1 2 2 2 ...
 $ RaceHorse.RaceId                 : Factor w/ 299 levels "20160109-06-01-02-11",..: 1 1 1 2 3 4 4 5 5 6 ...
 $ RaceHorse.KettoNum               : Factor w/ 814 levels "2009106572","2010104562",..: 1 2 3 4 5 5 1 6 4 7 ...
 $ RaceHorse.IsHit1                 : num  0 0 0 0 0 0 0 0 0 1 ...
 $ RaceHorse.IsHit2                 : num  0 0 1 1 0 0 0 1 0 0 ...
 $ RaceHorse.IsHit3                 : num  0 0 0 0 0 0 0 0 0 0 ...
 $ RaceHorse.IsHit4                 : num  1 0 0 0 0 0 0 0 0 0 ...
 $ RaceHorse.IsHit5                 : num  0 0 0 0 0 0 1 0 0 0 ...
 $ RaceHorse.IsHit6                 : num  0 1 0 0 1 1 0 0 1 0 ...
 $ RaceHorse.IsValidRaceHorse       : logi  TRUE TRUE TRUE TRUE TRUE TRUE ...
 $ RaceHorse.TimeSdv                : num  0.679 -0.446 0.749 0.918 -1.341 ...
 $ RaceHorse.IsHitA                 : num  0 0 0 0 0 0 0 0 0 1 ...
 $ RaceHorse.IsHitB                 : num  0 0 1 1 0 0 0 1 0 1 ...
 $ RaceHorse.IsHitC                 : num  0 0 1 1 0 0 0 1 0 1 ...
 $ Gen01.HansyokuNum                : Factor w/ 159 levels "11201954","11201964",..: 1 2 2 1 1 1 1 1 1 1 ...
 $ Gen01.TimeSdvByRaceAvg           : num  0.182 0.247 0.247 0.367 1.09 ...
 $ Gen01.TimeSdvByRaceMin           : num  -2.202 -1.2307 -1.2307 -1.6488 0.0839 ...
 $ Gen01.TimeSdvByRaceMax           : num  1.65 1.04 1.04 2.31 2.1 ...
 $ Gen01.TimeSdvAvg                 : num  0.167 0.294 0.294 0.305 0.282 ...
 $ Gen01.TimeSdvMin                 : num  -1.677 -0.923 -0.923 -1.135 -0.124 ...
 $ Gen01.TimeSdvMax                 : num  1.887 1.399 1.399 1.74 0.688 ...
 $ Gen01.OrderOfFinishSdvAvg        : num  0.195 0.125 0.125 0.266 0.792 ...
 $ Gen01.RunCount                   : num  48 28 28 36 2 49 49 35 35 37 ...
 $ Gen01.HitCount1                  : num  6 2 2 4 1 6 6 4 4 4 ...
 $ Gen01.HitCount2                  : num  7 1 1 4 0 7 7 5 5 6 ...
 $ Gen01.HitCount3                  : num  4 3 3 1 0 4 4 1 1 1 ...
 $ Gen01.HitCount4                  : num  2 2 2 3 0 3 3 3 3 3 ...
 $ Gen01.HitCount5                  : num  2 1 1 1 0 2 2 1 1 1 ...
 $ Gen01.HitRate1                   : num  0.125 0.0714 0.0714 0.1111 0.5 ...
 $ Gen01.HitRate2                   : num  0.1458 0.0357 0.0357 0.1111 0 ...
 $ Gen01.HitRate3                   : num  0.0833 0.1071 0.1071 0.0278 0 ...
 $ Gen01.HitRate4                   : num  0.0417 0.0714 0.0714 0.0833 0 ...
 $ Gen01.HitRate5                   : num  0.0417 0.0357 0.0357 0.0278 0 ...
 $ EOF                              : int  1 1 1 1 1 1 1 1 1 1 ...
 - attr(*, "na.action")= 'omit' Named int  399 643 895 932 1423 1465 1819 2246 2350 2531 ...
  ..- attr(*, "names")= chr  "399" "643" "895" "932" ...
[1] "2022-02-25 20:24:05 --- na.omit Finish ---"
[1] "2022-02-25 20:24:05 --- rxGlm with rxStepControl Start ---"

> print(paste0(Sys.time(), " --- source_logic_glm.R Start ---"))
[1] "2022-02-25 20:24:05 --- source_logic_glm.R Start ---"

> formula <- formula(RaceHorse.IsHitA ~ +1 + Gen01.TimeSdvAvg)

> print(paste0(Sys.time(), " --- source_logic_glm.R Finished ---"))
[1] "2022-02-25 20:24:05 --- source_logic_glm.R Finished ---"
Rows Read: 3804, Total Rows Processed: 3804, Total Chunk Time: Less than .001 seconds 

Starting values (iteration 1) time: 0.009 secs.
Rows Read: 3804, Total Rows Processed: 3804, Total Chunk Time: 0.001 seconds 

Iteration 2 time: 0.007 secs.
Rows Read: 3804, Total Rows Processed: 3804, Total Chunk Time: 0.002 seconds 

Iteration 3 time: 0.009 secs.
Rows Read: 3804, Total Rows Processed: 3804, Total Chunk Time: Less than .001 seconds 

Iteration 4 time: 0.005 secs.

Elapsed computation time: 0.048 secs.
Rows Read: 3804, Total Rows Processed: 3804, Total Chunk Time: 0.001 seconds 

Starting values (iteration 1) time: 0.005 secs.
Rows Read: 3804, Total Rows Processed: 3804, Total Chunk Time: 0.001 seconds 

Iteration 2 time: 0.005 secs.

Elapsed computation time: 0.020 secs.
Rows Read: 3804, Total Rows Processed: 3804, Total Chunk Time: 0.001 seconds 

Starting values (iteration 1) time: 0.005 secs.
Rows Read: 3804, Total Rows Processed: 3804, Total Chunk Time: 0.001 seconds 

Iteration 2 time: 0.006 secs.
Rows Read: 3804, Total Rows Processed: 3804, Total Chunk Time: 0.001 seconds 

Iteration 3 time: 0.005 secs.
Rows Read: 3804, Total Rows Processed: 3804, Total Chunk Time: Less than .001 seconds 

Iteration 4 time: 0.004 secs.

Elapsed computation time: 0.042 secs.

Elapsed computation time: 0.127 secs.
[1] "--------------------------------------------------------------------------------"
[1] "analyze.results.glm.step="
Logistic Regression Results for: RaceHorse.IsHitA ~ Gen01.TimeSdvAvg
Data: data
Dependent variable(s): RaceHorse.IsHitA
Total independent variables: 2 
Number of valid observations: 3804
Number of missing observations: 0 
 
Coefficients:
                 RaceHorse.IsHitA
(Intercept)                  -2.6
Gen01.TimeSdvAvg              0.2
[1] "analyze.results.glm.step.summary"
Call:
rxLogit(formula = formula, data = data, variableSelection = analyze.results.glm.step.varsel)

Logistic Regression Results for: RaceHorse.IsHitA ~ Gen01.TimeSdvAvg
Data: data
Dependent variable(s): RaceHorse.IsHitA
Total independent variables: 2 
Number of valid observations: 3804
Number of missing observations: 0 
-2*LogLikelihood: 1884.171 (Residual deviance on 3802 degrees of freedom)
 
Coefficients:
                 Estimate Std. Error z value Pr(>|z|)    
(Intercept)       -2.6301     0.0651  -40.38  2.2e-16 ***
Gen01.TimeSdvAvg   0.1850     0.1208    1.53     0.13    
---
Signif. codes:  0 '***' 0.001 '**' 0.01 '*' 0.05 '.' 0.1 ' ' 1

Condition number of final variance-covariance matrix: 1 
Number of iterations: 4
[1] "--------------------------------------------------------------------------------"
[1] "2022-02-25 20:24:06 --- rxGlm with rxStepControl Finish ---"
[1] "2022-02-25 20:24:06 --- rxStepPlot Start ---"
[1] "pdfFilename=pdf_analyze_glm_Gen01_Type21_rxStepPlot.pdf"
[1] "rxStepPlot="
[1] "2022-02-25 20:24:07 --- rxStepPlot Finish ---"
[1] "2022-02-25 20:24:07 --- save.image Start ---"
[1] "save.image"
[1] "rdataFilename=RData_analyze_glm_Gen01_Type21.RData"
[1] "2022-02-25 20:24:08 --- save.image Finish ---"
[1] "2022-02-25 20:24:08 --- final Start ---"
[1] "--------------------------------------------------------------------------------"
[1] "nrow(data) final=3804"
[1] "--------------------------------------------------------------------------------"
[1] "2022-02-25 20:24:08 --- final Finish ---"
[1] "2022-02-25 20:24:08 --- analyze_glm.R Finished ---"
[1] "2022-02-25 20:24:08 --- log Finish ---"
