[1] "2022-03-08 18:24:53 --- D1115_analyze_glm_Gen01_IsHitA_Type13 Start ---"
[1] "2022-03-08 18:24:53 --- Log Start ---"
[1] "2022-03-08 18:24:53 --- analyze_glm.R Start ---"
[1] "analyzeVersion=D1115"
[1] "analyzeCategory=analyze"
[1] "analyzeType=Gen01"
[1] "analyzeFamily=IsHitA"
[1] "analyzeFunc=glm"
[1] "analyzeTrackTypeCd=1"
[1] "analyzeJyokenCd=3"
[1] "2022-03-08 18:24:53 --- source_function.R Start ---"
[1] "2022-03-08 18:24:53 --- source_function.R Finished ---"

> print(paste0(Sys.time(), " --- source_library.R Start ---"))
[1] "2022-03-08 18:24:53 --- source_library.R Start ---"

> require("RevoScaleR")

> print(paste0(Sys.time(), " --- source_library.R Finished ---"))
[1] "2022-03-08 18:24:58 --- source_library.R Finished ---"
[1] "2022-03-08 18:24:58 --- RxSqlServerData Start ---"
[1] "2022-03-08 18:24:58 --- RxInSqlServer Start ---"
[1] "2022-03-08 18:24:58 --- RxInSqlServer Finish ---"
[1] "2022-03-08 18:24:58 --- rxSetComputeContext Start ---"
[1] "2022-03-08 18:24:58 --- rxSetComputeContext Finish ---"
[1] "2022-03-08 18:24:58 --- RxSqlServerData Start ---"
[1] "sqlQuery=SELECT * FROM ViewAnalyzeD1115analyze01Gen01Type13"
[1] "2022-03-08 18:24:58 --- RxSqlServerData Finish ---"
[1] "2022-03-08 18:24:58 --- rxGetVarInfo Start ---"
[1] "2022-03-08 18:24:59 --- rxGetVarInfo Finish---"
[1] "2022-03-08 18:24:59 --- rxImport Start ---"
Rows Read: 14649, Total Rows Processed: 14649, Total Chunk Time: 226.272 seconds 
[1] "2022-03-08 18:33:21 --- rxImport Finish ---"
[1] "object.size(data) auto=5 Mb"
[1] "--------------------------------------------------------------------------------"
[1] "nrow(data) RxSqlServerData=14649"
[1] "--------------------------------------------------------------------------------"
[1] "str(data)="
'data.frame':	14649 obs. of  48 variables:
 $ Race.RaceId                      : Factor w/ 1192 levels "20160806-10-02-03-11",..: 11 12 13 14 15 16 17 18 19 20 ...
 $ Race.IsAnalyzeNormalPastAndFuture: logi  TRUE TRUE TRUE TRUE TRUE TRUE ...
 $ Race.IsAnalyzeNormalPast         : logi  TRUE TRUE TRUE TRUE TRUE TRUE ...
 $ Race.IsAnalyzeNormalFuture       : logi  FALSE FALSE FALSE FALSE FALSE FALSE ...
 $ Race.IsAnalyzeFullPastAndFuture  : logi  TRUE TRUE TRUE TRUE TRUE TRUE ...
 $ Race.IsAnalyzeFullPast           : logi  TRUE TRUE TRUE TRUE TRUE TRUE ...
 $ Race.IsAnalyzeFullFuture         : logi  FALSE FALSE FALSE FALSE FALSE FALSE ...
 $ Race.JyokenCd                    : Factor w/ 1 level "3": 1 1 1 1 1 1 1 1 1 1 ...
 $ Race.JyoType1Cd                  : Factor w/ 154 levels "17-10-1200-1",..: 10 11 12 13 14 15 16 17 18 19 ...
 $ Race.RaceType1Cd                 : Factor w/ 2 levels "1-3-13","1-3-14": 2 2 2 2 2 2 2 2 2 2 ...
 $ RaceHorse.RaceId                 : Factor w/ 1192 levels "20160806-10-02-03-11",..: 11 12 13 14 15 16 17 18 19 20 ...
 $ RaceHorse.KettoNum               : Factor w/ 2955 levels "2012110097","2011104771",..: 11 12 13 14 15 16 17 18 19 20 ...
 $ RaceHorse.IsHit1                 : num  0 0 1 0 0 0 0 0 0 0 ...
 $ RaceHorse.IsHit2                 : num  0 0 0 0 0 0 0 0 0 1 ...
 $ RaceHorse.IsHit3                 : num  0 0 0 0 0 1 0 0 0 0 ...
 $ RaceHorse.IsHit4                 : num  0 0 0 0 0 0 0 0 0 0 ...
 $ RaceHorse.IsHit5                 : num  0 1 0 0 0 0 0 0 0 0 ...
 $ RaceHorse.IsHit6                 : num  1 0 0 1 1 0 1 1 1 0 ...
 $ RaceHorse.IsValidRaceHorse       : logi  TRUE TRUE TRUE TRUE TRUE TRUE ...
 $ RaceHorse.FinishTimeSdvByRace    : num  -0.612 0.71 1.3 -0.567 -0.364 ...
 $ RaceHorse.FirstTimeSdvByRace     : num  -0.354 -0.766 1.425 -1.478 -0.794 ...
 $ RaceHorse.LastTimeSdvByRace      : num  -2.38e-14 1.45 1.81e-01 1.04 5.13e-01 ...
 $ RaceHorse.FinishTimeSdv          : num  -0.566 0.655 1.135 0.474 0.231 ...
 $ RaceHorse.FirstTimeSdv           : num  -1.157 -0.216 1.276 -0.838 -0.289 ...
 $ RaceHorse.LastTimeSdv            : num  0.865 1.436 0.432 1.629 0.828 ...
 $ RaceHorse.IsHitA                 : num  0 0 1 0 0 0 0 0 0 0 ...
 $ RaceHorse.IsHitB                 : num  0 0 1 0 0 0 0 0 0 1 ...
 $ RaceHorse.IsHitC                 : num  0 0 1 0 0 1 0 0 0 1 ...
 $ Gen01.HansyokuNum                : Factor w/ 267 levels "11406498","11405884",..: 11 12 13 14 15 16 8 17 12 13 ...
 $ Gen01.FinishTimeSdvByRaceAvg     : num  0.288 0.419 0.216 0.197 0.173 ...
 $ Gen01.FirstTimeSdvByRaceAvg      : num  -0.4262 0.3609 0.0976 -0.0555 0.0594 ...
 $ Gen01.LastTimeSdvByRaceAvg       : num  0.464 0.0968 0.1133 0.2133 0.1124 ...
 $ Gen01.FinishTimeSdvAvg           : num  0.333 0.535 0.556 0.481 0.407 ...
 $ Gen01.FirstTimeSdvAvg            : num  -0.12 0.298 0.194 0.257 0.215 ...
 $ Gen01.LastTimeSdvAvg             : num  0.589 0.461 0.532 0.39 0.384 ...
 $ Gen01.RealOddsLog1Avg            : num  3.18 2.72 3.1 2.77 2.64 ...
 $ Gen01.RunCount                   : num  15 89 22 228 39 17 31 30 90 23 ...
 $ Gen01.HitCount1                  : num  0 10 1 18 3 1 0 1 10 2 ...
 $ Gen01.HitCount2                  : num  0 12 0 29 2 3 0 3 12 0 ...
 $ Gen01.HitCount3                  : num  3 7 4 28 4 1 0 6 7 4 ...
 $ Gen01.HitCount4                  : num  3 9 3 21 4 0 0 1 9 3 ...
 $ Gen01.HitCount5                  : num  2 9 2 18 5 2 1 3 10 2 ...
 $ Gen01.HitRate1                   : num  0 0.1124 0.0455 0.0789 0.0769 ...
 $ Gen01.HitRate2                   : num  0 0.1348 0 0.1272 0.0513 ...
 $ Gen01.HitRate3                   : num  0.2 0.0787 0.1818 0.1228 0.1026 ...
 $ Gen01.HitRate4                   : num  0.2 0.1011 0.1364 0.0921 0.1026 ...
 $ Gen01.HitRate5                   : num  0.1333 0.1011 0.0909 0.0789 0.1282 ...
 $ EOF                              : int  1 1 1 1 1 1 1 1 1 1 ...
[1] "2022-03-08 18:33:22 --- RxSqlServerData Finish ---"
[1] "2022-03-08 18:33:22 --- subset Start ---"
[1] "--------------------------------------------------------------------------------"
[1] "nrow(data) subset before=14649"
[1] "nrow(data) subset after =14649"
[1] "nrow(data) subset diff =0"
[1] "--------------------------------------------------------------------------------"
[1] "2022-03-08 18:33:22 --- subset Finish---"
[1] "2022-03-08 18:33:22 --- transform Start ---"
[1] "--------------------------------------------------------------------------------"
[1] "nrow(data) transform before=14649"
[1] "nrow(data) transform after=14649"
[1] "nrow(data) transform diff=0"
[1] "--------------------------------------------------------------------------------"
[1] "str(data)="
'data.frame':	14649 obs. of  48 variables:
 $ Race.RaceId                      : Factor w/ 1192 levels "20160806-10-02-03-11",..: 11 12 13 14 15 16 17 18 19 20 ...
 $ Race.IsAnalyzeNormalPastAndFuture: logi  TRUE TRUE TRUE TRUE TRUE TRUE ...
 $ Race.IsAnalyzeNormalPast         : logi  TRUE TRUE TRUE TRUE TRUE TRUE ...
 $ Race.IsAnalyzeNormalFuture       : logi  FALSE FALSE FALSE FALSE FALSE FALSE ...
 $ Race.IsAnalyzeFullPastAndFuture  : logi  TRUE TRUE TRUE TRUE TRUE TRUE ...
 $ Race.IsAnalyzeFullPast           : logi  TRUE TRUE TRUE TRUE TRUE TRUE ...
 $ Race.IsAnalyzeFullFuture         : logi  FALSE FALSE FALSE FALSE FALSE FALSE ...
 $ Race.JyokenCd                    : Factor w/ 1 level "3": 1 1 1 1 1 1 1 1 1 1 ...
 $ Race.JyoType1Cd                  : Factor w/ 154 levels "17-10-1200-1",..: 10 11 12 13 14 15 16 17 18 19 ...
 $ Race.RaceType1Cd                 : Factor w/ 2 levels "1-3-13","1-3-14": 2 2 2 2 2 2 2 2 2 2 ...
 $ RaceHorse.RaceId                 : Factor w/ 1192 levels "20160806-10-02-03-11",..: 11 12 13 14 15 16 17 18 19 20 ...
 $ RaceHorse.KettoNum               : Factor w/ 2955 levels "2012110097","2011104771",..: 11 12 13 14 15 16 17 18 19 20 ...
 $ RaceHorse.IsHit1                 : num  0 0 1 0 0 0 0 0 0 0 ...
 $ RaceHorse.IsHit2                 : num  0 0 0 0 0 0 0 0 0 1 ...
 $ RaceHorse.IsHit3                 : num  0 0 0 0 0 1 0 0 0 0 ...
 $ RaceHorse.IsHit4                 : num  0 0 0 0 0 0 0 0 0 0 ...
 $ RaceHorse.IsHit5                 : num  0 1 0 0 0 0 0 0 0 0 ...
 $ RaceHorse.IsHit6                 : num  1 0 0 1 1 0 1 1 1 0 ...
 $ RaceHorse.IsValidRaceHorse       : logi  TRUE TRUE TRUE TRUE TRUE TRUE ...
 $ RaceHorse.FinishTimeSdvByRace    : num  -0.612 0.71 1.3 -0.567 -0.364 ...
 $ RaceHorse.FirstTimeSdvByRace     : num  -0.354 -0.766 1.425 -1.478 -0.794 ...
 $ RaceHorse.LastTimeSdvByRace      : num  -2.38e-14 1.45 1.81e-01 1.04 5.13e-01 ...
 $ RaceHorse.FinishTimeSdv          : num  -0.566 0.655 1.135 0.474 0.231 ...
 $ RaceHorse.FirstTimeSdv           : num  -1.157 -0.216 1.276 -0.838 -0.289 ...
 $ RaceHorse.LastTimeSdv            : num  0.865 1.436 0.432 1.629 0.828 ...
 $ RaceHorse.IsHitA                 : num  0 0 1 0 0 0 0 0 0 0 ...
 $ RaceHorse.IsHitB                 : num  0 0 1 0 0 0 0 0 0 1 ...
 $ RaceHorse.IsHitC                 : num  0 0 1 0 0 1 0 0 0 1 ...
 $ Gen01.HansyokuNum                : Factor w/ 267 levels "11406498","11405884",..: 11 12 13 14 15 16 8 17 12 13 ...
 $ Gen01.FinishTimeSdvByRaceAvg     : num  0.288 0.419 0.216 0.197 0.173 ...
 $ Gen01.FirstTimeSdvByRaceAvg      : num  -0.4262 0.3609 0.0976 -0.0555 0.0594 ...
 $ Gen01.LastTimeSdvByRaceAvg       : num  0.464 0.0968 0.1133 0.2133 0.1124 ...
 $ Gen01.FinishTimeSdvAvg           : num  0.333 0.535 0.556 0.481 0.407 ...
 $ Gen01.FirstTimeSdvAvg            : num  -0.12 0.298 0.194 0.257 0.215 ...
 $ Gen01.LastTimeSdvAvg             : num  0.589 0.461 0.532 0.39 0.384 ...
 $ Gen01.RealOddsLog1Avg            : num  3.18 2.72 3.1 2.77 2.64 ...
 $ Gen01.RunCount                   : num  15 89 22 228 39 17 31 30 90 23 ...
 $ Gen01.HitCount1                  : num  0 10 1 18 3 1 0 1 10 2 ...
 $ Gen01.HitCount2                  : num  0 12 0 29 2 3 0 3 12 0 ...
 $ Gen01.HitCount3                  : num  3 7 4 28 4 1 0 6 7 4 ...
 $ Gen01.HitCount4                  : num  3 9 3 21 4 0 0 1 9 3 ...
 $ Gen01.HitCount5                  : num  2 9 2 18 5 2 1 3 10 2 ...
 $ Gen01.HitRate1                   : num  0 0.1124 0.0455 0.0789 0.0769 ...
 $ Gen01.HitRate2                   : num  0 0.1348 0 0.1272 0.0513 ...
 $ Gen01.HitRate3                   : num  0.2 0.0787 0.1818 0.1228 0.1026 ...
 $ Gen01.HitRate4                   : num  0.2 0.1011 0.1364 0.0921 0.1026 ...
 $ Gen01.HitRate5                   : num  0.1333 0.1011 0.0909 0.0789 0.1282 ...
 $ EOF                              : int  1 1 1 1 1 1 1 1 1 1 ...
NULL
[1] "2022-03-08 18:33:22 --- transform Finish ---"
[1] "2022-03-08 18:33:23 --- na.omit Start ---"
[1] "--------------------------------------------------------------------------------"
[1] "nrow(data) na.omit before=14649"
[1] "nrow(data) na.omit after =14578"
[1] "nrow(data) na.omit diff =71"
[1] "--------------------------------------------------------------------------------"
'data.frame':	14578 obs. of  48 variables:
 $ Race.RaceId                      : Factor w/ 1192 levels "20160806-10-02-03-11",..: 11 12 13 14 15 16 17 18 19 20 ...
 $ Race.IsAnalyzeNormalPastAndFuture: logi  TRUE TRUE TRUE TRUE TRUE TRUE ...
 $ Race.IsAnalyzeNormalPast         : logi  TRUE TRUE TRUE TRUE TRUE TRUE ...
 $ Race.IsAnalyzeNormalFuture       : logi  FALSE FALSE FALSE FALSE FALSE FALSE ...
 $ Race.IsAnalyzeFullPastAndFuture  : logi  TRUE TRUE TRUE TRUE TRUE TRUE ...
 $ Race.IsAnalyzeFullPast           : logi  TRUE TRUE TRUE TRUE TRUE TRUE ...
 $ Race.IsAnalyzeFullFuture         : logi  FALSE FALSE FALSE FALSE FALSE FALSE ...
 $ Race.JyokenCd                    : Factor w/ 1 level "3": 1 1 1 1 1 1 1 1 1 1 ...
 $ Race.JyoType1Cd                  : Factor w/ 154 levels "17-10-1200-1",..: 10 11 12 13 14 15 16 17 18 19 ...
 $ Race.RaceType1Cd                 : Factor w/ 2 levels "1-3-13","1-3-14": 2 2 2 2 2 2 2 2 2 2 ...
 $ RaceHorse.RaceId                 : Factor w/ 1192 levels "20160806-10-02-03-11",..: 11 12 13 14 15 16 17 18 19 20 ...
 $ RaceHorse.KettoNum               : Factor w/ 2955 levels "2012110097","2011104771",..: 11 12 13 14 15 16 17 18 19 20 ...
 $ RaceHorse.IsHit1                 : num  0 0 1 0 0 0 0 0 0 0 ...
 $ RaceHorse.IsHit2                 : num  0 0 0 0 0 0 0 0 0 1 ...
 $ RaceHorse.IsHit3                 : num  0 0 0 0 0 1 0 0 0 0 ...
 $ RaceHorse.IsHit4                 : num  0 0 0 0 0 0 0 0 0 0 ...
 $ RaceHorse.IsHit5                 : num  0 1 0 0 0 0 0 0 0 0 ...
 $ RaceHorse.IsHit6                 : num  1 0 0 1 1 0 1 1 1 0 ...
 $ RaceHorse.IsValidRaceHorse       : logi  TRUE TRUE TRUE TRUE TRUE TRUE ...
 $ RaceHorse.FinishTimeSdvByRace    : num  -0.612 0.71 1.3 -0.567 -0.364 ...
 $ RaceHorse.FirstTimeSdvByRace     : num  -0.354 -0.766 1.425 -1.478 -0.794 ...
 $ RaceHorse.LastTimeSdvByRace      : num  -2.38e-14 1.45 1.81e-01 1.04 5.13e-01 ...
 $ RaceHorse.FinishTimeSdv          : num  -0.566 0.655 1.135 0.474 0.231 ...
 $ RaceHorse.FirstTimeSdv           : num  -1.157 -0.216 1.276 -0.838 -0.289 ...
 $ RaceHorse.LastTimeSdv            : num  0.865 1.436 0.432 1.629 0.828 ...
 $ RaceHorse.IsHitA                 : num  0 0 1 0 0 0 0 0 0 0 ...
 $ RaceHorse.IsHitB                 : num  0 0 1 0 0 0 0 0 0 1 ...
 $ RaceHorse.IsHitC                 : num  0 0 1 0 0 1 0 0 0 1 ...
 $ Gen01.HansyokuNum                : Factor w/ 267 levels "11406498","11405884",..: 11 12 13 14 15 16 8 17 12 13 ...
 $ Gen01.FinishTimeSdvByRaceAvg     : num  0.288 0.419 0.216 0.197 0.173 ...
 $ Gen01.FirstTimeSdvByRaceAvg      : num  -0.4262 0.3609 0.0976 -0.0555 0.0594 ...
 $ Gen01.LastTimeSdvByRaceAvg       : num  0.464 0.0968 0.1133 0.2133 0.1124 ...
 $ Gen01.FinishTimeSdvAvg           : num  0.333 0.535 0.556 0.481 0.407 ...
 $ Gen01.FirstTimeSdvAvg            : num  -0.12 0.298 0.194 0.257 0.215 ...
 $ Gen01.LastTimeSdvAvg             : num  0.589 0.461 0.532 0.39 0.384 ...
 $ Gen01.RealOddsLog1Avg            : num  3.18 2.72 3.1 2.77 2.64 ...
 $ Gen01.RunCount                   : num  15 89 22 228 39 17 31 30 90 23 ...
 $ Gen01.HitCount1                  : num  0 10 1 18 3 1 0 1 10 2 ...
 $ Gen01.HitCount2                  : num  0 12 0 29 2 3 0 3 12 0 ...
 $ Gen01.HitCount3                  : num  3 7 4 28 4 1 0 6 7 4 ...
 $ Gen01.HitCount4                  : num  3 9 3 21 4 0 0 1 9 3 ...
 $ Gen01.HitCount5                  : num  2 9 2 18 5 2 1 3 10 2 ...
 $ Gen01.HitRate1                   : num  0 0.1124 0.0455 0.0789 0.0769 ...
 $ Gen01.HitRate2                   : num  0 0.1348 0 0.1272 0.0513 ...
 $ Gen01.HitRate3                   : num  0.2 0.0787 0.1818 0.1228 0.1026 ...
 $ Gen01.HitRate4                   : num  0.2 0.1011 0.1364 0.0921 0.1026 ...
 $ Gen01.HitRate5                   : num  0.1333 0.1011 0.0909 0.0789 0.1282 ...
 $ EOF                              : int  1 1 1 1 1 1 1 1 1 1 ...
 - attr(*, "na.action")= 'omit' Named int  289 632 783 880 1120 1210 2011 2150 2314 2360 ...
  ..- attr(*, "names")= chr  "289" "632" "783" "880" ...
[1] "2022-03-08 18:33:23 --- na.omit Finish ---"
[1] "2022-03-08 18:33:23 --- rxLogit with rxStepControl Start ---"

> print(paste0(Sys.time(), " --- source_logic_glm.R Start ---"))
[1] "2022-03-08 18:33:23 --- source_logic_glm.R Start ---"

> formula <- formula(RaceHorse.IsHitA ~ +1 + Gen01.FinishTimeSdvByRaceAvg)

> print(paste0(Sys.time(), " --- source_logic_glm.R Finished ---"))
[1] "2022-03-08 18:33:23 --- source_logic_glm.R Finished ---"
Rows Read: 14578, Total Rows Processed: 14578, Total Chunk Time: 0.001 seconds 

Starting values (iteration 1) time: 0.009 secs.
Rows Read: 14578, Total Rows Processed: 14578, Total Chunk Time: 0.002 seconds 

Iteration 2 time: 0.006 secs.
Rows Read: 14578, Total Rows Processed: 14578, Total Chunk Time: 0.002 seconds 

Iteration 3 time: 0.004 secs.
Rows Read: 14578, Total Rows Processed: 14578, Total Chunk Time: 0.002 seconds 

Iteration 4 time: 0.005 secs.

Elapsed computation time: 0.035 secs.
Rows Read: 14578, Total Rows Processed: 14578, Total Chunk Time: 0.001 seconds 

Starting values (iteration 1) time: 0.006 secs.
Rows Read: 14578, Total Rows Processed: 14578, Total Chunk Time: 0.002 seconds 

Iteration 2 time: 0.006 secs.

Elapsed computation time: 0.022 secs.
Rows Read: 14578, Total Rows Processed: 14578, Total Chunk Time: 0.001 seconds 

Starting values (iteration 1) time: 0.007 secs.
Rows Read: 14578, Total Rows Processed: 14578, Total Chunk Time: 0.002 seconds 

Iteration 2 time: 0.007 secs.
Rows Read: 14578, Total Rows Processed: 14578, Total Chunk Time: 0.002 seconds 

Iteration 3 time: 0.005 secs.
Rows Read: 14578, Total Rows Processed: 14578, Total Chunk Time: 0.002 seconds 

Iteration 4 time: 0.005 secs.

Elapsed computation time: 0.033 secs.

Elapsed computation time: 0.105 secs.
[1] "--------------------------------------------------------------------------------"
[1] "analyze.results.glm.step="
Logistic Regression Results for: RaceHorse.IsHitA ~
    Gen01.FinishTimeSdvByRaceAvg
Data: data
Dependent variable(s): RaceHorse.IsHitA
Total independent variables: 2 
Number of valid observations: 14578
Number of missing observations: 0 
 
Coefficients:
                             RaceHorse.IsHitA
(Intercept)                                -3
Gen01.FinishTimeSdvByRaceAvg                1
[1] "analyze.results.glm.step.summary"
Call:
rxLogit(formula = formula, data = data, variableSelection = analyze.results.glm.step.varsel)

Logistic Regression Results for: RaceHorse.IsHitA ~
    Gen01.FinishTimeSdvByRaceAvg
Data: data
Dependent variable(s): RaceHorse.IsHitA
Total independent variables: 2 
Number of valid observations: 14578
Number of missing observations: 0 
-2*LogLikelihood: 8059.653 (Residual deviance on 14576 degrees of freedom)
 
Coefficients:
                             Estimate Std. Error z value Pr(>|z|)    
(Intercept)                    -2.741      0.045   -60.9  2.2e-16 ***
Gen01.FinishTimeSdvByRaceAvg    1.310      0.125    10.5  2.2e-16 ***
---
Signif. codes:  0 '***' 0.001 '**' 0.01 '*' 0.05 '.' 0.1 ' ' 1

Condition number of final variance-covariance matrix: 1 
Number of iterations: 4
[1] "--------------------------------------------------------------------------------"
[1] "2022-03-08 18:33:23 --- rxLogit with rxStepControl Finish ---"
[1] "2022-03-08 18:33:23 --- rxStepPlot Start ---"
[1] "pdfFilename=pdf_analyze_glm_Gen01_Type13_rxStepPlot.pdf"
[1] "rxStepPlot="
[1] "2022-03-08 18:33:23 --- rxStepPlot Finish ---"
[1] "2022-03-08 18:33:23 --- save.image Start ---"
[1] "save.image"
[1] "rdataFilename=RData_analyze_glm_Gen01_Type13.RData"
[1] "2022-03-08 18:33:23 --- save.image Finish ---"
[1] "2022-03-08 18:33:23 --- final Start ---"
[1] "--------------------------------------------------------------------------------"
[1] "nrow(data) final=14578"
[1] "--------------------------------------------------------------------------------"
[1] "2022-03-08 18:33:23 --- final Finish ---"
[1] "2022-03-08 18:33:23 --- analyze_glm.R Finished ---"
[1] "2022-03-08 18:33:23 --- log Finish ---"
