[1] "2022-02-25 20:57:32 --- D1115_analyze_glm_Jockey_IsHitA_Type23 Start ---"
[1] "2022-02-25 20:57:32 --- Log Start ---"
[1] "2022-02-25 20:57:32 --- analyze_glm.R Start ---"
[1] "analyzeVersion=D1115"
[1] "analyzeCategory=analyze"
[1] "analyzeType=Jockey"
[1] "analyzeFamily=IsHitA"
[1] "analyzeFunc=glm"
[1] "analyzeTrackTypeCd=2"
[1] "analyzeJyokenCd=3"
[1] "2022-02-25 20:57:32 --- source_function.R Start ---"
[1] "2022-02-25 20:57:32 --- source_function.R Finished ---"

> print(paste0(Sys.time(), " --- source_library.R Start ---"))
[1] "2022-02-25 20:57:32 --- source_library.R Start ---"

> require("RevoScaleR")

> print(paste0(Sys.time(), " --- source_library.R Finished ---"))
[1] "2022-02-25 20:57:33 --- source_library.R Finished ---"
[1] "2022-02-25 20:57:33 --- RxSqlServerData Start ---"
[1] "2022-02-25 20:57:33 --- RxInSqlServer Start ---"
[1] "2022-02-25 20:57:33 --- RxInSqlServer Finish ---"
[1] "2022-02-25 20:57:33 --- rxSetComputeContext Start ---"
[1] "2022-02-25 20:57:33 --- rxSetComputeContext Finish ---"
[1] "2022-02-25 20:57:33 --- RxSqlServerData Start ---"
[1] "sqlQuery=SELECT * FROM ViewAnalyzeD1115analyze01JockeyType23"
[1] "2022-02-25 20:57:33 --- RxSqlServerData Finish ---"
[1] "2022-02-25 20:57:33 --- rxGetVarInfo Start ---"
[1] "2022-02-25 20:57:33 --- rxGetVarInfo Finish---"
[1] "2022-02-25 20:57:33 --- rxImport Start ---"
Rows Read: 14841, Total Rows Processed: 14841, Total Chunk Time: 4.463 seconds 
[1] "2022-02-25 20:57:48 --- rxImport Finish ---"
[1] "object.size(data) auto=4.4 Mb"
[1] "--------------------------------------------------------------------------------"
[1] "nrow(data) RxSqlServerData=14841"
[1] "--------------------------------------------------------------------------------"
[1] "str(data)="
'data.frame':	14841 obs. of  43 variables:
 $ Race.RaceId                      : Factor w/ 1011 levels "20160116-07-01-01-12",..: 11 12 13 14 15 16 17 18 19 20 ...
 $ Race.IsPredictedRace             : logi  TRUE TRUE TRUE TRUE TRUE TRUE ...
 $ Race.IsAnalyzeNormalPastAndFuture: logi  TRUE TRUE TRUE TRUE TRUE TRUE ...
 $ Race.IsAnalyzeNormalPast         : logi  TRUE TRUE TRUE TRUE TRUE TRUE ...
 $ Race.IsAnalyzeNormalFuture       : logi  FALSE FALSE FALSE FALSE FALSE FALSE ...
 $ Race.IsAnalyzeFullPastAndFuture  : logi  TRUE TRUE TRUE TRUE TRUE TRUE ...
 $ Race.IsAnalyzeFullPast           : logi  TRUE TRUE TRUE TRUE TRUE TRUE ...
 $ Race.IsAnalyzeFullFuture         : logi  FALSE FALSE FALSE FALSE FALSE FALSE ...
 $ Race.JyokenCd                    : Factor w/ 1 level "3": 1 1 1 1 1 1 1 1 1 1 ...
 $ Race.JyoType1Cd                  : Factor w/ 105 levels "2-07-1400-3-1",..: 11 3 12 13 14 15 16 17 18 9 ...
 $ Race.RaceType1Cd                 : Factor w/ 6 levels "2-3-E-1","2-3-X-2",..: 2 3 4 4 1 1 1 2 4 4 ...
 $ RaceHorse.RaceId                 : Factor w/ 1011 levels "20160116-07-01-01-12",..: 11 12 13 14 15 16 17 18 19 20 ...
 $ RaceHorse.KettoNum               : Factor w/ 3169 levels "2010110140","2011103988",..: 11 12 13 14 15 16 17 18 19 20 ...
 $ RaceHorse.IsHit1                 : num  0 0 0 0 0 0 0 0 0 0 ...
 $ RaceHorse.IsHit2                 : num  0 0 0 0 0 0 0 0 1 0 ...
 $ RaceHorse.IsHit3                 : num  0 0 0 0 0 0 0 1 0 0 ...
 $ RaceHorse.IsHit4                 : num  1 0 0 0 0 0 0 0 0 0 ...
 $ RaceHorse.IsHit5                 : num  0 0 1 0 0 0 1 0 0 0 ...
 $ RaceHorse.IsHit6                 : num  0 1 0 1 1 1 0 0 0 1 ...
 $ RaceHorse.IsValidRaceHorse       : logi  TRUE TRUE TRUE TRUE TRUE TRUE ...
 $ RaceHorse.TimeSdv                : num  1.801 1.521 1.628 0.636 1.912 ...
 $ RaceHorse.IsHitA                 : num  0 0 0 0 0 0 0 0 0 0 ...
 $ RaceHorse.IsHitB                 : num  0 0 0 0 0 0 0 0 1 0 ...
 $ RaceHorse.IsHitC                 : num  0 0 0 0 0 0 0 1 1 0 ...
 $ Jockey.TimeSdvByRaceAvg          : num  -1.1083 0.2518 -0.2712 -0.0585 0.5337 ...
 $ Jockey.TimeSdvByRaceMin          : num  -2.1 -2.7 -1.57 -2.71 -1.11 ...
 $ Jockey.TimeSdvByRaceMax          : num  -0.288 1.784 0.659 1.747 1.691 ...
 $ Jockey.TimeSdvAvg                : num  -0.4358 0.3455 -0.2996 -0.0238 0.4745 ...
 $ Jockey.TimeSdvMin                : num  -1.07 -4.19 -1.52 -2.35 -1.22 ...
 $ Jockey.TimeSdvMax                : num  0.273 1.996 1.363 1.494 1.695 ...
 $ Jockey.OrderOfFinishSdvAvg       : num  -0.92 0.263 -0.6 -0.139 0.512 ...
 $ Jockey.RunCount                  : num  5 69 4 92 55 33 7 19 82 100 ...
 $ Jockey.HitCount1                 : num  0 8 0 5 8 1 0 1 9 6 ...
 $ Jockey.HitCount2                 : num  0 11 0 5 5 1 0 1 11 8 ...
 $ Jockey.HitCount3                 : num  0 7 0 3 3 3 1 1 8 8 ...
 $ Jockey.HitCount4                 : num  0 0 0 4 8 1 1 1 7 5 ...
 $ Jockey.HitCount5                 : num  0 5 0 9 5 1 0 0 7 9 ...
 $ Jockey.HitRate1                  : num  0 0.1159 0 0.0543 0.1455 ...
 $ Jockey.HitRate2                  : num  0 0.1594 0 0.0543 0.0909 ...
 $ Jockey.HitRate3                  : num  0 0.1014 0 0.0326 0.0545 ...
 $ Jockey.HitRate4                  : num  0 0 0 0.0435 0.1455 ...
 $ Jockey.HitRate5                  : num  0 0.0725 0 0.0978 0.0909 ...
 $ EOF                              : int  1 1 1 1 1 1 1 1 1 1 ...
[1] "2022-02-25 20:57:48 --- RxSqlServerData Finish ---"
[1] "2022-02-25 20:57:48 --- subset Start ---"
[1] "--------------------------------------------------------------------------------"
[1] "nrow(data) subset before=14841"
[1] "nrow(data) subset after =14841"
[1] "nrow(data) subset diff =0"
[1] "--------------------------------------------------------------------------------"
[1] "2022-02-25 20:57:48 --- subset Finish---"
[1] "2022-02-25 20:57:48 --- transform Start ---"
[1] "--------------------------------------------------------------------------------"
[1] "nrow(data) transform before=14841"
[1] "nrow(data) transform after=14841"
[1] "nrow(data) transform diff=0"
[1] "--------------------------------------------------------------------------------"
[1] "str(data)="
'data.frame':	14841 obs. of  43 variables:
 $ Race.RaceId                      : Factor w/ 1011 levels "20160116-07-01-01-12",..: 11 12 13 14 15 16 17 18 19 20 ...
 $ Race.IsPredictedRace             : logi  TRUE TRUE TRUE TRUE TRUE TRUE ...
 $ Race.IsAnalyzeNormalPastAndFuture: logi  TRUE TRUE TRUE TRUE TRUE TRUE ...
 $ Race.IsAnalyzeNormalPast         : logi  TRUE TRUE TRUE TRUE TRUE TRUE ...
 $ Race.IsAnalyzeNormalFuture       : logi  FALSE FALSE FALSE FALSE FALSE FALSE ...
 $ Race.IsAnalyzeFullPastAndFuture  : logi  TRUE TRUE TRUE TRUE TRUE TRUE ...
 $ Race.IsAnalyzeFullPast           : logi  TRUE TRUE TRUE TRUE TRUE TRUE ...
 $ Race.IsAnalyzeFullFuture         : logi  FALSE FALSE FALSE FALSE FALSE FALSE ...
 $ Race.JyokenCd                    : Factor w/ 1 level "3": 1 1 1 1 1 1 1 1 1 1 ...
 $ Race.JyoType1Cd                  : Factor w/ 105 levels "2-07-1400-3-1",..: 11 3 12 13 14 15 16 17 18 9 ...
 $ Race.RaceType1Cd                 : Factor w/ 6 levels "2-3-E-1","2-3-X-2",..: 2 3 4 4 1 1 1 2 4 4 ...
 $ RaceHorse.RaceId                 : Factor w/ 1011 levels "20160116-07-01-01-12",..: 11 12 13 14 15 16 17 18 19 20 ...
 $ RaceHorse.KettoNum               : Factor w/ 3169 levels "2010110140","2011103988",..: 11 12 13 14 15 16 17 18 19 20 ...
 $ RaceHorse.IsHit1                 : num  0 0 0 0 0 0 0 0 0 0 ...
 $ RaceHorse.IsHit2                 : num  0 0 0 0 0 0 0 0 1 0 ...
 $ RaceHorse.IsHit3                 : num  0 0 0 0 0 0 0 1 0 0 ...
 $ RaceHorse.IsHit4                 : num  1 0 0 0 0 0 0 0 0 0 ...
 $ RaceHorse.IsHit5                 : num  0 0 1 0 0 0 1 0 0 0 ...
 $ RaceHorse.IsHit6                 : num  0 1 0 1 1 1 0 0 0 1 ...
 $ RaceHorse.IsValidRaceHorse       : logi  TRUE TRUE TRUE TRUE TRUE TRUE ...
 $ RaceHorse.TimeSdv                : num  1.801 1.521 1.628 0.636 1.912 ...
 $ RaceHorse.IsHitA                 : num  0 0 0 0 0 0 0 0 0 0 ...
 $ RaceHorse.IsHitB                 : num  0 0 0 0 0 0 0 0 1 0 ...
 $ RaceHorse.IsHitC                 : num  0 0 0 0 0 0 0 1 1 0 ...
 $ Jockey.TimeSdvByRaceAvg          : num  -1.1083 0.2518 -0.2712 -0.0585 0.5337 ...
 $ Jockey.TimeSdvByRaceMin          : num  -2.1 -2.7 -1.57 -2.71 -1.11 ...
 $ Jockey.TimeSdvByRaceMax          : num  -0.288 1.784 0.659 1.747 1.691 ...
 $ Jockey.TimeSdvAvg                : num  -0.4358 0.3455 -0.2996 -0.0238 0.4745 ...
 $ Jockey.TimeSdvMin                : num  -1.07 -4.19 -1.52 -2.35 -1.22 ...
 $ Jockey.TimeSdvMax                : num  0.273 1.996 1.363 1.494 1.695 ...
 $ Jockey.OrderOfFinishSdvAvg       : num  -0.92 0.263 -0.6 -0.139 0.512 ...
 $ Jockey.RunCount                  : num  5 69 4 92 55 33 7 19 82 100 ...
 $ Jockey.HitCount1                 : num  0 8 0 5 8 1 0 1 9 6 ...
 $ Jockey.HitCount2                 : num  0 11 0 5 5 1 0 1 11 8 ...
 $ Jockey.HitCount3                 : num  0 7 0 3 3 3 1 1 8 8 ...
 $ Jockey.HitCount4                 : num  0 0 0 4 8 1 1 1 7 5 ...
 $ Jockey.HitCount5                 : num  0 5 0 9 5 1 0 0 7 9 ...
 $ Jockey.HitRate1                  : num  0 0.1159 0 0.0543 0.1455 ...
 $ Jockey.HitRate2                  : num  0 0.1594 0 0.0543 0.0909 ...
 $ Jockey.HitRate3                  : num  0 0.1014 0 0.0326 0.0545 ...
 $ Jockey.HitRate4                  : num  0 0 0 0.0435 0.1455 ...
 $ Jockey.HitRate5                  : num  0 0.0725 0 0.0978 0.0909 ...
 $ EOF                              : int  1 1 1 1 1 1 1 1 1 1 ...
NULL
[1] "2022-02-25 20:57:48 --- transform Finish ---"
[1] "2022-02-25 20:57:48 --- na.omit Start ---"
[1] "--------------------------------------------------------------------------------"
[1] "nrow(data) na.omit before=14841"
[1] "nrow(data) na.omit after =14733"
[1] "nrow(data) na.omit diff =108"
[1] "--------------------------------------------------------------------------------"
'data.frame':	14733 obs. of  43 variables:
 $ Race.RaceId                      : Factor w/ 1011 levels "20160116-07-01-01-12",..: 11 12 13 14 15 16 17 18 19 20 ...
 $ Race.IsPredictedRace             : logi  TRUE TRUE TRUE TRUE TRUE TRUE ...
 $ Race.IsAnalyzeNormalPastAndFuture: logi  TRUE TRUE TRUE TRUE TRUE TRUE ...
 $ Race.IsAnalyzeNormalPast         : logi  TRUE TRUE TRUE TRUE TRUE TRUE ...
 $ Race.IsAnalyzeNormalFuture       : logi  FALSE FALSE FALSE FALSE FALSE FALSE ...
 $ Race.IsAnalyzeFullPastAndFuture  : logi  TRUE TRUE TRUE TRUE TRUE TRUE ...
 $ Race.IsAnalyzeFullPast           : logi  TRUE TRUE TRUE TRUE TRUE TRUE ...
 $ Race.IsAnalyzeFullFuture         : logi  FALSE FALSE FALSE FALSE FALSE FALSE ...
 $ Race.JyokenCd                    : Factor w/ 1 level "3": 1 1 1 1 1 1 1 1 1 1 ...
 $ Race.JyoType1Cd                  : Factor w/ 105 levels "2-07-1400-3-1",..: 11 3 12 13 14 15 16 17 18 9 ...
 $ Race.RaceType1Cd                 : Factor w/ 6 levels "2-3-E-1","2-3-X-2",..: 2 3 4 4 1 1 1 2 4 4 ...
 $ RaceHorse.RaceId                 : Factor w/ 1011 levels "20160116-07-01-01-12",..: 11 12 13 14 15 16 17 18 19 20 ...
 $ RaceHorse.KettoNum               : Factor w/ 3169 levels "2010110140","2011103988",..: 11 12 13 14 15 16 17 18 19 20 ...
 $ RaceHorse.IsHit1                 : num  0 0 0 0 0 0 0 0 0 0 ...
 $ RaceHorse.IsHit2                 : num  0 0 0 0 0 0 0 0 1 0 ...
 $ RaceHorse.IsHit3                 : num  0 0 0 0 0 0 0 1 0 0 ...
 $ RaceHorse.IsHit4                 : num  1 0 0 0 0 0 0 0 0 0 ...
 $ RaceHorse.IsHit5                 : num  0 0 1 0 0 0 1 0 0 0 ...
 $ RaceHorse.IsHit6                 : num  0 1 0 1 1 1 0 0 0 1 ...
 $ RaceHorse.IsValidRaceHorse       : logi  TRUE TRUE TRUE TRUE TRUE TRUE ...
 $ RaceHorse.TimeSdv                : num  1.801 1.521 1.628 0.636 1.912 ...
 $ RaceHorse.IsHitA                 : num  0 0 0 0 0 0 0 0 0 0 ...
 $ RaceHorse.IsHitB                 : num  0 0 0 0 0 0 0 0 1 0 ...
 $ RaceHorse.IsHitC                 : num  0 0 0 0 0 0 0 1 1 0 ...
 $ Jockey.TimeSdvByRaceAvg          : num  -1.1083 0.2518 -0.2712 -0.0585 0.5337 ...
 $ Jockey.TimeSdvByRaceMin          : num  -2.1 -2.7 -1.57 -2.71 -1.11 ...
 $ Jockey.TimeSdvByRaceMax          : num  -0.288 1.784 0.659 1.747 1.691 ...
 $ Jockey.TimeSdvAvg                : num  -0.4358 0.3455 -0.2996 -0.0238 0.4745 ...
 $ Jockey.TimeSdvMin                : num  -1.07 -4.19 -1.52 -2.35 -1.22 ...
 $ Jockey.TimeSdvMax                : num  0.273 1.996 1.363 1.494 1.695 ...
 $ Jockey.OrderOfFinishSdvAvg       : num  -0.92 0.263 -0.6 -0.139 0.512 ...
 $ Jockey.RunCount                  : num  5 69 4 92 55 33 7 19 82 100 ...
 $ Jockey.HitCount1                 : num  0 8 0 5 8 1 0 1 9 6 ...
 $ Jockey.HitCount2                 : num  0 11 0 5 5 1 0 1 11 8 ...
 $ Jockey.HitCount3                 : num  0 7 0 3 3 3 1 1 8 8 ...
 $ Jockey.HitCount4                 : num  0 0 0 4 8 1 1 1 7 5 ...
 $ Jockey.HitCount5                 : num  0 5 0 9 5 1 0 0 7 9 ...
 $ Jockey.HitRate1                  : num  0 0.1159 0 0.0543 0.1455 ...
 $ Jockey.HitRate2                  : num  0 0.1594 0 0.0543 0.0909 ...
 $ Jockey.HitRate3                  : num  0 0.1014 0 0.0326 0.0545 ...
 $ Jockey.HitRate4                  : num  0 0 0 0.0435 0.1455 ...
 $ Jockey.HitRate5                  : num  0 0.0725 0 0.0978 0.0909 ...
 $ EOF                              : int  1 1 1 1 1 1 1 1 1 1 ...
 - attr(*, "na.action")= 'omit' Named int  79 194 201 485 1104 1169 1644 1719 1863 2068 ...
  ..- attr(*, "names")= chr  "79" "194" "201" "485" ...
[1] "2022-02-25 20:57:49 --- na.omit Finish ---"
[1] "2022-02-25 20:57:49 --- rxGlm with rxStepControl Start ---"

> print(paste0(Sys.time(), " --- source_logic_glm.R Start ---"))
[1] "2022-02-25 20:57:49 --- source_logic_glm.R Start ---"

> formula <- formula(RaceHorse.IsHitA ~ +1 + Jockey.TimeSdvAvg)

> print(paste0(Sys.time(), " --- source_logic_glm.R Finished ---"))
[1] "2022-02-25 20:57:49 --- source_logic_glm.R Finished ---"
Rows Read: 14733, Total Rows Processed: 14733, Total Chunk Time: 0.001 seconds 

Starting values (iteration 1) time: 0.007 secs.
Rows Read: 14733, Total Rows Processed: 14733, Total Chunk Time: 0.001 seconds 

Iteration 2 time: 0.006 secs.
Rows Read: 14733, Total Rows Processed: 14733, Total Chunk Time: 0.002 seconds 

Iteration 3 time: 0.006 secs.
Rows Read: 14733, Total Rows Processed: 14733, Total Chunk Time: Less than .001 seconds 

Iteration 4 time: 0.003 secs.
Rows Read: 14733, Total Rows Processed: 14733, Total Chunk Time: 0.002 seconds 

Iteration 5 time: 0.004 secs.

Elapsed computation time: 0.041 secs.
Rows Read: 14733, Total Rows Processed: 14733, Total Chunk Time: Less than .001 seconds 

Starting values (iteration 1) time: 0.004 secs.
Rows Read: 14733, Total Rows Processed: 14733, Total Chunk Time: Less than .001 seconds 

Iteration 2 time: 0.003 secs.

Elapsed computation time: 0.016 secs.
Rows Read: 14733, Total Rows Processed: 14733, Total Chunk Time: Less than .001 seconds 

Starting values (iteration 1) time: 0.005 secs.
Rows Read: 14733, Total Rows Processed: 14733, Total Chunk Time: Less than .001 seconds 

Iteration 2 time: 0.005 secs.
Rows Read: 14733, Total Rows Processed: 14733, Total Chunk Time: 0.002 seconds 

Iteration 3 time: 0.003 secs.
Rows Read: 14733, Total Rows Processed: 14733, Total Chunk Time: Less than .001 seconds 

Iteration 4 time: 0.003 secs.
Rows Read: 14733, Total Rows Processed: 14733, Total Chunk Time: 0.002 seconds 

Iteration 5 time: 0.003 secs.

Elapsed computation time: 0.035 secs.

Elapsed computation time: 0.104 secs.
[1] "--------------------------------------------------------------------------------"
[1] "analyze.results.glm.step="
Logistic Regression Results for: RaceHorse.IsHitA ~ Jockey.TimeSdvAvg
Data: data
Dependent variable(s): RaceHorse.IsHitA
Total independent variables: 2 
Number of valid observations: 14733
Number of missing observations: 0 
 
Coefficients:
                  RaceHorse.IsHitA
(Intercept)                     -3
Jockey.TimeSdvAvg                1
[1] "analyze.results.glm.step.summary"
Call:
rxLogit(formula = formula, data = data, variableSelection = analyze.results.glm.step.varsel)

Logistic Regression Results for: RaceHorse.IsHitA ~ Jockey.TimeSdvAvg
Data: data
Dependent variable(s): RaceHorse.IsHitA
Total independent variables: 2 
Number of valid observations: 14733
Number of missing observations: 0 
-2*LogLikelihood: 7197.631 (Residual deviance on 14731 degrees of freedom)
 
Coefficients:
                  Estimate Std. Error z value Pr(>|z|)    
(Intercept)        -2.7507     0.0373   -73.8  2.2e-16 ***
Jockey.TimeSdvAvg   1.1051     0.1105    10.0  2.2e-16 ***
---
Signif. codes:  0 '***' 0.001 '**' 0.01 '*' 0.05 '.' 0.1 ' ' 1

Condition number of final variance-covariance matrix: 1 
Number of iterations: 5
[1] "--------------------------------------------------------------------------------"
[1] "2022-02-25 20:57:49 --- rxGlm with rxStepControl Finish ---"
[1] "2022-02-25 20:57:49 --- rxStepPlot Start ---"
[1] "pdfFilename=pdf_analyze_glm_Jockey_Type23_rxStepPlot.pdf"
[1] "rxStepPlot="
[1] "2022-02-25 20:57:49 --- rxStepPlot Finish ---"
[1] "2022-02-25 20:57:49 --- save.image Start ---"
[1] "save.image"
[1] "rdataFilename=RData_analyze_glm_Jockey_Type23.RData"
[1] "2022-02-25 20:57:49 --- save.image Finish ---"
[1] "2022-02-25 20:57:49 --- final Start ---"
[1] "--------------------------------------------------------------------------------"
[1] "nrow(data) final=14733"
[1] "--------------------------------------------------------------------------------"
[1] "2022-02-25 20:57:49 --- final Finish ---"
[1] "2022-02-25 20:57:49 --- analyze_glm.R Finished ---"
[1] "2022-02-25 20:57:49 --- log Finish ---"
