[1] "2022-02-25 20:24:14 --- D1115_analyze_glm_Gen02_IsHitA_Type26 Start ---"
[1] "2022-02-25 20:24:14 --- Log Start ---"
[1] "2022-02-25 20:24:14 --- analyze_glm.R Start ---"
[1] "analyzeVersion=D1115"
[1] "analyzeCategory=analyze"
[1] "analyzeType=Gen02"
[1] "analyzeFamily=IsHitA"
[1] "analyzeFunc=glm"
[1] "analyzeTrackTypeCd=2"
[1] "analyzeJyokenCd=6"
[1] "2022-02-25 20:24:15 --- source_function.R Start ---"
[1] "2022-02-25 20:24:15 --- source_function.R Finished ---"

> print(paste0(Sys.time(), " --- source_library.R Start ---"))
[1] "2022-02-25 20:24:15 --- source_library.R Start ---"

> require("RevoScaleR")

> print(paste0(Sys.time(), " --- source_library.R Finished ---"))
[1] "2022-02-25 20:24:21 --- source_library.R Finished ---"
[1] "2022-02-25 20:24:21 --- RxSqlServerData Start ---"
[1] "2022-02-25 20:24:21 --- RxInSqlServer Start ---"
[1] "2022-02-25 20:24:22 --- RxInSqlServer Finish ---"
[1] "2022-02-25 20:24:22 --- rxSetComputeContext Start ---"
[1] "2022-02-25 20:24:22 --- rxSetComputeContext Finish ---"
[1] "2022-02-25 20:24:22 --- RxSqlServerData Start ---"
[1] "sqlQuery=SELECT * FROM ViewAnalyzeD1115analyze01Gen02Type26"
[1] "2022-02-25 20:24:22 --- RxSqlServerData Finish ---"
[1] "2022-02-25 20:24:22 --- rxGetVarInfo Start ---"
[1] "2022-02-25 20:24:24 --- rxGetVarInfo Finish---"
[1] "2022-02-25 20:24:24 --- rxImport Start ---"
Rows Read: 2152, Total Rows Processed: 2152, Total Chunk Time: 114.754 seconds 
[1] "2022-02-25 20:28:39 --- rxImport Finish ---"
[1] "object.size(data) auto=865.5 Kb"
[1] "--------------------------------------------------------------------------------"
[1] "nrow(data) RxSqlServerData=2152"
[1] "--------------------------------------------------------------------------------"
[1] "str(data)="
'data.frame':	2152 obs. of  44 variables:
 $ Race.RaceId                      : Factor w/ 464 levels "20160109-08-01-02-02",..: 8 1 1 1 2 2 3 3 4 9 ...
 $ Race.IsPredictedRace             : logi  TRUE TRUE TRUE TRUE TRUE TRUE ...
 $ Race.IsAnalyzeNormalPastAndFuture: logi  TRUE TRUE TRUE TRUE TRUE TRUE ...
 $ Race.IsAnalyzeNormalPast         : logi  TRUE TRUE TRUE TRUE TRUE TRUE ...
 $ Race.IsAnalyzeNormalFuture       : logi  FALSE FALSE FALSE FALSE FALSE FALSE ...
 $ Race.IsAnalyzeFullPastAndFuture  : logi  TRUE TRUE TRUE TRUE TRUE TRUE ...
 $ Race.IsAnalyzeFullPast           : logi  TRUE TRUE TRUE TRUE TRUE TRUE ...
 $ Race.IsAnalyzeFullFuture         : logi  FALSE FALSE FALSE FALSE FALSE FALSE ...
 $ Race.JyokenCd                    : Factor w/ 1 level "6": 1 1 1 1 1 1 1 1 1 1 ...
 $ Race.JyoType1Cd                  : Factor w/ 68 levels "2-08-1800-6-1",..: 2 1 1 1 2 2 3 3 4 8 ...
 $ Race.RaceType1Cd                 : Factor w/ 2 levels "2-6-X-2","2-6-X-1": 2 1 1 1 2 2 1 1 2 2 ...
 $ RaceHorse.RaceId                 : Factor w/ 464 levels "20160109-08-01-02-02",..: 8 1 1 1 2 2 3 3 4 9 ...
 $ RaceHorse.KettoNum               : Factor w/ 2146 levels "2013100071","2013102819",..: 11 1 2 3 12 4 5 13 6 14 ...
 $ RaceHorse.IsHit1                 : num  0 0 0 0 0 0 0 0 0 0 ...
 $ RaceHorse.IsHit2                 : num  0 0 1 0 0 0 1 0 0 1 ...
 $ RaceHorse.IsHit3                 : num  0 0 0 0 0 0 0 0 0 0 ...
 $ RaceHorse.IsHit4                 : num  0 0 0 0 0 0 0 0 1 0 ...
 $ RaceHorse.IsHit5                 : num  0 0 0 0 0 0 0 0 0 0 ...
 $ RaceHorse.IsHit6                 : num  1 1 0 1 1 1 0 1 0 0 ...
 $ RaceHorse.IsValidRaceHorse       : logi  TRUE TRUE TRUE TRUE TRUE TRUE ...
 $ RaceHorse.TimeSdv                : num  0.2089 0.1825 0.9693 0.6453 0.0867 ...
 $ RaceHorse.IsHitA                 : num  0 0 0 0 0 0 0 0 0 0 ...
 $ RaceHorse.IsHitB                 : num  0 0 1 0 0 0 1 0 0 1 ...
 $ RaceHorse.IsHitC                 : num  0 0 1 0 0 0 1 0 0 1 ...
 $ Gen02.HansyokuNum                : Factor w/ 220 levels "11201964","11201957",..: 6 1 1 2 5 3 1 2 4 4 ...
 $ Gen02.TimeSdvByRaceAvg           : num  1.127 1.165 -1.936 0.676 -0.176 ...
 $ Gen02.TimeSdvByRaceMin           : num  1.127 1.165 -1.936 0.569 -0.453 ...
 $ Gen02.TimeSdvByRaceMax           : num  1.127 1.165 -1.936 0.782 0.102 ...
 $ Gen02.TimeSdvAvg                 : num  1.282 0.83 -1.681 0.56 -0.369 ...
 $ Gen02.TimeSdvMin                 : num  1.282 0.83 -1.681 0.103 -0.769 ...
 $ Gen02.TimeSdvMax                 : num  1.2821 0.8304 -1.6812 1.0176 0.0297 ...
 $ Gen02.OrderOfFinishSdvAvg        : num  1.566 1.056 -0.828 0.939 -0.821 ...
 $ Gen02.RunCount                   : num  1 1 1 2 2 1 1 1 1 1 ...
 $ Gen02.HitCount1                  : num  1 0 0 0 0 0 0 0 0 0 ...
 $ Gen02.HitCount2                  : num  0 0 0 0 0 0 0 1 0 0 ...
 $ Gen02.HitCount3                  : num  0 1 0 1 0 0 0 0 0 1 ...
 $ Gen02.HitCount4                  : num  0 0 0 1 0 0 0 0 1 0 ...
 $ Gen02.HitCount5                  : num  0 0 0 0 0 1 0 0 0 0 ...
 $ Gen02.HitRate1                   : num  1 0 0 0 0 0 0 0 0 0 ...
 $ Gen02.HitRate2                   : num  0 0 0 0 0 0 0 1 0 0 ...
 $ Gen02.HitRate3                   : num  0 1 0 0.5 0 0 0 0 0 1 ...
 $ Gen02.HitRate4                   : num  0 0 0 0.5 0 0 0 0 1 0 ...
 $ Gen02.HitRate5                   : num  0 0 0 0 0 1 0 0 0 0 ...
 $ EOF                              : int  1 1 1 1 1 1 1 1 1 1 ...
[1] "2022-02-25 20:32:42 --- RxSqlServerData Finish ---"
[1] "2022-02-25 20:32:42 --- subset Start ---"
[1] "--------------------------------------------------------------------------------"
[1] "nrow(data) subset before=2152"
[1] "nrow(data) subset after =2152"
[1] "nrow(data) subset diff =0"
[1] "--------------------------------------------------------------------------------"
[1] "2022-02-25 20:32:44 --- subset Finish---"
[1] "2022-02-25 20:32:44 --- transform Start ---"
[1] "--------------------------------------------------------------------------------"
[1] "nrow(data) transform before=2152"
[1] "nrow(data) transform after=2152"
[1] "nrow(data) transform diff=0"
[1] "--------------------------------------------------------------------------------"
[1] "str(data)="
'data.frame':	2152 obs. of  44 variables:
 $ Race.RaceId                      : Factor w/ 464 levels "20160109-08-01-02-02",..: 8 1 1 1 2 2 3 3 4 9 ...
 $ Race.IsPredictedRace             : logi  TRUE TRUE TRUE TRUE TRUE TRUE ...
 $ Race.IsAnalyzeNormalPastAndFuture: logi  TRUE TRUE TRUE TRUE TRUE TRUE ...
 $ Race.IsAnalyzeNormalPast         : logi  TRUE TRUE TRUE TRUE TRUE TRUE ...
 $ Race.IsAnalyzeNormalFuture       : logi  FALSE FALSE FALSE FALSE FALSE FALSE ...
 $ Race.IsAnalyzeFullPastAndFuture  : logi  TRUE TRUE TRUE TRUE TRUE TRUE ...
 $ Race.IsAnalyzeFullPast           : logi  TRUE TRUE TRUE TRUE TRUE TRUE ...
 $ Race.IsAnalyzeFullFuture         : logi  FALSE FALSE FALSE FALSE FALSE FALSE ...
 $ Race.JyokenCd                    : Factor w/ 1 level "6": 1 1 1 1 1 1 1 1 1 1 ...
 $ Race.JyoType1Cd                  : Factor w/ 68 levels "2-08-1800-6-1",..: 2 1 1 1 2 2 3 3 4 8 ...
 $ Race.RaceType1Cd                 : Factor w/ 2 levels "2-6-X-2","2-6-X-1": 2 1 1 1 2 2 1 1 2 2 ...
 $ RaceHorse.RaceId                 : Factor w/ 464 levels "20160109-08-01-02-02",..: 8 1 1 1 2 2 3 3 4 9 ...
 $ RaceHorse.KettoNum               : Factor w/ 2146 levels "2013100071","2013102819",..: 11 1 2 3 12 4 5 13 6 14 ...
 $ RaceHorse.IsHit1                 : num  0 0 0 0 0 0 0 0 0 0 ...
 $ RaceHorse.IsHit2                 : num  0 0 1 0 0 0 1 0 0 1 ...
 $ RaceHorse.IsHit3                 : num  0 0 0 0 0 0 0 0 0 0 ...
 $ RaceHorse.IsHit4                 : num  0 0 0 0 0 0 0 0 1 0 ...
 $ RaceHorse.IsHit5                 : num  0 0 0 0 0 0 0 0 0 0 ...
 $ RaceHorse.IsHit6                 : num  1 1 0 1 1 1 0 1 0 0 ...
 $ RaceHorse.IsValidRaceHorse       : logi  TRUE TRUE TRUE TRUE TRUE TRUE ...
 $ RaceHorse.TimeSdv                : num  0.2089 0.1825 0.9693 0.6453 0.0867 ...
 $ RaceHorse.IsHitA                 : num  0 0 0 0 0 0 0 0 0 0 ...
 $ RaceHorse.IsHitB                 : num  0 0 1 0 0 0 1 0 0 1 ...
 $ RaceHorse.IsHitC                 : num  0 0 1 0 0 0 1 0 0 1 ...
 $ Gen02.HansyokuNum                : Factor w/ 220 levels "11201964","11201957",..: 6 1 1 2 5 3 1 2 4 4 ...
 $ Gen02.TimeSdvByRaceAvg           : num  1.127 1.165 -1.936 0.676 -0.176 ...
 $ Gen02.TimeSdvByRaceMin           : num  1.127 1.165 -1.936 0.569 -0.453 ...
 $ Gen02.TimeSdvByRaceMax           : num  1.127 1.165 -1.936 0.782 0.102 ...
 $ Gen02.TimeSdvAvg                 : num  1.282 0.83 -1.681 0.56 -0.369 ...
 $ Gen02.TimeSdvMin                 : num  1.282 0.83 -1.681 0.103 -0.769 ...
 $ Gen02.TimeSdvMax                 : num  1.2821 0.8304 -1.6812 1.0176 0.0297 ...
 $ Gen02.OrderOfFinishSdvAvg        : num  1.566 1.056 -0.828 0.939 -0.821 ...
 $ Gen02.RunCount                   : num  1 1 1 2 2 1 1 1 1 1 ...
 $ Gen02.HitCount1                  : num  1 0 0 0 0 0 0 0 0 0 ...
 $ Gen02.HitCount2                  : num  0 0 0 0 0 0 0 1 0 0 ...
 $ Gen02.HitCount3                  : num  0 1 0 1 0 0 0 0 0 1 ...
 $ Gen02.HitCount4                  : num  0 0 0 1 0 0 0 0 1 0 ...
 $ Gen02.HitCount5                  : num  0 0 0 0 0 1 0 0 0 0 ...
 $ Gen02.HitRate1                   : num  1 0 0 0 0 0 0 0 0 0 ...
 $ Gen02.HitRate2                   : num  0 0 0 0 0 0 0 1 0 0 ...
 $ Gen02.HitRate3                   : num  0 1 0 0.5 0 0 0 0 0 1 ...
 $ Gen02.HitRate4                   : num  0 0 0 0.5 0 0 0 0 1 0 ...
 $ Gen02.HitRate5                   : num  0 0 0 0 0 1 0 0 0 0 ...
 $ EOF                              : int  1 1 1 1 1 1 1 1 1 1 ...
NULL
[1] "2022-02-25 20:32:50 --- transform Finish ---"
[1] "2022-02-25 20:32:51 --- na.omit Start ---"
[1] "--------------------------------------------------------------------------------"
[1] "nrow(data) na.omit before=2152"
[1] "nrow(data) na.omit after =2132"
[1] "nrow(data) na.omit diff =20"
[1] "--------------------------------------------------------------------------------"
'data.frame':	2132 obs. of  44 variables:
 $ Race.RaceId                      : Factor w/ 464 levels "20160109-08-01-02-02",..: 8 1 1 1 2 2 3 3 4 9 ...
 $ Race.IsPredictedRace             : logi  TRUE TRUE TRUE TRUE TRUE TRUE ...
 $ Race.IsAnalyzeNormalPastAndFuture: logi  TRUE TRUE TRUE TRUE TRUE TRUE ...
 $ Race.IsAnalyzeNormalPast         : logi  TRUE TRUE TRUE TRUE TRUE TRUE ...
 $ Race.IsAnalyzeNormalFuture       : logi  FALSE FALSE FALSE FALSE FALSE FALSE ...
 $ Race.IsAnalyzeFullPastAndFuture  : logi  TRUE TRUE TRUE TRUE TRUE TRUE ...
 $ Race.IsAnalyzeFullPast           : logi  TRUE TRUE TRUE TRUE TRUE TRUE ...
 $ Race.IsAnalyzeFullFuture         : logi  FALSE FALSE FALSE FALSE FALSE FALSE ...
 $ Race.JyokenCd                    : Factor w/ 1 level "6": 1 1 1 1 1 1 1 1 1 1 ...
 $ Race.JyoType1Cd                  : Factor w/ 68 levels "2-08-1800-6-1",..: 2 1 1 1 2 2 3 3 4 8 ...
 $ Race.RaceType1Cd                 : Factor w/ 2 levels "2-6-X-2","2-6-X-1": 2 1 1 1 2 2 1 1 2 2 ...
 $ RaceHorse.RaceId                 : Factor w/ 464 levels "20160109-08-01-02-02",..: 8 1 1 1 2 2 3 3 4 9 ...
 $ RaceHorse.KettoNum               : Factor w/ 2146 levels "2013100071","2013102819",..: 11 1 2 3 12 4 5 13 6 14 ...
 $ RaceHorse.IsHit1                 : num  0 0 0 0 0 0 0 0 0 0 ...
 $ RaceHorse.IsHit2                 : num  0 0 1 0 0 0 1 0 0 1 ...
 $ RaceHorse.IsHit3                 : num  0 0 0 0 0 0 0 0 0 0 ...
 $ RaceHorse.IsHit4                 : num  0 0 0 0 0 0 0 0 1 0 ...
 $ RaceHorse.IsHit5                 : num  0 0 0 0 0 0 0 0 0 0 ...
 $ RaceHorse.IsHit6                 : num  1 1 0 1 1 1 0 1 0 0 ...
 $ RaceHorse.IsValidRaceHorse       : logi  TRUE TRUE TRUE TRUE TRUE TRUE ...
 $ RaceHorse.TimeSdv                : num  0.2089 0.1825 0.9693 0.6453 0.0867 ...
 $ RaceHorse.IsHitA                 : num  0 0 0 0 0 0 0 0 0 0 ...
 $ RaceHorse.IsHitB                 : num  0 0 1 0 0 0 1 0 0 1 ...
 $ RaceHorse.IsHitC                 : num  0 0 1 0 0 0 1 0 0 1 ...
 $ Gen02.HansyokuNum                : Factor w/ 220 levels "11201964","11201957",..: 6 1 1 2 5 3 1 2 4 4 ...
 $ Gen02.TimeSdvByRaceAvg           : num  1.127 1.165 -1.936 0.676 -0.176 ...
 $ Gen02.TimeSdvByRaceMin           : num  1.127 1.165 -1.936 0.569 -0.453 ...
 $ Gen02.TimeSdvByRaceMax           : num  1.127 1.165 -1.936 0.782 0.102 ...
 $ Gen02.TimeSdvAvg                 : num  1.282 0.83 -1.681 0.56 -0.369 ...
 $ Gen02.TimeSdvMin                 : num  1.282 0.83 -1.681 0.103 -0.769 ...
 $ Gen02.TimeSdvMax                 : num  1.2821 0.8304 -1.6812 1.0176 0.0297 ...
 $ Gen02.OrderOfFinishSdvAvg        : num  1.566 1.056 -0.828 0.939 -0.821 ...
 $ Gen02.RunCount                   : num  1 1 1 2 2 1 1 1 1 1 ...
 $ Gen02.HitCount1                  : num  1 0 0 0 0 0 0 0 0 0 ...
 $ Gen02.HitCount2                  : num  0 0 0 0 0 0 0 1 0 0 ...
 $ Gen02.HitCount3                  : num  0 1 0 1 0 0 0 0 0 1 ...
 $ Gen02.HitCount4                  : num  0 0 0 1 0 0 0 0 1 0 ...
 $ Gen02.HitCount5                  : num  0 0 0 0 0 1 0 0 0 0 ...
 $ Gen02.HitRate1                   : num  1 0 0 0 0 0 0 0 0 0 ...
 $ Gen02.HitRate2                   : num  0 0 0 0 0 0 0 1 0 0 ...
 $ Gen02.HitRate3                   : num  0 1 0 0.5 0 0 0 0 0 1 ...
 $ Gen02.HitRate4                   : num  0 0 0 0.5 0 0 0 0 1 0 ...
 $ Gen02.HitRate5                   : num  0 0 0 0 0 1 0 0 0 0 ...
 $ EOF                              : int  1 1 1 1 1 1 1 1 1 1 ...
 - attr(*, "na.action")= 'omit' Named int  145 212 251 252 320 453 675 705 772 789 ...
  ..- attr(*, "names")= chr  "145" "212" "251" "252" ...
[1] "2022-02-25 20:32:55 --- na.omit Finish ---"
[1] "2022-02-25 20:32:56 --- rxGlm with rxStepControl Start ---"

> print(paste0(Sys.time(), " --- source_logic_glm.R Start ---"))
[1] "2022-02-25 20:32:56 --- source_logic_glm.R Start ---"

> formula <- formula(RaceHorse.IsHitA ~ +1 + Gen02.TimeSdvAvg)

> print(paste0(Sys.time(), " --- source_logic_glm.R Finished ---"))
[1] "2022-02-25 20:32:56 --- source_logic_glm.R Finished ---"
Rows Read: 2132, Total Rows Processed: 2132, Total Chunk Time: Less than .001 seconds 

Starting values (iteration 1) time: 0.072 secs.
Rows Read: 2132, Total Rows Processed: 2132, Total Chunk Time: 0.002 seconds 

Iteration 2 time: 0.155 secs.
Rows Read: 2132, Total Rows Processed: 2132, Total Chunk Time: 0.002 seconds 

Iteration 3 time: 0.077 secs.
Rows Read: 2132, Total Rows Processed: 2132, Total Chunk Time: Less than .001 seconds 

Iteration 4 time: 0.085 secs.
Rows Read: 2132, Total Rows Processed: 2132, Total Chunk Time: 0.002 seconds 

Iteration 5 time: 0.074 secs.

Elapsed computation time: 0.785 secs.
Rows Read: 2132, Total Rows Processed: 2132, Total Chunk Time: Less than .001 seconds 

Starting values (iteration 1) time: 0.069 secs.
Rows Read: 2132, Total Rows Processed: 2132, Total Chunk Time: Less than .001 seconds 

Iteration 2 time: 0.077 secs.

Elapsed computation time: 0.305 secs.
Rows Read: 2132, Total Rows Processed: 2132, Total Chunk Time: Less than .001 seconds 

Starting values (iteration 1) time: 0.104 secs.
Rows Read: 2132, Total Rows Processed: 2132, Total Chunk Time: 0.001 seconds 

Iteration 2 time: 0.101 secs.
Rows Read: 2132, Total Rows Processed: 2132, Total Chunk Time: Less than .001 seconds 

Iteration 3 time: 0.087 secs.
Rows Read: 2132, Total Rows Processed: 2132, Total Chunk Time: Less than .001 seconds 

Iteration 4 time: 0.085 secs.
Rows Read: 2132, Total Rows Processed: 2132, Total Chunk Time: Less than .001 seconds 

Iteration 5 time: 0.094 secs.

Elapsed computation time: 0.966 secs.

Elapsed computation time: 2.342 secs.
[1] "--------------------------------------------------------------------------------"
[1] "analyze.results.glm.step="
Logistic Regression Results for: RaceHorse.IsHitA ~ Gen02.TimeSdvAvg
Data: data
Dependent variable(s): RaceHorse.IsHitA
Total independent variables: 2 
Number of valid observations: 2132
Number of missing observations: 0 
 
Coefficients:
                 RaceHorse.IsHitA
(Intercept)                  -2.9
Gen02.TimeSdvAvg              0.6
[1] "analyze.results.glm.step.summary"
Call:
rxLogit(formula = formula, data = data, variableSelection = analyze.results.glm.step.varsel)

Logistic Regression Results for: RaceHorse.IsHitA ~ Gen02.TimeSdvAvg
Data: data
Dependent variable(s): RaceHorse.IsHitA
Total independent variables: 2 
Number of valid observations: 2132
Number of missing observations: 0 
-2*LogLikelihood: 1002.865 (Residual deviance on 2130 degrees of freedom)
 
Coefficients:
                 Estimate Std. Error z value Pr(>|z|)    
(Intercept)        -2.858      0.105  -27.14  2.2e-16 ***
Gen02.TimeSdvAvg    0.636      0.121    5.25  1.5e-07 ***
---
Signif. codes:  0 '***' 0.001 '**' 0.01 '*' 0.05 '.' 0.1 ' ' 1

Condition number of final variance-covariance matrix: 1 
Number of iterations: 5
[1] "--------------------------------------------------------------------------------"
[1] "2022-02-25 20:33:02 --- rxGlm with rxStepControl Finish ---"
[1] "2022-02-25 20:33:02 --- rxStepPlot Start ---"
[1] "pdfFilename=pdf_analyze_glm_Gen02_Type26_rxStepPlot.pdf"
[1] "rxStepPlot="
[1] "2022-02-25 20:33:03 --- rxStepPlot Finish ---"
[1] "2022-02-25 20:33:03 --- save.image Start ---"
[1] "save.image"
[1] "rdataFilename=RData_analyze_glm_Gen02_Type26.RData"
[1] "2022-02-25 20:33:03 --- save.image Finish ---"
[1] "2022-02-25 20:33:03 --- final Start ---"
[1] "--------------------------------------------------------------------------------"
[1] "nrow(data) final=2132"
[1] "--------------------------------------------------------------------------------"
[1] "2022-02-25 20:33:04 --- final Finish ---"
[1] "2022-02-25 20:33:04 --- analyze_glm.R Finished ---"
[1] "2022-02-25 20:33:04 --- log Finish ---"
