[1] "2022-03-08 19:08:22 --- D1115_analyze_glm_Jockey_IsHitA_Type13 Start ---"
[1] "2022-03-08 19:08:22 --- Log Start ---"
[1] "2022-03-08 19:08:22 --- analyze_glm.R Start ---"
[1] "analyzeVersion=D1115"
[1] "analyzeCategory=analyze"
[1] "analyzeType=Jockey"
[1] "analyzeFamily=IsHitA"
[1] "analyzeFunc=glm"
[1] "analyzeTrackTypeCd=1"
[1] "analyzeJyokenCd=3"
[1] "2022-03-08 19:08:22 --- source_function.R Start ---"
[1] "2022-03-08 19:08:22 --- source_function.R Finished ---"

> print(paste0(Sys.time(), " --- source_library.R Start ---"))
[1] "2022-03-08 19:08:22 --- source_library.R Start ---"

> require("RevoScaleR")

> print(paste0(Sys.time(), " --- source_library.R Finished ---"))
[1] "2022-03-08 19:08:22 --- source_library.R Finished ---"
[1] "2022-03-08 19:08:22 --- RxSqlServerData Start ---"
[1] "2022-03-08 19:08:22 --- RxInSqlServer Start ---"
[1] "2022-03-08 19:08:22 --- RxInSqlServer Finish ---"
[1] "2022-03-08 19:08:22 --- rxSetComputeContext Start ---"
[1] "2022-03-08 19:08:22 --- rxSetComputeContext Finish ---"
[1] "2022-03-08 19:08:22 --- RxSqlServerData Start ---"
[1] "sqlQuery=SELECT * FROM ViewAnalyzeD1115analyze01JockeyType13"
[1] "2022-03-08 19:08:22 --- RxSqlServerData Finish ---"
[1] "2022-03-08 19:08:22 --- rxGetVarInfo Start ---"
[1] "2022-03-08 19:08:23 --- rxGetVarInfo Finish---"
[1] "2022-03-08 19:08:23 --- rxImport Start ---"
Rows Read: 14793, Total Rows Processed: 14793, Total Chunk Time: 213.906 seconds 
[1] "2022-03-08 19:16:23 --- rxImport Finish ---"
[1] "object.size(data) auto=4.9 Mb"
[1] "--------------------------------------------------------------------------------"
[1] "nrow(data) RxSqlServerData=14793"
[1] "--------------------------------------------------------------------------------"
[1] "str(data)="
'data.frame':	14793 obs. of  47 variables:
 $ Race.RaceId                      : Factor w/ 1192 levels "20160702-02-01-05-12",..: 11 12 13 14 15 16 17 18 19 19 ...
 $ Race.IsAnalyzeNormalPastAndFuture: logi  TRUE TRUE TRUE TRUE TRUE TRUE ...
 $ Race.IsAnalyzeNormalPast         : logi  TRUE TRUE TRUE TRUE TRUE TRUE ...
 $ Race.IsAnalyzeNormalFuture       : logi  FALSE FALSE FALSE FALSE FALSE FALSE ...
 $ Race.IsAnalyzeFullPastAndFuture  : logi  TRUE TRUE TRUE TRUE TRUE TRUE ...
 $ Race.IsAnalyzeFullPast           : logi  TRUE TRUE TRUE TRUE TRUE TRUE ...
 $ Race.IsAnalyzeFullFuture         : logi  FALSE FALSE FALSE FALSE FALSE FALSE ...
 $ Race.JyokenCd                    : Factor w/ 1 level "3": 1 1 1 1 1 1 1 1 1 1 ...
 $ Race.JyoType1Cd                  : Factor w/ 154 levels "17-02-2000-2",..: 10 10 9 11 12 13 14 15 16 16 ...
 $ Race.RaceType1Cd                 : Factor w/ 2 levels "1-3-13","1-3-14": 1 1 1 2 1 2 1 2 2 2 ...
 $ RaceHorse.RaceId                 : Factor w/ 1192 levels "20160702-02-01-05-12",..: 11 12 13 14 15 16 17 18 19 19 ...
 $ RaceHorse.KettoNum               : Factor w/ 2999 levels "2008101645","2008103173",..: 1 3 3 7 8 8 8 9 10 11 ...
 $ RaceHorse.IsHit1                 : num  0 0 0 0 0 0 0 0 0 0 ...
 $ RaceHorse.IsHit2                 : num  0 0 0 0 0 0 0 0 0 0 ...
 $ RaceHorse.IsHit3                 : num  0 0 0 1 0 0 0 0 0 0 ...
 $ RaceHorse.IsHit4                 : num  0 0 0 0 0 0 0 0 0 0 ...
 $ RaceHorse.IsHit5                 : num  0 0 0 0 0 0 0 0 0 0 ...
 $ RaceHorse.IsHit6                 : num  1 1 1 0 1 1 1 1 1 1 ...
 $ RaceHorse.IsValidRaceHorse       : logi  TRUE TRUE FALSE TRUE TRUE TRUE ...
 $ RaceHorse.FinishTimeSdvByRace    : num  -1.13713 -1.01959 -1.29272 0.92856 0.00752 ...
 $ RaceHorse.FirstTimeSdvByRace     : num  0.782 -0.147 -0.81 -1.287 -1.824 ...
 $ RaceHorse.LastTimeSdvByRace      : num  -1.205 -1 -1.397 1.333 0.988 ...
 $ RaceHorse.FinishTimeSdv          : num  0.812 1.197 -1.165 0.86 0.83 ...
 $ RaceHorse.FirstTimeSdv           : num  1.442 0.432 -2.267 -0.148 0.289 ...
 $ RaceHorse.LastTimeSdv            : num  -0.469 1.091 1.211 1.216 0.863 ...
 $ RaceHorse.IsHitA                 : num  0 0 0 0 0 0 0 0 0 0 ...
 $ RaceHorse.IsHitB                 : num  0 0 0 0 0 0 0 0 0 0 ...
 $ RaceHorse.IsHitC                 : num  0 0 0 1 0 0 0 0 0 0 ...
 $ Jockey.FinishTimeSdvByRaceAvg    : num  0.1593 0.0807 -0.2039 0.1467 0.1436 ...
 $ Jockey.FirstTimeSdvByRaceAvg     : num  0.2403 -0.0548 0.2468 -0.2279 -0.1227 ...
 $ Jockey.LastTimeSdvByRaceAvg      : num  -0.0459 0.1358 -0.3586 0.2846 0.2706 ...
 $ Jockey.FinishTimeSdvAvg          : num  0.621 0.546 0.534 0.356 0.517 ...
 $ Jockey.FirstTimeSdvAvg           : num  0.3823 0.1662 0.4115 0.0338 0.1128 ...
 $ Jockey.LastTimeSdvAvg            : num  0.478 0.611 0.31 0.463 0.63 ...
 $ Jockey.RealOddsLog1Avg           : num  2.93 3.07 3.35 3.19 3.2 ...
 $ Jockey.RunCount                  : num  201 156 87 108 127 200 148 86 136 112 ...
 $ Jockey.HitCount1                 : num  17 10 3 8 10 28 12 4 21 7 ...
 $ Jockey.HitCount2                 : num  15 10 7 9 12 21 14 5 15 5 ...
 $ Jockey.HitCount3                 : num  18 12 4 10 9 24 10 4 17 9 ...
 $ Jockey.HitCount4                 : num  21 20 5 7 11 19 12 4 15 8 ...
 $ Jockey.HitCount5                 : num  19 12 6 10 10 19 11 10 9 10 ...
 $ Jockey.HitRate1                  : num  0.0846 0.0641 0.0345 0.0741 0.0787 ...
 $ Jockey.HitRate2                  : num  0.0746 0.0641 0.0805 0.0833 0.0945 ...
 $ Jockey.HitRate3                  : num  0.0896 0.0769 0.046 0.0926 0.0709 ...
 $ Jockey.HitRate4                  : num  0.1045 0.1282 0.0575 0.0648 0.0866 ...
 $ Jockey.HitRate5                  : num  0.0945 0.0769 0.069 0.0926 0.0787 ...
 $ EOF                              : int  1 1 1 1 1 1 1 1 1 1 ...
[1] "2022-03-08 19:16:23 --- RxSqlServerData Finish ---"
[1] "2022-03-08 19:16:23 --- subset Start ---"
[1] "--------------------------------------------------------------------------------"
[1] "nrow(data) subset before=14793"
[1] "nrow(data) subset after =14793"
[1] "nrow(data) subset diff =0"
[1] "--------------------------------------------------------------------------------"
[1] "2022-03-08 19:16:23 --- subset Finish---"
[1] "2022-03-08 19:16:23 --- transform Start ---"
[1] "--------------------------------------------------------------------------------"
[1] "nrow(data) transform before=14793"
[1] "nrow(data) transform after=14793"
[1] "nrow(data) transform diff=0"
[1] "--------------------------------------------------------------------------------"
[1] "str(data)="
'data.frame':	14793 obs. of  47 variables:
 $ Race.RaceId                      : Factor w/ 1192 levels "20160702-02-01-05-12",..: 11 12 13 14 15 16 17 18 19 19 ...
 $ Race.IsAnalyzeNormalPastAndFuture: logi  TRUE TRUE TRUE TRUE TRUE TRUE ...
 $ Race.IsAnalyzeNormalPast         : logi  TRUE TRUE TRUE TRUE TRUE TRUE ...
 $ Race.IsAnalyzeNormalFuture       : logi  FALSE FALSE FALSE FALSE FALSE FALSE ...
 $ Race.IsAnalyzeFullPastAndFuture  : logi  TRUE TRUE TRUE TRUE TRUE TRUE ...
 $ Race.IsAnalyzeFullPast           : logi  TRUE TRUE TRUE TRUE TRUE TRUE ...
 $ Race.IsAnalyzeFullFuture         : logi  FALSE FALSE FALSE FALSE FALSE FALSE ...
 $ Race.JyokenCd                    : Factor w/ 1 level "3": 1 1 1 1 1 1 1 1 1 1 ...
 $ Race.JyoType1Cd                  : Factor w/ 154 levels "17-02-2000-2",..: 10 10 9 11 12 13 14 15 16 16 ...
 $ Race.RaceType1Cd                 : Factor w/ 2 levels "1-3-13","1-3-14": 1 1 1 2 1 2 1 2 2 2 ...
 $ RaceHorse.RaceId                 : Factor w/ 1192 levels "20160702-02-01-05-12",..: 11 12 13 14 15 16 17 18 19 19 ...
 $ RaceHorse.KettoNum               : Factor w/ 2999 levels "2008101645","2008103173",..: 1 3 3 7 8 8 8 9 10 11 ...
 $ RaceHorse.IsHit1                 : num  0 0 0 0 0 0 0 0 0 0 ...
 $ RaceHorse.IsHit2                 : num  0 0 0 0 0 0 0 0 0 0 ...
 $ RaceHorse.IsHit3                 : num  0 0 0 1 0 0 0 0 0 0 ...
 $ RaceHorse.IsHit4                 : num  0 0 0 0 0 0 0 0 0 0 ...
 $ RaceHorse.IsHit5                 : num  0 0 0 0 0 0 0 0 0 0 ...
 $ RaceHorse.IsHit6                 : num  1 1 1 0 1 1 1 1 1 1 ...
 $ RaceHorse.IsValidRaceHorse       : logi  TRUE TRUE FALSE TRUE TRUE TRUE ...
 $ RaceHorse.FinishTimeSdvByRace    : num  -1.13713 -1.01959 -1.29272 0.92856 0.00752 ...
 $ RaceHorse.FirstTimeSdvByRace     : num  0.782 -0.147 -0.81 -1.287 -1.824 ...
 $ RaceHorse.LastTimeSdvByRace      : num  -1.205 -1 -1.397 1.333 0.988 ...
 $ RaceHorse.FinishTimeSdv          : num  0.812 1.197 -1.165 0.86 0.83 ...
 $ RaceHorse.FirstTimeSdv           : num  1.442 0.432 -2.267 -0.148 0.289 ...
 $ RaceHorse.LastTimeSdv            : num  -0.469 1.091 1.211 1.216 0.863 ...
 $ RaceHorse.IsHitA                 : num  0 0 0 0 0 0 0 0 0 0 ...
 $ RaceHorse.IsHitB                 : num  0 0 0 0 0 0 0 0 0 0 ...
 $ RaceHorse.IsHitC                 : num  0 0 0 1 0 0 0 0 0 0 ...
 $ Jockey.FinishTimeSdvByRaceAvg    : num  0.1593 0.0807 -0.2039 0.1467 0.1436 ...
 $ Jockey.FirstTimeSdvByRaceAvg     : num  0.2403 -0.0548 0.2468 -0.2279 -0.1227 ...
 $ Jockey.LastTimeSdvByRaceAvg      : num  -0.0459 0.1358 -0.3586 0.2846 0.2706 ...
 $ Jockey.FinishTimeSdvAvg          : num  0.621 0.546 0.534 0.356 0.517 ...
 $ Jockey.FirstTimeSdvAvg           : num  0.3823 0.1662 0.4115 0.0338 0.1128 ...
 $ Jockey.LastTimeSdvAvg            : num  0.478 0.611 0.31 0.463 0.63 ...
 $ Jockey.RealOddsLog1Avg           : num  2.93 3.07 3.35 3.19 3.2 ...
 $ Jockey.RunCount                  : num  201 156 87 108 127 200 148 86 136 112 ...
 $ Jockey.HitCount1                 : num  17 10 3 8 10 28 12 4 21 7 ...
 $ Jockey.HitCount2                 : num  15 10 7 9 12 21 14 5 15 5 ...
 $ Jockey.HitCount3                 : num  18 12 4 10 9 24 10 4 17 9 ...
 $ Jockey.HitCount4                 : num  21 20 5 7 11 19 12 4 15 8 ...
 $ Jockey.HitCount5                 : num  19 12 6 10 10 19 11 10 9 10 ...
 $ Jockey.HitRate1                  : num  0.0846 0.0641 0.0345 0.0741 0.0787 ...
 $ Jockey.HitRate2                  : num  0.0746 0.0641 0.0805 0.0833 0.0945 ...
 $ Jockey.HitRate3                  : num  0.0896 0.0769 0.046 0.0926 0.0709 ...
 $ Jockey.HitRate4                  : num  0.1045 0.1282 0.0575 0.0648 0.0866 ...
 $ Jockey.HitRate5                  : num  0.0945 0.0769 0.069 0.0926 0.0787 ...
 $ EOF                              : int  1 1 1 1 1 1 1 1 1 1 ...
NULL
[1] "2022-03-08 19:16:23 --- transform Finish ---"
[1] "2022-03-08 19:16:23 --- na.omit Start ---"
[1] "--------------------------------------------------------------------------------"
[1] "nrow(data) na.omit before=14793"
[1] "nrow(data) na.omit after =14723"
[1] "nrow(data) na.omit diff =70"
[1] "--------------------------------------------------------------------------------"
'data.frame':	14723 obs. of  47 variables:
 $ Race.RaceId                      : Factor w/ 1192 levels "20160702-02-01-05-12",..: 11 12 13 14 15 16 17 18 19 19 ...
 $ Race.IsAnalyzeNormalPastAndFuture: logi  TRUE TRUE TRUE TRUE TRUE TRUE ...
 $ Race.IsAnalyzeNormalPast         : logi  TRUE TRUE TRUE TRUE TRUE TRUE ...
 $ Race.IsAnalyzeNormalFuture       : logi  FALSE FALSE FALSE FALSE FALSE FALSE ...
 $ Race.IsAnalyzeFullPastAndFuture  : logi  TRUE TRUE TRUE TRUE TRUE TRUE ...
 $ Race.IsAnalyzeFullPast           : logi  TRUE TRUE TRUE TRUE TRUE TRUE ...
 $ Race.IsAnalyzeFullFuture         : logi  FALSE FALSE FALSE FALSE FALSE FALSE ...
 $ Race.JyokenCd                    : Factor w/ 1 level "3": 1 1 1 1 1 1 1 1 1 1 ...
 $ Race.JyoType1Cd                  : Factor w/ 154 levels "17-02-2000-2",..: 10 10 9 11 12 13 14 15 16 16 ...
 $ Race.RaceType1Cd                 : Factor w/ 2 levels "1-3-13","1-3-14": 1 1 1 2 1 2 1 2 2 2 ...
 $ RaceHorse.RaceId                 : Factor w/ 1192 levels "20160702-02-01-05-12",..: 11 12 13 14 15 16 17 18 19 19 ...
 $ RaceHorse.KettoNum               : Factor w/ 2999 levels "2008101645","2008103173",..: 1 3 3 7 8 8 8 9 10 11 ...
 $ RaceHorse.IsHit1                 : num  0 0 0 0 0 0 0 0 0 0 ...
 $ RaceHorse.IsHit2                 : num  0 0 0 0 0 0 0 0 0 0 ...
 $ RaceHorse.IsHit3                 : num  0 0 0 1 0 0 0 0 0 0 ...
 $ RaceHorse.IsHit4                 : num  0 0 0 0 0 0 0 0 0 0 ...
 $ RaceHorse.IsHit5                 : num  0 0 0 0 0 0 0 0 0 0 ...
 $ RaceHorse.IsHit6                 : num  1 1 1 0 1 1 1 1 1 1 ...
 $ RaceHorse.IsValidRaceHorse       : logi  TRUE TRUE FALSE TRUE TRUE TRUE ...
 $ RaceHorse.FinishTimeSdvByRace    : num  -1.13713 -1.01959 -1.29272 0.92856 0.00752 ...
 $ RaceHorse.FirstTimeSdvByRace     : num  0.782 -0.147 -0.81 -1.287 -1.824 ...
 $ RaceHorse.LastTimeSdvByRace      : num  -1.205 -1 -1.397 1.333 0.988 ...
 $ RaceHorse.FinishTimeSdv          : num  0.812 1.197 -1.165 0.86 0.83 ...
 $ RaceHorse.FirstTimeSdv           : num  1.442 0.432 -2.267 -0.148 0.289 ...
 $ RaceHorse.LastTimeSdv            : num  -0.469 1.091 1.211 1.216 0.863 ...
 $ RaceHorse.IsHitA                 : num  0 0 0 0 0 0 0 0 0 0 ...
 $ RaceHorse.IsHitB                 : num  0 0 0 0 0 0 0 0 0 0 ...
 $ RaceHorse.IsHitC                 : num  0 0 0 1 0 0 0 0 0 0 ...
 $ Jockey.FinishTimeSdvByRaceAvg    : num  0.1593 0.0807 -0.2039 0.1467 0.1436 ...
 $ Jockey.FirstTimeSdvByRaceAvg     : num  0.2403 -0.0548 0.2468 -0.2279 -0.1227 ...
 $ Jockey.LastTimeSdvByRaceAvg      : num  -0.0459 0.1358 -0.3586 0.2846 0.2706 ...
 $ Jockey.FinishTimeSdvAvg          : num  0.621 0.546 0.534 0.356 0.517 ...
 $ Jockey.FirstTimeSdvAvg           : num  0.3823 0.1662 0.4115 0.0338 0.1128 ...
 $ Jockey.LastTimeSdvAvg            : num  0.478 0.611 0.31 0.463 0.63 ...
 $ Jockey.RealOddsLog1Avg           : num  2.93 3.07 3.35 3.19 3.2 ...
 $ Jockey.RunCount                  : num  201 156 87 108 127 200 148 86 136 112 ...
 $ Jockey.HitCount1                 : num  17 10 3 8 10 28 12 4 21 7 ...
 $ Jockey.HitCount2                 : num  15 10 7 9 12 21 14 5 15 5 ...
 $ Jockey.HitCount3                 : num  18 12 4 10 9 24 10 4 17 9 ...
 $ Jockey.HitCount4                 : num  21 20 5 7 11 19 12 4 15 8 ...
 $ Jockey.HitCount5                 : num  19 12 6 10 10 19 11 10 9 10 ...
 $ Jockey.HitRate1                  : num  0.0846 0.0641 0.0345 0.0741 0.0787 ...
 $ Jockey.HitRate2                  : num  0.0746 0.0641 0.0805 0.0833 0.0945 ...
 $ Jockey.HitRate3                  : num  0.0896 0.0769 0.046 0.0926 0.0709 ...
 $ Jockey.HitRate4                  : num  0.1045 0.1282 0.0575 0.0648 0.0866 ...
 $ Jockey.HitRate5                  : num  0.0945 0.0769 0.069 0.0926 0.0787 ...
 $ EOF                              : int  1 1 1 1 1 1 1 1 1 1 ...
 - attr(*, "na.action")= 'omit' Named int  328 486 789 990 1093 1433 1652 2328 2498 2538 ...
  ..- attr(*, "names")= chr  "328" "486" "789" "990" ...
[1] "2022-03-08 19:16:24 --- na.omit Finish ---"
[1] "2022-03-08 19:16:24 --- rxLogit with rxStepControl Start ---"

> print(paste0(Sys.time(), " --- source_logic_glm.R Start ---"))
[1] "2022-03-08 19:16:24 --- source_logic_glm.R Start ---"

> formula <- formula(RaceHorse.IsHitA ~ +1 + Jockey.FinishTimeSdvByRaceAvg)

> print(paste0(Sys.time(), " --- source_logic_glm.R Finished ---"))
[1] "2022-03-08 19:16:24 --- source_logic_glm.R Finished ---"
Rows Read: 14723, Total Rows Processed: 14723, Total Chunk Time: 0.001 seconds 

Starting values (iteration 1) time: 0.015 secs.
Rows Read: 14723, Total Rows Processed: 14723, Total Chunk Time: 0.002 seconds 

Iteration 2 time: 0.006 secs.
Rows Read: 14723, Total Rows Processed: 14723, Total Chunk Time: 0.002 seconds 

Iteration 3 time: 0.005 secs.
Rows Read: 14723, Total Rows Processed: 14723, Total Chunk Time: Less than .001 seconds 

Iteration 4 time: 0.004 secs.
Rows Read: 14723, Total Rows Processed: 14723, Total Chunk Time: 0.002 seconds 

Iteration 5 time: 0.004 secs.

Elapsed computation time: 0.056 secs.
Rows Read: 14723, Total Rows Processed: 14723, Total Chunk Time: Less than .001 seconds 

Starting values (iteration 1) time: 0.004 secs.
Rows Read: 14723, Total Rows Processed: 14723, Total Chunk Time: 0.002 seconds 

Iteration 2 time: 0.005 secs.

Elapsed computation time: 0.026 secs.
Rows Read: 14723, Total Rows Processed: 14723, Total Chunk Time: Less than .001 seconds 

Starting values (iteration 1) time: 0.006 secs.
Rows Read: 14723, Total Rows Processed: 14723, Total Chunk Time: 0.002 seconds 

Iteration 2 time: 0.006 secs.
Rows Read: 14723, Total Rows Processed: 14723, Total Chunk Time: 0.001 seconds 

Iteration 3 time: 0.005 secs.
Rows Read: 14723, Total Rows Processed: 14723, Total Chunk Time: 0.002 seconds 

Iteration 4 time: 0.005 secs.
Rows Read: 14723, Total Rows Processed: 14723, Total Chunk Time: 0.002 seconds 

Iteration 5 time: 0.009 secs.

Elapsed computation time: 0.059 secs.

Elapsed computation time: 0.160 secs.
[1] "--------------------------------------------------------------------------------"
[1] "analyze.results.glm.step="
Logistic Regression Results for: RaceHorse.IsHitA ~
    Jockey.FinishTimeSdvByRaceAvg
Data: data
Dependent variable(s): RaceHorse.IsHitA
Total independent variables: 2 
Number of valid observations: 14723
Number of missing observations: 0 
 
Coefficients:
                              RaceHorse.IsHitA
(Intercept)                                 -3
Jockey.FinishTimeSdvByRaceAvg                2
[1] "analyze.results.glm.step.summary"
Call:
rxLogit(formula = formula, data = data, variableSelection = analyze.results.glm.step.varsel)

Logistic Regression Results for: RaceHorse.IsHitA ~
    Jockey.FinishTimeSdvByRaceAvg
Data: data
Dependent variable(s): RaceHorse.IsHitA
Total independent variables: 2 
Number of valid observations: 14723
Number of missing observations: 0 
-2*LogLikelihood: 7909.663 (Residual deviance on 14721 degrees of freedom)
 
Coefficients:
                              Estimate Std. Error z value Pr(>|z|)    
(Intercept)                    -2.8635     0.0436   -65.7  2.2e-16 ***
Jockey.FinishTimeSdvByRaceAvg   2.2393     0.1231    18.2  2.2e-16 ***
---
Signif. codes:  0 '***' 0.001 '**' 0.01 '*' 0.05 '.' 0.1 ' ' 1

Condition number of final variance-covariance matrix: 1 
Number of iterations: 5
[1] "--------------------------------------------------------------------------------"
[1] "2022-03-08 19:16:24 --- rxLogit with rxStepControl Finish ---"
[1] "2022-03-08 19:16:24 --- rxStepPlot Start ---"
[1] "pdfFilename=pdf_analyze_glm_Jockey_Type13_rxStepPlot.pdf"
[1] "rxStepPlot="
[1] "2022-03-08 19:16:24 --- rxStepPlot Finish ---"
[1] "2022-03-08 19:16:24 --- save.image Start ---"
[1] "save.image"
[1] "rdataFilename=RData_analyze_glm_Jockey_Type13.RData"
[1] "2022-03-08 19:16:24 --- save.image Finish ---"
[1] "2022-03-08 19:16:24 --- final Start ---"
[1] "--------------------------------------------------------------------------------"
[1] "nrow(data) final=14723"
[1] "--------------------------------------------------------------------------------"
[1] "2022-03-08 19:16:24 --- final Finish ---"
[1] "2022-03-08 19:16:24 --- analyze_glm.R Finished ---"
[1] "2022-03-08 19:16:24 --- log Finish ---"
