[1] "2022-02-26 17:57:02 --- D1115_analyze_glm_Gen01_IsHitA_Type26 Start ---"
[1] "2022-02-26 17:57:02 --- Log Start ---"
[1] "2022-02-26 17:57:02 --- analyze_glm.R Start ---"
[1] "analyzeVersion=D1115"
[1] "analyzeCategory=analyze"
[1] "analyzeType=Gen01"
[1] "analyzeFamily=IsHitA"
[1] "analyzeFunc=glm"
[1] "analyzeTrackTypeCd=2"
[1] "analyzeJyokenCd=6"
[1] "2022-02-26 17:57:02 --- source_function.R Start ---"
[1] "2022-02-26 17:57:02 --- source_function.R Finished ---"

> print(paste0(Sys.time(), " --- source_library.R Start ---"))
[1] "2022-02-26 17:57:03 --- source_library.R Start ---"

> require("RevoScaleR")

> print(paste0(Sys.time(), " --- source_library.R Finished ---"))
[1] "2022-02-26 17:57:04 --- source_library.R Finished ---"
[1] "2022-02-26 17:57:04 --- RxSqlServerData Start ---"
[1] "2022-02-26 17:57:04 --- RxInSqlServer Start ---"
[1] "2022-02-26 17:57:04 --- RxInSqlServer Finish ---"
[1] "2022-02-26 17:57:04 --- rxSetComputeContext Start ---"
[1] "2022-02-26 17:57:04 --- rxSetComputeContext Finish ---"
[1] "2022-02-26 17:57:04 --- RxSqlServerData Start ---"
[1] "sqlQuery=SELECT * FROM ViewAnalyzeD1115analyze01Gen01Type26"
[1] "2022-02-26 17:57:04 --- RxSqlServerData Finish ---"
[1] "2022-02-26 17:57:04 --- rxGetVarInfo Start ---"
[1] "2022-02-26 17:57:06 --- rxGetVarInfo Finish---"
[1] "2022-02-26 17:57:06 --- rxImport Start ---"
Rows Read: 6431, Total Rows Processed: 6431, Total Chunk Time: 84.570 seconds 
[1] "2022-02-26 18:00:43 --- rxImport Finish ---"
[1] "object.size(data) auto=2.3 Mb"
[1] "--------------------------------------------------------------------------------"
[1] "nrow(data) RxSqlServerData=6431"
[1] "--------------------------------------------------------------------------------"
[1] "str(data)="
'data.frame':	6431 obs. of  44 variables:
 $ Race.RaceId                      : Factor w/ 467 levels "20160109-06-01-02-03",..: 1 2 2 2 2 3 3 3 4 5 ...
 $ Race.IsAnalyzeNormalPastAndFuture: logi  TRUE TRUE TRUE TRUE TRUE TRUE ...
 $ Race.IsAnalyzeNormalPast         : logi  TRUE TRUE TRUE TRUE TRUE TRUE ...
 $ Race.IsAnalyzeNormalFuture       : logi  FALSE FALSE FALSE FALSE FALSE FALSE ...
 $ Race.IsAnalyzeFullPastAndFuture  : logi  TRUE TRUE TRUE TRUE TRUE TRUE ...
 $ Race.IsAnalyzeFullPast           : logi  TRUE TRUE TRUE TRUE TRUE TRUE ...
 $ Race.IsAnalyzeFullFuture         : logi  FALSE FALSE FALSE FALSE FALSE FALSE ...
 $ Race.JyokenCd                    : Factor w/ 1 level "6": 1 1 1 1 1 1 1 1 1 1 ...
 $ Race.JyoType1Cd                  : Factor w/ 68 levels "2-06-1200-6-1",..: 1 2 2 2 2 3 3 3 1 4 ...
 $ Race.RaceType1Cd                 : Factor w/ 2 levels "2-6-X-1","2-6-X-2": 1 2 2 2 2 1 1 1 1 2 ...
 $ RaceHorse.RaceId                 : Factor w/ 467 levels "20160109-06-01-02-03",..: 1 2 2 2 2 3 3 3 4 5 ...
 $ RaceHorse.KettoNum               : Factor w/ 6416 levels "2013102894","2013105260",..: 2 3 4 5 6 7 8 9 11 12 ...
 $ RaceHorse.IsHit1                 : num  1 0 0 0 0 0 0 0 0 0 ...
 $ RaceHorse.IsHit2                 : num  0 0 1 0 0 0 0 0 0 1 ...
 $ RaceHorse.IsHit3                 : num  0 0 0 0 0 0 0 1 0 0 ...
 $ RaceHorse.IsHit4                 : num  0 0 0 0 0 0 0 0 0 0 ...
 $ RaceHorse.IsHit5                 : num  0 0 0 0 0 0 0 0 0 0 ...
 $ RaceHorse.IsHit6                 : num  0 1 0 1 1 1 1 0 1 0 ...
 $ RaceHorse.IsValidRaceHorse       : logi  TRUE TRUE TRUE TRUE TRUE TRUE ...
 $ RaceHorse.TimeSdvByRace          : num  1.454 -0.284 1.07 0.831 0.513 ...
 $ RaceHorse.TimeSdv                : num  1.003 0.182 0.969 0.83 0.645 ...
 $ RaceHorse.IsHitA                 : num  1 0 0 0 0 0 0 0 0 0 ...
 $ RaceHorse.IsHitB                 : num  1 0 1 0 0 0 0 0 0 1 ...
 $ RaceHorse.IsHitC                 : num  1 0 1 0 0 0 0 1 0 1 ...
 $ Gen01.HansyokuNum                : Factor w/ 292 levels "11201953","11201954",..: 2 3 3 2 4 3 3 2 2 3 ...
 $ Gen01.TimeSdvByRaceAvg           : num  0.331 0.131 0.131 0.408 0.287 ...
 $ Gen01.TimeSdvByRaceMin           : num  -2.68 -2.42 -2.42 -2.89 -2.35 ...
 $ Gen01.TimeSdvByRaceMax           : num  2.06 1.45 1.45 2.1 2.24 ...
 $ Gen01.TimeSdvAvg                 : num  0.438 0.189 0.189 0.373 0.147 ...
 $ Gen01.TimeSdvMin                 : num  -2.81 -2.53 -2.53 -3.47 -2.46 ...
 $ Gen01.TimeSdvMax                 : num  2.89 1.49 1.49 1.87 1.61 ...
 $ Gen01.OrderOfFinishSdvAvg        : num  0.325 0.245 0.245 0.435 0.339 ...
 $ Gen01.RunCount                   : num  96 36 36 69 22 43 43 97 98 38 ...
 $ Gen01.HitCount1                  : num  12 3 3 10 2 4 4 13 13 3 ...
 $ Gen01.HitCount2                  : num  8 4 4 8 2 1 1 8 8 5 ...
 $ Gen01.HitCount3                  : num  10 6 6 8 1 3 3 10 11 6 ...
 $ Gen01.HitCount4                  : num  6 0 0 7 4 2 2 6 6 0 ...
 $ Gen01.HitCount5                  : num  8 4 4 7 3 7 7 8 8 4 ...
 $ Gen01.HitRate1                   : num  0.125 0.0833 0.0833 0.1449 0.0909 ...
 $ Gen01.HitRate2                   : num  0.0833 0.1111 0.1111 0.1159 0.0909 ...
 $ Gen01.HitRate3                   : num  0.1042 0.1667 0.1667 0.1159 0.0455 ...
 $ Gen01.HitRate4                   : num  0.0625 0 0 0.1014 0.1818 ...
 $ Gen01.HitRate5                   : num  0.0833 0.1111 0.1111 0.1014 0.1364 ...
 $ EOF                              : int  1 1 1 1 1 1 1 1 1 1 ...
[1] "2022-02-26 18:01:08 --- RxSqlServerData Finish ---"
[1] "2022-02-26 18:01:09 --- subset Start ---"
[1] "--------------------------------------------------------------------------------"
[1] "nrow(data) subset before=6431"
[1] "nrow(data) subset after =6431"
[1] "nrow(data) subset diff =0"
[1] "--------------------------------------------------------------------------------"
[1] "2022-02-26 18:01:10 --- subset Finish---"
[1] "2022-02-26 18:01:10 --- transform Start ---"
[1] "--------------------------------------------------------------------------------"
[1] "nrow(data) transform before=6431"
[1] "nrow(data) transform after=6431"
[1] "nrow(data) transform diff=0"
[1] "--------------------------------------------------------------------------------"
[1] "str(data)="
'data.frame':	6431 obs. of  44 variables:
 $ Race.RaceId                      : Factor w/ 467 levels "20160109-06-01-02-03",..: 1 2 2 2 2 3 3 3 4 5 ...
 $ Race.IsAnalyzeNormalPastAndFuture: logi  TRUE TRUE TRUE TRUE TRUE TRUE ...
 $ Race.IsAnalyzeNormalPast         : logi  TRUE TRUE TRUE TRUE TRUE TRUE ...
 $ Race.IsAnalyzeNormalFuture       : logi  FALSE FALSE FALSE FALSE FALSE FALSE ...
 $ Race.IsAnalyzeFullPastAndFuture  : logi  TRUE TRUE TRUE TRUE TRUE TRUE ...
 $ Race.IsAnalyzeFullPast           : logi  TRUE TRUE TRUE TRUE TRUE TRUE ...
 $ Race.IsAnalyzeFullFuture         : logi  FALSE FALSE FALSE FALSE FALSE FALSE ...
 $ Race.JyokenCd                    : Factor w/ 1 level "6": 1 1 1 1 1 1 1 1 1 1 ...
 $ Race.JyoType1Cd                  : Factor w/ 68 levels "2-06-1200-6-1",..: 1 2 2 2 2 3 3 3 1 4 ...
 $ Race.RaceType1Cd                 : Factor w/ 2 levels "2-6-X-1","2-6-X-2": 1 2 2 2 2 1 1 1 1 2 ...
 $ RaceHorse.RaceId                 : Factor w/ 467 levels "20160109-06-01-02-03",..: 1 2 2 2 2 3 3 3 4 5 ...
 $ RaceHorse.KettoNum               : Factor w/ 6416 levels "2013102894","2013105260",..: 2 3 4 5 6 7 8 9 11 12 ...
 $ RaceHorse.IsHit1                 : num  1 0 0 0 0 0 0 0 0 0 ...
 $ RaceHorse.IsHit2                 : num  0 0 1 0 0 0 0 0 0 1 ...
 $ RaceHorse.IsHit3                 : num  0 0 0 0 0 0 0 1 0 0 ...
 $ RaceHorse.IsHit4                 : num  0 0 0 0 0 0 0 0 0 0 ...
 $ RaceHorse.IsHit5                 : num  0 0 0 0 0 0 0 0 0 0 ...
 $ RaceHorse.IsHit6                 : num  0 1 0 1 1 1 1 0 1 0 ...
 $ RaceHorse.IsValidRaceHorse       : logi  TRUE TRUE TRUE TRUE TRUE TRUE ...
 $ RaceHorse.TimeSdvByRace          : num  1.454 -0.284 1.07 0.831 0.513 ...
 $ RaceHorse.TimeSdv                : num  1.003 0.182 0.969 0.83 0.645 ...
 $ RaceHorse.IsHitA                 : num  1 0 0 0 0 0 0 0 0 0 ...
 $ RaceHorse.IsHitB                 : num  1 0 1 0 0 0 0 0 0 1 ...
 $ RaceHorse.IsHitC                 : num  1 0 1 0 0 0 0 1 0 1 ...
 $ Gen01.HansyokuNum                : Factor w/ 292 levels "11201953","11201954",..: 2 3 3 2 4 3 3 2 2 3 ...
 $ Gen01.TimeSdvByRaceAvg           : num  0.331 0.131 0.131 0.408 0.287 ...
 $ Gen01.TimeSdvByRaceMin           : num  -2.68 -2.42 -2.42 -2.89 -2.35 ...
 $ Gen01.TimeSdvByRaceMax           : num  2.06 1.45 1.45 2.1 2.24 ...
 $ Gen01.TimeSdvAvg                 : num  0.438 0.189 0.189 0.373 0.147 ...
 $ Gen01.TimeSdvMin                 : num  -2.81 -2.53 -2.53 -3.47 -2.46 ...
 $ Gen01.TimeSdvMax                 : num  2.89 1.49 1.49 1.87 1.61 ...
 $ Gen01.OrderOfFinishSdvAvg        : num  0.325 0.245 0.245 0.435 0.339 ...
 $ Gen01.RunCount                   : num  96 36 36 69 22 43 43 97 98 38 ...
 $ Gen01.HitCount1                  : num  12 3 3 10 2 4 4 13 13 3 ...
 $ Gen01.HitCount2                  : num  8 4 4 8 2 1 1 8 8 5 ...
 $ Gen01.HitCount3                  : num  10 6 6 8 1 3 3 10 11 6 ...
 $ Gen01.HitCount4                  : num  6 0 0 7 4 2 2 6 6 0 ...
 $ Gen01.HitCount5                  : num  8 4 4 7 3 7 7 8 8 4 ...
 $ Gen01.HitRate1                   : num  0.125 0.0833 0.0833 0.1449 0.0909 ...
 $ Gen01.HitRate2                   : num  0.0833 0.1111 0.1111 0.1159 0.0909 ...
 $ Gen01.HitRate3                   : num  0.1042 0.1667 0.1667 0.1159 0.0455 ...
 $ Gen01.HitRate4                   : num  0.0625 0 0 0.1014 0.1818 ...
 $ Gen01.HitRate5                   : num  0.0833 0.1111 0.1111 0.1014 0.1364 ...
 $ EOF                              : int  1 1 1 1 1 1 1 1 1 1 ...
NULL
[1] "2022-02-26 18:01:23 --- transform Finish ---"
[1] "2022-02-26 18:01:23 --- na.omit Start ---"
[1] "--------------------------------------------------------------------------------"
[1] "nrow(data) na.omit before=6431"
[1] "nrow(data) na.omit after =6370"
[1] "nrow(data) na.omit diff =61"
[1] "--------------------------------------------------------------------------------"
'data.frame':	6370 obs. of  44 variables:
 $ Race.RaceId                      : Factor w/ 467 levels "20160109-06-01-02-03",..: 1 2 2 2 2 3 3 3 4 5 ...
 $ Race.IsAnalyzeNormalPastAndFuture: logi  TRUE TRUE TRUE TRUE TRUE TRUE ...
 $ Race.IsAnalyzeNormalPast         : logi  TRUE TRUE TRUE TRUE TRUE TRUE ...
 $ Race.IsAnalyzeNormalFuture       : logi  FALSE FALSE FALSE FALSE FALSE FALSE ...
 $ Race.IsAnalyzeFullPastAndFuture  : logi  TRUE TRUE TRUE TRUE TRUE TRUE ...
 $ Race.IsAnalyzeFullPast           : logi  TRUE TRUE TRUE TRUE TRUE TRUE ...
 $ Race.IsAnalyzeFullFuture         : logi  FALSE FALSE FALSE FALSE FALSE FALSE ...
 $ Race.JyokenCd                    : Factor w/ 1 level "6": 1 1 1 1 1 1 1 1 1 1 ...
 $ Race.JyoType1Cd                  : Factor w/ 68 levels "2-06-1200-6-1",..: 1 2 2 2 2 3 3 3 1 4 ...
 $ Race.RaceType1Cd                 : Factor w/ 2 levels "2-6-X-1","2-6-X-2": 1 2 2 2 2 1 1 1 1 2 ...
 $ RaceHorse.RaceId                 : Factor w/ 467 levels "20160109-06-01-02-03",..: 1 2 2 2 2 3 3 3 4 5 ...
 $ RaceHorse.KettoNum               : Factor w/ 6416 levels "2013102894","2013105260",..: 2 3 4 5 6 7 8 9 11 12 ...
 $ RaceHorse.IsHit1                 : num  1 0 0 0 0 0 0 0 0 0 ...
 $ RaceHorse.IsHit2                 : num  0 0 1 0 0 0 0 0 0 1 ...
 $ RaceHorse.IsHit3                 : num  0 0 0 0 0 0 0 1 0 0 ...
 $ RaceHorse.IsHit4                 : num  0 0 0 0 0 0 0 0 0 0 ...
 $ RaceHorse.IsHit5                 : num  0 0 0 0 0 0 0 0 0 0 ...
 $ RaceHorse.IsHit6                 : num  0 1 0 1 1 1 1 0 1 0 ...
 $ RaceHorse.IsValidRaceHorse       : logi  TRUE TRUE TRUE TRUE TRUE TRUE ...
 $ RaceHorse.TimeSdvByRace          : num  1.454 -0.284 1.07 0.831 0.513 ...
 $ RaceHorse.TimeSdv                : num  1.003 0.182 0.969 0.83 0.645 ...
 $ RaceHorse.IsHitA                 : num  1 0 0 0 0 0 0 0 0 0 ...
 $ RaceHorse.IsHitB                 : num  1 0 1 0 0 0 0 0 0 1 ...
 $ RaceHorse.IsHitC                 : num  1 0 1 0 0 0 0 1 0 1 ...
 $ Gen01.HansyokuNum                : Factor w/ 292 levels "11201953","11201954",..: 2 3 3 2 4 3 3 2 2 3 ...
 $ Gen01.TimeSdvByRaceAvg           : num  0.331 0.131 0.131 0.408 0.287 ...
 $ Gen01.TimeSdvByRaceMin           : num  -2.68 -2.42 -2.42 -2.89 -2.35 ...
 $ Gen01.TimeSdvByRaceMax           : num  2.06 1.45 1.45 2.1 2.24 ...
 $ Gen01.TimeSdvAvg                 : num  0.438 0.189 0.189 0.373 0.147 ...
 $ Gen01.TimeSdvMin                 : num  -2.81 -2.53 -2.53 -3.47 -2.46 ...
 $ Gen01.TimeSdvMax                 : num  2.89 1.49 1.49 1.87 1.61 ...
 $ Gen01.OrderOfFinishSdvAvg        : num  0.325 0.245 0.245 0.435 0.339 ...
 $ Gen01.RunCount                   : num  96 36 36 69 22 43 43 97 98 38 ...
 $ Gen01.HitCount1                  : num  12 3 3 10 2 4 4 13 13 3 ...
 $ Gen01.HitCount2                  : num  8 4 4 8 2 1 1 8 8 5 ...
 $ Gen01.HitCount3                  : num  10 6 6 8 1 3 3 10 11 6 ...
 $ Gen01.HitCount4                  : num  6 0 0 7 4 2 2 6 6 0 ...
 $ Gen01.HitCount5                  : num  8 4 4 7 3 7 7 8 8 4 ...
 $ Gen01.HitRate1                   : num  0.125 0.0833 0.0833 0.1449 0.0909 ...
 $ Gen01.HitRate2                   : num  0.0833 0.1111 0.1111 0.1159 0.0909 ...
 $ Gen01.HitRate3                   : num  0.1042 0.1667 0.1667 0.1159 0.0455 ...
 $ Gen01.HitRate4                   : num  0.0625 0 0 0.1014 0.1818 ...
 $ Gen01.HitRate5                   : num  0.0833 0.1111 0.1111 0.1014 0.1364 ...
 $ EOF                              : int  1 1 1 1 1 1 1 1 1 1 ...
 - attr(*, "na.action")= 'omit' Named int  209 235 315 424 451 590 699 1502 1504 1588 ...
  ..- attr(*, "names")= chr  "209" "235" "315" "424" ...
[1] "2022-02-26 18:01:35 --- na.omit Finish ---"
[1] "2022-02-26 18:01:36 --- rxGlm with rxStepControl Start ---"

> print(paste0(Sys.time(), " --- source_logic_glm.R Start ---"))
[1] "2022-02-26 18:01:36 --- source_logic_glm.R Start ---"

> formula <- formula(RaceHorse.IsHitA ~ +1 + Gen01.TimeSdvByRaceAvg)

> print(paste0(Sys.time(), " --- source_logic_glm.R Finished ---"))
[1] "2022-02-26 18:01:36 --- source_logic_glm.R Finished ---"
Rows Read: 6370, Total Rows Processed: 6370, Total Chunk Time: Less than .001 seconds 

Starting values (iteration 1) time: 0.011 secs.
Rows Read: 6370, Total Rows Processed: 6370, Total Chunk Time: 0.002 seconds 

Iteration 2 time: 0.008 secs.
Rows Read: 6370, Total Rows Processed: 6370, Total Chunk Time: 0.002 seconds 

Iteration 3 time: 0.006 secs.
Rows Read: 6370, Total Rows Processed: 6370, Total Chunk Time: 0.001 seconds 

Iteration 4 time: 0.005 secs.
Rows Read: 6370, Total Rows Processed: 6370, Total Chunk Time: Less than .001 seconds 

Iteration 5 time: 0.005 secs.

Elapsed computation time: 0.073 secs.
Rows Read: 6370, Total Rows Processed: 6370, Total Chunk Time: Less than .001 seconds 

Starting values (iteration 1) time: 0.008 secs.
Rows Read: 6370, Total Rows Processed: 6370, Total Chunk Time: Less than .001 seconds 

Iteration 2 time: 0.007 secs.

Elapsed computation time: 0.031 secs.
Rows Read: 6370, Total Rows Processed: 6370, Total Chunk Time: 0.001 seconds 

Starting values (iteration 1) time: 0.007 secs.
Rows Read: 6370, Total Rows Processed: 6370, Total Chunk Time: 0.001 seconds 

Iteration 2 time: 0.008 secs.
Rows Read: 6370, Total Rows Processed: 6370, Total Chunk Time: 0.001 seconds 

Iteration 3 time: 0.004 secs.
Rows Read: 6370, Total Rows Processed: 6370, Total Chunk Time: Less than .001 seconds 

Iteration 4 time: 0.008 secs.
Rows Read: 6370, Total Rows Processed: 6370, Total Chunk Time: 0.001 seconds 

Iteration 5 time: 0.006 secs.

Elapsed computation time: 0.066 secs.

Elapsed computation time: 0.190 secs.
[1] "--------------------------------------------------------------------------------"
[1] "analyze.results.glm.step="
Logistic Regression Results for: RaceHorse.IsHitA ~
    Gen01.TimeSdvByRaceAvg
Data: data
Dependent variable(s): RaceHorse.IsHitA
Total independent variables: 2 
Number of valid observations: 6370
Number of missing observations: 0 
 
Coefficients:
                       RaceHorse.IsHitA
(Intercept)                          -3
Gen01.TimeSdvByRaceAvg                1
[1] "analyze.results.glm.step.summary"
Call:
rxLogit(formula = formula, data = data, variableSelection = analyze.results.glm.step.varsel)

Logistic Regression Results for: RaceHorse.IsHitA ~
    Gen01.TimeSdvByRaceAvg
Data: data
Dependent variable(s): RaceHorse.IsHitA
Total independent variables: 2 
Number of valid observations: 6370
Number of missing observations: 0 
-2*LogLikelihood: 3061.348 (Residual deviance on 6368 degrees of freedom)
 
Coefficients:
                       Estimate Std. Error z value Pr(>|z|)    
(Intercept)             -2.7512     0.0553  -49.77  2.2e-16 ***
Gen01.TimeSdvByRaceAvg   1.0831     0.1240    8.74  2.2e-16 ***
---
Signif. codes:  0 '***' 0.001 '**' 0.01 '*' 0.05 '.' 0.1 ' ' 1

Condition number of final variance-covariance matrix: 1 
Number of iterations: 5
[1] "--------------------------------------------------------------------------------"
[1] "2022-02-26 18:01:37 --- rxGlm with rxStepControl Finish ---"
[1] "2022-02-26 18:01:37 --- rxStepPlot Start ---"
[1] "pdfFilename=pdf_analyze_glm_Gen01_Type26_rxStepPlot.pdf"
[1] "rxStepPlot="
[1] "2022-02-26 18:01:38 --- rxStepPlot Finish ---"
[1] "2022-02-26 18:01:38 --- save.image Start ---"
[1] "save.image"
[1] "rdataFilename=RData_analyze_glm_Gen01_Type26.RData"
[1] "2022-02-26 18:01:38 --- save.image Finish ---"
[1] "2022-02-26 18:01:39 --- final Start ---"
[1] "--------------------------------------------------------------------------------"
[1] "nrow(data) final=6370"
[1] "--------------------------------------------------------------------------------"
[1] "2022-02-26 18:01:39 --- final Finish ---"
[1] "2022-02-26 18:01:39 --- analyze_glm.R Finished ---"
[1] "2022-02-26 18:01:39 --- log Finish ---"
