[1] "2022-02-21 22:09:20 --- D1115_analyze_glm_Gen02_IsHitA_Type11 Start ---"
[1] "2022-02-21 22:09:20 --- Log Start ---"
[1] "2022-02-21 22:09:20 --- analyze_glm.R Start ---"
[1] "analyzeVersion=D1115"
[1] "analyzeCategory=analyze"
[1] "analyzeType=Gen02"
[1] "analyzeFamily=IsHitA"
[1] "analyzeFunc=glm"
[1] "analyzeTrackTypeCd=1"
[1] "analyzeJyokenCd=1"
[1] "2022-02-21 22:09:20 --- source_function.R Start ---"
[1] "2022-02-21 22:09:20 --- source_function.R Finished ---"

> print(paste0(Sys.time(), " --- source_library.R Start ---"))
[1] "2022-02-21 22:09:20 --- source_library.R Start ---"

> require("RevoScaleR")

> print(paste0(Sys.time(), " --- source_library.R Finished ---"))
[1] "2022-02-21 22:09:26 --- source_library.R Finished ---"
[1] "2022-02-21 22:09:26 --- RxSqlServerData Start ---"
[1] "2022-02-21 22:09:26 --- RxInSqlServer Start ---"
[1] "2022-02-21 22:09:26 --- RxInSqlServer Finish ---"
[1] "2022-02-21 22:09:26 --- rxSetComputeContext Start ---"
[1] "2022-02-21 22:09:26 --- rxSetComputeContext Finish ---"
[1] "2022-02-21 22:09:26 --- RxSqlServerData Start ---"
[1] "sqlQuery=SELECT * FROM ViewAnalyzeD1115analyze01Gen02Type11"
[1] "2022-02-21 22:09:26 --- RxSqlServerData Finish ---"
[1] "2022-02-21 22:09:26 --- rxGetVarInfo Start ---"
[1] "2022-02-21 22:09:26 --- rxGetVarInfo Finish---"
[1] "2022-02-21 22:09:26 --- rxImport Start ---"
Rows Read: 8667, Total Rows Processed: 8667, Total Chunk Time: 64.333 seconds 
[1] "2022-02-21 22:11:23 --- rxImport Finish ---"
[1] "object.size(data) auto=2 Mb"
[1] "--------------------------------------------------------------------------------"
[1] "nrow(data) RxSqlServerData=8667"
[1] "--------------------------------------------------------------------------------"
[1] "str(data)="
'data.frame':	8667 obs. of  39 variables:
 $ Race.RaceId                      : Factor w/ 905 levels "20160105-06-01-01-10",..: 1 2 3 5 6 7 8 8 9 10 ...
 $ Race.IsPredictedRace             : logi  TRUE TRUE TRUE TRUE TRUE TRUE ...
 $ Race.IsAnalyzeNormalPastAndFuture: logi  TRUE TRUE TRUE TRUE TRUE TRUE ...
 $ Race.IsAnalyzeNormalPast         : logi  TRUE TRUE TRUE TRUE TRUE TRUE ...
 $ Race.IsAnalyzeNormalFuture       : logi  FALSE FALSE FALSE FALSE FALSE FALSE ...
 $ Race.IsAnalyzeFullPastAndFuture  : logi  TRUE TRUE TRUE TRUE TRUE TRUE ...
 $ Race.IsAnalyzeFullPast           : logi  TRUE TRUE TRUE TRUE TRUE TRUE ...
 $ Race.IsAnalyzeFullFuture         : logi  FALSE FALSE FALSE FALSE FALSE FALSE ...
 $ Race.JyokenCd                    : Factor w/ 1 level "1": 1 1 1 1 1 1 1 1 1 1 ...
 $ Race.RaceType1Cd                 : Factor w/ 6 levels "1-1-E","1-1-C",..: 1 2 1 1 1 2 2 2 1 2 ...
 $ RaceHorse.RaceId                 : Factor w/ 905 levels "20160105-06-01-01-10",..: 1 2 3 5 6 7 8 8 9 10 ...
 $ RaceHorse.KettoNum               : Factor w/ 1801 levels "2013100637","2009104977",..: 11 12 13 14 15 16 17 18 19 20 ...
 $ RaceHorse.IsHit1                 : int  0 0 0 0 0 0 1 0 0 0 ...
 $ RaceHorse.IsHit2                 : int  0 0 0 0 0 1 0 0 0 0 ...
 $ RaceHorse.IsHit3                 : int  0 0 0 0 1 0 0 0 0 0 ...
 $ RaceHorse.IsHit4                 : int  0 0 0 0 0 0 0 0 0 0 ...
 $ RaceHorse.IsHit5                 : int  0 0 0 0 0 0 0 0 0 0 ...
 $ RaceHorse.IsHit6                 : int  1 1 1 1 0 0 0 1 1 1 ...
 $ RaceHorse.IsValidRaceHorse       : logi  TRUE TRUE TRUE TRUE TRUE TRUE ...
 $ RaceHorse.IsHitA                 : int  0 0 0 0 0 0 1 0 0 0 ...
 $ RaceHorse.IsHitB                 : int  0 0 0 0 0 1 1 0 0 0 ...
 $ RaceHorse.IsHitC                 : int  0 0 0 0 1 1 1 0 0 0 ...
 $ Gen02.HansyokuNum                : Factor w/ 1375 levels "12256185","12241352",..: 11 12 13 14 15 16 17 18 19 20 ...
 $ Gen02.TimeSdvByRaceAvg           : num  -2.4554 0.5005 -0.0859 0.4766 0.1789 ...
 $ Gen02.TimeSdvByRaceMin           : num  -2.455 0.501 -0.59 0.477 -0.604 ...
 $ Gen02.TimeSdvByRaceMax           : num  -2.455 0.501 0.418 0.477 0.962 ...
 $ Gen02.OrderOfFinishSdvAvg        : num  -0.615 -0.1802 -0.2672 0.0806 -0.1513 ...
 $ Gen02.RunCount                   : int  1 1 2 1 2 3 1 1 1 1 ...
 $ Gen02.HitCount1                  : int  0 0 0 0 0 1 0 0 0 0 ...
 $ Gen02.HitCount2                  : int  0 0 0 0 0 0 0 0 0 0 ...
 $ Gen02.HitCount3                  : int  0 0 0 0 1 0 0 1 0 0 ...
 $ Gen02.HitCount4                  : int  0 0 0 0 0 0 0 0 0 0 ...
 $ Gen02.HitCount5                  : int  0 0 1 0 0 0 0 0 0 0 ...
 $ Gen02.HitRate1                   : num  0 0 0 0 0 ...
 $ Gen02.HitRate2                   : num  0 0 0 0 0 0 0 0 0 0 ...
 $ Gen02.HitRate3                   : num  0 0 0 0 0.5 0 0 1 0 0 ...
 $ Gen02.HitRate4                   : num  0 0 0 0 0 0 0 0 0 0 ...
 $ Gen02.HitRate5                   : num  0 0 0.5 0 0 0 0 0 0 0 ...
 $ EOF                              : int  1 1 1 1 1 1 1 1 1 1 ...
[1] "2022-02-21 22:11:24 --- RxSqlServerData Finish ---"
[1] "2022-02-21 22:11:24 --- subset Start ---"
[1] "--------------------------------------------------------------------------------"
[1] "nrow(data) subset before=8667"
[1] "nrow(data) subset after =8667"
[1] "nrow(data) subset diff =0"
[1] "--------------------------------------------------------------------------------"
[1] "2022-02-21 22:11:24 --- subset Finish---"
[1] "2022-02-21 22:11:24 --- transform Start ---"
[1] "--------------------------------------------------------------------------------"
[1] "nrow(data) transform before=8667"
[1] "nrow(data) transform after=8667"
[1] "nrow(data) transform diff=0"
[1] "--------------------------------------------------------------------------------"
[1] "str(data)="
'data.frame':	8667 obs. of  39 variables:
 $ Race.RaceId                      : Factor w/ 905 levels "20160105-06-01-01-10",..: 1 2 3 5 6 7 8 8 9 10 ...
 $ Race.IsPredictedRace             : logi  TRUE TRUE TRUE TRUE TRUE TRUE ...
 $ Race.IsAnalyzeNormalPastAndFuture: logi  TRUE TRUE TRUE TRUE TRUE TRUE ...
 $ Race.IsAnalyzeNormalPast         : logi  TRUE TRUE TRUE TRUE TRUE TRUE ...
 $ Race.IsAnalyzeNormalFuture       : logi  FALSE FALSE FALSE FALSE FALSE FALSE ...
 $ Race.IsAnalyzeFullPastAndFuture  : logi  TRUE TRUE TRUE TRUE TRUE TRUE ...
 $ Race.IsAnalyzeFullPast           : logi  TRUE TRUE TRUE TRUE TRUE TRUE ...
 $ Race.IsAnalyzeFullFuture         : logi  FALSE FALSE FALSE FALSE FALSE FALSE ...
 $ Race.JyokenCd                    : Factor w/ 1 level "1": 1 1 1 1 1 1 1 1 1 1 ...
 $ Race.RaceType1Cd                 : Factor w/ 6 levels "1-1-E","1-1-C",..: 1 2 1 1 1 2 2 2 1 2 ...
 $ RaceHorse.RaceId                 : Factor w/ 905 levels "20160105-06-01-01-10",..: 1 2 3 5 6 7 8 8 9 10 ...
 $ RaceHorse.KettoNum               : Factor w/ 1801 levels "2013100637","2009104977",..: 11 12 13 14 15 16 17 18 19 20 ...
 $ RaceHorse.IsHit1                 : int  0 0 0 0 0 0 1 0 0 0 ...
 $ RaceHorse.IsHit2                 : int  0 0 0 0 0 1 0 0 0 0 ...
 $ RaceHorse.IsHit3                 : int  0 0 0 0 1 0 0 0 0 0 ...
 $ RaceHorse.IsHit4                 : int  0 0 0 0 0 0 0 0 0 0 ...
 $ RaceHorse.IsHit5                 : int  0 0 0 0 0 0 0 0 0 0 ...
 $ RaceHorse.IsHit6                 : int  1 1 1 1 0 0 0 1 1 1 ...
 $ RaceHorse.IsValidRaceHorse       : logi  TRUE TRUE TRUE TRUE TRUE TRUE ...
 $ RaceHorse.IsHitA                 : int  0 0 0 0 0 0 1 0 0 0 ...
 $ RaceHorse.IsHitB                 : int  0 0 0 0 0 1 1 0 0 0 ...
 $ RaceHorse.IsHitC                 : int  0 0 0 0 1 1 1 0 0 0 ...
 $ Gen02.HansyokuNum                : Factor w/ 1375 levels "12256185","12241352",..: 11 12 13 14 15 16 17 18 19 20 ...
 $ Gen02.TimeSdvByRaceAvg           : num  -2.4554 0.5005 -0.0859 0.4766 0.1789 ...
 $ Gen02.TimeSdvByRaceMin           : num  -2.455 0.501 -0.59 0.477 -0.604 ...
 $ Gen02.TimeSdvByRaceMax           : num  -2.455 0.501 0.418 0.477 0.962 ...
 $ Gen02.OrderOfFinishSdvAvg        : num  -0.615 -0.1802 -0.2672 0.0806 -0.1513 ...
 $ Gen02.RunCount                   : int  1 1 2 1 2 3 1 1 1 1 ...
 $ Gen02.HitCount1                  : int  0 0 0 0 0 1 0 0 0 0 ...
 $ Gen02.HitCount2                  : int  0 0 0 0 0 0 0 0 0 0 ...
 $ Gen02.HitCount3                  : int  0 0 0 0 1 0 0 1 0 0 ...
 $ Gen02.HitCount4                  : int  0 0 0 0 0 0 0 0 0 0 ...
 $ Gen02.HitCount5                  : int  0 0 1 0 0 0 0 0 0 0 ...
 $ Gen02.HitRate1                   : num  0 0 0 0 0 ...
 $ Gen02.HitRate2                   : num  0 0 0 0 0 0 0 0 0 0 ...
 $ Gen02.HitRate3                   : num  0 0 0 0 0.5 0 0 1 0 0 ...
 $ Gen02.HitRate4                   : num  0 0 0 0 0 0 0 0 0 0 ...
 $ Gen02.HitRate5                   : num  0 0 0.5 0 0 0 0 0 0 0 ...
 $ EOF                              : int  1 1 1 1 1 1 1 1 1 1 ...
NULL
[1] "2022-02-21 22:11:24 --- transform Finish ---"
[1] "2022-02-21 22:11:24 --- na.omit Start ---"
[1] "--------------------------------------------------------------------------------"
[1] "nrow(data) na.omit before=8667"
[1] "nrow(data) na.omit after =8667"
[1] "nrow(data) na.omit diff =0"
[1] "--------------------------------------------------------------------------------"
'data.frame':	8667 obs. of  39 variables:
 $ Race.RaceId                      : Factor w/ 905 levels "20160105-06-01-01-10",..: 1 2 3 5 6 7 8 8 9 10 ...
 $ Race.IsPredictedRace             : logi  TRUE TRUE TRUE TRUE TRUE TRUE ...
 $ Race.IsAnalyzeNormalPastAndFuture: logi  TRUE TRUE TRUE TRUE TRUE TRUE ...
 $ Race.IsAnalyzeNormalPast         : logi  TRUE TRUE TRUE TRUE TRUE TRUE ...
 $ Race.IsAnalyzeNormalFuture       : logi  FALSE FALSE FALSE FALSE FALSE FALSE ...
 $ Race.IsAnalyzeFullPastAndFuture  : logi  TRUE TRUE TRUE TRUE TRUE TRUE ...
 $ Race.IsAnalyzeFullPast           : logi  TRUE TRUE TRUE TRUE TRUE TRUE ...
 $ Race.IsAnalyzeFullFuture         : logi  FALSE FALSE FALSE FALSE FALSE FALSE ...
 $ Race.JyokenCd                    : Factor w/ 1 level "1": 1 1 1 1 1 1 1 1 1 1 ...
 $ Race.RaceType1Cd                 : Factor w/ 6 levels "1-1-E","1-1-C",..: 1 2 1 1 1 2 2 2 1 2 ...
 $ RaceHorse.RaceId                 : Factor w/ 905 levels "20160105-06-01-01-10",..: 1 2 3 5 6 7 8 8 9 10 ...
 $ RaceHorse.KettoNum               : Factor w/ 1801 levels "2013100637","2009104977",..: 11 12 13 14 15 16 17 18 19 20 ...
 $ RaceHorse.IsHit1                 : int  0 0 0 0 0 0 1 0 0 0 ...
 $ RaceHorse.IsHit2                 : int  0 0 0 0 0 1 0 0 0 0 ...
 $ RaceHorse.IsHit3                 : int  0 0 0 0 1 0 0 0 0 0 ...
 $ RaceHorse.IsHit4                 : int  0 0 0 0 0 0 0 0 0 0 ...
 $ RaceHorse.IsHit5                 : int  0 0 0 0 0 0 0 0 0 0 ...
 $ RaceHorse.IsHit6                 : int  1 1 1 1 0 0 0 1 1 1 ...
 $ RaceHorse.IsValidRaceHorse       : logi  TRUE TRUE TRUE TRUE TRUE TRUE ...
 $ RaceHorse.IsHitA                 : int  0 0 0 0 0 0 1 0 0 0 ...
 $ RaceHorse.IsHitB                 : int  0 0 0 0 0 1 1 0 0 0 ...
 $ RaceHorse.IsHitC                 : int  0 0 0 0 1 1 1 0 0 0 ...
 $ Gen02.HansyokuNum                : Factor w/ 1375 levels "12256185","12241352",..: 11 12 13 14 15 16 17 18 19 20 ...
 $ Gen02.TimeSdvByRaceAvg           : num  -2.4554 0.5005 -0.0859 0.4766 0.1789 ...
 $ Gen02.TimeSdvByRaceMin           : num  -2.455 0.501 -0.59 0.477 -0.604 ...
 $ Gen02.TimeSdvByRaceMax           : num  -2.455 0.501 0.418 0.477 0.962 ...
 $ Gen02.OrderOfFinishSdvAvg        : num  -0.615 -0.1802 -0.2672 0.0806 -0.1513 ...
 $ Gen02.RunCount                   : int  1 1 2 1 2 3 1 1 1 1 ...
 $ Gen02.HitCount1                  : int  0 0 0 0 0 1 0 0 0 0 ...
 $ Gen02.HitCount2                  : int  0 0 0 0 0 0 0 0 0 0 ...
 $ Gen02.HitCount3                  : int  0 0 0 0 1 0 0 1 0 0 ...
 $ Gen02.HitCount4                  : int  0 0 0 0 0 0 0 0 0 0 ...
 $ Gen02.HitCount5                  : int  0 0 1 0 0 0 0 0 0 0 ...
 $ Gen02.HitRate1                   : num  0 0 0 0 0 ...
 $ Gen02.HitRate2                   : num  0 0 0 0 0 0 0 0 0 0 ...
 $ Gen02.HitRate3                   : num  0 0 0 0 0.5 0 0 1 0 0 ...
 $ Gen02.HitRate4                   : num  0 0 0 0 0 0 0 0 0 0 ...
 $ Gen02.HitRate5                   : num  0 0 0.5 0 0 0 0 0 0 0 ...
 $ EOF                              : int  1 1 1 1 1 1 1 1 1 1 ...
[1] "2022-02-21 22:11:25 --- na.omit Finish ---"
[1] "2022-02-21 22:11:25 --- rxGlm with rxStepControl Start ---"

> print(paste0(Sys.time(), " --- source_logic_glm.R Start ---"))
[1] "2022-02-21 22:11:25 --- source_logic_glm.R Start ---"

> formula <- formula(RaceHorse.IsHitA ~ +1 + Gen02.OrderOfFinishSdvAvg)

> print(paste0(Sys.time(), " --- source_logic_glm.R Finished ---"))
[1] "2022-02-21 22:11:25 --- source_logic_glm.R Finished ---"
Rows Read: 8667, Total Rows Processed: 8667, Total Chunk Time: 0.001 seconds 

Starting values (iteration 1) time: 0.011 secs.
Rows Read: 8667, Total Rows Processed: 8667, Total Chunk Time: 0.002 seconds 

Iteration 2 time: 0.007 secs.
Rows Read: 8667, Total Rows Processed: 8667, Total Chunk Time: 0.001 seconds 

Iteration 3 time: 0.005 secs.
Rows Read: 8667, Total Rows Processed: 8667, Total Chunk Time: 0.002 seconds 

Iteration 4 time: 0.004 secs.
Rows Read: 8667, Total Rows Processed: 8667, Total Chunk Time: 0.001 seconds 

Iteration 5 time: 0.007 secs.

Elapsed computation time: 0.056 secs.
Rows Read: 8667, Total Rows Processed: 8667, Total Chunk Time: Less than .001 seconds 

Starting values (iteration 1) time: 0.008 secs.
Rows Read: 8667, Total Rows Processed: 8667, Total Chunk Time: 0.001 seconds 

Iteration 2 time: 0.018 secs.

Elapsed computation time: 0.045 secs.
Rows Read: 8667, Total Rows Processed: 8667, Total Chunk Time: 0.001 seconds 

Starting values (iteration 1) time: 0.006 secs.
Rows Read: 8667, Total Rows Processed: 8667, Total Chunk Time: 0.001 seconds 

Iteration 2 time: 0.007 secs.
Rows Read: 8667, Total Rows Processed: 8667, Total Chunk Time: 0.001 seconds 

Iteration 3 time: 0.007 secs.
Rows Read: 8667, Total Rows Processed: 8667, Total Chunk Time: 0.002 seconds 

Iteration 4 time: 0.006 secs.
Rows Read: 8667, Total Rows Processed: 8667, Total Chunk Time: 0.001 seconds 

Iteration 5 time: 0.004 secs.

Elapsed computation time: 0.064 secs.

Elapsed computation time: 0.185 secs.
[1] "--------------------------------------------------------------------------------"
[1] "analyze.results.glm.step="
Logistic Regression Results for: RaceHorse.IsHitA ~
    Gen02.OrderOfFinishSdvAvg
Data: data
Dependent variable(s): RaceHorse.IsHitA
Total independent variables: 2 
Number of valid observations: 8667
Number of missing observations: 0 
 
Coefficients:
                          RaceHorse.IsHitA
(Intercept)                           -2.7
Gen02.OrderOfFinishSdvAvg              0.6
[1] "analyze.results.glm.step.summary"
Call:
rxLogit(formula = formula, data = data, variableSelection = analyze.results.glm.step.varsel)

Logistic Regression Results for: RaceHorse.IsHitA ~
    Gen02.OrderOfFinishSdvAvg
Data: data
Dependent variable(s): RaceHorse.IsHitA
Total independent variables: 2 
Number of valid observations: 8667
Number of missing observations: 0 
-2*LogLikelihood: 4392.187 (Residual deviance on 8665 degrees of freedom)
 
Coefficients:
                          Estimate Std. Error z value Pr(>|z|)    
(Intercept)                -2.7393     0.0495   -55.3  2.2e-16 ***
Gen02.OrderOfFinishSdvAvg   0.5873     0.0524    11.2  2.2e-16 ***
---
Signif. codes:  0 '***' 0.001 '**' 0.01 '*' 0.05 '.' 0.1 ' ' 1

Condition number of final variance-covariance matrix: 1 
Number of iterations: 5
[1] "--------------------------------------------------------------------------------"
[1] "2022-02-21 22:11:25 --- rxGlm with rxStepControl Finish ---"
[1] "2022-02-21 22:11:25 --- rxStepPlot Start ---"
[1] "pdfFilename=pdf_analyze_glm_Gen02_Type11_rxStepPlot.pdf"
[1] "rxStepPlot="
[1] "2022-02-21 22:11:25 --- rxStepPlot Finish ---"
[1] "2022-02-21 22:11:25 --- save.image Start ---"
[1] "save.image"
[1] "rdataFilename=RData_analyze_glm_Gen02_Type11.RData"
[1] "2022-02-21 22:11:25 --- save.image Finish ---"
[1] "2022-02-21 22:11:25 --- final Start ---"
[1] "--------------------------------------------------------------------------------"
[1] "nrow(data) final=8667"
[1] "--------------------------------------------------------------------------------"
[1] "2022-02-21 22:11:25 --- final Finish ---"
[1] "2022-02-21 22:11:25 --- analyze_glm.R Finished ---"
[1] "2022-02-21 22:11:25 --- log Finish ---"
