[1] "2022-02-25 20:25:42 --- D1115_analyze_glm_Horse_IsHitA_Type12 Start ---"
[1] "2022-02-25 20:25:42 --- Log Start ---"
[1] "2022-02-25 20:25:42 --- analyze_glm.R Start ---"
[1] "analyzeVersion=D1115"
[1] "analyzeCategory=analyze"
[1] "analyzeType=Horse"
[1] "analyzeFamily=IsHitA"
[1] "analyzeFunc=glm"
[1] "analyzeTrackTypeCd=1"
[1] "analyzeJyokenCd=2"
[1] "2022-02-25 20:25:43 --- source_function.R Start ---"
[1] "2022-02-25 20:25:43 --- source_function.R Finished ---"

> print(paste0(Sys.time(), " --- source_library.R Start ---"))
[1] "2022-02-25 20:25:43 --- source_library.R Start ---"

> require("RevoScaleR")

> print(paste0(Sys.time(), " --- source_library.R Finished ---"))
[1] "2022-02-25 20:25:45 --- source_library.R Finished ---"
[1] "2022-02-25 20:25:45 --- RxSqlServerData Start ---"
[1] "2022-02-25 20:25:45 --- RxInSqlServer Start ---"
[1] "2022-02-25 20:25:45 --- RxInSqlServer Finish ---"
[1] "2022-02-25 20:25:45 --- rxSetComputeContext Start ---"
[1] "2022-02-25 20:25:45 --- rxSetComputeContext Finish ---"
[1] "2022-02-25 20:25:45 --- RxSqlServerData Start ---"
[1] "sqlQuery=SELECT * FROM ViewAnalyzeD1115analyze01HorseType12"
[1] "2022-02-25 20:25:46 --- RxSqlServerData Finish ---"
[1] "2022-02-25 20:25:46 --- rxGetVarInfo Start ---"
[1] "2022-02-25 20:25:48 --- rxGetVarInfo Finish---"
[1] "2022-02-25 20:25:48 --- rxImport Start ---"
Rows Read: 6806, Total Rows Processed: 6806, Total Chunk Time: 12.869 seconds 
[1] "2022-02-25 20:26:12 --- rxImport Finish ---"
[1] "object.size(data) auto=2.2 Mb"
[1] "--------------------------------------------------------------------------------"
[1] "nrow(data) RxSqlServerData=6806"
[1] "--------------------------------------------------------------------------------"
[1] "str(data)="
'data.frame':	6806 obs. of  44 variables:
 $ Race.RaceId                      : Factor w/ 529 levels "20200106-08-01-02-10",..: 2 2 2 2 2 2 2 2 2 2 ...
 $ Race.IsPredictedRace             : logi  TRUE TRUE TRUE TRUE TRUE TRUE ...
 $ Race.IsAnalyzeNormalPastAndFuture: logi  TRUE TRUE TRUE TRUE TRUE TRUE ...
 $ Race.IsAnalyzeNormalPast         : logi  TRUE TRUE TRUE TRUE TRUE TRUE ...
 $ Race.IsAnalyzeNormalFuture       : logi  FALSE FALSE FALSE FALSE FALSE FALSE ...
 $ Race.IsAnalyzeFullPastAndFuture  : logi  TRUE TRUE TRUE TRUE TRUE TRUE ...
 $ Race.IsAnalyzeFullPast           : logi  TRUE TRUE TRUE TRUE TRUE TRUE ...
 $ Race.IsAnalyzeFullFuture         : logi  FALSE FALSE FALSE FALSE FALSE FALSE ...
 $ Race.JyokenCd                    : Factor w/ 1 level "2": 1 1 1 1 1 1 1 1 1 1 ...
 $ Race.JyoType1Cd                  : Factor w/ 112 levels "1-08-1600-2-1",..: 2 2 2 2 2 2 2 2 2 2 ...
 $ Race.RaceType1Cd                 : Factor w/ 3 levels "1-2-E-1","1-2-E-2",..: 2 2 2 2 2 2 2 2 2 2 ...
 $ RaceHorse.RaceId                 : Factor w/ 529 levels "20200106-08-01-02-10",..: 2 2 2 2 2 2 2 2 2 2 ...
 $ RaceHorse.KettoNum               : Factor w/ 1438 levels "2012103634","2013103573",..: 11 12 13 14 15 16 17 18 19 20 ...
 $ RaceHorse.IsHit1                 : num  0 0 0 0 0 0 0 0 0 0 ...
 $ RaceHorse.IsHit2                 : num  0 0 0 0 0 0 0 0 1 0 ...
 $ RaceHorse.IsHit3                 : num  0 0 0 0 0 0 0 1 0 0 ...
 $ RaceHorse.IsHit4                 : num  0 0 0 0 0 0 0 0 0 0 ...
 $ RaceHorse.IsHit5                 : num  0 1 0 0 0 0 0 0 0 0 ...
 $ RaceHorse.IsHit6                 : num  1 0 1 1 1 1 1 0 0 1 ...
 $ RaceHorse.IsValidRaceHorse       : logi  TRUE TRUE TRUE TRUE TRUE TRUE ...
 $ RaceHorse.TimeSdv                : num  -0.788 -0.622 -0.788 -1.202 -1.036 ...
 $ RaceHorse.IsHitA                 : num  0 0 0 0 0 0 0 0 0 0 ...
 $ RaceHorse.IsHitB                 : num  0 0 0 0 0 0 0 0 1 0 ...
 $ RaceHorse.IsHitC                 : num  0 0 0 0 0 0 0 1 1 0 ...
 $ Horse.KettoNum                   : Factor w/ 1438 levels "2012103634","2013103573",..: 11 12 13 14 15 16 17 18 19 20 ...
 $ Horse.TimeSdvByRaceAvg           : num  0.499 0.486 0.22 0.476 0.468 ...
 $ Horse.TimeSdvByRaceMin           : num  -1.4 -2.57 -2.21 -1.35 -1.49 ...
 $ Horse.TimeSdvByRaceMax           : num  1.54 1.43 1.92 1.45 1.39 ...
 $ Horse.TimeSdvAvg                 : num  0.07135 0.20752 0.17613 0.21668 0.00131 ...
 $ Horse.TimeSdvMin                 : num  -1.88 -2 -1.99 -1.45 -2.87 ...
 $ Horse.TimeSdvMax                 : num  1.68 1.4 2.51 1.91 1.76 ...
 $ Horse.OrderOfFinishSdvAvg        : num  0.551 0.377 0.174 0.523 0.481 ...
 $ Horse.RunCount                   : num  44 39 31 38 40 25 35 23 31 16 ...
 $ Horse.HitCount1                  : num  3 3 4 4 4 3 4 3 4 4 ...
 $ Horse.HitCount2                  : num  12 6 2 6 3 4 3 2 2 0 ...
 $ Horse.HitCount3                  : num  7 5 2 5 8 2 4 3 7 2 ...
 $ Horse.HitCount4                  : num  4 4 5 4 4 4 0 3 1 0 ...
 $ Horse.HitCount5                  : num  1 6 1 6 7 1 4 2 1 2 ...
 $ Horse.HitRate1                   : num  0.0682 0.0769 0.129 0.1053 0.1 ...
 $ Horse.HitRate2                   : num  0.2727 0.1538 0.0645 0.1579 0.075 ...
 $ Horse.HitRate3                   : num  0.1591 0.1282 0.0645 0.1316 0.2 ...
 $ Horse.HitRate4                   : num  0.0909 0.1026 0.1613 0.1053 0.1 ...
 $ Horse.HitRate5                   : num  0.0227 0.1538 0.0323 0.1579 0.175 ...
 $ EOF                              : int  1 1 1 1 1 1 1 1 1 1 ...
[1] "2022-02-25 20:26:16 --- RxSqlServerData Finish ---"
[1] "2022-02-25 20:26:16 --- subset Start ---"
[1] "--------------------------------------------------------------------------------"
[1] "nrow(data) subset before=6806"
[1] "nrow(data) subset after =6806"
[1] "nrow(data) subset diff =0"
[1] "--------------------------------------------------------------------------------"
[1] "2022-02-25 20:26:17 --- subset Finish---"
[1] "2022-02-25 20:26:17 --- transform Start ---"
[1] "--------------------------------------------------------------------------------"
[1] "nrow(data) transform before=6806"
[1] "nrow(data) transform after=6806"
[1] "nrow(data) transform diff=0"
[1] "--------------------------------------------------------------------------------"
[1] "str(data)="
'data.frame':	6806 obs. of  44 variables:
 $ Race.RaceId                      : Factor w/ 529 levels "20200106-08-01-02-10",..: 2 2 2 2 2 2 2 2 2 2 ...
 $ Race.IsPredictedRace             : logi  TRUE TRUE TRUE TRUE TRUE TRUE ...
 $ Race.IsAnalyzeNormalPastAndFuture: logi  TRUE TRUE TRUE TRUE TRUE TRUE ...
 $ Race.IsAnalyzeNormalPast         : logi  TRUE TRUE TRUE TRUE TRUE TRUE ...
 $ Race.IsAnalyzeNormalFuture       : logi  FALSE FALSE FALSE FALSE FALSE FALSE ...
 $ Race.IsAnalyzeFullPastAndFuture  : logi  TRUE TRUE TRUE TRUE TRUE TRUE ...
 $ Race.IsAnalyzeFullPast           : logi  TRUE TRUE TRUE TRUE TRUE TRUE ...
 $ Race.IsAnalyzeFullFuture         : logi  FALSE FALSE FALSE FALSE FALSE FALSE ...
 $ Race.JyokenCd                    : Factor w/ 1 level "2": 1 1 1 1 1 1 1 1 1 1 ...
 $ Race.JyoType1Cd                  : Factor w/ 112 levels "1-08-1600-2-1",..: 2 2 2 2 2 2 2 2 2 2 ...
 $ Race.RaceType1Cd                 : Factor w/ 3 levels "1-2-E-1","1-2-E-2",..: 2 2 2 2 2 2 2 2 2 2 ...
 $ RaceHorse.RaceId                 : Factor w/ 529 levels "20200106-08-01-02-10",..: 2 2 2 2 2 2 2 2 2 2 ...
 $ RaceHorse.KettoNum               : Factor w/ 1438 levels "2012103634","2013103573",..: 11 12 13 14 15 16 17 18 19 20 ...
 $ RaceHorse.IsHit1                 : num  0 0 0 0 0 0 0 0 0 0 ...
 $ RaceHorse.IsHit2                 : num  0 0 0 0 0 0 0 0 1 0 ...
 $ RaceHorse.IsHit3                 : num  0 0 0 0 0 0 0 1 0 0 ...
 $ RaceHorse.IsHit4                 : num  0 0 0 0 0 0 0 0 0 0 ...
 $ RaceHorse.IsHit5                 : num  0 1 0 0 0 0 0 0 0 0 ...
 $ RaceHorse.IsHit6                 : num  1 0 1 1 1 1 1 0 0 1 ...
 $ RaceHorse.IsValidRaceHorse       : logi  TRUE TRUE TRUE TRUE TRUE TRUE ...
 $ RaceHorse.TimeSdv                : num  -0.788 -0.622 -0.788 -1.202 -1.036 ...
 $ RaceHorse.IsHitA                 : num  0 0 0 0 0 0 0 0 0 0 ...
 $ RaceHorse.IsHitB                 : num  0 0 0 0 0 0 0 0 1 0 ...
 $ RaceHorse.IsHitC                 : num  0 0 0 0 0 0 0 1 1 0 ...
 $ Horse.KettoNum                   : Factor w/ 1438 levels "2012103634","2013103573",..: 11 12 13 14 15 16 17 18 19 20 ...
 $ Horse.TimeSdvByRaceAvg           : num  0.499 0.486 0.22 0.476 0.468 ...
 $ Horse.TimeSdvByRaceMin           : num  -1.4 -2.57 -2.21 -1.35 -1.49 ...
 $ Horse.TimeSdvByRaceMax           : num  1.54 1.43 1.92 1.45 1.39 ...
 $ Horse.TimeSdvAvg                 : num  0.07135 0.20752 0.17613 0.21668 0.00131 ...
 $ Horse.TimeSdvMin                 : num  -1.88 -2 -1.99 -1.45 -2.87 ...
 $ Horse.TimeSdvMax                 : num  1.68 1.4 2.51 1.91 1.76 ...
 $ Horse.OrderOfFinishSdvAvg        : num  0.551 0.377 0.174 0.523 0.481 ...
 $ Horse.RunCount                   : num  44 39 31 38 40 25 35 23 31 16 ...
 $ Horse.HitCount1                  : num  3 3 4 4 4 3 4 3 4 4 ...
 $ Horse.HitCount2                  : num  12 6 2 6 3 4 3 2 2 0 ...
 $ Horse.HitCount3                  : num  7 5 2 5 8 2 4 3 7 2 ...
 $ Horse.HitCount4                  : num  4 4 5 4 4 4 0 3 1 0 ...
 $ Horse.HitCount5                  : num  1 6 1 6 7 1 4 2 1 2 ...
 $ Horse.HitRate1                   : num  0.0682 0.0769 0.129 0.1053 0.1 ...
 $ Horse.HitRate2                   : num  0.2727 0.1538 0.0645 0.1579 0.075 ...
 $ Horse.HitRate3                   : num  0.1591 0.1282 0.0645 0.1316 0.2 ...
 $ Horse.HitRate4                   : num  0.0909 0.1026 0.1613 0.1053 0.1 ...
 $ Horse.HitRate5                   : num  0.0227 0.1538 0.0323 0.1579 0.175 ...
 $ EOF                              : int  1 1 1 1 1 1 1 1 1 1 ...
NULL
[1] "2022-02-25 20:26:22 --- transform Finish ---"
[1] "2022-02-25 20:26:23 --- na.omit Start ---"
[1] "--------------------------------------------------------------------------------"
[1] "nrow(data) na.omit before=6806"
[1] "nrow(data) na.omit after =6758"
[1] "nrow(data) na.omit diff =48"
[1] "--------------------------------------------------------------------------------"
'data.frame':	6758 obs. of  44 variables:
 $ Race.RaceId                      : Factor w/ 529 levels "20200106-08-01-02-10",..: 2 2 2 2 2 2 2 2 2 2 ...
 $ Race.IsPredictedRace             : logi  TRUE TRUE TRUE TRUE TRUE TRUE ...
 $ Race.IsAnalyzeNormalPastAndFuture: logi  TRUE TRUE TRUE TRUE TRUE TRUE ...
 $ Race.IsAnalyzeNormalPast         : logi  TRUE TRUE TRUE TRUE TRUE TRUE ...
 $ Race.IsAnalyzeNormalFuture       : logi  FALSE FALSE FALSE FALSE FALSE FALSE ...
 $ Race.IsAnalyzeFullPastAndFuture  : logi  TRUE TRUE TRUE TRUE TRUE TRUE ...
 $ Race.IsAnalyzeFullPast           : logi  TRUE TRUE TRUE TRUE TRUE TRUE ...
 $ Race.IsAnalyzeFullFuture         : logi  FALSE FALSE FALSE FALSE FALSE FALSE ...
 $ Race.JyokenCd                    : Factor w/ 1 level "2": 1 1 1 1 1 1 1 1 1 1 ...
 $ Race.JyoType1Cd                  : Factor w/ 112 levels "1-08-1600-2-1",..: 2 2 2 2 2 2 2 2 2 2 ...
 $ Race.RaceType1Cd                 : Factor w/ 3 levels "1-2-E-1","1-2-E-2",..: 2 2 2 2 2 2 2 2 2 2 ...
 $ RaceHorse.RaceId                 : Factor w/ 529 levels "20200106-08-01-02-10",..: 2 2 2 2 2 2 2 2 2 2 ...
 $ RaceHorse.KettoNum               : Factor w/ 1438 levels "2012103634","2013103573",..: 11 12 13 14 15 16 17 18 19 20 ...
 $ RaceHorse.IsHit1                 : num  0 0 0 0 0 0 0 0 0 0 ...
 $ RaceHorse.IsHit2                 : num  0 0 0 0 0 0 0 0 1 0 ...
 $ RaceHorse.IsHit3                 : num  0 0 0 0 0 0 0 1 0 0 ...
 $ RaceHorse.IsHit4                 : num  0 0 0 0 0 0 0 0 0 0 ...
 $ RaceHorse.IsHit5                 : num  0 1 0 0 0 0 0 0 0 0 ...
 $ RaceHorse.IsHit6                 : num  1 0 1 1 1 1 1 0 0 1 ...
 $ RaceHorse.IsValidRaceHorse       : logi  TRUE TRUE TRUE TRUE TRUE TRUE ...
 $ RaceHorse.TimeSdv                : num  -0.788 -0.622 -0.788 -1.202 -1.036 ...
 $ RaceHorse.IsHitA                 : num  0 0 0 0 0 0 0 0 0 0 ...
 $ RaceHorse.IsHitB                 : num  0 0 0 0 0 0 0 0 1 0 ...
 $ RaceHorse.IsHitC                 : num  0 0 0 0 0 0 0 1 1 0 ...
 $ Horse.KettoNum                   : Factor w/ 1438 levels "2012103634","2013103573",..: 11 12 13 14 15 16 17 18 19 20 ...
 $ Horse.TimeSdvByRaceAvg           : num  0.499 0.486 0.22 0.476 0.468 ...
 $ Horse.TimeSdvByRaceMin           : num  -1.4 -2.57 -2.21 -1.35 -1.49 ...
 $ Horse.TimeSdvByRaceMax           : num  1.54 1.43 1.92 1.45 1.39 ...
 $ Horse.TimeSdvAvg                 : num  0.07135 0.20752 0.17613 0.21668 0.00131 ...
 $ Horse.TimeSdvMin                 : num  -1.88 -2 -1.99 -1.45 -2.87 ...
 $ Horse.TimeSdvMax                 : num  1.68 1.4 2.51 1.91 1.76 ...
 $ Horse.OrderOfFinishSdvAvg        : num  0.551 0.377 0.174 0.523 0.481 ...
 $ Horse.RunCount                   : num  44 39 31 38 40 25 35 23 31 16 ...
 $ Horse.HitCount1                  : num  3 3 4 4 4 3 4 3 4 4 ...
 $ Horse.HitCount2                  : num  12 6 2 6 3 4 3 2 2 0 ...
 $ Horse.HitCount3                  : num  7 5 2 5 8 2 4 3 7 2 ...
 $ Horse.HitCount4                  : num  4 4 5 4 4 4 0 3 1 0 ...
 $ Horse.HitCount5                  : num  1 6 1 6 7 1 4 2 1 2 ...
 $ Horse.HitRate1                   : num  0.0682 0.0769 0.129 0.1053 0.1 ...
 $ Horse.HitRate2                   : num  0.2727 0.1538 0.0645 0.1579 0.075 ...
 $ Horse.HitRate3                   : num  0.1591 0.1282 0.0645 0.1316 0.2 ...
 $ Horse.HitRate4                   : num  0.0909 0.1026 0.1613 0.1053 0.1 ...
 $ Horse.HitRate5                   : num  0.0227 0.1538 0.0323 0.1579 0.175 ...
 $ EOF                              : int  1 1 1 1 1 1 1 1 1 1 ...
 - attr(*, "na.action")= 'omit' Named int  291 590 747 994 1374 1387 1643 1974 1985 2140 ...
  ..- attr(*, "names")= chr  "291" "590" "747" "994" ...
[1] "2022-02-25 20:26:50 --- na.omit Finish ---"
[1] "2022-02-25 20:26:55 --- rxGlm with rxStepControl Start ---"

> print(paste0(Sys.time(), " --- source_logic_glm.R Start ---"))
[1] "2022-02-25 20:27:06 --- source_logic_glm.R Start ---"

> formula <- formula(RaceHorse.IsHitA ~ +1 + Horse.TimeSdvAvg)

> print(paste0(Sys.time(), " --- source_logic_glm.R Finished ---"))
[1] "2022-02-25 20:27:21 --- source_logic_glm.R Finished ---"
Rows Read: 6758, Total Rows Processed: 6758, Total Chunk Time: 0.001 seconds 

Starting values (iteration 1) time: 0.028 secs.
Rows Read: 6758, Total Rows Processed: 6758, Total Chunk Time: 0.002 seconds 

Iteration 2 time: 5.059 secs.
Rows Read: 6758, Total Rows Processed: 6758, Total Chunk Time: 0.002 seconds 

Iteration 3 time: 0.926 secs.
Rows Read: 6758, Total Rows Processed: 6758, Total Chunk Time: 0.002 seconds 

Iteration 4 time: 1.310 secs.
Rows Read: 6758, Total Rows Processed: 6758, Total Chunk Time: 0.001 seconds 

Iteration 5 time: 0.009 secs.

Elapsed computation time: 8.550 secs.
Rows Read: 6758, Total Rows Processed: 6758, Total Chunk Time: Less than .001 seconds 

Starting values (iteration 1) time: 0.592 secs.
Rows Read: 6758, Total Rows Processed: 6758, Total Chunk Time: Less than .001 seconds 

Iteration 2 time: 1.954 secs.

Elapsed computation time: 12.241 secs.
Rows Read: 6758, Total Rows Processed: 6758, Total Chunk Time: 0.001 seconds 

Starting values (iteration 1) time: 1.080 secs.
Rows Read: 6758, Total Rows Processed: 6758, Total Chunk Time: 0.001 seconds 

Iteration 2 time: 1.906 secs.
Rows Read: 6758, Total Rows Processed: 6758, Total Chunk Time: 0.002 seconds 

Iteration 3 time: 1.972 secs.
Rows Read: 6758, Total Rows Processed: 6758, Total Chunk Time: 0.002 seconds 

Iteration 4 time: 1.387 secs.
Rows Read: 6758, Total Rows Processed: 6758, Total Chunk Time: 0.002 seconds 

Iteration 5 time: 1.281 secs.

Elapsed computation time: 11.477 secs.

Elapsed computation time: 35.054 secs.
[1] "--------------------------------------------------------------------------------"
[1] "analyze.results.glm.step="
Logistic Regression Results for: RaceHorse.IsHitA ~ Horse.TimeSdvAvg
Data: data
Dependent variable(s): RaceHorse.IsHitA
Total independent variables: 2 
Number of valid observations: 6758
Number of missing observations: 0 
 
Coefficients:
                 RaceHorse.IsHitA
(Intercept)                    -3
Horse.TimeSdvAvg                1
[1] "analyze.results.glm.step.summary"
Call:
rxLogit(formula = formula, data = data, variableSelection = analyze.results.glm.step.varsel)

Logistic Regression Results for: RaceHorse.IsHitA ~ Horse.TimeSdvAvg
Data: data
Dependent variable(s): RaceHorse.IsHitA
Total independent variables: 2 
Number of valid observations: 6758
Number of missing observations: 0 
-2*LogLikelihood: 3610.657 (Residual deviance on 6756 degrees of freedom)
 
Coefficients:
                 Estimate Std. Error z value Pr(>|z|)    
(Intercept)       -3.0039     0.0777  -38.68  2.2e-16 ***
Horse.TimeSdvAvg   1.4516     0.1467    9.89  2.2e-16 ***
---
Signif. codes:  0 '***' 0.001 '**' 0.01 '*' 0.05 '.' 0.1 ' ' 1

Condition number of final variance-covariance matrix: 1 
Number of iterations: 5
[1] "--------------------------------------------------------------------------------"
[1] "2022-02-25 20:31:43 --- rxGlm with rxStepControl Finish ---"
[1] "2022-02-25 20:31:53 --- rxStepPlot Start ---"
[1] "pdfFilename=pdf_analyze_glm_Horse_Type12_rxStepPlot.pdf"
[1] "rxStepPlot="
[1] "2022-02-25 20:32:22 --- rxStepPlot Finish ---"
[1] "2022-02-25 20:32:35 --- save.image Start ---"
[1] "save.image"
[1] "rdataFilename=RData_analyze_glm_Horse_Type12.RData"
[1] "2022-02-25 20:32:37 --- save.image Finish ---"
[1] "2022-02-25 20:32:38 --- final Start ---"
[1] "--------------------------------------------------------------------------------"
[1] "nrow(data) final=6758"
[1] "--------------------------------------------------------------------------------"
[1] "2022-02-25 20:32:39 --- final Finish ---"
[1] "2022-02-25 20:32:39 --- analyze_glm.R Finished ---"
[1] "2022-02-25 20:32:39 --- log Finish ---"
