[1] "2022-02-25 20:57:32 --- D1115_analyze_glm_Jockey_IsHitA_Type11 Start ---"
[1] "2022-02-25 20:57:32 --- Log Start ---"
[1] "2022-02-25 20:57:32 --- analyze_glm.R Start ---"
[1] "analyzeVersion=D1115"
[1] "analyzeCategory=analyze"
[1] "analyzeType=Jockey"
[1] "analyzeFamily=IsHitA"
[1] "analyzeFunc=glm"
[1] "analyzeTrackTypeCd=1"
[1] "analyzeJyokenCd=1"
[1] "2022-02-25 20:57:32 --- source_function.R Start ---"
[1] "2022-02-25 20:57:32 --- source_function.R Finished ---"

> print(paste0(Sys.time(), " --- source_library.R Start ---"))
[1] "2022-02-25 20:57:32 --- source_library.R Start ---"

> require("RevoScaleR")

> print(paste0(Sys.time(), " --- source_library.R Finished ---"))
[1] "2022-02-25 20:57:33 --- source_library.R Finished ---"
[1] "2022-02-25 20:57:33 --- RxSqlServerData Start ---"
[1] "2022-02-25 20:57:33 --- RxInSqlServer Start ---"
[1] "2022-02-25 20:57:33 --- RxInSqlServer Finish ---"
[1] "2022-02-25 20:57:33 --- rxSetComputeContext Start ---"
[1] "2022-02-25 20:57:33 --- rxSetComputeContext Finish ---"
[1] "2022-02-25 20:57:33 --- RxSqlServerData Start ---"
[1] "sqlQuery=SELECT * FROM ViewAnalyzeD1115analyze01JockeyType11"
[1] "2022-02-25 20:57:33 --- RxSqlServerData Finish ---"
[1] "2022-02-25 20:57:33 --- rxGetVarInfo Start ---"
[1] "2022-02-25 20:57:33 --- rxGetVarInfo Finish---"
[1] "2022-02-25 20:57:33 --- rxImport Start ---"
Rows Read: 12111, Total Rows Processed: 12111, Total Chunk Time: 4.586 seconds 
[1] "2022-02-25 20:57:49 --- rxImport Finish ---"
[1] "object.size(data) auto=3.7 Mb"
[1] "--------------------------------------------------------------------------------"
[1] "nrow(data) RxSqlServerData=12111"
[1] "--------------------------------------------------------------------------------"
[1] "str(data)="
'data.frame':	12111 obs. of  43 variables:
 $ Race.RaceId                      : Factor w/ 925 levels "20160306-06-02-04-11",..: 11 12 13 14 15 16 17 18 19 20 ...
 $ Race.IsPredictedRace             : logi  TRUE TRUE TRUE TRUE TRUE TRUE ...
 $ Race.IsAnalyzeNormalPastAndFuture: logi  TRUE TRUE TRUE TRUE TRUE TRUE ...
 $ Race.IsAnalyzeNormalPast         : logi  TRUE TRUE TRUE TRUE TRUE TRUE ...
 $ Race.IsAnalyzeNormalFuture       : logi  FALSE FALSE FALSE FALSE FALSE FALSE ...
 $ Race.IsAnalyzeFullPastAndFuture  : logi  TRUE TRUE TRUE TRUE TRUE TRUE ...
 $ Race.IsAnalyzeFullPast           : logi  TRUE TRUE TRUE TRUE TRUE TRUE ...
 $ Race.IsAnalyzeFullFuture         : logi  FALSE FALSE FALSE FALSE FALSE FALSE ...
 $ Race.JyokenCd                    : Factor w/ 1 level "1": 1 1 1 1 1 1 1 1 1 1 ...
 $ Race.JyoType1Cd                  : Factor w/ 141 levels "1-06-2000-1-1",..: 3 1 9 10 11 3 10 3 12 13 ...
 $ Race.RaceType1Cd                 : Factor w/ 16 levels "1-1-B-2","1-1-E-2",..: 3 4 7 6 3 3 6 6 3 6 ...
 $ RaceHorse.RaceId                 : Factor w/ 925 levels "20160306-06-02-04-11",..: 11 12 13 14 15 16 17 18 19 20 ...
 $ RaceHorse.KettoNum               : Factor w/ 2962 levels "2013105788","2008102279",..: 11 12 13 14 15 16 17 18 19 20 ...
 $ RaceHorse.IsHit1                 : num  0 0 0 0 0 0 0 0 0 0 ...
 $ RaceHorse.IsHit2                 : num  0 0 0 0 0 0 0 0 0 0 ...
 $ RaceHorse.IsHit3                 : num  0 0 0 0 0 0 0 0 0 0 ...
 $ RaceHorse.IsHit4                 : num  0 0 0 0 0 0 0 0 0 0 ...
 $ RaceHorse.IsHit5                 : num  0 0 0 0 0 0 0 0 0 0 ...
 $ RaceHorse.IsHit6                 : num  1 0 1 1 1 1 1 1 1 1 ...
 $ RaceHorse.IsValidRaceHorse       : logi  TRUE FALSE TRUE TRUE TRUE TRUE ...
 $ RaceHorse.TimeSdv                : num  -0.1547 NA 0.0496 0.7923 0.5776 ...
 $ RaceHorse.IsHitA                 : num  0 0 0 0 0 0 0 0 0 0 ...
 $ RaceHorse.IsHitB                 : num  0 0 0 0 0 0 0 0 0 0 ...
 $ RaceHorse.IsHitC                 : num  0 0 0 0 0 0 0 0 0 0 ...
 $ Jockey.TimeSdvByRaceAvg          : num  -0.24 0.617 0.124 -0.019 0.781 ...
 $ Jockey.TimeSdvByRaceMin          : num  -2.0814 -0.9798 -2.2297 -2.9108 0.0946 ...
 $ Jockey.TimeSdvByRaceMax          : num  0.892 1.783 1.726 1.709 1.784 ...
 $ Jockey.TimeSdvAvg                : num  -0.595 0.164 -0.352 -0.121 0.348 ...
 $ Jockey.TimeSdvMin                : num  -1.536 -0.793 -1.873 -1.985 -1.45 ...
 $ Jockey.TimeSdvMax                : num  1.27 1.84 1.67 1.8 1.59 ...
 $ Jockey.OrderOfFinishSdvAvg       : num  -0.2802 0.6063 0.0385 -0.041 0.795 ...
 $ Jockey.RunCount                  : num  16 10 6 54 13 50 3 42 24 66 ...
 $ Jockey.HitCount1                 : num  0 3 1 3 2 3 0 3 1 8 ...
 $ Jockey.HitCount2                 : num  0 2 0 2 1 3 0 5 1 8 ...
 $ Jockey.HitCount3                 : num  1 0 0 5 4 1 0 2 0 7 ...
 $ Jockey.HitCount4                 : num  2 1 1 3 2 4 0 5 0 6 ...
 $ Jockey.HitCount5                 : num  0 0 0 4 1 1 0 7 3 6 ...
 $ Jockey.HitRate1                  : num  0 0.3 0.1667 0.0556 0.1538 ...
 $ Jockey.HitRate2                  : num  0 0.2 0 0.037 0.0769 ...
 $ Jockey.HitRate3                  : num  0.0625 0 0 0.0926 0.3077 ...
 $ Jockey.HitRate4                  : num  0.125 0.1 0.1667 0.0556 0.1538 ...
 $ Jockey.HitRate5                  : num  0 0 0 0.0741 0.0769 ...
 $ EOF                              : int  1 1 1 1 1 1 1 1 1 1 ...
[1] "2022-02-25 20:57:50 --- RxSqlServerData Finish ---"
[1] "2022-02-25 20:57:50 --- subset Start ---"
[1] "--------------------------------------------------------------------------------"
[1] "nrow(data) subset before=12111"
[1] "nrow(data) subset after =12111"
[1] "nrow(data) subset diff =0"
[1] "--------------------------------------------------------------------------------"
[1] "2022-02-25 20:57:50 --- subset Finish---"
[1] "2022-02-25 20:57:50 --- transform Start ---"
[1] "--------------------------------------------------------------------------------"
[1] "nrow(data) transform before=12111"
[1] "nrow(data) transform after=12111"
[1] "nrow(data) transform diff=0"
[1] "--------------------------------------------------------------------------------"
[1] "str(data)="
'data.frame':	12111 obs. of  43 variables:
 $ Race.RaceId                      : Factor w/ 925 levels "20160306-06-02-04-11",..: 11 12 13 14 15 16 17 18 19 20 ...
 $ Race.IsPredictedRace             : logi  TRUE TRUE TRUE TRUE TRUE TRUE ...
 $ Race.IsAnalyzeNormalPastAndFuture: logi  TRUE TRUE TRUE TRUE TRUE TRUE ...
 $ Race.IsAnalyzeNormalPast         : logi  TRUE TRUE TRUE TRUE TRUE TRUE ...
 $ Race.IsAnalyzeNormalFuture       : logi  FALSE FALSE FALSE FALSE FALSE FALSE ...
 $ Race.IsAnalyzeFullPastAndFuture  : logi  TRUE TRUE TRUE TRUE TRUE TRUE ...
 $ Race.IsAnalyzeFullPast           : logi  TRUE TRUE TRUE TRUE TRUE TRUE ...
 $ Race.IsAnalyzeFullFuture         : logi  FALSE FALSE FALSE FALSE FALSE FALSE ...
 $ Race.JyokenCd                    : Factor w/ 1 level "1": 1 1 1 1 1 1 1 1 1 1 ...
 $ Race.JyoType1Cd                  : Factor w/ 141 levels "1-06-2000-1-1",..: 3 1 9 10 11 3 10 3 12 13 ...
 $ Race.RaceType1Cd                 : Factor w/ 16 levels "1-1-B-2","1-1-E-2",..: 3 4 7 6 3 3 6 6 3 6 ...
 $ RaceHorse.RaceId                 : Factor w/ 925 levels "20160306-06-02-04-11",..: 11 12 13 14 15 16 17 18 19 20 ...
 $ RaceHorse.KettoNum               : Factor w/ 2962 levels "2013105788","2008102279",..: 11 12 13 14 15 16 17 18 19 20 ...
 $ RaceHorse.IsHit1                 : num  0 0 0 0 0 0 0 0 0 0 ...
 $ RaceHorse.IsHit2                 : num  0 0 0 0 0 0 0 0 0 0 ...
 $ RaceHorse.IsHit3                 : num  0 0 0 0 0 0 0 0 0 0 ...
 $ RaceHorse.IsHit4                 : num  0 0 0 0 0 0 0 0 0 0 ...
 $ RaceHorse.IsHit5                 : num  0 0 0 0 0 0 0 0 0 0 ...
 $ RaceHorse.IsHit6                 : num  1 0 1 1 1 1 1 1 1 1 ...
 $ RaceHorse.IsValidRaceHorse       : logi  TRUE FALSE TRUE TRUE TRUE TRUE ...
 $ RaceHorse.TimeSdv                : num  -0.1547 NA 0.0496 0.7923 0.5776 ...
 $ RaceHorse.IsHitA                 : num  0 0 0 0 0 0 0 0 0 0 ...
 $ RaceHorse.IsHitB                 : num  0 0 0 0 0 0 0 0 0 0 ...
 $ RaceHorse.IsHitC                 : num  0 0 0 0 0 0 0 0 0 0 ...
 $ Jockey.TimeSdvByRaceAvg          : num  -0.24 0.617 0.124 -0.019 0.781 ...
 $ Jockey.TimeSdvByRaceMin          : num  -2.0814 -0.9798 -2.2297 -2.9108 0.0946 ...
 $ Jockey.TimeSdvByRaceMax          : num  0.892 1.783 1.726 1.709 1.784 ...
 $ Jockey.TimeSdvAvg                : num  -0.595 0.164 -0.352 -0.121 0.348 ...
 $ Jockey.TimeSdvMin                : num  -1.536 -0.793 -1.873 -1.985 -1.45 ...
 $ Jockey.TimeSdvMax                : num  1.27 1.84 1.67 1.8 1.59 ...
 $ Jockey.OrderOfFinishSdvAvg       : num  -0.2802 0.6063 0.0385 -0.041 0.795 ...
 $ Jockey.RunCount                  : num  16 10 6 54 13 50 3 42 24 66 ...
 $ Jockey.HitCount1                 : num  0 3 1 3 2 3 0 3 1 8 ...
 $ Jockey.HitCount2                 : num  0 2 0 2 1 3 0 5 1 8 ...
 $ Jockey.HitCount3                 : num  1 0 0 5 4 1 0 2 0 7 ...
 $ Jockey.HitCount4                 : num  2 1 1 3 2 4 0 5 0 6 ...
 $ Jockey.HitCount5                 : num  0 0 0 4 1 1 0 7 3 6 ...
 $ Jockey.HitRate1                  : num  0 0.3 0.1667 0.0556 0.1538 ...
 $ Jockey.HitRate2                  : num  0 0.2 0 0.037 0.0769 ...
 $ Jockey.HitRate3                  : num  0.0625 0 0 0.0926 0.3077 ...
 $ Jockey.HitRate4                  : num  0.125 0.1 0.1667 0.0556 0.1538 ...
 $ Jockey.HitRate5                  : num  0 0 0 0.0741 0.0769 ...
 $ EOF                              : int  1 1 1 1 1 1 1 1 1 1 ...
NULL
[1] "2022-02-25 20:57:51 --- transform Finish ---"
[1] "2022-02-25 20:57:51 --- na.omit Start ---"
[1] "--------------------------------------------------------------------------------"
[1] "nrow(data) na.omit before=12111"
[1] "nrow(data) na.omit after =12041"
[1] "nrow(data) na.omit diff =70"
[1] "--------------------------------------------------------------------------------"
'data.frame':	12041 obs. of  43 variables:
 $ Race.RaceId                      : Factor w/ 925 levels "20160306-06-02-04-11",..: 11 13 14 15 16 17 18 19 20 21 ...
 $ Race.IsPredictedRace             : logi  TRUE TRUE TRUE TRUE TRUE TRUE ...
 $ Race.IsAnalyzeNormalPastAndFuture: logi  TRUE TRUE TRUE TRUE TRUE TRUE ...
 $ Race.IsAnalyzeNormalPast         : logi  TRUE TRUE TRUE TRUE TRUE TRUE ...
 $ Race.IsAnalyzeNormalFuture       : logi  FALSE FALSE FALSE FALSE FALSE FALSE ...
 $ Race.IsAnalyzeFullPastAndFuture  : logi  TRUE TRUE TRUE TRUE TRUE TRUE ...
 $ Race.IsAnalyzeFullPast           : logi  TRUE TRUE TRUE TRUE TRUE TRUE ...
 $ Race.IsAnalyzeFullFuture         : logi  FALSE FALSE FALSE FALSE FALSE FALSE ...
 $ Race.JyokenCd                    : Factor w/ 1 level "1": 1 1 1 1 1 1 1 1 1 1 ...
 $ Race.JyoType1Cd                  : Factor w/ 141 levels "1-06-2000-1-1",..: 3 9 10 11 3 10 3 12 13 14 ...
 $ Race.RaceType1Cd                 : Factor w/ 16 levels "1-1-B-2","1-1-E-2",..: 3 7 6 3 3 6 6 3 6 3 ...
 $ RaceHorse.RaceId                 : Factor w/ 925 levels "20160306-06-02-04-11",..: 11 13 14 15 16 17 18 19 20 21 ...
 $ RaceHorse.KettoNum               : Factor w/ 2962 levels "2013105788","2008102279",..: 11 13 14 15 16 17 18 19 20 21 ...
 $ RaceHorse.IsHit1                 : num  0 0 0 0 0 0 0 0 0 0 ...
 $ RaceHorse.IsHit2                 : num  0 0 0 0 0 0 0 0 0 0 ...
 $ RaceHorse.IsHit3                 : num  0 0 0 0 0 0 0 0 0 0 ...
 $ RaceHorse.IsHit4                 : num  0 0 0 0 0 0 0 0 0 1 ...
 $ RaceHorse.IsHit5                 : num  0 0 0 0 0 0 0 0 0 0 ...
 $ RaceHorse.IsHit6                 : num  1 1 1 1 1 1 1 1 1 0 ...
 $ RaceHorse.IsValidRaceHorse       : logi  TRUE TRUE TRUE TRUE TRUE TRUE ...
 $ RaceHorse.TimeSdv                : num  -0.1547 0.0496 0.7923 0.5776 -0.0169 ...
 $ RaceHorse.IsHitA                 : num  0 0 0 0 0 0 0 0 0 0 ...
 $ RaceHorse.IsHitB                 : num  0 0 0 0 0 0 0 0 0 0 ...
 $ RaceHorse.IsHitC                 : num  0 0 0 0 0 0 0 0 0 0 ...
 $ Jockey.TimeSdvByRaceAvg          : num  -0.24 0.124 -0.019 0.781 -0.115 ...
 $ Jockey.TimeSdvByRaceMin          : num  -2.0814 -2.2297 -2.9108 0.0946 -2.8256 ...
 $ Jockey.TimeSdvByRaceMax          : num  0.892 1.726 1.709 1.784 1.323 ...
 $ Jockey.TimeSdvAvg                : num  -0.595 -0.352 -0.121 0.348 0.061 ...
 $ Jockey.TimeSdvMin                : num  -1.54 -1.87 -1.99 -1.45 -2.5 ...
 $ Jockey.TimeSdvMax                : num  1.27 1.67 1.8 1.59 1.85 ...
 $ Jockey.OrderOfFinishSdvAvg       : num  -0.2802 0.0385 -0.041 0.795 -0.2274 ...
 $ Jockey.RunCount                  : num  16 6 54 13 50 3 42 24 66 45 ...
 $ Jockey.HitCount1                 : num  0 1 3 2 3 0 3 1 8 10 ...
 $ Jockey.HitCount2                 : num  0 0 2 1 3 0 5 1 8 1 ...
 $ Jockey.HitCount3                 : num  1 0 5 4 1 0 2 0 7 3 ...
 $ Jockey.HitCount4                 : num  2 1 3 2 4 0 5 0 6 7 ...
 $ Jockey.HitCount5                 : num  0 0 4 1 1 0 7 3 6 5 ...
 $ Jockey.HitRate1                  : num  0 0.1667 0.0556 0.1538 0.06 ...
 $ Jockey.HitRate2                  : num  0 0 0.037 0.0769 0.06 ...
 $ Jockey.HitRate3                  : num  0.0625 0 0.0926 0.3077 0.02 ...
 $ Jockey.HitRate4                  : num  0.125 0.1667 0.0556 0.1538 0.08 ...
 $ Jockey.HitRate5                  : num  0 0 0.0741 0.0769 0.02 ...
 $ EOF                              : int  1 1 1 1 1 1 1 1 1 1 ...
 - attr(*, "na.action")= 'omit' Named int  2 240 262 269 308 335 342 527 578 704 ...
  ..- attr(*, "names")= chr  "2" "240" "262" "269" ...
[1] "2022-02-25 20:57:51 --- na.omit Finish ---"
[1] "2022-02-25 20:57:51 --- rxGlm with rxStepControl Start ---"

> print(paste0(Sys.time(), " --- source_logic_glm.R Start ---"))
[1] "2022-02-25 20:57:51 --- source_logic_glm.R Start ---"

> formula <- formula(RaceHorse.IsHitA ~ +1 + Jockey.TimeSdvAvg)

> print(paste0(Sys.time(), " --- source_logic_glm.R Finished ---"))
[1] "2022-02-25 20:57:51 --- source_logic_glm.R Finished ---"
Rows Read: 12041, Total Rows Processed: 12041, Total Chunk Time: 0.001 seconds 

Starting values (iteration 1) time: 0.006 secs.
Rows Read: 12041, Total Rows Processed: 12041, Total Chunk Time: Less than .001 seconds 

Iteration 2 time: 0.004 secs.
Rows Read: 12041, Total Rows Processed: 12041, Total Chunk Time: 0.002 seconds 

Iteration 3 time: 0.005 secs.
Rows Read: 12041, Total Rows Processed: 12041, Total Chunk Time: 0.002 seconds 

Iteration 4 time: 0.005 secs.

Elapsed computation time: 0.044 secs.
Rows Read: 12041, Total Rows Processed: 12041, Total Chunk Time: Less than .001 seconds 

Starting values (iteration 1) time: 0.005 secs.
Rows Read: 12041, Total Rows Processed: 12041, Total Chunk Time: 0.001 seconds 

Iteration 2 time: 0.005 secs.

Elapsed computation time: 0.021 secs.
Rows Read: 12041, Total Rows Processed: 12041, Total Chunk Time: 0.001 seconds 

Starting values (iteration 1) time: 0.006 secs.
Rows Read: 12041, Total Rows Processed: 12041, Total Chunk Time: 0.001 seconds 

Iteration 2 time: 0.006 secs.
Rows Read: 12041, Total Rows Processed: 12041, Total Chunk Time: 0.002 seconds 

Iteration 3 time: 0.004 secs.
Rows Read: 12041, Total Rows Processed: 12041, Total Chunk Time: 0.002 seconds 

Iteration 4 time: 0.006 secs.

Elapsed computation time: 0.054 secs.

Elapsed computation time: 0.144 secs.
[1] "--------------------------------------------------------------------------------"
[1] "analyze.results.glm.step="
Logistic Regression Results for: RaceHorse.IsHitA ~ Jockey.TimeSdvAvg
Data: data
Dependent variable(s): RaceHorse.IsHitA
Total independent variables: 2 
Number of valid observations: 12041
Number of missing observations: 0 
 
Coefficients:
                  RaceHorse.IsHitA
(Intercept)                   -2.6
Jockey.TimeSdvAvg              0.7
[1] "analyze.results.glm.step.summary"
Call:
rxLogit(formula = formula, data = data, variableSelection = analyze.results.glm.step.varsel)

Logistic Regression Results for: RaceHorse.IsHitA ~ Jockey.TimeSdvAvg
Data: data
Dependent variable(s): RaceHorse.IsHitA
Total independent variables: 2 
Number of valid observations: 12041
Number of missing observations: 0 
-2*LogLikelihood: 6327.867 (Residual deviance on 12039 degrees of freedom)
 
Coefficients:
                  Estimate Std. Error z value Pr(>|z|)    
(Intercept)        -2.5899     0.0373  -69.45  2.2e-16 ***
Jockey.TimeSdvAvg   0.6875     0.0931    7.38  2.2e-16 ***
---
Signif. codes:  0 '***' 0.001 '**' 0.01 '*' 0.05 '.' 0.1 ' ' 1

Condition number of final variance-covariance matrix: 1 
Number of iterations: 4
[1] "--------------------------------------------------------------------------------"
[1] "2022-02-25 20:57:52 --- rxGlm with rxStepControl Finish ---"
[1] "2022-02-25 20:57:52 --- rxStepPlot Start ---"
[1] "pdfFilename=pdf_analyze_glm_Jockey_Type11_rxStepPlot.pdf"
[1] "rxStepPlot="
[1] "2022-02-25 20:57:52 --- rxStepPlot Finish ---"
[1] "2022-02-25 20:57:52 --- save.image Start ---"
[1] "save.image"
[1] "rdataFilename=RData_analyze_glm_Jockey_Type11.RData"
[1] "2022-02-25 20:57:52 --- save.image Finish ---"
[1] "2022-02-25 20:57:52 --- final Start ---"
[1] "--------------------------------------------------------------------------------"
[1] "nrow(data) final=12041"
[1] "--------------------------------------------------------------------------------"
[1] "2022-02-25 20:57:52 --- final Finish ---"
[1] "2022-02-25 20:57:52 --- analyze_glm.R Finished ---"
[1] "2022-02-25 20:57:52 --- log Finish ---"
