[1] "2022-02-25 20:24:23 --- D1115_analyze_glm_Gen02_IsHitA_Type25 Start ---"
[1] "2022-02-25 20:24:23 --- Log Start ---"
[1] "2022-02-25 20:24:25 --- analyze_glm.R Start ---"
[1] "analyzeVersion=D1115"
[1] "analyzeCategory=analyze"
[1] "analyzeType=Gen02"
[1] "analyzeFamily=IsHitA"
[1] "analyzeFunc=glm"
[1] "analyzeTrackTypeCd=2"
[1] "analyzeJyokenCd=5"
[1] "2022-02-25 20:24:40 --- source_function.R Start ---"
[1] "2022-02-25 20:24:47 --- source_function.R Finished ---"

> print(paste0(Sys.time(), " --- source_library.R Start ---"))
[1] "2022-02-25 20:25:12 --- source_library.R Start ---"

> require("RevoScaleR")

> print(paste0(Sys.time(), " --- source_library.R Finished ---"))
[1] "2022-02-25 20:25:41 --- source_library.R Finished ---"
[1] "2022-02-25 20:25:42 --- RxSqlServerData Start ---"
[1] "2022-02-25 20:25:43 --- RxInSqlServer Start ---"
[1] "2022-02-25 20:25:43 --- RxInSqlServer Finish ---"
[1] "2022-02-25 20:25:43 --- rxSetComputeContext Start ---"
[1] "2022-02-25 20:25:43 --- rxSetComputeContext Finish ---"
[1] "2022-02-25 20:25:43 --- RxSqlServerData Start ---"
[1] "sqlQuery=SELECT * FROM ViewAnalyzeD1115analyze01Gen02Type25"
[1] "2022-02-25 20:25:44 --- RxSqlServerData Finish ---"
[1] "2022-02-25 20:25:44 --- rxGetVarInfo Start ---"
[1] "2022-02-25 20:25:48 --- rxGetVarInfo Finish---"
[1] "2022-02-25 20:25:48 --- rxImport Start ---"
Rows Read: 39771, Total Rows Processed: 39771, Total Chunk Time: 424.705 seconds 
[1] "2022-02-25 20:53:11 --- rxImport Finish ---"
[1] "object.size(data) auto=12.5 Mb"
[1] "--------------------------------------------------------------------------------"
[1] "nrow(data) RxSqlServerData=39771"
[1] "--------------------------------------------------------------------------------"
[1] "str(data)="
'data.frame':	39771 obs. of  44 variables:
 $ Race.RaceId                      : Factor w/ 3262 levels "20160105-08-01-01-02",..: 1 2 2 3 4 5 6 7 8 9 ...
 $ Race.IsPredictedRace             : logi  TRUE TRUE TRUE TRUE TRUE TRUE ...
 $ Race.IsAnalyzeNormalPastAndFuture: logi  TRUE TRUE TRUE TRUE TRUE TRUE ...
 $ Race.IsAnalyzeNormalPast         : logi  TRUE TRUE TRUE TRUE TRUE TRUE ...
 $ Race.IsAnalyzeNormalFuture       : logi  FALSE FALSE FALSE FALSE FALSE FALSE ...
 $ Race.IsAnalyzeFullPastAndFuture  : logi  TRUE TRUE TRUE TRUE TRUE TRUE ...
 $ Race.IsAnalyzeFullPast           : logi  TRUE TRUE TRUE TRUE TRUE TRUE ...
 $ Race.IsAnalyzeFullFuture         : logi  FALSE FALSE FALSE FALSE FALSE FALSE ...
 $ Race.JyokenCd                    : Factor w/ 1 level "5": 1 1 1 1 1 1 1 1 1 1 ...
 $ Race.JyoType1Cd                  : Factor w/ 115 levels "2-08-1200-5-1",..: 1 1 1 2 3 4 1 5 6 7 ...
 $ Race.RaceType1Cd                 : Factor w/ 3 levels "2-5-X-1","2-5-X-2",..: 1 1 1 1 2 2 1 1 1 1 ...
 $ RaceHorse.RaceId                 : Factor w/ 3262 levels "20160105-08-01-01-02",..: 1 2 2 3 4 5 6 7 8 9 ...
 $ RaceHorse.KettoNum               : Factor w/ 14065 levels "2013103049","2013100974",..: 1 2 3 4 5 6 3 1 4 2 ...
 $ RaceHorse.IsHit1                 : num  0 0 0 0 0 0 0 0 1 0 ...
 $ RaceHorse.IsHit2                 : num  0 0 0 1 0 0 0 0 0 0 ...
 $ RaceHorse.IsHit3                 : num  0 0 0 0 0 0 1 0 0 0 ...
 $ RaceHorse.IsHit4                 : num  0 0 0 0 0 0 0 0 0 0 ...
 $ RaceHorse.IsHit5                 : num  0 0 0 0 1 0 0 0 0 0 ...
 $ RaceHorse.IsHit6                 : num  1 1 1 0 0 1 0 1 0 1 ...
 $ RaceHorse.IsValidRaceHorse       : logi  TRUE TRUE TRUE TRUE TRUE TRUE ...
 $ RaceHorse.TimeSdv                : num  -0.0514 -0.122 0.0193 0.8117 -0.4526 ...
 $ RaceHorse.IsHitA                 : num  0 0 0 0 0 0 0 0 1 0 ...
 $ RaceHorse.IsHitB                 : num  0 0 0 1 0 0 0 0 1 0 ...
 $ RaceHorse.IsHitC                 : num  0 0 0 1 0 0 1 0 1 0 ...
 $ Gen02.HansyokuNum                : Factor w/ 476 levels "11201922","11201953",..: 1 2 2 2 2 2 2 1 2 2 ...
 $ Gen02.TimeSdvByRaceAvg           : num  0.0505 -0.1624 0.5847 -0.3624 -0.4337 ...
 $ Gen02.TimeSdvByRaceMin           : num  -0.669 -1.044 -0.638 -1.967 -0.723 ...
 $ Gen02.TimeSdvByRaceMax           : num  0.844 0.682 1.275 1.624 -0.108 ...
 $ Gen02.TimeSdvAvg                 : num  0.0599 -0.4736 0.3699 -0.5228 -0.4538 ...
 $ Gen02.TimeSdvMin                 : num  -0.308 -0.728 -0.577 -1.644 -0.767 ...
 $ Gen02.TimeSdvMax                 : num  0.7745 -0.0755 1.6954 0.4419 0.0894 ...
 $ Gen02.OrderOfFinishSdvAvg        : num  0.0932 0.0182 0.8059 -0.1168 -0.6242 ...
 $ Gen02.RunCount                   : num  3 3 6 5 4 3 7 4 6 4 ...
 $ Gen02.HitCount1                  : num  0 0 1 1 0 0 1 0 1 0 ...
 $ Gen02.HitCount2                  : num  0 0 0 0 0 0 0 0 1 0 ...
 $ Gen02.HitCount3                  : num  1 0 1 0 0 0 1 1 0 0 ...
 $ Gen02.HitCount4                  : num  0 1 2 0 0 0 2 0 0 1 ...
 $ Gen02.HitCount5                  : num  0 0 0 0 0 0 0 0 0 0 ...
 $ Gen02.HitRate1                   : num  0 0 0.167 0.2 0 ...
 $ Gen02.HitRate2                   : num  0 0 0 0 0 ...
 $ Gen02.HitRate3                   : num  0.333 0 0.167 0 0 ...
 $ Gen02.HitRate4                   : num  0 0.333 0.333 0 0 ...
 $ Gen02.HitRate5                   : num  0 0 0 0 0 0 0 0 0 0 ...
 $ EOF                              : int  1 1 1 1 1 1 1 1 1 1 ...
[1] "2022-02-25 20:53:11 --- RxSqlServerData Finish ---"
[1] "2022-02-25 20:53:11 --- subset Start ---"
[1] "--------------------------------------------------------------------------------"
[1] "nrow(data) subset before=39771"
[1] "nrow(data) subset after =39771"
[1] "nrow(data) subset diff =0"
[1] "--------------------------------------------------------------------------------"
[1] "2022-02-25 20:53:11 --- subset Finish---"
[1] "2022-02-25 20:53:11 --- transform Start ---"
[1] "--------------------------------------------------------------------------------"
[1] "nrow(data) transform before=39771"
[1] "nrow(data) transform after=39771"
[1] "nrow(data) transform diff=0"
[1] "--------------------------------------------------------------------------------"
[1] "str(data)="
'data.frame':	39771 obs. of  44 variables:
 $ Race.RaceId                      : Factor w/ 3262 levels "20160105-08-01-01-02",..: 1 2 2 3 4 5 6 7 8 9 ...
 $ Race.IsPredictedRace             : logi  TRUE TRUE TRUE TRUE TRUE TRUE ...
 $ Race.IsAnalyzeNormalPastAndFuture: logi  TRUE TRUE TRUE TRUE TRUE TRUE ...
 $ Race.IsAnalyzeNormalPast         : logi  TRUE TRUE TRUE TRUE TRUE TRUE ...
 $ Race.IsAnalyzeNormalFuture       : logi  FALSE FALSE FALSE FALSE FALSE FALSE ...
 $ Race.IsAnalyzeFullPastAndFuture  : logi  TRUE TRUE TRUE TRUE TRUE TRUE ...
 $ Race.IsAnalyzeFullPast           : logi  TRUE TRUE TRUE TRUE TRUE TRUE ...
 $ Race.IsAnalyzeFullFuture         : logi  FALSE FALSE FALSE FALSE FALSE FALSE ...
 $ Race.JyokenCd                    : Factor w/ 1 level "5": 1 1 1 1 1 1 1 1 1 1 ...
 $ Race.JyoType1Cd                  : Factor w/ 115 levels "2-08-1200-5-1",..: 1 1 1 2 3 4 1 5 6 7 ...
 $ Race.RaceType1Cd                 : Factor w/ 3 levels "2-5-X-1","2-5-X-2",..: 1 1 1 1 2 2 1 1 1 1 ...
 $ RaceHorse.RaceId                 : Factor w/ 3262 levels "20160105-08-01-01-02",..: 1 2 2 3 4 5 6 7 8 9 ...
 $ RaceHorse.KettoNum               : Factor w/ 14065 levels "2013103049","2013100974",..: 1 2 3 4 5 6 3 1 4 2 ...
 $ RaceHorse.IsHit1                 : num  0 0 0 0 0 0 0 0 1 0 ...
 $ RaceHorse.IsHit2                 : num  0 0 0 1 0 0 0 0 0 0 ...
 $ RaceHorse.IsHit3                 : num  0 0 0 0 0 0 1 0 0 0 ...
 $ RaceHorse.IsHit4                 : num  0 0 0 0 0 0 0 0 0 0 ...
 $ RaceHorse.IsHit5                 : num  0 0 0 0 1 0 0 0 0 0 ...
 $ RaceHorse.IsHit6                 : num  1 1 1 0 0 1 0 1 0 1 ...
 $ RaceHorse.IsValidRaceHorse       : logi  TRUE TRUE TRUE TRUE TRUE TRUE ...
 $ RaceHorse.TimeSdv                : num  -0.0514 -0.122 0.0193 0.8117 -0.4526 ...
 $ RaceHorse.IsHitA                 : num  0 0 0 0 0 0 0 0 1 0 ...
 $ RaceHorse.IsHitB                 : num  0 0 0 1 0 0 0 0 1 0 ...
 $ RaceHorse.IsHitC                 : num  0 0 0 1 0 0 1 0 1 0 ...
 $ Gen02.HansyokuNum                : Factor w/ 476 levels "11201922","11201953",..: 1 2 2 2 2 2 2 1 2 2 ...
 $ Gen02.TimeSdvByRaceAvg           : num  0.0505 -0.1624 0.5847 -0.3624 -0.4337 ...
 $ Gen02.TimeSdvByRaceMin           : num  -0.669 -1.044 -0.638 -1.967 -0.723 ...
 $ Gen02.TimeSdvByRaceMax           : num  0.844 0.682 1.275 1.624 -0.108 ...
 $ Gen02.TimeSdvAvg                 : num  0.0599 -0.4736 0.3699 -0.5228 -0.4538 ...
 $ Gen02.TimeSdvMin                 : num  -0.308 -0.728 -0.577 -1.644 -0.767 ...
 $ Gen02.TimeSdvMax                 : num  0.7745 -0.0755 1.6954 0.4419 0.0894 ...
 $ Gen02.OrderOfFinishSdvAvg        : num  0.0932 0.0182 0.8059 -0.1168 -0.6242 ...
 $ Gen02.RunCount                   : num  3 3 6 5 4 3 7 4 6 4 ...
 $ Gen02.HitCount1                  : num  0 0 1 1 0 0 1 0 1 0 ...
 $ Gen02.HitCount2                  : num  0 0 0 0 0 0 0 0 1 0 ...
 $ Gen02.HitCount3                  : num  1 0 1 0 0 0 1 1 0 0 ...
 $ Gen02.HitCount4                  : num  0 1 2 0 0 0 2 0 0 1 ...
 $ Gen02.HitCount5                  : num  0 0 0 0 0 0 0 0 0 0 ...
 $ Gen02.HitRate1                   : num  0 0 0.167 0.2 0 ...
 $ Gen02.HitRate2                   : num  0 0 0 0 0 ...
 $ Gen02.HitRate3                   : num  0.333 0 0.167 0 0 ...
 $ Gen02.HitRate4                   : num  0 0.333 0.333 0 0 ...
 $ Gen02.HitRate5                   : num  0 0 0 0 0 0 0 0 0 0 ...
 $ EOF                              : int  1 1 1 1 1 1 1 1 1 1 ...
NULL
[1] "2022-02-25 20:53:12 --- transform Finish ---"
[1] "2022-02-25 20:53:12 --- na.omit Start ---"
[1] "--------------------------------------------------------------------------------"
[1] "nrow(data) na.omit before=39771"
[1] "nrow(data) na.omit after =39440"
[1] "nrow(data) na.omit diff =331"
[1] "--------------------------------------------------------------------------------"
'data.frame':	39440 obs. of  44 variables:
 $ Race.RaceId                      : Factor w/ 3262 levels "20160105-08-01-01-02",..: 1 2 2 3 4 5 6 7 8 9 ...
 $ Race.IsPredictedRace             : logi  TRUE TRUE TRUE TRUE TRUE TRUE ...
 $ Race.IsAnalyzeNormalPastAndFuture: logi  TRUE TRUE TRUE TRUE TRUE TRUE ...
 $ Race.IsAnalyzeNormalPast         : logi  TRUE TRUE TRUE TRUE TRUE TRUE ...
 $ Race.IsAnalyzeNormalFuture       : logi  FALSE FALSE FALSE FALSE FALSE FALSE ...
 $ Race.IsAnalyzeFullPastAndFuture  : logi  TRUE TRUE TRUE TRUE TRUE TRUE ...
 $ Race.IsAnalyzeFullPast           : logi  TRUE TRUE TRUE TRUE TRUE TRUE ...
 $ Race.IsAnalyzeFullFuture         : logi  FALSE FALSE FALSE FALSE FALSE FALSE ...
 $ Race.JyokenCd                    : Factor w/ 1 level "5": 1 1 1 1 1 1 1 1 1 1 ...
 $ Race.JyoType1Cd                  : Factor w/ 115 levels "2-08-1200-5-1",..: 1 1 1 2 3 4 1 5 6 7 ...
 $ Race.RaceType1Cd                 : Factor w/ 3 levels "2-5-X-1","2-5-X-2",..: 1 1 1 1 2 2 1 1 1 1 ...
 $ RaceHorse.RaceId                 : Factor w/ 3262 levels "20160105-08-01-01-02",..: 1 2 2 3 4 5 6 7 8 9 ...
 $ RaceHorse.KettoNum               : Factor w/ 14065 levels "2013103049","2013100974",..: 1 2 3 4 5 6 3 1 4 2 ...
 $ RaceHorse.IsHit1                 : num  0 0 0 0 0 0 0 0 1 0 ...
 $ RaceHorse.IsHit2                 : num  0 0 0 1 0 0 0 0 0 0 ...
 $ RaceHorse.IsHit3                 : num  0 0 0 0 0 0 1 0 0 0 ...
 $ RaceHorse.IsHit4                 : num  0 0 0 0 0 0 0 0 0 0 ...
 $ RaceHorse.IsHit5                 : num  0 0 0 0 1 0 0 0 0 0 ...
 $ RaceHorse.IsHit6                 : num  1 1 1 0 0 1 0 1 0 1 ...
 $ RaceHorse.IsValidRaceHorse       : logi  TRUE TRUE TRUE TRUE TRUE TRUE ...
 $ RaceHorse.TimeSdv                : num  -0.0514 -0.122 0.0193 0.8117 -0.4526 ...
 $ RaceHorse.IsHitA                 : num  0 0 0 0 0 0 0 0 1 0 ...
 $ RaceHorse.IsHitB                 : num  0 0 0 1 0 0 0 0 1 0 ...
 $ RaceHorse.IsHitC                 : num  0 0 0 1 0 0 1 0 1 0 ...
 $ Gen02.HansyokuNum                : Factor w/ 476 levels "11201922","11201953",..: 1 2 2 2 2 2 2 1 2 2 ...
 $ Gen02.TimeSdvByRaceAvg           : num  0.0505 -0.1624 0.5847 -0.3624 -0.4337 ...
 $ Gen02.TimeSdvByRaceMin           : num  -0.669 -1.044 -0.638 -1.967 -0.723 ...
 $ Gen02.TimeSdvByRaceMax           : num  0.844 0.682 1.275 1.624 -0.108 ...
 $ Gen02.TimeSdvAvg                 : num  0.0599 -0.4736 0.3699 -0.5228 -0.4538 ...
 $ Gen02.TimeSdvMin                 : num  -0.308 -0.728 -0.577 -1.644 -0.767 ...
 $ Gen02.TimeSdvMax                 : num  0.7745 -0.0755 1.6954 0.4419 0.0894 ...
 $ Gen02.OrderOfFinishSdvAvg        : num  0.0932 0.0182 0.8059 -0.1168 -0.6242 ...
 $ Gen02.RunCount                   : num  3 3 6 5 4 3 7 4 6 4 ...
 $ Gen02.HitCount1                  : num  0 0 1 1 0 0 1 0 1 0 ...
 $ Gen02.HitCount2                  : num  0 0 0 0 0 0 0 0 1 0 ...
 $ Gen02.HitCount3                  : num  1 0 1 0 0 0 1 1 0 0 ...
 $ Gen02.HitCount4                  : num  0 1 2 0 0 0 2 0 0 1 ...
 $ Gen02.HitCount5                  : num  0 0 0 0 0 0 0 0 0 0 ...
 $ Gen02.HitRate1                   : num  0 0 0.167 0.2 0 ...
 $ Gen02.HitRate2                   : num  0 0 0 0 0 ...
 $ Gen02.HitRate3                   : num  0.333 0 0.167 0 0 ...
 $ Gen02.HitRate4                   : num  0 0.333 0.333 0 0 ...
 $ Gen02.HitRate5                   : num  0 0 0 0 0 0 0 0 0 0 ...
 $ EOF                              : int  1 1 1 1 1 1 1 1 1 1 ...
 - attr(*, "na.action")= 'omit' Named int  69 386 442 487 494 528 543 629 761 778 ...
  ..- attr(*, "names")= chr  "69" "386" "442" "487" ...
[1] "2022-02-25 20:53:12 --- na.omit Finish ---"
[1] "2022-02-25 20:53:12 --- rxGlm with rxStepControl Start ---"

> print(paste0(Sys.time(), " --- source_logic_glm.R Start ---"))
[1] "2022-02-25 20:53:12 --- source_logic_glm.R Start ---"

> formula <- formula(RaceHorse.IsHitA ~ +1 + Gen02.TimeSdvAvg)

> print(paste0(Sys.time(), " --- source_logic_glm.R Finished ---"))
[1] "2022-02-25 20:53:12 --- source_logic_glm.R Finished ---"
Rows Read: 39440, Total Rows Processed: 39440, Total Chunk Time: Less than .001 seconds 

Starting values (iteration 1) time: 0.009 secs.
Rows Read: 39440, Total Rows Processed: 39440, Total Chunk Time: 0.003 seconds 

Iteration 2 time: 0.007 secs.
Rows Read: 39440, Total Rows Processed: 39440, Total Chunk Time: 0.002 seconds 

Iteration 3 time: 0.005 secs.
Rows Read: 39440, Total Rows Processed: 39440, Total Chunk Time: 0.003 seconds 

Iteration 4 time: 0.004 secs.
Rows Read: 39440, Total Rows Processed: 39440, Total Chunk Time: 0.002 seconds 

Iteration 5 time: 0.005 secs.

Elapsed computation time: 0.044 secs.
Rows Read: 39440, Total Rows Processed: 39440, Total Chunk Time: Less than .001 seconds 

Starting values (iteration 1) time: 0.008 secs.
Rows Read: 39440, Total Rows Processed: 39440, Total Chunk Time: Less than .001 seconds 

Iteration 2 time: 0.006 secs.

Elapsed computation time: 0.022 secs.
Rows Read: 39440, Total Rows Processed: 39440, Total Chunk Time: Less than .001 seconds 

Starting values (iteration 1) time: 0.008 secs.
Rows Read: 39440, Total Rows Processed: 39440, Total Chunk Time: 0.002 seconds 

Iteration 2 time: 0.007 secs.
Rows Read: 39440, Total Rows Processed: 39440, Total Chunk Time: 0.002 seconds 

Iteration 3 time: 0.004 secs.
Rows Read: 39440, Total Rows Processed: 39440, Total Chunk Time: 0.002 seconds 

Iteration 4 time: 0.004 secs.
Rows Read: 39440, Total Rows Processed: 39440, Total Chunk Time: 0.002 seconds 

Iteration 5 time: 0.004 secs.

Elapsed computation time: 0.044 secs.

Elapsed computation time: 0.123 secs.
[1] "--------------------------------------------------------------------------------"
[1] "analyze.results.glm.step="
Logistic Regression Results for: RaceHorse.IsHitA ~ Gen02.TimeSdvAvg
Data: data
Dependent variable(s): RaceHorse.IsHitA
Total independent variables: 2 
Number of valid observations: 39440
Number of missing observations: 0 
 
Coefficients:
                 RaceHorse.IsHitA
(Intercept)                    -3
Gen02.TimeSdvAvg                1
[1] "analyze.results.glm.step.summary"
Call:
rxLogit(formula = formula, data = data, variableSelection = analyze.results.glm.step.varsel)

Logistic Regression Results for: RaceHorse.IsHitA ~ Gen02.TimeSdvAvg
Data: data
Dependent variable(s): RaceHorse.IsHitA
Total independent variables: 2 
Number of valid observations: 39440
Number of missing observations: 0 
-2*LogLikelihood: 19413.516 (Residual deviance on 39438 degrees of freedom)
 
Coefficients:
                 Estimate Std. Error z value Pr(>|z|)    
(Intercept)       -2.8012     0.0240  -116.9  2.2e-16 ***
Gen02.TimeSdvAvg   1.0216     0.0376    27.2  2.2e-16 ***
---
Signif. codes:  0 '***' 0.001 '**' 0.01 '*' 0.05 '.' 0.1 ' ' 1

Condition number of final variance-covariance matrix: 1 
Number of iterations: 5
[1] "--------------------------------------------------------------------------------"
[1] "2022-02-25 20:53:12 --- rxGlm with rxStepControl Finish ---"
[1] "2022-02-25 20:53:12 --- rxStepPlot Start ---"
[1] "pdfFilename=pdf_analyze_glm_Gen02_Type25_rxStepPlot.pdf"
[1] "rxStepPlot="
[1] "2022-02-25 20:53:12 --- rxStepPlot Finish ---"
[1] "2022-02-25 20:53:12 --- save.image Start ---"
[1] "save.image"
[1] "rdataFilename=RData_analyze_glm_Gen02_Type25.RData"
[1] "2022-02-25 20:53:13 --- save.image Finish ---"
[1] "2022-02-25 20:53:13 --- final Start ---"
[1] "--------------------------------------------------------------------------------"
[1] "nrow(data) final=39440"
[1] "--------------------------------------------------------------------------------"
[1] "2022-02-25 20:53:13 --- final Finish ---"
[1] "2022-02-25 20:53:13 --- analyze_glm.R Finished ---"
[1] "2022-02-25 20:53:13 --- log Finish ---"
