[1] "2022-02-26 17:58:20 --- D1115_analyze_glm_Jockey_IsHitA_Type26 Start ---"
[1] "2022-02-26 17:58:21 --- Log Start ---"
[1] "2022-02-26 17:58:21 --- analyze_glm.R Start ---"
[1] "analyzeVersion=D1115"
[1] "analyzeCategory=analyze"
[1] "analyzeType=Jockey"
[1] "analyzeFamily=IsHitA"
[1] "analyzeFunc=glm"
[1] "analyzeTrackTypeCd=2"
[1] "analyzeJyokenCd=6"
[1] "2022-02-26 17:58:24 --- source_function.R Start ---"
[1] "2022-02-26 17:58:24 --- source_function.R Finished ---"

> print(paste0(Sys.time(), " --- source_library.R Start ---"))
[1] "2022-02-26 17:58:24 --- source_library.R Start ---"

> require("RevoScaleR")

> print(paste0(Sys.time(), " --- source_library.R Finished ---"))
[1] "2022-02-26 17:58:28 --- source_library.R Finished ---"
[1] "2022-02-26 17:58:30 --- RxSqlServerData Start ---"
[1] "2022-02-26 17:58:32 --- RxInSqlServer Start ---"
[1] "2022-02-26 17:58:33 --- RxInSqlServer Finish ---"
[1] "2022-02-26 17:58:34 --- rxSetComputeContext Start ---"
[1] "2022-02-26 17:58:37 --- rxSetComputeContext Finish ---"
[1] "2022-02-26 17:58:37 --- RxSqlServerData Start ---"
[1] "sqlQuery=SELECT * FROM ViewAnalyzeD1115analyze01JockeyType26"
[1] "2022-02-26 17:58:37 --- RxSqlServerData Finish ---"
[1] "2022-02-26 17:58:38 --- rxGetVarInfo Start ---"
[1] "2022-02-26 17:58:42 --- rxGetVarInfo Finish---"
[1] "2022-02-26 17:58:42 --- rxImport Start ---"
Rows Read: 6750, Total Rows Processed: 6750, Total Chunk Time: 19.258 seconds 
[1] "2022-02-26 17:59:25 --- rxImport Finish ---"
[1] "object.size(data) auto=2.4 Mb"
[1] "--------------------------------------------------------------------------------"
[1] "nrow(data) RxSqlServerData=6750"
[1] "--------------------------------------------------------------------------------"
[1] "str(data)="
'data.frame':	6750 obs. of  43 variables:
 $ Race.RaceId                      : Factor w/ 467 levels "20160110-08-01-03-04",..: 2 2 2 2 2 2 2 2 2 2 ...
 $ Race.IsAnalyzeNormalPastAndFuture: logi  TRUE TRUE TRUE TRUE TRUE TRUE ...
 $ Race.IsAnalyzeNormalPast         : logi  TRUE TRUE TRUE TRUE TRUE TRUE ...
 $ Race.IsAnalyzeNormalFuture       : logi  FALSE FALSE FALSE FALSE FALSE FALSE ...
 $ Race.IsAnalyzeFullPastAndFuture  : logi  TRUE TRUE TRUE TRUE TRUE TRUE ...
 $ Race.IsAnalyzeFullPast           : logi  TRUE TRUE TRUE TRUE TRUE TRUE ...
 $ Race.IsAnalyzeFullFuture         : logi  FALSE FALSE FALSE FALSE FALSE FALSE ...
 $ Race.JyokenCd                    : Factor w/ 1 level "6": 1 1 1 1 1 1 1 1 1 1 ...
 $ Race.JyoType1Cd                  : Factor w/ 68 levels "2-08-1400-6-1",..: 2 2 2 2 2 2 2 2 2 2 ...
 $ Race.RaceType1Cd                 : Factor w/ 2 levels "2-6-X-1","2-6-X-2": 2 2 2 2 2 2 2 2 2 2 ...
 $ RaceHorse.RaceId                 : Factor w/ 467 levels "20160110-08-01-03-04",..: 2 2 2 2 2 2 2 2 2 2 ...
 $ RaceHorse.KettoNum               : Factor w/ 6735 levels "2013100624","2013101364",..: 11 12 13 14 15 16 17 18 19 20 ...
 $ RaceHorse.IsHit1                 : num  0 0 0 0 0 0 1 0 0 0 ...
 $ RaceHorse.IsHit2                 : num  0 0 0 0 0 0 0 0 0 0 ...
 $ RaceHorse.IsHit3                 : num  0 0 0 0 0 0 0 1 0 0 ...
 $ RaceHorse.IsHit4                 : num  0 0 0 0 0 0 0 0 1 0 ...
 $ RaceHorse.IsHit5                 : num  1 0 0 0 0 0 0 0 0 0 ...
 $ RaceHorse.IsHit6                 : num  0 1 1 1 1 1 0 0 0 1 ...
 $ RaceHorse.IsValidRaceHorse       : logi  TRUE TRUE TRUE TRUE TRUE TRUE ...
 $ RaceHorse.TimeSdvByRace          : num  0.4515 -0.9143 -1.6594 0.4101 0.0376 ...
 $ RaceHorse.TimeSdv                : num  0.2984 -0.971 -1.6635 0.26 -0.0863 ...
 $ RaceHorse.IsHitA                 : num  0 0 0 0 0 0 1 0 0 0 ...
 $ RaceHorse.IsHitB                 : num  0 0 0 0 0 0 1 0 0 0 ...
 $ RaceHorse.IsHitC                 : num  0 0 0 0 0 0 1 1 0 0 ...
 $ Jockey.TimeSdvByRaceAvg          : num  0.2363 -0.1113 -0.0934 0.0571 -0.2153 ...
 $ Jockey.TimeSdvByRaceMin          : num  -1.6 -2.57 -1.79 -2.04 -1.05 ...
 $ Jockey.TimeSdvByRaceMax          : num  2.273 1.386 1.617 1.424 0.438 ...
 $ Jockey.TimeSdvAvg                : num  0.1615 0.0486 -0.104 0.1353 0.0107 ...
 $ Jockey.TimeSdvMin                : num  -1.758 -1.976 -1.577 -1.697 -0.897 ...
 $ Jockey.TimeSdvMax                : num  1.799 1.214 1.26 1.522 0.532 ...
 $ Jockey.OrderOfFinishSdvAvg       : num  0.0792 0.1557 -0.2813 0.0054 -0.5283 ...
 $ Jockey.RunCount                  : num  27 17 28 26 11 36 31 24 24 6 ...
 $ Jockey.HitCount1                 : num  4 1 2 4 0 0 3 2 9 0 ...
 $ Jockey.HitCount2                 : num  0 2 2 1 0 3 3 5 3 1 ...
 $ Jockey.HitCount3                 : num  2 0 1 2 0 6 4 3 1 1 ...
 $ Jockey.HitCount4                 : num  2 1 0 3 1 3 2 2 3 1 ...
 $ Jockey.HitCount5                 : num  2 0 1 2 0 2 4 3 1 0 ...
 $ Jockey.HitRate1                  : num  0.1481 0.0588 0.0714 0.1538 0 ...
 $ Jockey.HitRate2                  : num  0 0.1176 0.0714 0.0385 0 ...
 $ Jockey.HitRate3                  : num  0.0741 0 0.0357 0.0769 0 ...
 $ Jockey.HitRate4                  : num  0.0741 0.0588 0 0.1154 0.0909 ...
 $ Jockey.HitRate5                  : num  0.0741 0 0.0357 0.0769 0 ...
 $ EOF                              : int  1 1 1 1 1 1 1 1 1 1 ...
[1] "2022-02-26 18:01:07 --- RxSqlServerData Finish ---"
[1] "2022-02-26 18:01:07 --- subset Start ---"
[1] "--------------------------------------------------------------------------------"
[1] "nrow(data) subset before=6750"
[1] "nrow(data) subset after =6750"
[1] "nrow(data) subset diff =0"
[1] "--------------------------------------------------------------------------------"
[1] "2022-02-26 18:01:07 --- subset Finish---"
[1] "2022-02-26 18:01:07 --- transform Start ---"
[1] "--------------------------------------------------------------------------------"
[1] "nrow(data) transform before=6750"
[1] "nrow(data) transform after=6750"
[1] "nrow(data) transform diff=0"
[1] "--------------------------------------------------------------------------------"
[1] "str(data)="
'data.frame':	6750 obs. of  43 variables:
 $ Race.RaceId                      : Factor w/ 467 levels "20160110-08-01-03-04",..: 2 2 2 2 2 2 2 2 2 2 ...
 $ Race.IsAnalyzeNormalPastAndFuture: logi  TRUE TRUE TRUE TRUE TRUE TRUE ...
 $ Race.IsAnalyzeNormalPast         : logi  TRUE TRUE TRUE TRUE TRUE TRUE ...
 $ Race.IsAnalyzeNormalFuture       : logi  FALSE FALSE FALSE FALSE FALSE FALSE ...
 $ Race.IsAnalyzeFullPastAndFuture  : logi  TRUE TRUE TRUE TRUE TRUE TRUE ...
 $ Race.IsAnalyzeFullPast           : logi  TRUE TRUE TRUE TRUE TRUE TRUE ...
 $ Race.IsAnalyzeFullFuture         : logi  FALSE FALSE FALSE FALSE FALSE FALSE ...
 $ Race.JyokenCd                    : Factor w/ 1 level "6": 1 1 1 1 1 1 1 1 1 1 ...
 $ Race.JyoType1Cd                  : Factor w/ 68 levels "2-08-1400-6-1",..: 2 2 2 2 2 2 2 2 2 2 ...
 $ Race.RaceType1Cd                 : Factor w/ 2 levels "2-6-X-1","2-6-X-2": 2 2 2 2 2 2 2 2 2 2 ...
 $ RaceHorse.RaceId                 : Factor w/ 467 levels "20160110-08-01-03-04",..: 2 2 2 2 2 2 2 2 2 2 ...
 $ RaceHorse.KettoNum               : Factor w/ 6735 levels "2013100624","2013101364",..: 11 12 13 14 15 16 17 18 19 20 ...
 $ RaceHorse.IsHit1                 : num  0 0 0 0 0 0 1 0 0 0 ...
 $ RaceHorse.IsHit2                 : num  0 0 0 0 0 0 0 0 0 0 ...
 $ RaceHorse.IsHit3                 : num  0 0 0 0 0 0 0 1 0 0 ...
 $ RaceHorse.IsHit4                 : num  0 0 0 0 0 0 0 0 1 0 ...
 $ RaceHorse.IsHit5                 : num  1 0 0 0 0 0 0 0 0 0 ...
 $ RaceHorse.IsHit6                 : num  0 1 1 1 1 1 0 0 0 1 ...
 $ RaceHorse.IsValidRaceHorse       : logi  TRUE TRUE TRUE TRUE TRUE TRUE ...
 $ RaceHorse.TimeSdvByRace          : num  0.4515 -0.9143 -1.6594 0.4101 0.0376 ...
 $ RaceHorse.TimeSdv                : num  0.2984 -0.971 -1.6635 0.26 -0.0863 ...
 $ RaceHorse.IsHitA                 : num  0 0 0 0 0 0 1 0 0 0 ...
 $ RaceHorse.IsHitB                 : num  0 0 0 0 0 0 1 0 0 0 ...
 $ RaceHorse.IsHitC                 : num  0 0 0 0 0 0 1 1 0 0 ...
 $ Jockey.TimeSdvByRaceAvg          : num  0.2363 -0.1113 -0.0934 0.0571 -0.2153 ...
 $ Jockey.TimeSdvByRaceMin          : num  -1.6 -2.57 -1.79 -2.04 -1.05 ...
 $ Jockey.TimeSdvByRaceMax          : num  2.273 1.386 1.617 1.424 0.438 ...
 $ Jockey.TimeSdvAvg                : num  0.1615 0.0486 -0.104 0.1353 0.0107 ...
 $ Jockey.TimeSdvMin                : num  -1.758 -1.976 -1.577 -1.697 -0.897 ...
 $ Jockey.TimeSdvMax                : num  1.799 1.214 1.26 1.522 0.532 ...
 $ Jockey.OrderOfFinishSdvAvg       : num  0.0792 0.1557 -0.2813 0.0054 -0.5283 ...
 $ Jockey.RunCount                  : num  27 17 28 26 11 36 31 24 24 6 ...
 $ Jockey.HitCount1                 : num  4 1 2 4 0 0 3 2 9 0 ...
 $ Jockey.HitCount2                 : num  0 2 2 1 0 3 3 5 3 1 ...
 $ Jockey.HitCount3                 : num  2 0 1 2 0 6 4 3 1 1 ...
 $ Jockey.HitCount4                 : num  2 1 0 3 1 3 2 2 3 1 ...
 $ Jockey.HitCount5                 : num  2 0 1 2 0 2 4 3 1 0 ...
 $ Jockey.HitRate1                  : num  0.1481 0.0588 0.0714 0.1538 0 ...
 $ Jockey.HitRate2                  : num  0 0.1176 0.0714 0.0385 0 ...
 $ Jockey.HitRate3                  : num  0.0741 0 0.0357 0.0769 0 ...
 $ Jockey.HitRate4                  : num  0.0741 0.0588 0 0.1154 0.0909 ...
 $ Jockey.HitRate5                  : num  0.0741 0 0.0357 0.0769 0 ...
 $ EOF                              : int  1 1 1 1 1 1 1 1 1 1 ...
NULL
[1] "2022-02-26 18:02:13 --- transform Finish ---"
[1] "2022-02-26 18:02:14 --- na.omit Start ---"
[1] "--------------------------------------------------------------------------------"
[1] "nrow(data) na.omit before=6750"
[1] "nrow(data) na.omit after =6686"
[1] "nrow(data) na.omit diff =64"
[1] "--------------------------------------------------------------------------------"
'data.frame':	6686 obs. of  43 variables:
 $ Race.RaceId                      : Factor w/ 467 levels "20160110-08-01-03-04",..: 2 2 2 2 2 2 2 2 2 2 ...
 $ Race.IsAnalyzeNormalPastAndFuture: logi  TRUE TRUE TRUE TRUE TRUE TRUE ...
 $ Race.IsAnalyzeNormalPast         : logi  TRUE TRUE TRUE TRUE TRUE TRUE ...
 $ Race.IsAnalyzeNormalFuture       : logi  FALSE FALSE FALSE FALSE FALSE FALSE ...
 $ Race.IsAnalyzeFullPastAndFuture  : logi  TRUE TRUE TRUE TRUE TRUE TRUE ...
 $ Race.IsAnalyzeFullPast           : logi  TRUE TRUE TRUE TRUE TRUE TRUE ...
 $ Race.IsAnalyzeFullFuture         : logi  FALSE FALSE FALSE FALSE FALSE FALSE ...
 $ Race.JyokenCd                    : Factor w/ 1 level "6": 1 1 1 1 1 1 1 1 1 1 ...
 $ Race.JyoType1Cd                  : Factor w/ 68 levels "2-08-1400-6-1",..: 2 2 2 2 2 2 2 2 2 2 ...
 $ Race.RaceType1Cd                 : Factor w/ 2 levels "2-6-X-1","2-6-X-2": 2 2 2 2 2 2 2 2 2 2 ...
 $ RaceHorse.RaceId                 : Factor w/ 467 levels "20160110-08-01-03-04",..: 2 2 2 2 2 2 2 2 2 2 ...
 $ RaceHorse.KettoNum               : Factor w/ 6735 levels "2013100624","2013101364",..: 11 12 13 14 15 16 17 18 19 20 ...
 $ RaceHorse.IsHit1                 : num  0 0 0 0 0 0 1 0 0 0 ...
 $ RaceHorse.IsHit2                 : num  0 0 0 0 0 0 0 0 0 0 ...
 $ RaceHorse.IsHit3                 : num  0 0 0 0 0 0 0 1 0 0 ...
 $ RaceHorse.IsHit4                 : num  0 0 0 0 0 0 0 0 1 0 ...
 $ RaceHorse.IsHit5                 : num  1 0 0 0 0 0 0 0 0 0 ...
 $ RaceHorse.IsHit6                 : num  0 1 1 1 1 1 0 0 0 1 ...
 $ RaceHorse.IsValidRaceHorse       : logi  TRUE TRUE TRUE TRUE TRUE TRUE ...
 $ RaceHorse.TimeSdvByRace          : num  0.4515 -0.9143 -1.6594 0.4101 0.0376 ...
 $ RaceHorse.TimeSdv                : num  0.2984 -0.971 -1.6635 0.26 -0.0863 ...
 $ RaceHorse.IsHitA                 : num  0 0 0 0 0 0 1 0 0 0 ...
 $ RaceHorse.IsHitB                 : num  0 0 0 0 0 0 1 0 0 0 ...
 $ RaceHorse.IsHitC                 : num  0 0 0 0 0 0 1 1 0 0 ...
 $ Jockey.TimeSdvByRaceAvg          : num  0.2363 -0.1113 -0.0934 0.0571 -0.2153 ...
 $ Jockey.TimeSdvByRaceMin          : num  -1.6 -2.57 -1.79 -2.04 -1.05 ...
 $ Jockey.TimeSdvByRaceMax          : num  2.273 1.386 1.617 1.424 0.438 ...
 $ Jockey.TimeSdvAvg                : num  0.1615 0.0486 -0.104 0.1353 0.0107 ...
 $ Jockey.TimeSdvMin                : num  -1.758 -1.976 -1.577 -1.697 -0.897 ...
 $ Jockey.TimeSdvMax                : num  1.799 1.214 1.26 1.522 0.532 ...
 $ Jockey.OrderOfFinishSdvAvg       : num  0.0792 0.1557 -0.2813 0.0054 -0.5283 ...
 $ Jockey.RunCount                  : num  27 17 28 26 11 36 31 24 24 6 ...
 $ Jockey.HitCount1                 : num  4 1 2 4 0 0 3 2 9 0 ...
 $ Jockey.HitCount2                 : num  0 2 2 1 0 3 3 5 3 1 ...
 $ Jockey.HitCount3                 : num  2 0 1 2 0 6 4 3 1 1 ...
 $ Jockey.HitCount4                 : num  2 1 0 3 1 3 2 2 3 1 ...
 $ Jockey.HitCount5                 : num  2 0 1 2 0 2 4 3 1 0 ...
 $ Jockey.HitRate1                  : num  0.1481 0.0588 0.0714 0.1538 0 ...
 $ Jockey.HitRate2                  : num  0 0.1176 0.0714 0.0385 0 ...
 $ Jockey.HitRate3                  : num  0.0741 0 0.0357 0.0769 0 ...
 $ Jockey.HitRate4                  : num  0.0741 0.0588 0 0.1154 0.0909 ...
 $ Jockey.HitRate5                  : num  0.0741 0 0.0357 0.0769 0 ...
 $ EOF                              : int  1 1 1 1 1 1 1 1 1 1 ...
 - attr(*, "na.action")= 'omit' Named int  99 287 403 422 477 668 672 866 989 1029 ...
  ..- attr(*, "names")= chr  "99" "287" "403" "422" ...
[1] "2022-02-26 18:02:59 --- na.omit Finish ---"
[1] "2022-02-26 18:02:59 --- rxGlm with rxStepControl Start ---"

> print(paste0(Sys.time(), " --- source_logic_glm.R Start ---"))
[1] "2022-02-26 18:03:01 --- source_logic_glm.R Start ---"

> formula <- formula(RaceHorse.IsHitA ~ +1 + Jockey.TimeSdvByRaceAvg)

> print(paste0(Sys.time(), " --- source_logic_glm.R Finished ---"))
[1] "2022-02-26 18:03:04 --- source_logic_glm.R Finished ---"
Rows Read: 6686, Total Rows Processed: 6686, Total Chunk Time: Less than .001 seconds 

Starting values (iteration 1) time: 0.015 secs.
Rows Read: 6686, Total Rows Processed: 6686, Total Chunk Time: 0.001 seconds 

Iteration 2 time: 0.006 secs.
Rows Read: 6686, Total Rows Processed: 6686, Total Chunk Time: Less than .001 seconds 

Iteration 3 time: 0.007 secs.
Rows Read: 6686, Total Rows Processed: 6686, Total Chunk Time: 0.001 seconds 

Iteration 4 time: 0.004 secs.
Rows Read: 6686, Total Rows Processed: 6686, Total Chunk Time: Less than .001 seconds 

Iteration 5 time: 0.005 secs.

Elapsed computation time: 0.066 secs.
Rows Read: 6686, Total Rows Processed: 6686, Total Chunk Time: Less than .001 seconds 

Starting values (iteration 1) time: 0.007 secs.
Rows Read: 6686, Total Rows Processed: 6686, Total Chunk Time: Less than .001 seconds 

Iteration 2 time: 0.006 secs.

Elapsed computation time: 0.028 secs.
Rows Read: 6686, Total Rows Processed: 6686, Total Chunk Time: 0.001 seconds 

Starting values (iteration 1) time: 0.006 secs.
Rows Read: 6686, Total Rows Processed: 6686, Total Chunk Time: Less than .001 seconds 

Iteration 2 time: 0.006 secs.
Rows Read: 6686, Total Rows Processed: 6686, Total Chunk Time: 0.002 seconds 

Iteration 3 time: 0.005 secs.
Rows Read: 6686, Total Rows Processed: 6686, Total Chunk Time: 0.002 seconds 

Iteration 4 time: 0.017 secs.
Rows Read: 6686, Total Rows Processed: 6686, Total Chunk Time: 0.002 seconds 

Iteration 5 time: 0.004 secs.

Elapsed computation time: 0.073 secs.

Elapsed computation time: 0.195 secs.
[1] "--------------------------------------------------------------------------------"
[1] "analyze.results.glm.step="
Logistic Regression Results for: RaceHorse.IsHitA ~
    Jockey.TimeSdvByRaceAvg
Data: data
Dependent variable(s): RaceHorse.IsHitA
Total independent variables: 2 
Number of valid observations: 6686
Number of missing observations: 0 
 
Coefficients:
                        RaceHorse.IsHitA
(Intercept)                           -3
Jockey.TimeSdvByRaceAvg                2
[1] "analyze.results.glm.step.summary"
Call:
rxLogit(formula = formula, data = data, variableSelection = analyze.results.glm.step.varsel)

Logistic Regression Results for: RaceHorse.IsHitA ~
    Jockey.TimeSdvByRaceAvg
Data: data
Dependent variable(s): RaceHorse.IsHitA
Total independent variables: 2 
Number of valid observations: 6686
Number of missing observations: 0 
-2*LogLikelihood: 3228.407 (Residual deviance on 6684 degrees of freedom)
 
Coefficients:
                        Estimate Std. Error z value Pr(>|z|)    
(Intercept)              -2.7369     0.0539   -50.8  2.2e-16 ***
Jockey.TimeSdvByRaceAvg   1.5308     0.1347    11.4  2.2e-16 ***
---
Signif. codes:  0 '***' 0.001 '**' 0.01 '*' 0.05 '.' 0.1 ' ' 1

Condition number of final variance-covariance matrix: 1 
Number of iterations: 5
[1] "--------------------------------------------------------------------------------"
[1] "2022-02-26 18:03:05 --- rxGlm with rxStepControl Finish ---"
[1] "2022-02-26 18:03:06 --- rxStepPlot Start ---"
[1] "pdfFilename=pdf_analyze_glm_Jockey_Type26_rxStepPlot.pdf"
[1] "rxStepPlot="
[1] "2022-02-26 18:03:08 --- rxStepPlot Finish ---"
[1] "2022-02-26 18:03:09 --- save.image Start ---"
[1] "save.image"
[1] "rdataFilename=RData_analyze_glm_Jockey_Type26.RData"
[1] "2022-02-26 18:03:11 --- save.image Finish ---"
[1] "2022-02-26 18:03:11 --- final Start ---"
[1] "--------------------------------------------------------------------------------"
[1] "nrow(data) final=6686"
[1] "--------------------------------------------------------------------------------"
[1] "2022-02-26 18:03:11 --- final Finish ---"
[1] "2022-02-26 18:03:11 --- analyze_glm.R Finished ---"
[1] "2022-02-26 18:03:11 --- log Finish ---"
