[1] "2022-02-25 20:24:22 --- D1115_analyze_glm_Gen02_IsHitA_Type11 Start ---"
[1] "2022-02-25 20:24:22 --- Log Start ---"
[1] "2022-02-25 20:24:22 --- analyze_glm.R Start ---"
[1] "analyzeVersion=D1115"
[1] "analyzeCategory=analyze"
[1] "analyzeType=Gen02"
[1] "analyzeFamily=IsHitA"
[1] "analyzeFunc=glm"
[1] "analyzeTrackTypeCd=1"
[1] "analyzeJyokenCd=1"
[1] "2022-02-25 20:24:23 --- source_function.R Start ---"
[1] "2022-02-25 20:24:23 --- source_function.R Finished ---"

> print(paste0(Sys.time(), " --- source_library.R Start ---"))
[1] "2022-02-25 20:24:23 --- source_library.R Start ---"

> require("RevoScaleR")

> print(paste0(Sys.time(), " --- source_library.R Finished ---"))
[1] "2022-02-25 20:24:27 --- source_library.R Finished ---"
[1] "2022-02-25 20:24:31 --- RxSqlServerData Start ---"
[1] "2022-02-25 20:24:38 --- RxInSqlServer Start ---"
[1] "2022-02-25 20:24:45 --- RxInSqlServer Finish ---"
[1] "2022-02-25 20:24:57 --- rxSetComputeContext Start ---"
[1] "2022-02-25 20:25:08 --- rxSetComputeContext Finish ---"
[1] "2022-02-25 20:25:17 --- RxSqlServerData Start ---"
[1] "sqlQuery=SELECT * FROM ViewAnalyzeD1115analyze01Gen02Type11"
[1] "2022-02-25 20:25:38 --- RxSqlServerData Finish ---"
[1] "2022-02-25 20:25:42 --- rxGetVarInfo Start ---"
[1] "2022-02-25 20:25:45 --- rxGetVarInfo Finish---"
[1] "2022-02-25 20:25:45 --- rxImport Start ---"
Rows Read: 7565, Total Rows Processed: 7565, Total Chunk Time: 97.791 seconds 
[1] "2022-02-25 20:29:09 --- rxImport Finish ---"
[1] "object.size(data) auto=2.4 Mb"
[1] "--------------------------------------------------------------------------------"
[1] "nrow(data) RxSqlServerData=7565"
[1] "--------------------------------------------------------------------------------"
[1] "str(data)="
'data.frame':	7565 obs. of  44 variables:
 $ Race.RaceId                      : Factor w/ 890 levels "20160105-06-01-01-11",..: 1 2 3 5 6 6 7 8 9 10 ...
 $ Race.IsPredictedRace             : logi  TRUE TRUE TRUE TRUE TRUE TRUE ...
 $ Race.IsAnalyzeNormalPastAndFuture: logi  TRUE TRUE TRUE TRUE TRUE TRUE ...
 $ Race.IsAnalyzeNormalPast         : logi  TRUE TRUE TRUE TRUE TRUE TRUE ...
 $ Race.IsAnalyzeNormalFuture       : logi  FALSE FALSE FALSE FALSE FALSE FALSE ...
 $ Race.IsAnalyzeFullPastAndFuture  : logi  TRUE TRUE TRUE TRUE TRUE TRUE ...
 $ Race.IsAnalyzeFullPast           : logi  TRUE TRUE TRUE TRUE TRUE TRUE ...
 $ Race.IsAnalyzeFullFuture         : logi  FALSE FALSE FALSE FALSE FALSE FALSE ...
 $ Race.JyokenCd                    : Factor w/ 1 level "1": 1 1 1 1 1 1 1 1 1 1 ...
 $ Race.JyoType1Cd                  : Factor w/ 139 levels "1-06-2000-1-1",..: 1 2 3 5 6 6 7 8 9 10 ...
 $ Race.RaceType1Cd                 : Factor w/ 16 levels "1-1-C-2","1-1-E-3",..: 1 2 1 4 5 5 6 6 7 6 ...
 $ RaceHorse.RaceId                 : Factor w/ 890 levels "20160105-06-01-01-11",..: 1 2 3 5 6 6 7 8 9 10 ...
 $ RaceHorse.KettoNum               : Factor w/ 1644 levels "2009105855","2006106754",..: 1 2 3 5 6 1 7 8 2 5 ...
 $ RaceHorse.IsHit1                 : num  0 0 0 0 0 0 0 0 0 0 ...
 $ RaceHorse.IsHit2                 : num  0 0 0 1 0 0 0 0 0 0 ...
 $ RaceHorse.IsHit3                 : num  0 0 0 0 0 0 0 0 0 0 ...
 $ RaceHorse.IsHit4                 : num  0 0 0 0 0 0 0 0 0 0 ...
 $ RaceHorse.IsHit5                 : num  0 0 0 0 0 0 0 0 0 0 ...
 $ RaceHorse.IsHit6                 : num  1 1 1 0 1 1 1 1 1 1 ...
 $ RaceHorse.IsValidRaceHorse       : logi  TRUE TRUE TRUE TRUE TRUE TRUE ...
 $ RaceHorse.TimeSdv                : num  -0.325 -0.204 0.834 0.135 -0.807 ...
 $ RaceHorse.IsHitA                 : num  0 0 0 0 0 0 0 0 0 0 ...
 $ RaceHorse.IsHitB                 : num  0 0 0 1 0 0 0 0 0 0 ...
 $ RaceHorse.IsHitC                 : num  0 0 0 1 0 0 0 0 0 0 ...
 $ Gen02.HansyokuNum                : Factor w/ 229 levels "11201964","11201954",..: 1 2 3 5 1 1 6 1 2 5 ...
 $ Gen02.TimeSdvByRaceAvg           : num  0.129 0.142 0.294 1.46 -0.325 ...
 $ Gen02.TimeSdvByRaceMin           : num  -0.845 -0.421 -1.208 1.46 -0.325 ...
 $ Gen02.TimeSdvByRaceMax           : num  0.709 0.968 1.125 1.46 -0.325 ...
 $ Gen02.TimeSdvAvg                 : num  0.558 -0.21 0.115 -0.606 0.237 ...
 $ Gen02.TimeSdvMin                 : num  -0.27 -1.048 -1.308 -0.606 0.237 ...
 $ Gen02.TimeSdvMax                 : num  1.017 1.094 1.689 -0.606 0.237 ...
 $ Gen02.OrderOfFinishSdvAvg        : num  0.282 0.0244 0.4736 1.4935 -1.4454 ...
 $ Gen02.RunCount                   : num  3 9 5 1 1 1 1 8 2 1 ...
 $ Gen02.HitCount1                  : num  1 1 1 1 0 0 0 0 0 0 ...
 $ Gen02.HitCount2                  : num  0 0 1 0 0 0 0 0 0 0 ...
 $ Gen02.HitCount3                  : num  0 0 1 0 0 0 0 1 0 0 ...
 $ Gen02.HitCount4                  : num  1 1 0 0 0 0 0 1 0 0 ...
 $ Gen02.HitCount5                  : num  0 1 0 0 0 0 0 2 0 0 ...
 $ Gen02.HitRate1                   : num  0.333 0.111 0.2 1 0 ...
 $ Gen02.HitRate2                   : num  0 0 0.2 0 0 0 0 0 0 0 ...
 $ Gen02.HitRate3                   : num  0 0 0.2 0 0 0 0 0.125 0 0 ...
 $ Gen02.HitRate4                   : num  0.333 0.111 0 0 0 ...
 $ Gen02.HitRate5                   : num  0 0.111 0 0 0 ...
 $ EOF                              : int  1 1 1 1 1 1 1 1 1 1 ...
[1] "2022-02-25 20:32:51 --- RxSqlServerData Finish ---"
[1] "2022-02-25 20:32:52 --- subset Start ---"
[1] "--------------------------------------------------------------------------------"
[1] "nrow(data) subset before=7565"
[1] "nrow(data) subset after =7565"
[1] "nrow(data) subset diff =0"
[1] "--------------------------------------------------------------------------------"
[1] "2022-02-25 20:32:52 --- subset Finish---"
[1] "2022-02-25 20:32:52 --- transform Start ---"
[1] "--------------------------------------------------------------------------------"
[1] "nrow(data) transform before=7565"
[1] "nrow(data) transform after=7565"
[1] "nrow(data) transform diff=0"
[1] "--------------------------------------------------------------------------------"
[1] "str(data)="
'data.frame':	7565 obs. of  44 variables:
 $ Race.RaceId                      : Factor w/ 890 levels "20160105-06-01-01-11",..: 1 2 3 5 6 6 7 8 9 10 ...
 $ Race.IsPredictedRace             : logi  TRUE TRUE TRUE TRUE TRUE TRUE ...
 $ Race.IsAnalyzeNormalPastAndFuture: logi  TRUE TRUE TRUE TRUE TRUE TRUE ...
 $ Race.IsAnalyzeNormalPast         : logi  TRUE TRUE TRUE TRUE TRUE TRUE ...
 $ Race.IsAnalyzeNormalFuture       : logi  FALSE FALSE FALSE FALSE FALSE FALSE ...
 $ Race.IsAnalyzeFullPastAndFuture  : logi  TRUE TRUE TRUE TRUE TRUE TRUE ...
 $ Race.IsAnalyzeFullPast           : logi  TRUE TRUE TRUE TRUE TRUE TRUE ...
 $ Race.IsAnalyzeFullFuture         : logi  FALSE FALSE FALSE FALSE FALSE FALSE ...
 $ Race.JyokenCd                    : Factor w/ 1 level "1": 1 1 1 1 1 1 1 1 1 1 ...
 $ Race.JyoType1Cd                  : Factor w/ 139 levels "1-06-2000-1-1",..: 1 2 3 5 6 6 7 8 9 10 ...
 $ Race.RaceType1Cd                 : Factor w/ 16 levels "1-1-C-2","1-1-E-3",..: 1 2 1 4 5 5 6 6 7 6 ...
 $ RaceHorse.RaceId                 : Factor w/ 890 levels "20160105-06-01-01-11",..: 1 2 3 5 6 6 7 8 9 10 ...
 $ RaceHorse.KettoNum               : Factor w/ 1644 levels "2009105855","2006106754",..: 1 2 3 5 6 1 7 8 2 5 ...
 $ RaceHorse.IsHit1                 : num  0 0 0 0 0 0 0 0 0 0 ...
 $ RaceHorse.IsHit2                 : num  0 0 0 1 0 0 0 0 0 0 ...
 $ RaceHorse.IsHit3                 : num  0 0 0 0 0 0 0 0 0 0 ...
 $ RaceHorse.IsHit4                 : num  0 0 0 0 0 0 0 0 0 0 ...
 $ RaceHorse.IsHit5                 : num  0 0 0 0 0 0 0 0 0 0 ...
 $ RaceHorse.IsHit6                 : num  1 1 1 0 1 1 1 1 1 1 ...
 $ RaceHorse.IsValidRaceHorse       : logi  TRUE TRUE TRUE TRUE TRUE TRUE ...
 $ RaceHorse.TimeSdv                : num  -0.325 -0.204 0.834 0.135 -0.807 ...
 $ RaceHorse.IsHitA                 : num  0 0 0 0 0 0 0 0 0 0 ...
 $ RaceHorse.IsHitB                 : num  0 0 0 1 0 0 0 0 0 0 ...
 $ RaceHorse.IsHitC                 : num  0 0 0 1 0 0 0 0 0 0 ...
 $ Gen02.HansyokuNum                : Factor w/ 229 levels "11201964","11201954",..: 1 2 3 5 1 1 6 1 2 5 ...
 $ Gen02.TimeSdvByRaceAvg           : num  0.129 0.142 0.294 1.46 -0.325 ...
 $ Gen02.TimeSdvByRaceMin           : num  -0.845 -0.421 -1.208 1.46 -0.325 ...
 $ Gen02.TimeSdvByRaceMax           : num  0.709 0.968 1.125 1.46 -0.325 ...
 $ Gen02.TimeSdvAvg                 : num  0.558 -0.21 0.115 -0.606 0.237 ...
 $ Gen02.TimeSdvMin                 : num  -0.27 -1.048 -1.308 -0.606 0.237 ...
 $ Gen02.TimeSdvMax                 : num  1.017 1.094 1.689 -0.606 0.237 ...
 $ Gen02.OrderOfFinishSdvAvg        : num  0.282 0.0244 0.4736 1.4935 -1.4454 ...
 $ Gen02.RunCount                   : num  3 9 5 1 1 1 1 8 2 1 ...
 $ Gen02.HitCount1                  : num  1 1 1 1 0 0 0 0 0 0 ...
 $ Gen02.HitCount2                  : num  0 0 1 0 0 0 0 0 0 0 ...
 $ Gen02.HitCount3                  : num  0 0 1 0 0 0 0 1 0 0 ...
 $ Gen02.HitCount4                  : num  1 1 0 0 0 0 0 1 0 0 ...
 $ Gen02.HitCount5                  : num  0 1 0 0 0 0 0 2 0 0 ...
 $ Gen02.HitRate1                   : num  0.333 0.111 0.2 1 0 ...
 $ Gen02.HitRate2                   : num  0 0 0.2 0 0 0 0 0 0 0 ...
 $ Gen02.HitRate3                   : num  0 0 0.2 0 0 0 0 0.125 0 0 ...
 $ Gen02.HitRate4                   : num  0.333 0.111 0 0 0 ...
 $ Gen02.HitRate5                   : num  0 0.111 0 0 0 ...
 $ EOF                              : int  1 1 1 1 1 1 1 1 1 1 ...
NULL
[1] "2022-02-25 20:32:58 --- transform Finish ---"
[1] "2022-02-25 20:32:58 --- na.omit Start ---"
[1] "--------------------------------------------------------------------------------"
[1] "nrow(data) na.omit before=7565"
[1] "nrow(data) na.omit after =7520"
[1] "nrow(data) na.omit diff =45"
[1] "--------------------------------------------------------------------------------"
'data.frame':	7520 obs. of  44 variables:
 $ Race.RaceId                      : Factor w/ 890 levels "20160105-06-01-01-11",..: 1 2 3 5 6 6 7 8 9 10 ...
 $ Race.IsPredictedRace             : logi  TRUE TRUE TRUE TRUE TRUE TRUE ...
 $ Race.IsAnalyzeNormalPastAndFuture: logi  TRUE TRUE TRUE TRUE TRUE TRUE ...
 $ Race.IsAnalyzeNormalPast         : logi  TRUE TRUE TRUE TRUE TRUE TRUE ...
 $ Race.IsAnalyzeNormalFuture       : logi  FALSE FALSE FALSE FALSE FALSE FALSE ...
 $ Race.IsAnalyzeFullPastAndFuture  : logi  TRUE TRUE TRUE TRUE TRUE TRUE ...
 $ Race.IsAnalyzeFullPast           : logi  TRUE TRUE TRUE TRUE TRUE TRUE ...
 $ Race.IsAnalyzeFullFuture         : logi  FALSE FALSE FALSE FALSE FALSE FALSE ...
 $ Race.JyokenCd                    : Factor w/ 1 level "1": 1 1 1 1 1 1 1 1 1 1 ...
 $ Race.JyoType1Cd                  : Factor w/ 139 levels "1-06-2000-1-1",..: 1 2 3 5 6 6 7 8 9 10 ...
 $ Race.RaceType1Cd                 : Factor w/ 16 levels "1-1-C-2","1-1-E-3",..: 1 2 1 4 5 5 6 6 7 6 ...
 $ RaceHorse.RaceId                 : Factor w/ 890 levels "20160105-06-01-01-11",..: 1 2 3 5 6 6 7 8 9 10 ...
 $ RaceHorse.KettoNum               : Factor w/ 1644 levels "2009105855","2006106754",..: 1 2 3 5 6 1 7 8 2 5 ...
 $ RaceHorse.IsHit1                 : num  0 0 0 0 0 0 0 0 0 0 ...
 $ RaceHorse.IsHit2                 : num  0 0 0 1 0 0 0 0 0 0 ...
 $ RaceHorse.IsHit3                 : num  0 0 0 0 0 0 0 0 0 0 ...
 $ RaceHorse.IsHit4                 : num  0 0 0 0 0 0 0 0 0 0 ...
 $ RaceHorse.IsHit5                 : num  0 0 0 0 0 0 0 0 0 0 ...
 $ RaceHorse.IsHit6                 : num  1 1 1 0 1 1 1 1 1 1 ...
 $ RaceHorse.IsValidRaceHorse       : logi  TRUE TRUE TRUE TRUE TRUE TRUE ...
 $ RaceHorse.TimeSdv                : num  -0.325 -0.204 0.834 0.135 -0.807 ...
 $ RaceHorse.IsHitA                 : num  0 0 0 0 0 0 0 0 0 0 ...
 $ RaceHorse.IsHitB                 : num  0 0 0 1 0 0 0 0 0 0 ...
 $ RaceHorse.IsHitC                 : num  0 0 0 1 0 0 0 0 0 0 ...
 $ Gen02.HansyokuNum                : Factor w/ 229 levels "11201964","11201954",..: 1 2 3 5 1 1 6 1 2 5 ...
 $ Gen02.TimeSdvByRaceAvg           : num  0.129 0.142 0.294 1.46 -0.325 ...
 $ Gen02.TimeSdvByRaceMin           : num  -0.845 -0.421 -1.208 1.46 -0.325 ...
 $ Gen02.TimeSdvByRaceMax           : num  0.709 0.968 1.125 1.46 -0.325 ...
 $ Gen02.TimeSdvAvg                 : num  0.558 -0.21 0.115 -0.606 0.237 ...
 $ Gen02.TimeSdvMin                 : num  -0.27 -1.048 -1.308 -0.606 0.237 ...
 $ Gen02.TimeSdvMax                 : num  1.017 1.094 1.689 -0.606 0.237 ...
 $ Gen02.OrderOfFinishSdvAvg        : num  0.282 0.0244 0.4736 1.4935 -1.4454 ...
 $ Gen02.RunCount                   : num  3 9 5 1 1 1 1 8 2 1 ...
 $ Gen02.HitCount1                  : num  1 1 1 1 0 0 0 0 0 0 ...
 $ Gen02.HitCount2                  : num  0 0 1 0 0 0 0 0 0 0 ...
 $ Gen02.HitCount3                  : num  0 0 1 0 0 0 0 1 0 0 ...
 $ Gen02.HitCount4                  : num  1 1 0 0 0 0 0 1 0 0 ...
 $ Gen02.HitCount5                  : num  0 1 0 0 0 0 0 2 0 0 ...
 $ Gen02.HitRate1                   : num  0.333 0.111 0.2 1 0 ...
 $ Gen02.HitRate2                   : num  0 0 0.2 0 0 0 0 0 0 0 ...
 $ Gen02.HitRate3                   : num  0 0 0.2 0 0 0 0 0.125 0 0 ...
 $ Gen02.HitRate4                   : num  0.333 0.111 0 0 0 ...
 $ Gen02.HitRate5                   : num  0 0.111 0 0 0 ...
 $ EOF                              : int  1 1 1 1 1 1 1 1 1 1 ...
 - attr(*, "na.action")= 'omit' Named int  250 335 472 656 962 1187 1469 1702 1766 1850 ...
  ..- attr(*, "names")= chr  "250" "335" "472" "656" ...
[1] "2022-02-25 20:33:04 --- na.omit Finish ---"
[1] "2022-02-25 20:33:04 --- rxGlm with rxStepControl Start ---"

> print(paste0(Sys.time(), " --- source_logic_glm.R Start ---"))
[1] "2022-02-25 20:33:05 --- source_logic_glm.R Start ---"

> formula <- formula(RaceHorse.IsHitA ~ +1 + Gen02.TimeSdvAvg)

> print(paste0(Sys.time(), " --- source_logic_glm.R Finished ---"))
[1] "2022-02-25 20:33:05 --- source_logic_glm.R Finished ---"
Rows Read: 7520, Total Rows Processed: 7520, Total Chunk Time: Less than .001 seconds 

Starting values (iteration 1) time: 0.009 secs.
Rows Read: 7520, Total Rows Processed: 7520, Total Chunk Time: 0.002 seconds 

Iteration 2 time: 0.092 secs.
Rows Read: 7520, Total Rows Processed: 7520, Total Chunk Time: Less than .001 seconds 

Iteration 3 time: 0.076 secs.
Rows Read: 7520, Total Rows Processed: 7520, Total Chunk Time: Less than .001 seconds 

Iteration 4 time: 0.176 secs.

Elapsed computation time: 0.689 secs.
Rows Read: 7520, Total Rows Processed: 7520, Total Chunk Time: Less than .001 seconds 

Starting values (iteration 1) time: 0.102 secs.
Rows Read: 7520, Total Rows Processed: 7520, Total Chunk Time: Less than .001 seconds 

Iteration 2 time: 0.103 secs.

Elapsed computation time: 0.390 secs.
Rows Read: 7520, Total Rows Processed: 7520, Total Chunk Time: Less than .001 seconds 

Starting values (iteration 1) time: 0.092 secs.
Rows Read: 7520, Total Rows Processed: 7520, Total Chunk Time: Less than .001 seconds 

Iteration 2 time: 0.084 secs.
Rows Read: 7520, Total Rows Processed: 7520, Total Chunk Time: 0.002 seconds 

Iteration 3 time: 0.090 secs.
Rows Read: 7520, Total Rows Processed: 7520, Total Chunk Time: Less than .001 seconds 

Iteration 4 time: 0.087 secs.

Elapsed computation time: 0.727 secs.

Elapsed computation time: 2.047 secs.
[1] "--------------------------------------------------------------------------------"
[1] "analyze.results.glm.step="
Logistic Regression Results for: RaceHorse.IsHitA ~ Gen02.TimeSdvAvg
Data: data
Dependent variable(s): RaceHorse.IsHitA
Total independent variables: 2 
Number of valid observations: 7520
Number of missing observations: 0 
 
Coefficients:
                 RaceHorse.IsHitA
(Intercept)                  -2.6
Gen02.TimeSdvAvg              0.3
[1] "analyze.results.glm.step.summary"
Call:
rxLogit(formula = formula, data = data, variableSelection = analyze.results.glm.step.varsel)

Logistic Regression Results for: RaceHorse.IsHitA ~ Gen02.TimeSdvAvg
Data: data
Dependent variable(s): RaceHorse.IsHitA
Total independent variables: 2 
Number of valid observations: 7520
Number of missing observations: 0 
-2*LogLikelihood: 3915.23 (Residual deviance on 7518 degrees of freedom)
 
Coefficients:
                 Estimate Std. Error z value Pr(>|z|)    
(Intercept)       -2.6097     0.0491  -53.13  2.2e-16 ***
Gen02.TimeSdvAvg   0.2573     0.0667    3.86  0.00011 ***
---
Signif. codes:  0 '***' 0.001 '**' 0.01 '*' 0.05 '.' 0.1 ' ' 1

Condition number of final variance-covariance matrix: 1 
Number of iterations: 4
[1] "--------------------------------------------------------------------------------"
[1] "2022-02-25 20:33:10 --- rxGlm with rxStepControl Finish ---"
[1] "2022-02-25 20:33:10 --- rxStepPlot Start ---"
[1] "pdfFilename=pdf_analyze_glm_Gen02_Type11_rxStepPlot.pdf"
[1] "rxStepPlot="
[1] "2022-02-25 20:33:10 --- rxStepPlot Finish ---"
[1] "2022-02-25 20:33:10 --- save.image Start ---"
[1] "save.image"
[1] "rdataFilename=RData_analyze_glm_Gen02_Type11.RData"
[1] "2022-02-25 20:33:11 --- save.image Finish ---"
[1] "2022-02-25 20:33:11 --- final Start ---"
[1] "--------------------------------------------------------------------------------"
[1] "nrow(data) final=7520"
[1] "--------------------------------------------------------------------------------"
[1] "2022-02-25 20:33:11 --- final Finish ---"
[1] "2022-02-25 20:33:11 --- analyze_glm.R Finished ---"
[1] "2022-02-25 20:33:11 --- log Finish ---"
