[1] "2022-02-25 20:24:05 --- D1115_analyze_glm_Gen02_IsHitA_Type31 Start ---"
[1] "2022-02-25 20:24:05 --- Log Start ---"
[1] "2022-02-25 20:24:05 --- analyze_glm.R Start ---"
[1] "analyzeVersion=D1115"
[1] "analyzeCategory=analyze"
[1] "analyzeType=Gen02"
[1] "analyzeFamily=IsHitA"
[1] "analyzeFunc=glm"
[1] "analyzeTrackTypeCd=3"
[1] "analyzeJyokenCd=1"
[1] "2022-02-25 20:24:05 --- source_function.R Start ---"
[1] "2022-02-25 20:24:05 --- source_function.R Finished ---"

> print(paste0(Sys.time(), " --- source_library.R Start ---"))
[1] "2022-02-25 20:24:05 --- source_library.R Start ---"

> require("RevoScaleR")

> print(paste0(Sys.time(), " --- source_library.R Finished ---"))
[1] "2022-02-25 20:24:07 --- source_library.R Finished ---"
[1] "2022-02-25 20:24:08 --- RxSqlServerData Start ---"
[1] "2022-02-25 20:24:08 --- RxInSqlServer Start ---"
[1] "2022-02-25 20:24:08 --- RxInSqlServer Finish ---"
[1] "2022-02-25 20:24:09 --- rxSetComputeContext Start ---"
[1] "2022-02-25 20:24:12 --- rxSetComputeContext Finish ---"
[1] "2022-02-25 20:24:12 --- RxSqlServerData Start ---"
[1] "sqlQuery=SELECT * FROM ViewAnalyzeD1115analyze01Gen02Type31"
[1] "2022-02-25 20:24:12 --- RxSqlServerData Finish ---"
[1] "2022-02-25 20:24:13 --- rxGetVarInfo Start ---"
[1] "2022-02-25 20:24:15 --- rxGetVarInfo Finish---"
[1] "2022-02-25 20:24:15 --- rxImport Start ---"
Rows Read: 1663, Total Rows Processed: 1663, Total Chunk Time: 11.814 seconds 
[1] "2022-02-25 20:24:39 --- rxImport Finish ---"
[1] "object.size(data) auto=553 Kb"
[1] "--------------------------------------------------------------------------------"
[1] "nrow(data) RxSqlServerData=1663"
[1] "--------------------------------------------------------------------------------"
[1] "str(data)="
'data.frame':	1663 obs. of  44 variables:
 $ Race.RaceId                      : Factor w/ 213 levels "20160109-06-01-02-08",..: 1 2 2 3 3 4 5 5 6 7 ...
 $ Race.IsPredictedRace             : logi  TRUE TRUE TRUE TRUE TRUE TRUE ...
 $ Race.IsAnalyzeNormalPastAndFuture: logi  TRUE TRUE TRUE TRUE TRUE TRUE ...
 $ Race.IsAnalyzeNormalPast         : logi  TRUE TRUE TRUE TRUE TRUE TRUE ...
 $ Race.IsAnalyzeNormalFuture       : logi  FALSE FALSE FALSE FALSE FALSE FALSE ...
 $ Race.IsAnalyzeFullPastAndFuture  : logi  TRUE TRUE TRUE TRUE TRUE TRUE ...
 $ Race.IsAnalyzeFullPast           : logi  TRUE TRUE TRUE TRUE TRUE TRUE ...
 $ Race.IsAnalyzeFullFuture         : logi  FALSE FALSE FALSE FALSE FALSE FALSE ...
 $ Race.JyokenCd                    : Factor w/ 1 level "1": 1 1 1 1 1 1 1 1 1 1 ...
 $ Race.JyoType1Cd                  : Factor w/ 53 levels "3-06-3200-1-1",..: 1 2 2 3 3 4 3 3 1 5 ...
 $ Race.RaceType1Cd                 : Factor w/ 5 levels "3-1-E-3","3-1-X-3",..: 1 2 2 1 1 1 2 2 2 3 ...
 $ RaceHorse.RaceId                 : Factor w/ 213 levels "20160109-06-01-02-08",..: 1 2 2 3 3 4 5 5 6 7 ...
 $ RaceHorse.KettoNum               : Factor w/ 379 levels "2009103053","2009100276",..: 1 2 3 4 5 6 7 4 8 2 ...
 $ RaceHorse.IsHit1                 : num  0 0 1 0 0 0 0 0 0 0 ...
 $ RaceHorse.IsHit2                 : num  0 0 0 0 0 0 0 0 0 0 ...
 $ RaceHorse.IsHit3                 : num  0 1 0 0 0 0 0 0 0 0 ...
 $ RaceHorse.IsHit4                 : num  0 0 0 0 0 1 0 1 0 0 ...
 $ RaceHorse.IsHit5                 : num  0 0 0 0 0 0 0 0 0 0 ...
 $ RaceHorse.IsHit6                 : num  0 0 0 1 1 0 1 0 1 1 ...
 $ RaceHorse.IsValidRaceHorse       : logi  FALSE TRUE TRUE TRUE TRUE TRUE ...
 $ RaceHorse.TimeSdv                : num  NA -0.0412 0.0781 -0.6079 -0.0157 ...
 $ RaceHorse.IsHitA                 : num  0 0 1 0 0 0 0 0 0 0 ...
 $ RaceHorse.IsHitB                 : num  0 0 1 0 0 0 0 0 0 0 ...
 $ RaceHorse.IsHitC                 : num  0 1 1 0 0 0 0 0 0 0 ...
 $ Gen02.HansyokuNum                : Factor w/ 123 levels "11202004","11201967",..: 1 2 3 4 4 1 3 4 4 2 ...
 $ Gen02.TimeSdvByRaceAvg           : num  0.407 0.636 0.568 0.62 0.953 ...
 $ Gen02.TimeSdvByRaceMin           : num  0.407 -0.894 0.399 0.62 -1.191 ...
 $ Gen02.TimeSdvByRaceMax           : num  0.407 1.279 0.738 0.62 1.935 ...
 $ Gen02.TimeSdvAvg                 : num  0.0251 0.6586 0.7854 0.6331 0.7507 ...
 $ Gen02.TimeSdvMin                 : num  0.0251 -0.1891 0.2456 0.6331 -1.2821 ...
 $ Gen02.TimeSdvMax                 : num  0.0251 1.4341 1.3253 0.6331 1.6408 ...
 $ Gen02.OrderOfFinishSdvAvg        : num  0.165 0.543 0.695 0.976 0.931 ...
 $ Gen02.RunCount                   : num  1 9 2 1 6 2 5 1 2 1 ...
 $ Gen02.HitCount1                  : num  0 1 0 0 4 1 0 0 1 0 ...
 $ Gen02.HitCount2                  : num  0 3 0 0 1 0 0 0 0 0 ...
 $ Gen02.HitCount3                  : num  0 2 0 1 0 0 0 1 0 0 ...
 $ Gen02.HitCount4                  : num  0 0 2 0 0 0 0 0 0 0 ...
 $ Gen02.HitCount5                  : num  0 0 0 0 0 0 2 0 0 1 ...
 $ Gen02.HitRate1                   : num  0 0.111 0 0 0.667 ...
 $ Gen02.HitRate2                   : num  0 0.333 0 0 0.167 ...
 $ Gen02.HitRate3                   : num  0 0.222 0 1 0 ...
 $ Gen02.HitRate4                   : num  0 0 1 0 0 0 0 0 0 0 ...
 $ Gen02.HitRate5                   : num  0 0 0 0 0 0 0.4 0 0 1 ...
 $ EOF                              : int  1 1 1 1 1 1 1 1 1 1 ...
[1] "2022-02-25 20:25:09 --- RxSqlServerData Finish ---"
[1] "2022-02-25 20:25:13 --- subset Start ---"
[1] "--------------------------------------------------------------------------------"
[1] "nrow(data) subset before=1663"
[1] "nrow(data) subset after =1663"
[1] "nrow(data) subset diff =0"
[1] "--------------------------------------------------------------------------------"
[1] "2022-02-25 20:25:36 --- subset Finish---"
[1] "2022-02-25 20:25:36 --- transform Start ---"
[1] "--------------------------------------------------------------------------------"
[1] "nrow(data) transform before=1663"
[1] "nrow(data) transform after=1663"
[1] "nrow(data) transform diff=0"
[1] "--------------------------------------------------------------------------------"
[1] "str(data)="
'data.frame':	1663 obs. of  44 variables:
 $ Race.RaceId                      : Factor w/ 213 levels "20160109-06-01-02-08",..: 1 2 2 3 3 4 5 5 6 7 ...
 $ Race.IsPredictedRace             : logi  TRUE TRUE TRUE TRUE TRUE TRUE ...
 $ Race.IsAnalyzeNormalPastAndFuture: logi  TRUE TRUE TRUE TRUE TRUE TRUE ...
 $ Race.IsAnalyzeNormalPast         : logi  TRUE TRUE TRUE TRUE TRUE TRUE ...
 $ Race.IsAnalyzeNormalFuture       : logi  FALSE FALSE FALSE FALSE FALSE FALSE ...
 $ Race.IsAnalyzeFullPastAndFuture  : logi  TRUE TRUE TRUE TRUE TRUE TRUE ...
 $ Race.IsAnalyzeFullPast           : logi  TRUE TRUE TRUE TRUE TRUE TRUE ...
 $ Race.IsAnalyzeFullFuture         : logi  FALSE FALSE FALSE FALSE FALSE FALSE ...
 $ Race.JyokenCd                    : Factor w/ 1 level "1": 1 1 1 1 1 1 1 1 1 1 ...
 $ Race.JyoType1Cd                  : Factor w/ 53 levels "3-06-3200-1-1",..: 1 2 2 3 3 4 3 3 1 5 ...
 $ Race.RaceType1Cd                 : Factor w/ 5 levels "3-1-E-3","3-1-X-3",..: 1 2 2 1 1 1 2 2 2 3 ...
 $ RaceHorse.RaceId                 : Factor w/ 213 levels "20160109-06-01-02-08",..: 1 2 2 3 3 4 5 5 6 7 ...
 $ RaceHorse.KettoNum               : Factor w/ 379 levels "2009103053","2009100276",..: 1 2 3 4 5 6 7 4 8 2 ...
 $ RaceHorse.IsHit1                 : num  0 0 1 0 0 0 0 0 0 0 ...
 $ RaceHorse.IsHit2                 : num  0 0 0 0 0 0 0 0 0 0 ...
 $ RaceHorse.IsHit3                 : num  0 1 0 0 0 0 0 0 0 0 ...
 $ RaceHorse.IsHit4                 : num  0 0 0 0 0 1 0 1 0 0 ...
 $ RaceHorse.IsHit5                 : num  0 0 0 0 0 0 0 0 0 0 ...
 $ RaceHorse.IsHit6                 : num  0 0 0 1 1 0 1 0 1 1 ...
 $ RaceHorse.IsValidRaceHorse       : logi  FALSE TRUE TRUE TRUE TRUE TRUE ...
 $ RaceHorse.TimeSdv                : num  NA -0.0412 0.0781 -0.6079 -0.0157 ...
 $ RaceHorse.IsHitA                 : num  0 0 1 0 0 0 0 0 0 0 ...
 $ RaceHorse.IsHitB                 : num  0 0 1 0 0 0 0 0 0 0 ...
 $ RaceHorse.IsHitC                 : num  0 1 1 0 0 0 0 0 0 0 ...
 $ Gen02.HansyokuNum                : Factor w/ 123 levels "11202004","11201967",..: 1 2 3 4 4 1 3 4 4 2 ...
 $ Gen02.TimeSdvByRaceAvg           : num  0.407 0.636 0.568 0.62 0.953 ...
 $ Gen02.TimeSdvByRaceMin           : num  0.407 -0.894 0.399 0.62 -1.191 ...
 $ Gen02.TimeSdvByRaceMax           : num  0.407 1.279 0.738 0.62 1.935 ...
 $ Gen02.TimeSdvAvg                 : num  0.0251 0.6586 0.7854 0.6331 0.7507 ...
 $ Gen02.TimeSdvMin                 : num  0.0251 -0.1891 0.2456 0.6331 -1.2821 ...
 $ Gen02.TimeSdvMax                 : num  0.0251 1.4341 1.3253 0.6331 1.6408 ...
 $ Gen02.OrderOfFinishSdvAvg        : num  0.165 0.543 0.695 0.976 0.931 ...
 $ Gen02.RunCount                   : num  1 9 2 1 6 2 5 1 2 1 ...
 $ Gen02.HitCount1                  : num  0 1 0 0 4 1 0 0 1 0 ...
 $ Gen02.HitCount2                  : num  0 3 0 0 1 0 0 0 0 0 ...
 $ Gen02.HitCount3                  : num  0 2 0 1 0 0 0 1 0 0 ...
 $ Gen02.HitCount4                  : num  0 0 2 0 0 0 0 0 0 0 ...
 $ Gen02.HitCount5                  : num  0 0 0 0 0 0 2 0 0 1 ...
 $ Gen02.HitRate1                   : num  0 0.111 0 0 0.667 ...
 $ Gen02.HitRate2                   : num  0 0.333 0 0 0.167 ...
 $ Gen02.HitRate3                   : num  0 0.222 0 1 0 ...
 $ Gen02.HitRate4                   : num  0 0 1 0 0 0 0 0 0 0 ...
 $ Gen02.HitRate5                   : num  0 0 0 0 0 0 0.4 0 0 1 ...
 $ EOF                              : int  1 1 1 1 1 1 1 1 1 1 ...
NULL
[1] "2022-02-25 20:25:49 --- transform Finish ---"
[1] "2022-02-25 20:25:49 --- na.omit Start ---"
[1] "--------------------------------------------------------------------------------"
[1] "nrow(data) na.omit before=1663"
[1] "nrow(data) na.omit after =1584"
[1] "nrow(data) na.omit diff =79"
[1] "--------------------------------------------------------------------------------"
'data.frame':	1584 obs. of  44 variables:
 $ Race.RaceId                      : Factor w/ 213 levels "20160109-06-01-02-08",..: 2 2 3 3 4 5 5 6 7 7 ...
 $ Race.IsPredictedRace             : logi  TRUE TRUE TRUE TRUE TRUE TRUE ...
 $ Race.IsAnalyzeNormalPastAndFuture: logi  TRUE TRUE TRUE TRUE TRUE TRUE ...
 $ Race.IsAnalyzeNormalPast         : logi  TRUE TRUE TRUE TRUE TRUE TRUE ...
 $ Race.IsAnalyzeNormalFuture       : logi  FALSE FALSE FALSE FALSE FALSE FALSE ...
 $ Race.IsAnalyzeFullPastAndFuture  : logi  TRUE TRUE TRUE TRUE TRUE TRUE ...
 $ Race.IsAnalyzeFullPast           : logi  TRUE TRUE TRUE TRUE TRUE TRUE ...
 $ Race.IsAnalyzeFullFuture         : logi  FALSE FALSE FALSE FALSE FALSE FALSE ...
 $ Race.JyokenCd                    : Factor w/ 1 level "1": 1 1 1 1 1 1 1 1 1 1 ...
 $ Race.JyoType1Cd                  : Factor w/ 53 levels "3-06-3200-1-1",..: 2 2 3 3 4 3 3 1 5 5 ...
 $ Race.RaceType1Cd                 : Factor w/ 5 levels "3-1-E-3","3-1-X-3",..: 2 2 1 1 1 2 2 2 3 3 ...
 $ RaceHorse.RaceId                 : Factor w/ 213 levels "20160109-06-01-02-08",..: 2 2 3 3 4 5 5 6 7 7 ...
 $ RaceHorse.KettoNum               : Factor w/ 379 levels "2009103053","2009100276",..: 2 3 4 5 6 7 4 8 2 9 ...
 $ RaceHorse.IsHit1                 : num  0 1 0 0 0 0 0 0 0 1 ...
 $ RaceHorse.IsHit2                 : num  0 0 0 0 0 0 0 0 0 0 ...
 $ RaceHorse.IsHit3                 : num  1 0 0 0 0 0 0 0 0 0 ...
 $ RaceHorse.IsHit4                 : num  0 0 0 0 1 0 1 0 0 0 ...
 $ RaceHorse.IsHit5                 : num  0 0 0 0 0 0 0 0 0 0 ...
 $ RaceHorse.IsHit6                 : num  0 0 1 1 0 1 0 1 1 0 ...
 $ RaceHorse.IsValidRaceHorse       : logi  TRUE TRUE TRUE TRUE TRUE TRUE ...
 $ RaceHorse.TimeSdv                : num  -0.0412 0.0781 -0.6079 -0.0157 0.7706 ...
 $ RaceHorse.IsHitA                 : num  0 1 0 0 0 0 0 0 0 1 ...
 $ RaceHorse.IsHitB                 : num  0 1 0 0 0 0 0 0 0 1 ...
 $ RaceHorse.IsHitC                 : num  1 1 0 0 0 0 0 0 0 1 ...
 $ Gen02.HansyokuNum                : Factor w/ 123 levels "11202004","11201967",..: 2 3 4 4 1 3 4 4 2 4 ...
 $ Gen02.TimeSdvByRaceAvg           : num  0.636 0.568 0.62 0.953 0.643 ...
 $ Gen02.TimeSdvByRaceMin           : num  -0.8938 0.3992 0.6199 -1.1914 0.0668 ...
 $ Gen02.TimeSdvByRaceMax           : num  1.279 0.738 0.62 1.935 1.219 ...
 $ Gen02.TimeSdvAvg                 : num  0.659 0.785 0.633 0.751 -0.105 ...
 $ Gen02.TimeSdvMin                 : num  -0.189 0.246 0.633 -1.282 -1.262 ...
 $ Gen02.TimeSdvMax                 : num  1.434 1.325 0.633 1.641 1.052 ...
 $ Gen02.OrderOfFinishSdvAvg        : num  0.543 0.695 0.976 0.931 0.841 ...
 $ Gen02.RunCount                   : num  9 2 1 6 2 5 1 2 1 1 ...
 $ Gen02.HitCount1                  : num  1 0 0 4 1 0 0 1 0 1 ...
 $ Gen02.HitCount2                  : num  3 0 0 1 0 0 0 0 0 0 ...
 $ Gen02.HitCount3                  : num  2 0 1 0 0 0 1 0 0 0 ...
 $ Gen02.HitCount4                  : num  0 2 0 0 0 0 0 0 0 0 ...
 $ Gen02.HitCount5                  : num  0 0 0 0 0 2 0 0 1 0 ...
 $ Gen02.HitRate1                   : num  0.111 0 0 0.667 0.5 ...
 $ Gen02.HitRate2                   : num  0.333 0 0 0.167 0 ...
 $ Gen02.HitRate3                   : num  0.222 0 1 0 0 ...
 $ Gen02.HitRate4                   : num  0 1 0 0 0 0 0 0 0 0 ...
 $ Gen02.HitRate5                   : num  0 0 0 0 0 0.4 0 0 1 0 ...
 $ EOF                              : int  1 1 1 1 1 1 1 1 1 1 ...
 - attr(*, "na.action")= 'omit' Named int  1 65 66 71 84 99 115 122 135 156 ...
  ..- attr(*, "names")= chr  "1" "65" "66" "71" ...
[1] "2022-02-25 20:25:52 --- na.omit Finish ---"
[1] "2022-02-25 20:25:52 --- rxGlm with rxStepControl Start ---"

> print(paste0(Sys.time(), " --- source_logic_glm.R Start ---"))
[1] "2022-02-25 20:25:52 --- source_logic_glm.R Start ---"

> formula <- formula(RaceHorse.IsHitA ~ +1 + Gen02.TimeSdvAvg)

> print(paste0(Sys.time(), " --- source_logic_glm.R Finished ---"))
[1] "2022-02-25 20:25:52 --- source_logic_glm.R Finished ---"
Rows Read: 1584, Total Rows Processed: 1584, Total Chunk Time: 0.002 seconds 

Starting values (iteration 1) time: 0.519 secs.
Rows Read: 1584, Total Rows Processed: 1584, Total Chunk Time: Less than .001 seconds 

Iteration 2 time: 0.050 secs.
Rows Read: 1584, Total Rows Processed: 1584, Total Chunk Time: 0.001 seconds 

Iteration 3 time: 0.013 secs.
Rows Read: 1584, Total Rows Processed: 1584, Total Chunk Time: 0.001 seconds 

Iteration 4 time: 0.015 secs.
Rows Read: 1584, Total Rows Processed: 1584, Total Chunk Time: Less than .001 seconds 

Iteration 5 time: 0.017 secs.

Elapsed computation time: 0.664 secs.
Rows Read: 1584, Total Rows Processed: 1584, Total Chunk Time: 0.001 seconds 

Starting values (iteration 1) time: 0.006 secs.
Rows Read: 1584, Total Rows Processed: 1584, Total Chunk Time: 0.001 seconds 

Iteration 2 time: 0.020 secs.

Elapsed computation time: 0.042 secs.
Rows Read: 1584, Total Rows Processed: 1584, Total Chunk Time: Less than .001 seconds 

Starting values (iteration 1) time: 0.006 secs.
Rows Read: 1584, Total Rows Processed: 1584, Total Chunk Time: 0.002 seconds 

Iteration 2 time: 0.012 secs.
Rows Read: 1584, Total Rows Processed: 1584, Total Chunk Time: 0.002 seconds 

Iteration 3 time: 0.013 secs.
Rows Read: 1584, Total Rows Processed: 1584, Total Chunk Time: 0.027 seconds 

Iteration 4 time: 0.032 secs.
Rows Read: 1584, Total Rows Processed: 1584, Total Chunk Time: 0.002 seconds 

Iteration 5 time: 0.012 secs.

Elapsed computation time: 0.128 secs.

Elapsed computation time: 0.861 secs.
[1] "--------------------------------------------------------------------------------"
[1] "analyze.results.glm.step="
Logistic Regression Results for: RaceHorse.IsHitA ~ Gen02.TimeSdvAvg
Data: data
Dependent variable(s): RaceHorse.IsHitA
Total independent variables: 2 
Number of valid observations: 1584
Number of missing observations: 0 
 
Coefficients:
                 RaceHorse.IsHitA
(Intercept)                  -2.4
Gen02.TimeSdvAvg              0.8
[1] "analyze.results.glm.step.summary"
Call:
rxLogit(formula = formula, data = data, variableSelection = analyze.results.glm.step.varsel)

Logistic Regression Results for: RaceHorse.IsHitA ~ Gen02.TimeSdvAvg
Data: data
Dependent variable(s): RaceHorse.IsHitA
Total independent variables: 2 
Number of valid observations: 1584
Number of missing observations: 0 
-2*LogLikelihood: 986.884 (Residual deviance on 1582 degrees of freedom)
 
Coefficients:
                 Estimate Std. Error z value Pr(>|z|)    
(Intercept)       -2.3823     0.0976  -24.40  2.2e-16 ***
Gen02.TimeSdvAvg   0.7590     0.1393    5.45  5.0e-08 ***
---
Signif. codes:  0 '***' 0.001 '**' 0.01 '*' 0.05 '.' 0.1 ' ' 1

Condition number of final variance-covariance matrix: 1 
Number of iterations: 5
[1] "--------------------------------------------------------------------------------"
[1] "2022-02-25 20:25:54 --- rxGlm with rxStepControl Finish ---"
[1] "2022-02-25 20:25:54 --- rxStepPlot Start ---"
[1] "pdfFilename=pdf_analyze_glm_Gen02_Type31_rxStepPlot.pdf"
[1] "rxStepPlot="
[1] "2022-02-25 20:25:54 --- rxStepPlot Finish ---"
[1] "2022-02-25 20:25:54 --- save.image Start ---"
[1] "save.image"
[1] "rdataFilename=RData_analyze_glm_Gen02_Type31.RData"
[1] "2022-02-25 20:25:54 --- save.image Finish ---"
[1] "2022-02-25 20:25:54 --- final Start ---"
[1] "--------------------------------------------------------------------------------"
[1] "nrow(data) final=1584"
[1] "--------------------------------------------------------------------------------"
[1] "2022-02-25 20:25:55 --- final Finish ---"
[1] "2022-02-25 20:25:55 --- analyze_glm.R Finished ---"
[1] "2022-02-25 20:25:55 --- log Finish ---"
