[1] "2022-02-21 22:12:07 --- D1115_analyze_glm_Jockey_IsHitA_Type23 Start ---"
[1] "2022-02-21 22:12:07 --- Log Start ---"
[1] "2022-02-21 22:12:07 --- analyze_glm.R Start ---"
[1] "analyzeVersion=D1115"
[1] "analyzeCategory=analyze"
[1] "analyzeType=Jockey"
[1] "analyzeFamily=IsHitA"
[1] "analyzeFunc=glm"
[1] "analyzeTrackTypeCd=2"
[1] "analyzeJyokenCd=3"
[1] "2022-02-21 22:12:07 --- source_function.R Start ---"
[1] "2022-02-21 22:12:07 --- source_function.R Finished ---"

> print(paste0(Sys.time(), " --- source_library.R Start ---"))
[1] "2022-02-21 22:12:07 --- source_library.R Start ---"

> require("RevoScaleR")

> print(paste0(Sys.time(), " --- source_library.R Finished ---"))
[1] "2022-02-21 22:12:08 --- source_library.R Finished ---"
[1] "2022-02-21 22:12:08 --- RxSqlServerData Start ---"
[1] "2022-02-21 22:12:08 --- RxInSqlServer Start ---"
[1] "2022-02-21 22:12:09 --- RxInSqlServer Finish ---"
[1] "2022-02-21 22:12:09 --- rxSetComputeContext Start ---"
[1] "2022-02-21 22:12:09 --- rxSetComputeContext Finish ---"
[1] "2022-02-21 22:12:09 --- RxSqlServerData Start ---"
[1] "sqlQuery=SELECT * FROM ViewAnalyzeD1115analyze01JockeyType23"
[1] "2022-02-21 22:12:09 --- RxSqlServerData Finish ---"
[1] "2022-02-21 22:12:09 --- rxGetVarInfo Start ---"
[1] "2022-02-21 22:12:09 --- rxGetVarInfo Finish---"
[1] "2022-02-21 22:12:09 --- rxImport Start ---"
Rows Read: 14986, Total Rows Processed: 14986, Total Chunk Time: 102.054 seconds 
[1] "2022-02-21 22:17:31 --- rxImport Finish ---"
[1] "object.size(data) auto=3.2 Mb"
[1] "--------------------------------------------------------------------------------"
[1] "nrow(data) RxSqlServerData=14986"
[1] "--------------------------------------------------------------------------------"
[1] "str(data)="
'data.frame':	14986 obs. of  39 variables:
 $ Race.RaceId                      : Factor w/ 1011 levels "20160109-08-01-02-09",..: 2 2 2 2 2 2 2 2 2 2 ...
 $ Race.IsPredictedRace             : logi  TRUE TRUE TRUE TRUE TRUE TRUE ...
 $ Race.IsAnalyzeNormalPastAndFuture: logi  TRUE TRUE TRUE TRUE TRUE TRUE ...
 $ Race.IsAnalyzeNormalPast         : logi  TRUE TRUE TRUE TRUE TRUE TRUE ...
 $ Race.IsAnalyzeNormalFuture       : logi  FALSE FALSE FALSE FALSE FALSE FALSE ...
 $ Race.IsAnalyzeFullPastAndFuture  : logi  TRUE TRUE TRUE TRUE TRUE TRUE ...
 $ Race.IsAnalyzeFullPast           : logi  TRUE TRUE TRUE TRUE TRUE TRUE ...
 $ Race.IsAnalyzeFullFuture         : logi  FALSE FALSE FALSE FALSE FALSE FALSE ...
 $ Race.JyokenCd                    : Factor w/ 1 level "3": 1 1 1 1 1 1 1 1 1 1 ...
 $ Race.RaceType1Cd                 : Factor w/ 2 levels "2-3-E","2-3-X": 2 2 2 2 2 2 2 2 2 2 ...
 $ RaceHorse.RaceId                 : Factor w/ 1011 levels "20160109-08-01-02-09",..: 2 2 2 2 2 2 2 2 2 2 ...
 $ RaceHorse.KettoNum               : Factor w/ 3180 levels "2009100547","2009104540",..: 11 12 13 14 15 16 17 18 19 20 ...
 $ RaceHorse.IsHit1                 : int  0 0 0 0 0 0 0 0 0 0 ...
 $ RaceHorse.IsHit2                 : int  0 0 0 0 0 1 0 0 0 0 ...
 $ RaceHorse.IsHit3                 : int  0 0 0 0 0 0 0 1 0 0 ...
 $ RaceHorse.IsHit4                 : int  0 1 0 0 0 0 0 0 0 0 ...
 $ RaceHorse.IsHit5                 : int  0 0 0 0 0 0 0 0 0 1 ...
 $ RaceHorse.IsHit6                 : int  1 0 1 1 1 0 1 0 1 0 ...
 $ RaceHorse.IsValidRaceHorse       : logi  TRUE TRUE TRUE TRUE TRUE TRUE ...
 $ RaceHorse.IsHitA                 : int  0 0 0 0 0 0 0 0 0 0 ...
 $ RaceHorse.IsHitB                 : int  0 0 0 0 0 1 0 0 0 0 ...
 $ RaceHorse.IsHitC                 : int  0 0 0 0 0 1 0 1 0 0 ...
 $ Jockey.KisyuCode                 : Factor w/ 181 levels "01144","01037",..: 6 10 11 12 9 13 14 15 16 17 ...
 $ Jockey.TimeSdvByRaceAvg          : num  0.251 -0.3607 -0.1318 0.0208 0.4038 ...
 $ Jockey.TimeSdvByRaceMin          : num  -2.39 -2.75 -2.49 -2.37 -2.42 ...
 $ Jockey.TimeSdvByRaceMax          : num  2.08 1.39 1.62 1.75 2.31 ...
 $ Jockey.OrderOfFinishSdvAvg       : num  0.199 -0.269 -0.166 -0.026 0.44 ...
 $ Jockey.RunCount                  : int  143 27 61 174 186 154 39 143 6 134 ...
 $ Jockey.HitCount1                 : int  10 0 4 11 20 18 7 9 0 16 ...
 $ Jockey.HitCount2                 : int  14 2 2 16 19 15 4 6 0 22 ...
 $ Jockey.HitCount3                 : int  13 3 3 4 20 15 4 10 0 10 ...
 $ Jockey.HitCount4                 : int  12 2 5 14 21 11 5 10 0 13 ...
 $ Jockey.HitCount5                 : int  13 0 2 13 16 15 4 6 0 6 ...
 $ Jockey.HitRate1                  : num  0.0699 0 0.0656 0.0632 0.1075 ...
 $ Jockey.HitRate2                  : num  0.0979 0.0741 0.0328 0.092 0.1022 ...
 $ Jockey.HitRate3                  : num  0.0909 0.1111 0.0492 0.023 0.1075 ...
 $ Jockey.HitRate4                  : num  0.0839 0.0741 0.082 0.0805 0.1129 ...
 $ Jockey.HitRate5                  : num  0.0909 0 0.0328 0.0747 0.086 ...
 $ EOF                              : int  1 1 1 1 1 1 1 1 1 1 ...
[1] "2022-02-21 22:17:32 --- RxSqlServerData Finish ---"
[1] "2022-02-21 22:17:32 --- subset Start ---"
[1] "--------------------------------------------------------------------------------"
[1] "nrow(data) subset before=14986"
[1] "nrow(data) subset after =14986"
[1] "nrow(data) subset diff =0"
[1] "--------------------------------------------------------------------------------"
[1] "2022-02-21 22:17:32 --- subset Finish---"
[1] "2022-02-21 22:17:32 --- transform Start ---"
[1] "--------------------------------------------------------------------------------"
[1] "nrow(data) transform before=14986"
[1] "nrow(data) transform after=14986"
[1] "nrow(data) transform diff=0"
[1] "--------------------------------------------------------------------------------"
[1] "str(data)="
'data.frame':	14986 obs. of  39 variables:
 $ Race.RaceId                      : Factor w/ 1011 levels "20160109-08-01-02-09",..: 2 2 2 2 2 2 2 2 2 2 ...
 $ Race.IsPredictedRace             : logi  TRUE TRUE TRUE TRUE TRUE TRUE ...
 $ Race.IsAnalyzeNormalPastAndFuture: logi  TRUE TRUE TRUE TRUE TRUE TRUE ...
 $ Race.IsAnalyzeNormalPast         : logi  TRUE TRUE TRUE TRUE TRUE TRUE ...
 $ Race.IsAnalyzeNormalFuture       : logi  FALSE FALSE FALSE FALSE FALSE FALSE ...
 $ Race.IsAnalyzeFullPastAndFuture  : logi  TRUE TRUE TRUE TRUE TRUE TRUE ...
 $ Race.IsAnalyzeFullPast           : logi  TRUE TRUE TRUE TRUE TRUE TRUE ...
 $ Race.IsAnalyzeFullFuture         : logi  FALSE FALSE FALSE FALSE FALSE FALSE ...
 $ Race.JyokenCd                    : Factor w/ 1 level "3": 1 1 1 1 1 1 1 1 1 1 ...
 $ Race.RaceType1Cd                 : Factor w/ 2 levels "2-3-E","2-3-X": 2 2 2 2 2 2 2 2 2 2 ...
 $ RaceHorse.RaceId                 : Factor w/ 1011 levels "20160109-08-01-02-09",..: 2 2 2 2 2 2 2 2 2 2 ...
 $ RaceHorse.KettoNum               : Factor w/ 3180 levels "2009100547","2009104540",..: 11 12 13 14 15 16 17 18 19 20 ...
 $ RaceHorse.IsHit1                 : int  0 0 0 0 0 0 0 0 0 0 ...
 $ RaceHorse.IsHit2                 : int  0 0 0 0 0 1 0 0 0 0 ...
 $ RaceHorse.IsHit3                 : int  0 0 0 0 0 0 0 1 0 0 ...
 $ RaceHorse.IsHit4                 : int  0 1 0 0 0 0 0 0 0 0 ...
 $ RaceHorse.IsHit5                 : int  0 0 0 0 0 0 0 0 0 1 ...
 $ RaceHorse.IsHit6                 : int  1 0 1 1 1 0 1 0 1 0 ...
 $ RaceHorse.IsValidRaceHorse       : logi  TRUE TRUE TRUE TRUE TRUE TRUE ...
 $ RaceHorse.IsHitA                 : int  0 0 0 0 0 0 0 0 0 0 ...
 $ RaceHorse.IsHitB                 : int  0 0 0 0 0 1 0 0 0 0 ...
 $ RaceHorse.IsHitC                 : int  0 0 0 0 0 1 0 1 0 0 ...
 $ Jockey.KisyuCode                 : Factor w/ 181 levels "01144","01037",..: 6 10 11 12 9 13 14 15 16 17 ...
 $ Jockey.TimeSdvByRaceAvg          : num  0.251 -0.3607 -0.1318 0.0208 0.4038 ...
 $ Jockey.TimeSdvByRaceMin          : num  -2.39 -2.75 -2.49 -2.37 -2.42 ...
 $ Jockey.TimeSdvByRaceMax          : num  2.08 1.39 1.62 1.75 2.31 ...
 $ Jockey.OrderOfFinishSdvAvg       : num  0.199 -0.269 -0.166 -0.026 0.44 ...
 $ Jockey.RunCount                  : int  143 27 61 174 186 154 39 143 6 134 ...
 $ Jockey.HitCount1                 : int  10 0 4 11 20 18 7 9 0 16 ...
 $ Jockey.HitCount2                 : int  14 2 2 16 19 15 4 6 0 22 ...
 $ Jockey.HitCount3                 : int  13 3 3 4 20 15 4 10 0 10 ...
 $ Jockey.HitCount4                 : int  12 2 5 14 21 11 5 10 0 13 ...
 $ Jockey.HitCount5                 : int  13 0 2 13 16 15 4 6 0 6 ...
 $ Jockey.HitRate1                  : num  0.0699 0 0.0656 0.0632 0.1075 ...
 $ Jockey.HitRate2                  : num  0.0979 0.0741 0.0328 0.092 0.1022 ...
 $ Jockey.HitRate3                  : num  0.0909 0.1111 0.0492 0.023 0.1075 ...
 $ Jockey.HitRate4                  : num  0.0839 0.0741 0.082 0.0805 0.1129 ...
 $ Jockey.HitRate5                  : num  0.0909 0 0.0328 0.0747 0.086 ...
 $ EOF                              : int  1 1 1 1 1 1 1 1 1 1 ...
NULL
[1] "2022-02-21 22:17:32 --- transform Finish ---"
[1] "2022-02-21 22:17:32 --- na.omit Start ---"
[1] "--------------------------------------------------------------------------------"
[1] "nrow(data) na.omit before=14986"
[1] "nrow(data) na.omit after =14986"
[1] "nrow(data) na.omit diff =0"
[1] "--------------------------------------------------------------------------------"
'data.frame':	14986 obs. of  39 variables:
 $ Race.RaceId                      : Factor w/ 1011 levels "20160109-08-01-02-09",..: 2 2 2 2 2 2 2 2 2 2 ...
 $ Race.IsPredictedRace             : logi  TRUE TRUE TRUE TRUE TRUE TRUE ...
 $ Race.IsAnalyzeNormalPastAndFuture: logi  TRUE TRUE TRUE TRUE TRUE TRUE ...
 $ Race.IsAnalyzeNormalPast         : logi  TRUE TRUE TRUE TRUE TRUE TRUE ...
 $ Race.IsAnalyzeNormalFuture       : logi  FALSE FALSE FALSE FALSE FALSE FALSE ...
 $ Race.IsAnalyzeFullPastAndFuture  : logi  TRUE TRUE TRUE TRUE TRUE TRUE ...
 $ Race.IsAnalyzeFullPast           : logi  TRUE TRUE TRUE TRUE TRUE TRUE ...
 $ Race.IsAnalyzeFullFuture         : logi  FALSE FALSE FALSE FALSE FALSE FALSE ...
 $ Race.JyokenCd                    : Factor w/ 1 level "3": 1 1 1 1 1 1 1 1 1 1 ...
 $ Race.RaceType1Cd                 : Factor w/ 2 levels "2-3-E","2-3-X": 2 2 2 2 2 2 2 2 2 2 ...
 $ RaceHorse.RaceId                 : Factor w/ 1011 levels "20160109-08-01-02-09",..: 2 2 2 2 2 2 2 2 2 2 ...
 $ RaceHorse.KettoNum               : Factor w/ 3180 levels "2009100547","2009104540",..: 11 12 13 14 15 16 17 18 19 20 ...
 $ RaceHorse.IsHit1                 : int  0 0 0 0 0 0 0 0 0 0 ...
 $ RaceHorse.IsHit2                 : int  0 0 0 0 0 1 0 0 0 0 ...
 $ RaceHorse.IsHit3                 : int  0 0 0 0 0 0 0 1 0 0 ...
 $ RaceHorse.IsHit4                 : int  0 1 0 0 0 0 0 0 0 0 ...
 $ RaceHorse.IsHit5                 : int  0 0 0 0 0 0 0 0 0 1 ...
 $ RaceHorse.IsHit6                 : int  1 0 1 1 1 0 1 0 1 0 ...
 $ RaceHorse.IsValidRaceHorse       : logi  TRUE TRUE TRUE TRUE TRUE TRUE ...
 $ RaceHorse.IsHitA                 : int  0 0 0 0 0 0 0 0 0 0 ...
 $ RaceHorse.IsHitB                 : int  0 0 0 0 0 1 0 0 0 0 ...
 $ RaceHorse.IsHitC                 : int  0 0 0 0 0 1 0 1 0 0 ...
 $ Jockey.KisyuCode                 : Factor w/ 181 levels "01144","01037",..: 6 10 11 12 9 13 14 15 16 17 ...
 $ Jockey.TimeSdvByRaceAvg          : num  0.251 -0.3607 -0.1318 0.0208 0.4038 ...
 $ Jockey.TimeSdvByRaceMin          : num  -2.39 -2.75 -2.49 -2.37 -2.42 ...
 $ Jockey.TimeSdvByRaceMax          : num  2.08 1.39 1.62 1.75 2.31 ...
 $ Jockey.OrderOfFinishSdvAvg       : num  0.199 -0.269 -0.166 -0.026 0.44 ...
 $ Jockey.RunCount                  : int  143 27 61 174 186 154 39 143 6 134 ...
 $ Jockey.HitCount1                 : int  10 0 4 11 20 18 7 9 0 16 ...
 $ Jockey.HitCount2                 : int  14 2 2 16 19 15 4 6 0 22 ...
 $ Jockey.HitCount3                 : int  13 3 3 4 20 15 4 10 0 10 ...
 $ Jockey.HitCount4                 : int  12 2 5 14 21 11 5 10 0 13 ...
 $ Jockey.HitCount5                 : int  13 0 2 13 16 15 4 6 0 6 ...
 $ Jockey.HitRate1                  : num  0.0699 0 0.0656 0.0632 0.1075 ...
 $ Jockey.HitRate2                  : num  0.0979 0.0741 0.0328 0.092 0.1022 ...
 $ Jockey.HitRate3                  : num  0.0909 0.1111 0.0492 0.023 0.1075 ...
 $ Jockey.HitRate4                  : num  0.0839 0.0741 0.082 0.0805 0.1129 ...
 $ Jockey.HitRate5                  : num  0.0909 0 0.0328 0.0747 0.086 ...
 $ EOF                              : int  1 1 1 1 1 1 1 1 1 1 ...
[1] "2022-02-21 22:17:33 --- na.omit Finish ---"
[1] "2022-02-21 22:17:33 --- rxGlm with rxStepControl Start ---"

> print(paste0(Sys.time(), " --- source_logic_glm.R Start ---"))
[1] "2022-02-21 22:17:33 --- source_logic_glm.R Start ---"

> formula <- formula(RaceHorse.IsHitA ~ +1 + Jockey.OrderOfFinishSdvAvg)

> print(paste0(Sys.time(), " --- source_logic_glm.R Finished ---"))
[1] "2022-02-21 22:17:33 --- source_logic_glm.R Finished ---"
Rows Read: 14986, Total Rows Processed: 14986, Total Chunk Time: Less than .001 seconds 

Starting values (iteration 1) time: 0.020 secs.
Rows Read: 14986, Total Rows Processed: 14986, Total Chunk Time: 0.002 seconds 

Iteration 2 time: 0.008 secs.
Rows Read: 14986, Total Rows Processed: 14986, Total Chunk Time: 0.002 seconds 

Iteration 3 time: 0.005 secs.
Rows Read: 14986, Total Rows Processed: 14986, Total Chunk Time: 0.002 seconds 

Iteration 4 time: 0.010 secs.
Rows Read: 14986, Total Rows Processed: 14986, Total Chunk Time: 0.002 seconds 

Iteration 5 time: 0.006 secs.

Elapsed computation time: 0.086 secs.
Rows Read: 14986, Total Rows Processed: 14986, Total Chunk Time: 0.001 seconds 

Starting values (iteration 1) time: 0.012 secs.
Rows Read: 14986, Total Rows Processed: 14986, Total Chunk Time: 0.002 seconds 

Iteration 2 time: 0.011 secs.

Elapsed computation time: 0.043 secs.
Rows Read: 14986, Total Rows Processed: 14986, Total Chunk Time: Less than .001 seconds 

Starting values (iteration 1) time: 0.016 secs.
Rows Read: 14986, Total Rows Processed: 14986, Total Chunk Time: 0.002 seconds 

Iteration 2 time: 0.008 secs.
Rows Read: 14986, Total Rows Processed: 14986, Total Chunk Time: 0.002 seconds 

Iteration 3 time: 0.006 secs.
Rows Read: 14986, Total Rows Processed: 14986, Total Chunk Time: 0.002 seconds 

Iteration 4 time: 0.008 secs.
Rows Read: 14986, Total Rows Processed: 14986, Total Chunk Time: 0.002 seconds 

Iteration 5 time: 0.007 secs.

Elapsed computation time: 0.079 secs.

Elapsed computation time: 0.236 secs.
[1] "--------------------------------------------------------------------------------"
[1] "analyze.results.glm.step="
Logistic Regression Results for: RaceHorse.IsHitA ~
    Jockey.OrderOfFinishSdvAvg
Data: data
Dependent variable(s): RaceHorse.IsHitA
Total independent variables: 2 
Number of valid observations: 14986
Number of missing observations: 0 
 
Coefficients:
                           RaceHorse.IsHitA
(Intercept)                              -3
Jockey.OrderOfFinishSdvAvg                2
[1] "analyze.results.glm.step.summary"
Call:
rxLogit(formula = formula, data = data, variableSelection = analyze.results.glm.step.varsel)

Logistic Regression Results for: RaceHorse.IsHitA ~
    Jockey.OrderOfFinishSdvAvg
Data: data
Dependent variable(s): RaceHorse.IsHitA
Total independent variables: 2 
Number of valid observations: 14986
Number of missing observations: 0 
-2*LogLikelihood: 7183.306 (Residual deviance on 14984 degrees of freedom)
 
Coefficients:
                           Estimate Std. Error z value Pr(>|z|)    
(Intercept)                 -2.7151     0.0351   -77.3  2.2e-16 ***
Jockey.OrderOfFinishSdvAvg   1.5401     0.1101    14.0  2.2e-16 ***
---
Signif. codes:  0 '***' 0.001 '**' 0.01 '*' 0.05 '.' 0.1 ' ' 1

Condition number of final variance-covariance matrix: 1 
Number of iterations: 5
[1] "--------------------------------------------------------------------------------"
[1] "2022-02-21 22:17:34 --- rxGlm with rxStepControl Finish ---"
[1] "2022-02-21 22:17:34 --- rxStepPlot Start ---"
[1] "pdfFilename=pdf_analyze_glm_Jockey_Type23_rxStepPlot.pdf"
[1] "rxStepPlot="
[1] "2022-02-21 22:17:51 --- rxStepPlot Finish ---"
[1] "2022-02-21 22:17:51 --- save.image Start ---"
[1] "save.image"
[1] "rdataFilename=RData_analyze_glm_Jockey_Type23.RData"
[1] "2022-02-21 22:17:51 --- save.image Finish ---"
[1] "2022-02-21 22:17:51 --- final Start ---"
[1] "--------------------------------------------------------------------------------"
[1] "nrow(data) final=14986"
[1] "--------------------------------------------------------------------------------"
[1] "2022-02-21 22:17:51 --- final Finish ---"
[1] "2022-02-21 22:17:51 --- analyze_glm.R Finished ---"
[1] "2022-02-21 22:17:51 --- log Finish ---"
