[1] "2022-02-25 20:26:42 --- D1115_analyze_glm_Odds_IsHitA_Type25 Start ---"
[1] "2022-02-25 20:26:46 --- Log Start ---"
[1] "2022-02-25 20:26:50 --- analyze_glm.R Start ---"
[1] "analyzeVersion=D1115"
[1] "analyzeCategory=analyze"
[1] "analyzeType=Odds"
[1] "analyzeFamily=IsHitA"
[1] "analyzeFunc=glm"
[1] "analyzeTrackTypeCd=2"
[1] "analyzeJyokenCd=5"
[1] "2022-02-25 20:27:18 --- source_function.R Start ---"
[1] "2022-02-25 20:27:20 --- source_function.R Finished ---"

> print(paste0(Sys.time(), " --- source_library.R Start ---"))
[1] "2022-02-25 20:27:35 --- source_library.R Start ---"

> require("RevoScaleR")

> print(paste0(Sys.time(), " --- source_library.R Finished ---"))
[1] "2022-02-25 20:27:54 --- source_library.R Finished ---"
[1] "2022-02-25 20:28:05 --- RxSqlServerData Start ---"
[1] "2022-02-25 20:28:15 --- RxInSqlServer Start ---"
[1] "2022-02-25 20:28:29 --- RxInSqlServer Finish ---"
[1] "2022-02-25 20:28:38 --- rxSetComputeContext Start ---"
[1] "2022-02-25 20:28:40 --- rxSetComputeContext Finish ---"
[1] "2022-02-25 20:28:41 --- RxSqlServerData Start ---"
[1] "sqlQuery=SELECT * FROM ViewAnalyzeD1115analyze01OddsType25"
[1] "2022-02-25 20:29:02 --- RxSqlServerData Finish ---"
[1] "2022-02-25 20:29:05 --- rxGetVarInfo Start ---"
[1] "2022-02-25 20:29:06 --- rxGetVarInfo Finish---"
[1] "2022-02-25 20:29:06 --- rxImport Start ---"
Rows Read: 48328, Total Rows Processed: 48328, Total Chunk Time: 5.271 seconds 
[1] "2022-02-25 20:29:33 --- rxImport Finish ---"
[1] "object.size(data) auto=10.8 Mb"
[1] "--------------------------------------------------------------------------------"
[1] "nrow(data) RxSqlServerData=48328"
[1] "--------------------------------------------------------------------------------"
[1] "str(data)="
'data.frame':	48328 obs. of  32 variables:
 $ Race.RaceId                      : Factor w/ 3266 levels "20160105-06-01-01-01",..: 1 8 9 2 3 3 4 4 5 5 ...
 $ Race.IsPredictedRace             : logi  TRUE TRUE TRUE TRUE TRUE TRUE ...
 $ Race.IsAnalyzeNormalPastAndFuture: logi  TRUE TRUE TRUE TRUE TRUE TRUE ...
 $ Race.IsAnalyzeNormalPast         : logi  TRUE TRUE TRUE TRUE TRUE TRUE ...
 $ Race.IsAnalyzeNormalFuture       : logi  FALSE FALSE FALSE FALSE FALSE FALSE ...
 $ Race.IsAnalyzeFullPastAndFuture  : logi  TRUE TRUE TRUE TRUE TRUE TRUE ...
 $ Race.IsAnalyzeFullPast           : logi  TRUE TRUE TRUE TRUE TRUE TRUE ...
 $ Race.IsAnalyzeFullFuture         : logi  FALSE FALSE FALSE FALSE FALSE FALSE ...
 $ Race.JyokenCd                    : Factor w/ 1 level "5": 1 1 1 1 1 1 1 1 1 1 ...
 $ Race.JyoType1Cd                  : Factor w/ 116 levels "2-06-1200-5-1",..: 1 3 4 2 1 1 3 3 4 4 ...
 $ Race.RaceType1Cd                 : Factor w/ 3 levels "2-5-X-1","2-5-X-2",..: 1 2 2 1 1 1 2 2 2 2 ...
 $ RaceHorse.RaceId                 : Factor w/ 3266 levels "20160105-06-01-01-01",..: 1 8 9 2 3 3 4 4 5 5 ...
 $ RaceHorse.KettoNum               : Factor w/ 16808 levels "2013102932","2013103702",..: 11 12 13 14 15 16 17 18 19 20 ...
 $ RaceHorse.IsHit1                 : num  1 0 0 0 0 0 0 0 0 0 ...
 $ RaceHorse.IsHit2                 : num  0 0 0 0 0 0 0 0 0 0 ...
 $ RaceHorse.IsHit3                 : num  0 0 0 0 0 0 0 0 0 0 ...
 $ RaceHorse.IsHit4                 : num  0 0 0 0 0 0 0 0 0 1 ...
 $ RaceHorse.IsHit5                 : num  0 0 0 1 0 0 0 0 0 0 ...
 $ RaceHorse.IsHit6                 : num  0 1 1 0 1 1 1 1 1 0 ...
 $ RaceHorse.IsValidRaceHorse       : logi  TRUE TRUE TRUE TRUE TRUE TRUE ...
 $ RaceHorse.TimeSdv                : num  1.045 0.513 -0.117 0.656 0.346 ...
 $ RaceHorse.IsHitA                 : num  1 0 0 0 0 0 0 0 0 0 ...
 $ RaceHorse.IsHitB                 : num  1 0 0 0 0 0 0 0 0 0 ...
 $ RaceHorse.IsHitC                 : num  1 0 0 0 0 0 0 0 0 0 ...
 $ OddsByWin.Odds1                  : num  3.5 421.4 23 34.8 17.1 ...
 $ OddsByWin.Ninki                  : num  1 16 5 11 6 14 14 4 16 2 ...
 $ OddsByWin.OddsLog1               : num  1.5 6.05 3.18 3.58 2.9 ...
 $ OddsByWin.OddsRatio1             : num  0.4 0.00238 0.04545 0.02959 0.06211 ...
 $ OddsByWin.OddsLogit1             : num  -1.25 -6.04 -3.14 -3.55 -2.84 ...
 $ OddsByWin.ApprovalRate1          : num  0.28571 0.00237 0.04348 0.02874 0.05848 ...
 $ OddsByWin.ApprovalRateLog1       : num  0.25131 0.00237 0.04256 0.02833 0.05683 ...
 $ EOF                              : int  1 1 1 1 1 1 1 1 1 1 ...
[1] "2022-02-25 20:32:50 --- RxSqlServerData Finish ---"
[1] "2022-02-25 20:32:51 --- subset Start ---"
[1] "--------------------------------------------------------------------------------"
[1] "nrow(data) subset before=48328"
[1] "nrow(data) subset after =48328"
[1] "nrow(data) subset diff =0"
[1] "--------------------------------------------------------------------------------"
[1] "2022-02-25 20:32:52 --- subset Finish---"
[1] "2022-02-25 20:32:52 --- transform Start ---"
[1] "--------------------------------------------------------------------------------"
[1] "nrow(data) transform before=48328"
[1] "nrow(data) transform after=48328"
[1] "nrow(data) transform diff=0"
[1] "--------------------------------------------------------------------------------"
[1] "str(data)="
'data.frame':	48328 obs. of  32 variables:
 $ Race.RaceId                      : Factor w/ 3266 levels "20160105-06-01-01-01",..: 1 8 9 2 3 3 4 4 5 5 ...
 $ Race.IsPredictedRace             : logi  TRUE TRUE TRUE TRUE TRUE TRUE ...
 $ Race.IsAnalyzeNormalPastAndFuture: logi  TRUE TRUE TRUE TRUE TRUE TRUE ...
 $ Race.IsAnalyzeNormalPast         : logi  TRUE TRUE TRUE TRUE TRUE TRUE ...
 $ Race.IsAnalyzeNormalFuture       : logi  FALSE FALSE FALSE FALSE FALSE FALSE ...
 $ Race.IsAnalyzeFullPastAndFuture  : logi  TRUE TRUE TRUE TRUE TRUE TRUE ...
 $ Race.IsAnalyzeFullPast           : logi  TRUE TRUE TRUE TRUE TRUE TRUE ...
 $ Race.IsAnalyzeFullFuture         : logi  FALSE FALSE FALSE FALSE FALSE FALSE ...
 $ Race.JyokenCd                    : Factor w/ 1 level "5": 1 1 1 1 1 1 1 1 1 1 ...
 $ Race.JyoType1Cd                  : Factor w/ 116 levels "2-06-1200-5-1",..: 1 3 4 2 1 1 3 3 4 4 ...
 $ Race.RaceType1Cd                 : Factor w/ 3 levels "2-5-X-1","2-5-X-2",..: 1 2 2 1 1 1 2 2 2 2 ...
 $ RaceHorse.RaceId                 : Factor w/ 3266 levels "20160105-06-01-01-01",..: 1 8 9 2 3 3 4 4 5 5 ...
 $ RaceHorse.KettoNum               : Factor w/ 16808 levels "2013102932","2013103702",..: 11 12 13 14 15 16 17 18 19 20 ...
 $ RaceHorse.IsHit1                 : num  1 0 0 0 0 0 0 0 0 0 ...
 $ RaceHorse.IsHit2                 : num  0 0 0 0 0 0 0 0 0 0 ...
 $ RaceHorse.IsHit3                 : num  0 0 0 0 0 0 0 0 0 0 ...
 $ RaceHorse.IsHit4                 : num  0 0 0 0 0 0 0 0 0 1 ...
 $ RaceHorse.IsHit5                 : num  0 0 0 1 0 0 0 0 0 0 ...
 $ RaceHorse.IsHit6                 : num  0 1 1 0 1 1 1 1 1 0 ...
 $ RaceHorse.IsValidRaceHorse       : logi  TRUE TRUE TRUE TRUE TRUE TRUE ...
 $ RaceHorse.TimeSdv                : num  1.045 0.513 -0.117 0.656 0.346 ...
 $ RaceHorse.IsHitA                 : num  1 0 0 0 0 0 0 0 0 0 ...
 $ RaceHorse.IsHitB                 : num  1 0 0 0 0 0 0 0 0 0 ...
 $ RaceHorse.IsHitC                 : num  1 0 0 0 0 0 0 0 0 0 ...
 $ OddsByWin.Odds1                  : num  3.5 421.4 23 34.8 17.1 ...
 $ OddsByWin.Ninki                  : num  1 16 5 11 6 14 14 4 16 2 ...
 $ OddsByWin.OddsLog1               : num  1.5 6.05 3.18 3.58 2.9 ...
 $ OddsByWin.OddsRatio1             : num  0.4 0.00238 0.04545 0.02959 0.06211 ...
 $ OddsByWin.OddsLogit1             : num  -1.25 -6.04 -3.14 -3.55 -2.84 ...
 $ OddsByWin.ApprovalRate1          : num  0.28571 0.00237 0.04348 0.02874 0.05848 ...
 $ OddsByWin.ApprovalRateLog1       : num  0.25131 0.00237 0.04256 0.02833 0.05683 ...
 $ EOF                              : int  1 1 1 1 1 1 1 1 1 1 ...
NULL
[1] "2022-02-25 20:32:59 --- transform Finish ---"
[1] "2022-02-25 20:32:59 --- na.omit Start ---"
[1] "--------------------------------------------------------------------------------"
[1] "nrow(data) na.omit before=48328"
[1] "nrow(data) na.omit after =47905"
[1] "nrow(data) na.omit diff =423"
[1] "--------------------------------------------------------------------------------"
'data.frame':	47905 obs. of  32 variables:
 $ Race.RaceId                      : Factor w/ 3266 levels "20160105-06-01-01-01",..: 1 8 9 2 3 3 4 4 5 5 ...
 $ Race.IsPredictedRace             : logi  TRUE TRUE TRUE TRUE TRUE TRUE ...
 $ Race.IsAnalyzeNormalPastAndFuture: logi  TRUE TRUE TRUE TRUE TRUE TRUE ...
 $ Race.IsAnalyzeNormalPast         : logi  TRUE TRUE TRUE TRUE TRUE TRUE ...
 $ Race.IsAnalyzeNormalFuture       : logi  FALSE FALSE FALSE FALSE FALSE FALSE ...
 $ Race.IsAnalyzeFullPastAndFuture  : logi  TRUE TRUE TRUE TRUE TRUE TRUE ...
 $ Race.IsAnalyzeFullPast           : logi  TRUE TRUE TRUE TRUE TRUE TRUE ...
 $ Race.IsAnalyzeFullFuture         : logi  FALSE FALSE FALSE FALSE FALSE FALSE ...
 $ Race.JyokenCd                    : Factor w/ 1 level "5": 1 1 1 1 1 1 1 1 1 1 ...
 $ Race.JyoType1Cd                  : Factor w/ 116 levels "2-06-1200-5-1",..: 1 3 4 2 1 1 3 3 4 4 ...
 $ Race.RaceType1Cd                 : Factor w/ 3 levels "2-5-X-1","2-5-X-2",..: 1 2 2 1 1 1 2 2 2 2 ...
 $ RaceHorse.RaceId                 : Factor w/ 3266 levels "20160105-06-01-01-01",..: 1 8 9 2 3 3 4 4 5 5 ...
 $ RaceHorse.KettoNum               : Factor w/ 16808 levels "2013102932","2013103702",..: 11 12 13 14 15 16 17 18 19 20 ...
 $ RaceHorse.IsHit1                 : num  1 0 0 0 0 0 0 0 0 0 ...
 $ RaceHorse.IsHit2                 : num  0 0 0 0 0 0 0 0 0 0 ...
 $ RaceHorse.IsHit3                 : num  0 0 0 0 0 0 0 0 0 0 ...
 $ RaceHorse.IsHit4                 : num  0 0 0 0 0 0 0 0 0 1 ...
 $ RaceHorse.IsHit5                 : num  0 0 0 1 0 0 0 0 0 0 ...
 $ RaceHorse.IsHit6                 : num  0 1 1 0 1 1 1 1 1 0 ...
 $ RaceHorse.IsValidRaceHorse       : logi  TRUE TRUE TRUE TRUE TRUE TRUE ...
 $ RaceHorse.TimeSdv                : num  1.045 0.513 -0.117 0.656 0.346 ...
 $ RaceHorse.IsHitA                 : num  1 0 0 0 0 0 0 0 0 0 ...
 $ RaceHorse.IsHitB                 : num  1 0 0 0 0 0 0 0 0 0 ...
 $ RaceHorse.IsHitC                 : num  1 0 0 0 0 0 0 0 0 0 ...
 $ OddsByWin.Odds1                  : num  3.5 421.4 23 34.8 17.1 ...
 $ OddsByWin.Ninki                  : num  1 16 5 11 6 14 14 4 16 2 ...
 $ OddsByWin.OddsLog1               : num  1.5 6.05 3.18 3.58 2.9 ...
 $ OddsByWin.OddsRatio1             : num  0.4 0.00238 0.04545 0.02959 0.06211 ...
 $ OddsByWin.OddsLogit1             : num  -1.25 -6.04 -3.14 -3.55 -2.84 ...
 $ OddsByWin.ApprovalRate1          : num  0.28571 0.00237 0.04348 0.02874 0.05848 ...
 $ OddsByWin.ApprovalRateLog1       : num  0.25131 0.00237 0.04256 0.02833 0.05683 ...
 $ EOF                              : int  1 1 1 1 1 1 1 1 1 1 ...
 - attr(*, "na.action")= 'omit' Named int  14 570 686 738 848 1023 1069 1130 1144 1280 ...
  ..- attr(*, "names")= chr  "14" "570" "686" "738" ...
[1] "2022-02-25 20:33:04 --- na.omit Finish ---"
[1] "2022-02-25 20:33:04 --- rxGlm with rxStepControl Start ---"

> print(paste0(Sys.time(), " --- source_logic_glm.R Start ---"))
[1] "2022-02-25 20:33:05 --- source_logic_glm.R Start ---"

> formula <- formula(RaceHorse.IsHitA ~ +1 + OddsByWin.OddsLogit1)

> print(paste0(Sys.time(), " --- source_logic_glm.R Finished ---"))
[1] "2022-02-25 20:33:05 --- source_logic_glm.R Finished ---"
Rows Read: 47905, Total Rows Processed: 47905, Total Chunk Time: 0.003 seconds 

Starting values (iteration 1) time: 0.020 secs.
Rows Read: 47905, Total Rows Processed: 47905, Total Chunk Time: 0.004 seconds 

Iteration 2 time: 0.177 secs.
Rows Read: 47905, Total Rows Processed: 47905, Total Chunk Time: 0.004 seconds 

Iteration 3 time: 0.098 secs.
Rows Read: 47905, Total Rows Processed: 47905, Total Chunk Time: 0.003 seconds 

Iteration 4 time: 0.079 secs.
Rows Read: 47905, Total Rows Processed: 47905, Total Chunk Time: 0.003 seconds 

Iteration 5 time: 0.157 secs.
Rows Read: 47905, Total Rows Processed: 47905, Total Chunk Time: 0.004 seconds 

Iteration 6 time: 0.089 secs.
Rows Read: 47905, Total Rows Processed: 47905, Total Chunk Time: 0.004 seconds 

Iteration 7 time: 0.167 secs.

Elapsed computation time: 1.387 secs.
Rows Read: 47905, Total Rows Processed: 47905, Total Chunk Time: Less than .001 seconds 

Starting values (iteration 1) time: 0.069 secs.
Rows Read: 47905, Total Rows Processed: 47905, Total Chunk Time: 0.003 seconds 

Iteration 2 time: 0.178 secs.

Elapsed computation time: 0.462 secs.
Rows Read: 47905, Total Rows Processed: 47905, Total Chunk Time: 0.002 seconds 

Starting values (iteration 1) time: 0.181 secs.
Rows Read: 47905, Total Rows Processed: 47905, Total Chunk Time: 0.004 seconds 

Iteration 2 time: 0.101 secs.
Rows Read: 47905, Total Rows Processed: 47905, Total Chunk Time: 0.004 seconds 

Iteration 3 time: 0.090 secs.
Rows Read: 47905, Total Rows Processed: 47905, Total Chunk Time: 0.004 seconds 

Iteration 4 time: 0.092 secs.
Rows Read: 47905, Total Rows Processed: 47905, Total Chunk Time: 0.004 seconds 

Iteration 5 time: 0.149 secs.
Rows Read: 47905, Total Rows Processed: 47905, Total Chunk Time: 0.004 seconds 

Iteration 6 time: 0.139 secs.
Rows Read: 47905, Total Rows Processed: 47905, Total Chunk Time: 0.004 seconds 

Iteration 7 time: 0.148 secs.

Elapsed computation time: 1.551 secs.

Elapsed computation time: 3.732 secs.
[1] "--------------------------------------------------------------------------------"
[1] "analyze.results.glm.step="
Logistic Regression Results for: RaceHorse.IsHitA ~
    OddsByWin.OddsLogit1
Data: data
Dependent variable(s): RaceHorse.IsHitA
Total independent variables: 2 
Number of valid observations: 47905
Number of missing observations: 0 
 
Coefficients:
                     RaceHorse.IsHitA
(Intercept)                       0.3
OddsByWin.OddsLogit1              1.1
[1] "analyze.results.glm.step.summary"
Call:
rxLogit(formula = formula, data = data, variableSelection = analyze.results.glm.step.varsel)

Logistic Regression Results for: RaceHorse.IsHitA ~
    OddsByWin.OddsLogit1
Data: data
Dependent variable(s): RaceHorse.IsHitA
Total independent variables: 2 
Number of valid observations: 47905
Number of missing observations: 0 
-2*LogLikelihood: 18413.074 (Residual deviance on 47903 degrees of freedom)
 
Coefficients:
                     Estimate Std. Error z value Pr(>|z|)    
(Intercept)            0.2552     0.0412    6.19  6.0e-10 ***
OddsByWin.OddsLogit1   1.1386     0.0196   58.19  2.2e-16 ***
---
Signif. codes:  0 '***' 0.001 '**' 0.01 '*' 0.05 '.' 0.1 ' ' 1

Condition number of final variance-covariance matrix: 1 
Number of iterations: 7
[1] "--------------------------------------------------------------------------------"
[1] "2022-02-25 20:33:12 --- rxGlm with rxStepControl Finish ---"
[1] "2022-02-25 20:33:12 --- rxStepPlot Start ---"
[1] "pdfFilename=pdf_analyze_glm_Odds_Type25_rxStepPlot.pdf"
[1] "rxStepPlot="
[1] "2022-02-25 20:33:12 --- rxStepPlot Finish ---"
[1] "2022-02-25 20:33:12 --- save.image Start ---"
[1] "save.image"
[1] "rdataFilename=RData_analyze_glm_Odds_Type25.RData"
[1] "2022-02-25 20:33:13 --- save.image Finish ---"
[1] "2022-02-25 20:33:13 --- final Start ---"
[1] "--------------------------------------------------------------------------------"
[1] "nrow(data) final=47905"
[1] "--------------------------------------------------------------------------------"
[1] "2022-02-25 20:33:13 --- final Finish ---"
[1] "2022-02-25 20:33:13 --- analyze_glm.R Finished ---"
[1] "2022-02-25 20:33:13 --- log Finish ---"
