[1] "2022-03-08 18:25:34 --- D1115_analyze_glm_Gen01_IsHitA_Type26 Start ---"
[1] "2022-03-08 18:25:34 --- Log Start ---"
[1] "2022-03-08 18:25:34 --- analyze_glm.R Start ---"
[1] "analyzeVersion=D1115"
[1] "analyzeCategory=analyze"
[1] "analyzeType=Gen01"
[1] "analyzeFamily=IsHitA"
[1] "analyzeFunc=glm"
[1] "analyzeTrackTypeCd=2"
[1] "analyzeJyokenCd=6"
[1] "2022-03-08 18:25:34 --- source_function.R Start ---"
[1] "2022-03-08 18:25:34 --- source_function.R Finished ---"

> print(paste0(Sys.time(), " --- source_library.R Start ---"))
[1] "2022-03-08 18:25:34 --- source_library.R Start ---"

> require("RevoScaleR")

> print(paste0(Sys.time(), " --- source_library.R Finished ---"))
[1] "2022-03-08 18:25:39 --- source_library.R Finished ---"
[1] "2022-03-08 18:25:39 --- RxSqlServerData Start ---"
[1] "2022-03-08 18:25:39 --- RxInSqlServer Start ---"
[1] "2022-03-08 18:25:39 --- RxInSqlServer Finish ---"
[1] "2022-03-08 18:25:39 --- rxSetComputeContext Start ---"
[1] "2022-03-08 18:25:39 --- rxSetComputeContext Finish ---"
[1] "2022-03-08 18:25:39 --- RxSqlServerData Start ---"
[1] "sqlQuery=SELECT * FROM ViewAnalyzeD1115analyze01Gen01Type26"
[1] "2022-03-08 18:25:39 --- RxSqlServerData Finish ---"
[1] "2022-03-08 18:25:39 --- rxGetVarInfo Start ---"
[1] "2022-03-08 18:25:41 --- rxGetVarInfo Finish---"
[1] "2022-03-08 18:25:41 --- rxImport Start ---"
Rows Read: 6372, Total Rows Processed: 6372, Total Chunk Time: 75.837 seconds 
[1] "2022-03-08 18:29:58 --- rxImport Finish ---"
[1] "object.size(data) auto=2.5 Mb"
[1] "--------------------------------------------------------------------------------"
[1] "nrow(data) RxSqlServerData=6372"
[1] "--------------------------------------------------------------------------------"
[1] "str(data)="
'data.frame':	6372 obs. of  48 variables:
 $ Race.RaceId                      : Factor w/ 467 levels "20160116-08-01-05-04",..: 11 12 13 14 15 16 17 18 19 20 ...
 $ Race.IsAnalyzeNormalPastAndFuture: logi  TRUE TRUE TRUE TRUE TRUE TRUE ...
 $ Race.IsAnalyzeNormalPast         : logi  TRUE TRUE TRUE TRUE TRUE TRUE ...
 $ Race.IsAnalyzeNormalFuture       : logi  FALSE FALSE FALSE FALSE FALSE FALSE ...
 $ Race.IsAnalyzeFullPastAndFuture  : logi  TRUE TRUE TRUE TRUE TRUE TRUE ...
 $ Race.IsAnalyzeFullPast           : logi  TRUE TRUE TRUE TRUE TRUE TRUE ...
 $ Race.IsAnalyzeFullFuture         : logi  FALSE FALSE FALSE FALSE FALSE FALSE ...
 $ Race.JyokenCd                    : Factor w/ 1 level "6": 1 1 1 1 1 1 1 1 1 1 ...
 $ Race.JyoType1Cd                  : Factor w/ 68 levels "24-08-1200-1",..: 11 5 12 13 4 14 15 2 16 4 ...
 $ Race.RaceType1Cd                 : Factor w/ 2 levels "2-6-12","2-6-11": 2 2 2 2 2 2 2 2 2 2 ...
 $ RaceHorse.RaceId                 : Factor w/ 467 levels "20160116-08-01-05-04",..: 11 12 13 14 15 16 17 18 19 20 ...
 $ RaceHorse.KettoNum               : Factor w/ 6357 levels "2013102455","2013105103",..: 11 12 13 14 15 16 17 18 19 20 ...
 $ RaceHorse.IsHit1                 : num  0 0 1 0 0 0 0 0 0 0 ...
 $ RaceHorse.IsHit2                 : num  0 0 0 0 0 0 0 0 0 0 ...
 $ RaceHorse.IsHit3                 : num  0 0 0 0 0 0 0 0 0 0 ...
 $ RaceHorse.IsHit4                 : num  0 0 0 0 0 0 0 0 0 0 ...
 $ RaceHorse.IsHit5                 : num  0 0 0 0 0 1 0 0 0 0 ...
 $ RaceHorse.IsHit6                 : num  1 1 0 1 1 0 1 1 1 1 ...
 $ RaceHorse.IsValidRaceHorse       : logi  TRUE TRUE TRUE TRUE TRUE TRUE ...
 $ RaceHorse.FinishTimeSdvByRace    : num  -0.548 -0.179 1.483 0.586 -0.777 ...
 $ RaceHorse.FirstTimeSdvByRace     : num  -1.235 -1.512 0.691 0.672 0.752 ...
 $ RaceHorse.LastTimeSdvByRace      : num  -0.0302 0.64 0.8247 0.4403 -1.1886 ...
 $ RaceHorse.FinishTimeSdv          : num  -1.511 -0.689 0.218 0.27 -1.575 ...
 $ RaceHorse.FirstTimeSdv           : num  -1.412 -1.843 0.101 0.391 -1.522 ...
 $ RaceHorse.LastTimeSdv            : num  -0.8708 0.462 0.1895 0.0446 -0.9768 ...
 $ RaceHorse.IsHitA                 : num  0 0 1 0 0 0 0 0 0 0 ...
 $ RaceHorse.IsHitB                 : num  0 0 1 0 0 0 0 0 0 0 ...
 $ RaceHorse.IsHitC                 : num  0 0 1 0 0 0 0 0 0 0 ...
 $ Gen01.HansyokuNum                : Factor w/ 288 levels "11201966","11201853",..: 10 11 12 2 2 13 14 15 13 16 ...
 $ Gen01.FinishTimeSdvByRaceAvg     : num  0.349 0.475 0.302 0.363 0.363 ...
 $ Gen01.FirstTimeSdvByRaceAvg      : num  0.339 -0.474 0.243 0.324 0.321 ...
 $ Gen01.LastTimeSdvByRaceAvg       : num  0.159 0.789 0.24 0.245 0.247 ...
 $ Gen01.FinishTimeSdvAvg           : num  -0.86 -0.501 -0.674 -0.702 -0.69 ...
 $ Gen01.FirstTimeSdvAvg            : num  -0.913 -0.655 -0.609 -0.738 -0.725 ...
 $ Gen01.LastTimeSdvAvg             : num  -0.444 -0.157 -0.414 -0.351 -0.347 ...
 $ Gen01.RealOddsLog1Avg            : num  3.18 3.33 3.1 2.77 2.77 ...
 $ Gen01.RunCount                   : num  9 3 39 126 128 8 3 31 9 17 ...
 $ Gen01.HitCount1                  : num  0 0 4 16 16 2 0 3 2 1 ...
 $ Gen01.HitCount2                  : num  0 0 1 18 18 0 0 0 0 4 ...
 $ Gen01.HitCount3                  : num  2 0 5 10 10 1 0 2 1 4 ...
 $ Gen01.HitCount4                  : num  1 1 5 15 15 0 0 6 0 2 ...
 $ Gen01.HitCount5                  : num  3 1 3 6 6 2 0 2 3 1 ...
 $ Gen01.HitRate1                   : num  0 0 0.103 0.127 0.125 ...
 $ Gen01.HitRate2                   : num  0 0 0.0256 0.1429 0.1406 ...
 $ Gen01.HitRate3                   : num  0.2222 0 0.1282 0.0794 0.0781 ...
 $ Gen01.HitRate4                   : num  0.111 0.333 0.128 0.119 0.117 ...
 $ Gen01.HitRate5                   : num  0.3333 0.3333 0.0769 0.0476 0.0469 ...
 $ EOF                              : int  1 1 1 1 1 1 1 1 1 1 ...
[1] "2022-03-08 18:30:00 --- RxSqlServerData Finish ---"
[1] "2022-03-08 18:30:00 --- subset Start ---"
[1] "--------------------------------------------------------------------------------"
[1] "nrow(data) subset before=6372"
[1] "nrow(data) subset after =6372"
[1] "nrow(data) subset diff =0"
[1] "--------------------------------------------------------------------------------"
[1] "2022-03-08 18:30:01 --- subset Finish---"
[1] "2022-03-08 18:30:01 --- transform Start ---"
[1] "--------------------------------------------------------------------------------"
[1] "nrow(data) transform before=6372"
[1] "nrow(data) transform after=6372"
[1] "nrow(data) transform diff=0"
[1] "--------------------------------------------------------------------------------"
[1] "str(data)="
'data.frame':	6372 obs. of  48 variables:
 $ Race.RaceId                      : Factor w/ 467 levels "20160116-08-01-05-04",..: 11 12 13 14 15 16 17 18 19 20 ...
 $ Race.IsAnalyzeNormalPastAndFuture: logi  TRUE TRUE TRUE TRUE TRUE TRUE ...
 $ Race.IsAnalyzeNormalPast         : logi  TRUE TRUE TRUE TRUE TRUE TRUE ...
 $ Race.IsAnalyzeNormalFuture       : logi  FALSE FALSE FALSE FALSE FALSE FALSE ...
 $ Race.IsAnalyzeFullPastAndFuture  : logi  TRUE TRUE TRUE TRUE TRUE TRUE ...
 $ Race.IsAnalyzeFullPast           : logi  TRUE TRUE TRUE TRUE TRUE TRUE ...
 $ Race.IsAnalyzeFullFuture         : logi  FALSE FALSE FALSE FALSE FALSE FALSE ...
 $ Race.JyokenCd                    : Factor w/ 1 level "6": 1 1 1 1 1 1 1 1 1 1 ...
 $ Race.JyoType1Cd                  : Factor w/ 68 levels "24-08-1200-1",..: 11 5 12 13 4 14 15 2 16 4 ...
 $ Race.RaceType1Cd                 : Factor w/ 2 levels "2-6-12","2-6-11": 2 2 2 2 2 2 2 2 2 2 ...
 $ RaceHorse.RaceId                 : Factor w/ 467 levels "20160116-08-01-05-04",..: 11 12 13 14 15 16 17 18 19 20 ...
 $ RaceHorse.KettoNum               : Factor w/ 6357 levels "2013102455","2013105103",..: 11 12 13 14 15 16 17 18 19 20 ...
 $ RaceHorse.IsHit1                 : num  0 0 1 0 0 0 0 0 0 0 ...
 $ RaceHorse.IsHit2                 : num  0 0 0 0 0 0 0 0 0 0 ...
 $ RaceHorse.IsHit3                 : num  0 0 0 0 0 0 0 0 0 0 ...
 $ RaceHorse.IsHit4                 : num  0 0 0 0 0 0 0 0 0 0 ...
 $ RaceHorse.IsHit5                 : num  0 0 0 0 0 1 0 0 0 0 ...
 $ RaceHorse.IsHit6                 : num  1 1 0 1 1 0 1 1 1 1 ...
 $ RaceHorse.IsValidRaceHorse       : logi  TRUE TRUE TRUE TRUE TRUE TRUE ...
 $ RaceHorse.FinishTimeSdvByRace    : num  -0.548 -0.179 1.483 0.586 -0.777 ...
 $ RaceHorse.FirstTimeSdvByRace     : num  -1.235 -1.512 0.691 0.672 0.752 ...
 $ RaceHorse.LastTimeSdvByRace      : num  -0.0302 0.64 0.8247 0.4403 -1.1886 ...
 $ RaceHorse.FinishTimeSdv          : num  -1.511 -0.689 0.218 0.27 -1.575 ...
 $ RaceHorse.FirstTimeSdv           : num  -1.412 -1.843 0.101 0.391 -1.522 ...
 $ RaceHorse.LastTimeSdv            : num  -0.8708 0.462 0.1895 0.0446 -0.9768 ...
 $ RaceHorse.IsHitA                 : num  0 0 1 0 0 0 0 0 0 0 ...
 $ RaceHorse.IsHitB                 : num  0 0 1 0 0 0 0 0 0 0 ...
 $ RaceHorse.IsHitC                 : num  0 0 1 0 0 0 0 0 0 0 ...
 $ Gen01.HansyokuNum                : Factor w/ 288 levels "11201966","11201853",..: 10 11 12 2 2 13 14 15 13 16 ...
 $ Gen01.FinishTimeSdvByRaceAvg     : num  0.349 0.475 0.302 0.363 0.363 ...
 $ Gen01.FirstTimeSdvByRaceAvg      : num  0.339 -0.474 0.243 0.324 0.321 ...
 $ Gen01.LastTimeSdvByRaceAvg       : num  0.159 0.789 0.24 0.245 0.247 ...
 $ Gen01.FinishTimeSdvAvg           : num  -0.86 -0.501 -0.674 -0.702 -0.69 ...
 $ Gen01.FirstTimeSdvAvg            : num  -0.913 -0.655 -0.609 -0.738 -0.725 ...
 $ Gen01.LastTimeSdvAvg             : num  -0.444 -0.157 -0.414 -0.351 -0.347 ...
 $ Gen01.RealOddsLog1Avg            : num  3.18 3.33 3.1 2.77 2.77 ...
 $ Gen01.RunCount                   : num  9 3 39 126 128 8 3 31 9 17 ...
 $ Gen01.HitCount1                  : num  0 0 4 16 16 2 0 3 2 1 ...
 $ Gen01.HitCount2                  : num  0 0 1 18 18 0 0 0 0 4 ...
 $ Gen01.HitCount3                  : num  2 0 5 10 10 1 0 2 1 4 ...
 $ Gen01.HitCount4                  : num  1 1 5 15 15 0 0 6 0 2 ...
 $ Gen01.HitCount5                  : num  3 1 3 6 6 2 0 2 3 1 ...
 $ Gen01.HitRate1                   : num  0 0 0.103 0.127 0.125 ...
 $ Gen01.HitRate2                   : num  0 0 0.0256 0.1429 0.1406 ...
 $ Gen01.HitRate3                   : num  0.2222 0 0.1282 0.0794 0.0781 ...
 $ Gen01.HitRate4                   : num  0.111 0.333 0.128 0.119 0.117 ...
 $ Gen01.HitRate5                   : num  0.3333 0.3333 0.0769 0.0476 0.0469 ...
 $ EOF                              : int  1 1 1 1 1 1 1 1 1 1 ...
NULL
[1] "2022-03-08 18:30:09 --- transform Finish ---"
[1] "2022-03-08 18:30:09 --- na.omit Start ---"
[1] "--------------------------------------------------------------------------------"
[1] "nrow(data) na.omit before=6372"
[1] "nrow(data) na.omit after =6312"
[1] "nrow(data) na.omit diff =60"
[1] "--------------------------------------------------------------------------------"
'data.frame':	6312 obs. of  48 variables:
 $ Race.RaceId                      : Factor w/ 467 levels "20160116-08-01-05-04",..: 11 12 13 14 15 16 17 18 19 20 ...
 $ Race.IsAnalyzeNormalPastAndFuture: logi  TRUE TRUE TRUE TRUE TRUE TRUE ...
 $ Race.IsAnalyzeNormalPast         : logi  TRUE TRUE TRUE TRUE TRUE TRUE ...
 $ Race.IsAnalyzeNormalFuture       : logi  FALSE FALSE FALSE FALSE FALSE FALSE ...
 $ Race.IsAnalyzeFullPastAndFuture  : logi  TRUE TRUE TRUE TRUE TRUE TRUE ...
 $ Race.IsAnalyzeFullPast           : logi  TRUE TRUE TRUE TRUE TRUE TRUE ...
 $ Race.IsAnalyzeFullFuture         : logi  FALSE FALSE FALSE FALSE FALSE FALSE ...
 $ Race.JyokenCd                    : Factor w/ 1 level "6": 1 1 1 1 1 1 1 1 1 1 ...
 $ Race.JyoType1Cd                  : Factor w/ 68 levels "24-08-1200-1",..: 11 5 12 13 4 14 15 2 16 4 ...
 $ Race.RaceType1Cd                 : Factor w/ 2 levels "2-6-12","2-6-11": 2 2 2 2 2 2 2 2 2 2 ...
 $ RaceHorse.RaceId                 : Factor w/ 467 levels "20160116-08-01-05-04",..: 11 12 13 14 15 16 17 18 19 20 ...
 $ RaceHorse.KettoNum               : Factor w/ 6357 levels "2013102455","2013105103",..: 11 12 13 14 15 16 17 18 19 20 ...
 $ RaceHorse.IsHit1                 : num  0 0 1 0 0 0 0 0 0 0 ...
 $ RaceHorse.IsHit2                 : num  0 0 0 0 0 0 0 0 0 0 ...
 $ RaceHorse.IsHit3                 : num  0 0 0 0 0 0 0 0 0 0 ...
 $ RaceHorse.IsHit4                 : num  0 0 0 0 0 0 0 0 0 0 ...
 $ RaceHorse.IsHit5                 : num  0 0 0 0 0 1 0 0 0 0 ...
 $ RaceHorse.IsHit6                 : num  1 1 0 1 1 0 1 1 1 1 ...
 $ RaceHorse.IsValidRaceHorse       : logi  TRUE TRUE TRUE TRUE TRUE TRUE ...
 $ RaceHorse.FinishTimeSdvByRace    : num  -0.548 -0.179 1.483 0.586 -0.777 ...
 $ RaceHorse.FirstTimeSdvByRace     : num  -1.235 -1.512 0.691 0.672 0.752 ...
 $ RaceHorse.LastTimeSdvByRace      : num  -0.0302 0.64 0.8247 0.4403 -1.1886 ...
 $ RaceHorse.FinishTimeSdv          : num  -1.511 -0.689 0.218 0.27 -1.575 ...
 $ RaceHorse.FirstTimeSdv           : num  -1.412 -1.843 0.101 0.391 -1.522 ...
 $ RaceHorse.LastTimeSdv            : num  -0.8708 0.462 0.1895 0.0446 -0.9768 ...
 $ RaceHorse.IsHitA                 : num  0 0 1 0 0 0 0 0 0 0 ...
 $ RaceHorse.IsHitB                 : num  0 0 1 0 0 0 0 0 0 0 ...
 $ RaceHorse.IsHitC                 : num  0 0 1 0 0 0 0 0 0 0 ...
 $ Gen01.HansyokuNum                : Factor w/ 288 levels "11201966","11201853",..: 10 11 12 2 2 13 14 15 13 16 ...
 $ Gen01.FinishTimeSdvByRaceAvg     : num  0.349 0.475 0.302 0.363 0.363 ...
 $ Gen01.FirstTimeSdvByRaceAvg      : num  0.339 -0.474 0.243 0.324 0.321 ...
 $ Gen01.LastTimeSdvByRaceAvg       : num  0.159 0.789 0.24 0.245 0.247 ...
 $ Gen01.FinishTimeSdvAvg           : num  -0.86 -0.501 -0.674 -0.702 -0.69 ...
 $ Gen01.FirstTimeSdvAvg            : num  -0.913 -0.655 -0.609 -0.738 -0.725 ...
 $ Gen01.LastTimeSdvAvg             : num  -0.444 -0.157 -0.414 -0.351 -0.347 ...
 $ Gen01.RealOddsLog1Avg            : num  3.18 3.33 3.1 2.77 2.77 ...
 $ Gen01.RunCount                   : num  9 3 39 126 128 8 3 31 9 17 ...
 $ Gen01.HitCount1                  : num  0 0 4 16 16 2 0 3 2 1 ...
 $ Gen01.HitCount2                  : num  0 0 1 18 18 0 0 0 0 4 ...
 $ Gen01.HitCount3                  : num  2 0 5 10 10 1 0 2 1 4 ...
 $ Gen01.HitCount4                  : num  1 1 5 15 15 0 0 6 0 2 ...
 $ Gen01.HitCount5                  : num  3 1 3 6 6 2 0 2 3 1 ...
 $ Gen01.HitRate1                   : num  0 0 0.103 0.127 0.125 ...
 $ Gen01.HitRate2                   : num  0 0 0.0256 0.1429 0.1406 ...
 $ Gen01.HitRate3                   : num  0.2222 0 0.1282 0.0794 0.0781 ...
 $ Gen01.HitRate4                   : num  0.111 0.333 0.128 0.119 0.117 ...
 $ Gen01.HitRate5                   : num  0.3333 0.3333 0.0769 0.0476 0.0469 ...
 $ EOF                              : int  1 1 1 1 1 1 1 1 1 1 ...
 - attr(*, "na.action")= 'omit' Named int  85 125 146 348 376 403 497 689 1005 1139 ...
  ..- attr(*, "names")= chr  "85" "125" "146" "348" ...
[1] "2022-03-08 18:30:09 --- na.omit Finish ---"
[1] "2022-03-08 18:30:09 --- rxLogit with rxStepControl Start ---"

> print(paste0(Sys.time(), " --- source_logic_glm.R Start ---"))
[1] "2022-03-08 18:30:09 --- source_logic_glm.R Start ---"

> formula <- formula(RaceHorse.IsHitA ~ +1 + Gen01.FinishTimeSdvByRaceAvg)

> print(paste0(Sys.time(), " --- source_logic_glm.R Finished ---"))
[1] "2022-03-08 18:30:09 --- source_logic_glm.R Finished ---"
Rows Read: 6312, Total Rows Processed: 6312, Total Chunk Time: Less than .001 seconds 

Starting values (iteration 1) time: 0.010 secs.
Rows Read: 6312, Total Rows Processed: 6312, Total Chunk Time: 0.001 seconds 

Iteration 2 time: 0.006 secs.
Rows Read: 6312, Total Rows Processed: 6312, Total Chunk Time: 0.002 seconds 

Iteration 3 time: 0.005 secs.
Rows Read: 6312, Total Rows Processed: 6312, Total Chunk Time: 0.002 seconds 

Iteration 4 time: 0.005 secs.

Elapsed computation time: 0.042 secs.
Rows Read: 6312, Total Rows Processed: 6312, Total Chunk Time: 0.001 seconds 

Starting values (iteration 1) time: 0.009 secs.
Rows Read: 6312, Total Rows Processed: 6312, Total Chunk Time: Less than .001 seconds 

Iteration 2 time: 0.006 secs.

Elapsed computation time: 0.024 secs.
Rows Read: 6312, Total Rows Processed: 6312, Total Chunk Time: 0.001 seconds 

Starting values (iteration 1) time: 0.007 secs.
Rows Read: 6312, Total Rows Processed: 6312, Total Chunk Time: 0.001 seconds 

Iteration 2 time: 0.007 secs.
Rows Read: 6312, Total Rows Processed: 6312, Total Chunk Time: Less than .001 seconds 

Iteration 3 time: 0.005 secs.
Rows Read: 6312, Total Rows Processed: 6312, Total Chunk Time: 0.001 seconds 

Iteration 4 time: 0.005 secs.

Elapsed computation time: 0.043 secs.

Elapsed computation time: 0.131 secs.
[1] "--------------------------------------------------------------------------------"
[1] "analyze.results.glm.step="
Logistic Regression Results for: RaceHorse.IsHitA ~
    Gen01.FinishTimeSdvByRaceAvg
Data: data
Dependent variable(s): RaceHorse.IsHitA
Total independent variables: 2 
Number of valid observations: 6312
Number of missing observations: 0 
 
Coefficients:
                             RaceHorse.IsHitA
(Intercept)                                -3
Gen01.FinishTimeSdvByRaceAvg                1
[1] "analyze.results.glm.step.summary"
Call:
rxLogit(formula = formula, data = data, variableSelection = analyze.results.glm.step.varsel)

Logistic Regression Results for: RaceHorse.IsHitA ~
    Gen01.FinishTimeSdvByRaceAvg
Data: data
Dependent variable(s): RaceHorse.IsHitA
Total independent variables: 2 
Number of valid observations: 6312
Number of missing observations: 0 
-2*LogLikelihood: 3071.437 (Residual deviance on 6310 degrees of freedom)
 
Coefficients:
                             Estimate Std. Error z value Pr(>|z|)    
(Intercept)                   -3.2002     0.0921  -34.74  2.2e-16 ***
Gen01.FinishTimeSdvByRaceAvg   1.3335     0.1578    8.45  2.2e-16 ***
---
Signif. codes:  0 '***' 0.001 '**' 0.01 '*' 0.05 '.' 0.1 ' ' 1

Condition number of final variance-covariance matrix: 1 
Number of iterations: 4
[1] "--------------------------------------------------------------------------------"
[1] "2022-03-08 18:30:09 --- rxLogit with rxStepControl Finish ---"
[1] "2022-03-08 18:30:09 --- rxStepPlot Start ---"
[1] "pdfFilename=pdf_analyze_glm_Gen01_Type26_rxStepPlot.pdf"
[1] "rxStepPlot="
[1] "2022-03-08 18:30:16 --- rxStepPlot Finish ---"
[1] "2022-03-08 18:30:16 --- save.image Start ---"
[1] "save.image"
[1] "rdataFilename=RData_analyze_glm_Gen01_Type26.RData"
[1] "2022-03-08 18:30:30 --- save.image Finish ---"
[1] "2022-03-08 18:30:30 --- final Start ---"
[1] "--------------------------------------------------------------------------------"
[1] "nrow(data) final=6312"
[1] "--------------------------------------------------------------------------------"
[1] "2022-03-08 18:30:30 --- final Finish ---"
[1] "2022-03-08 18:30:30 --- analyze_glm.R Finished ---"
[1] "2022-03-08 18:30:30 --- log Finish ---"
