[1] "2022-02-25 20:25:41 --- D1115_analyze_glm_Gen02_IsHitA_Type35 Start ---"
[1] "2022-02-25 20:25:42 --- Log Start ---"
[1] "2022-02-25 20:25:42 --- analyze_glm.R Start ---"
[1] "analyzeVersion=D1115"
[1] "analyzeCategory=analyze"
[1] "analyzeType=Gen02"
[1] "analyzeFamily=IsHitA"
[1] "analyzeFunc=glm"
[1] "analyzeTrackTypeCd=3"
[1] "analyzeJyokenCd=5"
[1] "2022-02-25 20:25:45 --- source_function.R Start ---"
[1] "2022-02-25 20:25:45 --- source_function.R Finished ---"

> print(paste0(Sys.time(), " --- source_library.R Start ---"))
[1] "2022-02-25 20:25:46 --- source_library.R Start ---"

> require("RevoScaleR")

> print(paste0(Sys.time(), " --- source_library.R Finished ---"))
[1] "2022-02-25 20:25:51 --- source_library.R Finished ---"
[1] "2022-02-25 20:25:51 --- RxSqlServerData Start ---"
[1] "2022-02-25 20:25:51 --- RxInSqlServer Start ---"
[1] "2022-02-25 20:25:51 --- RxInSqlServer Finish ---"
[1] "2022-02-25 20:25:51 --- rxSetComputeContext Start ---"
[1] "2022-02-25 20:25:51 --- rxSetComputeContext Finish ---"
[1] "2022-02-25 20:25:51 --- RxSqlServerData Start ---"
[1] "sqlQuery=SELECT * FROM ViewAnalyzeD1115analyze01Gen02Type35"
[1] "2022-02-25 20:25:51 --- RxSqlServerData Finish ---"
[1] "2022-02-25 20:25:51 --- rxGetVarInfo Start ---"
[1] "2022-02-25 20:25:58 --- rxGetVarInfo Finish---"
[1] "2022-02-25 20:25:58 --- rxImport Start ---"
Rows Read: 4090, Total Rows Processed: 4090, Total Chunk Time: 90.252 seconds 
[1] "2022-02-25 20:29:18 --- rxImport Finish ---"
[1] "object.size(data) auto=1.3 Mb"
[1] "--------------------------------------------------------------------------------"
[1] "nrow(data) RxSqlServerData=4090"
[1] "--------------------------------------------------------------------------------"
[1] "str(data)="
'data.frame':	4090 obs. of  44 variables:
 $ Race.RaceId                      : Factor w/ 419 levels "20160111-08-01-04-04",..: 1 2 3 4 5 9 6 6 6 10 ...
 $ Race.IsPredictedRace             : logi  TRUE TRUE TRUE TRUE TRUE TRUE ...
 $ Race.IsAnalyzeNormalPastAndFuture: logi  TRUE TRUE TRUE TRUE TRUE TRUE ...
 $ Race.IsAnalyzeNormalPast         : logi  TRUE TRUE TRUE TRUE TRUE TRUE ...
 $ Race.IsAnalyzeNormalFuture       : logi  FALSE FALSE FALSE FALSE FALSE FALSE ...
 $ Race.IsAnalyzeFullPastAndFuture  : logi  TRUE TRUE TRUE TRUE TRUE TRUE ...
 $ Race.IsAnalyzeFullPast           : logi  TRUE TRUE TRUE TRUE TRUE TRUE ...
 $ Race.IsAnalyzeFullFuture         : logi  FALSE FALSE FALSE FALSE FALSE FALSE ...
 $ Race.JyokenCd                    : Factor w/ 1 level "5": 1 1 1 1 1 1 1 1 1 1 ...
 $ Race.JyoType1Cd                  : Factor w/ 34 levels "3-08-2910-5-1",..: 1 2 2 3 4 6 4 4 4 7 ...
 $ Race.RaceType1Cd                 : Factor w/ 1 level "3-5-X-3": 1 1 1 1 1 1 1 1 1 1 ...
 $ RaceHorse.RaceId                 : Factor w/ 419 levels "20160111-08-01-04-04",..: 1 2 3 4 5 9 6 6 6 10 ...
 $ RaceHorse.KettoNum               : Factor w/ 1269 levels "2010101206","2009106336",..: 1 2 3 2 4 1 6 4 9 2 ...
 $ RaceHorse.IsHit1                 : num  0 0 0 0 0 0 0 0 0 0 ...
 $ RaceHorse.IsHit2                 : num  0 0 0 0 1 0 0 0 0 0 ...
 $ RaceHorse.IsHit3                 : num  0 0 0 0 0 0 0 0 1 0 ...
 $ RaceHorse.IsHit4                 : num  0 0 0 0 0 0 0 1 0 1 ...
 $ RaceHorse.IsHit5                 : num  0 1 0 1 0 0 0 0 0 0 ...
 $ RaceHorse.IsHit6                 : num  1 0 1 0 0 1 1 0 0 0 ...
 $ RaceHorse.IsValidRaceHorse       : logi  TRUE TRUE TRUE TRUE TRUE TRUE ...
 $ RaceHorse.TimeSdv                : num  -0.632 0.788 0.196 0.565 0.402 ...
 $ RaceHorse.IsHitA                 : num  0 0 0 0 0 0 0 0 0 0 ...
 $ RaceHorse.IsHitB                 : num  0 0 0 0 1 0 0 0 0 0 ...
 $ RaceHorse.IsHitC                 : num  0 0 0 0 1 0 0 0 1 0 ...
 $ Gen02.HansyokuNum                : Factor w/ 223 levels "11201940","11201964",..: 1 2 3 2 2 1 2 2 2 2 ...
 $ Gen02.TimeSdvByRaceAvg           : num  -0.3039 0.0133 -0.5081 0.3982 0.5447 ...
 $ Gen02.TimeSdvByRaceMin           : num  -0.9424 0.0133 -1.7825 0.0133 0.5447 ...
 $ Gen02.TimeSdvByRaceMax           : num  0.0772 0.0133 0.2822 0.783 0.5447 ...
 $ Gen02.TimeSdvAvg                 : num  -1.091 -0.86 -0.579 -0.036 0.221 ...
 $ Gen02.TimeSdvMin                 : num  -1.467 -0.86 -1.747 -0.86 0.221 ...
 $ Gen02.TimeSdvMax                 : num  -0.726 -0.86 0.543 0.788 0.221 ...
 $ Gen02.OrderOfFinishSdvAvg        : num  -0.3705 -0.0984 -0.5337 0.1737 0.7179 ...
 $ Gen02.RunCount                   : num  3 1 5 2 1 4 8 2 1 3 ...
 $ Gen02.HitCount1                  : num  0 0 0 0 0 0 1 0 0 0 ...
 $ Gen02.HitCount2                  : num  0 0 0 0 0 0 0 1 0 0 ...
 $ Gen02.HitCount3                  : num  0 0 0 0 0 0 1 0 1 0 ...
 $ Gen02.HitCount4                  : num  0 0 0 0 1 0 1 1 0 0 ...
 $ Gen02.HitCount5                  : num  0 0 0 1 0 0 0 0 0 2 ...
 $ Gen02.HitRate1                   : num  0 0 0 0 0 0 0.125 0 0 0 ...
 $ Gen02.HitRate2                   : num  0 0 0 0 0 0 0 0.5 0 0 ...
 $ Gen02.HitRate3                   : num  0 0 0 0 0 0 0.125 0 1 0 ...
 $ Gen02.HitRate4                   : num  0 0 0 0 1 0 0.125 0.5 0 0 ...
 $ Gen02.HitRate5                   : num  0 0 0 0.5 0 ...
 $ EOF                              : int  1 1 1 1 1 1 1 1 1 1 ...
[1] "2022-02-25 20:32:51 --- RxSqlServerData Finish ---"
[1] "2022-02-25 20:32:51 --- subset Start ---"
[1] "--------------------------------------------------------------------------------"
[1] "nrow(data) subset before=4090"
[1] "nrow(data) subset after =4090"
[1] "nrow(data) subset diff =0"
[1] "--------------------------------------------------------------------------------"
[1] "2022-02-25 20:32:52 --- subset Finish---"
[1] "2022-02-25 20:32:52 --- transform Start ---"
[1] "--------------------------------------------------------------------------------"
[1] "nrow(data) transform before=4090"
[1] "nrow(data) transform after=4090"
[1] "nrow(data) transform diff=0"
[1] "--------------------------------------------------------------------------------"
[1] "str(data)="
'data.frame':	4090 obs. of  44 variables:
 $ Race.RaceId                      : Factor w/ 419 levels "20160111-08-01-04-04",..: 1 2 3 4 5 9 6 6 6 10 ...
 $ Race.IsPredictedRace             : logi  TRUE TRUE TRUE TRUE TRUE TRUE ...
 $ Race.IsAnalyzeNormalPastAndFuture: logi  TRUE TRUE TRUE TRUE TRUE TRUE ...
 $ Race.IsAnalyzeNormalPast         : logi  TRUE TRUE TRUE TRUE TRUE TRUE ...
 $ Race.IsAnalyzeNormalFuture       : logi  FALSE FALSE FALSE FALSE FALSE FALSE ...
 $ Race.IsAnalyzeFullPastAndFuture  : logi  TRUE TRUE TRUE TRUE TRUE TRUE ...
 $ Race.IsAnalyzeFullPast           : logi  TRUE TRUE TRUE TRUE TRUE TRUE ...
 $ Race.IsAnalyzeFullFuture         : logi  FALSE FALSE FALSE FALSE FALSE FALSE ...
 $ Race.JyokenCd                    : Factor w/ 1 level "5": 1 1 1 1 1 1 1 1 1 1 ...
 $ Race.JyoType1Cd                  : Factor w/ 34 levels "3-08-2910-5-1",..: 1 2 2 3 4 6 4 4 4 7 ...
 $ Race.RaceType1Cd                 : Factor w/ 1 level "3-5-X-3": 1 1 1 1 1 1 1 1 1 1 ...
 $ RaceHorse.RaceId                 : Factor w/ 419 levels "20160111-08-01-04-04",..: 1 2 3 4 5 9 6 6 6 10 ...
 $ RaceHorse.KettoNum               : Factor w/ 1269 levels "2010101206","2009106336",..: 1 2 3 2 4 1 6 4 9 2 ...
 $ RaceHorse.IsHit1                 : num  0 0 0 0 0 0 0 0 0 0 ...
 $ RaceHorse.IsHit2                 : num  0 0 0 0 1 0 0 0 0 0 ...
 $ RaceHorse.IsHit3                 : num  0 0 0 0 0 0 0 0 1 0 ...
 $ RaceHorse.IsHit4                 : num  0 0 0 0 0 0 0 1 0 1 ...
 $ RaceHorse.IsHit5                 : num  0 1 0 1 0 0 0 0 0 0 ...
 $ RaceHorse.IsHit6                 : num  1 0 1 0 0 1 1 0 0 0 ...
 $ RaceHorse.IsValidRaceHorse       : logi  TRUE TRUE TRUE TRUE TRUE TRUE ...
 $ RaceHorse.TimeSdv                : num  -0.632 0.788 0.196 0.565 0.402 ...
 $ RaceHorse.IsHitA                 : num  0 0 0 0 0 0 0 0 0 0 ...
 $ RaceHorse.IsHitB                 : num  0 0 0 0 1 0 0 0 0 0 ...
 $ RaceHorse.IsHitC                 : num  0 0 0 0 1 0 0 0 1 0 ...
 $ Gen02.HansyokuNum                : Factor w/ 223 levels "11201940","11201964",..: 1 2 3 2 2 1 2 2 2 2 ...
 $ Gen02.TimeSdvByRaceAvg           : num  -0.3039 0.0133 -0.5081 0.3982 0.5447 ...
 $ Gen02.TimeSdvByRaceMin           : num  -0.9424 0.0133 -1.7825 0.0133 0.5447 ...
 $ Gen02.TimeSdvByRaceMax           : num  0.0772 0.0133 0.2822 0.783 0.5447 ...
 $ Gen02.TimeSdvAvg                 : num  -1.091 -0.86 -0.579 -0.036 0.221 ...
 $ Gen02.TimeSdvMin                 : num  -1.467 -0.86 -1.747 -0.86 0.221 ...
 $ Gen02.TimeSdvMax                 : num  -0.726 -0.86 0.543 0.788 0.221 ...
 $ Gen02.OrderOfFinishSdvAvg        : num  -0.3705 -0.0984 -0.5337 0.1737 0.7179 ...
 $ Gen02.RunCount                   : num  3 1 5 2 1 4 8 2 1 3 ...
 $ Gen02.HitCount1                  : num  0 0 0 0 0 0 1 0 0 0 ...
 $ Gen02.HitCount2                  : num  0 0 0 0 0 0 0 1 0 0 ...
 $ Gen02.HitCount3                  : num  0 0 0 0 0 0 1 0 1 0 ...
 $ Gen02.HitCount4                  : num  0 0 0 0 1 0 1 1 0 0 ...
 $ Gen02.HitCount5                  : num  0 0 0 1 0 0 0 0 0 2 ...
 $ Gen02.HitRate1                   : num  0 0 0 0 0 0 0.125 0 0 0 ...
 $ Gen02.HitRate2                   : num  0 0 0 0 0 0 0 0.5 0 0 ...
 $ Gen02.HitRate3                   : num  0 0 0 0 0 0 0.125 0 1 0 ...
 $ Gen02.HitRate4                   : num  0 0 0 0 1 0 0.125 0.5 0 0 ...
 $ Gen02.HitRate5                   : num  0 0 0 0.5 0 ...
 $ EOF                              : int  1 1 1 1 1 1 1 1 1 1 ...
NULL
[1] "2022-02-25 20:32:57 --- transform Finish ---"
[1] "2022-02-25 20:32:57 --- na.omit Start ---"
[1] "--------------------------------------------------------------------------------"
[1] "nrow(data) na.omit before=4090"
[1] "nrow(data) na.omit after =3888"
[1] "nrow(data) na.omit diff =202"
[1] "--------------------------------------------------------------------------------"
'data.frame':	3888 obs. of  44 variables:
 $ Race.RaceId                      : Factor w/ 419 levels "20160111-08-01-04-04",..: 1 2 3 4 5 9 6 6 6 10 ...
 $ Race.IsPredictedRace             : logi  TRUE TRUE TRUE TRUE TRUE TRUE ...
 $ Race.IsAnalyzeNormalPastAndFuture: logi  TRUE TRUE TRUE TRUE TRUE TRUE ...
 $ Race.IsAnalyzeNormalPast         : logi  TRUE TRUE TRUE TRUE TRUE TRUE ...
 $ Race.IsAnalyzeNormalFuture       : logi  FALSE FALSE FALSE FALSE FALSE FALSE ...
 $ Race.IsAnalyzeFullPastAndFuture  : logi  TRUE TRUE TRUE TRUE TRUE TRUE ...
 $ Race.IsAnalyzeFullPast           : logi  TRUE TRUE TRUE TRUE TRUE TRUE ...
 $ Race.IsAnalyzeFullFuture         : logi  FALSE FALSE FALSE FALSE FALSE FALSE ...
 $ Race.JyokenCd                    : Factor w/ 1 level "5": 1 1 1 1 1 1 1 1 1 1 ...
 $ Race.JyoType1Cd                  : Factor w/ 34 levels "3-08-2910-5-1",..: 1 2 2 3 4 6 4 4 4 7 ...
 $ Race.RaceType1Cd                 : Factor w/ 1 level "3-5-X-3": 1 1 1 1 1 1 1 1 1 1 ...
 $ RaceHorse.RaceId                 : Factor w/ 419 levels "20160111-08-01-04-04",..: 1 2 3 4 5 9 6 6 6 10 ...
 $ RaceHorse.KettoNum               : Factor w/ 1269 levels "2010101206","2009106336",..: 1 2 3 2 4 1 6 4 9 2 ...
 $ RaceHorse.IsHit1                 : num  0 0 0 0 0 0 0 0 0 0 ...
 $ RaceHorse.IsHit2                 : num  0 0 0 0 1 0 0 0 0 0 ...
 $ RaceHorse.IsHit3                 : num  0 0 0 0 0 0 0 0 1 0 ...
 $ RaceHorse.IsHit4                 : num  0 0 0 0 0 0 0 1 0 1 ...
 $ RaceHorse.IsHit5                 : num  0 1 0 1 0 0 0 0 0 0 ...
 $ RaceHorse.IsHit6                 : num  1 0 1 0 0 1 1 0 0 0 ...
 $ RaceHorse.IsValidRaceHorse       : logi  TRUE TRUE TRUE TRUE TRUE TRUE ...
 $ RaceHorse.TimeSdv                : num  -0.632 0.788 0.196 0.565 0.402 ...
 $ RaceHorse.IsHitA                 : num  0 0 0 0 0 0 0 0 0 0 ...
 $ RaceHorse.IsHitB                 : num  0 0 0 0 1 0 0 0 0 0 ...
 $ RaceHorse.IsHitC                 : num  0 0 0 0 1 0 0 0 1 0 ...
 $ Gen02.HansyokuNum                : Factor w/ 223 levels "11201940","11201964",..: 1 2 3 2 2 1 2 2 2 2 ...
 $ Gen02.TimeSdvByRaceAvg           : num  -0.3039 0.0133 -0.5081 0.3982 0.5447 ...
 $ Gen02.TimeSdvByRaceMin           : num  -0.9424 0.0133 -1.7825 0.0133 0.5447 ...
 $ Gen02.TimeSdvByRaceMax           : num  0.0772 0.0133 0.2822 0.783 0.5447 ...
 $ Gen02.TimeSdvAvg                 : num  -1.091 -0.86 -0.579 -0.036 0.221 ...
 $ Gen02.TimeSdvMin                 : num  -1.467 -0.86 -1.747 -0.86 0.221 ...
 $ Gen02.TimeSdvMax                 : num  -0.726 -0.86 0.543 0.788 0.221 ...
 $ Gen02.OrderOfFinishSdvAvg        : num  -0.3705 -0.0984 -0.5337 0.1737 0.7179 ...
 $ Gen02.RunCount                   : num  3 1 5 2 1 4 8 2 1 3 ...
 $ Gen02.HitCount1                  : num  0 0 0 0 0 0 1 0 0 0 ...
 $ Gen02.HitCount2                  : num  0 0 0 0 0 0 0 1 0 0 ...
 $ Gen02.HitCount3                  : num  0 0 0 0 0 0 1 0 1 0 ...
 $ Gen02.HitCount4                  : num  0 0 0 0 1 0 1 1 0 0 ...
 $ Gen02.HitCount5                  : num  0 0 0 1 0 0 0 0 0 2 ...
 $ Gen02.HitRate1                   : num  0 0 0 0 0 0 0.125 0 0 0 ...
 $ Gen02.HitRate2                   : num  0 0 0 0 0 0 0 0.5 0 0 ...
 $ Gen02.HitRate3                   : num  0 0 0 0 0 0 0.125 0 1 0 ...
 $ Gen02.HitRate4                   : num  0 0 0 0 1 0 0.125 0.5 0 0 ...
 $ Gen02.HitRate5                   : num  0 0 0 0.5 0 ...
 $ EOF                              : int  1 1 1 1 1 1 1 1 1 1 ...
 - attr(*, "na.action")= 'omit' Named int  39 62 72 100 155 167 187 188 191 218 ...
  ..- attr(*, "names")= chr  "39" "62" "72" "100" ...
[1] "2022-02-25 20:33:03 --- na.omit Finish ---"
[1] "2022-02-25 20:33:03 --- rxGlm with rxStepControl Start ---"

> print(paste0(Sys.time(), " --- source_logic_glm.R Start ---"))
[1] "2022-02-25 20:33:04 --- source_logic_glm.R Start ---"

> formula <- formula(RaceHorse.IsHitA ~ +1 + Gen02.TimeSdvAvg)

> print(paste0(Sys.time(), " --- source_logic_glm.R Finished ---"))
[1] "2022-02-25 20:33:04 --- source_logic_glm.R Finished ---"
Rows Read: 3888, Total Rows Processed: 3888, Total Chunk Time: 0.001 seconds 

Starting values (iteration 1) time: 0.039 secs.
Rows Read: 3888, Total Rows Processed: 3888, Total Chunk Time: Less than .001 seconds 

Iteration 2 time: 0.188 secs.
Rows Read: 3888, Total Rows Processed: 3888, Total Chunk Time: 0.001 seconds 

Iteration 3 time: 0.109 secs.
Rows Read: 3888, Total Rows Processed: 3888, Total Chunk Time: 0.001 seconds 

Iteration 4 time: 0.175 secs.
Rows Read: 3888, Total Rows Processed: 3888, Total Chunk Time: Less than .001 seconds 

Iteration 5 time: 0.186 secs.
Rows Read: 3888, Total Rows Processed: 3888, Total Chunk Time: Less than .001 seconds 

Iteration 6 time: 0.171 secs.

Elapsed computation time: 1.428 secs.
Rows Read: 3888, Total Rows Processed: 3888, Total Chunk Time: 0.001 seconds 

Starting values (iteration 1) time: 0.083 secs.
Rows Read: 3888, Total Rows Processed: 3888, Total Chunk Time: 0.002 seconds 

Iteration 2 time: 0.092 secs.

Elapsed computation time: 0.367 secs.
Rows Read: 3888, Total Rows Processed: 3888, Total Chunk Time: 0.001 seconds 

Starting values (iteration 1) time: 0.095 secs.
Rows Read: 3888, Total Rows Processed: 3888, Total Chunk Time: Less than .001 seconds 

Iteration 2 time: 0.150 secs.
Rows Read: 3888, Total Rows Processed: 3888, Total Chunk Time: 0.002 seconds 

Iteration 3 time: 0.166 secs.
Rows Read: 3888, Total Rows Processed: 3888, Total Chunk Time: 0.001 seconds 

Iteration 4 time: 0.083 secs.
Rows Read: 3888, Total Rows Processed: 3888, Total Chunk Time: Less than .001 seconds 

Iteration 5 time: 0.154 secs.
Rows Read: 3888, Total Rows Processed: 3888, Total Chunk Time: 0.002 seconds 

Iteration 6 time: 0.083 secs.

Elapsed computation time: 1.338 secs.

Elapsed computation time: 3.587 secs.
[1] "--------------------------------------------------------------------------------"
[1] "analyze.results.glm.step="
Logistic Regression Results for: RaceHorse.IsHitA ~ Gen02.TimeSdvAvg
Data: data
Dependent variable(s): RaceHorse.IsHitA
Total independent variables: 2 
Number of valid observations: 3888
Number of missing observations: 0 
 
Coefficients:
                 RaceHorse.IsHitA
(Intercept)                    -2
Gen02.TimeSdvAvg                1
[1] "analyze.results.glm.step.summary"
Call:
rxLogit(formula = formula, data = data, variableSelection = analyze.results.glm.step.varsel)

Logistic Regression Results for: RaceHorse.IsHitA ~ Gen02.TimeSdvAvg
Data: data
Dependent variable(s): RaceHorse.IsHitA
Total independent variables: 2 
Number of valid observations: 3888
Number of missing observations: 0 
-2*LogLikelihood: 2277 (Residual deviance on 3886 degrees of freedom)
 
Coefficients:
                 Estimate Std. Error z value Pr(>|z|)    
(Intercept)       -2.4635     0.0669   -36.8  2.2e-16 ***
Gen02.TimeSdvAvg   1.4600     0.1218    12.0  2.2e-16 ***
---
Signif. codes:  0 '***' 0.001 '**' 0.01 '*' 0.05 '.' 0.1 ' ' 1

Condition number of final variance-covariance matrix: 1 
Number of iterations: 6
[1] "--------------------------------------------------------------------------------"
[1] "2022-02-25 20:33:10 --- rxGlm with rxStepControl Finish ---"
[1] "2022-02-25 20:33:10 --- rxStepPlot Start ---"
[1] "pdfFilename=pdf_analyze_glm_Gen02_Type35_rxStepPlot.pdf"
[1] "rxStepPlot="
[1] "2022-02-25 20:33:11 --- rxStepPlot Finish ---"
[1] "2022-02-25 20:33:11 --- save.image Start ---"
[1] "save.image"
[1] "rdataFilename=RData_analyze_glm_Gen02_Type35.RData"
[1] "2022-02-25 20:33:11 --- save.image Finish ---"
[1] "2022-02-25 20:33:11 --- final Start ---"
[1] "--------------------------------------------------------------------------------"
[1] "nrow(data) final=3888"
[1] "--------------------------------------------------------------------------------"
[1] "2022-02-25 20:33:11 --- final Finish ---"
[1] "2022-02-25 20:33:11 --- analyze_glm.R Finished ---"
[1] "2022-02-25 20:33:12 --- log Finish ---"
