[1] "2022-03-08 18:37:10 --- D1115_analyze_glm_Gen02_IsHitA_Type24 Start ---"
[1] "2022-03-08 18:37:10 --- Log Start ---"
[1] "2022-03-08 18:37:10 --- analyze_glm.R Start ---"
[1] "analyzeVersion=D1115"
[1] "analyzeCategory=analyze"
[1] "analyzeType=Gen02"
[1] "analyzeFamily=IsHitA"
[1] "analyzeFunc=glm"
[1] "analyzeTrackTypeCd=2"
[1] "analyzeJyokenCd=4"
[1] "2022-03-08 18:37:10 --- source_function.R Start ---"
[1] "2022-03-08 18:37:10 --- source_function.R Finished ---"

> print(paste0(Sys.time(), " --- source_library.R Start ---"))
[1] "2022-03-08 18:37:10 --- source_library.R Start ---"

> require("RevoScaleR")

> print(paste0(Sys.time(), " --- source_library.R Finished ---"))
[1] "2022-03-08 18:37:11 --- source_library.R Finished ---"
[1] "2022-03-08 18:37:11 --- RxSqlServerData Start ---"
[1] "2022-03-08 18:37:11 --- RxInSqlServer Start ---"
[1] "2022-03-08 18:37:11 --- RxInSqlServer Finish ---"
[1] "2022-03-08 18:37:11 --- rxSetComputeContext Start ---"
[1] "2022-03-08 18:37:11 --- rxSetComputeContext Finish ---"
[1] "2022-03-08 18:37:11 --- RxSqlServerData Start ---"
[1] "sqlQuery=SELECT * FROM ViewAnalyzeD1115analyze01Gen02Type24"
[1] "2022-03-08 18:37:11 --- RxSqlServerData Finish ---"
[1] "2022-03-08 18:37:11 --- rxGetVarInfo Start ---"
[1] "2022-03-08 18:37:18 --- rxGetVarInfo Finish---"
[1] "2022-03-08 18:37:18 --- rxImport Start ---"
Rows Read: 31766, Total Rows Processed: 31766, Total Chunk Time: 303.283 seconds 
[1] "2022-03-08 19:03:42 --- rxImport Finish ---"
[1] "object.size(data) auto=11.1 Mb"
[1] "--------------------------------------------------------------------------------"
[1] "nrow(data) RxSqlServerData=31766"
[1] "--------------------------------------------------------------------------------"
[1] "str(data)="
'data.frame':	31766 obs. of  48 variables:
 $ Race.RaceId                      : Factor w/ 2829 levels "20160105-06-01-01-03",..: 1 1 2 9 9 10 11 12 13 6 ...
 $ Race.IsAnalyzeNormalPastAndFuture: logi  TRUE TRUE TRUE TRUE TRUE TRUE ...
 $ Race.IsAnalyzeNormalPast         : logi  TRUE TRUE TRUE TRUE TRUE TRUE ...
 $ Race.IsAnalyzeNormalFuture       : logi  FALSE FALSE FALSE FALSE FALSE FALSE ...
 $ Race.IsAnalyzeFullPastAndFuture  : logi  TRUE TRUE TRUE TRUE TRUE TRUE ...
 $ Race.IsAnalyzeFullPast           : logi  TRUE TRUE TRUE TRUE TRUE TRUE ...
 $ Race.IsAnalyzeFullFuture         : logi  FALSE FALSE FALSE FALSE FALSE FALSE ...
 $ Race.JyokenCd                    : Factor w/ 1 level "4": 1 1 1 1 1 1 1 1 1 1 ...
 $ Race.JyoType1Cd                  : Factor w/ 131 levels "24-06-1200-1",..: 1 1 2 5 5 6 2 3 3 4 ...
 $ Race.RaceType1Cd                 : Factor w/ 4 levels "2-4-14","2-4-12",..: 1 1 1 1 1 1 1 1 1 1 ...
 $ RaceHorse.RaceId                 : Factor w/ 2829 levels "20160105-06-01-01-03",..: 1 1 2 9 9 10 11 12 13 6 ...
 $ RaceHorse.KettoNum               : Factor w/ 6538 levels "2011102712","2011104171",..: 11 12 13 14 15 16 17 18 19 20 ...
 $ RaceHorse.IsHit1                 : num  0 0 0 0 0 0 0 0 0 0 ...
 $ RaceHorse.IsHit2                 : num  0 0 0 1 0 0 0 0 0 0 ...
 $ RaceHorse.IsHit3                 : num  0 0 1 0 0 0 0 0 0 1 ...
 $ RaceHorse.IsHit4                 : num  0 0 0 0 0 0 0 0 0 0 ...
 $ RaceHorse.IsHit5                 : num  0 0 0 0 0 0 0 1 1 0 ...
 $ RaceHorse.IsHit6                 : num  1 1 0 0 1 1 1 0 0 0 ...
 $ RaceHorse.IsValidRaceHorse       : logi  TRUE TRUE TRUE TRUE TRUE TRUE ...
 $ RaceHorse.FinishTimeSdvByRace    : num  0.538 -1.043 1.03 0.997 0.39 ...
 $ RaceHorse.FirstTimeSdvByRace     : num  -0.0838 0.8741 0.66 2.163 0.2963 ...
 $ RaceHorse.LastTimeSdvByRace      : num  0.474 -1.422 0.494 0.256 0.256 ...
 $ RaceHorse.FinishTimeSdv          : num  0.951 0.428 1.029 0.114 -0.252 ...
 $ RaceHorse.FirstTimeSdv           : num  0.463 0.952 0.52 1.439 0.906 ...
 $ RaceHorse.LastTimeSdv            : num  0.87 -0.177 1.009 -0.928 -0.928 ...
 $ RaceHorse.IsHitA                 : num  0 0 0 0 0 0 0 0 0 0 ...
 $ RaceHorse.IsHitB                 : num  0 0 0 1 0 0 0 0 0 0 ...
 $ RaceHorse.IsHitC                 : num  0 0 1 1 0 0 0 0 0 1 ...
 $ Gen02.HansyokuNum                : Factor w/ 4659 levels "12256993","12257274",..: 11 12 13 14 15 16 17 18 19 20 ...
 $ Gen02.FinishTimeSdvByRaceAvg     : num  0.282 0.171 0.73 0.465 -0.955 ...
 $ Gen02.FirstTimeSdvByRaceAvg      : num  0.6143 -0.0522 0.0468 0.538 -0.7941 ...
 $ Gen02.LastTimeSdvByRaceAvg       : num  -0.211 0.103 0.717 0.228 -0.505 ...
 $ Gen02.FinishTimeSdvAvg           : num  0.631 0.259 0.456 0.433 0.057 ...
 $ Gen02.FirstTimeSdvAvg            : num  0.8844 0.0357 -0.3267 0.4277 0.0182 ...
 $ Gen02.LastTimeSdvAvg             : num  0.1455 0.2837 0.8919 0.1855 0.0108 ...
 $ Gen02.RealOddsLog1Avg            : num  2.64 3.27 2.14 3.74 4.98 ...
 $ Gen02.RunCount                   : num  5 4 9 3 3 2 3 6 2 2 ...
 $ Gen02.HitCount1                  : num  0 0 1 0 0 1 1 1 1 0 ...
 $ Gen02.HitCount2                  : num  1 0 2 0 0 0 0 1 0 0 ...
 $ Gen02.HitCount3                  : num  1 0 1 1 0 0 0 1 0 0 ...
 $ Gen02.HitCount4                  : num  0 1 1 0 0 0 0 0 0 2 ...
 $ Gen02.HitCount5                  : num  2 1 1 0 0 0 0 0 0 0 ...
 $ Gen02.HitRate1                   : num  0 0 0.111 0 0 ...
 $ Gen02.HitRate2                   : num  0.2 0 0.222 0 0 ...
 $ Gen02.HitRate3                   : num  0.2 0 0.111 0.333 0 ...
 $ Gen02.HitRate4                   : num  0 0.25 0.111 0 0 ...
 $ Gen02.HitRate5                   : num  0.4 0.25 0.111 0 0 ...
 $ EOF                              : int  1 1 1 1 1 1 1 1 1 1 ...
[1] "2022-03-08 19:03:42 --- RxSqlServerData Finish ---"
[1] "2022-03-08 19:03:42 --- subset Start ---"
[1] "--------------------------------------------------------------------------------"
[1] "nrow(data) subset before=31766"
[1] "nrow(data) subset after =31766"
[1] "nrow(data) subset diff =0"
[1] "--------------------------------------------------------------------------------"
[1] "2022-03-08 19:03:42 --- subset Finish---"
[1] "2022-03-08 19:03:42 --- transform Start ---"
[1] "--------------------------------------------------------------------------------"
[1] "nrow(data) transform before=31766"
[1] "nrow(data) transform after=31766"
[1] "nrow(data) transform diff=0"
[1] "--------------------------------------------------------------------------------"
[1] "str(data)="
'data.frame':	31766 obs. of  48 variables:
 $ Race.RaceId                      : Factor w/ 2829 levels "20160105-06-01-01-03",..: 1 1 2 9 9 10 11 12 13 6 ...
 $ Race.IsAnalyzeNormalPastAndFuture: logi  TRUE TRUE TRUE TRUE TRUE TRUE ...
 $ Race.IsAnalyzeNormalPast         : logi  TRUE TRUE TRUE TRUE TRUE TRUE ...
 $ Race.IsAnalyzeNormalFuture       : logi  FALSE FALSE FALSE FALSE FALSE FALSE ...
 $ Race.IsAnalyzeFullPastAndFuture  : logi  TRUE TRUE TRUE TRUE TRUE TRUE ...
 $ Race.IsAnalyzeFullPast           : logi  TRUE TRUE TRUE TRUE TRUE TRUE ...
 $ Race.IsAnalyzeFullFuture         : logi  FALSE FALSE FALSE FALSE FALSE FALSE ...
 $ Race.JyokenCd                    : Factor w/ 1 level "4": 1 1 1 1 1 1 1 1 1 1 ...
 $ Race.JyoType1Cd                  : Factor w/ 131 levels "24-06-1200-1",..: 1 1 2 5 5 6 2 3 3 4 ...
 $ Race.RaceType1Cd                 : Factor w/ 4 levels "2-4-14","2-4-12",..: 1 1 1 1 1 1 1 1 1 1 ...
 $ RaceHorse.RaceId                 : Factor w/ 2829 levels "20160105-06-01-01-03",..: 1 1 2 9 9 10 11 12 13 6 ...
 $ RaceHorse.KettoNum               : Factor w/ 6538 levels "2011102712","2011104171",..: 11 12 13 14 15 16 17 18 19 20 ...
 $ RaceHorse.IsHit1                 : num  0 0 0 0 0 0 0 0 0 0 ...
 $ RaceHorse.IsHit2                 : num  0 0 0 1 0 0 0 0 0 0 ...
 $ RaceHorse.IsHit3                 : num  0 0 1 0 0 0 0 0 0 1 ...
 $ RaceHorse.IsHit4                 : num  0 0 0 0 0 0 0 0 0 0 ...
 $ RaceHorse.IsHit5                 : num  0 0 0 0 0 0 0 1 1 0 ...
 $ RaceHorse.IsHit6                 : num  1 1 0 0 1 1 1 0 0 0 ...
 $ RaceHorse.IsValidRaceHorse       : logi  TRUE TRUE TRUE TRUE TRUE TRUE ...
 $ RaceHorse.FinishTimeSdvByRace    : num  0.538 -1.043 1.03 0.997 0.39 ...
 $ RaceHorse.FirstTimeSdvByRace     : num  -0.0838 0.8741 0.66 2.163 0.2963 ...
 $ RaceHorse.LastTimeSdvByRace      : num  0.474 -1.422 0.494 0.256 0.256 ...
 $ RaceHorse.FinishTimeSdv          : num  0.951 0.428 1.029 0.114 -0.252 ...
 $ RaceHorse.FirstTimeSdv           : num  0.463 0.952 0.52 1.439 0.906 ...
 $ RaceHorse.LastTimeSdv            : num  0.87 -0.177 1.009 -0.928 -0.928 ...
 $ RaceHorse.IsHitA                 : num  0 0 0 0 0 0 0 0 0 0 ...
 $ RaceHorse.IsHitB                 : num  0 0 0 1 0 0 0 0 0 0 ...
 $ RaceHorse.IsHitC                 : num  0 0 1 1 0 0 0 0 0 1 ...
 $ Gen02.HansyokuNum                : Factor w/ 4659 levels "12256993","12257274",..: 11 12 13 14 15 16 17 18 19 20 ...
 $ Gen02.FinishTimeSdvByRaceAvg     : num  0.282 0.171 0.73 0.465 -0.955 ...
 $ Gen02.FirstTimeSdvByRaceAvg      : num  0.6143 -0.0522 0.0468 0.538 -0.7941 ...
 $ Gen02.LastTimeSdvByRaceAvg       : num  -0.211 0.103 0.717 0.228 -0.505 ...
 $ Gen02.FinishTimeSdvAvg           : num  0.631 0.259 0.456 0.433 0.057 ...
 $ Gen02.FirstTimeSdvAvg            : num  0.8844 0.0357 -0.3267 0.4277 0.0182 ...
 $ Gen02.LastTimeSdvAvg             : num  0.1455 0.2837 0.8919 0.1855 0.0108 ...
 $ Gen02.RealOddsLog1Avg            : num  2.64 3.27 2.14 3.74 4.98 ...
 $ Gen02.RunCount                   : num  5 4 9 3 3 2 3 6 2 2 ...
 $ Gen02.HitCount1                  : num  0 0 1 0 0 1 1 1 1 0 ...
 $ Gen02.HitCount2                  : num  1 0 2 0 0 0 0 1 0 0 ...
 $ Gen02.HitCount3                  : num  1 0 1 1 0 0 0 1 0 0 ...
 $ Gen02.HitCount4                  : num  0 1 1 0 0 0 0 0 0 2 ...
 $ Gen02.HitCount5                  : num  2 1 1 0 0 0 0 0 0 0 ...
 $ Gen02.HitRate1                   : num  0 0 0.111 0 0 ...
 $ Gen02.HitRate2                   : num  0.2 0 0.222 0 0 ...
 $ Gen02.HitRate3                   : num  0.2 0 0.111 0.333 0 ...
 $ Gen02.HitRate4                   : num  0 0.25 0.111 0 0 ...
 $ Gen02.HitRate5                   : num  0.4 0.25 0.111 0 0 ...
 $ EOF                              : int  1 1 1 1 1 1 1 1 1 1 ...
NULL
[1] "2022-03-08 19:03:42 --- transform Finish ---"
[1] "2022-03-08 19:03:42 --- na.omit Start ---"
[1] "--------------------------------------------------------------------------------"
[1] "nrow(data) na.omit before=31766"
[1] "nrow(data) na.omit after =31548"
[1] "nrow(data) na.omit diff =218"
[1] "--------------------------------------------------------------------------------"
'data.frame':	31548 obs. of  48 variables:
 $ Race.RaceId                      : Factor w/ 2829 levels "20160105-06-01-01-03",..: 1 1 2 9 9 10 11 12 13 6 ...
 $ Race.IsAnalyzeNormalPastAndFuture: logi  TRUE TRUE TRUE TRUE TRUE TRUE ...
 $ Race.IsAnalyzeNormalPast         : logi  TRUE TRUE TRUE TRUE TRUE TRUE ...
 $ Race.IsAnalyzeNormalFuture       : logi  FALSE FALSE FALSE FALSE FALSE FALSE ...
 $ Race.IsAnalyzeFullPastAndFuture  : logi  TRUE TRUE TRUE TRUE TRUE TRUE ...
 $ Race.IsAnalyzeFullPast           : logi  TRUE TRUE TRUE TRUE TRUE TRUE ...
 $ Race.IsAnalyzeFullFuture         : logi  FALSE FALSE FALSE FALSE FALSE FALSE ...
 $ Race.JyokenCd                    : Factor w/ 1 level "4": 1 1 1 1 1 1 1 1 1 1 ...
 $ Race.JyoType1Cd                  : Factor w/ 131 levels "24-06-1200-1",..: 1 1 2 5 5 6 2 3 3 4 ...
 $ Race.RaceType1Cd                 : Factor w/ 4 levels "2-4-14","2-4-12",..: 1 1 1 1 1 1 1 1 1 1 ...
 $ RaceHorse.RaceId                 : Factor w/ 2829 levels "20160105-06-01-01-03",..: 1 1 2 9 9 10 11 12 13 6 ...
 $ RaceHorse.KettoNum               : Factor w/ 6538 levels "2011102712","2011104171",..: 11 12 13 14 15 16 17 18 19 20 ...
 $ RaceHorse.IsHit1                 : num  0 0 0 0 0 0 0 0 0 0 ...
 $ RaceHorse.IsHit2                 : num  0 0 0 1 0 0 0 0 0 0 ...
 $ RaceHorse.IsHit3                 : num  0 0 1 0 0 0 0 0 0 1 ...
 $ RaceHorse.IsHit4                 : num  0 0 0 0 0 0 0 0 0 0 ...
 $ RaceHorse.IsHit5                 : num  0 0 0 0 0 0 0 1 1 0 ...
 $ RaceHorse.IsHit6                 : num  1 1 0 0 1 1 1 0 0 0 ...
 $ RaceHorse.IsValidRaceHorse       : logi  TRUE TRUE TRUE TRUE TRUE TRUE ...
 $ RaceHorse.FinishTimeSdvByRace    : num  0.538 -1.043 1.03 0.997 0.39 ...
 $ RaceHorse.FirstTimeSdvByRace     : num  -0.0838 0.8741 0.66 2.163 0.2963 ...
 $ RaceHorse.LastTimeSdvByRace      : num  0.474 -1.422 0.494 0.256 0.256 ...
 $ RaceHorse.FinishTimeSdv          : num  0.951 0.428 1.029 0.114 -0.252 ...
 $ RaceHorse.FirstTimeSdv           : num  0.463 0.952 0.52 1.439 0.906 ...
 $ RaceHorse.LastTimeSdv            : num  0.87 -0.177 1.009 -0.928 -0.928 ...
 $ RaceHorse.IsHitA                 : num  0 0 0 0 0 0 0 0 0 0 ...
 $ RaceHorse.IsHitB                 : num  0 0 0 1 0 0 0 0 0 0 ...
 $ RaceHorse.IsHitC                 : num  0 0 1 1 0 0 0 0 0 1 ...
 $ Gen02.HansyokuNum                : Factor w/ 4659 levels "12256993","12257274",..: 11 12 13 14 15 16 17 18 19 20 ...
 $ Gen02.FinishTimeSdvByRaceAvg     : num  0.282 0.171 0.73 0.465 -0.955 ...
 $ Gen02.FirstTimeSdvByRaceAvg      : num  0.6143 -0.0522 0.0468 0.538 -0.7941 ...
 $ Gen02.LastTimeSdvByRaceAvg       : num  -0.211 0.103 0.717 0.228 -0.505 ...
 $ Gen02.FinishTimeSdvAvg           : num  0.631 0.259 0.456 0.433 0.057 ...
 $ Gen02.FirstTimeSdvAvg            : num  0.8844 0.0357 -0.3267 0.4277 0.0182 ...
 $ Gen02.LastTimeSdvAvg             : num  0.1455 0.2837 0.8919 0.1855 0.0108 ...
 $ Gen02.RealOddsLog1Avg            : num  2.64 3.27 2.14 3.74 4.98 ...
 $ Gen02.RunCount                   : num  5 4 9 3 3 2 3 6 2 2 ...
 $ Gen02.HitCount1                  : num  0 0 1 0 0 1 1 1 1 0 ...
 $ Gen02.HitCount2                  : num  1 0 2 0 0 0 0 1 0 0 ...
 $ Gen02.HitCount3                  : num  1 0 1 1 0 0 0 1 0 0 ...
 $ Gen02.HitCount4                  : num  0 1 1 0 0 0 0 0 0 2 ...
 $ Gen02.HitCount5                  : num  2 1 1 0 0 0 0 0 0 0 ...
 $ Gen02.HitRate1                   : num  0 0 0.111 0 0 ...
 $ Gen02.HitRate2                   : num  0.2 0 0.222 0 0 ...
 $ Gen02.HitRate3                   : num  0.2 0 0.111 0.333 0 ...
 $ Gen02.HitRate4                   : num  0 0.25 0.111 0 0 ...
 $ Gen02.HitRate5                   : num  0.4 0.25 0.111 0 0 ...
 $ EOF                              : int  1 1 1 1 1 1 1 1 1 1 ...
 - attr(*, "na.action")= 'omit' Named int  456 477 501 570 933 1217 1611 1689 1718 1859 ...
  ..- attr(*, "names")= chr  "456" "477" "501" "570" ...
[1] "2022-03-08 19:03:42 --- na.omit Finish ---"
[1] "2022-03-08 19:03:42 --- rxLogit with rxStepControl Start ---"

> print(paste0(Sys.time(), " --- source_logic_glm.R Start ---"))
[1] "2022-03-08 19:03:42 --- source_logic_glm.R Start ---"

> formula <- formula(RaceHorse.IsHitA ~ +1 + Gen02.FinishTimeSdvByRaceAvg)

> print(paste0(Sys.time(), " --- source_logic_glm.R Finished ---"))
[1] "2022-03-08 19:03:42 --- source_logic_glm.R Finished ---"
Rows Read: 31548, Total Rows Processed: 31548, Total Chunk Time: 0.002 seconds 

Starting values (iteration 1) time: 0.010 secs.
Rows Read: 31548, Total Rows Processed: 31548, Total Chunk Time: 0.002 seconds 

Iteration 2 time: 0.006 secs.
Rows Read: 31548, Total Rows Processed: 31548, Total Chunk Time: 0.003 seconds 

Iteration 3 time: 0.005 secs.
Rows Read: 31548, Total Rows Processed: 31548, Total Chunk Time: 0.002 seconds 

Iteration 4 time: 0.004 secs.
Rows Read: 31548, Total Rows Processed: 31548, Total Chunk Time: 0.002 seconds 

Iteration 5 time: 0.004 secs.

Elapsed computation time: 0.044 secs.
Rows Read: 31548, Total Rows Processed: 31548, Total Chunk Time: 0.001 seconds 

Starting values (iteration 1) time: 0.007 secs.
Rows Read: 31548, Total Rows Processed: 31548, Total Chunk Time: Less than .001 seconds 

Iteration 2 time: 0.005 secs.

Elapsed computation time: 0.019 secs.
Rows Read: 31548, Total Rows Processed: 31548, Total Chunk Time: Less than .001 seconds 

Starting values (iteration 1) time: 0.006 secs.
Rows Read: 31548, Total Rows Processed: 31548, Total Chunk Time: 0.002 seconds 

Iteration 2 time: 0.006 secs.
Rows Read: 31548, Total Rows Processed: 31548, Total Chunk Time: 0.002 seconds 

Iteration 3 time: 0.004 secs.
Rows Read: 31548, Total Rows Processed: 31548, Total Chunk Time: 0.002 seconds 

Iteration 4 time: 0.003 secs.
Rows Read: 31548, Total Rows Processed: 31548, Total Chunk Time: 0.002 seconds 

Iteration 5 time: 0.004 secs.

Elapsed computation time: 0.041 secs.

Elapsed computation time: 0.116 secs.
[1] "--------------------------------------------------------------------------------"
[1] "analyze.results.glm.step="
Logistic Regression Results for: RaceHorse.IsHitA ~
    Gen02.FinishTimeSdvByRaceAvg
Data: data
Dependent variable(s): RaceHorse.IsHitA
Total independent variables: 2 
Number of valid observations: 31548
Number of missing observations: 0 
 
Coefficients:
                             RaceHorse.IsHitA
(Intercept)                                -3
Gen02.FinishTimeSdvByRaceAvg                1
[1] "analyze.results.glm.step.summary"
Call:
rxLogit(formula = formula, data = data, variableSelection = analyze.results.glm.step.varsel)

Logistic Regression Results for: RaceHorse.IsHitA ~
    Gen02.FinishTimeSdvByRaceAvg
Data: data
Dependent variable(s): RaceHorse.IsHitA
Total independent variables: 2 
Number of valid observations: 31548
Number of missing observations: 0 
-2*LogLikelihood: 15964.534 (Residual deviance on 31546 degrees of freedom)
 
Coefficients:
                             Estimate Std. Error z value Pr(>|z|)    
(Intercept)                   -2.8387     0.0281  -101.1  2.2e-16 ***
Gen02.FinishTimeSdvByRaceAvg   1.0969     0.0428    25.6  2.2e-16 ***
---
Signif. codes:  0 '***' 0.001 '**' 0.01 '*' 0.05 '.' 0.1 ' ' 1

Condition number of final variance-covariance matrix: 1 
Number of iterations: 5
[1] "--------------------------------------------------------------------------------"
[1] "2022-03-08 19:03:43 --- rxLogit with rxStepControl Finish ---"
[1] "2022-03-08 19:03:43 --- rxStepPlot Start ---"
[1] "pdfFilename=pdf_analyze_glm_Gen02_Type24_rxStepPlot.pdf"
[1] "rxStepPlot="
[1] "2022-03-08 19:03:43 --- rxStepPlot Finish ---"
[1] "2022-03-08 19:03:43 --- save.image Start ---"
[1] "save.image"
[1] "rdataFilename=RData_analyze_glm_Gen02_Type24.RData"
[1] "2022-03-08 19:03:43 --- save.image Finish ---"
[1] "2022-03-08 19:03:43 --- final Start ---"
[1] "--------------------------------------------------------------------------------"
[1] "nrow(data) final=31548"
[1] "--------------------------------------------------------------------------------"
[1] "2022-03-08 19:03:43 --- final Finish ---"
[1] "2022-03-08 19:03:43 --- analyze_glm.R Finished ---"
[1] "2022-03-08 19:03:43 --- log Finish ---"
