[1] "2022-02-21 22:16:50 --- D1115_analyze_glm_Odds_IsHitA_Type23 Start ---"
[1] "2022-02-21 22:16:50 --- Log Start ---"
[1] "2022-02-21 22:16:50 --- analyze_glm.R Start ---"
[1] "analyzeVersion=D1115"
[1] "analyzeCategory=analyze"
[1] "analyzeType=Odds"
[1] "analyzeFamily=IsHitA"
[1] "analyzeFunc=glm"
[1] "analyzeTrackTypeCd=2"
[1] "analyzeJyokenCd=3"
[1] "2022-02-21 22:16:50 --- source_function.R Start ---"
[1] "2022-02-21 22:16:50 --- source_function.R Finished ---"

> print(paste0(Sys.time(), " --- source_library.R Start ---"))
[1] "2022-02-21 22:16:50 --- source_library.R Start ---"

> require("RevoScaleR")

> print(paste0(Sys.time(), " --- source_library.R Finished ---"))
[1] "2022-02-21 22:16:51 --- source_library.R Finished ---"
[1] "2022-02-21 22:16:51 --- RxSqlServerData Start ---"
[1] "2022-02-21 22:16:51 --- RxInSqlServer Start ---"
[1] "2022-02-21 22:16:51 --- RxInSqlServer Finish ---"
[1] "2022-02-21 22:16:51 --- rxSetComputeContext Start ---"
[1] "2022-02-21 22:16:51 --- rxSetComputeContext Finish ---"
[1] "2022-02-21 22:16:51 --- RxSqlServerData Start ---"
[1] "sqlQuery=SELECT * FROM ViewAnalyzeD1115analyze01OddsType23"
[1] "2022-02-21 22:16:51 --- RxSqlServerData Finish ---"
[1] "2022-02-21 22:16:51 --- rxGetVarInfo Start ---"
[1] "2022-02-21 22:16:51 --- rxGetVarInfo Finish---"
[1] "2022-02-21 22:16:51 --- rxImport Start ---"
Rows Read: 15131, Total Rows Processed: 15131, Total Chunk Time: 1.041 seconds 
[1] "2022-02-21 22:17:27 --- rxImport Finish ---"
[1] "object.size(data) auto=2.5 Mb"
[1] "--------------------------------------------------------------------------------"
[1] "nrow(data) RxSqlServerData=15131"
[1] "--------------------------------------------------------------------------------"
[1] "str(data)="
'data.frame':	15131 obs. of  30 variables:
 $ Race.RaceId                      : Factor w/ 1011 levels "20160131-05-01-02-08",..: 2 2 2 2 2 2 2 2 2 2 ...
 $ Race.IsPredictedRace             : logi  TRUE TRUE TRUE TRUE TRUE TRUE ...
 $ Race.IsAnalyzeNormalPastAndFuture: logi  TRUE TRUE TRUE TRUE TRUE TRUE ...
 $ Race.IsAnalyzeNormalPast         : logi  TRUE TRUE TRUE TRUE TRUE TRUE ...
 $ Race.IsAnalyzeNormalFuture       : logi  FALSE FALSE FALSE FALSE FALSE FALSE ...
 $ Race.IsAnalyzeFullPastAndFuture  : logi  TRUE TRUE TRUE TRUE TRUE TRUE ...
 $ Race.IsAnalyzeFullPast           : logi  TRUE TRUE TRUE TRUE TRUE TRUE ...
 $ Race.IsAnalyzeFullFuture         : logi  FALSE FALSE FALSE FALSE FALSE FALSE ...
 $ Race.JyokenCd                    : Factor w/ 1 level "3": 1 1 1 1 1 1 1 1 1 1 ...
 $ Race.RaceType1Cd                 : Factor w/ 2 levels "2-3-X","2-3-E": 1 1 1 1 1 1 1 1 1 1 ...
 $ RaceHorse.RaceId                 : Factor w/ 1011 levels "20160131-05-01-02-08",..: 2 2 2 2 2 2 2 2 2 2 ...
 $ RaceHorse.KettoNum               : Factor w/ 3186 levels "2012100610","2011101451",..: 11 12 13 14 15 16 17 18 19 20 ...
 $ RaceHorse.IsHit1                 : int  0 0 0 0 0 0 0 0 0 0 ...
 $ RaceHorse.IsHit2                 : int  0 0 0 0 0 0 0 0 0 0 ...
 $ RaceHorse.IsHit3                 : int  0 0 1 0 0 0 0 0 0 0 ...
 $ RaceHorse.IsHit4                 : int  0 0 0 0 1 0 0 0 0 0 ...
 $ RaceHorse.IsHit5                 : int  0 1 0 0 0 0 0 0 0 0 ...
 $ RaceHorse.IsHit6                 : int  1 0 0 1 0 1 1 1 1 1 ...
 $ RaceHorse.IsValidRaceHorse       : logi  TRUE TRUE TRUE TRUE TRUE TRUE ...
 $ RaceHorse.IsHitA                 : int  0 0 0 0 0 0 0 0 0 0 ...
 $ RaceHorse.IsHitB                 : int  0 0 0 0 0 0 0 0 0 0 ...
 $ RaceHorse.IsHitC                 : int  0 0 1 0 0 0 0 0 0 0 ...
 $ OddsByWin.Odds1                  : num  4.5 152.2 74.5 15.7 11.5 ...
 $ OddsByWin.Ninki                  : num  2 14 12 8 6 3 5 9 7 16 ...
 $ OddsByWin.OddsLog1               : num  1.7 5.03 4.32 2.82 2.53 ...
 $ OddsByWin.OddsRatio1             : num  0.28571 0.00661 0.01361 0.06803 0.09524 ...
 $ OddsByWin.OddsLogit1             : num  -1.5 -5.03 -4.31 -2.75 -2.44 ...
 $ OddsByWin.ApprovalRate1          : num  0.22222 0.00657 0.01342 0.06369 0.08696 ...
 $ OddsByWin.ApprovalRateLog1       : num  0.20067 0.00655 0.01333 0.06175 0.08338 ...
 $ EOF                              : int  1 1 1 1 1 1 1 1 1 1 ...
[1] "2022-02-21 22:17:28 --- RxSqlServerData Finish ---"
[1] "2022-02-21 22:17:28 --- subset Start ---"
[1] "--------------------------------------------------------------------------------"
[1] "nrow(data) subset before=15131"
[1] "nrow(data) subset after =15131"
[1] "nrow(data) subset diff =0"
[1] "--------------------------------------------------------------------------------"
[1] "2022-02-21 22:17:28 --- subset Finish---"
[1] "2022-02-21 22:17:28 --- transform Start ---"
[1] "--------------------------------------------------------------------------------"
[1] "nrow(data) transform before=15131"
[1] "nrow(data) transform after=15131"
[1] "nrow(data) transform diff=0"
[1] "--------------------------------------------------------------------------------"
[1] "str(data)="
'data.frame':	15131 obs. of  30 variables:
 $ Race.RaceId                      : Factor w/ 1011 levels "20160131-05-01-02-08",..: 2 2 2 2 2 2 2 2 2 2 ...
 $ Race.IsPredictedRace             : logi  TRUE TRUE TRUE TRUE TRUE TRUE ...
 $ Race.IsAnalyzeNormalPastAndFuture: logi  TRUE TRUE TRUE TRUE TRUE TRUE ...
 $ Race.IsAnalyzeNormalPast         : logi  TRUE TRUE TRUE TRUE TRUE TRUE ...
 $ Race.IsAnalyzeNormalFuture       : logi  FALSE FALSE FALSE FALSE FALSE FALSE ...
 $ Race.IsAnalyzeFullPastAndFuture  : logi  TRUE TRUE TRUE TRUE TRUE TRUE ...
 $ Race.IsAnalyzeFullPast           : logi  TRUE TRUE TRUE TRUE TRUE TRUE ...
 $ Race.IsAnalyzeFullFuture         : logi  FALSE FALSE FALSE FALSE FALSE FALSE ...
 $ Race.JyokenCd                    : Factor w/ 1 level "3": 1 1 1 1 1 1 1 1 1 1 ...
 $ Race.RaceType1Cd                 : Factor w/ 2 levels "2-3-X","2-3-E": 1 1 1 1 1 1 1 1 1 1 ...
 $ RaceHorse.RaceId                 : Factor w/ 1011 levels "20160131-05-01-02-08",..: 2 2 2 2 2 2 2 2 2 2 ...
 $ RaceHorse.KettoNum               : Factor w/ 3186 levels "2012100610","2011101451",..: 11 12 13 14 15 16 17 18 19 20 ...
 $ RaceHorse.IsHit1                 : int  0 0 0 0 0 0 0 0 0 0 ...
 $ RaceHorse.IsHit2                 : int  0 0 0 0 0 0 0 0 0 0 ...
 $ RaceHorse.IsHit3                 : int  0 0 1 0 0 0 0 0 0 0 ...
 $ RaceHorse.IsHit4                 : int  0 0 0 0 1 0 0 0 0 0 ...
 $ RaceHorse.IsHit5                 : int  0 1 0 0 0 0 0 0 0 0 ...
 $ RaceHorse.IsHit6                 : int  1 0 0 1 0 1 1 1 1 1 ...
 $ RaceHorse.IsValidRaceHorse       : logi  TRUE TRUE TRUE TRUE TRUE TRUE ...
 $ RaceHorse.IsHitA                 : int  0 0 0 0 0 0 0 0 0 0 ...
 $ RaceHorse.IsHitB                 : int  0 0 0 0 0 0 0 0 0 0 ...
 $ RaceHorse.IsHitC                 : int  0 0 1 0 0 0 0 0 0 0 ...
 $ OddsByWin.Odds1                  : num  4.5 152.2 74.5 15.7 11.5 ...
 $ OddsByWin.Ninki                  : num  2 14 12 8 6 3 5 9 7 16 ...
 $ OddsByWin.OddsLog1               : num  1.7 5.03 4.32 2.82 2.53 ...
 $ OddsByWin.OddsRatio1             : num  0.28571 0.00661 0.01361 0.06803 0.09524 ...
 $ OddsByWin.OddsLogit1             : num  -1.5 -5.03 -4.31 -2.75 -2.44 ...
 $ OddsByWin.ApprovalRate1          : num  0.22222 0.00657 0.01342 0.06369 0.08696 ...
 $ OddsByWin.ApprovalRateLog1       : num  0.20067 0.00655 0.01333 0.06175 0.08338 ...
 $ EOF                              : int  1 1 1 1 1 1 1 1 1 1 ...
NULL
[1] "2022-02-21 22:17:29 --- transform Finish ---"
[1] "2022-02-21 22:17:29 --- na.omit Start ---"
[1] "--------------------------------------------------------------------------------"
[1] "nrow(data) na.omit before=15131"
[1] "nrow(data) na.omit after =15066"
[1] "nrow(data) na.omit diff =65"
[1] "--------------------------------------------------------------------------------"
'data.frame':	15066 obs. of  30 variables:
 $ Race.RaceId                      : Factor w/ 1011 levels "20160131-05-01-02-08",..: 2 2 2 2 2 2 2 2 2 2 ...
 $ Race.IsPredictedRace             : logi  TRUE TRUE TRUE TRUE TRUE TRUE ...
 $ Race.IsAnalyzeNormalPastAndFuture: logi  TRUE TRUE TRUE TRUE TRUE TRUE ...
 $ Race.IsAnalyzeNormalPast         : logi  TRUE TRUE TRUE TRUE TRUE TRUE ...
 $ Race.IsAnalyzeNormalFuture       : logi  FALSE FALSE FALSE FALSE FALSE FALSE ...
 $ Race.IsAnalyzeFullPastAndFuture  : logi  TRUE TRUE TRUE TRUE TRUE TRUE ...
 $ Race.IsAnalyzeFullPast           : logi  TRUE TRUE TRUE TRUE TRUE TRUE ...
 $ Race.IsAnalyzeFullFuture         : logi  FALSE FALSE FALSE FALSE FALSE FALSE ...
 $ Race.JyokenCd                    : Factor w/ 1 level "3": 1 1 1 1 1 1 1 1 1 1 ...
 $ Race.RaceType1Cd                 : Factor w/ 2 levels "2-3-X","2-3-E": 1 1 1 1 1 1 1 1 1 1 ...
 $ RaceHorse.RaceId                 : Factor w/ 1011 levels "20160131-05-01-02-08",..: 2 2 2 2 2 2 2 2 2 2 ...
 $ RaceHorse.KettoNum               : Factor w/ 3186 levels "2012100610","2011101451",..: 11 12 13 14 15 16 17 18 19 20 ...
 $ RaceHorse.IsHit1                 : int  0 0 0 0 0 0 0 0 0 0 ...
 $ RaceHorse.IsHit2                 : int  0 0 0 0 0 0 0 0 0 0 ...
 $ RaceHorse.IsHit3                 : int  0 0 1 0 0 0 0 0 0 0 ...
 $ RaceHorse.IsHit4                 : int  0 0 0 0 1 0 0 0 0 0 ...
 $ RaceHorse.IsHit5                 : int  0 1 0 0 0 0 0 0 0 0 ...
 $ RaceHorse.IsHit6                 : int  1 0 0 1 0 1 1 1 1 1 ...
 $ RaceHorse.IsValidRaceHorse       : logi  TRUE TRUE TRUE TRUE TRUE TRUE ...
 $ RaceHorse.IsHitA                 : int  0 0 0 0 0 0 0 0 0 0 ...
 $ RaceHorse.IsHitB                 : int  0 0 0 0 0 0 0 0 0 0 ...
 $ RaceHorse.IsHitC                 : int  0 0 1 0 0 0 0 0 0 0 ...
 $ OddsByWin.Odds1                  : num  4.5 152.2 74.5 15.7 11.5 ...
 $ OddsByWin.Ninki                  : num  2 14 12 8 6 3 5 9 7 16 ...
 $ OddsByWin.OddsLog1               : num  1.7 5.03 4.32 2.82 2.53 ...
 $ OddsByWin.OddsRatio1             : num  0.28571 0.00661 0.01361 0.06803 0.09524 ...
 $ OddsByWin.OddsLogit1             : num  -1.5 -5.03 -4.31 -2.75 -2.44 ...
 $ OddsByWin.ApprovalRate1          : num  0.22222 0.00657 0.01342 0.06369 0.08696 ...
 $ OddsByWin.ApprovalRateLog1       : num  0.20067 0.00655 0.01333 0.06175 0.08338 ...
 $ EOF                              : int  1 1 1 1 1 1 1 1 1 1 ...
 - attr(*, "na.action")= 'omit' Named int  113 167 391 425 482 544 1003 2236 2391 2578 ...
  ..- attr(*, "names")= chr  "113" "167" "391" "425" ...
[1] "2022-02-21 22:17:30 --- na.omit Finish ---"
[1] "2022-02-21 22:17:30 --- rxGlm with rxStepControl Start ---"

> print(paste0(Sys.time(), " --- source_logic_glm.R Start ---"))
[1] "2022-02-21 22:17:30 --- source_logic_glm.R Start ---"

> formula <- formula(RaceHorse.IsHitA ~ +1 + OddsByWin.OddsLogit1)

> print(paste0(Sys.time(), " --- source_logic_glm.R Finished ---"))
[1] "2022-02-21 22:17:30 --- source_logic_glm.R Finished ---"
Rows Read: 15066, Total Rows Processed: 15066, Total Chunk Time: 0.002 seconds 

Starting values (iteration 1) time: 0.020 secs.
Rows Read: 15066, Total Rows Processed: 15066, Total Chunk Time: 0.002 seconds 

Iteration 2 time: 0.017 secs.
Rows Read: 15066, Total Rows Processed: 15066, Total Chunk Time: 0.002 seconds 

Iteration 3 time: 0.015 secs.
Rows Read: 15066, Total Rows Processed: 15066, Total Chunk Time: 0.002 seconds 

Iteration 4 time: 0.016 secs.
Rows Read: 15066, Total Rows Processed: 15066, Total Chunk Time: 0.002 seconds 

Iteration 5 time: 0.011 secs.
Rows Read: 15066, Total Rows Processed: 15066, Total Chunk Time: 0.002 seconds 

Iteration 6 time: 0.018 secs.

Elapsed computation time: 0.187 secs.
Rows Read: 15066, Total Rows Processed: 15066, Total Chunk Time: 0.001 seconds 

Starting values (iteration 1) time: 0.017 secs.
Rows Read: 15066, Total Rows Processed: 15066, Total Chunk Time: 0.002 seconds 

Iteration 2 time: 0.024 secs.

Elapsed computation time: 0.073 secs.
Rows Read: 15066, Total Rows Processed: 15066, Total Chunk Time: 0.001 seconds 

Starting values (iteration 1) time: 0.010 secs.
Rows Read: 15066, Total Rows Processed: 15066, Total Chunk Time: 0.003 seconds 

Iteration 2 time: 0.027 secs.
Rows Read: 15066, Total Rows Processed: 15066, Total Chunk Time: 0.003 seconds 

Iteration 3 time: 0.010 secs.
Rows Read: 15066, Total Rows Processed: 15066, Total Chunk Time: 0.002 seconds 

Iteration 4 time: 0.016 secs.
Rows Read: 15066, Total Rows Processed: 15066, Total Chunk Time: 0.002 seconds 

Iteration 5 time: 0.012 secs.
Rows Read: 15066, Total Rows Processed: 15066, Total Chunk Time: 0.002 seconds 

Iteration 6 time: 0.011 secs.

Elapsed computation time: 0.177 secs.

Elapsed computation time: 0.502 secs.
[1] "--------------------------------------------------------------------------------"
[1] "analyze.results.glm.step="
Logistic Regression Results for: RaceHorse.IsHitA ~
    OddsByWin.OddsLogit1
Data: data
Dependent variable(s): RaceHorse.IsHitA
Total independent variables: 2 
Number of valid observations: 15066
Number of missing observations: 0 
 
Coefficients:
                     RaceHorse.IsHitA
(Intercept)                       0.3
OddsByWin.OddsLogit1              1.2
[1] "analyze.results.glm.step.summary"
Call:
rxLogit(formula = formula, data = data, variableSelection = analyze.results.glm.step.varsel)

Logistic Regression Results for: RaceHorse.IsHitA ~
    OddsByWin.OddsLogit1
Data: data
Dependent variable(s): RaceHorse.IsHitA
Total independent variables: 2 
Number of valid observations: 15066
Number of missing observations: 0 
-2*LogLikelihood: 6047.628 (Residual deviance on 15064 degrees of freedom)
 
Coefficients:
                     Estimate Std. Error z value Pr(>|z|)    
(Intercept)            0.2654     0.0815    3.25   0.0011 ** 
OddsByWin.OddsLogit1   1.1602     0.0377   30.77  2.2e-16 ***
---
Signif. codes:  0 '***' 0.001 '**' 0.01 '*' 0.05 '.' 0.1 ' ' 1

Condition number of final variance-covariance matrix: 1 
Number of iterations: 6
[1] "--------------------------------------------------------------------------------"
[1] "2022-02-21 22:17:31 --- rxGlm with rxStepControl Finish ---"
[1] "2022-02-21 22:17:31 --- rxStepPlot Start ---"
[1] "pdfFilename=pdf_analyze_glm_Odds_Type23_rxStepPlot.pdf"
[1] "rxStepPlot="
[1] "2022-02-21 22:17:32 --- rxStepPlot Finish ---"
[1] "2022-02-21 22:17:32 --- save.image Start ---"
[1] "save.image"
[1] "rdataFilename=RData_analyze_glm_Odds_Type23.RData"
[1] "2022-02-21 22:17:32 --- save.image Finish ---"
[1] "2022-02-21 22:17:32 --- final Start ---"
[1] "--------------------------------------------------------------------------------"
[1] "nrow(data) final=15066"
[1] "--------------------------------------------------------------------------------"
[1] "2022-02-21 22:17:32 --- final Finish ---"
[1] "2022-02-21 22:17:32 --- analyze_glm.R Finished ---"
[1] "2022-02-21 22:17:32 --- log Finish ---"
