[1] "2022-02-26 17:58:08 --- D1115_analyze_glm_Jockey_IsHitA_Type15 Start ---"
[1] "2022-02-26 17:58:08 --- Log Start ---"
[1] "2022-02-26 17:58:08 --- analyze_glm.R Start ---"
[1] "analyzeVersion=D1115"
[1] "analyzeCategory=analyze"
[1] "analyzeType=Jockey"
[1] "analyzeFamily=IsHitA"
[1] "analyzeFunc=glm"
[1] "analyzeTrackTypeCd=1"
[1] "analyzeJyokenCd=5"
[1] "2022-02-26 17:58:08 --- source_function.R Start ---"
[1] "2022-02-26 17:58:08 --- source_function.R Finished ---"

> print(paste0(Sys.time(), " --- source_library.R Start ---"))
[1] "2022-02-26 17:58:08 --- source_library.R Start ---"

> require("RevoScaleR")

> print(paste0(Sys.time(), " --- source_library.R Finished ---"))
[1] "2022-02-26 17:58:16 --- source_library.R Finished ---"
[1] "2022-02-26 17:58:18 --- RxSqlServerData Start ---"
[1] "2022-02-26 17:58:19 --- RxInSqlServer Start ---"
[1] "2022-02-26 17:58:21 --- RxInSqlServer Finish ---"
[1] "2022-02-26 17:58:22 --- rxSetComputeContext Start ---"
[1] "2022-02-26 17:58:23 --- rxSetComputeContext Finish ---"
[1] "2022-02-26 17:58:23 --- RxSqlServerData Start ---"
[1] "sqlQuery=SELECT * FROM ViewAnalyzeD1115analyze01JockeyType15"
[1] "2022-02-26 17:58:23 --- RxSqlServerData Finish ---"
[1] "2022-02-26 17:58:24 --- rxGetVarInfo Start ---"
[1] "2022-02-26 17:58:27 --- rxGetVarInfo Finish---"
[1] "2022-02-26 17:58:27 --- rxImport Start ---"
Rows Read: 37018, Total Rows Processed: 37018, Total Chunk Time: 201.869 seconds 
[1] "2022-02-26 18:06:49 --- rxImport Finish ---"
[1] "object.size(data) auto=11.6 Mb"
[1] "--------------------------------------------------------------------------------"
[1] "nrow(data) RxSqlServerData=37018"
[1] "--------------------------------------------------------------------------------"
[1] "str(data)="
'data.frame':	37018 obs. of  43 variables:
 $ Race.RaceId                      : Factor w/ 2474 levels "20160105-06-01-01-05",..: 2 2 2 2 2 2 2 2 2 2 ...
 $ Race.IsAnalyzeNormalPastAndFuture: logi  TRUE TRUE TRUE TRUE TRUE TRUE ...
 $ Race.IsAnalyzeNormalPast         : logi  TRUE TRUE TRUE TRUE TRUE TRUE ...
 $ Race.IsAnalyzeNormalFuture       : logi  FALSE FALSE FALSE FALSE FALSE FALSE ...
 $ Race.IsAnalyzeFullPastAndFuture  : logi  TRUE TRUE TRUE TRUE TRUE TRUE ...
 $ Race.IsAnalyzeFullPast           : logi  TRUE TRUE TRUE TRUE TRUE TRUE ...
 $ Race.IsAnalyzeFullFuture         : logi  FALSE FALSE FALSE FALSE FALSE FALSE ...
 $ Race.JyokenCd                    : Factor w/ 1 level "5": 1 1 1 1 1 1 1 1 1 1 ...
 $ Race.JyoType1Cd                  : Factor w/ 175 levels "1-06-2000-5-1",..: 2 2 2 2 2 2 2 2 2 2 ...
 $ Race.RaceType1Cd                 : Factor w/ 3 levels "1-5-X-2","1-5-X-1",..: 1 1 1 1 1 1 1 1 1 1 ...
 $ RaceHorse.RaceId                 : Factor w/ 2474 levels "20160105-06-01-01-05",..: 2 2 2 2 2 2 2 2 2 2 ...
 $ RaceHorse.KettoNum               : Factor w/ 13947 levels "2013100152","2013100503",..: 11 12 13 14 15 16 17 18 19 20 ...
 $ RaceHorse.IsHit1                 : num  0 0 0 0 0 0 0 0 0 0 ...
 $ RaceHorse.IsHit2                 : num  0 0 0 0 0 0 0 0 0 0 ...
 $ RaceHorse.IsHit3                 : num  0 1 0 0 0 0 0 0 0 0 ...
 $ RaceHorse.IsHit4                 : num  1 0 0 0 0 0 0 0 0 0 ...
 $ RaceHorse.IsHit5                 : num  0 0 0 0 0 0 0 0 1 0 ...
 $ RaceHorse.IsHit6                 : num  0 0 1 1 1 1 1 1 0 1 ...
 $ RaceHorse.IsValidRaceHorse       : logi  TRUE TRUE TRUE TRUE TRUE TRUE ...
 $ RaceHorse.TimeSdvByRace          : num  0.677 0.751 -0.871 -0.797 0.235 ...
 $ RaceHorse.TimeSdv                : num  0.261 0.328 -1.129 -1.063 -0.136 ...
 $ RaceHorse.IsHitA                 : num  0 0 0 0 0 0 0 0 0 0 ...
 $ RaceHorse.IsHitB                 : num  0 0 0 0 0 0 0 0 0 0 ...
 $ RaceHorse.IsHitC                 : num  0 1 0 0 0 0 0 0 0 0 ...
 $ Jockey.TimeSdvByRaceAvg          : num  0.1542 0.2442 0.0316 0.1255 0.0288 ...
 $ Jockey.TimeSdvByRaceMin          : num  -2.97 -2.95 -1.77 -2.78 -2.95 ...
 $ Jockey.TimeSdvByRaceMax          : num  1.79 2.01 1.17 2.24 1.73 ...
 $ Jockey.TimeSdvAvg                : num  0.1481 0.1698 0.2826 0.0688 -0.0607 ...
 $ Jockey.TimeSdvMin                : num  -2.58 -4.6 -1.78 -2.43 -3.16 ...
 $ Jockey.TimeSdvMax                : num  2.18 2.52 2.05 1.85 1.7 ...
 $ Jockey.OrderOfFinishSdvAvg       : num  0.1539 0.1688 0.1145 0.0383 -0.05 ...
 $ Jockey.RunCount                  : num  300 232 27 175 190 11 328 275 71 23 ...
 $ Jockey.HitCount1                 : num  18 20 0 6 13 0 26 41 3 0 ...
 $ Jockey.HitCount2                 : num  24 22 0 9 6 1 16 38 3 0 ...
 $ Jockey.HitCount3                 : num  24 15 3 12 15 0 22 29 2 1 ...
 $ Jockey.HitCount4                 : num  29 20 1 15 11 0 13 22 4 2 ...
 $ Jockey.HitCount5                 : num  24 16 2 15 9 0 28 30 4 4 ...
 $ Jockey.HitRate1                  : num  0.06 0.0862 0 0.0343 0.0684 ...
 $ Jockey.HitRate2                  : num  0.08 0.0948 0 0.0514 0.0316 ...
 $ Jockey.HitRate3                  : num  0.08 0.0647 0.1111 0.0686 0.0789 ...
 $ Jockey.HitRate4                  : num  0.0967 0.0862 0.037 0.0857 0.0579 ...
 $ Jockey.HitRate5                  : num  0.08 0.069 0.0741 0.0857 0.0474 ...
 $ EOF                              : int  1 1 1 1 1 1 1 1 1 1 ...
[1] "2022-02-26 18:07:01 --- RxSqlServerData Finish ---"
[1] "2022-02-26 18:07:01 --- subset Start ---"
[1] "--------------------------------------------------------------------------------"
[1] "nrow(data) subset before=37018"
[1] "nrow(data) subset after =37018"
[1] "nrow(data) subset diff =0"
[1] "--------------------------------------------------------------------------------"
[1] "2022-02-26 18:07:02 --- subset Finish---"
[1] "2022-02-26 18:07:03 --- transform Start ---"
[1] "--------------------------------------------------------------------------------"
[1] "nrow(data) transform before=37018"
[1] "nrow(data) transform after=37018"
[1] "nrow(data) transform diff=0"
[1] "--------------------------------------------------------------------------------"
[1] "str(data)="
'data.frame':	37018 obs. of  43 variables:
 $ Race.RaceId                      : Factor w/ 2474 levels "20160105-06-01-01-05",..: 2 2 2 2 2 2 2 2 2 2 ...
 $ Race.IsAnalyzeNormalPastAndFuture: logi  TRUE TRUE TRUE TRUE TRUE TRUE ...
 $ Race.IsAnalyzeNormalPast         : logi  TRUE TRUE TRUE TRUE TRUE TRUE ...
 $ Race.IsAnalyzeNormalFuture       : logi  FALSE FALSE FALSE FALSE FALSE FALSE ...
 $ Race.IsAnalyzeFullPastAndFuture  : logi  TRUE TRUE TRUE TRUE TRUE TRUE ...
 $ Race.IsAnalyzeFullPast           : logi  TRUE TRUE TRUE TRUE TRUE TRUE ...
 $ Race.IsAnalyzeFullFuture         : logi  FALSE FALSE FALSE FALSE FALSE FALSE ...
 $ Race.JyokenCd                    : Factor w/ 1 level "5": 1 1 1 1 1 1 1 1 1 1 ...
 $ Race.JyoType1Cd                  : Factor w/ 175 levels "1-06-2000-5-1",..: 2 2 2 2 2 2 2 2 2 2 ...
 $ Race.RaceType1Cd                 : Factor w/ 3 levels "1-5-X-2","1-5-X-1",..: 1 1 1 1 1 1 1 1 1 1 ...
 $ RaceHorse.RaceId                 : Factor w/ 2474 levels "20160105-06-01-01-05",..: 2 2 2 2 2 2 2 2 2 2 ...
 $ RaceHorse.KettoNum               : Factor w/ 13947 levels "2013100152","2013100503",..: 11 12 13 14 15 16 17 18 19 20 ...
 $ RaceHorse.IsHit1                 : num  0 0 0 0 0 0 0 0 0 0 ...
 $ RaceHorse.IsHit2                 : num  0 0 0 0 0 0 0 0 0 0 ...
 $ RaceHorse.IsHit3                 : num  0 1 0 0 0 0 0 0 0 0 ...
 $ RaceHorse.IsHit4                 : num  1 0 0 0 0 0 0 0 0 0 ...
 $ RaceHorse.IsHit5                 : num  0 0 0 0 0 0 0 0 1 0 ...
 $ RaceHorse.IsHit6                 : num  0 0 1 1 1 1 1 1 0 1 ...
 $ RaceHorse.IsValidRaceHorse       : logi  TRUE TRUE TRUE TRUE TRUE TRUE ...
 $ RaceHorse.TimeSdvByRace          : num  0.677 0.751 -0.871 -0.797 0.235 ...
 $ RaceHorse.TimeSdv                : num  0.261 0.328 -1.129 -1.063 -0.136 ...
 $ RaceHorse.IsHitA                 : num  0 0 0 0 0 0 0 0 0 0 ...
 $ RaceHorse.IsHitB                 : num  0 0 0 0 0 0 0 0 0 0 ...
 $ RaceHorse.IsHitC                 : num  0 1 0 0 0 0 0 0 0 0 ...
 $ Jockey.TimeSdvByRaceAvg          : num  0.1542 0.2442 0.0316 0.1255 0.0288 ...
 $ Jockey.TimeSdvByRaceMin          : num  -2.97 -2.95 -1.77 -2.78 -2.95 ...
 $ Jockey.TimeSdvByRaceMax          : num  1.79 2.01 1.17 2.24 1.73 ...
 $ Jockey.TimeSdvAvg                : num  0.1481 0.1698 0.2826 0.0688 -0.0607 ...
 $ Jockey.TimeSdvMin                : num  -2.58 -4.6 -1.78 -2.43 -3.16 ...
 $ Jockey.TimeSdvMax                : num  2.18 2.52 2.05 1.85 1.7 ...
 $ Jockey.OrderOfFinishSdvAvg       : num  0.1539 0.1688 0.1145 0.0383 -0.05 ...
 $ Jockey.RunCount                  : num  300 232 27 175 190 11 328 275 71 23 ...
 $ Jockey.HitCount1                 : num  18 20 0 6 13 0 26 41 3 0 ...
 $ Jockey.HitCount2                 : num  24 22 0 9 6 1 16 38 3 0 ...
 $ Jockey.HitCount3                 : num  24 15 3 12 15 0 22 29 2 1 ...
 $ Jockey.HitCount4                 : num  29 20 1 15 11 0 13 22 4 2 ...
 $ Jockey.HitCount5                 : num  24 16 2 15 9 0 28 30 4 4 ...
 $ Jockey.HitRate1                  : num  0.06 0.0862 0 0.0343 0.0684 ...
 $ Jockey.HitRate2                  : num  0.08 0.0948 0 0.0514 0.0316 ...
 $ Jockey.HitRate3                  : num  0.08 0.0647 0.1111 0.0686 0.0789 ...
 $ Jockey.HitRate4                  : num  0.0967 0.0862 0.037 0.0857 0.0579 ...
 $ Jockey.HitRate5                  : num  0.08 0.069 0.0741 0.0857 0.0474 ...
 $ EOF                              : int  1 1 1 1 1 1 1 1 1 1 ...
NULL
[1] "2022-02-26 18:07:18 --- transform Finish ---"
[1] "2022-02-26 18:07:18 --- na.omit Start ---"
[1] "--------------------------------------------------------------------------------"
[1] "nrow(data) na.omit before=37018"
[1] "nrow(data) na.omit after =36758"
[1] "nrow(data) na.omit diff =260"
[1] "--------------------------------------------------------------------------------"
'data.frame':	36758 obs. of  43 variables:
 $ Race.RaceId                      : Factor w/ 2474 levels "20160105-06-01-01-05",..: 2 2 2 2 2 2 2 2 2 2 ...
 $ Race.IsAnalyzeNormalPastAndFuture: logi  TRUE TRUE TRUE TRUE TRUE TRUE ...
 $ Race.IsAnalyzeNormalPast         : logi  TRUE TRUE TRUE TRUE TRUE TRUE ...
 $ Race.IsAnalyzeNormalFuture       : logi  FALSE FALSE FALSE FALSE FALSE FALSE ...
 $ Race.IsAnalyzeFullPastAndFuture  : logi  TRUE TRUE TRUE TRUE TRUE TRUE ...
 $ Race.IsAnalyzeFullPast           : logi  TRUE TRUE TRUE TRUE TRUE TRUE ...
 $ Race.IsAnalyzeFullFuture         : logi  FALSE FALSE FALSE FALSE FALSE FALSE ...
 $ Race.JyokenCd                    : Factor w/ 1 level "5": 1 1 1 1 1 1 1 1 1 1 ...
 $ Race.JyoType1Cd                  : Factor w/ 175 levels "1-06-2000-5-1",..: 2 2 2 2 2 2 2 2 2 2 ...
 $ Race.RaceType1Cd                 : Factor w/ 3 levels "1-5-X-2","1-5-X-1",..: 1 1 1 1 1 1 1 1 1 1 ...
 $ RaceHorse.RaceId                 : Factor w/ 2474 levels "20160105-06-01-01-05",..: 2 2 2 2 2 2 2 2 2 2 ...
 $ RaceHorse.KettoNum               : Factor w/ 13947 levels "2013100152","2013100503",..: 11 12 13 14 15 16 17 18 19 20 ...
 $ RaceHorse.IsHit1                 : num  0 0 0 0 0 0 0 0 0 0 ...
 $ RaceHorse.IsHit2                 : num  0 0 0 0 0 0 0 0 0 0 ...
 $ RaceHorse.IsHit3                 : num  0 1 0 0 0 0 0 0 0 0 ...
 $ RaceHorse.IsHit4                 : num  1 0 0 0 0 0 0 0 0 0 ...
 $ RaceHorse.IsHit5                 : num  0 0 0 0 0 0 0 0 1 0 ...
 $ RaceHorse.IsHit6                 : num  0 0 1 1 1 1 1 1 0 1 ...
 $ RaceHorse.IsValidRaceHorse       : logi  TRUE TRUE TRUE TRUE TRUE TRUE ...
 $ RaceHorse.TimeSdvByRace          : num  0.677 0.751 -0.871 -0.797 0.235 ...
 $ RaceHorse.TimeSdv                : num  0.261 0.328 -1.129 -1.063 -0.136 ...
 $ RaceHorse.IsHitA                 : num  0 0 0 0 0 0 0 0 0 0 ...
 $ RaceHorse.IsHitB                 : num  0 0 0 0 0 0 0 0 0 0 ...
 $ RaceHorse.IsHitC                 : num  0 1 0 0 0 0 0 0 0 0 ...
 $ Jockey.TimeSdvByRaceAvg          : num  0.1542 0.2442 0.0316 0.1255 0.0288 ...
 $ Jockey.TimeSdvByRaceMin          : num  -2.97 -2.95 -1.77 -2.78 -2.95 ...
 $ Jockey.TimeSdvByRaceMax          : num  1.79 2.01 1.17 2.24 1.73 ...
 $ Jockey.TimeSdvAvg                : num  0.1481 0.1698 0.2826 0.0688 -0.0607 ...
 $ Jockey.TimeSdvMin                : num  -2.58 -4.6 -1.78 -2.43 -3.16 ...
 $ Jockey.TimeSdvMax                : num  2.18 2.52 2.05 1.85 1.7 ...
 $ Jockey.OrderOfFinishSdvAvg       : num  0.1539 0.1688 0.1145 0.0383 -0.05 ...
 $ Jockey.RunCount                  : num  300 232 27 175 190 11 328 275 71 23 ...
 $ Jockey.HitCount1                 : num  18 20 0 6 13 0 26 41 3 0 ...
 $ Jockey.HitCount2                 : num  24 22 0 9 6 1 16 38 3 0 ...
 $ Jockey.HitCount3                 : num  24 15 3 12 15 0 22 29 2 1 ...
 $ Jockey.HitCount4                 : num  29 20 1 15 11 0 13 22 4 2 ...
 $ Jockey.HitCount5                 : num  24 16 2 15 9 0 28 30 4 4 ...
 $ Jockey.HitRate1                  : num  0.06 0.0862 0 0.0343 0.0684 ...
 $ Jockey.HitRate2                  : num  0.08 0.0948 0 0.0514 0.0316 ...
 $ Jockey.HitRate3                  : num  0.08 0.0647 0.1111 0.0686 0.0789 ...
 $ Jockey.HitRate4                  : num  0.0967 0.0862 0.037 0.0857 0.0579 ...
 $ Jockey.HitRate5                  : num  0.08 0.069 0.0741 0.0857 0.0474 ...
 $ EOF                              : int  1 1 1 1 1 1 1 1 1 1 ...
 - attr(*, "na.action")= 'omit' Named int  26 56 191 215 222 332 508 633 710 730 ...
  ..- attr(*, "names")= chr  "26" "56" "191" "215" ...
[1] "2022-02-26 18:07:35 --- na.omit Finish ---"
[1] "2022-02-26 18:07:35 --- rxGlm with rxStepControl Start ---"

> print(paste0(Sys.time(), " --- source_logic_glm.R Start ---"))
[1] "2022-02-26 18:07:36 --- source_logic_glm.R Start ---"

> formula <- formula(RaceHorse.IsHitA ~ +1 + Jockey.TimeSdvByRaceAvg)

> print(paste0(Sys.time(), " --- source_logic_glm.R Finished ---"))
[1] "2022-02-26 18:07:36 --- source_logic_glm.R Finished ---"
Rows Read: 36758, Total Rows Processed: 36758, Total Chunk Time: 0.002 seconds 

Starting values (iteration 1) time: 0.056 secs.
Rows Read: 36758, Total Rows Processed: 36758, Total Chunk Time: 0.004 seconds 

Iteration 2 time: 0.011 secs.
Rows Read: 36758, Total Rows Processed: 36758, Total Chunk Time: 0.003 seconds 

Iteration 3 time: 0.006 secs.
Rows Read: 36758, Total Rows Processed: 36758, Total Chunk Time: 0.004 seconds 

Iteration 4 time: 0.007 secs.
Rows Read: 36758, Total Rows Processed: 36758, Total Chunk Time: 0.004 seconds 

Iteration 5 time: 0.007 secs.

Elapsed computation time: 0.111 secs.
Rows Read: 36758, Total Rows Processed: 36758, Total Chunk Time: Less than .001 seconds 

Starting values (iteration 1) time: 0.012 secs.
Rows Read: 36758, Total Rows Processed: 36758, Total Chunk Time: 0.003 seconds 

Iteration 2 time: 0.010 secs.

Elapsed computation time: 0.036 secs.
Rows Read: 36758, Total Rows Processed: 36758, Total Chunk Time: 0.002 seconds 

Starting values (iteration 1) time: 0.012 secs.
Rows Read: 36758, Total Rows Processed: 36758, Total Chunk Time: 0.003 seconds 

Iteration 2 time: 0.114 secs.
Rows Read: 36758, Total Rows Processed: 36758, Total Chunk Time: 0.004 seconds 

Iteration 3 time: 0.007 secs.
Rows Read: 36758, Total Rows Processed: 36758, Total Chunk Time: 0.003 seconds 

Iteration 4 time: 0.007 secs.
Rows Read: 36758, Total Rows Processed: 36758, Total Chunk Time: 0.003 seconds 

Iteration 5 time: 0.007 secs.

Elapsed computation time: 0.284 secs.

Elapsed computation time: 0.454 secs.
[1] "--------------------------------------------------------------------------------"
[1] "analyze.results.glm.step="
Logistic Regression Results for: RaceHorse.IsHitA ~
    Jockey.TimeSdvByRaceAvg
Data: data
Dependent variable(s): RaceHorse.IsHitA
Total independent variables: 2 
Number of valid observations: 36758
Number of missing observations: 0 
 
Coefficients:
                        RaceHorse.IsHitA
(Intercept)                           -3
Jockey.TimeSdvByRaceAvg                2
[1] "analyze.results.glm.step.summary"
Call:
rxLogit(formula = formula, data = data, variableSelection = analyze.results.glm.step.varsel)

Logistic Regression Results for: RaceHorse.IsHitA ~
    Jockey.TimeSdvByRaceAvg
Data: data
Dependent variable(s): RaceHorse.IsHitA
Total independent variables: 2 
Number of valid observations: 36758
Number of missing observations: 0 
-2*LogLikelihood: 16961.81 (Residual deviance on 36756 degrees of freedom)
 
Coefficients:
                        Estimate Std. Error z value Pr(>|z|)    
(Intercept)              -2.8973     0.0256  -113.0  2.2e-16 ***
Jockey.TimeSdvByRaceAvg   2.0957     0.0643    32.6  2.2e-16 ***
---
Signif. codes:  0 '***' 0.001 '**' 0.01 '*' 0.05 '.' 0.1 ' ' 1

Condition number of final variance-covariance matrix: 1 
Number of iterations: 5
[1] "--------------------------------------------------------------------------------"
[1] "2022-02-26 18:07:37 --- rxGlm with rxStepControl Finish ---"
[1] "2022-02-26 18:07:37 --- rxStepPlot Start ---"
[1] "pdfFilename=pdf_analyze_glm_Jockey_Type15_rxStepPlot.pdf"
[1] "rxStepPlot="
[1] "2022-02-26 18:07:38 --- rxStepPlot Finish ---"
[1] "2022-02-26 18:07:38 --- save.image Start ---"
[1] "save.image"
[1] "rdataFilename=RData_analyze_glm_Jockey_Type15.RData"
[1] "2022-02-26 18:07:39 --- save.image Finish ---"
[1] "2022-02-26 18:07:39 --- final Start ---"
[1] "--------------------------------------------------------------------------------"
[1] "nrow(data) final=36758"
[1] "--------------------------------------------------------------------------------"
[1] "2022-02-26 18:07:39 --- final Finish ---"
[1] "2022-02-26 18:07:39 --- analyze_glm.R Finished ---"
[1] "2022-02-26 18:07:39 --- log Finish ---"
