[1] "2022-03-08 19:08:22 --- D1115_analyze_glm_Jockey_IsHitA_Type23 Start ---"
[1] "2022-03-08 19:08:22 --- Log Start ---"
[1] "2022-03-08 19:08:22 --- analyze_glm.R Start ---"
[1] "analyzeVersion=D1115"
[1] "analyzeCategory=analyze"
[1] "analyzeType=Jockey"
[1] "analyzeFamily=IsHitA"
[1] "analyzeFunc=glm"
[1] "analyzeTrackTypeCd=2"
[1] "analyzeJyokenCd=3"
[1] "2022-03-08 19:08:22 --- source_function.R Start ---"
[1] "2022-03-08 19:08:22 --- source_function.R Finished ---"

> print(paste0(Sys.time(), " --- source_library.R Start ---"))
[1] "2022-03-08 19:08:22 --- source_library.R Start ---"

> require("RevoScaleR")

> print(paste0(Sys.time(), " --- source_library.R Finished ---"))
[1] "2022-03-08 19:08:23 --- source_library.R Finished ---"
[1] "2022-03-08 19:08:23 --- RxSqlServerData Start ---"
[1] "2022-03-08 19:08:23 --- RxInSqlServer Start ---"
[1] "2022-03-08 19:08:23 --- RxInSqlServer Finish ---"
[1] "2022-03-08 19:08:23 --- rxSetComputeContext Start ---"
[1] "2022-03-08 19:08:23 --- rxSetComputeContext Finish ---"
[1] "2022-03-08 19:08:23 --- RxSqlServerData Start ---"
[1] "sqlQuery=SELECT * FROM ViewAnalyzeD1115analyze01JockeyType23"
[1] "2022-03-08 19:08:23 --- RxSqlServerData Finish ---"
[1] "2022-03-08 19:08:23 --- rxGetVarInfo Start ---"
[1] "2022-03-08 19:08:23 --- rxGetVarInfo Finish---"
[1] "2022-03-08 19:08:23 --- rxImport Start ---"
Rows Read: 14987, Total Rows Processed: 14987, Total Chunk Time: 218.669 seconds 
[1] "2022-03-08 19:14:45 --- rxImport Finish ---"
[1] "object.size(data) auto=5 Mb"
[1] "--------------------------------------------------------------------------------"
[1] "nrow(data) RxSqlServerData=14987"
[1] "--------------------------------------------------------------------------------"
[1] "str(data)="
'data.frame':	14987 obs. of  47 variables:
 $ Race.RaceId                      : Factor w/ 1011 levels "20190623-05-03-08-09",..: 11 12 13 14 15 16 17 18 19 20 ...
 $ Race.IsAnalyzeNormalPastAndFuture: logi  TRUE TRUE TRUE TRUE TRUE TRUE ...
 $ Race.IsAnalyzeNormalPast         : logi  TRUE TRUE TRUE TRUE TRUE TRUE ...
 $ Race.IsAnalyzeNormalFuture       : logi  FALSE FALSE FALSE FALSE FALSE FALSE ...
 $ Race.IsAnalyzeFullPastAndFuture  : logi  TRUE TRUE TRUE TRUE TRUE TRUE ...
 $ Race.IsAnalyzeFullPast           : logi  TRUE TRUE TRUE TRUE TRUE TRUE ...
 $ Race.IsAnalyzeFullFuture         : logi  FALSE FALSE FALSE FALSE FALSE FALSE ...
 $ Race.JyokenCd                    : Factor w/ 1 level "3": 1 1 1 1 1 1 1 1 1 1 ...
 $ Race.JyoType1Cd                  : Factor w/ 105 levels "23-05-1400-3",..: 9 10 10 11 12 13 14 10 15 16 ...
 $ Race.RaceType1Cd                 : Factor w/ 2 levels "2-3-13","2-3-14": 1 1 2 1 2 2 2 1 2 2 ...
 $ RaceHorse.RaceId                 : Factor w/ 1011 levels "20190623-05-03-08-09",..: 11 12 13 14 15 16 17 18 19 20 ...
 $ RaceHorse.KettoNum               : Factor w/ 3179 levels "2013105547","2016105531",..: 11 12 12 11 13 14 15 15 16 17 ...
 $ RaceHorse.IsHit1                 : num  0 0 0 0 0 0 1 0 0 0 ...
 $ RaceHorse.IsHit2                 : num  0 0 1 0 0 0 0 1 0 0 ...
 $ RaceHorse.IsHit3                 : num  0 0 0 0 0 0 0 0 0 0 ...
 $ RaceHorse.IsHit4                 : num  0 0 0 0 1 0 0 0 0 0 ...
 $ RaceHorse.IsHit5                 : num  0 1 0 0 0 0 0 0 0 0 ...
 $ RaceHorse.IsHit6                 : num  1 0 0 1 0 1 0 0 1 1 ...
 $ RaceHorse.IsValidRaceHorse       : logi  TRUE TRUE TRUE TRUE TRUE TRUE ...
 $ RaceHorse.FinishTimeSdvByRace    : num  -0.26802 0.6742 0.94795 -0.00683 0.74104 ...
 $ RaceHorse.FirstTimeSdvByRace     : num  -0.2557 0.0349 0.1094 -1.3036 -0.9331 ...
 $ RaceHorse.LastTimeSdvByRace      : num  -0.149 0.628 0.683 0.609 1.084 ...
 $ RaceHorse.FinishTimeSdv          : num  0.615 1.316 1.211 0.416 1.036 ...
 $ RaceHorse.FirstTimeSdv           : num  1.282 0.566 0.951 -1.268 0.293 ...
 $ RaceHorse.LastTimeSdv            : num  -0.079 1.257 0.865 1.417 1.233 ...
 $ RaceHorse.IsHitA                 : num  0 0 0 0 0 0 1 0 0 0 ...
 $ RaceHorse.IsHitB                 : num  0 0 1 0 0 0 1 1 0 0 ...
 $ RaceHorse.IsHitC                 : num  0 0 1 0 0 0 1 1 0 0 ...
 $ Jockey.FinishTimeSdvByRaceAvg    : num  0.256 0.247 0.258 0.255 0.27 ...
 $ Jockey.FirstTimeSdvByRaceAvg     : num  0.0031 -0.03559 -0.17449 -0.00628 -0.15492 ...
 $ Jockey.LastTimeSdvByRaceAvg      : num  0.295 0.303 0.378 0.295 0.38 ...
 $ Jockey.FinishTimeSdvAvg          : num  0.981 0.967 0.739 0.974 0.737 ...
 $ Jockey.FirstTimeSdvAvg           : num  0.583 0.55 0.276 0.582 0.272 ...
 $ Jockey.LastTimeSdvAvg            : num  0.816 0.825 0.752 0.808 0.751 ...
 $ Jockey.RealOddsLog1Avg           : num  2.63 2.67 2.9 2.63 2.86 ...
 $ Jockey.RunCount                  : num  100 108 114 103 118 122 120 111 119 123 ...
 $ Jockey.HitCount1                 : num  14 15 12 14 12 13 12 15 12 13 ...
 $ Jockey.HitCount2                 : num  8 8 8 8 10 11 10 8 10 11 ...
 $ Jockey.HitCount3                 : num  8 9 7 9 8 8 8 10 8 8 ...
 $ Jockey.HitCount4                 : num  13 13 12 13 12 13 13 13 13 13 ...
 $ Jockey.HitCount5                 : num  4 4 10 4 10 10 10 5 10 10 ...
 $ Jockey.HitRate1                  : num  0.14 0.139 0.105 0.136 0.102 ...
 $ Jockey.HitRate2                  : num  0.08 0.0741 0.0702 0.0777 0.0847 ...
 $ Jockey.HitRate3                  : num  0.08 0.0833 0.0614 0.0874 0.0678 ...
 $ Jockey.HitRate4                  : num  0.13 0.12 0.105 0.126 0.102 ...
 $ Jockey.HitRate5                  : num  0.04 0.037 0.0877 0.0388 0.0847 ...
 $ EOF                              : int  1 1 1 1 1 1 1 1 1 1 ...
[1] "2022-03-08 19:14:45 --- RxSqlServerData Finish ---"
[1] "2022-03-08 19:14:45 --- subset Start ---"
[1] "--------------------------------------------------------------------------------"
[1] "nrow(data) subset before=14987"
[1] "nrow(data) subset after =14987"
[1] "nrow(data) subset diff =0"
[1] "--------------------------------------------------------------------------------"
[1] "2022-03-08 19:14:46 --- subset Finish---"
[1] "2022-03-08 19:14:46 --- transform Start ---"
[1] "--------------------------------------------------------------------------------"
[1] "nrow(data) transform before=14987"
[1] "nrow(data) transform after=14987"
[1] "nrow(data) transform diff=0"
[1] "--------------------------------------------------------------------------------"
[1] "str(data)="
'data.frame':	14987 obs. of  47 variables:
 $ Race.RaceId                      : Factor w/ 1011 levels "20190623-05-03-08-09",..: 11 12 13 14 15 16 17 18 19 20 ...
 $ Race.IsAnalyzeNormalPastAndFuture: logi  TRUE TRUE TRUE TRUE TRUE TRUE ...
 $ Race.IsAnalyzeNormalPast         : logi  TRUE TRUE TRUE TRUE TRUE TRUE ...
 $ Race.IsAnalyzeNormalFuture       : logi  FALSE FALSE FALSE FALSE FALSE FALSE ...
 $ Race.IsAnalyzeFullPastAndFuture  : logi  TRUE TRUE TRUE TRUE TRUE TRUE ...
 $ Race.IsAnalyzeFullPast           : logi  TRUE TRUE TRUE TRUE TRUE TRUE ...
 $ Race.IsAnalyzeFullFuture         : logi  FALSE FALSE FALSE FALSE FALSE FALSE ...
 $ Race.JyokenCd                    : Factor w/ 1 level "3": 1 1 1 1 1 1 1 1 1 1 ...
 $ Race.JyoType1Cd                  : Factor w/ 105 levels "23-05-1400-3",..: 9 10 10 11 12 13 14 10 15 16 ...
 $ Race.RaceType1Cd                 : Factor w/ 2 levels "2-3-13","2-3-14": 1 1 2 1 2 2 2 1 2 2 ...
 $ RaceHorse.RaceId                 : Factor w/ 1011 levels "20190623-05-03-08-09",..: 11 12 13 14 15 16 17 18 19 20 ...
 $ RaceHorse.KettoNum               : Factor w/ 3179 levels "2013105547","2016105531",..: 11 12 12 11 13 14 15 15 16 17 ...
 $ RaceHorse.IsHit1                 : num  0 0 0 0 0 0 1 0 0 0 ...
 $ RaceHorse.IsHit2                 : num  0 0 1 0 0 0 0 1 0 0 ...
 $ RaceHorse.IsHit3                 : num  0 0 0 0 0 0 0 0 0 0 ...
 $ RaceHorse.IsHit4                 : num  0 0 0 0 1 0 0 0 0 0 ...
 $ RaceHorse.IsHit5                 : num  0 1 0 0 0 0 0 0 0 0 ...
 $ RaceHorse.IsHit6                 : num  1 0 0 1 0 1 0 0 1 1 ...
 $ RaceHorse.IsValidRaceHorse       : logi  TRUE TRUE TRUE TRUE TRUE TRUE ...
 $ RaceHorse.FinishTimeSdvByRace    : num  -0.26802 0.6742 0.94795 -0.00683 0.74104 ...
 $ RaceHorse.FirstTimeSdvByRace     : num  -0.2557 0.0349 0.1094 -1.3036 -0.9331 ...
 $ RaceHorse.LastTimeSdvByRace      : num  -0.149 0.628 0.683 0.609 1.084 ...
 $ RaceHorse.FinishTimeSdv          : num  0.615 1.316 1.211 0.416 1.036 ...
 $ RaceHorse.FirstTimeSdv           : num  1.282 0.566 0.951 -1.268 0.293 ...
 $ RaceHorse.LastTimeSdv            : num  -0.079 1.257 0.865 1.417 1.233 ...
 $ RaceHorse.IsHitA                 : num  0 0 0 0 0 0 1 0 0 0 ...
 $ RaceHorse.IsHitB                 : num  0 0 1 0 0 0 1 1 0 0 ...
 $ RaceHorse.IsHitC                 : num  0 0 1 0 0 0 1 1 0 0 ...
 $ Jockey.FinishTimeSdvByRaceAvg    : num  0.256 0.247 0.258 0.255 0.27 ...
 $ Jockey.FirstTimeSdvByRaceAvg     : num  0.0031 -0.03559 -0.17449 -0.00628 -0.15492 ...
 $ Jockey.LastTimeSdvByRaceAvg      : num  0.295 0.303 0.378 0.295 0.38 ...
 $ Jockey.FinishTimeSdvAvg          : num  0.981 0.967 0.739 0.974 0.737 ...
 $ Jockey.FirstTimeSdvAvg           : num  0.583 0.55 0.276 0.582 0.272 ...
 $ Jockey.LastTimeSdvAvg            : num  0.816 0.825 0.752 0.808 0.751 ...
 $ Jockey.RealOddsLog1Avg           : num  2.63 2.67 2.9 2.63 2.86 ...
 $ Jockey.RunCount                  : num  100 108 114 103 118 122 120 111 119 123 ...
 $ Jockey.HitCount1                 : num  14 15 12 14 12 13 12 15 12 13 ...
 $ Jockey.HitCount2                 : num  8 8 8 8 10 11 10 8 10 11 ...
 $ Jockey.HitCount3                 : num  8 9 7 9 8 8 8 10 8 8 ...
 $ Jockey.HitCount4                 : num  13 13 12 13 12 13 13 13 13 13 ...
 $ Jockey.HitCount5                 : num  4 4 10 4 10 10 10 5 10 10 ...
 $ Jockey.HitRate1                  : num  0.14 0.139 0.105 0.136 0.102 ...
 $ Jockey.HitRate2                  : num  0.08 0.0741 0.0702 0.0777 0.0847 ...
 $ Jockey.HitRate3                  : num  0.08 0.0833 0.0614 0.0874 0.0678 ...
 $ Jockey.HitRate4                  : num  0.13 0.12 0.105 0.126 0.102 ...
 $ Jockey.HitRate5                  : num  0.04 0.037 0.0877 0.0388 0.0847 ...
 $ EOF                              : int  1 1 1 1 1 1 1 1 1 1 ...
NULL
[1] "2022-03-08 19:14:46 --- transform Finish ---"
[1] "2022-03-08 19:14:46 --- na.omit Start ---"
[1] "--------------------------------------------------------------------------------"
[1] "nrow(data) na.omit before=14987"
[1] "nrow(data) na.omit after =14878"
[1] "nrow(data) na.omit diff =109"
[1] "--------------------------------------------------------------------------------"
'data.frame':	14878 obs. of  47 variables:
 $ Race.RaceId                      : Factor w/ 1011 levels "20190623-05-03-08-09",..: 11 12 13 14 15 16 17 18 19 20 ...
 $ Race.IsAnalyzeNormalPastAndFuture: logi  TRUE TRUE TRUE TRUE TRUE TRUE ...
 $ Race.IsAnalyzeNormalPast         : logi  TRUE TRUE TRUE TRUE TRUE TRUE ...
 $ Race.IsAnalyzeNormalFuture       : logi  FALSE FALSE FALSE FALSE FALSE FALSE ...
 $ Race.IsAnalyzeFullPastAndFuture  : logi  TRUE TRUE TRUE TRUE TRUE TRUE ...
 $ Race.IsAnalyzeFullPast           : logi  TRUE TRUE TRUE TRUE TRUE TRUE ...
 $ Race.IsAnalyzeFullFuture         : logi  FALSE FALSE FALSE FALSE FALSE FALSE ...
 $ Race.JyokenCd                    : Factor w/ 1 level "3": 1 1 1 1 1 1 1 1 1 1 ...
 $ Race.JyoType1Cd                  : Factor w/ 105 levels "23-05-1400-3",..: 9 10 10 11 12 13 14 10 15 16 ...
 $ Race.RaceType1Cd                 : Factor w/ 2 levels "2-3-13","2-3-14": 1 1 2 1 2 2 2 1 2 2 ...
 $ RaceHorse.RaceId                 : Factor w/ 1011 levels "20190623-05-03-08-09",..: 11 12 13 14 15 16 17 18 19 20 ...
 $ RaceHorse.KettoNum               : Factor w/ 3179 levels "2013105547","2016105531",..: 11 12 12 11 13 14 15 15 16 17 ...
 $ RaceHorse.IsHit1                 : num  0 0 0 0 0 0 1 0 0 0 ...
 $ RaceHorse.IsHit2                 : num  0 0 1 0 0 0 0 1 0 0 ...
 $ RaceHorse.IsHit3                 : num  0 0 0 0 0 0 0 0 0 0 ...
 $ RaceHorse.IsHit4                 : num  0 0 0 0 1 0 0 0 0 0 ...
 $ RaceHorse.IsHit5                 : num  0 1 0 0 0 0 0 0 0 0 ...
 $ RaceHorse.IsHit6                 : num  1 0 0 1 0 1 0 0 1 1 ...
 $ RaceHorse.IsValidRaceHorse       : logi  TRUE TRUE TRUE TRUE TRUE TRUE ...
 $ RaceHorse.FinishTimeSdvByRace    : num  -0.26802 0.6742 0.94795 -0.00683 0.74104 ...
 $ RaceHorse.FirstTimeSdvByRace     : num  -0.2557 0.0349 0.1094 -1.3036 -0.9331 ...
 $ RaceHorse.LastTimeSdvByRace      : num  -0.149 0.628 0.683 0.609 1.084 ...
 $ RaceHorse.FinishTimeSdv          : num  0.615 1.316 1.211 0.416 1.036 ...
 $ RaceHorse.FirstTimeSdv           : num  1.282 0.566 0.951 -1.268 0.293 ...
 $ RaceHorse.LastTimeSdv            : num  -0.079 1.257 0.865 1.417 1.233 ...
 $ RaceHorse.IsHitA                 : num  0 0 0 0 0 0 1 0 0 0 ...
 $ RaceHorse.IsHitB                 : num  0 0 1 0 0 0 1 1 0 0 ...
 $ RaceHorse.IsHitC                 : num  0 0 1 0 0 0 1 1 0 0 ...
 $ Jockey.FinishTimeSdvByRaceAvg    : num  0.256 0.247 0.258 0.255 0.27 ...
 $ Jockey.FirstTimeSdvByRaceAvg     : num  0.0031 -0.03559 -0.17449 -0.00628 -0.15492 ...
 $ Jockey.LastTimeSdvByRaceAvg      : num  0.295 0.303 0.378 0.295 0.38 ...
 $ Jockey.FinishTimeSdvAvg          : num  0.981 0.967 0.739 0.974 0.737 ...
 $ Jockey.FirstTimeSdvAvg           : num  0.583 0.55 0.276 0.582 0.272 ...
 $ Jockey.LastTimeSdvAvg            : num  0.816 0.825 0.752 0.808 0.751 ...
 $ Jockey.RealOddsLog1Avg           : num  2.63 2.67 2.9 2.63 2.86 ...
 $ Jockey.RunCount                  : num  100 108 114 103 118 122 120 111 119 123 ...
 $ Jockey.HitCount1                 : num  14 15 12 14 12 13 12 15 12 13 ...
 $ Jockey.HitCount2                 : num  8 8 8 8 10 11 10 8 10 11 ...
 $ Jockey.HitCount3                 : num  8 9 7 9 8 8 8 10 8 8 ...
 $ Jockey.HitCount4                 : num  13 13 12 13 12 13 13 13 13 13 ...
 $ Jockey.HitCount5                 : num  4 4 10 4 10 10 10 5 10 10 ...
 $ Jockey.HitRate1                  : num  0.14 0.139 0.105 0.136 0.102 ...
 $ Jockey.HitRate2                  : num  0.08 0.0741 0.0702 0.0777 0.0847 ...
 $ Jockey.HitRate3                  : num  0.08 0.0833 0.0614 0.0874 0.0678 ...
 $ Jockey.HitRate4                  : num  0.13 0.12 0.105 0.126 0.102 ...
 $ Jockey.HitRate5                  : num  0.04 0.037 0.0877 0.0388 0.0847 ...
 $ EOF                              : int  1 1 1 1 1 1 1 1 1 1 ...
 - attr(*, "na.action")= 'omit' Named int  391 436 472 680 850 861 1011 1032 1097 1212 ...
  ..- attr(*, "names")= chr  "391" "436" "472" "680" ...
[1] "2022-03-08 19:14:46 --- na.omit Finish ---"
[1] "2022-03-08 19:14:46 --- rxLogit with rxStepControl Start ---"

> print(paste0(Sys.time(), " --- source_logic_glm.R Start ---"))
[1] "2022-03-08 19:14:46 --- source_logic_glm.R Start ---"

> formula <- formula(RaceHorse.IsHitA ~ +1 + Jockey.FinishTimeSdvByRaceAvg)

> print(paste0(Sys.time(), " --- source_logic_glm.R Finished ---"))
[1] "2022-03-08 19:14:46 --- source_logic_glm.R Finished ---"
Rows Read: 14878, Total Rows Processed: 14878, Total Chunk Time: Less than .001 seconds 

Starting values (iteration 1) time: 0.016 secs.
Rows Read: 14878, Total Rows Processed: 14878, Total Chunk Time: Less than .001 seconds 

Iteration 2 time: 0.005 secs.
Rows Read: 14878, Total Rows Processed: 14878, Total Chunk Time: Less than .001 seconds 

Iteration 3 time: 0.004 secs.
Rows Read: 14878, Total Rows Processed: 14878, Total Chunk Time: Less than .001 seconds 

Iteration 4 time: 0.004 secs.
Rows Read: 14878, Total Rows Processed: 14878, Total Chunk Time: Less than .001 seconds 

Iteration 5 time: 0.004 secs.

Elapsed computation time: 0.051 secs.
Rows Read: 14878, Total Rows Processed: 14878, Total Chunk Time: 0.001 seconds 

Starting values (iteration 1) time: 0.007 secs.
Rows Read: 14878, Total Rows Processed: 14878, Total Chunk Time: Less than .001 seconds 

Iteration 2 time: 0.005 secs.

Elapsed computation time: 0.019 secs.
Rows Read: 14878, Total Rows Processed: 14878, Total Chunk Time: Less than .001 seconds 

Starting values (iteration 1) time: 0.005 secs.
Rows Read: 14878, Total Rows Processed: 14878, Total Chunk Time: Less than .001 seconds 

Iteration 2 time: 0.004 secs.
Rows Read: 14878, Total Rows Processed: 14878, Total Chunk Time: Less than .001 seconds 

Iteration 3 time: 0.004 secs.
Rows Read: 14878, Total Rows Processed: 14878, Total Chunk Time: 0.002 seconds 

Iteration 4 time: 0.005 secs.
Rows Read: 14878, Total Rows Processed: 14878, Total Chunk Time: 0.002 seconds 

Iteration 5 time: 0.005 secs.

Elapsed computation time: 0.041 secs.

Elapsed computation time: 0.126 secs.
[1] "--------------------------------------------------------------------------------"
[1] "analyze.results.glm.step="
Logistic Regression Results for: RaceHorse.IsHitA ~
    Jockey.FinishTimeSdvByRaceAvg
Data: data
Dependent variable(s): RaceHorse.IsHitA
Total independent variables: 2 
Number of valid observations: 14878
Number of missing observations: 0 
 
Coefficients:
                              RaceHorse.IsHitA
(Intercept)                                 -3
Jockey.FinishTimeSdvByRaceAvg                2
[1] "analyze.results.glm.step.summary"
Call:
rxLogit(formula = formula, data = data, variableSelection = analyze.results.glm.step.varsel)

Logistic Regression Results for: RaceHorse.IsHitA ~
    Jockey.FinishTimeSdvByRaceAvg
Data: data
Dependent variable(s): RaceHorse.IsHitA
Total independent variables: 2 
Number of valid observations: 14878
Number of missing observations: 0 
-2*LogLikelihood: 7180.85 (Residual deviance on 14876 degrees of freedom)
 
Coefficients:
                              Estimate Std. Error z value Pr(>|z|)    
(Intercept)                    -2.9069     0.0427   -68.0  2.2e-16 ***
Jockey.FinishTimeSdvByRaceAvg   1.8650     0.1375    13.6  2.2e-16 ***
---
Signif. codes:  0 '***' 0.001 '**' 0.01 '*' 0.05 '.' 0.1 ' ' 1

Condition number of final variance-covariance matrix: 1 
Number of iterations: 5
[1] "--------------------------------------------------------------------------------"
[1] "2022-03-08 19:14:46 --- rxLogit with rxStepControl Finish ---"
[1] "2022-03-08 19:14:46 --- rxStepPlot Start ---"
[1] "pdfFilename=pdf_analyze_glm_Jockey_Type23_rxStepPlot.pdf"
[1] "rxStepPlot="
[1] "2022-03-08 19:14:46 --- rxStepPlot Finish ---"
[1] "2022-03-08 19:14:46 --- save.image Start ---"
[1] "save.image"
[1] "rdataFilename=RData_analyze_glm_Jockey_Type23.RData"
[1] "2022-03-08 19:14:47 --- save.image Finish ---"
[1] "2022-03-08 19:14:47 --- final Start ---"
[1] "--------------------------------------------------------------------------------"
[1] "nrow(data) final=14878"
[1] "--------------------------------------------------------------------------------"
[1] "2022-03-08 19:14:47 --- final Finish ---"
[1] "2022-03-08 19:14:47 --- analyze_glm.R Finished ---"
[1] "2022-03-08 19:14:47 --- log Finish ---"
