[1] "2022-02-26 17:57:28 --- D1115_analyze_glm_Horse_IsHitA_Type13 Start ---"
[1] "2022-02-26 17:57:28 --- Log Start ---"
[1] "2022-02-26 17:57:28 --- analyze_glm.R Start ---"
[1] "analyzeVersion=D1115"
[1] "analyzeCategory=analyze"
[1] "analyzeType=Horse"
[1] "analyzeFamily=IsHitA"
[1] "analyzeFunc=glm"
[1] "analyzeTrackTypeCd=1"
[1] "analyzeJyokenCd=3"
[1] "2022-02-26 17:57:28 --- source_function.R Start ---"
[1] "2022-02-26 17:57:28 --- source_function.R Finished ---"

> print(paste0(Sys.time(), " --- source_library.R Start ---"))
[1] "2022-02-26 17:57:28 --- source_library.R Start ---"

> require("RevoScaleR")

> print(paste0(Sys.time(), " --- source_library.R Finished ---"))
[1] "2022-02-26 17:57:29 --- source_library.R Finished ---"
[1] "2022-02-26 17:57:29 --- RxSqlServerData Start ---"
[1] "2022-02-26 17:57:29 --- RxInSqlServer Start ---"
[1] "2022-02-26 17:57:29 --- RxInSqlServer Finish ---"
[1] "2022-02-26 17:57:29 --- rxSetComputeContext Start ---"
[1] "2022-02-26 17:57:29 --- rxSetComputeContext Finish ---"
[1] "2022-02-26 17:57:29 --- RxSqlServerData Start ---"
[1] "sqlQuery=SELECT * FROM ViewAnalyzeD1115analyze01HorseType13"
[1] "2022-02-26 17:57:29 --- RxSqlServerData Finish ---"
[1] "2022-02-26 17:57:30 --- rxGetVarInfo Start ---"
[1] "2022-02-26 17:57:33 --- rxGetVarInfo Finish---"
[1] "2022-02-26 17:57:35 --- rxImport Start ---"
Rows Read: 14902, Total Rows Processed: 14902, Total Chunk Time: 7.766 seconds 
[1] "2022-02-26 17:57:53 --- rxImport Finish ---"
[1] "object.size(data) auto=4.8 Mb"
[1] "--------------------------------------------------------------------------------"
[1] "nrow(data) RxSqlServerData=14902"
[1] "--------------------------------------------------------------------------------"
[1] "str(data)="
'data.frame':	14902 obs. of  44 variables:
 $ Race.RaceId                      : Factor w/ 1192 levels "20200823-01-02-04-12",..: 11 12 13 14 15 16 17 18 19 20 ...
 $ Race.IsAnalyzeNormalPastAndFuture: logi  TRUE TRUE TRUE TRUE TRUE TRUE ...
 $ Race.IsAnalyzeNormalPast         : logi  TRUE TRUE TRUE TRUE TRUE TRUE ...
 $ Race.IsAnalyzeNormalFuture       : logi  FALSE FALSE FALSE FALSE FALSE FALSE ...
 $ Race.IsAnalyzeFullPastAndFuture  : logi  TRUE TRUE TRUE TRUE TRUE TRUE ...
 $ Race.IsAnalyzeFullPast           : logi  TRUE TRUE TRUE TRUE TRUE TRUE ...
 $ Race.IsAnalyzeFullFuture         : logi  FALSE FALSE FALSE FALSE FALSE FALSE ...
 $ Race.JyokenCd                    : Factor w/ 1 level "3": 1 1 1 1 1 1 1 1 1 1 ...
 $ Race.JyoType1Cd                  : Factor w/ 154 levels "1-01-1200-3-1",..: 7 7 9 10 10 11 11 11 12 13 ...
 $ Race.RaceType1Cd                 : Factor w/ 6 levels "1-3-E-1","1-3-X-1",..: 2 1 3 2 2 2 1 1 4 2 ...
 $ RaceHorse.RaceId                 : Factor w/ 1192 levels "20200823-01-02-04-12",..: 11 12 13 14 15 16 17 18 19 20 ...
 $ RaceHorse.KettoNum               : Factor w/ 3006 levels "2015102745","2016106452",..: 5 6 5 5 5 5 5 5 7 8 ...
 $ RaceHorse.IsHit1                 : num  0 0 0 0 0 0 0 0 0 0 ...
 $ RaceHorse.IsHit2                 : num  0 0 0 0 0 0 0 0 0 0 ...
 $ RaceHorse.IsHit3                 : num  0 0 0 0 0 1 0 0 0 0 ...
 $ RaceHorse.IsHit4                 : num  0 0 0 0 0 0 0 0 0 0 ...
 $ RaceHorse.IsHit5                 : num  0 0 0 0 0 0 0 0 0 0 ...
 $ RaceHorse.IsHit6                 : num  1 1 1 1 1 0 1 1 1 1 ...
 $ RaceHorse.IsValidRaceHorse       : logi  TRUE TRUE TRUE TRUE TRUE TRUE ...
 $ RaceHorse.TimeSdvByRace          : num  -0.571 -1.717 -2.368 -0.135 -0.873 ...
 $ RaceHorse.TimeSdv                : num  -0.566 -1.649 -1.337 0.258 -0.785 ...
 $ RaceHorse.IsHitA                 : num  0 0 0 0 0 0 0 0 0 0 ...
 $ RaceHorse.IsHitB                 : num  0 0 0 0 0 0 0 0 0 0 ...
 $ RaceHorse.IsHitC                 : num  0 0 0 0 0 1 0 0 0 0 ...
 $ Horse.KettoNum                   : Factor w/ 3006 levels "2015102745","2016106452",..: 5 6 5 5 5 5 5 5 7 8 ...
 $ Horse.TimeSdvByRaceAvg           : num  0.387 0.375 0.56 0.403 0.463 ...
 $ Horse.TimeSdvByRaceMin           : num  -2.368 -1.491 -0.628 -2.368 -2.368 ...
 $ Horse.TimeSdvByRaceMax           : num  1.82 1.51 1.82 1.82 1.82 ...
 $ Horse.TimeSdvAvg                 : num  0.218 0.396 0.326 0.216 0.271 ...
 $ Horse.TimeSdvMin                 : num  -2.13 -1.81 -2.13 -2.13 -2.13 ...
 $ Horse.TimeSdvMax                 : num  1.44 2.32 1.44 1.44 1.44 ...
 $ Horse.OrderOfFinishSdvAvg        : num  0.408 0.419 0.523 0.423 0.449 ...
 $ Horse.RunCount                   : num  34 29 29 33 30 31 32 35 8 7 ...
 $ Horse.HitCount1                  : num  2 1 2 2 2 2 2 2 2 2 ...
 $ Horse.HitCount2                  : num  3 6 3 3 3 3 3 3 0 0 ...
 $ Horse.HitCount3                  : num  5 4 4 5 4 4 5 5 3 0 ...
 $ Horse.HitCount4                  : num  5 2 5 5 5 5 5 5 1 1 ...
 $ Horse.HitCount5                  : num  3 1 3 3 3 3 3 3 1 0 ...
 $ Horse.HitRate1                   : num  0.0588 0.0345 0.069 0.0606 0.0667 ...
 $ Horse.HitRate2                   : num  0.0882 0.2069 0.1034 0.0909 0.1 ...
 $ Horse.HitRate3                   : num  0.147 0.138 0.138 0.152 0.133 ...
 $ Horse.HitRate4                   : num  0.147 0.069 0.172 0.152 0.167 ...
 $ Horse.HitRate5                   : num  0.0882 0.0345 0.1034 0.0909 0.1 ...
 $ EOF                              : int  1 1 1 1 1 1 1 1 1 1 ...
[1] "2022-02-26 17:58:00 --- RxSqlServerData Finish ---"
[1] "2022-02-26 17:58:00 --- subset Start ---"
[1] "--------------------------------------------------------------------------------"
[1] "nrow(data) subset before=14902"
[1] "nrow(data) subset after =14902"
[1] "nrow(data) subset diff =0"
[1] "--------------------------------------------------------------------------------"
[1] "2022-02-26 17:58:01 --- subset Finish---"
[1] "2022-02-26 17:58:01 --- transform Start ---"
[1] "--------------------------------------------------------------------------------"
[1] "nrow(data) transform before=14902"
[1] "nrow(data) transform after=14902"
[1] "nrow(data) transform diff=0"
[1] "--------------------------------------------------------------------------------"
[1] "str(data)="
'data.frame':	14902 obs. of  44 variables:
 $ Race.RaceId                      : Factor w/ 1192 levels "20200823-01-02-04-12",..: 11 12 13 14 15 16 17 18 19 20 ...
 $ Race.IsAnalyzeNormalPastAndFuture: logi  TRUE TRUE TRUE TRUE TRUE TRUE ...
 $ Race.IsAnalyzeNormalPast         : logi  TRUE TRUE TRUE TRUE TRUE TRUE ...
 $ Race.IsAnalyzeNormalFuture       : logi  FALSE FALSE FALSE FALSE FALSE FALSE ...
 $ Race.IsAnalyzeFullPastAndFuture  : logi  TRUE TRUE TRUE TRUE TRUE TRUE ...
 $ Race.IsAnalyzeFullPast           : logi  TRUE TRUE TRUE TRUE TRUE TRUE ...
 $ Race.IsAnalyzeFullFuture         : logi  FALSE FALSE FALSE FALSE FALSE FALSE ...
 $ Race.JyokenCd                    : Factor w/ 1 level "3": 1 1 1 1 1 1 1 1 1 1 ...
 $ Race.JyoType1Cd                  : Factor w/ 154 levels "1-01-1200-3-1",..: 7 7 9 10 10 11 11 11 12 13 ...
 $ Race.RaceType1Cd                 : Factor w/ 6 levels "1-3-E-1","1-3-X-1",..: 2 1 3 2 2 2 1 1 4 2 ...
 $ RaceHorse.RaceId                 : Factor w/ 1192 levels "20200823-01-02-04-12",..: 11 12 13 14 15 16 17 18 19 20 ...
 $ RaceHorse.KettoNum               : Factor w/ 3006 levels "2015102745","2016106452",..: 5 6 5 5 5 5 5 5 7 8 ...
 $ RaceHorse.IsHit1                 : num  0 0 0 0 0 0 0 0 0 0 ...
 $ RaceHorse.IsHit2                 : num  0 0 0 0 0 0 0 0 0 0 ...
 $ RaceHorse.IsHit3                 : num  0 0 0 0 0 1 0 0 0 0 ...
 $ RaceHorse.IsHit4                 : num  0 0 0 0 0 0 0 0 0 0 ...
 $ RaceHorse.IsHit5                 : num  0 0 0 0 0 0 0 0 0 0 ...
 $ RaceHorse.IsHit6                 : num  1 1 1 1 1 0 1 1 1 1 ...
 $ RaceHorse.IsValidRaceHorse       : logi  TRUE TRUE TRUE TRUE TRUE TRUE ...
 $ RaceHorse.TimeSdvByRace          : num  -0.571 -1.717 -2.368 -0.135 -0.873 ...
 $ RaceHorse.TimeSdv                : num  -0.566 -1.649 -1.337 0.258 -0.785 ...
 $ RaceHorse.IsHitA                 : num  0 0 0 0 0 0 0 0 0 0 ...
 $ RaceHorse.IsHitB                 : num  0 0 0 0 0 0 0 0 0 0 ...
 $ RaceHorse.IsHitC                 : num  0 0 0 0 0 1 0 0 0 0 ...
 $ Horse.KettoNum                   : Factor w/ 3006 levels "2015102745","2016106452",..: 5 6 5 5 5 5 5 5 7 8 ...
 $ Horse.TimeSdvByRaceAvg           : num  0.387 0.375 0.56 0.403 0.463 ...
 $ Horse.TimeSdvByRaceMin           : num  -2.368 -1.491 -0.628 -2.368 -2.368 ...
 $ Horse.TimeSdvByRaceMax           : num  1.82 1.51 1.82 1.82 1.82 ...
 $ Horse.TimeSdvAvg                 : num  0.218 0.396 0.326 0.216 0.271 ...
 $ Horse.TimeSdvMin                 : num  -2.13 -1.81 -2.13 -2.13 -2.13 ...
 $ Horse.TimeSdvMax                 : num  1.44 2.32 1.44 1.44 1.44 ...
 $ Horse.OrderOfFinishSdvAvg        : num  0.408 0.419 0.523 0.423 0.449 ...
 $ Horse.RunCount                   : num  34 29 29 33 30 31 32 35 8 7 ...
 $ Horse.HitCount1                  : num  2 1 2 2 2 2 2 2 2 2 ...
 $ Horse.HitCount2                  : num  3 6 3 3 3 3 3 3 0 0 ...
 $ Horse.HitCount3                  : num  5 4 4 5 4 4 5 5 3 0 ...
 $ Horse.HitCount4                  : num  5 2 5 5 5 5 5 5 1 1 ...
 $ Horse.HitCount5                  : num  3 1 3 3 3 3 3 3 1 0 ...
 $ Horse.HitRate1                   : num  0.0588 0.0345 0.069 0.0606 0.0667 ...
 $ Horse.HitRate2                   : num  0.0882 0.2069 0.1034 0.0909 0.1 ...
 $ Horse.HitRate3                   : num  0.147 0.138 0.138 0.152 0.133 ...
 $ Horse.HitRate4                   : num  0.147 0.069 0.172 0.152 0.167 ...
 $ Horse.HitRate5                   : num  0.0882 0.0345 0.1034 0.0909 0.1 ...
 $ EOF                              : int  1 1 1 1 1 1 1 1 1 1 ...
NULL
[1] "2022-02-26 17:58:05 --- transform Finish ---"
[1] "2022-02-26 17:58:05 --- na.omit Start ---"
[1] "--------------------------------------------------------------------------------"
[1] "nrow(data) na.omit before=14902"
[1] "nrow(data) na.omit after =14830"
[1] "nrow(data) na.omit diff =72"
[1] "--------------------------------------------------------------------------------"
'data.frame':	14830 obs. of  44 variables:
 $ Race.RaceId                      : Factor w/ 1192 levels "20200823-01-02-04-12",..: 11 12 13 14 15 16 17 18 19 20 ...
 $ Race.IsAnalyzeNormalPastAndFuture: logi  TRUE TRUE TRUE TRUE TRUE TRUE ...
 $ Race.IsAnalyzeNormalPast         : logi  TRUE TRUE TRUE TRUE TRUE TRUE ...
 $ Race.IsAnalyzeNormalFuture       : logi  FALSE FALSE FALSE FALSE FALSE FALSE ...
 $ Race.IsAnalyzeFullPastAndFuture  : logi  TRUE TRUE TRUE TRUE TRUE TRUE ...
 $ Race.IsAnalyzeFullPast           : logi  TRUE TRUE TRUE TRUE TRUE TRUE ...
 $ Race.IsAnalyzeFullFuture         : logi  FALSE FALSE FALSE FALSE FALSE FALSE ...
 $ Race.JyokenCd                    : Factor w/ 1 level "3": 1 1 1 1 1 1 1 1 1 1 ...
 $ Race.JyoType1Cd                  : Factor w/ 154 levels "1-01-1200-3-1",..: 7 7 9 10 10 11 11 11 12 13 ...
 $ Race.RaceType1Cd                 : Factor w/ 6 levels "1-3-E-1","1-3-X-1",..: 2 1 3 2 2 2 1 1 4 2 ...
 $ RaceHorse.RaceId                 : Factor w/ 1192 levels "20200823-01-02-04-12",..: 11 12 13 14 15 16 17 18 19 20 ...
 $ RaceHorse.KettoNum               : Factor w/ 3006 levels "2015102745","2016106452",..: 5 6 5 5 5 5 5 5 7 8 ...
 $ RaceHorse.IsHit1                 : num  0 0 0 0 0 0 0 0 0 0 ...
 $ RaceHorse.IsHit2                 : num  0 0 0 0 0 0 0 0 0 0 ...
 $ RaceHorse.IsHit3                 : num  0 0 0 0 0 1 0 0 0 0 ...
 $ RaceHorse.IsHit4                 : num  0 0 0 0 0 0 0 0 0 0 ...
 $ RaceHorse.IsHit5                 : num  0 0 0 0 0 0 0 0 0 0 ...
 $ RaceHorse.IsHit6                 : num  1 1 1 1 1 0 1 1 1 1 ...
 $ RaceHorse.IsValidRaceHorse       : logi  TRUE TRUE TRUE TRUE TRUE TRUE ...
 $ RaceHorse.TimeSdvByRace          : num  -0.571 -1.717 -2.368 -0.135 -0.873 ...
 $ RaceHorse.TimeSdv                : num  -0.566 -1.649 -1.337 0.258 -0.785 ...
 $ RaceHorse.IsHitA                 : num  0 0 0 0 0 0 0 0 0 0 ...
 $ RaceHorse.IsHitB                 : num  0 0 0 0 0 0 0 0 0 0 ...
 $ RaceHorse.IsHitC                 : num  0 0 0 0 0 1 0 0 0 0 ...
 $ Horse.KettoNum                   : Factor w/ 3006 levels "2015102745","2016106452",..: 5 6 5 5 5 5 5 5 7 8 ...
 $ Horse.TimeSdvByRaceAvg           : num  0.387 0.375 0.56 0.403 0.463 ...
 $ Horse.TimeSdvByRaceMin           : num  -2.368 -1.491 -0.628 -2.368 -2.368 ...
 $ Horse.TimeSdvByRaceMax           : num  1.82 1.51 1.82 1.82 1.82 ...
 $ Horse.TimeSdvAvg                 : num  0.218 0.396 0.326 0.216 0.271 ...
 $ Horse.TimeSdvMin                 : num  -2.13 -1.81 -2.13 -2.13 -2.13 ...
 $ Horse.TimeSdvMax                 : num  1.44 2.32 1.44 1.44 1.44 ...
 $ Horse.OrderOfFinishSdvAvg        : num  0.408 0.419 0.523 0.423 0.449 ...
 $ Horse.RunCount                   : num  34 29 29 33 30 31 32 35 8 7 ...
 $ Horse.HitCount1                  : num  2 1 2 2 2 2 2 2 2 2 ...
 $ Horse.HitCount2                  : num  3 6 3 3 3 3 3 3 0 0 ...
 $ Horse.HitCount3                  : num  5 4 4 5 4 4 5 5 3 0 ...
 $ Horse.HitCount4                  : num  5 2 5 5 5 5 5 5 1 1 ...
 $ Horse.HitCount5                  : num  3 1 3 3 3 3 3 3 1 0 ...
 $ Horse.HitRate1                   : num  0.0588 0.0345 0.069 0.0606 0.0667 ...
 $ Horse.HitRate2                   : num  0.0882 0.2069 0.1034 0.0909 0.1 ...
 $ Horse.HitRate3                   : num  0.147 0.138 0.138 0.152 0.133 ...
 $ Horse.HitRate4                   : num  0.147 0.069 0.172 0.152 0.167 ...
 $ Horse.HitRate5                   : num  0.0882 0.0345 0.1034 0.0909 0.1 ...
 $ EOF                              : int  1 1 1 1 1 1 1 1 1 1 ...
 - attr(*, "na.action")= 'omit' Named int  117 633 721 730 866 870 954 1048 1181 1569 ...
  ..- attr(*, "names")= chr  "117" "633" "721" "730" ...
[1] "2022-02-26 17:58:12 --- na.omit Finish ---"
[1] "2022-02-26 17:58:12 --- rxGlm with rxStepControl Start ---"

> print(paste0(Sys.time(), " --- source_logic_glm.R Start ---"))
[1] "2022-02-26 17:58:12 --- source_logic_glm.R Start ---"

> formula <- formula(RaceHorse.IsHitA ~ +1 + Horse.TimeSdvByRaceAvg)

> print(paste0(Sys.time(), " --- source_logic_glm.R Finished ---"))
[1] "2022-02-26 17:58:12 --- source_logic_glm.R Finished ---"
Rows Read: 14830, Total Rows Processed: 14830, Total Chunk Time: 0.002 seconds 

Starting values (iteration 1) time: 0.028 secs.
Rows Read: 14830, Total Rows Processed: 14830, Total Chunk Time: 0.002 seconds 

Iteration 2 time: 0.164 secs.
Rows Read: 14830, Total Rows Processed: 14830, Total Chunk Time: 0.002 seconds 

Iteration 3 time: 0.006 secs.
Rows Read: 14830, Total Rows Processed: 14830, Total Chunk Time: 0.002 seconds 

Iteration 4 time: 0.007 secs.
Rows Read: 14830, Total Rows Processed: 14830, Total Chunk Time: 0.002 seconds 

Iteration 5 time: 0.005 secs.

Elapsed computation time: 3.515 secs.
Rows Read: 14830, Total Rows Processed: 14830, Total Chunk Time: Less than .001 seconds 

Starting values (iteration 1) time: 0.007 secs.
Rows Read: 14830, Total Rows Processed: 14830, Total Chunk Time: 0.002 seconds 

Iteration 2 time: 0.007 secs.

Elapsed computation time: 0.030 secs.
Rows Read: 14830, Total Rows Processed: 14830, Total Chunk Time: Less than .001 seconds 

Starting values (iteration 1) time: 0.008 secs.
Rows Read: 14830, Total Rows Processed: 14830, Total Chunk Time: 0.002 seconds 

Iteration 2 time: 0.007 secs.
Rows Read: 14830, Total Rows Processed: 14830, Total Chunk Time: 0.002 seconds 

Iteration 3 time: 0.005 secs.
Rows Read: 14830, Total Rows Processed: 14830, Total Chunk Time: 0.002 seconds 

Iteration 4 time: 0.005 secs.
Rows Read: 14830, Total Rows Processed: 14830, Total Chunk Time: 0.002 seconds 

Iteration 5 time: 0.005 secs.

Elapsed computation time: 0.067 secs.

Elapsed computation time: 3.633 secs.
[1] "--------------------------------------------------------------------------------"
[1] "analyze.results.glm.step="
Logistic Regression Results for: RaceHorse.IsHitA ~
    Horse.TimeSdvByRaceAvg
Data: data
Dependent variable(s): RaceHorse.IsHitA
Total independent variables: 2 
Number of valid observations: 14830
Number of missing observations: 0 
 
Coefficients:
                       RaceHorse.IsHitA
(Intercept)                          -4
Horse.TimeSdvByRaceAvg                2
[1] "analyze.results.glm.step.summary"
Call:
rxLogit(formula = formula, data = data, variableSelection = analyze.results.glm.step.varsel)

Logistic Regression Results for: RaceHorse.IsHitA ~
    Horse.TimeSdvByRaceAvg
Data: data
Dependent variable(s): RaceHorse.IsHitA
Total independent variables: 2 
Number of valid observations: 14830
Number of missing observations: 0 
-2*LogLikelihood: 7680.035 (Residual deviance on 14828 degrees of freedom)
 
Coefficients:
                       Estimate Std. Error z value Pr(>|z|)    
(Intercept)             -3.6649     0.0697   -52.6  2.2e-16 ***
Horse.TimeSdvByRaceAvg   2.3277     0.1000    23.3  2.2e-16 ***
---
Signif. codes:  0 '***' 0.001 '**' 0.01 '*' 0.05 '.' 0.1 ' ' 1

Condition number of final variance-covariance matrix: 1 
Number of iterations: 5
[1] "--------------------------------------------------------------------------------"
[1] "2022-02-26 17:58:16 --- rxGlm with rxStepControl Finish ---"
[1] "2022-02-26 17:58:16 --- rxStepPlot Start ---"
[1] "pdfFilename=pdf_analyze_glm_Horse_Type13_rxStepPlot.pdf"
[1] "rxStepPlot="
[1] "2022-02-26 17:58:17 --- rxStepPlot Finish ---"
[1] "2022-02-26 17:58:17 --- save.image Start ---"
[1] "save.image"
[1] "rdataFilename=RData_analyze_glm_Horse_Type13.RData"
[1] "2022-02-26 17:58:17 --- save.image Finish ---"
[1] "2022-02-26 17:58:18 --- final Start ---"
[1] "--------------------------------------------------------------------------------"
[1] "nrow(data) final=14830"
[1] "--------------------------------------------------------------------------------"
[1] "2022-02-26 17:58:19 --- final Finish ---"
[1] "2022-02-26 17:58:20 --- analyze_glm.R Finished ---"
[1] "2022-02-26 17:58:20 --- log Finish ---"
