[1] "2022-02-26 17:57:00 --- D1115_analyze_glm_Gen01_IsHitA_Type14 Start ---"
[1] "2022-02-26 17:57:00 --- Log Start ---"
[1] "2022-02-26 17:57:00 --- analyze_glm.R Start ---"
[1] "analyzeVersion=D1115"
[1] "analyzeCategory=analyze"
[1] "analyzeType=Gen01"
[1] "analyzeFamily=IsHitA"
[1] "analyzeFunc=glm"
[1] "analyzeTrackTypeCd=1"
[1] "analyzeJyokenCd=4"
[1] "2022-02-26 17:57:00 --- source_function.R Start ---"
[1] "2022-02-26 17:57:00 --- source_function.R Finished ---"

> print(paste0(Sys.time(), " --- source_library.R Start ---"))
[1] "2022-02-26 17:57:00 --- source_library.R Start ---"

> require("RevoScaleR")

> print(paste0(Sys.time(), " --- source_library.R Finished ---"))
[1] "2022-02-26 17:57:01 --- source_library.R Finished ---"
[1] "2022-02-26 17:57:01 --- RxSqlServerData Start ---"
[1] "2022-02-26 17:57:01 --- RxInSqlServer Start ---"
[1] "2022-02-26 17:57:01 --- RxInSqlServer Finish ---"
[1] "2022-02-26 17:57:01 --- rxSetComputeContext Start ---"
[1] "2022-02-26 17:57:01 --- rxSetComputeContext Finish ---"
[1] "2022-02-26 17:57:01 --- RxSqlServerData Start ---"
[1] "sqlQuery=SELECT * FROM ViewAnalyzeD1115analyze01Gen01Type14"
[1] "2022-02-26 17:57:02 --- RxSqlServerData Finish ---"
[1] "2022-02-26 17:57:02 --- rxGetVarInfo Start ---"
[1] "2022-02-26 17:57:03 --- rxGetVarInfo Finish---"
[1] "2022-02-26 17:57:03 --- rxImport Start ---"
Rows Read: 29735, Total Rows Processed: 29735, Total Chunk Time: 256.935 seconds 
[1] "2022-02-26 18:10:32 --- rxImport Finish ---"
[1] "object.size(data) auto=9.2 Mb"
[1] "--------------------------------------------------------------------------------"
[1] "nrow(data) RxSqlServerData=29735"
[1] "--------------------------------------------------------------------------------"
[1] "str(data)="
'data.frame':	29735 obs. of  44 variables:
 $ Race.RaceId                      : Factor w/ 2247 levels "20160110-08-01-03-08",..: 1 2 3 3 4 5 6 7 8 9 ...
 $ Race.IsAnalyzeNormalPastAndFuture: logi  TRUE TRUE TRUE TRUE TRUE TRUE ...
 $ Race.IsAnalyzeNormalPast         : logi  TRUE TRUE TRUE TRUE TRUE TRUE ...
 $ Race.IsAnalyzeNormalFuture       : logi  FALSE FALSE FALSE FALSE FALSE FALSE ...
 $ Race.IsAnalyzeFullPastAndFuture  : logi  TRUE TRUE TRUE TRUE TRUE TRUE ...
 $ Race.IsAnalyzeFullPast           : logi  TRUE TRUE TRUE TRUE TRUE TRUE ...
 $ Race.IsAnalyzeFullFuture         : logi  FALSE FALSE FALSE FALSE FALSE FALSE ...
 $ Race.JyokenCd                    : Factor w/ 1 level "4": 1 1 1 1 1 1 1 1 1 1 ...
 $ Race.JyoType1Cd                  : Factor w/ 177 levels "1-08-1600-4-1",..: 1 2 3 3 4 2 5 6 7 8 ...
 $ Race.RaceType1Cd                 : Factor w/ 6 levels "1-4-X-1","1-4-X-2",..: 1 2 2 2 2 2 1 3 2 4 ...
 $ RaceHorse.RaceId                 : Factor w/ 2247 levels "20160110-08-01-03-08",..: 1 2 3 3 4 5 6 7 8 9 ...
 $ RaceHorse.KettoNum               : Factor w/ 6727 levels "2011104068","2011105155",..: 1 2 3 4 5 6 7 8 9 10 ...
 $ RaceHorse.IsHit1                 : num  0 0 0 0 0 0 0 0 0 0 ...
 $ RaceHorse.IsHit2                 : num  0 1 0 0 0 0 0 1 0 1 ...
 $ RaceHorse.IsHit3                 : num  0 0 0 0 0 0 0 0 0 0 ...
 $ RaceHorse.IsHit4                 : num  0 0 0 0 0 0 0 0 0 0 ...
 $ RaceHorse.IsHit5                 : num  0 0 1 0 0 0 0 0 0 0 ...
 $ RaceHorse.IsHit6                 : num  1 0 0 1 1 1 1 0 1 0 ...
 $ RaceHorse.IsValidRaceHorse       : logi  TRUE TRUE TRUE TRUE TRUE TRUE ...
 $ RaceHorse.TimeSdvByRace          : num  -0.8327 1.5333 0.7232 -0.1075 0.0392 ...
 $ RaceHorse.TimeSdv                : num  -0.711 0.374 1.377 1.064 0.264 ...
 $ RaceHorse.IsHitA                 : num  0 0 0 0 0 0 0 0 0 0 ...
 $ RaceHorse.IsHitB                 : num  0 1 0 0 0 0 0 1 0 1 ...
 $ RaceHorse.IsHitC                 : num  0 1 0 0 0 0 0 1 0 1 ...
 $ Gen01.HansyokuNum                : Factor w/ 352 levels "11201964","11201929",..: 1 2 1 1 3 1 1 4 1 1 ...
 $ Gen01.TimeSdvByRaceAvg           : num  0.128 0.7647 0.0492 0.0492 -0.074 ...
 $ Gen01.TimeSdvByRaceMin           : num  -2.02 -1.16 -1.98 -1.98 -1.43 ...
 $ Gen01.TimeSdvByRaceMax           : num  2.21 1.79 1.98 1.98 1.22 ...
 $ Gen01.TimeSdvAvg                 : num  0.1318 0.2931 0.0475 0.0475 -0.1597 ...
 $ Gen01.TimeSdvMin                 : num  -2.283 -0.411 -2.599 -2.599 -0.925 ...
 $ Gen01.TimeSdvMax                 : num  1.867 0.809 1.594 1.594 0.668 ...
 $ Gen01.OrderOfFinishSdvAvg        : num  0.0965 0.6031 -0.0851 -0.0851 -0.2026 ...
 $ Gen01.RunCount                   : num  121 6 213 213 11 212 122 12 213 141 ...
 $ Gen01.HitCount1                  : num  6 1 18 18 0 18 6 1 18 5 ...
 $ Gen01.HitCount2                  : num  16 2 11 11 1 11 16 1 11 10 ...
 $ Gen01.HitCount3                  : num  9 0 11 11 1 11 9 2 11 12 ...
 $ Gen01.HitCount4                  : num  3 1 15 15 1 15 3 1 15 16 ...
 $ Gen01.HitCount5                  : num  10 0 15 15 0 16 10 0 16 12 ...
 $ Gen01.HitRate1                   : num  0.0496 0.1667 0.0845 0.0845 0 ...
 $ Gen01.HitRate2                   : num  0.1322 0.3333 0.0516 0.0516 0.0909 ...
 $ Gen01.HitRate3                   : num  0.0744 0 0.0516 0.0516 0.0909 ...
 $ Gen01.HitRate4                   : num  0.0248 0.1667 0.0704 0.0704 0.0909 ...
 $ Gen01.HitRate5                   : num  0.0826 0 0.0704 0.0704 0 ...
 $ EOF                              : int  1 1 1 1 1 1 1 1 1 1 ...
[1] "2022-02-26 18:10:32 --- RxSqlServerData Finish ---"
[1] "2022-02-26 18:10:32 --- subset Start ---"
[1] "--------------------------------------------------------------------------------"
[1] "nrow(data) subset before=29735"
[1] "nrow(data) subset after =29735"
[1] "nrow(data) subset diff =0"
[1] "--------------------------------------------------------------------------------"
[1] "2022-02-26 18:10:32 --- subset Finish---"
[1] "2022-02-26 18:10:32 --- transform Start ---"
[1] "--------------------------------------------------------------------------------"
[1] "nrow(data) transform before=29735"
[1] "nrow(data) transform after=29735"
[1] "nrow(data) transform diff=0"
[1] "--------------------------------------------------------------------------------"
[1] "str(data)="
'data.frame':	29735 obs. of  44 variables:
 $ Race.RaceId                      : Factor w/ 2247 levels "20160110-08-01-03-08",..: 1 2 3 3 4 5 6 7 8 9 ...
 $ Race.IsAnalyzeNormalPastAndFuture: logi  TRUE TRUE TRUE TRUE TRUE TRUE ...
 $ Race.IsAnalyzeNormalPast         : logi  TRUE TRUE TRUE TRUE TRUE TRUE ...
 $ Race.IsAnalyzeNormalFuture       : logi  FALSE FALSE FALSE FALSE FALSE FALSE ...
 $ Race.IsAnalyzeFullPastAndFuture  : logi  TRUE TRUE TRUE TRUE TRUE TRUE ...
 $ Race.IsAnalyzeFullPast           : logi  TRUE TRUE TRUE TRUE TRUE TRUE ...
 $ Race.IsAnalyzeFullFuture         : logi  FALSE FALSE FALSE FALSE FALSE FALSE ...
 $ Race.JyokenCd                    : Factor w/ 1 level "4": 1 1 1 1 1 1 1 1 1 1 ...
 $ Race.JyoType1Cd                  : Factor w/ 177 levels "1-08-1600-4-1",..: 1 2 3 3 4 2 5 6 7 8 ...
 $ Race.RaceType1Cd                 : Factor w/ 6 levels "1-4-X-1","1-4-X-2",..: 1 2 2 2 2 2 1 3 2 4 ...
 $ RaceHorse.RaceId                 : Factor w/ 2247 levels "20160110-08-01-03-08",..: 1 2 3 3 4 5 6 7 8 9 ...
 $ RaceHorse.KettoNum               : Factor w/ 6727 levels "2011104068","2011105155",..: 1 2 3 4 5 6 7 8 9 10 ...
 $ RaceHorse.IsHit1                 : num  0 0 0 0 0 0 0 0 0 0 ...
 $ RaceHorse.IsHit2                 : num  0 1 0 0 0 0 0 1 0 1 ...
 $ RaceHorse.IsHit3                 : num  0 0 0 0 0 0 0 0 0 0 ...
 $ RaceHorse.IsHit4                 : num  0 0 0 0 0 0 0 0 0 0 ...
 $ RaceHorse.IsHit5                 : num  0 0 1 0 0 0 0 0 0 0 ...
 $ RaceHorse.IsHit6                 : num  1 0 0 1 1 1 1 0 1 0 ...
 $ RaceHorse.IsValidRaceHorse       : logi  TRUE TRUE TRUE TRUE TRUE TRUE ...
 $ RaceHorse.TimeSdvByRace          : num  -0.8327 1.5333 0.7232 -0.1075 0.0392 ...
 $ RaceHorse.TimeSdv                : num  -0.711 0.374 1.377 1.064 0.264 ...
 $ RaceHorse.IsHitA                 : num  0 0 0 0 0 0 0 0 0 0 ...
 $ RaceHorse.IsHitB                 : num  0 1 0 0 0 0 0 1 0 1 ...
 $ RaceHorse.IsHitC                 : num  0 1 0 0 0 0 0 1 0 1 ...
 $ Gen01.HansyokuNum                : Factor w/ 352 levels "11201964","11201929",..: 1 2 1 1 3 1 1 4 1 1 ...
 $ Gen01.TimeSdvByRaceAvg           : num  0.128 0.7647 0.0492 0.0492 -0.074 ...
 $ Gen01.TimeSdvByRaceMin           : num  -2.02 -1.16 -1.98 -1.98 -1.43 ...
 $ Gen01.TimeSdvByRaceMax           : num  2.21 1.79 1.98 1.98 1.22 ...
 $ Gen01.TimeSdvAvg                 : num  0.1318 0.2931 0.0475 0.0475 -0.1597 ...
 $ Gen01.TimeSdvMin                 : num  -2.283 -0.411 -2.599 -2.599 -0.925 ...
 $ Gen01.TimeSdvMax                 : num  1.867 0.809 1.594 1.594 0.668 ...
 $ Gen01.OrderOfFinishSdvAvg        : num  0.0965 0.6031 -0.0851 -0.0851 -0.2026 ...
 $ Gen01.RunCount                   : num  121 6 213 213 11 212 122 12 213 141 ...
 $ Gen01.HitCount1                  : num  6 1 18 18 0 18 6 1 18 5 ...
 $ Gen01.HitCount2                  : num  16 2 11 11 1 11 16 1 11 10 ...
 $ Gen01.HitCount3                  : num  9 0 11 11 1 11 9 2 11 12 ...
 $ Gen01.HitCount4                  : num  3 1 15 15 1 15 3 1 15 16 ...
 $ Gen01.HitCount5                  : num  10 0 15 15 0 16 10 0 16 12 ...
 $ Gen01.HitRate1                   : num  0.0496 0.1667 0.0845 0.0845 0 ...
 $ Gen01.HitRate2                   : num  0.1322 0.3333 0.0516 0.0516 0.0909 ...
 $ Gen01.HitRate3                   : num  0.0744 0 0.0516 0.0516 0.0909 ...
 $ Gen01.HitRate4                   : num  0.0248 0.1667 0.0704 0.0704 0.0909 ...
 $ Gen01.HitRate5                   : num  0.0826 0 0.0704 0.0704 0 ...
 $ EOF                              : int  1 1 1 1 1 1 1 1 1 1 ...
NULL
[1] "2022-02-26 18:10:32 --- transform Finish ---"
[1] "2022-02-26 18:10:32 --- na.omit Start ---"
[1] "--------------------------------------------------------------------------------"
[1] "nrow(data) na.omit before=29735"
[1] "nrow(data) na.omit after =29579"
[1] "nrow(data) na.omit diff =156"
[1] "--------------------------------------------------------------------------------"
'data.frame':	29579 obs. of  44 variables:
 $ Race.RaceId                      : Factor w/ 2247 levels "20160110-08-01-03-08",..: 1 2 3 3 4 5 6 7 8 9 ...
 $ Race.IsAnalyzeNormalPastAndFuture: logi  TRUE TRUE TRUE TRUE TRUE TRUE ...
 $ Race.IsAnalyzeNormalPast         : logi  TRUE TRUE TRUE TRUE TRUE TRUE ...
 $ Race.IsAnalyzeNormalFuture       : logi  FALSE FALSE FALSE FALSE FALSE FALSE ...
 $ Race.IsAnalyzeFullPastAndFuture  : logi  TRUE TRUE TRUE TRUE TRUE TRUE ...
 $ Race.IsAnalyzeFullPast           : logi  TRUE TRUE TRUE TRUE TRUE TRUE ...
 $ Race.IsAnalyzeFullFuture         : logi  FALSE FALSE FALSE FALSE FALSE FALSE ...
 $ Race.JyokenCd                    : Factor w/ 1 level "4": 1 1 1 1 1 1 1 1 1 1 ...
 $ Race.JyoType1Cd                  : Factor w/ 177 levels "1-08-1600-4-1",..: 1 2 3 3 4 2 5 6 7 8 ...
 $ Race.RaceType1Cd                 : Factor w/ 6 levels "1-4-X-1","1-4-X-2",..: 1 2 2 2 2 2 1 3 2 4 ...
 $ RaceHorse.RaceId                 : Factor w/ 2247 levels "20160110-08-01-03-08",..: 1 2 3 3 4 5 6 7 8 9 ...
 $ RaceHorse.KettoNum               : Factor w/ 6727 levels "2011104068","2011105155",..: 1 2 3 4 5 6 7 8 9 10 ...
 $ RaceHorse.IsHit1                 : num  0 0 0 0 0 0 0 0 0 0 ...
 $ RaceHorse.IsHit2                 : num  0 1 0 0 0 0 0 1 0 1 ...
 $ RaceHorse.IsHit3                 : num  0 0 0 0 0 0 0 0 0 0 ...
 $ RaceHorse.IsHit4                 : num  0 0 0 0 0 0 0 0 0 0 ...
 $ RaceHorse.IsHit5                 : num  0 0 1 0 0 0 0 0 0 0 ...
 $ RaceHorse.IsHit6                 : num  1 0 0 1 1 1 1 0 1 0 ...
 $ RaceHorse.IsValidRaceHorse       : logi  TRUE TRUE TRUE TRUE TRUE TRUE ...
 $ RaceHorse.TimeSdvByRace          : num  -0.8327 1.5333 0.7232 -0.1075 0.0392 ...
 $ RaceHorse.TimeSdv                : num  -0.711 0.374 1.377 1.064 0.264 ...
 $ RaceHorse.IsHitA                 : num  0 0 0 0 0 0 0 0 0 0 ...
 $ RaceHorse.IsHitB                 : num  0 1 0 0 0 0 0 1 0 1 ...
 $ RaceHorse.IsHitC                 : num  0 1 0 0 0 0 0 1 0 1 ...
 $ Gen01.HansyokuNum                : Factor w/ 352 levels "11201964","11201929",..: 1 2 1 1 3 1 1 4 1 1 ...
 $ Gen01.TimeSdvByRaceAvg           : num  0.128 0.7647 0.0492 0.0492 -0.074 ...
 $ Gen01.TimeSdvByRaceMin           : num  -2.02 -1.16 -1.98 -1.98 -1.43 ...
 $ Gen01.TimeSdvByRaceMax           : num  2.21 1.79 1.98 1.98 1.22 ...
 $ Gen01.TimeSdvAvg                 : num  0.1318 0.2931 0.0475 0.0475 -0.1597 ...
 $ Gen01.TimeSdvMin                 : num  -2.283 -0.411 -2.599 -2.599 -0.925 ...
 $ Gen01.TimeSdvMax                 : num  1.867 0.809 1.594 1.594 0.668 ...
 $ Gen01.OrderOfFinishSdvAvg        : num  0.0965 0.6031 -0.0851 -0.0851 -0.2026 ...
 $ Gen01.RunCount                   : num  121 6 213 213 11 212 122 12 213 141 ...
 $ Gen01.HitCount1                  : num  6 1 18 18 0 18 6 1 18 5 ...
 $ Gen01.HitCount2                  : num  16 2 11 11 1 11 16 1 11 10 ...
 $ Gen01.HitCount3                  : num  9 0 11 11 1 11 9 2 11 12 ...
 $ Gen01.HitCount4                  : num  3 1 15 15 1 15 3 1 15 16 ...
 $ Gen01.HitCount5                  : num  10 0 15 15 0 16 10 0 16 12 ...
 $ Gen01.HitRate1                   : num  0.0496 0.1667 0.0845 0.0845 0 ...
 $ Gen01.HitRate2                   : num  0.1322 0.3333 0.0516 0.0516 0.0909 ...
 $ Gen01.HitRate3                   : num  0.0744 0 0.0516 0.0516 0.0909 ...
 $ Gen01.HitRate4                   : num  0.0248 0.1667 0.0704 0.0704 0.0909 ...
 $ Gen01.HitRate5                   : num  0.0826 0 0.0704 0.0704 0 ...
 $ EOF                              : int  1 1 1 1 1 1 1 1 1 1 ...
 - attr(*, "na.action")= 'omit' Named int  286 299 331 544 749 1091 1096 1264 1789 2168 ...
  ..- attr(*, "names")= chr  "286" "299" "331" "544" ...
[1] "2022-02-26 18:10:33 --- na.omit Finish ---"
[1] "2022-02-26 18:10:33 --- rxGlm with rxStepControl Start ---"

> print(paste0(Sys.time(), " --- source_logic_glm.R Start ---"))
[1] "2022-02-26 18:10:33 --- source_logic_glm.R Start ---"

> formula <- formula(RaceHorse.IsHitA ~ +1 + Gen01.TimeSdvByRaceAvg)

> print(paste0(Sys.time(), " --- source_logic_glm.R Finished ---"))
[1] "2022-02-26 18:10:33 --- source_logic_glm.R Finished ---"
Rows Read: 29579, Total Rows Processed: 29579, Total Chunk Time: Less than .001 seconds 

Starting values (iteration 1) time: 0.015 secs.
Rows Read: 29579, Total Rows Processed: 29579, Total Chunk Time: 0.003 seconds 

Iteration 2 time: 0.009 secs.
Rows Read: 29579, Total Rows Processed: 29579, Total Chunk Time: 0.003 seconds 

Iteration 3 time: 0.006 secs.
Rows Read: 29579, Total Rows Processed: 29579, Total Chunk Time: 0.003 seconds 

Iteration 4 time: 0.007 secs.
Rows Read: 29579, Total Rows Processed: 29579, Total Chunk Time: 0.003 seconds 

Iteration 5 time: 0.006 secs.

Elapsed computation time: 0.054 secs.
Rows Read: 29579, Total Rows Processed: 29579, Total Chunk Time: Less than .001 seconds 

Starting values (iteration 1) time: 0.009 secs.
Rows Read: 29579, Total Rows Processed: 29579, Total Chunk Time: 0.002 seconds 

Iteration 2 time: 0.008 secs.

Elapsed computation time: 0.026 secs.
Rows Read: 29579, Total Rows Processed: 29579, Total Chunk Time: 0.002 seconds 

Starting values (iteration 1) time: 0.010 secs.
Rows Read: 29579, Total Rows Processed: 29579, Total Chunk Time: 0.003 seconds 

Iteration 2 time: 0.009 secs.
Rows Read: 29579, Total Rows Processed: 29579, Total Chunk Time: 0.004 seconds 

Iteration 3 time: 0.007 secs.
Rows Read: 29579, Total Rows Processed: 29579, Total Chunk Time: 0.003 seconds 

Iteration 4 time: 0.006 secs.
Rows Read: 29579, Total Rows Processed: 29579, Total Chunk Time: 0.003 seconds 

Iteration 5 time: 0.007 secs.

Elapsed computation time: 0.057 secs.

Elapsed computation time: 0.158 secs.
[1] "--------------------------------------------------------------------------------"
[1] "analyze.results.glm.step="
Logistic Regression Results for: RaceHorse.IsHitA ~
    Gen01.TimeSdvByRaceAvg
Data: data
Dependent variable(s): RaceHorse.IsHitA
Total independent variables: 2 
Number of valid observations: 29579
Number of missing observations: 0 
 
Coefficients:
                       RaceHorse.IsHitA
(Intercept)                        -2.6
Gen01.TimeSdvByRaceAvg              0.9
[1] "analyze.results.glm.step.summary"
Call:
rxLogit(formula = formula, data = data, variableSelection = analyze.results.glm.step.varsel)

Logistic Regression Results for: RaceHorse.IsHitA ~
    Gen01.TimeSdvByRaceAvg
Data: data
Dependent variable(s): RaceHorse.IsHitA
Total independent variables: 2 
Number of valid observations: 29579
Number of missing observations: 0 
-2*LogLikelihood: 15528.359 (Residual deviance on 29577 degrees of freedom)
 
Coefficients:
                       Estimate Std. Error z value Pr(>|z|)    
(Intercept)             -2.5988     0.0241  -107.8  2.2e-16 ***
Gen01.TimeSdvByRaceAvg   0.8890     0.0751    11.8  2.2e-16 ***
---
Signif. codes:  0 '***' 0.001 '**' 0.01 '*' 0.05 '.' 0.1 ' ' 1

Condition number of final variance-covariance matrix: 1 
Number of iterations: 5
[1] "--------------------------------------------------------------------------------"
[1] "2022-02-26 18:10:33 --- rxGlm with rxStepControl Finish ---"
[1] "2022-02-26 18:10:33 --- rxStepPlot Start ---"
[1] "pdfFilename=pdf_analyze_glm_Gen01_Type14_rxStepPlot.pdf"
[1] "rxStepPlot="
[1] "2022-02-26 18:10:33 --- rxStepPlot Finish ---"
[1] "2022-02-26 18:10:33 --- save.image Start ---"
[1] "save.image"
[1] "rdataFilename=RData_analyze_glm_Gen01_Type14.RData"
[1] "2022-02-26 18:10:34 --- save.image Finish ---"
[1] "2022-02-26 18:10:34 --- final Start ---"
[1] "--------------------------------------------------------------------------------"
[1] "nrow(data) final=29579"
[1] "--------------------------------------------------------------------------------"
[1] "2022-02-26 18:10:34 --- final Finish ---"
[1] "2022-02-26 18:10:34 --- analyze_glm.R Finished ---"
[1] "2022-02-26 18:10:34 --- log Finish ---"
