[1] "2022-02-21 22:08:46 --- D1115_analyze_glm_Gen01_IsHitA_Type22 Start ---"
[1] "2022-02-21 22:08:46 --- Log Start ---"
[1] "2022-02-21 22:08:46 --- analyze_glm.R Start ---"
[1] "analyzeVersion=D1115"
[1] "analyzeCategory=analyze"
[1] "analyzeType=Gen01"
[1] "analyzeFamily=IsHitA"
[1] "analyzeFunc=glm"
[1] "analyzeTrackTypeCd=2"
[1] "analyzeJyokenCd=2"
[1] "2022-02-21 22:08:46 --- source_function.R Start ---"
[1] "2022-02-21 22:08:46 --- source_function.R Finished ---"

> print(paste0(Sys.time(), " --- source_library.R Start ---"))
[1] "2022-02-21 22:08:46 --- source_library.R Start ---"

> require("RevoScaleR")

> print(paste0(Sys.time(), " --- source_library.R Finished ---"))
[1] "2022-02-21 22:08:48 --- source_library.R Finished ---"
[1] "2022-02-21 22:08:48 --- RxSqlServerData Start ---"
[1] "2022-02-21 22:08:48 --- RxInSqlServer Start ---"
[1] "2022-02-21 22:08:48 --- RxInSqlServer Finish ---"
[1] "2022-02-21 22:08:48 --- rxSetComputeContext Start ---"
[1] "2022-02-21 22:08:48 --- rxSetComputeContext Finish ---"
[1] "2022-02-21 22:08:48 --- RxSqlServerData Start ---"
[1] "sqlQuery=SELECT * FROM ViewAnalyzeD1115analyze01Gen01Type22"
[1] "2022-02-21 22:08:48 --- RxSqlServerData Finish ---"
[1] "2022-02-21 22:08:48 --- rxGetVarInfo Start ---"
[1] "2022-02-21 22:08:49 --- rxGetVarInfo Finish---"
[1] "2022-02-21 22:08:49 --- rxImport Start ---"
Rows Read: 5652, Total Rows Processed: 5652, Total Chunk Time: 270.682 seconds 
[1] "2022-02-21 22:16:13 --- rxImport Finish ---"
[1] "object.size(data) auto=1.2 Mb"
[1] "--------------------------------------------------------------------------------"
[1] "nrow(data) RxSqlServerData=5652"
[1] "--------------------------------------------------------------------------------"
[1] "str(data)="
'data.frame':	5652 obs. of  39 variables:
 $ Race.RaceId                      : Factor w/ 399 levels "20160105-08-01-01-09",..: 3 4 4 4 5 6 6 7 8 8 ...
 $ Race.IsPredictedRace             : logi  TRUE TRUE TRUE TRUE TRUE TRUE ...
 $ Race.IsAnalyzeNormalPastAndFuture: logi  TRUE TRUE TRUE TRUE TRUE TRUE ...
 $ Race.IsAnalyzeNormalPast         : logi  TRUE TRUE TRUE TRUE TRUE TRUE ...
 $ Race.IsAnalyzeNormalFuture       : logi  FALSE FALSE FALSE FALSE FALSE FALSE ...
 $ Race.IsAnalyzeFullPastAndFuture  : logi  TRUE TRUE TRUE TRUE TRUE TRUE ...
 $ Race.IsAnalyzeFullPast           : logi  TRUE TRUE TRUE TRUE TRUE TRUE ...
 $ Race.IsAnalyzeFullFuture         : logi  FALSE FALSE FALSE FALSE FALSE FALSE ...
 $ Race.JyokenCd                    : Factor w/ 1 level "2": 1 1 1 1 1 1 1 1 1 1 ...
 $ Race.RaceType1Cd                 : Factor w/ 1 level "2-2-E": 1 1 1 1 1 1 1 1 1 1 ...
 $ RaceHorse.RaceId                 : Factor w/ 399 levels "20160105-08-01-01-09",..: 3 4 4 4 5 6 6 7 8 8 ...
 $ RaceHorse.KettoNum               : Factor w/ 1169 levels "2009106416","2010104208",..: 11 12 13 14 15 16 17 18 8 19 ...
 $ RaceHorse.IsHit1                 : int  0 0 1 0 1 0 0 0 0 1 ...
 $ RaceHorse.IsHit2                 : int  0 0 0 0 0 1 0 0 0 0 ...
 $ RaceHorse.IsHit3                 : int  0 0 0 0 0 0 0 1 0 0 ...
 $ RaceHorse.IsHit4                 : int  0 0 0 0 0 0 0 0 0 0 ...
 $ RaceHorse.IsHit5                 : int  0 0 0 0 0 0 0 0 0 0 ...
 $ RaceHorse.IsHit6                 : int  1 1 0 1 0 0 1 0 1 0 ...
 $ RaceHorse.IsValidRaceHorse       : logi  TRUE TRUE TRUE TRUE TRUE TRUE ...
 $ RaceHorse.IsHitA                 : int  0 0 1 0 1 0 0 0 0 1 ...
 $ RaceHorse.IsHitB                 : int  0 0 1 0 1 1 0 0 0 1 ...
 $ RaceHorse.IsHitC                 : int  0 0 1 0 1 1 0 1 0 1 ...
 $ Gen01.HansyokuNum                : Factor w/ 212 levels "11201964","11201907",..: 1 4 10 11 12 13 14 11 5 15 ...
 $ Gen01.TimeSdvByRaceAvg           : num  -0.1315 -0.5016 0.0259 -0.0364 0.4057 ...
 $ Gen01.TimeSdvByRaceMin           : num  -2.1418 -2.8326 -1.7378 -0.0728 -0.4203 ...
 $ Gen01.TimeSdvByRaceMax           : num  1.48 1.45 1.48 0 1.57 ...
 $ Gen01.OrderOfFinishSdvAvg        : num  0.08529 -0.16795 0.00932 -0.81372 0.14679 ...
 $ Gen01.RunCount                   : int  18 12 9 2 7 2 25 3 10 6 ...
 $ Gen01.HitCount1                  : int  5 1 2 0 2 1 2 0 3 0 ...
 $ Gen01.HitCount2                  : int  0 1 0 0 0 0 0 0 0 1 ...
 $ Gen01.HitCount3                  : int  0 0 1 0 0 0 1 0 0 0 ...
 $ Gen01.HitCount4                  : int  2 0 1 0 0 1 2 0 1 0 ...
 $ Gen01.HitCount5                  : int  0 2 1 0 0 0 2 0 0 1 ...
 $ Gen01.HitRate1                   : num  0.2778 0.0833 0.2222 0 0.2857 ...
 $ Gen01.HitRate2                   : num  0 0.0833 0 0 0 ...
 $ Gen01.HitRate3                   : num  0 0 0.111 0 0 ...
 $ Gen01.HitRate4                   : num  0.111 0 0.111 0 0 ...
 $ Gen01.HitRate5                   : num  0 0.167 0.111 0 0 ...
 $ EOF                              : int  1 1 1 1 1 1 1 1 1 1 ...
[1] "2022-02-21 22:16:13 --- RxSqlServerData Finish ---"
[1] "2022-02-21 22:16:13 --- subset Start ---"
[1] "--------------------------------------------------------------------------------"
[1] "nrow(data) subset before=5652"
[1] "nrow(data) subset after =5652"
[1] "nrow(data) subset diff =0"
[1] "--------------------------------------------------------------------------------"
[1] "2022-02-21 22:16:13 --- subset Finish---"
[1] "2022-02-21 22:16:13 --- transform Start ---"
[1] "--------------------------------------------------------------------------------"
[1] "nrow(data) transform before=5652"
[1] "nrow(data) transform after=5652"
[1] "nrow(data) transform diff=0"
[1] "--------------------------------------------------------------------------------"
[1] "str(data)="
'data.frame':	5652 obs. of  39 variables:
 $ Race.RaceId                      : Factor w/ 399 levels "20160105-08-01-01-09",..: 3 4 4 4 5 6 6 7 8 8 ...
 $ Race.IsPredictedRace             : logi  TRUE TRUE TRUE TRUE TRUE TRUE ...
 $ Race.IsAnalyzeNormalPastAndFuture: logi  TRUE TRUE TRUE TRUE TRUE TRUE ...
 $ Race.IsAnalyzeNormalPast         : logi  TRUE TRUE TRUE TRUE TRUE TRUE ...
 $ Race.IsAnalyzeNormalFuture       : logi  FALSE FALSE FALSE FALSE FALSE FALSE ...
 $ Race.IsAnalyzeFullPastAndFuture  : logi  TRUE TRUE TRUE TRUE TRUE TRUE ...
 $ Race.IsAnalyzeFullPast           : logi  TRUE TRUE TRUE TRUE TRUE TRUE ...
 $ Race.IsAnalyzeFullFuture         : logi  FALSE FALSE FALSE FALSE FALSE FALSE ...
 $ Race.JyokenCd                    : Factor w/ 1 level "2": 1 1 1 1 1 1 1 1 1 1 ...
 $ Race.RaceType1Cd                 : Factor w/ 1 level "2-2-E": 1 1 1 1 1 1 1 1 1 1 ...
 $ RaceHorse.RaceId                 : Factor w/ 399 levels "20160105-08-01-01-09",..: 3 4 4 4 5 6 6 7 8 8 ...
 $ RaceHorse.KettoNum               : Factor w/ 1169 levels "2009106416","2010104208",..: 11 12 13 14 15 16 17 18 8 19 ...
 $ RaceHorse.IsHit1                 : int  0 0 1 0 1 0 0 0 0 1 ...
 $ RaceHorse.IsHit2                 : int  0 0 0 0 0 1 0 0 0 0 ...
 $ RaceHorse.IsHit3                 : int  0 0 0 0 0 0 0 1 0 0 ...
 $ RaceHorse.IsHit4                 : int  0 0 0 0 0 0 0 0 0 0 ...
 $ RaceHorse.IsHit5                 : int  0 0 0 0 0 0 0 0 0 0 ...
 $ RaceHorse.IsHit6                 : int  1 1 0 1 0 0 1 0 1 0 ...
 $ RaceHorse.IsValidRaceHorse       : logi  TRUE TRUE TRUE TRUE TRUE TRUE ...
 $ RaceHorse.IsHitA                 : int  0 0 1 0 1 0 0 0 0 1 ...
 $ RaceHorse.IsHitB                 : int  0 0 1 0 1 1 0 0 0 1 ...
 $ RaceHorse.IsHitC                 : int  0 0 1 0 1 1 0 1 0 1 ...
 $ Gen01.HansyokuNum                : Factor w/ 212 levels "11201964","11201907",..: 1 4 10 11 12 13 14 11 5 15 ...
 $ Gen01.TimeSdvByRaceAvg           : num  -0.1315 -0.5016 0.0259 -0.0364 0.4057 ...
 $ Gen01.TimeSdvByRaceMin           : num  -2.1418 -2.8326 -1.7378 -0.0728 -0.4203 ...
 $ Gen01.TimeSdvByRaceMax           : num  1.48 1.45 1.48 0 1.57 ...
 $ Gen01.OrderOfFinishSdvAvg        : num  0.08529 -0.16795 0.00932 -0.81372 0.14679 ...
 $ Gen01.RunCount                   : int  18 12 9 2 7 2 25 3 10 6 ...
 $ Gen01.HitCount1                  : int  5 1 2 0 2 1 2 0 3 0 ...
 $ Gen01.HitCount2                  : int  0 1 0 0 0 0 0 0 0 1 ...
 $ Gen01.HitCount3                  : int  0 0 1 0 0 0 1 0 0 0 ...
 $ Gen01.HitCount4                  : int  2 0 1 0 0 1 2 0 1 0 ...
 $ Gen01.HitCount5                  : int  0 2 1 0 0 0 2 0 0 1 ...
 $ Gen01.HitRate1                   : num  0.2778 0.0833 0.2222 0 0.2857 ...
 $ Gen01.HitRate2                   : num  0 0.0833 0 0 0 ...
 $ Gen01.HitRate3                   : num  0 0 0.111 0 0 ...
 $ Gen01.HitRate4                   : num  0.111 0 0.111 0 0 ...
 $ Gen01.HitRate5                   : num  0 0.167 0.111 0 0 ...
 $ EOF                              : int  1 1 1 1 1 1 1 1 1 1 ...
NULL
[1] "2022-02-21 22:16:13 --- transform Finish ---"
[1] "2022-02-21 22:16:13 --- na.omit Start ---"
[1] "--------------------------------------------------------------------------------"
[1] "nrow(data) na.omit before=5652"
[1] "nrow(data) na.omit after =5652"
[1] "nrow(data) na.omit diff =0"
[1] "--------------------------------------------------------------------------------"
'data.frame':	5652 obs. of  39 variables:
 $ Race.RaceId                      : Factor w/ 399 levels "20160105-08-01-01-09",..: 3 4 4 4 5 6 6 7 8 8 ...
 $ Race.IsPredictedRace             : logi  TRUE TRUE TRUE TRUE TRUE TRUE ...
 $ Race.IsAnalyzeNormalPastAndFuture: logi  TRUE TRUE TRUE TRUE TRUE TRUE ...
 $ Race.IsAnalyzeNormalPast         : logi  TRUE TRUE TRUE TRUE TRUE TRUE ...
 $ Race.IsAnalyzeNormalFuture       : logi  FALSE FALSE FALSE FALSE FALSE FALSE ...
 $ Race.IsAnalyzeFullPastAndFuture  : logi  TRUE TRUE TRUE TRUE TRUE TRUE ...
 $ Race.IsAnalyzeFullPast           : logi  TRUE TRUE TRUE TRUE TRUE TRUE ...
 $ Race.IsAnalyzeFullFuture         : logi  FALSE FALSE FALSE FALSE FALSE FALSE ...
 $ Race.JyokenCd                    : Factor w/ 1 level "2": 1 1 1 1 1 1 1 1 1 1 ...
 $ Race.RaceType1Cd                 : Factor w/ 1 level "2-2-E": 1 1 1 1 1 1 1 1 1 1 ...
 $ RaceHorse.RaceId                 : Factor w/ 399 levels "20160105-08-01-01-09",..: 3 4 4 4 5 6 6 7 8 8 ...
 $ RaceHorse.KettoNum               : Factor w/ 1169 levels "2009106416","2010104208",..: 11 12 13 14 15 16 17 18 8 19 ...
 $ RaceHorse.IsHit1                 : int  0 0 1 0 1 0 0 0 0 1 ...
 $ RaceHorse.IsHit2                 : int  0 0 0 0 0 1 0 0 0 0 ...
 $ RaceHorse.IsHit3                 : int  0 0 0 0 0 0 0 1 0 0 ...
 $ RaceHorse.IsHit4                 : int  0 0 0 0 0 0 0 0 0 0 ...
 $ RaceHorse.IsHit5                 : int  0 0 0 0 0 0 0 0 0 0 ...
 $ RaceHorse.IsHit6                 : int  1 1 0 1 0 0 1 0 1 0 ...
 $ RaceHorse.IsValidRaceHorse       : logi  TRUE TRUE TRUE TRUE TRUE TRUE ...
 $ RaceHorse.IsHitA                 : int  0 0 1 0 1 0 0 0 0 1 ...
 $ RaceHorse.IsHitB                 : int  0 0 1 0 1 1 0 0 0 1 ...
 $ RaceHorse.IsHitC                 : int  0 0 1 0 1 1 0 1 0 1 ...
 $ Gen01.HansyokuNum                : Factor w/ 212 levels "11201964","11201907",..: 1 4 10 11 12 13 14 11 5 15 ...
 $ Gen01.TimeSdvByRaceAvg           : num  -0.1315 -0.5016 0.0259 -0.0364 0.4057 ...
 $ Gen01.TimeSdvByRaceMin           : num  -2.1418 -2.8326 -1.7378 -0.0728 -0.4203 ...
 $ Gen01.TimeSdvByRaceMax           : num  1.48 1.45 1.48 0 1.57 ...
 $ Gen01.OrderOfFinishSdvAvg        : num  0.08529 -0.16795 0.00932 -0.81372 0.14679 ...
 $ Gen01.RunCount                   : int  18 12 9 2 7 2 25 3 10 6 ...
 $ Gen01.HitCount1                  : int  5 1 2 0 2 1 2 0 3 0 ...
 $ Gen01.HitCount2                  : int  0 1 0 0 0 0 0 0 0 1 ...
 $ Gen01.HitCount3                  : int  0 0 1 0 0 0 1 0 0 0 ...
 $ Gen01.HitCount4                  : int  2 0 1 0 0 1 2 0 1 0 ...
 $ Gen01.HitCount5                  : int  0 2 1 0 0 0 2 0 0 1 ...
 $ Gen01.HitRate1                   : num  0.2778 0.0833 0.2222 0 0.2857 ...
 $ Gen01.HitRate2                   : num  0 0.0833 0 0 0 ...
 $ Gen01.HitRate3                   : num  0 0 0.111 0 0 ...
 $ Gen01.HitRate4                   : num  0.111 0 0.111 0 0 ...
 $ Gen01.HitRate5                   : num  0 0.167 0.111 0 0 ...
 $ EOF                              : int  1 1 1 1 1 1 1 1 1 1 ...
[1] "2022-02-21 22:16:14 --- na.omit Finish ---"
[1] "2022-02-21 22:16:14 --- rxGlm with rxStepControl Start ---"

> print(paste0(Sys.time(), " --- source_logic_glm.R Start ---"))
[1] "2022-02-21 22:16:14 --- source_logic_glm.R Start ---"

> formula <- formula(RaceHorse.IsHitA ~ +1 + Gen01.OrderOfFinishSdvAvg)

> print(paste0(Sys.time(), " --- source_logic_glm.R Finished ---"))
[1] "2022-02-21 22:16:14 --- source_logic_glm.R Finished ---"
Rows Read: 5652, Total Rows Processed: 5652, Total Chunk Time: Less than .001 seconds 

Starting values (iteration 1) time: 0.021 secs.
Rows Read: 5652, Total Rows Processed: 5652, Total Chunk Time: Less than .001 seconds 

Iteration 2 time: 0.005 secs.
Rows Read: 5652, Total Rows Processed: 5652, Total Chunk Time: 0.001 seconds 

Iteration 3 time: 0.004 secs.
Rows Read: 5652, Total Rows Processed: 5652, Total Chunk Time: Less than .001 seconds 

Iteration 4 time: 0.003 secs.

Elapsed computation time: 0.044 secs.
Rows Read: 5652, Total Rows Processed: 5652, Total Chunk Time: 0.001 seconds 

Starting values (iteration 1) time: 0.005 secs.
Rows Read: 5652, Total Rows Processed: 5652, Total Chunk Time: Less than .001 seconds 

Iteration 2 time: 0.005 secs.

Elapsed computation time: 0.018 secs.
Rows Read: 5652, Total Rows Processed: 5652, Total Chunk Time: 0.001 seconds 

Starting values (iteration 1) time: 0.005 secs.
Rows Read: 5652, Total Rows Processed: 5652, Total Chunk Time: Less than .001 seconds 

Iteration 2 time: 0.005 secs.
Rows Read: 5652, Total Rows Processed: 5652, Total Chunk Time: Less than .001 seconds 

Iteration 3 time: 0.004 secs.
Rows Read: 5652, Total Rows Processed: 5652, Total Chunk Time: Less than .001 seconds 

Iteration 4 time: 0.004 secs.

Elapsed computation time: 0.039 secs.

Elapsed computation time: 0.117 secs.
[1] "--------------------------------------------------------------------------------"
[1] "analyze.results.glm.step="
Logistic Regression Results for: RaceHorse.IsHitA ~
    Gen01.OrderOfFinishSdvAvg
Data: data
Dependent variable(s): RaceHorse.IsHitA
Total independent variables: 2 
Number of valid observations: 5652
Number of missing observations: 0 
 
Coefficients:
                          RaceHorse.IsHitA
(Intercept)                           -2.7
Gen01.OrderOfFinishSdvAvg              0.5
[1] "analyze.results.glm.step.summary"
Call:
rxLogit(formula = formula, data = data, variableSelection = analyze.results.glm.step.varsel)

Logistic Regression Results for: RaceHorse.IsHitA ~
    Gen01.OrderOfFinishSdvAvg
Data: data
Dependent variable(s): RaceHorse.IsHitA
Total independent variables: 2 
Number of valid observations: 5652
Number of missing observations: 0 
-2*LogLikelihood: 2787.764 (Residual deviance on 5650 degrees of freedom)
 
Coefficients:
                          Estimate Std. Error z value Pr(>|z|)    
(Intercept)                -2.6797     0.0561  -47.74  2.2e-16 ***
Gen01.OrderOfFinishSdvAvg   0.5269     0.0980    5.38  7.6e-08 ***
---
Signif. codes:  0 '***' 0.001 '**' 0.01 '*' 0.05 '.' 0.1 ' ' 1

Condition number of final variance-covariance matrix: 1 
Number of iterations: 4
[1] "--------------------------------------------------------------------------------"
[1] "2022-02-21 22:16:14 --- rxGlm with rxStepControl Finish ---"
[1] "2022-02-21 22:16:14 --- rxStepPlot Start ---"
[1] "pdfFilename=pdf_analyze_glm_Gen01_Type22_rxStepPlot.pdf"
[1] "rxStepPlot="
[1] "2022-02-21 22:16:14 --- rxStepPlot Finish ---"
[1] "2022-02-21 22:16:14 --- save.image Start ---"
[1] "save.image"
[1] "rdataFilename=RData_analyze_glm_Gen01_Type22.RData"
[1] "2022-02-21 22:16:14 --- save.image Finish ---"
[1] "2022-02-21 22:16:14 --- final Start ---"
[1] "--------------------------------------------------------------------------------"
[1] "nrow(data) final=5652"
[1] "--------------------------------------------------------------------------------"
[1] "2022-02-21 22:16:14 --- final Finish ---"
[1] "2022-02-21 22:16:14 --- analyze_glm.R Finished ---"
[1] "2022-02-21 22:16:14 --- log Finish ---"
