[1] "2022-02-25 20:22:16 --- D1115_analyze_glm_Gen01_IsHitA_Type15 Start ---"
[1] "2022-02-25 20:22:16 --- Log Start ---"
[1] "2022-02-25 20:22:16 --- analyze_glm.R Start ---"
[1] "analyzeVersion=D1115"
[1] "analyzeCategory=analyze"
[1] "analyzeType=Gen01"
[1] "analyzeFamily=IsHitA"
[1] "analyzeFunc=glm"
[1] "analyzeTrackTypeCd=1"
[1] "analyzeJyokenCd=5"
[1] "2022-02-25 20:22:16 --- source_function.R Start ---"
[1] "2022-02-25 20:22:16 --- source_function.R Finished ---"

> print(paste0(Sys.time(), " --- source_library.R Start ---"))
[1] "2022-02-25 20:22:16 --- source_library.R Start ---"

> require("RevoScaleR")

> print(paste0(Sys.time(), " --- source_library.R Finished ---"))
[1] "2022-02-25 20:22:16 --- source_library.R Finished ---"
[1] "2022-02-25 20:22:16 --- RxSqlServerData Start ---"
[1] "2022-02-25 20:22:16 --- RxInSqlServer Start ---"
[1] "2022-02-25 20:22:16 --- RxInSqlServer Finish ---"
[1] "2022-02-25 20:22:16 --- rxSetComputeContext Start ---"
[1] "2022-02-25 20:22:16 --- rxSetComputeContext Finish ---"
[1] "2022-02-25 20:22:16 --- RxSqlServerData Start ---"
[1] "sqlQuery=SELECT * FROM ViewAnalyzeD1115analyze01Gen01Type15"
[1] "2022-02-25 20:22:16 --- RxSqlServerData Finish ---"
[1] "2022-02-25 20:22:16 --- rxGetVarInfo Start ---"
[1] "2022-02-25 20:22:17 --- rxGetVarInfo Finish---"
[1] "2022-02-25 20:22:17 --- rxImport Start ---"
Rows Read: 36567, Total Rows Processed: 36567, Total Chunk Time: 220.536 seconds 
[1] "2022-02-25 20:39:34 --- rxImport Finish ---"
[1] "object.size(data) auto=11.5 Mb"
[1] "--------------------------------------------------------------------------------"
[1] "nrow(data) RxSqlServerData=36567"
[1] "--------------------------------------------------------------------------------"
[1] "str(data)="
'data.frame':	36567 obs. of  44 variables:
 $ Race.RaceId                      : Factor w/ 2474 levels "20160109-06-01-02-05",..: 1 2 3 4 5 6 7 8 10 11 ...
 $ Race.IsPredictedRace             : logi  TRUE TRUE TRUE TRUE TRUE TRUE ...
 $ Race.IsAnalyzeNormalPastAndFuture: logi  TRUE TRUE TRUE TRUE TRUE TRUE ...
 $ Race.IsAnalyzeNormalPast         : logi  TRUE TRUE TRUE TRUE TRUE TRUE ...
 $ Race.IsAnalyzeNormalFuture       : logi  FALSE FALSE FALSE FALSE FALSE FALSE ...
 $ Race.IsAnalyzeFullPastAndFuture  : logi  TRUE TRUE TRUE TRUE TRUE TRUE ...
 $ Race.IsAnalyzeFullPast           : logi  TRUE TRUE TRUE TRUE TRUE TRUE ...
 $ Race.IsAnalyzeFullFuture         : logi  FALSE FALSE FALSE FALSE FALSE FALSE ...
 $ Race.JyokenCd                    : Factor w/ 1 level "5": 1 1 1 1 1 1 1 1 1 1 ...
 $ Race.JyoType1Cd                  : Factor w/ 175 levels "1-06-1600-5-1",..: 1 2 1 3 1 4 5 6 8 6 ...
 $ Race.RaceType1Cd                 : Factor w/ 3 levels "1-5-X-1","1-5-X-2",..: 1 2 1 1 1 2 3 1 1 1 ...
 $ RaceHorse.RaceId                 : Factor w/ 2474 levels "20160109-06-01-02-05",..: 1 2 3 4 5 6 7 8 10 11 ...
 $ RaceHorse.KettoNum               : Factor w/ 13757 levels "2013105599","2013103352",..: 1 2 3 4 5 3 2 6 3 8 ...
 $ RaceHorse.IsHit1                 : num  0 0 0 0 0 0 0 0 0 0 ...
 $ RaceHorse.IsHit2                 : num  0 0 0 0 0 0 0 0 0 0 ...
 $ RaceHorse.IsHit3                 : num  0 0 1 0 0 0 0 0 1 0 ...
 $ RaceHorse.IsHit4                 : num  0 0 0 0 0 0 0 0 0 0 ...
 $ RaceHorse.IsHit5                 : num  0 0 0 0 0 1 0 0 0 0 ...
 $ RaceHorse.IsHit6                 : num  1 1 0 1 1 0 1 1 0 1 ...
 $ RaceHorse.IsValidRaceHorse       : logi  TRUE TRUE TRUE TRUE TRUE TRUE ...
 $ RaceHorse.TimeSdv                : num  -0.07353 0.51579 -0.00164 0.37953 0.57352 ...
 $ RaceHorse.IsHitA                 : num  0 0 0 0 0 0 0 0 0 0 ...
 $ RaceHorse.IsHitB                 : num  0 0 0 0 0 0 0 0 0 0 ...
 $ RaceHorse.IsHitC                 : num  0 0 1 0 0 0 0 0 1 0 ...
 $ Gen01.HansyokuNum                : Factor w/ 415 levels "11201954","11201960",..: 1 1 1 2 3 1 1 2 1 2 ...
 $ Gen01.TimeSdvByRaceAvg           : num  -0.0617 -0.0192 -0.054 0.1136 0.1001 ...
 $ Gen01.TimeSdvByRaceMin           : num  -2.9 -2.42 -2.9 -2.71 -2.45 ...
 $ Gen01.TimeSdvByRaceMax           : num  1.66 2.29 1.66 1.62 1.62 ...
 $ Gen01.TimeSdvAvg                 : num  -0.0893 -0.0773 -0.089 0.1221 -0.206 ...
 $ Gen01.TimeSdvMin                 : num  -2.37 -2.47 -2.37 -2.23 -1.49 ...
 $ Gen01.TimeSdvMax                 : num  1.8 2.04 1.8 2.01 1.26 ...
 $ Gen01.OrderOfFinishSdvAvg        : num  -0.1271 -0.0585 -0.1243 0.1259 0.2746 ...
 $ Gen01.RunCount                   : num  77 60 78 83 15 60 3 84 78 85 ...
 $ Gen01.HitCount1                  : num  3 3 3 7 2 3 0 7 3 7 ...
 $ Gen01.HitCount2                  : num  6 5 6 8 1 5 1 8 6 8 ...
 $ Gen01.HitCount3                  : num  5 5 5 4 0 5 0 4 6 4 ...
 $ Gen01.HitCount4                  : num  5 3 5 5 1 3 0 5 5 5 ...
 $ Gen01.HitCount5                  : num  2 7 2 11 1 7 0 11 2 11 ...
 $ Gen01.HitRate1                   : num  0.039 0.05 0.0385 0.0843 0.1333 ...
 $ Gen01.HitRate2                   : num  0.0779 0.0833 0.0769 0.0964 0.0667 ...
 $ Gen01.HitRate3                   : num  0.0649 0.0833 0.0641 0.0482 0 ...
 $ Gen01.HitRate4                   : num  0.0649 0.05 0.0641 0.0602 0.0667 ...
 $ Gen01.HitRate5                   : num  0.026 0.1167 0.0256 0.1325 0.0667 ...
 $ EOF                              : int  1 1 1 1 1 1 1 1 1 1 ...
[1] "2022-02-25 20:39:35 --- RxSqlServerData Finish ---"
[1] "2022-02-25 20:39:35 --- subset Start ---"
[1] "--------------------------------------------------------------------------------"
[1] "nrow(data) subset before=36567"
[1] "nrow(data) subset after =36567"
[1] "nrow(data) subset diff =0"
[1] "--------------------------------------------------------------------------------"
[1] "2022-02-25 20:39:35 --- subset Finish---"
[1] "2022-02-25 20:39:35 --- transform Start ---"
[1] "--------------------------------------------------------------------------------"
[1] "nrow(data) transform before=36567"
[1] "nrow(data) transform after=36567"
[1] "nrow(data) transform diff=0"
[1] "--------------------------------------------------------------------------------"
[1] "str(data)="
'data.frame':	36567 obs. of  44 variables:
 $ Race.RaceId                      : Factor w/ 2474 levels "20160109-06-01-02-05",..: 1 2 3 4 5 6 7 8 10 11 ...
 $ Race.IsPredictedRace             : logi  TRUE TRUE TRUE TRUE TRUE TRUE ...
 $ Race.IsAnalyzeNormalPastAndFuture: logi  TRUE TRUE TRUE TRUE TRUE TRUE ...
 $ Race.IsAnalyzeNormalPast         : logi  TRUE TRUE TRUE TRUE TRUE TRUE ...
 $ Race.IsAnalyzeNormalFuture       : logi  FALSE FALSE FALSE FALSE FALSE FALSE ...
 $ Race.IsAnalyzeFullPastAndFuture  : logi  TRUE TRUE TRUE TRUE TRUE TRUE ...
 $ Race.IsAnalyzeFullPast           : logi  TRUE TRUE TRUE TRUE TRUE TRUE ...
 $ Race.IsAnalyzeFullFuture         : logi  FALSE FALSE FALSE FALSE FALSE FALSE ...
 $ Race.JyokenCd                    : Factor w/ 1 level "5": 1 1 1 1 1 1 1 1 1 1 ...
 $ Race.JyoType1Cd                  : Factor w/ 175 levels "1-06-1600-5-1",..: 1 2 1 3 1 4 5 6 8 6 ...
 $ Race.RaceType1Cd                 : Factor w/ 3 levels "1-5-X-1","1-5-X-2",..: 1 2 1 1 1 2 3 1 1 1 ...
 $ RaceHorse.RaceId                 : Factor w/ 2474 levels "20160109-06-01-02-05",..: 1 2 3 4 5 6 7 8 10 11 ...
 $ RaceHorse.KettoNum               : Factor w/ 13757 levels "2013105599","2013103352",..: 1 2 3 4 5 3 2 6 3 8 ...
 $ RaceHorse.IsHit1                 : num  0 0 0 0 0 0 0 0 0 0 ...
 $ RaceHorse.IsHit2                 : num  0 0 0 0 0 0 0 0 0 0 ...
 $ RaceHorse.IsHit3                 : num  0 0 1 0 0 0 0 0 1 0 ...
 $ RaceHorse.IsHit4                 : num  0 0 0 0 0 0 0 0 0 0 ...
 $ RaceHorse.IsHit5                 : num  0 0 0 0 0 1 0 0 0 0 ...
 $ RaceHorse.IsHit6                 : num  1 1 0 1 1 0 1 1 0 1 ...
 $ RaceHorse.IsValidRaceHorse       : logi  TRUE TRUE TRUE TRUE TRUE TRUE ...
 $ RaceHorse.TimeSdv                : num  -0.07353 0.51579 -0.00164 0.37953 0.57352 ...
 $ RaceHorse.IsHitA                 : num  0 0 0 0 0 0 0 0 0 0 ...
 $ RaceHorse.IsHitB                 : num  0 0 0 0 0 0 0 0 0 0 ...
 $ RaceHorse.IsHitC                 : num  0 0 1 0 0 0 0 0 1 0 ...
 $ Gen01.HansyokuNum                : Factor w/ 415 levels "11201954","11201960",..: 1 1 1 2 3 1 1 2 1 2 ...
 $ Gen01.TimeSdvByRaceAvg           : num  -0.0617 -0.0192 -0.054 0.1136 0.1001 ...
 $ Gen01.TimeSdvByRaceMin           : num  -2.9 -2.42 -2.9 -2.71 -2.45 ...
 $ Gen01.TimeSdvByRaceMax           : num  1.66 2.29 1.66 1.62 1.62 ...
 $ Gen01.TimeSdvAvg                 : num  -0.0893 -0.0773 -0.089 0.1221 -0.206 ...
 $ Gen01.TimeSdvMin                 : num  -2.37 -2.47 -2.37 -2.23 -1.49 ...
 $ Gen01.TimeSdvMax                 : num  1.8 2.04 1.8 2.01 1.26 ...
 $ Gen01.OrderOfFinishSdvAvg        : num  -0.1271 -0.0585 -0.1243 0.1259 0.2746 ...
 $ Gen01.RunCount                   : num  77 60 78 83 15 60 3 84 78 85 ...
 $ Gen01.HitCount1                  : num  3 3 3 7 2 3 0 7 3 7 ...
 $ Gen01.HitCount2                  : num  6 5 6 8 1 5 1 8 6 8 ...
 $ Gen01.HitCount3                  : num  5 5 5 4 0 5 0 4 6 4 ...
 $ Gen01.HitCount4                  : num  5 3 5 5 1 3 0 5 5 5 ...
 $ Gen01.HitCount5                  : num  2 7 2 11 1 7 0 11 2 11 ...
 $ Gen01.HitRate1                   : num  0.039 0.05 0.0385 0.0843 0.1333 ...
 $ Gen01.HitRate2                   : num  0.0779 0.0833 0.0769 0.0964 0.0667 ...
 $ Gen01.HitRate3                   : num  0.0649 0.0833 0.0641 0.0482 0 ...
 $ Gen01.HitRate4                   : num  0.0649 0.05 0.0641 0.0602 0.0667 ...
 $ Gen01.HitRate5                   : num  0.026 0.1167 0.0256 0.1325 0.0667 ...
 $ EOF                              : int  1 1 1 1 1 1 1 1 1 1 ...
NULL
[1] "2022-02-25 20:39:36 --- transform Finish ---"
[1] "2022-02-25 20:39:36 --- na.omit Start ---"
[1] "--------------------------------------------------------------------------------"
[1] "nrow(data) na.omit before=36567"
[1] "nrow(data) na.omit after =36313"
[1] "nrow(data) na.omit diff =254"
[1] "--------------------------------------------------------------------------------"
'data.frame':	36313 obs. of  44 variables:
 $ Race.RaceId                      : Factor w/ 2474 levels "20160109-06-01-02-05",..: 1 2 3 4 5 6 7 8 10 11 ...
 $ Race.IsPredictedRace             : logi  TRUE TRUE TRUE TRUE TRUE TRUE ...
 $ Race.IsAnalyzeNormalPastAndFuture: logi  TRUE TRUE TRUE TRUE TRUE TRUE ...
 $ Race.IsAnalyzeNormalPast         : logi  TRUE TRUE TRUE TRUE TRUE TRUE ...
 $ Race.IsAnalyzeNormalFuture       : logi  FALSE FALSE FALSE FALSE FALSE FALSE ...
 $ Race.IsAnalyzeFullPastAndFuture  : logi  TRUE TRUE TRUE TRUE TRUE TRUE ...
 $ Race.IsAnalyzeFullPast           : logi  TRUE TRUE TRUE TRUE TRUE TRUE ...
 $ Race.IsAnalyzeFullFuture         : logi  FALSE FALSE FALSE FALSE FALSE FALSE ...
 $ Race.JyokenCd                    : Factor w/ 1 level "5": 1 1 1 1 1 1 1 1 1 1 ...
 $ Race.JyoType1Cd                  : Factor w/ 175 levels "1-06-1600-5-1",..: 1 2 1 3 1 4 5 6 8 6 ...
 $ Race.RaceType1Cd                 : Factor w/ 3 levels "1-5-X-1","1-5-X-2",..: 1 2 1 1 1 2 3 1 1 1 ...
 $ RaceHorse.RaceId                 : Factor w/ 2474 levels "20160109-06-01-02-05",..: 1 2 3 4 5 6 7 8 10 11 ...
 $ RaceHorse.KettoNum               : Factor w/ 13757 levels "2013105599","2013103352",..: 1 2 3 4 5 3 2 6 3 8 ...
 $ RaceHorse.IsHit1                 : num  0 0 0 0 0 0 0 0 0 0 ...
 $ RaceHorse.IsHit2                 : num  0 0 0 0 0 0 0 0 0 0 ...
 $ RaceHorse.IsHit3                 : num  0 0 1 0 0 0 0 0 1 0 ...
 $ RaceHorse.IsHit4                 : num  0 0 0 0 0 0 0 0 0 0 ...
 $ RaceHorse.IsHit5                 : num  0 0 0 0 0 1 0 0 0 0 ...
 $ RaceHorse.IsHit6                 : num  1 1 0 1 1 0 1 1 0 1 ...
 $ RaceHorse.IsValidRaceHorse       : logi  TRUE TRUE TRUE TRUE TRUE TRUE ...
 $ RaceHorse.TimeSdv                : num  -0.07353 0.51579 -0.00164 0.37953 0.57352 ...
 $ RaceHorse.IsHitA                 : num  0 0 0 0 0 0 0 0 0 0 ...
 $ RaceHorse.IsHitB                 : num  0 0 0 0 0 0 0 0 0 0 ...
 $ RaceHorse.IsHitC                 : num  0 0 1 0 0 0 0 0 1 0 ...
 $ Gen01.HansyokuNum                : Factor w/ 415 levels "11201954","11201960",..: 1 1 1 2 3 1 1 2 1 2 ...
 $ Gen01.TimeSdvByRaceAvg           : num  -0.0617 -0.0192 -0.054 0.1136 0.1001 ...
 $ Gen01.TimeSdvByRaceMin           : num  -2.9 -2.42 -2.9 -2.71 -2.45 ...
 $ Gen01.TimeSdvByRaceMax           : num  1.66 2.29 1.66 1.62 1.62 ...
 $ Gen01.TimeSdvAvg                 : num  -0.0893 -0.0773 -0.089 0.1221 -0.206 ...
 $ Gen01.TimeSdvMin                 : num  -2.37 -2.47 -2.37 -2.23 -1.49 ...
 $ Gen01.TimeSdvMax                 : num  1.8 2.04 1.8 2.01 1.26 ...
 $ Gen01.OrderOfFinishSdvAvg        : num  -0.1271 -0.0585 -0.1243 0.1259 0.2746 ...
 $ Gen01.RunCount                   : num  77 60 78 83 15 60 3 84 78 85 ...
 $ Gen01.HitCount1                  : num  3 3 3 7 2 3 0 7 3 7 ...
 $ Gen01.HitCount2                  : num  6 5 6 8 1 5 1 8 6 8 ...
 $ Gen01.HitCount3                  : num  5 5 5 4 0 5 0 4 6 4 ...
 $ Gen01.HitCount4                  : num  5 3 5 5 1 3 0 5 5 5 ...
 $ Gen01.HitCount5                  : num  2 7 2 11 1 7 0 11 2 11 ...
 $ Gen01.HitRate1                   : num  0.039 0.05 0.0385 0.0843 0.1333 ...
 $ Gen01.HitRate2                   : num  0.0779 0.0833 0.0769 0.0964 0.0667 ...
 $ Gen01.HitRate3                   : num  0.0649 0.0833 0.0641 0.0482 0 ...
 $ Gen01.HitRate4                   : num  0.0649 0.05 0.0641 0.0602 0.0667 ...
 $ Gen01.HitRate5                   : num  0.026 0.1167 0.0256 0.1325 0.0667 ...
 $ EOF                              : int  1 1 1 1 1 1 1 1 1 1 ...
 - attr(*, "na.action")= 'omit' Named int  70 145 236 263 397 505 510 555 661 997 ...
  ..- attr(*, "names")= chr  "70" "145" "236" "263" ...
[1] "2022-02-25 20:39:36 --- na.omit Finish ---"
[1] "2022-02-25 20:39:36 --- rxGlm with rxStepControl Start ---"

> print(paste0(Sys.time(), " --- source_logic_glm.R Start ---"))
[1] "2022-02-25 20:39:36 --- source_logic_glm.R Start ---"

> formula <- formula(RaceHorse.IsHitA ~ +1 + Gen01.TimeSdvAvg)

> print(paste0(Sys.time(), " --- source_logic_glm.R Finished ---"))
[1] "2022-02-25 20:39:36 --- source_logic_glm.R Finished ---"
Rows Read: 36313, Total Rows Processed: 36313, Total Chunk Time: 0.002 seconds 

Starting values (iteration 1) time: 0.016 secs.
Rows Read: 36313, Total Rows Processed: 36313, Total Chunk Time: 0.003 seconds 

Iteration 2 time: 0.011 secs.
Rows Read: 36313, Total Rows Processed: 36313, Total Chunk Time: 0.003 seconds 

Iteration 3 time: 0.006 secs.
Rows Read: 36313, Total Rows Processed: 36313, Total Chunk Time: 0.003 seconds 

Iteration 4 time: 0.006 secs.
Rows Read: 36313, Total Rows Processed: 36313, Total Chunk Time: 0.003 seconds 

Iteration 5 time: 0.006 secs.

Elapsed computation time: 0.067 secs.
Rows Read: 36313, Total Rows Processed: 36313, Total Chunk Time: 0.001 seconds 

Starting values (iteration 1) time: 0.013 secs.
Rows Read: 36313, Total Rows Processed: 36313, Total Chunk Time: 0.002 seconds 

Iteration 2 time: 0.010 secs.

Elapsed computation time: 0.031 secs.
Rows Read: 36313, Total Rows Processed: 36313, Total Chunk Time: 0.002 seconds 

Starting values (iteration 1) time: 0.013 secs.
Rows Read: 36313, Total Rows Processed: 36313, Total Chunk Time: 0.003 seconds 

Iteration 2 time: 0.011 secs.
Rows Read: 36313, Total Rows Processed: 36313, Total Chunk Time: 0.003 seconds 

Iteration 3 time: 0.006 secs.
Rows Read: 36313, Total Rows Processed: 36313, Total Chunk Time: 0.004 seconds 

Iteration 4 time: 0.006 secs.
Rows Read: 36313, Total Rows Processed: 36313, Total Chunk Time: 0.003 seconds 

Iteration 5 time: 0.006 secs.

Elapsed computation time: 0.069 secs.

Elapsed computation time: 0.189 secs.
[1] "--------------------------------------------------------------------------------"
[1] "analyze.results.glm.step="
Logistic Regression Results for: RaceHorse.IsHitA ~ Gen01.TimeSdvAvg
Data: data
Dependent variable(s): RaceHorse.IsHitA
Total independent variables: 2 
Number of valid observations: 36313
Number of missing observations: 0 
 
Coefficients:
                 RaceHorse.IsHitA
(Intercept)                    -3
Gen01.TimeSdvAvg                1
[1] "analyze.results.glm.step.summary"
Call:
rxLogit(formula = formula, data = data, variableSelection = analyze.results.glm.step.varsel)

Logistic Regression Results for: RaceHorse.IsHitA ~ Gen01.TimeSdvAvg
Data: data
Dependent variable(s): RaceHorse.IsHitA
Total independent variables: 2 
Number of valid observations: 36313
Number of missing observations: 0 
-2*LogLikelihood: 17609.037 (Residual deviance on 36311 degrees of freedom)
 
Coefficients:
                 Estimate Std. Error z value Pr(>|z|)    
(Intercept)       -2.8063     0.0250  -112.3  2.2e-16 ***
Gen01.TimeSdvAvg   1.4723     0.0827    17.8  2.2e-16 ***
---
Signif. codes:  0 '***' 0.001 '**' 0.01 '*' 0.05 '.' 0.1 ' ' 1

Condition number of final variance-covariance matrix: 1 
Number of iterations: 5
[1] "--------------------------------------------------------------------------------"
[1] "2022-02-25 20:39:37 --- rxGlm with rxStepControl Finish ---"
[1] "2022-02-25 20:39:37 --- rxStepPlot Start ---"
[1] "pdfFilename=pdf_analyze_glm_Gen01_Type15_rxStepPlot.pdf"
[1] "rxStepPlot="
[1] "2022-02-25 20:39:37 --- rxStepPlot Finish ---"
[1] "2022-02-25 20:39:37 --- save.image Start ---"
[1] "save.image"
[1] "rdataFilename=RData_analyze_glm_Gen01_Type15.RData"
[1] "2022-02-25 20:39:37 --- save.image Finish ---"
[1] "2022-02-25 20:39:37 --- final Start ---"
[1] "--------------------------------------------------------------------------------"
[1] "nrow(data) final=36313"
[1] "--------------------------------------------------------------------------------"
[1] "2022-02-25 20:39:37 --- final Finish ---"
[1] "2022-02-25 20:39:37 --- analyze_glm.R Finished ---"
[1] "2022-02-25 20:39:37 --- log Finish ---"
