[1] "2022-02-25 20:22:16 --- D1115_analyze_glm_Gen01_IsHitA_Type14 Start ---"
[1] "2022-02-25 20:22:16 --- Log Start ---"
[1] "2022-02-25 20:22:16 --- analyze_glm.R Start ---"
[1] "analyzeVersion=D1115"
[1] "analyzeCategory=analyze"
[1] "analyzeType=Gen01"
[1] "analyzeFamily=IsHitA"
[1] "analyzeFunc=glm"
[1] "analyzeTrackTypeCd=1"
[1] "analyzeJyokenCd=4"
[1] "2022-02-25 20:22:16 --- source_function.R Start ---"
[1] "2022-02-25 20:22:16 --- source_function.R Finished ---"

> print(paste0(Sys.time(), " --- source_library.R Start ---"))
[1] "2022-02-25 20:22:16 --- source_library.R Start ---"

> require("RevoScaleR")

> print(paste0(Sys.time(), " --- source_library.R Finished ---"))
[1] "2022-02-25 20:22:16 --- source_library.R Finished ---"
[1] "2022-02-25 20:22:16 --- RxSqlServerData Start ---"
[1] "2022-02-25 20:22:16 --- RxInSqlServer Start ---"
[1] "2022-02-25 20:22:16 --- RxInSqlServer Finish ---"
[1] "2022-02-25 20:22:16 --- rxSetComputeContext Start ---"
[1] "2022-02-25 20:22:16 --- rxSetComputeContext Finish ---"
[1] "2022-02-25 20:22:16 --- RxSqlServerData Start ---"
[1] "sqlQuery=SELECT * FROM ViewAnalyzeD1115analyze01Gen01Type14"
[1] "2022-02-25 20:22:16 --- RxSqlServerData Finish ---"
[1] "2022-02-25 20:22:16 --- rxGetVarInfo Start ---"
[1] "2022-02-25 20:22:17 --- rxGetVarInfo Finish---"
[1] "2022-02-25 20:22:17 --- rxImport Start ---"
Rows Read: 29735, Total Rows Processed: 29735, Total Chunk Time: 227.899 seconds 
[1] "2022-02-25 20:32:37 --- rxImport Finish ---"
[1] "object.size(data) auto=9.1 Mb"
[1] "--------------------------------------------------------------------------------"
[1] "nrow(data) RxSqlServerData=29735"
[1] "--------------------------------------------------------------------------------"
[1] "str(data)="
'data.frame':	29735 obs. of  44 variables:
 $ Race.RaceId                      : Factor w/ 2247 levels "20160116-08-01-05-12",..: 11 1 2 3 4 5 6 12 7 8 ...
 $ Race.IsPredictedRace             : logi  TRUE TRUE TRUE TRUE TRUE TRUE ...
 $ Race.IsAnalyzeNormalPastAndFuture: logi  TRUE TRUE TRUE TRUE TRUE TRUE ...
 $ Race.IsAnalyzeNormalPast         : logi  TRUE TRUE TRUE TRUE TRUE TRUE ...
 $ Race.IsAnalyzeNormalFuture       : logi  FALSE FALSE FALSE FALSE FALSE FALSE ...
 $ Race.IsAnalyzeFullPastAndFuture  : logi  TRUE TRUE TRUE TRUE TRUE TRUE ...
 $ Race.IsAnalyzeFullPast           : logi  TRUE TRUE TRUE TRUE TRUE TRUE ...
 $ Race.IsAnalyzeFullFuture         : logi  FALSE FALSE FALSE FALSE FALSE FALSE ...
 $ Race.JyokenCd                    : Factor w/ 1 level "4": 1 1 1 1 1 1 1 1 1 1 ...
 $ Race.JyoType1Cd                  : Factor w/ 177 levels "1-08-1800-4-1",..: 10 1 2 3 4 5 6 11 7 5 ...
 $ Race.RaceType1Cd                 : Factor w/ 6 levels "1-4-X-2","1-4-E-1",..: 1 1 2 3 1 3 4 4 2 2 ...
 $ RaceHorse.RaceId                 : Factor w/ 2247 levels "20160116-08-01-05-12",..: 11 1 2 3 4 5 6 12 7 8 ...
 $ RaceHorse.KettoNum               : Factor w/ 6727 levels "2009103441","2013100689",..: 4 1 2 3 4 5 6 1 2 7 ...
 $ RaceHorse.IsHit1                 : num  0 0 0 0 0 0 0 0 0 0 ...
 $ RaceHorse.IsHit2                 : num  1 0 1 1 1 0 0 0 0 0 ...
 $ RaceHorse.IsHit3                 : num  0 0 0 0 0 1 0 0 0 0 ...
 $ RaceHorse.IsHit4                 : num  0 0 0 0 0 0 0 0 0 0 ...
 $ RaceHorse.IsHit5                 : num  0 0 0 0 0 0 0 0 0 0 ...
 $ RaceHorse.IsHit6                 : num  0 1 0 0 0 0 1 1 1 1 ...
 $ RaceHorse.IsValidRaceHorse       : logi  TRUE TRUE TRUE TRUE TRUE TRUE ...
 $ RaceHorse.TimeSdv                : num  0.374 0.264 1.046 0.26 0.729 ...
 $ RaceHorse.IsHitA                 : num  0 0 0 0 0 0 0 0 0 0 ...
 $ RaceHorse.IsHitB                 : num  1 0 1 1 1 0 0 0 0 0 ...
 $ RaceHorse.IsHitC                 : num  1 0 1 1 1 1 0 0 0 0 ...
 $ Gen01.HansyokuNum                : Factor w/ 352 levels "11201942","11201953",..: 4 1 2 3 4 2 2 1 2 5 ...
 $ Gen01.TimeSdvByRaceAvg           : num  0.765 -0.074 0.161 0.297 0.874 ...
 $ Gen01.TimeSdvByRaceMin           : num  -1.16 -1.43 -2.03 -1.43 -1.16 ...
 $ Gen01.TimeSdvByRaceMax           : num  1.79 1.22 1.78 1.71 1.79 ...
 $ Gen01.TimeSdvAvg                 : num  0.2931 -0.1597 0.0087 0.247 0.3047 ...
 $ Gen01.TimeSdvMin                 : num  -0.411 -0.925 -1.101 -2.283 -0.411 ...
 $ Gen01.TimeSdvMax                 : num  0.809 0.668 0.745 1.79 0.809 ...
 $ Gen01.OrderOfFinishSdvAvg        : num  0.603 -0.203 0.212 0.301 0.7 ...
 $ Gen01.RunCount                   : num  6 11 12 68 7 26 16 5 13 24 ...
 $ Gen01.HitCount1                  : num  1 0 1 3 1 1 0 0 1 3 ...
 $ Gen01.HitCount2                  : num  2 1 1 3 3 3 3 0 2 2 ...
 $ Gen01.HitCount3                  : num  0 1 2 4 0 2 2 0 2 3 ...
 $ Gen01.HitCount4                  : num  1 1 1 11 1 0 2 1 1 1 ...
 $ Gen01.HitCount5                  : num  0 0 0 5 0 2 2 1 0 3 ...
 $ Gen01.HitRate1                   : num  0.1667 0 0.0833 0.0441 0.1429 ...
 $ Gen01.HitRate2                   : num  0.3333 0.0909 0.0833 0.0441 0.4286 ...
 $ Gen01.HitRate3                   : num  0 0.0909 0.1667 0.0588 0 ...
 $ Gen01.HitRate4                   : num  0.1667 0.0909 0.0833 0.1618 0.1429 ...
 $ Gen01.HitRate5                   : num  0 0 0 0.0735 0 ...
 $ EOF                              : int  1 1 1 1 1 1 1 1 1 1 ...
[1] "2022-02-25 20:32:54 --- RxSqlServerData Finish ---"
[1] "2022-02-25 20:32:54 --- subset Start ---"
[1] "--------------------------------------------------------------------------------"
[1] "nrow(data) subset before=29735"
[1] "nrow(data) subset after =29735"
[1] "nrow(data) subset diff =0"
[1] "--------------------------------------------------------------------------------"
[1] "2022-02-25 20:32:54 --- subset Finish---"
[1] "2022-02-25 20:32:54 --- transform Start ---"
[1] "--------------------------------------------------------------------------------"
[1] "nrow(data) transform before=29735"
[1] "nrow(data) transform after=29735"
[1] "nrow(data) transform diff=0"
[1] "--------------------------------------------------------------------------------"
[1] "str(data)="
'data.frame':	29735 obs. of  44 variables:
 $ Race.RaceId                      : Factor w/ 2247 levels "20160116-08-01-05-12",..: 11 1 2 3 4 5 6 12 7 8 ...
 $ Race.IsPredictedRace             : logi  TRUE TRUE TRUE TRUE TRUE TRUE ...
 $ Race.IsAnalyzeNormalPastAndFuture: logi  TRUE TRUE TRUE TRUE TRUE TRUE ...
 $ Race.IsAnalyzeNormalPast         : logi  TRUE TRUE TRUE TRUE TRUE TRUE ...
 $ Race.IsAnalyzeNormalFuture       : logi  FALSE FALSE FALSE FALSE FALSE FALSE ...
 $ Race.IsAnalyzeFullPastAndFuture  : logi  TRUE TRUE TRUE TRUE TRUE TRUE ...
 $ Race.IsAnalyzeFullPast           : logi  TRUE TRUE TRUE TRUE TRUE TRUE ...
 $ Race.IsAnalyzeFullFuture         : logi  FALSE FALSE FALSE FALSE FALSE FALSE ...
 $ Race.JyokenCd                    : Factor w/ 1 level "4": 1 1 1 1 1 1 1 1 1 1 ...
 $ Race.JyoType1Cd                  : Factor w/ 177 levels "1-08-1800-4-1",..: 10 1 2 3 4 5 6 11 7 5 ...
 $ Race.RaceType1Cd                 : Factor w/ 6 levels "1-4-X-2","1-4-E-1",..: 1 1 2 3 1 3 4 4 2 2 ...
 $ RaceHorse.RaceId                 : Factor w/ 2247 levels "20160116-08-01-05-12",..: 11 1 2 3 4 5 6 12 7 8 ...
 $ RaceHorse.KettoNum               : Factor w/ 6727 levels "2009103441","2013100689",..: 4 1 2 3 4 5 6 1 2 7 ...
 $ RaceHorse.IsHit1                 : num  0 0 0 0 0 0 0 0 0 0 ...
 $ RaceHorse.IsHit2                 : num  1 0 1 1 1 0 0 0 0 0 ...
 $ RaceHorse.IsHit3                 : num  0 0 0 0 0 1 0 0 0 0 ...
 $ RaceHorse.IsHit4                 : num  0 0 0 0 0 0 0 0 0 0 ...
 $ RaceHorse.IsHit5                 : num  0 0 0 0 0 0 0 0 0 0 ...
 $ RaceHorse.IsHit6                 : num  0 1 0 0 0 0 1 1 1 1 ...
 $ RaceHorse.IsValidRaceHorse       : logi  TRUE TRUE TRUE TRUE TRUE TRUE ...
 $ RaceHorse.TimeSdv                : num  0.374 0.264 1.046 0.26 0.729 ...
 $ RaceHorse.IsHitA                 : num  0 0 0 0 0 0 0 0 0 0 ...
 $ RaceHorse.IsHitB                 : num  1 0 1 1 1 0 0 0 0 0 ...
 $ RaceHorse.IsHitC                 : num  1 0 1 1 1 1 0 0 0 0 ...
 $ Gen01.HansyokuNum                : Factor w/ 352 levels "11201942","11201953",..: 4 1 2 3 4 2 2 1 2 5 ...
 $ Gen01.TimeSdvByRaceAvg           : num  0.765 -0.074 0.161 0.297 0.874 ...
 $ Gen01.TimeSdvByRaceMin           : num  -1.16 -1.43 -2.03 -1.43 -1.16 ...
 $ Gen01.TimeSdvByRaceMax           : num  1.79 1.22 1.78 1.71 1.79 ...
 $ Gen01.TimeSdvAvg                 : num  0.2931 -0.1597 0.0087 0.247 0.3047 ...
 $ Gen01.TimeSdvMin                 : num  -0.411 -0.925 -1.101 -2.283 -0.411 ...
 $ Gen01.TimeSdvMax                 : num  0.809 0.668 0.745 1.79 0.809 ...
 $ Gen01.OrderOfFinishSdvAvg        : num  0.603 -0.203 0.212 0.301 0.7 ...
 $ Gen01.RunCount                   : num  6 11 12 68 7 26 16 5 13 24 ...
 $ Gen01.HitCount1                  : num  1 0 1 3 1 1 0 0 1 3 ...
 $ Gen01.HitCount2                  : num  2 1 1 3 3 3 3 0 2 2 ...
 $ Gen01.HitCount3                  : num  0 1 2 4 0 2 2 0 2 3 ...
 $ Gen01.HitCount4                  : num  1 1 1 11 1 0 2 1 1 1 ...
 $ Gen01.HitCount5                  : num  0 0 0 5 0 2 2 1 0 3 ...
 $ Gen01.HitRate1                   : num  0.1667 0 0.0833 0.0441 0.1429 ...
 $ Gen01.HitRate2                   : num  0.3333 0.0909 0.0833 0.0441 0.4286 ...
 $ Gen01.HitRate3                   : num  0 0.0909 0.1667 0.0588 0 ...
 $ Gen01.HitRate4                   : num  0.1667 0.0909 0.0833 0.1618 0.1429 ...
 $ Gen01.HitRate5                   : num  0 0 0 0.0735 0 ...
 $ EOF                              : int  1 1 1 1 1 1 1 1 1 1 ...
NULL
[1] "2022-02-25 20:32:59 --- transform Finish ---"
[1] "2022-02-25 20:32:59 --- na.omit Start ---"
[1] "--------------------------------------------------------------------------------"
[1] "nrow(data) na.omit before=29735"
[1] "nrow(data) na.omit after =29579"
[1] "nrow(data) na.omit diff =156"
[1] "--------------------------------------------------------------------------------"
'data.frame':	29579 obs. of  44 variables:
 $ Race.RaceId                      : Factor w/ 2247 levels "20160116-08-01-05-12",..: 11 1 2 3 4 5 6 12 7 8 ...
 $ Race.IsPredictedRace             : logi  TRUE TRUE TRUE TRUE TRUE TRUE ...
 $ Race.IsAnalyzeNormalPastAndFuture: logi  TRUE TRUE TRUE TRUE TRUE TRUE ...
 $ Race.IsAnalyzeNormalPast         : logi  TRUE TRUE TRUE TRUE TRUE TRUE ...
 $ Race.IsAnalyzeNormalFuture       : logi  FALSE FALSE FALSE FALSE FALSE FALSE ...
 $ Race.IsAnalyzeFullPastAndFuture  : logi  TRUE TRUE TRUE TRUE TRUE TRUE ...
 $ Race.IsAnalyzeFullPast           : logi  TRUE TRUE TRUE TRUE TRUE TRUE ...
 $ Race.IsAnalyzeFullFuture         : logi  FALSE FALSE FALSE FALSE FALSE FALSE ...
 $ Race.JyokenCd                    : Factor w/ 1 level "4": 1 1 1 1 1 1 1 1 1 1 ...
 $ Race.JyoType1Cd                  : Factor w/ 177 levels "1-08-1800-4-1",..: 10 1 2 3 4 5 6 11 7 5 ...
 $ Race.RaceType1Cd                 : Factor w/ 6 levels "1-4-X-2","1-4-E-1",..: 1 1 2 3 1 3 4 4 2 2 ...
 $ RaceHorse.RaceId                 : Factor w/ 2247 levels "20160116-08-01-05-12",..: 11 1 2 3 4 5 6 12 7 8 ...
 $ RaceHorse.KettoNum               : Factor w/ 6727 levels "2009103441","2013100689",..: 4 1 2 3 4 5 6 1 2 7 ...
 $ RaceHorse.IsHit1                 : num  0 0 0 0 0 0 0 0 0 0 ...
 $ RaceHorse.IsHit2                 : num  1 0 1 1 1 0 0 0 0 0 ...
 $ RaceHorse.IsHit3                 : num  0 0 0 0 0 1 0 0 0 0 ...
 $ RaceHorse.IsHit4                 : num  0 0 0 0 0 0 0 0 0 0 ...
 $ RaceHorse.IsHit5                 : num  0 0 0 0 0 0 0 0 0 0 ...
 $ RaceHorse.IsHit6                 : num  0 1 0 0 0 0 1 1 1 1 ...
 $ RaceHorse.IsValidRaceHorse       : logi  TRUE TRUE TRUE TRUE TRUE TRUE ...
 $ RaceHorse.TimeSdv                : num  0.374 0.264 1.046 0.26 0.729 ...
 $ RaceHorse.IsHitA                 : num  0 0 0 0 0 0 0 0 0 0 ...
 $ RaceHorse.IsHitB                 : num  1 0 1 1 1 0 0 0 0 0 ...
 $ RaceHorse.IsHitC                 : num  1 0 1 1 1 1 0 0 0 0 ...
 $ Gen01.HansyokuNum                : Factor w/ 352 levels "11201942","11201953",..: 4 1 2 3 4 2 2 1 2 5 ...
 $ Gen01.TimeSdvByRaceAvg           : num  0.765 -0.074 0.161 0.297 0.874 ...
 $ Gen01.TimeSdvByRaceMin           : num  -1.16 -1.43 -2.03 -1.43 -1.16 ...
 $ Gen01.TimeSdvByRaceMax           : num  1.79 1.22 1.78 1.71 1.79 ...
 $ Gen01.TimeSdvAvg                 : num  0.2931 -0.1597 0.0087 0.247 0.3047 ...
 $ Gen01.TimeSdvMin                 : num  -0.411 -0.925 -1.101 -2.283 -0.411 ...
 $ Gen01.TimeSdvMax                 : num  0.809 0.668 0.745 1.79 0.809 ...
 $ Gen01.OrderOfFinishSdvAvg        : num  0.603 -0.203 0.212 0.301 0.7 ...
 $ Gen01.RunCount                   : num  6 11 12 68 7 26 16 5 13 24 ...
 $ Gen01.HitCount1                  : num  1 0 1 3 1 1 0 0 1 3 ...
 $ Gen01.HitCount2                  : num  2 1 1 3 3 3 3 0 2 2 ...
 $ Gen01.HitCount3                  : num  0 1 2 4 0 2 2 0 2 3 ...
 $ Gen01.HitCount4                  : num  1 1 1 11 1 0 2 1 1 1 ...
 $ Gen01.HitCount5                  : num  0 0 0 5 0 2 2 1 0 3 ...
 $ Gen01.HitRate1                   : num  0.1667 0 0.0833 0.0441 0.1429 ...
 $ Gen01.HitRate2                   : num  0.3333 0.0909 0.0833 0.0441 0.4286 ...
 $ Gen01.HitRate3                   : num  0 0.0909 0.1667 0.0588 0 ...
 $ Gen01.HitRate4                   : num  0.1667 0.0909 0.0833 0.1618 0.1429 ...
 $ Gen01.HitRate5                   : num  0 0 0 0.0735 0 ...
 $ EOF                              : int  1 1 1 1 1 1 1 1 1 1 ...
 - attr(*, "na.action")= 'omit' Named int  210 288 584 906 928 979 1053 1516 2459 2868 ...
  ..- attr(*, "names")= chr  "210" "288" "584" "906" ...
[1] "2022-02-25 20:33:06 --- na.omit Finish ---"
[1] "2022-02-25 20:33:06 --- rxGlm with rxStepControl Start ---"

> print(paste0(Sys.time(), " --- source_logic_glm.R Start ---"))
[1] "2022-02-25 20:33:06 --- source_logic_glm.R Start ---"

> formula <- formula(RaceHorse.IsHitA ~ +1 + Gen01.TimeSdvAvg)

> print(paste0(Sys.time(), " --- source_logic_glm.R Finished ---"))
[1] "2022-02-25 20:33:06 --- source_logic_glm.R Finished ---"
Rows Read: 29579, Total Rows Processed: 29579, Total Chunk Time: 0.002 seconds 

Starting values (iteration 1) time: 0.038 secs.
Rows Read: 29579, Total Rows Processed: 29579, Total Chunk Time: 0.003 seconds 

Iteration 2 time: 0.153 secs.
Rows Read: 29579, Total Rows Processed: 29579, Total Chunk Time: 0.003 seconds 

Iteration 3 time: 0.175 secs.
Rows Read: 29579, Total Rows Processed: 29579, Total Chunk Time: 0.003 seconds 

Iteration 4 time: 0.153 secs.

Elapsed computation time: 0.814 secs.
Rows Read: 29579, Total Rows Processed: 29579, Total Chunk Time: 0.002 seconds 

Starting values (iteration 1) time: 0.098 secs.
Rows Read: 29579, Total Rows Processed: 29579, Total Chunk Time: 0.002 seconds 

Iteration 2 time: 0.093 secs.

Elapsed computation time: 0.377 secs.
Rows Read: 29579, Total Rows Processed: 29579, Total Chunk Time: 0.002 seconds 

Starting values (iteration 1) time: 0.087 secs.
Rows Read: 29579, Total Rows Processed: 29579, Total Chunk Time: 0.002 seconds 

Iteration 2 time: 0.092 secs.
Rows Read: 29579, Total Rows Processed: 29579, Total Chunk Time: 0.003 seconds 

Iteration 3 time: 0.074 secs.
Rows Read: 29579, Total Rows Processed: 29579, Total Chunk Time: 0.003 seconds 

Iteration 4 time: 0.160 secs.

Elapsed computation time: 0.765 secs.

Elapsed computation time: 2.205 secs.
[1] "--------------------------------------------------------------------------------"
[1] "analyze.results.glm.step="
Logistic Regression Results for: RaceHorse.IsHitA ~ Gen01.TimeSdvAvg
Data: data
Dependent variable(s): RaceHorse.IsHitA
Total independent variables: 2 
Number of valid observations: 29579
Number of missing observations: 0 
 
Coefficients:
                 RaceHorse.IsHitA
(Intercept)                  -2.6
Gen01.TimeSdvAvg              0.4
[1] "analyze.results.glm.step.summary"
Call:
rxLogit(formula = formula, data = data, variableSelection = analyze.results.glm.step.varsel)

Logistic Regression Results for: RaceHorse.IsHitA ~ Gen01.TimeSdvAvg
Data: data
Dependent variable(s): RaceHorse.IsHitA
Total independent variables: 2 
Number of valid observations: 29579
Number of missing observations: 0 
-2*LogLikelihood: 15645.892 (Residual deviance on 29577 degrees of freedom)
 
Coefficients:
                 Estimate Std. Error z value Pr(>|z|)    
(Intercept)       -2.5639     0.0239 -107.28  2.2e-16 ***
Gen01.TimeSdvAvg   0.4331     0.0753    5.75  8.9e-09 ***
---
Signif. codes:  0 '***' 0.001 '**' 0.01 '*' 0.05 '.' 0.1 ' ' 1

Condition number of final variance-covariance matrix: 1 
Number of iterations: 4
[1] "--------------------------------------------------------------------------------"
[1] "2022-02-25 20:33:11 --- rxGlm with rxStepControl Finish ---"
[1] "2022-02-25 20:33:11 --- rxStepPlot Start ---"
[1] "pdfFilename=pdf_analyze_glm_Gen01_Type14_rxStepPlot.pdf"
[1] "rxStepPlot="
[1] "2022-02-25 20:33:11 --- rxStepPlot Finish ---"
[1] "2022-02-25 20:33:12 --- save.image Start ---"
[1] "save.image"
[1] "rdataFilename=RData_analyze_glm_Gen01_Type14.RData"
[1] "2022-02-25 20:33:12 --- save.image Finish ---"
[1] "2022-02-25 20:33:12 --- final Start ---"
[1] "--------------------------------------------------------------------------------"
[1] "nrow(data) final=29579"
[1] "--------------------------------------------------------------------------------"
[1] "2022-02-25 20:33:12 --- final Finish ---"
[1] "2022-02-25 20:33:12 --- analyze_glm.R Finished ---"
[1] "2022-02-25 20:33:12 --- log Finish ---"
