[1] "2022-02-26 17:57:33 --- D1115_analyze_glm_Horse_IsHitA_Type25 Start ---"
[1] "2022-02-26 17:57:33 --- Log Start ---"
[1] "2022-02-26 17:57:33 --- analyze_glm.R Start ---"
[1] "analyzeVersion=D1115"
[1] "analyzeCategory=analyze"
[1] "analyzeType=Horse"
[1] "analyzeFamily=IsHitA"
[1] "analyzeFunc=glm"
[1] "analyzeTrackTypeCd=2"
[1] "analyzeJyokenCd=5"
[1] "2022-02-26 17:57:34 --- source_function.R Start ---"
[1] "2022-02-26 17:57:36 --- source_function.R Finished ---"

> print(paste0(Sys.time(), " --- source_library.R Start ---"))
[1] "2022-02-26 17:57:37 --- source_library.R Start ---"

> require("RevoScaleR")

> print(paste0(Sys.time(), " --- source_library.R Finished ---"))
[1] "2022-02-26 17:57:44 --- source_library.R Finished ---"
[1] "2022-02-26 17:57:46 --- RxSqlServerData Start ---"
[1] "2022-02-26 17:57:50 --- RxInSqlServer Start ---"
[1] "2022-02-26 17:57:54 --- RxInSqlServer Finish ---"
[1] "2022-02-26 17:57:58 --- rxSetComputeContext Start ---"
[1] "2022-02-26 17:57:58 --- rxSetComputeContext Finish ---"
[1] "2022-02-26 17:57:58 --- RxSqlServerData Start ---"
[1] "sqlQuery=SELECT * FROM ViewAnalyzeD1115analyze01HorseType25"
[1] "2022-02-26 17:57:58 --- RxSqlServerData Finish ---"
[1] "2022-02-26 17:57:59 --- rxGetVarInfo Start ---"
[1] "2022-02-26 17:58:03 --- rxGetVarInfo Finish---"
[1] "2022-02-26 17:58:03 --- rxImport Start ---"
Rows Read: 46468, Total Rows Processed: 46468, Total Chunk Time: 13.355 seconds 
[1] "2022-02-26 17:58:29 --- rxImport Finish ---"
[1] "object.size(data) auto=15.7 Mb"
[1] "--------------------------------------------------------------------------------"
[1] "nrow(data) RxSqlServerData=46468"
[1] "--------------------------------------------------------------------------------"
[1] "str(data)="
'data.frame':	46468 obs. of  44 variables:
 $ Race.RaceId                      : Factor w/ 3266 levels "20160604-05-03-01-01",..: 11 12 8 13 14 15 16 17 18 19 ...
 $ Race.IsAnalyzeNormalPastAndFuture: logi  TRUE TRUE TRUE TRUE TRUE TRUE ...
 $ Race.IsAnalyzeNormalPast         : logi  TRUE TRUE TRUE TRUE TRUE TRUE ...
 $ Race.IsAnalyzeNormalFuture       : logi  FALSE FALSE FALSE FALSE FALSE FALSE ...
 $ Race.IsAnalyzeFullPastAndFuture  : logi  TRUE TRUE TRUE TRUE TRUE TRUE ...
 $ Race.IsAnalyzeFullPast           : logi  TRUE TRUE TRUE TRUE TRUE TRUE ...
 $ Race.IsAnalyzeFullFuture         : logi  FALSE FALSE FALSE FALSE FALSE FALSE ...
 $ Race.JyokenCd                    : Factor w/ 1 level "5": 1 1 1 1 1 1 1 1 1 1 ...
 $ Race.JyoType1Cd                  : Factor w/ 116 levels "2-05-1400-5-1",..: 6 11 8 12 10 13 14 15 16 17 ...
 $ Race.RaceType1Cd                 : Factor w/ 3 levels "2-5-X-1","2-5-X-2",..: 2 1 1 1 1 1 1 1 1 1 ...
 $ RaceHorse.RaceId                 : Factor w/ 3266 levels "20160604-05-03-01-01",..: 11 12 8 13 14 15 16 17 18 19 ...
 $ RaceHorse.KettoNum               : Factor w/ 16199 levels "2013100485","2013100490",..: 11 12 13 14 15 16 17 18 19 20 ...
 $ RaceHorse.IsHit1                 : num  1 0 0 0 0 0 0 0 0 0 ...
 $ RaceHorse.IsHit2                 : num  0 0 0 0 0 0 0 0 0 0 ...
 $ RaceHorse.IsHit3                 : num  0 0 0 0 0 0 0 0 0 0 ...
 $ RaceHorse.IsHit4                 : num  0 0 0 1 0 0 0 1 0 0 ...
 $ RaceHorse.IsHit5                 : num  0 0 0 0 0 0 0 0 0 0 ...
 $ RaceHorse.IsHit6                 : num  0 1 1 0 1 1 1 0 1 1 ...
 $ RaceHorse.IsValidRaceHorse       : logi  TRUE TRUE TRUE TRUE TRUE TRUE ...
 $ RaceHorse.TimeSdvByRace          : num  1.629 0.315 -0.83 0.841 -0.604 ...
 $ RaceHorse.TimeSdv                : num  1.3591 -0.1726 -0.3855 0.7366 -0.0755 ...
 $ RaceHorse.IsHitA                 : num  1 0 0 0 0 0 0 0 0 0 ...
 $ RaceHorse.IsHitB                 : num  1 0 0 0 0 0 0 0 0 0 ...
 $ RaceHorse.IsHitC                 : num  1 0 0 0 0 0 0 0 0 0 ...
 $ Horse.KettoNum                   : Factor w/ 16199 levels "2013100485","2013100490",..: 11 12 13 14 15 16 17 18 19 20 ...
 $ Horse.TimeSdvByRaceAvg           : num  0.5071 -0.3014 -0.7351 0.0241 -2.1036 ...
 $ Horse.TimeSdvByRaceMin           : num  -0.9333 -1.0321 -1.4471 0.0241 -2.1036 ...
 $ Horse.TimeSdvByRaceMax           : num  1.225 0.6324 0.1989 0.0241 -2.1036 ...
 $ Horse.TimeSdvAvg                 : num  0.407 -0.657 -0.802 0.857 -1.986 ...
 $ Horse.TimeSdvMin                 : num  -0.831 -1.801 -1.678 0.857 -1.986 ...
 $ Horse.TimeSdvMax                 : num  0.979 0.346 -0.202 0.857 -1.986 ...
 $ Horse.OrderOfFinishSdvAvg        : num  0.4025 -0.4448 -0.6958 -0.0494 -1.8443 ...
 $ Horse.RunCount                   : num  6 3 4 1 1 2 4 7 1 4 ...
 $ Horse.HitCount1                  : num  0 0 0 0 0 0 0 0 0 0 ...
 $ Horse.HitCount2                  : num  2 0 0 0 0 0 0 0 0 0 ...
 $ Horse.HitCount3                  : num  1 0 0 0 0 0 1 0 0 0 ...
 $ Horse.HitCount4                  : num  0 1 0 0 0 0 1 2 0 1 ...
 $ Horse.HitCount5                  : num  0 0 0 0 0 0 2 1 0 0 ...
 $ Horse.HitRate1                   : num  0 0 0 0 0 0 0 0 0 0 ...
 $ Horse.HitRate2                   : num  0.333 0 0 0 0 ...
 $ Horse.HitRate3                   : num  0.167 0 0 0 0 ...
 $ Horse.HitRate4                   : num  0 0.333 0 0 0 ...
 $ Horse.HitRate5                   : num  0 0 0 0 0 ...
 $ EOF                              : int  1 1 1 1 1 1 1 1 1 1 ...
[1] "2022-02-26 17:59:07 --- RxSqlServerData Finish ---"
[1] "2022-02-26 17:59:07 --- subset Start ---"
[1] "--------------------------------------------------------------------------------"
[1] "nrow(data) subset before=46468"
[1] "nrow(data) subset after =46468"
[1] "nrow(data) subset diff =0"
[1] "--------------------------------------------------------------------------------"
[1] "2022-02-26 17:59:08 --- subset Finish---"
[1] "2022-02-26 17:59:09 --- transform Start ---"
[1] "--------------------------------------------------------------------------------"
[1] "nrow(data) transform before=46468"
[1] "nrow(data) transform after=46468"
[1] "nrow(data) transform diff=0"
[1] "--------------------------------------------------------------------------------"
[1] "str(data)="
'data.frame':	46468 obs. of  44 variables:
 $ Race.RaceId                      : Factor w/ 3266 levels "20160604-05-03-01-01",..: 11 12 8 13 14 15 16 17 18 19 ...
 $ Race.IsAnalyzeNormalPastAndFuture: logi  TRUE TRUE TRUE TRUE TRUE TRUE ...
 $ Race.IsAnalyzeNormalPast         : logi  TRUE TRUE TRUE TRUE TRUE TRUE ...
 $ Race.IsAnalyzeNormalFuture       : logi  FALSE FALSE FALSE FALSE FALSE FALSE ...
 $ Race.IsAnalyzeFullPastAndFuture  : logi  TRUE TRUE TRUE TRUE TRUE TRUE ...
 $ Race.IsAnalyzeFullPast           : logi  TRUE TRUE TRUE TRUE TRUE TRUE ...
 $ Race.IsAnalyzeFullFuture         : logi  FALSE FALSE FALSE FALSE FALSE FALSE ...
 $ Race.JyokenCd                    : Factor w/ 1 level "5": 1 1 1 1 1 1 1 1 1 1 ...
 $ Race.JyoType1Cd                  : Factor w/ 116 levels "2-05-1400-5-1",..: 6 11 8 12 10 13 14 15 16 17 ...
 $ Race.RaceType1Cd                 : Factor w/ 3 levels "2-5-X-1","2-5-X-2",..: 2 1 1 1 1 1 1 1 1 1 ...
 $ RaceHorse.RaceId                 : Factor w/ 3266 levels "20160604-05-03-01-01",..: 11 12 8 13 14 15 16 17 18 19 ...
 $ RaceHorse.KettoNum               : Factor w/ 16199 levels "2013100485","2013100490",..: 11 12 13 14 15 16 17 18 19 20 ...
 $ RaceHorse.IsHit1                 : num  1 0 0 0 0 0 0 0 0 0 ...
 $ RaceHorse.IsHit2                 : num  0 0 0 0 0 0 0 0 0 0 ...
 $ RaceHorse.IsHit3                 : num  0 0 0 0 0 0 0 0 0 0 ...
 $ RaceHorse.IsHit4                 : num  0 0 0 1 0 0 0 1 0 0 ...
 $ RaceHorse.IsHit5                 : num  0 0 0 0 0 0 0 0 0 0 ...
 $ RaceHorse.IsHit6                 : num  0 1 1 0 1 1 1 0 1 1 ...
 $ RaceHorse.IsValidRaceHorse       : logi  TRUE TRUE TRUE TRUE TRUE TRUE ...
 $ RaceHorse.TimeSdvByRace          : num  1.629 0.315 -0.83 0.841 -0.604 ...
 $ RaceHorse.TimeSdv                : num  1.3591 -0.1726 -0.3855 0.7366 -0.0755 ...
 $ RaceHorse.IsHitA                 : num  1 0 0 0 0 0 0 0 0 0 ...
 $ RaceHorse.IsHitB                 : num  1 0 0 0 0 0 0 0 0 0 ...
 $ RaceHorse.IsHitC                 : num  1 0 0 0 0 0 0 0 0 0 ...
 $ Horse.KettoNum                   : Factor w/ 16199 levels "2013100485","2013100490",..: 11 12 13 14 15 16 17 18 19 20 ...
 $ Horse.TimeSdvByRaceAvg           : num  0.5071 -0.3014 -0.7351 0.0241 -2.1036 ...
 $ Horse.TimeSdvByRaceMin           : num  -0.9333 -1.0321 -1.4471 0.0241 -2.1036 ...
 $ Horse.TimeSdvByRaceMax           : num  1.225 0.6324 0.1989 0.0241 -2.1036 ...
 $ Horse.TimeSdvAvg                 : num  0.407 -0.657 -0.802 0.857 -1.986 ...
 $ Horse.TimeSdvMin                 : num  -0.831 -1.801 -1.678 0.857 -1.986 ...
 $ Horse.TimeSdvMax                 : num  0.979 0.346 -0.202 0.857 -1.986 ...
 $ Horse.OrderOfFinishSdvAvg        : num  0.4025 -0.4448 -0.6958 -0.0494 -1.8443 ...
 $ Horse.RunCount                   : num  6 3 4 1 1 2 4 7 1 4 ...
 $ Horse.HitCount1                  : num  0 0 0 0 0 0 0 0 0 0 ...
 $ Horse.HitCount2                  : num  2 0 0 0 0 0 0 0 0 0 ...
 $ Horse.HitCount3                  : num  1 0 0 0 0 0 1 0 0 0 ...
 $ Horse.HitCount4                  : num  0 1 0 0 0 0 1 2 0 1 ...
 $ Horse.HitCount5                  : num  0 0 0 0 0 0 2 1 0 0 ...
 $ Horse.HitRate1                   : num  0 0 0 0 0 0 0 0 0 0 ...
 $ Horse.HitRate2                   : num  0.333 0 0 0 0 ...
 $ Horse.HitRate3                   : num  0.167 0 0 0 0 ...
 $ Horse.HitRate4                   : num  0 0.333 0 0 0 ...
 $ Horse.HitRate5                   : num  0 0 0 0 0 ...
 $ EOF                              : int  1 1 1 1 1 1 1 1 1 1 ...
NULL
[1] "2022-02-26 17:59:50 --- transform Finish ---"
[1] "2022-02-26 17:59:50 --- na.omit Start ---"
[1] "--------------------------------------------------------------------------------"
[1] "nrow(data) na.omit before=46468"
[1] "nrow(data) na.omit after =46081"
[1] "nrow(data) na.omit diff =387"
[1] "--------------------------------------------------------------------------------"
'data.frame':	46081 obs. of  44 variables:
 $ Race.RaceId                      : Factor w/ 3266 levels "20160604-05-03-01-01",..: 11 12 8 13 14 15 16 17 18 19 ...
 $ Race.IsAnalyzeNormalPastAndFuture: logi  TRUE TRUE TRUE TRUE TRUE TRUE ...
 $ Race.IsAnalyzeNormalPast         : logi  TRUE TRUE TRUE TRUE TRUE TRUE ...
 $ Race.IsAnalyzeNormalFuture       : logi  FALSE FALSE FALSE FALSE FALSE FALSE ...
 $ Race.IsAnalyzeFullPastAndFuture  : logi  TRUE TRUE TRUE TRUE TRUE TRUE ...
 $ Race.IsAnalyzeFullPast           : logi  TRUE TRUE TRUE TRUE TRUE TRUE ...
 $ Race.IsAnalyzeFullFuture         : logi  FALSE FALSE FALSE FALSE FALSE FALSE ...
 $ Race.JyokenCd                    : Factor w/ 1 level "5": 1 1 1 1 1 1 1 1 1 1 ...
 $ Race.JyoType1Cd                  : Factor w/ 116 levels "2-05-1400-5-1",..: 6 11 8 12 10 13 14 15 16 17 ...
 $ Race.RaceType1Cd                 : Factor w/ 3 levels "2-5-X-1","2-5-X-2",..: 2 1 1 1 1 1 1 1 1 1 ...
 $ RaceHorse.RaceId                 : Factor w/ 3266 levels "20160604-05-03-01-01",..: 11 12 8 13 14 15 16 17 18 19 ...
 $ RaceHorse.KettoNum               : Factor w/ 16199 levels "2013100485","2013100490",..: 11 12 13 14 15 16 17 18 19 20 ...
 $ RaceHorse.IsHit1                 : num  1 0 0 0 0 0 0 0 0 0 ...
 $ RaceHorse.IsHit2                 : num  0 0 0 0 0 0 0 0 0 0 ...
 $ RaceHorse.IsHit3                 : num  0 0 0 0 0 0 0 0 0 0 ...
 $ RaceHorse.IsHit4                 : num  0 0 0 1 0 0 0 1 0 0 ...
 $ RaceHorse.IsHit5                 : num  0 0 0 0 0 0 0 0 0 0 ...
 $ RaceHorse.IsHit6                 : num  0 1 1 0 1 1 1 0 1 1 ...
 $ RaceHorse.IsValidRaceHorse       : logi  TRUE TRUE TRUE TRUE TRUE TRUE ...
 $ RaceHorse.TimeSdvByRace          : num  1.629 0.315 -0.83 0.841 -0.604 ...
 $ RaceHorse.TimeSdv                : num  1.3591 -0.1726 -0.3855 0.7366 -0.0755 ...
 $ RaceHorse.IsHitA                 : num  1 0 0 0 0 0 0 0 0 0 ...
 $ RaceHorse.IsHitB                 : num  1 0 0 0 0 0 0 0 0 0 ...
 $ RaceHorse.IsHitC                 : num  1 0 0 0 0 0 0 0 0 0 ...
 $ Horse.KettoNum                   : Factor w/ 16199 levels "2013100485","2013100490",..: 11 12 13 14 15 16 17 18 19 20 ...
 $ Horse.TimeSdvByRaceAvg           : num  0.5071 -0.3014 -0.7351 0.0241 -2.1036 ...
 $ Horse.TimeSdvByRaceMin           : num  -0.9333 -1.0321 -1.4471 0.0241 -2.1036 ...
 $ Horse.TimeSdvByRaceMax           : num  1.225 0.6324 0.1989 0.0241 -2.1036 ...
 $ Horse.TimeSdvAvg                 : num  0.407 -0.657 -0.802 0.857 -1.986 ...
 $ Horse.TimeSdvMin                 : num  -0.831 -1.801 -1.678 0.857 -1.986 ...
 $ Horse.TimeSdvMax                 : num  0.979 0.346 -0.202 0.857 -1.986 ...
 $ Horse.OrderOfFinishSdvAvg        : num  0.4025 -0.4448 -0.6958 -0.0494 -1.8443 ...
 $ Horse.RunCount                   : num  6 3 4 1 1 2 4 7 1 4 ...
 $ Horse.HitCount1                  : num  0 0 0 0 0 0 0 0 0 0 ...
 $ Horse.HitCount2                  : num  2 0 0 0 0 0 0 0 0 0 ...
 $ Horse.HitCount3                  : num  1 0 0 0 0 0 1 0 0 0 ...
 $ Horse.HitCount4                  : num  0 1 0 0 0 0 1 2 0 1 ...
 $ Horse.HitCount5                  : num  0 0 0 0 0 0 2 1 0 0 ...
 $ Horse.HitRate1                   : num  0 0 0 0 0 0 0 0 0 0 ...
 $ Horse.HitRate2                   : num  0.333 0 0 0 0 ...
 $ Horse.HitRate3                   : num  0.167 0 0 0 0 ...
 $ Horse.HitRate4                   : num  0 0.333 0 0 0 ...
 $ Horse.HitRate5                   : num  0 0 0 0 0 ...
 $ EOF                              : int  1 1 1 1 1 1 1 1 1 1 ...
 - attr(*, "na.action")= 'omit' Named int  113 183 324 554 987 1163 1172 1204 1284 1317 ...
  ..- attr(*, "names")= chr  "113" "183" "324" "554" ...
[1] "2022-02-26 18:00:17 --- na.omit Finish ---"
[1] "2022-02-26 18:00:17 --- rxGlm with rxStepControl Start ---"

> print(paste0(Sys.time(), " --- source_logic_glm.R Start ---"))
[1] "2022-02-26 18:00:18 --- source_logic_glm.R Start ---"

> formula <- formula(RaceHorse.IsHitA ~ +1 + Horse.TimeSdvByRaceAvg)

> print(paste0(Sys.time(), " --- source_logic_glm.R Finished ---"))
[1] "2022-02-26 18:00:21 --- source_logic_glm.R Finished ---"
Rows Read: 46081, Total Rows Processed: 46081, Total Chunk Time: 0.019 seconds 

Starting values (iteration 1) time: 0.044 secs.
Rows Read: 46081, Total Rows Processed: 46081, Total Chunk Time: 0.004 seconds 

Iteration 2 time: 0.015 secs.
Rows Read: 46081, Total Rows Processed: 46081, Total Chunk Time: 0.003 seconds 

Iteration 3 time: 0.007 secs.
Rows Read: 46081, Total Rows Processed: 46081, Total Chunk Time: 0.004 seconds 

Iteration 4 time: 0.007 secs.
Rows Read: 46081, Total Rows Processed: 46081, Total Chunk Time: 0.004 seconds 

Iteration 5 time: 0.007 secs.
Rows Read: 46081, Total Rows Processed: 46081, Total Chunk Time: 0.004 seconds 

Iteration 6 time: 0.007 secs.

Elapsed computation time: 0.322 secs.
Rows Read: 46081, Total Rows Processed: 46081, Total Chunk Time: 0.001 seconds 

Starting values (iteration 1) time: 0.024 secs.
Rows Read: 46081, Total Rows Processed: 46081, Total Chunk Time: 0.003 seconds 

Iteration 2 time: 0.014 secs.

Elapsed computation time: 0.055 secs.
Rows Read: 46081, Total Rows Processed: 46081, Total Chunk Time: 0.002 seconds 

Starting values (iteration 1) time: 0.022 secs.
Rows Read: 46081, Total Rows Processed: 46081, Total Chunk Time: 0.004 seconds 

Iteration 2 time: 0.015 secs.
Rows Read: 46081, Total Rows Processed: 46081, Total Chunk Time: 0.004 seconds 

Iteration 3 time: 0.007 secs.
Rows Read: 46081, Total Rows Processed: 46081, Total Chunk Time: 0.003 seconds 

Iteration 4 time: 0.007 secs.
Rows Read: 46081, Total Rows Processed: 46081, Total Chunk Time: 0.004 seconds 

Iteration 5 time: 0.007 secs.
Rows Read: 46081, Total Rows Processed: 46081, Total Chunk Time: 0.004 seconds 

Iteration 6 time: 0.007 secs.

Elapsed computation time: 0.110 secs.

Elapsed computation time: 0.514 secs.
[1] "--------------------------------------------------------------------------------"
[1] "analyze.results.glm.step="
Logistic Regression Results for: RaceHorse.IsHitA ~
    Horse.TimeSdvByRaceAvg
Data: data
Dependent variable(s): RaceHorse.IsHitA
Total independent variables: 2 
Number of valid observations: 46081
Number of missing observations: 0 
 
Coefficients:
                       RaceHorse.IsHitA
(Intercept)                          -3
Horse.TimeSdvByRaceAvg                2
[1] "analyze.results.glm.step.summary"
Call:
rxLogit(formula = formula, data = data, variableSelection = analyze.results.glm.step.varsel)

Logistic Regression Results for: RaceHorse.IsHitA ~
    Horse.TimeSdvByRaceAvg
Data: data
Dependent variable(s): RaceHorse.IsHitA
Total independent variables: 2 
Number of valid observations: 46081
Number of missing observations: 0 
-2*LogLikelihood: 20584.448 (Residual deviance on 46079 degrees of freedom)
 
Coefficients:
                       Estimate Std. Error z value Pr(>|z|)    
(Intercept)             -2.9800     0.0255  -117.1  2.2e-16 ***
Horse.TimeSdvByRaceAvg   1.7700     0.0388    45.6  2.2e-16 ***
---
Signif. codes:  0 '***' 0.001 '**' 0.01 '*' 0.05 '.' 0.1 ' ' 1

Condition number of final variance-covariance matrix: 1 
Number of iterations: 6
[1] "--------------------------------------------------------------------------------"
[1] "2022-02-26 18:00:25 --- rxGlm with rxStepControl Finish ---"
[1] "2022-02-26 18:00:25 --- rxStepPlot Start ---"
[1] "pdfFilename=pdf_analyze_glm_Horse_Type25_rxStepPlot.pdf"
[1] "rxStepPlot="
[1] "2022-02-26 18:00:27 --- rxStepPlot Finish ---"
[1] "2022-02-26 18:00:29 --- save.image Start ---"
[1] "save.image"
[1] "rdataFilename=RData_analyze_glm_Horse_Type25.RData"
[1] "2022-02-26 18:00:32 --- save.image Finish ---"
[1] "2022-02-26 18:00:32 --- final Start ---"
[1] "--------------------------------------------------------------------------------"
[1] "nrow(data) final=46081"
[1] "--------------------------------------------------------------------------------"
[1] "2022-02-26 18:00:33 --- final Finish ---"
[1] "2022-02-26 18:00:33 --- analyze_glm.R Finished ---"
[1] "2022-02-26 18:00:33 --- log Finish ---"
