[1] "2022-02-25 20:28:00 --- D1115_analyze_glm_Odds_IsHitA_Type16 Start ---"
[1] "2022-02-25 20:28:00 --- Log Start ---"
[1] "2022-02-25 20:28:00 --- analyze_glm.R Start ---"
[1] "analyzeVersion=D1115"
[1] "analyzeCategory=analyze"
[1] "analyzeType=Odds"
[1] "analyzeFamily=IsHitA"
[1] "analyzeFunc=glm"
[1] "analyzeTrackTypeCd=1"
[1] "analyzeJyokenCd=6"
[1] "2022-02-25 20:28:20 --- source_function.R Start ---"
[1] "2022-02-25 20:28:40 --- source_function.R Finished ---"

> print(paste0(Sys.time(), " --- source_library.R Start ---"))
[1] "2022-02-25 20:29:12 --- source_library.R Start ---"

> require("RevoScaleR")

> print(paste0(Sys.time(), " --- source_library.R Finished ---"))
[1] "2022-02-25 20:29:58 --- source_library.R Finished ---"
[1] "2022-02-25 20:30:02 --- RxSqlServerData Start ---"
[1] "2022-02-25 20:30:15 --- RxInSqlServer Start ---"
[1] "2022-02-25 20:30:16 --- RxInSqlServer Finish ---"
[1] "2022-02-25 20:30:20 --- rxSetComputeContext Start ---"
[1] "2022-02-25 20:30:27 --- rxSetComputeContext Finish ---"
[1] "2022-02-25 20:30:33 --- RxSqlServerData Start ---"
[1] "sqlQuery=SELECT * FROM ViewAnalyzeD1115analyze01OddsType16"
[1] "2022-02-25 20:30:41 --- RxSqlServerData Finish ---"
[1] "2022-02-25 20:30:50 --- rxGetVarInfo Start ---"
[1] "2022-02-25 20:31:04 --- rxGetVarInfo Finish---"
[1] "2022-02-25 20:31:04 --- rxImport Start ---"
Rows Read: 13379, Total Rows Processed: 13379, Total Chunk Time: 2.401 seconds 
[1] "2022-02-25 20:31:32 --- rxImport Finish ---"
[1] "object.size(data) auto=3.6 Mb"
[1] "--------------------------------------------------------------------------------"
[1] "nrow(data) RxSqlServerData=13379"
[1] "--------------------------------------------------------------------------------"
[1] "str(data)="
'data.frame':	13379 obs. of  32 variables:
 $ Race.RaceId                      : Factor w/ 992 levels "20160105-06-01-01-06",..: 1 1 2 3 7 7 7 5 5 8 ...
 $ Race.IsPredictedRace             : logi  TRUE TRUE TRUE TRUE TRUE TRUE ...
 $ Race.IsAnalyzeNormalPastAndFuture: logi  TRUE TRUE TRUE TRUE TRUE TRUE ...
 $ Race.IsAnalyzeNormalPast         : logi  TRUE TRUE TRUE TRUE TRUE TRUE ...
 $ Race.IsAnalyzeNormalFuture       : logi  FALSE FALSE FALSE FALSE FALSE FALSE ...
 $ Race.IsAnalyzeFullPastAndFuture  : logi  TRUE TRUE TRUE TRUE TRUE TRUE ...
 $ Race.IsAnalyzeFullPast           : logi  TRUE TRUE TRUE TRUE TRUE TRUE ...
 $ Race.IsAnalyzeFullFuture         : logi  FALSE FALSE FALSE FALSE FALSE FALSE ...
 $ Race.JyokenCd                    : Factor w/ 1 level "6": 1 1 1 1 1 1 1 1 1 1 ...
 $ Race.JyoType1Cd                  : Factor w/ 119 levels "1-06-2000-6-1",..: 1 1 2 3 1 1 1 4 4 5 ...
 $ Race.RaceType1Cd                 : Factor w/ 2 levels "1-6-X-2","1-6-X-1": 1 1 1 2 1 1 1 2 2 1 ...
 $ RaceHorse.RaceId                 : Factor w/ 992 levels "20160105-06-01-01-06",..: 1 1 2 3 7 7 7 5 5 8 ...
 $ RaceHorse.KettoNum               : Factor w/ 13359 levels "2013101915","2013101207",..: 11 12 13 14 15 16 17 18 19 20 ...
 $ RaceHorse.IsHit1                 : num  0 0 0 0 1 0 0 0 0 0 ...
 $ RaceHorse.IsHit2                 : num  0 0 0 1 0 0 0 0 0 0 ...
 $ RaceHorse.IsHit3                 : num  0 1 0 0 0 0 0 0 0 0 ...
 $ RaceHorse.IsHit4                 : num  0 0 0 0 0 0 0 0 0 0 ...
 $ RaceHorse.IsHit5                 : num  0 0 0 0 0 0 0 0 0 0 ...
 $ RaceHorse.IsHit6                 : num  1 0 1 0 0 1 1 1 1 1 ...
 $ RaceHorse.IsValidRaceHorse       : logi  TRUE TRUE TRUE TRUE TRUE TRUE ...
 $ RaceHorse.TimeSdv                : num  -0.373 0.216 0.52 1.018 0.51 ...
 $ RaceHorse.IsHitA                 : num  0 0 0 0 1 0 0 0 0 0 ...
 $ RaceHorse.IsHitB                 : num  0 0 0 1 1 0 0 0 0 0 ...
 $ RaceHorse.IsHitC                 : num  0 1 0 1 1 0 0 0 0 0 ...
 $ OddsByWin.Odds1                  : num  52.8 9.3 13.9 63.9 8.2 14.2 3.5 22.1 75.6 98.9 ...
 $ OddsByWin.Ninki                  : num  9 3 6 12 4 7 1 7 12 17 ...
 $ OddsByWin.OddsLog1               : num  3.99 2.33 2.7 4.17 2.22 ...
 $ OddsByWin.OddsRatio1             : num  0.0193 0.1205 0.0775 0.0159 0.1389 ...
 $ OddsByWin.OddsLogit1             : num  -3.97 -2.23 -2.63 -4.16 -2.1 ...
 $ OddsByWin.ApprovalRate1          : num  0.0189 0.1075 0.0719 0.0156 0.122 ...
 $ OddsByWin.ApprovalRateLog1       : num  0.0188 0.1021 0.0695 0.0155 0.1151 ...
 $ EOF                              : int  1 1 1 1 1 1 1 1 1 1 ...
[1] "2022-02-25 20:32:48 --- RxSqlServerData Finish ---"
[1] "2022-02-25 20:32:48 --- subset Start ---"
[1] "--------------------------------------------------------------------------------"
[1] "nrow(data) subset before=13379"
[1] "nrow(data) subset after =13379"
[1] "nrow(data) subset diff =0"
[1] "--------------------------------------------------------------------------------"
[1] "2022-02-25 20:32:49 --- subset Finish---"
[1] "2022-02-25 20:32:50 --- transform Start ---"
[1] "--------------------------------------------------------------------------------"
[1] "nrow(data) transform before=13379"
[1] "nrow(data) transform after=13379"
[1] "nrow(data) transform diff=0"
[1] "--------------------------------------------------------------------------------"
[1] "str(data)="
'data.frame':	13379 obs. of  32 variables:
 $ Race.RaceId                      : Factor w/ 992 levels "20160105-06-01-01-06",..: 1 1 2 3 7 7 7 5 5 8 ...
 $ Race.IsPredictedRace             : logi  TRUE TRUE TRUE TRUE TRUE TRUE ...
 $ Race.IsAnalyzeNormalPastAndFuture: logi  TRUE TRUE TRUE TRUE TRUE TRUE ...
 $ Race.IsAnalyzeNormalPast         : logi  TRUE TRUE TRUE TRUE TRUE TRUE ...
 $ Race.IsAnalyzeNormalFuture       : logi  FALSE FALSE FALSE FALSE FALSE FALSE ...
 $ Race.IsAnalyzeFullPastAndFuture  : logi  TRUE TRUE TRUE TRUE TRUE TRUE ...
 $ Race.IsAnalyzeFullPast           : logi  TRUE TRUE TRUE TRUE TRUE TRUE ...
 $ Race.IsAnalyzeFullFuture         : logi  FALSE FALSE FALSE FALSE FALSE FALSE ...
 $ Race.JyokenCd                    : Factor w/ 1 level "6": 1 1 1 1 1 1 1 1 1 1 ...
 $ Race.JyoType1Cd                  : Factor w/ 119 levels "1-06-2000-6-1",..: 1 1 2 3 1 1 1 4 4 5 ...
 $ Race.RaceType1Cd                 : Factor w/ 2 levels "1-6-X-2","1-6-X-1": 1 1 1 2 1 1 1 2 2 1 ...
 $ RaceHorse.RaceId                 : Factor w/ 992 levels "20160105-06-01-01-06",..: 1 1 2 3 7 7 7 5 5 8 ...
 $ RaceHorse.KettoNum               : Factor w/ 13359 levels "2013101915","2013101207",..: 11 12 13 14 15 16 17 18 19 20 ...
 $ RaceHorse.IsHit1                 : num  0 0 0 0 1 0 0 0 0 0 ...
 $ RaceHorse.IsHit2                 : num  0 0 0 1 0 0 0 0 0 0 ...
 $ RaceHorse.IsHit3                 : num  0 1 0 0 0 0 0 0 0 0 ...
 $ RaceHorse.IsHit4                 : num  0 0 0 0 0 0 0 0 0 0 ...
 $ RaceHorse.IsHit5                 : num  0 0 0 0 0 0 0 0 0 0 ...
 $ RaceHorse.IsHit6                 : num  1 0 1 0 0 1 1 1 1 1 ...
 $ RaceHorse.IsValidRaceHorse       : logi  TRUE TRUE TRUE TRUE TRUE TRUE ...
 $ RaceHorse.TimeSdv                : num  -0.373 0.216 0.52 1.018 0.51 ...
 $ RaceHorse.IsHitA                 : num  0 0 0 0 1 0 0 0 0 0 ...
 $ RaceHorse.IsHitB                 : num  0 0 0 1 1 0 0 0 0 0 ...
 $ RaceHorse.IsHitC                 : num  0 1 0 1 1 0 0 0 0 0 ...
 $ OddsByWin.Odds1                  : num  52.8 9.3 13.9 63.9 8.2 14.2 3.5 22.1 75.6 98.9 ...
 $ OddsByWin.Ninki                  : num  9 3 6 12 4 7 1 7 12 17 ...
 $ OddsByWin.OddsLog1               : num  3.99 2.33 2.7 4.17 2.22 ...
 $ OddsByWin.OddsRatio1             : num  0.0193 0.1205 0.0775 0.0159 0.1389 ...
 $ OddsByWin.OddsLogit1             : num  -3.97 -2.23 -2.63 -4.16 -2.1 ...
 $ OddsByWin.ApprovalRate1          : num  0.0189 0.1075 0.0719 0.0156 0.122 ...
 $ OddsByWin.ApprovalRateLog1       : num  0.0188 0.1021 0.0695 0.0155 0.1151 ...
 $ EOF                              : int  1 1 1 1 1 1 1 1 1 1 ...
NULL
[1] "2022-02-25 20:32:55 --- transform Finish ---"
[1] "2022-02-25 20:32:55 --- na.omit Start ---"
[1] "--------------------------------------------------------------------------------"
[1] "nrow(data) na.omit before=13379"
[1] "nrow(data) na.omit after =13301"
[1] "nrow(data) na.omit diff =78"
[1] "--------------------------------------------------------------------------------"
'data.frame':	13301 obs. of  32 variables:
 $ Race.RaceId                      : Factor w/ 992 levels "20160105-06-01-01-06",..: 1 1 2 3 7 7 7 5 5 8 ...
 $ Race.IsPredictedRace             : logi  TRUE TRUE TRUE TRUE TRUE TRUE ...
 $ Race.IsAnalyzeNormalPastAndFuture: logi  TRUE TRUE TRUE TRUE TRUE TRUE ...
 $ Race.IsAnalyzeNormalPast         : logi  TRUE TRUE TRUE TRUE TRUE TRUE ...
 $ Race.IsAnalyzeNormalFuture       : logi  FALSE FALSE FALSE FALSE FALSE FALSE ...
 $ Race.IsAnalyzeFullPastAndFuture  : logi  TRUE TRUE TRUE TRUE TRUE TRUE ...
 $ Race.IsAnalyzeFullPast           : logi  TRUE TRUE TRUE TRUE TRUE TRUE ...
 $ Race.IsAnalyzeFullFuture         : logi  FALSE FALSE FALSE FALSE FALSE FALSE ...
 $ Race.JyokenCd                    : Factor w/ 1 level "6": 1 1 1 1 1 1 1 1 1 1 ...
 $ Race.JyoType1Cd                  : Factor w/ 119 levels "1-06-2000-6-1",..: 1 1 2 3 1 1 1 4 4 5 ...
 $ Race.RaceType1Cd                 : Factor w/ 2 levels "1-6-X-2","1-6-X-1": 1 1 1 2 1 1 1 2 2 1 ...
 $ RaceHorse.RaceId                 : Factor w/ 992 levels "20160105-06-01-01-06",..: 1 1 2 3 7 7 7 5 5 8 ...
 $ RaceHorse.KettoNum               : Factor w/ 13359 levels "2013101915","2013101207",..: 11 12 13 14 15 16 17 18 19 20 ...
 $ RaceHorse.IsHit1                 : num  0 0 0 0 1 0 0 0 0 0 ...
 $ RaceHorse.IsHit2                 : num  0 0 0 1 0 0 0 0 0 0 ...
 $ RaceHorse.IsHit3                 : num  0 1 0 0 0 0 0 0 0 0 ...
 $ RaceHorse.IsHit4                 : num  0 0 0 0 0 0 0 0 0 0 ...
 $ RaceHorse.IsHit5                 : num  0 0 0 0 0 0 0 0 0 0 ...
 $ RaceHorse.IsHit6                 : num  1 0 1 0 0 1 1 1 1 1 ...
 $ RaceHorse.IsValidRaceHorse       : logi  TRUE TRUE TRUE TRUE TRUE TRUE ...
 $ RaceHorse.TimeSdv                : num  -0.373 0.216 0.52 1.018 0.51 ...
 $ RaceHorse.IsHitA                 : num  0 0 0 0 1 0 0 0 0 0 ...
 $ RaceHorse.IsHitB                 : num  0 0 0 1 1 0 0 0 0 0 ...
 $ RaceHorse.IsHitC                 : num  0 1 0 1 1 0 0 0 0 0 ...
 $ OddsByWin.Odds1                  : num  52.8 9.3 13.9 63.9 8.2 14.2 3.5 22.1 75.6 98.9 ...
 $ OddsByWin.Ninki                  : num  9 3 6 12 4 7 1 7 12 17 ...
 $ OddsByWin.OddsLog1               : num  3.99 2.33 2.7 4.17 2.22 ...
 $ OddsByWin.OddsRatio1             : num  0.0193 0.1205 0.0775 0.0159 0.1389 ...
 $ OddsByWin.OddsLogit1             : num  -3.97 -2.23 -2.63 -4.16 -2.1 ...
 $ OddsByWin.ApprovalRate1          : num  0.0189 0.1075 0.0719 0.0156 0.122 ...
 $ OddsByWin.ApprovalRateLog1       : num  0.0188 0.1021 0.0695 0.0155 0.1151 ...
 $ EOF                              : int  1 1 1 1 1 1 1 1 1 1 ...
 - attr(*, "na.action")= 'omit' Named int  79 114 765 828 1320 1356 1410 1700 1716 1795 ...
  ..- attr(*, "names")= chr  "79" "114" "765" "828" ...
[1] "2022-02-25 20:33:00 --- na.omit Finish ---"
[1] "2022-02-25 20:33:01 --- rxGlm with rxStepControl Start ---"

> print(paste0(Sys.time(), " --- source_logic_glm.R Start ---"))
[1] "2022-02-25 20:33:01 --- source_logic_glm.R Start ---"

> formula <- formula(RaceHorse.IsHitA ~ +1 + OddsByWin.OddsLogit1)

> print(paste0(Sys.time(), " --- source_logic_glm.R Finished ---"))
[1] "2022-02-25 20:33:01 --- source_logic_glm.R Finished ---"
Rows Read: 13301, Total Rows Processed: 13301, Total Chunk Time: 0.002 seconds 

Starting values (iteration 1) time: 0.026 secs.
Rows Read: 13301, Total Rows Processed: 13301, Total Chunk Time: 0.002 seconds 

Iteration 2 time: 0.128 secs.
Rows Read: 13301, Total Rows Processed: 13301, Total Chunk Time: 0.002 seconds 

Iteration 3 time: 0.113 secs.
Rows Read: 13301, Total Rows Processed: 13301, Total Chunk Time: 0.001 seconds 

Iteration 4 time: 0.098 secs.
Rows Read: 13301, Total Rows Processed: 13301, Total Chunk Time: 0.001 seconds 

Iteration 5 time: 0.207 secs.
Rows Read: 13301, Total Rows Processed: 13301, Total Chunk Time: 0.002 seconds 

Iteration 6 time: 0.178 secs.

Elapsed computation time: 1.436 secs.
Rows Read: 13301, Total Rows Processed: 13301, Total Chunk Time: Less than .001 seconds 

Starting values (iteration 1) time: 0.114 secs.
Rows Read: 13301, Total Rows Processed: 13301, Total Chunk Time: 0.001 seconds 

Iteration 2 time: 0.203 secs.

Elapsed computation time: 0.573 secs.
Rows Read: 13301, Total Rows Processed: 13301, Total Chunk Time: 0.001 seconds 

Starting values (iteration 1) time: 0.232 secs.
Rows Read: 13301, Total Rows Processed: 13301, Total Chunk Time: 0.002 seconds 

Iteration 2 time: 0.198 secs.
Rows Read: 13301, Total Rows Processed: 13301, Total Chunk Time: Less than .001 seconds 

Iteration 3 time: 0.169 secs.
Rows Read: 13301, Total Rows Processed: 13301, Total Chunk Time: 0.002 seconds 

Iteration 4 time: 0.101 secs.
Rows Read: 13301, Total Rows Processed: 13301, Total Chunk Time: 0.002 seconds 

Iteration 5 time: 0.180 secs.
Rows Read: 13301, Total Rows Processed: 13301, Total Chunk Time: Less than .001 seconds 

Iteration 6 time: 0.083 secs.

Elapsed computation time: 1.640 secs.

Elapsed computation time: 4.106 secs.
[1] "--------------------------------------------------------------------------------"
[1] "analyze.results.glm.step="
Logistic Regression Results for: RaceHorse.IsHitA ~
    OddsByWin.OddsLogit1
Data: data
Dependent variable(s): RaceHorse.IsHitA
Total independent variables: 2 
Number of valid observations: 13301
Number of missing observations: 0 
 
Coefficients:
                     RaceHorse.IsHitA
(Intercept)                       0.4
OddsByWin.OddsLogit1              1.2
[1] "analyze.results.glm.step.summary"
Call:
rxLogit(formula = formula, data = data, variableSelection = analyze.results.glm.step.varsel)

Logistic Regression Results for: RaceHorse.IsHitA ~
    OddsByWin.OddsLogit1
Data: data
Dependent variable(s): RaceHorse.IsHitA
Total independent variables: 2 
Number of valid observations: 13301
Number of missing observations: 0 
-2*LogLikelihood: 5402.979 (Residual deviance on 13299 degrees of freedom)
 
Coefficients:
                     Estimate Std. Error z value Pr(>|z|)    
(Intercept)            0.3793     0.0752    5.05  4.5e-07 ***
OddsByWin.OddsLogit1   1.1853     0.0365   32.45  2.2e-16 ***
---
Signif. codes:  0 '***' 0.001 '**' 0.01 '*' 0.05 '.' 0.1 ' ' 1

Condition number of final variance-covariance matrix: 1 
Number of iterations: 6
[1] "--------------------------------------------------------------------------------"
[1] "2022-02-25 20:33:09 --- rxGlm with rxStepControl Finish ---"
[1] "2022-02-25 20:33:09 --- rxStepPlot Start ---"
[1] "pdfFilename=pdf_analyze_glm_Odds_Type16_rxStepPlot.pdf"
[1] "rxStepPlot="
[1] "2022-02-25 20:33:09 --- rxStepPlot Finish ---"
[1] "2022-02-25 20:33:09 --- save.image Start ---"
[1] "save.image"
[1] "rdataFilename=RData_analyze_glm_Odds_Type16.RData"
[1] "2022-02-25 20:33:10 --- save.image Finish ---"
[1] "2022-02-25 20:33:10 --- final Start ---"
[1] "--------------------------------------------------------------------------------"
[1] "nrow(data) final=13301"
[1] "--------------------------------------------------------------------------------"
[1] "2022-02-25 20:33:10 --- final Finish ---"
[1] "2022-02-25 20:33:10 --- analyze_glm.R Finished ---"
[1] "2022-02-25 20:33:10 --- log Finish ---"
