[1] "2022-02-21 22:08:46 --- D1115_analyze_glm_Gen01_IsHitA_Type14 Start ---"
[1] "2022-02-21 22:08:46 --- Log Start ---"
[1] "2022-02-21 22:08:46 --- analyze_glm.R Start ---"
[1] "analyzeVersion=D1115"
[1] "analyzeCategory=analyze"
[1] "analyzeType=Gen01"
[1] "analyzeFamily=IsHitA"
[1] "analyzeFunc=glm"
[1] "analyzeTrackTypeCd=1"
[1] "analyzeJyokenCd=4"
[1] "2022-02-21 22:08:46 --- source_function.R Start ---"
[1] "2022-02-21 22:08:46 --- source_function.R Finished ---"

> print(paste0(Sys.time(), " --- source_library.R Start ---"))
[1] "2022-02-21 22:08:46 --- source_library.R Start ---"

> require("RevoScaleR")

> print(paste0(Sys.time(), " --- source_library.R Finished ---"))
[1] "2022-02-21 22:08:48 --- source_library.R Finished ---"
[1] "2022-02-21 22:08:48 --- RxSqlServerData Start ---"
[1] "2022-02-21 22:08:48 --- RxInSqlServer Start ---"
[1] "2022-02-21 22:08:48 --- RxInSqlServer Finish ---"
[1] "2022-02-21 22:08:48 --- rxSetComputeContext Start ---"
[1] "2022-02-21 22:08:48 --- rxSetComputeContext Finish ---"
[1] "2022-02-21 22:08:48 --- RxSqlServerData Start ---"
[1] "sqlQuery=SELECT * FROM ViewAnalyzeD1115analyze01Gen01Type14"
[1] "2022-02-21 22:08:48 --- RxSqlServerData Finish ---"
[1] "2022-02-21 22:08:48 --- rxGetVarInfo Start ---"
[1] "2022-02-21 22:08:49 --- rxGetVarInfo Finish---"
[1] "2022-02-21 22:08:49 --- rxImport Start ---"
Rows Read: 30150, Total Rows Processed: 30150, Total Chunk Time: 329.437 seconds 
[1] "2022-02-21 22:19:29 --- rxImport Finish ---"
[1] "object.size(data) auto=6.4 Mb"
[1] "--------------------------------------------------------------------------------"
[1] "nrow(data) RxSqlServerData=30150"
[1] "--------------------------------------------------------------------------------"
[1] "str(data)="
'data.frame':	30150 obs. of  39 variables:
 $ Race.RaceId                      : Factor w/ 2247 levels "20160130-05-01-01-12",..: 2 2 2 2 2 2 2 2 2 2 ...
 $ Race.IsPredictedRace             : logi  TRUE TRUE TRUE TRUE TRUE TRUE ...
 $ Race.IsAnalyzeNormalPastAndFuture: logi  TRUE TRUE TRUE TRUE TRUE TRUE ...
 $ Race.IsAnalyzeNormalPast         : logi  TRUE TRUE TRUE TRUE TRUE TRUE ...
 $ Race.IsAnalyzeNormalFuture       : logi  FALSE FALSE FALSE FALSE FALSE FALSE ...
 $ Race.IsAnalyzeFullPastAndFuture  : logi  TRUE TRUE TRUE TRUE TRUE TRUE ...
 $ Race.IsAnalyzeFullPast           : logi  TRUE TRUE TRUE TRUE TRUE TRUE ...
 $ Race.IsAnalyzeFullFuture         : logi  FALSE FALSE FALSE FALSE FALSE FALSE ...
 $ Race.JyokenCd                    : Factor w/ 1 level "4": 1 1 1 1 1 1 1 1 1 1 ...
 $ Race.RaceType1Cd                 : Factor w/ 2 levels "1-4-X","1-4-E": 1 1 1 1 1 1 1 1 1 1 ...
 $ RaceHorse.RaceId                 : Factor w/ 2247 levels "20160130-05-01-01-12",..: 2 2 2 2 2 2 2 2 2 2 ...
 $ RaceHorse.KettoNum               : Factor w/ 6811 levels "2008105203","2009101252",..: 11 12 13 14 15 16 17 18 19 20 ...
 $ RaceHorse.IsHit1                 : int  0 0 0 0 0 0 0 0 0 0 ...
 $ RaceHorse.IsHit2                 : int  0 0 0 0 0 0 0 0 0 0 ...
 $ RaceHorse.IsHit3                 : int  0 0 0 0 0 1 0 0 0 0 ...
 $ RaceHorse.IsHit4                 : int  0 0 0 0 0 0 0 0 0 0 ...
 $ RaceHorse.IsHit5                 : int  0 0 0 0 0 0 0 0 0 0 ...
 $ RaceHorse.IsHit6                 : int  1 1 1 1 1 0 1 1 0 1 ...
 $ RaceHorse.IsValidRaceHorse       : logi  TRUE TRUE TRUE TRUE TRUE TRUE ...
 $ RaceHorse.IsHitA                 : int  0 0 0 0 0 0 0 0 0 0 ...
 $ RaceHorse.IsHitB                 : int  0 0 0 0 0 0 0 0 0 0 ...
 $ RaceHorse.IsHitC                 : int  0 0 0 0 0 1 0 0 0 0 ...
 $ Gen01.HansyokuNum                : Factor w/ 359 levels "11202083","11202119",..: 11 12 3 13 14 7 9 7 15 16 ...
 $ Gen01.TimeSdvByRaceAvg           : num  -0.457 -0.217 -0.286 -0.421 -0.644 ...
 $ Gen01.TimeSdvByRaceMin           : num  -2.16 -2.45 -2.66 -2.95 -2.73 ...
 $ Gen01.TimeSdvByRaceMax           : num  1.82 1.56 2.03 1.53 1.32 ...
 $ Gen01.OrderOfFinishSdvAvg        : num  -0.562 -0.337 -0.33 -0.326 -0.491 ...
 $ Gen01.RunCount                   : int  19 55 115 44 13 257 164 257 35 1 ...
 $ Gen01.HitCount1                  : int  1 6 13 4 0 85 38 85 4 0 ...
 $ Gen01.HitCount2                  : int  1 1 5 0 1 12 4 12 1 0 ...
 $ Gen01.HitCount3                  : int  1 1 2 1 0 6 7 6 1 0 ...
 $ Gen01.HitCount4                  : int  0 2 4 4 0 12 9 12 1 0 ...
 $ Gen01.HitCount5                  : int  0 0 4 1 0 9 10 9 1 0 ...
 $ Gen01.HitRate1                   : num  0.0526 0.1091 0.113 0.0909 0 ...
 $ Gen01.HitRate2                   : num  0.0526 0.0182 0.0435 0 0.0769 ...
 $ Gen01.HitRate3                   : num  0.0526 0.0182 0.0174 0.0227 0 ...
 $ Gen01.HitRate4                   : num  0 0.0364 0.0348 0.0909 0 ...
 $ Gen01.HitRate5                   : num  0 0 0.0348 0.0227 0 ...
 $ EOF                              : int  1 1 1 1 1 1 1 1 1 1 ...
[1] "2022-02-21 22:19:29 --- RxSqlServerData Finish ---"
[1] "2022-02-21 22:19:29 --- subset Start ---"
[1] "--------------------------------------------------------------------------------"
[1] "nrow(data) subset before=30150"
[1] "nrow(data) subset after =30150"
[1] "nrow(data) subset diff =0"
[1] "--------------------------------------------------------------------------------"
[1] "2022-02-21 22:19:29 --- subset Finish---"
[1] "2022-02-21 22:19:29 --- transform Start ---"
[1] "--------------------------------------------------------------------------------"
[1] "nrow(data) transform before=30150"
[1] "nrow(data) transform after=30150"
[1] "nrow(data) transform diff=0"
[1] "--------------------------------------------------------------------------------"
[1] "str(data)="
'data.frame':	30150 obs. of  39 variables:
 $ Race.RaceId                      : Factor w/ 2247 levels "20160130-05-01-01-12",..: 2 2 2 2 2 2 2 2 2 2 ...
 $ Race.IsPredictedRace             : logi  TRUE TRUE TRUE TRUE TRUE TRUE ...
 $ Race.IsAnalyzeNormalPastAndFuture: logi  TRUE TRUE TRUE TRUE TRUE TRUE ...
 $ Race.IsAnalyzeNormalPast         : logi  TRUE TRUE TRUE TRUE TRUE TRUE ...
 $ Race.IsAnalyzeNormalFuture       : logi  FALSE FALSE FALSE FALSE FALSE FALSE ...
 $ Race.IsAnalyzeFullPastAndFuture  : logi  TRUE TRUE TRUE TRUE TRUE TRUE ...
 $ Race.IsAnalyzeFullPast           : logi  TRUE TRUE TRUE TRUE TRUE TRUE ...
 $ Race.IsAnalyzeFullFuture         : logi  FALSE FALSE FALSE FALSE FALSE FALSE ...
 $ Race.JyokenCd                    : Factor w/ 1 level "4": 1 1 1 1 1 1 1 1 1 1 ...
 $ Race.RaceType1Cd                 : Factor w/ 2 levels "1-4-X","1-4-E": 1 1 1 1 1 1 1 1 1 1 ...
 $ RaceHorse.RaceId                 : Factor w/ 2247 levels "20160130-05-01-01-12",..: 2 2 2 2 2 2 2 2 2 2 ...
 $ RaceHorse.KettoNum               : Factor w/ 6811 levels "2008105203","2009101252",..: 11 12 13 14 15 16 17 18 19 20 ...
 $ RaceHorse.IsHit1                 : int  0 0 0 0 0 0 0 0 0 0 ...
 $ RaceHorse.IsHit2                 : int  0 0 0 0 0 0 0 0 0 0 ...
 $ RaceHorse.IsHit3                 : int  0 0 0 0 0 1 0 0 0 0 ...
 $ RaceHorse.IsHit4                 : int  0 0 0 0 0 0 0 0 0 0 ...
 $ RaceHorse.IsHit5                 : int  0 0 0 0 0 0 0 0 0 0 ...
 $ RaceHorse.IsHit6                 : int  1 1 1 1 1 0 1 1 0 1 ...
 $ RaceHorse.IsValidRaceHorse       : logi  TRUE TRUE TRUE TRUE TRUE TRUE ...
 $ RaceHorse.IsHitA                 : int  0 0 0 0 0 0 0 0 0 0 ...
 $ RaceHorse.IsHitB                 : int  0 0 0 0 0 0 0 0 0 0 ...
 $ RaceHorse.IsHitC                 : int  0 0 0 0 0 1 0 0 0 0 ...
 $ Gen01.HansyokuNum                : Factor w/ 359 levels "11202083","11202119",..: 11 12 3 13 14 7 9 7 15 16 ...
 $ Gen01.TimeSdvByRaceAvg           : num  -0.457 -0.217 -0.286 -0.421 -0.644 ...
 $ Gen01.TimeSdvByRaceMin           : num  -2.16 -2.45 -2.66 -2.95 -2.73 ...
 $ Gen01.TimeSdvByRaceMax           : num  1.82 1.56 2.03 1.53 1.32 ...
 $ Gen01.OrderOfFinishSdvAvg        : num  -0.562 -0.337 -0.33 -0.326 -0.491 ...
 $ Gen01.RunCount                   : int  19 55 115 44 13 257 164 257 35 1 ...
 $ Gen01.HitCount1                  : int  1 6 13 4 0 85 38 85 4 0 ...
 $ Gen01.HitCount2                  : int  1 1 5 0 1 12 4 12 1 0 ...
 $ Gen01.HitCount3                  : int  1 1 2 1 0 6 7 6 1 0 ...
 $ Gen01.HitCount4                  : int  0 2 4 4 0 12 9 12 1 0 ...
 $ Gen01.HitCount5                  : int  0 0 4 1 0 9 10 9 1 0 ...
 $ Gen01.HitRate1                   : num  0.0526 0.1091 0.113 0.0909 0 ...
 $ Gen01.HitRate2                   : num  0.0526 0.0182 0.0435 0 0.0769 ...
 $ Gen01.HitRate3                   : num  0.0526 0.0182 0.0174 0.0227 0 ...
 $ Gen01.HitRate4                   : num  0 0.0364 0.0348 0.0909 0 ...
 $ Gen01.HitRate5                   : num  0 0 0.0348 0.0227 0 ...
 $ EOF                              : int  1 1 1 1 1 1 1 1 1 1 ...
NULL
[1] "2022-02-21 22:19:29 --- transform Finish ---"
[1] "2022-02-21 22:19:29 --- na.omit Start ---"
[1] "--------------------------------------------------------------------------------"
[1] "nrow(data) na.omit before=30150"
[1] "nrow(data) na.omit after =30150"
[1] "nrow(data) na.omit diff =0"
[1] "--------------------------------------------------------------------------------"
'data.frame':	30150 obs. of  39 variables:
 $ Race.RaceId                      : Factor w/ 2247 levels "20160130-05-01-01-12",..: 2 2 2 2 2 2 2 2 2 2 ...
 $ Race.IsPredictedRace             : logi  TRUE TRUE TRUE TRUE TRUE TRUE ...
 $ Race.IsAnalyzeNormalPastAndFuture: logi  TRUE TRUE TRUE TRUE TRUE TRUE ...
 $ Race.IsAnalyzeNormalPast         : logi  TRUE TRUE TRUE TRUE TRUE TRUE ...
 $ Race.IsAnalyzeNormalFuture       : logi  FALSE FALSE FALSE FALSE FALSE FALSE ...
 $ Race.IsAnalyzeFullPastAndFuture  : logi  TRUE TRUE TRUE TRUE TRUE TRUE ...
 $ Race.IsAnalyzeFullPast           : logi  TRUE TRUE TRUE TRUE TRUE TRUE ...
 $ Race.IsAnalyzeFullFuture         : logi  FALSE FALSE FALSE FALSE FALSE FALSE ...
 $ Race.JyokenCd                    : Factor w/ 1 level "4": 1 1 1 1 1 1 1 1 1 1 ...
 $ Race.RaceType1Cd                 : Factor w/ 2 levels "1-4-X","1-4-E": 1 1 1 1 1 1 1 1 1 1 ...
 $ RaceHorse.RaceId                 : Factor w/ 2247 levels "20160130-05-01-01-12",..: 2 2 2 2 2 2 2 2 2 2 ...
 $ RaceHorse.KettoNum               : Factor w/ 6811 levels "2008105203","2009101252",..: 11 12 13 14 15 16 17 18 19 20 ...
 $ RaceHorse.IsHit1                 : int  0 0 0 0 0 0 0 0 0 0 ...
 $ RaceHorse.IsHit2                 : int  0 0 0 0 0 0 0 0 0 0 ...
 $ RaceHorse.IsHit3                 : int  0 0 0 0 0 1 0 0 0 0 ...
 $ RaceHorse.IsHit4                 : int  0 0 0 0 0 0 0 0 0 0 ...
 $ RaceHorse.IsHit5                 : int  0 0 0 0 0 0 0 0 0 0 ...
 $ RaceHorse.IsHit6                 : int  1 1 1 1 1 0 1 1 0 1 ...
 $ RaceHorse.IsValidRaceHorse       : logi  TRUE TRUE TRUE TRUE TRUE TRUE ...
 $ RaceHorse.IsHitA                 : int  0 0 0 0 0 0 0 0 0 0 ...
 $ RaceHorse.IsHitB                 : int  0 0 0 0 0 0 0 0 0 0 ...
 $ RaceHorse.IsHitC                 : int  0 0 0 0 0 1 0 0 0 0 ...
 $ Gen01.HansyokuNum                : Factor w/ 359 levels "11202083","11202119",..: 11 12 3 13 14 7 9 7 15 16 ...
 $ Gen01.TimeSdvByRaceAvg           : num  -0.457 -0.217 -0.286 -0.421 -0.644 ...
 $ Gen01.TimeSdvByRaceMin           : num  -2.16 -2.45 -2.66 -2.95 -2.73 ...
 $ Gen01.TimeSdvByRaceMax           : num  1.82 1.56 2.03 1.53 1.32 ...
 $ Gen01.OrderOfFinishSdvAvg        : num  -0.562 -0.337 -0.33 -0.326 -0.491 ...
 $ Gen01.RunCount                   : int  19 55 115 44 13 257 164 257 35 1 ...
 $ Gen01.HitCount1                  : int  1 6 13 4 0 85 38 85 4 0 ...
 $ Gen01.HitCount2                  : int  1 1 5 0 1 12 4 12 1 0 ...
 $ Gen01.HitCount3                  : int  1 1 2 1 0 6 7 6 1 0 ...
 $ Gen01.HitCount4                  : int  0 2 4 4 0 12 9 12 1 0 ...
 $ Gen01.HitCount5                  : int  0 0 4 1 0 9 10 9 1 0 ...
 $ Gen01.HitRate1                   : num  0.0526 0.1091 0.113 0.0909 0 ...
 $ Gen01.HitRate2                   : num  0.0526 0.0182 0.0435 0 0.0769 ...
 $ Gen01.HitRate3                   : num  0.0526 0.0182 0.0174 0.0227 0 ...
 $ Gen01.HitRate4                   : num  0 0.0364 0.0348 0.0909 0 ...
 $ Gen01.HitRate5                   : num  0 0 0.0348 0.0227 0 ...
 $ EOF                              : int  1 1 1 1 1 1 1 1 1 1 ...
[1] "2022-02-21 22:19:30 --- na.omit Finish ---"
[1] "2022-02-21 22:19:30 --- rxGlm with rxStepControl Start ---"

> print(paste0(Sys.time(), " --- source_logic_glm.R Start ---"))
[1] "2022-02-21 22:19:30 --- source_logic_glm.R Start ---"

> formula <- formula(RaceHorse.IsHitA ~ +1 + Gen01.OrderOfFinishSdvAvg)

> print(paste0(Sys.time(), " --- source_logic_glm.R Finished ---"))
[1] "2022-02-21 22:19:30 --- source_logic_glm.R Finished ---"
Rows Read: 30150, Total Rows Processed: 30150, Total Chunk Time: 0.002 seconds 

Starting values (iteration 1) time: 0.009 secs.
Rows Read: 30150, Total Rows Processed: 30150, Total Chunk Time: 0.002 seconds 

Iteration 2 time: 0.006 secs.
Rows Read: 30150, Total Rows Processed: 30150, Total Chunk Time: 0.002 seconds 

Iteration 3 time: 0.007 secs.
Rows Read: 30150, Total Rows Processed: 30150, Total Chunk Time: 0.003 seconds 

Iteration 4 time: 0.006 secs.

Elapsed computation time: 0.045 secs.
Rows Read: 30150, Total Rows Processed: 30150, Total Chunk Time: 0.002 seconds 

Starting values (iteration 1) time: 0.009 secs.
Rows Read: 30150, Total Rows Processed: 30150, Total Chunk Time: 0.003 seconds 

Iteration 2 time: 0.007 secs.

Elapsed computation time: 0.024 secs.
Rows Read: 30150, Total Rows Processed: 30150, Total Chunk Time: Less than .001 seconds 

Starting values (iteration 1) time: 0.007 secs.
Rows Read: 30150, Total Rows Processed: 30150, Total Chunk Time: 0.002 seconds 

Iteration 2 time: 0.007 secs.
Rows Read: 30150, Total Rows Processed: 30150, Total Chunk Time: 0.002 seconds 

Iteration 3 time: 0.005 secs.
Rows Read: 30150, Total Rows Processed: 30150, Total Chunk Time: 0.003 seconds 

Iteration 4 time: 0.005 secs.

Elapsed computation time: 0.040 secs.

Elapsed computation time: 0.127 secs.
[1] "--------------------------------------------------------------------------------"
[1] "analyze.results.glm.step="
Logistic Regression Results for: RaceHorse.IsHitA ~
    Gen01.OrderOfFinishSdvAvg
Data: data
Dependent variable(s): RaceHorse.IsHitA
Total independent variables: 2 
Number of valid observations: 30150
Number of missing observations: 0 
 
Coefficients:
                          RaceHorse.IsHitA
(Intercept)                           -2.6
Gen01.OrderOfFinishSdvAvg              0.9
[1] "analyze.results.glm.step.summary"
Call:
rxLogit(formula = formula, data = data, variableSelection = analyze.results.glm.step.varsel)

Logistic Regression Results for: RaceHorse.IsHitA ~
    Gen01.OrderOfFinishSdvAvg
Data: data
Dependent variable(s): RaceHorse.IsHitA
Total independent variables: 2 
Number of valid observations: 30150
Number of missing observations: 0 
-2*LogLikelihood: 15641.679 (Residual deviance on 30148 degrees of freedom)
 
Coefficients:
                          Estimate Std. Error z value Pr(>|z|)    
(Intercept)                -2.5650     0.0228  -112.6  2.2e-16 ***
Gen01.OrderOfFinishSdvAvg   0.8576     0.0582    14.7  2.2e-16 ***
---
Signif. codes:  0 '***' 0.001 '**' 0.01 '*' 0.05 '.' 0.1 ' ' 1

Condition number of final variance-covariance matrix: 1 
Number of iterations: 4
[1] "--------------------------------------------------------------------------------"
[1] "2022-02-21 22:19:30 --- rxGlm with rxStepControl Finish ---"
[1] "2022-02-21 22:19:30 --- rxStepPlot Start ---"
[1] "pdfFilename=pdf_analyze_glm_Gen01_Type14_rxStepPlot.pdf"
[1] "rxStepPlot="
[1] "2022-02-21 22:19:30 --- rxStepPlot Finish ---"
[1] "2022-02-21 22:19:30 --- save.image Start ---"
[1] "save.image"
[1] "rdataFilename=RData_analyze_glm_Gen01_Type14.RData"
[1] "2022-02-21 22:19:30 --- save.image Finish ---"
[1] "2022-02-21 22:19:30 --- final Start ---"
[1] "--------------------------------------------------------------------------------"
[1] "nrow(data) final=30150"
[1] "--------------------------------------------------------------------------------"
[1] "2022-02-21 22:19:30 --- final Finish ---"
[1] "2022-02-21 22:19:30 --- analyze_glm.R Finished ---"
[1] "2022-02-21 22:19:30 --- log Finish ---"
