[1] "2022-03-08 18:37:10 --- D1115_analyze_glm_Gen02_IsHitA_Type25 Start ---"
[1] "2022-03-08 18:37:10 --- Log Start ---"
[1] "2022-03-08 18:37:10 --- analyze_glm.R Start ---"
[1] "analyzeVersion=D1115"
[1] "analyzeCategory=analyze"
[1] "analyzeType=Gen02"
[1] "analyzeFamily=IsHitA"
[1] "analyzeFunc=glm"
[1] "analyzeTrackTypeCd=2"
[1] "analyzeJyokenCd=5"
[1] "2022-03-08 18:37:10 --- source_function.R Start ---"
[1] "2022-03-08 18:37:10 --- source_function.R Finished ---"

> print(paste0(Sys.time(), " --- source_library.R Start ---"))
[1] "2022-03-08 18:37:10 --- source_library.R Start ---"

> require("RevoScaleR")

> print(paste0(Sys.time(), " --- source_library.R Finished ---"))
[1] "2022-03-08 18:37:11 --- source_library.R Finished ---"
[1] "2022-03-08 18:37:11 --- RxSqlServerData Start ---"
[1] "2022-03-08 18:37:11 --- RxInSqlServer Start ---"
[1] "2022-03-08 18:37:11 --- RxInSqlServer Finish ---"
[1] "2022-03-08 18:37:11 --- rxSetComputeContext Start ---"
[1] "2022-03-08 18:37:11 --- rxSetComputeContext Finish ---"
[1] "2022-03-08 18:37:11 --- RxSqlServerData Start ---"
[1] "sqlQuery=SELECT * FROM ViewAnalyzeD1115analyze01Gen02Type25"
[1] "2022-03-08 18:37:11 --- RxSqlServerData Finish ---"
[1] "2022-03-08 18:37:11 --- rxGetVarInfo Start ---"
[1] "2022-03-08 18:37:14 --- rxGetVarInfo Finish---"
[1] "2022-03-08 18:37:14 --- rxImport Start ---"
Rows Read: 39135, Total Rows Processed: 39135, Total Chunk Time: 566.135 seconds 
[1] "2022-03-08 19:06:08 --- rxImport Finish ---"
[1] "object.size(data) auto=14.1 Mb"
[1] "--------------------------------------------------------------------------------"
[1] "nrow(data) RxSqlServerData=39135"
[1] "--------------------------------------------------------------------------------"
[1] "str(data)="
'data.frame':	39135 obs. of  48 variables:
 $ Race.RaceId                      : Factor w/ 3266 levels "20160109-06-01-02-01",..: 10 10 11 12 13 3 4 4 14 15 ...
 $ Race.IsAnalyzeNormalPastAndFuture: logi  TRUE TRUE TRUE TRUE TRUE TRUE ...
 $ Race.IsAnalyzeNormalPast         : logi  TRUE TRUE TRUE TRUE TRUE TRUE ...
 $ Race.IsAnalyzeNormalFuture       : logi  FALSE FALSE FALSE FALSE FALSE FALSE ...
 $ Race.IsAnalyzeFullPastAndFuture  : logi  TRUE TRUE TRUE TRUE TRUE TRUE ...
 $ Race.IsAnalyzeFullPast           : logi  TRUE TRUE TRUE TRUE TRUE TRUE ...
 $ Race.IsAnalyzeFullFuture         : logi  FALSE FALSE FALSE FALSE FALSE FALSE ...
 $ Race.JyokenCd                    : Factor w/ 1 level "5": 1 1 1 1 1 1 1 1 1 1 ...
 $ Race.JyoType1Cd                  : Factor w/ 116 levels "24-06-1200-1",..: 1 1 2 3 5 3 4 4 2 2 ...
 $ Race.RaceType1Cd                 : Factor w/ 2 levels "2-5-12","2-5-11": 1 1 1 1 1 1 1 1 1 1 ...
 $ RaceHorse.RaceId                 : Factor w/ 3266 levels "20160109-06-01-02-01",..: 10 10 11 12 13 3 4 4 14 15 ...
 $ RaceHorse.KettoNum               : Factor w/ 13761 levels "2013103209","2013102698",..: 11 12 13 14 15 16 17 18 19 20 ...
 $ RaceHorse.IsHit1                 : num  0 0 0 0 0 0 0 0 0 0 ...
 $ RaceHorse.IsHit2                 : num  0 0 0 1 0 0 0 0 0 0 ...
 $ RaceHorse.IsHit3                 : num  0 0 0 0 0 0 0 0 0 0 ...
 $ RaceHorse.IsHit4                 : num  0 1 0 0 0 0 0 1 0 0 ...
 $ RaceHorse.IsHit5                 : num  0 0 0 0 0 0 0 0 0 0 ...
 $ RaceHorse.IsHit6                 : num  1 0 1 0 1 1 1 0 1 1 ...
 $ RaceHorse.IsValidRaceHorse       : logi  FALSE TRUE TRUE TRUE TRUE TRUE ...
 $ RaceHorse.FinishTimeSdvByRace    : num  0.0638 1.1866 0.2476 1.8961 -0.7477 ...
 $ RaceHorse.FirstTimeSdvByRace     : num  -2.796 1.177 -0.338 1.575 -1.422 ...
 $ RaceHorse.LastTimeSdvByRace      : num  1.6906 0.4839 0.4664 1.5258 0.0367 ...
 $ RaceHorse.FinishTimeSdv          : num  -0.4437 0.1957 -0.0502 0.5284 -0.8667 ...
 $ RaceHorse.FirstTimeSdv           : num  -1.394 0.854 -0.322 0.44 -0.775 ...
 $ RaceHorse.LastTimeSdv            : num  0.496 -0.402 0.2 0.352 -0.574 ...
 $ RaceHorse.IsHitA                 : num  0 0 0 0 0 0 0 0 0 0 ...
 $ RaceHorse.IsHitB                 : num  0 0 0 1 0 0 0 0 0 0 ...
 $ RaceHorse.IsHitC                 : num  0 0 0 1 0 0 0 0 0 0 ...
 $ Gen02.HansyokuNum                : Factor w/ 7742 levels "12248355","12248011",..: 11 12 13 14 15 16 17 18 19 20 ...
 $ Gen02.FinishTimeSdvByRaceAvg     : num  0.614 -0.358 -0.937 -0.61 0.781 ...
 $ Gen02.FirstTimeSdvByRaceAvg      : num  -0.415 -0.405 -0.832 -0.91 0.169 ...
 $ Gen02.LastTimeSdvByRaceAvg       : num  0.9382 -0.0873 -0.4124 -0.3159 0.7582 ...
 $ Gen02.FinishTimeSdvAvg           : num  -0.245 -0.687 -1.03 -1.332 -0.163 ...
 $ Gen02.FirstTimeSdvAvg            : num  -0.934 -0.146 -0.677 -1.5 -0.352 ...
 $ Gen02.LastTimeSdvAvg             : num  0.4428 -0.8036 -0.8721 -0.6233 0.0686 ...
 $ Gen02.RealOddsLog1Avg            : num  3.45 5.74 5.92 4.95 3.65 ...
 $ Gen02.RunCount                   : num  6 3 4 2 6 2 19 8 3 5 ...
 $ Gen02.HitCount1                  : num  1 0 0 0 1 0 0 1 1 1 ...
 $ Gen02.HitCount2                  : num  1 0 0 0 1 0 1 1 0 0 ...
 $ Gen02.HitCount3                  : num  0 0 0 0 1 0 2 1 0 0 ...
 $ Gen02.HitCount4                  : num  0 0 0 0 0 0 3 0 0 0 ...
 $ Gen02.HitCount5                  : num  2 0 0 0 0 0 2 0 0 0 ...
 $ Gen02.HitRate1                   : num  0.167 0 0 0 0.167 ...
 $ Gen02.HitRate2                   : num  0.167 0 0 0 0.167 ...
 $ Gen02.HitRate3                   : num  0 0 0 0 0.167 ...
 $ Gen02.HitRate4                   : num  0 0 0 0 0 ...
 $ Gen02.HitRate5                   : num  0.333 0 0 0 0 ...
 $ EOF                              : int  1 1 1 1 1 1 1 1 1 1 ...
[1] "2022-03-08 19:06:09 --- RxSqlServerData Finish ---"
[1] "2022-03-08 19:06:09 --- subset Start ---"
[1] "--------------------------------------------------------------------------------"
[1] "nrow(data) subset before=39135"
[1] "nrow(data) subset after =39135"
[1] "nrow(data) subset diff =0"
[1] "--------------------------------------------------------------------------------"
[1] "2022-03-08 19:06:09 --- subset Finish---"
[1] "2022-03-08 19:06:09 --- transform Start ---"
[1] "--------------------------------------------------------------------------------"
[1] "nrow(data) transform before=39135"
[1] "nrow(data) transform after=39135"
[1] "nrow(data) transform diff=0"
[1] "--------------------------------------------------------------------------------"
[1] "str(data)="
'data.frame':	39135 obs. of  48 variables:
 $ Race.RaceId                      : Factor w/ 3266 levels "20160109-06-01-02-01",..: 10 10 11 12 13 3 4 4 14 15 ...
 $ Race.IsAnalyzeNormalPastAndFuture: logi  TRUE TRUE TRUE TRUE TRUE TRUE ...
 $ Race.IsAnalyzeNormalPast         : logi  TRUE TRUE TRUE TRUE TRUE TRUE ...
 $ Race.IsAnalyzeNormalFuture       : logi  FALSE FALSE FALSE FALSE FALSE FALSE ...
 $ Race.IsAnalyzeFullPastAndFuture  : logi  TRUE TRUE TRUE TRUE TRUE TRUE ...
 $ Race.IsAnalyzeFullPast           : logi  TRUE TRUE TRUE TRUE TRUE TRUE ...
 $ Race.IsAnalyzeFullFuture         : logi  FALSE FALSE FALSE FALSE FALSE FALSE ...
 $ Race.JyokenCd                    : Factor w/ 1 level "5": 1 1 1 1 1 1 1 1 1 1 ...
 $ Race.JyoType1Cd                  : Factor w/ 116 levels "24-06-1200-1",..: 1 1 2 3 5 3 4 4 2 2 ...
 $ Race.RaceType1Cd                 : Factor w/ 2 levels "2-5-12","2-5-11": 1 1 1 1 1 1 1 1 1 1 ...
 $ RaceHorse.RaceId                 : Factor w/ 3266 levels "20160109-06-01-02-01",..: 10 10 11 12 13 3 4 4 14 15 ...
 $ RaceHorse.KettoNum               : Factor w/ 13761 levels "2013103209","2013102698",..: 11 12 13 14 15 16 17 18 19 20 ...
 $ RaceHorse.IsHit1                 : num  0 0 0 0 0 0 0 0 0 0 ...
 $ RaceHorse.IsHit2                 : num  0 0 0 1 0 0 0 0 0 0 ...
 $ RaceHorse.IsHit3                 : num  0 0 0 0 0 0 0 0 0 0 ...
 $ RaceHorse.IsHit4                 : num  0 1 0 0 0 0 0 1 0 0 ...
 $ RaceHorse.IsHit5                 : num  0 0 0 0 0 0 0 0 0 0 ...
 $ RaceHorse.IsHit6                 : num  1 0 1 0 1 1 1 0 1 1 ...
 $ RaceHorse.IsValidRaceHorse       : logi  FALSE TRUE TRUE TRUE TRUE TRUE ...
 $ RaceHorse.FinishTimeSdvByRace    : num  0.0638 1.1866 0.2476 1.8961 -0.7477 ...
 $ RaceHorse.FirstTimeSdvByRace     : num  -2.796 1.177 -0.338 1.575 -1.422 ...
 $ RaceHorse.LastTimeSdvByRace      : num  1.6906 0.4839 0.4664 1.5258 0.0367 ...
 $ RaceHorse.FinishTimeSdv          : num  -0.4437 0.1957 -0.0502 0.5284 -0.8667 ...
 $ RaceHorse.FirstTimeSdv           : num  -1.394 0.854 -0.322 0.44 -0.775 ...
 $ RaceHorse.LastTimeSdv            : num  0.496 -0.402 0.2 0.352 -0.574 ...
 $ RaceHorse.IsHitA                 : num  0 0 0 0 0 0 0 0 0 0 ...
 $ RaceHorse.IsHitB                 : num  0 0 0 1 0 0 0 0 0 0 ...
 $ RaceHorse.IsHitC                 : num  0 0 0 1 0 0 0 0 0 0 ...
 $ Gen02.HansyokuNum                : Factor w/ 7742 levels "12248355","12248011",..: 11 12 13 14 15 16 17 18 19 20 ...
 $ Gen02.FinishTimeSdvByRaceAvg     : num  0.614 -0.358 -0.937 -0.61 0.781 ...
 $ Gen02.FirstTimeSdvByRaceAvg      : num  -0.415 -0.405 -0.832 -0.91 0.169 ...
 $ Gen02.LastTimeSdvByRaceAvg       : num  0.9382 -0.0873 -0.4124 -0.3159 0.7582 ...
 $ Gen02.FinishTimeSdvAvg           : num  -0.245 -0.687 -1.03 -1.332 -0.163 ...
 $ Gen02.FirstTimeSdvAvg            : num  -0.934 -0.146 -0.677 -1.5 -0.352 ...
 $ Gen02.LastTimeSdvAvg             : num  0.4428 -0.8036 -0.8721 -0.6233 0.0686 ...
 $ Gen02.RealOddsLog1Avg            : num  3.45 5.74 5.92 4.95 3.65 ...
 $ Gen02.RunCount                   : num  6 3 4 2 6 2 19 8 3 5 ...
 $ Gen02.HitCount1                  : num  1 0 0 0 1 0 0 1 1 1 ...
 $ Gen02.HitCount2                  : num  1 0 0 0 1 0 1 1 0 0 ...
 $ Gen02.HitCount3                  : num  0 0 0 0 1 0 2 1 0 0 ...
 $ Gen02.HitCount4                  : num  0 0 0 0 0 0 3 0 0 0 ...
 $ Gen02.HitCount5                  : num  2 0 0 0 0 0 2 0 0 0 ...
 $ Gen02.HitRate1                   : num  0.167 0 0 0 0.167 ...
 $ Gen02.HitRate2                   : num  0.167 0 0 0 0.167 ...
 $ Gen02.HitRate3                   : num  0 0 0 0 0.167 ...
 $ Gen02.HitRate4                   : num  0 0 0 0 0 ...
 $ Gen02.HitRate5                   : num  0.333 0 0 0 0 ...
 $ EOF                              : int  1 1 1 1 1 1 1 1 1 1 ...
NULL
[1] "2022-03-08 19:06:09 --- transform Finish ---"
[1] "2022-03-08 19:06:09 --- na.omit Start ---"
[1] "--------------------------------------------------------------------------------"
[1] "nrow(data) na.omit before=39135"
[1] "nrow(data) na.omit after =38798"
[1] "nrow(data) na.omit diff =337"
[1] "--------------------------------------------------------------------------------"
'data.frame':	38798 obs. of  48 variables:
 $ Race.RaceId                      : Factor w/ 3266 levels "20160109-06-01-02-01",..: 10 10 11 12 13 3 4 4 14 15 ...
 $ Race.IsAnalyzeNormalPastAndFuture: logi  TRUE TRUE TRUE TRUE TRUE TRUE ...
 $ Race.IsAnalyzeNormalPast         : logi  TRUE TRUE TRUE TRUE TRUE TRUE ...
 $ Race.IsAnalyzeNormalFuture       : logi  FALSE FALSE FALSE FALSE FALSE FALSE ...
 $ Race.IsAnalyzeFullPastAndFuture  : logi  TRUE TRUE TRUE TRUE TRUE TRUE ...
 $ Race.IsAnalyzeFullPast           : logi  TRUE TRUE TRUE TRUE TRUE TRUE ...
 $ Race.IsAnalyzeFullFuture         : logi  FALSE FALSE FALSE FALSE FALSE FALSE ...
 $ Race.JyokenCd                    : Factor w/ 1 level "5": 1 1 1 1 1 1 1 1 1 1 ...
 $ Race.JyoType1Cd                  : Factor w/ 116 levels "24-06-1200-1",..: 1 1 2 3 5 3 4 4 2 2 ...
 $ Race.RaceType1Cd                 : Factor w/ 2 levels "2-5-12","2-5-11": 1 1 1 1 1 1 1 1 1 1 ...
 $ RaceHorse.RaceId                 : Factor w/ 3266 levels "20160109-06-01-02-01",..: 10 10 11 12 13 3 4 4 14 15 ...
 $ RaceHorse.KettoNum               : Factor w/ 13761 levels "2013103209","2013102698",..: 11 12 13 14 15 16 17 18 19 20 ...
 $ RaceHorse.IsHit1                 : num  0 0 0 0 0 0 0 0 0 0 ...
 $ RaceHorse.IsHit2                 : num  0 0 0 1 0 0 0 0 0 0 ...
 $ RaceHorse.IsHit3                 : num  0 0 0 0 0 0 0 0 0 0 ...
 $ RaceHorse.IsHit4                 : num  0 1 0 0 0 0 0 1 0 0 ...
 $ RaceHorse.IsHit5                 : num  0 0 0 0 0 0 0 0 0 0 ...
 $ RaceHorse.IsHit6                 : num  1 0 1 0 1 1 1 0 1 1 ...
 $ RaceHorse.IsValidRaceHorse       : logi  FALSE TRUE TRUE TRUE TRUE TRUE ...
 $ RaceHorse.FinishTimeSdvByRace    : num  0.0638 1.1866 0.2476 1.8961 -0.7477 ...
 $ RaceHorse.FirstTimeSdvByRace     : num  -2.796 1.177 -0.338 1.575 -1.422 ...
 $ RaceHorse.LastTimeSdvByRace      : num  1.6906 0.4839 0.4664 1.5258 0.0367 ...
 $ RaceHorse.FinishTimeSdv          : num  -0.4437 0.1957 -0.0502 0.5284 -0.8667 ...
 $ RaceHorse.FirstTimeSdv           : num  -1.394 0.854 -0.322 0.44 -0.775 ...
 $ RaceHorse.LastTimeSdv            : num  0.496 -0.402 0.2 0.352 -0.574 ...
 $ RaceHorse.IsHitA                 : num  0 0 0 0 0 0 0 0 0 0 ...
 $ RaceHorse.IsHitB                 : num  0 0 0 1 0 0 0 0 0 0 ...
 $ RaceHorse.IsHitC                 : num  0 0 0 1 0 0 0 0 0 0 ...
 $ Gen02.HansyokuNum                : Factor w/ 7742 levels "12248355","12248011",..: 11 12 13 14 15 16 17 18 19 20 ...
 $ Gen02.FinishTimeSdvByRaceAvg     : num  0.614 -0.358 -0.937 -0.61 0.781 ...
 $ Gen02.FirstTimeSdvByRaceAvg      : num  -0.415 -0.405 -0.832 -0.91 0.169 ...
 $ Gen02.LastTimeSdvByRaceAvg       : num  0.9382 -0.0873 -0.4124 -0.3159 0.7582 ...
 $ Gen02.FinishTimeSdvAvg           : num  -0.245 -0.687 -1.03 -1.332 -0.163 ...
 $ Gen02.FirstTimeSdvAvg            : num  -0.934 -0.146 -0.677 -1.5 -0.352 ...
 $ Gen02.LastTimeSdvAvg             : num  0.4428 -0.8036 -0.8721 -0.6233 0.0686 ...
 $ Gen02.RealOddsLog1Avg            : num  3.45 5.74 5.92 4.95 3.65 ...
 $ Gen02.RunCount                   : num  6 3 4 2 6 2 19 8 3 5 ...
 $ Gen02.HitCount1                  : num  1 0 0 0 1 0 0 1 1 1 ...
 $ Gen02.HitCount2                  : num  1 0 0 0 1 0 1 1 0 0 ...
 $ Gen02.HitCount3                  : num  0 0 0 0 1 0 2 1 0 0 ...
 $ Gen02.HitCount4                  : num  0 0 0 0 0 0 3 0 0 0 ...
 $ Gen02.HitCount5                  : num  2 0 0 0 0 0 2 0 0 0 ...
 $ Gen02.HitRate1                   : num  0.167 0 0 0 0.167 ...
 $ Gen02.HitRate2                   : num  0.167 0 0 0 0.167 ...
 $ Gen02.HitRate3                   : num  0 0 0 0 0.167 ...
 $ Gen02.HitRate4                   : num  0 0 0 0 0 ...
 $ Gen02.HitRate5                   : num  0.333 0 0 0 0 ...
 $ EOF                              : int  1 1 1 1 1 1 1 1 1 1 ...
 - attr(*, "na.action")= 'omit' Named int  53 177 218 365 435 735 742 903 1018 1033 ...
  ..- attr(*, "names")= chr  "53" "177" "218" "365" ...
[1] "2022-03-08 19:06:09 --- na.omit Finish ---"
[1] "2022-03-08 19:06:09 --- rxLogit with rxStepControl Start ---"

> print(paste0(Sys.time(), " --- source_logic_glm.R Start ---"))
[1] "2022-03-08 19:06:09 --- source_logic_glm.R Start ---"

> formula <- formula(RaceHorse.IsHitA ~ +1 + Gen02.FinishTimeSdvByRaceAvg)

> print(paste0(Sys.time(), " --- source_logic_glm.R Finished ---"))
[1] "2022-03-08 19:06:09 --- source_logic_glm.R Finished ---"
Rows Read: 38798, Total Rows Processed: 38798, Total Chunk Time: 0.002 seconds 

Starting values (iteration 1) time: 0.013 secs.
Rows Read: 38798, Total Rows Processed: 38798, Total Chunk Time: 0.003 seconds 

Iteration 2 time: 0.007 secs.
Rows Read: 38798, Total Rows Processed: 38798, Total Chunk Time: 0.002 seconds 

Iteration 3 time: 0.004 secs.
Rows Read: 38798, Total Rows Processed: 38798, Total Chunk Time: 0.002 seconds 

Iteration 4 time: 0.005 secs.
Rows Read: 38798, Total Rows Processed: 38798, Total Chunk Time: 0.002 seconds 

Iteration 5 time: 0.005 secs.

Elapsed computation time: 0.046 secs.
Rows Read: 38798, Total Rows Processed: 38798, Total Chunk Time: Less than .001 seconds 

Starting values (iteration 1) time: 0.010 secs.
Rows Read: 38798, Total Rows Processed: 38798, Total Chunk Time: Less than .001 seconds 

Iteration 2 time: 0.006 secs.

Elapsed computation time: 0.025 secs.
Rows Read: 38798, Total Rows Processed: 38798, Total Chunk Time: 0.001 seconds 

Starting values (iteration 1) time: 0.010 secs.
Rows Read: 38798, Total Rows Processed: 38798, Total Chunk Time: 0.002 seconds 

Iteration 2 time: 0.007 secs.
Rows Read: 38798, Total Rows Processed: 38798, Total Chunk Time: 0.002 seconds 

Iteration 3 time: 0.004 secs.
Rows Read: 38798, Total Rows Processed: 38798, Total Chunk Time: 0.002 seconds 

Iteration 4 time: 0.004 secs.
Rows Read: 38798, Total Rows Processed: 38798, Total Chunk Time: 0.002 seconds 

Iteration 5 time: 0.004 secs.

Elapsed computation time: 0.045 secs.

Elapsed computation time: 0.130 secs.
[1] "--------------------------------------------------------------------------------"
[1] "analyze.results.glm.step="
Logistic Regression Results for: RaceHorse.IsHitA ~
    Gen02.FinishTimeSdvByRaceAvg
Data: data
Dependent variable(s): RaceHorse.IsHitA
Total independent variables: 2 
Number of valid observations: 38798
Number of missing observations: 0 
 
Coefficients:
                             RaceHorse.IsHitA
(Intercept)                                -3
Gen02.FinishTimeSdvByRaceAvg                1
[1] "analyze.results.glm.step.summary"
Call:
rxLogit(formula = formula, data = data, variableSelection = analyze.results.glm.step.varsel)

Logistic Regression Results for: RaceHorse.IsHitA ~
    Gen02.FinishTimeSdvByRaceAvg
Data: data
Dependent variable(s): RaceHorse.IsHitA
Total independent variables: 2 
Number of valid observations: 38798
Number of missing observations: 0 
-2*LogLikelihood: 19149.532 (Residual deviance on 38796 degrees of freedom)
 
Coefficients:
                             Estimate Std. Error z value Pr(>|z|)    
(Intercept)                   -2.9494     0.0275  -107.4  2.2e-16 ***
Gen02.FinishTimeSdvByRaceAvg   1.0893     0.0391    27.8  2.2e-16 ***
---
Signif. codes:  0 '***' 0.001 '**' 0.01 '*' 0.05 '.' 0.1 ' ' 1

Condition number of final variance-covariance matrix: 1 
Number of iterations: 5
[1] "--------------------------------------------------------------------------------"
[1] "2022-03-08 19:06:09 --- rxLogit with rxStepControl Finish ---"
[1] "2022-03-08 19:06:09 --- rxStepPlot Start ---"
[1] "pdfFilename=pdf_analyze_glm_Gen02_Type25_rxStepPlot.pdf"
[1] "rxStepPlot="
[1] "2022-03-08 19:06:10 --- rxStepPlot Finish ---"
[1] "2022-03-08 19:06:10 --- save.image Start ---"
[1] "save.image"
[1] "rdataFilename=RData_analyze_glm_Gen02_Type25.RData"
[1] "2022-03-08 19:06:10 --- save.image Finish ---"
[1] "2022-03-08 19:06:10 --- final Start ---"
[1] "--------------------------------------------------------------------------------"
[1] "nrow(data) final=38798"
[1] "--------------------------------------------------------------------------------"
[1] "2022-03-08 19:06:10 --- final Finish ---"
[1] "2022-03-08 19:06:10 --- analyze_glm.R Finished ---"
[1] "2022-03-08 19:06:10 --- log Finish ---"
