[1] "2022-02-25 20:21:17 --- D1115_analyze_glm_DataMiningTaisen_IsHitA_Type15 Start ---"
[1] "2022-02-25 20:21:17 --- Log Start ---"
[1] "2022-02-25 20:21:17 --- analyze_glm.R Start ---"
[1] "analyzeVersion=D1115"
[1] "analyzeCategory=analyze"
[1] "analyzeType=DataMiningTaisen"
[1] "analyzeFamily=IsHitA"
[1] "analyzeFunc=glm"
[1] "analyzeTrackTypeCd=1"
[1] "analyzeJyokenCd=5"
[1] "2022-02-25 20:21:17 --- source_function.R Start ---"
[1] "2022-02-25 20:21:17 --- source_function.R Finished ---"

> print(paste0(Sys.time(), " --- source_library.R Start ---"))
[1] "2022-02-25 20:21:17 --- source_library.R Start ---"

> require("RevoScaleR")

> print(paste0(Sys.time(), " --- source_library.R Finished ---"))
[1] "2022-02-25 20:21:23 --- source_library.R Finished ---"
[1] "2022-02-25 20:21:23 --- RxSqlServerData Start ---"
[1] "2022-02-25 20:21:23 --- RxInSqlServer Start ---"
[1] "2022-02-25 20:21:23 --- RxInSqlServer Finish ---"
[1] "2022-02-25 20:21:23 --- rxSetComputeContext Start ---"
[1] "2022-02-25 20:21:23 --- rxSetComputeContext Finish ---"
[1] "2022-02-25 20:21:23 --- RxSqlServerData Start ---"
[1] "sqlQuery=SELECT * FROM ViewAnalyzeD1115analyze01DataMiningTaisenType15"
[1] "2022-02-25 20:21:23 --- RxSqlServerData Finish ---"
[1] "2022-02-25 20:21:23 --- rxGetVarInfo Start ---"
[1] "2022-02-25 20:21:23 --- rxGetVarInfo Finish---"
[1] "2022-02-25 20:21:23 --- rxImport Start ---"
Rows Read: 37190, Total Rows Processed: 37190, Total Chunk Time: 0.870 seconds 
[1] "2022-02-25 20:21:43 --- rxImport Finish ---"
[1] "object.size(data) auto=6.6 Mb"
[1] "--------------------------------------------------------------------------------"
[1] "nrow(data) RxSqlServerData=37190"
[1] "--------------------------------------------------------------------------------"
[1] "str(data)="
'data.frame':	37190 obs. of  26 variables:
 $ Race.RaceId                      : Factor w/ 2474 levels "20160116-07-01-01-07",..: 2 2 2 2 2 2 2 2 2 2 ...
 $ Race.IsPredictedRace             : logi  TRUE TRUE TRUE TRUE TRUE TRUE ...
 $ Race.IsAnalyzeNormalPastAndFuture: logi  TRUE TRUE TRUE TRUE TRUE TRUE ...
 $ Race.IsAnalyzeNormalPast         : logi  TRUE TRUE TRUE TRUE TRUE TRUE ...
 $ Race.IsAnalyzeNormalFuture       : logi  FALSE FALSE FALSE FALSE FALSE FALSE ...
 $ Race.IsAnalyzeFullPastAndFuture  : logi  TRUE TRUE TRUE TRUE TRUE TRUE ...
 $ Race.IsAnalyzeFullPast           : logi  TRUE TRUE TRUE TRUE TRUE TRUE ...
 $ Race.IsAnalyzeFullFuture         : logi  FALSE FALSE FALSE FALSE FALSE FALSE ...
 $ Race.JyokenCd                    : Factor w/ 1 level "5": 1 1 1 1 1 1 1 1 1 1 ...
 $ Race.JyoType1Cd                  : Factor w/ 175 levels "1-07-1600-5-1",..: 2 2 2 2 2 2 2 2 2 2 ...
 $ Race.RaceType1Cd                 : Factor w/ 3 levels "1-5-X-1","1-5-X-2",..: 2 2 2 2 2 2 2 2 2 2 ...
 $ RaceHorse.RaceId                 : Factor w/ 2474 levels "20160116-07-01-01-07",..: 2 2 2 2 2 2 2 2 2 2 ...
 $ RaceHorse.KettoNum               : Factor w/ 13971 levels "2013100488","2013101688",..: 11 12 13 14 15 16 17 18 19 20 ...
 $ RaceHorse.IsHit1                 : num  0 0 0 0 0 0 0 0 0 0 ...
 $ RaceHorse.IsHit2                 : num  0 0 0 0 0 0 0 0 0 0 ...
 $ RaceHorse.IsHit3                 : num  0 1 0 0 0 0 0 0 0 0 ...
 $ RaceHorse.IsHit4                 : num  1 0 0 0 0 0 0 0 0 0 ...
 $ RaceHorse.IsHit5                 : num  0 0 0 0 0 0 0 0 1 0 ...
 $ RaceHorse.IsHit6                 : num  0 0 1 1 1 1 1 1 0 1 ...
 $ RaceHorse.IsValidRaceHorse       : logi  TRUE TRUE TRUE TRUE TRUE TRUE ...
 $ RaceHorse.TimeSdv                : num  0.261 0.328 -1.129 -1.063 -0.136 ...
 $ RaceHorse.IsHitA                 : num  0 0 0 0 0 0 0 0 0 0 ...
 $ RaceHorse.IsHitB                 : num  0 0 0 0 0 0 0 0 0 0 ...
 $ RaceHorse.IsHitC                 : num  0 1 0 0 0 0 0 0 0 0 ...
 $ DataMiningTaisen.TmScoreSdv      : num  0.7782 1.1331 -1.6057 -0.8351 0.0631 ...
 $ EOF                              : int  1 1 1 1 1 1 1 1 1 1 ...
[1] "2022-02-25 20:21:43 --- RxSqlServerData Finish ---"
[1] "2022-02-25 20:21:43 --- subset Start ---"
[1] "--------------------------------------------------------------------------------"
[1] "nrow(data) subset before=37190"
[1] "nrow(data) subset after =37190"
[1] "nrow(data) subset diff =0"
[1] "--------------------------------------------------------------------------------"
[1] "2022-02-25 20:21:43 --- subset Finish---"
[1] "2022-02-25 20:21:43 --- transform Start ---"
[1] "--------------------------------------------------------------------------------"
[1] "nrow(data) transform before=37190"
[1] "nrow(data) transform after=37190"
[1] "nrow(data) transform diff=0"
[1] "--------------------------------------------------------------------------------"
[1] "str(data)="
'data.frame':	37190 obs. of  26 variables:
 $ Race.RaceId                      : Factor w/ 2474 levels "20160116-07-01-01-07",..: 2 2 2 2 2 2 2 2 2 2 ...
 $ Race.IsPredictedRace             : logi  TRUE TRUE TRUE TRUE TRUE TRUE ...
 $ Race.IsAnalyzeNormalPastAndFuture: logi  TRUE TRUE TRUE TRUE TRUE TRUE ...
 $ Race.IsAnalyzeNormalPast         : logi  TRUE TRUE TRUE TRUE TRUE TRUE ...
 $ Race.IsAnalyzeNormalFuture       : logi  FALSE FALSE FALSE FALSE FALSE FALSE ...
 $ Race.IsAnalyzeFullPastAndFuture  : logi  TRUE TRUE TRUE TRUE TRUE TRUE ...
 $ Race.IsAnalyzeFullPast           : logi  TRUE TRUE TRUE TRUE TRUE TRUE ...
 $ Race.IsAnalyzeFullFuture         : logi  FALSE FALSE FALSE FALSE FALSE FALSE ...
 $ Race.JyokenCd                    : Factor w/ 1 level "5": 1 1 1 1 1 1 1 1 1 1 ...
 $ Race.JyoType1Cd                  : Factor w/ 175 levels "1-07-1600-5-1",..: 2 2 2 2 2 2 2 2 2 2 ...
 $ Race.RaceType1Cd                 : Factor w/ 3 levels "1-5-X-1","1-5-X-2",..: 2 2 2 2 2 2 2 2 2 2 ...
 $ RaceHorse.RaceId                 : Factor w/ 2474 levels "20160116-07-01-01-07",..: 2 2 2 2 2 2 2 2 2 2 ...
 $ RaceHorse.KettoNum               : Factor w/ 13971 levels "2013100488","2013101688",..: 11 12 13 14 15 16 17 18 19 20 ...
 $ RaceHorse.IsHit1                 : num  0 0 0 0 0 0 0 0 0 0 ...
 $ RaceHorse.IsHit2                 : num  0 0 0 0 0 0 0 0 0 0 ...
 $ RaceHorse.IsHit3                 : num  0 1 0 0 0 0 0 0 0 0 ...
 $ RaceHorse.IsHit4                 : num  1 0 0 0 0 0 0 0 0 0 ...
 $ RaceHorse.IsHit5                 : num  0 0 0 0 0 0 0 0 1 0 ...
 $ RaceHorse.IsHit6                 : num  0 0 1 1 1 1 1 1 0 1 ...
 $ RaceHorse.IsValidRaceHorse       : logi  TRUE TRUE TRUE TRUE TRUE TRUE ...
 $ RaceHorse.TimeSdv                : num  0.261 0.328 -1.129 -1.063 -0.136 ...
 $ RaceHorse.IsHitA                 : num  0 0 0 0 0 0 0 0 0 0 ...
 $ RaceHorse.IsHitB                 : num  0 0 0 0 0 0 0 0 0 0 ...
 $ RaceHorse.IsHitC                 : num  0 1 0 0 0 0 0 0 0 0 ...
 $ DataMiningTaisen.TmScoreSdv      : num  0.7782 1.1331 -1.6057 -0.8351 0.0631 ...
 $ EOF                              : int  1 1 1 1 1 1 1 1 1 1 ...
NULL
[1] "2022-02-25 20:21:43 --- transform Finish ---"
[1] "2022-02-25 20:21:43 --- na.omit Start ---"
[1] "--------------------------------------------------------------------------------"
[1] "nrow(data) na.omit before=37190"
[1] "nrow(data) na.omit after =36927"
[1] "nrow(data) na.omit diff =263"
[1] "--------------------------------------------------------------------------------"
'data.frame':	36927 obs. of  26 variables:
 $ Race.RaceId                      : Factor w/ 2474 levels "20160116-07-01-01-07",..: 2 2 2 2 2 2 2 2 2 2 ...
 $ Race.IsPredictedRace             : logi  TRUE TRUE TRUE TRUE TRUE TRUE ...
 $ Race.IsAnalyzeNormalPastAndFuture: logi  TRUE TRUE TRUE TRUE TRUE TRUE ...
 $ Race.IsAnalyzeNormalPast         : logi  TRUE TRUE TRUE TRUE TRUE TRUE ...
 $ Race.IsAnalyzeNormalFuture       : logi  FALSE FALSE FALSE FALSE FALSE FALSE ...
 $ Race.IsAnalyzeFullPastAndFuture  : logi  TRUE TRUE TRUE TRUE TRUE TRUE ...
 $ Race.IsAnalyzeFullPast           : logi  TRUE TRUE TRUE TRUE TRUE TRUE ...
 $ Race.IsAnalyzeFullFuture         : logi  FALSE FALSE FALSE FALSE FALSE FALSE ...
 $ Race.JyokenCd                    : Factor w/ 1 level "5": 1 1 1 1 1 1 1 1 1 1 ...
 $ Race.JyoType1Cd                  : Factor w/ 175 levels "1-07-1600-5-1",..: 2 2 2 2 2 2 2 2 2 2 ...
 $ Race.RaceType1Cd                 : Factor w/ 3 levels "1-5-X-1","1-5-X-2",..: 2 2 2 2 2 2 2 2 2 2 ...
 $ RaceHorse.RaceId                 : Factor w/ 2474 levels "20160116-07-01-01-07",..: 2 2 2 2 2 2 2 2 2 2 ...
 $ RaceHorse.KettoNum               : Factor w/ 13971 levels "2013100488","2013101688",..: 11 12 13 14 15 16 17 18 19 20 ...
 $ RaceHorse.IsHit1                 : num  0 0 0 0 0 0 0 0 0 0 ...
 $ RaceHorse.IsHit2                 : num  0 0 0 0 0 0 0 0 0 0 ...
 $ RaceHorse.IsHit3                 : num  0 1 0 0 0 0 0 0 0 0 ...
 $ RaceHorse.IsHit4                 : num  1 0 0 0 0 0 0 0 0 0 ...
 $ RaceHorse.IsHit5                 : num  0 0 0 0 0 0 0 0 1 0 ...
 $ RaceHorse.IsHit6                 : num  0 0 1 1 1 1 1 1 0 1 ...
 $ RaceHorse.IsValidRaceHorse       : logi  TRUE TRUE TRUE TRUE TRUE TRUE ...
 $ RaceHorse.TimeSdv                : num  0.261 0.328 -1.129 -1.063 -0.136 ...
 $ RaceHorse.IsHitA                 : num  0 0 0 0 0 0 0 0 0 0 ...
 $ RaceHorse.IsHitB                 : num  0 0 0 0 0 0 0 0 0 0 ...
 $ RaceHorse.IsHitC                 : num  0 1 0 0 0 0 0 0 0 0 ...
 $ DataMiningTaisen.TmScoreSdv      : num  0.7782 1.1331 -1.6057 -0.8351 0.0631 ...
 $ EOF                              : int  1 1 1 1 1 1 1 1 1 1 ...
 - attr(*, "na.action")= 'omit' Named int  26 79 80 152 195 196 202 255 286 292 ...
  ..- attr(*, "names")= chr  "26" "79" "80" "152" ...
[1] "2022-02-25 20:21:44 --- na.omit Finish ---"
[1] "2022-02-25 20:21:44 --- rxGlm with rxStepControl Start ---"

> print(paste0(Sys.time(), " --- source_logic_glm.R Start ---"))
[1] "2022-02-25 20:21:44 --- source_logic_glm.R Start ---"

> formula <- formula(RaceHorse.IsHitA ~ +1 + DataMiningTaisen.TmScoreSdv)

> print(paste0(Sys.time(), " --- source_logic_glm.R Finished ---"))
[1] "2022-02-25 20:21:44 --- source_logic_glm.R Finished ---"
Rows Read: 36927, Total Rows Processed: 36927, Total Chunk Time: 0.001 seconds 

Starting values (iteration 1) time: 0.011 secs.
Rows Read: 36927, Total Rows Processed: 36927, Total Chunk Time: 0.002 seconds 

Iteration 2 time: 0.007 secs.
Rows Read: 36927, Total Rows Processed: 36927, Total Chunk Time: 0.003 seconds 

Iteration 3 time: 0.009 secs.
Rows Read: 36927, Total Rows Processed: 36927, Total Chunk Time: 0.003 seconds 

Iteration 4 time: 0.005 secs.
Rows Read: 36927, Total Rows Processed: 36927, Total Chunk Time: 0.002 seconds 

Iteration 5 time: 0.007 secs.
Rows Read: 36927, Total Rows Processed: 36927, Total Chunk Time: 0.003 seconds 

Iteration 6 time: 0.006 secs.

Elapsed computation time: 0.079 secs.
Rows Read: 36927, Total Rows Processed: 36927, Total Chunk Time: 0.001 seconds 

Starting values (iteration 1) time: 0.009 secs.
Rows Read: 36927, Total Rows Processed: 36927, Total Chunk Time: 0.002 seconds 

Iteration 2 time: 0.011 secs.

Elapsed computation time: 0.032 secs.
Rows Read: 36927, Total Rows Processed: 36927, Total Chunk Time: 0.002 seconds 

Starting values (iteration 1) time: 0.008 secs.
Rows Read: 36927, Total Rows Processed: 36927, Total Chunk Time: 0.002 seconds 

Iteration 2 time: 0.007 secs.
Rows Read: 36927, Total Rows Processed: 36927, Total Chunk Time: 0.002 seconds 

Iteration 3 time: 0.005 secs.
Rows Read: 36927, Total Rows Processed: 36927, Total Chunk Time: 0.003 seconds 

Iteration 4 time: 0.004 secs.
Rows Read: 36927, Total Rows Processed: 36927, Total Chunk Time: 0.002 seconds 

Iteration 5 time: 0.004 secs.
Rows Read: 36927, Total Rows Processed: 36927, Total Chunk Time: 0.003 seconds 

Iteration 6 time: 0.007 secs.

Elapsed computation time: 0.066 secs.

Elapsed computation time: 0.203 secs.
[1] "--------------------------------------------------------------------------------"
[1] "analyze.results.glm.step="
Logistic Regression Results for: RaceHorse.IsHitA ~
    DataMiningTaisen.TmScoreSdv
Data: data
Dependent variable(s): RaceHorse.IsHitA
Total independent variables: 2 
Number of valid observations: 36927
Number of missing observations: 0 
 
Coefficients:
                            RaceHorse.IsHitA
(Intercept)                               -3
DataMiningTaisen.TmScoreSdv                1
[1] "analyze.results.glm.step.summary"
Call:
rxLogit(formula = formula, data = data, variableSelection = analyze.results.glm.step.varsel)

Logistic Regression Results for: RaceHorse.IsHitA ~
    DataMiningTaisen.TmScoreSdv
Data: data
Dependent variable(s): RaceHorse.IsHitA
Total independent variables: 2 
Number of valid observations: 36927
Number of missing observations: 0 
-2*LogLikelihood: 15356.947 (Residual deviance on 36925 degrees of freedom)
 
Coefficients:
                            Estimate Std. Error z value Pr(>|z|)    
(Intercept)                  -3.3034     0.0345   -95.8  2.2e-16 ***
DataMiningTaisen.TmScoreSdv   1.3188     0.0294    44.9  2.2e-16 ***
---
Signif. codes:  0 '***' 0.001 '**' 0.01 '*' 0.05 '.' 0.1 ' ' 1

Condition number of final variance-covariance matrix: 1 
Number of iterations: 6
[1] "--------------------------------------------------------------------------------"
[1] "2022-02-25 20:21:44 --- rxGlm with rxStepControl Finish ---"
[1] "2022-02-25 20:21:44 --- rxStepPlot Start ---"
[1] "pdfFilename=pdf_analyze_glm_DataMiningTaisen_Type15_rxStepPlot.pdf"
[1] "rxStepPlot="
[1] "2022-02-25 20:21:44 --- rxStepPlot Finish ---"
[1] "2022-02-25 20:21:44 --- save.image Start ---"
[1] "save.image"
[1] "rdataFilename=RData_analyze_glm_DataMiningTaisen_Type15.RData"
[1] "2022-02-25 20:21:44 --- save.image Finish ---"
[1] "2022-02-25 20:21:44 --- final Start ---"
[1] "--------------------------------------------------------------------------------"
[1] "nrow(data) final=36927"
[1] "--------------------------------------------------------------------------------"
[1] "2022-02-25 20:21:44 --- final Finish ---"
[1] "2022-02-25 20:21:44 --- analyze_glm.R Finished ---"
[1] "2022-02-25 20:21:44 --- log Finish ---"
