[1] "2022-02-21 22:08:36 --- D1115_analyze_glm_Gen01_IsHitA_Type11 Start ---"
[1] "2022-02-21 22:08:36 --- Log Start ---"
[1] "2022-02-21 22:08:36 --- analyze_glm.R Start ---"
[1] "analyzeVersion=D1115"
[1] "analyzeCategory=analyze"
[1] "analyzeType=Gen01"
[1] "analyzeFamily=IsHitA"
[1] "analyzeFunc=glm"
[1] "analyzeTrackTypeCd=1"
[1] "analyzeJyokenCd=1"
[1] "2022-02-21 22:08:36 --- source_function.R Start ---"
[1] "2022-02-21 22:08:36 --- source_function.R Finished ---"

> print(paste0(Sys.time(), " --- source_library.R Start ---"))
[1] "2022-02-21 22:08:36 --- source_library.R Start ---"

> require("RevoScaleR")

> print(paste0(Sys.time(), " --- source_library.R Finished ---"))
[1] "2022-02-21 22:08:42 --- source_library.R Finished ---"
[1] "2022-02-21 22:08:42 --- RxSqlServerData Start ---"
[1] "2022-02-21 22:08:42 --- RxInSqlServer Start ---"
[1] "2022-02-21 22:08:42 --- RxInSqlServer Finish ---"
[1] "2022-02-21 22:08:42 --- rxSetComputeContext Start ---"
[1] "2022-02-21 22:08:42 --- rxSetComputeContext Finish ---"
[1] "2022-02-21 22:08:42 --- RxSqlServerData Start ---"
[1] "sqlQuery=SELECT * FROM ViewAnalyzeD1115analyze01Gen01Type11"
[1] "2022-02-21 22:08:42 --- RxSqlServerData Finish ---"
[1] "2022-02-21 22:08:42 --- rxGetVarInfo Start ---"
[1] "2022-02-21 22:08:42 --- rxGetVarInfo Finish---"
[1] "2022-02-21 22:08:42 --- rxImport Start ---"
Rows Read: 12119, Total Rows Processed: 12119, Total Chunk Time: 16.550 seconds 
[1] "2022-02-21 22:09:11 --- rxImport Finish ---"
[1] "object.size(data) auto=2.6 Mb"
[1] "--------------------------------------------------------------------------------"
[1] "nrow(data) RxSqlServerData=12119"
[1] "--------------------------------------------------------------------------------"
[1] "str(data)="
'data.frame':	12119 obs. of  39 variables:
 $ Race.RaceId                      : Factor w/ 927 levels "20160105-06-01-01-11",..: 1 2 3 3 3 3 5 5 5 6 ...
 $ Race.IsPredictedRace             : logi  TRUE TRUE TRUE TRUE TRUE TRUE ...
 $ Race.IsAnalyzeNormalPastAndFuture: logi  TRUE TRUE TRUE TRUE TRUE TRUE ...
 $ Race.IsAnalyzeNormalPast         : logi  TRUE TRUE TRUE TRUE TRUE TRUE ...
 $ Race.IsAnalyzeNormalFuture       : logi  FALSE FALSE FALSE FALSE FALSE FALSE ...
 $ Race.IsAnalyzeFullPastAndFuture  : logi  TRUE TRUE TRUE TRUE TRUE TRUE ...
 $ Race.IsAnalyzeFullPast           : logi  TRUE TRUE TRUE TRUE TRUE TRUE ...
 $ Race.IsAnalyzeFullFuture         : logi  FALSE FALSE FALSE FALSE FALSE FALSE ...
 $ Race.JyokenCd                    : Factor w/ 1 level "1": 1 1 1 1 1 1 1 1 1 1 ...
 $ Race.RaceType1Cd                 : Factor w/ 6 levels "1-1-C","1-1-E",..: 1 2 1 1 1 1 2 2 2 1 ...
 $ RaceHorse.RaceId                 : Factor w/ 927 levels "20160105-06-01-01-11",..: 1 2 3 3 3 3 5 5 5 6 ...
 $ RaceHorse.KettoNum               : Factor w/ 2878 levels "2010104343","2010104458",..: 11 12 13 14 15 16 17 18 19 20 ...
 $ RaceHorse.IsHit1                 : int  0 0 0 0 0 1 0 0 1 0 ...
 $ RaceHorse.IsHit2                 : int  0 0 0 1 0 0 1 0 0 0 ...
 $ RaceHorse.IsHit3                 : int  0 0 0 0 0 0 0 0 0 0 ...
 $ RaceHorse.IsHit4                 : int  0 0 0 0 0 0 0 1 0 0 ...
 $ RaceHorse.IsHit5                 : int  0 1 1 0 0 0 0 0 0 0 ...
 $ RaceHorse.IsHit6                 : int  1 0 0 0 1 0 0 0 0 1 ...
 $ RaceHorse.IsValidRaceHorse       : logi  TRUE TRUE TRUE TRUE TRUE TRUE ...
 $ RaceHorse.IsHitA                 : int  0 0 0 0 0 1 0 0 1 0 ...
 $ RaceHorse.IsHitB                 : int  0 0 0 1 0 1 1 0 1 0 ...
 $ RaceHorse.IsHitC                 : int  0 0 0 1 0 1 1 0 1 0 ...
 $ Gen01.HansyokuNum                : Factor w/ 247 levels "11202086","11202051",..: 10 11 12 13 14 11 15 16 14 17 ...
 $ Gen01.TimeSdvByRaceAvg           : num  0.3562 0.091 -0.6626 -0.9963 -0.0295 ...
 $ Gen01.TimeSdvByRaceMin           : num  0.186 -2.321 -1.711 -2.182 -2.42 ...
 $ Gen01.TimeSdvByRaceMax           : num  0.5262 1.6509 0.3043 -0.0163 1.5603 ...
 $ Gen01.OrderOfFinishSdvAvg        : num  0.4707 0.0541 -0.596 -0.6864 -0.0368 ...
 $ Gen01.RunCount                   : int  2 35 12 3 56 35 7 15 47 20 ...
 $ Gen01.HitCount1                  : int  0 3 0 0 1 2 0 1 1 1 ...
 $ Gen01.HitCount2                  : int  0 1 0 0 3 3 0 0 4 1 ...
 $ Gen01.HitCount3                  : int  0 4 0 0 7 2 0 0 4 1 ...
 $ Gen01.HitCount4                  : int  0 4 0 0 5 1 0 0 6 1 ...
 $ Gen01.HitCount5                  : int  0 4 1 0 3 4 2 0 5 2 ...
 $ Gen01.HitRate1                   : num  0 0.0857 0 0 0.0179 ...
 $ Gen01.HitRate2                   : num  0 0.0286 0 0 0.0536 ...
 $ Gen01.HitRate3                   : num  0 0.114 0 0 0.125 ...
 $ Gen01.HitRate4                   : num  0 0.1143 0 0 0.0893 ...
 $ Gen01.HitRate5                   : num  0 0.1143 0.0833 0 0.0536 ...
 $ EOF                              : int  1 1 1 1 1 1 1 1 1 1 ...
[1] "2022-02-21 22:09:11 --- RxSqlServerData Finish ---"
[1] "2022-02-21 22:09:11 --- subset Start ---"
[1] "--------------------------------------------------------------------------------"
[1] "nrow(data) subset before=12119"
[1] "nrow(data) subset after =12119"
[1] "nrow(data) subset diff =0"
[1] "--------------------------------------------------------------------------------"
[1] "2022-02-21 22:09:11 --- subset Finish---"
[1] "2022-02-21 22:09:11 --- transform Start ---"
[1] "--------------------------------------------------------------------------------"
[1] "nrow(data) transform before=12119"
[1] "nrow(data) transform after=12119"
[1] "nrow(data) transform diff=0"
[1] "--------------------------------------------------------------------------------"
[1] "str(data)="
'data.frame':	12119 obs. of  39 variables:
 $ Race.RaceId                      : Factor w/ 927 levels "20160105-06-01-01-11",..: 1 2 3 3 3 3 5 5 5 6 ...
 $ Race.IsPredictedRace             : logi  TRUE TRUE TRUE TRUE TRUE TRUE ...
 $ Race.IsAnalyzeNormalPastAndFuture: logi  TRUE TRUE TRUE TRUE TRUE TRUE ...
 $ Race.IsAnalyzeNormalPast         : logi  TRUE TRUE TRUE TRUE TRUE TRUE ...
 $ Race.IsAnalyzeNormalFuture       : logi  FALSE FALSE FALSE FALSE FALSE FALSE ...
 $ Race.IsAnalyzeFullPastAndFuture  : logi  TRUE TRUE TRUE TRUE TRUE TRUE ...
 $ Race.IsAnalyzeFullPast           : logi  TRUE TRUE TRUE TRUE TRUE TRUE ...
 $ Race.IsAnalyzeFullFuture         : logi  FALSE FALSE FALSE FALSE FALSE FALSE ...
 $ Race.JyokenCd                    : Factor w/ 1 level "1": 1 1 1 1 1 1 1 1 1 1 ...
 $ Race.RaceType1Cd                 : Factor w/ 6 levels "1-1-C","1-1-E",..: 1 2 1 1 1 1 2 2 2 1 ...
 $ RaceHorse.RaceId                 : Factor w/ 927 levels "20160105-06-01-01-11",..: 1 2 3 3 3 3 5 5 5 6 ...
 $ RaceHorse.KettoNum               : Factor w/ 2878 levels "2010104343","2010104458",..: 11 12 13 14 15 16 17 18 19 20 ...
 $ RaceHorse.IsHit1                 : int  0 0 0 0 0 1 0 0 1 0 ...
 $ RaceHorse.IsHit2                 : int  0 0 0 1 0 0 1 0 0 0 ...
 $ RaceHorse.IsHit3                 : int  0 0 0 0 0 0 0 0 0 0 ...
 $ RaceHorse.IsHit4                 : int  0 0 0 0 0 0 0 1 0 0 ...
 $ RaceHorse.IsHit5                 : int  0 1 1 0 0 0 0 0 0 0 ...
 $ RaceHorse.IsHit6                 : int  1 0 0 0 1 0 0 0 0 1 ...
 $ RaceHorse.IsValidRaceHorse       : logi  TRUE TRUE TRUE TRUE TRUE TRUE ...
 $ RaceHorse.IsHitA                 : int  0 0 0 0 0 1 0 0 1 0 ...
 $ RaceHorse.IsHitB                 : int  0 0 0 1 0 1 1 0 1 0 ...
 $ RaceHorse.IsHitC                 : int  0 0 0 1 0 1 1 0 1 0 ...
 $ Gen01.HansyokuNum                : Factor w/ 247 levels "11202086","11202051",..: 10 11 12 13 14 11 15 16 14 17 ...
 $ Gen01.TimeSdvByRaceAvg           : num  0.3562 0.091 -0.6626 -0.9963 -0.0295 ...
 $ Gen01.TimeSdvByRaceMin           : num  0.186 -2.321 -1.711 -2.182 -2.42 ...
 $ Gen01.TimeSdvByRaceMax           : num  0.5262 1.6509 0.3043 -0.0163 1.5603 ...
 $ Gen01.OrderOfFinishSdvAvg        : num  0.4707 0.0541 -0.596 -0.6864 -0.0368 ...
 $ Gen01.RunCount                   : int  2 35 12 3 56 35 7 15 47 20 ...
 $ Gen01.HitCount1                  : int  0 3 0 0 1 2 0 1 1 1 ...
 $ Gen01.HitCount2                  : int  0 1 0 0 3 3 0 0 4 1 ...
 $ Gen01.HitCount3                  : int  0 4 0 0 7 2 0 0 4 1 ...
 $ Gen01.HitCount4                  : int  0 4 0 0 5 1 0 0 6 1 ...
 $ Gen01.HitCount5                  : int  0 4 1 0 3 4 2 0 5 2 ...
 $ Gen01.HitRate1                   : num  0 0.0857 0 0 0.0179 ...
 $ Gen01.HitRate2                   : num  0 0.0286 0 0 0.0536 ...
 $ Gen01.HitRate3                   : num  0 0.114 0 0 0.125 ...
 $ Gen01.HitRate4                   : num  0 0.1143 0 0 0.0893 ...
 $ Gen01.HitRate5                   : num  0 0.1143 0.0833 0 0.0536 ...
 $ EOF                              : int  1 1 1 1 1 1 1 1 1 1 ...
NULL
[1] "2022-02-21 22:09:11 --- transform Finish ---"
[1] "2022-02-21 22:09:11 --- na.omit Start ---"
[1] "--------------------------------------------------------------------------------"
[1] "nrow(data) na.omit before=12119"
[1] "nrow(data) na.omit after =12119"
[1] "nrow(data) na.omit diff =0"
[1] "--------------------------------------------------------------------------------"
'data.frame':	12119 obs. of  39 variables:
 $ Race.RaceId                      : Factor w/ 927 levels "20160105-06-01-01-11",..: 1 2 3 3 3 3 5 5 5 6 ...
 $ Race.IsPredictedRace             : logi  TRUE TRUE TRUE TRUE TRUE TRUE ...
 $ Race.IsAnalyzeNormalPastAndFuture: logi  TRUE TRUE TRUE TRUE TRUE TRUE ...
 $ Race.IsAnalyzeNormalPast         : logi  TRUE TRUE TRUE TRUE TRUE TRUE ...
 $ Race.IsAnalyzeNormalFuture       : logi  FALSE FALSE FALSE FALSE FALSE FALSE ...
 $ Race.IsAnalyzeFullPastAndFuture  : logi  TRUE TRUE TRUE TRUE TRUE TRUE ...
 $ Race.IsAnalyzeFullPast           : logi  TRUE TRUE TRUE TRUE TRUE TRUE ...
 $ Race.IsAnalyzeFullFuture         : logi  FALSE FALSE FALSE FALSE FALSE FALSE ...
 $ Race.JyokenCd                    : Factor w/ 1 level "1": 1 1 1 1 1 1 1 1 1 1 ...
 $ Race.RaceType1Cd                 : Factor w/ 6 levels "1-1-C","1-1-E",..: 1 2 1 1 1 1 2 2 2 1 ...
 $ RaceHorse.RaceId                 : Factor w/ 927 levels "20160105-06-01-01-11",..: 1 2 3 3 3 3 5 5 5 6 ...
 $ RaceHorse.KettoNum               : Factor w/ 2878 levels "2010104343","2010104458",..: 11 12 13 14 15 16 17 18 19 20 ...
 $ RaceHorse.IsHit1                 : int  0 0 0 0 0 1 0 0 1 0 ...
 $ RaceHorse.IsHit2                 : int  0 0 0 1 0 0 1 0 0 0 ...
 $ RaceHorse.IsHit3                 : int  0 0 0 0 0 0 0 0 0 0 ...
 $ RaceHorse.IsHit4                 : int  0 0 0 0 0 0 0 1 0 0 ...
 $ RaceHorse.IsHit5                 : int  0 1 1 0 0 0 0 0 0 0 ...
 $ RaceHorse.IsHit6                 : int  1 0 0 0 1 0 0 0 0 1 ...
 $ RaceHorse.IsValidRaceHorse       : logi  TRUE TRUE TRUE TRUE TRUE TRUE ...
 $ RaceHorse.IsHitA                 : int  0 0 0 0 0 1 0 0 1 0 ...
 $ RaceHorse.IsHitB                 : int  0 0 0 1 0 1 1 0 1 0 ...
 $ RaceHorse.IsHitC                 : int  0 0 0 1 0 1 1 0 1 0 ...
 $ Gen01.HansyokuNum                : Factor w/ 247 levels "11202086","11202051",..: 10 11 12 13 14 11 15 16 14 17 ...
 $ Gen01.TimeSdvByRaceAvg           : num  0.3562 0.091 -0.6626 -0.9963 -0.0295 ...
 $ Gen01.TimeSdvByRaceMin           : num  0.186 -2.321 -1.711 -2.182 -2.42 ...
 $ Gen01.TimeSdvByRaceMax           : num  0.5262 1.6509 0.3043 -0.0163 1.5603 ...
 $ Gen01.OrderOfFinishSdvAvg        : num  0.4707 0.0541 -0.596 -0.6864 -0.0368 ...
 $ Gen01.RunCount                   : int  2 35 12 3 56 35 7 15 47 20 ...
 $ Gen01.HitCount1                  : int  0 3 0 0 1 2 0 1 1 1 ...
 $ Gen01.HitCount2                  : int  0 1 0 0 3 3 0 0 4 1 ...
 $ Gen01.HitCount3                  : int  0 4 0 0 7 2 0 0 4 1 ...
 $ Gen01.HitCount4                  : int  0 4 0 0 5 1 0 0 6 1 ...
 $ Gen01.HitCount5                  : int  0 4 1 0 3 4 2 0 5 2 ...
 $ Gen01.HitRate1                   : num  0 0.0857 0 0 0.0179 ...
 $ Gen01.HitRate2                   : num  0 0.0286 0 0 0.0536 ...
 $ Gen01.HitRate3                   : num  0 0.114 0 0 0.125 ...
 $ Gen01.HitRate4                   : num  0 0.1143 0 0 0.0893 ...
 $ Gen01.HitRate5                   : num  0 0.1143 0.0833 0 0.0536 ...
 $ EOF                              : int  1 1 1 1 1 1 1 1 1 1 ...
[1] "2022-02-21 22:09:12 --- na.omit Finish ---"
[1] "2022-02-21 22:09:12 --- rxGlm with rxStepControl Start ---"

> print(paste0(Sys.time(), " --- source_logic_glm.R Start ---"))
[1] "2022-02-21 22:09:12 --- source_logic_glm.R Start ---"

> formula <- formula(RaceHorse.IsHitA ~ +1 + Gen01.OrderOfFinishSdvAvg)

> print(paste0(Sys.time(), " --- source_logic_glm.R Finished ---"))
[1] "2022-02-21 22:09:12 --- source_logic_glm.R Finished ---"
Rows Read: 12119, Total Rows Processed: 12119, Total Chunk Time: Less than .001 seconds 

Starting values (iteration 1) time: 0.009 secs.
Rows Read: 12119, Total Rows Processed: 12119, Total Chunk Time: 0.002 seconds 

Iteration 2 time: 0.007 secs.
Rows Read: 12119, Total Rows Processed: 12119, Total Chunk Time: 0.001 seconds 

Iteration 3 time: 0.005 secs.
Rows Read: 12119, Total Rows Processed: 12119, Total Chunk Time: 0.001 seconds 

Iteration 4 time: 0.005 secs.

Elapsed computation time: 0.051 secs.
Rows Read: 12119, Total Rows Processed: 12119, Total Chunk Time: Less than .001 seconds 

Starting values (iteration 1) time: 0.007 secs.
Rows Read: 12119, Total Rows Processed: 12119, Total Chunk Time: Less than .001 seconds 

Iteration 2 time: 0.006 secs.

Elapsed computation time: 0.028 secs.
Rows Read: 12119, Total Rows Processed: 12119, Total Chunk Time: 0.002 seconds 

Starting values (iteration 1) time: 0.007 secs.
Rows Read: 12119, Total Rows Processed: 12119, Total Chunk Time: 0.002 seconds 

Iteration 2 time: 0.006 secs.
Rows Read: 12119, Total Rows Processed: 12119, Total Chunk Time: 0.002 seconds 

Iteration 3 time: 0.010 secs.
Rows Read: 12119, Total Rows Processed: 12119, Total Chunk Time: 0.002 seconds 

Iteration 4 time: 0.005 secs.

Elapsed computation time: 0.050 secs.

Elapsed computation time: 0.147 secs.
[1] "--------------------------------------------------------------------------------"
[1] "analyze.results.glm.step="
Logistic Regression Results for: RaceHorse.IsHitA ~
    Gen01.OrderOfFinishSdvAvg
Data: data
Dependent variable(s): RaceHorse.IsHitA
Total independent variables: 2 
Number of valid observations: 12119
Number of missing observations: 0 
 
Coefficients:
                          RaceHorse.IsHitA
(Intercept)                           -2.5
Gen01.OrderOfFinishSdvAvg              0.6
[1] "analyze.results.glm.step.summary"
Call:
rxLogit(formula = formula, data = data, variableSelection = analyze.results.glm.step.varsel)

Logistic Regression Results for: RaceHorse.IsHitA ~
    Gen01.OrderOfFinishSdvAvg
Data: data
Dependent variable(s): RaceHorse.IsHitA
Total independent variables: 2 
Number of valid observations: 12119
Number of missing observations: 0 
-2*LogLikelihood: 6292.477 (Residual deviance on 12117 degrees of freedom)
 
Coefficients:
                          Estimate Std. Error z value Pr(>|z|)    
(Intercept)                -2.5436     0.0353  -72.14  2.2e-16 ***
Gen01.OrderOfFinishSdvAvg   0.5906     0.0771    7.66  2.2e-16 ***
---
Signif. codes:  0 '***' 0.001 '**' 0.01 '*' 0.05 '.' 0.1 ' ' 1

Condition number of final variance-covariance matrix: 1 
Number of iterations: 4
[1] "--------------------------------------------------------------------------------"
[1] "2022-02-21 22:09:12 --- rxGlm with rxStepControl Finish ---"
[1] "2022-02-21 22:09:12 --- rxStepPlot Start ---"
[1] "pdfFilename=pdf_analyze_glm_Gen01_Type11_rxStepPlot.pdf"
[1] "rxStepPlot="
[1] "2022-02-21 22:09:12 --- rxStepPlot Finish ---"
[1] "2022-02-21 22:09:12 --- save.image Start ---"
[1] "save.image"
[1] "rdataFilename=RData_analyze_glm_Gen01_Type11.RData"
[1] "2022-02-21 22:09:12 --- save.image Finish ---"
[1] "2022-02-21 22:09:12 --- final Start ---"
[1] "--------------------------------------------------------------------------------"
[1] "nrow(data) final=12119"
[1] "--------------------------------------------------------------------------------"
[1] "2022-02-21 22:09:12 --- final Finish ---"
[1] "2022-02-21 22:09:12 --- analyze_glm.R Finished ---"
[1] "2022-02-21 22:09:12 --- log Finish ---"
