[1] "2022-03-08 18:55:04 --- D1115_analyze_glm_Horse_IsHitA_Type22 Start ---"
[1] "2022-03-08 18:55:04 --- Log Start ---"
[1] "2022-03-08 18:55:04 --- analyze_glm.R Start ---"
[1] "analyzeVersion=D1115"
[1] "analyzeCategory=analyze"
[1] "analyzeType=Horse"
[1] "analyzeFamily=IsHitA"
[1] "analyzeFunc=glm"
[1] "analyzeTrackTypeCd=2"
[1] "analyzeJyokenCd=2"
[1] "2022-03-08 18:55:04 --- source_function.R Start ---"
[1] "2022-03-08 18:55:04 --- source_function.R Finished ---"

> print(paste0(Sys.time(), " --- source_library.R Start ---"))
[1] "2022-03-08 18:55:04 --- source_library.R Start ---"

> require("RevoScaleR")

> print(paste0(Sys.time(), " --- source_library.R Finished ---"))
[1] "2022-03-08 18:55:05 --- source_library.R Finished ---"
[1] "2022-03-08 18:55:05 --- RxSqlServerData Start ---"
[1] "2022-03-08 18:55:05 --- RxInSqlServer Start ---"
[1] "2022-03-08 18:55:05 --- RxInSqlServer Finish ---"
[1] "2022-03-08 18:55:05 --- rxSetComputeContext Start ---"
[1] "2022-03-08 18:55:05 --- rxSetComputeContext Finish ---"
[1] "2022-03-08 18:55:05 --- RxSqlServerData Start ---"
[1] "sqlQuery=SELECT * FROM ViewAnalyzeD1115analyze01HorseType22"
[1] "2022-03-08 18:55:05 --- RxSqlServerData Finish ---"
[1] "2022-03-08 18:55:05 --- rxGetVarInfo Start ---"
[1] "2022-03-08 18:55:14 --- rxGetVarInfo Finish---"
[1] "2022-03-08 18:55:14 --- rxImport Start ---"
Rows Read: 5787, Total Rows Processed: 5787, Total Chunk Time: 2.363 seconds 
[1] "2022-03-08 18:55:21 --- rxImport Finish ---"
[1] "object.size(data) auto=2 Mb"
[1] "--------------------------------------------------------------------------------"
[1] "nrow(data) RxSqlServerData=5787"
[1] "--------------------------------------------------------------------------------"
[1] "str(data)="
'data.frame':	5787 obs. of  48 variables:
 $ Race.RaceId                      : Factor w/ 399 levels "20201115-05-05-04-10",..: 11 12 13 14 15 16 17 18 19 20 ...
 $ Race.IsAnalyzeNormalPastAndFuture: logi  TRUE TRUE TRUE TRUE TRUE TRUE ...
 $ Race.IsAnalyzeNormalPast         : logi  TRUE TRUE TRUE TRUE TRUE TRUE ...
 $ Race.IsAnalyzeNormalFuture       : logi  FALSE FALSE FALSE FALSE FALSE FALSE ...
 $ Race.IsAnalyzeFullPastAndFuture  : logi  TRUE TRUE TRUE TRUE TRUE TRUE ...
 $ Race.IsAnalyzeFullPast           : logi  TRUE TRUE TRUE TRUE TRUE TRUE ...
 $ Race.IsAnalyzeFullFuture         : logi  FALSE FALSE FALSE FALSE FALSE FALSE ...
 $ Race.JyokenCd                    : Factor w/ 1 level "2": 1 1 1 1 1 1 1 1 1 1 ...
 $ Race.JyoType1Cd                  : Factor w/ 71 levels "23-05-1400-1",..: 9 10 11 12 9 7 6 13 9 14 ...
 $ Race.RaceType1Cd                 : Factor w/ 2 levels "2-2-13","2-2-14": 1 2 1 2 2 2 1 2 1 2 ...
 $ RaceHorse.RaceId                 : Factor w/ 399 levels "20201115-05-05-04-10",..: 11 12 13 14 15 16 17 18 19 20 ...
 $ RaceHorse.KettoNum               : Factor w/ 1204 levels "2013105325","2013100211",..: 11 12 13 14 15 16 17 18 19 20 ...
 $ RaceHorse.IsHit1                 : num  0 0 0 0 0 0 0 0 0 0 ...
 $ RaceHorse.IsHit2                 : num  0 0 1 0 0 0 0 0 0 0 ...
 $ RaceHorse.IsHit3                 : num  0 0 0 0 0 0 0 0 0 0 ...
 $ RaceHorse.IsHit4                 : num  1 0 0 0 0 0 0 0 0 0 ...
 $ RaceHorse.IsHit5                 : num  0 0 0 0 0 0 0 0 0 0 ...
 $ RaceHorse.IsHit6                 : num  0 1 0 1 1 1 1 1 1 1 ...
 $ RaceHorse.IsValidRaceHorse       : logi  TRUE TRUE TRUE TRUE TRUE TRUE ...
 $ RaceHorse.FinishTimeSdvByRace    : num  0.0606 -1.8186 0.998 0.0499 -0.6667 ...
 $ RaceHorse.FirstTimeSdvByRace     : num  -0.547 -1.148 1.115 -1.391 1.401 ...
 $ RaceHorse.LastTimeSdvByRace      : num  0.402 -1.65 0.349 1.687 -1.429 ...
 $ RaceHorse.FinishTimeSdv          : num  1.262 0.516 1.889 1.163 0.682 ...
 $ RaceHorse.FirstTimeSdv           : num  1.26 1.44 2.03 -1.03 1.56 ...
 $ RaceHorse.LastTimeSdv            : num  0.538 -0.616 0.894 2.249 -0.659 ...
 $ RaceHorse.IsHitA                 : num  0 0 0 0 0 0 0 0 0 0 ...
 $ RaceHorse.IsHitB                 : num  0 0 1 0 0 0 0 0 0 0 ...
 $ RaceHorse.IsHitC                 : num  0 0 1 0 0 0 0 0 0 0 ...
 $ Horse.KettoNum                   : Factor w/ 1204 levels "2013105325","2013100211",..: 11 12 13 14 15 16 17 18 19 20 ...
 $ Horse.FinishTimeSdvByRaceAvg     : num  0.418 0.683 1.069 0.664 0.636 ...
 $ Horse.FirstTimeSdvByRaceAvg      : num  -0.0536 0.8462 0.8792 -0.12 0.5411 ...
 $ Horse.LastTimeSdvByRaceAvg       : num  0.47 0.337 0.667 0.712 0.404 ...
 $ Horse.FinishTimeSdvAvg           : num  0.921 0.863 1.528 1.094 0.674 ...
 $ Horse.FirstTimeSdvAvg            : num  0.623 0.589 1.318 0.437 0.425 ...
 $ Horse.LastTimeSdvAvg             : num  0.725 0.715 0.985 1.098 0.618 ...
 $ Horse.RealOddsLog1Avg            : num  3.71 2.23 1.84 2.33 2.47 ...
 $ Horse.RunCount                   : num  55 18 10 37 16 34 27 15 25 13 ...
 $ Horse.HitCount1                  : num  4 3 4 3 3 4 3 3 3 3 ...
 $ Horse.HitCount2                  : num  5 5 1 8 4 2 4 2 2 3 ...
 $ Horse.HitCount3                  : num  6 1 2 6 2 4 2 1 5 1 ...
 $ Horse.HitCount4                  : num  2 1 1 6 1 3 3 2 1 2 ...
 $ Horse.HitCount5                  : num  3 3 0 1 1 5 3 1 3 0 ...
 $ Horse.HitRate1                   : num  0.0727 0.1667 0.4 0.0811 0.1875 ...
 $ Horse.HitRate2                   : num  0.0909 0.2778 0.1 0.2162 0.25 ...
 $ Horse.HitRate3                   : num  0.1091 0.0556 0.2 0.1622 0.125 ...
 $ Horse.HitRate4                   : num  0.0364 0.0556 0.1 0.1622 0.0625 ...
 $ Horse.HitRate5                   : num  0.0545 0.1667 0 0.027 0.0625 ...
 $ EOF                              : int  1 1 1 1 1 1 1 1 1 1 ...
[1] "2022-03-08 18:55:21 --- RxSqlServerData Finish ---"
[1] "2022-03-08 18:55:21 --- subset Start ---"
[1] "--------------------------------------------------------------------------------"
[1] "nrow(data) subset before=5787"
[1] "nrow(data) subset after =5787"
[1] "nrow(data) subset diff =0"
[1] "--------------------------------------------------------------------------------"
[1] "2022-03-08 18:55:21 --- subset Finish---"
[1] "2022-03-08 18:55:21 --- transform Start ---"
[1] "--------------------------------------------------------------------------------"
[1] "nrow(data) transform before=5787"
[1] "nrow(data) transform after=5787"
[1] "nrow(data) transform diff=0"
[1] "--------------------------------------------------------------------------------"
[1] "str(data)="
'data.frame':	5787 obs. of  48 variables:
 $ Race.RaceId                      : Factor w/ 399 levels "20201115-05-05-04-10",..: 11 12 13 14 15 16 17 18 19 20 ...
 $ Race.IsAnalyzeNormalPastAndFuture: logi  TRUE TRUE TRUE TRUE TRUE TRUE ...
 $ Race.IsAnalyzeNormalPast         : logi  TRUE TRUE TRUE TRUE TRUE TRUE ...
 $ Race.IsAnalyzeNormalFuture       : logi  FALSE FALSE FALSE FALSE FALSE FALSE ...
 $ Race.IsAnalyzeFullPastAndFuture  : logi  TRUE TRUE TRUE TRUE TRUE TRUE ...
 $ Race.IsAnalyzeFullPast           : logi  TRUE TRUE TRUE TRUE TRUE TRUE ...
 $ Race.IsAnalyzeFullFuture         : logi  FALSE FALSE FALSE FALSE FALSE FALSE ...
 $ Race.JyokenCd                    : Factor w/ 1 level "2": 1 1 1 1 1 1 1 1 1 1 ...
 $ Race.JyoType1Cd                  : Factor w/ 71 levels "23-05-1400-1",..: 9 10 11 12 9 7 6 13 9 14 ...
 $ Race.RaceType1Cd                 : Factor w/ 2 levels "2-2-13","2-2-14": 1 2 1 2 2 2 1 2 1 2 ...
 $ RaceHorse.RaceId                 : Factor w/ 399 levels "20201115-05-05-04-10",..: 11 12 13 14 15 16 17 18 19 20 ...
 $ RaceHorse.KettoNum               : Factor w/ 1204 levels "2013105325","2013100211",..: 11 12 13 14 15 16 17 18 19 20 ...
 $ RaceHorse.IsHit1                 : num  0 0 0 0 0 0 0 0 0 0 ...
 $ RaceHorse.IsHit2                 : num  0 0 1 0 0 0 0 0 0 0 ...
 $ RaceHorse.IsHit3                 : num  0 0 0 0 0 0 0 0 0 0 ...
 $ RaceHorse.IsHit4                 : num  1 0 0 0 0 0 0 0 0 0 ...
 $ RaceHorse.IsHit5                 : num  0 0 0 0 0 0 0 0 0 0 ...
 $ RaceHorse.IsHit6                 : num  0 1 0 1 1 1 1 1 1 1 ...
 $ RaceHorse.IsValidRaceHorse       : logi  TRUE TRUE TRUE TRUE TRUE TRUE ...
 $ RaceHorse.FinishTimeSdvByRace    : num  0.0606 -1.8186 0.998 0.0499 -0.6667 ...
 $ RaceHorse.FirstTimeSdvByRace     : num  -0.547 -1.148 1.115 -1.391 1.401 ...
 $ RaceHorse.LastTimeSdvByRace      : num  0.402 -1.65 0.349 1.687 -1.429 ...
 $ RaceHorse.FinishTimeSdv          : num  1.262 0.516 1.889 1.163 0.682 ...
 $ RaceHorse.FirstTimeSdv           : num  1.26 1.44 2.03 -1.03 1.56 ...
 $ RaceHorse.LastTimeSdv            : num  0.538 -0.616 0.894 2.249 -0.659 ...
 $ RaceHorse.IsHitA                 : num  0 0 0 0 0 0 0 0 0 0 ...
 $ RaceHorse.IsHitB                 : num  0 0 1 0 0 0 0 0 0 0 ...
 $ RaceHorse.IsHitC                 : num  0 0 1 0 0 0 0 0 0 0 ...
 $ Horse.KettoNum                   : Factor w/ 1204 levels "2013105325","2013100211",..: 11 12 13 14 15 16 17 18 19 20 ...
 $ Horse.FinishTimeSdvByRaceAvg     : num  0.418 0.683 1.069 0.664 0.636 ...
 $ Horse.FirstTimeSdvByRaceAvg      : num  -0.0536 0.8462 0.8792 -0.12 0.5411 ...
 $ Horse.LastTimeSdvByRaceAvg       : num  0.47 0.337 0.667 0.712 0.404 ...
 $ Horse.FinishTimeSdvAvg           : num  0.921 0.863 1.528 1.094 0.674 ...
 $ Horse.FirstTimeSdvAvg            : num  0.623 0.589 1.318 0.437 0.425 ...
 $ Horse.LastTimeSdvAvg             : num  0.725 0.715 0.985 1.098 0.618 ...
 $ Horse.RealOddsLog1Avg            : num  3.71 2.23 1.84 2.33 2.47 ...
 $ Horse.RunCount                   : num  55 18 10 37 16 34 27 15 25 13 ...
 $ Horse.HitCount1                  : num  4 3 4 3 3 4 3 3 3 3 ...
 $ Horse.HitCount2                  : num  5 5 1 8 4 2 4 2 2 3 ...
 $ Horse.HitCount3                  : num  6 1 2 6 2 4 2 1 5 1 ...
 $ Horse.HitCount4                  : num  2 1 1 6 1 3 3 2 1 2 ...
 $ Horse.HitCount5                  : num  3 3 0 1 1 5 3 1 3 0 ...
 $ Horse.HitRate1                   : num  0.0727 0.1667 0.4 0.0811 0.1875 ...
 $ Horse.HitRate2                   : num  0.0909 0.2778 0.1 0.2162 0.25 ...
 $ Horse.HitRate3                   : num  0.1091 0.0556 0.2 0.1622 0.125 ...
 $ Horse.HitRate4                   : num  0.0364 0.0556 0.1 0.1622 0.0625 ...
 $ Horse.HitRate5                   : num  0.0545 0.1667 0 0.027 0.0625 ...
 $ EOF                              : int  1 1 1 1 1 1 1 1 1 1 ...
NULL
[1] "2022-03-08 18:55:22 --- transform Finish ---"
[1] "2022-03-08 18:55:22 --- na.omit Start ---"
[1] "--------------------------------------------------------------------------------"
[1] "nrow(data) na.omit before=5787"
[1] "nrow(data) na.omit after =5748"
[1] "nrow(data) na.omit diff =39"
[1] "--------------------------------------------------------------------------------"
'data.frame':	5748 obs. of  48 variables:
 $ Race.RaceId                      : Factor w/ 399 levels "20201115-05-05-04-10",..: 11 12 13 14 15 16 17 18 19 20 ...
 $ Race.IsAnalyzeNormalPastAndFuture: logi  TRUE TRUE TRUE TRUE TRUE TRUE ...
 $ Race.IsAnalyzeNormalPast         : logi  TRUE TRUE TRUE TRUE TRUE TRUE ...
 $ Race.IsAnalyzeNormalFuture       : logi  FALSE FALSE FALSE FALSE FALSE FALSE ...
 $ Race.IsAnalyzeFullPastAndFuture  : logi  TRUE TRUE TRUE TRUE TRUE TRUE ...
 $ Race.IsAnalyzeFullPast           : logi  TRUE TRUE TRUE TRUE TRUE TRUE ...
 $ Race.IsAnalyzeFullFuture         : logi  FALSE FALSE FALSE FALSE FALSE FALSE ...
 $ Race.JyokenCd                    : Factor w/ 1 level "2": 1 1 1 1 1 1 1 1 1 1 ...
 $ Race.JyoType1Cd                  : Factor w/ 71 levels "23-05-1400-1",..: 9 10 11 12 9 7 6 13 9 14 ...
 $ Race.RaceType1Cd                 : Factor w/ 2 levels "2-2-13","2-2-14": 1 2 1 2 2 2 1 2 1 2 ...
 $ RaceHorse.RaceId                 : Factor w/ 399 levels "20201115-05-05-04-10",..: 11 12 13 14 15 16 17 18 19 20 ...
 $ RaceHorse.KettoNum               : Factor w/ 1204 levels "2013105325","2013100211",..: 11 12 13 14 15 16 17 18 19 20 ...
 $ RaceHorse.IsHit1                 : num  0 0 0 0 0 0 0 0 0 0 ...
 $ RaceHorse.IsHit2                 : num  0 0 1 0 0 0 0 0 0 0 ...
 $ RaceHorse.IsHit3                 : num  0 0 0 0 0 0 0 0 0 0 ...
 $ RaceHorse.IsHit4                 : num  1 0 0 0 0 0 0 0 0 0 ...
 $ RaceHorse.IsHit5                 : num  0 0 0 0 0 0 0 0 0 0 ...
 $ RaceHorse.IsHit6                 : num  0 1 0 1 1 1 1 1 1 1 ...
 $ RaceHorse.IsValidRaceHorse       : logi  TRUE TRUE TRUE TRUE TRUE TRUE ...
 $ RaceHorse.FinishTimeSdvByRace    : num  0.0606 -1.8186 0.998 0.0499 -0.6667 ...
 $ RaceHorse.FirstTimeSdvByRace     : num  -0.547 -1.148 1.115 -1.391 1.401 ...
 $ RaceHorse.LastTimeSdvByRace      : num  0.402 -1.65 0.349 1.687 -1.429 ...
 $ RaceHorse.FinishTimeSdv          : num  1.262 0.516 1.889 1.163 0.682 ...
 $ RaceHorse.FirstTimeSdv           : num  1.26 1.44 2.03 -1.03 1.56 ...
 $ RaceHorse.LastTimeSdv            : num  0.538 -0.616 0.894 2.249 -0.659 ...
 $ RaceHorse.IsHitA                 : num  0 0 0 0 0 0 0 0 0 0 ...
 $ RaceHorse.IsHitB                 : num  0 0 1 0 0 0 0 0 0 0 ...
 $ RaceHorse.IsHitC                 : num  0 0 1 0 0 0 0 0 0 0 ...
 $ Horse.KettoNum                   : Factor w/ 1204 levels "2013105325","2013100211",..: 11 12 13 14 15 16 17 18 19 20 ...
 $ Horse.FinishTimeSdvByRaceAvg     : num  0.418 0.683 1.069 0.664 0.636 ...
 $ Horse.FirstTimeSdvByRaceAvg      : num  -0.0536 0.8462 0.8792 -0.12 0.5411 ...
 $ Horse.LastTimeSdvByRaceAvg       : num  0.47 0.337 0.667 0.712 0.404 ...
 $ Horse.FinishTimeSdvAvg           : num  0.921 0.863 1.528 1.094 0.674 ...
 $ Horse.FirstTimeSdvAvg            : num  0.623 0.589 1.318 0.437 0.425 ...
 $ Horse.LastTimeSdvAvg             : num  0.725 0.715 0.985 1.098 0.618 ...
 $ Horse.RealOddsLog1Avg            : num  3.71 2.23 1.84 2.33 2.47 ...
 $ Horse.RunCount                   : num  55 18 10 37 16 34 27 15 25 13 ...
 $ Horse.HitCount1                  : num  4 3 4 3 3 4 3 3 3 3 ...
 $ Horse.HitCount2                  : num  5 5 1 8 4 2 4 2 2 3 ...
 $ Horse.HitCount3                  : num  6 1 2 6 2 4 2 1 5 1 ...
 $ Horse.HitCount4                  : num  2 1 1 6 1 3 3 2 1 2 ...
 $ Horse.HitCount5                  : num  3 3 0 1 1 5 3 1 3 0 ...
 $ Horse.HitRate1                   : num  0.0727 0.1667 0.4 0.0811 0.1875 ...
 $ Horse.HitRate2                   : num  0.0909 0.2778 0.1 0.2162 0.25 ...
 $ Horse.HitRate3                   : num  0.1091 0.0556 0.2 0.1622 0.125 ...
 $ Horse.HitRate4                   : num  0.0364 0.0556 0.1 0.1622 0.0625 ...
 $ Horse.HitRate5                   : num  0.0545 0.1667 0 0.027 0.0625 ...
 $ EOF                              : int  1 1 1 1 1 1 1 1 1 1 ...
 - attr(*, "na.action")= 'omit' Named int  131 236 333 339 721 1070 1133 1385 1622 1649 ...
  ..- attr(*, "names")= chr  "131" "236" "333" "339" ...
[1] "2022-03-08 18:55:22 --- na.omit Finish ---"
[1] "2022-03-08 18:55:22 --- rxLogit with rxStepControl Start ---"

> print(paste0(Sys.time(), " --- source_logic_glm.R Start ---"))
[1] "2022-03-08 18:55:22 --- source_logic_glm.R Start ---"

> formula <- formula(RaceHorse.IsHitA ~ +1 + Horse.FinishTimeSdvByRaceAvg)

> print(paste0(Sys.time(), " --- source_logic_glm.R Finished ---"))
[1] "2022-03-08 18:55:22 --- source_logic_glm.R Finished ---"
Rows Read: 5748, Total Rows Processed: 5748, Total Chunk Time: 0.001 seconds 

Starting values (iteration 1) time: 0.024 secs.
Rows Read: 5748, Total Rows Processed: 5748, Total Chunk Time: Less than .001 seconds 

Iteration 2 time: 0.007 secs.
Rows Read: 5748, Total Rows Processed: 5748, Total Chunk Time: 0.001 seconds 

Iteration 3 time: 0.004 secs.
Rows Read: 5748, Total Rows Processed: 5748, Total Chunk Time: 0.001 seconds 

Iteration 4 time: 0.005 secs.
Rows Read: 5748, Total Rows Processed: 5748, Total Chunk Time: 0.001 seconds 

Iteration 5 time: 0.005 secs.

Elapsed computation time: 0.063 secs.
Rows Read: 5748, Total Rows Processed: 5748, Total Chunk Time: Less than .001 seconds 

Starting values (iteration 1) time: 0.005 secs.
Rows Read: 5748, Total Rows Processed: 5748, Total Chunk Time: 0.001 seconds 

Iteration 2 time: 0.005 secs.

Elapsed computation time: 0.022 secs.
Rows Read: 5748, Total Rows Processed: 5748, Total Chunk Time: Less than .001 seconds 

Starting values (iteration 1) time: 0.006 secs.
Rows Read: 5748, Total Rows Processed: 5748, Total Chunk Time: 0.002 seconds 

Iteration 2 time: 0.006 secs.
Rows Read: 5748, Total Rows Processed: 5748, Total Chunk Time: 0.002 seconds 

Iteration 3 time: 0.004 secs.
Rows Read: 5748, Total Rows Processed: 5748, Total Chunk Time: 0.001 seconds 

Iteration 4 time: 0.004 secs.
Rows Read: 5748, Total Rows Processed: 5748, Total Chunk Time: 0.001 seconds 

Iteration 5 time: 0.004 secs.

Elapsed computation time: 0.045 secs.

Elapsed computation time: 0.147 secs.
[1] "--------------------------------------------------------------------------------"
[1] "analyze.results.glm.step="
Logistic Regression Results for: RaceHorse.IsHitA ~
    Horse.FinishTimeSdvByRaceAvg
Data: data
Dependent variable(s): RaceHorse.IsHitA
Total independent variables: 2 
Number of valid observations: 5748
Number of missing observations: 0 
 
Coefficients:
                             RaceHorse.IsHitA
(Intercept)                                -4
Horse.FinishTimeSdvByRaceAvg                2
[1] "analyze.results.glm.step.summary"
Call:
rxLogit(formula = formula, data = data, variableSelection = analyze.results.glm.step.varsel)

Logistic Regression Results for: RaceHorse.IsHitA ~
    Horse.FinishTimeSdvByRaceAvg
Data: data
Dependent variable(s): RaceHorse.IsHitA
Total independent variables: 2 
Number of valid observations: 5748
Number of missing observations: 0 
-2*LogLikelihood: 2726.915 (Residual deviance on 5746 degrees of freedom)
 
Coefficients:
                             Estimate Std. Error z value Pr(>|z|)    
(Intercept)                    -4.182      0.145   -28.9  2.2e-16 ***
Horse.FinishTimeSdvByRaceAvg    2.398      0.181    13.3  2.2e-16 ***
---
Signif. codes:  0 '***' 0.001 '**' 0.01 '*' 0.05 '.' 0.1 ' ' 1

Condition number of final variance-covariance matrix: 1 
Number of iterations: 5
[1] "--------------------------------------------------------------------------------"
[1] "2022-03-08 18:55:22 --- rxLogit with rxStepControl Finish ---"
[1] "2022-03-08 18:55:22 --- rxStepPlot Start ---"
[1] "pdfFilename=pdf_analyze_glm_Horse_Type22_rxStepPlot.pdf"
[1] "rxStepPlot="
[1] "2022-03-08 18:55:22 --- rxStepPlot Finish ---"
[1] "2022-03-08 18:55:22 --- save.image Start ---"
[1] "save.image"
[1] "rdataFilename=RData_analyze_glm_Horse_Type22.RData"
[1] "2022-03-08 18:55:22 --- save.image Finish ---"
[1] "2022-03-08 18:55:22 --- final Start ---"
[1] "--------------------------------------------------------------------------------"
[1] "nrow(data) final=5748"
[1] "--------------------------------------------------------------------------------"
[1] "2022-03-08 18:55:22 --- final Finish ---"
[1] "2022-03-08 18:55:22 --- analyze_glm.R Finished ---"
[1] "2022-03-08 18:55:22 --- log Finish ---"
