[1] "2022-03-08 18:25:08 --- D1115_analyze_glm_Gen01_IsHitA_Type16 Start ---"
[1] "2022-03-08 18:25:08 --- Log Start ---"
[1] "2022-03-08 18:25:08 --- analyze_glm.R Start ---"
[1] "analyzeVersion=D1115"
[1] "analyzeCategory=analyze"
[1] "analyzeType=Gen01"
[1] "analyzeFamily=IsHitA"
[1] "analyzeFunc=glm"
[1] "analyzeTrackTypeCd=1"
[1] "analyzeJyokenCd=6"
[1] "2022-03-08 18:25:08 --- source_function.R Start ---"
[1] "2022-03-08 18:25:08 --- source_function.R Finished ---"

> print(paste0(Sys.time(), " --- source_library.R Start ---"))
[1] "2022-03-08 18:25:08 --- source_library.R Start ---"

> require("RevoScaleR")

> print(paste0(Sys.time(), " --- source_library.R Finished ---"))
[1] "2022-03-08 18:25:14 --- source_library.R Finished ---"
[1] "2022-03-08 18:25:14 --- RxSqlServerData Start ---"
[1] "2022-03-08 18:25:14 --- RxInSqlServer Start ---"
[1] "2022-03-08 18:25:14 --- RxInSqlServer Finish ---"
[1] "2022-03-08 18:25:14 --- rxSetComputeContext Start ---"
[1] "2022-03-08 18:25:14 --- rxSetComputeContext Finish ---"
[1] "2022-03-08 18:25:14 --- RxSqlServerData Start ---"
[1] "sqlQuery=SELECT * FROM ViewAnalyzeD1115analyze01Gen01Type16"
[1] "2022-03-08 18:25:14 --- RxSqlServerData Finish ---"
[1] "2022-03-08 18:25:14 --- rxGetVarInfo Start ---"
[1] "2022-03-08 18:25:15 --- rxGetVarInfo Finish---"
[1] "2022-03-08 18:25:15 --- rxImport Start ---"
Rows Read: 12944, Total Rows Processed: 12944, Total Chunk Time: 168.787 seconds 
[1] "2022-03-08 18:34:34 --- rxImport Finish ---"
[1] "object.size(data) auto=5.1 Mb"
[1] "--------------------------------------------------------------------------------"
[1] "nrow(data) RxSqlServerData=12944"
[1] "--------------------------------------------------------------------------------"
[1] "str(data)="
'data.frame':	12944 obs. of  48 variables:
 $ Race.RaceId                      : Factor w/ 992 levels "20160806-10-02-03-05",..: 11 12 13 14 15 16 17 18 19 20 ...
 $ Race.IsAnalyzeNormalPastAndFuture: logi  TRUE TRUE TRUE TRUE TRUE TRUE ...
 $ Race.IsAnalyzeNormalPast         : logi  TRUE TRUE TRUE TRUE TRUE TRUE ...
 $ Race.IsAnalyzeNormalFuture       : logi  FALSE FALSE FALSE FALSE FALSE FALSE ...
 $ Race.IsAnalyzeFullPastAndFuture  : logi  TRUE TRUE TRUE TRUE TRUE TRUE ...
 $ Race.IsAnalyzeFullPast           : logi  TRUE TRUE TRUE TRUE TRUE TRUE ...
 $ Race.IsAnalyzeFullFuture         : logi  FALSE FALSE FALSE FALSE FALSE FALSE ...
 $ Race.JyokenCd                    : Factor w/ 1 level "6": 1 1 1 1 1 1 1 1 1 1 ...
 $ Race.JyoType1Cd                  : Factor w/ 119 levels "17-10-1200-1",..: 8 9 10 11 12 13 14 12 15 16 ...
 $ Race.RaceType1Cd                 : Factor w/ 2 levels "1-6-11","1-6-12": 1 1 1 1 1 1 1 1 1 1 ...
 $ RaceHorse.RaceId                 : Factor w/ 992 levels "20160806-10-02-03-05",..: 11 12 13 14 15 16 17 18 19 20 ...
 $ RaceHorse.KettoNum               : Factor w/ 12927 levels "2014100580","2014104287",..: 11 12 13 14 15 16 17 18 19 20 ...
 $ RaceHorse.IsHit1                 : num  0 0 0 0 0 0 0 0 0 0 ...
 $ RaceHorse.IsHit2                 : num  0 0 0 0 0 0 0 0 0 0 ...
 $ RaceHorse.IsHit3                 : num  0 0 0 0 0 0 0 0 0 0 ...
 $ RaceHorse.IsHit4                 : num  0 1 0 0 0 0 0 0 0 0 ...
 $ RaceHorse.IsHit5                 : num  0 0 0 0 0 0 0 0 0 0 ...
 $ RaceHorse.IsHit6                 : num  1 0 1 1 1 1 1 1 1 1 ...
 $ RaceHorse.IsValidRaceHorse       : logi  TRUE TRUE TRUE TRUE TRUE TRUE ...
 $ RaceHorse.FinishTimeSdvByRace    : num  0.216 0.387 -0.801 -1.577 -0.556 ...
 $ RaceHorse.FirstTimeSdvByRace     : num  0.961 0.493 1.08 -0.281 0.727 ...
 $ RaceHorse.LastTimeSdvByRace      : num  -0.612 0.178 -1.157 -1.431 -1.523 ...
 $ RaceHorse.FinishTimeSdv          : num  -0.02 -1.667 -1.419 -1.513 -0.351 ...
 $ RaceHorse.FirstTimeSdv           : num  -0.395 -1.691 -0.688 -1.095 0.942 ...
 $ RaceHorse.LastTimeSdv            : num  0.303 -0.309 -1.396 -0.857 -1.122 ...
 $ RaceHorse.IsHitA                 : num  0 0 0 0 0 0 0 0 0 0 ...
 $ RaceHorse.IsHitB                 : num  0 0 0 0 0 0 0 0 0 0 ...
 $ RaceHorse.IsHitC                 : num  0 0 0 0 0 0 0 0 0 0 ...
 $ Gen01.HansyokuNum                : Factor w/ 337 levels "11202261","11202252",..: 10 9 11 12 13 14 15 11 1 8 ...
 $ Gen01.FinishTimeSdvByRaceAvg     : num  0.2759 0.3502 0.3342 -0.0257 0.4607 ...
 $ Gen01.FirstTimeSdvByRaceAvg      : num  0.329 0.355 0.165 0.239 0.441 ...
 $ Gen01.LastTimeSdvByRaceAvg       : num  0.0789 0.1656 0.2562 -0.1695 0.2907 ...
 $ Gen01.FinishTimeSdvAvg           : num  -0.797 -0.577 -0.905 -0.801 -0.274 ...
 $ Gen01.FirstTimeSdvAvg            : num  -0.846 -0.708 -0.987 -0.695 -0.67 ...
 $ Gen01.LastTimeSdvAvg             : num  -0.197 -0.115 -0.13 -0.377 0.481 ...
 $ Gen01.RealOddsLog1Avg            : num  3.17 2.81 3.86 3.76 2.54 ...
 $ Gen01.RunCount                   : num  73 44 32 114 3 19 103 33 9 255 ...
 $ Gen01.HitCount1                  : num  5 6 3 3 0 2 7 3 1 22 ...
 $ Gen01.HitCount2                  : num  6 4 3 9 0 2 4 3 0 25 ...
 $ Gen01.HitCount3                  : num  9 2 1 3 1 3 10 1 1 26 ...
 $ Gen01.HitCount4                  : num  5 5 2 8 0 1 10 2 2 22 ...
 $ Gen01.HitCount5                  : num  4 4 5 9 1 1 6 5 0 24 ...
 $ Gen01.HitRate1                   : num  0.0685 0.1364 0.0938 0.0263 0 ...
 $ Gen01.HitRate2                   : num  0.0822 0.0909 0.0938 0.0789 0 ...
 $ Gen01.HitRate3                   : num  0.1233 0.0455 0.0312 0.0263 0.3333 ...
 $ Gen01.HitRate4                   : num  0.0685 0.1136 0.0625 0.0702 0 ...
 $ Gen01.HitRate5                   : num  0.0548 0.0909 0.1562 0.0789 0.3333 ...
 $ EOF                              : int  1 1 1 1 1 1 1 1 1 1 ...
[1] "2022-03-08 18:34:34 --- RxSqlServerData Finish ---"
[1] "2022-03-08 18:34:34 --- subset Start ---"
[1] "--------------------------------------------------------------------------------"
[1] "nrow(data) subset before=12944"
[1] "nrow(data) subset after =12944"
[1] "nrow(data) subset diff =0"
[1] "--------------------------------------------------------------------------------"
[1] "2022-03-08 18:34:34 --- subset Finish---"
[1] "2022-03-08 18:34:34 --- transform Start ---"
[1] "--------------------------------------------------------------------------------"
[1] "nrow(data) transform before=12944"
[1] "nrow(data) transform after=12944"
[1] "nrow(data) transform diff=0"
[1] "--------------------------------------------------------------------------------"
[1] "str(data)="
'data.frame':	12944 obs. of  48 variables:
 $ Race.RaceId                      : Factor w/ 992 levels "20160806-10-02-03-05",..: 11 12 13 14 15 16 17 18 19 20 ...
 $ Race.IsAnalyzeNormalPastAndFuture: logi  TRUE TRUE TRUE TRUE TRUE TRUE ...
 $ Race.IsAnalyzeNormalPast         : logi  TRUE TRUE TRUE TRUE TRUE TRUE ...
 $ Race.IsAnalyzeNormalFuture       : logi  FALSE FALSE FALSE FALSE FALSE FALSE ...
 $ Race.IsAnalyzeFullPastAndFuture  : logi  TRUE TRUE TRUE TRUE TRUE TRUE ...
 $ Race.IsAnalyzeFullPast           : logi  TRUE TRUE TRUE TRUE TRUE TRUE ...
 $ Race.IsAnalyzeFullFuture         : logi  FALSE FALSE FALSE FALSE FALSE FALSE ...
 $ Race.JyokenCd                    : Factor w/ 1 level "6": 1 1 1 1 1 1 1 1 1 1 ...
 $ Race.JyoType1Cd                  : Factor w/ 119 levels "17-10-1200-1",..: 8 9 10 11 12 13 14 12 15 16 ...
 $ Race.RaceType1Cd                 : Factor w/ 2 levels "1-6-11","1-6-12": 1 1 1 1 1 1 1 1 1 1 ...
 $ RaceHorse.RaceId                 : Factor w/ 992 levels "20160806-10-02-03-05",..: 11 12 13 14 15 16 17 18 19 20 ...
 $ RaceHorse.KettoNum               : Factor w/ 12927 levels "2014100580","2014104287",..: 11 12 13 14 15 16 17 18 19 20 ...
 $ RaceHorse.IsHit1                 : num  0 0 0 0 0 0 0 0 0 0 ...
 $ RaceHorse.IsHit2                 : num  0 0 0 0 0 0 0 0 0 0 ...
 $ RaceHorse.IsHit3                 : num  0 0 0 0 0 0 0 0 0 0 ...
 $ RaceHorse.IsHit4                 : num  0 1 0 0 0 0 0 0 0 0 ...
 $ RaceHorse.IsHit5                 : num  0 0 0 0 0 0 0 0 0 0 ...
 $ RaceHorse.IsHit6                 : num  1 0 1 1 1 1 1 1 1 1 ...
 $ RaceHorse.IsValidRaceHorse       : logi  TRUE TRUE TRUE TRUE TRUE TRUE ...
 $ RaceHorse.FinishTimeSdvByRace    : num  0.216 0.387 -0.801 -1.577 -0.556 ...
 $ RaceHorse.FirstTimeSdvByRace     : num  0.961 0.493 1.08 -0.281 0.727 ...
 $ RaceHorse.LastTimeSdvByRace      : num  -0.612 0.178 -1.157 -1.431 -1.523 ...
 $ RaceHorse.FinishTimeSdv          : num  -0.02 -1.667 -1.419 -1.513 -0.351 ...
 $ RaceHorse.FirstTimeSdv           : num  -0.395 -1.691 -0.688 -1.095 0.942 ...
 $ RaceHorse.LastTimeSdv            : num  0.303 -0.309 -1.396 -0.857 -1.122 ...
 $ RaceHorse.IsHitA                 : num  0 0 0 0 0 0 0 0 0 0 ...
 $ RaceHorse.IsHitB                 : num  0 0 0 0 0 0 0 0 0 0 ...
 $ RaceHorse.IsHitC                 : num  0 0 0 0 0 0 0 0 0 0 ...
 $ Gen01.HansyokuNum                : Factor w/ 337 levels "11202261","11202252",..: 10 9 11 12 13 14 15 11 1 8 ...
 $ Gen01.FinishTimeSdvByRaceAvg     : num  0.2759 0.3502 0.3342 -0.0257 0.4607 ...
 $ Gen01.FirstTimeSdvByRaceAvg      : num  0.329 0.355 0.165 0.239 0.441 ...
 $ Gen01.LastTimeSdvByRaceAvg       : num  0.0789 0.1656 0.2562 -0.1695 0.2907 ...
 $ Gen01.FinishTimeSdvAvg           : num  -0.797 -0.577 -0.905 -0.801 -0.274 ...
 $ Gen01.FirstTimeSdvAvg            : num  -0.846 -0.708 -0.987 -0.695 -0.67 ...
 $ Gen01.LastTimeSdvAvg             : num  -0.197 -0.115 -0.13 -0.377 0.481 ...
 $ Gen01.RealOddsLog1Avg            : num  3.17 2.81 3.86 3.76 2.54 ...
 $ Gen01.RunCount                   : num  73 44 32 114 3 19 103 33 9 255 ...
 $ Gen01.HitCount1                  : num  5 6 3 3 0 2 7 3 1 22 ...
 $ Gen01.HitCount2                  : num  6 4 3 9 0 2 4 3 0 25 ...
 $ Gen01.HitCount3                  : num  9 2 1 3 1 3 10 1 1 26 ...
 $ Gen01.HitCount4                  : num  5 5 2 8 0 1 10 2 2 22 ...
 $ Gen01.HitCount5                  : num  4 4 5 9 1 1 6 5 0 24 ...
 $ Gen01.HitRate1                   : num  0.0685 0.1364 0.0938 0.0263 0 ...
 $ Gen01.HitRate2                   : num  0.0822 0.0909 0.0938 0.0789 0 ...
 $ Gen01.HitRate3                   : num  0.1233 0.0455 0.0312 0.0263 0.3333 ...
 $ Gen01.HitRate4                   : num  0.0685 0.1136 0.0625 0.0702 0 ...
 $ Gen01.HitRate5                   : num  0.0548 0.0909 0.1562 0.0789 0.3333 ...
 $ EOF                              : int  1 1 1 1 1 1 1 1 1 1 ...
NULL
[1] "2022-03-08 18:34:35 --- transform Finish ---"
[1] "2022-03-08 18:34:35 --- na.omit Start ---"
[1] "--------------------------------------------------------------------------------"
[1] "nrow(data) na.omit before=12944"
[1] "nrow(data) na.omit after =12868"
[1] "nrow(data) na.omit diff =76"
[1] "--------------------------------------------------------------------------------"
'data.frame':	12868 obs. of  48 variables:
 $ Race.RaceId                      : Factor w/ 992 levels "20160806-10-02-03-05",..: 11 12 13 14 15 16 17 18 19 20 ...
 $ Race.IsAnalyzeNormalPastAndFuture: logi  TRUE TRUE TRUE TRUE TRUE TRUE ...
 $ Race.IsAnalyzeNormalPast         : logi  TRUE TRUE TRUE TRUE TRUE TRUE ...
 $ Race.IsAnalyzeNormalFuture       : logi  FALSE FALSE FALSE FALSE FALSE FALSE ...
 $ Race.IsAnalyzeFullPastAndFuture  : logi  TRUE TRUE TRUE TRUE TRUE TRUE ...
 $ Race.IsAnalyzeFullPast           : logi  TRUE TRUE TRUE TRUE TRUE TRUE ...
 $ Race.IsAnalyzeFullFuture         : logi  FALSE FALSE FALSE FALSE FALSE FALSE ...
 $ Race.JyokenCd                    : Factor w/ 1 level "6": 1 1 1 1 1 1 1 1 1 1 ...
 $ Race.JyoType1Cd                  : Factor w/ 119 levels "17-10-1200-1",..: 8 9 10 11 12 13 14 12 15 16 ...
 $ Race.RaceType1Cd                 : Factor w/ 2 levels "1-6-11","1-6-12": 1 1 1 1 1 1 1 1 1 1 ...
 $ RaceHorse.RaceId                 : Factor w/ 992 levels "20160806-10-02-03-05",..: 11 12 13 14 15 16 17 18 19 20 ...
 $ RaceHorse.KettoNum               : Factor w/ 12927 levels "2014100580","2014104287",..: 11 12 13 14 15 16 17 18 19 20 ...
 $ RaceHorse.IsHit1                 : num  0 0 0 0 0 0 0 0 0 0 ...
 $ RaceHorse.IsHit2                 : num  0 0 0 0 0 0 0 0 0 0 ...
 $ RaceHorse.IsHit3                 : num  0 0 0 0 0 0 0 0 0 0 ...
 $ RaceHorse.IsHit4                 : num  0 1 0 0 0 0 0 0 0 0 ...
 $ RaceHorse.IsHit5                 : num  0 0 0 0 0 0 0 0 0 0 ...
 $ RaceHorse.IsHit6                 : num  1 0 1 1 1 1 1 1 1 1 ...
 $ RaceHorse.IsValidRaceHorse       : logi  TRUE TRUE TRUE TRUE TRUE TRUE ...
 $ RaceHorse.FinishTimeSdvByRace    : num  0.216 0.387 -0.801 -1.577 -0.556 ...
 $ RaceHorse.FirstTimeSdvByRace     : num  0.961 0.493 1.08 -0.281 0.727 ...
 $ RaceHorse.LastTimeSdvByRace      : num  -0.612 0.178 -1.157 -1.431 -1.523 ...
 $ RaceHorse.FinishTimeSdv          : num  -0.02 -1.667 -1.419 -1.513 -0.351 ...
 $ RaceHorse.FirstTimeSdv           : num  -0.395 -1.691 -0.688 -1.095 0.942 ...
 $ RaceHorse.LastTimeSdv            : num  0.303 -0.309 -1.396 -0.857 -1.122 ...
 $ RaceHorse.IsHitA                 : num  0 0 0 0 0 0 0 0 0 0 ...
 $ RaceHorse.IsHitB                 : num  0 0 0 0 0 0 0 0 0 0 ...
 $ RaceHorse.IsHitC                 : num  0 0 0 0 0 0 0 0 0 0 ...
 $ Gen01.HansyokuNum                : Factor w/ 337 levels "11202261","11202252",..: 10 9 11 12 13 14 15 11 1 8 ...
 $ Gen01.FinishTimeSdvByRaceAvg     : num  0.2759 0.3502 0.3342 -0.0257 0.4607 ...
 $ Gen01.FirstTimeSdvByRaceAvg      : num  0.329 0.355 0.165 0.239 0.441 ...
 $ Gen01.LastTimeSdvByRaceAvg       : num  0.0789 0.1656 0.2562 -0.1695 0.2907 ...
 $ Gen01.FinishTimeSdvAvg           : num  -0.797 -0.577 -0.905 -0.801 -0.274 ...
 $ Gen01.FirstTimeSdvAvg            : num  -0.846 -0.708 -0.987 -0.695 -0.67 ...
 $ Gen01.LastTimeSdvAvg             : num  -0.197 -0.115 -0.13 -0.377 0.481 ...
 $ Gen01.RealOddsLog1Avg            : num  3.17 2.81 3.86 3.76 2.54 ...
 $ Gen01.RunCount                   : num  73 44 32 114 3 19 103 33 9 255 ...
 $ Gen01.HitCount1                  : num  5 6 3 3 0 2 7 3 1 22 ...
 $ Gen01.HitCount2                  : num  6 4 3 9 0 2 4 3 0 25 ...
 $ Gen01.HitCount3                  : num  9 2 1 3 1 3 10 1 1 26 ...
 $ Gen01.HitCount4                  : num  5 5 2 8 0 1 10 2 2 22 ...
 $ Gen01.HitCount5                  : num  4 4 5 9 1 1 6 5 0 24 ...
 $ Gen01.HitRate1                   : num  0.0685 0.1364 0.0938 0.0263 0 ...
 $ Gen01.HitRate2                   : num  0.0822 0.0909 0.0938 0.0789 0 ...
 $ Gen01.HitRate3                   : num  0.1233 0.0455 0.0312 0.0263 0.3333 ...
 $ Gen01.HitRate4                   : num  0.0685 0.1136 0.0625 0.0702 0 ...
 $ Gen01.HitRate5                   : num  0.0548 0.0909 0.1562 0.0789 0.3333 ...
 $ EOF                              : int  1 1 1 1 1 1 1 1 1 1 ...
 - attr(*, "na.action")= 'omit' Named int  41 75 89 126 177 193 326 357 390 542 ...
  ..- attr(*, "names")= chr  "41" "75" "89" "126" ...
[1] "2022-03-08 18:34:35 --- na.omit Finish ---"
[1] "2022-03-08 18:34:35 --- rxLogit with rxStepControl Start ---"

> print(paste0(Sys.time(), " --- source_logic_glm.R Start ---"))
[1] "2022-03-08 18:34:35 --- source_logic_glm.R Start ---"

> formula <- formula(RaceHorse.IsHitA ~ +1 + Gen01.FinishTimeSdvByRaceAvg)

> print(paste0(Sys.time(), " --- source_logic_glm.R Finished ---"))
[1] "2022-03-08 18:34:35 --- source_logic_glm.R Finished ---"
Rows Read: 12868, Total Rows Processed: 12868, Total Chunk Time: Less than .001 seconds 

Starting values (iteration 1) time: 0.008 secs.
Rows Read: 12868, Total Rows Processed: 12868, Total Chunk Time: Less than .001 seconds 

Iteration 2 time: 0.007 secs.
Rows Read: 12868, Total Rows Processed: 12868, Total Chunk Time: Less than .001 seconds 

Iteration 3 time: 0.004 secs.
Rows Read: 12868, Total Rows Processed: 12868, Total Chunk Time: Less than .001 seconds 

Iteration 4 time: 0.004 secs.
Rows Read: 12868, Total Rows Processed: 12868, Total Chunk Time: Less than .001 seconds 

Iteration 5 time: 0.004 secs.

Elapsed computation time: 0.047 secs.
Rows Read: 12868, Total Rows Processed: 12868, Total Chunk Time: Less than .001 seconds 

Starting values (iteration 1) time: 0.009 secs.
Rows Read: 12868, Total Rows Processed: 12868, Total Chunk Time: Less than .001 seconds 

Iteration 2 time: 0.006 secs.

Elapsed computation time: 0.025 secs.
Rows Read: 12868, Total Rows Processed: 12868, Total Chunk Time: Less than .001 seconds 

Starting values (iteration 1) time: 0.011 secs.
Rows Read: 12868, Total Rows Processed: 12868, Total Chunk Time: Less than .001 seconds 

Iteration 2 time: 0.009 secs.
Rows Read: 12868, Total Rows Processed: 12868, Total Chunk Time: 0.002 seconds 

Iteration 3 time: 0.005 secs.
Rows Read: 12868, Total Rows Processed: 12868, Total Chunk Time: Less than .001 seconds 

Iteration 4 time: 0.006 secs.
Rows Read: 12868, Total Rows Processed: 12868, Total Chunk Time: 0.002 seconds 

Iteration 5 time: 0.005 secs.

Elapsed computation time: 0.059 secs.

Elapsed computation time: 0.149 secs.
[1] "--------------------------------------------------------------------------------"
[1] "analyze.results.glm.step="
Logistic Regression Results for: RaceHorse.IsHitA ~
    Gen01.FinishTimeSdvByRaceAvg
Data: data
Dependent variable(s): RaceHorse.IsHitA
Total independent variables: 2 
Number of valid observations: 12868
Number of missing observations: 0 
 
Coefficients:
                             RaceHorse.IsHitA
(Intercept)                                -3
Gen01.FinishTimeSdvByRaceAvg                2
[1] "analyze.results.glm.step.summary"
Call:
rxLogit(formula = formula, data = data, variableSelection = analyze.results.glm.step.varsel)

Logistic Regression Results for: RaceHorse.IsHitA ~
    Gen01.FinishTimeSdvByRaceAvg
Data: data
Dependent variable(s): RaceHorse.IsHitA
Total independent variables: 2 
Number of valid observations: 12868
Number of missing observations: 0 
-2*LogLikelihood: 6602.521 (Residual deviance on 12866 degrees of freedom)
 
Coefficients:
                             Estimate Std. Error z value Pr(>|z|)    
(Intercept)                   -3.2501     0.0645   -50.4  2.2e-16 ***
Gen01.FinishTimeSdvByRaceAvg   2.0121     0.1316    15.3  2.2e-16 ***
---
Signif. codes:  0 '***' 0.001 '**' 0.01 '*' 0.05 '.' 0.1 ' ' 1

Condition number of final variance-covariance matrix: 1 
Number of iterations: 5
[1] "--------------------------------------------------------------------------------"
[1] "2022-03-08 18:34:36 --- rxLogit with rxStepControl Finish ---"
[1] "2022-03-08 18:34:36 --- rxStepPlot Start ---"
[1] "pdfFilename=pdf_analyze_glm_Gen01_Type16_rxStepPlot.pdf"
[1] "rxStepPlot="
[1] "2022-03-08 18:34:36 --- rxStepPlot Finish ---"
[1] "2022-03-08 18:34:36 --- save.image Start ---"
[1] "save.image"
[1] "rdataFilename=RData_analyze_glm_Gen01_Type16.RData"
[1] "2022-03-08 18:34:36 --- save.image Finish ---"
[1] "2022-03-08 18:34:36 --- final Start ---"
[1] "--------------------------------------------------------------------------------"
[1] "nrow(data) final=12868"
[1] "--------------------------------------------------------------------------------"
[1] "2022-03-08 18:34:36 --- final Finish ---"
[1] "2022-03-08 18:34:36 --- analyze_glm.R Finished ---"
[1] "2022-03-08 18:34:36 --- log Finish ---"
