[1] "2022-02-26 17:57:44 --- D1115_analyze_glm_Jockey_IsHitA_Type35 Start ---"
[1] "2022-02-26 17:57:44 --- Log Start ---"
[1] "2022-02-26 17:57:44 --- analyze_glm.R Start ---"
[1] "analyzeVersion=D1115"
[1] "analyzeCategory=analyze"
[1] "analyzeType=Jockey"
[1] "analyzeFamily=IsHitA"
[1] "analyzeFunc=glm"
[1] "analyzeTrackTypeCd=3"
[1] "analyzeJyokenCd=5"
[1] "2022-02-26 17:57:45 --- source_function.R Start ---"
[1] "2022-02-26 17:57:45 --- source_function.R Finished ---"

> print(paste0(Sys.time(), " --- source_library.R Start ---"))
[1] "2022-02-26 17:57:45 --- source_library.R Start ---"

> require("RevoScaleR")

> print(paste0(Sys.time(), " --- source_library.R Finished ---"))
[1] "2022-02-26 17:57:46 --- source_library.R Finished ---"
[1] "2022-02-26 17:57:46 --- RxSqlServerData Start ---"
[1] "2022-02-26 17:57:46 --- RxInSqlServer Start ---"
[1] "2022-02-26 17:57:46 --- RxInSqlServer Finish ---"
[1] "2022-02-26 17:57:46 --- rxSetComputeContext Start ---"
[1] "2022-02-26 17:57:46 --- rxSetComputeContext Finish ---"
[1] "2022-02-26 17:57:46 --- RxSqlServerData Start ---"
[1] "sqlQuery=SELECT * FROM ViewAnalyzeD1115analyze01JockeyType35"
[1] "2022-02-26 17:57:46 --- RxSqlServerData Finish ---"
[1] "2022-02-26 17:57:47 --- rxGetVarInfo Start ---"
[1] "2022-02-26 17:57:50 --- rxGetVarInfo Finish---"
[1] "2022-02-26 17:57:51 --- rxImport Start ---"
Rows Read: 5313, Total Rows Processed: 5313, Total Chunk Time: 35.610 seconds 
[1] "2022-02-26 17:59:05 --- rxImport Finish ---"
[1] "object.size(data) auto=1.7 Mb"
[1] "--------------------------------------------------------------------------------"
[1] "nrow(data) RxSqlServerData=5313"
[1] "--------------------------------------------------------------------------------"
[1] "str(data)="
'data.frame':	5313 obs. of  43 variables:
 $ Race.RaceId                      : Factor w/ 419 levels "20160116-07-01-01-04",..: 1 2 3 4 5 6 7 8 9 10 ...
 $ Race.IsAnalyzeNormalPastAndFuture: logi  TRUE TRUE TRUE TRUE TRUE TRUE ...
 $ Race.IsAnalyzeNormalPast         : logi  TRUE TRUE TRUE TRUE TRUE TRUE ...
 $ Race.IsAnalyzeNormalFuture       : logi  FALSE FALSE FALSE FALSE FALSE FALSE ...
 $ Race.IsAnalyzeFullPastAndFuture  : logi  TRUE TRUE TRUE TRUE TRUE TRUE ...
 $ Race.IsAnalyzeFullPast           : logi  TRUE TRUE TRUE TRUE TRUE TRUE ...
 $ Race.IsAnalyzeFullFuture         : logi  FALSE FALSE FALSE FALSE FALSE FALSE ...
 $ Race.JyokenCd                    : Factor w/ 1 level "5": 1 1 1 1 1 1 1 1 1 1 ...
 $ Race.JyoType1Cd                  : Factor w/ 34 levels "3-07-3000-5-1",..: 1 1 2 1 3 3 4 5 6 4 ...
 $ Race.RaceType1Cd                 : Factor w/ 1 level "3-5-X-3": 1 1 1 1 1 1 1 1 1 1 ...
 $ RaceHorse.RaceId                 : Factor w/ 419 levels "20160116-07-01-01-04",..: 1 2 3 4 5 6 7 8 9 10 ...
 $ RaceHorse.KettoNum               : Factor w/ 1605 levels "2011105913","2010104551",..: 11 12 13 14 11 15 16 2 17 10 ...
 $ RaceHorse.IsHit1                 : num  0 0 0 0 0 0 0 0 0 0 ...
 $ RaceHorse.IsHit2                 : num  0 0 0 0 0 1 0 0 0 0 ...
 $ RaceHorse.IsHit3                 : num  1 0 0 0 1 0 0 0 0 0 ...
 $ RaceHorse.IsHit4                 : num  0 0 0 0 0 0 0 0 0 0 ...
 $ RaceHorse.IsHit5                 : num  0 0 0 0 0 0 0 1 0 0 ...
 $ RaceHorse.IsHit6                 : num  0 1 1 1 0 0 1 0 1 1 ...
 $ RaceHorse.IsValidRaceHorse       : logi  TRUE TRUE TRUE TRUE TRUE TRUE ...
 $ RaceHorse.TimeSdvByRace          : num  1.003 0.106 0.538 -0.43 0.787 ...
 $ RaceHorse.TimeSdv                : num  1.148 -0.139 0.523 -1.915 0.543 ...
 $ RaceHorse.IsHitA                 : num  0 0 0 0 0 0 0 0 0 0 ...
 $ RaceHorse.IsHitB                 : num  0 0 0 0 0 1 0 0 0 0 ...
 $ RaceHorse.IsHitC                 : num  1 0 0 0 1 1 0 0 0 0 ...
 $ Jockey.TimeSdvByRaceAvg          : num  0.353 0.413 0.129 0.195 0.361 ...
 $ Jockey.TimeSdvByRaceMin          : num  -2.89 -2.22 -2.74 -3 -2.89 ...
 $ Jockey.TimeSdvByRaceMax          : num  1.9 2.14 1.72 2.29 1.9 ...
 $ Jockey.TimeSdvAvg                : num  0.2539 0.4195 0.1264 0.0799 0.2625 ...
 $ Jockey.TimeSdvMin                : num  -2.43 -2.43 -3.61 -6.03 -2.43 ...
 $ Jockey.TimeSdvMax                : num  1.64 1.72 1.57 1.93 1.64 ...
 $ Jockey.OrderOfFinishSdvAvg       : num  0.521 0.478 0.15 0.311 0.516 ...
 $ Jockey.RunCount                  : num  80 134 206 157 82 261 122 188 207 261 ...
 $ Jockey.HitCount1                 : num  19 23 15 20 19 31 1 18 15 29 ...
 $ Jockey.HitCount2                 : num  12 23 18 19 12 30 6 16 18 31 ...
 $ Jockey.HitCount3                 : num  9 17 23 19 10 24 5 23 22 24 ...
 $ Jockey.HitCount4                 : num  6 13 18 18 6 14 8 24 18 15 ...
 $ Jockey.HitCount5                 : num  4 6 21 13 4 17 10 18 20 17 ...
 $ Jockey.HitRate1                  : num  0.2375 0.1716 0.0728 0.1274 0.2317 ...
 $ Jockey.HitRate2                  : num  0.15 0.1716 0.0874 0.121 0.1463 ...
 $ Jockey.HitRate3                  : num  0.112 0.127 0.112 0.121 0.122 ...
 $ Jockey.HitRate4                  : num  0.075 0.097 0.0874 0.1146 0.0732 ...
 $ Jockey.HitRate5                  : num  0.05 0.0448 0.1019 0.0828 0.0488 ...
 $ EOF                              : int  1 1 1 1 1 1 1 1 1 1 ...
[1] "2022-02-26 17:59:07 --- RxSqlServerData Finish ---"
[1] "2022-02-26 17:59:07 --- subset Start ---"
[1] "--------------------------------------------------------------------------------"
[1] "nrow(data) subset before=5313"
[1] "nrow(data) subset after =5313"
[1] "nrow(data) subset diff =0"
[1] "--------------------------------------------------------------------------------"
[1] "2022-02-26 17:59:08 --- subset Finish---"
[1] "2022-02-26 17:59:08 --- transform Start ---"
[1] "--------------------------------------------------------------------------------"
[1] "nrow(data) transform before=5313"
[1] "nrow(data) transform after=5313"
[1] "nrow(data) transform diff=0"
[1] "--------------------------------------------------------------------------------"
[1] "str(data)="
'data.frame':	5313 obs. of  43 variables:
 $ Race.RaceId                      : Factor w/ 419 levels "20160116-07-01-01-04",..: 1 2 3 4 5 6 7 8 9 10 ...
 $ Race.IsAnalyzeNormalPastAndFuture: logi  TRUE TRUE TRUE TRUE TRUE TRUE ...
 $ Race.IsAnalyzeNormalPast         : logi  TRUE TRUE TRUE TRUE TRUE TRUE ...
 $ Race.IsAnalyzeNormalFuture       : logi  FALSE FALSE FALSE FALSE FALSE FALSE ...
 $ Race.IsAnalyzeFullPastAndFuture  : logi  TRUE TRUE TRUE TRUE TRUE TRUE ...
 $ Race.IsAnalyzeFullPast           : logi  TRUE TRUE TRUE TRUE TRUE TRUE ...
 $ Race.IsAnalyzeFullFuture         : logi  FALSE FALSE FALSE FALSE FALSE FALSE ...
 $ Race.JyokenCd                    : Factor w/ 1 level "5": 1 1 1 1 1 1 1 1 1 1 ...
 $ Race.JyoType1Cd                  : Factor w/ 34 levels "3-07-3000-5-1",..: 1 1 2 1 3 3 4 5 6 4 ...
 $ Race.RaceType1Cd                 : Factor w/ 1 level "3-5-X-3": 1 1 1 1 1 1 1 1 1 1 ...
 $ RaceHorse.RaceId                 : Factor w/ 419 levels "20160116-07-01-01-04",..: 1 2 3 4 5 6 7 8 9 10 ...
 $ RaceHorse.KettoNum               : Factor w/ 1605 levels "2011105913","2010104551",..: 11 12 13 14 11 15 16 2 17 10 ...
 $ RaceHorse.IsHit1                 : num  0 0 0 0 0 0 0 0 0 0 ...
 $ RaceHorse.IsHit2                 : num  0 0 0 0 0 1 0 0 0 0 ...
 $ RaceHorse.IsHit3                 : num  1 0 0 0 1 0 0 0 0 0 ...
 $ RaceHorse.IsHit4                 : num  0 0 0 0 0 0 0 0 0 0 ...
 $ RaceHorse.IsHit5                 : num  0 0 0 0 0 0 0 1 0 0 ...
 $ RaceHorse.IsHit6                 : num  0 1 1 1 0 0 1 0 1 1 ...
 $ RaceHorse.IsValidRaceHorse       : logi  TRUE TRUE TRUE TRUE TRUE TRUE ...
 $ RaceHorse.TimeSdvByRace          : num  1.003 0.106 0.538 -0.43 0.787 ...
 $ RaceHorse.TimeSdv                : num  1.148 -0.139 0.523 -1.915 0.543 ...
 $ RaceHorse.IsHitA                 : num  0 0 0 0 0 0 0 0 0 0 ...
 $ RaceHorse.IsHitB                 : num  0 0 0 0 0 1 0 0 0 0 ...
 $ RaceHorse.IsHitC                 : num  1 0 0 0 1 1 0 0 0 0 ...
 $ Jockey.TimeSdvByRaceAvg          : num  0.353 0.413 0.129 0.195 0.361 ...
 $ Jockey.TimeSdvByRaceMin          : num  -2.89 -2.22 -2.74 -3 -2.89 ...
 $ Jockey.TimeSdvByRaceMax          : num  1.9 2.14 1.72 2.29 1.9 ...
 $ Jockey.TimeSdvAvg                : num  0.2539 0.4195 0.1264 0.0799 0.2625 ...
 $ Jockey.TimeSdvMin                : num  -2.43 -2.43 -3.61 -6.03 -2.43 ...
 $ Jockey.TimeSdvMax                : num  1.64 1.72 1.57 1.93 1.64 ...
 $ Jockey.OrderOfFinishSdvAvg       : num  0.521 0.478 0.15 0.311 0.516 ...
 $ Jockey.RunCount                  : num  80 134 206 157 82 261 122 188 207 261 ...
 $ Jockey.HitCount1                 : num  19 23 15 20 19 31 1 18 15 29 ...
 $ Jockey.HitCount2                 : num  12 23 18 19 12 30 6 16 18 31 ...
 $ Jockey.HitCount3                 : num  9 17 23 19 10 24 5 23 22 24 ...
 $ Jockey.HitCount4                 : num  6 13 18 18 6 14 8 24 18 15 ...
 $ Jockey.HitCount5                 : num  4 6 21 13 4 17 10 18 20 17 ...
 $ Jockey.HitRate1                  : num  0.2375 0.1716 0.0728 0.1274 0.2317 ...
 $ Jockey.HitRate2                  : num  0.15 0.1716 0.0874 0.121 0.1463 ...
 $ Jockey.HitRate3                  : num  0.112 0.127 0.112 0.121 0.122 ...
 $ Jockey.HitRate4                  : num  0.075 0.097 0.0874 0.1146 0.0732 ...
 $ Jockey.HitRate5                  : num  0.05 0.0448 0.1019 0.0828 0.0488 ...
 $ EOF                              : int  1 1 1 1 1 1 1 1 1 1 ...
NULL
[1] "2022-02-26 17:59:11 --- transform Finish ---"
[1] "2022-02-26 17:59:11 --- na.omit Start ---"
[1] "--------------------------------------------------------------------------------"
[1] "nrow(data) na.omit before=5313"
[1] "nrow(data) na.omit after =5038"
[1] "nrow(data) na.omit diff =275"
[1] "--------------------------------------------------------------------------------"
'data.frame':	5038 obs. of  43 variables:
 $ Race.RaceId                      : Factor w/ 419 levels "20160116-07-01-01-04",..: 1 2 3 4 5 6 7 8 9 10 ...
 $ Race.IsAnalyzeNormalPastAndFuture: logi  TRUE TRUE TRUE TRUE TRUE TRUE ...
 $ Race.IsAnalyzeNormalPast         : logi  TRUE TRUE TRUE TRUE TRUE TRUE ...
 $ Race.IsAnalyzeNormalFuture       : logi  FALSE FALSE FALSE FALSE FALSE FALSE ...
 $ Race.IsAnalyzeFullPastAndFuture  : logi  TRUE TRUE TRUE TRUE TRUE TRUE ...
 $ Race.IsAnalyzeFullPast           : logi  TRUE TRUE TRUE TRUE TRUE TRUE ...
 $ Race.IsAnalyzeFullFuture         : logi  FALSE FALSE FALSE FALSE FALSE FALSE ...
 $ Race.JyokenCd                    : Factor w/ 1 level "5": 1 1 1 1 1 1 1 1 1 1 ...
 $ Race.JyoType1Cd                  : Factor w/ 34 levels "3-07-3000-5-1",..: 1 1 2 1 3 3 4 5 6 4 ...
 $ Race.RaceType1Cd                 : Factor w/ 1 level "3-5-X-3": 1 1 1 1 1 1 1 1 1 1 ...
 $ RaceHorse.RaceId                 : Factor w/ 419 levels "20160116-07-01-01-04",..: 1 2 3 4 5 6 7 8 9 10 ...
 $ RaceHorse.KettoNum               : Factor w/ 1605 levels "2011105913","2010104551",..: 11 12 13 14 11 15 16 2 17 10 ...
 $ RaceHorse.IsHit1                 : num  0 0 0 0 0 0 0 0 0 0 ...
 $ RaceHorse.IsHit2                 : num  0 0 0 0 0 1 0 0 0 0 ...
 $ RaceHorse.IsHit3                 : num  1 0 0 0 1 0 0 0 0 0 ...
 $ RaceHorse.IsHit4                 : num  0 0 0 0 0 0 0 0 0 0 ...
 $ RaceHorse.IsHit5                 : num  0 0 0 0 0 0 0 1 0 0 ...
 $ RaceHorse.IsHit6                 : num  0 1 1 1 0 0 1 0 1 1 ...
 $ RaceHorse.IsValidRaceHorse       : logi  TRUE TRUE TRUE TRUE TRUE TRUE ...
 $ RaceHorse.TimeSdvByRace          : num  1.003 0.106 0.538 -0.43 0.787 ...
 $ RaceHorse.TimeSdv                : num  1.148 -0.139 0.523 -1.915 0.543 ...
 $ RaceHorse.IsHitA                 : num  0 0 0 0 0 0 0 0 0 0 ...
 $ RaceHorse.IsHitB                 : num  0 0 0 0 0 1 0 0 0 0 ...
 $ RaceHorse.IsHitC                 : num  1 0 0 0 1 1 0 0 0 0 ...
 $ Jockey.TimeSdvByRaceAvg          : num  0.353 0.413 0.129 0.195 0.361 ...
 $ Jockey.TimeSdvByRaceMin          : num  -2.89 -2.22 -2.74 -3 -2.89 ...
 $ Jockey.TimeSdvByRaceMax          : num  1.9 2.14 1.72 2.29 1.9 ...
 $ Jockey.TimeSdvAvg                : num  0.2539 0.4195 0.1264 0.0799 0.2625 ...
 $ Jockey.TimeSdvMin                : num  -2.43 -2.43 -3.61 -6.03 -2.43 ...
 $ Jockey.TimeSdvMax                : num  1.64 1.72 1.57 1.93 1.64 ...
 $ Jockey.OrderOfFinishSdvAvg       : num  0.521 0.478 0.15 0.311 0.516 ...
 $ Jockey.RunCount                  : num  80 134 206 157 82 261 122 188 207 261 ...
 $ Jockey.HitCount1                 : num  19 23 15 20 19 31 1 18 15 29 ...
 $ Jockey.HitCount2                 : num  12 23 18 19 12 30 6 16 18 31 ...
 $ Jockey.HitCount3                 : num  9 17 23 19 10 24 5 23 22 24 ...
 $ Jockey.HitCount4                 : num  6 13 18 18 6 14 8 24 18 15 ...
 $ Jockey.HitCount5                 : num  4 6 21 13 4 17 10 18 20 17 ...
 $ Jockey.HitRate1                  : num  0.2375 0.1716 0.0728 0.1274 0.2317 ...
 $ Jockey.HitRate2                  : num  0.15 0.1716 0.0874 0.121 0.1463 ...
 $ Jockey.HitRate3                  : num  0.112 0.127 0.112 0.121 0.122 ...
 $ Jockey.HitRate4                  : num  0.075 0.097 0.0874 0.1146 0.0732 ...
 $ Jockey.HitRate5                  : num  0.05 0.0448 0.1019 0.0828 0.0488 ...
 $ EOF                              : int  1 1 1 1 1 1 1 1 1 1 ...
 - attr(*, "na.action")= 'omit' Named int  31 87 135 146 157 197 204 223 233 286 ...
  ..- attr(*, "names")= chr  "31" "87" "135" "146" ...
[1] "2022-02-26 17:59:14 --- na.omit Finish ---"
[1] "2022-02-26 17:59:14 --- rxGlm with rxStepControl Start ---"

> print(paste0(Sys.time(), " --- source_logic_glm.R Start ---"))
[1] "2022-02-26 17:59:14 --- source_logic_glm.R Start ---"

> formula <- formula(RaceHorse.IsHitA ~ +1 + Jockey.TimeSdvByRaceAvg)

> print(paste0(Sys.time(), " --- source_logic_glm.R Finished ---"))
[1] "2022-02-26 17:59:14 --- source_logic_glm.R Finished ---"
Rows Read: 5038, Total Rows Processed: 5038, Total Chunk Time: Less than .001 seconds 

Starting values (iteration 1) time: 0.010 secs.
Rows Read: 5038, Total Rows Processed: 5038, Total Chunk Time: 0.002 seconds 

Iteration 2 time: 0.006 secs.
Rows Read: 5038, Total Rows Processed: 5038, Total Chunk Time: 0.002 seconds 

Iteration 3 time: 0.006 secs.
Rows Read: 5038, Total Rows Processed: 5038, Total Chunk Time: Less than .001 seconds 

Iteration 4 time: 0.005 secs.
Rows Read: 5038, Total Rows Processed: 5038, Total Chunk Time: 0.002 seconds 

Iteration 5 time: 0.006 secs.

Elapsed computation time: 0.486 secs.
Rows Read: 5038, Total Rows Processed: 5038, Total Chunk Time: 0.001 seconds 

Starting values (iteration 1) time: 0.006 secs.
Rows Read: 5038, Total Rows Processed: 5038, Total Chunk Time: 0.001 seconds 

Iteration 2 time: 0.005 secs.

Elapsed computation time: 0.025 secs.
Rows Read: 5038, Total Rows Processed: 5038, Total Chunk Time: 0.001 seconds 

Starting values (iteration 1) time: 0.006 secs.
Rows Read: 5038, Total Rows Processed: 5038, Total Chunk Time: 0.002 seconds 

Iteration 2 time: 0.006 secs.
Rows Read: 5038, Total Rows Processed: 5038, Total Chunk Time: 0.001 seconds 

Iteration 3 time: 0.006 secs.
Rows Read: 5038, Total Rows Processed: 5038, Total Chunk Time: 0.002 seconds 

Iteration 4 time: 0.006 secs.
Rows Read: 5038, Total Rows Processed: 5038, Total Chunk Time: Less than .001 seconds 

Iteration 5 time: 0.005 secs.

Elapsed computation time: 0.063 secs.

Elapsed computation time: 0.592 secs.
[1] "--------------------------------------------------------------------------------"
[1] "analyze.results.glm.step="
Logistic Regression Results for: RaceHorse.IsHitA ~
    Jockey.TimeSdvByRaceAvg
Data: data
Dependent variable(s): RaceHorse.IsHitA
Total independent variables: 2 
Number of valid observations: 5038
Number of missing observations: 0 
 
Coefficients:
                        RaceHorse.IsHitA
(Intercept)                           -2
Jockey.TimeSdvByRaceAvg                2
[1] "analyze.results.glm.step.summary"
Call:
rxLogit(formula = formula, data = data, variableSelection = analyze.results.glm.step.varsel)

Logistic Regression Results for: RaceHorse.IsHitA ~
    Jockey.TimeSdvByRaceAvg
Data: data
Dependent variable(s): RaceHorse.IsHitA
Total independent variables: 2 
Number of valid observations: 5038
Number of missing observations: 0 
-2*LogLikelihood: 2815.506 (Residual deviance on 5036 degrees of freedom)
 
Coefficients:
                        Estimate Std. Error z value Pr(>|z|)    
(Intercept)              -2.4950     0.0556  -44.90  2.2e-16 ***
Jockey.TimeSdvByRaceAvg   2.1351     0.2629    8.12  2.2e-16 ***
---
Signif. codes:  0 '***' 0.001 '**' 0.01 '*' 0.05 '.' 0.1 ' ' 1

Condition number of final variance-covariance matrix: 1 
Number of iterations: 5
[1] "--------------------------------------------------------------------------------"
[1] "2022-02-26 17:59:15 --- rxGlm with rxStepControl Finish ---"
[1] "2022-02-26 17:59:15 --- rxStepPlot Start ---"
[1] "pdfFilename=pdf_analyze_glm_Jockey_Type35_rxStepPlot.pdf"
[1] "rxStepPlot="
[1] "2022-02-26 17:59:16 --- rxStepPlot Finish ---"
[1] "2022-02-26 17:59:16 --- save.image Start ---"
[1] "save.image"
[1] "rdataFilename=RData_analyze_glm_Jockey_Type35.RData"
[1] "2022-02-26 17:59:16 --- save.image Finish ---"
[1] "2022-02-26 17:59:16 --- final Start ---"
[1] "--------------------------------------------------------------------------------"
[1] "nrow(data) final=5038"
[1] "--------------------------------------------------------------------------------"
[1] "2022-02-26 17:59:16 --- final Finish ---"
[1] "2022-02-26 17:59:16 --- analyze_glm.R Finished ---"
[1] "2022-02-26 17:59:16 --- log Finish ---"
