[1] "2022-02-18 01:41:29 --- D1115_analyze_glm_Horse_IsHitA_Type11 Start ---"
[1] "2022-02-18 01:41:29 --- Log Start ---"
[1] "2022-02-18 01:41:29 --- analyze_glm.R Start ---"
[1] "analyzeVersion=D1115"
[1] "analyzeCategory=analyze"
[1] "analyzeType=Horse"
[1] "analyzeFamily=IsHitA"
[1] "analyzeFunc=glm"
[1] "analyzeTrackTypeCd=1"
[1] "analyzeJyokenCd=1"
[1] "2022-02-18 01:41:30 --- source_function.R Start ---"
[1] "2022-02-18 01:41:30 --- source_function.R Finished ---"

> print(paste0(Sys.time(), " --- source_library.R Start ---"))
[1] "2022-02-18 01:41:30 --- source_library.R Start ---"

> require("RevoScaleR")

> print(paste0(Sys.time(), " --- source_library.R Finished ---"))
[1] "2022-02-18 01:41:30 --- source_library.R Finished ---"
[1] "2022-02-18 01:41:30 --- RxSqlServerData Start ---"
[1] "2022-02-18 01:41:30 --- RxInSqlServer Start ---"
[1] "2022-02-18 01:41:30 --- RxInSqlServer Finish ---"
[1] "2022-02-18 01:41:30 --- rxSetComputeContext Start ---"
[1] "2022-02-18 01:41:30 --- rxSetComputeContext Finish ---"
[1] "2022-02-18 01:41:30 --- RxSqlServerData Start ---"
[1] "sqlQuery=SELECT * FROM ViewAnalyzeD1115analyze01HorseType11"
[1] "2022-02-18 01:41:30 --- RxSqlServerData Finish ---"
[1] "2022-02-18 01:41:30 --- rxGetVarInfo Start ---"
[1] "2022-02-18 01:41:31 --- rxGetVarInfo Finish---"
[1] "2022-02-18 01:41:31 --- rxImport Start ---"
Rows Read: 15788, Total Rows Processed: 15788, Total Chunk Time: 1.960 seconds 
[1] "2022-02-18 01:41:36 --- rxImport Finish ---"
[1] "object.size(data) auto=3.6 Mb"
[1] "--------------------------------------------------------------------------------"
[1] "nrow(data) RxSqlServerData=15788"
[1] "--------------------------------------------------------------------------------"
[1] "str(data)="
'data.frame':	15788 obs. of  41 variables:
 $ Race.RaceId                      : Factor w/ 1148 levels "20160105-06-01-01-10",..: 1 1 1 1 1 1 1 1 1 2 ...
 $ Race.IsPredictedRace             : logi  TRUE TRUE TRUE TRUE TRUE TRUE ...
 $ Race.IsAnalyzeNormalPastAndFuture: logi  TRUE TRUE TRUE TRUE TRUE TRUE ...
 $ Race.IsAnalyzeNormalPast         : logi  TRUE TRUE TRUE TRUE TRUE TRUE ...
 $ Race.IsAnalyzeNormalFuture       : logi  FALSE FALSE FALSE FALSE FALSE FALSE ...
 $ Race.IsAnalyzeFullPastAndFuture  : logi  TRUE TRUE TRUE TRUE TRUE TRUE ...
 $ Race.IsAnalyzeFullPast           : logi  TRUE TRUE TRUE TRUE TRUE TRUE ...
 $ Race.IsAnalyzeFullFuture         : logi  FALSE FALSE FALSE FALSE FALSE FALSE ...
 $ Race.JyokenCd                    : Factor w/ 1 level "1": 1 1 1 1 1 1 1 1 1 1 ...
 $ Race.JyoType1Cd                  : Factor w/ 156 levels "1-06-1600-1",..: 1 1 1 1 1 1 1 1 1 2 ...
 $ Race.RaceType0Cd                 : Factor w/ 428 levels "1-06-1600-1-1-E-12",..: 1 1 1 1 1 1 1 1 1 2 ...
 $ Race.RaceType1Cd                 : Factor w/ 6 levels "1-1-E","1-1-C",..: 1 1 1 1 1 1 1 1 1 2 ...
 $ Race.RaceType2Cd                 : Factor w/ 6 levels "1-1-E","1-1-C",..: 1 1 1 1 1 1 1 1 1 2 ...
 $ Race.RaceType3Cd                 : Factor w/ 22 levels "1-E-12","1-C-14",..: 1 1 1 1 1 1 1 1 1 2 ...
 $ Race.RaceType4Cd                 : Factor w/ 4 levels "1-1-12","1-1-14",..: 1 1 1 1 1 1 1 1 1 2 ...
 $ RaceHorse.RaceId                 : Factor w/ 1148 levels "20160105-06-01-01-10",..: 1 1 1 1 1 1 1 1 1 2 ...
 $ RaceHorse.KettoNum               : Factor w/ 3602 levels "2013100637","2013101006",..: 1 2 3 4 5 11 7 8 9 10 ...
 $ RaceHorse.IsHit1                 : int  0 0 0 0 0 0 0 0 0 0 ...
 $ RaceHorse.IsHit2                 : int  0 0 0 0 0 0 1 0 0 0 ...
 $ RaceHorse.IsHit3                 : int  0 1 0 0 0 0 0 0 0 0 ...
 $ RaceHorse.IsHit4                 : int  0 0 0 0 0 1 0 0 0 0 ...
 $ RaceHorse.IsHit5                 : int  0 0 0 1 0 0 0 0 0 0 ...
 $ RaceHorse.IsHit6                 : int  1 0 1 0 1 0 0 1 1 1 ...
 $ RaceHorse.IsValidRaceHorse       : logi  TRUE TRUE TRUE TRUE TRUE TRUE ...
 $ RaceHorse.IsHitA                 : int  0 0 0 0 0 0 0 0 0 0 ...
 $ RaceHorse.IsHitB                 : int  0 0 0 0 0 0 1 0 0 0 ...
 $ RaceHorse.IsHitC                 : int  0 1 0 0 0 0 1 0 0 0 ...
 $ Horse.PrevKettoNum               : Factor w/ 3602 levels "2013100637","2013101006",..: 1 2 3 4 5 11 7 8 9 10 ...
 $ Horse.TimeDvByRaceAvg            : num  61.5 57.1 52.2 55.5 55.7 ...
 $ Horse.RunCount                   : int  3 4 3 4 5 1 2 1 1 40 ...
 $ Horse.HitCount1                  : int  2 1 1 1 1 1 1 1 1 5 ...
 $ Horse.HitCount2                  : int  0 0 0 0 0 0 1 0 0 3 ...
 $ Horse.HitCount3                  : int  0 1 0 1 0 0 0 0 0 6 ...
 $ Horse.HitCount4                  : int  1 1 0 0 1 0 0 0 0 1 ...
 $ Horse.HitCount5                  : int  0 0 0 1 0 0 0 0 0 1 ...
 $ Horse.HitRate1                   : num  0.667 0.25 0.333 0.25 0.2 ...
 $ Horse.HitRate2                   : num  0 0 0 0 0 0 0.5 0 0 0.075 ...
 $ Horse.HitRate3                   : num  0 0.25 0 0.25 0 0 0 0 0 0.15 ...
 $ Horse.HitRate4                   : num  0.333 0.25 0 0 0.2 ...
 $ Horse.HitRate5                   : num  0 0 0 0.25 0 0 0 0 0 0.025 ...
 $ EOF                              : int  1 1 1 1 1 1 1 1 1 1 ...
[1] "2022-02-18 01:41:37 --- RxSqlServerData Finish ---"
[1] "2022-02-18 01:41:37 --- subset Start ---"
[1] "--------------------------------------------------------------------------------"
[1] "nrow(data) subset before=15788"
[1] "nrow(data) subset after =12701"
[1] "nrow(data) subset diff =3087"
[1] "--------------------------------------------------------------------------------"
[1] "2022-02-18 01:41:37 --- subset Finish---"
[1] "2022-02-18 01:41:37 --- transform Start ---"
[1] "--------------------------------------------------------------------------------"
[1] "nrow(data) transform before=12701"
[1] "nrow(data) transform after=12701"
[1] "nrow(data) transform diff=0"
[1] "--------------------------------------------------------------------------------"
[1] "str(data)="
'data.frame':	12701 obs. of  41 variables:
 $ Race.RaceId                      : Factor w/ 1148 levels "20160105-06-01-01-10",..: 1 1 1 1 1 1 1 1 1 2 ...
 $ Race.IsPredictedRace             : logi  TRUE TRUE TRUE TRUE TRUE TRUE ...
 $ Race.IsAnalyzeNormalPastAndFuture: logi  TRUE TRUE TRUE TRUE TRUE TRUE ...
 $ Race.IsAnalyzeNormalPast         : logi  TRUE TRUE TRUE TRUE TRUE TRUE ...
 $ Race.IsAnalyzeNormalFuture       : logi  FALSE FALSE FALSE FALSE FALSE FALSE ...
 $ Race.IsAnalyzeFullPastAndFuture  : logi  TRUE TRUE TRUE TRUE TRUE TRUE ...
 $ Race.IsAnalyzeFullPast           : logi  TRUE TRUE TRUE TRUE TRUE TRUE ...
 $ Race.IsAnalyzeFullFuture         : logi  FALSE FALSE FALSE FALSE FALSE FALSE ...
 $ Race.JyokenCd                    : Factor w/ 1 level "1": 1 1 1 1 1 1 1 1 1 1 ...
 $ Race.JyoType1Cd                  : Factor w/ 156 levels "1-06-1600-1",..: 1 1 1 1 1 1 1 1 1 2 ...
 $ Race.RaceType0Cd                 : Factor w/ 428 levels "1-06-1600-1-1-E-12",..: 1 1 1 1 1 1 1 1 1 2 ...
 $ Race.RaceType1Cd                 : Factor w/ 6 levels "1-1-E","1-1-C",..: 1 1 1 1 1 1 1 1 1 2 ...
 $ Race.RaceType2Cd                 : Factor w/ 6 levels "1-1-E","1-1-C",..: 1 1 1 1 1 1 1 1 1 2 ...
 $ Race.RaceType3Cd                 : Factor w/ 22 levels "1-E-12","1-C-14",..: 1 1 1 1 1 1 1 1 1 2 ...
 $ Race.RaceType4Cd                 : Factor w/ 4 levels "1-1-12","1-1-14",..: 1 1 1 1 1 1 1 1 1 2 ...
 $ RaceHorse.RaceId                 : Factor w/ 1148 levels "20160105-06-01-01-10",..: 1 1 1 1 1 1 1 1 1 2 ...
 $ RaceHorse.KettoNum               : Factor w/ 3602 levels "2013100637","2013101006",..: 1 2 3 4 5 11 7 8 9 10 ...
 $ RaceHorse.IsHit1                 : int  0 0 0 0 0 0 0 0 0 0 ...
 $ RaceHorse.IsHit2                 : int  0 0 0 0 0 0 1 0 0 0 ...
 $ RaceHorse.IsHit3                 : int  0 1 0 0 0 0 0 0 0 0 ...
 $ RaceHorse.IsHit4                 : int  0 0 0 0 0 1 0 0 0 0 ...
 $ RaceHorse.IsHit5                 : int  0 0 0 1 0 0 0 0 0 0 ...
 $ RaceHorse.IsHit6                 : int  1 0 1 0 1 0 0 1 1 1 ...
 $ RaceHorse.IsValidRaceHorse       : logi  TRUE TRUE TRUE TRUE TRUE TRUE ...
 $ RaceHorse.IsHitA                 : int  0 0 0 0 0 0 0 0 0 0 ...
 $ RaceHorse.IsHitB                 : int  0 0 0 0 0 0 1 0 0 0 ...
 $ RaceHorse.IsHitC                 : int  0 1 0 0 0 0 1 0 0 0 ...
 $ Horse.PrevKettoNum               : Factor w/ 3602 levels "2013100637","2013101006",..: 1 2 3 4 5 11 7 8 9 10 ...
 $ Horse.TimeDvByRaceAvg            : num  61.5 57.1 52.2 55.5 55.7 ...
 $ Horse.RunCount                   : int  3 4 3 4 5 1 2 1 1 40 ...
 $ Horse.HitCount1                  : int  2 1 1 1 1 1 1 1 1 5 ...
 $ Horse.HitCount2                  : int  0 0 0 0 0 0 1 0 0 3 ...
 $ Horse.HitCount3                  : int  0 1 0 1 0 0 0 0 0 6 ...
 $ Horse.HitCount4                  : int  1 1 0 0 1 0 0 0 0 1 ...
 $ Horse.HitCount5                  : int  0 0 0 1 0 0 0 0 0 1 ...
 $ Horse.HitRate1                   : num  0.667 0.25 0.333 0.25 0.2 ...
 $ Horse.HitRate2                   : num  0 0 0 0 0 0 0.5 0 0 0.075 ...
 $ Horse.HitRate3                   : num  0 0.25 0 0.25 0 0 0 0 0 0.15 ...
 $ Horse.HitRate4                   : num  0.333 0.25 0 0 0.2 ...
 $ Horse.HitRate5                   : num  0 0 0 0.25 0 0 0 0 0 0.025 ...
 $ EOF                              : int  1 1 1 1 1 1 1 1 1 1 ...
NULL
[1] "2022-02-18 01:41:37 --- transform Finish ---"
[1] "2022-02-18 01:41:37 --- na.omit Start ---"
[1] "--------------------------------------------------------------------------------"
[1] "nrow(data) na.omit before=12701"
[1] "nrow(data) na.omit after =12701"
[1] "nrow(data) na.omit diff =0"
[1] "--------------------------------------------------------------------------------"
'data.frame':	12701 obs. of  41 variables:
 $ Race.RaceId                      : Factor w/ 1148 levels "20160105-06-01-01-10",..: 1 1 1 1 1 1 1 1 1 2 ...
 $ Race.IsPredictedRace             : logi  TRUE TRUE TRUE TRUE TRUE TRUE ...
 $ Race.IsAnalyzeNormalPastAndFuture: logi  TRUE TRUE TRUE TRUE TRUE TRUE ...
 $ Race.IsAnalyzeNormalPast         : logi  TRUE TRUE TRUE TRUE TRUE TRUE ...
 $ Race.IsAnalyzeNormalFuture       : logi  FALSE FALSE FALSE FALSE FALSE FALSE ...
 $ Race.IsAnalyzeFullPastAndFuture  : logi  TRUE TRUE TRUE TRUE TRUE TRUE ...
 $ Race.IsAnalyzeFullPast           : logi  TRUE TRUE TRUE TRUE TRUE TRUE ...
 $ Race.IsAnalyzeFullFuture         : logi  FALSE FALSE FALSE FALSE FALSE FALSE ...
 $ Race.JyokenCd                    : Factor w/ 1 level "1": 1 1 1 1 1 1 1 1 1 1 ...
 $ Race.JyoType1Cd                  : Factor w/ 156 levels "1-06-1600-1",..: 1 1 1 1 1 1 1 1 1 2 ...
 $ Race.RaceType0Cd                 : Factor w/ 428 levels "1-06-1600-1-1-E-12",..: 1 1 1 1 1 1 1 1 1 2 ...
 $ Race.RaceType1Cd                 : Factor w/ 6 levels "1-1-E","1-1-C",..: 1 1 1 1 1 1 1 1 1 2 ...
 $ Race.RaceType2Cd                 : Factor w/ 6 levels "1-1-E","1-1-C",..: 1 1 1 1 1 1 1 1 1 2 ...
 $ Race.RaceType3Cd                 : Factor w/ 22 levels "1-E-12","1-C-14",..: 1 1 1 1 1 1 1 1 1 2 ...
 $ Race.RaceType4Cd                 : Factor w/ 4 levels "1-1-12","1-1-14",..: 1 1 1 1 1 1 1 1 1 2 ...
 $ RaceHorse.RaceId                 : Factor w/ 1148 levels "20160105-06-01-01-10",..: 1 1 1 1 1 1 1 1 1 2 ...
 $ RaceHorse.KettoNum               : Factor w/ 3602 levels "2013100637","2013101006",..: 1 2 3 4 5 11 7 8 9 10 ...
 $ RaceHorse.IsHit1                 : int  0 0 0 0 0 0 0 0 0 0 ...
 $ RaceHorse.IsHit2                 : int  0 0 0 0 0 0 1 0 0 0 ...
 $ RaceHorse.IsHit3                 : int  0 1 0 0 0 0 0 0 0 0 ...
 $ RaceHorse.IsHit4                 : int  0 0 0 0 0 1 0 0 0 0 ...
 $ RaceHorse.IsHit5                 : int  0 0 0 1 0 0 0 0 0 0 ...
 $ RaceHorse.IsHit6                 : int  1 0 1 0 1 0 0 1 1 1 ...
 $ RaceHorse.IsValidRaceHorse       : logi  TRUE TRUE TRUE TRUE TRUE TRUE ...
 $ RaceHorse.IsHitA                 : int  0 0 0 0 0 0 0 0 0 0 ...
 $ RaceHorse.IsHitB                 : int  0 0 0 0 0 0 1 0 0 0 ...
 $ RaceHorse.IsHitC                 : int  0 1 0 0 0 0 1 0 0 0 ...
 $ Horse.PrevKettoNum               : Factor w/ 3602 levels "2013100637","2013101006",..: 1 2 3 4 5 11 7 8 9 10 ...
 $ Horse.TimeDvByRaceAvg            : num  61.5 57.1 52.2 55.5 55.7 ...
 $ Horse.RunCount                   : int  3 4 3 4 5 1 2 1 1 40 ...
 $ Horse.HitCount1                  : int  2 1 1 1 1 1 1 1 1 5 ...
 $ Horse.HitCount2                  : int  0 0 0 0 0 0 1 0 0 3 ...
 $ Horse.HitCount3                  : int  0 1 0 1 0 0 0 0 0 6 ...
 $ Horse.HitCount4                  : int  1 1 0 0 1 0 0 0 0 1 ...
 $ Horse.HitCount5                  : int  0 0 0 1 0 0 0 0 0 1 ...
 $ Horse.HitRate1                   : num  0.667 0.25 0.333 0.25 0.2 ...
 $ Horse.HitRate2                   : num  0 0 0 0 0 0 0.5 0 0 0.075 ...
 $ Horse.HitRate3                   : num  0 0.25 0 0.25 0 0 0 0 0 0.15 ...
 $ Horse.HitRate4                   : num  0.333 0.25 0 0 0.2 ...
 $ Horse.HitRate5                   : num  0 0 0 0.25 0 0 0 0 0 0.025 ...
 $ EOF                              : int  1 1 1 1 1 1 1 1 1 1 ...
[1] "2022-02-18 01:41:38 --- na.omit Finish ---"
[1] "2022-02-18 01:41:38 --- rxGlm with rxStepControl Start ---"

> print(paste0(Sys.time(), " --- source_logic_glm.R Start ---"))
[1] "2022-02-18 01:41:38 --- source_logic_glm.R Start ---"

> formula <- formula(RaceHorse.IsHitA ~ +1 + Horse.HitRate1 + 
+     Horse.HitRate2 + Horse.HitRate3)

> print(paste0(Sys.time(), " --- source_logic_glm.R Finished ---"))
[1] "2022-02-18 01:41:38 --- source_logic_glm.R Finished ---"
Rows Read: 12701, Total Rows Processed: 12701, Total Chunk Time: 0.001 seconds 

Starting values (iteration 1) time: 0.018 secs.
Rows Read: 12701, Total Rows Processed: 12701, Total Chunk Time: 0.002 seconds 

Iteration 2 time: 0.009 secs.
Rows Read: 12701, Total Rows Processed: 12701, Total Chunk Time: 0.002 seconds 

Iteration 3 time: 0.007 secs.
Rows Read: 12701, Total Rows Processed: 12701, Total Chunk Time: 0.003 seconds 

Iteration 4 time: 0.013 secs.
Rows Read: 12701, Total Rows Processed: 12701, Total Chunk Time: 0.002 seconds 

Iteration 5 time: 0.007 secs.

Elapsed computation time: 0.077 secs.
Rows Read: 12701, Total Rows Processed: 12701, Total Chunk Time: 0.002 seconds 

Starting values (iteration 1) time: 0.011 secs.
Rows Read: 12701, Total Rows Processed: 12701, Total Chunk Time: 0.002 seconds 

Iteration 2 time: 0.011 secs.
Rows Read: 12701, Total Rows Processed: 12701, Total Chunk Time: 0.002 seconds 

Iteration 3 time: 0.005 secs.
Rows Read: 12701, Total Rows Processed: 12701, Total Chunk Time: 0.001 seconds 

Iteration 4 time: 0.006 secs.

Elapsed computation time: 0.053 secs.
Rows Read: 12701, Total Rows Processed: 12701, Total Chunk Time: 0.001 seconds 

Starting values (iteration 1) time: 0.009 secs.
Rows Read: 12701, Total Rows Processed: 12701, Total Chunk Time: 0.002 seconds 

Iteration 2 time: 0.009 secs.
Rows Read: 12701, Total Rows Processed: 12701, Total Chunk Time: 0.002 seconds 

Iteration 3 time: 0.006 secs.
Rows Read: 12701, Total Rows Processed: 12701, Total Chunk Time: 0.002 seconds 

Iteration 4 time: 0.006 secs.
Rows Read: 12701, Total Rows Processed: 12701, Total Chunk Time: 0.002 seconds 

Iteration 5 time: 0.008 secs.

Elapsed computation time: 0.067 secs.
Rows Read: 12701, Total Rows Processed: 12701, Total Chunk Time: 0.002 seconds 

Starting values (iteration 1) time: 0.010 secs.
Rows Read: 12701, Total Rows Processed: 12701, Total Chunk Time: 0.002 seconds 

Iteration 2 time: 0.008 secs.
Rows Read: 12701, Total Rows Processed: 12701, Total Chunk Time: 0.002 seconds 

Iteration 3 time: 0.005 secs.
Rows Read: 12701, Total Rows Processed: 12701, Total Chunk Time: 0.002 seconds 

Iteration 4 time: 0.005 secs.
Rows Read: 12701, Total Rows Processed: 12701, Total Chunk Time: 0.002 seconds 

Iteration 5 time: 0.005 secs.

Elapsed computation time: 0.091 secs.
Rows Read: 12701, Total Rows Processed: 12701, Total Chunk Time: Less than .001 seconds 

Starting values (iteration 1) time: 0.009 secs.
Rows Read: 12701, Total Rows Processed: 12701, Total Chunk Time: 0.002 seconds 

Iteration 2 time: 0.009 secs.
Rows Read: 12701, Total Rows Processed: 12701, Total Chunk Time: 0.003 seconds 

Iteration 3 time: 0.005 secs.
Rows Read: 12701, Total Rows Processed: 12701, Total Chunk Time: 0.002 seconds 

Iteration 4 time: 0.005 secs.
Rows Read: 12701, Total Rows Processed: 12701, Total Chunk Time: 0.002 seconds 

Iteration 5 time: 0.007 secs.

Elapsed computation time: 0.066 secs.

Elapsed computation time: 0.398 secs.
[1] "--------------------------------------------------------------------------------"
[1] "analyze.results.glm.step="
Logistic Regression Results for: RaceHorse.IsHitA ~ Horse.HitRate1 +
    Horse.HitRate2 + Horse.HitRate3
Data: data
Dependent variable(s): RaceHorse.IsHitA
Total independent variables: 4 
Number of valid observations: 12701
Number of missing observations: 0 
 
Coefficients:
               RaceHorse.IsHitA
(Intercept)                  -4
Horse.HitRate1                3
Horse.HitRate2                2
Horse.HitRate3                1
[1] "analyze.results.glm.step.summary"
Call:
rxLogit(formula = formula, data = data, variableSelection = analyze.results.glm.step.varsel)

Logistic Regression Results for: RaceHorse.IsHitA ~ Horse.HitRate1 +
    Horse.HitRate2 + Horse.HitRate3
Data: data
Dependent variable(s): RaceHorse.IsHitA
Total independent variables: 4 
Number of valid observations: 12701
Number of missing observations: 0 
-2*LogLikelihood: 6306.835 (Residual deviance on 12697 degrees of freedom)
 
Coefficients:
               Estimate Std. Error z value Pr(>|z|)    
(Intercept)      -3.949      0.104  -37.99  2.2e-16 ***
Horse.HitRate1    2.523      0.142   17.76  2.2e-16 ***
Horse.HitRate2    2.265      0.234    9.67  2.2e-16 ***
Horse.HitRate3    1.342      0.317    4.23  2.3e-05 ***
---
Signif. codes:  0 '***' 0.001 '**' 0.01 '*' 0.05 '.' 0.1 ' ' 1

Condition number of final variance-covariance matrix: 4 
Number of iterations: 5
[1] "--------------------------------------------------------------------------------"
[1] "2022-02-18 01:41:39 --- rxGlm with rxStepControl Finish ---"
[1] "2022-02-18 01:41:39 --- rxStepPlot Start ---"
[1] "pdfFilename=pdf_analyze_glm_Horse_Type11_rxStepPlot.pdf"
[1] "rxStepPlot="
[1] "2022-02-18 01:41:39 --- rxStepPlot Finish ---"
[1] "2022-02-18 01:41:39 --- save.image Start ---"
[1] "save.image"
[1] "rdataFilename=RData_analyze_glm_Horse_Type11.RData"
[1] "2022-02-18 01:41:39 --- save.image Finish ---"
[1] "2022-02-18 01:41:39 --- final Start ---"
[1] "--------------------------------------------------------------------------------"
[1] "nrow(data) final=12701"
[1] "--------------------------------------------------------------------------------"
[1] "2022-02-18 01:41:39 --- final Finish ---"
[1] "2022-02-18 01:41:39 --- analyze_glm.R Finished ---"
[1] "2022-02-18 01:41:39 --- log Finish ---"
