[1] "2022-03-08 18:37:10 --- D1115_analyze_glm_Gen02_IsHitA_Type12 Start ---"
[1] "2022-03-08 18:37:10 --- Log Start ---"
[1] "2022-03-08 18:37:10 --- analyze_glm.R Start ---"
[1] "analyzeVersion=D1115"
[1] "analyzeCategory=analyze"
[1] "analyzeType=Gen02"
[1] "analyzeFamily=IsHitA"
[1] "analyzeFunc=glm"
[1] "analyzeTrackTypeCd=1"
[1] "analyzeJyokenCd=2"
[1] "2022-03-08 18:37:10 --- source_function.R Start ---"
[1] "2022-03-08 18:37:10 --- source_function.R Finished ---"

> print(paste0(Sys.time(), " --- source_library.R Start ---"))
[1] "2022-03-08 18:37:10 --- source_library.R Start ---"

> require("RevoScaleR")

> print(paste0(Sys.time(), " --- source_library.R Finished ---"))
[1] "2022-03-08 18:37:10 --- source_library.R Finished ---"
[1] "2022-03-08 18:37:10 --- RxSqlServerData Start ---"
[1] "2022-03-08 18:37:10 --- RxInSqlServer Start ---"
[1] "2022-03-08 18:37:10 --- RxInSqlServer Finish ---"
[1] "2022-03-08 18:37:10 --- rxSetComputeContext Start ---"
[1] "2022-03-08 18:37:10 --- rxSetComputeContext Finish ---"
[1] "2022-03-08 18:37:10 --- RxSqlServerData Start ---"
[1] "sqlQuery=SELECT * FROM ViewAnalyzeD1115analyze01Gen02Type12"
[1] "2022-03-08 18:37:10 --- RxSqlServerData Finish ---"
[1] "2022-03-08 18:37:10 --- rxGetVarInfo Start ---"
[1] "2022-03-08 18:37:12 --- rxGetVarInfo Finish---"
[1] "2022-03-08 18:37:12 --- rxImport Start ---"
Rows Read: 5216, Total Rows Processed: 5216, Total Chunk Time: 229.960 seconds 
[1] "2022-03-08 18:51:38 --- rxImport Finish ---"
[1] "object.size(data) auto=1.9 Mb"
[1] "--------------------------------------------------------------------------------"
[1] "nrow(data) RxSqlServerData=5216"
[1] "--------------------------------------------------------------------------------"
[1] "str(data)="
'data.frame':	5216 obs. of  48 variables:
 $ Race.RaceId                      : Factor w/ 529 levels "20160109-06-01-02-10",..: 1 3 4 6 8 8 9 10 11 12 ...
 $ Race.IsAnalyzeNormalPastAndFuture: logi  TRUE TRUE TRUE TRUE TRUE TRUE ...
 $ Race.IsAnalyzeNormalPast         : logi  TRUE TRUE TRUE TRUE TRUE TRUE ...
 $ Race.IsAnalyzeNormalFuture       : logi  FALSE FALSE FALSE FALSE FALSE FALSE ...
 $ Race.IsAnalyzeFullPastAndFuture  : logi  TRUE TRUE TRUE TRUE TRUE TRUE ...
 $ Race.IsAnalyzeFullPast           : logi  TRUE TRUE TRUE TRUE TRUE TRUE ...
 $ Race.IsAnalyzeFullFuture         : logi  FALSE FALSE FALSE FALSE FALSE FALSE ...
 $ Race.JyokenCd                    : Factor w/ 1 level "2": 1 1 1 1 1 1 1 1 1 1 ...
 $ Race.JyoType1Cd                  : Factor w/ 112 levels "18-06-2200-1",..: 1 3 4 6 8 8 9 10 11 5 ...
 $ Race.RaceType1Cd                 : Factor w/ 2 levels "1-2-14","1-2-13": 1 1 1 1 1 1 1 1 1 1 ...
 $ RaceHorse.RaceId                 : Factor w/ 529 levels "20160109-06-01-02-10",..: 1 3 4 6 8 8 9 10 11 12 ...
 $ RaceHorse.KettoNum               : Factor w/ 1140 levels "2012104737","2011105747",..: 10 11 12 13 14 15 16 17 18 19 ...
 $ RaceHorse.IsHit1                 : num  0 0 0 0 0 0 0 0 0 0 ...
 $ RaceHorse.IsHit2                 : num  0 0 0 0 0 0 0 0 0 0 ...
 $ RaceHorse.IsHit3                 : num  1 0 0 1 0 0 0 0 0 0 ...
 $ RaceHorse.IsHit4                 : num  0 0 0 0 0 0 0 0 0 0 ...
 $ RaceHorse.IsHit5                 : num  0 0 0 0 0 0 0 0 0 0 ...
 $ RaceHorse.IsHit6                 : num  0 1 1 0 1 1 1 1 1 1 ...
 $ RaceHorse.IsValidRaceHorse       : logi  TRUE TRUE TRUE TRUE TRUE TRUE ...
 $ RaceHorse.FinishTimeSdvByRace    : num  0.948 -1.141 -0.231 1.061 -1.22 ...
 $ RaceHorse.FirstTimeSdvByRace     : num  -1.7 -1.3 -1.41 1.77 -1.43 ...
 $ RaceHorse.LastTimeSdvByRace      : num  2.018 0.342 0.657 0.145 -0.229 ...
 $ RaceHorse.FinishTimeSdv          : num  0.382 0.208 0.772 1.556 -0.316 ...
 $ RaceHorse.FirstTimeSdv           : num  -0.7569 -1.2045 0.1521 1.4615 0.0363 ...
 $ RaceHorse.LastTimeSdv            : num  1.618 1.27 0.786 0.712 -0.411 ...
 $ RaceHorse.IsHitA                 : num  0 0 0 0 0 0 0 0 0 0 ...
 $ RaceHorse.IsHitB                 : num  0 0 0 0 0 0 0 0 0 0 ...
 $ RaceHorse.IsHitC                 : num  1 0 0 1 0 0 0 0 0 0 ...
 $ Gen02.HansyokuNum                : Factor w/ 968 levels "12243795","12252931",..: 10 11 12 13 14 15 16 17 18 19 ...
 $ Gen02.FinishTimeSdvByRaceAvg     : num  0.612 -0.14 0.223 0.745 0.441 ...
 $ Gen02.FirstTimeSdvByRaceAvg      : num  -0.848 -0.752 -0.212 0.88 0.161 ...
 $ Gen02.LastTimeSdvByRaceAvg       : num  1.2379 0.4686 0.4139 0.0218 0.3469 ...
 $ Gen02.FinishTimeSdvAvg           : num  1.1 0.636 0.664 0.808 1.187 ...
 $ Gen02.FirstTimeSdvAvg            : num  0.13 0.169 0.343 0.475 0.901 ...
 $ Gen02.LastTimeSdvAvg             : num  1.536 0.728 0.474 0.567 0.629 ...
 $ Gen02.RealOddsLog1Avg            : num  2.41 2.26 3.96 1.61 3.28 ...
 $ Gen02.RunCount                   : num  6 2 7 4 3 1 2 1 3 1 ...
 $ Gen02.HitCount1                  : num  0 0 0 0 0 0 0 0 0 0 ...
 $ Gen02.HitCount2                  : num  0 0 0 0 0 0 1 0 0 0 ...
 $ Gen02.HitCount3                  : num  0 0 1 2 1 0 1 0 1 0 ...
 $ Gen02.HitCount4                  : num  1 0 1 0 0 0 0 0 0 0 ...
 $ Gen02.HitCount5                  : num  1 0 0 2 0 0 0 0 0 0 ...
 $ Gen02.HitRate1                   : num  0 0 0 0 0 0 0 0 0 0 ...
 $ Gen02.HitRate2                   : num  0 0 0 0 0 0 0.5 0 0 0 ...
 $ Gen02.HitRate3                   : num  0 0 0.143 0.5 0.333 ...
 $ Gen02.HitRate4                   : num  0.167 0 0.143 0 0 ...
 $ Gen02.HitRate5                   : num  0.167 0 0 0.5 0 ...
 $ EOF                              : int  1 1 1 1 1 1 1 1 1 1 ...
[1] "2022-03-08 18:51:38 --- RxSqlServerData Finish ---"
[1] "2022-03-08 18:51:38 --- subset Start ---"
[1] "--------------------------------------------------------------------------------"
[1] "nrow(data) subset before=5216"
[1] "nrow(data) subset after =5216"
[1] "nrow(data) subset diff =0"
[1] "--------------------------------------------------------------------------------"
[1] "2022-03-08 18:51:38 --- subset Finish---"
[1] "2022-03-08 18:51:38 --- transform Start ---"
[1] "--------------------------------------------------------------------------------"
[1] "nrow(data) transform before=5216"
[1] "nrow(data) transform after=5216"
[1] "nrow(data) transform diff=0"
[1] "--------------------------------------------------------------------------------"
[1] "str(data)="
'data.frame':	5216 obs. of  48 variables:
 $ Race.RaceId                      : Factor w/ 529 levels "20160109-06-01-02-10",..: 1 3 4 6 8 8 9 10 11 12 ...
 $ Race.IsAnalyzeNormalPastAndFuture: logi  TRUE TRUE TRUE TRUE TRUE TRUE ...
 $ Race.IsAnalyzeNormalPast         : logi  TRUE TRUE TRUE TRUE TRUE TRUE ...
 $ Race.IsAnalyzeNormalFuture       : logi  FALSE FALSE FALSE FALSE FALSE FALSE ...
 $ Race.IsAnalyzeFullPastAndFuture  : logi  TRUE TRUE TRUE TRUE TRUE TRUE ...
 $ Race.IsAnalyzeFullPast           : logi  TRUE TRUE TRUE TRUE TRUE TRUE ...
 $ Race.IsAnalyzeFullFuture         : logi  FALSE FALSE FALSE FALSE FALSE FALSE ...
 $ Race.JyokenCd                    : Factor w/ 1 level "2": 1 1 1 1 1 1 1 1 1 1 ...
 $ Race.JyoType1Cd                  : Factor w/ 112 levels "18-06-2200-1",..: 1 3 4 6 8 8 9 10 11 5 ...
 $ Race.RaceType1Cd                 : Factor w/ 2 levels "1-2-14","1-2-13": 1 1 1 1 1 1 1 1 1 1 ...
 $ RaceHorse.RaceId                 : Factor w/ 529 levels "20160109-06-01-02-10",..: 1 3 4 6 8 8 9 10 11 12 ...
 $ RaceHorse.KettoNum               : Factor w/ 1140 levels "2012104737","2011105747",..: 10 11 12 13 14 15 16 17 18 19 ...
 $ RaceHorse.IsHit1                 : num  0 0 0 0 0 0 0 0 0 0 ...
 $ RaceHorse.IsHit2                 : num  0 0 0 0 0 0 0 0 0 0 ...
 $ RaceHorse.IsHit3                 : num  1 0 0 1 0 0 0 0 0 0 ...
 $ RaceHorse.IsHit4                 : num  0 0 0 0 0 0 0 0 0 0 ...
 $ RaceHorse.IsHit5                 : num  0 0 0 0 0 0 0 0 0 0 ...
 $ RaceHorse.IsHit6                 : num  0 1 1 0 1 1 1 1 1 1 ...
 $ RaceHorse.IsValidRaceHorse       : logi  TRUE TRUE TRUE TRUE TRUE TRUE ...
 $ RaceHorse.FinishTimeSdvByRace    : num  0.948 -1.141 -0.231 1.061 -1.22 ...
 $ RaceHorse.FirstTimeSdvByRace     : num  -1.7 -1.3 -1.41 1.77 -1.43 ...
 $ RaceHorse.LastTimeSdvByRace      : num  2.018 0.342 0.657 0.145 -0.229 ...
 $ RaceHorse.FinishTimeSdv          : num  0.382 0.208 0.772 1.556 -0.316 ...
 $ RaceHorse.FirstTimeSdv           : num  -0.7569 -1.2045 0.1521 1.4615 0.0363 ...
 $ RaceHorse.LastTimeSdv            : num  1.618 1.27 0.786 0.712 -0.411 ...
 $ RaceHorse.IsHitA                 : num  0 0 0 0 0 0 0 0 0 0 ...
 $ RaceHorse.IsHitB                 : num  0 0 0 0 0 0 0 0 0 0 ...
 $ RaceHorse.IsHitC                 : num  1 0 0 1 0 0 0 0 0 0 ...
 $ Gen02.HansyokuNum                : Factor w/ 968 levels "12243795","12252931",..: 10 11 12 13 14 15 16 17 18 19 ...
 $ Gen02.FinishTimeSdvByRaceAvg     : num  0.612 -0.14 0.223 0.745 0.441 ...
 $ Gen02.FirstTimeSdvByRaceAvg      : num  -0.848 -0.752 -0.212 0.88 0.161 ...
 $ Gen02.LastTimeSdvByRaceAvg       : num  1.2379 0.4686 0.4139 0.0218 0.3469 ...
 $ Gen02.FinishTimeSdvAvg           : num  1.1 0.636 0.664 0.808 1.187 ...
 $ Gen02.FirstTimeSdvAvg            : num  0.13 0.169 0.343 0.475 0.901 ...
 $ Gen02.LastTimeSdvAvg             : num  1.536 0.728 0.474 0.567 0.629 ...
 $ Gen02.RealOddsLog1Avg            : num  2.41 2.26 3.96 1.61 3.28 ...
 $ Gen02.RunCount                   : num  6 2 7 4 3 1 2 1 3 1 ...
 $ Gen02.HitCount1                  : num  0 0 0 0 0 0 0 0 0 0 ...
 $ Gen02.HitCount2                  : num  0 0 0 0 0 0 1 0 0 0 ...
 $ Gen02.HitCount3                  : num  0 0 1 2 1 0 1 0 1 0 ...
 $ Gen02.HitCount4                  : num  1 0 1 0 0 0 0 0 0 0 ...
 $ Gen02.HitCount5                  : num  1 0 0 2 0 0 0 0 0 0 ...
 $ Gen02.HitRate1                   : num  0 0 0 0 0 0 0 0 0 0 ...
 $ Gen02.HitRate2                   : num  0 0 0 0 0 0 0.5 0 0 0 ...
 $ Gen02.HitRate3                   : num  0 0 0.143 0.5 0.333 ...
 $ Gen02.HitRate4                   : num  0.167 0 0.143 0 0 ...
 $ Gen02.HitRate5                   : num  0.167 0 0 0.5 0 ...
 $ EOF                              : int  1 1 1 1 1 1 1 1 1 1 ...
NULL
[1] "2022-03-08 18:51:38 --- transform Finish ---"
[1] "2022-03-08 18:51:38 --- na.omit Start ---"
[1] "--------------------------------------------------------------------------------"
[1] "nrow(data) na.omit before=5216"
[1] "nrow(data) na.omit after =5178"
[1] "nrow(data) na.omit diff =38"
[1] "--------------------------------------------------------------------------------"
'data.frame':	5178 obs. of  48 variables:
 $ Race.RaceId                      : Factor w/ 529 levels "20160109-06-01-02-10",..: 1 3 4 6 8 8 9 10 11 12 ...
 $ Race.IsAnalyzeNormalPastAndFuture: logi  TRUE TRUE TRUE TRUE TRUE TRUE ...
 $ Race.IsAnalyzeNormalPast         : logi  TRUE TRUE TRUE TRUE TRUE TRUE ...
 $ Race.IsAnalyzeNormalFuture       : logi  FALSE FALSE FALSE FALSE FALSE FALSE ...
 $ Race.IsAnalyzeFullPastAndFuture  : logi  TRUE TRUE TRUE TRUE TRUE TRUE ...
 $ Race.IsAnalyzeFullPast           : logi  TRUE TRUE TRUE TRUE TRUE TRUE ...
 $ Race.IsAnalyzeFullFuture         : logi  FALSE FALSE FALSE FALSE FALSE FALSE ...
 $ Race.JyokenCd                    : Factor w/ 1 level "2": 1 1 1 1 1 1 1 1 1 1 ...
 $ Race.JyoType1Cd                  : Factor w/ 112 levels "18-06-2200-1",..: 1 3 4 6 8 8 9 10 11 5 ...
 $ Race.RaceType1Cd                 : Factor w/ 2 levels "1-2-14","1-2-13": 1 1 1 1 1 1 1 1 1 1 ...
 $ RaceHorse.RaceId                 : Factor w/ 529 levels "20160109-06-01-02-10",..: 1 3 4 6 8 8 9 10 11 12 ...
 $ RaceHorse.KettoNum               : Factor w/ 1140 levels "2012104737","2011105747",..: 10 11 12 13 14 15 16 17 18 19 ...
 $ RaceHorse.IsHit1                 : num  0 0 0 0 0 0 0 0 0 0 ...
 $ RaceHorse.IsHit2                 : num  0 0 0 0 0 0 0 0 0 0 ...
 $ RaceHorse.IsHit3                 : num  1 0 0 1 0 0 0 0 0 0 ...
 $ RaceHorse.IsHit4                 : num  0 0 0 0 0 0 0 0 0 0 ...
 $ RaceHorse.IsHit5                 : num  0 0 0 0 0 0 0 0 0 0 ...
 $ RaceHorse.IsHit6                 : num  0 1 1 0 1 1 1 1 1 1 ...
 $ RaceHorse.IsValidRaceHorse       : logi  TRUE TRUE TRUE TRUE TRUE TRUE ...
 $ RaceHorse.FinishTimeSdvByRace    : num  0.948 -1.141 -0.231 1.061 -1.22 ...
 $ RaceHorse.FirstTimeSdvByRace     : num  -1.7 -1.3 -1.41 1.77 -1.43 ...
 $ RaceHorse.LastTimeSdvByRace      : num  2.018 0.342 0.657 0.145 -0.229 ...
 $ RaceHorse.FinishTimeSdv          : num  0.382 0.208 0.772 1.556 -0.316 ...
 $ RaceHorse.FirstTimeSdv           : num  -0.7569 -1.2045 0.1521 1.4615 0.0363 ...
 $ RaceHorse.LastTimeSdv            : num  1.618 1.27 0.786 0.712 -0.411 ...
 $ RaceHorse.IsHitA                 : num  0 0 0 0 0 0 0 0 0 0 ...
 $ RaceHorse.IsHitB                 : num  0 0 0 0 0 0 0 0 0 0 ...
 $ RaceHorse.IsHitC                 : num  1 0 0 1 0 0 0 0 0 0 ...
 $ Gen02.HansyokuNum                : Factor w/ 968 levels "12243795","12252931",..: 10 11 12 13 14 15 16 17 18 19 ...
 $ Gen02.FinishTimeSdvByRaceAvg     : num  0.612 -0.14 0.223 0.745 0.441 ...
 $ Gen02.FirstTimeSdvByRaceAvg      : num  -0.848 -0.752 -0.212 0.88 0.161 ...
 $ Gen02.LastTimeSdvByRaceAvg       : num  1.2379 0.4686 0.4139 0.0218 0.3469 ...
 $ Gen02.FinishTimeSdvAvg           : num  1.1 0.636 0.664 0.808 1.187 ...
 $ Gen02.FirstTimeSdvAvg            : num  0.13 0.169 0.343 0.475 0.901 ...
 $ Gen02.LastTimeSdvAvg             : num  1.536 0.728 0.474 0.567 0.629 ...
 $ Gen02.RealOddsLog1Avg            : num  2.41 2.26 3.96 1.61 3.28 ...
 $ Gen02.RunCount                   : num  6 2 7 4 3 1 2 1 3 1 ...
 $ Gen02.HitCount1                  : num  0 0 0 0 0 0 0 0 0 0 ...
 $ Gen02.HitCount2                  : num  0 0 0 0 0 0 1 0 0 0 ...
 $ Gen02.HitCount3                  : num  0 0 1 2 1 0 1 0 1 0 ...
 $ Gen02.HitCount4                  : num  1 0 1 0 0 0 0 0 0 0 ...
 $ Gen02.HitCount5                  : num  1 0 0 2 0 0 0 0 0 0 ...
 $ Gen02.HitRate1                   : num  0 0 0 0 0 0 0 0 0 0 ...
 $ Gen02.HitRate2                   : num  0 0 0 0 0 0 0.5 0 0 0 ...
 $ Gen02.HitRate3                   : num  0 0 0.143 0.5 0.333 ...
 $ Gen02.HitRate4                   : num  0.167 0 0.143 0 0 ...
 $ Gen02.HitRate5                   : num  0.167 0 0 0.5 0 ...
 $ EOF                              : int  1 1 1 1 1 1 1 1 1 1 ...
 - attr(*, "na.action")= 'omit' Named int  264 449 943 944 991 1217 1335 1469 1511 1759 ...
  ..- attr(*, "names")= chr  "264" "449" "943" "944" ...
[1] "2022-03-08 18:51:39 --- na.omit Finish ---"
[1] "2022-03-08 18:51:39 --- rxLogit with rxStepControl Start ---"

> print(paste0(Sys.time(), " --- source_logic_glm.R Start ---"))
[1] "2022-03-08 18:51:39 --- source_logic_glm.R Start ---"

> formula <- formula(RaceHorse.IsHitA ~ +1 + Gen02.FinishTimeSdvByRaceAvg)

> print(paste0(Sys.time(), " --- source_logic_glm.R Finished ---"))
[1] "2022-03-08 18:51:39 --- source_logic_glm.R Finished ---"
Rows Read: 5178, Total Rows Processed: 5178, Total Chunk Time: Less than .001 seconds 

Starting values (iteration 1) time: 0.007 secs.
Rows Read: 5178, Total Rows Processed: 5178, Total Chunk Time: Less than .001 seconds 

Iteration 2 time: 0.005 secs.
Rows Read: 5178, Total Rows Processed: 5178, Total Chunk Time: Less than .001 seconds 

Iteration 3 time: 0.004 secs.
Rows Read: 5178, Total Rows Processed: 5178, Total Chunk Time: Less than .001 seconds 

Iteration 4 time: 0.004 secs.
Rows Read: 5178, Total Rows Processed: 5178, Total Chunk Time: Less than .001 seconds 

Iteration 5 time: 0.003 secs.

Elapsed computation time: 0.041 secs.
Rows Read: 5178, Total Rows Processed: 5178, Total Chunk Time: Less than .001 seconds 

Starting values (iteration 1) time: 0.004 secs.
Rows Read: 5178, Total Rows Processed: 5178, Total Chunk Time: Less than .001 seconds 

Iteration 2 time: 0.004 secs.

Elapsed computation time: 0.016 secs.
Rows Read: 5178, Total Rows Processed: 5178, Total Chunk Time: Less than .001 seconds 

Starting values (iteration 1) time: 0.004 secs.
Rows Read: 5178, Total Rows Processed: 5178, Total Chunk Time: Less than .001 seconds 

Iteration 2 time: 0.004 secs.
Rows Read: 5178, Total Rows Processed: 5178, Total Chunk Time: Less than .001 seconds 

Iteration 3 time: 0.004 secs.
Rows Read: 5178, Total Rows Processed: 5178, Total Chunk Time: 0.002 seconds 

Iteration 4 time: 0.003 secs.
Rows Read: 5178, Total Rows Processed: 5178, Total Chunk Time: 0.001 seconds 

Iteration 5 time: 0.004 secs.

Elapsed computation time: 0.039 secs.

Elapsed computation time: 0.107 secs.
[1] "--------------------------------------------------------------------------------"
[1] "analyze.results.glm.step="
Logistic Regression Results for: RaceHorse.IsHitA ~
    Gen02.FinishTimeSdvByRaceAvg
Data: data
Dependent variable(s): RaceHorse.IsHitA
Total independent variables: 2 
Number of valid observations: 5178
Number of missing observations: 0 
 
Coefficients:
                             RaceHorse.IsHitA
(Intercept)                              -2.8
Gen02.FinishTimeSdvByRaceAvg              0.9
[1] "analyze.results.glm.step.summary"
Call:
rxLogit(formula = formula, data = data, variableSelection = analyze.results.glm.step.varsel)

Logistic Regression Results for: RaceHorse.IsHitA ~
    Gen02.FinishTimeSdvByRaceAvg
Data: data
Dependent variable(s): RaceHorse.IsHitA
Total independent variables: 2 
Number of valid observations: 5178
Number of missing observations: 0 
-2*LogLikelihood: 2611.333 (Residual deviance on 5176 degrees of freedom)
 
Coefficients:
                             Estimate Std. Error z value Pr(>|z|)    
(Intercept)                   -2.8068     0.0681  -41.24  2.2e-16 ***
Gen02.FinishTimeSdvByRaceAvg   0.8940     0.1043    8.57  2.2e-16 ***
---
Signif. codes:  0 '***' 0.001 '**' 0.01 '*' 0.05 '.' 0.1 ' ' 1

Condition number of final variance-covariance matrix: 1 
Number of iterations: 5
[1] "--------------------------------------------------------------------------------"
[1] "2022-03-08 18:51:39 --- rxLogit with rxStepControl Finish ---"
[1] "2022-03-08 18:51:39 --- rxStepPlot Start ---"
[1] "pdfFilename=pdf_analyze_glm_Gen02_Type12_rxStepPlot.pdf"
[1] "rxStepPlot="
[1] "2022-03-08 18:51:39 --- rxStepPlot Finish ---"
[1] "2022-03-08 18:51:39 --- save.image Start ---"
[1] "save.image"
[1] "rdataFilename=RData_analyze_glm_Gen02_Type12.RData"
[1] "2022-03-08 18:51:39 --- save.image Finish ---"
[1] "2022-03-08 18:51:39 --- final Start ---"
[1] "--------------------------------------------------------------------------------"
[1] "nrow(data) final=5178"
[1] "--------------------------------------------------------------------------------"
[1] "2022-03-08 18:51:39 --- final Finish ---"
[1] "2022-03-08 18:51:39 --- analyze_glm.R Finished ---"
[1] "2022-03-08 18:51:39 --- log Finish ---"
