[1] "2022-02-25 20:21:17 --- D1115_analyze_glm_DataMiningTaisen_IsHitA_Type12 Start ---"
[1] "2022-02-25 20:21:17 --- Log Start ---"
[1] "2022-02-25 20:21:17 --- analyze_glm.R Start ---"
[1] "analyzeVersion=D1115"
[1] "analyzeCategory=analyze"
[1] "analyzeType=DataMiningTaisen"
[1] "analyzeFamily=IsHitA"
[1] "analyzeFunc=glm"
[1] "analyzeTrackTypeCd=1"
[1] "analyzeJyokenCd=2"
[1] "2022-02-25 20:21:17 --- source_function.R Start ---"
[1] "2022-02-25 20:21:17 --- source_function.R Finished ---"

> print(paste0(Sys.time(), " --- source_library.R Start ---"))
[1] "2022-02-25 20:21:17 --- source_library.R Start ---"

> require("RevoScaleR")

> print(paste0(Sys.time(), " --- source_library.R Finished ---"))
[1] "2022-02-25 20:21:23 --- source_library.R Finished ---"
[1] "2022-02-25 20:21:23 --- RxSqlServerData Start ---"
[1] "2022-02-25 20:21:23 --- RxInSqlServer Start ---"
[1] "2022-02-25 20:21:23 --- RxInSqlServer Finish ---"
[1] "2022-02-25 20:21:23 --- rxSetComputeContext Start ---"
[1] "2022-02-25 20:21:23 --- rxSetComputeContext Finish ---"
[1] "2022-02-25 20:21:23 --- RxSqlServerData Start ---"
[1] "sqlQuery=SELECT * FROM ViewAnalyzeD1115analyze01DataMiningTaisenType12"
[1] "2022-02-25 20:21:23 --- RxSqlServerData Finish ---"
[1] "2022-02-25 20:21:23 --- rxGetVarInfo Start ---"
[1] "2022-02-25 20:21:23 --- rxGetVarInfo Finish---"
[1] "2022-02-25 20:21:23 --- rxImport Start ---"
Rows Read: 6809, Total Rows Processed: 6809, Total Chunk Time: 0.517 seconds 
[1] "2022-02-25 20:21:26 --- rxImport Finish ---"
[1] "object.size(data) auto=1.2 Mb"
[1] "--------------------------------------------------------------------------------"
[1] "nrow(data) RxSqlServerData=6809"
[1] "--------------------------------------------------------------------------------"
[1] "str(data)="
'data.frame':	6809 obs. of  26 variables:
 $ Race.RaceId                      : Factor w/ 529 levels "20170122-08-01-07-11",..: 1 1 1 1 1 1 1 1 1 1 ...
 $ Race.IsPredictedRace             : logi  TRUE TRUE TRUE TRUE TRUE TRUE ...
 $ Race.IsAnalyzeNormalPastAndFuture: logi  TRUE TRUE TRUE TRUE TRUE TRUE ...
 $ Race.IsAnalyzeNormalPast         : logi  TRUE TRUE TRUE TRUE TRUE TRUE ...
 $ Race.IsAnalyzeNormalFuture       : logi  FALSE FALSE FALSE FALSE FALSE FALSE ...
 $ Race.IsAnalyzeFullPastAndFuture  : logi  TRUE TRUE TRUE TRUE TRUE TRUE ...
 $ Race.IsAnalyzeFullPast           : logi  TRUE TRUE TRUE TRUE TRUE TRUE ...
 $ Race.IsAnalyzeFullFuture         : logi  FALSE FALSE FALSE FALSE FALSE FALSE ...
 $ Race.JyokenCd                    : Factor w/ 1 level "2": 1 1 1 1 1 1 1 1 1 1 ...
 $ Race.JyoType1Cd                  : Factor w/ 112 levels "1-08-1400-2-2",..: 1 1 1 1 1 1 1 1 1 1 ...
 $ Race.RaceType1Cd                 : Factor w/ 3 levels "1-2-E-1","1-2-E-3",..: 1 1 1 1 1 1 1 1 1 1 ...
 $ RaceHorse.RaceId                 : Factor w/ 529 levels "20170122-08-01-07-11",..: 1 1 1 1 1 1 1 1 1 1 ...
 $ RaceHorse.KettoNum               : Factor w/ 1439 levels "2009104366","2010100328",..: 1 2 3 4 5 6 7 8 9 10 ...
 $ RaceHorse.IsHit1                 : num  0 0 0 0 0 0 0 0 1 0 ...
 $ RaceHorse.IsHit2                 : num  1 0 0 0 0 0 0 0 0 0 ...
 $ RaceHorse.IsHit3                 : num  0 0 0 0 0 0 0 0 0 0 ...
 $ RaceHorse.IsHit4                 : num  0 0 0 0 0 0 0 0 0 0 ...
 $ RaceHorse.IsHit5                 : num  0 0 0 0 0 0 0 0 0 0 ...
 $ RaceHorse.IsHit6                 : num  0 1 1 1 1 1 1 1 0 1 ...
 $ RaceHorse.IsValidRaceHorse       : logi  TRUE TRUE TRUE TRUE TRUE TRUE ...
 $ RaceHorse.TimeSdv                : num  -0.273 -2.032 -2.032 -1.515 -2.446 ...
 $ RaceHorse.IsHitA                 : num  0 0 0 0 0 0 0 0 1 0 ...
 $ RaceHorse.IsHitB                 : num  1 0 0 0 0 0 0 0 1 0 ...
 $ RaceHorse.IsHitC                 : num  1 0 0 0 0 0 0 0 1 0 ...
 $ DataMiningTaisen.TmScoreSdv      : num  1.1226 0.0198 -1.2528 -0.65 -1.6234 ...
 $ EOF                              : int  1 1 1 1 1 1 1 1 1 1 ...
[1] "2022-02-25 20:21:26 --- RxSqlServerData Finish ---"
[1] "2022-02-25 20:21:26 --- subset Start ---"
[1] "--------------------------------------------------------------------------------"
[1] "nrow(data) subset before=6809"
[1] "nrow(data) subset after =6809"
[1] "nrow(data) subset diff =0"
[1] "--------------------------------------------------------------------------------"
[1] "2022-02-25 20:21:26 --- subset Finish---"
[1] "2022-02-25 20:21:26 --- transform Start ---"
[1] "--------------------------------------------------------------------------------"
[1] "nrow(data) transform before=6809"
[1] "nrow(data) transform after=6809"
[1] "nrow(data) transform diff=0"
[1] "--------------------------------------------------------------------------------"
[1] "str(data)="
'data.frame':	6809 obs. of  26 variables:
 $ Race.RaceId                      : Factor w/ 529 levels "20170122-08-01-07-11",..: 1 1 1 1 1 1 1 1 1 1 ...
 $ Race.IsPredictedRace             : logi  TRUE TRUE TRUE TRUE TRUE TRUE ...
 $ Race.IsAnalyzeNormalPastAndFuture: logi  TRUE TRUE TRUE TRUE TRUE TRUE ...
 $ Race.IsAnalyzeNormalPast         : logi  TRUE TRUE TRUE TRUE TRUE TRUE ...
 $ Race.IsAnalyzeNormalFuture       : logi  FALSE FALSE FALSE FALSE FALSE FALSE ...
 $ Race.IsAnalyzeFullPastAndFuture  : logi  TRUE TRUE TRUE TRUE TRUE TRUE ...
 $ Race.IsAnalyzeFullPast           : logi  TRUE TRUE TRUE TRUE TRUE TRUE ...
 $ Race.IsAnalyzeFullFuture         : logi  FALSE FALSE FALSE FALSE FALSE FALSE ...
 $ Race.JyokenCd                    : Factor w/ 1 level "2": 1 1 1 1 1 1 1 1 1 1 ...
 $ Race.JyoType1Cd                  : Factor w/ 112 levels "1-08-1400-2-2",..: 1 1 1 1 1 1 1 1 1 1 ...
 $ Race.RaceType1Cd                 : Factor w/ 3 levels "1-2-E-1","1-2-E-3",..: 1 1 1 1 1 1 1 1 1 1 ...
 $ RaceHorse.RaceId                 : Factor w/ 529 levels "20170122-08-01-07-11",..: 1 1 1 1 1 1 1 1 1 1 ...
 $ RaceHorse.KettoNum               : Factor w/ 1439 levels "2009104366","2010100328",..: 1 2 3 4 5 6 7 8 9 10 ...
 $ RaceHorse.IsHit1                 : num  0 0 0 0 0 0 0 0 1 0 ...
 $ RaceHorse.IsHit2                 : num  1 0 0 0 0 0 0 0 0 0 ...
 $ RaceHorse.IsHit3                 : num  0 0 0 0 0 0 0 0 0 0 ...
 $ RaceHorse.IsHit4                 : num  0 0 0 0 0 0 0 0 0 0 ...
 $ RaceHorse.IsHit5                 : num  0 0 0 0 0 0 0 0 0 0 ...
 $ RaceHorse.IsHit6                 : num  0 1 1 1 1 1 1 1 0 1 ...
 $ RaceHorse.IsValidRaceHorse       : logi  TRUE TRUE TRUE TRUE TRUE TRUE ...
 $ RaceHorse.TimeSdv                : num  -0.273 -2.032 -2.032 -1.515 -2.446 ...
 $ RaceHorse.IsHitA                 : num  0 0 0 0 0 0 0 0 1 0 ...
 $ RaceHorse.IsHitB                 : num  1 0 0 0 0 0 0 0 1 0 ...
 $ RaceHorse.IsHitC                 : num  1 0 0 0 0 0 0 0 1 0 ...
 $ DataMiningTaisen.TmScoreSdv      : num  1.1226 0.0198 -1.2528 -0.65 -1.6234 ...
 $ EOF                              : int  1 1 1 1 1 1 1 1 1 1 ...
NULL
[1] "2022-02-25 20:21:27 --- transform Finish ---"
[1] "2022-02-25 20:21:27 --- na.omit Start ---"
[1] "--------------------------------------------------------------------------------"
[1] "nrow(data) na.omit before=6809"
[1] "nrow(data) na.omit after =6761"
[1] "nrow(data) na.omit diff =48"
[1] "--------------------------------------------------------------------------------"
'data.frame':	6761 obs. of  26 variables:
 $ Race.RaceId                      : Factor w/ 529 levels "20170122-08-01-07-11",..: 1 1 1 1 1 1 1 1 1 1 ...
 $ Race.IsPredictedRace             : logi  TRUE TRUE TRUE TRUE TRUE TRUE ...
 $ Race.IsAnalyzeNormalPastAndFuture: logi  TRUE TRUE TRUE TRUE TRUE TRUE ...
 $ Race.IsAnalyzeNormalPast         : logi  TRUE TRUE TRUE TRUE TRUE TRUE ...
 $ Race.IsAnalyzeNormalFuture       : logi  FALSE FALSE FALSE FALSE FALSE FALSE ...
 $ Race.IsAnalyzeFullPastAndFuture  : logi  TRUE TRUE TRUE TRUE TRUE TRUE ...
 $ Race.IsAnalyzeFullPast           : logi  TRUE TRUE TRUE TRUE TRUE TRUE ...
 $ Race.IsAnalyzeFullFuture         : logi  FALSE FALSE FALSE FALSE FALSE FALSE ...
 $ Race.JyokenCd                    : Factor w/ 1 level "2": 1 1 1 1 1 1 1 1 1 1 ...
 $ Race.JyoType1Cd                  : Factor w/ 112 levels "1-08-1400-2-2",..: 1 1 1 1 1 1 1 1 1 1 ...
 $ Race.RaceType1Cd                 : Factor w/ 3 levels "1-2-E-1","1-2-E-3",..: 1 1 1 1 1 1 1 1 1 1 ...
 $ RaceHorse.RaceId                 : Factor w/ 529 levels "20170122-08-01-07-11",..: 1 1 1 1 1 1 1 1 1 1 ...
 $ RaceHorse.KettoNum               : Factor w/ 1439 levels "2009104366","2010100328",..: 1 2 3 4 5 6 7 8 9 10 ...
 $ RaceHorse.IsHit1                 : num  0 0 0 0 0 0 0 0 1 0 ...
 $ RaceHorse.IsHit2                 : num  1 0 0 0 0 0 0 0 0 0 ...
 $ RaceHorse.IsHit3                 : num  0 0 0 0 0 0 0 0 0 0 ...
 $ RaceHorse.IsHit4                 : num  0 0 0 0 0 0 0 0 0 0 ...
 $ RaceHorse.IsHit5                 : num  0 0 0 0 0 0 0 0 0 0 ...
 $ RaceHorse.IsHit6                 : num  0 1 1 1 1 1 1 1 0 1 ...
 $ RaceHorse.IsValidRaceHorse       : logi  TRUE TRUE TRUE TRUE TRUE TRUE ...
 $ RaceHorse.TimeSdv                : num  -0.273 -2.032 -2.032 -1.515 -2.446 ...
 $ RaceHorse.IsHitA                 : num  0 0 0 0 0 0 0 0 1 0 ...
 $ RaceHorse.IsHitB                 : num  1 0 0 0 0 0 0 0 1 0 ...
 $ RaceHorse.IsHitC                 : num  1 0 0 0 0 0 0 0 1 0 ...
 $ DataMiningTaisen.TmScoreSdv      : num  1.1226 0.0198 -1.2528 -0.65 -1.6234 ...
 $ EOF                              : int  1 1 1 1 1 1 1 1 1 1 ...
 - attr(*, "na.action")= 'omit' Named int  476 493 847 894 938 1079 1481 1918 1971 1972 ...
  ..- attr(*, "names")= chr  "476" "493" "847" "894" ...
[1] "2022-02-25 20:21:27 --- na.omit Finish ---"
[1] "2022-02-25 20:21:27 --- rxGlm with rxStepControl Start ---"

> print(paste0(Sys.time(), " --- source_logic_glm.R Start ---"))
[1] "2022-02-25 20:21:27 --- source_logic_glm.R Start ---"

> formula <- formula(RaceHorse.IsHitA ~ +1 + DataMiningTaisen.TmScoreSdv)

> print(paste0(Sys.time(), " --- source_logic_glm.R Finished ---"))
[1] "2022-02-25 20:21:27 --- source_logic_glm.R Finished ---"
Rows Read: 6761, Total Rows Processed: 6761, Total Chunk Time: 0.001 seconds 

Starting values (iteration 1) time: 0.010 secs.
Rows Read: 6761, Total Rows Processed: 6761, Total Chunk Time: 0.002 seconds 

Iteration 2 time: 0.032 secs.
Rows Read: 6761, Total Rows Processed: 6761, Total Chunk Time: 0.003 seconds 

Iteration 3 time: 0.025 secs.
Rows Read: 6761, Total Rows Processed: 6761, Total Chunk Time: 0.002 seconds 

Iteration 4 time: 0.025 secs.
Rows Read: 6761, Total Rows Processed: 6761, Total Chunk Time: Less than .001 seconds 

Iteration 5 time: 0.031 secs.

Elapsed computation time: 0.227 secs.
Rows Read: 6761, Total Rows Processed: 6761, Total Chunk Time: Less than .001 seconds 

Starting values (iteration 1) time: 0.010 secs.
Rows Read: 6761, Total Rows Processed: 6761, Total Chunk Time: 0.001 seconds 

Iteration 2 time: 0.009 secs.

Elapsed computation time: 0.046 secs.
Rows Read: 6761, Total Rows Processed: 6761, Total Chunk Time: 0.001 seconds 

Starting values (iteration 1) time: 0.010 secs.
Rows Read: 6761, Total Rows Processed: 6761, Total Chunk Time: 0.001 seconds 

Iteration 2 time: 0.014 secs.
Rows Read: 6761, Total Rows Processed: 6761, Total Chunk Time: 0.001 seconds 

Iteration 3 time: 0.019 secs.
Rows Read: 6761, Total Rows Processed: 6761, Total Chunk Time: 0.001 seconds 

Iteration 4 time: 0.016 secs.
Rows Read: 6761, Total Rows Processed: 6761, Total Chunk Time: Less than .001 seconds 

Iteration 5 time: 0.012 secs.

Elapsed computation time: 0.136 secs.

Elapsed computation time: 0.463 secs.
[1] "--------------------------------------------------------------------------------"
[1] "analyze.results.glm.step="
Logistic Regression Results for: RaceHorse.IsHitA ~
    DataMiningTaisen.TmScoreSdv
Data: data
Dependent variable(s): RaceHorse.IsHitA
Total independent variables: 2 
Number of valid observations: 6761
Number of missing observations: 0 
 
Coefficients:
                            RaceHorse.IsHitA
(Intercept)                             -2.7
DataMiningTaisen.TmScoreSdv              0.8
[1] "analyze.results.glm.step.summary"
Call:
rxLogit(formula = formula, data = data, variableSelection = analyze.results.glm.step.varsel)

Logistic Regression Results for: RaceHorse.IsHitA ~
    DataMiningTaisen.TmScoreSdv
Data: data
Dependent variable(s): RaceHorse.IsHitA
Total independent variables: 2 
Number of valid observations: 6761
Number of missing observations: 0 
-2*LogLikelihood: 3441.591 (Residual deviance on 6759 degrees of freedom)
 
Coefficients:
                            Estimate Std. Error z value Pr(>|z|)    
(Intercept)                  -2.7454     0.0577   -47.5  2.2e-16 ***
DataMiningTaisen.TmScoreSdv   0.8486     0.0570    14.9  2.2e-16 ***
---
Signif. codes:  0 '***' 0.001 '**' 0.01 '*' 0.05 '.' 0.1 ' ' 1

Condition number of final variance-covariance matrix: 1 
Number of iterations: 5
[1] "--------------------------------------------------------------------------------"
[1] "2022-02-25 20:21:28 --- rxGlm with rxStepControl Finish ---"
[1] "2022-02-25 20:21:28 --- rxStepPlot Start ---"
[1] "pdfFilename=pdf_analyze_glm_DataMiningTaisen_Type12_rxStepPlot.pdf"
[1] "rxStepPlot="
[1] "2022-02-25 20:21:28 --- rxStepPlot Finish ---"
[1] "2022-02-25 20:21:28 --- save.image Start ---"
[1] "save.image"
[1] "rdataFilename=RData_analyze_glm_DataMiningTaisen_Type12.RData"
[1] "2022-02-25 20:21:28 --- save.image Finish ---"
[1] "2022-02-25 20:21:28 --- final Start ---"
[1] "--------------------------------------------------------------------------------"
[1] "nrow(data) final=6761"
[1] "--------------------------------------------------------------------------------"
[1] "2022-02-25 20:21:28 --- final Finish ---"
[1] "2022-02-25 20:21:28 --- analyze_glm.R Finished ---"
[1] "2022-02-25 20:21:28 --- log Finish ---"
