[1] "2022-02-25 20:24:11 --- D1115_analyze_glm_Gen02_IsHitA_Type24 Start ---"
[1] "2022-02-25 20:24:12 --- Log Start ---"
[1] "2022-02-25 20:24:13 --- analyze_glm.R Start ---"
[1] "analyzeVersion=D1115"
[1] "analyzeCategory=analyze"
[1] "analyzeType=Gen02"
[1] "analyzeFamily=IsHitA"
[1] "analyzeFunc=glm"
[1] "analyzeTrackTypeCd=2"
[1] "analyzeJyokenCd=4"
[1] "2022-02-25 20:24:13 --- source_function.R Start ---"
[1] "2022-02-25 20:24:14 --- source_function.R Finished ---"

> print(paste0(Sys.time(), " --- source_library.R Start ---"))
[1] "2022-02-25 20:24:14 --- source_library.R Start ---"

> require("RevoScaleR")

> print(paste0(Sys.time(), " --- source_library.R Finished ---"))
[1] "2022-02-25 20:24:14 --- source_library.R Finished ---"
[1] "2022-02-25 20:24:14 --- RxSqlServerData Start ---"
[1] "2022-02-25 20:24:14 --- RxInSqlServer Start ---"
[1] "2022-02-25 20:24:14 --- RxInSqlServer Finish ---"
[1] "2022-02-25 20:24:14 --- rxSetComputeContext Start ---"
[1] "2022-02-25 20:24:15 --- rxSetComputeContext Finish ---"
[1] "2022-02-25 20:24:15 --- RxSqlServerData Start ---"
[1] "sqlQuery=SELECT * FROM ViewAnalyzeD1115analyze01Gen02Type24"
[1] "2022-02-25 20:24:15 --- RxSqlServerData Finish ---"
[1] "2022-02-25 20:24:15 --- rxGetVarInfo Start ---"
[1] "2022-02-25 20:24:15 --- rxGetVarInfo Finish---"
[1] "2022-02-25 20:24:18 --- rxImport Start ---"
Rows Read: 33239, Total Rows Processed: 33239, Total Chunk Time: 474.502 seconds 
[1] "2022-02-25 20:50:10 --- rxImport Finish ---"
[1] "object.size(data) auto=10.1 Mb"
[1] "--------------------------------------------------------------------------------"
[1] "nrow(data) RxSqlServerData=33239"
[1] "--------------------------------------------------------------------------------"
[1] "str(data)="
'data.frame':	33239 obs. of  44 variables:
 $ Race.RaceId                      : Factor w/ 2829 levels "20160109-06-01-02-04",..: 1 2 11 12 4 5 13 6 7 8 ...
 $ Race.IsPredictedRace             : logi  TRUE TRUE TRUE TRUE TRUE TRUE ...
 $ Race.IsAnalyzeNormalPastAndFuture: logi  TRUE TRUE TRUE TRUE TRUE TRUE ...
 $ Race.IsAnalyzeNormalPast         : logi  TRUE TRUE TRUE TRUE TRUE TRUE ...
 $ Race.IsAnalyzeNormalFuture       : logi  FALSE FALSE FALSE FALSE FALSE FALSE ...
 $ Race.IsAnalyzeFullPastAndFuture  : logi  TRUE TRUE TRUE TRUE TRUE TRUE ...
 $ Race.IsAnalyzeFullPast           : logi  TRUE TRUE TRUE TRUE TRUE TRUE ...
 $ Race.IsAnalyzeFullFuture         : logi  FALSE FALSE FALSE FALSE FALSE FALSE ...
 $ Race.JyokenCd                    : Factor w/ 1 level "4": 1 1 1 1 1 1 1 1 1 1 ...
 $ Race.JyoType1Cd                  : Factor w/ 131 levels "2-06-2400-4-1",..: 1 2 10 11 3 4 12 5 6 7 ...
 $ Race.RaceType1Cd                 : Factor w/ 5 levels "2-4-X-3","2-4-X-1",..: 1 2 2 2 3 3 3 2 2 2 ...
 $ RaceHorse.RaceId                 : Factor w/ 2829 levels "20160109-06-01-02-04",..: 1 2 11 12 4 5 13 6 7 8 ...
 $ RaceHorse.KettoNum               : Factor w/ 6723 levels "2010103579","2011101588",..: 1 2 7 8 1 1 9 3 2 4 ...
 $ RaceHorse.IsHit1                 : num  0 0 0 0 0 0 0 0 0 0 ...
 $ RaceHorse.IsHit2                 : num  0 0 0 0 0 0 0 0 1 0 ...
 $ RaceHorse.IsHit3                 : num  1 0 0 0 0 0 0 0 0 0 ...
 $ RaceHorse.IsHit4                 : num  0 0 0 0 0 0 0 0 0 0 ...
 $ RaceHorse.IsHit5                 : num  0 0 0 0 0 1 0 0 0 0 ...
 $ RaceHorse.IsHit6                 : num  0 1 1 1 1 0 1 1 0 1 ...
 $ RaceHorse.IsValidRaceHorse       : logi  TRUE TRUE TRUE TRUE TRUE TRUE ...
 $ RaceHorse.TimeSdv                : num  0.365 0.582 -1.24 -0.692 0.073 ...
 $ RaceHorse.IsHitA                 : num  0 0 0 0 0 0 0 0 0 0 ...
 $ RaceHorse.IsHitB                 : num  0 0 0 0 0 0 0 0 1 0 ...
 $ RaceHorse.IsHitC                 : num  1 0 0 0 0 0 0 0 1 0 ...
 $ Gen02.HansyokuNum                : Factor w/ 425 levels "11201953","11201922",..: 1 2 3 3 1 1 3 2 2 2 ...
 $ Gen02.TimeSdvByRaceAvg           : num  0.606 0.129 0.188 0.449 0.441 ...
 $ Gen02.TimeSdvByRaceMin           : num  0.3508 -1.9614 -0.6594 -0.0124 -0.4436 ...
 $ Gen02.TimeSdvByRaceMax           : num  1.043 0.907 0.977 1.091 1.73 ...
 $ Gen02.TimeSdvAvg                 : num  0.44987 0.28274 -0.00406 0.33625 0.18485 ...
 $ Gen02.TimeSdvMin                 : num  -0.27 -1.159 -0.838 0.138 -1.769 ...
 $ Gen02.TimeSdvMax                 : num  0.814 1.373 0.514 0.57 1.244 ...
 $ Gen02.OrderOfFinishSdvAvg        : num  0.327 0.126 0.223 0.337 0.206 ...
 $ Gen02.RunCount                   : num  3 14 5 4 16 17 8 4 16 5 ...
 $ Gen02.HitCount1                  : num  0 0 0 1 1 1 0 0 0 0 ...
 $ Gen02.HitCount2                  : num  1 0 1 0 1 1 0 0 0 0 ...
 $ Gen02.HitCount3                  : num  0 1 0 0 2 2 0 2 1 0 ...
 $ Gen02.HitCount4                  : num  0 3 1 0 1 1 0 0 3 0 ...
 $ Gen02.HitCount5                  : num  0 3 0 0 2 2 0 0 4 0 ...
 $ Gen02.HitRate1                   : num  0 0 0 0.25 0.0625 ...
 $ Gen02.HitRate2                   : num  0.3333 0 0.2 0 0.0625 ...
 $ Gen02.HitRate3                   : num  0 0.0714 0 0 0.125 ...
 $ Gen02.HitRate4                   : num  0 0.2143 0.2 0 0.0625 ...
 $ Gen02.HitRate5                   : num  0 0.214 0 0 0.125 ...
 $ EOF                              : int  1 1 1 1 1 1 1 1 1 1 ...
[1] "2022-02-25 20:50:10 --- RxSqlServerData Finish ---"
[1] "2022-02-25 20:50:10 --- subset Start ---"
[1] "--------------------------------------------------------------------------------"
[1] "nrow(data) subset before=33239"
[1] "nrow(data) subset after =33239"
[1] "nrow(data) subset diff =0"
[1] "--------------------------------------------------------------------------------"
[1] "2022-02-25 20:50:10 --- subset Finish---"
[1] "2022-02-25 20:50:10 --- transform Start ---"
[1] "--------------------------------------------------------------------------------"
[1] "nrow(data) transform before=33239"
[1] "nrow(data) transform after=33239"
[1] "nrow(data) transform diff=0"
[1] "--------------------------------------------------------------------------------"
[1] "str(data)="
'data.frame':	33239 obs. of  44 variables:
 $ Race.RaceId                      : Factor w/ 2829 levels "20160109-06-01-02-04",..: 1 2 11 12 4 5 13 6 7 8 ...
 $ Race.IsPredictedRace             : logi  TRUE TRUE TRUE TRUE TRUE TRUE ...
 $ Race.IsAnalyzeNormalPastAndFuture: logi  TRUE TRUE TRUE TRUE TRUE TRUE ...
 $ Race.IsAnalyzeNormalPast         : logi  TRUE TRUE TRUE TRUE TRUE TRUE ...
 $ Race.IsAnalyzeNormalFuture       : logi  FALSE FALSE FALSE FALSE FALSE FALSE ...
 $ Race.IsAnalyzeFullPastAndFuture  : logi  TRUE TRUE TRUE TRUE TRUE TRUE ...
 $ Race.IsAnalyzeFullPast           : logi  TRUE TRUE TRUE TRUE TRUE TRUE ...
 $ Race.IsAnalyzeFullFuture         : logi  FALSE FALSE FALSE FALSE FALSE FALSE ...
 $ Race.JyokenCd                    : Factor w/ 1 level "4": 1 1 1 1 1 1 1 1 1 1 ...
 $ Race.JyoType1Cd                  : Factor w/ 131 levels "2-06-2400-4-1",..: 1 2 10 11 3 4 12 5 6 7 ...
 $ Race.RaceType1Cd                 : Factor w/ 5 levels "2-4-X-3","2-4-X-1",..: 1 2 2 2 3 3 3 2 2 2 ...
 $ RaceHorse.RaceId                 : Factor w/ 2829 levels "20160109-06-01-02-04",..: 1 2 11 12 4 5 13 6 7 8 ...
 $ RaceHorse.KettoNum               : Factor w/ 6723 levels "2010103579","2011101588",..: 1 2 7 8 1 1 9 3 2 4 ...
 $ RaceHorse.IsHit1                 : num  0 0 0 0 0 0 0 0 0 0 ...
 $ RaceHorse.IsHit2                 : num  0 0 0 0 0 0 0 0 1 0 ...
 $ RaceHorse.IsHit3                 : num  1 0 0 0 0 0 0 0 0 0 ...
 $ RaceHorse.IsHit4                 : num  0 0 0 0 0 0 0 0 0 0 ...
 $ RaceHorse.IsHit5                 : num  0 0 0 0 0 1 0 0 0 0 ...
 $ RaceHorse.IsHit6                 : num  0 1 1 1 1 0 1 1 0 1 ...
 $ RaceHorse.IsValidRaceHorse       : logi  TRUE TRUE TRUE TRUE TRUE TRUE ...
 $ RaceHorse.TimeSdv                : num  0.365 0.582 -1.24 -0.692 0.073 ...
 $ RaceHorse.IsHitA                 : num  0 0 0 0 0 0 0 0 0 0 ...
 $ RaceHorse.IsHitB                 : num  0 0 0 0 0 0 0 0 1 0 ...
 $ RaceHorse.IsHitC                 : num  1 0 0 0 0 0 0 0 1 0 ...
 $ Gen02.HansyokuNum                : Factor w/ 425 levels "11201953","11201922",..: 1 2 3 3 1 1 3 2 2 2 ...
 $ Gen02.TimeSdvByRaceAvg           : num  0.606 0.129 0.188 0.449 0.441 ...
 $ Gen02.TimeSdvByRaceMin           : num  0.3508 -1.9614 -0.6594 -0.0124 -0.4436 ...
 $ Gen02.TimeSdvByRaceMax           : num  1.043 0.907 0.977 1.091 1.73 ...
 $ Gen02.TimeSdvAvg                 : num  0.44987 0.28274 -0.00406 0.33625 0.18485 ...
 $ Gen02.TimeSdvMin                 : num  -0.27 -1.159 -0.838 0.138 -1.769 ...
 $ Gen02.TimeSdvMax                 : num  0.814 1.373 0.514 0.57 1.244 ...
 $ Gen02.OrderOfFinishSdvAvg        : num  0.327 0.126 0.223 0.337 0.206 ...
 $ Gen02.RunCount                   : num  3 14 5 4 16 17 8 4 16 5 ...
 $ Gen02.HitCount1                  : num  0 0 0 1 1 1 0 0 0 0 ...
 $ Gen02.HitCount2                  : num  1 0 1 0 1 1 0 0 0 0 ...
 $ Gen02.HitCount3                  : num  0 1 0 0 2 2 0 2 1 0 ...
 $ Gen02.HitCount4                  : num  0 3 1 0 1 1 0 0 3 0 ...
 $ Gen02.HitCount5                  : num  0 3 0 0 2 2 0 0 4 0 ...
 $ Gen02.HitRate1                   : num  0 0 0 0.25 0.0625 ...
 $ Gen02.HitRate2                   : num  0.3333 0 0.2 0 0.0625 ...
 $ Gen02.HitRate3                   : num  0 0.0714 0 0 0.125 ...
 $ Gen02.HitRate4                   : num  0 0.2143 0.2 0 0.0625 ...
 $ Gen02.HitRate5                   : num  0 0.214 0 0 0.125 ...
 $ EOF                              : int  1 1 1 1 1 1 1 1 1 1 ...
NULL
[1] "2022-02-25 20:50:10 --- transform Finish ---"
[1] "2022-02-25 20:50:10 --- na.omit Start ---"
[1] "--------------------------------------------------------------------------------"
[1] "nrow(data) na.omit before=33239"
[1] "nrow(data) na.omit after =33024"
[1] "nrow(data) na.omit diff =215"
[1] "--------------------------------------------------------------------------------"
'data.frame':	33024 obs. of  44 variables:
 $ Race.RaceId                      : Factor w/ 2829 levels "20160109-06-01-02-04",..: 1 2 11 12 4 5 13 6 7 8 ...
 $ Race.IsPredictedRace             : logi  TRUE TRUE TRUE TRUE TRUE TRUE ...
 $ Race.IsAnalyzeNormalPastAndFuture: logi  TRUE TRUE TRUE TRUE TRUE TRUE ...
 $ Race.IsAnalyzeNormalPast         : logi  TRUE TRUE TRUE TRUE TRUE TRUE ...
 $ Race.IsAnalyzeNormalFuture       : logi  FALSE FALSE FALSE FALSE FALSE FALSE ...
 $ Race.IsAnalyzeFullPastAndFuture  : logi  TRUE TRUE TRUE TRUE TRUE TRUE ...
 $ Race.IsAnalyzeFullPast           : logi  TRUE TRUE TRUE TRUE TRUE TRUE ...
 $ Race.IsAnalyzeFullFuture         : logi  FALSE FALSE FALSE FALSE FALSE FALSE ...
 $ Race.JyokenCd                    : Factor w/ 1 level "4": 1 1 1 1 1 1 1 1 1 1 ...
 $ Race.JyoType1Cd                  : Factor w/ 131 levels "2-06-2400-4-1",..: 1 2 10 11 3 4 12 5 6 7 ...
 $ Race.RaceType1Cd                 : Factor w/ 5 levels "2-4-X-3","2-4-X-1",..: 1 2 2 2 3 3 3 2 2 2 ...
 $ RaceHorse.RaceId                 : Factor w/ 2829 levels "20160109-06-01-02-04",..: 1 2 11 12 4 5 13 6 7 8 ...
 $ RaceHorse.KettoNum               : Factor w/ 6723 levels "2010103579","2011101588",..: 1 2 7 8 1 1 9 3 2 4 ...
 $ RaceHorse.IsHit1                 : num  0 0 0 0 0 0 0 0 0 0 ...
 $ RaceHorse.IsHit2                 : num  0 0 0 0 0 0 0 0 1 0 ...
 $ RaceHorse.IsHit3                 : num  1 0 0 0 0 0 0 0 0 0 ...
 $ RaceHorse.IsHit4                 : num  0 0 0 0 0 0 0 0 0 0 ...
 $ RaceHorse.IsHit5                 : num  0 0 0 0 0 1 0 0 0 0 ...
 $ RaceHorse.IsHit6                 : num  0 1 1 1 1 0 1 1 0 1 ...
 $ RaceHorse.IsValidRaceHorse       : logi  TRUE TRUE TRUE TRUE TRUE TRUE ...
 $ RaceHorse.TimeSdv                : num  0.365 0.582 -1.24 -0.692 0.073 ...
 $ RaceHorse.IsHitA                 : num  0 0 0 0 0 0 0 0 0 0 ...
 $ RaceHorse.IsHitB                 : num  0 0 0 0 0 0 0 0 1 0 ...
 $ RaceHorse.IsHitC                 : num  1 0 0 0 0 0 0 0 1 0 ...
 $ Gen02.HansyokuNum                : Factor w/ 425 levels "11201953","11201922",..: 1 2 3 3 1 1 3 2 2 2 ...
 $ Gen02.TimeSdvByRaceAvg           : num  0.606 0.129 0.188 0.449 0.441 ...
 $ Gen02.TimeSdvByRaceMin           : num  0.3508 -1.9614 -0.6594 -0.0124 -0.4436 ...
 $ Gen02.TimeSdvByRaceMax           : num  1.043 0.907 0.977 1.091 1.73 ...
 $ Gen02.TimeSdvAvg                 : num  0.44987 0.28274 -0.00406 0.33625 0.18485 ...
 $ Gen02.TimeSdvMin                 : num  -0.27 -1.159 -0.838 0.138 -1.769 ...
 $ Gen02.TimeSdvMax                 : num  0.814 1.373 0.514 0.57 1.244 ...
 $ Gen02.OrderOfFinishSdvAvg        : num  0.327 0.126 0.223 0.337 0.206 ...
 $ Gen02.RunCount                   : num  3 14 5 4 16 17 8 4 16 5 ...
 $ Gen02.HitCount1                  : num  0 0 0 1 1 1 0 0 0 0 ...
 $ Gen02.HitCount2                  : num  1 0 1 0 1 1 0 0 0 0 ...
 $ Gen02.HitCount3                  : num  0 1 0 0 2 2 0 2 1 0 ...
 $ Gen02.HitCount4                  : num  0 3 1 0 1 1 0 0 3 0 ...
 $ Gen02.HitCount5                  : num  0 3 0 0 2 2 0 0 4 0 ...
 $ Gen02.HitRate1                   : num  0 0 0 0.25 0.0625 ...
 $ Gen02.HitRate2                   : num  0.3333 0 0.2 0 0.0625 ...
 $ Gen02.HitRate3                   : num  0 0.0714 0 0 0.125 ...
 $ Gen02.HitRate4                   : num  0 0.2143 0.2 0 0.0625 ...
 $ Gen02.HitRate5                   : num  0 0.214 0 0 0.125 ...
 $ EOF                              : int  1 1 1 1 1 1 1 1 1 1 ...
 - attr(*, "na.action")= 'omit' Named int  113 335 349 364 492 567 665 774 788 1103 ...
  ..- attr(*, "names")= chr  "113" "335" "349" "364" ...
[1] "2022-02-25 20:50:10 --- na.omit Finish ---"
[1] "2022-02-25 20:50:10 --- rxGlm with rxStepControl Start ---"

> print(paste0(Sys.time(), " --- source_logic_glm.R Start ---"))
[1] "2022-02-25 20:50:10 --- source_logic_glm.R Start ---"

> formula <- formula(RaceHorse.IsHitA ~ +1 + Gen02.TimeSdvAvg)

> print(paste0(Sys.time(), " --- source_logic_glm.R Finished ---"))
[1] "2022-02-25 20:50:10 --- source_logic_glm.R Finished ---"
Rows Read: 33024, Total Rows Processed: 33024, Total Chunk Time: 0.003 seconds 

Starting values (iteration 1) time: 0.009 secs.
Rows Read: 33024, Total Rows Processed: 33024, Total Chunk Time: 0.002 seconds 

Iteration 2 time: 0.006 secs.
Rows Read: 33024, Total Rows Processed: 33024, Total Chunk Time: 0.002 seconds 

Iteration 3 time: 0.004 secs.
Rows Read: 33024, Total Rows Processed: 33024, Total Chunk Time: 0.002 seconds 

Iteration 4 time: 0.004 secs.
Rows Read: 33024, Total Rows Processed: 33024, Total Chunk Time: 0.002 seconds 

Iteration 5 time: 0.005 secs.

Elapsed computation time: 0.049 secs.
Rows Read: 33024, Total Rows Processed: 33024, Total Chunk Time: Less than .001 seconds 

Starting values (iteration 1) time: 0.007 secs.
Rows Read: 33024, Total Rows Processed: 33024, Total Chunk Time: 0.002 seconds 

Iteration 2 time: 0.006 secs.

Elapsed computation time: 0.021 secs.
Rows Read: 33024, Total Rows Processed: 33024, Total Chunk Time: 0.002 seconds 

Starting values (iteration 1) time: 0.008 secs.
Rows Read: 33024, Total Rows Processed: 33024, Total Chunk Time: 0.002 seconds 

Iteration 2 time: 0.006 secs.
Rows Read: 33024, Total Rows Processed: 33024, Total Chunk Time: 0.005 seconds 

Iteration 3 time: 0.009 secs.
Rows Read: 33024, Total Rows Processed: 33024, Total Chunk Time: 0.002 seconds 

Iteration 4 time: 0.005 secs.
Rows Read: 33024, Total Rows Processed: 33024, Total Chunk Time: 0.003 seconds 

Iteration 5 time: 0.005 secs.

Elapsed computation time: 0.048 secs.

Elapsed computation time: 0.132 secs.
[1] "--------------------------------------------------------------------------------"
[1] "analyze.results.glm.step="
Logistic Regression Results for: RaceHorse.IsHitA ~ Gen02.TimeSdvAvg
Data: data
Dependent variable(s): RaceHorse.IsHitA
Total independent variables: 2 
Number of valid observations: 33024
Number of missing observations: 0 
 
Coefficients:
                 RaceHorse.IsHitA
(Intercept)                    -3
Gen02.TimeSdvAvg                1
[1] "analyze.results.glm.step.summary"
Call:
rxLogit(formula = formula, data = data, variableSelection = analyze.results.glm.step.varsel)

Logistic Regression Results for: RaceHorse.IsHitA ~ Gen02.TimeSdvAvg
Data: data
Dependent variable(s): RaceHorse.IsHitA
Total independent variables: 2 
Number of valid observations: 33024
Number of missing observations: 0 
-2*LogLikelihood: 16857.971 (Residual deviance on 33022 degrees of freedom)
 
Coefficients:
                 Estimate Std. Error z value Pr(>|z|)    
(Intercept)       -2.7499     0.0255  -107.7  2.2e-16 ***
Gen02.TimeSdvAvg   1.0131     0.0419    24.2  2.2e-16 ***
---
Signif. codes:  0 '***' 0.001 '**' 0.01 '*' 0.05 '.' 0.1 ' ' 1

Condition number of final variance-covariance matrix: 1 
Number of iterations: 5
[1] "--------------------------------------------------------------------------------"
[1] "2022-02-25 20:50:10 --- rxGlm with rxStepControl Finish ---"
[1] "2022-02-25 20:50:10 --- rxStepPlot Start ---"
[1] "pdfFilename=pdf_analyze_glm_Gen02_Type24_rxStepPlot.pdf"
[1] "rxStepPlot="
[1] "2022-02-25 20:50:10 --- rxStepPlot Finish ---"
[1] "2022-02-25 20:50:10 --- save.image Start ---"
[1] "save.image"
[1] "rdataFilename=RData_analyze_glm_Gen02_Type24.RData"
[1] "2022-02-25 20:50:11 --- save.image Finish ---"
[1] "2022-02-25 20:50:11 --- final Start ---"
[1] "--------------------------------------------------------------------------------"
[1] "nrow(data) final=33024"
[1] "--------------------------------------------------------------------------------"
[1] "2022-02-25 20:50:11 --- final Finish ---"
[1] "2022-02-25 20:50:11 --- analyze_glm.R Finished ---"
[1] "2022-02-25 20:50:11 --- log Finish ---"
