[1] "2022-02-25 20:57:32 --- D1115_analyze_glm_Jockey_IsHitA_Type13 Start ---"
[1] "2022-02-25 20:57:32 --- Log Start ---"
[1] "2022-02-25 20:57:32 --- analyze_glm.R Start ---"
[1] "analyzeVersion=D1115"
[1] "analyzeCategory=analyze"
[1] "analyzeType=Jockey"
[1] "analyzeFamily=IsHitA"
[1] "analyzeFunc=glm"
[1] "analyzeTrackTypeCd=1"
[1] "analyzeJyokenCd=3"
[1] "2022-02-25 20:57:32 --- source_function.R Start ---"
[1] "2022-02-25 20:57:32 --- source_function.R Finished ---"

> print(paste0(Sys.time(), " --- source_library.R Start ---"))
[1] "2022-02-25 20:57:32 --- source_library.R Start ---"

> require("RevoScaleR")

> print(paste0(Sys.time(), " --- source_library.R Finished ---"))
[1] "2022-02-25 20:57:33 --- source_library.R Finished ---"
[1] "2022-02-25 20:57:33 --- RxSqlServerData Start ---"
[1] "2022-02-25 20:57:33 --- RxInSqlServer Start ---"
[1] "2022-02-25 20:57:33 --- RxInSqlServer Finish ---"
[1] "2022-02-25 20:57:33 --- rxSetComputeContext Start ---"
[1] "2022-02-25 20:57:33 --- rxSetComputeContext Finish ---"
[1] "2022-02-25 20:57:33 --- RxSqlServerData Start ---"
[1] "sqlQuery=SELECT * FROM ViewAnalyzeD1115analyze01JockeyType13"
[1] "2022-02-25 20:57:33 --- RxSqlServerData Finish ---"
[1] "2022-02-25 20:57:33 --- rxGetVarInfo Start ---"
[1] "2022-02-25 20:57:33 --- rxGetVarInfo Finish---"
[1] "2022-02-25 20:57:33 --- rxImport Start ---"
Rows Read: 14588, Total Rows Processed: 14588, Total Chunk Time: 8.636 seconds 
[1] "2022-02-25 20:57:55 --- rxImport Finish ---"
[1] "object.size(data) auto=4.4 Mb"
[1] "--------------------------------------------------------------------------------"
[1] "nrow(data) RxSqlServerData=14588"
[1] "--------------------------------------------------------------------------------"
[1] "str(data)="
'data.frame':	14588 obs. of  43 variables:
 $ Race.RaceId                      : Factor w/ 1192 levels "20161002-09-04-08-09",..: 11 12 13 14 15 16 17 18 19 20 ...
 $ Race.IsPredictedRace             : logi  TRUE TRUE TRUE TRUE TRUE TRUE ...
 $ Race.IsAnalyzeNormalPastAndFuture: logi  TRUE TRUE TRUE TRUE TRUE TRUE ...
 $ Race.IsAnalyzeNormalPast         : logi  TRUE TRUE TRUE TRUE TRUE TRUE ...
 $ Race.IsAnalyzeNormalFuture       : logi  FALSE FALSE FALSE FALSE FALSE FALSE ...
 $ Race.IsAnalyzeFullPastAndFuture  : logi  TRUE TRUE TRUE TRUE TRUE TRUE ...
 $ Race.IsAnalyzeFullPast           : logi  TRUE TRUE TRUE TRUE TRUE TRUE ...
 $ Race.IsAnalyzeFullFuture         : logi  FALSE FALSE FALSE FALSE FALSE FALSE ...
 $ Race.JyokenCd                    : Factor w/ 1 level "3": 1 1 1 1 1 1 1 1 1 1 ...
 $ Race.JyoType1Cd                  : Factor w/ 154 levels "1-09-2400-3-1",..: 10 11 12 13 14 15 16 17 18 8 ...
 $ Race.RaceType1Cd                 : Factor w/ 6 levels "1-3-E-3","1-3-E-2",..: 3 4 2 3 2 5 3 1 2 4 ...
 $ RaceHorse.RaceId                 : Factor w/ 1192 levels "20161002-09-04-08-09",..: 11 12 13 14 15 16 17 18 19 20 ...
 $ RaceHorse.KettoNum               : Factor w/ 2982 levels "2011104456","2011105975",..: 11 12 13 14 15 16 17 18 19 20 ...
 $ RaceHorse.IsHit1                 : num  0 0 0 0 0 0 0 0 0 0 ...
 $ RaceHorse.IsHit2                 : num  0 0 0 0 1 0 0 0 1 1 ...
 $ RaceHorse.IsHit3                 : num  0 0 0 0 0 0 0 0 0 0 ...
 $ RaceHorse.IsHit4                 : num  0 0 0 0 0 0 0 1 0 0 ...
 $ RaceHorse.IsHit5                 : num  1 0 0 0 0 0 0 0 0 0 ...
 $ RaceHorse.IsHit6                 : num  0 1 1 1 0 1 1 0 0 0 ...
 $ RaceHorse.IsValidRaceHorse       : logi  TRUE TRUE TRUE TRUE TRUE TRUE ...
 $ RaceHorse.TimeSdv                : num  0.6597 0.0152 0.4961 0.0959 0.6276 ...
 $ RaceHorse.IsHitA                 : num  0 0 0 0 0 0 0 0 0 0 ...
 $ RaceHorse.IsHitB                 : num  0 0 0 0 1 0 0 0 1 1 ...
 $ RaceHorse.IsHitC                 : num  0 0 0 0 1 0 0 0 1 1 ...
 $ Jockey.TimeSdvByRaceAvg          : num  0.4523 0.247 -0.0835 -0.1174 0.5151 ...
 $ Jockey.TimeSdvByRaceMin          : num  -0.977 -1.813 -2.538 -2.944 -2.138 ...
 $ Jockey.TimeSdvByRaceMax          : num  1.72 1.83 1.7 1.77 1.94 ...
 $ Jockey.TimeSdvAvg                : num  0.2695 -0.026 -0.0466 -0.3055 0.3972 ...
 $ Jockey.TimeSdvMin                : num  -1.39 -1.23 -2.88 -3.19 -1.77 ...
 $ Jockey.TimeSdvMax                : num  2.07 1.17 2.45 1.72 2.37 ...
 $ Jockey.OrderOfFinishSdvAvg       : num  0.4827 0.2311 0.0233 -0.2057 0.5179 ...
 $ Jockey.RunCount                  : num  39 19 76 94 107 10 125 16 1 21 ...
 $ Jockey.HitCount1                 : num  5 2 6 4 25 0 22 0 0 2 ...
 $ Jockey.HitCount2                 : num  6 3 5 3 12 1 14 2 0 2 ...
 $ Jockey.HitCount3                 : num  4 3 5 2 13 0 14 1 0 0 ...
 $ Jockey.HitCount4                 : num  4 3 7 9 13 0 14 3 0 0 ...
 $ Jockey.HitCount5                 : num  1 2 9 6 11 0 7 1 0 2 ...
 $ Jockey.HitRate1                  : num  0.1282 0.1053 0.0789 0.0426 0.2336 ...
 $ Jockey.HitRate2                  : num  0.1538 0.1579 0.0658 0.0319 0.1121 ...
 $ Jockey.HitRate3                  : num  0.1026 0.1579 0.0658 0.0213 0.1215 ...
 $ Jockey.HitRate4                  : num  0.1026 0.1579 0.0921 0.0957 0.1215 ...
 $ Jockey.HitRate5                  : num  0.0256 0.1053 0.1184 0.0638 0.1028 ...
 $ EOF                              : int  1 1 1 1 1 1 1 1 1 1 ...
[1] "2022-02-25 20:57:55 --- RxSqlServerData Finish ---"
[1] "2022-02-25 20:57:55 --- subset Start ---"
[1] "--------------------------------------------------------------------------------"
[1] "nrow(data) subset before=14588"
[1] "nrow(data) subset after =14588"
[1] "nrow(data) subset diff =0"
[1] "--------------------------------------------------------------------------------"
[1] "2022-02-25 20:57:55 --- subset Finish---"
[1] "2022-02-25 20:57:55 --- transform Start ---"
[1] "--------------------------------------------------------------------------------"
[1] "nrow(data) transform before=14588"
[1] "nrow(data) transform after=14588"
[1] "nrow(data) transform diff=0"
[1] "--------------------------------------------------------------------------------"
[1] "str(data)="
'data.frame':	14588 obs. of  43 variables:
 $ Race.RaceId                      : Factor w/ 1192 levels "20161002-09-04-08-09",..: 11 12 13 14 15 16 17 18 19 20 ...
 $ Race.IsPredictedRace             : logi  TRUE TRUE TRUE TRUE TRUE TRUE ...
 $ Race.IsAnalyzeNormalPastAndFuture: logi  TRUE TRUE TRUE TRUE TRUE TRUE ...
 $ Race.IsAnalyzeNormalPast         : logi  TRUE TRUE TRUE TRUE TRUE TRUE ...
 $ Race.IsAnalyzeNormalFuture       : logi  FALSE FALSE FALSE FALSE FALSE FALSE ...
 $ Race.IsAnalyzeFullPastAndFuture  : logi  TRUE TRUE TRUE TRUE TRUE TRUE ...
 $ Race.IsAnalyzeFullPast           : logi  TRUE TRUE TRUE TRUE TRUE TRUE ...
 $ Race.IsAnalyzeFullFuture         : logi  FALSE FALSE FALSE FALSE FALSE FALSE ...
 $ Race.JyokenCd                    : Factor w/ 1 level "3": 1 1 1 1 1 1 1 1 1 1 ...
 $ Race.JyoType1Cd                  : Factor w/ 154 levels "1-09-2400-3-1",..: 10 11 12 13 14 15 16 17 18 8 ...
 $ Race.RaceType1Cd                 : Factor w/ 6 levels "1-3-E-3","1-3-E-2",..: 3 4 2 3 2 5 3 1 2 4 ...
 $ RaceHorse.RaceId                 : Factor w/ 1192 levels "20161002-09-04-08-09",..: 11 12 13 14 15 16 17 18 19 20 ...
 $ RaceHorse.KettoNum               : Factor w/ 2982 levels "2011104456","2011105975",..: 11 12 13 14 15 16 17 18 19 20 ...
 $ RaceHorse.IsHit1                 : num  0 0 0 0 0 0 0 0 0 0 ...
 $ RaceHorse.IsHit2                 : num  0 0 0 0 1 0 0 0 1 1 ...
 $ RaceHorse.IsHit3                 : num  0 0 0 0 0 0 0 0 0 0 ...
 $ RaceHorse.IsHit4                 : num  0 0 0 0 0 0 0 1 0 0 ...
 $ RaceHorse.IsHit5                 : num  1 0 0 0 0 0 0 0 0 0 ...
 $ RaceHorse.IsHit6                 : num  0 1 1 1 0 1 1 0 0 0 ...
 $ RaceHorse.IsValidRaceHorse       : logi  TRUE TRUE TRUE TRUE TRUE TRUE ...
 $ RaceHorse.TimeSdv                : num  0.6597 0.0152 0.4961 0.0959 0.6276 ...
 $ RaceHorse.IsHitA                 : num  0 0 0 0 0 0 0 0 0 0 ...
 $ RaceHorse.IsHitB                 : num  0 0 0 0 1 0 0 0 1 1 ...
 $ RaceHorse.IsHitC                 : num  0 0 0 0 1 0 0 0 1 1 ...
 $ Jockey.TimeSdvByRaceAvg          : num  0.4523 0.247 -0.0835 -0.1174 0.5151 ...
 $ Jockey.TimeSdvByRaceMin          : num  -0.977 -1.813 -2.538 -2.944 -2.138 ...
 $ Jockey.TimeSdvByRaceMax          : num  1.72 1.83 1.7 1.77 1.94 ...
 $ Jockey.TimeSdvAvg                : num  0.2695 -0.026 -0.0466 -0.3055 0.3972 ...
 $ Jockey.TimeSdvMin                : num  -1.39 -1.23 -2.88 -3.19 -1.77 ...
 $ Jockey.TimeSdvMax                : num  2.07 1.17 2.45 1.72 2.37 ...
 $ Jockey.OrderOfFinishSdvAvg       : num  0.4827 0.2311 0.0233 -0.2057 0.5179 ...
 $ Jockey.RunCount                  : num  39 19 76 94 107 10 125 16 1 21 ...
 $ Jockey.HitCount1                 : num  5 2 6 4 25 0 22 0 0 2 ...
 $ Jockey.HitCount2                 : num  6 3 5 3 12 1 14 2 0 2 ...
 $ Jockey.HitCount3                 : num  4 3 5 2 13 0 14 1 0 0 ...
 $ Jockey.HitCount4                 : num  4 3 7 9 13 0 14 3 0 0 ...
 $ Jockey.HitCount5                 : num  1 2 9 6 11 0 7 1 0 2 ...
 $ Jockey.HitRate1                  : num  0.1282 0.1053 0.0789 0.0426 0.2336 ...
 $ Jockey.HitRate2                  : num  0.1538 0.1579 0.0658 0.0319 0.1121 ...
 $ Jockey.HitRate3                  : num  0.1026 0.1579 0.0658 0.0213 0.1215 ...
 $ Jockey.HitRate4                  : num  0.1026 0.1579 0.0921 0.0957 0.1215 ...
 $ Jockey.HitRate5                  : num  0.0256 0.1053 0.1184 0.0638 0.1028 ...
 $ EOF                              : int  1 1 1 1 1 1 1 1 1 1 ...
NULL
[1] "2022-02-25 20:57:56 --- transform Finish ---"
[1] "2022-02-25 20:57:56 --- na.omit Start ---"
[1] "--------------------------------------------------------------------------------"
[1] "nrow(data) na.omit before=14588"
[1] "nrow(data) na.omit after =14521"
[1] "nrow(data) na.omit diff =67"
[1] "--------------------------------------------------------------------------------"
'data.frame':	14521 obs. of  43 variables:
 $ Race.RaceId                      : Factor w/ 1192 levels "20161002-09-04-08-09",..: 11 12 13 14 15 16 17 18 19 20 ...
 $ Race.IsPredictedRace             : logi  TRUE TRUE TRUE TRUE TRUE TRUE ...
 $ Race.IsAnalyzeNormalPastAndFuture: logi  TRUE TRUE TRUE TRUE TRUE TRUE ...
 $ Race.IsAnalyzeNormalPast         : logi  TRUE TRUE TRUE TRUE TRUE TRUE ...
 $ Race.IsAnalyzeNormalFuture       : logi  FALSE FALSE FALSE FALSE FALSE FALSE ...
 $ Race.IsAnalyzeFullPastAndFuture  : logi  TRUE TRUE TRUE TRUE TRUE TRUE ...
 $ Race.IsAnalyzeFullPast           : logi  TRUE TRUE TRUE TRUE TRUE TRUE ...
 $ Race.IsAnalyzeFullFuture         : logi  FALSE FALSE FALSE FALSE FALSE FALSE ...
 $ Race.JyokenCd                    : Factor w/ 1 level "3": 1 1 1 1 1 1 1 1 1 1 ...
 $ Race.JyoType1Cd                  : Factor w/ 154 levels "1-09-2400-3-1",..: 10 11 12 13 14 15 16 17 18 8 ...
 $ Race.RaceType1Cd                 : Factor w/ 6 levels "1-3-E-3","1-3-E-2",..: 3 4 2 3 2 5 3 1 2 4 ...
 $ RaceHorse.RaceId                 : Factor w/ 1192 levels "20161002-09-04-08-09",..: 11 12 13 14 15 16 17 18 19 20 ...
 $ RaceHorse.KettoNum               : Factor w/ 2982 levels "2011104456","2011105975",..: 11 12 13 14 15 16 17 18 19 20 ...
 $ RaceHorse.IsHit1                 : num  0 0 0 0 0 0 0 0 0 0 ...
 $ RaceHorse.IsHit2                 : num  0 0 0 0 1 0 0 0 1 1 ...
 $ RaceHorse.IsHit3                 : num  0 0 0 0 0 0 0 0 0 0 ...
 $ RaceHorse.IsHit4                 : num  0 0 0 0 0 0 0 1 0 0 ...
 $ RaceHorse.IsHit5                 : num  1 0 0 0 0 0 0 0 0 0 ...
 $ RaceHorse.IsHit6                 : num  0 1 1 1 0 1 1 0 0 0 ...
 $ RaceHorse.IsValidRaceHorse       : logi  TRUE TRUE TRUE TRUE TRUE TRUE ...
 $ RaceHorse.TimeSdv                : num  0.6597 0.0152 0.4961 0.0959 0.6276 ...
 $ RaceHorse.IsHitA                 : num  0 0 0 0 0 0 0 0 0 0 ...
 $ RaceHorse.IsHitB                 : num  0 0 0 0 1 0 0 0 1 1 ...
 $ RaceHorse.IsHitC                 : num  0 0 0 0 1 0 0 0 1 1 ...
 $ Jockey.TimeSdvByRaceAvg          : num  0.4523 0.247 -0.0835 -0.1174 0.5151 ...
 $ Jockey.TimeSdvByRaceMin          : num  -0.977 -1.813 -2.538 -2.944 -2.138 ...
 $ Jockey.TimeSdvByRaceMax          : num  1.72 1.83 1.7 1.77 1.94 ...
 $ Jockey.TimeSdvAvg                : num  0.2695 -0.026 -0.0466 -0.3055 0.3972 ...
 $ Jockey.TimeSdvMin                : num  -1.39 -1.23 -2.88 -3.19 -1.77 ...
 $ Jockey.TimeSdvMax                : num  2.07 1.17 2.45 1.72 2.37 ...
 $ Jockey.OrderOfFinishSdvAvg       : num  0.4827 0.2311 0.0233 -0.2057 0.5179 ...
 $ Jockey.RunCount                  : num  39 19 76 94 107 10 125 16 1 21 ...
 $ Jockey.HitCount1                 : num  5 2 6 4 25 0 22 0 0 2 ...
 $ Jockey.HitCount2                 : num  6 3 5 3 12 1 14 2 0 2 ...
 $ Jockey.HitCount3                 : num  4 3 5 2 13 0 14 1 0 0 ...
 $ Jockey.HitCount4                 : num  4 3 7 9 13 0 14 3 0 0 ...
 $ Jockey.HitCount5                 : num  1 2 9 6 11 0 7 1 0 2 ...
 $ Jockey.HitRate1                  : num  0.1282 0.1053 0.0789 0.0426 0.2336 ...
 $ Jockey.HitRate2                  : num  0.1538 0.1579 0.0658 0.0319 0.1121 ...
 $ Jockey.HitRate3                  : num  0.1026 0.1579 0.0658 0.0213 0.1215 ...
 $ Jockey.HitRate4                  : num  0.1026 0.1579 0.0921 0.0957 0.1215 ...
 $ Jockey.HitRate5                  : num  0.0256 0.1053 0.1184 0.0638 0.1028 ...
 $ EOF                              : int  1 1 1 1 1 1 1 1 1 1 ...
 - attr(*, "na.action")= 'omit' Named int  164 228 359 374 513 957 1820 2676 2686 2776 ...
  ..- attr(*, "names")= chr  "164" "228" "359" "374" ...
[1] "2022-02-25 20:57:56 --- na.omit Finish ---"
[1] "2022-02-25 20:57:56 --- rxGlm with rxStepControl Start ---"

> print(paste0(Sys.time(), " --- source_logic_glm.R Start ---"))
[1] "2022-02-25 20:57:56 --- source_logic_glm.R Start ---"

> formula <- formula(RaceHorse.IsHitA ~ +1 + Jockey.TimeSdvAvg)

> print(paste0(Sys.time(), " --- source_logic_glm.R Finished ---"))
[1] "2022-02-25 20:57:56 --- source_logic_glm.R Finished ---"
Rows Read: 14521, Total Rows Processed: 14521, Total Chunk Time: Less than .001 seconds 

Starting values (iteration 1) time: 0.008 secs.
Rows Read: 14521, Total Rows Processed: 14521, Total Chunk Time: 0.001 seconds 

Iteration 2 time: 0.006 secs.
Rows Read: 14521, Total Rows Processed: 14521, Total Chunk Time: 0.002 seconds 

Iteration 3 time: 0.004 secs.
Rows Read: 14521, Total Rows Processed: 14521, Total Chunk Time: 0.002 seconds 

Iteration 4 time: 0.005 secs.
Rows Read: 14521, Total Rows Processed: 14521, Total Chunk Time: 0.002 seconds 

Iteration 5 time: 0.005 secs.

Elapsed computation time: 0.044 secs.
Rows Read: 14521, Total Rows Processed: 14521, Total Chunk Time: Less than .001 seconds 

Starting values (iteration 1) time: 0.005 secs.
Rows Read: 14521, Total Rows Processed: 14521, Total Chunk Time: 0.002 seconds 

Iteration 2 time: 0.006 secs.

Elapsed computation time: 0.023 secs.
Rows Read: 14521, Total Rows Processed: 14521, Total Chunk Time: 0.001 seconds 

Starting values (iteration 1) time: 0.008 secs.
Rows Read: 14521, Total Rows Processed: 14521, Total Chunk Time: 0.002 seconds 

Iteration 2 time: 0.006 secs.
Rows Read: 14521, Total Rows Processed: 14521, Total Chunk Time: 0.002 seconds 

Iteration 3 time: 0.004 secs.
Rows Read: 14521, Total Rows Processed: 14521, Total Chunk Time: 0.002 seconds 

Iteration 4 time: 0.005 secs.
Rows Read: 14521, Total Rows Processed: 14521, Total Chunk Time: 0.002 seconds 

Iteration 5 time: 0.010 secs.

Elapsed computation time: 0.061 secs.

Elapsed computation time: 0.153 secs.
[1] "--------------------------------------------------------------------------------"
[1] "analyze.results.glm.step="
Logistic Regression Results for: RaceHorse.IsHitA ~ Jockey.TimeSdvAvg
Data: data
Dependent variable(s): RaceHorse.IsHitA
Total independent variables: 2 
Number of valid observations: 14521
Number of missing observations: 0 
 
Coefficients:
                  RaceHorse.IsHitA
(Intercept)                     -3
Jockey.TimeSdvAvg                1
[1] "analyze.results.glm.step.summary"
Call:
rxLogit(formula = formula, data = data, variableSelection = analyze.results.glm.step.varsel)

Logistic Regression Results for: RaceHorse.IsHitA ~ Jockey.TimeSdvAvg
Data: data
Dependent variable(s): RaceHorse.IsHitA
Total independent variables: 2 
Number of valid observations: 14521
Number of missing observations: 0 
-2*LogLikelihood: 8006.901 (Residual deviance on 14519 degrees of freedom)
 
Coefficients:
                  Estimate Std. Error z value Pr(>|z|)    
(Intercept)        -2.5750     0.0348   -74.0  2.2e-16 ***
Jockey.TimeSdvAvg   1.3184     0.1059    12.4  2.2e-16 ***
---
Signif. codes:  0 '***' 0.001 '**' 0.01 '*' 0.05 '.' 0.1 ' ' 1

Condition number of final variance-covariance matrix: 1 
Number of iterations: 5
[1] "--------------------------------------------------------------------------------"
[1] "2022-02-25 20:57:56 --- rxGlm with rxStepControl Finish ---"
[1] "2022-02-25 20:57:56 --- rxStepPlot Start ---"
[1] "pdfFilename=pdf_analyze_glm_Jockey_Type13_rxStepPlot.pdf"
[1] "rxStepPlot="
[1] "2022-02-25 20:57:56 --- rxStepPlot Finish ---"
[1] "2022-02-25 20:57:56 --- save.image Start ---"
[1] "save.image"
[1] "rdataFilename=RData_analyze_glm_Jockey_Type13.RData"
[1] "2022-02-25 20:57:56 --- save.image Finish ---"
[1] "2022-02-25 20:57:56 --- final Start ---"
[1] "--------------------------------------------------------------------------------"
[1] "nrow(data) final=14521"
[1] "--------------------------------------------------------------------------------"
[1] "2022-02-25 20:57:56 --- final Finish ---"
[1] "2022-02-25 20:57:56 --- analyze_glm.R Finished ---"
[1] "2022-02-25 20:57:57 --- log Finish ---"
