[1] "2022-03-08 19:08:22 --- D1115_analyze_glm_Jockey_IsHitA_Type24 Start ---"
[1] "2022-03-08 19:08:22 --- Log Start ---"
[1] "2022-03-08 19:08:22 --- analyze_glm.R Start ---"
[1] "analyzeVersion=D1115"
[1] "analyzeCategory=analyze"
[1] "analyzeType=Jockey"
[1] "analyzeFamily=IsHitA"
[1] "analyzeFunc=glm"
[1] "analyzeTrackTypeCd=2"
[1] "analyzeJyokenCd=4"
[1] "2022-03-08 19:08:22 --- source_function.R Start ---"
[1] "2022-03-08 19:08:22 --- source_function.R Finished ---"

> print(paste0(Sys.time(), " --- source_library.R Start ---"))
[1] "2022-03-08 19:08:22 --- source_library.R Start ---"

> require("RevoScaleR")

> print(paste0(Sys.time(), " --- source_library.R Finished ---"))
[1] "2022-03-08 19:08:23 --- source_library.R Finished ---"
[1] "2022-03-08 19:08:23 --- RxSqlServerData Start ---"
[1] "2022-03-08 19:08:23 --- RxInSqlServer Start ---"
[1] "2022-03-08 19:08:23 --- RxInSqlServer Finish ---"
[1] "2022-03-08 19:08:23 --- rxSetComputeContext Start ---"
[1] "2022-03-08 19:08:23 --- rxSetComputeContext Finish ---"
[1] "2022-03-08 19:08:23 --- RxSqlServerData Start ---"
[1] "sqlQuery=SELECT * FROM ViewAnalyzeD1115analyze01JockeyType24"
[1] "2022-03-08 19:08:23 --- RxSqlServerData Finish ---"
[1] "2022-03-08 19:08:23 --- rxGetVarInfo Start ---"
[1] "2022-03-08 19:08:23 --- rxGetVarInfo Finish---"
[1] "2022-03-08 19:08:23 --- rxImport Start ---"
Rows Read: 39565, Total Rows Processed: 39565, Total Chunk Time: 2107.359 seconds 
[1] "2022-03-08 20:56:52 --- rxImport Finish ---"
[1] "object.size(data) auto=13.1 Mb"
[1] "--------------------------------------------------------------------------------"
[1] "nrow(data) RxSqlServerData=39565"
[1] "--------------------------------------------------------------------------------"
[1] "str(data)="
'data.frame':	39565 obs. of  47 variables:
 $ Race.RaceId                      : Factor w/ 2833 levels "20170702-03-02-02-08",..: 11 12 13 14 15 16 17 18 19 20 ...
 $ Race.IsAnalyzeNormalPastAndFuture: logi  TRUE TRUE TRUE TRUE TRUE TRUE ...
 $ Race.IsAnalyzeNormalPast         : logi  TRUE TRUE TRUE TRUE TRUE TRUE ...
 $ Race.IsAnalyzeNormalFuture       : logi  FALSE FALSE FALSE FALSE FALSE FALSE ...
 $ Race.IsAnalyzeFullPastAndFuture  : logi  TRUE TRUE TRUE TRUE TRUE TRUE ...
 $ Race.IsAnalyzeFullPast           : logi  TRUE TRUE TRUE TRUE TRUE TRUE ...
 $ Race.IsAnalyzeFullFuture         : logi  FALSE FALSE FALSE FALSE FALSE FALSE ...
 $ Race.JyokenCd                    : Factor w/ 1 level "4": 1 1 1 1 1 1 1 1 1 1 ...
 $ Race.JyoType1Cd                  : Factor w/ 131 levels "24-03-1700-1",..: 7 6 8 6 9 10 3 11 6 6 ...
 $ Race.RaceType1Cd                 : Factor w/ 4 levels "2-4-13","2-4-11",..: 1 1 2 1 1 3 1 1 4 3 ...
 $ RaceHorse.RaceId                 : Factor w/ 2833 levels "20170702-03-02-02-08",..: 11 12 13 14 15 16 17 18 19 20 ...
 $ RaceHorse.KettoNum               : Factor w/ 7978 levels "2014105753","2012105471",..: 11 12 13 14 15 16 17 18 19 20 ...
 $ RaceHorse.IsHit1                 : num  0 0 0 0 0 0 0 0 0 0 ...
 $ RaceHorse.IsHit2                 : num  0 1 0 0 0 0 1 0 0 0 ...
 $ RaceHorse.IsHit3                 : num  0 0 0 0 0 0 0 0 0 0 ...
 $ RaceHorse.IsHit4                 : num  0 0 0 1 0 0 0 0 0 0 ...
 $ RaceHorse.IsHit5                 : num  0 0 0 0 0 0 0 1 0 0 ...
 $ RaceHorse.IsHit6                 : num  1 0 1 0 0 1 0 0 1 1 ...
 $ RaceHorse.IsValidRaceHorse       : logi  FALSE TRUE TRUE TRUE FALSE TRUE ...
 $ RaceHorse.FinishTimeSdvByRace    : num  -1.624 0.803 -0.702 0.729 NA ...
 $ RaceHorse.FirstTimeSdvByRace     : num  1.23 1.24 -1.6 1.5 NA ...
 $ RaceHorse.LastTimeSdvByRace      : num  -1.8538 0.3512 0.0155 0.2668 NA ...
 $ RaceHorse.FinishTimeSdv          : num  -1.669 0.921 0.761 0.813 NA ...
 $ RaceHorse.FirstTimeSdv           : num  0.9447 0.9412 -0.0836 2.2044 NA ...
 $ RaceHorse.LastTimeSdv            : num  -2.883 0.503 1.059 -0.71 NA ...
 $ RaceHorse.IsHitA                 : num  0 0 0 0 0 0 0 0 0 0 ...
 $ RaceHorse.IsHitB                 : num  0 1 0 0 0 0 1 0 0 0 ...
 $ RaceHorse.IsHitC                 : num  0 1 0 0 0 0 1 0 0 0 ...
 $ Jockey.FinishTimeSdvByRaceAvg    : num  0.343 0.342 0.1 0.359 0.342 ...
 $ Jockey.FirstTimeSdvByRaceAvg     : num  0.1773 0.1804 0.0336 0.1761 0.1804 ...
 $ Jockey.LastTimeSdvByRaceAvg      : num  0.2513 0.2485 0.0388 0.2659 0.2486 ...
 $ Jockey.FinishTimeSdvAvg          : num  0.647 0.646 0.282 0.653 0.647 ...
 $ Jockey.FirstTimeSdvAvg           : num  0.483 0.483 0.31 0.478 0.484 ...
 $ Jockey.LastTimeSdvAvg            : num  0.473 0.472 0.129 0.486 0.472 ...
 $ Jockey.RealOddsLog1Avg           : num  2.64 2.65 3.09 2.63 2.65 ...
 $ Jockey.RunCount                  : num  612 614 35 594 616 190 575 589 384 185 ...
 $ Jockey.HitCount1                 : num  67 67 5 66 67 12 66 66 41 12 ...
 $ Jockey.HitCount2                 : num  51 51 2 51 52 20 50 51 41 20 ...
 $ Jockey.HitCount3                 : num  57 57 0 57 57 25 56 57 28 25 ...
 $ Jockey.HitCount4                 : num  47 47 3 46 47 15 42 43 37 14 ...
 $ Jockey.HitCount5                 : num  66 66 3 65 66 18 63 64 24 17 ...
 $ Jockey.HitRate1                  : num  0.109 0.109 0.143 0.111 0.109 ...
 $ Jockey.HitRate2                  : num  0.0833 0.0831 0.0571 0.0859 0.0844 ...
 $ Jockey.HitRate3                  : num  0.0931 0.0928 0 0.096 0.0925 ...
 $ Jockey.HitRate4                  : num  0.0768 0.0765 0.0857 0.0774 0.0763 ...
 $ Jockey.HitRate5                  : num  0.1078 0.1075 0.0857 0.1094 0.1071 ...
 $ EOF                              : int  1 1 1 1 1 1 1 1 1 1 ...
[1] "2022-03-08 20:56:53 --- RxSqlServerData Finish ---"
[1] "2022-03-08 20:56:53 --- subset Start ---"
[1] "--------------------------------------------------------------------------------"
[1] "nrow(data) subset before=39565"
[1] "nrow(data) subset after =39565"
[1] "nrow(data) subset diff =0"
[1] "--------------------------------------------------------------------------------"
[1] "2022-03-08 20:56:53 --- subset Finish---"
[1] "2022-03-08 20:56:53 --- transform Start ---"
[1] "--------------------------------------------------------------------------------"
[1] "nrow(data) transform before=39565"
[1] "nrow(data) transform after=39565"
[1] "nrow(data) transform diff=0"
[1] "--------------------------------------------------------------------------------"
[1] "str(data)="
'data.frame':	39565 obs. of  47 variables:
 $ Race.RaceId                      : Factor w/ 2833 levels "20170702-03-02-02-08",..: 11 12 13 14 15 16 17 18 19 20 ...
 $ Race.IsAnalyzeNormalPastAndFuture: logi  TRUE TRUE TRUE TRUE TRUE TRUE ...
 $ Race.IsAnalyzeNormalPast         : logi  TRUE TRUE TRUE TRUE TRUE TRUE ...
 $ Race.IsAnalyzeNormalFuture       : logi  FALSE FALSE FALSE FALSE FALSE FALSE ...
 $ Race.IsAnalyzeFullPastAndFuture  : logi  TRUE TRUE TRUE TRUE TRUE TRUE ...
 $ Race.IsAnalyzeFullPast           : logi  TRUE TRUE TRUE TRUE TRUE TRUE ...
 $ Race.IsAnalyzeFullFuture         : logi  FALSE FALSE FALSE FALSE FALSE FALSE ...
 $ Race.JyokenCd                    : Factor w/ 1 level "4": 1 1 1 1 1 1 1 1 1 1 ...
 $ Race.JyoType1Cd                  : Factor w/ 131 levels "24-03-1700-1",..: 7 6 8 6 9 10 3 11 6 6 ...
 $ Race.RaceType1Cd                 : Factor w/ 4 levels "2-4-13","2-4-11",..: 1 1 2 1 1 3 1 1 4 3 ...
 $ RaceHorse.RaceId                 : Factor w/ 2833 levels "20170702-03-02-02-08",..: 11 12 13 14 15 16 17 18 19 20 ...
 $ RaceHorse.KettoNum               : Factor w/ 7978 levels "2014105753","2012105471",..: 11 12 13 14 15 16 17 18 19 20 ...
 $ RaceHorse.IsHit1                 : num  0 0 0 0 0 0 0 0 0 0 ...
 $ RaceHorse.IsHit2                 : num  0 1 0 0 0 0 1 0 0 0 ...
 $ RaceHorse.IsHit3                 : num  0 0 0 0 0 0 0 0 0 0 ...
 $ RaceHorse.IsHit4                 : num  0 0 0 1 0 0 0 0 0 0 ...
 $ RaceHorse.IsHit5                 : num  0 0 0 0 0 0 0 1 0 0 ...
 $ RaceHorse.IsHit6                 : num  1 0 1 0 0 1 0 0 1 1 ...
 $ RaceHorse.IsValidRaceHorse       : logi  FALSE TRUE TRUE TRUE FALSE TRUE ...
 $ RaceHorse.FinishTimeSdvByRace    : num  -1.624 0.803 -0.702 0.729 NA ...
 $ RaceHorse.FirstTimeSdvByRace     : num  1.23 1.24 -1.6 1.5 NA ...
 $ RaceHorse.LastTimeSdvByRace      : num  -1.8538 0.3512 0.0155 0.2668 NA ...
 $ RaceHorse.FinishTimeSdv          : num  -1.669 0.921 0.761 0.813 NA ...
 $ RaceHorse.FirstTimeSdv           : num  0.9447 0.9412 -0.0836 2.2044 NA ...
 $ RaceHorse.LastTimeSdv            : num  -2.883 0.503 1.059 -0.71 NA ...
 $ RaceHorse.IsHitA                 : num  0 0 0 0 0 0 0 0 0 0 ...
 $ RaceHorse.IsHitB                 : num  0 1 0 0 0 0 1 0 0 0 ...
 $ RaceHorse.IsHitC                 : num  0 1 0 0 0 0 1 0 0 0 ...
 $ Jockey.FinishTimeSdvByRaceAvg    : num  0.343 0.342 0.1 0.359 0.342 ...
 $ Jockey.FirstTimeSdvByRaceAvg     : num  0.1773 0.1804 0.0336 0.1761 0.1804 ...
 $ Jockey.LastTimeSdvByRaceAvg      : num  0.2513 0.2485 0.0388 0.2659 0.2486 ...
 $ Jockey.FinishTimeSdvAvg          : num  0.647 0.646 0.282 0.653 0.647 ...
 $ Jockey.FirstTimeSdvAvg           : num  0.483 0.483 0.31 0.478 0.484 ...
 $ Jockey.LastTimeSdvAvg            : num  0.473 0.472 0.129 0.486 0.472 ...
 $ Jockey.RealOddsLog1Avg           : num  2.64 2.65 3.09 2.63 2.65 ...
 $ Jockey.RunCount                  : num  612 614 35 594 616 190 575 589 384 185 ...
 $ Jockey.HitCount1                 : num  67 67 5 66 67 12 66 66 41 12 ...
 $ Jockey.HitCount2                 : num  51 51 2 51 52 20 50 51 41 20 ...
 $ Jockey.HitCount3                 : num  57 57 0 57 57 25 56 57 28 25 ...
 $ Jockey.HitCount4                 : num  47 47 3 46 47 15 42 43 37 14 ...
 $ Jockey.HitCount5                 : num  66 66 3 65 66 18 63 64 24 17 ...
 $ Jockey.HitRate1                  : num  0.109 0.109 0.143 0.111 0.109 ...
 $ Jockey.HitRate2                  : num  0.0833 0.0831 0.0571 0.0859 0.0844 ...
 $ Jockey.HitRate3                  : num  0.0931 0.0928 0 0.096 0.0925 ...
 $ Jockey.HitRate4                  : num  0.0768 0.0765 0.0857 0.0774 0.0763 ...
 $ Jockey.HitRate5                  : num  0.1078 0.1075 0.0857 0.1094 0.1071 ...
 $ EOF                              : int  1 1 1 1 1 1 1 1 1 1 ...
NULL
[1] "2022-03-08 20:56:53 --- transform Finish ---"
[1] "2022-03-08 20:56:53 --- na.omit Start ---"
[1] "--------------------------------------------------------------------------------"
[1] "nrow(data) na.omit before=39565"
[1] "nrow(data) na.omit after =39301"
[1] "nrow(data) na.omit diff =264"
[1] "--------------------------------------------------------------------------------"
'data.frame':	39301 obs. of  47 variables:
 $ Race.RaceId                      : Factor w/ 2833 levels "20170702-03-02-02-08",..: 11 12 13 14 16 17 18 19 20 21 ...
 $ Race.IsAnalyzeNormalPastAndFuture: logi  TRUE TRUE TRUE TRUE TRUE TRUE ...
 $ Race.IsAnalyzeNormalPast         : logi  TRUE TRUE TRUE TRUE TRUE TRUE ...
 $ Race.IsAnalyzeNormalFuture       : logi  FALSE FALSE FALSE FALSE FALSE FALSE ...
 $ Race.IsAnalyzeFullPastAndFuture  : logi  TRUE TRUE TRUE TRUE TRUE TRUE ...
 $ Race.IsAnalyzeFullPast           : logi  TRUE TRUE TRUE TRUE TRUE TRUE ...
 $ Race.IsAnalyzeFullFuture         : logi  FALSE FALSE FALSE FALSE FALSE FALSE ...
 $ Race.JyokenCd                    : Factor w/ 1 level "4": 1 1 1 1 1 1 1 1 1 1 ...
 $ Race.JyoType1Cd                  : Factor w/ 131 levels "24-03-1700-1",..: 7 6 8 6 10 3 11 6 6 12 ...
 $ Race.RaceType1Cd                 : Factor w/ 4 levels "2-4-13","2-4-11",..: 1 1 2 1 3 1 1 4 3 4 ...
 $ RaceHorse.RaceId                 : Factor w/ 2833 levels "20170702-03-02-02-08",..: 11 12 13 14 16 17 18 19 20 21 ...
 $ RaceHorse.KettoNum               : Factor w/ 7978 levels "2014105753","2012105471",..: 11 12 13 14 16 17 18 19 20 21 ...
 $ RaceHorse.IsHit1                 : num  0 0 0 0 0 0 0 0 0 0 ...
 $ RaceHorse.IsHit2                 : num  0 1 0 0 0 1 0 0 0 0 ...
 $ RaceHorse.IsHit3                 : num  0 0 0 0 0 0 0 0 0 0 ...
 $ RaceHorse.IsHit4                 : num  0 0 0 1 0 0 0 0 0 0 ...
 $ RaceHorse.IsHit5                 : num  0 0 0 0 0 0 1 0 0 0 ...
 $ RaceHorse.IsHit6                 : num  1 0 1 0 1 0 0 1 1 1 ...
 $ RaceHorse.IsValidRaceHorse       : logi  FALSE TRUE TRUE TRUE TRUE TRUE ...
 $ RaceHorse.FinishTimeSdvByRace    : num  -1.6239 0.8033 -0.7017 0.7292 -0.0869 ...
 $ RaceHorse.FirstTimeSdvByRace     : num  1.23 1.24 -1.6 1.5 -0.5 ...
 $ RaceHorse.LastTimeSdvByRace      : num  -1.8538 0.3512 0.0155 0.2668 0.1372 ...
 $ RaceHorse.FinishTimeSdv          : num  -1.669 0.921 0.761 0.813 0.375 ...
 $ RaceHorse.FirstTimeSdv           : num  0.9447 0.9412 -0.0836 2.2044 0.6224 ...
 $ RaceHorse.LastTimeSdv            : num  -2.8827 0.5033 1.0592 -0.7098 -0.0522 ...
 $ RaceHorse.IsHitA                 : num  0 0 0 0 0 0 0 0 0 0 ...
 $ RaceHorse.IsHitB                 : num  0 1 0 0 0 1 0 0 0 0 ...
 $ RaceHorse.IsHitC                 : num  0 1 0 0 0 1 0 0 0 0 ...
 $ Jockey.FinishTimeSdvByRaceAvg    : num  0.343 0.342 0.1 0.359 0.364 ...
 $ Jockey.FirstTimeSdvByRaceAvg     : num  0.1773 0.1804 0.0336 0.1761 0.1069 ...
 $ Jockey.LastTimeSdvByRaceAvg      : num  0.2513 0.2485 0.0388 0.2659 0.2821 ...
 $ Jockey.FinishTimeSdvAvg          : num  0.647 0.646 0.282 0.653 0.439 ...
 $ Jockey.FirstTimeSdvAvg           : num  0.483 0.483 0.31 0.478 0.292 ...
 $ Jockey.LastTimeSdvAvg            : num  0.473 0.472 0.129 0.486 0.361 ...
 $ Jockey.RealOddsLog1Avg           : num  2.64 2.65 3.09 2.63 2.8 ...
 $ Jockey.RunCount                  : num  612 614 35 594 190 575 589 384 185 386 ...
 $ Jockey.HitCount1                 : num  67 67 5 66 12 66 66 41 12 41 ...
 $ Jockey.HitCount2                 : num  51 51 2 51 20 50 51 41 20 41 ...
 $ Jockey.HitCount3                 : num  57 57 0 57 25 56 57 28 25 28 ...
 $ Jockey.HitCount4                 : num  47 47 3 46 15 42 43 37 14 37 ...
 $ Jockey.HitCount5                 : num  66 66 3 65 18 63 64 24 17 24 ...
 $ Jockey.HitRate1                  : num  0.1095 0.1091 0.1429 0.1111 0.0632 ...
 $ Jockey.HitRate2                  : num  0.0833 0.0831 0.0571 0.0859 0.1053 ...
 $ Jockey.HitRate3                  : num  0.0931 0.0928 0 0.096 0.1316 ...
 $ Jockey.HitRate4                  : num  0.0768 0.0765 0.0857 0.0774 0.0789 ...
 $ Jockey.HitRate5                  : num  0.1078 0.1075 0.0857 0.1094 0.0947 ...
 $ EOF                              : int  1 1 1 1 1 1 1 1 1 1 ...
 - attr(*, "na.action")= 'omit' Named int  5 93 184 317 630 711 1137 1209 1339 1353 ...
  ..- attr(*, "names")= chr  "5" "93" "184" "317" ...
[1] "2022-03-08 20:56:55 --- na.omit Finish ---"
[1] "2022-03-08 20:56:55 --- rxLogit with rxStepControl Start ---"

> print(paste0(Sys.time(), " --- source_logic_glm.R Start ---"))
[1] "2022-03-08 20:56:55 --- source_logic_glm.R Start ---"

> formula <- formula(RaceHorse.IsHitA ~ +1 + Jockey.FinishTimeSdvByRaceAvg)

> print(paste0(Sys.time(), " --- source_logic_glm.R Finished ---"))
[1] "2022-03-08 20:56:55 --- source_logic_glm.R Finished ---"
Rows Read: 39301, Total Rows Processed: 39301, Total Chunk Time: 0.017 seconds 

Starting values (iteration 1) time: 0.329 secs.
Rows Read: 39301, Total Rows Processed: 39301, Total Chunk Time: 0.006 seconds 

Iteration 2 time: 0.015 secs.
Rows Read: 39301, Total Rows Processed: 39301, Total Chunk Time: 0.003 seconds 

Iteration 3 time: 0.007 secs.
Rows Read: 39301, Total Rows Processed: 39301, Total Chunk Time: 0.003 seconds 

Iteration 4 time: 0.007 secs.
Rows Read: 39301, Total Rows Processed: 39301, Total Chunk Time: 0.003 seconds 

Iteration 5 time: 0.006 secs.

Elapsed computation time: 0.389 secs.
Rows Read: 39301, Total Rows Processed: 39301, Total Chunk Time: 0.001 seconds 

Starting values (iteration 1) time: 0.010 secs.
Rows Read: 39301, Total Rows Processed: 39301, Total Chunk Time: 0.003 seconds 

Iteration 2 time: 0.008 secs.

Elapsed computation time: 0.031 secs.
Rows Read: 39301, Total Rows Processed: 39301, Total Chunk Time: 0.002 seconds 

Starting values (iteration 1) time: 0.012 secs.
Rows Read: 39301, Total Rows Processed: 39301, Total Chunk Time: 0.004 seconds 

Iteration 2 time: 0.010 secs.
Rows Read: 39301, Total Rows Processed: 39301, Total Chunk Time: 0.005 seconds 

Iteration 3 time: 0.009 secs.
Rows Read: 39301, Total Rows Processed: 39301, Total Chunk Time: 0.004 seconds 

Iteration 4 time: 0.007 secs.
Rows Read: 39301, Total Rows Processed: 39301, Total Chunk Time: 0.004 seconds 

Iteration 5 time: 0.008 secs.

Elapsed computation time: 0.073 secs.

Elapsed computation time: 0.539 secs.
[1] "--------------------------------------------------------------------------------"
[1] "analyze.results.glm.step="
Logistic Regression Results for: RaceHorse.IsHitA ~
    Jockey.FinishTimeSdvByRaceAvg
Data: data
Dependent variable(s): RaceHorse.IsHitA
Total independent variables: 2 
Number of valid observations: 39301
Number of missing observations: 0 
 
Coefficients:
                              RaceHorse.IsHitA
(Intercept)                                 -3
Jockey.FinishTimeSdvByRaceAvg                2
[1] "analyze.results.glm.step.summary"
Call:
rxLogit(formula = formula, data = data, variableSelection = analyze.results.glm.step.varsel)

Logistic Regression Results for: RaceHorse.IsHitA ~
    Jockey.FinishTimeSdvByRaceAvg
Data: data
Dependent variable(s): RaceHorse.IsHitA
Total independent variables: 2 
Number of valid observations: 39301
Number of missing observations: 0 
-2*LogLikelihood: 19833.896 (Residual deviance on 39299 degrees of freedom)
 
Coefficients:
                              Estimate Std. Error z value Pr(>|z|)    
(Intercept)                    -2.8850     0.0268  -107.8  2.2e-16 ***
Jockey.FinishTimeSdvByRaceAvg   1.8931     0.0856    22.1  2.2e-16 ***
---
Signif. codes:  0 '***' 0.001 '**' 0.01 '*' 0.05 '.' 0.1 ' ' 1

Condition number of final variance-covariance matrix: 1 
Number of iterations: 5
[1] "--------------------------------------------------------------------------------"
[1] "2022-03-08 20:56:56 --- rxLogit with rxStepControl Finish ---"
[1] "2022-03-08 20:56:56 --- rxStepPlot Start ---"
[1] "pdfFilename=pdf_analyze_glm_Jockey_Type24_rxStepPlot.pdf"
[1] "rxStepPlot="
[1] "2022-03-08 20:56:56 --- rxStepPlot Finish ---"
[1] "2022-03-08 20:56:56 --- save.image Start ---"
[1] "save.image"
[1] "rdataFilename=RData_analyze_glm_Jockey_Type24.RData"
[1] "2022-03-08 20:56:57 --- save.image Finish ---"
[1] "2022-03-08 20:56:57 --- final Start ---"
[1] "--------------------------------------------------------------------------------"
[1] "nrow(data) final=39301"
[1] "--------------------------------------------------------------------------------"
[1] "2022-03-08 20:56:57 --- final Finish ---"
[1] "2022-03-08 20:56:57 --- analyze_glm.R Finished ---"
[1] "2022-03-08 20:56:57 --- log Finish ---"
