[1] "2022-02-21 22:16:49 --- D1115_analyze_glm_Odds_IsHitA_Type16 Start ---"
[1] "2022-02-21 22:16:49 --- Log Start ---"
[1] "2022-02-21 22:16:49 --- analyze_glm.R Start ---"
[1] "analyzeVersion=D1115"
[1] "analyzeCategory=analyze"
[1] "analyzeType=Odds"
[1] "analyzeFamily=IsHitA"
[1] "analyzeFunc=glm"
[1] "analyzeTrackTypeCd=1"
[1] "analyzeJyokenCd=6"
[1] "2022-02-21 22:16:49 --- source_function.R Start ---"
[1] "2022-02-21 22:16:49 --- source_function.R Finished ---"

> print(paste0(Sys.time(), " --- source_library.R Start ---"))
[1] "2022-02-21 22:16:49 --- source_library.R Start ---"

> require("RevoScaleR")

> print(paste0(Sys.time(), " --- source_library.R Finished ---"))
[1] "2022-02-21 22:16:51 --- source_library.R Finished ---"
[1] "2022-02-21 22:16:51 --- RxSqlServerData Start ---"
[1] "2022-02-21 22:16:51 --- RxInSqlServer Start ---"
[1] "2022-02-21 22:16:51 --- RxInSqlServer Finish ---"
[1] "2022-02-21 22:16:51 --- rxSetComputeContext Start ---"
[1] "2022-02-21 22:16:51 --- rxSetComputeContext Finish ---"
[1] "2022-02-21 22:16:51 --- RxSqlServerData Start ---"
[1] "sqlQuery=SELECT * FROM ViewAnalyzeD1115analyze01OddsType16"
[1] "2022-02-21 22:16:51 --- RxSqlServerData Finish ---"
[1] "2022-02-21 22:16:51 --- rxGetVarInfo Start ---"
[1] "2022-02-21 22:16:51 --- rxGetVarInfo Finish---"
[1] "2022-02-21 22:16:51 --- rxImport Start ---"
Rows Read: 13379, Total Rows Processed: 13379, Total Chunk Time: 1.210 seconds 
[1] "2022-02-21 22:17:27 --- rxImport Finish ---"
[1] "object.size(data) auto=3 Mb"
[1] "--------------------------------------------------------------------------------"
[1] "nrow(data) RxSqlServerData=13379"
[1] "--------------------------------------------------------------------------------"
[1] "str(data)="
'data.frame':	13379 obs. of  30 variables:
 $ Race.RaceId                      : Factor w/ 992 levels "20160220-10-01-03-05",..: 2 2 2 2 2 2 2 2 2 2 ...
 $ Race.IsPredictedRace             : logi  TRUE TRUE TRUE TRUE TRUE TRUE ...
 $ Race.IsAnalyzeNormalPastAndFuture: logi  TRUE TRUE TRUE TRUE TRUE TRUE ...
 $ Race.IsAnalyzeNormalPast         : logi  TRUE TRUE TRUE TRUE TRUE TRUE ...
 $ Race.IsAnalyzeNormalFuture       : logi  FALSE FALSE FALSE FALSE FALSE FALSE ...
 $ Race.IsAnalyzeFullPastAndFuture  : logi  TRUE TRUE TRUE TRUE TRUE TRUE ...
 $ Race.IsAnalyzeFullPast           : logi  TRUE TRUE TRUE TRUE TRUE TRUE ...
 $ Race.IsAnalyzeFullFuture         : logi  FALSE FALSE FALSE FALSE FALSE FALSE ...
 $ Race.JyokenCd                    : Factor w/ 1 level "6": 1 1 1 1 1 1 1 1 1 1 ...
 $ Race.RaceType1Cd                 : Factor w/ 1 level "1-6-X": 1 1 1 1 1 1 1 1 1 1 ...
 $ RaceHorse.RaceId                 : Factor w/ 992 levels "20160220-10-01-03-05",..: 2 2 2 2 2 2 2 2 2 2 ...
 $ RaceHorse.KettoNum               : Factor w/ 13359 levels "2013109011","2013105469",..: 11 12 13 14 15 16 17 18 19 20 ...
 $ RaceHorse.IsHit1                 : int  0 0 0 0 0 0 0 1 0 0 ...
 $ RaceHorse.IsHit2                 : int  0 0 0 0 0 0 0 0 1 0 ...
 $ RaceHorse.IsHit3                 : int  0 0 0 1 0 0 0 0 0 0 ...
 $ RaceHorse.IsHit4                 : int  0 0 0 0 0 0 0 0 0 0 ...
 $ RaceHorse.IsHit5                 : int  0 0 0 0 1 0 0 0 0 0 ...
 $ RaceHorse.IsHit6                 : int  1 1 1 0 0 1 1 0 0 1 ...
 $ RaceHorse.IsValidRaceHorse       : logi  TRUE TRUE TRUE TRUE TRUE FALSE ...
 $ RaceHorse.IsHitA                 : int  0 0 0 0 0 0 0 1 0 0 ...
 $ RaceHorse.IsHitB                 : int  0 0 0 0 0 0 0 1 1 0 ...
 $ RaceHorse.IsHitC                 : int  0 0 0 1 0 0 0 1 1 0 ...
 $ OddsByWin.Odds1                  : num  52.8 47.3 61.2 9.3 37.6 ...
 $ OddsByWin.Ninki                  : num  9 8 10 3 7 13 12 1 2 5 ...
 $ OddsByWin.OddsLog1               : num  3.99 3.88 4.13 2.33 3.65 ...
 $ OddsByWin.OddsRatio1             : num  0.0193 0.0216 0.0166 0.1205 0.0273 ...
 $ OddsByWin.OddsLogit1             : num  -3.97 -3.86 -4.11 -2.23 -3.63 ...
 $ OddsByWin.ApprovalRate1          : num  0.0189 0.0211 0.0163 0.1075 0.0266 ...
 $ OddsByWin.ApprovalRateLog1       : num  0.0188 0.0209 0.0162 0.1021 0.0262 ...
 $ EOF                              : int  1 1 1 1 1 1 1 1 1 1 ...
[1] "2022-02-21 22:17:28 --- RxSqlServerData Finish ---"
[1] "2022-02-21 22:17:28 --- subset Start ---"
[1] "--------------------------------------------------------------------------------"
[1] "nrow(data) subset before=13379"
[1] "nrow(data) subset after =13379"
[1] "nrow(data) subset diff =0"
[1] "--------------------------------------------------------------------------------"
[1] "2022-02-21 22:17:28 --- subset Finish---"
[1] "2022-02-21 22:17:28 --- transform Start ---"
[1] "--------------------------------------------------------------------------------"
[1] "nrow(data) transform before=13379"
[1] "nrow(data) transform after=13379"
[1] "nrow(data) transform diff=0"
[1] "--------------------------------------------------------------------------------"
[1] "str(data)="
'data.frame':	13379 obs. of  30 variables:
 $ Race.RaceId                      : Factor w/ 992 levels "20160220-10-01-03-05",..: 2 2 2 2 2 2 2 2 2 2 ...
 $ Race.IsPredictedRace             : logi  TRUE TRUE TRUE TRUE TRUE TRUE ...
 $ Race.IsAnalyzeNormalPastAndFuture: logi  TRUE TRUE TRUE TRUE TRUE TRUE ...
 $ Race.IsAnalyzeNormalPast         : logi  TRUE TRUE TRUE TRUE TRUE TRUE ...
 $ Race.IsAnalyzeNormalFuture       : logi  FALSE FALSE FALSE FALSE FALSE FALSE ...
 $ Race.IsAnalyzeFullPastAndFuture  : logi  TRUE TRUE TRUE TRUE TRUE TRUE ...
 $ Race.IsAnalyzeFullPast           : logi  TRUE TRUE TRUE TRUE TRUE TRUE ...
 $ Race.IsAnalyzeFullFuture         : logi  FALSE FALSE FALSE FALSE FALSE FALSE ...
 $ Race.JyokenCd                    : Factor w/ 1 level "6": 1 1 1 1 1 1 1 1 1 1 ...
 $ Race.RaceType1Cd                 : Factor w/ 1 level "1-6-X": 1 1 1 1 1 1 1 1 1 1 ...
 $ RaceHorse.RaceId                 : Factor w/ 992 levels "20160220-10-01-03-05",..: 2 2 2 2 2 2 2 2 2 2 ...
 $ RaceHorse.KettoNum               : Factor w/ 13359 levels "2013109011","2013105469",..: 11 12 13 14 15 16 17 18 19 20 ...
 $ RaceHorse.IsHit1                 : int  0 0 0 0 0 0 0 1 0 0 ...
 $ RaceHorse.IsHit2                 : int  0 0 0 0 0 0 0 0 1 0 ...
 $ RaceHorse.IsHit3                 : int  0 0 0 1 0 0 0 0 0 0 ...
 $ RaceHorse.IsHit4                 : int  0 0 0 0 0 0 0 0 0 0 ...
 $ RaceHorse.IsHit5                 : int  0 0 0 0 1 0 0 0 0 0 ...
 $ RaceHorse.IsHit6                 : int  1 1 1 0 0 1 1 0 0 1 ...
 $ RaceHorse.IsValidRaceHorse       : logi  TRUE TRUE TRUE TRUE TRUE FALSE ...
 $ RaceHorse.IsHitA                 : int  0 0 0 0 0 0 0 1 0 0 ...
 $ RaceHorse.IsHitB                 : int  0 0 0 0 0 0 0 1 1 0 ...
 $ RaceHorse.IsHitC                 : int  0 0 0 1 0 0 0 1 1 0 ...
 $ OddsByWin.Odds1                  : num  52.8 47.3 61.2 9.3 37.6 ...
 $ OddsByWin.Ninki                  : num  9 8 10 3 7 13 12 1 2 5 ...
 $ OddsByWin.OddsLog1               : num  3.99 3.88 4.13 2.33 3.65 ...
 $ OddsByWin.OddsRatio1             : num  0.0193 0.0216 0.0166 0.1205 0.0273 ...
 $ OddsByWin.OddsLogit1             : num  -3.97 -3.86 -4.11 -2.23 -3.63 ...
 $ OddsByWin.ApprovalRate1          : num  0.0189 0.0211 0.0163 0.1075 0.0266 ...
 $ OddsByWin.ApprovalRateLog1       : num  0.0188 0.0209 0.0162 0.1021 0.0262 ...
 $ EOF                              : int  1 1 1 1 1 1 1 1 1 1 ...
NULL
[1] "2022-02-21 22:17:29 --- transform Finish ---"
[1] "2022-02-21 22:17:29 --- na.omit Start ---"
[1] "--------------------------------------------------------------------------------"
[1] "nrow(data) na.omit before=13379"
[1] "nrow(data) na.omit after =13340"
[1] "nrow(data) na.omit diff =39"
[1] "--------------------------------------------------------------------------------"
'data.frame':	13340 obs. of  30 variables:
 $ Race.RaceId                      : Factor w/ 992 levels "20160220-10-01-03-05",..: 2 2 2 2 2 2 2 2 2 2 ...
 $ Race.IsPredictedRace             : logi  TRUE TRUE TRUE TRUE TRUE TRUE ...
 $ Race.IsAnalyzeNormalPastAndFuture: logi  TRUE TRUE TRUE TRUE TRUE TRUE ...
 $ Race.IsAnalyzeNormalPast         : logi  TRUE TRUE TRUE TRUE TRUE TRUE ...
 $ Race.IsAnalyzeNormalFuture       : logi  FALSE FALSE FALSE FALSE FALSE FALSE ...
 $ Race.IsAnalyzeFullPastAndFuture  : logi  TRUE TRUE TRUE TRUE TRUE TRUE ...
 $ Race.IsAnalyzeFullPast           : logi  TRUE TRUE TRUE TRUE TRUE TRUE ...
 $ Race.IsAnalyzeFullFuture         : logi  FALSE FALSE FALSE FALSE FALSE FALSE ...
 $ Race.JyokenCd                    : Factor w/ 1 level "6": 1 1 1 1 1 1 1 1 1 1 ...
 $ Race.RaceType1Cd                 : Factor w/ 1 level "1-6-X": 1 1 1 1 1 1 1 1 1 1 ...
 $ RaceHorse.RaceId                 : Factor w/ 992 levels "20160220-10-01-03-05",..: 2 2 2 2 2 2 2 2 2 2 ...
 $ RaceHorse.KettoNum               : Factor w/ 13359 levels "2013109011","2013105469",..: 11 12 13 14 15 16 17 18 19 20 ...
 $ RaceHorse.IsHit1                 : int  0 0 0 0 0 0 0 1 0 0 ...
 $ RaceHorse.IsHit2                 : int  0 0 0 0 0 0 0 0 1 0 ...
 $ RaceHorse.IsHit3                 : int  0 0 0 1 0 0 0 0 0 0 ...
 $ RaceHorse.IsHit4                 : int  0 0 0 0 0 0 0 0 0 0 ...
 $ RaceHorse.IsHit5                 : int  0 0 0 0 1 0 0 0 0 0 ...
 $ RaceHorse.IsHit6                 : int  1 1 1 0 0 1 1 0 0 1 ...
 $ RaceHorse.IsValidRaceHorse       : logi  TRUE TRUE TRUE TRUE TRUE FALSE ...
 $ RaceHorse.IsHitA                 : int  0 0 0 0 0 0 0 1 0 0 ...
 $ RaceHorse.IsHitB                 : int  0 0 0 0 0 0 0 1 1 0 ...
 $ RaceHorse.IsHitC                 : int  0 0 0 1 0 0 0 1 1 0 ...
 $ OddsByWin.Odds1                  : num  52.8 47.3 61.2 9.3 37.6 ...
 $ OddsByWin.Ninki                  : num  9 8 10 3 7 13 12 1 2 5 ...
 $ OddsByWin.OddsLog1               : num  3.99 3.88 4.13 2.33 3.65 ...
 $ OddsByWin.OddsRatio1             : num  0.0193 0.0216 0.0166 0.1205 0.0273 ...
 $ OddsByWin.OddsLogit1             : num  -3.97 -3.86 -4.11 -2.23 -3.63 ...
 $ OddsByWin.ApprovalRate1          : num  0.0189 0.0211 0.0163 0.1075 0.0266 ...
 $ OddsByWin.ApprovalRateLog1       : num  0.0188 0.0209 0.0162 0.1021 0.0262 ...
 $ EOF                              : int  1 1 1 1 1 1 1 1 1 1 ...
 - attr(*, "na.action")= 'omit' Named int  159 1017 1274 2345 2428 2765 3341 3866 4185 4745 ...
  ..- attr(*, "names")= chr  "159" "1017" "1274" "2345" ...
[1] "2022-02-21 22:17:30 --- na.omit Finish ---"
[1] "2022-02-21 22:17:30 --- rxGlm with rxStepControl Start ---"

> print(paste0(Sys.time(), " --- source_logic_glm.R Start ---"))
[1] "2022-02-21 22:17:30 --- source_logic_glm.R Start ---"

> formula <- formula(RaceHorse.IsHitA ~ +1 + OddsByWin.OddsLogit1)

> print(paste0(Sys.time(), " --- source_logic_glm.R Finished ---"))
[1] "2022-02-21 22:17:30 --- source_logic_glm.R Finished ---"
Rows Read: 13340, Total Rows Processed: 13340, Total Chunk Time: 0.001 seconds 

Starting values (iteration 1) time: 0.031 secs.
Rows Read: 13340, Total Rows Processed: 13340, Total Chunk Time: 0.001 seconds 

Iteration 2 time: 0.016 secs.
Rows Read: 13340, Total Rows Processed: 13340, Total Chunk Time: 0.001 seconds 

Iteration 3 time: 0.014 secs.
Rows Read: 13340, Total Rows Processed: 13340, Total Chunk Time: 0.002 seconds 

Iteration 4 time: 0.011 secs.
Rows Read: 13340, Total Rows Processed: 13340, Total Chunk Time: 0.002 seconds 

Iteration 5 time: 0.014 secs.
Rows Read: 13340, Total Rows Processed: 13340, Total Chunk Time: 0.002 seconds 

Iteration 6 time: 0.006 secs.

Elapsed computation time: 0.190 secs.
Rows Read: 13340, Total Rows Processed: 13340, Total Chunk Time: 0.001 seconds 

Starting values (iteration 1) time: 0.025 secs.
Rows Read: 13340, Total Rows Processed: 13340, Total Chunk Time: Less than .001 seconds 

Iteration 2 time: 0.016 secs.

Elapsed computation time: 0.075 secs.
Rows Read: 13340, Total Rows Processed: 13340, Total Chunk Time: Less than .001 seconds 

Starting values (iteration 1) time: 0.015 secs.
Rows Read: 13340, Total Rows Processed: 13340, Total Chunk Time: 0.002 seconds 

Iteration 2 time: 0.015 secs.
Rows Read: 13340, Total Rows Processed: 13340, Total Chunk Time: 0.002 seconds 

Iteration 3 time: 0.009 secs.
Rows Read: 13340, Total Rows Processed: 13340, Total Chunk Time: 0.001 seconds 

Iteration 4 time: 0.014 secs.
Rows Read: 13340, Total Rows Processed: 13340, Total Chunk Time: 0.002 seconds 

Iteration 5 time: 0.012 secs.
Rows Read: 13340, Total Rows Processed: 13340, Total Chunk Time: 0.002 seconds 

Iteration 6 time: 0.009 secs.

Elapsed computation time: 0.183 secs.

Elapsed computation time: 0.497 secs.
[1] "--------------------------------------------------------------------------------"
[1] "analyze.results.glm.step="
Logistic Regression Results for: RaceHorse.IsHitA ~
    OddsByWin.OddsLogit1
Data: data
Dependent variable(s): RaceHorse.IsHitA
Total independent variables: 2 
Number of valid observations: 13340
Number of missing observations: 0 
 
Coefficients:
                     RaceHorse.IsHitA
(Intercept)                       0.4
OddsByWin.OddsLogit1              1.2
[1] "analyze.results.glm.step.summary"
Call:
rxLogit(formula = formula, data = data, variableSelection = analyze.results.glm.step.varsel)

Logistic Regression Results for: RaceHorse.IsHitA ~
    OddsByWin.OddsLogit1
Data: data
Dependent variable(s): RaceHorse.IsHitA
Total independent variables: 2 
Number of valid observations: 13340
Number of missing observations: 0 
-2*LogLikelihood: 5406.705 (Residual deviance on 13338 degrees of freedom)
 
Coefficients:
                     Estimate Std. Error z value Pr(>|z|)    
(Intercept)            0.3777     0.0751    5.03  5.0e-07 ***
OddsByWin.OddsLogit1   1.1856     0.0365   32.47  2.2e-16 ***
---
Signif. codes:  0 '***' 0.001 '**' 0.01 '*' 0.05 '.' 0.1 ' ' 1

Condition number of final variance-covariance matrix: 1 
Number of iterations: 6
[1] "--------------------------------------------------------------------------------"
[1] "2022-02-21 22:17:31 --- rxGlm with rxStepControl Finish ---"
[1] "2022-02-21 22:17:31 --- rxStepPlot Start ---"
[1] "pdfFilename=pdf_analyze_glm_Odds_Type16_rxStepPlot.pdf"
[1] "rxStepPlot="
[1] "2022-02-21 22:17:31 --- rxStepPlot Finish ---"
[1] "2022-02-21 22:17:31 --- save.image Start ---"
[1] "save.image"
[1] "rdataFilename=RData_analyze_glm_Odds_Type16.RData"
[1] "2022-02-21 22:17:32 --- save.image Finish ---"
[1] "2022-02-21 22:17:32 --- final Start ---"
[1] "--------------------------------------------------------------------------------"
[1] "nrow(data) final=13340"
[1] "--------------------------------------------------------------------------------"
[1] "2022-02-21 22:17:32 --- final Finish ---"
[1] "2022-02-21 22:17:32 --- analyze_glm.R Finished ---"
[1] "2022-02-21 22:17:32 --- log Finish ---"
