[1] "2022-02-25 20:25:43 --- D1115_analyze_glm_Horse_IsHitA_Type15 Start ---"
[1] "2022-02-25 20:25:43 --- Log Start ---"
[1] "2022-02-25 20:25:43 --- analyze_glm.R Start ---"
[1] "analyzeVersion=D1115"
[1] "analyzeCategory=analyze"
[1] "analyzeType=Horse"
[1] "analyzeFamily=IsHitA"
[1] "analyzeFunc=glm"
[1] "analyzeTrackTypeCd=1"
[1] "analyzeJyokenCd=5"
[1] "2022-02-25 20:25:43 --- source_function.R Start ---"
[1] "2022-02-25 20:25:43 --- source_function.R Finished ---"

> print(paste0(Sys.time(), " --- source_library.R Start ---"))
[1] "2022-02-25 20:25:44 --- source_library.R Start ---"

> require("RevoScaleR")

> print(paste0(Sys.time(), " --- source_library.R Finished ---"))
[1] "2022-02-25 20:25:44 --- source_library.R Finished ---"
[1] "2022-02-25 20:25:44 --- RxSqlServerData Start ---"
[1] "2022-02-25 20:25:45 --- RxInSqlServer Start ---"
[1] "2022-02-25 20:25:45 --- RxInSqlServer Finish ---"
[1] "2022-02-25 20:25:45 --- rxSetComputeContext Start ---"
[1] "2022-02-25 20:25:45 --- rxSetComputeContext Finish ---"
[1] "2022-02-25 20:25:45 --- RxSqlServerData Start ---"
[1] "sqlQuery=SELECT * FROM ViewAnalyzeD1115analyze01HorseType15"
[1] "2022-02-25 20:25:45 --- RxSqlServerData Finish ---"
[1] "2022-02-25 20:25:45 --- rxGetVarInfo Start ---"
[1] "2022-02-25 20:25:49 --- rxGetVarInfo Finish---"
[1] "2022-02-25 20:25:49 --- rxImport Start ---"
Rows Read: 35673, Total Rows Processed: 35673, Total Chunk Time: 8.232 seconds 
[1] "2022-02-25 20:26:11 --- rxImport Finish ---"
[1] "object.size(data) auto=12.1 Mb"
[1] "--------------------------------------------------------------------------------"
[1] "nrow(data) RxSqlServerData=35673"
[1] "--------------------------------------------------------------------------------"
[1] "str(data)="
'data.frame':	35673 obs. of  44 variables:
 $ Race.RaceId                      : Factor w/ 2474 levels "20160806-10-02-03-07",..: 2 2 2 2 2 2 2 2 2 2 ...
 $ Race.IsPredictedRace             : logi  TRUE TRUE TRUE TRUE TRUE TRUE ...
 $ Race.IsAnalyzeNormalPastAndFuture: logi  TRUE TRUE TRUE TRUE TRUE TRUE ...
 $ Race.IsAnalyzeNormalPast         : logi  TRUE TRUE TRUE TRUE TRUE TRUE ...
 $ Race.IsAnalyzeNormalFuture       : logi  FALSE FALSE FALSE FALSE FALSE FALSE ...
 $ Race.IsAnalyzeFullPastAndFuture  : logi  TRUE TRUE TRUE TRUE TRUE TRUE ...
 $ Race.IsAnalyzeFullPast           : logi  TRUE TRUE TRUE TRUE TRUE TRUE ...
 $ Race.IsAnalyzeFullFuture         : logi  FALSE FALSE FALSE FALSE FALSE FALSE ...
 $ Race.JyokenCd                    : Factor w/ 1 level "5": 1 1 1 1 1 1 1 1 1 1 ...
 $ Race.JyoType1Cd                  : Factor w/ 175 levels "1-10-1800-5-1",..: 2 2 2 2 2 2 2 2 2 2 ...
 $ Race.RaceType1Cd                 : Factor w/ 3 levels "1-5-X-2","1-5-X-1",..: 1 1 1 1 1 1 1 1 1 1 ...
 $ RaceHorse.RaceId                 : Factor w/ 2474 levels "20160806-10-02-03-07",..: 2 2 2 2 2 2 2 2 2 2 ...
 $ RaceHorse.KettoNum               : Factor w/ 13391 levels "2013100061","2013100620",..: 11 12 13 14 15 16 17 18 19 20 ...
 $ RaceHorse.IsHit1                 : num  0 0 0 0 0 0 0 0 0 0 ...
 $ RaceHorse.IsHit2                 : num  0 0 0 0 0 0 0 0 0 0 ...
 $ RaceHorse.IsHit3                 : num  0 0 0 0 0 0 0 0 0 0 ...
 $ RaceHorse.IsHit4                 : num  0 0 0 0 0 0 1 0 0 0 ...
 $ RaceHorse.IsHit5                 : num  0 0 0 0 0 0 0 0 0 0 ...
 $ RaceHorse.IsHit6                 : num  1 0 1 1 1 1 0 1 1 1 ...
 $ RaceHorse.IsValidRaceHorse       : logi  TRUE FALSE TRUE TRUE TRUE TRUE ...
 $ RaceHorse.TimeSdv                : num  0.143 NA 0.417 0.736 -0.405 ...
 $ RaceHorse.IsHitA                 : num  0 0 0 0 0 0 0 0 0 0 ...
 $ RaceHorse.IsHitB                 : num  0 0 0 0 0 0 0 0 0 0 ...
 $ RaceHorse.IsHitC                 : num  0 0 0 0 0 0 0 0 0 0 ...
 $ Horse.KettoNum                   : Factor w/ 13391 levels "2013100061","2013100620",..: 11 12 13 14 15 16 17 18 19 20 ...
 $ Horse.TimeSdvByRaceAvg           : num  -0.6299 0.2386 -1.0618 -0.0414 -0.3111 ...
 $ Horse.TimeSdvByRaceMin           : num  -2.6814 -0.0728 -1.5362 -0.0414 -1.4786 ...
 $ Horse.TimeSdvByRaceMax           : num  0.9705 0.6385 -0.2046 -0.0414 0.4636 ...
 $ Horse.TimeSdvAvg                 : num  -0.8616 -0.0515 -1.0083 1.5071 -0.1902 ...
 $ Horse.TimeSdvMin                 : num  -1.908 -0.792 -1.578 1.507 -0.796 ...
 $ Horse.TimeSdvMax                 : num  -0.409 0.269 -0.265 1.507 0.861 ...
 $ Horse.OrderOfFinishSdvAvg        : num  -0.54 -0.112 -1.243 -0.535 -0.429 ...
 $ Horse.RunCount                   : num  6 4 4 1 7 3 5 4 1 8 ...
 $ Horse.HitCount1                  : num  0 0 0 0 0 0 0 0 0 0 ...
 $ Horse.HitCount2                  : num  0 0 0 0 0 0 0 1 0 0 ...
 $ Horse.HitCount3                  : num  1 0 0 0 0 0 0 0 0 0 ...
 $ Horse.HitCount4                  : num  0 0 0 0 0 0 0 0 0 0 ...
 $ Horse.HitCount5                  : num  0 0 0 0 0 0 0 1 0 0 ...
 $ Horse.HitRate1                   : num  0 0 0 0 0 0 0 0 0 0 ...
 $ Horse.HitRate2                   : num  0 0 0 0 0 0 0 0.25 0 0 ...
 $ Horse.HitRate3                   : num  0.167 0 0 0 0 ...
 $ Horse.HitRate4                   : num  0 0 0 0 0 0 0 0 0 0 ...
 $ Horse.HitRate5                   : num  0 0 0 0 0 0 0 0.25 0 0 ...
 $ EOF                              : int  1 1 1 1 1 1 1 1 1 1 ...
[1] "2022-02-25 20:26:25 --- RxSqlServerData Finish ---"
[1] "2022-02-25 20:26:25 --- subset Start ---"
[1] "--------------------------------------------------------------------------------"
[1] "nrow(data) subset before=35673"
[1] "nrow(data) subset after =35673"
[1] "nrow(data) subset diff =0"
[1] "--------------------------------------------------------------------------------"
[1] "2022-02-25 20:26:31 --- subset Finish---"
[1] "2022-02-25 20:26:32 --- transform Start ---"
[1] "--------------------------------------------------------------------------------"
[1] "nrow(data) transform before=35673"
[1] "nrow(data) transform after=35673"
[1] "nrow(data) transform diff=0"
[1] "--------------------------------------------------------------------------------"
[1] "str(data)="
'data.frame':	35673 obs. of  44 variables:
 $ Race.RaceId                      : Factor w/ 2474 levels "20160806-10-02-03-07",..: 2 2 2 2 2 2 2 2 2 2 ...
 $ Race.IsPredictedRace             : logi  TRUE TRUE TRUE TRUE TRUE TRUE ...
 $ Race.IsAnalyzeNormalPastAndFuture: logi  TRUE TRUE TRUE TRUE TRUE TRUE ...
 $ Race.IsAnalyzeNormalPast         : logi  TRUE TRUE TRUE TRUE TRUE TRUE ...
 $ Race.IsAnalyzeNormalFuture       : logi  FALSE FALSE FALSE FALSE FALSE FALSE ...
 $ Race.IsAnalyzeFullPastAndFuture  : logi  TRUE TRUE TRUE TRUE TRUE TRUE ...
 $ Race.IsAnalyzeFullPast           : logi  TRUE TRUE TRUE TRUE TRUE TRUE ...
 $ Race.IsAnalyzeFullFuture         : logi  FALSE FALSE FALSE FALSE FALSE FALSE ...
 $ Race.JyokenCd                    : Factor w/ 1 level "5": 1 1 1 1 1 1 1 1 1 1 ...
 $ Race.JyoType1Cd                  : Factor w/ 175 levels "1-10-1800-5-1",..: 2 2 2 2 2 2 2 2 2 2 ...
 $ Race.RaceType1Cd                 : Factor w/ 3 levels "1-5-X-2","1-5-X-1",..: 1 1 1 1 1 1 1 1 1 1 ...
 $ RaceHorse.RaceId                 : Factor w/ 2474 levels "20160806-10-02-03-07",..: 2 2 2 2 2 2 2 2 2 2 ...
 $ RaceHorse.KettoNum               : Factor w/ 13391 levels "2013100061","2013100620",..: 11 12 13 14 15 16 17 18 19 20 ...
 $ RaceHorse.IsHit1                 : num  0 0 0 0 0 0 0 0 0 0 ...
 $ RaceHorse.IsHit2                 : num  0 0 0 0 0 0 0 0 0 0 ...
 $ RaceHorse.IsHit3                 : num  0 0 0 0 0 0 0 0 0 0 ...
 $ RaceHorse.IsHit4                 : num  0 0 0 0 0 0 1 0 0 0 ...
 $ RaceHorse.IsHit5                 : num  0 0 0 0 0 0 0 0 0 0 ...
 $ RaceHorse.IsHit6                 : num  1 0 1 1 1 1 0 1 1 1 ...
 $ RaceHorse.IsValidRaceHorse       : logi  TRUE FALSE TRUE TRUE TRUE TRUE ...
 $ RaceHorse.TimeSdv                : num  0.143 NA 0.417 0.736 -0.405 ...
 $ RaceHorse.IsHitA                 : num  0 0 0 0 0 0 0 0 0 0 ...
 $ RaceHorse.IsHitB                 : num  0 0 0 0 0 0 0 0 0 0 ...
 $ RaceHorse.IsHitC                 : num  0 0 0 0 0 0 0 0 0 0 ...
 $ Horse.KettoNum                   : Factor w/ 13391 levels "2013100061","2013100620",..: 11 12 13 14 15 16 17 18 19 20 ...
 $ Horse.TimeSdvByRaceAvg           : num  -0.6299 0.2386 -1.0618 -0.0414 -0.3111 ...
 $ Horse.TimeSdvByRaceMin           : num  -2.6814 -0.0728 -1.5362 -0.0414 -1.4786 ...
 $ Horse.TimeSdvByRaceMax           : num  0.9705 0.6385 -0.2046 -0.0414 0.4636 ...
 $ Horse.TimeSdvAvg                 : num  -0.8616 -0.0515 -1.0083 1.5071 -0.1902 ...
 $ Horse.TimeSdvMin                 : num  -1.908 -0.792 -1.578 1.507 -0.796 ...
 $ Horse.TimeSdvMax                 : num  -0.409 0.269 -0.265 1.507 0.861 ...
 $ Horse.OrderOfFinishSdvAvg        : num  -0.54 -0.112 -1.243 -0.535 -0.429 ...
 $ Horse.RunCount                   : num  6 4 4 1 7 3 5 4 1 8 ...
 $ Horse.HitCount1                  : num  0 0 0 0 0 0 0 0 0 0 ...
 $ Horse.HitCount2                  : num  0 0 0 0 0 0 0 1 0 0 ...
 $ Horse.HitCount3                  : num  1 0 0 0 0 0 0 0 0 0 ...
 $ Horse.HitCount4                  : num  0 0 0 0 0 0 0 0 0 0 ...
 $ Horse.HitCount5                  : num  0 0 0 0 0 0 0 1 0 0 ...
 $ Horse.HitRate1                   : num  0 0 0 0 0 0 0 0 0 0 ...
 $ Horse.HitRate2                   : num  0 0 0 0 0 0 0 0.25 0 0 ...
 $ Horse.HitRate3                   : num  0.167 0 0 0 0 ...
 $ Horse.HitRate4                   : num  0 0 0 0 0 0 0 0 0 0 ...
 $ Horse.HitRate5                   : num  0 0 0 0 0 0 0 0.25 0 0 ...
 $ EOF                              : int  1 1 1 1 1 1 1 1 1 1 ...
NULL
[1] "2022-02-25 20:32:44 --- transform Finish ---"
[1] "2022-02-25 20:32:44 --- na.omit Start ---"
[1] "--------------------------------------------------------------------------------"
[1] "nrow(data) na.omit before=35673"
[1] "nrow(data) na.omit after =35439"
[1] "nrow(data) na.omit diff =234"
[1] "--------------------------------------------------------------------------------"
'data.frame':	35439 obs. of  44 variables:
 $ Race.RaceId                      : Factor w/ 2474 levels "20160806-10-02-03-07",..: 2 2 2 2 2 2 2 2 2 2 ...
 $ Race.IsPredictedRace             : logi  TRUE TRUE TRUE TRUE TRUE TRUE ...
 $ Race.IsAnalyzeNormalPastAndFuture: logi  TRUE TRUE TRUE TRUE TRUE TRUE ...
 $ Race.IsAnalyzeNormalPast         : logi  TRUE TRUE TRUE TRUE TRUE TRUE ...
 $ Race.IsAnalyzeNormalFuture       : logi  FALSE FALSE FALSE FALSE FALSE FALSE ...
 $ Race.IsAnalyzeFullPastAndFuture  : logi  TRUE TRUE TRUE TRUE TRUE TRUE ...
 $ Race.IsAnalyzeFullPast           : logi  TRUE TRUE TRUE TRUE TRUE TRUE ...
 $ Race.IsAnalyzeFullFuture         : logi  FALSE FALSE FALSE FALSE FALSE FALSE ...
 $ Race.JyokenCd                    : Factor w/ 1 level "5": 1 1 1 1 1 1 1 1 1 1 ...
 $ Race.JyoType1Cd                  : Factor w/ 175 levels "1-10-1800-5-1",..: 2 2 2 2 2 2 2 2 2 2 ...
 $ Race.RaceType1Cd                 : Factor w/ 3 levels "1-5-X-2","1-5-X-1",..: 1 1 1 1 1 1 1 1 1 1 ...
 $ RaceHorse.RaceId                 : Factor w/ 2474 levels "20160806-10-02-03-07",..: 2 2 2 2 2 2 2 2 2 2 ...
 $ RaceHorse.KettoNum               : Factor w/ 13391 levels "2013100061","2013100620",..: 11 13 14 15 16 17 18 19 20 21 ...
 $ RaceHorse.IsHit1                 : num  0 0 0 0 0 0 0 0 0 0 ...
 $ RaceHorse.IsHit2                 : num  0 0 0 0 0 0 0 0 0 0 ...
 $ RaceHorse.IsHit3                 : num  0 0 0 0 0 0 0 0 0 0 ...
 $ RaceHorse.IsHit4                 : num  0 0 0 0 0 1 0 0 0 0 ...
 $ RaceHorse.IsHit5                 : num  0 0 0 0 0 0 0 0 0 0 ...
 $ RaceHorse.IsHit6                 : num  1 1 1 1 1 0 1 1 1 1 ...
 $ RaceHorse.IsValidRaceHorse       : logi  TRUE TRUE TRUE TRUE TRUE TRUE ...
 $ RaceHorse.TimeSdv                : num  0.143 0.417 0.736 -0.405 0.554 ...
 $ RaceHorse.IsHitA                 : num  0 0 0 0 0 0 0 0 0 0 ...
 $ RaceHorse.IsHitB                 : num  0 0 0 0 0 0 0 0 0 0 ...
 $ RaceHorse.IsHitC                 : num  0 0 0 0 0 0 0 0 0 0 ...
 $ Horse.KettoNum                   : Factor w/ 13391 levels "2013100061","2013100620",..: 11 13 14 15 16 17 18 19 20 21 ...
 $ Horse.TimeSdvByRaceAvg           : num  -0.6299 -1.0618 -0.0414 -0.3111 -0.2254 ...
 $ Horse.TimeSdvByRaceMin           : num  -2.6814 -1.5362 -0.0414 -1.4786 -0.5147 ...
 $ Horse.TimeSdvByRaceMax           : num  0.9705 -0.2046 -0.0414 0.4636 0.3259 ...
 $ Horse.TimeSdvAvg                 : num  -0.862 -1.008 1.507 -0.19 -0.287 ...
 $ Horse.TimeSdvMin                 : num  -1.908 -1.578 1.507 -0.796 -0.796 ...
 $ Horse.TimeSdvMax                 : num  -0.409 -0.2651 1.5071 0.8611 -0.0267 ...
 $ Horse.OrderOfFinishSdvAvg        : num  -0.54 -1.243 -0.535 -0.429 -0.758 ...
 $ Horse.RunCount                   : num  6 4 1 7 3 5 4 1 8 2 ...
 $ Horse.HitCount1                  : num  0 0 0 0 0 0 0 0 0 0 ...
 $ Horse.HitCount2                  : num  0 0 0 0 0 0 1 0 0 0 ...
 $ Horse.HitCount3                  : num  1 0 0 0 0 0 0 0 0 0 ...
 $ Horse.HitCount4                  : num  0 0 0 0 0 0 0 0 0 0 ...
 $ Horse.HitCount5                  : num  0 0 0 0 0 0 1 0 0 0 ...
 $ Horse.HitRate1                   : num  0 0 0 0 0 0 0 0 0 0 ...
 $ Horse.HitRate2                   : num  0 0 0 0 0 0 0.25 0 0 0 ...
 $ Horse.HitRate3                   : num  0.167 0 0 0 0 ...
 $ Horse.HitRate4                   : num  0 0 0 0 0 0 0 0 0 0 ...
 $ Horse.HitRate5                   : num  0 0 0 0 0 0 0.25 0 0 0 ...
 $ EOF                              : int  1 1 1 1 1 1 1 1 1 1 ...
 - attr(*, "na.action")= 'omit' Named int  2 29 97 115 135 317 530 640 768 890 ...
  ..- attr(*, "names")= chr  "2" "29" "97" "115" ...
[1] "2022-02-25 20:32:55 --- na.omit Finish ---"
[1] "2022-02-25 20:32:55 --- rxGlm with rxStepControl Start ---"

> print(paste0(Sys.time(), " --- source_logic_glm.R Start ---"))
[1] "2022-02-25 20:32:55 --- source_logic_glm.R Start ---"

> formula <- formula(RaceHorse.IsHitA ~ +1 + Horse.TimeSdvAvg)

> print(paste0(Sys.time(), " --- source_logic_glm.R Finished ---"))
[1] "2022-02-25 20:32:56 --- source_logic_glm.R Finished ---"
Rows Read: 35439, Total Rows Processed: 35439, Total Chunk Time: 0.001 seconds 

Starting values (iteration 1) time: 0.191 secs.
Rows Read: 35439, Total Rows Processed: 35439, Total Chunk Time: 0.004 seconds 

Iteration 2 time: 0.081 secs.
Rows Read: 35439, Total Rows Processed: 35439, Total Chunk Time: 0.003 seconds 

Iteration 3 time: 0.145 secs.
Rows Read: 35439, Total Rows Processed: 35439, Total Chunk Time: 0.003 seconds 

Iteration 4 time: 0.080 secs.
Rows Read: 35439, Total Rows Processed: 35439, Total Chunk Time: 0.003 seconds 

Iteration 5 time: 0.075 secs.

Elapsed computation time: 0.937 secs.
Rows Read: 35439, Total Rows Processed: 35439, Total Chunk Time: 0.001 seconds 

Starting values (iteration 1) time: 0.069 secs.
Rows Read: 35439, Total Rows Processed: 35439, Total Chunk Time: 0.002 seconds 

Iteration 2 time: 0.093 secs.

Elapsed computation time: 0.330 secs.
Rows Read: 35439, Total Rows Processed: 35439, Total Chunk Time: 0.002 seconds 

Starting values (iteration 1) time: 0.068 secs.
Rows Read: 35439, Total Rows Processed: 35439, Total Chunk Time: 0.003 seconds 

Iteration 2 time: 0.082 secs.
Rows Read: 35439, Total Rows Processed: 35439, Total Chunk Time: 0.004 seconds 

Iteration 3 time: 0.104 secs.
Rows Read: 35439, Total Rows Processed: 35439, Total Chunk Time: 0.004 seconds 

Iteration 4 time: 0.109 secs.
Rows Read: 35439, Total Rows Processed: 35439, Total Chunk Time: 0.003 seconds 

Iteration 5 time: 0.089 secs.

Elapsed computation time: 0.933 secs.

Elapsed computation time: 2.515 secs.
[1] "--------------------------------------------------------------------------------"
[1] "analyze.results.glm.step="
Logistic Regression Results for: RaceHorse.IsHitA ~ Horse.TimeSdvAvg
Data: data
Dependent variable(s): RaceHorse.IsHitA
Total independent variables: 2 
Number of valid observations: 35439
Number of missing observations: 0 
 
Coefficients:
                 RaceHorse.IsHitA
(Intercept)                    -3
Horse.TimeSdvAvg                1
[1] "analyze.results.glm.step.summary"
Call:
rxLogit(formula = formula, data = data, variableSelection = analyze.results.glm.step.varsel)

Logistic Regression Results for: RaceHorse.IsHitA ~ Horse.TimeSdvAvg
Data: data
Dependent variable(s): RaceHorse.IsHitA
Total independent variables: 2 
Number of valid observations: 35439
Number of missing observations: 0 
-2*LogLikelihood: 16296.175 (Residual deviance on 35437 degrees of freedom)
 
Coefficients:
                 Estimate Std. Error z value Pr(>|z|)    
(Intercept)       -3.0108     0.0284    -106  2.2e-16 ***
Horse.TimeSdvAvg   1.3205     0.0377      35  2.2e-16 ***
---
Signif. codes:  0 '***' 0.001 '**' 0.01 '*' 0.05 '.' 0.1 ' ' 1

Condition number of final variance-covariance matrix: 1 
Number of iterations: 5
[1] "--------------------------------------------------------------------------------"
[1] "2022-02-25 20:33:02 --- rxGlm with rxStepControl Finish ---"
[1] "2022-02-25 20:33:02 --- rxStepPlot Start ---"
[1] "pdfFilename=pdf_analyze_glm_Horse_Type15_rxStepPlot.pdf"
[1] "rxStepPlot="
[1] "2022-02-25 20:33:02 --- rxStepPlot Finish ---"
[1] "2022-02-25 20:33:02 --- save.image Start ---"
[1] "save.image"
[1] "rdataFilename=RData_analyze_glm_Horse_Type15.RData"
[1] "2022-02-25 20:33:03 --- save.image Finish ---"
[1] "2022-02-25 20:33:03 --- final Start ---"
[1] "--------------------------------------------------------------------------------"
[1] "nrow(data) final=35439"
[1] "--------------------------------------------------------------------------------"
[1] "2022-02-25 20:33:04 --- final Finish ---"
[1] "2022-02-25 20:33:04 --- analyze_glm.R Finished ---"
[1] "2022-02-25 20:33:04 --- log Finish ---"
