[1] "2022-02-26 17:57:18 --- D1115_analyze_glm_Gen02_IsHitA_Type11 Start ---"
[1] "2022-02-26 17:57:19 --- Log Start ---"
[1] "2022-02-26 17:57:19 --- analyze_glm.R Start ---"
[1] "analyzeVersion=D1115"
[1] "analyzeCategory=analyze"
[1] "analyzeType=Gen02"
[1] "analyzeFamily=IsHitA"
[1] "analyzeFunc=glm"
[1] "analyzeTrackTypeCd=1"
[1] "analyzeJyokenCd=1"
[1] "2022-02-26 17:57:20 --- source_function.R Start ---"
[1] "2022-02-26 17:57:21 --- source_function.R Finished ---"

> print(paste0(Sys.time(), " --- source_library.R Start ---"))
[1] "2022-02-26 17:57:21 --- source_library.R Start ---"

> require("RevoScaleR")

> print(paste0(Sys.time(), " --- source_library.R Finished ---"))
[1] "2022-02-26 17:57:22 --- source_library.R Finished ---"
[1] "2022-02-26 17:57:22 --- RxSqlServerData Start ---"
[1] "2022-02-26 17:57:22 --- RxInSqlServer Start ---"
[1] "2022-02-26 17:57:23 --- RxInSqlServer Finish ---"
[1] "2022-02-26 17:57:24 --- rxSetComputeContext Start ---"
[1] "2022-02-26 17:57:26 --- rxSetComputeContext Finish ---"
[1] "2022-02-26 17:57:26 --- RxSqlServerData Start ---"
[1] "sqlQuery=SELECT * FROM ViewAnalyzeD1115analyze01Gen02Type11"
[1] "2022-02-26 17:57:26 --- RxSqlServerData Finish ---"
[1] "2022-02-26 17:57:28 --- rxGetVarInfo Start ---"
[1] "2022-02-26 17:57:33 --- rxGetVarInfo Finish---"
[1] "2022-02-26 17:57:36 --- rxImport Start ---"
Rows Read: 7565, Total Rows Processed: 7565, Total Chunk Time: 126.358 seconds 
[1] "2022-02-26 18:02:30 --- rxImport Finish ---"
[1] "object.size(data) auto=2.4 Mb"
[1] "--------------------------------------------------------------------------------"
[1] "nrow(data) RxSqlServerData=7565"
[1] "--------------------------------------------------------------------------------"
[1] "str(data)="
'data.frame':	7565 obs. of  44 variables:
 $ Race.RaceId                      : Factor w/ 890 levels "20170105-06-01-01-09",..: 1 2 5 3 4 10 11 12 2 13 ...
 $ Race.IsAnalyzeNormalPastAndFuture: logi  TRUE TRUE TRUE TRUE TRUE TRUE ...
 $ Race.IsAnalyzeNormalPast         : logi  TRUE TRUE TRUE TRUE TRUE TRUE ...
 $ Race.IsAnalyzeNormalFuture       : logi  FALSE FALSE FALSE FALSE FALSE FALSE ...
 $ Race.IsAnalyzeFullPastAndFuture  : logi  TRUE TRUE TRUE TRUE TRUE TRUE ...
 $ Race.IsAnalyzeFullPast           : logi  TRUE TRUE TRUE TRUE TRUE TRUE ...
 $ Race.IsAnalyzeFullFuture         : logi  FALSE FALSE FALSE FALSE FALSE FALSE ...
 $ Race.JyokenCd                    : Factor w/ 1 level "1": 1 1 1 1 1 1 1 1 1 1 ...
 $ Race.JyoType1Cd                  : Factor w/ 139 levels "1-06-1600-1-1",..: 1 2 5 3 4 9 9 10 2 11 ...
 $ Race.RaceType1Cd                 : Factor w/ 16 levels "1-1-E-1","1-1-B-3",..: 1 2 2 3 4 1 4 4 2 4 ...
 $ RaceHorse.RaceId                 : Factor w/ 890 levels "20170105-06-01-01-09",..: 1 2 5 3 4 10 11 12 2 13 ...
 $ RaceHorse.KettoNum               : Factor w/ 1644 levels "2014103950","2010100791",..: 1 2 2 2 3 5 5 6 4 5 ...
 $ RaceHorse.IsHit1                 : num  0 0 0 0 0 0 0 0 0 0 ...
 $ RaceHorse.IsHit2                 : num  0 0 0 0 0 0 0 0 0 0 ...
 $ RaceHorse.IsHit3                 : num  0 0 0 0 1 0 0 0 0 1 ...
 $ RaceHorse.IsHit4                 : num  0 0 0 0 0 0 0 0 0 0 ...
 $ RaceHorse.IsHit5                 : num  0 0 0 0 0 1 0 1 0 0 ...
 $ RaceHorse.IsHit6                 : num  1 1 1 1 0 0 1 0 1 0 ...
 $ RaceHorse.IsValidRaceHorse       : logi  TRUE TRUE TRUE TRUE TRUE TRUE ...
 $ RaceHorse.TimeSdvByRace          : num  -0.881 -0.14 0.217 -0.108 1.161 ...
 $ RaceHorse.TimeSdv                : num  -0.706 -1.062 -0.394 0.281 -0.789 ...
 $ RaceHorse.IsHitA                 : num  0 0 0 0 0 0 0 0 0 0 ...
 $ RaceHorse.IsHitB                 : num  0 0 0 0 0 0 0 0 0 0 ...
 $ RaceHorse.IsHitC                 : num  0 0 0 0 1 0 0 0 0 1 ...
 $ Gen02.HansyokuNum                : Factor w/ 229 levels "11201942","11201953",..: 1 2 2 2 2 3 3 3 3 3 ...
 $ Gen02.TimeSdvByRaceAvg           : num  -0.358 0.356 0.402 1.01 0.659 ...
 $ Gen02.TimeSdvByRaceMin           : num  -0.896 -0.538 -0.538 1.01 -0.39 ...
 $ Gen02.TimeSdvByRaceMax           : num  0.18 1.16 1.16 1.01 1.97 ...
 $ Gen02.TimeSdvAvg                 : num  -1.7478 0.0183 0.1556 0.2517 0.5324 ...
 $ Gen02.TimeSdvMin                 : num  -1.866 -0.683 -0.683 0.252 -0.545 ...
 $ Gen02.TimeSdvMax                 : num  -1.63 0.586 0.586 0.252 1.482 ...
 $ Gen02.OrderOfFinishSdvAvg        : num  -0.2092 0.1357 0.0439 1.2676 0.4285 ...
 $ Gen02.RunCount                   : num  2 4 3 1 8 14 7 1 13 6 ...
 $ Gen02.HitCount1                  : num  0 0 0 0 2 3 0 0 0 0 ...
 $ Gen02.HitCount2                  : num  0 0 0 1 0 0 0 0 0 0 ...
 $ Gen02.HitCount3                  : num  0 1 1 0 0 1 1 0 0 0 ...
 $ Gen02.HitCount4                  : num  0 0 0 0 0 0 1 0 0 1 ...
 $ Gen02.HitCount5                  : num  0 0 0 0 1 1 0 0 0 0 ...
 $ Gen02.HitRate1                   : num  0 0 0 0 0.25 ...
 $ Gen02.HitRate2                   : num  0 0 0 1 0 0 0 0 0 0 ...
 $ Gen02.HitRate3                   : num  0 0.25 0.333 0 0 ...
 $ Gen02.HitRate4                   : num  0 0 0 0 0 ...
 $ Gen02.HitRate5                   : num  0 0 0 0 0.125 ...
 $ EOF                              : int  1 1 1 1 1 1 1 1 1 1 ...
[1] "2022-02-26 18:02:41 --- RxSqlServerData Finish ---"
[1] "2022-02-26 18:02:41 --- subset Start ---"
[1] "--------------------------------------------------------------------------------"
[1] "nrow(data) subset before=7565"
[1] "nrow(data) subset after =7565"
[1] "nrow(data) subset diff =0"
[1] "--------------------------------------------------------------------------------"
[1] "2022-02-26 18:02:42 --- subset Finish---"
[1] "2022-02-26 18:02:42 --- transform Start ---"
[1] "--------------------------------------------------------------------------------"
[1] "nrow(data) transform before=7565"
[1] "nrow(data) transform after=7565"
[1] "nrow(data) transform diff=0"
[1] "--------------------------------------------------------------------------------"
[1] "str(data)="
'data.frame':	7565 obs. of  44 variables:
 $ Race.RaceId                      : Factor w/ 890 levels "20170105-06-01-01-09",..: 1 2 5 3 4 10 11 12 2 13 ...
 $ Race.IsAnalyzeNormalPastAndFuture: logi  TRUE TRUE TRUE TRUE TRUE TRUE ...
 $ Race.IsAnalyzeNormalPast         : logi  TRUE TRUE TRUE TRUE TRUE TRUE ...
 $ Race.IsAnalyzeNormalFuture       : logi  FALSE FALSE FALSE FALSE FALSE FALSE ...
 $ Race.IsAnalyzeFullPastAndFuture  : logi  TRUE TRUE TRUE TRUE TRUE TRUE ...
 $ Race.IsAnalyzeFullPast           : logi  TRUE TRUE TRUE TRUE TRUE TRUE ...
 $ Race.IsAnalyzeFullFuture         : logi  FALSE FALSE FALSE FALSE FALSE FALSE ...
 $ Race.JyokenCd                    : Factor w/ 1 level "1": 1 1 1 1 1 1 1 1 1 1 ...
 $ Race.JyoType1Cd                  : Factor w/ 139 levels "1-06-1600-1-1",..: 1 2 5 3 4 9 9 10 2 11 ...
 $ Race.RaceType1Cd                 : Factor w/ 16 levels "1-1-E-1","1-1-B-3",..: 1 2 2 3 4 1 4 4 2 4 ...
 $ RaceHorse.RaceId                 : Factor w/ 890 levels "20170105-06-01-01-09",..: 1 2 5 3 4 10 11 12 2 13 ...
 $ RaceHorse.KettoNum               : Factor w/ 1644 levels "2014103950","2010100791",..: 1 2 2 2 3 5 5 6 4 5 ...
 $ RaceHorse.IsHit1                 : num  0 0 0 0 0 0 0 0 0 0 ...
 $ RaceHorse.IsHit2                 : num  0 0 0 0 0 0 0 0 0 0 ...
 $ RaceHorse.IsHit3                 : num  0 0 0 0 1 0 0 0 0 1 ...
 $ RaceHorse.IsHit4                 : num  0 0 0 0 0 0 0 0 0 0 ...
 $ RaceHorse.IsHit5                 : num  0 0 0 0 0 1 0 1 0 0 ...
 $ RaceHorse.IsHit6                 : num  1 1 1 1 0 0 1 0 1 0 ...
 $ RaceHorse.IsValidRaceHorse       : logi  TRUE TRUE TRUE TRUE TRUE TRUE ...
 $ RaceHorse.TimeSdvByRace          : num  -0.881 -0.14 0.217 -0.108 1.161 ...
 $ RaceHorse.TimeSdv                : num  -0.706 -1.062 -0.394 0.281 -0.789 ...
 $ RaceHorse.IsHitA                 : num  0 0 0 0 0 0 0 0 0 0 ...
 $ RaceHorse.IsHitB                 : num  0 0 0 0 0 0 0 0 0 0 ...
 $ RaceHorse.IsHitC                 : num  0 0 0 0 1 0 0 0 0 1 ...
 $ Gen02.HansyokuNum                : Factor w/ 229 levels "11201942","11201953",..: 1 2 2 2 2 3 3 3 3 3 ...
 $ Gen02.TimeSdvByRaceAvg           : num  -0.358 0.356 0.402 1.01 0.659 ...
 $ Gen02.TimeSdvByRaceMin           : num  -0.896 -0.538 -0.538 1.01 -0.39 ...
 $ Gen02.TimeSdvByRaceMax           : num  0.18 1.16 1.16 1.01 1.97 ...
 $ Gen02.TimeSdvAvg                 : num  -1.7478 0.0183 0.1556 0.2517 0.5324 ...
 $ Gen02.TimeSdvMin                 : num  -1.866 -0.683 -0.683 0.252 -0.545 ...
 $ Gen02.TimeSdvMax                 : num  -1.63 0.586 0.586 0.252 1.482 ...
 $ Gen02.OrderOfFinishSdvAvg        : num  -0.2092 0.1357 0.0439 1.2676 0.4285 ...
 $ Gen02.RunCount                   : num  2 4 3 1 8 14 7 1 13 6 ...
 $ Gen02.HitCount1                  : num  0 0 0 0 2 3 0 0 0 0 ...
 $ Gen02.HitCount2                  : num  0 0 0 1 0 0 0 0 0 0 ...
 $ Gen02.HitCount3                  : num  0 1 1 0 0 1 1 0 0 0 ...
 $ Gen02.HitCount4                  : num  0 0 0 0 0 0 1 0 0 1 ...
 $ Gen02.HitCount5                  : num  0 0 0 0 1 1 0 0 0 0 ...
 $ Gen02.HitRate1                   : num  0 0 0 0 0.25 ...
 $ Gen02.HitRate2                   : num  0 0 0 1 0 0 0 0 0 0 ...
 $ Gen02.HitRate3                   : num  0 0.25 0.333 0 0 ...
 $ Gen02.HitRate4                   : num  0 0 0 0 0 ...
 $ Gen02.HitRate5                   : num  0 0 0 0 0.125 ...
 $ EOF                              : int  1 1 1 1 1 1 1 1 1 1 ...
NULL
[1] "2022-02-26 18:02:54 --- transform Finish ---"
[1] "2022-02-26 18:02:54 --- na.omit Start ---"
[1] "--------------------------------------------------------------------------------"
[1] "nrow(data) na.omit before=7565"
[1] "nrow(data) na.omit after =7520"
[1] "nrow(data) na.omit diff =45"
[1] "--------------------------------------------------------------------------------"
'data.frame':	7520 obs. of  44 variables:
 $ Race.RaceId                      : Factor w/ 890 levels "20170105-06-01-01-09",..: 1 2 5 3 4 10 11 12 2 13 ...
 $ Race.IsAnalyzeNormalPastAndFuture: logi  TRUE TRUE TRUE TRUE TRUE TRUE ...
 $ Race.IsAnalyzeNormalPast         : logi  TRUE TRUE TRUE TRUE TRUE TRUE ...
 $ Race.IsAnalyzeNormalFuture       : logi  FALSE FALSE FALSE FALSE FALSE FALSE ...
 $ Race.IsAnalyzeFullPastAndFuture  : logi  TRUE TRUE TRUE TRUE TRUE TRUE ...
 $ Race.IsAnalyzeFullPast           : logi  TRUE TRUE TRUE TRUE TRUE TRUE ...
 $ Race.IsAnalyzeFullFuture         : logi  FALSE FALSE FALSE FALSE FALSE FALSE ...
 $ Race.JyokenCd                    : Factor w/ 1 level "1": 1 1 1 1 1 1 1 1 1 1 ...
 $ Race.JyoType1Cd                  : Factor w/ 139 levels "1-06-1600-1-1",..: 1 2 5 3 4 9 9 10 2 11 ...
 $ Race.RaceType1Cd                 : Factor w/ 16 levels "1-1-E-1","1-1-B-3",..: 1 2 2 3 4 1 4 4 2 4 ...
 $ RaceHorse.RaceId                 : Factor w/ 890 levels "20170105-06-01-01-09",..: 1 2 5 3 4 10 11 12 2 13 ...
 $ RaceHorse.KettoNum               : Factor w/ 1644 levels "2014103950","2010100791",..: 1 2 2 2 3 5 5 6 4 5 ...
 $ RaceHorse.IsHit1                 : num  0 0 0 0 0 0 0 0 0 0 ...
 $ RaceHorse.IsHit2                 : num  0 0 0 0 0 0 0 0 0 0 ...
 $ RaceHorse.IsHit3                 : num  0 0 0 0 1 0 0 0 0 1 ...
 $ RaceHorse.IsHit4                 : num  0 0 0 0 0 0 0 0 0 0 ...
 $ RaceHorse.IsHit5                 : num  0 0 0 0 0 1 0 1 0 0 ...
 $ RaceHorse.IsHit6                 : num  1 1 1 1 0 0 1 0 1 0 ...
 $ RaceHorse.IsValidRaceHorse       : logi  TRUE TRUE TRUE TRUE TRUE TRUE ...
 $ RaceHorse.TimeSdvByRace          : num  -0.881 -0.14 0.217 -0.108 1.161 ...
 $ RaceHorse.TimeSdv                : num  -0.706 -1.062 -0.394 0.281 -0.789 ...
 $ RaceHorse.IsHitA                 : num  0 0 0 0 0 0 0 0 0 0 ...
 $ RaceHorse.IsHitB                 : num  0 0 0 0 0 0 0 0 0 0 ...
 $ RaceHorse.IsHitC                 : num  0 0 0 0 1 0 0 0 0 1 ...
 $ Gen02.HansyokuNum                : Factor w/ 229 levels "11201942","11201953",..: 1 2 2 2 2 3 3 3 3 3 ...
 $ Gen02.TimeSdvByRaceAvg           : num  -0.358 0.356 0.402 1.01 0.659 ...
 $ Gen02.TimeSdvByRaceMin           : num  -0.896 -0.538 -0.538 1.01 -0.39 ...
 $ Gen02.TimeSdvByRaceMax           : num  0.18 1.16 1.16 1.01 1.97 ...
 $ Gen02.TimeSdvAvg                 : num  -1.7478 0.0183 0.1556 0.2517 0.5324 ...
 $ Gen02.TimeSdvMin                 : num  -1.866 -0.683 -0.683 0.252 -0.545 ...
 $ Gen02.TimeSdvMax                 : num  -1.63 0.586 0.586 0.252 1.482 ...
 $ Gen02.OrderOfFinishSdvAvg        : num  -0.2092 0.1357 0.0439 1.2676 0.4285 ...
 $ Gen02.RunCount                   : num  2 4 3 1 8 14 7 1 13 6 ...
 $ Gen02.HitCount1                  : num  0 0 0 0 2 3 0 0 0 0 ...
 $ Gen02.HitCount2                  : num  0 0 0 1 0 0 0 0 0 0 ...
 $ Gen02.HitCount3                  : num  0 1 1 0 0 1 1 0 0 0 ...
 $ Gen02.HitCount4                  : num  0 0 0 0 0 0 1 0 0 1 ...
 $ Gen02.HitCount5                  : num  0 0 0 0 1 1 0 0 0 0 ...
 $ Gen02.HitRate1                   : num  0 0 0 0 0.25 ...
 $ Gen02.HitRate2                   : num  0 0 0 1 0 0 0 0 0 0 ...
 $ Gen02.HitRate3                   : num  0 0.25 0.333 0 0 ...
 $ Gen02.HitRate4                   : num  0 0 0 0 0 ...
 $ Gen02.HitRate5                   : num  0 0 0 0 0.125 ...
 $ EOF                              : int  1 1 1 1 1 1 1 1 1 1 ...
 - attr(*, "na.action")= 'omit' Named int  259 365 523 771 888 1025 1189 1390 1827 2229 ...
  ..- attr(*, "names")= chr  "259" "365" "523" "771" ...
[1] "2022-02-26 18:03:11 --- na.omit Finish ---"
[1] "2022-02-26 18:03:12 --- rxGlm with rxStepControl Start ---"

> print(paste0(Sys.time(), " --- source_logic_glm.R Start ---"))
[1] "2022-02-26 18:03:12 --- source_logic_glm.R Start ---"

> formula <- formula(RaceHorse.IsHitA ~ +1 + Gen02.TimeSdvByRaceAvg)

> print(paste0(Sys.time(), " --- source_logic_glm.R Finished ---"))
[1] "2022-02-26 18:03:13 --- source_logic_glm.R Finished ---"
Rows Read: 7520, Total Rows Processed: 7520, Total Chunk Time: Less than .001 seconds 

Starting values (iteration 1) time: 0.020 secs.
Rows Read: 7520, Total Rows Processed: 7520, Total Chunk Time: Less than .001 seconds 

Iteration 2 time: 0.008 secs.
Rows Read: 7520, Total Rows Processed: 7520, Total Chunk Time: Less than .001 seconds 

Iteration 3 time: 0.005 secs.
Rows Read: 7520, Total Rows Processed: 7520, Total Chunk Time: Less than .001 seconds 

Iteration 4 time: 0.005 secs.
Rows Read: 7520, Total Rows Processed: 7520, Total Chunk Time: 0.002 seconds 

Iteration 5 time: 0.004 secs.

Elapsed computation time: 0.069 secs.
Rows Read: 7520, Total Rows Processed: 7520, Total Chunk Time: 0.001 seconds 

Starting values (iteration 1) time: 0.006 secs.
Rows Read: 7520, Total Rows Processed: 7520, Total Chunk Time: 0.002 seconds 

Iteration 2 time: 0.008 secs.

Elapsed computation time: 0.027 secs.
Rows Read: 7520, Total Rows Processed: 7520, Total Chunk Time: 0.001 seconds 

Starting values (iteration 1) time: 0.005 secs.
Rows Read: 7520, Total Rows Processed: 7520, Total Chunk Time: 0.002 seconds 

Iteration 2 time: 0.006 secs.
Rows Read: 7520, Total Rows Processed: 7520, Total Chunk Time: 0.002 seconds 

Iteration 3 time: 0.005 secs.
Rows Read: 7520, Total Rows Processed: 7520, Total Chunk Time: 0.002 seconds 

Iteration 4 time: 0.007 secs.
Rows Read: 7520, Total Rows Processed: 7520, Total Chunk Time: 0.001 seconds 

Iteration 5 time: 0.005 secs.

Elapsed computation time: 0.059 secs.

Elapsed computation time: 0.173 secs.
[1] "--------------------------------------------------------------------------------"
[1] "analyze.results.glm.step="
Logistic Regression Results for: RaceHorse.IsHitA ~
    Gen02.TimeSdvByRaceAvg
Data: data
Dependent variable(s): RaceHorse.IsHitA
Total independent variables: 2 
Number of valid observations: 7520
Number of missing observations: 0 
 
Coefficients:
                       RaceHorse.IsHitA
(Intercept)                        -2.9
Gen02.TimeSdvByRaceAvg              0.9
[1] "analyze.results.glm.step.summary"
Call:
rxLogit(formula = formula, data = data, variableSelection = analyze.results.glm.step.varsel)

Logistic Regression Results for: RaceHorse.IsHitA ~
    Gen02.TimeSdvByRaceAvg
Data: data
Dependent variable(s): RaceHorse.IsHitA
Total independent variables: 2 
Number of valid observations: 7520
Number of missing observations: 0 
-2*LogLikelihood: 3793.422 (Residual deviance on 7518 degrees of freedom)
 
Coefficients:
                       Estimate Std. Error z value Pr(>|z|)    
(Intercept)             -2.9485     0.0652   -45.2  2.2e-16 ***
Gen02.TimeSdvByRaceAvg   0.8889     0.0807    11.0  2.2e-16 ***
---
Signif. codes:  0 '***' 0.001 '**' 0.01 '*' 0.05 '.' 0.1 ' ' 1

Condition number of final variance-covariance matrix: 1 
Number of iterations: 5
[1] "--------------------------------------------------------------------------------"
[1] "2022-02-26 18:03:17 --- rxGlm with rxStepControl Finish ---"
[1] "2022-02-26 18:03:17 --- rxStepPlot Start ---"
[1] "pdfFilename=pdf_analyze_glm_Gen02_Type11_rxStepPlot.pdf"
[1] "rxStepPlot="
[1] "2022-02-26 18:03:18 --- rxStepPlot Finish ---"
[1] "2022-02-26 18:03:19 --- save.image Start ---"
[1] "save.image"
[1] "rdataFilename=RData_analyze_glm_Gen02_Type11.RData"
[1] "2022-02-26 18:03:19 --- save.image Finish ---"
[1] "2022-02-26 18:03:19 --- final Start ---"
[1] "--------------------------------------------------------------------------------"
[1] "nrow(data) final=7520"
[1] "--------------------------------------------------------------------------------"
[1] "2022-02-26 18:03:19 --- final Finish ---"
[1] "2022-02-26 18:03:19 --- analyze_glm.R Finished ---"
[1] "2022-02-26 18:03:19 --- log Finish ---"
