[1] "2022-02-25 20:22:17 --- D1115_analyze_glm_Gen01_IsHitA_Type24 Start ---"
[1] "2022-02-25 20:22:17 --- Log Start ---"
[1] "2022-02-25 20:22:17 --- analyze_glm.R Start ---"
[1] "analyzeVersion=D1115"
[1] "analyzeCategory=analyze"
[1] "analyzeType=Gen01"
[1] "analyzeFamily=IsHitA"
[1] "analyzeFunc=glm"
[1] "analyzeTrackTypeCd=2"
[1] "analyzeJyokenCd=4"
[1] "2022-02-25 20:22:17 --- source_function.R Start ---"
[1] "2022-02-25 20:22:17 --- source_function.R Finished ---"

> print(paste0(Sys.time(), " --- source_library.R Start ---"))
[1] "2022-02-25 20:22:17 --- source_library.R Start ---"

> require("RevoScaleR")

> print(paste0(Sys.time(), " --- source_library.R Finished ---"))
[1] "2022-02-25 20:22:17 --- source_library.R Finished ---"
[1] "2022-02-25 20:22:17 --- RxSqlServerData Start ---"
[1] "2022-02-25 20:22:17 --- RxInSqlServer Start ---"
[1] "2022-02-25 20:22:17 --- RxInSqlServer Finish ---"
[1] "2022-02-25 20:22:17 --- rxSetComputeContext Start ---"
[1] "2022-02-25 20:22:17 --- rxSetComputeContext Finish ---"
[1] "2022-02-25 20:22:17 --- RxSqlServerData Start ---"
[1] "sqlQuery=SELECT * FROM ViewAnalyzeD1115analyze01Gen01Type24"
[1] "2022-02-25 20:22:17 --- RxSqlServerData Finish ---"
[1] "2022-02-25 20:22:17 --- rxGetVarInfo Start ---"
[1] "2022-02-25 20:22:19 --- rxGetVarInfo Finish---"
[1] "2022-02-25 20:22:19 --- rxImport Start ---"
Rows Read: 39014, Total Rows Processed: 39014, Total Chunk Time: 429.352 seconds 
[1] "2022-02-25 20:45:25 --- rxImport Finish ---"
[1] "object.size(data) auto=11.8 Mb"
[1] "--------------------------------------------------------------------------------"
[1] "nrow(data) RxSqlServerData=39014"
[1] "--------------------------------------------------------------------------------"
[1] "str(data)="
'data.frame':	39014 obs. of  44 variables:
 $ Race.RaceId                      : Factor w/ 2833 levels "20160109-06-01-02-04",..: 11 1 2 5 6 7 8 9 10 12 ...
 $ Race.IsPredictedRace             : logi  TRUE TRUE TRUE TRUE TRUE TRUE ...
 $ Race.IsAnalyzeNormalPastAndFuture: logi  TRUE TRUE TRUE TRUE TRUE TRUE ...
 $ Race.IsAnalyzeNormalPast         : logi  TRUE TRUE TRUE TRUE TRUE TRUE ...
 $ Race.IsAnalyzeNormalFuture       : logi  FALSE FALSE FALSE FALSE FALSE FALSE ...
 $ Race.IsAnalyzeFullPastAndFuture  : logi  TRUE TRUE TRUE TRUE TRUE TRUE ...
 $ Race.IsAnalyzeFullPast           : logi  TRUE TRUE TRUE TRUE TRUE TRUE ...
 $ Race.IsAnalyzeFullFuture         : logi  FALSE FALSE FALSE FALSE FALSE FALSE ...
 $ Race.JyokenCd                    : Factor w/ 1 level "4": 1 1 1 1 1 1 1 1 1 1 ...
 $ Race.JyoType1Cd                  : Factor w/ 131 levels "2-06-2400-4-1",..: 9 1 2 4 5 6 3 7 8 10 ...
 $ Race.RaceType1Cd                 : Factor w/ 5 levels "2-4-X-3","2-4-X-1",..: 3 1 2 3 3 3 3 2 2 2 ...
 $ RaceHorse.RaceId                 : Factor w/ 2833 levels "20160109-06-01-02-04",..: 11 1 2 5 6 7 8 9 10 12 ...
 $ RaceHorse.KettoNum               : Factor w/ 7839 levels "2010103579","2011101588",..: 7 1 2 4 1 1 5 6 2 8 ...
 $ RaceHorse.IsHit1                 : num  0 0 0 0 0 0 0 0 0 0 ...
 $ RaceHorse.IsHit2                 : num  0 0 0 0 0 0 0 0 1 0 ...
 $ RaceHorse.IsHit3                 : num  0 1 0 0 0 0 0 0 0 0 ...
 $ RaceHorse.IsHit4                 : num  0 0 0 0 0 0 0 0 0 0 ...
 $ RaceHorse.IsHit5                 : num  0 0 0 1 0 1 0 0 0 0 ...
 $ RaceHorse.IsHit6                 : num  1 0 1 0 1 0 1 1 0 1 ...
 $ RaceHorse.IsValidRaceHorse       : logi  TRUE TRUE TRUE TRUE TRUE TRUE ...
 $ RaceHorse.TimeSdv                : num  0.404 0.365 0.582 0.328 0.073 ...
 $ RaceHorse.IsHitA                 : num  0 0 0 0 0 0 0 0 0 0 ...
 $ RaceHorse.IsHitB                 : num  0 0 0 0 0 0 0 0 1 0 ...
 $ RaceHorse.IsHitC                 : num  0 1 0 0 0 0 0 0 1 0 ...
 $ Gen01.HansyokuNum                : Factor w/ 428 levels "11201953","11201922",..: 3 1 2 3 1 1 3 2 2 2 ...
 $ Gen01.TimeSdvByRaceAvg           : num  0.2137 0.2659 -0.0213 0.2058 0.3011 ...
 $ Gen01.TimeSdvByRaceMin           : num  -2.926 -0.755 -1.961 -2.926 -2.453 ...
 $ Gen01.TimeSdvByRaceMax           : num  2.25 1.04 1.15 2.25 1.96 ...
 $ Gen01.TimeSdvAvg                 : num  0.164 0.149 0.181 0.166 0.186 ...
 $ Gen01.TimeSdvMin                 : num  -4.457 -0.755 -1.271 -4.457 -1.769 ...
 $ Gen01.TimeSdvMax                 : num  2.486 0.814 1.648 2.486 1.424 ...
 $ Gen01.OrderOfFinishSdvAvg        : num  0.1938 -0.1926 -0.0554 0.1931 0.2805 ...
 $ Gen01.RunCount                   : num  387 4 22 385 68 69 380 22 23 24 ...
 $ Gen01.HitCount1                  : num  40 0 0 40 5 5 40 0 0 0 ...
 $ Gen01.HitCount2                  : num  42 1 0 42 10 10 41 0 0 1 ...
 $ Gen01.HitCount3                  : num  39 0 3 38 7 7 38 3 3 3 ...
 $ Gen01.HitCount4                  : num  30 0 3 30 6 6 29 3 3 3 ...
 $ Gen01.HitCount5                  : num  32 0 3 31 8 8 31 4 4 4 ...
 $ Gen01.HitRate1                   : num  0.1034 0 0 0.1039 0.0735 ...
 $ Gen01.HitRate2                   : num  0.109 0.25 0 0.109 0.147 ...
 $ Gen01.HitRate3                   : num  0.1008 0 0.1364 0.0987 0.1029 ...
 $ Gen01.HitRate4                   : num  0.0775 0 0.1364 0.0779 0.0882 ...
 $ Gen01.HitRate5                   : num  0.0827 0 0.1364 0.0805 0.1176 ...
 $ EOF                              : int  1 1 1 1 1 1 1 1 1 1 ...
[1] "2022-02-25 20:45:25 --- RxSqlServerData Finish ---"
[1] "2022-02-25 20:45:25 --- subset Start ---"
[1] "--------------------------------------------------------------------------------"
[1] "nrow(data) subset before=39014"
[1] "nrow(data) subset after =39014"
[1] "nrow(data) subset diff =0"
[1] "--------------------------------------------------------------------------------"
[1] "2022-02-25 20:45:25 --- subset Finish---"
[1] "2022-02-25 20:45:25 --- transform Start ---"
[1] "--------------------------------------------------------------------------------"
[1] "nrow(data) transform before=39014"
[1] "nrow(data) transform after=39014"
[1] "nrow(data) transform diff=0"
[1] "--------------------------------------------------------------------------------"
[1] "str(data)="
'data.frame':	39014 obs. of  44 variables:
 $ Race.RaceId                      : Factor w/ 2833 levels "20160109-06-01-02-04",..: 11 1 2 5 6 7 8 9 10 12 ...
 $ Race.IsPredictedRace             : logi  TRUE TRUE TRUE TRUE TRUE TRUE ...
 $ Race.IsAnalyzeNormalPastAndFuture: logi  TRUE TRUE TRUE TRUE TRUE TRUE ...
 $ Race.IsAnalyzeNormalPast         : logi  TRUE TRUE TRUE TRUE TRUE TRUE ...
 $ Race.IsAnalyzeNormalFuture       : logi  FALSE FALSE FALSE FALSE FALSE FALSE ...
 $ Race.IsAnalyzeFullPastAndFuture  : logi  TRUE TRUE TRUE TRUE TRUE TRUE ...
 $ Race.IsAnalyzeFullPast           : logi  TRUE TRUE TRUE TRUE TRUE TRUE ...
 $ Race.IsAnalyzeFullFuture         : logi  FALSE FALSE FALSE FALSE FALSE FALSE ...
 $ Race.JyokenCd                    : Factor w/ 1 level "4": 1 1 1 1 1 1 1 1 1 1 ...
 $ Race.JyoType1Cd                  : Factor w/ 131 levels "2-06-2400-4-1",..: 9 1 2 4 5 6 3 7 8 10 ...
 $ Race.RaceType1Cd                 : Factor w/ 5 levels "2-4-X-3","2-4-X-1",..: 3 1 2 3 3 3 3 2 2 2 ...
 $ RaceHorse.RaceId                 : Factor w/ 2833 levels "20160109-06-01-02-04",..: 11 1 2 5 6 7 8 9 10 12 ...
 $ RaceHorse.KettoNum               : Factor w/ 7839 levels "2010103579","2011101588",..: 7 1 2 4 1 1 5 6 2 8 ...
 $ RaceHorse.IsHit1                 : num  0 0 0 0 0 0 0 0 0 0 ...
 $ RaceHorse.IsHit2                 : num  0 0 0 0 0 0 0 0 1 0 ...
 $ RaceHorse.IsHit3                 : num  0 1 0 0 0 0 0 0 0 0 ...
 $ RaceHorse.IsHit4                 : num  0 0 0 0 0 0 0 0 0 0 ...
 $ RaceHorse.IsHit5                 : num  0 0 0 1 0 1 0 0 0 0 ...
 $ RaceHorse.IsHit6                 : num  1 0 1 0 1 0 1 1 0 1 ...
 $ RaceHorse.IsValidRaceHorse       : logi  TRUE TRUE TRUE TRUE TRUE TRUE ...
 $ RaceHorse.TimeSdv                : num  0.404 0.365 0.582 0.328 0.073 ...
 $ RaceHorse.IsHitA                 : num  0 0 0 0 0 0 0 0 0 0 ...
 $ RaceHorse.IsHitB                 : num  0 0 0 0 0 0 0 0 1 0 ...
 $ RaceHorse.IsHitC                 : num  0 1 0 0 0 0 0 0 1 0 ...
 $ Gen01.HansyokuNum                : Factor w/ 428 levels "11201953","11201922",..: 3 1 2 3 1 1 3 2 2 2 ...
 $ Gen01.TimeSdvByRaceAvg           : num  0.2137 0.2659 -0.0213 0.2058 0.3011 ...
 $ Gen01.TimeSdvByRaceMin           : num  -2.926 -0.755 -1.961 -2.926 -2.453 ...
 $ Gen01.TimeSdvByRaceMax           : num  2.25 1.04 1.15 2.25 1.96 ...
 $ Gen01.TimeSdvAvg                 : num  0.164 0.149 0.181 0.166 0.186 ...
 $ Gen01.TimeSdvMin                 : num  -4.457 -0.755 -1.271 -4.457 -1.769 ...
 $ Gen01.TimeSdvMax                 : num  2.486 0.814 1.648 2.486 1.424 ...
 $ Gen01.OrderOfFinishSdvAvg        : num  0.1938 -0.1926 -0.0554 0.1931 0.2805 ...
 $ Gen01.RunCount                   : num  387 4 22 385 68 69 380 22 23 24 ...
 $ Gen01.HitCount1                  : num  40 0 0 40 5 5 40 0 0 0 ...
 $ Gen01.HitCount2                  : num  42 1 0 42 10 10 41 0 0 1 ...
 $ Gen01.HitCount3                  : num  39 0 3 38 7 7 38 3 3 3 ...
 $ Gen01.HitCount4                  : num  30 0 3 30 6 6 29 3 3 3 ...
 $ Gen01.HitCount5                  : num  32 0 3 31 8 8 31 4 4 4 ...
 $ Gen01.HitRate1                   : num  0.1034 0 0 0.1039 0.0735 ...
 $ Gen01.HitRate2                   : num  0.109 0.25 0 0.109 0.147 ...
 $ Gen01.HitRate3                   : num  0.1008 0 0.1364 0.0987 0.1029 ...
 $ Gen01.HitRate4                   : num  0.0775 0 0.1364 0.0779 0.0882 ...
 $ Gen01.HitRate5                   : num  0.0827 0 0.1364 0.0805 0.1176 ...
 $ EOF                              : int  1 1 1 1 1 1 1 1 1 1 ...
NULL
[1] "2022-02-25 20:45:25 --- transform Finish ---"
[1] "2022-02-25 20:45:25 --- na.omit Start ---"
[1] "--------------------------------------------------------------------------------"
[1] "nrow(data) na.omit before=39014"
[1] "nrow(data) na.omit after =38751"
[1] "nrow(data) na.omit diff =263"
[1] "--------------------------------------------------------------------------------"
'data.frame':	38751 obs. of  44 variables:
 $ Race.RaceId                      : Factor w/ 2833 levels "20160109-06-01-02-04",..: 11 1 2 5 6 7 8 9 10 12 ...
 $ Race.IsPredictedRace             : logi  TRUE TRUE TRUE TRUE TRUE TRUE ...
 $ Race.IsAnalyzeNormalPastAndFuture: logi  TRUE TRUE TRUE TRUE TRUE TRUE ...
 $ Race.IsAnalyzeNormalPast         : logi  TRUE TRUE TRUE TRUE TRUE TRUE ...
 $ Race.IsAnalyzeNormalFuture       : logi  FALSE FALSE FALSE FALSE FALSE FALSE ...
 $ Race.IsAnalyzeFullPastAndFuture  : logi  TRUE TRUE TRUE TRUE TRUE TRUE ...
 $ Race.IsAnalyzeFullPast           : logi  TRUE TRUE TRUE TRUE TRUE TRUE ...
 $ Race.IsAnalyzeFullFuture         : logi  FALSE FALSE FALSE FALSE FALSE FALSE ...
 $ Race.JyokenCd                    : Factor w/ 1 level "4": 1 1 1 1 1 1 1 1 1 1 ...
 $ Race.JyoType1Cd                  : Factor w/ 131 levels "2-06-2400-4-1",..: 9 1 2 4 5 6 3 7 8 10 ...
 $ Race.RaceType1Cd                 : Factor w/ 5 levels "2-4-X-3","2-4-X-1",..: 3 1 2 3 3 3 3 2 2 2 ...
 $ RaceHorse.RaceId                 : Factor w/ 2833 levels "20160109-06-01-02-04",..: 11 1 2 5 6 7 8 9 10 12 ...
 $ RaceHorse.KettoNum               : Factor w/ 7839 levels "2010103579","2011101588",..: 7 1 2 4 1 1 5 6 2 8 ...
 $ RaceHorse.IsHit1                 : num  0 0 0 0 0 0 0 0 0 0 ...
 $ RaceHorse.IsHit2                 : num  0 0 0 0 0 0 0 0 1 0 ...
 $ RaceHorse.IsHit3                 : num  0 1 0 0 0 0 0 0 0 0 ...
 $ RaceHorse.IsHit4                 : num  0 0 0 0 0 0 0 0 0 0 ...
 $ RaceHorse.IsHit5                 : num  0 0 0 1 0 1 0 0 0 0 ...
 $ RaceHorse.IsHit6                 : num  1 0 1 0 1 0 1 1 0 1 ...
 $ RaceHorse.IsValidRaceHorse       : logi  TRUE TRUE TRUE TRUE TRUE TRUE ...
 $ RaceHorse.TimeSdv                : num  0.404 0.365 0.582 0.328 0.073 ...
 $ RaceHorse.IsHitA                 : num  0 0 0 0 0 0 0 0 0 0 ...
 $ RaceHorse.IsHitB                 : num  0 0 0 0 0 0 0 0 1 0 ...
 $ RaceHorse.IsHitC                 : num  0 1 0 0 0 0 0 0 1 0 ...
 $ Gen01.HansyokuNum                : Factor w/ 428 levels "11201953","11201922",..: 3 1 2 3 1 1 3 2 2 2 ...
 $ Gen01.TimeSdvByRaceAvg           : num  0.2137 0.2659 -0.0213 0.2058 0.3011 ...
 $ Gen01.TimeSdvByRaceMin           : num  -2.926 -0.755 -1.961 -2.926 -2.453 ...
 $ Gen01.TimeSdvByRaceMax           : num  2.25 1.04 1.15 2.25 1.96 ...
 $ Gen01.TimeSdvAvg                 : num  0.164 0.149 0.181 0.166 0.186 ...
 $ Gen01.TimeSdvMin                 : num  -4.457 -0.755 -1.271 -4.457 -1.769 ...
 $ Gen01.TimeSdvMax                 : num  2.486 0.814 1.648 2.486 1.424 ...
 $ Gen01.OrderOfFinishSdvAvg        : num  0.1938 -0.1926 -0.0554 0.1931 0.2805 ...
 $ Gen01.RunCount                   : num  387 4 22 385 68 69 380 22 23 24 ...
 $ Gen01.HitCount1                  : num  40 0 0 40 5 5 40 0 0 0 ...
 $ Gen01.HitCount2                  : num  42 1 0 42 10 10 41 0 0 1 ...
 $ Gen01.HitCount3                  : num  39 0 3 38 7 7 38 3 3 3 ...
 $ Gen01.HitCount4                  : num  30 0 3 30 6 6 29 3 3 3 ...
 $ Gen01.HitCount5                  : num  32 0 3 31 8 8 31 4 4 4 ...
 $ Gen01.HitRate1                   : num  0.1034 0 0 0.1039 0.0735 ...
 $ Gen01.HitRate2                   : num  0.109 0.25 0 0.109 0.147 ...
 $ Gen01.HitRate3                   : num  0.1008 0 0.1364 0.0987 0.1029 ...
 $ Gen01.HitRate4                   : num  0.0775 0 0.1364 0.0779 0.0882 ...
 $ Gen01.HitRate5                   : num  0.0827 0 0.1364 0.0805 0.1176 ...
 $ EOF                              : int  1 1 1 1 1 1 1 1 1 1 ...
 - attr(*, "na.action")= 'omit' Named int  58 191 294 590 615 642 836 920 1117 1253 ...
  ..- attr(*, "names")= chr  "58" "191" "294" "590" ...
[1] "2022-02-25 20:45:25 --- na.omit Finish ---"
[1] "2022-02-25 20:45:25 --- rxGlm with rxStepControl Start ---"

> print(paste0(Sys.time(), " --- source_logic_glm.R Start ---"))
[1] "2022-02-25 20:45:25 --- source_logic_glm.R Start ---"

> formula <- formula(RaceHorse.IsHitA ~ +1 + Gen01.TimeSdvAvg)

> print(paste0(Sys.time(), " --- source_logic_glm.R Finished ---"))
[1] "2022-02-25 20:45:25 --- source_logic_glm.R Finished ---"
Rows Read: 38751, Total Rows Processed: 38751, Total Chunk Time: 0.002 seconds 

Starting values (iteration 1) time: 0.009 secs.
Rows Read: 38751, Total Rows Processed: 38751, Total Chunk Time: 0.002 seconds 

Iteration 2 time: 0.006 secs.
Rows Read: 38751, Total Rows Processed: 38751, Total Chunk Time: 0.002 seconds 

Iteration 3 time: 0.005 secs.
Rows Read: 38751, Total Rows Processed: 38751, Total Chunk Time: 0.002 seconds 

Iteration 4 time: 0.004 secs.

Elapsed computation time: 0.036 secs.
Rows Read: 38751, Total Rows Processed: 38751, Total Chunk Time: Less than .001 seconds 

Starting values (iteration 1) time: 0.007 secs.
Rows Read: 38751, Total Rows Processed: 38751, Total Chunk Time: 0.002 seconds 

Iteration 2 time: 0.005 secs.

Elapsed computation time: 0.020 secs.
Rows Read: 38751, Total Rows Processed: 38751, Total Chunk Time: Less than .001 seconds 

Starting values (iteration 1) time: 0.006 secs.
Rows Read: 38751, Total Rows Processed: 38751, Total Chunk Time: 0.002 seconds 

Iteration 2 time: 0.006 secs.
Rows Read: 38751, Total Rows Processed: 38751, Total Chunk Time: 0.002 seconds 

Iteration 3 time: 0.005 secs.
Rows Read: 38751, Total Rows Processed: 38751, Total Chunk Time: 0.002 seconds 

Iteration 4 time: 0.005 secs.

Elapsed computation time: 0.033 secs.

Elapsed computation time: 0.104 secs.
[1] "--------------------------------------------------------------------------------"
[1] "analyze.results.glm.step="
Logistic Regression Results for: RaceHorse.IsHitA ~ Gen01.TimeSdvAvg
Data: data
Dependent variable(s): RaceHorse.IsHitA
Total independent variables: 2 
Number of valid observations: 38751
Number of missing observations: 0 
 
Coefficients:
                 RaceHorse.IsHitA
(Intercept)                  -2.6
Gen01.TimeSdvAvg              0.7
[1] "analyze.results.glm.step.summary"
Call:
rxLogit(formula = formula, data = data, variableSelection = analyze.results.glm.step.varsel)

Logistic Regression Results for: RaceHorse.IsHitA ~ Gen01.TimeSdvAvg
Data: data
Dependent variable(s): RaceHorse.IsHitA
Total independent variables: 2 
Number of valid observations: 38751
Number of missing observations: 0 
-2*LogLikelihood: 19975.705 (Residual deviance on 38749 degrees of freedom)
 
Coefficients:
                 Estimate Std. Error z value Pr(>|z|)    
(Intercept)       -2.6193     0.0216 -121.13  2.2e-16 ***
Gen01.TimeSdvAvg   0.6579     0.0801    8.21  2.2e-16 ***
---
Signif. codes:  0 '***' 0.001 '**' 0.01 '*' 0.05 '.' 0.1 ' ' 1

Condition number of final variance-covariance matrix: 1 
Number of iterations: 4
[1] "--------------------------------------------------------------------------------"
[1] "2022-02-25 20:45:26 --- rxGlm with rxStepControl Finish ---"
[1] "2022-02-25 20:45:26 --- rxStepPlot Start ---"
[1] "pdfFilename=pdf_analyze_glm_Gen01_Type24_rxStepPlot.pdf"
[1] "rxStepPlot="
[1] "2022-02-25 20:45:26 --- rxStepPlot Finish ---"
[1] "2022-02-25 20:45:26 --- save.image Start ---"
[1] "save.image"
[1] "rdataFilename=RData_analyze_glm_Gen01_Type24.RData"
[1] "2022-02-25 20:45:26 --- save.image Finish ---"
[1] "2022-02-25 20:45:26 --- final Start ---"
[1] "--------------------------------------------------------------------------------"
[1] "nrow(data) final=38751"
[1] "--------------------------------------------------------------------------------"
[1] "2022-02-25 20:45:26 --- final Finish ---"
[1] "2022-02-25 20:45:26 --- analyze_glm.R Finished ---"
[1] "2022-02-25 20:45:26 --- log Finish ---"
