[1] "2022-03-08 18:55:04 --- D1115_analyze_glm_Horse_IsHitA_Type12 Start ---"
[1] "2022-03-08 18:55:04 --- Log Start ---"
[1] "2022-03-08 18:55:04 --- analyze_glm.R Start ---"
[1] "analyzeVersion=D1115"
[1] "analyzeCategory=analyze"
[1] "analyzeType=Horse"
[1] "analyzeFamily=IsHitA"
[1] "analyzeFunc=glm"
[1] "analyzeTrackTypeCd=1"
[1] "analyzeJyokenCd=2"
[1] "2022-03-08 18:55:04 --- source_function.R Start ---"
[1] "2022-03-08 18:55:04 --- source_function.R Finished ---"

> print(paste0(Sys.time(), " --- source_library.R Start ---"))
[1] "2022-03-08 18:55:04 --- source_library.R Start ---"

> require("RevoScaleR")

> print(paste0(Sys.time(), " --- source_library.R Finished ---"))
[1] "2022-03-08 18:55:04 --- source_library.R Finished ---"
[1] "2022-03-08 18:55:04 --- RxSqlServerData Start ---"
[1] "2022-03-08 18:55:04 --- RxInSqlServer Start ---"
[1] "2022-03-08 18:55:04 --- RxInSqlServer Finish ---"
[1] "2022-03-08 18:55:04 --- rxSetComputeContext Start ---"
[1] "2022-03-08 18:55:04 --- rxSetComputeContext Finish ---"
[1] "2022-03-08 18:55:04 --- RxSqlServerData Start ---"
[1] "sqlQuery=SELECT * FROM ViewAnalyzeD1115analyze01HorseType12"
[1] "2022-03-08 18:55:05 --- RxSqlServerData Finish ---"
[1] "2022-03-08 18:55:05 --- rxGetVarInfo Start ---"
[1] "2022-03-08 18:55:06 --- rxGetVarInfo Finish---"
[1] "2022-03-08 18:55:06 --- rxImport Start ---"
Rows Read: 6805, Total Rows Processed: 6805, Total Chunk Time: 4.924 seconds 
[1] "2022-03-08 18:55:17 --- rxImport Finish ---"
[1] "object.size(data) auto=2.4 Mb"
[1] "--------------------------------------------------------------------------------"
[1] "nrow(data) RxSqlServerData=6805"
[1] "--------------------------------------------------------------------------------"
[1] "str(data)="
'data.frame':	6805 obs. of  48 variables:
 $ Race.RaceId                      : Factor w/ 529 levels "20200111-06-01-03-11",..: 11 8 12 13 14 15 16 17 18 19 ...
 $ Race.IsAnalyzeNormalPastAndFuture: logi  TRUE TRUE TRUE TRUE TRUE TRUE ...
 $ Race.IsAnalyzeNormalPast         : logi  TRUE TRUE TRUE TRUE TRUE TRUE ...
 $ Race.IsAnalyzeNormalFuture       : logi  FALSE FALSE FALSE FALSE FALSE FALSE ...
 $ Race.IsAnalyzeFullPastAndFuture  : logi  TRUE TRUE TRUE TRUE TRUE TRUE ...
 $ Race.IsAnalyzeFullPast           : logi  TRUE TRUE TRUE TRUE TRUE TRUE ...
 $ Race.IsAnalyzeFullFuture         : logi  FALSE FALSE FALSE FALSE FALSE FALSE ...
 $ Race.JyokenCd                    : Factor w/ 1 level "2": 1 1 1 1 1 1 1 1 1 1 ...
 $ Race.JyoType1Cd                  : Factor w/ 112 levels "18-06-2200-1",..: 11 8 4 12 4 13 14 15 16 17 ...
 $ Race.RaceType1Cd                 : Factor w/ 2 levels "1-2-14","1-2-13": 1 1 1 1 2 2 1 2 2 2 ...
 $ RaceHorse.RaceId                 : Factor w/ 529 levels "20200111-06-01-03-11",..: 11 8 12 13 14 15 16 17 18 19 ...
 $ RaceHorse.KettoNum               : Factor w/ 1438 levels "2015100447","2014105338",..: 11 8 12 13 14 15 16 17 18 19 ...
 $ RaceHorse.IsHit1                 : num  0 0 0 1 0 0 0 0 0 0 ...
 $ RaceHorse.IsHit2                 : num  0 1 0 0 1 0 0 0 0 0 ...
 $ RaceHorse.IsHit3                 : num  0 0 0 0 0 0 0 0 0 1 ...
 $ RaceHorse.IsHit4                 : num  0 0 0 0 0 0 0 1 0 0 ...
 $ RaceHorse.IsHit5                 : num  0 0 0 0 0 0 0 0 0 0 ...
 $ RaceHorse.IsHit6                 : num  1 0 1 0 0 1 1 0 1 0 ...
 $ RaceHorse.IsValidRaceHorse       : logi  TRUE TRUE TRUE TRUE TRUE FALSE ...
 $ RaceHorse.FinishTimeSdvByRace    : num  -1.089 1.061 0.453 1.046 1.154 ...
 $ RaceHorse.FirstTimeSdvByRace     : num  1.3571 -0.0276 -0.5353 0.6076 0.8998 ...
 $ RaceHorse.LastTimeSdvByRace      : num  -2.162 0.816 0.639 0.489 0.238 ...
 $ RaceHorse.FinishTimeSdv          : num  -0.0801 1.5563 1.2919 0.6319 1.3815 ...
 $ RaceHorse.FirstTimeSdv           : num  0.203 0.832 1.322 0.546 1.181 ...
 $ RaceHorse.LastTimeSdv            : num  -0.2294 1.1755 0.0576 0.0455 0.47 ...
 $ RaceHorse.IsHitA                 : num  0 0 0 1 0 0 0 0 0 0 ...
 $ RaceHorse.IsHitB                 : num  0 1 0 1 1 0 0 0 0 0 ...
 $ RaceHorse.IsHitC                 : num  0 1 0 1 1 0 0 0 0 1 ...
 $ Horse.KettoNum                   : Factor w/ 1438 levels "2015100447","2014105338",..: 11 8 12 13 14 15 16 17 18 19 ...
 $ Horse.FinishTimeSdvByRaceAvg     : num  0.58 0.419 0.767 0.704 0.737 ...
 $ Horse.FirstTimeSdvByRaceAvg      : num  0.957 -0.353 -0.812 0.193 -0.196 ...
 $ Horse.LastTimeSdvByRaceAvg       : num  0.0597 0.6385 1.0995 0.5393 0.7904 ...
 $ Horse.FinishTimeSdvAvg           : num  0.552 0.594 0.264 0.466 0.831 ...
 $ Horse.FirstTimeSdvAvg            : num  0.6668 0.065 -0.3382 0.0739 0.1939 ...
 $ Horse.LastTimeSdvAvg             : num  0.0484 0.717 0.8425 0.6273 0.9717 ...
 $ Horse.RealOddsLog1Avg            : num  3 3.13 2.67 2.04 2.3 ...
 $ Horse.RunCount                   : num  16 51 15 20 10 20 18 20 40 13 ...
 $ Horse.HitCount1                  : num  3 4 4 3 2 4 3 4 2 4 ...
 $ Horse.HitCount2                  : num  1 5 0 3 2 2 1 3 0 3 ...
 $ Horse.HitCount3                  : num  5 5 1 4 1 1 1 2 3 1 ...
 $ Horse.HitCount4                  : num  0 7 2 4 1 2 5 1 3 1 ...
 $ Horse.HitCount5                  : num  0 5 0 1 0 2 4 3 1 0 ...
 $ Horse.HitRate1                   : num  0.1875 0.0784 0.2667 0.15 0.2 ...
 $ Horse.HitRate2                   : num  0.0625 0.098 0 0.15 0.2 ...
 $ Horse.HitRate3                   : num  0.3125 0.098 0.0667 0.2 0.1 ...
 $ Horse.HitRate4                   : num  0 0.137 0.133 0.2 0.1 ...
 $ Horse.HitRate5                   : num  0 0.098 0 0.05 0 ...
 $ EOF                              : int  1 1 1 1 1 1 1 1 1 1 ...
[1] "2022-03-08 18:55:17 --- RxSqlServerData Finish ---"
[1] "2022-03-08 18:55:17 --- subset Start ---"
[1] "--------------------------------------------------------------------------------"
[1] "nrow(data) subset before=6805"
[1] "nrow(data) subset after =6805"
[1] "nrow(data) subset diff =0"
[1] "--------------------------------------------------------------------------------"
[1] "2022-03-08 18:55:17 --- subset Finish---"
[1] "2022-03-08 18:55:17 --- transform Start ---"
[1] "--------------------------------------------------------------------------------"
[1] "nrow(data) transform before=6805"
[1] "nrow(data) transform after=6805"
[1] "nrow(data) transform diff=0"
[1] "--------------------------------------------------------------------------------"
[1] "str(data)="
'data.frame':	6805 obs. of  48 variables:
 $ Race.RaceId                      : Factor w/ 529 levels "20200111-06-01-03-11",..: 11 8 12 13 14 15 16 17 18 19 ...
 $ Race.IsAnalyzeNormalPastAndFuture: logi  TRUE TRUE TRUE TRUE TRUE TRUE ...
 $ Race.IsAnalyzeNormalPast         : logi  TRUE TRUE TRUE TRUE TRUE TRUE ...
 $ Race.IsAnalyzeNormalFuture       : logi  FALSE FALSE FALSE FALSE FALSE FALSE ...
 $ Race.IsAnalyzeFullPastAndFuture  : logi  TRUE TRUE TRUE TRUE TRUE TRUE ...
 $ Race.IsAnalyzeFullPast           : logi  TRUE TRUE TRUE TRUE TRUE TRUE ...
 $ Race.IsAnalyzeFullFuture         : logi  FALSE FALSE FALSE FALSE FALSE FALSE ...
 $ Race.JyokenCd                    : Factor w/ 1 level "2": 1 1 1 1 1 1 1 1 1 1 ...
 $ Race.JyoType1Cd                  : Factor w/ 112 levels "18-06-2200-1",..: 11 8 4 12 4 13 14 15 16 17 ...
 $ Race.RaceType1Cd                 : Factor w/ 2 levels "1-2-14","1-2-13": 1 1 1 1 2 2 1 2 2 2 ...
 $ RaceHorse.RaceId                 : Factor w/ 529 levels "20200111-06-01-03-11",..: 11 8 12 13 14 15 16 17 18 19 ...
 $ RaceHorse.KettoNum               : Factor w/ 1438 levels "2015100447","2014105338",..: 11 8 12 13 14 15 16 17 18 19 ...
 $ RaceHorse.IsHit1                 : num  0 0 0 1 0 0 0 0 0 0 ...
 $ RaceHorse.IsHit2                 : num  0 1 0 0 1 0 0 0 0 0 ...
 $ RaceHorse.IsHit3                 : num  0 0 0 0 0 0 0 0 0 1 ...
 $ RaceHorse.IsHit4                 : num  0 0 0 0 0 0 0 1 0 0 ...
 $ RaceHorse.IsHit5                 : num  0 0 0 0 0 0 0 0 0 0 ...
 $ RaceHorse.IsHit6                 : num  1 0 1 0 0 1 1 0 1 0 ...
 $ RaceHorse.IsValidRaceHorse       : logi  TRUE TRUE TRUE TRUE TRUE FALSE ...
 $ RaceHorse.FinishTimeSdvByRace    : num  -1.089 1.061 0.453 1.046 1.154 ...
 $ RaceHorse.FirstTimeSdvByRace     : num  1.3571 -0.0276 -0.5353 0.6076 0.8998 ...
 $ RaceHorse.LastTimeSdvByRace      : num  -2.162 0.816 0.639 0.489 0.238 ...
 $ RaceHorse.FinishTimeSdv          : num  -0.0801 1.5563 1.2919 0.6319 1.3815 ...
 $ RaceHorse.FirstTimeSdv           : num  0.203 0.832 1.322 0.546 1.181 ...
 $ RaceHorse.LastTimeSdv            : num  -0.2294 1.1755 0.0576 0.0455 0.47 ...
 $ RaceHorse.IsHitA                 : num  0 0 0 1 0 0 0 0 0 0 ...
 $ RaceHorse.IsHitB                 : num  0 1 0 1 1 0 0 0 0 0 ...
 $ RaceHorse.IsHitC                 : num  0 1 0 1 1 0 0 0 0 1 ...
 $ Horse.KettoNum                   : Factor w/ 1438 levels "2015100447","2014105338",..: 11 8 12 13 14 15 16 17 18 19 ...
 $ Horse.FinishTimeSdvByRaceAvg     : num  0.58 0.419 0.767 0.704 0.737 ...
 $ Horse.FirstTimeSdvByRaceAvg      : num  0.957 -0.353 -0.812 0.193 -0.196 ...
 $ Horse.LastTimeSdvByRaceAvg       : num  0.0597 0.6385 1.0995 0.5393 0.7904 ...
 $ Horse.FinishTimeSdvAvg           : num  0.552 0.594 0.264 0.466 0.831 ...
 $ Horse.FirstTimeSdvAvg            : num  0.6668 0.065 -0.3382 0.0739 0.1939 ...
 $ Horse.LastTimeSdvAvg             : num  0.0484 0.717 0.8425 0.6273 0.9717 ...
 $ Horse.RealOddsLog1Avg            : num  3 3.13 2.67 2.04 2.3 ...
 $ Horse.RunCount                   : num  16 51 15 20 10 20 18 20 40 13 ...
 $ Horse.HitCount1                  : num  3 4 4 3 2 4 3 4 2 4 ...
 $ Horse.HitCount2                  : num  1 5 0 3 2 2 1 3 0 3 ...
 $ Horse.HitCount3                  : num  5 5 1 4 1 1 1 2 3 1 ...
 $ Horse.HitCount4                  : num  0 7 2 4 1 2 5 1 3 1 ...
 $ Horse.HitCount5                  : num  0 5 0 1 0 2 4 3 1 0 ...
 $ Horse.HitRate1                   : num  0.1875 0.0784 0.2667 0.15 0.2 ...
 $ Horse.HitRate2                   : num  0.0625 0.098 0 0.15 0.2 ...
 $ Horse.HitRate3                   : num  0.3125 0.098 0.0667 0.2 0.1 ...
 $ Horse.HitRate4                   : num  0 0.137 0.133 0.2 0.1 ...
 $ Horse.HitRate5                   : num  0 0.098 0 0.05 0 ...
 $ EOF                              : int  1 1 1 1 1 1 1 1 1 1 ...
NULL
[1] "2022-03-08 18:55:18 --- transform Finish ---"
[1] "2022-03-08 18:55:18 --- na.omit Start ---"
[1] "--------------------------------------------------------------------------------"
[1] "nrow(data) na.omit before=6805"
[1] "nrow(data) na.omit after =6757"
[1] "nrow(data) na.omit diff =48"
[1] "--------------------------------------------------------------------------------"
'data.frame':	6757 obs. of  48 variables:
 $ Race.RaceId                      : Factor w/ 529 levels "20200111-06-01-03-11",..: 11 8 12 13 14 15 16 17 18 19 ...
 $ Race.IsAnalyzeNormalPastAndFuture: logi  TRUE TRUE TRUE TRUE TRUE TRUE ...
 $ Race.IsAnalyzeNormalPast         : logi  TRUE TRUE TRUE TRUE TRUE TRUE ...
 $ Race.IsAnalyzeNormalFuture       : logi  FALSE FALSE FALSE FALSE FALSE FALSE ...
 $ Race.IsAnalyzeFullPastAndFuture  : logi  TRUE TRUE TRUE TRUE TRUE TRUE ...
 $ Race.IsAnalyzeFullPast           : logi  TRUE TRUE TRUE TRUE TRUE TRUE ...
 $ Race.IsAnalyzeFullFuture         : logi  FALSE FALSE FALSE FALSE FALSE FALSE ...
 $ Race.JyokenCd                    : Factor w/ 1 level "2": 1 1 1 1 1 1 1 1 1 1 ...
 $ Race.JyoType1Cd                  : Factor w/ 112 levels "18-06-2200-1",..: 11 8 4 12 4 13 14 15 16 17 ...
 $ Race.RaceType1Cd                 : Factor w/ 2 levels "1-2-14","1-2-13": 1 1 1 1 2 2 1 2 2 2 ...
 $ RaceHorse.RaceId                 : Factor w/ 529 levels "20200111-06-01-03-11",..: 11 8 12 13 14 15 16 17 18 19 ...
 $ RaceHorse.KettoNum               : Factor w/ 1438 levels "2015100447","2014105338",..: 11 8 12 13 14 15 16 17 18 19 ...
 $ RaceHorse.IsHit1                 : num  0 0 0 1 0 0 0 0 0 0 ...
 $ RaceHorse.IsHit2                 : num  0 1 0 0 1 0 0 0 0 0 ...
 $ RaceHorse.IsHit3                 : num  0 0 0 0 0 0 0 0 0 1 ...
 $ RaceHorse.IsHit4                 : num  0 0 0 0 0 0 0 1 0 0 ...
 $ RaceHorse.IsHit5                 : num  0 0 0 0 0 0 0 0 0 0 ...
 $ RaceHorse.IsHit6                 : num  1 0 1 0 0 1 1 0 1 0 ...
 $ RaceHorse.IsValidRaceHorse       : logi  TRUE TRUE TRUE TRUE TRUE FALSE ...
 $ RaceHorse.FinishTimeSdvByRace    : num  -1.089 1.061 0.453 1.046 1.154 ...
 $ RaceHorse.FirstTimeSdvByRace     : num  1.3571 -0.0276 -0.5353 0.6076 0.8998 ...
 $ RaceHorse.LastTimeSdvByRace      : num  -2.162 0.816 0.639 0.489 0.238 ...
 $ RaceHorse.FinishTimeSdv          : num  -0.0801 1.5563 1.2919 0.6319 1.3815 ...
 $ RaceHorse.FirstTimeSdv           : num  0.203 0.832 1.322 0.546 1.181 ...
 $ RaceHorse.LastTimeSdv            : num  -0.2294 1.1755 0.0576 0.0455 0.47 ...
 $ RaceHorse.IsHitA                 : num  0 0 0 1 0 0 0 0 0 0 ...
 $ RaceHorse.IsHitB                 : num  0 1 0 1 1 0 0 0 0 0 ...
 $ RaceHorse.IsHitC                 : num  0 1 0 1 1 0 0 0 0 1 ...
 $ Horse.KettoNum                   : Factor w/ 1438 levels "2015100447","2014105338",..: 11 8 12 13 14 15 16 17 18 19 ...
 $ Horse.FinishTimeSdvByRaceAvg     : num  0.58 0.419 0.767 0.704 0.737 ...
 $ Horse.FirstTimeSdvByRaceAvg      : num  0.957 -0.353 -0.812 0.193 -0.196 ...
 $ Horse.LastTimeSdvByRaceAvg       : num  0.0597 0.6385 1.0995 0.5393 0.7904 ...
 $ Horse.FinishTimeSdvAvg           : num  0.552 0.594 0.264 0.466 0.831 ...
 $ Horse.FirstTimeSdvAvg            : num  0.6668 0.065 -0.3382 0.0739 0.1939 ...
 $ Horse.LastTimeSdvAvg             : num  0.0484 0.717 0.8425 0.6273 0.9717 ...
 $ Horse.RealOddsLog1Avg            : num  3 3.13 2.67 2.04 2.3 ...
 $ Horse.RunCount                   : num  16 51 15 20 10 20 18 20 40 13 ...
 $ Horse.HitCount1                  : num  3 4 4 3 2 4 3 4 2 4 ...
 $ Horse.HitCount2                  : num  1 5 0 3 2 2 1 3 0 3 ...
 $ Horse.HitCount3                  : num  5 5 1 4 1 1 1 2 3 1 ...
 $ Horse.HitCount4                  : num  0 7 2 4 1 2 5 1 3 1 ...
 $ Horse.HitCount5                  : num  0 5 0 1 0 2 4 3 1 0 ...
 $ Horse.HitRate1                   : num  0.1875 0.0784 0.2667 0.15 0.2 ...
 $ Horse.HitRate2                   : num  0.0625 0.098 0 0.15 0.2 ...
 $ Horse.HitRate3                   : num  0.3125 0.098 0.0667 0.2 0.1 ...
 $ Horse.HitRate4                   : num  0 0.137 0.133 0.2 0.1 ...
 $ Horse.HitRate5                   : num  0 0.098 0 0.05 0 ...
 $ EOF                              : int  1 1 1 1 1 1 1 1 1 1 ...
 - attr(*, "na.action")= 'omit' Named int  45 674 682 727 779 935 1195 1204 1231 1392 ...
  ..- attr(*, "names")= chr  "45" "674" "682" "727" ...
[1] "2022-03-08 18:55:18 --- na.omit Finish ---"
[1] "2022-03-08 18:55:18 --- rxLogit with rxStepControl Start ---"

> print(paste0(Sys.time(), " --- source_logic_glm.R Start ---"))
[1] "2022-03-08 18:55:18 --- source_logic_glm.R Start ---"

> formula <- formula(RaceHorse.IsHitA ~ +1 + Horse.FinishTimeSdvByRaceAvg)

> print(paste0(Sys.time(), " --- source_logic_glm.R Finished ---"))
[1] "2022-03-08 18:55:18 --- source_logic_glm.R Finished ---"
Rows Read: 6757, Total Rows Processed: 6757, Total Chunk Time: Less than .001 seconds 

Starting values (iteration 1) time: 0.012 secs.
Rows Read: 6757, Total Rows Processed: 6757, Total Chunk Time: 0.002 seconds 

Iteration 2 time: 0.007 secs.
Rows Read: 6757, Total Rows Processed: 6757, Total Chunk Time: Less than .001 seconds 

Iteration 3 time: 0.005 secs.
Rows Read: 6757, Total Rows Processed: 6757, Total Chunk Time: Less than .001 seconds 

Iteration 4 time: 0.005 secs.
Rows Read: 6757, Total Rows Processed: 6757, Total Chunk Time: Less than .001 seconds 

Iteration 5 time: 0.005 secs.

Elapsed computation time: 0.057 secs.
Rows Read: 6757, Total Rows Processed: 6757, Total Chunk Time: Less than .001 seconds 

Starting values (iteration 1) time: 0.006 secs.
Rows Read: 6757, Total Rows Processed: 6757, Total Chunk Time: Less than .001 seconds 

Iteration 2 time: 0.005 secs.

Elapsed computation time: 0.025 secs.
Rows Read: 6757, Total Rows Processed: 6757, Total Chunk Time: Less than .001 seconds 

Starting values (iteration 1) time: 0.007 secs.
Rows Read: 6757, Total Rows Processed: 6757, Total Chunk Time: Less than .001 seconds 

Iteration 2 time: 0.007 secs.
Rows Read: 6757, Total Rows Processed: 6757, Total Chunk Time: Less than .001 seconds 

Iteration 3 time: 0.005 secs.
Rows Read: 6757, Total Rows Processed: 6757, Total Chunk Time: Less than .001 seconds 

Iteration 4 time: 0.006 secs.
Rows Read: 6757, Total Rows Processed: 6757, Total Chunk Time: 0.001 seconds 

Iteration 5 time: 0.006 secs.

Elapsed computation time: 0.060 secs.

Elapsed computation time: 0.158 secs.
[1] "--------------------------------------------------------------------------------"
[1] "analyze.results.glm.step="
Logistic Regression Results for: RaceHorse.IsHitA ~
    Horse.FinishTimeSdvByRaceAvg
Data: data
Dependent variable(s): RaceHorse.IsHitA
Total independent variables: 2 
Number of valid observations: 6757
Number of missing observations: 0 
 
Coefficients:
                             RaceHorse.IsHitA
(Intercept)                                -4
Horse.FinishTimeSdvByRaceAvg                2
[1] "analyze.results.glm.step.summary"
Call:
rxLogit(formula = formula, data = data, variableSelection = analyze.results.glm.step.varsel)

Logistic Regression Results for: RaceHorse.IsHitA ~
    Horse.FinishTimeSdvByRaceAvg
Data: data
Dependent variable(s): RaceHorse.IsHitA
Total independent variables: 2 
Number of valid observations: 6757
Number of missing observations: 0 
-2*LogLikelihood: 3478.673 (Residual deviance on 6755 degrees of freedom)
 
Coefficients:
                             Estimate Std. Error z value Pr(>|z|)    
(Intercept)                    -3.973      0.125   -31.7  2.2e-16 ***
Horse.FinishTimeSdvByRaceAvg    2.410      0.165    14.6  2.2e-16 ***
---
Signif. codes:  0 '***' 0.001 '**' 0.01 '*' 0.05 '.' 0.1 ' ' 1

Condition number of final variance-covariance matrix: 1 
Number of iterations: 5
[1] "--------------------------------------------------------------------------------"
[1] "2022-03-08 18:55:19 --- rxLogit with rxStepControl Finish ---"
[1] "2022-03-08 18:55:19 --- rxStepPlot Start ---"
[1] "pdfFilename=pdf_analyze_glm_Horse_Type12_rxStepPlot.pdf"
[1] "rxStepPlot="
[1] "2022-03-08 18:55:19 --- rxStepPlot Finish ---"
[1] "2022-03-08 18:55:19 --- save.image Start ---"
[1] "save.image"
[1] "rdataFilename=RData_analyze_glm_Horse_Type12.RData"
[1] "2022-03-08 18:55:19 --- save.image Finish ---"
[1] "2022-03-08 18:55:19 --- final Start ---"
[1] "--------------------------------------------------------------------------------"
[1] "nrow(data) final=6757"
[1] "--------------------------------------------------------------------------------"
[1] "2022-03-08 18:55:19 --- final Finish ---"
[1] "2022-03-08 18:55:19 --- analyze_glm.R Finished ---"
[1] "2022-03-08 18:55:19 --- log Finish ---"
