[1] "2022-02-18 23:21:34 --- D1115_analyze_glm_DataMiningTaisen_IsHitA_Type22 Start ---"
[1] "2022-02-18 23:21:34 --- Log Start ---"
[1] "2022-02-18 23:21:34 --- analyze_glm.R Start ---"
[1] "analyzeVersion=D1115"
[1] "analyzeCategory=analyze"
[1] "analyzeType=DataMiningTaisen"
[1] "analyzeFamily=IsHitA"
[1] "analyzeFunc=glm"
[1] "analyzeTrackTypeCd=2"
[1] "analyzeJyokenCd=2"
[1] "2022-02-18 23:21:34 --- source_function.R Start ---"
[1] "2022-02-18 23:21:34 --- source_function.R Finished ---"

> print(paste0(Sys.time(), " --- source_library.R Start ---"))
[1] "2022-02-18 23:21:34 --- source_library.R Start ---"

> require("RevoScaleR")

> print(paste0(Sys.time(), " --- source_library.R Finished ---"))
[1] "2022-02-18 23:21:34 --- source_library.R Finished ---"
[1] "2022-02-18 23:21:34 --- RxSqlServerData Start ---"
[1] "2022-02-18 23:21:34 --- RxInSqlServer Start ---"
[1] "2022-02-18 23:21:35 --- RxInSqlServer Finish ---"
[1] "2022-02-18 23:21:35 --- rxSetComputeContext Start ---"
[1] "2022-02-18 23:21:35 --- rxSetComputeContext Finish ---"
[1] "2022-02-18 23:21:35 --- RxSqlServerData Start ---"
[1] "sqlQuery=SELECT * FROM ViewAnalyzeD1115analyze01DataMiningTaisenType22"
[1] "2022-02-18 23:21:35 --- RxSqlServerData Finish ---"
[1] "2022-02-18 23:21:35 --- rxGetVarInfo Start ---"
[1] "2022-02-18 23:21:35 --- rxGetVarInfo Finish---"
[1] "2022-02-18 23:21:35 --- rxImport Start ---"
Rows Read: 7542, Total Rows Processed: 7542, Total Chunk Time: 0.368 seconds 
[1] "2022-02-18 23:21:36 --- rxImport Finish ---"
[1] "object.size(data) auto=1.1 Mb"
[1] "--------------------------------------------------------------------------------"
[1] "nrow(data) RxSqlServerData=7542"
[1] "--------------------------------------------------------------------------------"
[1] "str(data)="
'data.frame':	7542 obs. of  29 variables:
 $ Race.RaceId                      : Factor w/ 514 levels "20160105-08-01-01-09",..: 1 1 1 1 1 1 1 1 1 1 ...
 $ Race.IsPredictedRace             : logi  TRUE TRUE TRUE TRUE TRUE TRUE ...
 $ Race.IsAnalyzeNormalPastAndFuture: logi  TRUE TRUE TRUE TRUE TRUE TRUE ...
 $ Race.IsAnalyzeNormalPast         : logi  TRUE TRUE TRUE TRUE TRUE TRUE ...
 $ Race.IsAnalyzeNormalFuture       : logi  FALSE FALSE FALSE FALSE FALSE FALSE ...
 $ Race.IsAnalyzeFullPastAndFuture  : logi  TRUE TRUE TRUE TRUE TRUE TRUE ...
 $ Race.IsAnalyzeFullPast           : logi  TRUE TRUE TRUE TRUE TRUE TRUE ...
 $ Race.IsAnalyzeFullFuture         : logi  FALSE FALSE FALSE FALSE FALSE FALSE ...
 $ Race.JyokenCd                    : Factor w/ 1 level "2": 1 1 1 1 1 1 1 1 1 1 ...
 $ Race.JyoType1Cd                  : Factor w/ 82 levels "2-08-1900-1",..: 1 1 1 1 1 1 1 1 1 1 ...
 $ Race.RaceType0Cd                 : Factor w/ 133 levels "2-08-1900-1-2-E-14",..: 1 1 1 1 1 1 1 1 1 1 ...
 $ Race.RaceType1Cd                 : Factor w/ 2 levels "2-2-E","2-2-X": 1 1 1 1 1 1 1 1 1 1 ...
 $ Race.RaceType2Cd                 : Factor w/ 2 levels "2-2-E","2-2-X": 1 1 1 1 1 1 1 1 1 1 ...
 $ Race.RaceType3Cd                 : Factor w/ 3 levels "2-E-14","2-E-13",..: 1 1 1 1 1 1 1 1 1 1 ...
 $ Race.RaceType4Cd                 : Factor w/ 2 levels "2-2-14","2-2-13": 1 1 1 1 1 1 1 1 1 1 ...
 $ RaceHorse.RaceId                 : Factor w/ 514 levels "20160105-08-01-01-09",..: 1 1 1 1 1 1 1 1 1 1 ...
 $ RaceHorse.KettoNum               : Factor w/ 1532 levels "2010100540","2009106416",..: 1 2 3 4 5 6 7 8 9 10 ...
 $ RaceHorse.IsHit1                 : int  1 0 0 0 0 0 0 0 0 0 ...
 $ RaceHorse.IsHit2                 : int  0 0 0 0 0 0 0 0 0 0 ...
 $ RaceHorse.IsHit3                 : int  0 0 0 0 0 0 0 1 0 0 ...
 $ RaceHorse.IsHit4                 : int  0 0 0 0 0 0 1 0 0 0 ...
 $ RaceHorse.IsHit5                 : int  0 0 0 0 0 1 0 0 0 0 ...
 $ RaceHorse.IsHit6                 : int  0 1 0 1 1 0 0 0 1 1 ...
 $ RaceHorse.IsValidRaceHorse       : logi  TRUE TRUE FALSE TRUE TRUE TRUE ...
 $ RaceHorse.IsHitA                 : int  1 0 0 0 0 0 0 0 0 0 ...
 $ RaceHorse.IsHitB                 : int  1 0 0 0 0 0 0 0 0 0 ...
 $ RaceHorse.IsHitC                 : int  1 0 0 0 0 0 0 1 0 0 ...
 $ DataMiningTaisen.TmScoreSdv      : num  0.681 -1.371 -1.01 -0.577 0.907 ...
 $ EOF                              : int  1 1 1 1 1 1 1 1 1 1 ...
[1] "2022-02-18 23:21:36 --- RxSqlServerData Finish ---"
[1] "2022-02-18 23:21:36 --- subset Start ---"
[1] "--------------------------------------------------------------------------------"
[1] "nrow(data) subset before=7542"
[1] "nrow(data) subset after =5791"
[1] "nrow(data) subset diff =1751"
[1] "--------------------------------------------------------------------------------"
[1] "2022-02-18 23:21:36 --- subset Finish---"
[1] "2022-02-18 23:21:36 --- transform Start ---"
[1] "--------------------------------------------------------------------------------"
[1] "nrow(data) transform before=5791"
[1] "nrow(data) transform after=5791"
[1] "nrow(data) transform diff=0"
[1] "--------------------------------------------------------------------------------"
[1] "str(data)="
'data.frame':	5791 obs. of  29 variables:
 $ Race.RaceId                      : Factor w/ 514 levels "20160105-08-01-01-09",..: 1 1 1 1 1 1 1 1 1 1 ...
 $ Race.IsPredictedRace             : logi  TRUE TRUE TRUE TRUE TRUE TRUE ...
 $ Race.IsAnalyzeNormalPastAndFuture: logi  TRUE TRUE TRUE TRUE TRUE TRUE ...
 $ Race.IsAnalyzeNormalPast         : logi  TRUE TRUE TRUE TRUE TRUE TRUE ...
 $ Race.IsAnalyzeNormalFuture       : logi  FALSE FALSE FALSE FALSE FALSE FALSE ...
 $ Race.IsAnalyzeFullPastAndFuture  : logi  TRUE TRUE TRUE TRUE TRUE TRUE ...
 $ Race.IsAnalyzeFullPast           : logi  TRUE TRUE TRUE TRUE TRUE TRUE ...
 $ Race.IsAnalyzeFullFuture         : logi  FALSE FALSE FALSE FALSE FALSE FALSE ...
 $ Race.JyokenCd                    : Factor w/ 1 level "2": 1 1 1 1 1 1 1 1 1 1 ...
 $ Race.JyoType1Cd                  : Factor w/ 82 levels "2-08-1900-1",..: 1 1 1 1 1 1 1 1 1 1 ...
 $ Race.RaceType0Cd                 : Factor w/ 133 levels "2-08-1900-1-2-E-14",..: 1 1 1 1 1 1 1 1 1 1 ...
 $ Race.RaceType1Cd                 : Factor w/ 2 levels "2-2-E","2-2-X": 1 1 1 1 1 1 1 1 1 1 ...
 $ Race.RaceType2Cd                 : Factor w/ 2 levels "2-2-E","2-2-X": 1 1 1 1 1 1 1 1 1 1 ...
 $ Race.RaceType3Cd                 : Factor w/ 3 levels "2-E-14","2-E-13",..: 1 1 1 1 1 1 1 1 1 1 ...
 $ Race.RaceType4Cd                 : Factor w/ 2 levels "2-2-14","2-2-13": 1 1 1 1 1 1 1 1 1 1 ...
 $ RaceHorse.RaceId                 : Factor w/ 514 levels "20160105-08-01-01-09",..: 1 1 1 1 1 1 1 1 1 1 ...
 $ RaceHorse.KettoNum               : Factor w/ 1532 levels "2010100540","2009106416",..: 1 2 3 4 5 6 7 8 9 10 ...
 $ RaceHorse.IsHit1                 : int  1 0 0 0 0 0 0 0 0 0 ...
 $ RaceHorse.IsHit2                 : int  0 0 0 0 0 0 0 0 0 0 ...
 $ RaceHorse.IsHit3                 : int  0 0 0 0 0 0 0 1 0 0 ...
 $ RaceHorse.IsHit4                 : int  0 0 0 0 0 0 1 0 0 0 ...
 $ RaceHorse.IsHit5                 : int  0 0 0 0 0 1 0 0 0 0 ...
 $ RaceHorse.IsHit6                 : int  0 1 0 1 1 0 0 0 1 1 ...
 $ RaceHorse.IsValidRaceHorse       : logi  TRUE TRUE FALSE TRUE TRUE TRUE ...
 $ RaceHorse.IsHitA                 : int  1 0 0 0 0 0 0 0 0 0 ...
 $ RaceHorse.IsHitB                 : int  1 0 0 0 0 0 0 0 0 0 ...
 $ RaceHorse.IsHitC                 : int  1 0 0 0 0 0 0 1 0 0 ...
 $ DataMiningTaisen.TmScoreSdv      : num  0.681 -1.371 -1.01 -0.577 0.907 ...
 $ EOF                              : int  1 1 1 1 1 1 1 1 1 1 ...
NULL
[1] "2022-02-18 23:21:37 --- transform Finish ---"
[1] "2022-02-18 23:21:37 --- na.omit Start ---"
[1] "--------------------------------------------------------------------------------"
[1] "nrow(data) na.omit before=5791"
[1] "nrow(data) na.omit after =5791"
[1] "nrow(data) na.omit diff =0"
[1] "--------------------------------------------------------------------------------"
'data.frame':	5791 obs. of  29 variables:
 $ Race.RaceId                      : Factor w/ 514 levels "20160105-08-01-01-09",..: 1 1 1 1 1 1 1 1 1 1 ...
 $ Race.IsPredictedRace             : logi  TRUE TRUE TRUE TRUE TRUE TRUE ...
 $ Race.IsAnalyzeNormalPastAndFuture: logi  TRUE TRUE TRUE TRUE TRUE TRUE ...
 $ Race.IsAnalyzeNormalPast         : logi  TRUE TRUE TRUE TRUE TRUE TRUE ...
 $ Race.IsAnalyzeNormalFuture       : logi  FALSE FALSE FALSE FALSE FALSE FALSE ...
 $ Race.IsAnalyzeFullPastAndFuture  : logi  TRUE TRUE TRUE TRUE TRUE TRUE ...
 $ Race.IsAnalyzeFullPast           : logi  TRUE TRUE TRUE TRUE TRUE TRUE ...
 $ Race.IsAnalyzeFullFuture         : logi  FALSE FALSE FALSE FALSE FALSE FALSE ...
 $ Race.JyokenCd                    : Factor w/ 1 level "2": 1 1 1 1 1 1 1 1 1 1 ...
 $ Race.JyoType1Cd                  : Factor w/ 82 levels "2-08-1900-1",..: 1 1 1 1 1 1 1 1 1 1 ...
 $ Race.RaceType0Cd                 : Factor w/ 133 levels "2-08-1900-1-2-E-14",..: 1 1 1 1 1 1 1 1 1 1 ...
 $ Race.RaceType1Cd                 : Factor w/ 2 levels "2-2-E","2-2-X": 1 1 1 1 1 1 1 1 1 1 ...
 $ Race.RaceType2Cd                 : Factor w/ 2 levels "2-2-E","2-2-X": 1 1 1 1 1 1 1 1 1 1 ...
 $ Race.RaceType3Cd                 : Factor w/ 3 levels "2-E-14","2-E-13",..: 1 1 1 1 1 1 1 1 1 1 ...
 $ Race.RaceType4Cd                 : Factor w/ 2 levels "2-2-14","2-2-13": 1 1 1 1 1 1 1 1 1 1 ...
 $ RaceHorse.RaceId                 : Factor w/ 514 levels "20160105-08-01-01-09",..: 1 1 1 1 1 1 1 1 1 1 ...
 $ RaceHorse.KettoNum               : Factor w/ 1532 levels "2010100540","2009106416",..: 1 2 3 4 5 6 7 8 9 10 ...
 $ RaceHorse.IsHit1                 : int  1 0 0 0 0 0 0 0 0 0 ...
 $ RaceHorse.IsHit2                 : int  0 0 0 0 0 0 0 0 0 0 ...
 $ RaceHorse.IsHit3                 : int  0 0 0 0 0 0 0 1 0 0 ...
 $ RaceHorse.IsHit4                 : int  0 0 0 0 0 0 1 0 0 0 ...
 $ RaceHorse.IsHit5                 : int  0 0 0 0 0 1 0 0 0 0 ...
 $ RaceHorse.IsHit6                 : int  0 1 0 1 1 0 0 0 1 1 ...
 $ RaceHorse.IsValidRaceHorse       : logi  TRUE TRUE FALSE TRUE TRUE TRUE ...
 $ RaceHorse.IsHitA                 : int  1 0 0 0 0 0 0 0 0 0 ...
 $ RaceHorse.IsHitB                 : int  1 0 0 0 0 0 0 0 0 0 ...
 $ RaceHorse.IsHitC                 : int  1 0 0 0 0 0 0 1 0 0 ...
 $ DataMiningTaisen.TmScoreSdv      : num  0.681 -1.371 -1.01 -0.577 0.907 ...
 $ EOF                              : int  1 1 1 1 1 1 1 1 1 1 ...
[1] "2022-02-18 23:21:37 --- na.omit Finish ---"
[1] "2022-02-18 23:21:37 --- rxGlm with rxStepControl Start ---"

> print(paste0(Sys.time(), " --- source_logic_glm.R Start ---"))
[1] "2022-02-18 23:21:37 --- source_logic_glm.R Start ---"

> formula <- formula(RaceHorse.IsHitA ~ +1 + DataMiningTaisen.TmScoreSdv)

> print(paste0(Sys.time(), " --- source_logic_glm.R Finished ---"))
[1] "2022-02-18 23:21:37 --- source_logic_glm.R Finished ---"
Rows Read: 5791, Total Rows Processed: 5791, Total Chunk Time: Less than .001 seconds 

Starting values (iteration 1) time: 0.018 secs.
Rows Read: 5791, Total Rows Processed: 5791, Total Chunk Time: Less than .001 seconds 

Iteration 2 time: 0.009 secs.
Rows Read: 5791, Total Rows Processed: 5791, Total Chunk Time: Less than .001 seconds 

Iteration 3 time: 0.013 secs.
Rows Read: 5791, Total Rows Processed: 5791, Total Chunk Time: Less than .001 seconds 

Iteration 4 time: 0.006 secs.
Rows Read: 5791, Total Rows Processed: 5791, Total Chunk Time: Less than .001 seconds 

Iteration 5 time: 0.007 secs.
Rows Read: 5791, Total Rows Processed: 5791, Total Chunk Time: Less than .001 seconds 

Iteration 6 time: 0.005 secs.

Elapsed computation time: 0.099 secs.
Rows Read: 5791, Total Rows Processed: 5791, Total Chunk Time: Less than .001 seconds 

Starting values (iteration 1) time: 0.007 secs.
Rows Read: 5791, Total Rows Processed: 5791, Total Chunk Time: Less than .001 seconds 

Iteration 2 time: 0.011 secs.

Elapsed computation time: 0.041 secs.
Rows Read: 5791, Total Rows Processed: 5791, Total Chunk Time: Less than .001 seconds 

Starting values (iteration 1) time: 0.012 secs.
Rows Read: 5791, Total Rows Processed: 5791, Total Chunk Time: 0.002 seconds 

Iteration 2 time: 0.006 secs.
Rows Read: 5791, Total Rows Processed: 5791, Total Chunk Time: 0.001 seconds 

Iteration 3 time: 0.007 secs.
Rows Read: 5791, Total Rows Processed: 5791, Total Chunk Time: 0.001 seconds 

Iteration 4 time: 0.007 secs.
Rows Read: 5791, Total Rows Processed: 5791, Total Chunk Time: Less than .001 seconds 

Iteration 5 time: 0.009 secs.
Rows Read: 5791, Total Rows Processed: 5791, Total Chunk Time: 0.001 seconds 

Iteration 6 time: 0.009 secs.

Elapsed computation time: 0.117 secs.

Elapsed computation time: 0.286 secs.
[1] "--------------------------------------------------------------------------------"
[1] "analyze.results.glm.step="
Logistic Regression Results for: RaceHorse.IsHitA ~
    DataMiningTaisen.TmScoreSdv
Data: data
Dependent variable(s): RaceHorse.IsHitA
Total independent variables: 2 
Number of valid observations: 5791
Number of missing observations: 0 
 
Coefficients:
                            RaceHorse.IsHitA
(Intercept)                               -3
DataMiningTaisen.TmScoreSdv                1
[1] "analyze.results.glm.step.summary"
Call:
rxLogit(formula = formula, data = data, variableSelection = analyze.results.glm.step.varsel)

Logistic Regression Results for: RaceHorse.IsHitA ~
    DataMiningTaisen.TmScoreSdv
Data: data
Dependent variable(s): RaceHorse.IsHitA
Total independent variables: 2 
Number of valid observations: 5791
Number of missing observations: 0 
-2*LogLikelihood: 2561.692 (Residual deviance on 5789 degrees of freedom)
 
Coefficients:
                            Estimate Std. Error z value Pr(>|z|)    
(Intercept)                  -3.0426     0.0723   -42.1  2.2e-16 ***
DataMiningTaisen.TmScoreSdv   1.0444     0.0605    17.3  2.2e-16 ***
---
Signif. codes:  0 '***' 0.001 '**' 0.01 '*' 0.05 '.' 0.1 ' ' 1

Condition number of final variance-covariance matrix: 1 
Number of iterations: 6
[1] "--------------------------------------------------------------------------------"
[1] "2022-02-18 23:21:38 --- rxGlm with rxStepControl Finish ---"
[1] "2022-02-18 23:21:38 --- rxStepPlot Start ---"
[1] "pdfFilename=pdf_analyze_glm_DataMiningTaisen_Type22_rxStepPlot.pdf"
[1] "rxStepPlot="
[1] "2022-02-18 23:21:38 --- rxStepPlot Finish ---"
[1] "2022-02-18 23:21:38 --- save.image Start ---"
[1] "save.image"
[1] "rdataFilename=RData_analyze_glm_DataMiningTaisen_Type22.RData"
[1] "2022-02-18 23:21:38 --- save.image Finish ---"
[1] "2022-02-18 23:21:38 --- final Start ---"
[1] "--------------------------------------------------------------------------------"
[1] "nrow(data) final=5791"
[1] "--------------------------------------------------------------------------------"
[1] "2022-02-18 23:21:38 --- final Finish ---"
[1] "2022-02-18 23:21:38 --- analyze_glm.R Finished ---"
[1] "2022-02-18 23:21:38 --- log Finish ---"
