[1] "2022-02-18 01:43:19 --- D1115_analyze_glm_Odds_IsHitA_Type23 Start ---"
[1] "2022-02-18 01:43:19 --- Log Start ---"
[1] "2022-02-18 01:43:19 --- analyze_glm.R Start ---"
[1] "analyzeVersion=D1115"
[1] "analyzeCategory=analyze"
[1] "analyzeType=Odds"
[1] "analyzeFamily=IsHitA"
[1] "analyzeFunc=glm"
[1] "analyzeTrackTypeCd=2"
[1] "analyzeJyokenCd=3"
[1] "2022-02-18 01:43:19 --- source_function.R Start ---"
[1] "2022-02-18 01:43:19 --- source_function.R Finished ---"

> print(paste0(Sys.time(), " --- source_library.R Start ---"))
[1] "2022-02-18 01:43:19 --- source_library.R Start ---"

> require("RevoScaleR")

> print(paste0(Sys.time(), " --- source_library.R Finished ---"))
[1] "2022-02-18 01:43:24 --- source_library.R Finished ---"
[1] "2022-02-18 01:43:24 --- RxSqlServerData Start ---"
[1] "2022-02-18 01:43:24 --- RxInSqlServer Start ---"
[1] "2022-02-18 01:43:24 --- RxInSqlServer Finish ---"
[1] "2022-02-18 01:43:24 --- rxSetComputeContext Start ---"
[1] "2022-02-18 01:43:24 --- rxSetComputeContext Finish ---"
[1] "2022-02-18 01:43:24 --- RxSqlServerData Start ---"
[1] "sqlQuery=SELECT * FROM ViewAnalyzeD1115analyze01OddsType23"
[1] "2022-02-18 01:43:24 --- RxSqlServerData Finish ---"
[1] "2022-02-18 01:43:24 --- rxGetVarInfo Start ---"
[1] "2022-02-18 01:43:24 --- rxGetVarInfo Finish---"
[1] "2022-02-18 01:43:24 --- rxImport Start ---"
Rows Read: 19046, Total Rows Processed: 19046, Total Chunk Time: 0.346 seconds 
[1] "2022-02-18 01:43:28 --- rxImport Finish ---"
[1] "object.size(data) auto=3.6 Mb"
[1] "--------------------------------------------------------------------------------"
[1] "nrow(data) RxSqlServerData=19046"
[1] "--------------------------------------------------------------------------------"
[1] "str(data)="
'data.frame':	19046 obs. of  35 variables:
 $ Race.RaceId                      : Factor w/ 1284 levels "20190629-03-02-01-10",..: 11 12 13 14 15 16 17 18 19 20 ...
 $ Race.IsPredictedRace             : logi  TRUE TRUE TRUE TRUE TRUE TRUE ...
 $ Race.IsAnalyzeNormalPastAndFuture: logi  TRUE TRUE TRUE TRUE TRUE TRUE ...
 $ Race.IsAnalyzeNormalPast         : logi  FALSE FALSE TRUE TRUE TRUE TRUE ...
 $ Race.IsAnalyzeNormalFuture       : logi  TRUE TRUE FALSE FALSE FALSE FALSE ...
 $ Race.IsAnalyzeFullPastAndFuture  : logi  TRUE TRUE TRUE TRUE TRUE TRUE ...
 $ Race.IsAnalyzeFullPast           : logi  FALSE FALSE TRUE TRUE TRUE TRUE ...
 $ Race.IsAnalyzeFullFuture         : logi  TRUE TRUE FALSE FALSE FALSE FALSE ...
 $ Race.JyokenCd                    : Factor w/ 1 level "3": 1 1 1 1 1 1 1 1 1 1 ...
 $ Race.JyoType1Cd                  : Factor w/ 112 levels "2-03-1150-2",..: 3 11 12 13 14 13 15 3 16 17 ...
 $ Race.RaceType0Cd                 : Factor w/ 281 levels "2-03-1150-2-3-E-13",..: 11 12 13 14 15 16 17 18 19 20 ...
 $ Race.RaceType1Cd                 : Factor w/ 2 levels "2-3-E","2-3-X": 2 2 1 2 2 1 1 1 2 2 ...
 $ Race.RaceType2Cd                 : Factor w/ 2 levels "2-3-E","2-3-X": 2 2 1 2 2 1 1 1 2 2 ...
 $ Race.RaceType3Cd                 : Factor w/ 4 levels "3-E-13","3-X-14",..: 4 2 1 2 2 1 3 3 2 2 ...
 $ Race.RaceType4Cd                 : Factor w/ 2 levels "2-3-13","2-3-14": 1 2 1 2 2 1 2 2 2 2 ...
 $ RaceHorse.RaceId                 : Factor w/ 1284 levels "20190629-03-02-01-10",..: 11 12 13 14 15 16 17 18 19 20 ...
 $ RaceHorse.KettoNum               : Factor w/ 3894 levels "2014100268","2014104353",..: 11 12 13 14 15 16 17 18 19 20 ...
 $ RaceHorse.IsHit1                 : int  0 0 0 0 1 0 0 0 0 0 ...
 $ RaceHorse.IsHit2                 : int  0 0 0 0 0 0 0 0 0 0 ...
 $ RaceHorse.IsHit3                 : int  0 1 0 0 0 0 0 0 0 0 ...
 $ RaceHorse.IsHit4                 : int  1 0 0 0 0 0 0 0 0 0 ...
 $ RaceHorse.IsHit5                 : int  0 0 0 0 0 1 0 0 0 0 ...
 $ RaceHorse.IsHit6                 : int  0 0 1 1 0 0 1 1 1 1 ...
 $ RaceHorse.IsValidRaceHorse       : logi  TRUE TRUE TRUE TRUE TRUE TRUE ...
 $ RaceHorse.IsHitA                 : int  0 0 0 0 1 0 0 0 0 0 ...
 $ RaceHorse.IsHitB                 : int  0 0 0 0 1 0 0 0 0 0 ...
 $ RaceHorse.IsHitC                 : int  0 1 0 0 1 0 0 0 0 0 ...
 $ OddsByWin.Odds1                  : num  7.4 8.3 20.5 5.9 1.6 ...
 $ OddsByWin.Ninki                  : num  2 3 8 4 1 3 6 12 14 15 ...
 $ OddsByWin.OddsLog1               : num  2.128 2.23 3.068 1.932 0.956 ...
 $ OddsByWin.OddsRatio1             : num  0.1562 0.137 0.0513 0.2041 1.6667 ...
 $ OddsByWin.OddsLogit1             : num  -2 -2.12 -3.02 -1.77 -0.47 ...
 $ OddsByWin.ApprovalRate1          : num  0.1351 0.1205 0.0488 0.1695 0.625 ...
 $ OddsByWin.ApprovalRateLog1       : num  0.1268 0.1138 0.0476 0.1566 0.4855 ...
 $ EOF                              : int  1 1 1 1 1 1 1 1 1 1 ...
[1] "2022-02-18 01:43:29 --- RxSqlServerData Finish ---"
[1] "2022-02-18 01:43:29 --- subset Start ---"
[1] "--------------------------------------------------------------------------------"
[1] "nrow(data) subset before=19046"
[1] "nrow(data) subset after =15131"
[1] "nrow(data) subset diff =3915"
[1] "--------------------------------------------------------------------------------"
[1] "2022-02-18 01:43:29 --- subset Finish---"
[1] "2022-02-18 01:43:29 --- transform Start ---"
[1] "--------------------------------------------------------------------------------"
[1] "nrow(data) transform before=15131"
[1] "nrow(data) transform after=15131"
[1] "nrow(data) transform diff=0"
[1] "--------------------------------------------------------------------------------"
[1] "str(data)="
'data.frame':	15131 obs. of  35 variables:
 $ Race.RaceId                      : Factor w/ 1284 levels "20190629-03-02-01-10",..: 13 14 15 16 17 18 19 22 23 24 ...
 $ Race.IsPredictedRace             : logi  TRUE TRUE TRUE TRUE TRUE TRUE ...
 $ Race.IsAnalyzeNormalPastAndFuture: logi  TRUE TRUE TRUE TRUE TRUE TRUE ...
 $ Race.IsAnalyzeNormalPast         : logi  TRUE TRUE TRUE TRUE TRUE TRUE ...
 $ Race.IsAnalyzeNormalFuture       : logi  FALSE FALSE FALSE FALSE FALSE FALSE ...
 $ Race.IsAnalyzeFullPastAndFuture  : logi  TRUE TRUE TRUE TRUE TRUE TRUE ...
 $ Race.IsAnalyzeFullPast           : logi  TRUE TRUE TRUE TRUE TRUE TRUE ...
 $ Race.IsAnalyzeFullFuture         : logi  FALSE FALSE FALSE FALSE FALSE FALSE ...
 $ Race.JyokenCd                    : Factor w/ 1 level "3": 1 1 1 1 1 1 1 1 1 1 ...
 $ Race.JyoType1Cd                  : Factor w/ 112 levels "2-03-1150-2",..: 12 13 14 13 15 3 16 4 19 20 ...
 $ Race.RaceType0Cd                 : Factor w/ 281 levels "2-03-1150-2-3-E-13",..: 13 14 15 16 17 18 19 4 22 23 ...
 $ Race.RaceType1Cd                 : Factor w/ 2 levels "2-3-E","2-3-X": 1 2 2 1 1 1 2 2 1 2 ...
 $ Race.RaceType2Cd                 : Factor w/ 2 levels "2-3-E","2-3-X": 1 2 2 1 1 1 2 2 1 2 ...
 $ Race.RaceType3Cd                 : Factor w/ 4 levels "3-E-13","3-X-14",..: 1 2 2 1 3 3 2 2 3 2 ...
 $ Race.RaceType4Cd                 : Factor w/ 2 levels "2-3-13","2-3-14": 1 2 2 1 2 2 2 2 2 2 ...
 $ RaceHorse.RaceId                 : Factor w/ 1284 levels "20190629-03-02-01-10",..: 13 14 15 16 17 18 19 22 23 24 ...
 $ RaceHorse.KettoNum               : Factor w/ 3894 levels "2014100268","2014104353",..: 13 14 15 16 17 18 19 22 23 24 ...
 $ RaceHorse.IsHit1                 : int  0 0 1 0 0 0 0 0 0 1 ...
 $ RaceHorse.IsHit2                 : int  0 0 0 0 0 0 0 0 0 0 ...
 $ RaceHorse.IsHit3                 : int  0 0 0 0 0 0 0 0 0 0 ...
 $ RaceHorse.IsHit4                 : int  0 0 0 0 0 0 0 0 0 0 ...
 $ RaceHorse.IsHit5                 : int  0 0 0 1 0 0 0 0 0 0 ...
 $ RaceHorse.IsHit6                 : int  1 1 0 0 1 1 1 1 1 0 ...
 $ RaceHorse.IsValidRaceHorse       : logi  TRUE TRUE TRUE TRUE TRUE TRUE ...
 $ RaceHorse.IsHitA                 : int  0 0 1 0 0 0 0 0 0 1 ...
 $ RaceHorse.IsHitB                 : int  0 0 1 0 0 0 0 0 0 1 ...
 $ RaceHorse.IsHitC                 : int  0 0 1 0 0 0 0 0 0 1 ...
 $ OddsByWin.Odds1                  : num  20.5 5.9 1.6 7.6 15.9 ...
 $ OddsByWin.Ninki                  : num  8 4 1 3 6 12 14 2 2 2 ...
 $ OddsByWin.OddsLog1               : num  3.068 1.932 0.956 2.152 2.827 ...
 $ OddsByWin.OddsRatio1             : num  0.0513 0.2041 1.6667 0.1515 0.0671 ...
 $ OddsByWin.OddsLogit1             : num  -3.02 -1.77 -0.47 -2.03 -2.77 ...
 $ OddsByWin.ApprovalRate1          : num  0.0488 0.1695 0.625 0.1316 0.0629 ...
 $ OddsByWin.ApprovalRateLog1       : num  0.0476 0.1566 0.4855 0.1236 0.061 ...
 $ EOF                              : int  1 1 1 1 1 1 1 1 1 1 ...
NULL
[1] "2022-02-18 01:43:29 --- transform Finish ---"
[1] "2022-02-18 01:43:29 --- na.omit Start ---"
[1] "--------------------------------------------------------------------------------"
[1] "nrow(data) na.omit before=15131"
[1] "nrow(data) na.omit after =15066"
[1] "nrow(data) na.omit diff =65"
[1] "--------------------------------------------------------------------------------"
'data.frame':	15066 obs. of  35 variables:
 $ Race.RaceId                      : Factor w/ 1284 levels "20190629-03-02-01-10",..: 13 14 15 16 17 18 19 22 23 24 ...
 $ Race.IsPredictedRace             : logi  TRUE TRUE TRUE TRUE TRUE TRUE ...
 $ Race.IsAnalyzeNormalPastAndFuture: logi  TRUE TRUE TRUE TRUE TRUE TRUE ...
 $ Race.IsAnalyzeNormalPast         : logi  TRUE TRUE TRUE TRUE TRUE TRUE ...
 $ Race.IsAnalyzeNormalFuture       : logi  FALSE FALSE FALSE FALSE FALSE FALSE ...
 $ Race.IsAnalyzeFullPastAndFuture  : logi  TRUE TRUE TRUE TRUE TRUE TRUE ...
 $ Race.IsAnalyzeFullPast           : logi  TRUE TRUE TRUE TRUE TRUE TRUE ...
 $ Race.IsAnalyzeFullFuture         : logi  FALSE FALSE FALSE FALSE FALSE FALSE ...
 $ Race.JyokenCd                    : Factor w/ 1 level "3": 1 1 1 1 1 1 1 1 1 1 ...
 $ Race.JyoType1Cd                  : Factor w/ 112 levels "2-03-1150-2",..: 12 13 14 13 15 3 16 4 19 20 ...
 $ Race.RaceType0Cd                 : Factor w/ 281 levels "2-03-1150-2-3-E-13",..: 13 14 15 16 17 18 19 4 22 23 ...
 $ Race.RaceType1Cd                 : Factor w/ 2 levels "2-3-E","2-3-X": 1 2 2 1 1 1 2 2 1 2 ...
 $ Race.RaceType2Cd                 : Factor w/ 2 levels "2-3-E","2-3-X": 1 2 2 1 1 1 2 2 1 2 ...
 $ Race.RaceType3Cd                 : Factor w/ 4 levels "3-E-13","3-X-14",..: 1 2 2 1 3 3 2 2 3 2 ...
 $ Race.RaceType4Cd                 : Factor w/ 2 levels "2-3-13","2-3-14": 1 2 2 1 2 2 2 2 2 2 ...
 $ RaceHorse.RaceId                 : Factor w/ 1284 levels "20190629-03-02-01-10",..: 13 14 15 16 17 18 19 22 23 24 ...
 $ RaceHorse.KettoNum               : Factor w/ 3894 levels "2014100268","2014104353",..: 13 14 15 16 17 18 19 22 23 24 ...
 $ RaceHorse.IsHit1                 : int  0 0 1 0 0 0 0 0 0 1 ...
 $ RaceHorse.IsHit2                 : int  0 0 0 0 0 0 0 0 0 0 ...
 $ RaceHorse.IsHit3                 : int  0 0 0 0 0 0 0 0 0 0 ...
 $ RaceHorse.IsHit4                 : int  0 0 0 0 0 0 0 0 0 0 ...
 $ RaceHorse.IsHit5                 : int  0 0 0 1 0 0 0 0 0 0 ...
 $ RaceHorse.IsHit6                 : int  1 1 0 0 1 1 1 1 1 0 ...
 $ RaceHorse.IsValidRaceHorse       : logi  TRUE TRUE TRUE TRUE TRUE TRUE ...
 $ RaceHorse.IsHitA                 : int  0 0 1 0 0 0 0 0 0 1 ...
 $ RaceHorse.IsHitB                 : int  0 0 1 0 0 0 0 0 0 1 ...
 $ RaceHorse.IsHitC                 : int  0 0 1 0 0 0 0 0 0 1 ...
 $ OddsByWin.Odds1                  : num  20.5 5.9 1.6 7.6 15.9 ...
 $ OddsByWin.Ninki                  : num  8 4 1 3 6 12 14 2 2 2 ...
 $ OddsByWin.OddsLog1               : num  3.068 1.932 0.956 2.152 2.827 ...
 $ OddsByWin.OddsRatio1             : num  0.0513 0.2041 1.6667 0.1515 0.0671 ...
 $ OddsByWin.OddsLogit1             : num  -3.02 -1.77 -0.47 -2.03 -2.77 ...
 $ OddsByWin.ApprovalRate1          : num  0.0488 0.1695 0.625 0.1316 0.0629 ...
 $ OddsByWin.ApprovalRateLog1       : num  0.0476 0.1566 0.4855 0.1236 0.061 ...
 $ EOF                              : int  1 1 1 1 1 1 1 1 1 1 ...
 - attr(*, "na.action")= 'omit' Named int  630 795 807 1072 1150 1318 1428 1672 2033 2295 ...
  ..- attr(*, "names")= chr  "825" "1027" "1046" "1371" ...
[1] "2022-02-18 01:43:30 --- na.omit Finish ---"
[1] "2022-02-18 01:43:30 --- rxGlm with rxStepControl Start ---"

> print(paste0(Sys.time(), " --- source_logic_glm.R Start ---"))
[1] "2022-02-18 01:43:30 --- source_logic_glm.R Start ---"

> formula <- formula(RaceHorse.IsHitA ~ +1 + OddsByWin.OddsLogit1)

> print(paste0(Sys.time(), " --- source_logic_glm.R Finished ---"))
[1] "2022-02-18 01:43:30 --- source_logic_glm.R Finished ---"
Rows Read: 15066, Total Rows Processed: 15066, Total Chunk Time: 0.001 seconds 

Starting values (iteration 1) time: 0.012 secs.
Rows Read: 15066, Total Rows Processed: 15066, Total Chunk Time: 0.002 seconds 

Iteration 2 time: 0.007 secs.
Rows Read: 15066, Total Rows Processed: 15066, Total Chunk Time: Less than .001 seconds 

Iteration 3 time: 0.011 secs.
Rows Read: 15066, Total Rows Processed: 15066, Total Chunk Time: 0.002 seconds 

Iteration 4 time: 0.008 secs.
Rows Read: 15066, Total Rows Processed: 15066, Total Chunk Time: 0.002 seconds 

Iteration 5 time: 0.008 secs.
Rows Read: 15066, Total Rows Processed: 15066, Total Chunk Time: 0.002 seconds 

Iteration 6 time: 0.008 secs.

Elapsed computation time: 0.083 secs.
Rows Read: 15066, Total Rows Processed: 15066, Total Chunk Time: 0.001 seconds 

Starting values (iteration 1) time: 0.009 secs.
Rows Read: 15066, Total Rows Processed: 15066, Total Chunk Time: 0.002 seconds 

Iteration 2 time: 0.008 secs.

Elapsed computation time: 0.028 secs.
Rows Read: 15066, Total Rows Processed: 15066, Total Chunk Time: Less than .001 seconds 

Starting values (iteration 1) time: 0.008 secs.
Rows Read: 15066, Total Rows Processed: 15066, Total Chunk Time: 0.002 seconds 

Iteration 2 time: 0.013 secs.
Rows Read: 15066, Total Rows Processed: 15066, Total Chunk Time: 0.002 seconds 

Iteration 3 time: 0.013 secs.
Rows Read: 15066, Total Rows Processed: 15066, Total Chunk Time: 0.002 seconds 

Iteration 4 time: 0.024 secs.
Rows Read: 15066, Total Rows Processed: 15066, Total Chunk Time: 0.002 seconds 

Iteration 5 time: 0.007 secs.
Rows Read: 15066, Total Rows Processed: 15066, Total Chunk Time: 0.002 seconds 

Iteration 6 time: 0.014 secs.

Elapsed computation time: 0.119 secs.

Elapsed computation time: 0.255 secs.
[1] "--------------------------------------------------------------------------------"
[1] "analyze.results.glm.step="
Logistic Regression Results for: RaceHorse.IsHitA ~
    OddsByWin.OddsLogit1
Data: data
Dependent variable(s): RaceHorse.IsHitA
Total independent variables: 2 
Number of valid observations: 15066
Number of missing observations: 0 
 
Coefficients:
                     RaceHorse.IsHitA
(Intercept)                       0.3
OddsByWin.OddsLogit1              1.2
[1] "analyze.results.glm.step.summary"
Call:
rxLogit(formula = formula, data = data, variableSelection = analyze.results.glm.step.varsel)

Logistic Regression Results for: RaceHorse.IsHitA ~
    OddsByWin.OddsLogit1
Data: data
Dependent variable(s): RaceHorse.IsHitA
Total independent variables: 2 
Number of valid observations: 15066
Number of missing observations: 0 
-2*LogLikelihood: 6047.628 (Residual deviance on 15064 degrees of freedom)
 
Coefficients:
                     Estimate Std. Error z value Pr(>|z|)    
(Intercept)            0.2654     0.0815    3.25   0.0011 ** 
OddsByWin.OddsLogit1   1.1602     0.0377   30.77  2.2e-16 ***
---
Signif. codes:  0 '***' 0.001 '**' 0.01 '*' 0.05 '.' 0.1 ' ' 1

Condition number of final variance-covariance matrix: 1 
Number of iterations: 6
[1] "--------------------------------------------------------------------------------"
[1] "2022-02-18 01:43:30 --- rxGlm with rxStepControl Finish ---"
[1] "2022-02-18 01:43:30 --- rxStepPlot Start ---"
[1] "pdfFilename=pdf_analyze_glm_Odds_Type23_rxStepPlot.pdf"
[1] "rxStepPlot="
[1] "2022-02-18 01:43:35 --- rxStepPlot Finish ---"
[1] "2022-02-18 01:43:35 --- save.image Start ---"
[1] "save.image"
[1] "rdataFilename=RData_analyze_glm_Odds_Type23.RData"
[1] "2022-02-18 01:43:45 --- save.image Finish ---"
[1] "2022-02-18 01:43:45 --- final Start ---"
[1] "--------------------------------------------------------------------------------"
[1] "nrow(data) final=15066"
[1] "--------------------------------------------------------------------------------"
[1] "2022-02-18 01:43:45 --- final Finish ---"
[1] "2022-02-18 01:43:45 --- analyze_glm.R Finished ---"
[1] "2022-02-18 01:43:45 --- log Finish ---"
