[1] "2022-03-08 18:37:10 --- D1115_analyze_glm_Gen02_IsHitA_Type13 Start ---"
[1] "2022-03-08 18:37:10 --- Log Start ---"
[1] "2022-03-08 18:37:10 --- analyze_glm.R Start ---"
[1] "analyzeVersion=D1115"
[1] "analyzeCategory=analyze"
[1] "analyzeType=Gen02"
[1] "analyzeFamily=IsHitA"
[1] "analyzeFunc=glm"
[1] "analyzeTrackTypeCd=1"
[1] "analyzeJyokenCd=3"
[1] "2022-03-08 18:37:10 --- source_function.R Start ---"
[1] "2022-03-08 18:37:10 --- source_function.R Finished ---"

> print(paste0(Sys.time(), " --- source_library.R Start ---"))
[1] "2022-03-08 18:37:10 --- source_library.R Start ---"

> require("RevoScaleR")

> print(paste0(Sys.time(), " --- source_library.R Finished ---"))
[1] "2022-03-08 18:37:10 --- source_library.R Finished ---"
[1] "2022-03-08 18:37:10 --- RxSqlServerData Start ---"
[1] "2022-03-08 18:37:10 --- RxInSqlServer Start ---"
[1] "2022-03-08 18:37:10 --- RxInSqlServer Finish ---"
[1] "2022-03-08 18:37:10 --- rxSetComputeContext Start ---"
[1] "2022-03-08 18:37:10 --- rxSetComputeContext Finish ---"
[1] "2022-03-08 18:37:10 --- RxSqlServerData Start ---"
[1] "sqlQuery=SELECT * FROM ViewAnalyzeD1115analyze01Gen02Type13"
[1] "2022-03-08 18:37:10 --- RxSqlServerData Finish ---"
[1] "2022-03-08 18:37:10 --- rxGetVarInfo Start ---"
[1] "2022-03-08 18:37:12 --- rxGetVarInfo Finish---"
[1] "2022-03-08 18:37:12 --- rxImport Start ---"
Rows Read: 12045, Total Rows Processed: 12045, Total Chunk Time: 240.889 seconds 
[1] "2022-03-08 18:51:26 --- rxImport Finish ---"
[1] "object.size(data) auto=4.2 Mb"
[1] "--------------------------------------------------------------------------------"
[1] "nrow(data) RxSqlServerData=12045"
[1] "--------------------------------------------------------------------------------"
[1] "str(data)="
'data.frame':	12045 obs. of  48 variables:
 $ Race.RaceId                      : Factor w/ 1192 levels "20190105-06-01-01-12",..: 11 12 13 14 15 16 17 18 19 20 ...
 $ Race.IsAnalyzeNormalPastAndFuture: logi  TRUE TRUE TRUE TRUE TRUE TRUE ...
 $ Race.IsAnalyzeNormalPast         : logi  TRUE TRUE TRUE TRUE TRUE TRUE ...
 $ Race.IsAnalyzeNormalFuture       : logi  FALSE FALSE FALSE FALSE FALSE FALSE ...
 $ Race.IsAnalyzeFullPastAndFuture  : logi  TRUE TRUE TRUE TRUE TRUE TRUE ...
 $ Race.IsAnalyzeFullPast           : logi  TRUE TRUE TRUE TRUE TRUE TRUE ...
 $ Race.IsAnalyzeFullFuture         : logi  FALSE FALSE FALSE FALSE FALSE FALSE ...
 $ Race.JyokenCd                    : Factor w/ 1 level "3": 1 1 1 1 1 1 1 1 1 1 ...
 $ Race.JyoType1Cd                  : Factor w/ 154 levels "18-06-1600-1",..: 10 11 12 6 13 14 15 16 17 18 ...
 $ Race.RaceType1Cd                 : Factor w/ 2 levels "1-3-14","1-3-13": 2 2 2 1 1 1 2 1 1 2 ...
 $ RaceHorse.RaceId                 : Factor w/ 1192 levels "20190105-06-01-01-12",..: 11 12 13 14 15 16 17 18 19 20 ...
 $ RaceHorse.KettoNum               : Factor w/ 2389 levels "2013106025","2010101435",..: 11 12 13 14 15 16 17 18 19 20 ...
 $ RaceHorse.IsHit1                 : num  1 0 0 0 0 0 0 0 0 0 ...
 $ RaceHorse.IsHit2                 : num  0 0 0 0 0 0 0 0 0 0 ...
 $ RaceHorse.IsHit3                 : num  0 0 0 0 0 0 0 0 0 0 ...
 $ RaceHorse.IsHit4                 : num  0 1 0 0 0 0 0 0 0 0 ...
 $ RaceHorse.IsHit5                 : num  0 0 0 0 0 0 0 0 0 0 ...
 $ RaceHorse.IsHit6                 : num  0 0 1 1 1 1 1 1 1 1 ...
 $ RaceHorse.IsValidRaceHorse       : logi  TRUE TRUE TRUE TRUE TRUE TRUE ...
 $ RaceHorse.FinishTimeSdvByRace    : num  1.203 0.743 0.403 -0.433 -0.102 ...
 $ RaceHorse.FirstTimeSdvByRace     : num  1.606 -0.46 -1.722 0.073 -1.875 ...
 $ RaceHorse.LastTimeSdvByRace      : num  0.468 0.73 1.241 -0.464 0.562 ...
 $ RaceHorse.FinishTimeSdv          : num  1.0109 1.8912 0.0493 0.4627 0.8971 ...
 $ RaceHorse.FirstTimeSdv           : num  0.4654 1.4229 -0.7278 0.0736 0.7666 ...
 $ RaceHorse.LastTimeSdv            : num  1.004 0.435 0.671 0.648 0.357 ...
 $ RaceHorse.IsHitA                 : num  1 0 0 0 0 0 0 0 0 0 ...
 $ RaceHorse.IsHitB                 : num  1 0 0 0 0 0 0 0 0 0 ...
 $ RaceHorse.IsHitC                 : num  1 0 0 0 0 0 0 0 0 0 ...
 $ Gen02.HansyokuNum                : Factor w/ 1891 levels "12242131","12242192",..: 11 12 13 14 15 16 17 18 19 20 ...
 $ Gen02.FinishTimeSdvByRaceAvg     : num  0.0697 -0.1508 1.0735 -0.8536 -0.2563 ...
 $ Gen02.FirstTimeSdvByRaceAvg      : num  -0.3417 -0.8455 0.7399 2.6385 -0.0885 ...
 $ Gen02.LastTimeSdvByRaceAvg       : num  0.35 0.289 0.418 -2.39 -0.211 ...
 $ Gen02.FinishTimeSdvAvg           : num  1.309 0.753 1.298 0.22 0.196 ...
 $ Gen02.FirstTimeSdvAvg            : num  1.162 0.497 1.385 1.749 0.433 ...
 $ Gen02.LastTimeSdvAvg             : num  0.468 0.531 0.491 -1.883 -0.24 ...
 $ Gen02.RealOddsLog1Avg            : num  2.06 3.62 2.23 2.63 4.05 ...
 $ Gen02.RunCount                   : num  1 8 4 1 8 5 2 1 4 17 ...
 $ Gen02.HitCount1                  : num  0 0 0 0 0 0 1 0 0 1 ...
 $ Gen02.HitCount2                  : num  0 0 1 0 0 1 0 0 1 1 ...
 $ Gen02.HitCount3                  : num  0 1 2 0 0 0 0 0 1 1 ...
 $ Gen02.HitCount4                  : num  0 2 0 0 1 0 1 0 1 2 ...
 $ Gen02.HitCount5                  : num  0 0 1 0 0 1 0 0 0 2 ...
 $ Gen02.HitRate1                   : num  0 0 0 0 0 ...
 $ Gen02.HitRate2                   : num  0 0 0.25 0 0 ...
 $ Gen02.HitRate3                   : num  0 0.125 0.5 0 0 ...
 $ Gen02.HitRate4                   : num  0 0.25 0 0 0.125 ...
 $ Gen02.HitRate5                   : num  0 0 0.25 0 0 ...
 $ EOF                              : int  1 1 1 1 1 1 1 1 1 1 ...
[1] "2022-03-08 18:51:26 --- RxSqlServerData Finish ---"
[1] "2022-03-08 18:51:26 --- subset Start ---"
[1] "--------------------------------------------------------------------------------"
[1] "nrow(data) subset before=12045"
[1] "nrow(data) subset after =12045"
[1] "nrow(data) subset diff =0"
[1] "--------------------------------------------------------------------------------"
[1] "2022-03-08 18:51:26 --- subset Finish---"
[1] "2022-03-08 18:51:26 --- transform Start ---"
[1] "--------------------------------------------------------------------------------"
[1] "nrow(data) transform before=12045"
[1] "nrow(data) transform after=12045"
[1] "nrow(data) transform diff=0"
[1] "--------------------------------------------------------------------------------"
[1] "str(data)="
'data.frame':	12045 obs. of  48 variables:
 $ Race.RaceId                      : Factor w/ 1192 levels "20190105-06-01-01-12",..: 11 12 13 14 15 16 17 18 19 20 ...
 $ Race.IsAnalyzeNormalPastAndFuture: logi  TRUE TRUE TRUE TRUE TRUE TRUE ...
 $ Race.IsAnalyzeNormalPast         : logi  TRUE TRUE TRUE TRUE TRUE TRUE ...
 $ Race.IsAnalyzeNormalFuture       : logi  FALSE FALSE FALSE FALSE FALSE FALSE ...
 $ Race.IsAnalyzeFullPastAndFuture  : logi  TRUE TRUE TRUE TRUE TRUE TRUE ...
 $ Race.IsAnalyzeFullPast           : logi  TRUE TRUE TRUE TRUE TRUE TRUE ...
 $ Race.IsAnalyzeFullFuture         : logi  FALSE FALSE FALSE FALSE FALSE FALSE ...
 $ Race.JyokenCd                    : Factor w/ 1 level "3": 1 1 1 1 1 1 1 1 1 1 ...
 $ Race.JyoType1Cd                  : Factor w/ 154 levels "18-06-1600-1",..: 10 11 12 6 13 14 15 16 17 18 ...
 $ Race.RaceType1Cd                 : Factor w/ 2 levels "1-3-14","1-3-13": 2 2 2 1 1 1 2 1 1 2 ...
 $ RaceHorse.RaceId                 : Factor w/ 1192 levels "20190105-06-01-01-12",..: 11 12 13 14 15 16 17 18 19 20 ...
 $ RaceHorse.KettoNum               : Factor w/ 2389 levels "2013106025","2010101435",..: 11 12 13 14 15 16 17 18 19 20 ...
 $ RaceHorse.IsHit1                 : num  1 0 0 0 0 0 0 0 0 0 ...
 $ RaceHorse.IsHit2                 : num  0 0 0 0 0 0 0 0 0 0 ...
 $ RaceHorse.IsHit3                 : num  0 0 0 0 0 0 0 0 0 0 ...
 $ RaceHorse.IsHit4                 : num  0 1 0 0 0 0 0 0 0 0 ...
 $ RaceHorse.IsHit5                 : num  0 0 0 0 0 0 0 0 0 0 ...
 $ RaceHorse.IsHit6                 : num  0 0 1 1 1 1 1 1 1 1 ...
 $ RaceHorse.IsValidRaceHorse       : logi  TRUE TRUE TRUE TRUE TRUE TRUE ...
 $ RaceHorse.FinishTimeSdvByRace    : num  1.203 0.743 0.403 -0.433 -0.102 ...
 $ RaceHorse.FirstTimeSdvByRace     : num  1.606 -0.46 -1.722 0.073 -1.875 ...
 $ RaceHorse.LastTimeSdvByRace      : num  0.468 0.73 1.241 -0.464 0.562 ...
 $ RaceHorse.FinishTimeSdv          : num  1.0109 1.8912 0.0493 0.4627 0.8971 ...
 $ RaceHorse.FirstTimeSdv           : num  0.4654 1.4229 -0.7278 0.0736 0.7666 ...
 $ RaceHorse.LastTimeSdv            : num  1.004 0.435 0.671 0.648 0.357 ...
 $ RaceHorse.IsHitA                 : num  1 0 0 0 0 0 0 0 0 0 ...
 $ RaceHorse.IsHitB                 : num  1 0 0 0 0 0 0 0 0 0 ...
 $ RaceHorse.IsHitC                 : num  1 0 0 0 0 0 0 0 0 0 ...
 $ Gen02.HansyokuNum                : Factor w/ 1891 levels "12242131","12242192",..: 11 12 13 14 15 16 17 18 19 20 ...
 $ Gen02.FinishTimeSdvByRaceAvg     : num  0.0697 -0.1508 1.0735 -0.8536 -0.2563 ...
 $ Gen02.FirstTimeSdvByRaceAvg      : num  -0.3417 -0.8455 0.7399 2.6385 -0.0885 ...
 $ Gen02.LastTimeSdvByRaceAvg       : num  0.35 0.289 0.418 -2.39 -0.211 ...
 $ Gen02.FinishTimeSdvAvg           : num  1.309 0.753 1.298 0.22 0.196 ...
 $ Gen02.FirstTimeSdvAvg            : num  1.162 0.497 1.385 1.749 0.433 ...
 $ Gen02.LastTimeSdvAvg             : num  0.468 0.531 0.491 -1.883 -0.24 ...
 $ Gen02.RealOddsLog1Avg            : num  2.06 3.62 2.23 2.63 4.05 ...
 $ Gen02.RunCount                   : num  1 8 4 1 8 5 2 1 4 17 ...
 $ Gen02.HitCount1                  : num  0 0 0 0 0 0 1 0 0 1 ...
 $ Gen02.HitCount2                  : num  0 0 1 0 0 1 0 0 1 1 ...
 $ Gen02.HitCount3                  : num  0 1 2 0 0 0 0 0 1 1 ...
 $ Gen02.HitCount4                  : num  0 2 0 0 1 0 1 0 1 2 ...
 $ Gen02.HitCount5                  : num  0 0 1 0 0 1 0 0 0 2 ...
 $ Gen02.HitRate1                   : num  0 0 0 0 0 ...
 $ Gen02.HitRate2                   : num  0 0 0.25 0 0 ...
 $ Gen02.HitRate3                   : num  0 0.125 0.5 0 0 ...
 $ Gen02.HitRate4                   : num  0 0.25 0 0 0.125 ...
 $ Gen02.HitRate5                   : num  0 0 0.25 0 0 ...
 $ EOF                              : int  1 1 1 1 1 1 1 1 1 1 ...
NULL
[1] "2022-03-08 18:51:27 --- transform Finish ---"
[1] "2022-03-08 18:51:27 --- na.omit Start ---"
[1] "--------------------------------------------------------------------------------"
[1] "nrow(data) na.omit before=12045"
[1] "nrow(data) na.omit after =11986"
[1] "nrow(data) na.omit diff =59"
[1] "--------------------------------------------------------------------------------"
'data.frame':	11986 obs. of  48 variables:
 $ Race.RaceId                      : Factor w/ 1192 levels "20190105-06-01-01-12",..: 11 12 13 14 15 16 17 18 19 20 ...
 $ Race.IsAnalyzeNormalPastAndFuture: logi  TRUE TRUE TRUE TRUE TRUE TRUE ...
 $ Race.IsAnalyzeNormalPast         : logi  TRUE TRUE TRUE TRUE TRUE TRUE ...
 $ Race.IsAnalyzeNormalFuture       : logi  FALSE FALSE FALSE FALSE FALSE FALSE ...
 $ Race.IsAnalyzeFullPastAndFuture  : logi  TRUE TRUE TRUE TRUE TRUE TRUE ...
 $ Race.IsAnalyzeFullPast           : logi  TRUE TRUE TRUE TRUE TRUE TRUE ...
 $ Race.IsAnalyzeFullFuture         : logi  FALSE FALSE FALSE FALSE FALSE FALSE ...
 $ Race.JyokenCd                    : Factor w/ 1 level "3": 1 1 1 1 1 1 1 1 1 1 ...
 $ Race.JyoType1Cd                  : Factor w/ 154 levels "18-06-1600-1",..: 10 11 12 6 13 14 15 16 17 18 ...
 $ Race.RaceType1Cd                 : Factor w/ 2 levels "1-3-14","1-3-13": 2 2 2 1 1 1 2 1 1 2 ...
 $ RaceHorse.RaceId                 : Factor w/ 1192 levels "20190105-06-01-01-12",..: 11 12 13 14 15 16 17 18 19 20 ...
 $ RaceHorse.KettoNum               : Factor w/ 2389 levels "2013106025","2010101435",..: 11 12 13 14 15 16 17 18 19 20 ...
 $ RaceHorse.IsHit1                 : num  1 0 0 0 0 0 0 0 0 0 ...
 $ RaceHorse.IsHit2                 : num  0 0 0 0 0 0 0 0 0 0 ...
 $ RaceHorse.IsHit3                 : num  0 0 0 0 0 0 0 0 0 0 ...
 $ RaceHorse.IsHit4                 : num  0 1 0 0 0 0 0 0 0 0 ...
 $ RaceHorse.IsHit5                 : num  0 0 0 0 0 0 0 0 0 0 ...
 $ RaceHorse.IsHit6                 : num  0 0 1 1 1 1 1 1 1 1 ...
 $ RaceHorse.IsValidRaceHorse       : logi  TRUE TRUE TRUE TRUE TRUE TRUE ...
 $ RaceHorse.FinishTimeSdvByRace    : num  1.203 0.743 0.403 -0.433 -0.102 ...
 $ RaceHorse.FirstTimeSdvByRace     : num  1.606 -0.46 -1.722 0.073 -1.875 ...
 $ RaceHorse.LastTimeSdvByRace      : num  0.468 0.73 1.241 -0.464 0.562 ...
 $ RaceHorse.FinishTimeSdv          : num  1.0109 1.8912 0.0493 0.4627 0.8971 ...
 $ RaceHorse.FirstTimeSdv           : num  0.4654 1.4229 -0.7278 0.0736 0.7666 ...
 $ RaceHorse.LastTimeSdv            : num  1.004 0.435 0.671 0.648 0.357 ...
 $ RaceHorse.IsHitA                 : num  1 0 0 0 0 0 0 0 0 0 ...
 $ RaceHorse.IsHitB                 : num  1 0 0 0 0 0 0 0 0 0 ...
 $ RaceHorse.IsHitC                 : num  1 0 0 0 0 0 0 0 0 0 ...
 $ Gen02.HansyokuNum                : Factor w/ 1891 levels "12242131","12242192",..: 11 12 13 14 15 16 17 18 19 20 ...
 $ Gen02.FinishTimeSdvByRaceAvg     : num  0.0697 -0.1508 1.0735 -0.8536 -0.2563 ...
 $ Gen02.FirstTimeSdvByRaceAvg      : num  -0.3417 -0.8455 0.7399 2.6385 -0.0885 ...
 $ Gen02.LastTimeSdvByRaceAvg       : num  0.35 0.289 0.418 -2.39 -0.211 ...
 $ Gen02.FinishTimeSdvAvg           : num  1.309 0.753 1.298 0.22 0.196 ...
 $ Gen02.FirstTimeSdvAvg            : num  1.162 0.497 1.385 1.749 0.433 ...
 $ Gen02.LastTimeSdvAvg             : num  0.468 0.531 0.491 -1.883 -0.24 ...
 $ Gen02.RealOddsLog1Avg            : num  2.06 3.62 2.23 2.63 4.05 ...
 $ Gen02.RunCount                   : num  1 8 4 1 8 5 2 1 4 17 ...
 $ Gen02.HitCount1                  : num  0 0 0 0 0 0 1 0 0 1 ...
 $ Gen02.HitCount2                  : num  0 0 1 0 0 1 0 0 1 1 ...
 $ Gen02.HitCount3                  : num  0 1 2 0 0 0 0 0 1 1 ...
 $ Gen02.HitCount4                  : num  0 2 0 0 1 0 1 0 1 2 ...
 $ Gen02.HitCount5                  : num  0 0 1 0 0 1 0 0 0 2 ...
 $ Gen02.HitRate1                   : num  0 0 0 0 0 ...
 $ Gen02.HitRate2                   : num  0 0 0.25 0 0 ...
 $ Gen02.HitRate3                   : num  0 0.125 0.5 0 0 ...
 $ Gen02.HitRate4                   : num  0 0.25 0 0 0.125 ...
 $ Gen02.HitRate5                   : num  0 0 0.25 0 0 ...
 $ EOF                              : int  1 1 1 1 1 1 1 1 1 1 ...
 - attr(*, "na.action")= 'omit' Named int  199 401 493 505 645 754 1254 1281 1398 1423 ...
  ..- attr(*, "names")= chr  "199" "401" "493" "505" ...
[1] "2022-03-08 18:51:27 --- na.omit Finish ---"
[1] "2022-03-08 18:51:27 --- rxLogit with rxStepControl Start ---"

> print(paste0(Sys.time(), " --- source_logic_glm.R Start ---"))
[1] "2022-03-08 18:51:27 --- source_logic_glm.R Start ---"

> formula <- formula(RaceHorse.IsHitA ~ +1 + Gen02.FinishTimeSdvByRaceAvg)

> print(paste0(Sys.time(), " --- source_logic_glm.R Finished ---"))
[1] "2022-03-08 18:51:27 --- source_logic_glm.R Finished ---"
Rows Read: 11986, Total Rows Processed: 11986, Total Chunk Time: Less than .001 seconds 

Starting values (iteration 1) time: 0.009 secs.
Rows Read: 11986, Total Rows Processed: 11986, Total Chunk Time: Less than .001 seconds 

Iteration 2 time: 0.005 secs.
Rows Read: 11986, Total Rows Processed: 11986, Total Chunk Time: 0.001 seconds 

Iteration 3 time: 0.004 secs.
Rows Read: 11986, Total Rows Processed: 11986, Total Chunk Time: Less than .001 seconds 

Iteration 4 time: 0.003 secs.
Rows Read: 11986, Total Rows Processed: 11986, Total Chunk Time: Less than .001 seconds 

Iteration 5 time: 0.004 secs.

Elapsed computation time: 0.039 secs.
Rows Read: 11986, Total Rows Processed: 11986, Total Chunk Time: Less than .001 seconds 

Starting values (iteration 1) time: 0.005 secs.
Rows Read: 11986, Total Rows Processed: 11986, Total Chunk Time: Less than .001 seconds 

Iteration 2 time: 0.004 secs.

Elapsed computation time: 0.016 secs.
Rows Read: 11986, Total Rows Processed: 11986, Total Chunk Time: Less than .001 seconds 

Starting values (iteration 1) time: 0.005 secs.
Rows Read: 11986, Total Rows Processed: 11986, Total Chunk Time: Less than .001 seconds 

Iteration 2 time: 0.004 secs.
Rows Read: 11986, Total Rows Processed: 11986, Total Chunk Time: Less than .001 seconds 

Iteration 3 time: 0.004 secs.
Rows Read: 11986, Total Rows Processed: 11986, Total Chunk Time: Less than .001 seconds 

Iteration 4 time: 0.003 secs.
Rows Read: 11986, Total Rows Processed: 11986, Total Chunk Time: Less than .001 seconds 

Iteration 5 time: 0.004 secs.

Elapsed computation time: 0.040 secs.

Elapsed computation time: 0.108 secs.
[1] "--------------------------------------------------------------------------------"
[1] "analyze.results.glm.step="
Logistic Regression Results for: RaceHorse.IsHitA ~
    Gen02.FinishTimeSdvByRaceAvg
Data: data
Dependent variable(s): RaceHorse.IsHitA
Total independent variables: 2 
Number of valid observations: 11986
Number of missing observations: 0 
 
Coefficients:
                             RaceHorse.IsHitA
(Intercept)                                -3
Gen02.FinishTimeSdvByRaceAvg                1
[1] "analyze.results.glm.step.summary"
Call:
rxLogit(formula = formula, data = data, variableSelection = analyze.results.glm.step.varsel)

Logistic Regression Results for: RaceHorse.IsHitA ~
    Gen02.FinishTimeSdvByRaceAvg
Data: data
Dependent variable(s): RaceHorse.IsHitA
Total independent variables: 2 
Number of valid observations: 11986
Number of missing observations: 0 
-2*LogLikelihood: 6212.775 (Residual deviance on 11984 degrees of freedom)
 
Coefficients:
                             Estimate Std. Error z value Pr(>|z|)    
(Intercept)                   -2.8375     0.0460   -61.6  2.2e-16 ***
Gen02.FinishTimeSdvByRaceAvg   1.0929     0.0671    16.3  2.2e-16 ***
---
Signif. codes:  0 '***' 0.001 '**' 0.01 '*' 0.05 '.' 0.1 ' ' 1

Condition number of final variance-covariance matrix: 1 
Number of iterations: 5
[1] "--------------------------------------------------------------------------------"
[1] "2022-03-08 18:51:27 --- rxLogit with rxStepControl Finish ---"
[1] "2022-03-08 18:51:27 --- rxStepPlot Start ---"
[1] "pdfFilename=pdf_analyze_glm_Gen02_Type13_rxStepPlot.pdf"
[1] "rxStepPlot="
[1] "2022-03-08 18:51:27 --- rxStepPlot Finish ---"
[1] "2022-03-08 18:51:27 --- save.image Start ---"
[1] "save.image"
[1] "rdataFilename=RData_analyze_glm_Gen02_Type13.RData"
[1] "2022-03-08 18:51:27 --- save.image Finish ---"
[1] "2022-03-08 18:51:27 --- final Start ---"
[1] "--------------------------------------------------------------------------------"
[1] "nrow(data) final=11986"
[1] "--------------------------------------------------------------------------------"
[1] "2022-03-08 18:51:27 --- final Finish ---"
[1] "2022-03-08 18:51:27 --- analyze_glm.R Finished ---"
[1] "2022-03-08 18:51:27 --- log Finish ---"
