[1] "2022-03-08 19:08:22 --- D1115_analyze_glm_Jockey_IsHitA_Type16 Start ---"
[1] "2022-03-08 19:08:22 --- Log Start ---"
[1] "2022-03-08 19:08:22 --- analyze_glm.R Start ---"
[1] "analyzeVersion=D1115"
[1] "analyzeCategory=analyze"
[1] "analyzeType=Jockey"
[1] "analyzeFamily=IsHitA"
[1] "analyzeFunc=glm"
[1] "analyzeTrackTypeCd=1"
[1] "analyzeJyokenCd=6"
[1] "2022-03-08 19:08:22 --- source_function.R Start ---"
[1] "2022-03-08 19:08:22 --- source_function.R Finished ---"

> print(paste0(Sys.time(), " --- source_library.R Start ---"))
[1] "2022-03-08 19:08:22 --- source_library.R Start ---"

> require("RevoScaleR")

> print(paste0(Sys.time(), " --- source_library.R Finished ---"))
[1] "2022-03-08 19:08:22 --- source_library.R Finished ---"
[1] "2022-03-08 19:08:22 --- RxSqlServerData Start ---"
[1] "2022-03-08 19:08:22 --- RxInSqlServer Start ---"
[1] "2022-03-08 19:08:22 --- RxInSqlServer Finish ---"
[1] "2022-03-08 19:08:22 --- rxSetComputeContext Start ---"
[1] "2022-03-08 19:08:23 --- rxSetComputeContext Finish ---"
[1] "2022-03-08 19:08:23 --- RxSqlServerData Start ---"
[1] "sqlQuery=SELECT * FROM ViewAnalyzeD1115analyze01JockeyType16"
[1] "2022-03-08 19:08:23 --- RxSqlServerData Finish ---"
[1] "2022-03-08 19:08:23 --- rxGetVarInfo Start ---"
[1] "2022-03-08 19:08:23 --- rxGetVarInfo Finish---"
[1] "2022-03-08 19:08:23 --- rxImport Start ---"
Rows Read: 13248, Total Rows Processed: 13248, Total Chunk Time: 840.498 seconds 
[1] "2022-03-08 19:27:23 --- rxImport Finish ---"
[1] "object.size(data) auto=5.1 Mb"
[1] "--------------------------------------------------------------------------------"
[1] "nrow(data) RxSqlServerData=13248"
[1] "--------------------------------------------------------------------------------"
[1] "str(data)="
'data.frame':	13248 obs. of  47 variables:
 $ Race.RaceId                      : Factor w/ 992 levels "20160117-06-01-06-06",..: 1 2 3 4 1 5 6 1 6 7 ...
 $ Race.IsAnalyzeNormalPastAndFuture: logi  TRUE TRUE TRUE TRUE TRUE TRUE ...
 $ Race.IsAnalyzeNormalPast         : logi  TRUE TRUE TRUE TRUE TRUE TRUE ...
 $ Race.IsAnalyzeNormalFuture       : logi  FALSE FALSE FALSE FALSE FALSE FALSE ...
 $ Race.IsAnalyzeFullPastAndFuture  : logi  TRUE TRUE TRUE TRUE TRUE TRUE ...
 $ Race.IsAnalyzeFullPast           : logi  TRUE TRUE TRUE TRUE TRUE TRUE ...
 $ Race.IsAnalyzeFullFuture         : logi  FALSE FALSE FALSE FALSE FALSE FALSE ...
 $ Race.JyokenCd                    : Factor w/ 1 level "6": 1 1 1 1 1 1 1 1 1 1 ...
 $ Race.JyoType1Cd                  : Factor w/ 119 levels "17-06-2000-1",..: 1 2 2 3 1 3 2 1 2 4 ...
 $ Race.RaceType1Cd                 : Factor w/ 2 levels "1-6-12","1-6-11": 1 1 1 1 1 1 1 1 1 1 ...
 $ RaceHorse.RaceId                 : Factor w/ 992 levels "20160117-06-01-06-06",..: 1 2 3 4 1 5 6 1 6 7 ...
 $ RaceHorse.KettoNum               : Factor w/ 13229 levels "2013100083","2013100468",..: 1 2 3 4 5 6 7 8 9 10 ...
 $ RaceHorse.IsHit1                 : num  0 0 0 0 1 0 0 0 0 0 ...
 $ RaceHorse.IsHit2                 : num  0 1 0 0 0 0 0 0 0 0 ...
 $ RaceHorse.IsHit3                 : num  0 0 0 0 0 0 0 0 0 0 ...
 $ RaceHorse.IsHit4                 : num  0 0 0 0 0 0 0 0 0 0 ...
 $ RaceHorse.IsHit5                 : num  0 0 0 0 0 0 0 0 0 0 ...
 $ RaceHorse.IsHit6                 : num  1 0 1 1 0 1 1 1 1 1 ...
 $ RaceHorse.IsValidRaceHorse       : logi  FALSE TRUE TRUE FALSE TRUE TRUE ...
 $ RaceHorse.FinishTimeSdvByRace    : num  -0.754 1.248 -0.857 -0.194 1.256 ...
 $ RaceHorse.FirstTimeSdvByRace     : num  -1.313 -0.282 -0.652 0.758 1.262 ...
 $ RaceHorse.LastTimeSdvByRace      : num  0.332 1.04 -0.455 -0.613 0.483 ...
 $ RaceHorse.FinishTimeSdv          : num  -1.83 0.296 -0.933 -1.981 -0.989 ...
 $ RaceHorse.FirstTimeSdv           : num  -2.5336 -0.4545 -0.0723 -2.1598 -1.6067 ...
 $ RaceHorse.LastTimeSdv            : num  0.61 0.892 -1.144 -0.244 0.683 ...
 $ RaceHorse.IsHitA                 : num  0 0 0 0 1 0 0 0 0 0 ...
 $ RaceHorse.IsHitB                 : num  0 1 0 0 1 0 0 0 0 0 ...
 $ RaceHorse.IsHitC                 : num  0 1 0 0 1 0 0 0 0 0 ...
 $ Jockey.FinishTimeSdvByRaceAvg    : num  0.7029 -0.0742 -0.036 0.3628 0.3533 ...
 $ Jockey.FirstTimeSdvByRaceAvg     : num  0.384 0.173 0.332 0.34 0.818 ...
 $ Jockey.LastTimeSdvByRaceAvg      : num  0.55 -0.164 -0.337 0.114 -0.176 ...
 $ Jockey.FinishTimeSdvAvg          : num  -0.95 -1.039 -1.067 -0.939 -1.144 ...
 $ Jockey.FirstTimeSdvAvg           : num  -1.278 -0.879 -0.723 -0.936 -1.237 ...
 $ Jockey.LastTimeSdvAvg            : num  0.246 -0.417 -0.58 -0.224 -0.11 ...
 $ Jockey.RealOddsLog1Avg           : num  2.02 3.71 3.75 3.17 3.92 ...
 $ Jockey.RunCount                  : num  23 18 6 19 4 10 7 16 7 1 ...
 $ Jockey.HitCount1                 : num  5 1 0 0 0 0 0 0 0 0 ...
 $ Jockey.HitCount2                 : num  3 1 0 0 1 0 0 2 0 1 ...
 $ Jockey.HitCount3                 : num  2 0 0 1 0 0 0 1 1 0 ...
 $ Jockey.HitCount4                 : num  3 1 0 4 1 0 0 0 0 0 ...
 $ Jockey.HitCount5                 : num  2 2 1 4 0 2 0 3 0 0 ...
 $ Jockey.HitRate1                  : num  0.2174 0.0556 0 0 0 ...
 $ Jockey.HitRate2                  : num  0.1304 0.0556 0 0 0.25 ...
 $ Jockey.HitRate3                  : num  0.087 0 0 0.0526 0 ...
 $ Jockey.HitRate4                  : num  0.1304 0.0556 0 0.2105 0.25 ...
 $ Jockey.HitRate5                  : num  0.087 0.111 0.167 0.211 0 ...
 $ EOF                              : int  1 1 1 1 1 1 1 1 1 1 ...
[1] "2022-03-08 19:27:23 --- RxSqlServerData Finish ---"
[1] "2022-03-08 19:27:23 --- subset Start ---"
[1] "--------------------------------------------------------------------------------"
[1] "nrow(data) subset before=13248"
[1] "nrow(data) subset after =13248"
[1] "nrow(data) subset diff =0"
[1] "--------------------------------------------------------------------------------"
[1] "2022-03-08 19:27:23 --- subset Finish---"
[1] "2022-03-08 19:27:23 --- transform Start ---"
[1] "--------------------------------------------------------------------------------"
[1] "nrow(data) transform before=13248"
[1] "nrow(data) transform after=13248"
[1] "nrow(data) transform diff=0"
[1] "--------------------------------------------------------------------------------"
[1] "str(data)="
'data.frame':	13248 obs. of  47 variables:
 $ Race.RaceId                      : Factor w/ 992 levels "20160117-06-01-06-06",..: 1 2 3 4 1 5 6 1 6 7 ...
 $ Race.IsAnalyzeNormalPastAndFuture: logi  TRUE TRUE TRUE TRUE TRUE TRUE ...
 $ Race.IsAnalyzeNormalPast         : logi  TRUE TRUE TRUE TRUE TRUE TRUE ...
 $ Race.IsAnalyzeNormalFuture       : logi  FALSE FALSE FALSE FALSE FALSE FALSE ...
 $ Race.IsAnalyzeFullPastAndFuture  : logi  TRUE TRUE TRUE TRUE TRUE TRUE ...
 $ Race.IsAnalyzeFullPast           : logi  TRUE TRUE TRUE TRUE TRUE TRUE ...
 $ Race.IsAnalyzeFullFuture         : logi  FALSE FALSE FALSE FALSE FALSE FALSE ...
 $ Race.JyokenCd                    : Factor w/ 1 level "6": 1 1 1 1 1 1 1 1 1 1 ...
 $ Race.JyoType1Cd                  : Factor w/ 119 levels "17-06-2000-1",..: 1 2 2 3 1 3 2 1 2 4 ...
 $ Race.RaceType1Cd                 : Factor w/ 2 levels "1-6-12","1-6-11": 1 1 1 1 1 1 1 1 1 1 ...
 $ RaceHorse.RaceId                 : Factor w/ 992 levels "20160117-06-01-06-06",..: 1 2 3 4 1 5 6 1 6 7 ...
 $ RaceHorse.KettoNum               : Factor w/ 13229 levels "2013100083","2013100468",..: 1 2 3 4 5 6 7 8 9 10 ...
 $ RaceHorse.IsHit1                 : num  0 0 0 0 1 0 0 0 0 0 ...
 $ RaceHorse.IsHit2                 : num  0 1 0 0 0 0 0 0 0 0 ...
 $ RaceHorse.IsHit3                 : num  0 0 0 0 0 0 0 0 0 0 ...
 $ RaceHorse.IsHit4                 : num  0 0 0 0 0 0 0 0 0 0 ...
 $ RaceHorse.IsHit5                 : num  0 0 0 0 0 0 0 0 0 0 ...
 $ RaceHorse.IsHit6                 : num  1 0 1 1 0 1 1 1 1 1 ...
 $ RaceHorse.IsValidRaceHorse       : logi  FALSE TRUE TRUE FALSE TRUE TRUE ...
 $ RaceHorse.FinishTimeSdvByRace    : num  -0.754 1.248 -0.857 -0.194 1.256 ...
 $ RaceHorse.FirstTimeSdvByRace     : num  -1.313 -0.282 -0.652 0.758 1.262 ...
 $ RaceHorse.LastTimeSdvByRace      : num  0.332 1.04 -0.455 -0.613 0.483 ...
 $ RaceHorse.FinishTimeSdv          : num  -1.83 0.296 -0.933 -1.981 -0.989 ...
 $ RaceHorse.FirstTimeSdv           : num  -2.5336 -0.4545 -0.0723 -2.1598 -1.6067 ...
 $ RaceHorse.LastTimeSdv            : num  0.61 0.892 -1.144 -0.244 0.683 ...
 $ RaceHorse.IsHitA                 : num  0 0 0 0 1 0 0 0 0 0 ...
 $ RaceHorse.IsHitB                 : num  0 1 0 0 1 0 0 0 0 0 ...
 $ RaceHorse.IsHitC                 : num  0 1 0 0 1 0 0 0 0 0 ...
 $ Jockey.FinishTimeSdvByRaceAvg    : num  0.7029 -0.0742 -0.036 0.3628 0.3533 ...
 $ Jockey.FirstTimeSdvByRaceAvg     : num  0.384 0.173 0.332 0.34 0.818 ...
 $ Jockey.LastTimeSdvByRaceAvg      : num  0.55 -0.164 -0.337 0.114 -0.176 ...
 $ Jockey.FinishTimeSdvAvg          : num  -0.95 -1.039 -1.067 -0.939 -1.144 ...
 $ Jockey.FirstTimeSdvAvg           : num  -1.278 -0.879 -0.723 -0.936 -1.237 ...
 $ Jockey.LastTimeSdvAvg            : num  0.246 -0.417 -0.58 -0.224 -0.11 ...
 $ Jockey.RealOddsLog1Avg           : num  2.02 3.71 3.75 3.17 3.92 ...
 $ Jockey.RunCount                  : num  23 18 6 19 4 10 7 16 7 1 ...
 $ Jockey.HitCount1                 : num  5 1 0 0 0 0 0 0 0 0 ...
 $ Jockey.HitCount2                 : num  3 1 0 0 1 0 0 2 0 1 ...
 $ Jockey.HitCount3                 : num  2 0 0 1 0 0 0 1 1 0 ...
 $ Jockey.HitCount4                 : num  3 1 0 4 1 0 0 0 0 0 ...
 $ Jockey.HitCount5                 : num  2 2 1 4 0 2 0 3 0 0 ...
 $ Jockey.HitRate1                  : num  0.2174 0.0556 0 0 0 ...
 $ Jockey.HitRate2                  : num  0.1304 0.0556 0 0 0.25 ...
 $ Jockey.HitRate3                  : num  0.087 0 0 0.0526 0 ...
 $ Jockey.HitRate4                  : num  0.1304 0.0556 0 0.2105 0.25 ...
 $ Jockey.HitRate5                  : num  0.087 0.111 0.167 0.211 0 ...
 $ EOF                              : int  1 1 1 1 1 1 1 1 1 1 ...
NULL
[1] "2022-03-08 19:27:23 --- transform Finish ---"
[1] "2022-03-08 19:27:23 --- na.omit Start ---"
[1] "--------------------------------------------------------------------------------"
[1] "nrow(data) na.omit before=13248"
[1] "nrow(data) na.omit after =13169"
[1] "nrow(data) na.omit diff =79"
[1] "--------------------------------------------------------------------------------"
'data.frame':	13169 obs. of  47 variables:
 $ Race.RaceId                      : Factor w/ 992 levels "20160117-06-01-06-06",..: 1 2 3 4 1 5 6 1 6 7 ...
 $ Race.IsAnalyzeNormalPastAndFuture: logi  TRUE TRUE TRUE TRUE TRUE TRUE ...
 $ Race.IsAnalyzeNormalPast         : logi  TRUE TRUE TRUE TRUE TRUE TRUE ...
 $ Race.IsAnalyzeNormalFuture       : logi  FALSE FALSE FALSE FALSE FALSE FALSE ...
 $ Race.IsAnalyzeFullPastAndFuture  : logi  TRUE TRUE TRUE TRUE TRUE TRUE ...
 $ Race.IsAnalyzeFullPast           : logi  TRUE TRUE TRUE TRUE TRUE TRUE ...
 $ Race.IsAnalyzeFullFuture         : logi  FALSE FALSE FALSE FALSE FALSE FALSE ...
 $ Race.JyokenCd                    : Factor w/ 1 level "6": 1 1 1 1 1 1 1 1 1 1 ...
 $ Race.JyoType1Cd                  : Factor w/ 119 levels "17-06-2000-1",..: 1 2 2 3 1 3 2 1 2 4 ...
 $ Race.RaceType1Cd                 : Factor w/ 2 levels "1-6-12","1-6-11": 1 1 1 1 1 1 1 1 1 1 ...
 $ RaceHorse.RaceId                 : Factor w/ 992 levels "20160117-06-01-06-06",..: 1 2 3 4 1 5 6 1 6 7 ...
 $ RaceHorse.KettoNum               : Factor w/ 13229 levels "2013100083","2013100468",..: 1 2 3 4 5 6 7 8 9 10 ...
 $ RaceHorse.IsHit1                 : num  0 0 0 0 1 0 0 0 0 0 ...
 $ RaceHorse.IsHit2                 : num  0 1 0 0 0 0 0 0 0 0 ...
 $ RaceHorse.IsHit3                 : num  0 0 0 0 0 0 0 0 0 0 ...
 $ RaceHorse.IsHit4                 : num  0 0 0 0 0 0 0 0 0 0 ...
 $ RaceHorse.IsHit5                 : num  0 0 0 0 0 0 0 0 0 0 ...
 $ RaceHorse.IsHit6                 : num  1 0 1 1 0 1 1 1 1 1 ...
 $ RaceHorse.IsValidRaceHorse       : logi  FALSE TRUE TRUE FALSE TRUE TRUE ...
 $ RaceHorse.FinishTimeSdvByRace    : num  -0.754 1.248 -0.857 -0.194 1.256 ...
 $ RaceHorse.FirstTimeSdvByRace     : num  -1.313 -0.282 -0.652 0.758 1.262 ...
 $ RaceHorse.LastTimeSdvByRace      : num  0.332 1.04 -0.455 -0.613 0.483 ...
 $ RaceHorse.FinishTimeSdv          : num  -1.83 0.296 -0.933 -1.981 -0.989 ...
 $ RaceHorse.FirstTimeSdv           : num  -2.5336 -0.4545 -0.0723 -2.1598 -1.6067 ...
 $ RaceHorse.LastTimeSdv            : num  0.61 0.892 -1.144 -0.244 0.683 ...
 $ RaceHorse.IsHitA                 : num  0 0 0 0 1 0 0 0 0 0 ...
 $ RaceHorse.IsHitB                 : num  0 1 0 0 1 0 0 0 0 0 ...
 $ RaceHorse.IsHitC                 : num  0 1 0 0 1 0 0 0 0 0 ...
 $ Jockey.FinishTimeSdvByRaceAvg    : num  0.7029 -0.0742 -0.036 0.3628 0.3533 ...
 $ Jockey.FirstTimeSdvByRaceAvg     : num  0.384 0.173 0.332 0.34 0.818 ...
 $ Jockey.LastTimeSdvByRaceAvg      : num  0.55 -0.164 -0.337 0.114 -0.176 ...
 $ Jockey.FinishTimeSdvAvg          : num  -0.95 -1.039 -1.067 -0.939 -1.144 ...
 $ Jockey.FirstTimeSdvAvg           : num  -1.278 -0.879 -0.723 -0.936 -1.237 ...
 $ Jockey.LastTimeSdvAvg            : num  0.246 -0.417 -0.58 -0.224 -0.11 ...
 $ Jockey.RealOddsLog1Avg           : num  2.02 3.71 3.75 3.17 3.92 ...
 $ Jockey.RunCount                  : num  23 18 6 19 4 10 7 16 7 1 ...
 $ Jockey.HitCount1                 : num  5 1 0 0 0 0 0 0 0 0 ...
 $ Jockey.HitCount2                 : num  3 1 0 0 1 0 0 2 0 1 ...
 $ Jockey.HitCount3                 : num  2 0 0 1 0 0 0 1 1 0 ...
 $ Jockey.HitCount4                 : num  3 1 0 4 1 0 0 0 0 0 ...
 $ Jockey.HitCount5                 : num  2 2 1 4 0 2 0 3 0 0 ...
 $ Jockey.HitRate1                  : num  0.2174 0.0556 0 0 0 ...
 $ Jockey.HitRate2                  : num  0.1304 0.0556 0 0 0.25 ...
 $ Jockey.HitRate3                  : num  0.087 0 0 0.0526 0 ...
 $ Jockey.HitRate4                  : num  0.1304 0.0556 0 0.2105 0.25 ...
 $ Jockey.HitRate5                  : num  0.087 0.111 0.167 0.211 0 ...
 $ EOF                              : int  1 1 1 1 1 1 1 1 1 1 ...
 - attr(*, "na.action")= 'omit' Named int  311 328 386 451 663 1187 1332 1516 1544 1578 ...
  ..- attr(*, "names")= chr  "311" "328" "386" "451" ...
[1] "2022-03-08 19:27:24 --- na.omit Finish ---"
[1] "2022-03-08 19:27:24 --- rxLogit with rxStepControl Start ---"

> print(paste0(Sys.time(), " --- source_logic_glm.R Start ---"))
[1] "2022-03-08 19:27:24 --- source_logic_glm.R Start ---"

> formula <- formula(RaceHorse.IsHitA ~ +1 + Jockey.FinishTimeSdvByRaceAvg)

> print(paste0(Sys.time(), " --- source_logic_glm.R Finished ---"))
[1] "2022-03-08 19:27:24 --- source_logic_glm.R Finished ---"
Rows Read: 13169, Total Rows Processed: 13169, Total Chunk Time: 0.060 seconds 

Starting values (iteration 1) time: 0.425 secs.
Rows Read: 13169, Total Rows Processed: 13169, Total Chunk Time: 0.009 seconds 

Iteration 2 time: 0.017 secs.
Rows Read: 13169, Total Rows Processed: 13169, Total Chunk Time: 0.002 seconds 

Iteration 3 time: 0.005 secs.
Rows Read: 13169, Total Rows Processed: 13169, Total Chunk Time: 0.002 seconds 

Iteration 4 time: 0.005 secs.
Rows Read: 13169, Total Rows Processed: 13169, Total Chunk Time: 0.002 seconds 

Iteration 5 time: 0.006 secs.

Elapsed computation time: 0.524 secs.
Rows Read: 13169, Total Rows Processed: 13169, Total Chunk Time: Less than .001 seconds 

Starting values (iteration 1) time: 0.010 secs.
Rows Read: 13169, Total Rows Processed: 13169, Total Chunk Time: 0.002 seconds 

Iteration 2 time: 0.008 secs.

Elapsed computation time: 0.028 secs.
Rows Read: 13169, Total Rows Processed: 13169, Total Chunk Time: Less than .001 seconds 

Starting values (iteration 1) time: 0.010 secs.
Rows Read: 13169, Total Rows Processed: 13169, Total Chunk Time: 0.002 seconds 

Iteration 2 time: 0.009 secs.
Rows Read: 13169, Total Rows Processed: 13169, Total Chunk Time: 0.001 seconds 

Iteration 3 time: 0.004 secs.
Rows Read: 13169, Total Rows Processed: 13169, Total Chunk Time: 0.002 seconds 

Iteration 4 time: 0.005 secs.
Rows Read: 13169, Total Rows Processed: 13169, Total Chunk Time: 0.002 seconds 

Iteration 5 time: 0.005 secs.

Elapsed computation time: 0.054 secs.

Elapsed computation time: 0.801 secs.
[1] "--------------------------------------------------------------------------------"
[1] "analyze.results.glm.step="
Logistic Regression Results for: RaceHorse.IsHitA ~
    Jockey.FinishTimeSdvByRaceAvg
Data: data
Dependent variable(s): RaceHorse.IsHitA
Total independent variables: 2 
Number of valid observations: 13169
Number of missing observations: 0 
 
Coefficients:
                              RaceHorse.IsHitA
(Intercept)                                 -3
Jockey.FinishTimeSdvByRaceAvg                3
[1] "analyze.results.glm.step.summary"
Call:
rxLogit(formula = formula, data = data, variableSelection = analyze.results.glm.step.varsel)

Logistic Regression Results for: RaceHorse.IsHitA ~
    Jockey.FinishTimeSdvByRaceAvg
Data: data
Dependent variable(s): RaceHorse.IsHitA
Total independent variables: 2 
Number of valid observations: 13169
Number of missing observations: 0 
-2*LogLikelihood: 6592.93 (Residual deviance on 13167 degrees of freedom)
 
Coefficients:
                              Estimate Std. Error z value Pr(>|z|)    
(Intercept)                    -3.4789     0.0662   -52.6  2.2e-16 ***
Jockey.FinishTimeSdvByRaceAvg   2.8233     0.1394    20.2  2.2e-16 ***
---
Signif. codes:  0 '***' 0.001 '**' 0.01 '*' 0.05 '.' 0.1 ' ' 1

Condition number of final variance-covariance matrix: 1 
Number of iterations: 5
[1] "--------------------------------------------------------------------------------"
[1] "2022-03-08 19:27:25 --- rxLogit with rxStepControl Finish ---"
[1] "2022-03-08 19:27:25 --- rxStepPlot Start ---"
[1] "pdfFilename=pdf_analyze_glm_Jockey_Type16_rxStepPlot.pdf"
[1] "rxStepPlot="
[1] "2022-03-08 19:27:25 --- rxStepPlot Finish ---"
[1] "2022-03-08 19:27:25 --- save.image Start ---"
[1] "save.image"
[1] "rdataFilename=RData_analyze_glm_Jockey_Type16.RData"
[1] "2022-03-08 19:27:25 --- save.image Finish ---"
[1] "2022-03-08 19:27:25 --- final Start ---"
[1] "--------------------------------------------------------------------------------"
[1] "nrow(data) final=13169"
[1] "--------------------------------------------------------------------------------"
[1] "2022-03-08 19:27:25 --- final Finish ---"
[1] "2022-03-08 19:27:25 --- analyze_glm.R Finished ---"
[1] "2022-03-08 19:27:25 --- log Finish ---"
