[1] "2022-02-21 22:11:23 --- D1115_analyze_glm_Jockey_IsHitA_Type35 Start ---"
[1] "2022-02-21 22:11:23 --- Log Start ---"
[1] "2022-02-21 22:11:23 --- analyze_glm.R Start ---"
[1] "analyzeVersion=D1115"
[1] "analyzeCategory=analyze"
[1] "analyzeType=Jockey"
[1] "analyzeFamily=IsHitA"
[1] "analyzeFunc=glm"
[1] "analyzeTrackTypeCd=3"
[1] "analyzeJyokenCd=5"
[1] "2022-02-21 22:11:23 --- source_function.R Start ---"
[1] "2022-02-21 22:11:23 --- source_function.R Finished ---"

> print(paste0(Sys.time(), " --- source_library.R Start ---"))
[1] "2022-02-21 22:11:23 --- source_library.R Start ---"

> require("RevoScaleR")

> print(paste0(Sys.time(), " --- source_library.R Finished ---"))
[1] "2022-02-21 22:11:29 --- source_library.R Finished ---"
[1] "2022-02-21 22:11:29 --- RxSqlServerData Start ---"
[1] "2022-02-21 22:11:29 --- RxInSqlServer Start ---"
[1] "2022-02-21 22:11:29 --- RxInSqlServer Finish ---"
[1] "2022-02-21 22:11:29 --- rxSetComputeContext Start ---"
[1] "2022-02-21 22:11:29 --- rxSetComputeContext Finish ---"
[1] "2022-02-21 22:11:29 --- RxSqlServerData Start ---"
[1] "sqlQuery=SELECT * FROM ViewAnalyzeD1115analyze01JockeyType35"
[1] "2022-02-21 22:11:29 --- RxSqlServerData Finish ---"
[1] "2022-02-21 22:11:29 --- rxGetVarInfo Start ---"
[1] "2022-02-21 22:11:29 --- rxGetVarInfo Finish---"
[1] "2022-02-21 22:11:29 --- rxImport Start ---"
Rows Read: 5313, Total Rows Processed: 5313, Total Chunk Time: 56.951 seconds 
[1] "2022-02-21 22:13:20 --- rxImport Finish ---"
[1] "object.size(data) auto=1.2 Mb"
[1] "--------------------------------------------------------------------------------"
[1] "nrow(data) RxSqlServerData=5313"
[1] "--------------------------------------------------------------------------------"
[1] "str(data)="
'data.frame':	5313 obs. of  39 variables:
 $ Race.RaceId                      : Factor w/ 419 levels "20160110-06-01-03-04",..: 1 1 1 1 1 1 1 1 1 1 ...
 $ Race.IsPredictedRace             : logi  TRUE TRUE TRUE TRUE TRUE TRUE ...
 $ Race.IsAnalyzeNormalPastAndFuture: logi  TRUE TRUE TRUE TRUE TRUE TRUE ...
 $ Race.IsAnalyzeNormalPast         : logi  TRUE TRUE TRUE TRUE TRUE TRUE ...
 $ Race.IsAnalyzeNormalFuture       : logi  FALSE FALSE FALSE FALSE FALSE FALSE ...
 $ Race.IsAnalyzeFullPastAndFuture  : logi  TRUE TRUE TRUE TRUE TRUE TRUE ...
 $ Race.IsAnalyzeFullPast           : logi  TRUE TRUE TRUE TRUE TRUE TRUE ...
 $ Race.IsAnalyzeFullFuture         : logi  FALSE FALSE FALSE FALSE FALSE FALSE ...
 $ Race.JyokenCd                    : Factor w/ 1 level "5": 1 1 1 1 1 1 1 1 1 1 ...
 $ Race.RaceType1Cd                 : Factor w/ 1 level "3-5-X": 1 1 1 1 1 1 1 1 1 1 ...
 $ RaceHorse.RaceId                 : Factor w/ 419 levels "20160110-06-01-03-04",..: 1 1 1 1 1 1 1 1 1 1 ...
 $ RaceHorse.KettoNum               : Factor w/ 1605 levels "2005105204","2008104924",..: 1 2 3 4 5 6 7 8 9 10 ...
 $ RaceHorse.IsHit1                 : int  0 0 0 0 0 0 0 0 0 1 ...
 $ RaceHorse.IsHit2                 : int  0 1 0 0 0 0 0 0 0 0 ...
 $ RaceHorse.IsHit3                 : int  0 0 0 1 0 0 0 0 0 0 ...
 $ RaceHorse.IsHit4                 : int  0 0 0 0 0 0 1 0 0 0 ...
 $ RaceHorse.IsHit5                 : int  0 0 0 0 0 0 0 0 1 0 ...
 $ RaceHorse.IsHit6                 : int  1 0 1 0 1 1 0 1 0 0 ...
 $ RaceHorse.IsValidRaceHorse       : logi  TRUE TRUE TRUE TRUE TRUE TRUE ...
 $ RaceHorse.IsHitA                 : int  0 0 0 0 0 0 0 0 0 1 ...
 $ RaceHorse.IsHitB                 : int  0 1 0 0 0 0 0 0 0 1 ...
 $ RaceHorse.IsHitC                 : int  0 1 0 1 0 0 0 0 0 1 ...
 $ Jockey.KisyuCode                 : Factor w/ 33 levels "01143","01069",..: 1 2 3 4 5 6 7 8 9 10 ...
 $ Jockey.TimeSdvByRaceAvg          : num  0.0257 0.0773 0.1152 0.0555 0.1283 ...
 $ Jockey.TimeSdvByRaceMin          : num  -2.03 -2.86 -1.89 -2.91 -2.8 ...
 $ Jockey.TimeSdvByRaceMax          : num  1.94 1.81 1.31 2.06 1.8 ...
 $ Jockey.OrderOfFinishSdvAvg       : num  -0.0766 0.1115 -0.0555 -0.0547 0.0838 ...
 $ Jockey.RunCount                  : int  50 258 146 212 227 222 212 187 114 158 ...
 $ Jockey.HitCount1                 : int  4 31 8 14 18 12 17 10 1 20 ...
 $ Jockey.HitCount2                 : int  2 29 10 15 21 14 15 18 6 19 ...
 $ Jockey.HitCount3                 : int  5 25 10 19 22 13 10 17 5 10 ...
 $ Jockey.HitCount4                 : int  4 14 14 19 25 9 29 15 8 10 ...
 $ Jockey.HitCount5                 : int  2 17 16 13 19 19 14 12 9 21 ...
 $ Jockey.HitRate1                  : num  0.08 0.1202 0.0548 0.066 0.0793 ...
 $ Jockey.HitRate2                  : num  0.04 0.1124 0.0685 0.0708 0.0925 ...
 $ Jockey.HitRate3                  : num  0.1 0.0969 0.0685 0.0896 0.0969 ...
 $ Jockey.HitRate4                  : num  0.08 0.0543 0.0959 0.0896 0.1101 ...
 $ Jockey.HitRate5                  : num  0.04 0.0659 0.1096 0.0613 0.0837 ...
 $ EOF                              : int  1 1 1 1 1 1 1 1 1 1 ...
[1] "2022-02-21 22:13:21 --- RxSqlServerData Finish ---"
[1] "2022-02-21 22:13:21 --- subset Start ---"
[1] "--------------------------------------------------------------------------------"
[1] "nrow(data) subset before=5313"
[1] "nrow(data) subset after =5313"
[1] "nrow(data) subset diff =0"
[1] "--------------------------------------------------------------------------------"
[1] "2022-02-21 22:13:21 --- subset Finish---"
[1] "2022-02-21 22:13:21 --- transform Start ---"
[1] "--------------------------------------------------------------------------------"
[1] "nrow(data) transform before=5313"
[1] "nrow(data) transform after=5313"
[1] "nrow(data) transform diff=0"
[1] "--------------------------------------------------------------------------------"
[1] "str(data)="
'data.frame':	5313 obs. of  39 variables:
 $ Race.RaceId                      : Factor w/ 419 levels "20160110-06-01-03-04",..: 1 1 1 1 1 1 1 1 1 1 ...
 $ Race.IsPredictedRace             : logi  TRUE TRUE TRUE TRUE TRUE TRUE ...
 $ Race.IsAnalyzeNormalPastAndFuture: logi  TRUE TRUE TRUE TRUE TRUE TRUE ...
 $ Race.IsAnalyzeNormalPast         : logi  TRUE TRUE TRUE TRUE TRUE TRUE ...
 $ Race.IsAnalyzeNormalFuture       : logi  FALSE FALSE FALSE FALSE FALSE FALSE ...
 $ Race.IsAnalyzeFullPastAndFuture  : logi  TRUE TRUE TRUE TRUE TRUE TRUE ...
 $ Race.IsAnalyzeFullPast           : logi  TRUE TRUE TRUE TRUE TRUE TRUE ...
 $ Race.IsAnalyzeFullFuture         : logi  FALSE FALSE FALSE FALSE FALSE FALSE ...
 $ Race.JyokenCd                    : Factor w/ 1 level "5": 1 1 1 1 1 1 1 1 1 1 ...
 $ Race.RaceType1Cd                 : Factor w/ 1 level "3-5-X": 1 1 1 1 1 1 1 1 1 1 ...
 $ RaceHorse.RaceId                 : Factor w/ 419 levels "20160110-06-01-03-04",..: 1 1 1 1 1 1 1 1 1 1 ...
 $ RaceHorse.KettoNum               : Factor w/ 1605 levels "2005105204","2008104924",..: 1 2 3 4 5 6 7 8 9 10 ...
 $ RaceHorse.IsHit1                 : int  0 0 0 0 0 0 0 0 0 1 ...
 $ RaceHorse.IsHit2                 : int  0 1 0 0 0 0 0 0 0 0 ...
 $ RaceHorse.IsHit3                 : int  0 0 0 1 0 0 0 0 0 0 ...
 $ RaceHorse.IsHit4                 : int  0 0 0 0 0 0 1 0 0 0 ...
 $ RaceHorse.IsHit5                 : int  0 0 0 0 0 0 0 0 1 0 ...
 $ RaceHorse.IsHit6                 : int  1 0 1 0 1 1 0 1 0 0 ...
 $ RaceHorse.IsValidRaceHorse       : logi  TRUE TRUE TRUE TRUE TRUE TRUE ...
 $ RaceHorse.IsHitA                 : int  0 0 0 0 0 0 0 0 0 1 ...
 $ RaceHorse.IsHitB                 : int  0 1 0 0 0 0 0 0 0 1 ...
 $ RaceHorse.IsHitC                 : int  0 1 0 1 0 0 0 0 0 1 ...
 $ Jockey.KisyuCode                 : Factor w/ 33 levels "01143","01069",..: 1 2 3 4 5 6 7 8 9 10 ...
 $ Jockey.TimeSdvByRaceAvg          : num  0.0257 0.0773 0.1152 0.0555 0.1283 ...
 $ Jockey.TimeSdvByRaceMin          : num  -2.03 -2.86 -1.89 -2.91 -2.8 ...
 $ Jockey.TimeSdvByRaceMax          : num  1.94 1.81 1.31 2.06 1.8 ...
 $ Jockey.OrderOfFinishSdvAvg       : num  -0.0766 0.1115 -0.0555 -0.0547 0.0838 ...
 $ Jockey.RunCount                  : int  50 258 146 212 227 222 212 187 114 158 ...
 $ Jockey.HitCount1                 : int  4 31 8 14 18 12 17 10 1 20 ...
 $ Jockey.HitCount2                 : int  2 29 10 15 21 14 15 18 6 19 ...
 $ Jockey.HitCount3                 : int  5 25 10 19 22 13 10 17 5 10 ...
 $ Jockey.HitCount4                 : int  4 14 14 19 25 9 29 15 8 10 ...
 $ Jockey.HitCount5                 : int  2 17 16 13 19 19 14 12 9 21 ...
 $ Jockey.HitRate1                  : num  0.08 0.1202 0.0548 0.066 0.0793 ...
 $ Jockey.HitRate2                  : num  0.04 0.1124 0.0685 0.0708 0.0925 ...
 $ Jockey.HitRate3                  : num  0.1 0.0969 0.0685 0.0896 0.0969 ...
 $ Jockey.HitRate4                  : num  0.08 0.0543 0.0959 0.0896 0.1101 ...
 $ Jockey.HitRate5                  : num  0.04 0.0659 0.1096 0.0613 0.0837 ...
 $ EOF                              : int  1 1 1 1 1 1 1 1 1 1 ...
NULL
[1] "2022-02-21 22:13:21 --- transform Finish ---"
[1] "2022-02-21 22:13:21 --- na.omit Start ---"
[1] "--------------------------------------------------------------------------------"
[1] "nrow(data) na.omit before=5313"
[1] "nrow(data) na.omit after =5313"
[1] "nrow(data) na.omit diff =0"
[1] "--------------------------------------------------------------------------------"
'data.frame':	5313 obs. of  39 variables:
 $ Race.RaceId                      : Factor w/ 419 levels "20160110-06-01-03-04",..: 1 1 1 1 1 1 1 1 1 1 ...
 $ Race.IsPredictedRace             : logi  TRUE TRUE TRUE TRUE TRUE TRUE ...
 $ Race.IsAnalyzeNormalPastAndFuture: logi  TRUE TRUE TRUE TRUE TRUE TRUE ...
 $ Race.IsAnalyzeNormalPast         : logi  TRUE TRUE TRUE TRUE TRUE TRUE ...
 $ Race.IsAnalyzeNormalFuture       : logi  FALSE FALSE FALSE FALSE FALSE FALSE ...
 $ Race.IsAnalyzeFullPastAndFuture  : logi  TRUE TRUE TRUE TRUE TRUE TRUE ...
 $ Race.IsAnalyzeFullPast           : logi  TRUE TRUE TRUE TRUE TRUE TRUE ...
 $ Race.IsAnalyzeFullFuture         : logi  FALSE FALSE FALSE FALSE FALSE FALSE ...
 $ Race.JyokenCd                    : Factor w/ 1 level "5": 1 1 1 1 1 1 1 1 1 1 ...
 $ Race.RaceType1Cd                 : Factor w/ 1 level "3-5-X": 1 1 1 1 1 1 1 1 1 1 ...
 $ RaceHorse.RaceId                 : Factor w/ 419 levels "20160110-06-01-03-04",..: 1 1 1 1 1 1 1 1 1 1 ...
 $ RaceHorse.KettoNum               : Factor w/ 1605 levels "2005105204","2008104924",..: 1 2 3 4 5 6 7 8 9 10 ...
 $ RaceHorse.IsHit1                 : int  0 0 0 0 0 0 0 0 0 1 ...
 $ RaceHorse.IsHit2                 : int  0 1 0 0 0 0 0 0 0 0 ...
 $ RaceHorse.IsHit3                 : int  0 0 0 1 0 0 0 0 0 0 ...
 $ RaceHorse.IsHit4                 : int  0 0 0 0 0 0 1 0 0 0 ...
 $ RaceHorse.IsHit5                 : int  0 0 0 0 0 0 0 0 1 0 ...
 $ RaceHorse.IsHit6                 : int  1 0 1 0 1 1 0 1 0 0 ...
 $ RaceHorse.IsValidRaceHorse       : logi  TRUE TRUE TRUE TRUE TRUE TRUE ...
 $ RaceHorse.IsHitA                 : int  0 0 0 0 0 0 0 0 0 1 ...
 $ RaceHorse.IsHitB                 : int  0 1 0 0 0 0 0 0 0 1 ...
 $ RaceHorse.IsHitC                 : int  0 1 0 1 0 0 0 0 0 1 ...
 $ Jockey.KisyuCode                 : Factor w/ 33 levels "01143","01069",..: 1 2 3 4 5 6 7 8 9 10 ...
 $ Jockey.TimeSdvByRaceAvg          : num  0.0257 0.0773 0.1152 0.0555 0.1283 ...
 $ Jockey.TimeSdvByRaceMin          : num  -2.03 -2.86 -1.89 -2.91 -2.8 ...
 $ Jockey.TimeSdvByRaceMax          : num  1.94 1.81 1.31 2.06 1.8 ...
 $ Jockey.OrderOfFinishSdvAvg       : num  -0.0766 0.1115 -0.0555 -0.0547 0.0838 ...
 $ Jockey.RunCount                  : int  50 258 146 212 227 222 212 187 114 158 ...
 $ Jockey.HitCount1                 : int  4 31 8 14 18 12 17 10 1 20 ...
 $ Jockey.HitCount2                 : int  2 29 10 15 21 14 15 18 6 19 ...
 $ Jockey.HitCount3                 : int  5 25 10 19 22 13 10 17 5 10 ...
 $ Jockey.HitCount4                 : int  4 14 14 19 25 9 29 15 8 10 ...
 $ Jockey.HitCount5                 : int  2 17 16 13 19 19 14 12 9 21 ...
 $ Jockey.HitRate1                  : num  0.08 0.1202 0.0548 0.066 0.0793 ...
 $ Jockey.HitRate2                  : num  0.04 0.1124 0.0685 0.0708 0.0925 ...
 $ Jockey.HitRate3                  : num  0.1 0.0969 0.0685 0.0896 0.0969 ...
 $ Jockey.HitRate4                  : num  0.08 0.0543 0.0959 0.0896 0.1101 ...
 $ Jockey.HitRate5                  : num  0.04 0.0659 0.1096 0.0613 0.0837 ...
 $ EOF                              : int  1 1 1 1 1 1 1 1 1 1 ...
[1] "2022-02-21 22:13:21 --- na.omit Finish ---"
[1] "2022-02-21 22:13:21 --- rxGlm with rxStepControl Start ---"

> print(paste0(Sys.time(), " --- source_logic_glm.R Start ---"))
[1] "2022-02-21 22:13:21 --- source_logic_glm.R Start ---"

> formula <- formula(RaceHorse.IsHitA ~ +1 + Jockey.OrderOfFinishSdvAvg)

> print(paste0(Sys.time(), " --- source_logic_glm.R Finished ---"))
[1] "2022-02-21 22:13:21 --- source_logic_glm.R Finished ---"
Rows Read: 5313, Total Rows Processed: 5313, Total Chunk Time: 0.001 seconds 

Starting values (iteration 1) time: 0.019 secs.
Rows Read: 5313, Total Rows Processed: 5313, Total Chunk Time: 0.002 seconds 

Iteration 2 time: 0.005 secs.
Rows Read: 5313, Total Rows Processed: 5313, Total Chunk Time: 0.002 seconds 

Iteration 3 time: 0.004 secs.
Rows Read: 5313, Total Rows Processed: 5313, Total Chunk Time: 0.001 seconds 

Iteration 4 time: 0.005 secs.
Rows Read: 5313, Total Rows Processed: 5313, Total Chunk Time: 0.001 seconds 

Iteration 5 time: 0.004 secs.

Elapsed computation time: 0.055 secs.
Rows Read: 5313, Total Rows Processed: 5313, Total Chunk Time: 0.001 seconds 

Starting values (iteration 1) time: 0.005 secs.
Rows Read: 5313, Total Rows Processed: 5313, Total Chunk Time: 0.001 seconds 

Iteration 2 time: 0.004 secs.

Elapsed computation time: 0.018 secs.
Rows Read: 5313, Total Rows Processed: 5313, Total Chunk Time: Less than .001 seconds 

Starting values (iteration 1) time: 0.005 secs.
Rows Read: 5313, Total Rows Processed: 5313, Total Chunk Time: 0.001 seconds 

Iteration 2 time: 0.005 secs.
Rows Read: 5313, Total Rows Processed: 5313, Total Chunk Time: 0.002 seconds 

Iteration 3 time: 0.005 secs.
Rows Read: 5313, Total Rows Processed: 5313, Total Chunk Time: 0.001 seconds 

Iteration 4 time: 0.004 secs.
Rows Read: 5313, Total Rows Processed: 5313, Total Chunk Time: Less than .001 seconds 

Iteration 5 time: 0.008 secs.

Elapsed computation time: 0.049 secs.

Elapsed computation time: 0.139 secs.
[1] "--------------------------------------------------------------------------------"
[1] "analyze.results.glm.step="
Logistic Regression Results for: RaceHorse.IsHitA ~
    Jockey.OrderOfFinishSdvAvg
Data: data
Dependent variable(s): RaceHorse.IsHitA
Total independent variables: 2 
Number of valid observations: 5313
Number of missing observations: 0 
 
Coefficients:
                           RaceHorse.IsHitA
(Intercept)                              -3
Jockey.OrderOfFinishSdvAvg                2
[1] "analyze.results.glm.step.summary"
Call:
rxLogit(formula = formula, data = data, variableSelection = analyze.results.glm.step.varsel)

Logistic Regression Results for: RaceHorse.IsHitA ~
    Jockey.OrderOfFinishSdvAvg
Data: data
Dependent variable(s): RaceHorse.IsHitA
Total independent variables: 2 
Number of valid observations: 5313
Number of missing observations: 0 
-2*LogLikelihood: 2852.756 (Residual deviance on 5311 degrees of freedom)
 
Coefficients:
                           Estimate Std. Error z value Pr(>|z|)    
(Intercept)                 -2.5593     0.0556  -46.01  2.2e-16 ***
Jockey.OrderOfFinishSdvAvg   1.8999     0.2172    8.75  2.2e-16 ***
---
Signif. codes:  0 '***' 0.001 '**' 0.01 '*' 0.05 '.' 0.1 ' ' 1

Condition number of final variance-covariance matrix: 1 
Number of iterations: 5
[1] "--------------------------------------------------------------------------------"
[1] "2022-02-21 22:13:22 --- rxGlm with rxStepControl Finish ---"
[1] "2022-02-21 22:13:22 --- rxStepPlot Start ---"
[1] "pdfFilename=pdf_analyze_glm_Jockey_Type35_rxStepPlot.pdf"
[1] "rxStepPlot="
[1] "2022-02-21 22:13:22 --- rxStepPlot Finish ---"
[1] "2022-02-21 22:13:22 --- save.image Start ---"
[1] "save.image"
[1] "rdataFilename=RData_analyze_glm_Jockey_Type35.RData"
[1] "2022-02-21 22:13:22 --- save.image Finish ---"
[1] "2022-02-21 22:13:22 --- final Start ---"
[1] "--------------------------------------------------------------------------------"
[1] "nrow(data) final=5313"
[1] "--------------------------------------------------------------------------------"
[1] "2022-02-21 22:13:22 --- final Finish ---"
[1] "2022-02-21 22:13:22 --- analyze_glm.R Finished ---"
[1] "2022-02-21 22:13:22 --- log Finish ---"
