[1] "2022-02-25 20:22:13 --- D1115_analyze_glm_Gen01_IsHitA_Type35 Start ---"
[1] "2022-02-25 20:22:13 --- Log Start ---"
[1] "2022-02-25 20:22:13 --- analyze_glm.R Start ---"
[1] "analyzeVersion=D1115"
[1] "analyzeCategory=analyze"
[1] "analyzeType=Gen01"
[1] "analyzeFamily=IsHitA"
[1] "analyzeFunc=glm"
[1] "analyzeTrackTypeCd=3"
[1] "analyzeJyokenCd=5"
[1] "2022-02-25 20:22:13 --- source_function.R Start ---"
[1] "2022-02-25 20:22:13 --- source_function.R Finished ---"

> print(paste0(Sys.time(), " --- source_library.R Start ---"))
[1] "2022-02-25 20:22:13 --- source_library.R Start ---"

> require("RevoScaleR")

> print(paste0(Sys.time(), " --- source_library.R Finished ---"))
[1] "2022-02-25 20:22:15 --- source_library.R Finished ---"
[1] "2022-02-25 20:22:15 --- RxSqlServerData Start ---"
[1] "2022-02-25 20:22:15 --- RxInSqlServer Start ---"
[1] "2022-02-25 20:22:15 --- RxInSqlServer Finish ---"
[1] "2022-02-25 20:22:15 --- rxSetComputeContext Start ---"
[1] "2022-02-25 20:22:16 --- rxSetComputeContext Finish ---"
[1] "2022-02-25 20:22:16 --- RxSqlServerData Start ---"
[1] "sqlQuery=SELECT * FROM ViewAnalyzeD1115analyze01Gen01Type35"
[1] "2022-02-25 20:22:16 --- RxSqlServerData Finish ---"
[1] "2022-02-25 20:22:16 --- rxGetVarInfo Start ---"
[1] "2022-02-25 20:22:16 --- rxGetVarInfo Finish---"
[1] "2022-02-25 20:22:16 --- rxImport Start ---"
Rows Read: 5179, Total Rows Processed: 5179, Total Chunk Time: 30.561 seconds 
[1] "2022-02-25 20:23:49 --- rxImport Finish ---"
[1] "object.size(data) auto=1.6 Mb"
[1] "--------------------------------------------------------------------------------"
[1] "nrow(data) RxSqlServerData=5179"
[1] "--------------------------------------------------------------------------------"
[1] "str(data)="
'data.frame':	5179 obs. of  44 variables:
 $ Race.RaceId                      : Factor w/ 419 levels "20160111-08-01-04-04",..: 1 2 2 3 3 3 4 5 6 7 ...
 $ Race.IsPredictedRace             : logi  TRUE TRUE TRUE TRUE TRUE TRUE ...
 $ Race.IsAnalyzeNormalPastAndFuture: logi  TRUE TRUE TRUE TRUE TRUE TRUE ...
 $ Race.IsAnalyzeNormalPast         : logi  TRUE TRUE TRUE TRUE TRUE TRUE ...
 $ Race.IsAnalyzeNormalFuture       : logi  FALSE FALSE FALSE FALSE FALSE FALSE ...
 $ Race.IsAnalyzeFullPastAndFuture  : logi  TRUE TRUE TRUE TRUE TRUE TRUE ...
 $ Race.IsAnalyzeFullPast           : logi  TRUE TRUE TRUE TRUE TRUE TRUE ...
 $ Race.IsAnalyzeFullFuture         : logi  FALSE FALSE FALSE FALSE FALSE FALSE ...
 $ Race.JyokenCd                    : Factor w/ 1 level "5": 1 1 1 1 1 1 1 1 1 1 ...
 $ Race.JyoType1Cd                  : Factor w/ 34 levels "3-08-2910-5-1",..: 1 2 2 2 2 2 3 2 4 4 ...
 $ Race.RaceType1Cd                 : Factor w/ 1 level "3-5-X-3": 1 1 1 1 1 1 1 1 1 1 ...
 $ RaceHorse.RaceId                 : Factor w/ 419 levels "20160111-08-01-04-04",..: 1 2 2 3 3 3 4 5 6 7 ...
 $ RaceHorse.KettoNum               : Factor w/ 1573 levels "2010101206","2009106336",..: 1 2 3 4 5 6 7 8 9 2 ...
 $ RaceHorse.IsHit1                 : num  0 0 0 0 0 0 0 0 0 0 ...
 $ RaceHorse.IsHit2                 : num  0 0 0 0 0 0 0 0 0 0 ...
 $ RaceHorse.IsHit3                 : num  0 0 0 0 0 0 0 1 0 0 ...
 $ RaceHorse.IsHit4                 : num  0 0 0 0 1 0 0 0 0 0 ...
 $ RaceHorse.IsHit5                 : num  0 1 0 0 0 0 0 0 0 1 ...
 $ RaceHorse.IsHit6                 : num  1 0 1 1 0 1 1 0 1 0 ...
 $ RaceHorse.IsValidRaceHorse       : logi  TRUE TRUE TRUE TRUE TRUE TRUE ...
 $ RaceHorse.TimeSdv                : num  -0.632 0.788 -3.511 0.196 0.221 ...
 $ RaceHorse.IsHitA                 : num  0 0 0 0 0 0 0 0 0 0 ...
 $ RaceHorse.IsHitB                 : num  0 0 0 0 0 0 0 0 0 0 ...
 $ RaceHorse.IsHitC                 : num  0 0 0 0 0 0 0 1 0 0 ...
 $ Gen01.HansyokuNum                : Factor w/ 225 levels "11201940","11201964",..: 1 2 3 4 2 5 2 2 2 2 ...
 $ Gen01.TimeSdvByRaceAvg           : num  -0.3039 0.0587 -1.1798 -0.8263 0.0644 ...
 $ Gen01.TimeSdvByRaceMin           : num  -0.942 -2.606 -2.045 -2.553 -2.606 ...
 $ Gen01.TimeSdvByRaceMax           : num  0.0772 1.5992 -0.2008 1.7935 1.5992 ...
 $ Gen01.TimeSdvAvg                 : num  -1.091 -0.12 -1.177 -0.577 -0.113 ...
 $ Gen01.TimeSdvMin                 : num  -1.47 -6.01 -2.23 -1.75 -6.01 ...
 $ Gen01.TimeSdvMax                 : num  -0.726 1.97 -0.345 1.75 1.97 ...
 $ Gen01.OrderOfFinishSdvAvg        : num  -0.3705 0.0752 -0.6426 -0.7106 0.0781 ...
 $ Gen01.RunCount                   : num  3 127 7 16 128 9 128 129 130 131 ...
 $ Gen01.HitCount1                  : num  0 16 0 1 16 1 16 16 16 16 ...
 $ Gen01.HitCount2                  : num  0 15 0 0 15 1 15 15 15 15 ...
 $ Gen01.HitCount3                  : num  0 5 0 0 5 0 4 4 5 5 ...
 $ Gen01.HitCount4                  : num  0 8 0 0 8 2 9 9 9 9 ...
 $ Gen01.HitCount5                  : num  0 9 0 0 10 0 10 10 10 10 ...
 $ Gen01.HitRate1                   : num  0 0.126 0 0.0625 0.125 ...
 $ Gen01.HitRate2                   : num  0 0.118 0 0 0.117 ...
 $ Gen01.HitRate3                   : num  0 0.0394 0 0 0.0391 ...
 $ Gen01.HitRate4                   : num  0 0.063 0 0 0.0625 ...
 $ Gen01.HitRate5                   : num  0 0.0709 0 0 0.0781 ...
 $ EOF                              : int  1 1 1 1 1 1 1 1 1 1 ...
[1] "2022-02-25 20:24:22 --- RxSqlServerData Finish ---"
[1] "2022-02-25 20:24:22 --- subset Start ---"
[1] "--------------------------------------------------------------------------------"
[1] "nrow(data) subset before=5179"
[1] "nrow(data) subset after =5179"
[1] "nrow(data) subset diff =0"
[1] "--------------------------------------------------------------------------------"
[1] "2022-02-25 20:24:22 --- subset Finish---"
[1] "2022-02-25 20:24:22 --- transform Start ---"
[1] "--------------------------------------------------------------------------------"
[1] "nrow(data) transform before=5179"
[1] "nrow(data) transform after=5179"
[1] "nrow(data) transform diff=0"
[1] "--------------------------------------------------------------------------------"
[1] "str(data)="
'data.frame':	5179 obs. of  44 variables:
 $ Race.RaceId                      : Factor w/ 419 levels "20160111-08-01-04-04",..: 1 2 2 3 3 3 4 5 6 7 ...
 $ Race.IsPredictedRace             : logi  TRUE TRUE TRUE TRUE TRUE TRUE ...
 $ Race.IsAnalyzeNormalPastAndFuture: logi  TRUE TRUE TRUE TRUE TRUE TRUE ...
 $ Race.IsAnalyzeNormalPast         : logi  TRUE TRUE TRUE TRUE TRUE TRUE ...
 $ Race.IsAnalyzeNormalFuture       : logi  FALSE FALSE FALSE FALSE FALSE FALSE ...
 $ Race.IsAnalyzeFullPastAndFuture  : logi  TRUE TRUE TRUE TRUE TRUE TRUE ...
 $ Race.IsAnalyzeFullPast           : logi  TRUE TRUE TRUE TRUE TRUE TRUE ...
 $ Race.IsAnalyzeFullFuture         : logi  FALSE FALSE FALSE FALSE FALSE FALSE ...
 $ Race.JyokenCd                    : Factor w/ 1 level "5": 1 1 1 1 1 1 1 1 1 1 ...
 $ Race.JyoType1Cd                  : Factor w/ 34 levels "3-08-2910-5-1",..: 1 2 2 2 2 2 3 2 4 4 ...
 $ Race.RaceType1Cd                 : Factor w/ 1 level "3-5-X-3": 1 1 1 1 1 1 1 1 1 1 ...
 $ RaceHorse.RaceId                 : Factor w/ 419 levels "20160111-08-01-04-04",..: 1 2 2 3 3 3 4 5 6 7 ...
 $ RaceHorse.KettoNum               : Factor w/ 1573 levels "2010101206","2009106336",..: 1 2 3 4 5 6 7 8 9 2 ...
 $ RaceHorse.IsHit1                 : num  0 0 0 0 0 0 0 0 0 0 ...
 $ RaceHorse.IsHit2                 : num  0 0 0 0 0 0 0 0 0 0 ...
 $ RaceHorse.IsHit3                 : num  0 0 0 0 0 0 0 1 0 0 ...
 $ RaceHorse.IsHit4                 : num  0 0 0 0 1 0 0 0 0 0 ...
 $ RaceHorse.IsHit5                 : num  0 1 0 0 0 0 0 0 0 1 ...
 $ RaceHorse.IsHit6                 : num  1 0 1 1 0 1 1 0 1 0 ...
 $ RaceHorse.IsValidRaceHorse       : logi  TRUE TRUE TRUE TRUE TRUE TRUE ...
 $ RaceHorse.TimeSdv                : num  -0.632 0.788 -3.511 0.196 0.221 ...
 $ RaceHorse.IsHitA                 : num  0 0 0 0 0 0 0 0 0 0 ...
 $ RaceHorse.IsHitB                 : num  0 0 0 0 0 0 0 0 0 0 ...
 $ RaceHorse.IsHitC                 : num  0 0 0 0 0 0 0 1 0 0 ...
 $ Gen01.HansyokuNum                : Factor w/ 225 levels "11201940","11201964",..: 1 2 3 4 2 5 2 2 2 2 ...
 $ Gen01.TimeSdvByRaceAvg           : num  -0.3039 0.0587 -1.1798 -0.8263 0.0644 ...
 $ Gen01.TimeSdvByRaceMin           : num  -0.942 -2.606 -2.045 -2.553 -2.606 ...
 $ Gen01.TimeSdvByRaceMax           : num  0.0772 1.5992 -0.2008 1.7935 1.5992 ...
 $ Gen01.TimeSdvAvg                 : num  -1.091 -0.12 -1.177 -0.577 -0.113 ...
 $ Gen01.TimeSdvMin                 : num  -1.47 -6.01 -2.23 -1.75 -6.01 ...
 $ Gen01.TimeSdvMax                 : num  -0.726 1.97 -0.345 1.75 1.97 ...
 $ Gen01.OrderOfFinishSdvAvg        : num  -0.3705 0.0752 -0.6426 -0.7106 0.0781 ...
 $ Gen01.RunCount                   : num  3 127 7 16 128 9 128 129 130 131 ...
 $ Gen01.HitCount1                  : num  0 16 0 1 16 1 16 16 16 16 ...
 $ Gen01.HitCount2                  : num  0 15 0 0 15 1 15 15 15 15 ...
 $ Gen01.HitCount3                  : num  0 5 0 0 5 0 4 4 5 5 ...
 $ Gen01.HitCount4                  : num  0 8 0 0 8 2 9 9 9 9 ...
 $ Gen01.HitCount5                  : num  0 9 0 0 10 0 10 10 10 10 ...
 $ Gen01.HitRate1                   : num  0 0.126 0 0.0625 0.125 ...
 $ Gen01.HitRate2                   : num  0 0.118 0 0 0.117 ...
 $ Gen01.HitRate3                   : num  0 0.0394 0 0 0.0391 ...
 $ Gen01.HitRate4                   : num  0 0.063 0 0 0.0625 ...
 $ Gen01.HitRate5                   : num  0 0.0709 0 0 0.0781 ...
 $ EOF                              : int  1 1 1 1 1 1 1 1 1 1 ...
NULL
[1] "2022-02-25 20:25:38 --- transform Finish ---"
[1] "2022-02-25 20:25:43 --- na.omit Start ---"
[1] "--------------------------------------------------------------------------------"
[1] "nrow(data) na.omit before=5179"
[1] "nrow(data) na.omit after =4910"
[1] "nrow(data) na.omit diff =269"
[1] "--------------------------------------------------------------------------------"
'data.frame':	4910 obs. of  44 variables:
 $ Race.RaceId                      : Factor w/ 419 levels "20160111-08-01-04-04",..: 1 2 2 3 3 3 4 5 6 7 ...
 $ Race.IsPredictedRace             : logi  TRUE TRUE TRUE TRUE TRUE TRUE ...
 $ Race.IsAnalyzeNormalPastAndFuture: logi  TRUE TRUE TRUE TRUE TRUE TRUE ...
 $ Race.IsAnalyzeNormalPast         : logi  TRUE TRUE TRUE TRUE TRUE TRUE ...
 $ Race.IsAnalyzeNormalFuture       : logi  FALSE FALSE FALSE FALSE FALSE FALSE ...
 $ Race.IsAnalyzeFullPastAndFuture  : logi  TRUE TRUE TRUE TRUE TRUE TRUE ...
 $ Race.IsAnalyzeFullPast           : logi  TRUE TRUE TRUE TRUE TRUE TRUE ...
 $ Race.IsAnalyzeFullFuture         : logi  FALSE FALSE FALSE FALSE FALSE FALSE ...
 $ Race.JyokenCd                    : Factor w/ 1 level "5": 1 1 1 1 1 1 1 1 1 1 ...
 $ Race.JyoType1Cd                  : Factor w/ 34 levels "3-08-2910-5-1",..: 1 2 2 2 2 2 3 2 4 4 ...
 $ Race.RaceType1Cd                 : Factor w/ 1 level "3-5-X-3": 1 1 1 1 1 1 1 1 1 1 ...
 $ RaceHorse.RaceId                 : Factor w/ 419 levels "20160111-08-01-04-04",..: 1 2 2 3 3 3 4 5 6 7 ...
 $ RaceHorse.KettoNum               : Factor w/ 1573 levels "2010101206","2009106336",..: 1 2 3 4 5 6 7 8 9 2 ...
 $ RaceHorse.IsHit1                 : num  0 0 0 0 0 0 0 0 0 0 ...
 $ RaceHorse.IsHit2                 : num  0 0 0 0 0 0 0 0 0 0 ...
 $ RaceHorse.IsHit3                 : num  0 0 0 0 0 0 0 1 0 0 ...
 $ RaceHorse.IsHit4                 : num  0 0 0 0 1 0 0 0 0 0 ...
 $ RaceHorse.IsHit5                 : num  0 1 0 0 0 0 0 0 0 1 ...
 $ RaceHorse.IsHit6                 : num  1 0 1 1 0 1 1 0 1 0 ...
 $ RaceHorse.IsValidRaceHorse       : logi  TRUE TRUE TRUE TRUE TRUE TRUE ...
 $ RaceHorse.TimeSdv                : num  -0.632 0.788 -3.511 0.196 0.221 ...
 $ RaceHorse.IsHitA                 : num  0 0 0 0 0 0 0 0 0 0 ...
 $ RaceHorse.IsHitB                 : num  0 0 0 0 0 0 0 0 0 0 ...
 $ RaceHorse.IsHitC                 : num  0 0 0 0 0 0 0 1 0 0 ...
 $ Gen01.HansyokuNum                : Factor w/ 225 levels "11201940","11201964",..: 1 2 3 4 2 5 2 2 2 2 ...
 $ Gen01.TimeSdvByRaceAvg           : num  -0.3039 0.0587 -1.1798 -0.8263 0.0644 ...
 $ Gen01.TimeSdvByRaceMin           : num  -0.942 -2.606 -2.045 -2.553 -2.606 ...
 $ Gen01.TimeSdvByRaceMax           : num  0.0772 1.5992 -0.2008 1.7935 1.5992 ...
 $ Gen01.TimeSdvAvg                 : num  -1.091 -0.12 -1.177 -0.577 -0.113 ...
 $ Gen01.TimeSdvMin                 : num  -1.47 -6.01 -2.23 -1.75 -6.01 ...
 $ Gen01.TimeSdvMax                 : num  -0.726 1.97 -0.345 1.75 1.97 ...
 $ Gen01.OrderOfFinishSdvAvg        : num  -0.3705 0.0752 -0.6426 -0.7106 0.0781 ...
 $ Gen01.RunCount                   : num  3 127 7 16 128 9 128 129 130 131 ...
 $ Gen01.HitCount1                  : num  0 16 0 1 16 1 16 16 16 16 ...
 $ Gen01.HitCount2                  : num  0 15 0 0 15 1 15 15 15 15 ...
 $ Gen01.HitCount3                  : num  0 5 0 0 5 0 4 4 5 5 ...
 $ Gen01.HitCount4                  : num  0 8 0 0 8 2 9 9 9 9 ...
 $ Gen01.HitCount5                  : num  0 9 0 0 10 0 10 10 10 10 ...
 $ Gen01.HitRate1                   : num  0 0.126 0 0.0625 0.125 ...
 $ Gen01.HitRate2                   : num  0 0.118 0 0 0.117 ...
 $ Gen01.HitRate3                   : num  0 0.0394 0 0 0.0391 ...
 $ Gen01.HitRate4                   : num  0 0.063 0 0 0.0625 ...
 $ Gen01.HitRate5                   : num  0 0.0709 0 0 0.0781 ...
 $ EOF                              : int  1 1 1 1 1 1 1 1 1 1 ...
 - attr(*, "na.action")= 'omit' Named int  63 93 104 114 122 126 145 170 172 181 ...
  ..- attr(*, "names")= chr  "63" "93" "104" "114" ...
[1] "2022-02-25 20:25:53 --- na.omit Finish ---"
[1] "2022-02-25 20:25:53 --- rxGlm with rxStepControl Start ---"

> print(paste0(Sys.time(), " --- source_logic_glm.R Start ---"))
[1] "2022-02-25 20:25:53 --- source_logic_glm.R Start ---"

> formula <- formula(RaceHorse.IsHitA ~ +1 + Gen01.TimeSdvAvg)

> print(paste0(Sys.time(), " --- source_logic_glm.R Finished ---"))
[1] "2022-02-25 20:25:53 --- source_logic_glm.R Finished ---"
Rows Read: 4910, Total Rows Processed: 4910, Total Chunk Time: 0.001 seconds 

Starting values (iteration 1) time: 0.531 secs.
Rows Read: 4910, Total Rows Processed: 4910, Total Chunk Time: 0.003 seconds 

Iteration 2 time: 0.012 secs.
Rows Read: 4910, Total Rows Processed: 4910, Total Chunk Time: 0.003 seconds 

Iteration 3 time: 0.020 secs.
Rows Read: 4910, Total Rows Processed: 4910, Total Chunk Time: 0.001 seconds 

Iteration 4 time: 0.008 secs.
Rows Read: 4910, Total Rows Processed: 4910, Total Chunk Time: 0.001 seconds 

Iteration 5 time: 0.006 secs.

Elapsed computation time: 0.605 secs.
Rows Read: 4910, Total Rows Processed: 4910, Total Chunk Time: 0.002 seconds 

Starting values (iteration 1) time: 0.006 secs.
Rows Read: 4910, Total Rows Processed: 4910, Total Chunk Time: 0.001 seconds 

Iteration 2 time: 0.008 secs.

Elapsed computation time: 0.028 secs.
Rows Read: 4910, Total Rows Processed: 4910, Total Chunk Time: Less than .001 seconds 

Starting values (iteration 1) time: 0.007 secs.
Rows Read: 4910, Total Rows Processed: 4910, Total Chunk Time: 0.001 seconds 

Iteration 2 time: 0.009 secs.
Rows Read: 4910, Total Rows Processed: 4910, Total Chunk Time: Less than .001 seconds 

Iteration 3 time: 0.008 secs.
Rows Read: 4910, Total Rows Processed: 4910, Total Chunk Time: 0.001 seconds 

Iteration 4 time: 0.006 secs.
Rows Read: 4910, Total Rows Processed: 4910, Total Chunk Time: 0.002 seconds 

Iteration 5 time: 0.007 secs.

Elapsed computation time: 0.072 secs.

Elapsed computation time: 0.856 secs.
[1] "--------------------------------------------------------------------------------"
[1] "analyze.results.glm.step="
Logistic Regression Results for: RaceHorse.IsHitA ~ Gen01.TimeSdvAvg
Data: data
Dependent variable(s): RaceHorse.IsHitA
Total independent variables: 2 
Number of valid observations: 4910
Number of missing observations: 0 
 
Coefficients:
                 RaceHorse.IsHitA
(Intercept)                    -2
Gen01.TimeSdvAvg                1
[1] "analyze.results.glm.step.summary"
Call:
rxLogit(formula = formula, data = data, variableSelection = analyze.results.glm.step.varsel)

Logistic Regression Results for: RaceHorse.IsHitA ~ Gen01.TimeSdvAvg
Data: data
Dependent variable(s): RaceHorse.IsHitA
Total independent variables: 2 
Number of valid observations: 4910
Number of missing observations: 0 
-2*LogLikelihood: 2799.335 (Residual deviance on 4908 degrees of freedom)
 
Coefficients:
                 Estimate Std. Error z value Pr(>|z|)    
(Intercept)       -2.3858     0.0525  -45.48  2.2e-16 ***
Gen01.TimeSdvAvg   1.1173     0.1632    6.85  7.5e-12 ***
---
Signif. codes:  0 '***' 0.001 '**' 0.01 '*' 0.05 '.' 0.1 ' ' 1

Condition number of final variance-covariance matrix: 1 
Number of iterations: 5
[1] "--------------------------------------------------------------------------------"
[1] "2022-02-25 20:25:55 --- rxGlm with rxStepControl Finish ---"
[1] "2022-02-25 20:25:55 --- rxStepPlot Start ---"
[1] "pdfFilename=pdf_analyze_glm_Gen01_Type35_rxStepPlot.pdf"
[1] "rxStepPlot="
[1] "2022-02-25 20:25:55 --- rxStepPlot Finish ---"
[1] "2022-02-25 20:25:55 --- save.image Start ---"
[1] "save.image"
[1] "rdataFilename=RData_analyze_glm_Gen01_Type35.RData"
[1] "2022-02-25 20:25:55 --- save.image Finish ---"
[1] "2022-02-25 20:25:55 --- final Start ---"
[1] "--------------------------------------------------------------------------------"
[1] "nrow(data) final=4910"
[1] "--------------------------------------------------------------------------------"
[1] "2022-02-25 20:25:55 --- final Finish ---"
[1] "2022-02-25 20:25:55 --- analyze_glm.R Finished ---"
[1] "2022-02-25 20:25:55 --- log Finish ---"
