[1] "2022-03-08 18:25:03 --- D1115_analyze_glm_Gen01_IsHitA_Type15 Start ---"
[1] "2022-03-08 18:25:03 --- Log Start ---"
[1] "2022-03-08 18:25:03 --- analyze_glm.R Start ---"
[1] "analyzeVersion=D1115"
[1] "analyzeCategory=analyze"
[1] "analyzeType=Gen01"
[1] "analyzeFamily=IsHitA"
[1] "analyzeFunc=glm"
[1] "analyzeTrackTypeCd=1"
[1] "analyzeJyokenCd=5"
[1] "2022-03-08 18:25:03 --- source_function.R Start ---"
[1] "2022-03-08 18:25:03 --- source_function.R Finished ---"

> print(paste0(Sys.time(), " --- source_library.R Start ---"))
[1] "2022-03-08 18:25:03 --- source_library.R Start ---"

> require("RevoScaleR")

> print(paste0(Sys.time(), " --- source_library.R Finished ---"))
[1] "2022-03-08 18:25:08 --- source_library.R Finished ---"
[1] "2022-03-08 18:25:08 --- RxSqlServerData Start ---"
[1] "2022-03-08 18:25:08 --- RxInSqlServer Start ---"
[1] "2022-03-08 18:25:08 --- RxInSqlServer Finish ---"
[1] "2022-03-08 18:25:08 --- rxSetComputeContext Start ---"
[1] "2022-03-08 18:25:08 --- rxSetComputeContext Finish ---"
[1] "2022-03-08 18:25:08 --- RxSqlServerData Start ---"
[1] "sqlQuery=SELECT * FROM ViewAnalyzeD1115analyze01Gen01Type15"
[1] "2022-03-08 18:25:08 --- RxSqlServerData Finish ---"
[1] "2022-03-08 18:25:08 --- rxGetVarInfo Start ---"
[1] "2022-03-08 18:25:11 --- rxGetVarInfo Finish---"
[1] "2022-03-08 18:25:11 --- rxImport Start ---"
Rows Read: 36711, Total Rows Processed: 36711, Total Chunk Time: 1036.243 seconds 
[1] "2022-03-08 19:18:11 --- rxImport Finish ---"
[1] "object.size(data) auto=12.8 Mb"
[1] "--------------------------------------------------------------------------------"
[1] "nrow(data) RxSqlServerData=36711"
[1] "--------------------------------------------------------------------------------"
[1] "str(data)="
'data.frame':	36711 obs. of  48 variables:
 $ Race.RaceId                      : Factor w/ 2474 levels "20160116-08-01-05-05",..: 1 2 3 4 5 6 7 8 9 9 ...
 $ Race.IsAnalyzeNormalPastAndFuture: logi  TRUE TRUE TRUE TRUE TRUE TRUE ...
 $ Race.IsAnalyzeNormalPast         : logi  TRUE TRUE TRUE TRUE TRUE TRUE ...
 $ Race.IsAnalyzeNormalFuture       : logi  FALSE FALSE FALSE FALSE FALSE FALSE ...
 $ Race.IsAnalyzeFullPastAndFuture  : logi  TRUE TRUE TRUE TRUE TRUE TRUE ...
 $ Race.IsAnalyzeFullPast           : logi  TRUE TRUE TRUE TRUE TRUE TRUE ...
 $ Race.IsAnalyzeFullFuture         : logi  FALSE FALSE FALSE FALSE FALSE FALSE ...
 $ Race.JyokenCd                    : Factor w/ 1 level "5": 1 1 1 1 1 1 1 1 1 1 ...
 $ Race.JyoType1Cd                  : Factor w/ 175 levels "17-08-2000-1",..: 1 2 3 4 5 6 7 8 9 9 ...
 $ Race.RaceType1Cd                 : Factor w/ 2 levels "1-5-12","1-5-11": 1 1 1 1 1 1 1 1 1 1 ...
 $ RaceHorse.RaceId                 : Factor w/ 2474 levels "20160116-08-01-05-05",..: 1 2 3 4 5 6 7 8 9 9 ...
 $ RaceHorse.KettoNum               : Factor w/ 13806 levels "2013110118","2013110010",..: 1 2 3 4 5 6 2 7 8 9 ...
 $ RaceHorse.IsHit1                 : num  0 0 0 0 0 0 0 0 0 0 ...
 $ RaceHorse.IsHit2                 : num  0 0 0 0 0 0 0 0 0 0 ...
 $ RaceHorse.IsHit3                 : num  0 0 0 0 0 0 0 1 0 0 ...
 $ RaceHorse.IsHit4                 : num  0 0 0 0 0 0 0 0 0 0 ...
 $ RaceHorse.IsHit5                 : num  0 0 0 0 0 0 1 0 0 0 ...
 $ RaceHorse.IsHit6                 : num  1 1 1 1 1 1 0 0 1 1 ...
 $ RaceHorse.IsValidRaceHorse       : logi  FALSE TRUE FALSE TRUE TRUE TRUE ...
 $ RaceHorse.FinishTimeSdvByRace    : num  -3.621 0.487 -0.305 0.732 -0.624 ...
 $ RaceHorse.FirstTimeSdvByRace     : num  -1.782 -1.001 -1.946 -0.26 -0.563 ...
 $ RaceHorse.LastTimeSdvByRace      : num  -3.506 1.085 0.34 1.072 -0.583 ...
 $ RaceHorse.FinishTimeSdv          : num  -2.779 1.007 -1.912 0.622 -1.268 ...
 $ RaceHorse.FirstTimeSdv           : num  -0.867 0.769 -2.712 0.495 -0.114 ...
 $ RaceHorse.LastTimeSdv            : num  -3.419 0.468 0.526 0.258 -1.453 ...
 $ RaceHorse.IsHitA                 : num  0 0 0 0 0 0 0 0 0 0 ...
 $ RaceHorse.IsHitB                 : num  0 0 0 0 0 0 0 0 0 0 ...
 $ RaceHorse.IsHitC                 : num  0 0 0 0 0 0 0 1 0 0 ...
 $ Gen01.HansyokuNum                : Factor w/ 425 levels "11406216","11406137",..: 1 2 3 4 5 6 2 7 8 9 ...
 $ Gen01.FinishTimeSdvByRaceAvg     : num  -1.065 -1.397 1.301 0.573 -0.176 ...
 $ Gen01.FirstTimeSdvByRaceAvg      : num  1.332 0.0788 1.1965 0.4913 0.0564 ...
 $ Gen01.LastTimeSdvByRaceAvg       : num  -1.4752 -1.4821 0.5783 0.2878 -0.0749 ...
 $ Gen01.FinishTimeSdvAvg           : num  -0.2405 -0.505 0.2138 -0.0275 -0.2586 ...
 $ Gen01.FirstTimeSdvAvg            : num  0.4706 -0.0851 0.2191 -0.048 0.0428 ...
 $ Gen01.LastTimeSdvAvg             : num  -1.0704 -0.6856 0.0964 -0.0158 -0.3891 ...
 $ Gen01.RealOddsLog1Avg            : num  4.81 3.01 2.88 2.58 3.69 ...
 $ Gen01.RunCount                   : num  1 1 4 5 11 10 2 10 6 3 ...
 $ Gen01.HitCount1                  : num  0 0 2 0 0 0 0 2 1 2 ...
 $ Gen01.HitCount2                  : num  0 0 0 1 0 1 0 3 1 0 ...
 $ Gen01.HitCount3                  : num  0 0 1 0 0 0 0 1 0 0 ...
 $ Gen01.HitCount4                  : num  0 0 0 0 0 0 0 0 1 0 ...
 $ Gen01.HitCount5                  : num  0 0 0 1 0 0 0 0 0 1 ...
 $ Gen01.HitRate1                   : num  0 0 0.5 0 0 ...
 $ Gen01.HitRate2                   : num  0 0 0 0.2 0 ...
 $ Gen01.HitRate3                   : num  0 0 0.25 0 0 0 0 0.1 0 0 ...
 $ Gen01.HitRate4                   : num  0 0 0 0 0 ...
 $ Gen01.HitRate5                   : num  0 0 0 0.2 0 ...
 $ EOF                              : int  1 1 1 1 1 1 1 1 1 1 ...
[1] "2022-03-08 19:18:11 --- RxSqlServerData Finish ---"
[1] "2022-03-08 19:18:11 --- subset Start ---"
[1] "--------------------------------------------------------------------------------"
[1] "nrow(data) subset before=36711"
[1] "nrow(data) subset after =36711"
[1] "nrow(data) subset diff =0"
[1] "--------------------------------------------------------------------------------"
[1] "2022-03-08 19:18:11 --- subset Finish---"
[1] "2022-03-08 19:18:11 --- transform Start ---"
[1] "--------------------------------------------------------------------------------"
[1] "nrow(data) transform before=36711"
[1] "nrow(data) transform after=36711"
[1] "nrow(data) transform diff=0"
[1] "--------------------------------------------------------------------------------"
[1] "str(data)="
'data.frame':	36711 obs. of  48 variables:
 $ Race.RaceId                      : Factor w/ 2474 levels "20160116-08-01-05-05",..: 1 2 3 4 5 6 7 8 9 9 ...
 $ Race.IsAnalyzeNormalPastAndFuture: logi  TRUE TRUE TRUE TRUE TRUE TRUE ...
 $ Race.IsAnalyzeNormalPast         : logi  TRUE TRUE TRUE TRUE TRUE TRUE ...
 $ Race.IsAnalyzeNormalFuture       : logi  FALSE FALSE FALSE FALSE FALSE FALSE ...
 $ Race.IsAnalyzeFullPastAndFuture  : logi  TRUE TRUE TRUE TRUE TRUE TRUE ...
 $ Race.IsAnalyzeFullPast           : logi  TRUE TRUE TRUE TRUE TRUE TRUE ...
 $ Race.IsAnalyzeFullFuture         : logi  FALSE FALSE FALSE FALSE FALSE FALSE ...
 $ Race.JyokenCd                    : Factor w/ 1 level "5": 1 1 1 1 1 1 1 1 1 1 ...
 $ Race.JyoType1Cd                  : Factor w/ 175 levels "17-08-2000-1",..: 1 2 3 4 5 6 7 8 9 9 ...
 $ Race.RaceType1Cd                 : Factor w/ 2 levels "1-5-12","1-5-11": 1 1 1 1 1 1 1 1 1 1 ...
 $ RaceHorse.RaceId                 : Factor w/ 2474 levels "20160116-08-01-05-05",..: 1 2 3 4 5 6 7 8 9 9 ...
 $ RaceHorse.KettoNum               : Factor w/ 13806 levels "2013110118","2013110010",..: 1 2 3 4 5 6 2 7 8 9 ...
 $ RaceHorse.IsHit1                 : num  0 0 0 0 0 0 0 0 0 0 ...
 $ RaceHorse.IsHit2                 : num  0 0 0 0 0 0 0 0 0 0 ...
 $ RaceHorse.IsHit3                 : num  0 0 0 0 0 0 0 1 0 0 ...
 $ RaceHorse.IsHit4                 : num  0 0 0 0 0 0 0 0 0 0 ...
 $ RaceHorse.IsHit5                 : num  0 0 0 0 0 0 1 0 0 0 ...
 $ RaceHorse.IsHit6                 : num  1 1 1 1 1 1 0 0 1 1 ...
 $ RaceHorse.IsValidRaceHorse       : logi  FALSE TRUE FALSE TRUE TRUE TRUE ...
 $ RaceHorse.FinishTimeSdvByRace    : num  -3.621 0.487 -0.305 0.732 -0.624 ...
 $ RaceHorse.FirstTimeSdvByRace     : num  -1.782 -1.001 -1.946 -0.26 -0.563 ...
 $ RaceHorse.LastTimeSdvByRace      : num  -3.506 1.085 0.34 1.072 -0.583 ...
 $ RaceHorse.FinishTimeSdv          : num  -2.779 1.007 -1.912 0.622 -1.268 ...
 $ RaceHorse.FirstTimeSdv           : num  -0.867 0.769 -2.712 0.495 -0.114 ...
 $ RaceHorse.LastTimeSdv            : num  -3.419 0.468 0.526 0.258 -1.453 ...
 $ RaceHorse.IsHitA                 : num  0 0 0 0 0 0 0 0 0 0 ...
 $ RaceHorse.IsHitB                 : num  0 0 0 0 0 0 0 0 0 0 ...
 $ RaceHorse.IsHitC                 : num  0 0 0 0 0 0 0 1 0 0 ...
 $ Gen01.HansyokuNum                : Factor w/ 425 levels "11406216","11406137",..: 1 2 3 4 5 6 2 7 8 9 ...
 $ Gen01.FinishTimeSdvByRaceAvg     : num  -1.065 -1.397 1.301 0.573 -0.176 ...
 $ Gen01.FirstTimeSdvByRaceAvg      : num  1.332 0.0788 1.1965 0.4913 0.0564 ...
 $ Gen01.LastTimeSdvByRaceAvg       : num  -1.4752 -1.4821 0.5783 0.2878 -0.0749 ...
 $ Gen01.FinishTimeSdvAvg           : num  -0.2405 -0.505 0.2138 -0.0275 -0.2586 ...
 $ Gen01.FirstTimeSdvAvg            : num  0.4706 -0.0851 0.2191 -0.048 0.0428 ...
 $ Gen01.LastTimeSdvAvg             : num  -1.0704 -0.6856 0.0964 -0.0158 -0.3891 ...
 $ Gen01.RealOddsLog1Avg            : num  4.81 3.01 2.88 2.58 3.69 ...
 $ Gen01.RunCount                   : num  1 1 4 5 11 10 2 10 6 3 ...
 $ Gen01.HitCount1                  : num  0 0 2 0 0 0 0 2 1 2 ...
 $ Gen01.HitCount2                  : num  0 0 0 1 0 1 0 3 1 0 ...
 $ Gen01.HitCount3                  : num  0 0 1 0 0 0 0 1 0 0 ...
 $ Gen01.HitCount4                  : num  0 0 0 0 0 0 0 0 1 0 ...
 $ Gen01.HitCount5                  : num  0 0 0 1 0 0 0 0 0 1 ...
 $ Gen01.HitRate1                   : num  0 0 0.5 0 0 ...
 $ Gen01.HitRate2                   : num  0 0 0 0.2 0 ...
 $ Gen01.HitRate3                   : num  0 0 0.25 0 0 0 0 0.1 0 0 ...
 $ Gen01.HitRate4                   : num  0 0 0 0 0 ...
 $ Gen01.HitRate5                   : num  0 0 0 0.2 0 ...
 $ EOF                              : int  1 1 1 1 1 1 1 1 1 1 ...
NULL
[1] "2022-03-08 19:18:12 --- transform Finish ---"
[1] "2022-03-08 19:18:12 --- na.omit Start ---"
[1] "--------------------------------------------------------------------------------"
[1] "nrow(data) na.omit before=36711"
[1] "nrow(data) na.omit after =36451"
[1] "nrow(data) na.omit diff =260"
[1] "--------------------------------------------------------------------------------"
'data.frame':	36451 obs. of  48 variables:
 $ Race.RaceId                      : Factor w/ 2474 levels "20160116-08-01-05-05",..: 1 2 3 4 5 6 7 8 9 9 ...
 $ Race.IsAnalyzeNormalPastAndFuture: logi  TRUE TRUE TRUE TRUE TRUE TRUE ...
 $ Race.IsAnalyzeNormalPast         : logi  TRUE TRUE TRUE TRUE TRUE TRUE ...
 $ Race.IsAnalyzeNormalFuture       : logi  FALSE FALSE FALSE FALSE FALSE FALSE ...
 $ Race.IsAnalyzeFullPastAndFuture  : logi  TRUE TRUE TRUE TRUE TRUE TRUE ...
 $ Race.IsAnalyzeFullPast           : logi  TRUE TRUE TRUE TRUE TRUE TRUE ...
 $ Race.IsAnalyzeFullFuture         : logi  FALSE FALSE FALSE FALSE FALSE FALSE ...
 $ Race.JyokenCd                    : Factor w/ 1 level "5": 1 1 1 1 1 1 1 1 1 1 ...
 $ Race.JyoType1Cd                  : Factor w/ 175 levels "17-08-2000-1",..: 1 2 3 4 5 6 7 8 9 9 ...
 $ Race.RaceType1Cd                 : Factor w/ 2 levels "1-5-12","1-5-11": 1 1 1 1 1 1 1 1 1 1 ...
 $ RaceHorse.RaceId                 : Factor w/ 2474 levels "20160116-08-01-05-05",..: 1 2 3 4 5 6 7 8 9 9 ...
 $ RaceHorse.KettoNum               : Factor w/ 13806 levels "2013110118","2013110010",..: 1 2 3 4 5 6 2 7 8 9 ...
 $ RaceHorse.IsHit1                 : num  0 0 0 0 0 0 0 0 0 0 ...
 $ RaceHorse.IsHit2                 : num  0 0 0 0 0 0 0 0 0 0 ...
 $ RaceHorse.IsHit3                 : num  0 0 0 0 0 0 0 1 0 0 ...
 $ RaceHorse.IsHit4                 : num  0 0 0 0 0 0 0 0 0 0 ...
 $ RaceHorse.IsHit5                 : num  0 0 0 0 0 0 1 0 0 0 ...
 $ RaceHorse.IsHit6                 : num  1 1 1 1 1 1 0 0 1 1 ...
 $ RaceHorse.IsValidRaceHorse       : logi  FALSE TRUE FALSE TRUE TRUE TRUE ...
 $ RaceHorse.FinishTimeSdvByRace    : num  -3.621 0.487 -0.305 0.732 -0.624 ...
 $ RaceHorse.FirstTimeSdvByRace     : num  -1.782 -1.001 -1.946 -0.26 -0.563 ...
 $ RaceHorse.LastTimeSdvByRace      : num  -3.506 1.085 0.34 1.072 -0.583 ...
 $ RaceHorse.FinishTimeSdv          : num  -2.779 1.007 -1.912 0.622 -1.268 ...
 $ RaceHorse.FirstTimeSdv           : num  -0.867 0.769 -2.712 0.495 -0.114 ...
 $ RaceHorse.LastTimeSdv            : num  -3.419 0.468 0.526 0.258 -1.453 ...
 $ RaceHorse.IsHitA                 : num  0 0 0 0 0 0 0 0 0 0 ...
 $ RaceHorse.IsHitB                 : num  0 0 0 0 0 0 0 0 0 0 ...
 $ RaceHorse.IsHitC                 : num  0 0 0 0 0 0 0 1 0 0 ...
 $ Gen01.HansyokuNum                : Factor w/ 425 levels "11406216","11406137",..: 1 2 3 4 5 6 2 7 8 9 ...
 $ Gen01.FinishTimeSdvByRaceAvg     : num  -1.065 -1.397 1.301 0.573 -0.176 ...
 $ Gen01.FirstTimeSdvByRaceAvg      : num  1.332 0.0788 1.1965 0.4913 0.0564 ...
 $ Gen01.LastTimeSdvByRaceAvg       : num  -1.4752 -1.4821 0.5783 0.2878 -0.0749 ...
 $ Gen01.FinishTimeSdvAvg           : num  -0.2405 -0.505 0.2138 -0.0275 -0.2586 ...
 $ Gen01.FirstTimeSdvAvg            : num  0.4706 -0.0851 0.2191 -0.048 0.0428 ...
 $ Gen01.LastTimeSdvAvg             : num  -1.0704 -0.6856 0.0964 -0.0158 -0.3891 ...
 $ Gen01.RealOddsLog1Avg            : num  4.81 3.01 2.88 2.58 3.69 ...
 $ Gen01.RunCount                   : num  1 1 4 5 11 10 2 10 6 3 ...
 $ Gen01.HitCount1                  : num  0 0 2 0 0 0 0 2 1 2 ...
 $ Gen01.HitCount2                  : num  0 0 0 1 0 1 0 3 1 0 ...
 $ Gen01.HitCount3                  : num  0 0 1 0 0 0 0 1 0 0 ...
 $ Gen01.HitCount4                  : num  0 0 0 0 0 0 0 0 1 0 ...
 $ Gen01.HitCount5                  : num  0 0 0 1 0 0 0 0 0 1 ...
 $ Gen01.HitRate1                   : num  0 0 0.5 0 0 ...
 $ Gen01.HitRate2                   : num  0 0 0 0.2 0 ...
 $ Gen01.HitRate3                   : num  0 0 0.25 0 0 0 0 0.1 0 0 ...
 $ Gen01.HitRate4                   : num  0 0 0 0 0 ...
 $ Gen01.HitRate5                   : num  0 0 0 0.2 0 ...
 $ EOF                              : int  1 1 1 1 1 1 1 1 1 1 ...
 - attr(*, "na.action")= 'omit' Named int  186 187 296 499 755 835 844 1444 1574 1666 ...
  ..- attr(*, "names")= chr  "186" "187" "296" "499" ...
[1] "2022-03-08 19:18:12 --- na.omit Finish ---"
[1] "2022-03-08 19:18:12 --- rxLogit with rxStepControl Start ---"

> print(paste0(Sys.time(), " --- source_logic_glm.R Start ---"))
[1] "2022-03-08 19:18:12 --- source_logic_glm.R Start ---"

> formula <- formula(RaceHorse.IsHitA ~ +1 + Gen01.FinishTimeSdvByRaceAvg)

> print(paste0(Sys.time(), " --- source_logic_glm.R Finished ---"))
[1] "2022-03-08 19:18:12 --- source_logic_glm.R Finished ---"
Rows Read: 36451, Total Rows Processed: 36451, Total Chunk Time: 0.002 seconds 

Starting values (iteration 1) time: 0.013 secs.
Rows Read: 36451, Total Rows Processed: 36451, Total Chunk Time: 0.002 seconds 

Iteration 2 time: 0.006 secs.
Rows Read: 36451, Total Rows Processed: 36451, Total Chunk Time: 0.002 seconds 

Iteration 3 time: 0.004 secs.
Rows Read: 36451, Total Rows Processed: 36451, Total Chunk Time: 0.002 seconds 

Iteration 4 time: 0.004 secs.
Rows Read: 36451, Total Rows Processed: 36451, Total Chunk Time: 0.002 seconds 

Iteration 5 time: 0.004 secs.

Elapsed computation time: 0.040 secs.
Rows Read: 36451, Total Rows Processed: 36451, Total Chunk Time: 0.001 seconds 

Starting values (iteration 1) time: 0.007 secs.
Rows Read: 36451, Total Rows Processed: 36451, Total Chunk Time: 0.002 seconds 

Iteration 2 time: 0.006 secs.

Elapsed computation time: 0.017 secs.
Rows Read: 36451, Total Rows Processed: 36451, Total Chunk Time: 0.002 seconds 

Starting values (iteration 1) time: 0.007 secs.
Rows Read: 36451, Total Rows Processed: 36451, Total Chunk Time: 0.002 seconds 

Iteration 2 time: 0.006 secs.
Rows Read: 36451, Total Rows Processed: 36451, Total Chunk Time: 0.003 seconds 

Iteration 3 time: 0.004 secs.
Rows Read: 36451, Total Rows Processed: 36451, Total Chunk Time: 0.002 seconds 

Iteration 4 time: 0.004 secs.
Rows Read: 36451, Total Rows Processed: 36451, Total Chunk Time: 0.002 seconds 

Iteration 5 time: 0.004 secs.

Elapsed computation time: 0.037 secs.

Elapsed computation time: 0.108 secs.
[1] "--------------------------------------------------------------------------------"
[1] "analyze.results.glm.step="
Logistic Regression Results for: RaceHorse.IsHitA ~
    Gen01.FinishTimeSdvByRaceAvg
Data: data
Dependent variable(s): RaceHorse.IsHitA
Total independent variables: 2 
Number of valid observations: 36451
Number of missing observations: 0 
 
Coefficients:
                             RaceHorse.IsHitA
(Intercept)                                -3
Gen01.FinishTimeSdvByRaceAvg                2
[1] "analyze.results.glm.step.summary"
Call:
rxLogit(formula = formula, data = data, variableSelection = analyze.results.glm.step.varsel)

Logistic Regression Results for: RaceHorse.IsHitA ~
    Gen01.FinishTimeSdvByRaceAvg
Data: data
Dependent variable(s): RaceHorse.IsHitA
Total independent variables: 2 
Number of valid observations: 36451
Number of missing observations: 0 
-2*LogLikelihood: 17603 (Residual deviance on 36449 degrees of freedom)
 
Coefficients:
                             Estimate Std. Error z value Pr(>|z|)    
(Intercept)                   -3.1037     0.0348   -89.1  2.2e-16 ***
Gen01.FinishTimeSdvByRaceAvg   1.8197     0.0932    19.5  2.2e-16 ***
---
Signif. codes:  0 '***' 0.001 '**' 0.01 '*' 0.05 '.' 0.1 ' ' 1

Condition number of final variance-covariance matrix: 1 
Number of iterations: 5
[1] "--------------------------------------------------------------------------------"
[1] "2022-03-08 19:18:12 --- rxLogit with rxStepControl Finish ---"
[1] "2022-03-08 19:18:12 --- rxStepPlot Start ---"
[1] "pdfFilename=pdf_analyze_glm_Gen01_Type15_rxStepPlot.pdf"
[1] "rxStepPlot="
[1] "2022-03-08 19:18:12 --- rxStepPlot Finish ---"
[1] "2022-03-08 19:18:12 --- save.image Start ---"
[1] "save.image"
[1] "rdataFilename=RData_analyze_glm_Gen01_Type15.RData"
[1] "2022-03-08 19:18:13 --- save.image Finish ---"
[1] "2022-03-08 19:18:13 --- final Start ---"
[1] "--------------------------------------------------------------------------------"
[1] "nrow(data) final=36451"
[1] "--------------------------------------------------------------------------------"
[1] "2022-03-08 19:18:13 --- final Finish ---"
[1] "2022-03-08 19:18:13 --- analyze_glm.R Finished ---"
[1] "2022-03-08 19:18:13 --- log Finish ---"
