[1] "2022-03-08 18:37:10 --- D1115_analyze_glm_Gen02_IsHitA_Type31 Start ---"
[1] "2022-03-08 18:37:10 --- Log Start ---"
[1] "2022-03-08 18:37:10 --- analyze_glm.R Start ---"
[1] "analyzeVersion=D1115"
[1] "analyzeCategory=analyze"
[1] "analyzeType=Gen02"
[1] "analyzeFamily=IsHitA"
[1] "analyzeFunc=glm"
[1] "analyzeTrackTypeCd=3"
[1] "analyzeJyokenCd=1"
[1] "2022-03-08 18:37:10 --- source_function.R Start ---"
[1] "2022-03-08 18:37:10 --- source_function.R Finished ---"

> print(paste0(Sys.time(), " --- source_library.R Start ---"))
[1] "2022-03-08 18:37:10 --- source_library.R Start ---"

> require("RevoScaleR")

> print(paste0(Sys.time(), " --- source_library.R Finished ---"))
[1] "2022-03-08 18:37:11 --- source_library.R Finished ---"
[1] "2022-03-08 18:37:11 --- RxSqlServerData Start ---"
[1] "2022-03-08 18:37:11 --- RxInSqlServer Start ---"
[1] "2022-03-08 18:37:11 --- RxInSqlServer Finish ---"
[1] "2022-03-08 18:37:11 --- rxSetComputeContext Start ---"
[1] "2022-03-08 18:37:11 --- rxSetComputeContext Finish ---"
[1] "2022-03-08 18:37:11 --- RxSqlServerData Start ---"
[1] "sqlQuery=SELECT * FROM ViewAnalyzeD1115analyze01Gen02Type31"
[1] "2022-03-08 18:37:11 --- RxSqlServerData Finish ---"
[1] "2022-03-08 18:37:11 --- rxGetVarInfo Start ---"
[1] "2022-03-08 18:37:12 --- rxGetVarInfo Finish---"
[1] "2022-03-08 18:37:12 --- rxImport Start ---"
Rows Read: 1851, Total Rows Processed: 1851, Total Chunk Time: 185.955 seconds 
[1] "2022-03-08 18:42:17 --- rxImport Finish ---"
[1] "object.size(data) auto=691 Kb"
[1] "--------------------------------------------------------------------------------"
[1] "nrow(data) RxSqlServerData=1851"
[1] "--------------------------------------------------------------------------------"
[1] "str(data)="
'data.frame':	1851 obs. of  48 variables:
 $ Race.RaceId                      : Factor w/ 213 levels "20160109-06-01-02-08",..: 2 9 10 11 11 12 12 3 4 6 ...
 $ Race.IsAnalyzeNormalPastAndFuture: logi  TRUE TRUE TRUE TRUE TRUE TRUE ...
 $ Race.IsAnalyzeNormalPast         : logi  TRUE TRUE TRUE TRUE TRUE TRUE ...
 $ Race.IsAnalyzeNormalFuture       : logi  FALSE FALSE FALSE FALSE FALSE FALSE ...
 $ Race.IsAnalyzeFullPastAndFuture  : logi  TRUE TRUE TRUE TRUE TRUE TRUE ...
 $ Race.IsAnalyzeFullPast           : logi  TRUE TRUE TRUE TRUE TRUE TRUE ...
 $ Race.IsAnalyzeFullFuture         : logi  FALSE FALSE FALSE FALSE FALSE FALSE ...
 $ Race.JyokenCd                    : Factor w/ 1 level "1": 1 1 1 1 1 1 1 1 1 1 ...
 $ Race.JyoType1Cd                  : Factor w/ 55 levels "52-06-3200-1",..: 2 9 10 9 9 1 1 3 4 6 ...
 $ Race.RaceType1Cd                 : Factor w/ 2 levels "3-1-19","3-1-18": 1 1 1 1 1 1 1 1 1 1 ...
 $ RaceHorse.RaceId                 : Factor w/ 213 levels "20160109-06-01-02-08",..: 2 9 10 11 11 12 12 3 4 6 ...
 $ RaceHorse.KettoNum               : Factor w/ 396 levels "2012100619","2008102897",..: 4 10 11 12 13 14 15 16 17 15 ...
 $ RaceHorse.IsHit1                 : num  0 0 0 0 0 0 1 0 0 1 ...
 $ RaceHorse.IsHit2                 : num  0 0 0 0 0 0 0 0 0 0 ...
 $ RaceHorse.IsHit3                 : num  0 1 0 0 0 0 0 0 0 0 ...
 $ RaceHorse.IsHit4                 : num  0 0 1 0 0 0 0 1 0 0 ...
 $ RaceHorse.IsHit5                 : num  0 0 0 0 0 0 0 0 0 0 ...
 $ RaceHorse.IsHit6                 : num  1 0 0 1 1 1 0 0 0 0 ...
 $ RaceHorse.IsValidRaceHorse       : logi  TRUE TRUE TRUE TRUE TRUE TRUE ...
 $ RaceHorse.FinishTimeSdvByRace    : num  0.396 0.485 0.721 -1.181 -0.741 ...
 $ RaceHorse.FirstTimeSdvByRace     : num  0.363 0.53 0.72 -1.262 -0.724 ...
 $ RaceHorse.LastTimeSdvByRace      : num  0.552 0.259 0.715 -0.776 -0.776 ...
 $ RaceHorse.FinishTimeSdv          : num  0.52103 0.09814 0.79017 -0.1524 0.00703 ...
 $ RaceHorse.FirstTimeSdv           : num  0.47537 0.11659 0.80504 -0.19049 0.00493 ...
 $ RaceHorse.LastTimeSdv            : num  0.7098 0.0156 0.707 0.0156 0.0156 ...
 $ RaceHorse.IsHitA                 : num  0 0 0 0 0 0 1 0 0 1 ...
 $ RaceHorse.IsHitB                 : num  0 0 0 0 0 0 1 0 0 1 ...
 $ RaceHorse.IsHitC                 : num  0 1 0 0 0 0 1 0 0 1 ...
 $ Gen02.HansyokuNum                : Factor w/ 384 levels "12250145","12244793",..: 4 10 11 12 13 14 15 16 17 15 ...
 $ Gen02.FinishTimeSdvByRaceAvg     : num  1.347 0.356 0.678 -0.124 0.437 ...
 $ Gen02.FirstTimeSdvByRaceAvg      : num  1.295 0.3 0.637 -0.133 0.376 ...
 $ Gen02.LastTimeSdvByRaceAvg       : num  1.1772 0.5665 0.8405 -0.0317 0.6325 ...
 $ Gen02.FinishTimeSdvAvg           : num  0.937 0.3526 0.7402 -0.0751 -0.1605 ...
 $ Gen02.FirstTimeSdvAvg            : num  0.9287 0.321 0.7061 -0.0713 -0.2083 ...
 $ Gen02.LastTimeSdvAvg             : num  0.9442 0.49 0.8424 -0.0671 0.0586 ...
 $ Gen02.RealOddsLog1Avg            : num  3.56 1.32 1.45 4.87 2.21 ...
 $ Gen02.RunCount                   : num  2 2 3 4 1 1 1 4 1 2 ...
 $ Gen02.HitCount1                  : num  0 0 2 0 0 1 1 1 0 2 ...
 $ Gen02.HitCount2                  : num  1 1 0 0 0 0 0 2 0 0 ...
 $ Gen02.HitCount3                  : num  0 0 0 0 0 0 0 0 0 0 ...
 $ Gen02.HitCount4                  : num  0 0 0 0 0 0 0 0 0 0 ...
 $ Gen02.HitCount5                  : num  1 0 0 1 0 0 0 0 0 0 ...
 $ Gen02.HitRate1                   : num  0 0 0.667 0 0 ...
 $ Gen02.HitRate2                   : num  0.5 0.5 0 0 0 0 0 0.5 0 0 ...
 $ Gen02.HitRate3                   : num  0 0 0 0 0 0 0 0 0 0 ...
 $ Gen02.HitRate4                   : num  0 0 0 0 0 0 0 0 0 0 ...
 $ Gen02.HitRate5                   : num  0.5 0 0 0.25 0 0 0 0 0 0 ...
 $ EOF                              : int  1 1 1 1 1 1 1 1 1 1 ...
[1] "2022-03-08 18:42:18 --- RxSqlServerData Finish ---"
[1] "2022-03-08 18:42:18 --- subset Start ---"
[1] "--------------------------------------------------------------------------------"
[1] "nrow(data) subset before=1851"
[1] "nrow(data) subset after =1851"
[1] "nrow(data) subset diff =0"
[1] "--------------------------------------------------------------------------------"
[1] "2022-03-08 18:42:18 --- subset Finish---"
[1] "2022-03-08 18:42:18 --- transform Start ---"
[1] "--------------------------------------------------------------------------------"
[1] "nrow(data) transform before=1851"
[1] "nrow(data) transform after=1851"
[1] "nrow(data) transform diff=0"
[1] "--------------------------------------------------------------------------------"
[1] "str(data)="
'data.frame':	1851 obs. of  48 variables:
 $ Race.RaceId                      : Factor w/ 213 levels "20160109-06-01-02-08",..: 2 9 10 11 11 12 12 3 4 6 ...
 $ Race.IsAnalyzeNormalPastAndFuture: logi  TRUE TRUE TRUE TRUE TRUE TRUE ...
 $ Race.IsAnalyzeNormalPast         : logi  TRUE TRUE TRUE TRUE TRUE TRUE ...
 $ Race.IsAnalyzeNormalFuture       : logi  FALSE FALSE FALSE FALSE FALSE FALSE ...
 $ Race.IsAnalyzeFullPastAndFuture  : logi  TRUE TRUE TRUE TRUE TRUE TRUE ...
 $ Race.IsAnalyzeFullPast           : logi  TRUE TRUE TRUE TRUE TRUE TRUE ...
 $ Race.IsAnalyzeFullFuture         : logi  FALSE FALSE FALSE FALSE FALSE FALSE ...
 $ Race.JyokenCd                    : Factor w/ 1 level "1": 1 1 1 1 1 1 1 1 1 1 ...
 $ Race.JyoType1Cd                  : Factor w/ 55 levels "52-06-3200-1",..: 2 9 10 9 9 1 1 3 4 6 ...
 $ Race.RaceType1Cd                 : Factor w/ 2 levels "3-1-19","3-1-18": 1 1 1 1 1 1 1 1 1 1 ...
 $ RaceHorse.RaceId                 : Factor w/ 213 levels "20160109-06-01-02-08",..: 2 9 10 11 11 12 12 3 4 6 ...
 $ RaceHorse.KettoNum               : Factor w/ 396 levels "2012100619","2008102897",..: 4 10 11 12 13 14 15 16 17 15 ...
 $ RaceHorse.IsHit1                 : num  0 0 0 0 0 0 1 0 0 1 ...
 $ RaceHorse.IsHit2                 : num  0 0 0 0 0 0 0 0 0 0 ...
 $ RaceHorse.IsHit3                 : num  0 1 0 0 0 0 0 0 0 0 ...
 $ RaceHorse.IsHit4                 : num  0 0 1 0 0 0 0 1 0 0 ...
 $ RaceHorse.IsHit5                 : num  0 0 0 0 0 0 0 0 0 0 ...
 $ RaceHorse.IsHit6                 : num  1 0 0 1 1 1 0 0 0 0 ...
 $ RaceHorse.IsValidRaceHorse       : logi  TRUE TRUE TRUE TRUE TRUE TRUE ...
 $ RaceHorse.FinishTimeSdvByRace    : num  0.396 0.485 0.721 -1.181 -0.741 ...
 $ RaceHorse.FirstTimeSdvByRace     : num  0.363 0.53 0.72 -1.262 -0.724 ...
 $ RaceHorse.LastTimeSdvByRace      : num  0.552 0.259 0.715 -0.776 -0.776 ...
 $ RaceHorse.FinishTimeSdv          : num  0.52103 0.09814 0.79017 -0.1524 0.00703 ...
 $ RaceHorse.FirstTimeSdv           : num  0.47537 0.11659 0.80504 -0.19049 0.00493 ...
 $ RaceHorse.LastTimeSdv            : num  0.7098 0.0156 0.707 0.0156 0.0156 ...
 $ RaceHorse.IsHitA                 : num  0 0 0 0 0 0 1 0 0 1 ...
 $ RaceHorse.IsHitB                 : num  0 0 0 0 0 0 1 0 0 1 ...
 $ RaceHorse.IsHitC                 : num  0 1 0 0 0 0 1 0 0 1 ...
 $ Gen02.HansyokuNum                : Factor w/ 384 levels "12250145","12244793",..: 4 10 11 12 13 14 15 16 17 15 ...
 $ Gen02.FinishTimeSdvByRaceAvg     : num  1.347 0.356 0.678 -0.124 0.437 ...
 $ Gen02.FirstTimeSdvByRaceAvg      : num  1.295 0.3 0.637 -0.133 0.376 ...
 $ Gen02.LastTimeSdvByRaceAvg       : num  1.1772 0.5665 0.8405 -0.0317 0.6325 ...
 $ Gen02.FinishTimeSdvAvg           : num  0.937 0.3526 0.7402 -0.0751 -0.1605 ...
 $ Gen02.FirstTimeSdvAvg            : num  0.9287 0.321 0.7061 -0.0713 -0.2083 ...
 $ Gen02.LastTimeSdvAvg             : num  0.9442 0.49 0.8424 -0.0671 0.0586 ...
 $ Gen02.RealOddsLog1Avg            : num  3.56 1.32 1.45 4.87 2.21 ...
 $ Gen02.RunCount                   : num  2 2 3 4 1 1 1 4 1 2 ...
 $ Gen02.HitCount1                  : num  0 0 2 0 0 1 1 1 0 2 ...
 $ Gen02.HitCount2                  : num  1 1 0 0 0 0 0 2 0 0 ...
 $ Gen02.HitCount3                  : num  0 0 0 0 0 0 0 0 0 0 ...
 $ Gen02.HitCount4                  : num  0 0 0 0 0 0 0 0 0 0 ...
 $ Gen02.HitCount5                  : num  1 0 0 1 0 0 0 0 0 0 ...
 $ Gen02.HitRate1                   : num  0 0 0.667 0 0 ...
 $ Gen02.HitRate2                   : num  0.5 0.5 0 0 0 0 0 0.5 0 0 ...
 $ Gen02.HitRate3                   : num  0 0 0 0 0 0 0 0 0 0 ...
 $ Gen02.HitRate4                   : num  0 0 0 0 0 0 0 0 0 0 ...
 $ Gen02.HitRate5                   : num  0.5 0 0 0.25 0 0 0 0 0 0 ...
 $ EOF                              : int  1 1 1 1 1 1 1 1 1 1 ...
NULL
[1] "2022-03-08 18:42:18 --- transform Finish ---"
[1] "2022-03-08 18:42:18 --- na.omit Start ---"
[1] "--------------------------------------------------------------------------------"
[1] "nrow(data) na.omit before=1851"
[1] "nrow(data) na.omit after =1758"
[1] "nrow(data) na.omit diff =93"
[1] "--------------------------------------------------------------------------------"
'data.frame':	1758 obs. of  48 variables:
 $ Race.RaceId                      : Factor w/ 213 levels "20160109-06-01-02-08",..: 2 9 10 11 11 12 12 3 6 13 ...
 $ Race.IsAnalyzeNormalPastAndFuture: logi  TRUE TRUE TRUE TRUE TRUE TRUE ...
 $ Race.IsAnalyzeNormalPast         : logi  TRUE TRUE TRUE TRUE TRUE TRUE ...
 $ Race.IsAnalyzeNormalFuture       : logi  FALSE FALSE FALSE FALSE FALSE FALSE ...
 $ Race.IsAnalyzeFullPastAndFuture  : logi  TRUE TRUE TRUE TRUE TRUE TRUE ...
 $ Race.IsAnalyzeFullPast           : logi  TRUE TRUE TRUE TRUE TRUE TRUE ...
 $ Race.IsAnalyzeFullFuture         : logi  FALSE FALSE FALSE FALSE FALSE FALSE ...
 $ Race.JyokenCd                    : Factor w/ 1 level "1": 1 1 1 1 1 1 1 1 1 1 ...
 $ Race.JyoType1Cd                  : Factor w/ 55 levels "52-06-3200-1",..: 2 9 10 9 9 1 1 3 6 11 ...
 $ Race.RaceType1Cd                 : Factor w/ 2 levels "3-1-19","3-1-18": 1 1 1 1 1 1 1 1 1 1 ...
 $ RaceHorse.RaceId                 : Factor w/ 213 levels "20160109-06-01-02-08",..: 2 9 10 11 11 12 12 3 6 13 ...
 $ RaceHorse.KettoNum               : Factor w/ 396 levels "2012100619","2008102897",..: 4 10 11 12 13 14 15 16 15 18 ...
 $ RaceHorse.IsHit1                 : num  0 0 0 0 0 0 1 0 1 1 ...
 $ RaceHorse.IsHit2                 : num  0 0 0 0 0 0 0 0 0 0 ...
 $ RaceHorse.IsHit3                 : num  0 1 0 0 0 0 0 0 0 0 ...
 $ RaceHorse.IsHit4                 : num  0 0 1 0 0 0 0 1 0 0 ...
 $ RaceHorse.IsHit5                 : num  0 0 0 0 0 0 0 0 0 0 ...
 $ RaceHorse.IsHit6                 : num  1 0 0 1 1 1 0 0 0 0 ...
 $ RaceHorse.IsValidRaceHorse       : logi  TRUE TRUE TRUE TRUE TRUE TRUE ...
 $ RaceHorse.FinishTimeSdvByRace    : num  0.396 0.485 0.721 -1.181 -0.741 ...
 $ RaceHorse.FirstTimeSdvByRace     : num  0.363 0.53 0.72 -1.262 -0.724 ...
 $ RaceHorse.LastTimeSdvByRace      : num  0.552 0.259 0.715 -0.776 -0.776 ...
 $ RaceHorse.FinishTimeSdv          : num  0.52103 0.09814 0.79017 -0.1524 0.00703 ...
 $ RaceHorse.FirstTimeSdv           : num  0.47537 0.11659 0.80504 -0.19049 0.00493 ...
 $ RaceHorse.LastTimeSdv            : num  0.7098 0.0156 0.707 0.0156 0.0156 ...
 $ RaceHorse.IsHitA                 : num  0 0 0 0 0 0 1 0 1 1 ...
 $ RaceHorse.IsHitB                 : num  0 0 0 0 0 0 1 0 1 1 ...
 $ RaceHorse.IsHitC                 : num  0 1 0 0 0 0 1 0 1 1 ...
 $ Gen02.HansyokuNum                : Factor w/ 384 levels "12250145","12244793",..: 4 10 11 12 13 14 15 16 15 18 ...
 $ Gen02.FinishTimeSdvByRaceAvg     : num  1.347 0.356 0.678 -0.124 0.437 ...
 $ Gen02.FirstTimeSdvByRaceAvg      : num  1.295 0.3 0.637 -0.133 0.376 ...
 $ Gen02.LastTimeSdvByRaceAvg       : num  1.1772 0.5665 0.8405 -0.0317 0.6325 ...
 $ Gen02.FinishTimeSdvAvg           : num  0.937 0.3526 0.7402 -0.0751 -0.1605 ...
 $ Gen02.FirstTimeSdvAvg            : num  0.9287 0.321 0.7061 -0.0713 -0.2083 ...
 $ Gen02.LastTimeSdvAvg             : num  0.9442 0.49 0.8424 -0.0671 0.0586 ...
 $ Gen02.RealOddsLog1Avg            : num  3.56 1.32 1.45 4.87 2.21 ...
 $ Gen02.RunCount                   : num  2 2 3 4 1 1 1 4 2 3 ...
 $ Gen02.HitCount1                  : num  0 0 2 0 0 1 1 1 2 1 ...
 $ Gen02.HitCount2                  : num  1 1 0 0 0 0 0 2 0 0 ...
 $ Gen02.HitCount3                  : num  0 0 0 0 0 0 0 0 0 0 ...
 $ Gen02.HitCount4                  : num  0 0 0 0 0 0 0 0 0 0 ...
 $ Gen02.HitCount5                  : num  1 0 0 1 0 0 0 0 0 1 ...
 $ Gen02.HitRate1                   : num  0 0 0.667 0 0 ...
 $ Gen02.HitRate2                   : num  0.5 0.5 0 0 0 0 0 0.5 0 0 ...
 $ Gen02.HitRate3                   : num  0 0 0 0 0 0 0 0 0 0 ...
 $ Gen02.HitRate4                   : num  0 0 0 0 0 0 0 0 0 0 ...
 $ Gen02.HitRate5                   : num  0.5 0 0 0.25 0 ...
 $ EOF                              : int  1 1 1 1 1 1 1 1 1 1 ...
 - attr(*, "na.action")= 'omit' Named int  9 18 31 34 37 69 75 128 175 183 ...
  ..- attr(*, "names")= chr  "9" "18" "31" "34" ...
[1] "2022-03-08 18:42:18 --- na.omit Finish ---"
[1] "2022-03-08 18:42:18 --- rxLogit with rxStepControl Start ---"

> print(paste0(Sys.time(), " --- source_logic_glm.R Start ---"))
[1] "2022-03-08 18:42:18 --- source_logic_glm.R Start ---"

> formula <- formula(RaceHorse.IsHitA ~ +1 + Gen02.FinishTimeSdvByRaceAvg)

> print(paste0(Sys.time(), " --- source_logic_glm.R Finished ---"))
[1] "2022-03-08 18:42:18 --- source_logic_glm.R Finished ---"
Rows Read: 1758, Total Rows Processed: 1758, Total Chunk Time: 0.001 seconds 

Starting values (iteration 1) time: 0.015 secs.
Rows Read: 1758, Total Rows Processed: 1758, Total Chunk Time: 0.002 seconds 

Iteration 2 time: 0.006 secs.
Rows Read: 1758, Total Rows Processed: 1758, Total Chunk Time: 0.001 seconds 

Iteration 3 time: 0.007 secs.
Rows Read: 1758, Total Rows Processed: 1758, Total Chunk Time: 0.001 seconds 

Iteration 4 time: 0.005 secs.
Rows Read: 1758, Total Rows Processed: 1758, Total Chunk Time: 0.001 seconds 

Iteration 5 time: 0.004 secs.

Elapsed computation time: 0.052 secs.
Rows Read: 1758, Total Rows Processed: 1758, Total Chunk Time: Less than .001 seconds 

Starting values (iteration 1) time: 0.005 secs.
Rows Read: 1758, Total Rows Processed: 1758, Total Chunk Time: Less than .001 seconds 

Iteration 2 time: 0.005 secs.

Elapsed computation time: 0.019 secs.
Rows Read: 1758, Total Rows Processed: 1758, Total Chunk Time: Less than .001 seconds 

Starting values (iteration 1) time: 0.005 secs.
Rows Read: 1758, Total Rows Processed: 1758, Total Chunk Time: 0.001 seconds 

Iteration 2 time: 0.005 secs.
Rows Read: 1758, Total Rows Processed: 1758, Total Chunk Time: 0.001 seconds 

Iteration 3 time: 0.004 secs.
Rows Read: 1758, Total Rows Processed: 1758, Total Chunk Time: Less than .001 seconds 

Iteration 4 time: 0.005 secs.
Rows Read: 1758, Total Rows Processed: 1758, Total Chunk Time: 0.001 seconds 

Iteration 5 time: 0.006 secs.

Elapsed computation time: 0.046 secs.

Elapsed computation time: 0.132 secs.
[1] "--------------------------------------------------------------------------------"
[1] "analyze.results.glm.step="
Logistic Regression Results for: RaceHorse.IsHitA ~
    Gen02.FinishTimeSdvByRaceAvg
Data: data
Dependent variable(s): RaceHorse.IsHitA
Total independent variables: 2 
Number of valid observations: 1758
Number of missing observations: 0 
 
Coefficients:
                             RaceHorse.IsHitA
(Intercept)                                -3
Gen02.FinishTimeSdvByRaceAvg                1
[1] "analyze.results.glm.step.summary"
Call:
rxLogit(formula = formula, data = data, variableSelection = analyze.results.glm.step.varsel)

Logistic Regression Results for: RaceHorse.IsHitA ~
    Gen02.FinishTimeSdvByRaceAvg
Data: data
Dependent variable(s): RaceHorse.IsHitA
Total independent variables: 2 
Number of valid observations: 1758
Number of missing observations: 0 
-2*LogLikelihood: 1025.595 (Residual deviance on 1756 degrees of freedom)
 
Coefficients:
                             Estimate Std. Error z value Pr(>|z|)    
(Intercept)                    -2.854      0.129  -22.19  2.2e-16 ***
Gen02.FinishTimeSdvByRaceAvg    1.407      0.165    8.53  2.2e-16 ***
---
Signif. codes:  0 '***' 0.001 '**' 0.01 '*' 0.05 '.' 0.1 ' ' 1

Condition number of final variance-covariance matrix: 1 
Number of iterations: 5
[1] "--------------------------------------------------------------------------------"
[1] "2022-03-08 18:42:18 --- rxLogit with rxStepControl Finish ---"
[1] "2022-03-08 18:42:18 --- rxStepPlot Start ---"
[1] "pdfFilename=pdf_analyze_glm_Gen02_Type31_rxStepPlot.pdf"
[1] "rxStepPlot="
[1] "2022-03-08 18:42:19 --- rxStepPlot Finish ---"
[1] "2022-03-08 18:42:19 --- save.image Start ---"
[1] "save.image"
[1] "rdataFilename=RData_analyze_glm_Gen02_Type31.RData"
[1] "2022-03-08 18:42:19 --- save.image Finish ---"
[1] "2022-03-08 18:42:19 --- final Start ---"
[1] "--------------------------------------------------------------------------------"
[1] "nrow(data) final=1758"
[1] "--------------------------------------------------------------------------------"
[1] "2022-03-08 18:42:19 --- final Finish ---"
[1] "2022-03-08 18:42:19 --- analyze_glm.R Finished ---"
[1] "2022-03-08 18:42:19 --- log Finish ---"
