[1] "2022-02-26 17:57:56 --- D1115_analyze_glm_Horse_IsHitA_Type14 Start ---"
[1] "2022-02-26 17:57:58 --- Log Start ---"
[1] "2022-02-26 17:57:58 --- analyze_glm.R Start ---"
[1] "analyzeVersion=D1115"
[1] "analyzeCategory=analyze"
[1] "analyzeType=Horse"
[1] "analyzeFamily=IsHitA"
[1] "analyzeFunc=glm"
[1] "analyzeTrackTypeCd=1"
[1] "analyzeJyokenCd=4"
[1] "2022-02-26 17:58:00 --- source_function.R Start ---"
[1] "2022-02-26 17:58:01 --- source_function.R Finished ---"

> print(paste0(Sys.time(), " --- source_library.R Start ---"))
[1] "2022-02-26 17:58:03 --- source_library.R Start ---"

> require("RevoScaleR")

> print(paste0(Sys.time(), " --- source_library.R Finished ---"))
[1] "2022-02-26 17:58:07 --- source_library.R Finished ---"
[1] "2022-02-26 17:58:08 --- RxSqlServerData Start ---"
[1] "2022-02-26 17:58:08 --- RxInSqlServer Start ---"
[1] "2022-02-26 17:58:09 --- RxInSqlServer Finish ---"
[1] "2022-02-26 17:58:09 --- rxSetComputeContext Start ---"
[1] "2022-02-26 17:58:09 --- rxSetComputeContext Finish ---"
[1] "2022-02-26 17:58:09 --- RxSqlServerData Start ---"
[1] "sqlQuery=SELECT * FROM ViewAnalyzeD1115analyze01HorseType14"
[1] "2022-02-26 17:58:09 --- RxSqlServerData Finish ---"
[1] "2022-02-26 17:58:10 --- rxGetVarInfo Start ---"
[1] "2022-02-26 17:58:14 --- rxGetVarInfo Finish---"
[1] "2022-02-26 17:58:14 --- rxImport Start ---"
Rows Read: 30421, Total Rows Processed: 30421, Total Chunk Time: 10.967 seconds 
[1] "2022-02-26 17:58:37 --- rxImport Finish ---"
[1] "object.size(data) auto=9.8 Mb"
[1] "--------------------------------------------------------------------------------"
[1] "nrow(data) RxSqlServerData=30421"
[1] "--------------------------------------------------------------------------------"
[1] "str(data)="
'data.frame':	30421 obs. of  44 variables:
 $ Race.RaceId                      : Factor w/ 2247 levels "20170219-10-01-04-07",..: 1 2 3 10 5 6 11 12 13 9 ...
 $ Race.IsAnalyzeNormalPastAndFuture: logi  TRUE TRUE TRUE TRUE TRUE TRUE ...
 $ Race.IsAnalyzeNormalPast         : logi  TRUE TRUE TRUE TRUE TRUE TRUE ...
 $ Race.IsAnalyzeNormalFuture       : logi  FALSE FALSE FALSE FALSE FALSE FALSE ...
 $ Race.IsAnalyzeFullPastAndFuture  : logi  TRUE TRUE TRUE TRUE TRUE TRUE ...
 $ Race.IsAnalyzeFullPast           : logi  TRUE TRUE TRUE TRUE TRUE TRUE ...
 $ Race.IsAnalyzeFullFuture         : logi  FALSE FALSE FALSE FALSE FALSE FALSE ...
 $ Race.JyokenCd                    : Factor w/ 1 level "4": 1 1 1 1 1 1 1 1 1 1 ...
 $ Race.JyoType1Cd                  : Factor w/ 177 levels "1-10-1800-4-1",..: 1 2 3 10 5 6 11 11 12 9 ...
 $ Race.RaceType1Cd                 : Factor w/ 6 levels "1-4-X-2","1-4-E-1",..: 1 2 1 5 1 3 4 2 1 4 ...
 $ RaceHorse.RaceId                 : Factor w/ 2247 levels "20170219-10-01-04-07",..: 1 2 3 10 5 6 11 12 13 9 ...
 $ RaceHorse.KettoNum               : Factor w/ 6882 levels "2010100109","2010100115",..: 1 2 3 4 5 6 7 8 9 10 ...
 $ RaceHorse.IsHit1                 : num  0 0 0 0 0 1 0 0 0 0 ...
 $ RaceHorse.IsHit2                 : num  0 0 0 0 0 0 0 0 0 0 ...
 $ RaceHorse.IsHit3                 : num  0 0 0 0 0 0 0 0 0 0 ...
 $ RaceHorse.IsHit4                 : num  0 0 0 0 0 0 0 0 0 0 ...
 $ RaceHorse.IsHit5                 : num  0 0 0 0 0 0 0 0 0 0 ...
 $ RaceHorse.IsHit6                 : num  1 1 1 1 1 0 1 1 1 1 ...
 $ RaceHorse.IsValidRaceHorse       : logi  TRUE TRUE TRUE TRUE TRUE TRUE ...
 $ RaceHorse.TimeSdvByRace          : num  -0.483 -2.722 -0.767 -0.319 0.175 ...
 $ RaceHorse.TimeSdv                : num  -0.5264 -0.3052 0.0409 -0.0487 0.1348 ...
 $ RaceHorse.IsHitA                 : num  0 0 0 0 0 1 0 0 0 0 ...
 $ RaceHorse.IsHitB                 : num  0 0 0 0 0 1 0 0 0 0 ...
 $ RaceHorse.IsHitC                 : num  0 0 0 0 0 1 0 0 0 0 ...
 $ Horse.KettoNum                   : Factor w/ 6882 levels "2010100109","2010100115",..: 1 2 3 4 5 6 7 8 9 10 ...
 $ Horse.TimeSdvByRaceAvg           : num  0.0692 -1.3249 0.5466 0.2 -0.3898 ...
 $ Horse.TimeSdvByRaceMin           : num  -1.624 -2.865 -0.128 -1.107 -1.557 ...
 $ Horse.TimeSdvByRaceMax           : num  1.165 1.471 1.184 1.32 0.284 ...
 $ Horse.TimeSdvAvg                 : num  0.0773 -0.9793 -0.0117 0.1453 -0.0809 ...
 $ Horse.TimeSdvMin                 : num  -1.44 -2.29 -1.47 -1.38 -1.53 ...
 $ Horse.TimeSdvMax                 : num  1.1257 -0.0571 1.2033 1.345 1.1384 ...
 $ Horse.OrderOfFinishSdvAvg        : num  0.05 -0.992 0.572 0.186 -0.603 ...
 $ Horse.RunCount                   : num  48 13 12 14 19 19 21 24 31 23 ...
 $ Horse.HitCount1                  : num  1 1 1 0 0 1 1 0 2 1 ...
 $ Horse.HitCount2                  : num  5 0 3 2 0 0 2 0 4 0 ...
 $ Horse.HitCount3                  : num  3 0 1 0 0 3 3 2 2 0 ...
 $ Horse.HitCount4                  : num  6 0 0 1 0 2 1 4 1 2 ...
 $ Horse.HitCount5                  : num  6 0 3 3 0 2 1 1 3 0 ...
 $ Horse.HitRate1                   : num  0.0208 0.0769 0.0833 0 0 ...
 $ Horse.HitRate2                   : num  0.104 0 0.25 0.143 0 ...
 $ Horse.HitRate3                   : num  0.0625 0 0.0833 0 0 ...
 $ Horse.HitRate4                   : num  0.125 0 0 0.0714 0 ...
 $ Horse.HitRate5                   : num  0.125 0 0.25 0.214 0 ...
 $ EOF                              : int  1 1 1 1 1 1 1 1 1 1 ...
[1] "2022-02-26 17:59:13 --- RxSqlServerData Finish ---"
[1] "2022-02-26 17:59:13 --- subset Start ---"
[1] "--------------------------------------------------------------------------------"
[1] "nrow(data) subset before=30421"
[1] "nrow(data) subset after =30421"
[1] "nrow(data) subset diff =0"
[1] "--------------------------------------------------------------------------------"
[1] "2022-02-26 17:59:17 --- subset Finish---"
[1] "2022-02-26 17:59:17 --- transform Start ---"
[1] "--------------------------------------------------------------------------------"
[1] "nrow(data) transform before=30421"
[1] "nrow(data) transform after=30421"
[1] "nrow(data) transform diff=0"
[1] "--------------------------------------------------------------------------------"
[1] "str(data)="
'data.frame':	30421 obs. of  44 variables:
 $ Race.RaceId                      : Factor w/ 2247 levels "20170219-10-01-04-07",..: 1 2 3 10 5 6 11 12 13 9 ...
 $ Race.IsAnalyzeNormalPastAndFuture: logi  TRUE TRUE TRUE TRUE TRUE TRUE ...
 $ Race.IsAnalyzeNormalPast         : logi  TRUE TRUE TRUE TRUE TRUE TRUE ...
 $ Race.IsAnalyzeNormalFuture       : logi  FALSE FALSE FALSE FALSE FALSE FALSE ...
 $ Race.IsAnalyzeFullPastAndFuture  : logi  TRUE TRUE TRUE TRUE TRUE TRUE ...
 $ Race.IsAnalyzeFullPast           : logi  TRUE TRUE TRUE TRUE TRUE TRUE ...
 $ Race.IsAnalyzeFullFuture         : logi  FALSE FALSE FALSE FALSE FALSE FALSE ...
 $ Race.JyokenCd                    : Factor w/ 1 level "4": 1 1 1 1 1 1 1 1 1 1 ...
 $ Race.JyoType1Cd                  : Factor w/ 177 levels "1-10-1800-4-1",..: 1 2 3 10 5 6 11 11 12 9 ...
 $ Race.RaceType1Cd                 : Factor w/ 6 levels "1-4-X-2","1-4-E-1",..: 1 2 1 5 1 3 4 2 1 4 ...
 $ RaceHorse.RaceId                 : Factor w/ 2247 levels "20170219-10-01-04-07",..: 1 2 3 10 5 6 11 12 13 9 ...
 $ RaceHorse.KettoNum               : Factor w/ 6882 levels "2010100109","2010100115",..: 1 2 3 4 5 6 7 8 9 10 ...
 $ RaceHorse.IsHit1                 : num  0 0 0 0 0 1 0 0 0 0 ...
 $ RaceHorse.IsHit2                 : num  0 0 0 0 0 0 0 0 0 0 ...
 $ RaceHorse.IsHit3                 : num  0 0 0 0 0 0 0 0 0 0 ...
 $ RaceHorse.IsHit4                 : num  0 0 0 0 0 0 0 0 0 0 ...
 $ RaceHorse.IsHit5                 : num  0 0 0 0 0 0 0 0 0 0 ...
 $ RaceHorse.IsHit6                 : num  1 1 1 1 1 0 1 1 1 1 ...
 $ RaceHorse.IsValidRaceHorse       : logi  TRUE TRUE TRUE TRUE TRUE TRUE ...
 $ RaceHorse.TimeSdvByRace          : num  -0.483 -2.722 -0.767 -0.319 0.175 ...
 $ RaceHorse.TimeSdv                : num  -0.5264 -0.3052 0.0409 -0.0487 0.1348 ...
 $ RaceHorse.IsHitA                 : num  0 0 0 0 0 1 0 0 0 0 ...
 $ RaceHorse.IsHitB                 : num  0 0 0 0 0 1 0 0 0 0 ...
 $ RaceHorse.IsHitC                 : num  0 0 0 0 0 1 0 0 0 0 ...
 $ Horse.KettoNum                   : Factor w/ 6882 levels "2010100109","2010100115",..: 1 2 3 4 5 6 7 8 9 10 ...
 $ Horse.TimeSdvByRaceAvg           : num  0.0692 -1.3249 0.5466 0.2 -0.3898 ...
 $ Horse.TimeSdvByRaceMin           : num  -1.624 -2.865 -0.128 -1.107 -1.557 ...
 $ Horse.TimeSdvByRaceMax           : num  1.165 1.471 1.184 1.32 0.284 ...
 $ Horse.TimeSdvAvg                 : num  0.0773 -0.9793 -0.0117 0.1453 -0.0809 ...
 $ Horse.TimeSdvMin                 : num  -1.44 -2.29 -1.47 -1.38 -1.53 ...
 $ Horse.TimeSdvMax                 : num  1.1257 -0.0571 1.2033 1.345 1.1384 ...
 $ Horse.OrderOfFinishSdvAvg        : num  0.05 -0.992 0.572 0.186 -0.603 ...
 $ Horse.RunCount                   : num  48 13 12 14 19 19 21 24 31 23 ...
 $ Horse.HitCount1                  : num  1 1 1 0 0 1 1 0 2 1 ...
 $ Horse.HitCount2                  : num  5 0 3 2 0 0 2 0 4 0 ...
 $ Horse.HitCount3                  : num  3 0 1 0 0 3 3 2 2 0 ...
 $ Horse.HitCount4                  : num  6 0 0 1 0 2 1 4 1 2 ...
 $ Horse.HitCount5                  : num  6 0 3 3 0 2 1 1 3 0 ...
 $ Horse.HitRate1                   : num  0.0208 0.0769 0.0833 0 0 ...
 $ Horse.HitRate2                   : num  0.104 0 0.25 0.143 0 ...
 $ Horse.HitRate3                   : num  0.0625 0 0.0833 0 0 ...
 $ Horse.HitRate4                   : num  0.125 0 0 0.0714 0 ...
 $ Horse.HitRate5                   : num  0.125 0 0.25 0.214 0 ...
 $ EOF                              : int  1 1 1 1 1 1 1 1 1 1 ...
NULL
[1] "2022-02-26 17:59:55 --- transform Finish ---"
[1] "2022-02-26 17:59:55 --- na.omit Start ---"
[1] "--------------------------------------------------------------------------------"
[1] "nrow(data) na.omit before=30421"
[1] "nrow(data) na.omit after =30258"
[1] "nrow(data) na.omit diff =163"
[1] "--------------------------------------------------------------------------------"
'data.frame':	30258 obs. of  44 variables:
 $ Race.RaceId                      : Factor w/ 2247 levels "20170219-10-01-04-07",..: 1 2 3 10 5 6 11 12 13 9 ...
 $ Race.IsAnalyzeNormalPastAndFuture: logi  TRUE TRUE TRUE TRUE TRUE TRUE ...
 $ Race.IsAnalyzeNormalPast         : logi  TRUE TRUE TRUE TRUE TRUE TRUE ...
 $ Race.IsAnalyzeNormalFuture       : logi  FALSE FALSE FALSE FALSE FALSE FALSE ...
 $ Race.IsAnalyzeFullPastAndFuture  : logi  TRUE TRUE TRUE TRUE TRUE TRUE ...
 $ Race.IsAnalyzeFullPast           : logi  TRUE TRUE TRUE TRUE TRUE TRUE ...
 $ Race.IsAnalyzeFullFuture         : logi  FALSE FALSE FALSE FALSE FALSE FALSE ...
 $ Race.JyokenCd                    : Factor w/ 1 level "4": 1 1 1 1 1 1 1 1 1 1 ...
 $ Race.JyoType1Cd                  : Factor w/ 177 levels "1-10-1800-4-1",..: 1 2 3 10 5 6 11 11 12 9 ...
 $ Race.RaceType1Cd                 : Factor w/ 6 levels "1-4-X-2","1-4-E-1",..: 1 2 1 5 1 3 4 2 1 4 ...
 $ RaceHorse.RaceId                 : Factor w/ 2247 levels "20170219-10-01-04-07",..: 1 2 3 10 5 6 11 12 13 9 ...
 $ RaceHorse.KettoNum               : Factor w/ 6882 levels "2010100109","2010100115",..: 1 2 3 4 5 6 7 8 9 10 ...
 $ RaceHorse.IsHit1                 : num  0 0 0 0 0 1 0 0 0 0 ...
 $ RaceHorse.IsHit2                 : num  0 0 0 0 0 0 0 0 0 0 ...
 $ RaceHorse.IsHit3                 : num  0 0 0 0 0 0 0 0 0 0 ...
 $ RaceHorse.IsHit4                 : num  0 0 0 0 0 0 0 0 0 0 ...
 $ RaceHorse.IsHit5                 : num  0 0 0 0 0 0 0 0 0 0 ...
 $ RaceHorse.IsHit6                 : num  1 1 1 1 1 0 1 1 1 1 ...
 $ RaceHorse.IsValidRaceHorse       : logi  TRUE TRUE TRUE TRUE TRUE TRUE ...
 $ RaceHorse.TimeSdvByRace          : num  -0.483 -2.722 -0.767 -0.319 0.175 ...
 $ RaceHorse.TimeSdv                : num  -0.5264 -0.3052 0.0409 -0.0487 0.1348 ...
 $ RaceHorse.IsHitA                 : num  0 0 0 0 0 1 0 0 0 0 ...
 $ RaceHorse.IsHitB                 : num  0 0 0 0 0 1 0 0 0 0 ...
 $ RaceHorse.IsHitC                 : num  0 0 0 0 0 1 0 0 0 0 ...
 $ Horse.KettoNum                   : Factor w/ 6882 levels "2010100109","2010100115",..: 1 2 3 4 5 6 7 8 9 10 ...
 $ Horse.TimeSdvByRaceAvg           : num  0.0692 -1.3249 0.5466 0.2 -0.3898 ...
 $ Horse.TimeSdvByRaceMin           : num  -1.624 -2.865 -0.128 -1.107 -1.557 ...
 $ Horse.TimeSdvByRaceMax           : num  1.165 1.471 1.184 1.32 0.284 ...
 $ Horse.TimeSdvAvg                 : num  0.0773 -0.9793 -0.0117 0.1453 -0.0809 ...
 $ Horse.TimeSdvMin                 : num  -1.44 -2.29 -1.47 -1.38 -1.53 ...
 $ Horse.TimeSdvMax                 : num  1.1257 -0.0571 1.2033 1.345 1.1384 ...
 $ Horse.OrderOfFinishSdvAvg        : num  0.05 -0.992 0.572 0.186 -0.603 ...
 $ Horse.RunCount                   : num  48 13 12 14 19 19 21 24 31 23 ...
 $ Horse.HitCount1                  : num  1 1 1 0 0 1 1 0 2 1 ...
 $ Horse.HitCount2                  : num  5 0 3 2 0 0 2 0 4 0 ...
 $ Horse.HitCount3                  : num  3 0 1 0 0 3 3 2 2 0 ...
 $ Horse.HitCount4                  : num  6 0 0 1 0 2 1 4 1 2 ...
 $ Horse.HitCount5                  : num  6 0 3 3 0 2 1 1 3 0 ...
 $ Horse.HitRate1                   : num  0.0208 0.0769 0.0833 0 0 ...
 $ Horse.HitRate2                   : num  0.104 0 0.25 0.143 0 ...
 $ Horse.HitRate3                   : num  0.0625 0 0.0833 0 0 ...
 $ Horse.HitRate4                   : num  0.125 0 0 0.0714 0 ...
 $ Horse.HitRate5                   : num  0.125 0 0.25 0.214 0 ...
 $ EOF                              : int  1 1 1 1 1 1 1 1 1 1 ...
 - attr(*, "na.action")= 'omit' Named int  122 197 350 459 483 984 1005 1075 1120 1297 ...
  ..- attr(*, "names")= chr  "122" "197" "350" "459" ...
[1] "2022-02-26 18:00:49 --- na.omit Finish ---"
[1] "2022-02-26 18:00:50 --- rxGlm with rxStepControl Start ---"

> print(paste0(Sys.time(), " --- source_logic_glm.R Start ---"))
[1] "2022-02-26 18:00:51 --- source_logic_glm.R Start ---"

> formula <- formula(RaceHorse.IsHitA ~ +1 + Horse.TimeSdvByRaceAvg)

> print(paste0(Sys.time(), " --- source_logic_glm.R Finished ---"))
[1] "2022-02-26 18:00:53 --- source_logic_glm.R Finished ---"
Rows Read: 30258, Total Rows Processed: 30258, Total Chunk Time: 0.005 seconds 

Starting values (iteration 1) time: 0.030 secs.
Rows Read: 30258, Total Rows Processed: 30258, Total Chunk Time: 0.003 seconds 

Iteration 2 time: 0.011 secs.
Rows Read: 30258, Total Rows Processed: 30258, Total Chunk Time: 0.003 seconds 

Iteration 3 time: 0.006 secs.
Rows Read: 30258, Total Rows Processed: 30258, Total Chunk Time: 0.003 seconds 

Iteration 4 time: 0.006 secs.
Rows Read: 30258, Total Rows Processed: 30258, Total Chunk Time: 0.003 seconds 

Iteration 5 time: 0.006 secs.

Elapsed computation time: 0.450 secs.
Rows Read: 30258, Total Rows Processed: 30258, Total Chunk Time: 0.001 seconds 

Starting values (iteration 1) time: 0.013 secs.
Rows Read: 30258, Total Rows Processed: 30258, Total Chunk Time: 0.002 seconds 

Iteration 2 time: 0.009 secs.

Elapsed computation time: 0.034 secs.
Rows Read: 30258, Total Rows Processed: 30258, Total Chunk Time: 0.002 seconds 

Starting values (iteration 1) time: 0.012 secs.
Rows Read: 30258, Total Rows Processed: 30258, Total Chunk Time: 0.003 seconds 

Iteration 2 time: 0.011 secs.
Rows Read: 30258, Total Rows Processed: 30258, Total Chunk Time: 0.003 seconds 

Iteration 3 time: 0.007 secs.
Rows Read: 30258, Total Rows Processed: 30258, Total Chunk Time: 0.003 seconds 

Iteration 4 time: 0.006 secs.
Rows Read: 30258, Total Rows Processed: 30258, Total Chunk Time: 0.003 seconds 

Iteration 5 time: 0.006 secs.

Elapsed computation time: 0.069 secs.

Elapsed computation time: 0.577 secs.
[1] "--------------------------------------------------------------------------------"
[1] "analyze.results.glm.step="
Logistic Regression Results for: RaceHorse.IsHitA ~
    Horse.TimeSdvByRaceAvg
Data: data
Dependent variable(s): RaceHorse.IsHitA
Total independent variables: 2 
Number of valid observations: 30258
Number of missing observations: 0 
 
Coefficients:
                       RaceHorse.IsHitA
(Intercept)                          -3
Horse.TimeSdvByRaceAvg                2
[1] "analyze.results.glm.step.summary"
Call:
rxLogit(formula = formula, data = data, variableSelection = analyze.results.glm.step.varsel)

Logistic Regression Results for: RaceHorse.IsHitA ~
    Horse.TimeSdvByRaceAvg
Data: data
Dependent variable(s): RaceHorse.IsHitA
Total independent variables: 2 
Number of valid observations: 30258
Number of missing observations: 0 
-2*LogLikelihood: 14885.821 (Residual deviance on 30256 degrees of freedom)
 
Coefficients:
                       Estimate Std. Error z value Pr(>|z|)    
(Intercept)             -3.3076     0.0386   -85.7  2.2e-16 ***
Horse.TimeSdvByRaceAvg   1.6824     0.0527    31.9  2.2e-16 ***
---
Signif. codes:  0 '***' 0.001 '**' 0.01 '*' 0.05 '.' 0.1 ' ' 1

Condition number of final variance-covariance matrix: 1 
Number of iterations: 5
[1] "--------------------------------------------------------------------------------"
[1] "2022-02-26 18:00:59 --- rxGlm with rxStepControl Finish ---"
[1] "2022-02-26 18:01:00 --- rxStepPlot Start ---"
[1] "pdfFilename=pdf_analyze_glm_Horse_Type14_rxStepPlot.pdf"
[1] "rxStepPlot="
[1] "2022-02-26 18:01:02 --- rxStepPlot Finish ---"
[1] "2022-02-26 18:01:02 --- save.image Start ---"
[1] "save.image"
[1] "rdataFilename=RData_analyze_glm_Horse_Type14.RData"
[1] "2022-02-26 18:01:02 --- save.image Finish ---"
[1] "2022-02-26 18:01:02 --- final Start ---"
[1] "--------------------------------------------------------------------------------"
[1] "nrow(data) final=30258"
[1] "--------------------------------------------------------------------------------"
[1] "2022-02-26 18:01:02 --- final Finish ---"
[1] "2022-02-26 18:01:02 --- analyze_glm.R Finished ---"
[1] "2022-02-26 18:01:02 --- log Finish ---"
