[1] "2022-02-26 17:58:27 --- D1115_analyze_glm_Jockey_IsHitA_Type24 Start ---"
[1] "2022-02-26 17:58:29 --- Log Start ---"
[1] "2022-02-26 17:58:29 --- analyze_glm.R Start ---"
[1] "analyzeVersion=D1115"
[1] "analyzeCategory=analyze"
[1] "analyzeType=Jockey"
[1] "analyzeFamily=IsHitA"
[1] "analyzeFunc=glm"
[1] "analyzeTrackTypeCd=2"
[1] "analyzeJyokenCd=4"
[1] "2022-02-26 17:58:35 --- source_function.R Start ---"
[1] "2022-02-26 17:58:36 --- source_function.R Finished ---"

> print(paste0(Sys.time(), " --- source_library.R Start ---"))
[1] "2022-02-26 17:58:39 --- source_library.R Start ---"

> require("RevoScaleR")

> print(paste0(Sys.time(), " --- source_library.R Finished ---"))
[1] "2022-02-26 17:58:43 --- source_library.R Finished ---"
[1] "2022-02-26 17:58:46 --- RxSqlServerData Start ---"
[1] "2022-02-26 17:58:46 --- RxInSqlServer Start ---"
[1] "2022-02-26 17:58:48 --- RxInSqlServer Finish ---"
[1] "2022-02-26 17:58:49 --- rxSetComputeContext Start ---"
[1] "2022-02-26 17:58:50 --- rxSetComputeContext Finish ---"
[1] "2022-02-26 17:58:50 --- RxSqlServerData Start ---"
[1] "sqlQuery=SELECT * FROM ViewAnalyzeD1115analyze01JockeyType24"
[1] "2022-02-26 17:58:50 --- RxSqlServerData Finish ---"
[1] "2022-02-26 17:58:51 --- rxGetVarInfo Start ---"
[1] "2022-02-26 17:58:54 --- rxGetVarInfo Finish---"
[1] "2022-02-26 17:58:54 --- rxImport Start ---"
Rows Read: 39528, Total Rows Processed: 39528, Total Chunk Time: 210.919 seconds 
[1] "2022-02-26 18:07:27 --- rxImport Finish ---"
[1] "object.size(data) auto=11.9 Mb"
[1] "--------------------------------------------------------------------------------"
[1] "nrow(data) RxSqlServerData=39528"
[1] "--------------------------------------------------------------------------------"
[1] "str(data)="
'data.frame':	39528 obs. of  43 variables:
 $ Race.RaceId                      : Factor w/ 2833 levels "20160618-05-03-05-12",..: 2 2 2 2 2 2 2 2 2 2 ...
 $ Race.IsAnalyzeNormalPastAndFuture: logi  TRUE TRUE TRUE TRUE TRUE TRUE ...
 $ Race.IsAnalyzeNormalPast         : logi  TRUE TRUE TRUE TRUE TRUE TRUE ...
 $ Race.IsAnalyzeNormalFuture       : logi  FALSE FALSE FALSE FALSE FALSE FALSE ...
 $ Race.IsAnalyzeFullPastAndFuture  : logi  TRUE TRUE TRUE TRUE TRUE TRUE ...
 $ Race.IsAnalyzeFullPast           : logi  TRUE TRUE TRUE TRUE TRUE TRUE ...
 $ Race.IsAnalyzeFullFuture         : logi  FALSE FALSE FALSE FALSE FALSE FALSE ...
 $ Race.JyokenCd                    : Factor w/ 1 level "4": 1 1 1 1 1 1 1 1 1 1 ...
 $ Race.JyoType1Cd                  : Factor w/ 131 levels "2-05-1600-4-1",..: 2 2 2 2 2 2 2 2 2 2 ...
 $ Race.RaceType1Cd                 : Factor w/ 5 levels "2-4-X-1","2-4-X-2",..: 1 1 1 1 1 1 1 1 1 1 ...
 $ RaceHorse.RaceId                 : Factor w/ 2833 levels "20160618-05-03-05-12",..: 2 2 2 2 2 2 2 2 2 2 ...
 $ RaceHorse.KettoNum               : Factor w/ 7977 levels "2011101198","2011101415",..: 11 12 13 14 15 16 17 18 19 20 ...
 $ RaceHorse.IsHit1                 : num  0 0 0 0 1 0 0 0 0 0 ...
 $ RaceHorse.IsHit2                 : num  0 1 0 0 0 0 0 0 0 0 ...
 $ RaceHorse.IsHit3                 : num  0 0 0 0 0 0 0 0 0 1 ...
 $ RaceHorse.IsHit4                 : num  0 0 0 0 0 0 0 0 0 0 ...
 $ RaceHorse.IsHit5                 : num  0 0 0 0 0 0 1 0 0 0 ...
 $ RaceHorse.IsHit6                 : num  1 0 1 1 0 1 0 1 1 0 ...
 $ RaceHorse.IsValidRaceHorse       : logi  TRUE TRUE TRUE TRUE TRUE TRUE ...
 $ RaceHorse.TimeSdvByRace          : num  0.483 0.876 0.483 -1.481 1.006 ...
 $ RaceHorse.TimeSdv                : num  -0.3325 -0.0269 -0.3325 -1.8604 0.075 ...
 $ RaceHorse.IsHitA                 : num  0 0 0 0 1 0 0 0 0 0 ...
 $ RaceHorse.IsHitB                 : num  0 1 0 0 1 0 0 0 0 0 ...
 $ RaceHorse.IsHitC                 : num  0 1 0 0 1 0 0 0 0 1 ...
 $ Jockey.TimeSdvByRaceAvg          : num  -0.00275 -0.12943 -0.35805 0.17974 1.11127 ...
 $ Jockey.TimeSdvByRaceMin          : num  -2.78 -2.79 -2.9 -2.9 1.11 ...
 $ Jockey.TimeSdvByRaceMax          : num  2.22 2.11 1.49 1.97 1.11 ...
 $ Jockey.TimeSdvAvg                : num  -0.096 -0.159 -0.174 0.237 0.746 ...
 $ Jockey.TimeSdvMin                : num  -3.548 -3.097 -3.128 -4.203 0.746 ...
 $ Jockey.TimeSdvMax                : num  2.422 1.842 1.715 2.545 0.746 ...
 $ Jockey.OrderOfFinishSdvAvg       : num  0.0193 -0.1178 -0.2696 0.1621 1.3594 ...
 $ Jockey.RunCount                  : num  325 239 141 248 1 369 209 316 156 358 ...
 $ Jockey.HitCount1                 : num  20 13 6 30 0 21 17 19 7 19 ...
 $ Jockey.HitCount2                 : num  23 5 5 18 1 29 16 31 7 23 ...
 $ Jockey.HitCount3                 : num  29 18 5 19 0 26 8 23 3 21 ...
 $ Jockey.HitCount4                 : num  19 13 9 15 0 28 17 23 8 26 ...
 $ Jockey.HitCount5                 : num  24 19 5 18 0 27 19 29 10 36 ...
 $ Jockey.HitRate1                  : num  0.0615 0.0544 0.0426 0.121 0 ...
 $ Jockey.HitRate2                  : num  0.0708 0.0209 0.0355 0.0726 1 ...
 $ Jockey.HitRate3                  : num  0.0892 0.0753 0.0355 0.0766 0 ...
 $ Jockey.HitRate4                  : num  0.0585 0.0544 0.0638 0.0605 0 ...
 $ Jockey.HitRate5                  : num  0.0738 0.0795 0.0355 0.0726 0 ...
 $ EOF                              : int  1 1 1 1 1 1 1 1 1 1 ...
[1] "2022-02-26 18:07:36 --- RxSqlServerData Finish ---"
[1] "2022-02-26 18:07:37 --- subset Start ---"
[1] "--------------------------------------------------------------------------------"
[1] "nrow(data) subset before=39528"
[1] "nrow(data) subset after =39528"
[1] "nrow(data) subset diff =0"
[1] "--------------------------------------------------------------------------------"
[1] "2022-02-26 18:07:38 --- subset Finish---"
[1] "2022-02-26 18:07:38 --- transform Start ---"
[1] "--------------------------------------------------------------------------------"
[1] "nrow(data) transform before=39528"
[1] "nrow(data) transform after=39528"
[1] "nrow(data) transform diff=0"
[1] "--------------------------------------------------------------------------------"
[1] "str(data)="
'data.frame':	39528 obs. of  43 variables:
 $ Race.RaceId                      : Factor w/ 2833 levels "20160618-05-03-05-12",..: 2 2 2 2 2 2 2 2 2 2 ...
 $ Race.IsAnalyzeNormalPastAndFuture: logi  TRUE TRUE TRUE TRUE TRUE TRUE ...
 $ Race.IsAnalyzeNormalPast         : logi  TRUE TRUE TRUE TRUE TRUE TRUE ...
 $ Race.IsAnalyzeNormalFuture       : logi  FALSE FALSE FALSE FALSE FALSE FALSE ...
 $ Race.IsAnalyzeFullPastAndFuture  : logi  TRUE TRUE TRUE TRUE TRUE TRUE ...
 $ Race.IsAnalyzeFullPast           : logi  TRUE TRUE TRUE TRUE TRUE TRUE ...
 $ Race.IsAnalyzeFullFuture         : logi  FALSE FALSE FALSE FALSE FALSE FALSE ...
 $ Race.JyokenCd                    : Factor w/ 1 level "4": 1 1 1 1 1 1 1 1 1 1 ...
 $ Race.JyoType1Cd                  : Factor w/ 131 levels "2-05-1600-4-1",..: 2 2 2 2 2 2 2 2 2 2 ...
 $ Race.RaceType1Cd                 : Factor w/ 5 levels "2-4-X-1","2-4-X-2",..: 1 1 1 1 1 1 1 1 1 1 ...
 $ RaceHorse.RaceId                 : Factor w/ 2833 levels "20160618-05-03-05-12",..: 2 2 2 2 2 2 2 2 2 2 ...
 $ RaceHorse.KettoNum               : Factor w/ 7977 levels "2011101198","2011101415",..: 11 12 13 14 15 16 17 18 19 20 ...
 $ RaceHorse.IsHit1                 : num  0 0 0 0 1 0 0 0 0 0 ...
 $ RaceHorse.IsHit2                 : num  0 1 0 0 0 0 0 0 0 0 ...
 $ RaceHorse.IsHit3                 : num  0 0 0 0 0 0 0 0 0 1 ...
 $ RaceHorse.IsHit4                 : num  0 0 0 0 0 0 0 0 0 0 ...
 $ RaceHorse.IsHit5                 : num  0 0 0 0 0 0 1 0 0 0 ...
 $ RaceHorse.IsHit6                 : num  1 0 1 1 0 1 0 1 1 0 ...
 $ RaceHorse.IsValidRaceHorse       : logi  TRUE TRUE TRUE TRUE TRUE TRUE ...
 $ RaceHorse.TimeSdvByRace          : num  0.483 0.876 0.483 -1.481 1.006 ...
 $ RaceHorse.TimeSdv                : num  -0.3325 -0.0269 -0.3325 -1.8604 0.075 ...
 $ RaceHorse.IsHitA                 : num  0 0 0 0 1 0 0 0 0 0 ...
 $ RaceHorse.IsHitB                 : num  0 1 0 0 1 0 0 0 0 0 ...
 $ RaceHorse.IsHitC                 : num  0 1 0 0 1 0 0 0 0 1 ...
 $ Jockey.TimeSdvByRaceAvg          : num  -0.00275 -0.12943 -0.35805 0.17974 1.11127 ...
 $ Jockey.TimeSdvByRaceMin          : num  -2.78 -2.79 -2.9 -2.9 1.11 ...
 $ Jockey.TimeSdvByRaceMax          : num  2.22 2.11 1.49 1.97 1.11 ...
 $ Jockey.TimeSdvAvg                : num  -0.096 -0.159 -0.174 0.237 0.746 ...
 $ Jockey.TimeSdvMin                : num  -3.548 -3.097 -3.128 -4.203 0.746 ...
 $ Jockey.TimeSdvMax                : num  2.422 1.842 1.715 2.545 0.746 ...
 $ Jockey.OrderOfFinishSdvAvg       : num  0.0193 -0.1178 -0.2696 0.1621 1.3594 ...
 $ Jockey.RunCount                  : num  325 239 141 248 1 369 209 316 156 358 ...
 $ Jockey.HitCount1                 : num  20 13 6 30 0 21 17 19 7 19 ...
 $ Jockey.HitCount2                 : num  23 5 5 18 1 29 16 31 7 23 ...
 $ Jockey.HitCount3                 : num  29 18 5 19 0 26 8 23 3 21 ...
 $ Jockey.HitCount4                 : num  19 13 9 15 0 28 17 23 8 26 ...
 $ Jockey.HitCount5                 : num  24 19 5 18 0 27 19 29 10 36 ...
 $ Jockey.HitRate1                  : num  0.0615 0.0544 0.0426 0.121 0 ...
 $ Jockey.HitRate2                  : num  0.0708 0.0209 0.0355 0.0726 1 ...
 $ Jockey.HitRate3                  : num  0.0892 0.0753 0.0355 0.0766 0 ...
 $ Jockey.HitRate4                  : num  0.0585 0.0544 0.0638 0.0605 0 ...
 $ Jockey.HitRate5                  : num  0.0738 0.0795 0.0355 0.0726 0 ...
 $ EOF                              : int  1 1 1 1 1 1 1 1 1 1 ...
NULL
[1] "2022-02-26 18:07:53 --- transform Finish ---"
[1] "2022-02-26 18:07:53 --- na.omit Start ---"
[1] "--------------------------------------------------------------------------------"
[1] "nrow(data) na.omit before=39528"
[1] "nrow(data) na.omit after =39264"
[1] "nrow(data) na.omit diff =264"
[1] "--------------------------------------------------------------------------------"
'data.frame':	39264 obs. of  43 variables:
 $ Race.RaceId                      : Factor w/ 2833 levels "20160618-05-03-05-12",..: 2 2 2 2 2 2 2 2 2 2 ...
 $ Race.IsAnalyzeNormalPastAndFuture: logi  TRUE TRUE TRUE TRUE TRUE TRUE ...
 $ Race.IsAnalyzeNormalPast         : logi  TRUE TRUE TRUE TRUE TRUE TRUE ...
 $ Race.IsAnalyzeNormalFuture       : logi  FALSE FALSE FALSE FALSE FALSE FALSE ...
 $ Race.IsAnalyzeFullPastAndFuture  : logi  TRUE TRUE TRUE TRUE TRUE TRUE ...
 $ Race.IsAnalyzeFullPast           : logi  TRUE TRUE TRUE TRUE TRUE TRUE ...
 $ Race.IsAnalyzeFullFuture         : logi  FALSE FALSE FALSE FALSE FALSE FALSE ...
 $ Race.JyokenCd                    : Factor w/ 1 level "4": 1 1 1 1 1 1 1 1 1 1 ...
 $ Race.JyoType1Cd                  : Factor w/ 131 levels "2-05-1600-4-1",..: 2 2 2 2 2 2 2 2 2 2 ...
 $ Race.RaceType1Cd                 : Factor w/ 5 levels "2-4-X-1","2-4-X-2",..: 1 1 1 1 1 1 1 1 1 1 ...
 $ RaceHorse.RaceId                 : Factor w/ 2833 levels "20160618-05-03-05-12",..: 2 2 2 2 2 2 2 2 2 2 ...
 $ RaceHorse.KettoNum               : Factor w/ 7977 levels "2011101198","2011101415",..: 11 12 13 14 15 16 17 18 19 20 ...
 $ RaceHorse.IsHit1                 : num  0 0 0 0 1 0 0 0 0 0 ...
 $ RaceHorse.IsHit2                 : num  0 1 0 0 0 0 0 0 0 0 ...
 $ RaceHorse.IsHit3                 : num  0 0 0 0 0 0 0 0 0 1 ...
 $ RaceHorse.IsHit4                 : num  0 0 0 0 0 0 0 0 0 0 ...
 $ RaceHorse.IsHit5                 : num  0 0 0 0 0 0 1 0 0 0 ...
 $ RaceHorse.IsHit6                 : num  1 0 1 1 0 1 0 1 1 0 ...
 $ RaceHorse.IsValidRaceHorse       : logi  TRUE TRUE TRUE TRUE TRUE TRUE ...
 $ RaceHorse.TimeSdvByRace          : num  0.483 0.876 0.483 -1.481 1.006 ...
 $ RaceHorse.TimeSdv                : num  -0.3325 -0.0269 -0.3325 -1.8604 0.075 ...
 $ RaceHorse.IsHitA                 : num  0 0 0 0 1 0 0 0 0 0 ...
 $ RaceHorse.IsHitB                 : num  0 1 0 0 1 0 0 0 0 0 ...
 $ RaceHorse.IsHitC                 : num  0 1 0 0 1 0 0 0 0 1 ...
 $ Jockey.TimeSdvByRaceAvg          : num  -0.00275 -0.12943 -0.35805 0.17974 1.11127 ...
 $ Jockey.TimeSdvByRaceMin          : num  -2.78 -2.79 -2.9 -2.9 1.11 ...
 $ Jockey.TimeSdvByRaceMax          : num  2.22 2.11 1.49 1.97 1.11 ...
 $ Jockey.TimeSdvAvg                : num  -0.096 -0.159 -0.174 0.237 0.746 ...
 $ Jockey.TimeSdvMin                : num  -3.548 -3.097 -3.128 -4.203 0.746 ...
 $ Jockey.TimeSdvMax                : num  2.422 1.842 1.715 2.545 0.746 ...
 $ Jockey.OrderOfFinishSdvAvg       : num  0.0193 -0.1178 -0.2696 0.1621 1.3594 ...
 $ Jockey.RunCount                  : num  325 239 141 248 1 369 209 316 156 358 ...
 $ Jockey.HitCount1                 : num  20 13 6 30 0 21 17 19 7 19 ...
 $ Jockey.HitCount2                 : num  23 5 5 18 1 29 16 31 7 23 ...
 $ Jockey.HitCount3                 : num  29 18 5 19 0 26 8 23 3 21 ...
 $ Jockey.HitCount4                 : num  19 13 9 15 0 28 17 23 8 26 ...
 $ Jockey.HitCount5                 : num  24 19 5 18 0 27 19 29 10 36 ...
 $ Jockey.HitRate1                  : num  0.0615 0.0544 0.0426 0.121 0 ...
 $ Jockey.HitRate2                  : num  0.0708 0.0209 0.0355 0.0726 1 ...
 $ Jockey.HitRate3                  : num  0.0892 0.0753 0.0355 0.0766 0 ...
 $ Jockey.HitRate4                  : num  0.0585 0.0544 0.0638 0.0605 0 ...
 $ Jockey.HitRate5                  : num  0.0738 0.0795 0.0355 0.0726 0 ...
 $ EOF                              : int  1 1 1 1 1 1 1 1 1 1 ...
 - attr(*, "na.action")= 'omit' Named int  188 473 574 686 812 957 1116 1143 1218 1254 ...
  ..- attr(*, "names")= chr  "188" "473" "574" "686" ...
[1] "2022-02-26 18:08:05 --- na.omit Finish ---"
[1] "2022-02-26 18:08:05 --- rxGlm with rxStepControl Start ---"

> print(paste0(Sys.time(), " --- source_logic_glm.R Start ---"))
[1] "2022-02-26 18:08:05 --- source_logic_glm.R Start ---"

> formula <- formula(RaceHorse.IsHitA ~ +1 + Jockey.TimeSdvByRaceAvg)

> print(paste0(Sys.time(), " --- source_logic_glm.R Finished ---"))
[1] "2022-02-26 18:08:05 --- source_logic_glm.R Finished ---"
Rows Read: 39264, Total Rows Processed: 39264, Total Chunk Time: 0.002 seconds 

Starting values (iteration 1) time: 0.018 secs.
Rows Read: 39264, Total Rows Processed: 39264, Total Chunk Time: 0.004 seconds 

Iteration 2 time: 0.010 secs.
Rows Read: 39264, Total Rows Processed: 39264, Total Chunk Time: 0.003 seconds 

Iteration 3 time: 0.007 secs.
Rows Read: 39264, Total Rows Processed: 39264, Total Chunk Time: 0.004 seconds 

Iteration 4 time: 0.007 secs.
Rows Read: 39264, Total Rows Processed: 39264, Total Chunk Time: 0.004 seconds 

Iteration 5 time: 0.007 secs.

Elapsed computation time: 0.123 secs.
Rows Read: 39264, Total Rows Processed: 39264, Total Chunk Time: Less than .001 seconds 

Starting values (iteration 1) time: 0.010 secs.
Rows Read: 39264, Total Rows Processed: 39264, Total Chunk Time: 0.003 seconds 

Iteration 2 time: 0.008 secs.

Elapsed computation time: 0.031 secs.
Rows Read: 39264, Total Rows Processed: 39264, Total Chunk Time: 0.002 seconds 

Starting values (iteration 1) time: 0.011 secs.
Rows Read: 39264, Total Rows Processed: 39264, Total Chunk Time: 0.003 seconds 

Iteration 2 time: 0.010 secs.
Rows Read: 39264, Total Rows Processed: 39264, Total Chunk Time: 0.003 seconds 

Iteration 3 time: 0.006 secs.
Rows Read: 39264, Total Rows Processed: 39264, Total Chunk Time: 0.003 seconds 

Iteration 4 time: 0.007 secs.
Rows Read: 39264, Total Rows Processed: 39264, Total Chunk Time: 0.003 seconds 

Iteration 5 time: 0.007 secs.

Elapsed computation time: 0.069 secs.

Elapsed computation time: 0.248 secs.
[1] "--------------------------------------------------------------------------------"
[1] "analyze.results.glm.step="
Logistic Regression Results for: RaceHorse.IsHitA ~
    Jockey.TimeSdvByRaceAvg
Data: data
Dependent variable(s): RaceHorse.IsHitA
Total independent variables: 2 
Number of valid observations: 39264
Number of missing observations: 0 
 
Coefficients:
                        RaceHorse.IsHitA
(Intercept)                           -3
Jockey.TimeSdvByRaceAvg                2
[1] "analyze.results.glm.step.summary"
Call:
rxLogit(formula = formula, data = data, variableSelection = analyze.results.glm.step.varsel)

Logistic Regression Results for: RaceHorse.IsHitA ~
    Jockey.TimeSdvByRaceAvg
Data: data
Dependent variable(s): RaceHorse.IsHitA
Total independent variables: 2 
Number of valid observations: 39264
Number of missing observations: 0 
-2*LogLikelihood: 19794.716 (Residual deviance on 39262 degrees of freedom)
 
Coefficients:
                        Estimate Std. Error z value Pr(>|z|)    
(Intercept)              -2.6625     0.0213    -125  2.2e-16 ***
Jockey.TimeSdvByRaceAvg   1.5850     0.0721      22  2.2e-16 ***
---
Signif. codes:  0 '***' 0.001 '**' 0.01 '*' 0.05 '.' 0.1 ' ' 1

Condition number of final variance-covariance matrix: 1 
Number of iterations: 5
[1] "--------------------------------------------------------------------------------"
[1] "2022-02-26 18:08:07 --- rxGlm with rxStepControl Finish ---"
[1] "2022-02-26 18:08:08 --- rxStepPlot Start ---"
[1] "pdfFilename=pdf_analyze_glm_Jockey_Type24_rxStepPlot.pdf"
[1] "rxStepPlot="
[1] "2022-02-26 18:08:08 --- rxStepPlot Finish ---"
[1] "2022-02-26 18:08:09 --- save.image Start ---"
[1] "save.image"
[1] "rdataFilename=RData_analyze_glm_Jockey_Type24.RData"
[1] "2022-02-26 18:08:10 --- save.image Finish ---"
[1] "2022-02-26 18:08:10 --- final Start ---"
[1] "--------------------------------------------------------------------------------"
[1] "nrow(data) final=39264"
[1] "--------------------------------------------------------------------------------"
[1] "2022-02-26 18:08:10 --- final Finish ---"
[1] "2022-02-26 18:08:10 --- analyze_glm.R Finished ---"
[1] "2022-02-26 18:08:10 --- log Finish ---"
