[1] "2022-02-25 20:22:17 --- D1115_analyze_glm_Gen01_IsHitA_Type25 Start ---"
[1] "2022-02-25 20:22:17 --- Log Start ---"
[1] "2022-02-25 20:22:17 --- analyze_glm.R Start ---"
[1] "analyzeVersion=D1115"
[1] "analyzeCategory=analyze"
[1] "analyzeType=Gen01"
[1] "analyzeFamily=IsHitA"
[1] "analyzeFunc=glm"
[1] "analyzeTrackTypeCd=2"
[1] "analyzeJyokenCd=5"
[1] "2022-02-25 20:22:17 --- source_function.R Start ---"
[1] "2022-02-25 20:22:17 --- source_function.R Finished ---"

> print(paste0(Sys.time(), " --- source_library.R Start ---"))
[1] "2022-02-25 20:22:17 --- source_library.R Start ---"

> require("RevoScaleR")

> print(paste0(Sys.time(), " --- source_library.R Finished ---"))
[1] "2022-02-25 20:22:17 --- source_library.R Finished ---"
[1] "2022-02-25 20:22:17 --- RxSqlServerData Start ---"
[1] "2022-02-25 20:22:17 --- RxInSqlServer Start ---"
[1] "2022-02-25 20:22:17 --- RxInSqlServer Finish ---"
[1] "2022-02-25 20:22:17 --- rxSetComputeContext Start ---"
[1] "2022-02-25 20:22:17 --- rxSetComputeContext Finish ---"
[1] "2022-02-25 20:22:17 --- RxSqlServerData Start ---"
[1] "sqlQuery=SELECT * FROM ViewAnalyzeD1115analyze01Gen01Type25"
[1] "2022-02-25 20:22:17 --- RxSqlServerData Finish ---"
[1] "2022-02-25 20:22:17 --- rxGetVarInfo Start ---"
[1] "2022-02-25 20:22:18 --- rxGetVarInfo Finish---"
[1] "2022-02-25 20:22:18 --- rxImport Start ---"
Rows Read: 47707, Total Rows Processed: 47707, Total Chunk Time: 484.094 seconds 
[1] "2022-02-25 20:45:59 --- rxImport Finish ---"
[1] "object.size(data) auto=14.8 Mb"
[1] "--------------------------------------------------------------------------------"
[1] "nrow(data) RxSqlServerData=47707"
[1] "--------------------------------------------------------------------------------"
[1] "str(data)="
'data.frame':	47707 obs. of  44 variables:
 $ Race.RaceId                      : Factor w/ 3266 levels "20160105-08-01-01-02",..: 2 10 3 3 4 5 6 8 9 11 ...
 $ Race.IsPredictedRace             : logi  TRUE TRUE TRUE TRUE TRUE TRUE ...
 $ Race.IsAnalyzeNormalPastAndFuture: logi  TRUE TRUE TRUE TRUE TRUE TRUE ...
 $ Race.IsAnalyzeNormalPast         : logi  TRUE TRUE TRUE TRUE TRUE TRUE ...
 $ Race.IsAnalyzeNormalFuture       : logi  FALSE FALSE FALSE FALSE FALSE FALSE ...
 $ Race.IsAnalyzeFullPastAndFuture  : logi  TRUE TRUE TRUE TRUE TRUE TRUE ...
 $ Race.IsAnalyzeFullPast           : logi  TRUE TRUE TRUE TRUE TRUE TRUE ...
 $ Race.IsAnalyzeFullFuture         : logi  FALSE FALSE FALSE FALSE FALSE FALSE ...
 $ Race.JyokenCd                    : Factor w/ 1 level "5": 1 1 1 1 1 1 1 1 1 1 ...
 $ Race.JyoType1Cd                  : Factor w/ 116 levels "2-08-1200-5-1",..: 2 2 1 1 3 4 3 6 1 7 ...
 $ Race.RaceType1Cd                 : Factor w/ 3 levels "2-5-X-1","2-5-X-2",..: 2 2 1 1 1 2 1 2 1 1 ...
 $ RaceHorse.RaceId                 : Factor w/ 3266 levels "20160105-08-01-01-02",..: 2 10 3 3 4 5 6 8 9 11 ...
 $ RaceHorse.KettoNum               : Factor w/ 16636 levels "2013103049","2013102339",..: 2 10 3 4 5 6 7 9 4 1 ...
 $ RaceHorse.IsHit1                 : num  0 0 0 0 0 0 0 0 0 0 ...
 $ RaceHorse.IsHit2                 : num  0 0 0 0 1 0 0 0 0 0 ...
 $ RaceHorse.IsHit3                 : num  0 0 0 0 0 0 0 0 1 0 ...
 $ RaceHorse.IsHit4                 : num  0 0 0 0 0 0 1 0 0 0 ...
 $ RaceHorse.IsHit5                 : num  0 0 0 0 0 1 0 0 0 0 ...
 $ RaceHorse.IsHit6                 : num  1 1 1 1 0 0 0 1 0 1 ...
 $ RaceHorse.IsValidRaceHorse       : logi  TRUE TRUE TRUE TRUE TRUE TRUE ...
 $ RaceHorse.TimeSdv                : num  -0.4212 0.6451 -0.122 0.0193 0.8117 ...
 $ RaceHorse.IsHitA                 : num  0 0 0 0 0 0 0 0 0 0 ...
 $ RaceHorse.IsHitB                 : num  0 0 0 0 1 0 0 0 0 0 ...
 $ RaceHorse.IsHitC                 : num  0 0 0 0 1 0 0 0 1 0 ...
 $ Gen01.HansyokuNum                : Factor w/ 476 levels "11201922","11201954",..: 2 2 3 3 3 3 2 3 3 1 ...
 $ Gen01.TimeSdvByRaceAvg           : num  0.228 0.223 0.263 0.263 0.235 ...
 $ Gen01.TimeSdvByRaceMin           : num  -2.8 -2.8 -1.49 -1.49 -1.49 ...
 $ Gen01.TimeSdvByRaceMax           : num  2.48 2.48 1.34 1.34 1.34 ...
 $ Gen01.TimeSdvAvg                 : num  0.253 0.251 0.116 0.116 0.11 ...
 $ Gen01.TimeSdvMin                 : num  -2.65 -2.65 -1.89 -1.89 -1.89 ...
 $ Gen01.TimeSdvMax                 : num  2.27 2.27 1.67 1.67 1.67 ...
 $ Gen01.OrderOfFinishSdvAvg        : num  0.238 0.232 0.265 0.265 0.239 ...
 $ Gen01.RunCount                   : num  346 347 53 53 55 39 394 40 55 19 ...
 $ Gen01.HitCount1                  : num  38 38 7 7 7 3 40 3 7 0 ...
 $ Gen01.HitCount2                  : num  28 28 4 4 4 2 32 2 5 0 ...
 $ Gen01.HitCount3                  : num  36 36 3 3 3 2 31 2 3 2 ...
 $ Gen01.HitCount4                  : num  30 30 4 4 4 5 31 5 4 0 ...
 $ Gen01.HitCount5                  : num  26 26 3 3 3 3 32 4 3 0 ...
 $ Gen01.HitRate1                   : num  0.11 0.11 0.132 0.132 0.127 ...
 $ Gen01.HitRate2                   : num  0.0809 0.0807 0.0755 0.0755 0.0727 ...
 $ Gen01.HitRate3                   : num  0.104 0.1037 0.0566 0.0566 0.0545 ...
 $ Gen01.HitRate4                   : num  0.0867 0.0865 0.0755 0.0755 0.0727 ...
 $ Gen01.HitRate5                   : num  0.0751 0.0749 0.0566 0.0566 0.0545 ...
 $ EOF                              : int  1 1 1 1 1 1 1 1 1 1 ...
[1] "2022-02-25 20:45:59 --- RxSqlServerData Finish ---"
[1] "2022-02-25 20:45:59 --- subset Start ---"
[1] "--------------------------------------------------------------------------------"
[1] "nrow(data) subset before=47707"
[1] "nrow(data) subset after =47707"
[1] "nrow(data) subset diff =0"
[1] "--------------------------------------------------------------------------------"
[1] "2022-02-25 20:45:59 --- subset Finish---"
[1] "2022-02-25 20:45:59 --- transform Start ---"
[1] "--------------------------------------------------------------------------------"
[1] "nrow(data) transform before=47707"
[1] "nrow(data) transform after=47707"
[1] "nrow(data) transform diff=0"
[1] "--------------------------------------------------------------------------------"
[1] "str(data)="
'data.frame':	47707 obs. of  44 variables:
 $ Race.RaceId                      : Factor w/ 3266 levels "20160105-08-01-01-02",..: 2 10 3 3 4 5 6 8 9 11 ...
 $ Race.IsPredictedRace             : logi  TRUE TRUE TRUE TRUE TRUE TRUE ...
 $ Race.IsAnalyzeNormalPastAndFuture: logi  TRUE TRUE TRUE TRUE TRUE TRUE ...
 $ Race.IsAnalyzeNormalPast         : logi  TRUE TRUE TRUE TRUE TRUE TRUE ...
 $ Race.IsAnalyzeNormalFuture       : logi  FALSE FALSE FALSE FALSE FALSE FALSE ...
 $ Race.IsAnalyzeFullPastAndFuture  : logi  TRUE TRUE TRUE TRUE TRUE TRUE ...
 $ Race.IsAnalyzeFullPast           : logi  TRUE TRUE TRUE TRUE TRUE TRUE ...
 $ Race.IsAnalyzeFullFuture         : logi  FALSE FALSE FALSE FALSE FALSE FALSE ...
 $ Race.JyokenCd                    : Factor w/ 1 level "5": 1 1 1 1 1 1 1 1 1 1 ...
 $ Race.JyoType1Cd                  : Factor w/ 116 levels "2-08-1200-5-1",..: 2 2 1 1 3 4 3 6 1 7 ...
 $ Race.RaceType1Cd                 : Factor w/ 3 levels "2-5-X-1","2-5-X-2",..: 2 2 1 1 1 2 1 2 1 1 ...
 $ RaceHorse.RaceId                 : Factor w/ 3266 levels "20160105-08-01-01-02",..: 2 10 3 3 4 5 6 8 9 11 ...
 $ RaceHorse.KettoNum               : Factor w/ 16636 levels "2013103049","2013102339",..: 2 10 3 4 5 6 7 9 4 1 ...
 $ RaceHorse.IsHit1                 : num  0 0 0 0 0 0 0 0 0 0 ...
 $ RaceHorse.IsHit2                 : num  0 0 0 0 1 0 0 0 0 0 ...
 $ RaceHorse.IsHit3                 : num  0 0 0 0 0 0 0 0 1 0 ...
 $ RaceHorse.IsHit4                 : num  0 0 0 0 0 0 1 0 0 0 ...
 $ RaceHorse.IsHit5                 : num  0 0 0 0 0 1 0 0 0 0 ...
 $ RaceHorse.IsHit6                 : num  1 1 1 1 0 0 0 1 0 1 ...
 $ RaceHorse.IsValidRaceHorse       : logi  TRUE TRUE TRUE TRUE TRUE TRUE ...
 $ RaceHorse.TimeSdv                : num  -0.4212 0.6451 -0.122 0.0193 0.8117 ...
 $ RaceHorse.IsHitA                 : num  0 0 0 0 0 0 0 0 0 0 ...
 $ RaceHorse.IsHitB                 : num  0 0 0 0 1 0 0 0 0 0 ...
 $ RaceHorse.IsHitC                 : num  0 0 0 0 1 0 0 0 1 0 ...
 $ Gen01.HansyokuNum                : Factor w/ 476 levels "11201922","11201954",..: 2 2 3 3 3 3 2 3 3 1 ...
 $ Gen01.TimeSdvByRaceAvg           : num  0.228 0.223 0.263 0.263 0.235 ...
 $ Gen01.TimeSdvByRaceMin           : num  -2.8 -2.8 -1.49 -1.49 -1.49 ...
 $ Gen01.TimeSdvByRaceMax           : num  2.48 2.48 1.34 1.34 1.34 ...
 $ Gen01.TimeSdvAvg                 : num  0.253 0.251 0.116 0.116 0.11 ...
 $ Gen01.TimeSdvMin                 : num  -2.65 -2.65 -1.89 -1.89 -1.89 ...
 $ Gen01.TimeSdvMax                 : num  2.27 2.27 1.67 1.67 1.67 ...
 $ Gen01.OrderOfFinishSdvAvg        : num  0.238 0.232 0.265 0.265 0.239 ...
 $ Gen01.RunCount                   : num  346 347 53 53 55 39 394 40 55 19 ...
 $ Gen01.HitCount1                  : num  38 38 7 7 7 3 40 3 7 0 ...
 $ Gen01.HitCount2                  : num  28 28 4 4 4 2 32 2 5 0 ...
 $ Gen01.HitCount3                  : num  36 36 3 3 3 2 31 2 3 2 ...
 $ Gen01.HitCount4                  : num  30 30 4 4 4 5 31 5 4 0 ...
 $ Gen01.HitCount5                  : num  26 26 3 3 3 3 32 4 3 0 ...
 $ Gen01.HitRate1                   : num  0.11 0.11 0.132 0.132 0.127 ...
 $ Gen01.HitRate2                   : num  0.0809 0.0807 0.0755 0.0755 0.0727 ...
 $ Gen01.HitRate3                   : num  0.104 0.1037 0.0566 0.0566 0.0545 ...
 $ Gen01.HitRate4                   : num  0.0867 0.0865 0.0755 0.0755 0.0727 ...
 $ Gen01.HitRate5                   : num  0.0751 0.0749 0.0566 0.0566 0.0545 ...
 $ EOF                              : int  1 1 1 1 1 1 1 1 1 1 ...
NULL
[1] "2022-02-25 20:45:59 --- transform Finish ---"
[1] "2022-02-25 20:45:59 --- na.omit Start ---"
[1] "--------------------------------------------------------------------------------"
[1] "nrow(data) na.omit before=47707"
[1] "nrow(data) na.omit after =47293"
[1] "nrow(data) na.omit diff =414"
[1] "--------------------------------------------------------------------------------"
'data.frame':	47293 obs. of  44 variables:
 $ Race.RaceId                      : Factor w/ 3266 levels "20160105-08-01-01-02",..: 2 10 3 3 4 5 6 8 9 11 ...
 $ Race.IsPredictedRace             : logi  TRUE TRUE TRUE TRUE TRUE TRUE ...
 $ Race.IsAnalyzeNormalPastAndFuture: logi  TRUE TRUE TRUE TRUE TRUE TRUE ...
 $ Race.IsAnalyzeNormalPast         : logi  TRUE TRUE TRUE TRUE TRUE TRUE ...
 $ Race.IsAnalyzeNormalFuture       : logi  FALSE FALSE FALSE FALSE FALSE FALSE ...
 $ Race.IsAnalyzeFullPastAndFuture  : logi  TRUE TRUE TRUE TRUE TRUE TRUE ...
 $ Race.IsAnalyzeFullPast           : logi  TRUE TRUE TRUE TRUE TRUE TRUE ...
 $ Race.IsAnalyzeFullFuture         : logi  FALSE FALSE FALSE FALSE FALSE FALSE ...
 $ Race.JyokenCd                    : Factor w/ 1 level "5": 1 1 1 1 1 1 1 1 1 1 ...
 $ Race.JyoType1Cd                  : Factor w/ 116 levels "2-08-1200-5-1",..: 2 2 1 1 3 4 3 6 1 7 ...
 $ Race.RaceType1Cd                 : Factor w/ 3 levels "2-5-X-1","2-5-X-2",..: 2 2 1 1 1 2 1 2 1 1 ...
 $ RaceHorse.RaceId                 : Factor w/ 3266 levels "20160105-08-01-01-02",..: 2 10 3 3 4 5 6 8 9 11 ...
 $ RaceHorse.KettoNum               : Factor w/ 16636 levels "2013103049","2013102339",..: 2 10 3 4 5 6 7 9 4 1 ...
 $ RaceHorse.IsHit1                 : num  0 0 0 0 0 0 0 0 0 0 ...
 $ RaceHorse.IsHit2                 : num  0 0 0 0 1 0 0 0 0 0 ...
 $ RaceHorse.IsHit3                 : num  0 0 0 0 0 0 0 0 1 0 ...
 $ RaceHorse.IsHit4                 : num  0 0 0 0 0 0 1 0 0 0 ...
 $ RaceHorse.IsHit5                 : num  0 0 0 0 0 1 0 0 0 0 ...
 $ RaceHorse.IsHit6                 : num  1 1 1 1 0 0 0 1 0 1 ...
 $ RaceHorse.IsValidRaceHorse       : logi  TRUE TRUE TRUE TRUE TRUE TRUE ...
 $ RaceHorse.TimeSdv                : num  -0.4212 0.6451 -0.122 0.0193 0.8117 ...
 $ RaceHorse.IsHitA                 : num  0 0 0 0 0 0 0 0 0 0 ...
 $ RaceHorse.IsHitB                 : num  0 0 0 0 1 0 0 0 0 0 ...
 $ RaceHorse.IsHitC                 : num  0 0 0 0 1 0 0 0 1 0 ...
 $ Gen01.HansyokuNum                : Factor w/ 476 levels "11201922","11201954",..: 2 2 3 3 3 3 2 3 3 1 ...
 $ Gen01.TimeSdvByRaceAvg           : num  0.228 0.223 0.263 0.263 0.235 ...
 $ Gen01.TimeSdvByRaceMin           : num  -2.8 -2.8 -1.49 -1.49 -1.49 ...
 $ Gen01.TimeSdvByRaceMax           : num  2.48 2.48 1.34 1.34 1.34 ...
 $ Gen01.TimeSdvAvg                 : num  0.253 0.251 0.116 0.116 0.11 ...
 $ Gen01.TimeSdvMin                 : num  -2.65 -2.65 -1.89 -1.89 -1.89 ...
 $ Gen01.TimeSdvMax                 : num  2.27 2.27 1.67 1.67 1.67 ...
 $ Gen01.OrderOfFinishSdvAvg        : num  0.238 0.232 0.265 0.265 0.239 ...
 $ Gen01.RunCount                   : num  346 347 53 53 55 39 394 40 55 19 ...
 $ Gen01.HitCount1                  : num  38 38 7 7 7 3 40 3 7 0 ...
 $ Gen01.HitCount2                  : num  28 28 4 4 4 2 32 2 5 0 ...
 $ Gen01.HitCount3                  : num  36 36 3 3 3 2 31 2 3 2 ...
 $ Gen01.HitCount4                  : num  30 30 4 4 4 5 31 5 4 0 ...
 $ Gen01.HitCount5                  : num  26 26 3 3 3 3 32 4 3 0 ...
 $ Gen01.HitRate1                   : num  0.11 0.11 0.132 0.132 0.127 ...
 $ Gen01.HitRate2                   : num  0.0809 0.0807 0.0755 0.0755 0.0727 ...
 $ Gen01.HitRate3                   : num  0.104 0.1037 0.0566 0.0566 0.0545 ...
 $ Gen01.HitRate4                   : num  0.0867 0.0865 0.0755 0.0755 0.0727 ...
 $ Gen01.HitRate5                   : num  0.0751 0.0749 0.0566 0.0566 0.0545 ...
 $ EOF                              : int  1 1 1 1 1 1 1 1 1 1 ...
 - attr(*, "na.action")= 'omit' Named int  103 129 316 502 547 627 694 763 780 892 ...
  ..- attr(*, "names")= chr  "103" "129" "316" "502" ...
[1] "2022-02-25 20:45:59 --- na.omit Finish ---"
[1] "2022-02-25 20:45:59 --- rxGlm with rxStepControl Start ---"

> print(paste0(Sys.time(), " --- source_logic_glm.R Start ---"))
[1] "2022-02-25 20:45:59 --- source_logic_glm.R Start ---"

> formula <- formula(RaceHorse.IsHitA ~ +1 + Gen01.TimeSdvAvg)

> print(paste0(Sys.time(), " --- source_logic_glm.R Finished ---"))
[1] "2022-02-25 20:45:59 --- source_logic_glm.R Finished ---"
Rows Read: 47293, Total Rows Processed: 47293, Total Chunk Time: Less than .001 seconds 

Starting values (iteration 1) time: 0.010 secs.
Rows Read: 47293, Total Rows Processed: 47293, Total Chunk Time: 0.003 seconds 

Iteration 2 time: 0.008 secs.
Rows Read: 47293, Total Rows Processed: 47293, Total Chunk Time: 0.003 seconds 

Iteration 3 time: 0.004 secs.
Rows Read: 47293, Total Rows Processed: 47293, Total Chunk Time: 0.002 seconds 

Iteration 4 time: 0.004 secs.

Elapsed computation time: 0.040 secs.
Rows Read: 47293, Total Rows Processed: 47293, Total Chunk Time: Less than .001 seconds 

Starting values (iteration 1) time: 0.009 secs.
Rows Read: 47293, Total Rows Processed: 47293, Total Chunk Time: Less than .001 seconds 

Iteration 2 time: 0.007 secs.

Elapsed computation time: 0.024 secs.
Rows Read: 47293, Total Rows Processed: 47293, Total Chunk Time: Less than .001 seconds 

Starting values (iteration 1) time: 0.009 secs.
Rows Read: 47293, Total Rows Processed: 47293, Total Chunk Time: 0.003 seconds 

Iteration 2 time: 0.008 secs.
Rows Read: 47293, Total Rows Processed: 47293, Total Chunk Time: 0.002 seconds 

Iteration 3 time: 0.004 secs.
Rows Read: 47293, Total Rows Processed: 47293, Total Chunk Time: 0.003 seconds 

Iteration 4 time: 0.005 secs.

Elapsed computation time: 0.038 secs.

Elapsed computation time: 0.120 secs.
[1] "--------------------------------------------------------------------------------"
[1] "analyze.results.glm.step="
Logistic Regression Results for: RaceHorse.IsHitA ~ Gen01.TimeSdvAvg
Data: data
Dependent variable(s): RaceHorse.IsHitA
Total independent variables: 2 
Number of valid observations: 47293
Number of missing observations: 0 
 
Coefficients:
                 RaceHorse.IsHitA
(Intercept)                    -3
Gen01.TimeSdvAvg                1
[1] "analyze.results.glm.step.summary"
Call:
rxLogit(formula = formula, data = data, variableSelection = analyze.results.glm.step.varsel)

Logistic Regression Results for: RaceHorse.IsHitA ~ Gen01.TimeSdvAvg
Data: data
Dependent variable(s): RaceHorse.IsHitA
Total independent variables: 2 
Number of valid observations: 47293
Number of missing observations: 0 
-2*LogLikelihood: 23343.146 (Residual deviance on 47291 degrees of freedom)
 
Coefficients:
                 Estimate Std. Error z value Pr(>|z|)    
(Intercept)       -2.7072     0.0201  -134.4  2.2e-16 ***
Gen01.TimeSdvAvg   1.0397     0.0705    14.8  2.2e-16 ***
---
Signif. codes:  0 '***' 0.001 '**' 0.01 '*' 0.05 '.' 0.1 ' ' 1

Condition number of final variance-covariance matrix: 1 
Number of iterations: 4
[1] "--------------------------------------------------------------------------------"
[1] "2022-02-25 20:46:00 --- rxGlm with rxStepControl Finish ---"
[1] "2022-02-25 20:46:00 --- rxStepPlot Start ---"
[1] "pdfFilename=pdf_analyze_glm_Gen01_Type25_rxStepPlot.pdf"
[1] "rxStepPlot="
[1] "2022-02-25 20:46:00 --- rxStepPlot Finish ---"
[1] "2022-02-25 20:46:00 --- save.image Start ---"
[1] "save.image"
[1] "rdataFilename=RData_analyze_glm_Gen01_Type25.RData"
[1] "2022-02-25 20:46:00 --- save.image Finish ---"
[1] "2022-02-25 20:46:00 --- final Start ---"
[1] "--------------------------------------------------------------------------------"
[1] "nrow(data) final=47293"
[1] "--------------------------------------------------------------------------------"
[1] "2022-02-25 20:46:00 --- final Finish ---"
[1] "2022-02-25 20:46:00 --- analyze_glm.R Finished ---"
[1] "2022-02-25 20:46:00 --- log Finish ---"
