[1] "2022-02-26 17:57:03 --- D1115_analyze_glm_Gen01_IsHitA_Type31 Start ---"
[1] "2022-02-26 17:57:03 --- Log Start ---"
[1] "2022-02-26 17:57:03 --- analyze_glm.R Start ---"
[1] "analyzeVersion=D1115"
[1] "analyzeCategory=analyze"
[1] "analyzeType=Gen01"
[1] "analyzeFamily=IsHitA"
[1] "analyzeFunc=glm"
[1] "analyzeTrackTypeCd=3"
[1] "analyzeJyokenCd=1"
[1] "2022-02-26 17:57:03 --- source_function.R Start ---"
[1] "2022-02-26 17:57:03 --- source_function.R Finished ---"

> print(paste0(Sys.time(), " --- source_library.R Start ---"))
[1] "2022-02-26 17:57:04 --- source_library.R Start ---"

> require("RevoScaleR")

> print(paste0(Sys.time(), " --- source_library.R Finished ---"))
[1] "2022-02-26 17:57:04 --- source_library.R Finished ---"
[1] "2022-02-26 17:57:04 --- RxSqlServerData Start ---"
[1] "2022-02-26 17:57:04 --- RxInSqlServer Start ---"
[1] "2022-02-26 17:57:05 --- RxInSqlServer Finish ---"
[1] "2022-02-26 17:57:05 --- rxSetComputeContext Start ---"
[1] "2022-02-26 17:57:05 --- rxSetComputeContext Finish ---"
[1] "2022-02-26 17:57:05 --- RxSqlServerData Start ---"
[1] "sqlQuery=SELECT * FROM ViewAnalyzeD1115analyze01Gen01Type31"
[1] "2022-02-26 17:57:05 --- RxSqlServerData Finish ---"
[1] "2022-02-26 17:57:05 --- rxGetVarInfo Start ---"
[1] "2022-02-26 17:57:08 --- rxGetVarInfo Finish---"
[1] "2022-02-26 17:57:08 --- rxImport Start ---"
Rows Read: 2259, Total Rows Processed: 2259, Total Chunk Time: 20.941 seconds 
[1] "2022-02-26 17:57:43 --- rxImport Finish ---"
[1] "object.size(data) auto=734.5 Kb"
[1] "--------------------------------------------------------------------------------"
[1] "nrow(data) RxSqlServerData=2259"
[1] "--------------------------------------------------------------------------------"
[1] "str(data)="
'data.frame':	2259 obs. of  44 variables:
 $ Race.RaceId                      : Factor w/ 213 levels "20190202-07-01-05-05",..: 11 2 8 9 10 1 3 7 4 5 ...
 $ Race.IsAnalyzeNormalPastAndFuture: logi  TRUE TRUE TRUE TRUE TRUE TRUE ...
 $ Race.IsAnalyzeNormalPast         : logi  TRUE TRUE TRUE TRUE TRUE TRUE ...
 $ Race.IsAnalyzeNormalFuture       : logi  FALSE FALSE FALSE FALSE FALSE FALSE ...
 $ Race.IsAnalyzeFullPastAndFuture  : logi  TRUE TRUE TRUE TRUE TRUE TRUE ...
 $ Race.IsAnalyzeFullPast           : logi  TRUE TRUE TRUE TRUE TRUE TRUE ...
 $ Race.IsAnalyzeFullFuture         : logi  FALSE FALSE FALSE FALSE FALSE FALSE ...
 $ Race.JyokenCd                    : Factor w/ 1 level "1": 1 1 1 1 1 1 1 1 1 1 ...
 $ Race.JyoType1Cd                  : Factor w/ 53 levels "3-07-3330-1-1",..: 11 2 8 9 10 1 3 7 4 5 ...
 $ Race.RaceType1Cd                 : Factor w/ 5 levels "3-1-X-3","3-1-G-3",..: 5 2 4 1 1 1 1 1 3 1 ...
 $ RaceHorse.RaceId                 : Factor w/ 213 levels "20190202-07-01-05-05",..: 11 2 8 9 10 1 3 7 4 5 ...
 $ RaceHorse.KettoNum               : Factor w/ 452 levels "2014100649","2015101885",..: 1 1 2 2 1 1 1 1 2 1 ...
 $ RaceHorse.IsHit1                 : num  0 0 0 1 0 1 0 1 0 0 ...
 $ RaceHorse.IsHit2                 : num  0 1 0 0 1 0 0 0 0 0 ...
 $ RaceHorse.IsHit3                 : num  0 0 0 0 0 0 0 0 0 1 ...
 $ RaceHorse.IsHit4                 : num  0 0 0 0 0 0 1 0 0 0 ...
 $ RaceHorse.IsHit5                 : num  0 0 0 0 0 0 0 0 0 0 ...
 $ RaceHorse.IsHit6                 : num  0 0 1 0 0 0 0 0 1 0 ...
 $ RaceHorse.IsValidRaceHorse       : logi  FALSE TRUE TRUE TRUE TRUE TRUE ...
 $ RaceHorse.TimeSdvByRace          : num  NA 0.711 -1.914 1.394 1.414 ...
 $ RaceHorse.TimeSdv                : num  NA 1.361 -0.737 0.447 0.613 ...
 $ RaceHorse.IsHitA                 : num  0 0 0 1 0 1 0 1 0 0 ...
 $ RaceHorse.IsHitB                 : num  0 1 0 1 1 1 0 1 0 0 ...
 $ RaceHorse.IsHitC                 : num  0 1 0 1 1 1 0 1 0 1 ...
 $ Gen01.HansyokuNum                : Factor w/ 122 levels "11201929","11201934",..: 1 1 1 1 1 1 1 1 1 1 ...
 $ Gen01.TimeSdvByRaceAvg           : num  1.18 1.26 1.18 1.13 1.09 ...
 $ Gen01.TimeSdvByRaceMin           : num  1.18 1.264 1.176 0.332 0.332 ...
 $ Gen01.TimeSdvByRaceMax           : num  1.18 1.26 1.18 1.97 1.97 ...
 $ Gen01.TimeSdvAvg                 : num  1.225 1.148 0.748 0.745 0.605 ...
 $ Gen01.TimeSdvMin                 : num  1.2246 1.1476 0.7485 0.0184 0.0184 ...
 $ Gen01.TimeSdvMax                 : num  1.225 1.148 0.748 1.58 1.352 ...
 $ Gen01.OrderOfFinishSdvAvg        : num  1.51 1.5 1.5 1.2 1.15 ...
 $ Gen01.RunCount                   : num  1 1 1 6 3 4 1 2 2 5 ...
 $ Gen01.HitCount1                  : num  1 1 1 2 1 1 0 0 0 2 ...
 $ Gen01.HitCount2                  : num  0 0 0 2 1 2 1 1 1 2 ...
 $ Gen01.HitCount3                  : num  0 0 0 1 0 0 0 0 0 0 ...
 $ Gen01.HitCount4                  : num  0 0 0 1 1 1 0 1 1 1 ...
 $ Gen01.HitCount5                  : num  0 0 0 0 0 0 0 0 0 0 ...
 $ Gen01.HitRate1                   : num  1 1 1 0.333 0.333 ...
 $ Gen01.HitRate2                   : num  0 0 0 0.333 0.333 ...
 $ Gen01.HitRate3                   : num  0 0 0 0.167 0 ...
 $ Gen01.HitRate4                   : num  0 0 0 0.167 0.333 ...
 $ Gen01.HitRate5                   : num  0 0 0 0 0 0 0 0 0 0 ...
 $ EOF                              : int  1 1 1 1 1 1 1 1 1 1 ...
[1] "2022-02-26 17:57:53 --- RxSqlServerData Finish ---"
[1] "2022-02-26 17:57:53 --- subset Start ---"
[1] "--------------------------------------------------------------------------------"
[1] "nrow(data) subset before=2259"
[1] "nrow(data) subset after =2259"
[1] "nrow(data) subset diff =0"
[1] "--------------------------------------------------------------------------------"
[1] "2022-02-26 17:57:54 --- subset Finish---"
[1] "2022-02-26 17:57:54 --- transform Start ---"
[1] "--------------------------------------------------------------------------------"
[1] "nrow(data) transform before=2259"
[1] "nrow(data) transform after=2259"
[1] "nrow(data) transform diff=0"
[1] "--------------------------------------------------------------------------------"
[1] "str(data)="
'data.frame':	2259 obs. of  44 variables:
 $ Race.RaceId                      : Factor w/ 213 levels "20190202-07-01-05-05",..: 11 2 8 9 10 1 3 7 4 5 ...
 $ Race.IsAnalyzeNormalPastAndFuture: logi  TRUE TRUE TRUE TRUE TRUE TRUE ...
 $ Race.IsAnalyzeNormalPast         : logi  TRUE TRUE TRUE TRUE TRUE TRUE ...
 $ Race.IsAnalyzeNormalFuture       : logi  FALSE FALSE FALSE FALSE FALSE FALSE ...
 $ Race.IsAnalyzeFullPastAndFuture  : logi  TRUE TRUE TRUE TRUE TRUE TRUE ...
 $ Race.IsAnalyzeFullPast           : logi  TRUE TRUE TRUE TRUE TRUE TRUE ...
 $ Race.IsAnalyzeFullFuture         : logi  FALSE FALSE FALSE FALSE FALSE FALSE ...
 $ Race.JyokenCd                    : Factor w/ 1 level "1": 1 1 1 1 1 1 1 1 1 1 ...
 $ Race.JyoType1Cd                  : Factor w/ 53 levels "3-07-3330-1-1",..: 11 2 8 9 10 1 3 7 4 5 ...
 $ Race.RaceType1Cd                 : Factor w/ 5 levels "3-1-X-3","3-1-G-3",..: 5 2 4 1 1 1 1 1 3 1 ...
 $ RaceHorse.RaceId                 : Factor w/ 213 levels "20190202-07-01-05-05",..: 11 2 8 9 10 1 3 7 4 5 ...
 $ RaceHorse.KettoNum               : Factor w/ 452 levels "2014100649","2015101885",..: 1 1 2 2 1 1 1 1 2 1 ...
 $ RaceHorse.IsHit1                 : num  0 0 0 1 0 1 0 1 0 0 ...
 $ RaceHorse.IsHit2                 : num  0 1 0 0 1 0 0 0 0 0 ...
 $ RaceHorse.IsHit3                 : num  0 0 0 0 0 0 0 0 0 1 ...
 $ RaceHorse.IsHit4                 : num  0 0 0 0 0 0 1 0 0 0 ...
 $ RaceHorse.IsHit5                 : num  0 0 0 0 0 0 0 0 0 0 ...
 $ RaceHorse.IsHit6                 : num  0 0 1 0 0 0 0 0 1 0 ...
 $ RaceHorse.IsValidRaceHorse       : logi  FALSE TRUE TRUE TRUE TRUE TRUE ...
 $ RaceHorse.TimeSdvByRace          : num  NA 0.711 -1.914 1.394 1.414 ...
 $ RaceHorse.TimeSdv                : num  NA 1.361 -0.737 0.447 0.613 ...
 $ RaceHorse.IsHitA                 : num  0 0 0 1 0 1 0 1 0 0 ...
 $ RaceHorse.IsHitB                 : num  0 1 0 1 1 1 0 1 0 0 ...
 $ RaceHorse.IsHitC                 : num  0 1 0 1 1 1 0 1 0 1 ...
 $ Gen01.HansyokuNum                : Factor w/ 122 levels "11201929","11201934",..: 1 1 1 1 1 1 1 1 1 1 ...
 $ Gen01.TimeSdvByRaceAvg           : num  1.18 1.26 1.18 1.13 1.09 ...
 $ Gen01.TimeSdvByRaceMin           : num  1.18 1.264 1.176 0.332 0.332 ...
 $ Gen01.TimeSdvByRaceMax           : num  1.18 1.26 1.18 1.97 1.97 ...
 $ Gen01.TimeSdvAvg                 : num  1.225 1.148 0.748 0.745 0.605 ...
 $ Gen01.TimeSdvMin                 : num  1.2246 1.1476 0.7485 0.0184 0.0184 ...
 $ Gen01.TimeSdvMax                 : num  1.225 1.148 0.748 1.58 1.352 ...
 $ Gen01.OrderOfFinishSdvAvg        : num  1.51 1.5 1.5 1.2 1.15 ...
 $ Gen01.RunCount                   : num  1 1 1 6 3 4 1 2 2 5 ...
 $ Gen01.HitCount1                  : num  1 1 1 2 1 1 0 0 0 2 ...
 $ Gen01.HitCount2                  : num  0 0 0 2 1 2 1 1 1 2 ...
 $ Gen01.HitCount3                  : num  0 0 0 1 0 0 0 0 0 0 ...
 $ Gen01.HitCount4                  : num  0 0 0 1 1 1 0 1 1 1 ...
 $ Gen01.HitCount5                  : num  0 0 0 0 0 0 0 0 0 0 ...
 $ Gen01.HitRate1                   : num  1 1 1 0.333 0.333 ...
 $ Gen01.HitRate2                   : num  0 0 0 0.333 0.333 ...
 $ Gen01.HitRate3                   : num  0 0 0 0.167 0 ...
 $ Gen01.HitRate4                   : num  0 0 0 0.167 0.333 ...
 $ Gen01.HitRate5                   : num  0 0 0 0 0 0 0 0 0 0 ...
 $ EOF                              : int  1 1 1 1 1 1 1 1 1 1 ...
NULL
[1] "2022-02-26 17:58:01 --- transform Finish ---"
[1] "2022-02-26 17:58:01 --- na.omit Start ---"
[1] "--------------------------------------------------------------------------------"
[1] "nrow(data) na.omit before=2259"
[1] "nrow(data) na.omit after =2156"
[1] "nrow(data) na.omit diff =103"
[1] "--------------------------------------------------------------------------------"
'data.frame':	2156 obs. of  44 variables:
 $ Race.RaceId                      : Factor w/ 213 levels "20190202-07-01-05-05",..: 2 8 9 10 1 3 7 4 5 12 ...
 $ Race.IsAnalyzeNormalPastAndFuture: logi  TRUE TRUE TRUE TRUE TRUE TRUE ...
 $ Race.IsAnalyzeNormalPast         : logi  TRUE TRUE TRUE TRUE TRUE TRUE ...
 $ Race.IsAnalyzeNormalFuture       : logi  FALSE FALSE FALSE FALSE FALSE FALSE ...
 $ Race.IsAnalyzeFullPastAndFuture  : logi  TRUE TRUE TRUE TRUE TRUE TRUE ...
 $ Race.IsAnalyzeFullPast           : logi  TRUE TRUE TRUE TRUE TRUE TRUE ...
 $ Race.IsAnalyzeFullFuture         : logi  FALSE FALSE FALSE FALSE FALSE FALSE ...
 $ Race.JyokenCd                    : Factor w/ 1 level "1": 1 1 1 1 1 1 1 1 1 1 ...
 $ Race.JyoType1Cd                  : Factor w/ 53 levels "3-07-3330-1-1",..: 2 8 9 10 1 3 7 4 5 9 ...
 $ Race.RaceType1Cd                 : Factor w/ 5 levels "3-1-X-3","3-1-G-3",..: 2 4 1 1 1 1 1 3 1 1 ...
 $ RaceHorse.RaceId                 : Factor w/ 213 levels "20190202-07-01-05-05",..: 2 8 9 10 1 3 7 4 5 12 ...
 $ RaceHorse.KettoNum               : Factor w/ 452 levels "2014100649","2015101885",..: 1 2 2 1 1 1 1 2 1 3 ...
 $ RaceHorse.IsHit1                 : num  0 0 1 0 1 0 1 0 0 0 ...
 $ RaceHorse.IsHit2                 : num  1 0 0 1 0 0 0 0 0 0 ...
 $ RaceHorse.IsHit3                 : num  0 0 0 0 0 0 0 0 1 0 ...
 $ RaceHorse.IsHit4                 : num  0 0 0 0 0 1 0 0 0 0 ...
 $ RaceHorse.IsHit5                 : num  0 0 0 0 0 0 0 0 0 0 ...
 $ RaceHorse.IsHit6                 : num  0 1 0 0 0 0 0 1 0 1 ...
 $ RaceHorse.IsValidRaceHorse       : logi  TRUE TRUE TRUE TRUE TRUE TRUE ...
 $ RaceHorse.TimeSdvByRace          : num  0.711 -1.914 1.394 1.414 1.365 ...
 $ RaceHorse.TimeSdv                : num  1.361 -0.737 0.447 0.613 1.58 ...
 $ RaceHorse.IsHitA                 : num  0 0 1 0 1 0 1 0 0 0 ...
 $ RaceHorse.IsHitB                 : num  1 0 1 1 1 0 1 0 0 0 ...
 $ RaceHorse.IsHitC                 : num  1 0 1 1 1 0 1 0 1 0 ...
 $ Gen01.HansyokuNum                : Factor w/ 122 levels "11201929","11201934",..: 1 1 1 1 1 1 1 1 1 2 ...
 $ Gen01.TimeSdvByRaceAvg           : num  1.26 1.18 1.13 1.09 1.17 ...
 $ Gen01.TimeSdvByRaceMin           : num  1.264 1.176 0.332 0.332 0.332 ...
 $ Gen01.TimeSdvByRaceMax           : num  1.26 1.18 1.97 1.97 1.97 ...
 $ Gen01.TimeSdvAvg                 : num  1.148 0.748 0.745 0.605 0.607 ...
 $ Gen01.TimeSdvMin                 : num  1.1476 0.7485 0.0184 0.0184 0.0184 ...
 $ Gen01.TimeSdvMax                 : num  1.148 0.748 1.58 1.352 1.352 ...
 $ Gen01.OrderOfFinishSdvAvg        : num  1.5 1.5 1.2 1.15 1.17 ...
 $ Gen01.RunCount                   : num  1 1 6 3 4 1 2 2 5 8 ...
 $ Gen01.HitCount1                  : num  1 1 2 1 1 0 0 0 2 0 ...
 $ Gen01.HitCount2                  : num  0 0 2 1 2 1 1 1 2 0 ...
 $ Gen01.HitCount3                  : num  0 0 1 0 0 0 0 0 0 0 ...
 $ Gen01.HitCount4                  : num  0 0 1 1 1 0 1 1 1 1 ...
 $ Gen01.HitCount5                  : num  0 0 0 0 0 0 0 0 0 1 ...
 $ Gen01.HitRate1                   : num  1 1 0.333 0.333 0.25 ...
 $ Gen01.HitRate2                   : num  0 0 0.333 0.333 0.5 ...
 $ Gen01.HitRate3                   : num  0 0 0.167 0 0 ...
 $ Gen01.HitRate4                   : num  0 0 0.167 0.333 0.25 ...
 $ Gen01.HitRate5                   : num  0 0 0 0 0 0 0 0 0 0.125 ...
 $ EOF                              : int  1 1 1 1 1 1 1 1 1 1 ...
 - attr(*, "na.action")= 'omit' Named int  1 13 55 59 93 134 173 182 190 206 ...
  ..- attr(*, "names")= chr  "1" "13" "55" "59" ...
[1] "2022-02-26 17:58:06 --- na.omit Finish ---"
[1] "2022-02-26 17:58:07 --- rxGlm with rxStepControl Start ---"

> print(paste0(Sys.time(), " --- source_logic_glm.R Start ---"))
[1] "2022-02-26 17:58:07 --- source_logic_glm.R Start ---"

> formula <- formula(RaceHorse.IsHitA ~ +1 + Gen01.TimeSdvByRaceAvg)

> print(paste0(Sys.time(), " --- source_logic_glm.R Finished ---"))
[1] "2022-02-26 17:58:07 --- source_logic_glm.R Finished ---"
Rows Read: 2156, Total Rows Processed: 2156, Total Chunk Time: Less than .001 seconds 

Starting values (iteration 1) time: 0.007 secs.
Rows Read: 2156, Total Rows Processed: 2156, Total Chunk Time: 0.002 seconds 

Iteration 2 time: 0.006 secs.
Rows Read: 2156, Total Rows Processed: 2156, Total Chunk Time: Less than .001 seconds 

Iteration 3 time: 0.013 secs.
Rows Read: 2156, Total Rows Processed: 2156, Total Chunk Time: 0.001 seconds 

Iteration 4 time: 0.005 secs.
Rows Read: 2156, Total Rows Processed: 2156, Total Chunk Time: Less than .001 seconds 

Iteration 5 time: 0.004 secs.

Elapsed computation time: 0.086 secs.
Rows Read: 2156, Total Rows Processed: 2156, Total Chunk Time: 0.001 seconds 

Starting values (iteration 1) time: 0.005 secs.
Rows Read: 2156, Total Rows Processed: 2156, Total Chunk Time: Less than .001 seconds 

Iteration 2 time: 0.007 secs.

Elapsed computation time: 0.033 secs.
Rows Read: 2156, Total Rows Processed: 2156, Total Chunk Time: Less than .001 seconds 

Starting values (iteration 1) time: 0.005 secs.
Rows Read: 2156, Total Rows Processed: 2156, Total Chunk Time: 0.001 seconds 

Iteration 2 time: 0.007 secs.
Rows Read: 2156, Total Rows Processed: 2156, Total Chunk Time: Less than .001 seconds 

Iteration 3 time: 0.006 secs.
Rows Read: 2156, Total Rows Processed: 2156, Total Chunk Time: 0.001 seconds 

Iteration 4 time: 0.004 secs.
Rows Read: 2156, Total Rows Processed: 2156, Total Chunk Time: 0.001 seconds 

Iteration 5 time: 0.008 secs.

Elapsed computation time: 0.065 secs.

Elapsed computation time: 0.207 secs.
[1] "--------------------------------------------------------------------------------"
[1] "analyze.results.glm.step="
Logistic Regression Results for: RaceHorse.IsHitA ~
    Gen01.TimeSdvByRaceAvg
Data: data
Dependent variable(s): RaceHorse.IsHitA
Total independent variables: 2 
Number of valid observations: 2156
Number of missing observations: 0 
 
Coefficients:
                       RaceHorse.IsHitA
(Intercept)                        -2.4
Gen01.TimeSdvByRaceAvg              0.7
[1] "analyze.results.glm.step.summary"
Call:
rxLogit(formula = formula, data = data, variableSelection = analyze.results.glm.step.varsel)

Logistic Regression Results for: RaceHorse.IsHitA ~
    Gen01.TimeSdvByRaceAvg
Data: data
Dependent variable(s): RaceHorse.IsHitA
Total independent variables: 2 
Number of valid observations: 2156
Number of missing observations: 0 
-2*LogLikelihood: 1290.511 (Residual deviance on 2154 degrees of freedom)
 
Coefficients:
                       Estimate Std. Error z value Pr(>|z|)    
(Intercept)             -2.4071     0.0827  -29.11  2.2e-16 ***
Gen01.TimeSdvByRaceAvg   0.7125     0.1544    4.61  4.0e-06 ***
---
Signif. codes:  0 '***' 0.001 '**' 0.01 '*' 0.05 '.' 0.1 ' ' 1

Condition number of final variance-covariance matrix: 1 
Number of iterations: 5
[1] "--------------------------------------------------------------------------------"
[1] "2022-02-26 17:58:08 --- rxGlm with rxStepControl Finish ---"
[1] "2022-02-26 17:58:08 --- rxStepPlot Start ---"
[1] "pdfFilename=pdf_analyze_glm_Gen01_Type31_rxStepPlot.pdf"
[1] "rxStepPlot="
[1] "2022-02-26 17:58:09 --- rxStepPlot Finish ---"
[1] "2022-02-26 17:58:09 --- save.image Start ---"
[1] "save.image"
[1] "rdataFilename=RData_analyze_glm_Gen01_Type31.RData"
[1] "2022-02-26 17:58:11 --- save.image Finish ---"
[1] "2022-02-26 17:58:12 --- final Start ---"
[1] "--------------------------------------------------------------------------------"
[1] "nrow(data) final=2156"
[1] "--------------------------------------------------------------------------------"
[1] "2022-02-26 17:58:12 --- final Finish ---"
[1] "2022-02-26 17:58:12 --- analyze_glm.R Finished ---"
[1] "2022-02-26 17:58:12 --- log Finish ---"
