[1] "2022-03-08 18:55:04 --- D1115_analyze_glm_Horse_IsHitA_Type23 Start ---"
[1] "2022-03-08 18:55:04 --- Log Start ---"
[1] "2022-03-08 18:55:04 --- analyze_glm.R Start ---"
[1] "analyzeVersion=D1115"
[1] "analyzeCategory=analyze"
[1] "analyzeType=Horse"
[1] "analyzeFamily=IsHitA"
[1] "analyzeFunc=glm"
[1] "analyzeTrackTypeCd=2"
[1] "analyzeJyokenCd=3"
[1] "2022-03-08 18:55:04 --- source_function.R Start ---"
[1] "2022-03-08 18:55:04 --- source_function.R Finished ---"

> print(paste0(Sys.time(), " --- source_library.R Start ---"))
[1] "2022-03-08 18:55:04 --- source_library.R Start ---"

> require("RevoScaleR")

> print(paste0(Sys.time(), " --- source_library.R Finished ---"))
[1] "2022-03-08 18:55:05 --- source_library.R Finished ---"
[1] "2022-03-08 18:55:05 --- RxSqlServerData Start ---"
[1] "2022-03-08 18:55:05 --- RxInSqlServer Start ---"
[1] "2022-03-08 18:55:05 --- RxInSqlServer Finish ---"
[1] "2022-03-08 18:55:05 --- rxSetComputeContext Start ---"
[1] "2022-03-08 18:55:05 --- rxSetComputeContext Finish ---"
[1] "2022-03-08 18:55:05 --- RxSqlServerData Start ---"
[1] "sqlQuery=SELECT * FROM ViewAnalyzeD1115analyze01HorseType23"
[1] "2022-03-08 18:55:05 --- RxSqlServerData Finish ---"
[1] "2022-03-08 18:55:05 --- rxGetVarInfo Start ---"
[1] "2022-03-08 18:55:17 --- rxGetVarInfo Finish---"
[1] "2022-03-08 18:55:17 --- rxImport Start ---"
Rows Read: 15116, Total Rows Processed: 15116, Total Chunk Time: 4.092 seconds 
[1] "2022-03-08 18:55:26 --- rxImport Finish ---"
[1] "object.size(data) auto=5.3 Mb"
[1] "--------------------------------------------------------------------------------"
[1] "nrow(data) RxSqlServerData=15116"
[1] "--------------------------------------------------------------------------------"
[1] "str(data)="
'data.frame':	15116 obs. of  48 variables:
 $ Race.RaceId                      : Factor w/ 1011 levels "20160105-06-01-01-08",..: 1 4 8 9 10 11 12 13 14 15 ...
 $ Race.IsAnalyzeNormalPastAndFuture: logi  TRUE TRUE TRUE TRUE TRUE TRUE ...
 $ Race.IsAnalyzeNormalPast         : logi  TRUE TRUE TRUE TRUE TRUE TRUE ...
 $ Race.IsAnalyzeNormalFuture       : logi  FALSE FALSE FALSE FALSE FALSE FALSE ...
 $ Race.IsAnalyzeFullPastAndFuture  : logi  TRUE TRUE TRUE TRUE TRUE TRUE ...
 $ Race.IsAnalyzeFullPast           : logi  TRUE TRUE TRUE TRUE TRUE TRUE ...
 $ Race.IsAnalyzeFullFuture         : logi  FALSE FALSE FALSE FALSE FALSE FALSE ...
 $ Race.JyokenCd                    : Factor w/ 1 level "3": 1 1 1 1 1 1 1 1 1 1 ...
 $ Race.JyoType1Cd                  : Factor w/ 105 levels "24-06-1200-1",..: 1 3 7 2 8 9 5 6 10 11 ...
 $ Race.RaceType1Cd                 : Factor w/ 2 levels "2-3-14","2-3-13": 1 1 1 1 1 1 1 1 1 1 ...
 $ RaceHorse.RaceId                 : Factor w/ 1011 levels "20160105-06-01-01-08",..: 1 4 8 9 10 11 12 13 14 15 ...
 $ RaceHorse.KettoNum               : Factor w/ 3177 levels "2010101761","2011103572",..: 1 6 11 12 13 14 15 16 17 18 ...
 $ RaceHorse.IsHit1                 : num  0 1 0 0 0 0 0 0 0 0 ...
 $ RaceHorse.IsHit2                 : num  0 0 0 0 0 0 0 0 0 0 ...
 $ RaceHorse.IsHit3                 : num  0 0 0 0 0 1 0 0 0 0 ...
 $ RaceHorse.IsHit4                 : num  0 0 0 0 0 0 0 0 0 0 ...
 $ RaceHorse.IsHit5                 : num  0 0 0 0 0 0 0 0 0 0 ...
 $ RaceHorse.IsHit6                 : num  1 0 1 1 1 0 1 1 1 1 ...
 $ RaceHorse.IsValidRaceHorse       : logi  TRUE TRUE FALSE TRUE TRUE TRUE ...
 $ RaceHorse.FinishTimeSdvByRace    : num  -0.8248 2.5845 -2.1478 -0.1811 0.0194 ...
 $ RaceHorse.FirstTimeSdvByRace     : num  0.053 1.225 0.641 -1.119 0.91 ...
 $ RaceHorse.LastTimeSdvByRace      : num  -1.232 0.817 -2.142 0.678 -0.742 ...
 $ RaceHorse.FinishTimeSdv          : num  0.661 1.823 -0.718 0.611 1.319 ...
 $ RaceHorse.FirstTimeSdv           : num  0.268 1.451 -0.598 -0.338 1.701 ...
 $ RaceHorse.LastTimeSdv            : num  0.645 1.132 -0.455 1.169 0.399 ...
 $ RaceHorse.IsHitA                 : num  0 1 0 0 0 0 0 0 0 0 ...
 $ RaceHorse.IsHitB                 : num  0 1 0 0 0 0 0 0 0 0 ...
 $ RaceHorse.IsHitC                 : num  0 1 0 0 0 1 0 0 0 0 ...
 $ Horse.KettoNum                   : Factor w/ 3177 levels "2010101761","2011103572",..: 1 6 11 12 13 14 15 16 17 18 ...
 $ Horse.FinishTimeSdvByRaceAvg     : num  0.321 1.33 0.234 0.51 0.712 ...
 $ Horse.FirstTimeSdvByRaceAvg      : num  0.923 1.52 0.68 -0.254 0.875 ...
 $ Horse.LastTimeSdvByRaceAvg       : num  -0.305 0.493 -0.131 0.648 0.348 ...
 $ Horse.FinishTimeSdvAvg           : num  0.601 0.889 0.18 0.441 0.749 ...
 $ Horse.FirstTimeSdvAvg            : num  0.649 0.84 0.256 0.108 0.563 ...
 $ Horse.LastTimeSdvAvg             : num  0.2914 0.5263 0.0401 0.4853 0.5636 ...
 $ Horse.RealOddsLog1Avg            : num  2.67 1.78 3.58 3.39 2.08 ...
 $ Horse.RunCount                   : num  13 6 31 23 11 15 8 17 27 16 ...
 $ Horse.HitCount1                  : num  2 2 3 3 2 1 2 3 1 3 ...
 $ Horse.HitCount2                  : num  4 3 0 4 4 2 1 2 4 3 ...
 $ Horse.HitCount3                  : num  0 0 1 2 1 2 0 2 3 0 ...
 $ Horse.HitCount4                  : num  0 1 3 1 0 3 1 1 5 3 ...
 $ Horse.HitCount5                  : num  1 0 6 0 0 0 0 1 2 3 ...
 $ Horse.HitRate1                   : num  0.1538 0.3333 0.0968 0.1304 0.1818 ...
 $ Horse.HitRate2                   : num  0.308 0.5 0 0.174 0.364 ...
 $ Horse.HitRate3                   : num  0 0 0.0323 0.087 0.0909 ...
 $ Horse.HitRate4                   : num  0 0.1667 0.0968 0.0435 0 ...
 $ Horse.HitRate5                   : num  0.0769 0 0.1935 0 0 ...
 $ EOF                              : int  1 1 1 1 1 1 1 1 1 1 ...
[1] "2022-03-08 18:55:26 --- RxSqlServerData Finish ---"
[1] "2022-03-08 18:55:26 --- subset Start ---"
[1] "--------------------------------------------------------------------------------"
[1] "nrow(data) subset before=15116"
[1] "nrow(data) subset after =15116"
[1] "nrow(data) subset diff =0"
[1] "--------------------------------------------------------------------------------"
[1] "2022-03-08 18:55:26 --- subset Finish---"
[1] "2022-03-08 18:55:26 --- transform Start ---"
[1] "--------------------------------------------------------------------------------"
[1] "nrow(data) transform before=15116"
[1] "nrow(data) transform after=15116"
[1] "nrow(data) transform diff=0"
[1] "--------------------------------------------------------------------------------"
[1] "str(data)="
'data.frame':	15116 obs. of  48 variables:
 $ Race.RaceId                      : Factor w/ 1011 levels "20160105-06-01-01-08",..: 1 4 8 9 10 11 12 13 14 15 ...
 $ Race.IsAnalyzeNormalPastAndFuture: logi  TRUE TRUE TRUE TRUE TRUE TRUE ...
 $ Race.IsAnalyzeNormalPast         : logi  TRUE TRUE TRUE TRUE TRUE TRUE ...
 $ Race.IsAnalyzeNormalFuture       : logi  FALSE FALSE FALSE FALSE FALSE FALSE ...
 $ Race.IsAnalyzeFullPastAndFuture  : logi  TRUE TRUE TRUE TRUE TRUE TRUE ...
 $ Race.IsAnalyzeFullPast           : logi  TRUE TRUE TRUE TRUE TRUE TRUE ...
 $ Race.IsAnalyzeFullFuture         : logi  FALSE FALSE FALSE FALSE FALSE FALSE ...
 $ Race.JyokenCd                    : Factor w/ 1 level "3": 1 1 1 1 1 1 1 1 1 1 ...
 $ Race.JyoType1Cd                  : Factor w/ 105 levels "24-06-1200-1",..: 1 3 7 2 8 9 5 6 10 11 ...
 $ Race.RaceType1Cd                 : Factor w/ 2 levels "2-3-14","2-3-13": 1 1 1 1 1 1 1 1 1 1 ...
 $ RaceHorse.RaceId                 : Factor w/ 1011 levels "20160105-06-01-01-08",..: 1 4 8 9 10 11 12 13 14 15 ...
 $ RaceHorse.KettoNum               : Factor w/ 3177 levels "2010101761","2011103572",..: 1 6 11 12 13 14 15 16 17 18 ...
 $ RaceHorse.IsHit1                 : num  0 1 0 0 0 0 0 0 0 0 ...
 $ RaceHorse.IsHit2                 : num  0 0 0 0 0 0 0 0 0 0 ...
 $ RaceHorse.IsHit3                 : num  0 0 0 0 0 1 0 0 0 0 ...
 $ RaceHorse.IsHit4                 : num  0 0 0 0 0 0 0 0 0 0 ...
 $ RaceHorse.IsHit5                 : num  0 0 0 0 0 0 0 0 0 0 ...
 $ RaceHorse.IsHit6                 : num  1 0 1 1 1 0 1 1 1 1 ...
 $ RaceHorse.IsValidRaceHorse       : logi  TRUE TRUE FALSE TRUE TRUE TRUE ...
 $ RaceHorse.FinishTimeSdvByRace    : num  -0.8248 2.5845 -2.1478 -0.1811 0.0194 ...
 $ RaceHorse.FirstTimeSdvByRace     : num  0.053 1.225 0.641 -1.119 0.91 ...
 $ RaceHorse.LastTimeSdvByRace      : num  -1.232 0.817 -2.142 0.678 -0.742 ...
 $ RaceHorse.FinishTimeSdv          : num  0.661 1.823 -0.718 0.611 1.319 ...
 $ RaceHorse.FirstTimeSdv           : num  0.268 1.451 -0.598 -0.338 1.701 ...
 $ RaceHorse.LastTimeSdv            : num  0.645 1.132 -0.455 1.169 0.399 ...
 $ RaceHorse.IsHitA                 : num  0 1 0 0 0 0 0 0 0 0 ...
 $ RaceHorse.IsHitB                 : num  0 1 0 0 0 0 0 0 0 0 ...
 $ RaceHorse.IsHitC                 : num  0 1 0 0 0 1 0 0 0 0 ...
 $ Horse.KettoNum                   : Factor w/ 3177 levels "2010101761","2011103572",..: 1 6 11 12 13 14 15 16 17 18 ...
 $ Horse.FinishTimeSdvByRaceAvg     : num  0.321 1.33 0.234 0.51 0.712 ...
 $ Horse.FirstTimeSdvByRaceAvg      : num  0.923 1.52 0.68 -0.254 0.875 ...
 $ Horse.LastTimeSdvByRaceAvg       : num  -0.305 0.493 -0.131 0.648 0.348 ...
 $ Horse.FinishTimeSdvAvg           : num  0.601 0.889 0.18 0.441 0.749 ...
 $ Horse.FirstTimeSdvAvg            : num  0.649 0.84 0.256 0.108 0.563 ...
 $ Horse.LastTimeSdvAvg             : num  0.2914 0.5263 0.0401 0.4853 0.5636 ...
 $ Horse.RealOddsLog1Avg            : num  2.67 1.78 3.58 3.39 2.08 ...
 $ Horse.RunCount                   : num  13 6 31 23 11 15 8 17 27 16 ...
 $ Horse.HitCount1                  : num  2 2 3 3 2 1 2 3 1 3 ...
 $ Horse.HitCount2                  : num  4 3 0 4 4 2 1 2 4 3 ...
 $ Horse.HitCount3                  : num  0 0 1 2 1 2 0 2 3 0 ...
 $ Horse.HitCount4                  : num  0 1 3 1 0 3 1 1 5 3 ...
 $ Horse.HitCount5                  : num  1 0 6 0 0 0 0 1 2 3 ...
 $ Horse.HitRate1                   : num  0.1538 0.3333 0.0968 0.1304 0.1818 ...
 $ Horse.HitRate2                   : num  0.308 0.5 0 0.174 0.364 ...
 $ Horse.HitRate3                   : num  0 0 0.0323 0.087 0.0909 ...
 $ Horse.HitRate4                   : num  0 0.1667 0.0968 0.0435 0 ...
 $ Horse.HitRate5                   : num  0.0769 0 0.1935 0 0 ...
 $ EOF                              : int  1 1 1 1 1 1 1 1 1 1 ...
NULL
[1] "2022-03-08 18:55:27 --- transform Finish ---"
[1] "2022-03-08 18:55:27 --- na.omit Start ---"
[1] "--------------------------------------------------------------------------------"
[1] "nrow(data) na.omit before=15116"
[1] "nrow(data) na.omit after =15006"
[1] "nrow(data) na.omit diff =110"
[1] "--------------------------------------------------------------------------------"
'data.frame':	15006 obs. of  48 variables:
 $ Race.RaceId                      : Factor w/ 1011 levels "20160105-06-01-01-08",..: 1 4 8 9 10 11 12 13 14 15 ...
 $ Race.IsAnalyzeNormalPastAndFuture: logi  TRUE TRUE TRUE TRUE TRUE TRUE ...
 $ Race.IsAnalyzeNormalPast         : logi  TRUE TRUE TRUE TRUE TRUE TRUE ...
 $ Race.IsAnalyzeNormalFuture       : logi  FALSE FALSE FALSE FALSE FALSE FALSE ...
 $ Race.IsAnalyzeFullPastAndFuture  : logi  TRUE TRUE TRUE TRUE TRUE TRUE ...
 $ Race.IsAnalyzeFullPast           : logi  TRUE TRUE TRUE TRUE TRUE TRUE ...
 $ Race.IsAnalyzeFullFuture         : logi  FALSE FALSE FALSE FALSE FALSE FALSE ...
 $ Race.JyokenCd                    : Factor w/ 1 level "3": 1 1 1 1 1 1 1 1 1 1 ...
 $ Race.JyoType1Cd                  : Factor w/ 105 levels "24-06-1200-1",..: 1 3 7 2 8 9 5 6 10 11 ...
 $ Race.RaceType1Cd                 : Factor w/ 2 levels "2-3-14","2-3-13": 1 1 1 1 1 1 1 1 1 1 ...
 $ RaceHorse.RaceId                 : Factor w/ 1011 levels "20160105-06-01-01-08",..: 1 4 8 9 10 11 12 13 14 15 ...
 $ RaceHorse.KettoNum               : Factor w/ 3177 levels "2010101761","2011103572",..: 1 6 11 12 13 14 15 16 17 18 ...
 $ RaceHorse.IsHit1                 : num  0 1 0 0 0 0 0 0 0 0 ...
 $ RaceHorse.IsHit2                 : num  0 0 0 0 0 0 0 0 0 0 ...
 $ RaceHorse.IsHit3                 : num  0 0 0 0 0 1 0 0 0 0 ...
 $ RaceHorse.IsHit4                 : num  0 0 0 0 0 0 0 0 0 0 ...
 $ RaceHorse.IsHit5                 : num  0 0 0 0 0 0 0 0 0 0 ...
 $ RaceHorse.IsHit6                 : num  1 0 1 1 1 0 1 1 1 1 ...
 $ RaceHorse.IsValidRaceHorse       : logi  TRUE TRUE FALSE TRUE TRUE TRUE ...
 $ RaceHorse.FinishTimeSdvByRace    : num  -0.8248 2.5845 -2.1478 -0.1811 0.0194 ...
 $ RaceHorse.FirstTimeSdvByRace     : num  0.053 1.225 0.641 -1.119 0.91 ...
 $ RaceHorse.LastTimeSdvByRace      : num  -1.232 0.817 -2.142 0.678 -0.742 ...
 $ RaceHorse.FinishTimeSdv          : num  0.661 1.823 -0.718 0.611 1.319 ...
 $ RaceHorse.FirstTimeSdv           : num  0.268 1.451 -0.598 -0.338 1.701 ...
 $ RaceHorse.LastTimeSdv            : num  0.645 1.132 -0.455 1.169 0.399 ...
 $ RaceHorse.IsHitA                 : num  0 1 0 0 0 0 0 0 0 0 ...
 $ RaceHorse.IsHitB                 : num  0 1 0 0 0 0 0 0 0 0 ...
 $ RaceHorse.IsHitC                 : num  0 1 0 0 0 1 0 0 0 0 ...
 $ Horse.KettoNum                   : Factor w/ 3177 levels "2010101761","2011103572",..: 1 6 11 12 13 14 15 16 17 18 ...
 $ Horse.FinishTimeSdvByRaceAvg     : num  0.321 1.33 0.234 0.51 0.712 ...
 $ Horse.FirstTimeSdvByRaceAvg      : num  0.923 1.52 0.68 -0.254 0.875 ...
 $ Horse.LastTimeSdvByRaceAvg       : num  -0.305 0.493 -0.131 0.648 0.348 ...
 $ Horse.FinishTimeSdvAvg           : num  0.601 0.889 0.18 0.441 0.749 ...
 $ Horse.FirstTimeSdvAvg            : num  0.649 0.84 0.256 0.108 0.563 ...
 $ Horse.LastTimeSdvAvg             : num  0.2914 0.5263 0.0401 0.4853 0.5636 ...
 $ Horse.RealOddsLog1Avg            : num  2.67 1.78 3.58 3.39 2.08 ...
 $ Horse.RunCount                   : num  13 6 31 23 11 15 8 17 27 16 ...
 $ Horse.HitCount1                  : num  2 2 3 3 2 1 2 3 1 3 ...
 $ Horse.HitCount2                  : num  4 3 0 4 4 2 1 2 4 3 ...
 $ Horse.HitCount3                  : num  0 0 1 2 1 2 0 2 3 0 ...
 $ Horse.HitCount4                  : num  0 1 3 1 0 3 1 1 5 3 ...
 $ Horse.HitCount5                  : num  1 0 6 0 0 0 0 1 2 3 ...
 $ Horse.HitRate1                   : num  0.1538 0.3333 0.0968 0.1304 0.1818 ...
 $ Horse.HitRate2                   : num  0.308 0.5 0 0.174 0.364 ...
 $ Horse.HitRate3                   : num  0 0 0.0323 0.087 0.0909 ...
 $ Horse.HitRate4                   : num  0 0.1667 0.0968 0.0435 0 ...
 $ Horse.HitRate5                   : num  0.0769 0 0.1935 0 0 ...
 $ EOF                              : int  1 1 1 1 1 1 1 1 1 1 ...
 - attr(*, "na.action")= 'omit' Named int  52 95 155 364 406 595 734 797 799 1119 ...
  ..- attr(*, "names")= chr  "52" "95" "155" "364" ...
[1] "2022-03-08 18:55:27 --- na.omit Finish ---"
[1] "2022-03-08 18:55:27 --- rxLogit with rxStepControl Start ---"

> print(paste0(Sys.time(), " --- source_logic_glm.R Start ---"))
[1] "2022-03-08 18:55:27 --- source_logic_glm.R Start ---"

> formula <- formula(RaceHorse.IsHitA ~ +1 + Horse.FinishTimeSdvByRaceAvg)

> print(paste0(Sys.time(), " --- source_logic_glm.R Finished ---"))
[1] "2022-03-08 18:55:27 --- source_logic_glm.R Finished ---"
Rows Read: 15006, Total Rows Processed: 15006, Total Chunk Time: 0.001 seconds 

Starting values (iteration 1) time: 0.018 secs.
Rows Read: 15006, Total Rows Processed: 15006, Total Chunk Time: 0.002 seconds 

Iteration 2 time: 0.005 secs.
Rows Read: 15006, Total Rows Processed: 15006, Total Chunk Time: 0.002 seconds 

Iteration 3 time: 0.003 secs.
Rows Read: 15006, Total Rows Processed: 15006, Total Chunk Time: 0.001 seconds 

Iteration 4 time: 0.005 secs.
Rows Read: 15006, Total Rows Processed: 15006, Total Chunk Time: 0.002 seconds 

Iteration 5 time: 0.005 secs.

Elapsed computation time: 0.049 secs.
Rows Read: 15006, Total Rows Processed: 15006, Total Chunk Time: Less than .001 seconds 

Starting values (iteration 1) time: 0.007 secs.
Rows Read: 15006, Total Rows Processed: 15006, Total Chunk Time: 0.001 seconds 

Iteration 2 time: 0.006 secs.

Elapsed computation time: 0.022 secs.
Rows Read: 15006, Total Rows Processed: 15006, Total Chunk Time: 0.001 seconds 

Starting values (iteration 1) time: 0.007 secs.
Rows Read: 15006, Total Rows Processed: 15006, Total Chunk Time: 0.001 seconds 

Iteration 2 time: 0.006 secs.
Rows Read: 15006, Total Rows Processed: 15006, Total Chunk Time: 0.002 seconds 

Iteration 3 time: 0.005 secs.
Rows Read: 15006, Total Rows Processed: 15006, Total Chunk Time: 0.002 seconds 

Iteration 4 time: 0.004 secs.
Rows Read: 15006, Total Rows Processed: 15006, Total Chunk Time: 0.002 seconds 

Iteration 5 time: 0.004 secs.

Elapsed computation time: 0.045 secs.

Elapsed computation time: 0.132 secs.
[1] "--------------------------------------------------------------------------------"
[1] "analyze.results.glm.step="
Logistic Regression Results for: RaceHorse.IsHitA ~
    Horse.FinishTimeSdvByRaceAvg
Data: data
Dependent variable(s): RaceHorse.IsHitA
Total independent variables: 2 
Number of valid observations: 15006
Number of missing observations: 0 
 
Coefficients:
                             RaceHorse.IsHitA
(Intercept)                                -4
Horse.FinishTimeSdvByRaceAvg                2
[1] "analyze.results.glm.step.summary"
Call:
rxLogit(formula = formula, data = data, variableSelection = analyze.results.glm.step.varsel)

Logistic Regression Results for: RaceHorse.IsHitA ~
    Horse.FinishTimeSdvByRaceAvg
Data: data
Dependent variable(s): RaceHorse.IsHitA
Total independent variables: 2 
Number of valid observations: 15006
Number of missing observations: 0 
-2*LogLikelihood: 6947.236 (Residual deviance on 15004 degrees of freedom)
 
Coefficients:
                             Estimate Std. Error z value Pr(>|z|)    
(Intercept)                   -4.0254     0.0819   -49.1  2.2e-16 ***
Horse.FinishTimeSdvByRaceAvg   2.3687     0.1111    21.3  2.2e-16 ***
---
Signif. codes:  0 '***' 0.001 '**' 0.01 '*' 0.05 '.' 0.1 ' ' 1

Condition number of final variance-covariance matrix: 1 
Number of iterations: 5
[1] "--------------------------------------------------------------------------------"
[1] "2022-03-08 18:55:27 --- rxLogit with rxStepControl Finish ---"
[1] "2022-03-08 18:55:27 --- rxStepPlot Start ---"
[1] "pdfFilename=pdf_analyze_glm_Horse_Type23_rxStepPlot.pdf"
[1] "rxStepPlot="
[1] "2022-03-08 18:55:27 --- rxStepPlot Finish ---"
[1] "2022-03-08 18:55:27 --- save.image Start ---"
[1] "save.image"
[1] "rdataFilename=RData_analyze_glm_Horse_Type23.RData"
[1] "2022-03-08 18:55:27 --- save.image Finish ---"
[1] "2022-03-08 18:55:27 --- final Start ---"
[1] "--------------------------------------------------------------------------------"
[1] "nrow(data) final=15006"
[1] "--------------------------------------------------------------------------------"
[1] "2022-03-08 18:55:27 --- final Finish ---"
[1] "2022-03-08 18:55:27 --- analyze_glm.R Finished ---"
[1] "2022-03-08 18:55:27 --- log Finish ---"
