[1] "2022-03-08 19:08:22 --- D1115_analyze_glm_Jockey_IsHitA_Type22 Start ---"
[1] "2022-03-08 19:08:22 --- Log Start ---"
[1] "2022-03-08 19:08:22 --- analyze_glm.R Start ---"
[1] "analyzeVersion=D1115"
[1] "analyzeCategory=analyze"
[1] "analyzeType=Jockey"
[1] "analyzeFamily=IsHitA"
[1] "analyzeFunc=glm"
[1] "analyzeTrackTypeCd=2"
[1] "analyzeJyokenCd=2"
[1] "2022-03-08 19:08:22 --- source_function.R Start ---"
[1] "2022-03-08 19:08:22 --- source_function.R Finished ---"

> print(paste0(Sys.time(), " --- source_library.R Start ---"))
[1] "2022-03-08 19:08:22 --- source_library.R Start ---"

> require("RevoScaleR")

> print(paste0(Sys.time(), " --- source_library.R Finished ---"))
[1] "2022-03-08 19:08:22 --- source_library.R Finished ---"
[1] "2022-03-08 19:08:23 --- RxSqlServerData Start ---"
[1] "2022-03-08 19:08:23 --- RxInSqlServer Start ---"
[1] "2022-03-08 19:08:23 --- RxInSqlServer Finish ---"
[1] "2022-03-08 19:08:23 --- rxSetComputeContext Start ---"
[1] "2022-03-08 19:08:23 --- rxSetComputeContext Finish ---"
[1] "2022-03-08 19:08:23 --- RxSqlServerData Start ---"
[1] "sqlQuery=SELECT * FROM ViewAnalyzeD1115analyze01JockeyType22"
[1] "2022-03-08 19:08:23 --- RxSqlServerData Finish ---"
[1] "2022-03-08 19:08:23 --- rxGetVarInfo Start ---"
[1] "2022-03-08 19:08:23 --- rxGetVarInfo Finish---"
[1] "2022-03-08 19:08:23 --- rxImport Start ---"
Rows Read: 5696, Total Rows Processed: 5696, Total Chunk Time: 45.566 seconds 
[1] "2022-03-08 19:10:07 --- rxImport Finish ---"
[1] "object.size(data) auto=1.9 Mb"
[1] "--------------------------------------------------------------------------------"
[1] "nrow(data) RxSqlServerData=5696"
[1] "--------------------------------------------------------------------------------"
[1] "str(data)="
'data.frame':	5696 obs. of  47 variables:
 $ Race.RaceId                      : Factor w/ 399 levels "20160326-06-03-01-10",..: 3 9 10 11 12 13 14 15 16 17 ...
 $ Race.IsAnalyzeNormalPastAndFuture: logi  TRUE TRUE TRUE TRUE TRUE TRUE ...
 $ Race.IsAnalyzeNormalPast         : logi  TRUE TRUE TRUE TRUE TRUE TRUE ...
 $ Race.IsAnalyzeNormalFuture       : logi  FALSE FALSE FALSE FALSE FALSE FALSE ...
 $ Race.IsAnalyzeFullPastAndFuture  : logi  TRUE TRUE TRUE TRUE TRUE TRUE ...
 $ Race.IsAnalyzeFullPast           : logi  TRUE TRUE TRUE TRUE TRUE TRUE ...
 $ Race.IsAnalyzeFullFuture         : logi  FALSE FALSE FALSE FALSE FALSE FALSE ...
 $ Race.JyokenCd                    : Factor w/ 1 level "2": 1 1 1 1 1 1 1 1 1 1 ...
 $ Race.JyoType1Cd                  : Factor w/ 71 levels "24-06-1200-1",..: 3 7 8 9 8 10 1 7 2 11 ...
 $ Race.RaceType1Cd                 : Factor w/ 2 levels "2-2-14","2-2-13": 2 1 2 1 2 2 1 1 1 1 ...
 $ RaceHorse.RaceId                 : Factor w/ 399 levels "20160326-06-03-01-10",..: 3 9 10 11 12 13 14 15 16 17 ...
 $ RaceHorse.KettoNum               : Factor w/ 1197 levels "2008101196","2008102313",..: 8 9 8 10 11 10 10 12 13 14 ...
 $ RaceHorse.IsHit1                 : num  0 0 0 0 0 0 0 0 0 0 ...
 $ RaceHorse.IsHit2                 : num  0 0 0 0 0 0 0 0 0 0 ...
 $ RaceHorse.IsHit3                 : num  0 0 0 0 0 0 0 0 1 0 ...
 $ RaceHorse.IsHit4                 : num  0 0 0 0 0 0 0 0 0 0 ...
 $ RaceHorse.IsHit5                 : num  0 0 0 0 0 0 1 0 0 0 ...
 $ RaceHorse.IsHit6                 : num  1 1 1 1 1 1 0 1 0 1 ...
 $ RaceHorse.IsValidRaceHorse       : logi  TRUE TRUE TRUE TRUE TRUE TRUE ...
 $ RaceHorse.FinishTimeSdvByRace    : num  -0.8422 -1.7052 0.0523 -0.5013 -1.2768 ...
 $ RaceHorse.FirstTimeSdvByRace     : num  1.657 -1.063 -0.453 -0.364 0.61 ...
 $ RaceHorse.LastTimeSdvByRace      : num  -2.3147 -0.3009 0.3044 -0.0649 -1.4218 ...
 $ RaceHorse.FinishTimeSdv          : num  1.047 0.993 0.748 1.386 0.68 ...
 $ RaceHorse.FirstTimeSdv           : num  0.743 0.52 0.213 0.886 0.548 ...
 $ RaceHorse.LastTimeSdv            : num  0.776 0.958 0.767 1.267 0.431 ...
 $ RaceHorse.IsHitA                 : num  0 0 0 0 0 0 0 0 0 0 ...
 $ RaceHorse.IsHitB                 : num  0 0 0 0 0 0 0 0 0 0 ...
 $ RaceHorse.IsHitC                 : num  0 0 0 0 0 0 0 0 1 0 ...
 $ Jockey.FinishTimeSdvByRaceAvg    : num  0.0455 -0.0637 -0.347 0.2376 -0.0419 ...
 $ Jockey.FirstTimeSdvByRaceAvg     : num  0.1698 0.1807 -0.0665 0.2144 0.0928 ...
 $ Jockey.LastTimeSdvByRaceAvg      : num  -0.167 -0.111 -0.263 0.103 0.041 ...
 $ Jockey.FinishTimeSdvAvg          : num  1.101 1.035 0.861 0.994 1.111 ...
 $ Jockey.FirstTimeSdvAvg           : num  1.111 1.008 0.641 0.726 0.774 ...
 $ Jockey.LastTimeSdvAvg            : num  0.595 0.578 0.623 0.766 0.864 ...
 $ Jockey.RealOddsLog1Avg           : num  4.05 4.33 5.25 2.27 3.8 ...
 $ Jockey.RunCount                  : num  19 40 8 30 27 15 77 8 65 57 ...
 $ Jockey.HitCount1                 : num  1 1 0 2 1 1 3 0 14 2 ...
 $ Jockey.HitCount2                 : num  2 1 0 6 1 0 9 0 4 3 ...
 $ Jockey.HitCount3                 : num  0 2 0 0 2 0 7 1 7 6 ...
 $ Jockey.HitCount4                 : num  3 2 1 1 0 2 6 0 3 6 ...
 $ Jockey.HitCount5                 : num  1 2 0 6 3 1 9 0 5 9 ...
 $ Jockey.HitRate1                  : num  0.0526 0.025 0 0.0667 0.037 ...
 $ Jockey.HitRate2                  : num  0.105 0.025 0 0.2 0.037 ...
 $ Jockey.HitRate3                  : num  0 0.05 0 0 0.0741 ...
 $ Jockey.HitRate4                  : num  0.1579 0.05 0.125 0.0333 0 ...
 $ Jockey.HitRate5                  : num  0.0526 0.05 0 0.2 0.1111 ...
 $ EOF                              : int  1 1 1 1 1 1 1 1 1 1 ...
[1] "2022-03-08 19:10:07 --- RxSqlServerData Finish ---"
[1] "2022-03-08 19:10:07 --- subset Start ---"
[1] "--------------------------------------------------------------------------------"
[1] "nrow(data) subset before=5696"
[1] "nrow(data) subset after =5696"
[1] "nrow(data) subset diff =0"
[1] "--------------------------------------------------------------------------------"
[1] "2022-03-08 19:10:07 --- subset Finish---"
[1] "2022-03-08 19:10:07 --- transform Start ---"
[1] "--------------------------------------------------------------------------------"
[1] "nrow(data) transform before=5696"
[1] "nrow(data) transform after=5696"
[1] "nrow(data) transform diff=0"
[1] "--------------------------------------------------------------------------------"
[1] "str(data)="
'data.frame':	5696 obs. of  47 variables:
 $ Race.RaceId                      : Factor w/ 399 levels "20160326-06-03-01-10",..: 3 9 10 11 12 13 14 15 16 17 ...
 $ Race.IsAnalyzeNormalPastAndFuture: logi  TRUE TRUE TRUE TRUE TRUE TRUE ...
 $ Race.IsAnalyzeNormalPast         : logi  TRUE TRUE TRUE TRUE TRUE TRUE ...
 $ Race.IsAnalyzeNormalFuture       : logi  FALSE FALSE FALSE FALSE FALSE FALSE ...
 $ Race.IsAnalyzeFullPastAndFuture  : logi  TRUE TRUE TRUE TRUE TRUE TRUE ...
 $ Race.IsAnalyzeFullPast           : logi  TRUE TRUE TRUE TRUE TRUE TRUE ...
 $ Race.IsAnalyzeFullFuture         : logi  FALSE FALSE FALSE FALSE FALSE FALSE ...
 $ Race.JyokenCd                    : Factor w/ 1 level "2": 1 1 1 1 1 1 1 1 1 1 ...
 $ Race.JyoType1Cd                  : Factor w/ 71 levels "24-06-1200-1",..: 3 7 8 9 8 10 1 7 2 11 ...
 $ Race.RaceType1Cd                 : Factor w/ 2 levels "2-2-14","2-2-13": 2 1 2 1 2 2 1 1 1 1 ...
 $ RaceHorse.RaceId                 : Factor w/ 399 levels "20160326-06-03-01-10",..: 3 9 10 11 12 13 14 15 16 17 ...
 $ RaceHorse.KettoNum               : Factor w/ 1197 levels "2008101196","2008102313",..: 8 9 8 10 11 10 10 12 13 14 ...
 $ RaceHorse.IsHit1                 : num  0 0 0 0 0 0 0 0 0 0 ...
 $ RaceHorse.IsHit2                 : num  0 0 0 0 0 0 0 0 0 0 ...
 $ RaceHorse.IsHit3                 : num  0 0 0 0 0 0 0 0 1 0 ...
 $ RaceHorse.IsHit4                 : num  0 0 0 0 0 0 0 0 0 0 ...
 $ RaceHorse.IsHit5                 : num  0 0 0 0 0 0 1 0 0 0 ...
 $ RaceHorse.IsHit6                 : num  1 1 1 1 1 1 0 1 0 1 ...
 $ RaceHorse.IsValidRaceHorse       : logi  TRUE TRUE TRUE TRUE TRUE TRUE ...
 $ RaceHorse.FinishTimeSdvByRace    : num  -0.8422 -1.7052 0.0523 -0.5013 -1.2768 ...
 $ RaceHorse.FirstTimeSdvByRace     : num  1.657 -1.063 -0.453 -0.364 0.61 ...
 $ RaceHorse.LastTimeSdvByRace      : num  -2.3147 -0.3009 0.3044 -0.0649 -1.4218 ...
 $ RaceHorse.FinishTimeSdv          : num  1.047 0.993 0.748 1.386 0.68 ...
 $ RaceHorse.FirstTimeSdv           : num  0.743 0.52 0.213 0.886 0.548 ...
 $ RaceHorse.LastTimeSdv            : num  0.776 0.958 0.767 1.267 0.431 ...
 $ RaceHorse.IsHitA                 : num  0 0 0 0 0 0 0 0 0 0 ...
 $ RaceHorse.IsHitB                 : num  0 0 0 0 0 0 0 0 0 0 ...
 $ RaceHorse.IsHitC                 : num  0 0 0 0 0 0 0 0 1 0 ...
 $ Jockey.FinishTimeSdvByRaceAvg    : num  0.0455 -0.0637 -0.347 0.2376 -0.0419 ...
 $ Jockey.FirstTimeSdvByRaceAvg     : num  0.1698 0.1807 -0.0665 0.2144 0.0928 ...
 $ Jockey.LastTimeSdvByRaceAvg      : num  -0.167 -0.111 -0.263 0.103 0.041 ...
 $ Jockey.FinishTimeSdvAvg          : num  1.101 1.035 0.861 0.994 1.111 ...
 $ Jockey.FirstTimeSdvAvg           : num  1.111 1.008 0.641 0.726 0.774 ...
 $ Jockey.LastTimeSdvAvg            : num  0.595 0.578 0.623 0.766 0.864 ...
 $ Jockey.RealOddsLog1Avg           : num  4.05 4.33 5.25 2.27 3.8 ...
 $ Jockey.RunCount                  : num  19 40 8 30 27 15 77 8 65 57 ...
 $ Jockey.HitCount1                 : num  1 1 0 2 1 1 3 0 14 2 ...
 $ Jockey.HitCount2                 : num  2 1 0 6 1 0 9 0 4 3 ...
 $ Jockey.HitCount3                 : num  0 2 0 0 2 0 7 1 7 6 ...
 $ Jockey.HitCount4                 : num  3 2 1 1 0 2 6 0 3 6 ...
 $ Jockey.HitCount5                 : num  1 2 0 6 3 1 9 0 5 9 ...
 $ Jockey.HitRate1                  : num  0.0526 0.025 0 0.0667 0.037 ...
 $ Jockey.HitRate2                  : num  0.105 0.025 0 0.2 0.037 ...
 $ Jockey.HitRate3                  : num  0 0.05 0 0 0.0741 ...
 $ Jockey.HitRate4                  : num  0.1579 0.05 0.125 0.0333 0 ...
 $ Jockey.HitRate5                  : num  0.0526 0.05 0 0.2 0.1111 ...
 $ EOF                              : int  1 1 1 1 1 1 1 1 1 1 ...
NULL
[1] "2022-03-08 19:10:07 --- transform Finish ---"
[1] "2022-03-08 19:10:07 --- na.omit Start ---"
[1] "--------------------------------------------------------------------------------"
[1] "nrow(data) na.omit before=5696"
[1] "nrow(data) na.omit after =5657"
[1] "nrow(data) na.omit diff =39"
[1] "--------------------------------------------------------------------------------"
'data.frame':	5657 obs. of  47 variables:
 $ Race.RaceId                      : Factor w/ 399 levels "20160326-06-03-01-10",..: 3 9 10 11 12 13 14 15 16 17 ...
 $ Race.IsAnalyzeNormalPastAndFuture: logi  TRUE TRUE TRUE TRUE TRUE TRUE ...
 $ Race.IsAnalyzeNormalPast         : logi  TRUE TRUE TRUE TRUE TRUE TRUE ...
 $ Race.IsAnalyzeNormalFuture       : logi  FALSE FALSE FALSE FALSE FALSE FALSE ...
 $ Race.IsAnalyzeFullPastAndFuture  : logi  TRUE TRUE TRUE TRUE TRUE TRUE ...
 $ Race.IsAnalyzeFullPast           : logi  TRUE TRUE TRUE TRUE TRUE TRUE ...
 $ Race.IsAnalyzeFullFuture         : logi  FALSE FALSE FALSE FALSE FALSE FALSE ...
 $ Race.JyokenCd                    : Factor w/ 1 level "2": 1 1 1 1 1 1 1 1 1 1 ...
 $ Race.JyoType1Cd                  : Factor w/ 71 levels "24-06-1200-1",..: 3 7 8 9 8 10 1 7 2 11 ...
 $ Race.RaceType1Cd                 : Factor w/ 2 levels "2-2-14","2-2-13": 2 1 2 1 2 2 1 1 1 1 ...
 $ RaceHorse.RaceId                 : Factor w/ 399 levels "20160326-06-03-01-10",..: 3 9 10 11 12 13 14 15 16 17 ...
 $ RaceHorse.KettoNum               : Factor w/ 1197 levels "2008101196","2008102313",..: 8 9 8 10 11 10 10 12 13 14 ...
 $ RaceHorse.IsHit1                 : num  0 0 0 0 0 0 0 0 0 0 ...
 $ RaceHorse.IsHit2                 : num  0 0 0 0 0 0 0 0 0 0 ...
 $ RaceHorse.IsHit3                 : num  0 0 0 0 0 0 0 0 1 0 ...
 $ RaceHorse.IsHit4                 : num  0 0 0 0 0 0 0 0 0 0 ...
 $ RaceHorse.IsHit5                 : num  0 0 0 0 0 0 1 0 0 0 ...
 $ RaceHorse.IsHit6                 : num  1 1 1 1 1 1 0 1 0 1 ...
 $ RaceHorse.IsValidRaceHorse       : logi  TRUE TRUE TRUE TRUE TRUE TRUE ...
 $ RaceHorse.FinishTimeSdvByRace    : num  -0.8422 -1.7052 0.0523 -0.5013 -1.2768 ...
 $ RaceHorse.FirstTimeSdvByRace     : num  1.657 -1.063 -0.453 -0.364 0.61 ...
 $ RaceHorse.LastTimeSdvByRace      : num  -2.3147 -0.3009 0.3044 -0.0649 -1.4218 ...
 $ RaceHorse.FinishTimeSdv          : num  1.047 0.993 0.748 1.386 0.68 ...
 $ RaceHorse.FirstTimeSdv           : num  0.743 0.52 0.213 0.886 0.548 ...
 $ RaceHorse.LastTimeSdv            : num  0.776 0.958 0.767 1.267 0.431 ...
 $ RaceHorse.IsHitA                 : num  0 0 0 0 0 0 0 0 0 0 ...
 $ RaceHorse.IsHitB                 : num  0 0 0 0 0 0 0 0 0 0 ...
 $ RaceHorse.IsHitC                 : num  0 0 0 0 0 0 0 0 1 0 ...
 $ Jockey.FinishTimeSdvByRaceAvg    : num  0.0455 -0.0637 -0.347 0.2376 -0.0419 ...
 $ Jockey.FirstTimeSdvByRaceAvg     : num  0.1698 0.1807 -0.0665 0.2144 0.0928 ...
 $ Jockey.LastTimeSdvByRaceAvg      : num  -0.167 -0.111 -0.263 0.103 0.041 ...
 $ Jockey.FinishTimeSdvAvg          : num  1.101 1.035 0.861 0.994 1.111 ...
 $ Jockey.FirstTimeSdvAvg           : num  1.111 1.008 0.641 0.726 0.774 ...
 $ Jockey.LastTimeSdvAvg            : num  0.595 0.578 0.623 0.766 0.864 ...
 $ Jockey.RealOddsLog1Avg           : num  4.05 4.33 5.25 2.27 3.8 ...
 $ Jockey.RunCount                  : num  19 40 8 30 27 15 77 8 65 57 ...
 $ Jockey.HitCount1                 : num  1 1 0 2 1 1 3 0 14 2 ...
 $ Jockey.HitCount2                 : num  2 1 0 6 1 0 9 0 4 3 ...
 $ Jockey.HitCount3                 : num  0 2 0 0 2 0 7 1 7 6 ...
 $ Jockey.HitCount4                 : num  3 2 1 1 0 2 6 0 3 6 ...
 $ Jockey.HitCount5                 : num  1 2 0 6 3 1 9 0 5 9 ...
 $ Jockey.HitRate1                  : num  0.0526 0.025 0 0.0667 0.037 ...
 $ Jockey.HitRate2                  : num  0.105 0.025 0 0.2 0.037 ...
 $ Jockey.HitRate3                  : num  0 0.05 0 0 0.0741 ...
 $ Jockey.HitRate4                  : num  0.1579 0.05 0.125 0.0333 0 ...
 $ Jockey.HitRate5                  : num  0.0526 0.05 0 0.2 0.1111 ...
 $ EOF                              : int  1 1 1 1 1 1 1 1 1 1 ...
 - attr(*, "na.action")= 'omit' Named int  16 271 588 771 1424 1440 1841 1852 1878 1916 ...
  ..- attr(*, "names")= chr  "16" "271" "588" "771" ...
[1] "2022-03-08 19:10:08 --- na.omit Finish ---"
[1] "2022-03-08 19:10:08 --- rxLogit with rxStepControl Start ---"

> print(paste0(Sys.time(), " --- source_logic_glm.R Start ---"))
[1] "2022-03-08 19:10:08 --- source_logic_glm.R Start ---"

> formula <- formula(RaceHorse.IsHitA ~ +1 + Jockey.FinishTimeSdvByRaceAvg)

> print(paste0(Sys.time(), " --- source_logic_glm.R Finished ---"))
[1] "2022-03-08 19:10:08 --- source_logic_glm.R Finished ---"
Rows Read: 5657, Total Rows Processed: 5657, Total Chunk Time: 0.001 seconds 

Starting values (iteration 1) time: 0.006 secs.
Rows Read: 5657, Total Rows Processed: 5657, Total Chunk Time: 0.001 seconds 

Iteration 2 time: 0.004 secs.
Rows Read: 5657, Total Rows Processed: 5657, Total Chunk Time: 0.001 seconds 

Iteration 3 time: 0.004 secs.
Rows Read: 5657, Total Rows Processed: 5657, Total Chunk Time: 0.001 seconds 

Iteration 4 time: 0.003 secs.
Rows Read: 5657, Total Rows Processed: 5657, Total Chunk Time: 0.001 seconds 

Iteration 5 time: 0.004 secs.

Elapsed computation time: 0.033 secs.
Rows Read: 5657, Total Rows Processed: 5657, Total Chunk Time: 0.001 seconds 

Starting values (iteration 1) time: 0.004 secs.
Rows Read: 5657, Total Rows Processed: 5657, Total Chunk Time: Less than .001 seconds 

Iteration 2 time: 0.006 secs.

Elapsed computation time: 0.017 secs.
Rows Read: 5657, Total Rows Processed: 5657, Total Chunk Time: 0.001 seconds 

Starting values (iteration 1) time: 0.005 secs.
Rows Read: 5657, Total Rows Processed: 5657, Total Chunk Time: 0.002 seconds 

Iteration 2 time: 0.005 secs.
Rows Read: 5657, Total Rows Processed: 5657, Total Chunk Time: Less than .001 seconds 

Iteration 3 time: 0.006 secs.
Rows Read: 5657, Total Rows Processed: 5657, Total Chunk Time: 0.001 seconds 

Iteration 4 time: 0.004 secs.
Rows Read: 5657, Total Rows Processed: 5657, Total Chunk Time: 0.001 seconds 

Iteration 5 time: 0.007 secs.

Elapsed computation time: 0.043 secs.

Elapsed computation time: 0.106 secs.
[1] "--------------------------------------------------------------------------------"
[1] "analyze.results.glm.step="
Logistic Regression Results for: RaceHorse.IsHitA ~
    Jockey.FinishTimeSdvByRaceAvg
Data: data
Dependent variable(s): RaceHorse.IsHitA
Total independent variables: 2 
Number of valid observations: 5657
Number of missing observations: 0 
 
Coefficients:
                              RaceHorse.IsHitA
(Intercept)                                 -3
Jockey.FinishTimeSdvByRaceAvg                2
[1] "analyze.results.glm.step.summary"
Call:
rxLogit(formula = formula, data = data, variableSelection = analyze.results.glm.step.varsel)

Logistic Regression Results for: RaceHorse.IsHitA ~
    Jockey.FinishTimeSdvByRaceAvg
Data: data
Dependent variable(s): RaceHorse.IsHitA
Total independent variables: 2 
Number of valid observations: 5657
Number of missing observations: 0 
-2*LogLikelihood: 2817.273 (Residual deviance on 5655 degrees of freedom)
 
Coefficients:
                              Estimate Std. Error z value Pr(>|z|)    
(Intercept)                    -2.8549     0.0682  -41.86  2.2e-16 ***
Jockey.FinishTimeSdvByRaceAvg   1.5104     0.1873    8.06  2.2e-16 ***
---
Signif. codes:  0 '***' 0.001 '**' 0.01 '*' 0.05 '.' 0.1 ' ' 1

Condition number of final variance-covariance matrix: 1 
Number of iterations: 5
[1] "--------------------------------------------------------------------------------"
[1] "2022-03-08 19:10:08 --- rxLogit with rxStepControl Finish ---"
[1] "2022-03-08 19:10:08 --- rxStepPlot Start ---"
[1] "pdfFilename=pdf_analyze_glm_Jockey_Type22_rxStepPlot.pdf"
[1] "rxStepPlot="
[1] "2022-03-08 19:10:08 --- rxStepPlot Finish ---"
[1] "2022-03-08 19:10:08 --- save.image Start ---"
[1] "save.image"
[1] "rdataFilename=RData_analyze_glm_Jockey_Type22.RData"
[1] "2022-03-08 19:10:08 --- save.image Finish ---"
[1] "2022-03-08 19:10:08 --- final Start ---"
[1] "--------------------------------------------------------------------------------"
[1] "nrow(data) final=5657"
[1] "--------------------------------------------------------------------------------"
[1] "2022-03-08 19:10:08 --- final Finish ---"
[1] "2022-03-08 19:10:08 --- analyze_glm.R Finished ---"
[1] "2022-03-08 19:10:08 --- log Finish ---"
