[1] "2022-02-21 22:08:46 --- D1115_analyze_glm_Gen01_IsHitA_Type15 Start ---"
[1] "2022-02-21 22:08:46 --- Log Start ---"
[1] "2022-02-21 22:08:46 --- analyze_glm.R Start ---"
[1] "analyzeVersion=D1115"
[1] "analyzeCategory=analyze"
[1] "analyzeType=Gen01"
[1] "analyzeFamily=IsHitA"
[1] "analyzeFunc=glm"
[1] "analyzeTrackTypeCd=1"
[1] "analyzeJyokenCd=5"
[1] "2022-02-21 22:08:46 --- source_function.R Start ---"
[1] "2022-02-21 22:08:46 --- source_function.R Finished ---"

> print(paste0(Sys.time(), " --- source_library.R Start ---"))
[1] "2022-02-21 22:08:46 --- source_library.R Start ---"

> require("RevoScaleR")

> print(paste0(Sys.time(), " --- source_library.R Finished ---"))
[1] "2022-02-21 22:08:48 --- source_library.R Finished ---"
[1] "2022-02-21 22:08:48 --- RxSqlServerData Start ---"
[1] "2022-02-21 22:08:48 --- RxInSqlServer Start ---"
[1] "2022-02-21 22:08:48 --- RxInSqlServer Finish ---"
[1] "2022-02-21 22:08:48 --- rxSetComputeContext Start ---"
[1] "2022-02-21 22:08:48 --- rxSetComputeContext Finish ---"
[1] "2022-02-21 22:08:48 --- RxSqlServerData Start ---"
[1] "sqlQuery=SELECT * FROM ViewAnalyzeD1115analyze01Gen01Type15"
[1] "2022-02-21 22:08:48 --- RxSqlServerData Finish ---"
[1] "2022-02-21 22:08:48 --- rxGetVarInfo Start ---"
[1] "2022-02-21 22:08:49 --- rxGetVarInfo Finish---"
[1] "2022-02-21 22:08:49 --- rxImport Start ---"
Rows Read: 36900, Total Rows Processed: 36900, Total Chunk Time: 555.081 seconds 
[1] "2022-02-21 22:42:04 --- rxImport Finish ---"
[1] "object.size(data) auto=8.2 Mb"
[1] "--------------------------------------------------------------------------------"
[1] "nrow(data) RxSqlServerData=36900"
[1] "--------------------------------------------------------------------------------"
[1] "str(data)="
'data.frame':	36900 obs. of  39 variables:
 $ Race.RaceId                      : Factor w/ 2474 levels "20160105-06-01-01-05",..: 2 2 2 2 2 2 2 2 2 2 ...
 $ Race.IsPredictedRace             : logi  TRUE TRUE TRUE TRUE TRUE TRUE ...
 $ Race.IsAnalyzeNormalPastAndFuture: logi  TRUE TRUE TRUE TRUE TRUE TRUE ...
 $ Race.IsAnalyzeNormalPast         : logi  TRUE TRUE TRUE TRUE TRUE TRUE ...
 $ Race.IsAnalyzeNormalFuture       : logi  FALSE FALSE FALSE FALSE FALSE FALSE ...
 $ Race.IsAnalyzeFullPastAndFuture  : logi  TRUE TRUE TRUE TRUE TRUE TRUE ...
 $ Race.IsAnalyzeFullPast           : logi  TRUE TRUE TRUE TRUE TRUE TRUE ...
 $ Race.IsAnalyzeFullFuture         : logi  FALSE FALSE FALSE FALSE FALSE FALSE ...
 $ Race.JyokenCd                    : Factor w/ 1 level "5": 1 1 1 1 1 1 1 1 1 1 ...
 $ Race.RaceType1Cd                 : Factor w/ 1 level "1-5-X": 1 1 1 1 1 1 1 1 1 1 ...
 $ RaceHorse.RaceId                 : Factor w/ 2474 levels "20160105-06-01-01-05",..: 2 2 2 2 2 2 2 2 2 2 ...
 $ RaceHorse.KettoNum               : Factor w/ 13852 levels "2013100152","2013100503",..: 11 12 13 14 15 16 17 18 19 20 ...
 $ RaceHorse.IsHit1                 : int  0 0 0 0 1 0 0 0 0 0 ...
 $ RaceHorse.IsHit2                 : int  0 0 0 0 0 0 0 0 0 1 ...
 $ RaceHorse.IsHit3                 : int  0 0 0 0 0 0 0 0 0 0 ...
 $ RaceHorse.IsHit4                 : int  0 1 0 0 0 0 0 0 0 0 ...
 $ RaceHorse.IsHit5                 : int  1 0 0 0 0 0 0 0 0 0 ...
 $ RaceHorse.IsHit6                 : int  0 0 1 1 0 1 1 1 1 0 ...
 $ RaceHorse.IsValidRaceHorse       : logi  TRUE TRUE TRUE TRUE TRUE TRUE ...
 $ RaceHorse.IsHitA                 : int  0 0 0 0 1 0 0 0 0 0 ...
 $ RaceHorse.IsHitB                 : int  0 0 0 0 1 0 0 0 0 1 ...
 $ RaceHorse.IsHitC                 : int  0 0 0 0 1 0 0 0 0 1 ...
 $ Gen01.HansyokuNum                : Factor w/ 427 levels "11202084","11201872",..: 9 10 11 5 12 13 14 15 16 17 ...
 $ Gen01.TimeSdvByRaceAvg           : num  -0.787 0.796 -0.164 -0.594 -0.237 ...
 $ Gen01.TimeSdvByRaceMin           : num  -2.881 0.275 -2.912 -2.43 -2.387 ...
 $ Gen01.TimeSdvByRaceMax           : num  0.515 1.317 2.152 1.984 1.866 ...
 $ Gen01.OrderOfFinishSdvAvg        : num  -0.569 0.71 -0.178 -0.577 -0.245 ...
 $ Gen01.RunCount                   : int  23 2 204 48 39 2 102 119 14 130 ...
 $ Gen01.HitCount1                  : int  0 0 34 3 5 0 13 11 1 28 ...
 $ Gen01.HitCount2                  : int  0 1 1 0 1 0 2 2 0 4 ...
 $ Gen01.HitCount3                  : int  0 0 4 0 1 0 3 3 0 2 ...
 $ Gen01.HitCount4                  : int  1 0 5 1 0 0 2 2 0 1 ...
 $ Gen01.HitCount5                  : int  1 0 3 1 3 0 0 6 0 3 ...
 $ Gen01.HitRate1                   : num  0 0 0.1667 0.0625 0.1282 ...
 $ Gen01.HitRate2                   : num  0 0.5 0.0049 0 0.0256 ...
 $ Gen01.HitRate3                   : num  0 0 0.0196 0 0.0256 ...
 $ Gen01.HitRate4                   : num  0.0435 0 0.0245 0.0208 0 ...
 $ Gen01.HitRate5                   : num  0.0435 0 0.0147 0.0208 0.0769 ...
 $ EOF                              : int  1 1 1 1 1 1 1 1 1 1 ...
[1] "2022-02-21 22:42:04 --- RxSqlServerData Finish ---"
[1] "2022-02-21 22:42:04 --- subset Start ---"
[1] "--------------------------------------------------------------------------------"
[1] "nrow(data) subset before=36900"
[1] "nrow(data) subset after =36900"
[1] "nrow(data) subset diff =0"
[1] "--------------------------------------------------------------------------------"
[1] "2022-02-21 22:42:04 --- subset Finish---"
[1] "2022-02-21 22:42:04 --- transform Start ---"
[1] "--------------------------------------------------------------------------------"
[1] "nrow(data) transform before=36900"
[1] "nrow(data) transform after=36900"
[1] "nrow(data) transform diff=0"
[1] "--------------------------------------------------------------------------------"
[1] "str(data)="
'data.frame':	36900 obs. of  39 variables:
 $ Race.RaceId                      : Factor w/ 2474 levels "20160105-06-01-01-05",..: 2 2 2 2 2 2 2 2 2 2 ...
 $ Race.IsPredictedRace             : logi  TRUE TRUE TRUE TRUE TRUE TRUE ...
 $ Race.IsAnalyzeNormalPastAndFuture: logi  TRUE TRUE TRUE TRUE TRUE TRUE ...
 $ Race.IsAnalyzeNormalPast         : logi  TRUE TRUE TRUE TRUE TRUE TRUE ...
 $ Race.IsAnalyzeNormalFuture       : logi  FALSE FALSE FALSE FALSE FALSE FALSE ...
 $ Race.IsAnalyzeFullPastAndFuture  : logi  TRUE TRUE TRUE TRUE TRUE TRUE ...
 $ Race.IsAnalyzeFullPast           : logi  TRUE TRUE TRUE TRUE TRUE TRUE ...
 $ Race.IsAnalyzeFullFuture         : logi  FALSE FALSE FALSE FALSE FALSE FALSE ...
 $ Race.JyokenCd                    : Factor w/ 1 level "5": 1 1 1 1 1 1 1 1 1 1 ...
 $ Race.RaceType1Cd                 : Factor w/ 1 level "1-5-X": 1 1 1 1 1 1 1 1 1 1 ...
 $ RaceHorse.RaceId                 : Factor w/ 2474 levels "20160105-06-01-01-05",..: 2 2 2 2 2 2 2 2 2 2 ...
 $ RaceHorse.KettoNum               : Factor w/ 13852 levels "2013100152","2013100503",..: 11 12 13 14 15 16 17 18 19 20 ...
 $ RaceHorse.IsHit1                 : int  0 0 0 0 1 0 0 0 0 0 ...
 $ RaceHorse.IsHit2                 : int  0 0 0 0 0 0 0 0 0 1 ...
 $ RaceHorse.IsHit3                 : int  0 0 0 0 0 0 0 0 0 0 ...
 $ RaceHorse.IsHit4                 : int  0 1 0 0 0 0 0 0 0 0 ...
 $ RaceHorse.IsHit5                 : int  1 0 0 0 0 0 0 0 0 0 ...
 $ RaceHorse.IsHit6                 : int  0 0 1 1 0 1 1 1 1 0 ...
 $ RaceHorse.IsValidRaceHorse       : logi  TRUE TRUE TRUE TRUE TRUE TRUE ...
 $ RaceHorse.IsHitA                 : int  0 0 0 0 1 0 0 0 0 0 ...
 $ RaceHorse.IsHitB                 : int  0 0 0 0 1 0 0 0 0 1 ...
 $ RaceHorse.IsHitC                 : int  0 0 0 0 1 0 0 0 0 1 ...
 $ Gen01.HansyokuNum                : Factor w/ 427 levels "11202084","11201872",..: 9 10 11 5 12 13 14 15 16 17 ...
 $ Gen01.TimeSdvByRaceAvg           : num  -0.787 0.796 -0.164 -0.594 -0.237 ...
 $ Gen01.TimeSdvByRaceMin           : num  -2.881 0.275 -2.912 -2.43 -2.387 ...
 $ Gen01.TimeSdvByRaceMax           : num  0.515 1.317 2.152 1.984 1.866 ...
 $ Gen01.OrderOfFinishSdvAvg        : num  -0.569 0.71 -0.178 -0.577 -0.245 ...
 $ Gen01.RunCount                   : int  23 2 204 48 39 2 102 119 14 130 ...
 $ Gen01.HitCount1                  : int  0 0 34 3 5 0 13 11 1 28 ...
 $ Gen01.HitCount2                  : int  0 1 1 0 1 0 2 2 0 4 ...
 $ Gen01.HitCount3                  : int  0 0 4 0 1 0 3 3 0 2 ...
 $ Gen01.HitCount4                  : int  1 0 5 1 0 0 2 2 0 1 ...
 $ Gen01.HitCount5                  : int  1 0 3 1 3 0 0 6 0 3 ...
 $ Gen01.HitRate1                   : num  0 0 0.1667 0.0625 0.1282 ...
 $ Gen01.HitRate2                   : num  0 0.5 0.0049 0 0.0256 ...
 $ Gen01.HitRate3                   : num  0 0 0.0196 0 0.0256 ...
 $ Gen01.HitRate4                   : num  0.0435 0 0.0245 0.0208 0 ...
 $ Gen01.HitRate5                   : num  0.0435 0 0.0147 0.0208 0.0769 ...
 $ EOF                              : int  1 1 1 1 1 1 1 1 1 1 ...
NULL
[1] "2022-02-21 22:42:05 --- transform Finish ---"
[1] "2022-02-21 22:42:05 --- na.omit Start ---"
[1] "--------------------------------------------------------------------------------"
[1] "nrow(data) na.omit before=36900"
[1] "nrow(data) na.omit after =36900"
[1] "nrow(data) na.omit diff =0"
[1] "--------------------------------------------------------------------------------"
'data.frame':	36900 obs. of  39 variables:
 $ Race.RaceId                      : Factor w/ 2474 levels "20160105-06-01-01-05",..: 2 2 2 2 2 2 2 2 2 2 ...
 $ Race.IsPredictedRace             : logi  TRUE TRUE TRUE TRUE TRUE TRUE ...
 $ Race.IsAnalyzeNormalPastAndFuture: logi  TRUE TRUE TRUE TRUE TRUE TRUE ...
 $ Race.IsAnalyzeNormalPast         : logi  TRUE TRUE TRUE TRUE TRUE TRUE ...
 $ Race.IsAnalyzeNormalFuture       : logi  FALSE FALSE FALSE FALSE FALSE FALSE ...
 $ Race.IsAnalyzeFullPastAndFuture  : logi  TRUE TRUE TRUE TRUE TRUE TRUE ...
 $ Race.IsAnalyzeFullPast           : logi  TRUE TRUE TRUE TRUE TRUE TRUE ...
 $ Race.IsAnalyzeFullFuture         : logi  FALSE FALSE FALSE FALSE FALSE FALSE ...
 $ Race.JyokenCd                    : Factor w/ 1 level "5": 1 1 1 1 1 1 1 1 1 1 ...
 $ Race.RaceType1Cd                 : Factor w/ 1 level "1-5-X": 1 1 1 1 1 1 1 1 1 1 ...
 $ RaceHorse.RaceId                 : Factor w/ 2474 levels "20160105-06-01-01-05",..: 2 2 2 2 2 2 2 2 2 2 ...
 $ RaceHorse.KettoNum               : Factor w/ 13852 levels "2013100152","2013100503",..: 11 12 13 14 15 16 17 18 19 20 ...
 $ RaceHorse.IsHit1                 : int  0 0 0 0 1 0 0 0 0 0 ...
 $ RaceHorse.IsHit2                 : int  0 0 0 0 0 0 0 0 0 1 ...
 $ RaceHorse.IsHit3                 : int  0 0 0 0 0 0 0 0 0 0 ...
 $ RaceHorse.IsHit4                 : int  0 1 0 0 0 0 0 0 0 0 ...
 $ RaceHorse.IsHit5                 : int  1 0 0 0 0 0 0 0 0 0 ...
 $ RaceHorse.IsHit6                 : int  0 0 1 1 0 1 1 1 1 0 ...
 $ RaceHorse.IsValidRaceHorse       : logi  TRUE TRUE TRUE TRUE TRUE TRUE ...
 $ RaceHorse.IsHitA                 : int  0 0 0 0 1 0 0 0 0 0 ...
 $ RaceHorse.IsHitB                 : int  0 0 0 0 1 0 0 0 0 1 ...
 $ RaceHorse.IsHitC                 : int  0 0 0 0 1 0 0 0 0 1 ...
 $ Gen01.HansyokuNum                : Factor w/ 427 levels "11202084","11201872",..: 9 10 11 5 12 13 14 15 16 17 ...
 $ Gen01.TimeSdvByRaceAvg           : num  -0.787 0.796 -0.164 -0.594 -0.237 ...
 $ Gen01.TimeSdvByRaceMin           : num  -2.881 0.275 -2.912 -2.43 -2.387 ...
 $ Gen01.TimeSdvByRaceMax           : num  0.515 1.317 2.152 1.984 1.866 ...
 $ Gen01.OrderOfFinishSdvAvg        : num  -0.569 0.71 -0.178 -0.577 -0.245 ...
 $ Gen01.RunCount                   : int  23 2 204 48 39 2 102 119 14 130 ...
 $ Gen01.HitCount1                  : int  0 0 34 3 5 0 13 11 1 28 ...
 $ Gen01.HitCount2                  : int  0 1 1 0 1 0 2 2 0 4 ...
 $ Gen01.HitCount3                  : int  0 0 4 0 1 0 3 3 0 2 ...
 $ Gen01.HitCount4                  : int  1 0 5 1 0 0 2 2 0 1 ...
 $ Gen01.HitCount5                  : int  1 0 3 1 3 0 0 6 0 3 ...
 $ Gen01.HitRate1                   : num  0 0 0.1667 0.0625 0.1282 ...
 $ Gen01.HitRate2                   : num  0 0.5 0.0049 0 0.0256 ...
 $ Gen01.HitRate3                   : num  0 0 0.0196 0 0.0256 ...
 $ Gen01.HitRate4                   : num  0.0435 0 0.0245 0.0208 0 ...
 $ Gen01.HitRate5                   : num  0.0435 0 0.0147 0.0208 0.0769 ...
 $ EOF                              : int  1 1 1 1 1 1 1 1 1 1 ...
[1] "2022-02-21 22:42:05 --- na.omit Finish ---"
[1] "2022-02-21 22:42:05 --- rxGlm with rxStepControl Start ---"

> print(paste0(Sys.time(), " --- source_logic_glm.R Start ---"))
[1] "2022-02-21 22:42:05 --- source_logic_glm.R Start ---"

> formula <- formula(RaceHorse.IsHitA ~ +1 + Gen01.OrderOfFinishSdvAvg)

> print(paste0(Sys.time(), " --- source_logic_glm.R Finished ---"))
[1] "2022-02-21 22:42:05 --- source_logic_glm.R Finished ---"
Rows Read: 36900, Total Rows Processed: 36900, Total Chunk Time: Less than .001 seconds 

Starting values (iteration 1) time: 0.009 secs.
Rows Read: 36900, Total Rows Processed: 36900, Total Chunk Time: 0.002 seconds 

Iteration 2 time: 0.007 secs.
Rows Read: 36900, Total Rows Processed: 36900, Total Chunk Time: 0.003 seconds 

Iteration 3 time: 0.005 secs.
Rows Read: 36900, Total Rows Processed: 36900, Total Chunk Time: 0.002 seconds 

Iteration 4 time: 0.004 secs.
Rows Read: 36900, Total Rows Processed: 36900, Total Chunk Time: 0.002 seconds 

Iteration 5 time: 0.004 secs.

Elapsed computation time: 0.046 secs.
Rows Read: 36900, Total Rows Processed: 36900, Total Chunk Time: Less than .001 seconds 

Starting values (iteration 1) time: 0.009 secs.
Rows Read: 36900, Total Rows Processed: 36900, Total Chunk Time: Less than .001 seconds 

Iteration 2 time: 0.005 secs.

Elapsed computation time: 0.022 secs.
Rows Read: 36900, Total Rows Processed: 36900, Total Chunk Time: Less than .001 seconds 

Starting values (iteration 1) time: 0.008 secs.
Rows Read: 36900, Total Rows Processed: 36900, Total Chunk Time: 0.002 seconds 

Iteration 2 time: 0.008 secs.
Rows Read: 36900, Total Rows Processed: 36900, Total Chunk Time: 0.003 seconds 

Iteration 3 time: 0.004 secs.
Rows Read: 36900, Total Rows Processed: 36900, Total Chunk Time: 0.003 seconds 

Iteration 4 time: 0.005 secs.
Rows Read: 36900, Total Rows Processed: 36900, Total Chunk Time: 0.002 seconds 

Iteration 5 time: 0.006 secs.

Elapsed computation time: 0.044 secs.

Elapsed computation time: 0.128 secs.
[1] "--------------------------------------------------------------------------------"
[1] "analyze.results.glm.step="
Logistic Regression Results for: RaceHorse.IsHitA ~
    Gen01.OrderOfFinishSdvAvg
Data: data
Dependent variable(s): RaceHorse.IsHitA
Total independent variables: 2 
Number of valid observations: 36900
Number of missing observations: 0 
 
Coefficients:
                          RaceHorse.IsHitA
(Intercept)                             -3
Gen01.OrderOfFinishSdvAvg                1
[1] "analyze.results.glm.step.summary"
Call:
rxLogit(formula = formula, data = data, variableSelection = analyze.results.glm.step.varsel)

Logistic Regression Results for: RaceHorse.IsHitA ~
    Gen01.OrderOfFinishSdvAvg
Data: data
Dependent variable(s): RaceHorse.IsHitA
Total independent variables: 2 
Number of valid observations: 36900
Number of missing observations: 0 
-2*LogLikelihood: 17699.763 (Residual deviance on 36898 degrees of freedom)
 
Coefficients:
                          Estimate Std. Error z value Pr(>|z|)    
(Intercept)                -2.5785     0.0210  -122.8  2.2e-16 ***
Gen01.OrderOfFinishSdvAvg   1.1117     0.0547    20.3  2.2e-16 ***
---
Signif. codes:  0 '***' 0.001 '**' 0.01 '*' 0.05 '.' 0.1 ' ' 1

Condition number of final variance-covariance matrix: 1 
Number of iterations: 5
[1] "--------------------------------------------------------------------------------"
[1] "2022-02-21 22:42:05 --- rxGlm with rxStepControl Finish ---"
[1] "2022-02-21 22:42:05 --- rxStepPlot Start ---"
[1] "pdfFilename=pdf_analyze_glm_Gen01_Type15_rxStepPlot.pdf"
[1] "rxStepPlot="
[1] "2022-02-21 22:42:05 --- rxStepPlot Finish ---"
[1] "2022-02-21 22:42:05 --- save.image Start ---"
[1] "save.image"
[1] "rdataFilename=RData_analyze_glm_Gen01_Type15.RData"
[1] "2022-02-21 22:42:05 --- save.image Finish ---"
[1] "2022-02-21 22:42:05 --- final Start ---"
[1] "--------------------------------------------------------------------------------"
[1] "nrow(data) final=36900"
[1] "--------------------------------------------------------------------------------"
[1] "2022-02-21 22:42:05 --- final Finish ---"
[1] "2022-02-21 22:42:05 --- analyze_glm.R Finished ---"
[1] "2022-02-21 22:42:05 --- log Finish ---"
