[1] "2022-02-19 09:34:56 --- D1115_analyze_glm_Odds_IsHitA_Type14 Start ---"
[1] "2022-02-19 09:34:56 --- Log Start ---"
[1] "2022-02-19 09:34:56 --- analyze_glm.R Start ---"
[1] "analyzeVersion=D1115"
[1] "analyzeCategory=analyze"
[1] "analyzeType=Odds"
[1] "analyzeFamily=IsHitA"
[1] "analyzeFunc=glm"
[1] "analyzeTrackTypeCd=1"
[1] "analyzeJyokenCd=4"
[1] "2022-02-19 09:34:56 --- source_function.R Start ---"
[1] "2022-02-19 09:34:56 --- source_function.R Finished ---"

> print(paste0(Sys.time(), " --- source_library.R Start ---"))
[1] "2022-02-19 09:34:56 --- source_library.R Start ---"

> require("RevoScaleR")

> print(paste0(Sys.time(), " --- source_library.R Finished ---"))
[1] "2022-02-19 09:34:57 --- source_library.R Finished ---"
[1] "2022-02-19 09:34:57 --- RxSqlServerData Start ---"
[1] "2022-02-19 09:34:57 --- RxInSqlServer Start ---"
[1] "2022-02-19 09:34:57 --- RxInSqlServer Finish ---"
[1] "2022-02-19 09:34:57 --- rxSetComputeContext Start ---"
[1] "2022-02-19 09:34:57 --- rxSetComputeContext Finish ---"
[1] "2022-02-19 09:34:57 --- RxSqlServerData Start ---"
[1] "sqlQuery=SELECT * FROM ViewAnalyzeD1115analyze01OddsType14"
[1] "2022-02-19 09:34:57 --- RxSqlServerData Finish ---"
[1] "2022-02-19 09:34:57 --- rxGetVarInfo Start ---"
[1] "2022-02-19 09:34:57 --- rxGetVarInfo Finish---"
[1] "2022-02-19 09:34:57 --- rxImport Start ---"
Rows Read: 30570, Total Rows Processed: 30570, Total Chunk Time: 3.205 seconds 
[1] "2022-02-19 09:35:03 --- rxImport Finish ---"
[1] "object.size(data) auto=5.8 Mb"
[1] "--------------------------------------------------------------------------------"
[1] "nrow(data) RxSqlServerData=30570"
[1] "--------------------------------------------------------------------------------"
[1] "str(data)="
'data.frame':	30570 obs. of  35 variables:
 $ Race.RaceId                      : Factor w/ 2247 levels "20160109-06-01-02-06",..: 1 1 1 1 1 1 1 1 1 1 ...
 $ Race.IsPredictedRace             : logi  TRUE TRUE TRUE TRUE TRUE TRUE ...
 $ Race.IsAnalyzeNormalPastAndFuture: logi  TRUE TRUE TRUE TRUE TRUE TRUE ...
 $ Race.IsAnalyzeNormalPast         : logi  TRUE TRUE TRUE TRUE TRUE TRUE ...
 $ Race.IsAnalyzeNormalFuture       : logi  FALSE FALSE FALSE FALSE FALSE FALSE ...
 $ Race.IsAnalyzeFullPastAndFuture  : logi  TRUE TRUE TRUE TRUE TRUE TRUE ...
 $ Race.IsAnalyzeFullPast           : logi  TRUE TRUE TRUE TRUE TRUE TRUE ...
 $ Race.IsAnalyzeFullFuture         : logi  FALSE FALSE FALSE FALSE FALSE FALSE ...
 $ Race.JyokenCd                    : Factor w/ 1 level "4": 1 1 1 1 1 1 1 1 1 1 ...
 $ Race.JyoType1Cd                  : Factor w/ 177 levels "1-06-1200-1",..: 1 1 1 1 1 1 1 1 1 1 ...
 $ Race.RaceType0Cd                 : Factor w/ 512 levels "1-06-1200-1-4-X-12",..: 1 1 1 1 1 1 1 1 1 1 ...
 $ Race.RaceType1Cd                 : Factor w/ 2 levels "1-4-X","1-4-E": 1 1 1 1 1 1 1 1 1 1 ...
 $ Race.RaceType2Cd                 : Factor w/ 2 levels "1-4-X","1-4-E": 1 1 1 1 1 1 1 1 1 1 ...
 $ Race.RaceType3Cd                 : Factor w/ 8 levels "4-X-12","4-X-14",..: 1 1 1 1 1 1 1 1 1 1 ...
 $ Race.RaceType4Cd                 : Factor w/ 4 levels "1-4-12","1-4-14",..: 1 1 1 1 1 1 1 1 1 1 ...
 $ RaceHorse.RaceId                 : Factor w/ 2247 levels "20160109-06-01-02-06",..: 1 1 1 1 1 1 1 1 1 1 ...
 $ RaceHorse.KettoNum               : Factor w/ 6943 levels "2013102061","2013100782",..: 1 2 3 4 5 6 7 8 9 10 ...
 $ RaceHorse.IsHit1                 : int  0 0 0 0 0 0 0 0 0 0 ...
 $ RaceHorse.IsHit2                 : int  0 1 0 0 0 0 0 0 0 0 ...
 $ RaceHorse.IsHit3                 : int  0 0 0 0 0 0 0 0 0 0 ...
 $ RaceHorse.IsHit4                 : int  0 0 0 0 0 0 0 0 1 0 ...
 $ RaceHorse.IsHit5                 : int  0 0 0 0 0 1 0 0 0 0 ...
 $ RaceHorse.IsHit6                 : int  1 0 1 1 1 0 1 1 0 1 ...
 $ RaceHorse.IsValidRaceHorse       : logi  TRUE TRUE TRUE TRUE TRUE TRUE ...
 $ RaceHorse.IsHitA                 : int  0 0 0 0 0 0 0 0 0 0 ...
 $ RaceHorse.IsHitB                 : int  0 1 0 0 0 0 0 0 0 0 ...
 $ RaceHorse.IsHitC                 : int  0 1 0 0 0 0 0 0 0 0 ...
 $ OddsByWin.Odds1                  : num  50.4 4.8 75.3 112.9 3.9 ...
 $ OddsByWin.Ninki                  : num  8 3 10 12 2 4 11 14 7 6 ...
 $ OddsByWin.OddsLog1               : num  3.94 1.76 4.33 4.74 1.59 ...
 $ OddsByWin.OddsRatio1             : num  0.02024 0.26316 0.01346 0.00894 0.34483 ...
 $ OddsByWin.OddsLogit1             : num  -3.92 -1.57 -4.32 -4.73 -1.36 ...
 $ OddsByWin.ApprovalRate1          : num  0.01984 0.20833 0.01328 0.00886 0.25641 ...
 $ OddsByWin.ApprovalRateLog1       : num  0.01965 0.18924 0.01319 0.00882 0.22826 ...
 $ EOF                              : int  1 1 1 1 1 1 1 1 1 1 ...
[1] "2022-02-19 09:35:03 --- RxSqlServerData Finish ---"
[1] "2022-02-19 09:35:03 --- subset Start ---"
[1] "--------------------------------------------------------------------------------"
[1] "nrow(data) subset before=30570"
[1] "nrow(data) subset after =30570"
[1] "nrow(data) subset diff =0"
[1] "--------------------------------------------------------------------------------"
[1] "2022-02-19 09:35:03 --- subset Finish---"
[1] "2022-02-19 09:35:03 --- transform Start ---"
[1] "--------------------------------------------------------------------------------"
[1] "nrow(data) transform before=30570"
[1] "nrow(data) transform after=30570"
[1] "nrow(data) transform diff=0"
[1] "--------------------------------------------------------------------------------"
[1] "str(data)="
'data.frame':	30570 obs. of  35 variables:
 $ Race.RaceId                      : Factor w/ 2247 levels "20160109-06-01-02-06",..: 1 1 1 1 1 1 1 1 1 1 ...
 $ Race.IsPredictedRace             : logi  TRUE TRUE TRUE TRUE TRUE TRUE ...
 $ Race.IsAnalyzeNormalPastAndFuture: logi  TRUE TRUE TRUE TRUE TRUE TRUE ...
 $ Race.IsAnalyzeNormalPast         : logi  TRUE TRUE TRUE TRUE TRUE TRUE ...
 $ Race.IsAnalyzeNormalFuture       : logi  FALSE FALSE FALSE FALSE FALSE FALSE ...
 $ Race.IsAnalyzeFullPastAndFuture  : logi  TRUE TRUE TRUE TRUE TRUE TRUE ...
 $ Race.IsAnalyzeFullPast           : logi  TRUE TRUE TRUE TRUE TRUE TRUE ...
 $ Race.IsAnalyzeFullFuture         : logi  FALSE FALSE FALSE FALSE FALSE FALSE ...
 $ Race.JyokenCd                    : Factor w/ 1 level "4": 1 1 1 1 1 1 1 1 1 1 ...
 $ Race.JyoType1Cd                  : Factor w/ 177 levels "1-06-1200-1",..: 1 1 1 1 1 1 1 1 1 1 ...
 $ Race.RaceType0Cd                 : Factor w/ 512 levels "1-06-1200-1-4-X-12",..: 1 1 1 1 1 1 1 1 1 1 ...
 $ Race.RaceType1Cd                 : Factor w/ 2 levels "1-4-X","1-4-E": 1 1 1 1 1 1 1 1 1 1 ...
 $ Race.RaceType2Cd                 : Factor w/ 2 levels "1-4-X","1-4-E": 1 1 1 1 1 1 1 1 1 1 ...
 $ Race.RaceType3Cd                 : Factor w/ 8 levels "4-X-12","4-X-14",..: 1 1 1 1 1 1 1 1 1 1 ...
 $ Race.RaceType4Cd                 : Factor w/ 4 levels "1-4-12","1-4-14",..: 1 1 1 1 1 1 1 1 1 1 ...
 $ RaceHorse.RaceId                 : Factor w/ 2247 levels "20160109-06-01-02-06",..: 1 1 1 1 1 1 1 1 1 1 ...
 $ RaceHorse.KettoNum               : Factor w/ 6943 levels "2013102061","2013100782",..: 1 2 3 4 5 6 7 8 9 10 ...
 $ RaceHorse.IsHit1                 : int  0 0 0 0 0 0 0 0 0 0 ...
 $ RaceHorse.IsHit2                 : int  0 1 0 0 0 0 0 0 0 0 ...
 $ RaceHorse.IsHit3                 : int  0 0 0 0 0 0 0 0 0 0 ...
 $ RaceHorse.IsHit4                 : int  0 0 0 0 0 0 0 0 1 0 ...
 $ RaceHorse.IsHit5                 : int  0 0 0 0 0 1 0 0 0 0 ...
 $ RaceHorse.IsHit6                 : int  1 0 1 1 1 0 1 1 0 1 ...
 $ RaceHorse.IsValidRaceHorse       : logi  TRUE TRUE TRUE TRUE TRUE TRUE ...
 $ RaceHorse.IsHitA                 : int  0 0 0 0 0 0 0 0 0 0 ...
 $ RaceHorse.IsHitB                 : int  0 1 0 0 0 0 0 0 0 0 ...
 $ RaceHorse.IsHitC                 : int  0 1 0 0 0 0 0 0 0 0 ...
 $ OddsByWin.Odds1                  : num  50.4 4.8 75.3 112.9 3.9 ...
 $ OddsByWin.Ninki                  : num  8 3 10 12 2 4 11 14 7 6 ...
 $ OddsByWin.OddsLog1               : num  3.94 1.76 4.33 4.74 1.59 ...
 $ OddsByWin.OddsRatio1             : num  0.02024 0.26316 0.01346 0.00894 0.34483 ...
 $ OddsByWin.OddsLogit1             : num  -3.92 -1.57 -4.32 -4.73 -1.36 ...
 $ OddsByWin.ApprovalRate1          : num  0.01984 0.20833 0.01328 0.00886 0.25641 ...
 $ OddsByWin.ApprovalRateLog1       : num  0.01965 0.18924 0.01319 0.00882 0.22826 ...
 $ EOF                              : int  1 1 1 1 1 1 1 1 1 1 ...
NULL
[1] "2022-02-19 09:35:04 --- transform Finish ---"
[1] "2022-02-19 09:35:04 --- na.omit Start ---"
[1] "--------------------------------------------------------------------------------"
[1] "nrow(data) na.omit before=30570"
[1] "nrow(data) na.omit after =30474"
[1] "nrow(data) na.omit diff =96"
[1] "--------------------------------------------------------------------------------"
'data.frame':	30474 obs. of  35 variables:
 $ Race.RaceId                      : Factor w/ 2247 levels "20160109-06-01-02-06",..: 1 1 1 1 1 1 1 1 1 1 ...
 $ Race.IsPredictedRace             : logi  TRUE TRUE TRUE TRUE TRUE TRUE ...
 $ Race.IsAnalyzeNormalPastAndFuture: logi  TRUE TRUE TRUE TRUE TRUE TRUE ...
 $ Race.IsAnalyzeNormalPast         : logi  TRUE TRUE TRUE TRUE TRUE TRUE ...
 $ Race.IsAnalyzeNormalFuture       : logi  FALSE FALSE FALSE FALSE FALSE FALSE ...
 $ Race.IsAnalyzeFullPastAndFuture  : logi  TRUE TRUE TRUE TRUE TRUE TRUE ...
 $ Race.IsAnalyzeFullPast           : logi  TRUE TRUE TRUE TRUE TRUE TRUE ...
 $ Race.IsAnalyzeFullFuture         : logi  FALSE FALSE FALSE FALSE FALSE FALSE ...
 $ Race.JyokenCd                    : Factor w/ 1 level "4": 1 1 1 1 1 1 1 1 1 1 ...
 $ Race.JyoType1Cd                  : Factor w/ 177 levels "1-06-1200-1",..: 1 1 1 1 1 1 1 1 1 1 ...
 $ Race.RaceType0Cd                 : Factor w/ 512 levels "1-06-1200-1-4-X-12",..: 1 1 1 1 1 1 1 1 1 1 ...
 $ Race.RaceType1Cd                 : Factor w/ 2 levels "1-4-X","1-4-E": 1 1 1 1 1 1 1 1 1 1 ...
 $ Race.RaceType2Cd                 : Factor w/ 2 levels "1-4-X","1-4-E": 1 1 1 1 1 1 1 1 1 1 ...
 $ Race.RaceType3Cd                 : Factor w/ 8 levels "4-X-12","4-X-14",..: 1 1 1 1 1 1 1 1 1 1 ...
 $ Race.RaceType4Cd                 : Factor w/ 4 levels "1-4-12","1-4-14",..: 1 1 1 1 1 1 1 1 1 1 ...
 $ RaceHorse.RaceId                 : Factor w/ 2247 levels "20160109-06-01-02-06",..: 1 1 1 1 1 1 1 1 1 1 ...
 $ RaceHorse.KettoNum               : Factor w/ 6943 levels "2013102061","2013100782",..: 1 2 3 4 5 6 7 8 9 10 ...
 $ RaceHorse.IsHit1                 : int  0 0 0 0 0 0 0 0 0 0 ...
 $ RaceHorse.IsHit2                 : int  0 1 0 0 0 0 0 0 0 0 ...
 $ RaceHorse.IsHit3                 : int  0 0 0 0 0 0 0 0 0 0 ...
 $ RaceHorse.IsHit4                 : int  0 0 0 0 0 0 0 0 1 0 ...
 $ RaceHorse.IsHit5                 : int  0 0 0 0 0 1 0 0 0 0 ...
 $ RaceHorse.IsHit6                 : int  1 0 1 1 1 0 1 1 0 1 ...
 $ RaceHorse.IsValidRaceHorse       : logi  TRUE TRUE TRUE TRUE TRUE TRUE ...
 $ RaceHorse.IsHitA                 : int  0 0 0 0 0 0 0 0 0 0 ...
 $ RaceHorse.IsHitB                 : int  0 1 0 0 0 0 0 0 0 0 ...
 $ RaceHorse.IsHitC                 : int  0 1 0 0 0 0 0 0 0 0 ...
 $ OddsByWin.Odds1                  : num  50.4 4.8 75.3 112.9 3.9 ...
 $ OddsByWin.Ninki                  : num  8 3 10 12 2 4 11 14 7 6 ...
 $ OddsByWin.OddsLog1               : num  3.94 1.76 4.33 4.74 1.59 ...
 $ OddsByWin.OddsRatio1             : num  0.02024 0.26316 0.01346 0.00894 0.34483 ...
 $ OddsByWin.OddsLogit1             : num  -3.92 -1.57 -4.32 -4.73 -1.36 ...
 $ OddsByWin.ApprovalRate1          : num  0.01984 0.20833 0.01328 0.00886 0.25641 ...
 $ OddsByWin.ApprovalRateLog1       : num  0.01965 0.18924 0.01319 0.00882 0.22826 ...
 $ EOF                              : int  1 1 1 1 1 1 1 1 1 1 ...
 - attr(*, "na.action")= 'omit' Named int  359 1459 1518 2218 2480 3127 3146 4946 4957 5215 ...
  ..- attr(*, "names")= chr  "359" "1459" "1518" "2218" ...
[1] "2022-02-19 09:35:04 --- na.omit Finish ---"
[1] "2022-02-19 09:35:04 --- rxGlm with rxStepControl Start ---"

> print(paste0(Sys.time(), " --- source_logic_glm.R Start ---"))
[1] "2022-02-19 09:35:05 --- source_logic_glm.R Start ---"

> formula <- formula(RaceHorse.IsHitA ~ +1 + OddsByWin.OddsLogit1)

> print(paste0(Sys.time(), " --- source_logic_glm.R Finished ---"))
[1] "2022-02-19 09:35:05 --- source_logic_glm.R Finished ---"
Rows Read: 30474, Total Rows Processed: 30474, Total Chunk Time: 0.002 seconds 

Starting values (iteration 1) time: 0.023 secs.
Rows Read: 30474, Total Rows Processed: 30474, Total Chunk Time: 0.003 seconds 

Iteration 2 time: 0.008 secs.
Rows Read: 30474, Total Rows Processed: 30474, Total Chunk Time: 0.002 seconds 

Iteration 3 time: 0.009 secs.
Rows Read: 30474, Total Rows Processed: 30474, Total Chunk Time: 0.003 seconds 

Iteration 4 time: 0.010 secs.
Rows Read: 30474, Total Rows Processed: 30474, Total Chunk Time: 0.003 seconds 

Iteration 5 time: 0.014 secs.
Rows Read: 30474, Total Rows Processed: 30474, Total Chunk Time: 0.002 seconds 

Iteration 6 time: 0.007 secs.

Elapsed computation time: 0.117 secs.
Rows Read: 30474, Total Rows Processed: 30474, Total Chunk Time: Less than .001 seconds 

Starting values (iteration 1) time: 0.012 secs.
Rows Read: 30474, Total Rows Processed: 30474, Total Chunk Time: 0.002 seconds 

Iteration 2 time: 0.009 secs.

Elapsed computation time: 0.034 secs.
Rows Read: 30474, Total Rows Processed: 30474, Total Chunk Time: 0.002 seconds 

Starting values (iteration 1) time: 0.011 secs.
Rows Read: 30474, Total Rows Processed: 30474, Total Chunk Time: 0.003 seconds 

Iteration 2 time: 0.009 secs.
Rows Read: 30474, Total Rows Processed: 30474, Total Chunk Time: 0.003 seconds 

Iteration 3 time: 0.007 secs.
Rows Read: 30474, Total Rows Processed: 30474, Total Chunk Time: 0.003 seconds 

Iteration 4 time: 0.006 secs.
Rows Read: 30474, Total Rows Processed: 30474, Total Chunk Time: 0.002 seconds 

Iteration 5 time: 0.010 secs.
Rows Read: 30474, Total Rows Processed: 30474, Total Chunk Time: 0.003 seconds 

Iteration 6 time: 0.010 secs.

Elapsed computation time: 0.098 secs.

Elapsed computation time: 0.284 secs.
[1] "--------------------------------------------------------------------------------"
[1] "analyze.results.glm.step="
Logistic Regression Results for: RaceHorse.IsHitA ~
    OddsByWin.OddsLogit1
Data: data
Dependent variable(s): RaceHorse.IsHitA
Total independent variables: 2 
Number of valid observations: 30474
Number of missing observations: 0 
 
Coefficients:
                     RaceHorse.IsHitA
(Intercept)                       0.3
OddsByWin.OddsLogit1              1.2
[1] "analyze.results.glm.step.summary"
Call:
rxLogit(formula = formula, data = data, variableSelection = analyze.results.glm.step.varsel)

Logistic Regression Results for: RaceHorse.IsHitA ~
    OddsByWin.OddsLogit1
Data: data
Dependent variable(s): RaceHorse.IsHitA
Total independent variables: 2 
Number of valid observations: 30474
Number of missing observations: 0 
-2*LogLikelihood: 13039.733 (Residual deviance on 30472 degrees of freedom)
 
Coefficients:
                     Estimate Std. Error z value Pr(>|z|)    
(Intercept)            0.2594     0.0541     4.8  1.6e-06 ***
OddsByWin.OddsLogit1   1.1570     0.0259    44.6  2.2e-16 ***
---
Signif. codes:  0 '***' 0.001 '**' 0.01 '*' 0.05 '.' 0.1 ' ' 1

Condition number of final variance-covariance matrix: 1 
Number of iterations: 6
[1] "--------------------------------------------------------------------------------"
[1] "2022-02-19 09:35:05 --- rxGlm with rxStepControl Finish ---"
[1] "2022-02-19 09:35:05 --- rxStepPlot Start ---"
[1] "pdfFilename=pdf_analyze_glm_Odds_Type14_rxStepPlot.pdf"
[1] "rxStepPlot="
[1] "2022-02-19 09:35:05 --- rxStepPlot Finish ---"
[1] "2022-02-19 09:35:05 --- save.image Start ---"
[1] "save.image"
[1] "rdataFilename=RData_analyze_glm_Odds_Type14.RData"
[1] "2022-02-19 09:35:05 --- save.image Finish ---"
[1] "2022-02-19 09:35:05 --- final Start ---"
[1] "--------------------------------------------------------------------------------"
[1] "nrow(data) final=30474"
[1] "--------------------------------------------------------------------------------"
[1] "2022-02-19 09:35:05 --- final Finish ---"
[1] "2022-02-19 09:35:05 --- analyze_glm.R Finished ---"
[1] "2022-02-19 09:35:05 --- log Finish ---"
