[1] "2022-02-25 20:57:32 --- D1115_analyze_glm_Jockey_IsHitA_Type12 Start ---"
[1] "2022-02-25 20:57:32 --- Log Start ---"
[1] "2022-02-25 20:57:32 --- analyze_glm.R Start ---"
[1] "analyzeVersion=D1115"
[1] "analyzeCategory=analyze"
[1] "analyzeType=Jockey"
[1] "analyzeFamily=IsHitA"
[1] "analyzeFunc=glm"
[1] "analyzeTrackTypeCd=1"
[1] "analyzeJyokenCd=2"
[1] "2022-02-25 20:57:32 --- source_function.R Start ---"
[1] "2022-02-25 20:57:32 --- source_function.R Finished ---"

> print(paste0(Sys.time(), " --- source_library.R Start ---"))
[1] "2022-02-25 20:57:32 --- source_library.R Start ---"

> require("RevoScaleR")

> print(paste0(Sys.time(), " --- source_library.R Finished ---"))
[1] "2022-02-25 20:57:32 --- source_library.R Finished ---"
[1] "2022-02-25 20:57:32 --- RxSqlServerData Start ---"
[1] "2022-02-25 20:57:32 --- RxInSqlServer Start ---"
[1] "2022-02-25 20:57:33 --- RxInSqlServer Finish ---"
[1] "2022-02-25 20:57:33 --- rxSetComputeContext Start ---"
[1] "2022-02-25 20:57:33 --- rxSetComputeContext Finish ---"
[1] "2022-02-25 20:57:33 --- RxSqlServerData Start ---"
[1] "sqlQuery=SELECT * FROM ViewAnalyzeD1115analyze01JockeyType12"
[1] "2022-02-25 20:57:33 --- RxSqlServerData Finish ---"
[1] "2022-02-25 20:57:33 --- rxGetVarInfo Start ---"
[1] "2022-02-25 20:57:33 --- rxGetVarInfo Finish---"
[1] "2022-02-25 20:57:33 --- rxImport Start ---"
Rows Read: 6648, Total Rows Processed: 6648, Total Chunk Time: 3.461 seconds 
[1] "2022-02-25 20:57:49 --- rxImport Finish ---"
[1] "object.size(data) auto=2 Mb"
[1] "--------------------------------------------------------------------------------"
[1] "nrow(data) RxSqlServerData=6648"
[1] "--------------------------------------------------------------------------------"
[1] "str(data)="
'data.frame':	6648 obs. of  43 variables:
 $ Race.RaceId                      : Factor w/ 529 levels "20180616-09-03-05-10",..: 3 3 3 3 3 3 3 3 3 3 ...
 $ Race.IsPredictedRace             : logi  TRUE TRUE TRUE TRUE TRUE TRUE ...
 $ Race.IsAnalyzeNormalPastAndFuture: logi  TRUE TRUE TRUE TRUE TRUE TRUE ...
 $ Race.IsAnalyzeNormalPast         : logi  TRUE TRUE TRUE TRUE TRUE TRUE ...
 $ Race.IsAnalyzeNormalFuture       : logi  FALSE FALSE FALSE FALSE FALSE FALSE ...
 $ Race.IsAnalyzeFullPastAndFuture  : logi  TRUE TRUE TRUE TRUE TRUE TRUE ...
 $ Race.IsAnalyzeFullPast           : logi  TRUE TRUE TRUE TRUE TRUE TRUE ...
 $ Race.IsAnalyzeFullFuture         : logi  FALSE FALSE FALSE FALSE FALSE FALSE ...
 $ Race.JyokenCd                    : Factor w/ 1 level "2": 1 1 1 1 1 1 1 1 1 1 ...
 $ Race.JyoType1Cd                  : Factor w/ 112 levels "1-09-1200-2-1",..: 3 3 3 3 3 3 3 3 3 3 ...
 $ Race.RaceType1Cd                 : Factor w/ 3 levels "1-2-E-1","1-2-E-2",..: 2 2 2 2 2 2 2 2 2 2 ...
 $ RaceHorse.RaceId                 : Factor w/ 529 levels "20180616-09-03-05-10",..: 3 3 3 3 3 3 3 3 3 3 ...
 $ RaceHorse.KettoNum               : Factor w/ 1426 levels "2011105539","2011103412",..: 11 12 13 14 15 16 17 18 19 20 ...
 $ RaceHorse.IsHit1                 : num  0 0 0 0 0 0 0 0 0 0 ...
 $ RaceHorse.IsHit2                 : num  0 1 0 0 0 0 0 0 0 0 ...
 $ RaceHorse.IsHit3                 : num  1 0 0 0 0 0 0 0 0 0 ...
 $ RaceHorse.IsHit4                 : num  0 0 0 0 0 0 0 0 0 0 ...
 $ RaceHorse.IsHit5                 : num  0 0 1 0 0 0 0 0 0 0 ...
 $ RaceHorse.IsHit6                 : num  0 0 0 1 1 1 1 1 1 1 ...
 $ RaceHorse.IsValidRaceHorse       : logi  TRUE TRUE TRUE TRUE TRUE TRUE ...
 $ RaceHorse.TimeSdv                : num  1.3681 1.6121 1.1241 0.5142 0.0262 ...
 $ RaceHorse.IsHitA                 : num  0 0 0 0 0 0 0 0 0 0 ...
 $ RaceHorse.IsHitB                 : num  0 1 0 0 0 0 0 0 0 0 ...
 $ RaceHorse.IsHitC                 : num  1 1 0 0 0 0 0 0 0 0 ...
 $ Jockey.TimeSdvByRaceAvg          : num  0.00996 0.02067 0.17847 -0.26488 -0.14114 ...
 $ Jockey.TimeSdvByRaceMin          : num  -1.53 -2.14 -1.82 -2.72 -1.82 ...
 $ Jockey.TimeSdvByRaceMax          : num  1.9 1.75 1.5 1.47 1.73 ...
 $ Jockey.TimeSdvAvg                : num  0.11142 0.00218 0.19358 -0.03717 0.23045 ...
 $ Jockey.TimeSdvMin                : num  -2.18 -2.06 -2.54 -2.49 -1.11 ...
 $ Jockey.TimeSdvMax                : num  1.901 1.918 2.093 1.856 0.841 ...
 $ Jockey.OrderOfFinishSdvAvg       : num  -0.194 0.101 0.06 -0.281 -0.613 ...
 $ Jockey.RunCount                  : num  60 53 52 50 8 21 36 24 2 3 ...
 $ Jockey.HitCount1                 : num  3 6 7 0 1 1 1 1 0 0 ...
 $ Jockey.HitCount2                 : num  5 3 3 4 0 1 2 3 0 0 ...
 $ Jockey.HitCount3                 : num  2 2 3 3 0 3 2 2 0 0 ...
 $ Jockey.HitCount4                 : num  4 8 3 6 0 2 0 0 0 0 ...
 $ Jockey.HitCount5                 : num  7 3 8 2 0 2 3 1 0 0 ...
 $ Jockey.HitRate1                  : num  0.05 0.113 0.135 0 0.125 ...
 $ Jockey.HitRate2                  : num  0.0833 0.0566 0.0577 0.08 0 ...
 $ Jockey.HitRate3                  : num  0.0333 0.0377 0.0577 0.06 0 ...
 $ Jockey.HitRate4                  : num  0.0667 0.1509 0.0577 0.12 0 ...
 $ Jockey.HitRate5                  : num  0.1167 0.0566 0.1538 0.04 0 ...
 $ EOF                              : int  1 1 1 1 1 1 1 1 1 1 ...
[1] "2022-02-25 20:57:50 --- RxSqlServerData Finish ---"
[1] "2022-02-25 20:57:50 --- subset Start ---"
[1] "--------------------------------------------------------------------------------"
[1] "nrow(data) subset before=6648"
[1] "nrow(data) subset after =6648"
[1] "nrow(data) subset diff =0"
[1] "--------------------------------------------------------------------------------"
[1] "2022-02-25 20:57:50 --- subset Finish---"
[1] "2022-02-25 20:57:50 --- transform Start ---"
[1] "--------------------------------------------------------------------------------"
[1] "nrow(data) transform before=6648"
[1] "nrow(data) transform after=6648"
[1] "nrow(data) transform diff=0"
[1] "--------------------------------------------------------------------------------"
[1] "str(data)="
'data.frame':	6648 obs. of  43 variables:
 $ Race.RaceId                      : Factor w/ 529 levels "20180616-09-03-05-10",..: 3 3 3 3 3 3 3 3 3 3 ...
 $ Race.IsPredictedRace             : logi  TRUE TRUE TRUE TRUE TRUE TRUE ...
 $ Race.IsAnalyzeNormalPastAndFuture: logi  TRUE TRUE TRUE TRUE TRUE TRUE ...
 $ Race.IsAnalyzeNormalPast         : logi  TRUE TRUE TRUE TRUE TRUE TRUE ...
 $ Race.IsAnalyzeNormalFuture       : logi  FALSE FALSE FALSE FALSE FALSE FALSE ...
 $ Race.IsAnalyzeFullPastAndFuture  : logi  TRUE TRUE TRUE TRUE TRUE TRUE ...
 $ Race.IsAnalyzeFullPast           : logi  TRUE TRUE TRUE TRUE TRUE TRUE ...
 $ Race.IsAnalyzeFullFuture         : logi  FALSE FALSE FALSE FALSE FALSE FALSE ...
 $ Race.JyokenCd                    : Factor w/ 1 level "2": 1 1 1 1 1 1 1 1 1 1 ...
 $ Race.JyoType1Cd                  : Factor w/ 112 levels "1-09-1200-2-1",..: 3 3 3 3 3 3 3 3 3 3 ...
 $ Race.RaceType1Cd                 : Factor w/ 3 levels "1-2-E-1","1-2-E-2",..: 2 2 2 2 2 2 2 2 2 2 ...
 $ RaceHorse.RaceId                 : Factor w/ 529 levels "20180616-09-03-05-10",..: 3 3 3 3 3 3 3 3 3 3 ...
 $ RaceHorse.KettoNum               : Factor w/ 1426 levels "2011105539","2011103412",..: 11 12 13 14 15 16 17 18 19 20 ...
 $ RaceHorse.IsHit1                 : num  0 0 0 0 0 0 0 0 0 0 ...
 $ RaceHorse.IsHit2                 : num  0 1 0 0 0 0 0 0 0 0 ...
 $ RaceHorse.IsHit3                 : num  1 0 0 0 0 0 0 0 0 0 ...
 $ RaceHorse.IsHit4                 : num  0 0 0 0 0 0 0 0 0 0 ...
 $ RaceHorse.IsHit5                 : num  0 0 1 0 0 0 0 0 0 0 ...
 $ RaceHorse.IsHit6                 : num  0 0 0 1 1 1 1 1 1 1 ...
 $ RaceHorse.IsValidRaceHorse       : logi  TRUE TRUE TRUE TRUE TRUE TRUE ...
 $ RaceHorse.TimeSdv                : num  1.3681 1.6121 1.1241 0.5142 0.0262 ...
 $ RaceHorse.IsHitA                 : num  0 0 0 0 0 0 0 0 0 0 ...
 $ RaceHorse.IsHitB                 : num  0 1 0 0 0 0 0 0 0 0 ...
 $ RaceHorse.IsHitC                 : num  1 1 0 0 0 0 0 0 0 0 ...
 $ Jockey.TimeSdvByRaceAvg          : num  0.00996 0.02067 0.17847 -0.26488 -0.14114 ...
 $ Jockey.TimeSdvByRaceMin          : num  -1.53 -2.14 -1.82 -2.72 -1.82 ...
 $ Jockey.TimeSdvByRaceMax          : num  1.9 1.75 1.5 1.47 1.73 ...
 $ Jockey.TimeSdvAvg                : num  0.11142 0.00218 0.19358 -0.03717 0.23045 ...
 $ Jockey.TimeSdvMin                : num  -2.18 -2.06 -2.54 -2.49 -1.11 ...
 $ Jockey.TimeSdvMax                : num  1.901 1.918 2.093 1.856 0.841 ...
 $ Jockey.OrderOfFinishSdvAvg       : num  -0.194 0.101 0.06 -0.281 -0.613 ...
 $ Jockey.RunCount                  : num  60 53 52 50 8 21 36 24 2 3 ...
 $ Jockey.HitCount1                 : num  3 6 7 0 1 1 1 1 0 0 ...
 $ Jockey.HitCount2                 : num  5 3 3 4 0 1 2 3 0 0 ...
 $ Jockey.HitCount3                 : num  2 2 3 3 0 3 2 2 0 0 ...
 $ Jockey.HitCount4                 : num  4 8 3 6 0 2 0 0 0 0 ...
 $ Jockey.HitCount5                 : num  7 3 8 2 0 2 3 1 0 0 ...
 $ Jockey.HitRate1                  : num  0.05 0.113 0.135 0 0.125 ...
 $ Jockey.HitRate2                  : num  0.0833 0.0566 0.0577 0.08 0 ...
 $ Jockey.HitRate3                  : num  0.0333 0.0377 0.0577 0.06 0 ...
 $ Jockey.HitRate4                  : num  0.0667 0.1509 0.0577 0.12 0 ...
 $ Jockey.HitRate5                  : num  0.1167 0.0566 0.1538 0.04 0 ...
 $ EOF                              : int  1 1 1 1 1 1 1 1 1 1 ...
NULL
[1] "2022-02-25 20:57:51 --- transform Finish ---"
[1] "2022-02-25 20:57:51 --- na.omit Start ---"
[1] "--------------------------------------------------------------------------------"
[1] "nrow(data) na.omit before=6648"
[1] "nrow(data) na.omit after =6602"
[1] "nrow(data) na.omit diff =46"
[1] "--------------------------------------------------------------------------------"
'data.frame':	6602 obs. of  43 variables:
 $ Race.RaceId                      : Factor w/ 529 levels "20180616-09-03-05-10",..: 3 3 3 3 3 3 3 3 3 3 ...
 $ Race.IsPredictedRace             : logi  TRUE TRUE TRUE TRUE TRUE TRUE ...
 $ Race.IsAnalyzeNormalPastAndFuture: logi  TRUE TRUE TRUE TRUE TRUE TRUE ...
 $ Race.IsAnalyzeNormalPast         : logi  TRUE TRUE TRUE TRUE TRUE TRUE ...
 $ Race.IsAnalyzeNormalFuture       : logi  FALSE FALSE FALSE FALSE FALSE FALSE ...
 $ Race.IsAnalyzeFullPastAndFuture  : logi  TRUE TRUE TRUE TRUE TRUE TRUE ...
 $ Race.IsAnalyzeFullPast           : logi  TRUE TRUE TRUE TRUE TRUE TRUE ...
 $ Race.IsAnalyzeFullFuture         : logi  FALSE FALSE FALSE FALSE FALSE FALSE ...
 $ Race.JyokenCd                    : Factor w/ 1 level "2": 1 1 1 1 1 1 1 1 1 1 ...
 $ Race.JyoType1Cd                  : Factor w/ 112 levels "1-09-1200-2-1",..: 3 3 3 3 3 3 3 3 3 3 ...
 $ Race.RaceType1Cd                 : Factor w/ 3 levels "1-2-E-1","1-2-E-2",..: 2 2 2 2 2 2 2 2 2 2 ...
 $ RaceHorse.RaceId                 : Factor w/ 529 levels "20180616-09-03-05-10",..: 3 3 3 3 3 3 3 3 3 3 ...
 $ RaceHorse.KettoNum               : Factor w/ 1426 levels "2011105539","2011103412",..: 11 12 13 14 15 16 17 18 19 20 ...
 $ RaceHorse.IsHit1                 : num  0 0 0 0 0 0 0 0 0 0 ...
 $ RaceHorse.IsHit2                 : num  0 1 0 0 0 0 0 0 0 0 ...
 $ RaceHorse.IsHit3                 : num  1 0 0 0 0 0 0 0 0 0 ...
 $ RaceHorse.IsHit4                 : num  0 0 0 0 0 0 0 0 0 0 ...
 $ RaceHorse.IsHit5                 : num  0 0 1 0 0 0 0 0 0 0 ...
 $ RaceHorse.IsHit6                 : num  0 0 0 1 1 1 1 1 1 1 ...
 $ RaceHorse.IsValidRaceHorse       : logi  TRUE TRUE TRUE TRUE TRUE TRUE ...
 $ RaceHorse.TimeSdv                : num  1.3681 1.6121 1.1241 0.5142 0.0262 ...
 $ RaceHorse.IsHitA                 : num  0 0 0 0 0 0 0 0 0 0 ...
 $ RaceHorse.IsHitB                 : num  0 1 0 0 0 0 0 0 0 0 ...
 $ RaceHorse.IsHitC                 : num  1 1 0 0 0 0 0 0 0 0 ...
 $ Jockey.TimeSdvByRaceAvg          : num  0.00996 0.02067 0.17847 -0.26488 -0.14114 ...
 $ Jockey.TimeSdvByRaceMin          : num  -1.53 -2.14 -1.82 -2.72 -1.82 ...
 $ Jockey.TimeSdvByRaceMax          : num  1.9 1.75 1.5 1.47 1.73 ...
 $ Jockey.TimeSdvAvg                : num  0.11142 0.00218 0.19358 -0.03717 0.23045 ...
 $ Jockey.TimeSdvMin                : num  -2.18 -2.06 -2.54 -2.49 -1.11 ...
 $ Jockey.TimeSdvMax                : num  1.901 1.918 2.093 1.856 0.841 ...
 $ Jockey.OrderOfFinishSdvAvg       : num  -0.194 0.101 0.06 -0.281 -0.613 ...
 $ Jockey.RunCount                  : num  60 53 52 50 8 21 36 24 2 3 ...
 $ Jockey.HitCount1                 : num  3 6 7 0 1 1 1 1 0 0 ...
 $ Jockey.HitCount2                 : num  5 3 3 4 0 1 2 3 0 0 ...
 $ Jockey.HitCount3                 : num  2 2 3 3 0 3 2 2 0 0 ...
 $ Jockey.HitCount4                 : num  4 8 3 6 0 2 0 0 0 0 ...
 $ Jockey.HitCount5                 : num  7 3 8 2 0 2 3 1 0 0 ...
 $ Jockey.HitRate1                  : num  0.05 0.113 0.135 0 0.125 ...
 $ Jockey.HitRate2                  : num  0.0833 0.0566 0.0577 0.08 0 ...
 $ Jockey.HitRate3                  : num  0.0333 0.0377 0.0577 0.06 0 ...
 $ Jockey.HitRate4                  : num  0.0667 0.1509 0.0577 0.12 0 ...
 $ Jockey.HitRate5                  : num  0.1167 0.0566 0.1538 0.04 0 ...
 $ EOF                              : int  1 1 1 1 1 1 1 1 1 1 ...
 - attr(*, "na.action")= 'omit' Named int  197 483 618 763 818 910 941 1072 1318 1419 ...
  ..- attr(*, "names")= chr  "197" "483" "618" "763" ...
[1] "2022-02-25 20:57:51 --- na.omit Finish ---"
[1] "2022-02-25 20:57:51 --- rxGlm with rxStepControl Start ---"

> print(paste0(Sys.time(), " --- source_logic_glm.R Start ---"))
[1] "2022-02-25 20:57:51 --- source_logic_glm.R Start ---"

> formula <- formula(RaceHorse.IsHitA ~ +1 + Jockey.TimeSdvAvg)

> print(paste0(Sys.time(), " --- source_logic_glm.R Finished ---"))
[1] "2022-02-25 20:57:51 --- source_logic_glm.R Finished ---"
Rows Read: 6602, Total Rows Processed: 6602, Total Chunk Time: Less than .001 seconds 

Starting values (iteration 1) time: 0.007 secs.
Rows Read: 6602, Total Rows Processed: 6602, Total Chunk Time: 0.001 seconds 

Iteration 2 time: 0.007 secs.
Rows Read: 6602, Total Rows Processed: 6602, Total Chunk Time: Less than .001 seconds 

Iteration 3 time: 0.006 secs.
Rows Read: 6602, Total Rows Processed: 6602, Total Chunk Time: Less than .001 seconds 

Iteration 4 time: 0.005 secs.

Elapsed computation time: 0.049 secs.
Rows Read: 6602, Total Rows Processed: 6602, Total Chunk Time: Less than .001 seconds 

Starting values (iteration 1) time: 0.004 secs.
Rows Read: 6602, Total Rows Processed: 6602, Total Chunk Time: Less than .001 seconds 

Iteration 2 time: 0.009 secs.

Elapsed computation time: 0.028 secs.
Rows Read: 6602, Total Rows Processed: 6602, Total Chunk Time: 0.001 seconds 

Starting values (iteration 1) time: 0.010 secs.
Rows Read: 6602, Total Rows Processed: 6602, Total Chunk Time: Less than .001 seconds 

Iteration 2 time: 0.010 secs.
Rows Read: 6602, Total Rows Processed: 6602, Total Chunk Time: Less than .001 seconds 

Iteration 3 time: 0.009 secs.
Rows Read: 6602, Total Rows Processed: 6602, Total Chunk Time: 0.001 seconds 

Iteration 4 time: 0.007 secs.

Elapsed computation time: 0.067 secs.

Elapsed computation time: 0.164 secs.
[1] "--------------------------------------------------------------------------------"
[1] "analyze.results.glm.step="
Logistic Regression Results for: RaceHorse.IsHitA ~ Jockey.TimeSdvAvg
Data: data
Dependent variable(s): RaceHorse.IsHitA
Total independent variables: 2 
Number of valid observations: 6602
Number of missing observations: 0 
 
Coefficients:
                  RaceHorse.IsHitA
(Intercept)                   -2.5
Jockey.TimeSdvAvg              0.6
[1] "analyze.results.glm.step.summary"
Call:
rxLogit(formula = formula, data = data, variableSelection = analyze.results.glm.step.varsel)

Logistic Regression Results for: RaceHorse.IsHitA ~ Jockey.TimeSdvAvg
Data: data
Dependent variable(s): RaceHorse.IsHitA
Total independent variables: 2 
Number of valid observations: 6602
Number of missing observations: 0 
-2*LogLikelihood: 3629.902 (Residual deviance on 6600 degrees of freedom)
 
Coefficients:
                  Estimate Std. Error z value Pr(>|z|)    
(Intercept)        -2.4969     0.0478  -52.29  2.2e-16 ***
Jockey.TimeSdvAvg   0.5964     0.1536    3.88    1e-04 ***
---
Signif. codes:  0 '***' 0.001 '**' 0.01 '*' 0.05 '.' 0.1 ' ' 1

Condition number of final variance-covariance matrix: 1 
Number of iterations: 4
[1] "--------------------------------------------------------------------------------"
[1] "2022-02-25 20:57:52 --- rxGlm with rxStepControl Finish ---"
[1] "2022-02-25 20:57:52 --- rxStepPlot Start ---"
[1] "pdfFilename=pdf_analyze_glm_Jockey_Type12_rxStepPlot.pdf"
[1] "rxStepPlot="
[1] "2022-02-25 20:57:52 --- rxStepPlot Finish ---"
[1] "2022-02-25 20:57:52 --- save.image Start ---"
[1] "save.image"
[1] "rdataFilename=RData_analyze_glm_Jockey_Type12.RData"
[1] "2022-02-25 20:57:52 --- save.image Finish ---"
[1] "2022-02-25 20:57:52 --- final Start ---"
[1] "--------------------------------------------------------------------------------"
[1] "nrow(data) final=6602"
[1] "--------------------------------------------------------------------------------"
[1] "2022-02-25 20:57:52 --- final Finish ---"
[1] "2022-02-25 20:57:52 --- analyze_glm.R Finished ---"
[1] "2022-02-25 20:57:52 --- log Finish ---"
