[1] "2022-03-08 19:08:22 --- D1115_analyze_glm_Jockey_IsHitA_Type26 Start ---"
[1] "2022-03-08 19:08:22 --- Log Start ---"
[1] "2022-03-08 19:08:22 --- analyze_glm.R Start ---"
[1] "analyzeVersion=D1115"
[1] "analyzeCategory=analyze"
[1] "analyzeType=Jockey"
[1] "analyzeFamily=IsHitA"
[1] "analyzeFunc=glm"
[1] "analyzeTrackTypeCd=2"
[1] "analyzeJyokenCd=6"
[1] "2022-03-08 19:08:22 --- source_function.R Start ---"
[1] "2022-03-08 19:08:22 --- source_function.R Finished ---"

> print(paste0(Sys.time(), " --- source_library.R Start ---"))
[1] "2022-03-08 19:08:22 --- source_library.R Start ---"

> require("RevoScaleR")

> print(paste0(Sys.time(), " --- source_library.R Finished ---"))
[1] "2022-03-08 19:08:23 --- source_library.R Finished ---"
[1] "2022-03-08 19:08:23 --- RxSqlServerData Start ---"
[1] "2022-03-08 19:08:23 --- RxInSqlServer Start ---"
[1] "2022-03-08 19:08:23 --- RxInSqlServer Finish ---"
[1] "2022-03-08 19:08:23 --- rxSetComputeContext Start ---"
[1] "2022-03-08 19:08:23 --- rxSetComputeContext Finish ---"
[1] "2022-03-08 19:08:23 --- RxSqlServerData Start ---"
[1] "sqlQuery=SELECT * FROM ViewAnalyzeD1115analyze01JockeyType26"
[1] "2022-03-08 19:08:23 --- RxSqlServerData Finish ---"
[1] "2022-03-08 19:08:23 --- rxGetVarInfo Start ---"
[1] "2022-03-08 19:08:24 --- rxGetVarInfo Finish---"
[1] "2022-03-08 19:08:24 --- rxImport Start ---"
Rows Read: 6717, Total Rows Processed: 6717, Total Chunk Time: 72.035 seconds 
[1] "2022-03-08 19:11:11 --- rxImport Finish ---"
[1] "object.size(data) auto=2.6 Mb"
[1] "--------------------------------------------------------------------------------"
[1] "nrow(data) RxSqlServerData=6717"
[1] "--------------------------------------------------------------------------------"
[1] "str(data)="
'data.frame':	6717 obs. of  47 variables:
 $ Race.RaceId                      : Factor w/ 467 levels "20160124-06-01-08-03",..: 9 10 2 11 12 13 14 5 8 15 ...
 $ Race.IsAnalyzeNormalPastAndFuture: logi  TRUE TRUE TRUE TRUE TRUE TRUE ...
 $ Race.IsAnalyzeNormalPast         : logi  TRUE TRUE TRUE TRUE TRUE TRUE ...
 $ Race.IsAnalyzeNormalFuture       : logi  FALSE FALSE FALSE FALSE FALSE FALSE ...
 $ Race.IsAnalyzeFullPastAndFuture  : logi  TRUE TRUE TRUE TRUE TRUE TRUE ...
 $ Race.IsAnalyzeFullPast           : logi  TRUE TRUE TRUE TRUE TRUE TRUE ...
 $ Race.IsAnalyzeFullFuture         : logi  FALSE FALSE FALSE FALSE FALSE FALSE ...
 $ Race.JyokenCd                    : Factor w/ 1 level "6": 1 1 1 1 1 1 1 1 1 1 ...
 $ Race.JyoType1Cd                  : Factor w/ 68 levels "24-06-1200-2",..: 9 10 2 11 6 9 12 5 8 6 ...
 $ Race.RaceType1Cd                 : Factor w/ 2 levels "2-6-12","2-6-11": 1 1 1 1 1 1 1 1 1 1 ...
 $ RaceHorse.RaceId                 : Factor w/ 467 levels "20160124-06-01-08-03",..: 9 10 2 11 12 13 14 5 8 15 ...
 $ RaceHorse.KettoNum               : Factor w/ 6702 levels "2013100033","2013100237",..: 11 12 13 14 15 16 17 18 19 20 ...
 $ RaceHorse.IsHit1                 : num  0 0 0 0 0 0 0 0 0 0 ...
 $ RaceHorse.IsHit2                 : num  0 0 0 0 0 0 0 0 0 0 ...
 $ RaceHorse.IsHit3                 : num  0 0 0 1 0 0 0 0 0 0 ...
 $ RaceHorse.IsHit4                 : num  0 0 0 0 0 0 1 0 0 0 ...
 $ RaceHorse.IsHit5                 : num  0 0 0 0 0 0 0 0 0 0 ...
 $ RaceHorse.IsHit6                 : num  1 1 1 0 1 1 0 1 1 1 ...
 $ RaceHorse.IsValidRaceHorse       : logi  TRUE TRUE FALSE TRUE TRUE TRUE ...
 $ RaceHorse.FinishTimeSdvByRace    : num  -0.454 0.437 -2.268 1.334 0.276 ...
 $ RaceHorse.FirstTimeSdvByRace     : num  -1.439 0.819 -1.119 1.061 0.269 ...
 $ RaceHorse.LastTimeSdvByRace      : num  0.3512 -0.0639 -1.8985 1.0777 0.2223 ...
 $ RaceHorse.FinishTimeSdv          : num  -1.057 -0.317 -2.7 -0.691 -1.025 ...
 $ RaceHorse.FirstTimeSdv           : num  -1.465 0.224 -1.211 -1.607 -1.101 ...
 $ RaceHorse.LastTimeSdv            : num  -0.255 -0.604 -2.829 0.289 -0.477 ...
 $ RaceHorse.IsHitA                 : num  0 0 0 0 0 0 0 0 0 0 ...
 $ RaceHorse.IsHitB                 : num  0 0 0 0 0 0 0 0 0 0 ...
 $ RaceHorse.IsHitC                 : num  0 0 0 1 0 0 0 0 0 0 ...
 $ Jockey.FinishTimeSdvByRaceAvg    : num  0.0151 0.1139 0.7206 0.6684 0.3592 ...
 $ Jockey.FirstTimeSdvByRaceAvg     : num  0.2313 0.0604 0.2885 0.4985 0.2708 ...
 $ Jockey.LastTimeSdvByRaceAvg      : num  -0.23693 -0.00467 0.5099 0.42785 0.22303 ...
 $ Jockey.FinishTimeSdvAvg          : num  -1.083 -1.057 -0.72 -0.66 -0.916 ...
 $ Jockey.FirstTimeSdvAvg           : num  -0.98 -1.133 -1.209 -0.846 -0.899 ...
 $ Jockey.LastTimeSdvAvg            : num  -0.66524 -0.49786 0.00394 -0.21124 -0.52221 ...
 $ Jockey.RealOddsLog1Avg           : num  3.54 3.2 3.27 2.28 4.23 ...
 $ Jockey.RunCount                  : num  27 10 14 35 18 31 11 23 6 29 ...
 $ Jockey.HitCount1                 : num  0 0 1 4 1 5 0 2 0 3 ...
 $ Jockey.HitCount2                 : num  1 1 1 3 2 3 3 0 0 1 ...
 $ Jockey.HitCount3                 : num  0 0 2 6 1 5 0 1 1 0 ...
 $ Jockey.HitCount4                 : num  3 2 2 6 1 2 1 2 1 3 ...
 $ Jockey.HitCount5                 : num  1 1 2 5 2 2 1 1 0 8 ...
 $ Jockey.HitRate1                  : num  0 0 0.0714 0.1143 0.0556 ...
 $ Jockey.HitRate2                  : num  0.037 0.1 0.0714 0.0857 0.1111 ...
 $ Jockey.HitRate3                  : num  0 0 0.1429 0.1714 0.0556 ...
 $ Jockey.HitRate4                  : num  0.1111 0.2 0.1429 0.1714 0.0556 ...
 $ Jockey.HitRate5                  : num  0.037 0.1 0.143 0.143 0.111 ...
 $ EOF                              : int  1 1 1 1 1 1 1 1 1 1 ...
[1] "2022-03-08 19:11:12 --- RxSqlServerData Finish ---"
[1] "2022-03-08 19:11:12 --- subset Start ---"
[1] "--------------------------------------------------------------------------------"
[1] "nrow(data) subset before=6717"
[1] "nrow(data) subset after =6717"
[1] "nrow(data) subset diff =0"
[1] "--------------------------------------------------------------------------------"
[1] "2022-03-08 19:11:12 --- subset Finish---"
[1] "2022-03-08 19:11:12 --- transform Start ---"
[1] "--------------------------------------------------------------------------------"
[1] "nrow(data) transform before=6717"
[1] "nrow(data) transform after=6717"
[1] "nrow(data) transform diff=0"
[1] "--------------------------------------------------------------------------------"
[1] "str(data)="
'data.frame':	6717 obs. of  47 variables:
 $ Race.RaceId                      : Factor w/ 467 levels "20160124-06-01-08-03",..: 9 10 2 11 12 13 14 5 8 15 ...
 $ Race.IsAnalyzeNormalPastAndFuture: logi  TRUE TRUE TRUE TRUE TRUE TRUE ...
 $ Race.IsAnalyzeNormalPast         : logi  TRUE TRUE TRUE TRUE TRUE TRUE ...
 $ Race.IsAnalyzeNormalFuture       : logi  FALSE FALSE FALSE FALSE FALSE FALSE ...
 $ Race.IsAnalyzeFullPastAndFuture  : logi  TRUE TRUE TRUE TRUE TRUE TRUE ...
 $ Race.IsAnalyzeFullPast           : logi  TRUE TRUE TRUE TRUE TRUE TRUE ...
 $ Race.IsAnalyzeFullFuture         : logi  FALSE FALSE FALSE FALSE FALSE FALSE ...
 $ Race.JyokenCd                    : Factor w/ 1 level "6": 1 1 1 1 1 1 1 1 1 1 ...
 $ Race.JyoType1Cd                  : Factor w/ 68 levels "24-06-1200-2",..: 9 10 2 11 6 9 12 5 8 6 ...
 $ Race.RaceType1Cd                 : Factor w/ 2 levels "2-6-12","2-6-11": 1 1 1 1 1 1 1 1 1 1 ...
 $ RaceHorse.RaceId                 : Factor w/ 467 levels "20160124-06-01-08-03",..: 9 10 2 11 12 13 14 5 8 15 ...
 $ RaceHorse.KettoNum               : Factor w/ 6702 levels "2013100033","2013100237",..: 11 12 13 14 15 16 17 18 19 20 ...
 $ RaceHorse.IsHit1                 : num  0 0 0 0 0 0 0 0 0 0 ...
 $ RaceHorse.IsHit2                 : num  0 0 0 0 0 0 0 0 0 0 ...
 $ RaceHorse.IsHit3                 : num  0 0 0 1 0 0 0 0 0 0 ...
 $ RaceHorse.IsHit4                 : num  0 0 0 0 0 0 1 0 0 0 ...
 $ RaceHorse.IsHit5                 : num  0 0 0 0 0 0 0 0 0 0 ...
 $ RaceHorse.IsHit6                 : num  1 1 1 0 1 1 0 1 1 1 ...
 $ RaceHorse.IsValidRaceHorse       : logi  TRUE TRUE FALSE TRUE TRUE TRUE ...
 $ RaceHorse.FinishTimeSdvByRace    : num  -0.454 0.437 -2.268 1.334 0.276 ...
 $ RaceHorse.FirstTimeSdvByRace     : num  -1.439 0.819 -1.119 1.061 0.269 ...
 $ RaceHorse.LastTimeSdvByRace      : num  0.3512 -0.0639 -1.8985 1.0777 0.2223 ...
 $ RaceHorse.FinishTimeSdv          : num  -1.057 -0.317 -2.7 -0.691 -1.025 ...
 $ RaceHorse.FirstTimeSdv           : num  -1.465 0.224 -1.211 -1.607 -1.101 ...
 $ RaceHorse.LastTimeSdv            : num  -0.255 -0.604 -2.829 0.289 -0.477 ...
 $ RaceHorse.IsHitA                 : num  0 0 0 0 0 0 0 0 0 0 ...
 $ RaceHorse.IsHitB                 : num  0 0 0 0 0 0 0 0 0 0 ...
 $ RaceHorse.IsHitC                 : num  0 0 0 1 0 0 0 0 0 0 ...
 $ Jockey.FinishTimeSdvByRaceAvg    : num  0.0151 0.1139 0.7206 0.6684 0.3592 ...
 $ Jockey.FirstTimeSdvByRaceAvg     : num  0.2313 0.0604 0.2885 0.4985 0.2708 ...
 $ Jockey.LastTimeSdvByRaceAvg      : num  -0.23693 -0.00467 0.5099 0.42785 0.22303 ...
 $ Jockey.FinishTimeSdvAvg          : num  -1.083 -1.057 -0.72 -0.66 -0.916 ...
 $ Jockey.FirstTimeSdvAvg           : num  -0.98 -1.133 -1.209 -0.846 -0.899 ...
 $ Jockey.LastTimeSdvAvg            : num  -0.66524 -0.49786 0.00394 -0.21124 -0.52221 ...
 $ Jockey.RealOddsLog1Avg           : num  3.54 3.2 3.27 2.28 4.23 ...
 $ Jockey.RunCount                  : num  27 10 14 35 18 31 11 23 6 29 ...
 $ Jockey.HitCount1                 : num  0 0 1 4 1 5 0 2 0 3 ...
 $ Jockey.HitCount2                 : num  1 1 1 3 2 3 3 0 0 1 ...
 $ Jockey.HitCount3                 : num  0 0 2 6 1 5 0 1 1 0 ...
 $ Jockey.HitCount4                 : num  3 2 2 6 1 2 1 2 1 3 ...
 $ Jockey.HitCount5                 : num  1 1 2 5 2 2 1 1 0 8 ...
 $ Jockey.HitRate1                  : num  0 0 0.0714 0.1143 0.0556 ...
 $ Jockey.HitRate2                  : num  0.037 0.1 0.0714 0.0857 0.1111 ...
 $ Jockey.HitRate3                  : num  0 0 0.1429 0.1714 0.0556 ...
 $ Jockey.HitRate4                  : num  0.1111 0.2 0.1429 0.1714 0.0556 ...
 $ Jockey.HitRate5                  : num  0.037 0.1 0.143 0.143 0.111 ...
 $ EOF                              : int  1 1 1 1 1 1 1 1 1 1 ...
NULL
[1] "2022-03-08 19:11:12 --- transform Finish ---"
[1] "2022-03-08 19:11:12 --- na.omit Start ---"
[1] "--------------------------------------------------------------------------------"
[1] "nrow(data) na.omit before=6717"
[1] "nrow(data) na.omit after =6653"
[1] "nrow(data) na.omit diff =64"
[1] "--------------------------------------------------------------------------------"
'data.frame':	6653 obs. of  47 variables:
 $ Race.RaceId                      : Factor w/ 467 levels "20160124-06-01-08-03",..: 9 10 2 11 12 13 14 5 8 15 ...
 $ Race.IsAnalyzeNormalPastAndFuture: logi  TRUE TRUE TRUE TRUE TRUE TRUE ...
 $ Race.IsAnalyzeNormalPast         : logi  TRUE TRUE TRUE TRUE TRUE TRUE ...
 $ Race.IsAnalyzeNormalFuture       : logi  FALSE FALSE FALSE FALSE FALSE FALSE ...
 $ Race.IsAnalyzeFullPastAndFuture  : logi  TRUE TRUE TRUE TRUE TRUE TRUE ...
 $ Race.IsAnalyzeFullPast           : logi  TRUE TRUE TRUE TRUE TRUE TRUE ...
 $ Race.IsAnalyzeFullFuture         : logi  FALSE FALSE FALSE FALSE FALSE FALSE ...
 $ Race.JyokenCd                    : Factor w/ 1 level "6": 1 1 1 1 1 1 1 1 1 1 ...
 $ Race.JyoType1Cd                  : Factor w/ 68 levels "24-06-1200-2",..: 9 10 2 11 6 9 12 5 8 6 ...
 $ Race.RaceType1Cd                 : Factor w/ 2 levels "2-6-12","2-6-11": 1 1 1 1 1 1 1 1 1 1 ...
 $ RaceHorse.RaceId                 : Factor w/ 467 levels "20160124-06-01-08-03",..: 9 10 2 11 12 13 14 5 8 15 ...
 $ RaceHorse.KettoNum               : Factor w/ 6702 levels "2013100033","2013100237",..: 11 12 13 14 15 16 17 18 19 20 ...
 $ RaceHorse.IsHit1                 : num  0 0 0 0 0 0 0 0 0 0 ...
 $ RaceHorse.IsHit2                 : num  0 0 0 0 0 0 0 0 0 0 ...
 $ RaceHorse.IsHit3                 : num  0 0 0 1 0 0 0 0 0 0 ...
 $ RaceHorse.IsHit4                 : num  0 0 0 0 0 0 1 0 0 0 ...
 $ RaceHorse.IsHit5                 : num  0 0 0 0 0 0 0 0 0 0 ...
 $ RaceHorse.IsHit6                 : num  1 1 1 0 1 1 0 1 1 1 ...
 $ RaceHorse.IsValidRaceHorse       : logi  TRUE TRUE FALSE TRUE TRUE TRUE ...
 $ RaceHorse.FinishTimeSdvByRace    : num  -0.454 0.437 -2.268 1.334 0.276 ...
 $ RaceHorse.FirstTimeSdvByRace     : num  -1.439 0.819 -1.119 1.061 0.269 ...
 $ RaceHorse.LastTimeSdvByRace      : num  0.3512 -0.0639 -1.8985 1.0777 0.2223 ...
 $ RaceHorse.FinishTimeSdv          : num  -1.057 -0.317 -2.7 -0.691 -1.025 ...
 $ RaceHorse.FirstTimeSdv           : num  -1.465 0.224 -1.211 -1.607 -1.101 ...
 $ RaceHorse.LastTimeSdv            : num  -0.255 -0.604 -2.829 0.289 -0.477 ...
 $ RaceHorse.IsHitA                 : num  0 0 0 0 0 0 0 0 0 0 ...
 $ RaceHorse.IsHitB                 : num  0 0 0 0 0 0 0 0 0 0 ...
 $ RaceHorse.IsHitC                 : num  0 0 0 1 0 0 0 0 0 0 ...
 $ Jockey.FinishTimeSdvByRaceAvg    : num  0.0151 0.1139 0.7206 0.6684 0.3592 ...
 $ Jockey.FirstTimeSdvByRaceAvg     : num  0.2313 0.0604 0.2885 0.4985 0.2708 ...
 $ Jockey.LastTimeSdvByRaceAvg      : num  -0.23693 -0.00467 0.5099 0.42785 0.22303 ...
 $ Jockey.FinishTimeSdvAvg          : num  -1.083 -1.057 -0.72 -0.66 -0.916 ...
 $ Jockey.FirstTimeSdvAvg           : num  -0.98 -1.133 -1.209 -0.846 -0.899 ...
 $ Jockey.LastTimeSdvAvg            : num  -0.66524 -0.49786 0.00394 -0.21124 -0.52221 ...
 $ Jockey.RealOddsLog1Avg           : num  3.54 3.2 3.27 2.28 4.23 ...
 $ Jockey.RunCount                  : num  27 10 14 35 18 31 11 23 6 29 ...
 $ Jockey.HitCount1                 : num  0 0 1 4 1 5 0 2 0 3 ...
 $ Jockey.HitCount2                 : num  1 1 1 3 2 3 3 0 0 1 ...
 $ Jockey.HitCount3                 : num  0 0 2 6 1 5 0 1 1 0 ...
 $ Jockey.HitCount4                 : num  3 2 2 6 1 2 1 2 1 3 ...
 $ Jockey.HitCount5                 : num  1 1 2 5 2 2 1 1 0 8 ...
 $ Jockey.HitRate1                  : num  0 0 0.0714 0.1143 0.0556 ...
 $ Jockey.HitRate2                  : num  0.037 0.1 0.0714 0.0857 0.1111 ...
 $ Jockey.HitRate3                  : num  0 0 0.1429 0.1714 0.0556 ...
 $ Jockey.HitRate4                  : num  0.1111 0.2 0.1429 0.1714 0.0556 ...
 $ Jockey.HitRate5                  : num  0.037 0.1 0.143 0.143 0.111 ...
 $ EOF                              : int  1 1 1 1 1 1 1 1 1 1 ...
 - attr(*, "na.action")= 'omit' Named int  179 211 400 528 608 789 826 955 1039 1131 ...
  ..- attr(*, "names")= chr  "179" "211" "400" "528" ...
[1] "2022-03-08 19:11:12 --- na.omit Finish ---"
[1] "2022-03-08 19:11:12 --- rxLogit with rxStepControl Start ---"

> print(paste0(Sys.time(), " --- source_logic_glm.R Start ---"))
[1] "2022-03-08 19:11:12 --- source_logic_glm.R Start ---"

> formula <- formula(RaceHorse.IsHitA ~ +1 + Jockey.FinishTimeSdvByRaceAvg)

> print(paste0(Sys.time(), " --- source_logic_glm.R Finished ---"))
[1] "2022-03-08 19:11:12 --- source_logic_glm.R Finished ---"
Rows Read: 6653, Total Rows Processed: 6653, Total Chunk Time: 0.001 seconds 

Starting values (iteration 1) time: 0.015 secs.
Rows Read: 6653, Total Rows Processed: 6653, Total Chunk Time: 0.001 seconds 

Iteration 2 time: 0.004 secs.
Rows Read: 6653, Total Rows Processed: 6653, Total Chunk Time: 0.001 seconds 

Iteration 3 time: 0.003 secs.
Rows Read: 6653, Total Rows Processed: 6653, Total Chunk Time: 0.001 seconds 

Iteration 4 time: 0.003 secs.
Rows Read: 6653, Total Rows Processed: 6653, Total Chunk Time: 0.001 seconds 

Iteration 5 time: 0.005 secs.

Elapsed computation time: 0.044 secs.
Rows Read: 6653, Total Rows Processed: 6653, Total Chunk Time: 0.001 seconds 

Starting values (iteration 1) time: 0.005 secs.
Rows Read: 6653, Total Rows Processed: 6653, Total Chunk Time: 0.001 seconds 

Iteration 2 time: 0.005 secs.

Elapsed computation time: 0.017 secs.
Rows Read: 6653, Total Rows Processed: 6653, Total Chunk Time: 0.001 seconds 

Starting values (iteration 1) time: 0.006 secs.
Rows Read: 6653, Total Rows Processed: 6653, Total Chunk Time: 0.002 seconds 

Iteration 2 time: 0.006 secs.
Rows Read: 6653, Total Rows Processed: 6653, Total Chunk Time: 0.001 seconds 

Iteration 3 time: 0.005 secs.
Rows Read: 6653, Total Rows Processed: 6653, Total Chunk Time: Less than .001 seconds 

Iteration 4 time: 0.003 secs.
Rows Read: 6653, Total Rows Processed: 6653, Total Chunk Time: 0.002 seconds 

Iteration 5 time: 0.005 secs.

Elapsed computation time: 0.044 secs.

Elapsed computation time: 0.119 secs.
[1] "--------------------------------------------------------------------------------"
[1] "analyze.results.glm.step="
Logistic Regression Results for: RaceHorse.IsHitA ~
    Jockey.FinishTimeSdvByRaceAvg
Data: data
Dependent variable(s): RaceHorse.IsHitA
Total independent variables: 2 
Number of valid observations: 6653
Number of missing observations: 0 
 
Coefficients:
                              RaceHorse.IsHitA
(Intercept)                                 -3
Jockey.FinishTimeSdvByRaceAvg                2
[1] "analyze.results.glm.step.summary"
Call:
rxLogit(formula = formula, data = data, variableSelection = analyze.results.glm.step.varsel)

Logistic Regression Results for: RaceHorse.IsHitA ~
    Jockey.FinishTimeSdvByRaceAvg
Data: data
Dependent variable(s): RaceHorse.IsHitA
Total independent variables: 2 
Number of valid observations: 6653
Number of missing observations: 0 
-2*LogLikelihood: 3285.687 (Residual deviance on 6651 degrees of freedom)
 
Coefficients:
                              Estimate Std. Error z value Pr(>|z|)    
(Intercept)                    -3.2799     0.0967  -33.90  2.2e-16 ***
Jockey.FinishTimeSdvByRaceAvg   1.8051     0.1936    9.32  2.2e-16 ***
---
Signif. codes:  0 '***' 0.001 '**' 0.01 '*' 0.05 '.' 0.1 ' ' 1

Condition number of final variance-covariance matrix: 1 
Number of iterations: 5
[1] "--------------------------------------------------------------------------------"
[1] "2022-03-08 19:11:12 --- rxLogit with rxStepControl Finish ---"
[1] "2022-03-08 19:11:12 --- rxStepPlot Start ---"
[1] "pdfFilename=pdf_analyze_glm_Jockey_Type26_rxStepPlot.pdf"
[1] "rxStepPlot="
[1] "2022-03-08 19:11:12 --- rxStepPlot Finish ---"
[1] "2022-03-08 19:11:12 --- save.image Start ---"
[1] "save.image"
[1] "rdataFilename=RData_analyze_glm_Jockey_Type26.RData"
[1] "2022-03-08 19:11:13 --- save.image Finish ---"
[1] "2022-03-08 19:11:13 --- final Start ---"
[1] "--------------------------------------------------------------------------------"
[1] "nrow(data) final=6653"
[1] "--------------------------------------------------------------------------------"
[1] "2022-03-08 19:11:13 --- final Finish ---"
[1] "2022-03-08 19:11:13 --- analyze_glm.R Finished ---"
[1] "2022-03-08 19:11:13 --- log Finish ---"
