[1] "2022-03-08 18:55:04 --- D1115_analyze_glm_Horse_IsHitA_Type14 Start ---"
[1] "2022-03-08 18:55:04 --- Log Start ---"
[1] "2022-03-08 18:55:04 --- analyze_glm.R Start ---"
[1] "analyzeVersion=D1115"
[1] "analyzeCategory=analyze"
[1] "analyzeType=Horse"
[1] "analyzeFamily=IsHitA"
[1] "analyzeFunc=glm"
[1] "analyzeTrackTypeCd=1"
[1] "analyzeJyokenCd=4"
[1] "2022-03-08 18:55:04 --- source_function.R Start ---"
[1] "2022-03-08 18:55:04 --- source_function.R Finished ---"

> print(paste0(Sys.time(), " --- source_library.R Start ---"))
[1] "2022-03-08 18:55:04 --- source_library.R Start ---"

> require("RevoScaleR")

> print(paste0(Sys.time(), " --- source_library.R Finished ---"))
[1] "2022-03-08 18:55:05 --- source_library.R Finished ---"
[1] "2022-03-08 18:55:05 --- RxSqlServerData Start ---"
[1] "2022-03-08 18:55:05 --- RxInSqlServer Start ---"
[1] "2022-03-08 18:55:05 --- RxInSqlServer Finish ---"
[1] "2022-03-08 18:55:05 --- rxSetComputeContext Start ---"
[1] "2022-03-08 18:55:05 --- rxSetComputeContext Finish ---"
[1] "2022-03-08 18:55:05 --- RxSqlServerData Start ---"
[1] "sqlQuery=SELECT * FROM ViewAnalyzeD1115analyze01HorseType14"
[1] "2022-03-08 18:55:05 --- RxSqlServerData Finish ---"
[1] "2022-03-08 18:55:05 --- rxGetVarInfo Start ---"
[1] "2022-03-08 18:55:07 --- rxGetVarInfo Finish---"
[1] "2022-03-08 18:55:07 --- rxImport Start ---"
Rows Read: 30288, Total Rows Processed: 30288, Total Chunk Time: 2.483 seconds 
[1] "2022-03-08 18:55:19 --- rxImport Finish ---"
[1] "object.size(data) auto=10.7 Mb"
[1] "--------------------------------------------------------------------------------"
[1] "nrow(data) RxSqlServerData=30288"
[1] "--------------------------------------------------------------------------------"
[1] "str(data)="
'data.frame':	30288 obs. of  48 variables:
 $ Race.RaceId                      : Factor w/ 2247 levels "20160109-06-01-02-06",..: 1 2 2 2 7 5 8 9 9 10 ...
 $ Race.IsAnalyzeNormalPastAndFuture: logi  TRUE TRUE TRUE TRUE TRUE TRUE ...
 $ Race.IsAnalyzeNormalPast         : logi  TRUE TRUE TRUE TRUE TRUE TRUE ...
 $ Race.IsAnalyzeNormalFuture       : logi  FALSE FALSE FALSE FALSE FALSE FALSE ...
 $ Race.IsAnalyzeFullPastAndFuture  : logi  TRUE TRUE TRUE TRUE TRUE TRUE ...
 $ Race.IsAnalyzeFullPast           : logi  TRUE TRUE TRUE TRUE TRUE TRUE ...
 $ Race.IsAnalyzeFullFuture         : logi  FALSE FALSE FALSE FALSE FALSE FALSE ...
 $ Race.JyokenCd                    : Factor w/ 1 level "4": 1 1 1 1 1 1 1 1 1 1 ...
 $ Race.JyoType1Cd                  : Factor w/ 180 levels "18-06-1200-1",..: 1 2 2 2 7 5 2 8 8 9 ...
 $ Race.RaceType1Cd                 : Factor w/ 4 levels "1-4-12","1-4-14",..: 1 2 2 2 2 2 1 2 2 1 ...
 $ RaceHorse.RaceId                 : Factor w/ 2247 levels "20160109-06-01-02-06",..: 1 2 2 2 7 5 8 9 9 10 ...
 $ RaceHorse.KettoNum               : Factor w/ 6830 levels "2013101315","2011101385",..: 11 12 13 14 15 16 17 18 19 20 ...
 $ RaceHorse.IsHit1                 : num  0 0 0 0 0 0 0 0 0 0 ...
 $ RaceHorse.IsHit2                 : num  0 0 0 0 0 0 1 0 0 0 ...
 $ RaceHorse.IsHit3                 : num  0 0 0 0 0 0 0 1 0 0 ...
 $ RaceHorse.IsHit4                 : num  0 0 0 0 0 1 0 0 0 0 ...
 $ RaceHorse.IsHit5                 : num  0 0 0 0 0 0 0 0 0 1 ...
 $ RaceHorse.IsHit6                 : num  1 1 1 1 1 0 0 0 1 0 ...
 $ RaceHorse.IsValidRaceHorse       : logi  TRUE TRUE FALSE TRUE TRUE TRUE ...
 $ RaceHorse.FinishTimeSdvByRace    : num  0.3362 0.0405 -0.6079 -1.4726 -0.8218 ...
 $ RaceHorse.FirstTimeSdvByRace     : num  -0.391 0.825 -2.084 1.273 1.095 ...
 $ RaceHorse.LastTimeSdvByRace      : num  0.461 -0.538 0.999 -1.92 -1.519 ...
 $ RaceHorse.FinishTimeSdv          : num  0.288 0.345 0.1899 -0.0168 0.5213 ...
 $ RaceHorse.FirstTimeSdv           : num  0.226 0.391 -0.399 0.512 1.321 ...
 $ RaceHorse.LastTimeSdv            : num  0.1723 0.0211 0.9057 -0.775 -0.8264 ...
 $ RaceHorse.IsHitA                 : num  0 0 0 0 0 0 0 0 0 0 ...
 $ RaceHorse.IsHitB                 : num  0 0 0 0 0 0 1 0 0 0 ...
 $ RaceHorse.IsHitC                 : num  0 0 0 0 0 0 1 1 0 0 ...
 $ Horse.KettoNum                   : Factor w/ 6830 levels "2013101315","2011101385",..: 11 12 13 14 15 16 17 18 19 20 ...
 $ Horse.FinishTimeSdvByRaceAvg     : num  -0.0282 0.906 -0.703 -0.2134 0.2355 ...
 $ Horse.FirstTimeSdvByRaceAvg      : num  0.0621 0.154 0.2235 -0.1268 1.0575 ...
 $ Horse.LastTimeSdvByRaceAvg       : num  -0.0861 0.6466 -0.9622 -0.21 -0.3747 ...
 $ Horse.FinishTimeSdvAvg           : num  0.00431 0.59306 -0.89003 -0.61628 0.48199 ...
 $ Horse.FirstTimeSdvAvg            : num  -0.0464 0.4303 -0.2666 -0.3594 0.6062 ...
 $ Horse.LastTimeSdvAvg             : num  0.060024 0.332475 -0.913663 -0.521553 -0.000431 ...
 $ Horse.RealOddsLog1Avg            : num  3.14 1.79 4.07 3.84 2.88 ...
 $ Horse.RunCount                   : num  7 10 5 7 19 19 4 4 11 3 ...
 $ Horse.HitCount1                  : num  1 2 0 0 2 1 1 1 1 1 ...
 $ Horse.HitCount2                  : num  0 3 0 0 2 2 1 0 2 0 ...
 $ Horse.HitCount3                  : num  0 1 0 1 1 3 0 0 0 0 ...
 $ Horse.HitCount4                  : num  0 1 0 0 3 5 0 0 3 0 ...
 $ Horse.HitCount5                  : num  2 1 0 0 1 1 0 1 0 0 ...
 $ Horse.HitRate1                   : num  0.143 0.2 0 0 0.105 ...
 $ Horse.HitRate2                   : num  0 0.3 0 0 0.105 ...
 $ Horse.HitRate3                   : num  0 0.1 0 0.1429 0.0526 ...
 $ Horse.HitRate4                   : num  0 0.1 0 0 0.158 ...
 $ Horse.HitRate5                   : num  0.2857 0.1 0 0 0.0526 ...
 $ EOF                              : int  1 1 1 1 1 1 1 1 1 1 ...
[1] "2022-03-08 18:55:19 --- RxSqlServerData Finish ---"
[1] "2022-03-08 18:55:19 --- subset Start ---"
[1] "--------------------------------------------------------------------------------"
[1] "nrow(data) subset before=30288"
[1] "nrow(data) subset after =30288"
[1] "nrow(data) subset diff =0"
[1] "--------------------------------------------------------------------------------"
[1] "2022-03-08 18:55:19 --- subset Finish---"
[1] "2022-03-08 18:55:19 --- transform Start ---"
[1] "--------------------------------------------------------------------------------"
[1] "nrow(data) transform before=30288"
[1] "nrow(data) transform after=30288"
[1] "nrow(data) transform diff=0"
[1] "--------------------------------------------------------------------------------"
[1] "str(data)="
'data.frame':	30288 obs. of  48 variables:
 $ Race.RaceId                      : Factor w/ 2247 levels "20160109-06-01-02-06",..: 1 2 2 2 7 5 8 9 9 10 ...
 $ Race.IsAnalyzeNormalPastAndFuture: logi  TRUE TRUE TRUE TRUE TRUE TRUE ...
 $ Race.IsAnalyzeNormalPast         : logi  TRUE TRUE TRUE TRUE TRUE TRUE ...
 $ Race.IsAnalyzeNormalFuture       : logi  FALSE FALSE FALSE FALSE FALSE FALSE ...
 $ Race.IsAnalyzeFullPastAndFuture  : logi  TRUE TRUE TRUE TRUE TRUE TRUE ...
 $ Race.IsAnalyzeFullPast           : logi  TRUE TRUE TRUE TRUE TRUE TRUE ...
 $ Race.IsAnalyzeFullFuture         : logi  FALSE FALSE FALSE FALSE FALSE FALSE ...
 $ Race.JyokenCd                    : Factor w/ 1 level "4": 1 1 1 1 1 1 1 1 1 1 ...
 $ Race.JyoType1Cd                  : Factor w/ 180 levels "18-06-1200-1",..: 1 2 2 2 7 5 2 8 8 9 ...
 $ Race.RaceType1Cd                 : Factor w/ 4 levels "1-4-12","1-4-14",..: 1 2 2 2 2 2 1 2 2 1 ...
 $ RaceHorse.RaceId                 : Factor w/ 2247 levels "20160109-06-01-02-06",..: 1 2 2 2 7 5 8 9 9 10 ...
 $ RaceHorse.KettoNum               : Factor w/ 6830 levels "2013101315","2011101385",..: 11 12 13 14 15 16 17 18 19 20 ...
 $ RaceHorse.IsHit1                 : num  0 0 0 0 0 0 0 0 0 0 ...
 $ RaceHorse.IsHit2                 : num  0 0 0 0 0 0 1 0 0 0 ...
 $ RaceHorse.IsHit3                 : num  0 0 0 0 0 0 0 1 0 0 ...
 $ RaceHorse.IsHit4                 : num  0 0 0 0 0 1 0 0 0 0 ...
 $ RaceHorse.IsHit5                 : num  0 0 0 0 0 0 0 0 0 1 ...
 $ RaceHorse.IsHit6                 : num  1 1 1 1 1 0 0 0 1 0 ...
 $ RaceHorse.IsValidRaceHorse       : logi  TRUE TRUE FALSE TRUE TRUE TRUE ...
 $ RaceHorse.FinishTimeSdvByRace    : num  0.3362 0.0405 -0.6079 -1.4726 -0.8218 ...
 $ RaceHorse.FirstTimeSdvByRace     : num  -0.391 0.825 -2.084 1.273 1.095 ...
 $ RaceHorse.LastTimeSdvByRace      : num  0.461 -0.538 0.999 -1.92 -1.519 ...
 $ RaceHorse.FinishTimeSdv          : num  0.288 0.345 0.1899 -0.0168 0.5213 ...
 $ RaceHorse.FirstTimeSdv           : num  0.226 0.391 -0.399 0.512 1.321 ...
 $ RaceHorse.LastTimeSdv            : num  0.1723 0.0211 0.9057 -0.775 -0.8264 ...
 $ RaceHorse.IsHitA                 : num  0 0 0 0 0 0 0 0 0 0 ...
 $ RaceHorse.IsHitB                 : num  0 0 0 0 0 0 1 0 0 0 ...
 $ RaceHorse.IsHitC                 : num  0 0 0 0 0 0 1 1 0 0 ...
 $ Horse.KettoNum                   : Factor w/ 6830 levels "2013101315","2011101385",..: 11 12 13 14 15 16 17 18 19 20 ...
 $ Horse.FinishTimeSdvByRaceAvg     : num  -0.0282 0.906 -0.703 -0.2134 0.2355 ...
 $ Horse.FirstTimeSdvByRaceAvg      : num  0.0621 0.154 0.2235 -0.1268 1.0575 ...
 $ Horse.LastTimeSdvByRaceAvg       : num  -0.0861 0.6466 -0.9622 -0.21 -0.3747 ...
 $ Horse.FinishTimeSdvAvg           : num  0.00431 0.59306 -0.89003 -0.61628 0.48199 ...
 $ Horse.FirstTimeSdvAvg            : num  -0.0464 0.4303 -0.2666 -0.3594 0.6062 ...
 $ Horse.LastTimeSdvAvg             : num  0.060024 0.332475 -0.913663 -0.521553 -0.000431 ...
 $ Horse.RealOddsLog1Avg            : num  3.14 1.79 4.07 3.84 2.88 ...
 $ Horse.RunCount                   : num  7 10 5 7 19 19 4 4 11 3 ...
 $ Horse.HitCount1                  : num  1 2 0 0 2 1 1 1 1 1 ...
 $ Horse.HitCount2                  : num  0 3 0 0 2 2 1 0 2 0 ...
 $ Horse.HitCount3                  : num  0 1 0 1 1 3 0 0 0 0 ...
 $ Horse.HitCount4                  : num  0 1 0 0 3 5 0 0 3 0 ...
 $ Horse.HitCount5                  : num  2 1 0 0 1 1 0 1 0 0 ...
 $ Horse.HitRate1                   : num  0.143 0.2 0 0 0.105 ...
 $ Horse.HitRate2                   : num  0 0.3 0 0 0.105 ...
 $ Horse.HitRate3                   : num  0 0.1 0 0.1429 0.0526 ...
 $ Horse.HitRate4                   : num  0 0.1 0 0 0.158 ...
 $ Horse.HitRate5                   : num  0.2857 0.1 0 0 0.0526 ...
 $ EOF                              : int  1 1 1 1 1 1 1 1 1 1 ...
NULL
[1] "2022-03-08 18:55:20 --- transform Finish ---"
[1] "2022-03-08 18:55:20 --- na.omit Start ---"
[1] "--------------------------------------------------------------------------------"
[1] "nrow(data) na.omit before=30288"
[1] "nrow(data) na.omit after =30122"
[1] "nrow(data) na.omit diff =166"
[1] "--------------------------------------------------------------------------------"
'data.frame':	30122 obs. of  48 variables:
 $ Race.RaceId                      : Factor w/ 2247 levels "20160109-06-01-02-06",..: 1 2 2 2 7 5 8 9 9 10 ...
 $ Race.IsAnalyzeNormalPastAndFuture: logi  TRUE TRUE TRUE TRUE TRUE TRUE ...
 $ Race.IsAnalyzeNormalPast         : logi  TRUE TRUE TRUE TRUE TRUE TRUE ...
 $ Race.IsAnalyzeNormalFuture       : logi  FALSE FALSE FALSE FALSE FALSE FALSE ...
 $ Race.IsAnalyzeFullPastAndFuture  : logi  TRUE TRUE TRUE TRUE TRUE TRUE ...
 $ Race.IsAnalyzeFullPast           : logi  TRUE TRUE TRUE TRUE TRUE TRUE ...
 $ Race.IsAnalyzeFullFuture         : logi  FALSE FALSE FALSE FALSE FALSE FALSE ...
 $ Race.JyokenCd                    : Factor w/ 1 level "4": 1 1 1 1 1 1 1 1 1 1 ...
 $ Race.JyoType1Cd                  : Factor w/ 180 levels "18-06-1200-1",..: 1 2 2 2 7 5 2 8 8 9 ...
 $ Race.RaceType1Cd                 : Factor w/ 4 levels "1-4-12","1-4-14",..: 1 2 2 2 2 2 1 2 2 1 ...
 $ RaceHorse.RaceId                 : Factor w/ 2247 levels "20160109-06-01-02-06",..: 1 2 2 2 7 5 8 9 9 10 ...
 $ RaceHorse.KettoNum               : Factor w/ 6830 levels "2013101315","2011101385",..: 11 12 13 14 15 16 17 18 19 20 ...
 $ RaceHorse.IsHit1                 : num  0 0 0 0 0 0 0 0 0 0 ...
 $ RaceHorse.IsHit2                 : num  0 0 0 0 0 0 1 0 0 0 ...
 $ RaceHorse.IsHit3                 : num  0 0 0 0 0 0 0 1 0 0 ...
 $ RaceHorse.IsHit4                 : num  0 0 0 0 0 1 0 0 0 0 ...
 $ RaceHorse.IsHit5                 : num  0 0 0 0 0 0 0 0 0 1 ...
 $ RaceHorse.IsHit6                 : num  1 1 1 1 1 0 0 0 1 0 ...
 $ RaceHorse.IsValidRaceHorse       : logi  TRUE TRUE FALSE TRUE TRUE TRUE ...
 $ RaceHorse.FinishTimeSdvByRace    : num  0.3362 0.0405 -0.6079 -1.4726 -0.8218 ...
 $ RaceHorse.FirstTimeSdvByRace     : num  -0.391 0.825 -2.084 1.273 1.095 ...
 $ RaceHorse.LastTimeSdvByRace      : num  0.461 -0.538 0.999 -1.92 -1.519 ...
 $ RaceHorse.FinishTimeSdv          : num  0.288 0.345 0.1899 -0.0168 0.5213 ...
 $ RaceHorse.FirstTimeSdv           : num  0.226 0.391 -0.399 0.512 1.321 ...
 $ RaceHorse.LastTimeSdv            : num  0.1723 0.0211 0.9057 -0.775 -0.8264 ...
 $ RaceHorse.IsHitA                 : num  0 0 0 0 0 0 0 0 0 0 ...
 $ RaceHorse.IsHitB                 : num  0 0 0 0 0 0 1 0 0 0 ...
 $ RaceHorse.IsHitC                 : num  0 0 0 0 0 0 1 1 0 0 ...
 $ Horse.KettoNum                   : Factor w/ 6830 levels "2013101315","2011101385",..: 11 12 13 14 15 16 17 18 19 20 ...
 $ Horse.FinishTimeSdvByRaceAvg     : num  -0.0282 0.906 -0.703 -0.2134 0.2355 ...
 $ Horse.FirstTimeSdvByRaceAvg      : num  0.0621 0.154 0.2235 -0.1268 1.0575 ...
 $ Horse.LastTimeSdvByRaceAvg       : num  -0.0861 0.6466 -0.9622 -0.21 -0.3747 ...
 $ Horse.FinishTimeSdvAvg           : num  0.00431 0.59306 -0.89003 -0.61628 0.48199 ...
 $ Horse.FirstTimeSdvAvg            : num  -0.0464 0.4303 -0.2666 -0.3594 0.6062 ...
 $ Horse.LastTimeSdvAvg             : num  0.060024 0.332475 -0.913663 -0.521553 -0.000431 ...
 $ Horse.RealOddsLog1Avg            : num  3.14 1.79 4.07 3.84 2.88 ...
 $ Horse.RunCount                   : num  7 10 5 7 19 19 4 4 11 3 ...
 $ Horse.HitCount1                  : num  1 2 0 0 2 1 1 1 1 1 ...
 $ Horse.HitCount2                  : num  0 3 0 0 2 2 1 0 2 0 ...
 $ Horse.HitCount3                  : num  0 1 0 1 1 3 0 0 0 0 ...
 $ Horse.HitCount4                  : num  0 1 0 0 3 5 0 0 3 0 ...
 $ Horse.HitCount5                  : num  2 1 0 0 1 1 0 1 0 0 ...
 $ Horse.HitRate1                   : num  0.143 0.2 0 0 0.105 ...
 $ Horse.HitRate2                   : num  0 0.3 0 0 0.105 ...
 $ Horse.HitRate3                   : num  0 0.1 0 0.1429 0.0526 ...
 $ Horse.HitRate4                   : num  0 0.1 0 0 0.158 ...
 $ Horse.HitRate5                   : num  0.2857 0.1 0 0 0.0526 ...
 $ EOF                              : int  1 1 1 1 1 1 1 1 1 1 ...
 - attr(*, "na.action")= 'omit' Named int  184 288 765 1054 1091 1584 1624 1735 1780 1861 ...
  ..- attr(*, "names")= chr  "184" "288" "765" "1054" ...
[1] "2022-03-08 18:55:20 --- na.omit Finish ---"
[1] "2022-03-08 18:55:20 --- rxLogit with rxStepControl Start ---"

> print(paste0(Sys.time(), " --- source_logic_glm.R Start ---"))
[1] "2022-03-08 18:55:20 --- source_logic_glm.R Start ---"

> formula <- formula(RaceHorse.IsHitA ~ +1 + Horse.FinishTimeSdvByRaceAvg)

> print(paste0(Sys.time(), " --- source_logic_glm.R Finished ---"))
[1] "2022-03-08 18:55:20 --- source_logic_glm.R Finished ---"
Rows Read: 30122, Total Rows Processed: 30122, Total Chunk Time: 0.002 seconds 

Starting values (iteration 1) time: 0.015 secs.
Rows Read: 30122, Total Rows Processed: 30122, Total Chunk Time: 0.003 seconds 

Iteration 2 time: 0.010 secs.
Rows Read: 30122, Total Rows Processed: 30122, Total Chunk Time: 0.003 seconds 

Iteration 3 time: 0.006 secs.
Rows Read: 30122, Total Rows Processed: 30122, Total Chunk Time: 0.002 seconds 

Iteration 4 time: 0.006 secs.
Rows Read: 30122, Total Rows Processed: 30122, Total Chunk Time: 0.003 seconds 

Iteration 5 time: 0.006 secs.

Elapsed computation time: 0.070 secs.
Rows Read: 30122, Total Rows Processed: 30122, Total Chunk Time: 0.001 seconds 

Starting values (iteration 1) time: 0.014 secs.
Rows Read: 30122, Total Rows Processed: 30122, Total Chunk Time: 0.002 seconds 

Iteration 2 time: 0.009 secs.

Elapsed computation time: 0.035 secs.
Rows Read: 30122, Total Rows Processed: 30122, Total Chunk Time: 0.002 seconds 

Starting values (iteration 1) time: 0.011 secs.
Rows Read: 30122, Total Rows Processed: 30122, Total Chunk Time: 0.002 seconds 

Iteration 2 time: 0.010 secs.
Rows Read: 30122, Total Rows Processed: 30122, Total Chunk Time: 0.003 seconds 

Iteration 3 time: 0.006 secs.
Rows Read: 30122, Total Rows Processed: 30122, Total Chunk Time: 0.003 seconds 

Iteration 4 time: 0.007 secs.
Rows Read: 30122, Total Rows Processed: 30122, Total Chunk Time: 0.003 seconds 

Iteration 5 time: 0.006 secs.

Elapsed computation time: 0.060 secs.

Elapsed computation time: 0.184 secs.
[1] "--------------------------------------------------------------------------------"
[1] "analyze.results.glm.step="
Logistic Regression Results for: RaceHorse.IsHitA ~
    Horse.FinishTimeSdvByRaceAvg
Data: data
Dependent variable(s): RaceHorse.IsHitA
Total independent variables: 2 
Number of valid observations: 30122
Number of missing observations: 0 
 
Coefficients:
                             RaceHorse.IsHitA
(Intercept)                                -3
Horse.FinishTimeSdvByRaceAvg                2
[1] "analyze.results.glm.step.summary"
Call:
rxLogit(formula = formula, data = data, variableSelection = analyze.results.glm.step.varsel)

Logistic Regression Results for: RaceHorse.IsHitA ~
    Horse.FinishTimeSdvByRaceAvg
Data: data
Dependent variable(s): RaceHorse.IsHitA
Total independent variables: 2 
Number of valid observations: 30122
Number of missing observations: 0 
-2*LogLikelihood: 14908.968 (Residual deviance on 30120 degrees of freedom)
 
Coefficients:
                             Estimate Std. Error z value Pr(>|z|)    
(Intercept)                   -3.4124     0.0416   -82.1  2.2e-16 ***
Horse.FinishTimeSdvByRaceAvg   1.7193     0.0553    31.1  2.2e-16 ***
---
Signif. codes:  0 '***' 0.001 '**' 0.01 '*' 0.05 '.' 0.1 ' ' 1

Condition number of final variance-covariance matrix: 1 
Number of iterations: 5
[1] "--------------------------------------------------------------------------------"
[1] "2022-03-08 18:55:21 --- rxLogit with rxStepControl Finish ---"
[1] "2022-03-08 18:55:21 --- rxStepPlot Start ---"
[1] "pdfFilename=pdf_analyze_glm_Horse_Type14_rxStepPlot.pdf"
[1] "rxStepPlot="
[1] "2022-03-08 18:55:21 --- rxStepPlot Finish ---"
[1] "2022-03-08 18:55:21 --- save.image Start ---"
[1] "save.image"
[1] "rdataFilename=RData_analyze_glm_Horse_Type14.RData"
[1] "2022-03-08 18:55:21 --- save.image Finish ---"
[1] "2022-03-08 18:55:21 --- final Start ---"
[1] "--------------------------------------------------------------------------------"
[1] "nrow(data) final=30122"
[1] "--------------------------------------------------------------------------------"
[1] "2022-03-08 18:55:21 --- final Finish ---"
[1] "2022-03-08 18:55:21 --- analyze_glm.R Finished ---"
[1] "2022-03-08 18:55:21 --- log Finish ---"
