[1] "2022-03-08 18:55:04 --- D1115_analyze_glm_Horse_IsHitA_Type21 Start ---"
[1] "2022-03-08 18:55:04 --- Log Start ---"
[1] "2022-03-08 18:55:04 --- analyze_glm.R Start ---"
[1] "analyzeVersion=D1115"
[1] "analyzeCategory=analyze"
[1] "analyzeType=Horse"
[1] "analyzeFamily=IsHitA"
[1] "analyzeFunc=glm"
[1] "analyzeTrackTypeCd=2"
[1] "analyzeJyokenCd=1"
[1] "2022-03-08 18:55:04 --- source_function.R Start ---"
[1] "2022-03-08 18:55:04 --- source_function.R Finished ---"

> print(paste0(Sys.time(), " --- source_library.R Start ---"))
[1] "2022-03-08 18:55:04 --- source_library.R Start ---"

> require("RevoScaleR")

> print(paste0(Sys.time(), " --- source_library.R Finished ---"))
[1] "2022-03-08 18:55:05 --- source_library.R Finished ---"
[1] "2022-03-08 18:55:05 --- RxSqlServerData Start ---"
[1] "2022-03-08 18:55:05 --- RxInSqlServer Start ---"
[1] "2022-03-08 18:55:05 --- RxInSqlServer Finish ---"
[1] "2022-03-08 18:55:05 --- rxSetComputeContext Start ---"
[1] "2022-03-08 18:55:05 --- rxSetComputeContext Finish ---"
[1] "2022-03-08 18:55:05 --- RxSqlServerData Start ---"
[1] "sqlQuery=SELECT * FROM ViewAnalyzeD1115analyze01HorseType21"
[1] "2022-03-08 18:55:05 --- RxSqlServerData Finish ---"
[1] "2022-03-08 18:55:05 --- rxGetVarInfo Start ---"
[1] "2022-03-08 18:55:07 --- rxGetVarInfo Finish---"
[1] "2022-03-08 18:55:07 --- rxImport Start ---"
Rows Read: 4390, Total Rows Processed: 4390, Total Chunk Time: 0.800 seconds 
[1] "2022-03-08 18:55:12 --- rxImport Finish ---"
[1] "object.size(data) auto=1.6 Mb"
[1] "--------------------------------------------------------------------------------"
[1] "nrow(data) RxSqlServerData=4390"
[1] "--------------------------------------------------------------------------------"
[1] "str(data)="
'data.frame':	4390 obs. of  48 variables:
 $ Race.RaceId                      : Factor w/ 301 levels "20160910-09-04-01-11",..: 11 12 13 14 15 16 17 18 19 20 ...
 $ Race.IsAnalyzeNormalPastAndFuture: logi  TRUE TRUE TRUE TRUE TRUE TRUE ...
 $ Race.IsAnalyzeNormalPast         : logi  TRUE TRUE TRUE TRUE TRUE TRUE ...
 $ Race.IsAnalyzeNormalFuture       : logi  FALSE FALSE FALSE FALSE FALSE FALSE ...
 $ Race.IsAnalyzeFullPastAndFuture  : logi  TRUE TRUE TRUE TRUE TRUE TRUE ...
 $ Race.IsAnalyzeFullPast           : logi  TRUE TRUE TRUE TRUE TRUE TRUE ...
 $ Race.IsAnalyzeFullFuture         : logi  FALSE FALSE FALSE FALSE FALSE FALSE ...
 $ Race.JyokenCd                    : Factor w/ 1 level "1": 1 1 1 1 1 1 1 1 1 1 ...
 $ Race.JyoType1Cd                  : Factor w/ 62 levels "24-09-1400-1",..: 8 9 10 11 12 1 8 4 7 13 ...
 $ Race.RaceType1Cd                 : Factor w/ 4 levels "2-1-13","2-1-14",..: 2 1 2 1 3 1 2 2 3 2 ...
 $ RaceHorse.RaceId                 : Factor w/ 301 levels "20160910-09-04-01-11",..: 11 12 13 14 15 16 17 18 19 20 ...
 $ RaceHorse.KettoNum               : Factor w/ 949 levels "2011100405","2012104882",..: 11 12 13 14 15 16 17 18 19 20 ...
 $ RaceHorse.IsHit1                 : num  0 0 0 0 0 0 0 0 0 0 ...
 $ RaceHorse.IsHit2                 : num  0 0 0 0 1 0 0 1 0 1 ...
 $ RaceHorse.IsHit3                 : num  1 0 0 0 0 0 0 0 0 0 ...
 $ RaceHorse.IsHit4                 : num  0 0 0 0 0 0 0 0 0 0 ...
 $ RaceHorse.IsHit5                 : num  0 0 0 0 0 0 0 0 0 0 ...
 $ RaceHorse.IsHit6                 : num  0 1 1 1 0 1 1 0 1 0 ...
 $ RaceHorse.IsValidRaceHorse       : logi  TRUE TRUE TRUE TRUE TRUE TRUE ...
 $ RaceHorse.FinishTimeSdvByRace    : num  0.8021 -1.1244 0.1724 -0.0372 1.0936 ...
 $ RaceHorse.FirstTimeSdvByRace     : num  1.2271 0.3274 -0.8109 -0.8802 0.0297 ...
 $ RaceHorse.LastTimeSdvByRace      : num  0.459 -1.236 0.795 0.19 1.474 ...
 $ RaceHorse.FinishTimeSdv          : num  1.407 0.238 0.861 0.958 1.429 ...
 $ RaceHorse.FirstTimeSdv           : num  1.609 1.635 -0.188 0.975 0.725 ...
 $ RaceHorse.LastTimeSdv            : num  0.374 -1.254 1.373 0.43 1.331 ...
 $ RaceHorse.IsHitA                 : num  0 0 0 0 0 0 0 0 0 0 ...
 $ RaceHorse.IsHitB                 : num  0 0 0 0 1 0 0 1 0 1 ...
 $ RaceHorse.IsHitC                 : num  1 0 0 0 1 0 0 1 0 1 ...
 $ Horse.KettoNum                   : Factor w/ 949 levels "2011100405","2012104882",..: 11 12 13 14 15 16 17 18 19 20 ...
 $ Horse.FinishTimeSdvByRaceAvg     : num  0.807 0.398 0.514 0.908 0.85 ...
 $ Horse.FirstTimeSdvByRaceAvg      : num  0.455 0.488 -0.226 0.416 0.465 ...
 $ Horse.LastTimeSdvByRaceAvg       : num  0.543 0.187 0.588 0.791 0.463 ...
 $ Horse.FinishTimeSdvAvg           : num  1.131 0.801 1.209 1.183 0.378 ...
 $ Horse.FirstTimeSdvAvg            : num  0.933 0.633 0.917 0.844 0.247 ...
 $ Horse.LastTimeSdvAvg             : num  0.778 0.547 0.873 0.906 0.311 ...
 $ Horse.RealOddsLog1Avg            : num  2.86 2.83 3.13 1.66 2.09 ...
 $ Horse.RunCount                   : num  25 51 29 20 7 17 13 16 5 11 ...
 $ Horse.HitCount1                  : num  5 5 5 5 2 4 4 3 2 5 ...
 $ Horse.HitCount2                  : num  4 3 1 4 1 1 2 3 0 1 ...
 $ Horse.HitCount3                  : num  5 10 5 4 1 3 0 3 0 0 ...
 $ Horse.HitCount4                  : num  1 5 3 2 0 1 1 2 0 1 ...
 $ Horse.HitCount5                  : num  2 4 4 1 0 0 2 2 1 1 ...
 $ Horse.HitRate1                   : num  0.2 0.098 0.172 0.25 0.286 ...
 $ Horse.HitRate2                   : num  0.16 0.0588 0.0345 0.2 0.1429 ...
 $ Horse.HitRate3                   : num  0.2 0.196 0.172 0.2 0.143 ...
 $ Horse.HitRate4                   : num  0.04 0.098 0.103 0.1 0 ...
 $ Horse.HitRate5                   : num  0.08 0.0784 0.1379 0.05 0 ...
 $ EOF                              : int  1 1 1 1 1 1 1 1 1 1 ...
[1] "2022-03-08 18:55:13 --- RxSqlServerData Finish ---"
[1] "2022-03-08 18:55:13 --- subset Start ---"
[1] "--------------------------------------------------------------------------------"
[1] "nrow(data) subset before=4390"
[1] "nrow(data) subset after =4390"
[1] "nrow(data) subset diff =0"
[1] "--------------------------------------------------------------------------------"
[1] "2022-03-08 18:55:13 --- subset Finish---"
[1] "2022-03-08 18:55:13 --- transform Start ---"
[1] "--------------------------------------------------------------------------------"
[1] "nrow(data) transform before=4390"
[1] "nrow(data) transform after=4390"
[1] "nrow(data) transform diff=0"
[1] "--------------------------------------------------------------------------------"
[1] "str(data)="
'data.frame':	4390 obs. of  48 variables:
 $ Race.RaceId                      : Factor w/ 301 levels "20160910-09-04-01-11",..: 11 12 13 14 15 16 17 18 19 20 ...
 $ Race.IsAnalyzeNormalPastAndFuture: logi  TRUE TRUE TRUE TRUE TRUE TRUE ...
 $ Race.IsAnalyzeNormalPast         : logi  TRUE TRUE TRUE TRUE TRUE TRUE ...
 $ Race.IsAnalyzeNormalFuture       : logi  FALSE FALSE FALSE FALSE FALSE FALSE ...
 $ Race.IsAnalyzeFullPastAndFuture  : logi  TRUE TRUE TRUE TRUE TRUE TRUE ...
 $ Race.IsAnalyzeFullPast           : logi  TRUE TRUE TRUE TRUE TRUE TRUE ...
 $ Race.IsAnalyzeFullFuture         : logi  FALSE FALSE FALSE FALSE FALSE FALSE ...
 $ Race.JyokenCd                    : Factor w/ 1 level "1": 1 1 1 1 1 1 1 1 1 1 ...
 $ Race.JyoType1Cd                  : Factor w/ 62 levels "24-09-1400-1",..: 8 9 10 11 12 1 8 4 7 13 ...
 $ Race.RaceType1Cd                 : Factor w/ 4 levels "2-1-13","2-1-14",..: 2 1 2 1 3 1 2 2 3 2 ...
 $ RaceHorse.RaceId                 : Factor w/ 301 levels "20160910-09-04-01-11",..: 11 12 13 14 15 16 17 18 19 20 ...
 $ RaceHorse.KettoNum               : Factor w/ 949 levels "2011100405","2012104882",..: 11 12 13 14 15 16 17 18 19 20 ...
 $ RaceHorse.IsHit1                 : num  0 0 0 0 0 0 0 0 0 0 ...
 $ RaceHorse.IsHit2                 : num  0 0 0 0 1 0 0 1 0 1 ...
 $ RaceHorse.IsHit3                 : num  1 0 0 0 0 0 0 0 0 0 ...
 $ RaceHorse.IsHit4                 : num  0 0 0 0 0 0 0 0 0 0 ...
 $ RaceHorse.IsHit5                 : num  0 0 0 0 0 0 0 0 0 0 ...
 $ RaceHorse.IsHit6                 : num  0 1 1 1 0 1 1 0 1 0 ...
 $ RaceHorse.IsValidRaceHorse       : logi  TRUE TRUE TRUE TRUE TRUE TRUE ...
 $ RaceHorse.FinishTimeSdvByRace    : num  0.8021 -1.1244 0.1724 -0.0372 1.0936 ...
 $ RaceHorse.FirstTimeSdvByRace     : num  1.2271 0.3274 -0.8109 -0.8802 0.0297 ...
 $ RaceHorse.LastTimeSdvByRace      : num  0.459 -1.236 0.795 0.19 1.474 ...
 $ RaceHorse.FinishTimeSdv          : num  1.407 0.238 0.861 0.958 1.429 ...
 $ RaceHorse.FirstTimeSdv           : num  1.609 1.635 -0.188 0.975 0.725 ...
 $ RaceHorse.LastTimeSdv            : num  0.374 -1.254 1.373 0.43 1.331 ...
 $ RaceHorse.IsHitA                 : num  0 0 0 0 0 0 0 0 0 0 ...
 $ RaceHorse.IsHitB                 : num  0 0 0 0 1 0 0 1 0 1 ...
 $ RaceHorse.IsHitC                 : num  1 0 0 0 1 0 0 1 0 1 ...
 $ Horse.KettoNum                   : Factor w/ 949 levels "2011100405","2012104882",..: 11 12 13 14 15 16 17 18 19 20 ...
 $ Horse.FinishTimeSdvByRaceAvg     : num  0.807 0.398 0.514 0.908 0.85 ...
 $ Horse.FirstTimeSdvByRaceAvg      : num  0.455 0.488 -0.226 0.416 0.465 ...
 $ Horse.LastTimeSdvByRaceAvg       : num  0.543 0.187 0.588 0.791 0.463 ...
 $ Horse.FinishTimeSdvAvg           : num  1.131 0.801 1.209 1.183 0.378 ...
 $ Horse.FirstTimeSdvAvg            : num  0.933 0.633 0.917 0.844 0.247 ...
 $ Horse.LastTimeSdvAvg             : num  0.778 0.547 0.873 0.906 0.311 ...
 $ Horse.RealOddsLog1Avg            : num  2.86 2.83 3.13 1.66 2.09 ...
 $ Horse.RunCount                   : num  25 51 29 20 7 17 13 16 5 11 ...
 $ Horse.HitCount1                  : num  5 5 5 5 2 4 4 3 2 5 ...
 $ Horse.HitCount2                  : num  4 3 1 4 1 1 2 3 0 1 ...
 $ Horse.HitCount3                  : num  5 10 5 4 1 3 0 3 0 0 ...
 $ Horse.HitCount4                  : num  1 5 3 2 0 1 1 2 0 1 ...
 $ Horse.HitCount5                  : num  2 4 4 1 0 0 2 2 1 1 ...
 $ Horse.HitRate1                   : num  0.2 0.098 0.172 0.25 0.286 ...
 $ Horse.HitRate2                   : num  0.16 0.0588 0.0345 0.2 0.1429 ...
 $ Horse.HitRate3                   : num  0.2 0.196 0.172 0.2 0.143 ...
 $ Horse.HitRate4                   : num  0.04 0.098 0.103 0.1 0 ...
 $ Horse.HitRate5                   : num  0.08 0.0784 0.1379 0.05 0 ...
 $ EOF                              : int  1 1 1 1 1 1 1 1 1 1 ...
NULL
[1] "2022-03-08 18:55:13 --- transform Finish ---"
[1] "2022-03-08 18:55:13 --- na.omit Start ---"
[1] "--------------------------------------------------------------------------------"
[1] "nrow(data) na.omit before=4390"
[1] "nrow(data) na.omit after =4365"
[1] "nrow(data) na.omit diff =25"
[1] "--------------------------------------------------------------------------------"
'data.frame':	4365 obs. of  48 variables:
 $ Race.RaceId                      : Factor w/ 301 levels "20160910-09-04-01-11",..: 11 12 13 14 15 16 17 18 19 20 ...
 $ Race.IsAnalyzeNormalPastAndFuture: logi  TRUE TRUE TRUE TRUE TRUE TRUE ...
 $ Race.IsAnalyzeNormalPast         : logi  TRUE TRUE TRUE TRUE TRUE TRUE ...
 $ Race.IsAnalyzeNormalFuture       : logi  FALSE FALSE FALSE FALSE FALSE FALSE ...
 $ Race.IsAnalyzeFullPastAndFuture  : logi  TRUE TRUE TRUE TRUE TRUE TRUE ...
 $ Race.IsAnalyzeFullPast           : logi  TRUE TRUE TRUE TRUE TRUE TRUE ...
 $ Race.IsAnalyzeFullFuture         : logi  FALSE FALSE FALSE FALSE FALSE FALSE ...
 $ Race.JyokenCd                    : Factor w/ 1 level "1": 1 1 1 1 1 1 1 1 1 1 ...
 $ Race.JyoType1Cd                  : Factor w/ 62 levels "24-09-1400-1",..: 8 9 10 11 12 1 8 4 7 13 ...
 $ Race.RaceType1Cd                 : Factor w/ 4 levels "2-1-13","2-1-14",..: 2 1 2 1 3 1 2 2 3 2 ...
 $ RaceHorse.RaceId                 : Factor w/ 301 levels "20160910-09-04-01-11",..: 11 12 13 14 15 16 17 18 19 20 ...
 $ RaceHorse.KettoNum               : Factor w/ 949 levels "2011100405","2012104882",..: 11 12 13 14 15 16 17 18 19 20 ...
 $ RaceHorse.IsHit1                 : num  0 0 0 0 0 0 0 0 0 0 ...
 $ RaceHorse.IsHit2                 : num  0 0 0 0 1 0 0 1 0 1 ...
 $ RaceHorse.IsHit3                 : num  1 0 0 0 0 0 0 0 0 0 ...
 $ RaceHorse.IsHit4                 : num  0 0 0 0 0 0 0 0 0 0 ...
 $ RaceHorse.IsHit5                 : num  0 0 0 0 0 0 0 0 0 0 ...
 $ RaceHorse.IsHit6                 : num  0 1 1 1 0 1 1 0 1 0 ...
 $ RaceHorse.IsValidRaceHorse       : logi  TRUE TRUE TRUE TRUE TRUE TRUE ...
 $ RaceHorse.FinishTimeSdvByRace    : num  0.8021 -1.1244 0.1724 -0.0372 1.0936 ...
 $ RaceHorse.FirstTimeSdvByRace     : num  1.2271 0.3274 -0.8109 -0.8802 0.0297 ...
 $ RaceHorse.LastTimeSdvByRace      : num  0.459 -1.236 0.795 0.19 1.474 ...
 $ RaceHorse.FinishTimeSdv          : num  1.407 0.238 0.861 0.958 1.429 ...
 $ RaceHorse.FirstTimeSdv           : num  1.609 1.635 -0.188 0.975 0.725 ...
 $ RaceHorse.LastTimeSdv            : num  0.374 -1.254 1.373 0.43 1.331 ...
 $ RaceHorse.IsHitA                 : num  0 0 0 0 0 0 0 0 0 0 ...
 $ RaceHorse.IsHitB                 : num  0 0 0 0 1 0 0 1 0 1 ...
 $ RaceHorse.IsHitC                 : num  1 0 0 0 1 0 0 1 0 1 ...
 $ Horse.KettoNum                   : Factor w/ 949 levels "2011100405","2012104882",..: 11 12 13 14 15 16 17 18 19 20 ...
 $ Horse.FinishTimeSdvByRaceAvg     : num  0.807 0.398 0.514 0.908 0.85 ...
 $ Horse.FirstTimeSdvByRaceAvg      : num  0.455 0.488 -0.226 0.416 0.465 ...
 $ Horse.LastTimeSdvByRaceAvg       : num  0.543 0.187 0.588 0.791 0.463 ...
 $ Horse.FinishTimeSdvAvg           : num  1.131 0.801 1.209 1.183 0.378 ...
 $ Horse.FirstTimeSdvAvg            : num  0.933 0.633 0.917 0.844 0.247 ...
 $ Horse.LastTimeSdvAvg             : num  0.778 0.547 0.873 0.906 0.311 ...
 $ Horse.RealOddsLog1Avg            : num  2.86 2.83 3.13 1.66 2.09 ...
 $ Horse.RunCount                   : num  25 51 29 20 7 17 13 16 5 11 ...
 $ Horse.HitCount1                  : num  5 5 5 5 2 4 4 3 2 5 ...
 $ Horse.HitCount2                  : num  4 3 1 4 1 1 2 3 0 1 ...
 $ Horse.HitCount3                  : num  5 10 5 4 1 3 0 3 0 0 ...
 $ Horse.HitCount4                  : num  1 5 3 2 0 1 1 2 0 1 ...
 $ Horse.HitCount5                  : num  2 4 4 1 0 0 2 2 1 1 ...
 $ Horse.HitRate1                   : num  0.2 0.098 0.172 0.25 0.286 ...
 $ Horse.HitRate2                   : num  0.16 0.0588 0.0345 0.2 0.1429 ...
 $ Horse.HitRate3                   : num  0.2 0.196 0.172 0.2 0.143 ...
 $ Horse.HitRate4                   : num  0.04 0.098 0.103 0.1 0 ...
 $ Horse.HitRate5                   : num  0.08 0.0784 0.1379 0.05 0 ...
 $ EOF                              : int  1 1 1 1 1 1 1 1 1 1 ...
 - attr(*, "na.action")= 'omit' Named int  79 253 647 896 949 1012 1156 1770 1778 1816 ...
  ..- attr(*, "names")= chr  "79" "253" "647" "896" ...
[1] "2022-03-08 18:55:13 --- na.omit Finish ---"
[1] "2022-03-08 18:55:13 --- rxLogit with rxStepControl Start ---"

> print(paste0(Sys.time(), " --- source_logic_glm.R Start ---"))
[1] "2022-03-08 18:55:13 --- source_logic_glm.R Start ---"

> formula <- formula(RaceHorse.IsHitA ~ +1 + Horse.FinishTimeSdvByRaceAvg)

> print(paste0(Sys.time(), " --- source_logic_glm.R Finished ---"))
[1] "2022-03-08 18:55:13 --- source_logic_glm.R Finished ---"
Rows Read: 4365, Total Rows Processed: 4365, Total Chunk Time: Less than .001 seconds 

Starting values (iteration 1) time: 0.015 secs.
Rows Read: 4365, Total Rows Processed: 4365, Total Chunk Time: 0.002 seconds 

Iteration 2 time: 0.005 secs.
Rows Read: 4365, Total Rows Processed: 4365, Total Chunk Time: Less than .001 seconds 

Iteration 3 time: 0.005 secs.
Rows Read: 4365, Total Rows Processed: 4365, Total Chunk Time: Less than .001 seconds 

Iteration 4 time: 0.004 secs.
Rows Read: 4365, Total Rows Processed: 4365, Total Chunk Time: 0.001 seconds 

Iteration 5 time: 0.005 secs.

Elapsed computation time: 0.053 secs.
Rows Read: 4365, Total Rows Processed: 4365, Total Chunk Time: 0.001 seconds 

Starting values (iteration 1) time: 0.006 secs.
Rows Read: 4365, Total Rows Processed: 4365, Total Chunk Time: Less than .001 seconds 

Iteration 2 time: 0.012 secs.

Elapsed computation time: 0.028 secs.
Rows Read: 4365, Total Rows Processed: 4365, Total Chunk Time: 0.001 seconds 

Starting values (iteration 1) time: 0.007 secs.
Rows Read: 4365, Total Rows Processed: 4365, Total Chunk Time: 0.002 seconds 

Iteration 2 time: 0.007 secs.
Rows Read: 4365, Total Rows Processed: 4365, Total Chunk Time: 0.001 seconds 

Iteration 3 time: 0.004 secs.
Rows Read: 4365, Total Rows Processed: 4365, Total Chunk Time: Less than .001 seconds 

Iteration 4 time: 0.007 secs.
Rows Read: 4365, Total Rows Processed: 4365, Total Chunk Time: Less than .001 seconds 

Iteration 5 time: 0.006 secs.

Elapsed computation time: 0.051 secs.

Elapsed computation time: 0.154 secs.
[1] "--------------------------------------------------------------------------------"
[1] "analyze.results.glm.step="
Logistic Regression Results for: RaceHorse.IsHitA ~
    Horse.FinishTimeSdvByRaceAvg
Data: data
Dependent variable(s): RaceHorse.IsHitA
Total independent variables: 2 
Number of valid observations: 4365
Number of missing observations: 0 
 
Coefficients:
                             RaceHorse.IsHitA
(Intercept)                                -4
Horse.FinishTimeSdvByRaceAvg                2
[1] "analyze.results.glm.step.summary"
Call:
rxLogit(formula = formula, data = data, variableSelection = analyze.results.glm.step.varsel)

Logistic Regression Results for: RaceHorse.IsHitA ~
    Horse.FinishTimeSdvByRaceAvg
Data: data
Dependent variable(s): RaceHorse.IsHitA
Total independent variables: 2 
Number of valid observations: 4365
Number of missing observations: 0 
-2*LogLikelihood: 2084.801 (Residual deviance on 4363 degrees of freedom)
 
Coefficients:
                             Estimate Std. Error z value Pr(>|z|)    
(Intercept)                    -4.021      0.162   -24.8  2.2e-16 ***
Horse.FinishTimeSdvByRaceAvg    1.808      0.174    10.4  2.2e-16 ***
---
Signif. codes:  0 '***' 0.001 '**' 0.01 '*' 0.05 '.' 0.1 ' ' 1

Condition number of final variance-covariance matrix: 1 
Number of iterations: 5
[1] "--------------------------------------------------------------------------------"
[1] "2022-03-08 18:55:14 --- rxLogit with rxStepControl Finish ---"
[1] "2022-03-08 18:55:14 --- rxStepPlot Start ---"
[1] "pdfFilename=pdf_analyze_glm_Horse_Type21_rxStepPlot.pdf"
[1] "rxStepPlot="
[1] "2022-03-08 18:55:14 --- rxStepPlot Finish ---"
[1] "2022-03-08 18:55:14 --- save.image Start ---"
[1] "save.image"
[1] "rdataFilename=RData_analyze_glm_Horse_Type21.RData"
[1] "2022-03-08 18:55:14 --- save.image Finish ---"
[1] "2022-03-08 18:55:14 --- final Start ---"
[1] "--------------------------------------------------------------------------------"
[1] "nrow(data) final=4365"
[1] "--------------------------------------------------------------------------------"
[1] "2022-03-08 18:55:14 --- final Finish ---"
[1] "2022-03-08 18:55:14 --- analyze_glm.R Finished ---"
[1] "2022-03-08 18:55:14 --- log Finish ---"
