[1] "2022-03-08 18:24:48 --- D1115_analyze_glm_Gen01_IsHitA_Type12 Start ---"
[1] "2022-03-08 18:24:48 --- Log Start ---"
[1] "2022-03-08 18:24:48 --- analyze_glm.R Start ---"
[1] "analyzeVersion=D1115"
[1] "analyzeCategory=analyze"
[1] "analyzeType=Gen01"
[1] "analyzeFamily=IsHitA"
[1] "analyzeFunc=glm"
[1] "analyzeTrackTypeCd=1"
[1] "analyzeJyokenCd=2"
[1] "2022-03-08 18:24:48 --- source_function.R Start ---"
[1] "2022-03-08 18:24:48 --- source_function.R Finished ---"

> print(paste0(Sys.time(), " --- source_library.R Start ---"))
[1] "2022-03-08 18:24:48 --- source_library.R Start ---"

> require("RevoScaleR")

> print(paste0(Sys.time(), " --- source_library.R Finished ---"))
[1] "2022-03-08 18:24:53 --- source_library.R Finished ---"
[1] "2022-03-08 18:24:53 --- RxSqlServerData Start ---"
[1] "2022-03-08 18:24:53 --- RxInSqlServer Start ---"
[1] "2022-03-08 18:24:54 --- RxInSqlServer Finish ---"
[1] "2022-03-08 18:24:54 --- rxSetComputeContext Start ---"
[1] "2022-03-08 18:24:54 --- rxSetComputeContext Finish ---"
[1] "2022-03-08 18:24:54 --- RxSqlServerData Start ---"
[1] "sqlQuery=SELECT * FROM ViewAnalyzeD1115analyze01Gen01Type12"
[1] "2022-03-08 18:24:54 --- RxSqlServerData Finish ---"
[1] "2022-03-08 18:24:54 --- rxGetVarInfo Start ---"
[1] "2022-03-08 18:24:54 --- rxGetVarInfo Finish---"
[1] "2022-03-08 18:24:54 --- rxImport Start ---"
Rows Read: 6614, Total Rows Processed: 6614, Total Chunk Time: 1030.776 seconds 
[1] "2022-03-08 18:53:25 --- rxImport Finish ---"
[1] "object.size(data) auto=2.3 Mb"
[1] "--------------------------------------------------------------------------------"
[1] "nrow(data) RxSqlServerData=6614"
[1] "--------------------------------------------------------------------------------"
[1] "str(data)="
'data.frame':	6614 obs. of  48 variables:
 $ Race.RaceId                      : Factor w/ 529 levels "20160109-08-01-02-10",..: 7 2 3 5 5 8 6 6 9 10 ...
 $ Race.IsAnalyzeNormalPastAndFuture: logi  TRUE TRUE TRUE TRUE TRUE TRUE ...
 $ Race.IsAnalyzeNormalPast         : logi  TRUE TRUE TRUE TRUE TRUE TRUE ...
 $ Race.IsAnalyzeNormalFuture       : logi  FALSE FALSE FALSE FALSE FALSE FALSE ...
 $ Race.IsAnalyzeFullPastAndFuture  : logi  TRUE TRUE TRUE TRUE TRUE TRUE ...
 $ Race.IsAnalyzeFullPast           : logi  TRUE TRUE TRUE TRUE TRUE TRUE ...
 $ Race.IsAnalyzeFullFuture         : logi  FALSE FALSE FALSE FALSE FALSE FALSE ...
 $ Race.JyokenCd                    : Factor w/ 1 level "2": 1 1 1 1 1 1 1 1 1 1 ...
 $ Race.JyoType1Cd                  : Factor w/ 112 levels "17-08-2000-1",..: 7 2 3 5 5 8 6 6 9 10 ...
 $ Race.RaceType1Cd                 : Factor w/ 2 levels "1-2-14","1-2-13": 1 1 1 1 1 1 1 1 1 1 ...
 $ RaceHorse.RaceId                 : Factor w/ 529 levels "20160109-08-01-02-10",..: 7 2 3 5 5 8 6 6 9 10 ...
 $ RaceHorse.KettoNum               : Factor w/ 1392 levels "2010105787","2010200007",..: 11 12 13 14 15 16 17 18 19 20 ...
 $ RaceHorse.IsHit1                 : num  0 0 0 1 0 0 0 0 0 0 ...
 $ RaceHorse.IsHit2                 : num  1 0 0 0 0 0 0 0 0 0 ...
 $ RaceHorse.IsHit3                 : num  0 0 0 0 1 1 0 0 0 0 ...
 $ RaceHorse.IsHit4                 : num  0 0 0 0 0 0 0 1 0 0 ...
 $ RaceHorse.IsHit5                 : num  0 0 0 0 0 0 0 0 0 0 ...
 $ RaceHorse.IsHit6                 : num  0 1 1 0 0 0 1 0 1 1 ...
 $ RaceHorse.IsValidRaceHorse       : logi  TRUE TRUE TRUE TRUE TRUE TRUE ...
 $ RaceHorse.FinishTimeSdvByRace    : num  0.948 -0.957 0.324 1.595 0.992 ...
 $ RaceHorse.FirstTimeSdvByRace     : num  1.569 -1.803 -0.684 -0.186 -0.807 ...
 $ RaceHorse.LastTimeSdvByRace      : num  -0.488 1.218 0.657 1.33 1.174 ...
 $ RaceHorse.FinishTimeSdv          : num  0.382 0.288 1.035 0.791 0.553 ...
 $ RaceHorse.FirstTimeSdv           : num  -0.181 -1.562 0.452 0.375 0.206 ...
 $ RaceHorse.LastTimeSdv            : num  0.835 1.669 0.786 0.517 0.424 ...
 $ RaceHorse.IsHitA                 : num  0 0 0 1 0 0 0 0 0 0 ...
 $ RaceHorse.IsHitB                 : num  1 0 0 1 0 0 0 0 0 0 ...
 $ RaceHorse.IsHitC                 : num  1 0 0 1 1 1 0 0 0 0 ...
 $ Gen01.HansyokuNum                : Factor w/ 189 levels "11202084","11202127",..: 11 12 7 10 11 13 1 14 10 15 ...
 $ Gen01.FinishTimeSdvByRaceAvg     : num  0.459 0.136 0.414 0.248 0.528 ...
 $ Gen01.FirstTimeSdvByRaceAvg      : num  -0.2363 0.0255 0.2651 -0.0686 -0.0432 ...
 $ Gen01.LastTimeSdvByRaceAvg       : num  0.5757 0.0532 0.1348 0.267 0.4673 ...
 $ Gen01.FinishTimeSdvAvg           : num  0.947 0.462 0.753 0.677 0.925 ...
 $ Gen01.FirstTimeSdvAvg            : num  0.657 0.314 0.717 0.436 0.592 ...
 $ Gen01.LastTimeSdvAvg             : num  0.55 0.342 0.222 0.496 0.6 ...
 $ Gen01.RealOddsLog1Avg            : num  2.51 3.25 2.84 2.45 2.49 ...
 $ Gen01.RunCount                   : num  14 124 69 137 16 92 68 57 144 16 ...
 $ Gen01.HitCount1                  : num  1 14 9 14 1 10 6 5 16 1 ...
 $ Gen01.HitCount2                  : num  1 10 7 13 2 7 8 4 13 1 ...
 $ Gen01.HitCount3                  : num  2 5 7 11 3 10 5 4 12 0 ...
 $ Gen01.HitCount4                  : num  3 8 9 13 3 6 2 2 14 1 ...
 $ Gen01.HitCount5                  : num  1 5 4 13 1 3 9 5 13 2 ...
 $ Gen01.HitRate1                   : num  0.0714 0.1129 0.1304 0.1022 0.0625 ...
 $ Gen01.HitRate2                   : num  0.0714 0.0806 0.1014 0.0949 0.125 ...
 $ Gen01.HitRate3                   : num  0.1429 0.0403 0.1014 0.0803 0.1875 ...
 $ Gen01.HitRate4                   : num  0.2143 0.0645 0.1304 0.0949 0.1875 ...
 $ Gen01.HitRate5                   : num  0.0714 0.0403 0.058 0.0949 0.0625 ...
 $ EOF                              : int  1 1 1 1 1 1 1 1 1 1 ...
[1] "2022-03-08 18:53:26 --- RxSqlServerData Finish ---"
[1] "2022-03-08 18:53:26 --- subset Start ---"
[1] "--------------------------------------------------------------------------------"
[1] "nrow(data) subset before=6614"
[1] "nrow(data) subset after =6614"
[1] "nrow(data) subset diff =0"
[1] "--------------------------------------------------------------------------------"
[1] "2022-03-08 18:53:26 --- subset Finish---"
[1] "2022-03-08 18:53:26 --- transform Start ---"
[1] "--------------------------------------------------------------------------------"
[1] "nrow(data) transform before=6614"
[1] "nrow(data) transform after=6614"
[1] "nrow(data) transform diff=0"
[1] "--------------------------------------------------------------------------------"
[1] "str(data)="
'data.frame':	6614 obs. of  48 variables:
 $ Race.RaceId                      : Factor w/ 529 levels "20160109-08-01-02-10",..: 7 2 3 5 5 8 6 6 9 10 ...
 $ Race.IsAnalyzeNormalPastAndFuture: logi  TRUE TRUE TRUE TRUE TRUE TRUE ...
 $ Race.IsAnalyzeNormalPast         : logi  TRUE TRUE TRUE TRUE TRUE TRUE ...
 $ Race.IsAnalyzeNormalFuture       : logi  FALSE FALSE FALSE FALSE FALSE FALSE ...
 $ Race.IsAnalyzeFullPastAndFuture  : logi  TRUE TRUE TRUE TRUE TRUE TRUE ...
 $ Race.IsAnalyzeFullPast           : logi  TRUE TRUE TRUE TRUE TRUE TRUE ...
 $ Race.IsAnalyzeFullFuture         : logi  FALSE FALSE FALSE FALSE FALSE FALSE ...
 $ Race.JyokenCd                    : Factor w/ 1 level "2": 1 1 1 1 1 1 1 1 1 1 ...
 $ Race.JyoType1Cd                  : Factor w/ 112 levels "17-08-2000-1",..: 7 2 3 5 5 8 6 6 9 10 ...
 $ Race.RaceType1Cd                 : Factor w/ 2 levels "1-2-14","1-2-13": 1 1 1 1 1 1 1 1 1 1 ...
 $ RaceHorse.RaceId                 : Factor w/ 529 levels "20160109-08-01-02-10",..: 7 2 3 5 5 8 6 6 9 10 ...
 $ RaceHorse.KettoNum               : Factor w/ 1392 levels "2010105787","2010200007",..: 11 12 13 14 15 16 17 18 19 20 ...
 $ RaceHorse.IsHit1                 : num  0 0 0 1 0 0 0 0 0 0 ...
 $ RaceHorse.IsHit2                 : num  1 0 0 0 0 0 0 0 0 0 ...
 $ RaceHorse.IsHit3                 : num  0 0 0 0 1 1 0 0 0 0 ...
 $ RaceHorse.IsHit4                 : num  0 0 0 0 0 0 0 1 0 0 ...
 $ RaceHorse.IsHit5                 : num  0 0 0 0 0 0 0 0 0 0 ...
 $ RaceHorse.IsHit6                 : num  0 1 1 0 0 0 1 0 1 1 ...
 $ RaceHorse.IsValidRaceHorse       : logi  TRUE TRUE TRUE TRUE TRUE TRUE ...
 $ RaceHorse.FinishTimeSdvByRace    : num  0.948 -0.957 0.324 1.595 0.992 ...
 $ RaceHorse.FirstTimeSdvByRace     : num  1.569 -1.803 -0.684 -0.186 -0.807 ...
 $ RaceHorse.LastTimeSdvByRace      : num  -0.488 1.218 0.657 1.33 1.174 ...
 $ RaceHorse.FinishTimeSdv          : num  0.382 0.288 1.035 0.791 0.553 ...
 $ RaceHorse.FirstTimeSdv           : num  -0.181 -1.562 0.452 0.375 0.206 ...
 $ RaceHorse.LastTimeSdv            : num  0.835 1.669 0.786 0.517 0.424 ...
 $ RaceHorse.IsHitA                 : num  0 0 0 1 0 0 0 0 0 0 ...
 $ RaceHorse.IsHitB                 : num  1 0 0 1 0 0 0 0 0 0 ...
 $ RaceHorse.IsHitC                 : num  1 0 0 1 1 1 0 0 0 0 ...
 $ Gen01.HansyokuNum                : Factor w/ 189 levels "11202084","11202127",..: 11 12 7 10 11 13 1 14 10 15 ...
 $ Gen01.FinishTimeSdvByRaceAvg     : num  0.459 0.136 0.414 0.248 0.528 ...
 $ Gen01.FirstTimeSdvByRaceAvg      : num  -0.2363 0.0255 0.2651 -0.0686 -0.0432 ...
 $ Gen01.LastTimeSdvByRaceAvg       : num  0.5757 0.0532 0.1348 0.267 0.4673 ...
 $ Gen01.FinishTimeSdvAvg           : num  0.947 0.462 0.753 0.677 0.925 ...
 $ Gen01.FirstTimeSdvAvg            : num  0.657 0.314 0.717 0.436 0.592 ...
 $ Gen01.LastTimeSdvAvg             : num  0.55 0.342 0.222 0.496 0.6 ...
 $ Gen01.RealOddsLog1Avg            : num  2.51 3.25 2.84 2.45 2.49 ...
 $ Gen01.RunCount                   : num  14 124 69 137 16 92 68 57 144 16 ...
 $ Gen01.HitCount1                  : num  1 14 9 14 1 10 6 5 16 1 ...
 $ Gen01.HitCount2                  : num  1 10 7 13 2 7 8 4 13 1 ...
 $ Gen01.HitCount3                  : num  2 5 7 11 3 10 5 4 12 0 ...
 $ Gen01.HitCount4                  : num  3 8 9 13 3 6 2 2 14 1 ...
 $ Gen01.HitCount5                  : num  1 5 4 13 1 3 9 5 13 2 ...
 $ Gen01.HitRate1                   : num  0.0714 0.1129 0.1304 0.1022 0.0625 ...
 $ Gen01.HitRate2                   : num  0.0714 0.0806 0.1014 0.0949 0.125 ...
 $ Gen01.HitRate3                   : num  0.1429 0.0403 0.1014 0.0803 0.1875 ...
 $ Gen01.HitRate4                   : num  0.2143 0.0645 0.1304 0.0949 0.1875 ...
 $ Gen01.HitRate5                   : num  0.0714 0.0403 0.058 0.0949 0.0625 ...
 $ EOF                              : int  1 1 1 1 1 1 1 1 1 1 ...
NULL
[1] "2022-03-08 18:53:27 --- transform Finish ---"
[1] "2022-03-08 18:53:27 --- na.omit Start ---"
[1] "--------------------------------------------------------------------------------"
[1] "nrow(data) na.omit before=6614"
[1] "nrow(data) na.omit after =6567"
[1] "nrow(data) na.omit diff =47"
[1] "--------------------------------------------------------------------------------"
'data.frame':	6567 obs. of  48 variables:
 $ Race.RaceId                      : Factor w/ 529 levels "20160109-08-01-02-10",..: 7 2 3 5 5 8 6 6 9 10 ...
 $ Race.IsAnalyzeNormalPastAndFuture: logi  TRUE TRUE TRUE TRUE TRUE TRUE ...
 $ Race.IsAnalyzeNormalPast         : logi  TRUE TRUE TRUE TRUE TRUE TRUE ...
 $ Race.IsAnalyzeNormalFuture       : logi  FALSE FALSE FALSE FALSE FALSE FALSE ...
 $ Race.IsAnalyzeFullPastAndFuture  : logi  TRUE TRUE TRUE TRUE TRUE TRUE ...
 $ Race.IsAnalyzeFullPast           : logi  TRUE TRUE TRUE TRUE TRUE TRUE ...
 $ Race.IsAnalyzeFullFuture         : logi  FALSE FALSE FALSE FALSE FALSE FALSE ...
 $ Race.JyokenCd                    : Factor w/ 1 level "2": 1 1 1 1 1 1 1 1 1 1 ...
 $ Race.JyoType1Cd                  : Factor w/ 112 levels "17-08-2000-1",..: 7 2 3 5 5 8 6 6 9 10 ...
 $ Race.RaceType1Cd                 : Factor w/ 2 levels "1-2-14","1-2-13": 1 1 1 1 1 1 1 1 1 1 ...
 $ RaceHorse.RaceId                 : Factor w/ 529 levels "20160109-08-01-02-10",..: 7 2 3 5 5 8 6 6 9 10 ...
 $ RaceHorse.KettoNum               : Factor w/ 1392 levels "2010105787","2010200007",..: 11 12 13 14 15 16 17 18 19 20 ...
 $ RaceHorse.IsHit1                 : num  0 0 0 1 0 0 0 0 0 0 ...
 $ RaceHorse.IsHit2                 : num  1 0 0 0 0 0 0 0 0 0 ...
 $ RaceHorse.IsHit3                 : num  0 0 0 0 1 1 0 0 0 0 ...
 $ RaceHorse.IsHit4                 : num  0 0 0 0 0 0 0 1 0 0 ...
 $ RaceHorse.IsHit5                 : num  0 0 0 0 0 0 0 0 0 0 ...
 $ RaceHorse.IsHit6                 : num  0 1 1 0 0 0 1 0 1 1 ...
 $ RaceHorse.IsValidRaceHorse       : logi  TRUE TRUE TRUE TRUE TRUE TRUE ...
 $ RaceHorse.FinishTimeSdvByRace    : num  0.948 -0.957 0.324 1.595 0.992 ...
 $ RaceHorse.FirstTimeSdvByRace     : num  1.569 -1.803 -0.684 -0.186 -0.807 ...
 $ RaceHorse.LastTimeSdvByRace      : num  -0.488 1.218 0.657 1.33 1.174 ...
 $ RaceHorse.FinishTimeSdv          : num  0.382 0.288 1.035 0.791 0.553 ...
 $ RaceHorse.FirstTimeSdv           : num  -0.181 -1.562 0.452 0.375 0.206 ...
 $ RaceHorse.LastTimeSdv            : num  0.835 1.669 0.786 0.517 0.424 ...
 $ RaceHorse.IsHitA                 : num  0 0 0 1 0 0 0 0 0 0 ...
 $ RaceHorse.IsHitB                 : num  1 0 0 1 0 0 0 0 0 0 ...
 $ RaceHorse.IsHitC                 : num  1 0 0 1 1 1 0 0 0 0 ...
 $ Gen01.HansyokuNum                : Factor w/ 189 levels "11202084","11202127",..: 11 12 7 10 11 13 1 14 10 15 ...
 $ Gen01.FinishTimeSdvByRaceAvg     : num  0.459 0.136 0.414 0.248 0.528 ...
 $ Gen01.FirstTimeSdvByRaceAvg      : num  -0.2363 0.0255 0.2651 -0.0686 -0.0432 ...
 $ Gen01.LastTimeSdvByRaceAvg       : num  0.5757 0.0532 0.1348 0.267 0.4673 ...
 $ Gen01.FinishTimeSdvAvg           : num  0.947 0.462 0.753 0.677 0.925 ...
 $ Gen01.FirstTimeSdvAvg            : num  0.657 0.314 0.717 0.436 0.592 ...
 $ Gen01.LastTimeSdvAvg             : num  0.55 0.342 0.222 0.496 0.6 ...
 $ Gen01.RealOddsLog1Avg            : num  2.51 3.25 2.84 2.45 2.49 ...
 $ Gen01.RunCount                   : num  14 124 69 137 16 92 68 57 144 16 ...
 $ Gen01.HitCount1                  : num  1 14 9 14 1 10 6 5 16 1 ...
 $ Gen01.HitCount2                  : num  1 10 7 13 2 7 8 4 13 1 ...
 $ Gen01.HitCount3                  : num  2 5 7 11 3 10 5 4 12 0 ...
 $ Gen01.HitCount4                  : num  3 8 9 13 3 6 2 2 14 1 ...
 $ Gen01.HitCount5                  : num  1 5 4 13 1 3 9 5 13 2 ...
 $ Gen01.HitRate1                   : num  0.0714 0.1129 0.1304 0.1022 0.0625 ...
 $ Gen01.HitRate2                   : num  0.0714 0.0806 0.1014 0.0949 0.125 ...
 $ Gen01.HitRate3                   : num  0.1429 0.0403 0.1014 0.0803 0.1875 ...
 $ Gen01.HitRate4                   : num  0.2143 0.0645 0.1304 0.0949 0.1875 ...
 $ Gen01.HitRate5                   : num  0.0714 0.0403 0.058 0.0949 0.0625 ...
 $ EOF                              : int  1 1 1 1 1 1 1 1 1 1 ...
 - attr(*, "na.action")= 'omit' Named int  299 533 686 890 1257 1267 1279 1780 1864 1983 ...
  ..- attr(*, "names")= chr  "299" "533" "686" "890" ...
[1] "2022-03-08 18:53:27 --- na.omit Finish ---"
[1] "2022-03-08 18:53:27 --- rxLogit with rxStepControl Start ---"

> print(paste0(Sys.time(), " --- source_logic_glm.R Start ---"))
[1] "2022-03-08 18:53:27 --- source_logic_glm.R Start ---"

> formula <- formula(RaceHorse.IsHitA ~ +1 + Gen01.FinishTimeSdvByRaceAvg)

> print(paste0(Sys.time(), " --- source_logic_glm.R Finished ---"))
[1] "2022-03-08 18:53:27 --- source_logic_glm.R Finished ---"
Rows Read: 6567, Total Rows Processed: 6567, Total Chunk Time: Less than .001 seconds 

Starting values (iteration 1) time: 0.008 secs.
Rows Read: 6567, Total Rows Processed: 6567, Total Chunk Time: Less than .001 seconds 

Iteration 2 time: 0.006 secs.
Rows Read: 6567, Total Rows Processed: 6567, Total Chunk Time: Less than .001 seconds 

Iteration 3 time: 0.004 secs.
Rows Read: 6567, Total Rows Processed: 6567, Total Chunk Time: 0.002 seconds 

Iteration 4 time: 0.005 secs.

Elapsed computation time: 0.033 secs.
Rows Read: 6567, Total Rows Processed: 6567, Total Chunk Time: Less than .001 seconds 

Starting values (iteration 1) time: 0.006 secs.
Rows Read: 6567, Total Rows Processed: 6567, Total Chunk Time: Less than .001 seconds 

Iteration 2 time: 0.005 secs.

Elapsed computation time: 0.019 secs.
Rows Read: 6567, Total Rows Processed: 6567, Total Chunk Time: Less than .001 seconds 

Starting values (iteration 1) time: 0.006 secs.
Rows Read: 6567, Total Rows Processed: 6567, Total Chunk Time: Less than .001 seconds 

Iteration 2 time: 0.006 secs.
Rows Read: 6567, Total Rows Processed: 6567, Total Chunk Time: 0.002 seconds 

Iteration 3 time: 0.005 secs.
Rows Read: 6567, Total Rows Processed: 6567, Total Chunk Time: Less than .001 seconds 

Iteration 4 time: 0.005 secs.

Elapsed computation time: 0.033 secs.

Elapsed computation time: 0.101 secs.
[1] "--------------------------------------------------------------------------------"
[1] "analyze.results.glm.step="
Logistic Regression Results for: RaceHorse.IsHitA ~
    Gen01.FinishTimeSdvByRaceAvg
Data: data
Dependent variable(s): RaceHorse.IsHitA
Total independent variables: 2 
Number of valid observations: 6567
Number of missing observations: 0 
 
Coefficients:
                             RaceHorse.IsHitA
(Intercept)                              -2.7
Gen01.FinishTimeSdvByRaceAvg              0.8
[1] "analyze.results.glm.step.summary"
Call:
rxLogit(formula = formula, data = data, variableSelection = analyze.results.glm.step.varsel)

Logistic Regression Results for: RaceHorse.IsHitA ~
    Gen01.FinishTimeSdvByRaceAvg
Data: data
Dependent variable(s): RaceHorse.IsHitA
Total independent variables: 2 
Number of valid observations: 6567
Number of missing observations: 0 
-2*LogLikelihood: 3543.613 (Residual deviance on 6565 degrees of freedom)
 
Coefficients:
                             Estimate Std. Error z value Pr(>|z|)    
(Intercept)                   -2.6556     0.0615  -43.19  2.2e-16 ***
Gen01.FinishTimeSdvByRaceAvg   0.8002     0.1681    4.76  1.9e-06 ***
---
Signif. codes:  0 '***' 0.001 '**' 0.01 '*' 0.05 '.' 0.1 ' ' 1

Condition number of final variance-covariance matrix: 1 
Number of iterations: 4
[1] "--------------------------------------------------------------------------------"
[1] "2022-03-08 18:53:27 --- rxLogit with rxStepControl Finish ---"
[1] "2022-03-08 18:53:27 --- rxStepPlot Start ---"
[1] "pdfFilename=pdf_analyze_glm_Gen01_Type12_rxStepPlot.pdf"
[1] "rxStepPlot="
[1] "2022-03-08 18:53:27 --- rxStepPlot Finish ---"
[1] "2022-03-08 18:53:27 --- save.image Start ---"
[1] "save.image"
[1] "rdataFilename=RData_analyze_glm_Gen01_Type12.RData"
[1] "2022-03-08 18:53:27 --- save.image Finish ---"
[1] "2022-03-08 18:53:27 --- final Start ---"
[1] "--------------------------------------------------------------------------------"
[1] "nrow(data) final=6567"
[1] "--------------------------------------------------------------------------------"
[1] "2022-03-08 18:53:27 --- final Finish ---"
[1] "2022-03-08 18:53:27 --- analyze_glm.R Finished ---"
[1] "2022-03-08 18:53:27 --- log Finish ---"
