[1] "2022-03-08 18:25:39 --- D1115_analyze_glm_Gen01_IsHitA_Type31 Start ---"
[1] "2022-03-08 18:25:39 --- Log Start ---"
[1] "2022-03-08 18:25:39 --- analyze_glm.R Start ---"
[1] "analyzeVersion=D1115"
[1] "analyzeCategory=analyze"
[1] "analyzeType=Gen01"
[1] "analyzeFamily=IsHitA"
[1] "analyzeFunc=glm"
[1] "analyzeTrackTypeCd=3"
[1] "analyzeJyokenCd=1"
[1] "2022-03-08 18:25:39 --- source_function.R Start ---"
[1] "2022-03-08 18:25:39 --- source_function.R Finished ---"

> print(paste0(Sys.time(), " --- source_library.R Start ---"))
[1] "2022-03-08 18:25:39 --- source_library.R Start ---"

> require("RevoScaleR")

> print(paste0(Sys.time(), " --- source_library.R Finished ---"))
[1] "2022-03-08 18:25:44 --- source_library.R Finished ---"
[1] "2022-03-08 18:25:44 --- RxSqlServerData Start ---"
[1] "2022-03-08 18:25:44 --- RxInSqlServer Start ---"
[1] "2022-03-08 18:25:44 --- RxInSqlServer Finish ---"
[1] "2022-03-08 18:25:44 --- rxSetComputeContext Start ---"
[1] "2022-03-08 18:25:44 --- rxSetComputeContext Finish ---"
[1] "2022-03-08 18:25:44 --- RxSqlServerData Start ---"
[1] "sqlQuery=SELECT * FROM ViewAnalyzeD1115analyze01Gen01Type31"
[1] "2022-03-08 18:25:44 --- RxSqlServerData Finish ---"
[1] "2022-03-08 18:25:44 --- rxGetVarInfo Start ---"
[1] "2022-03-08 18:25:46 --- rxGetVarInfo Finish---"
[1] "2022-03-08 18:25:46 --- rxImport Start ---"
Rows Read: 2392, Total Rows Processed: 2392, Total Chunk Time: 143.140 seconds 
[1] "2022-03-08 18:29:18 --- rxImport Finish ---"
[1] "object.size(data) auto=848.5 Kb"
[1] "--------------------------------------------------------------------------------"
[1] "nrow(data) RxSqlServerData=2392"
[1] "--------------------------------------------------------------------------------"
[1] "str(data)="
'data.frame':	2392 obs. of  48 variables:
 $ Race.RaceId                      : Factor w/ 213 levels "20160109-06-01-02-08",..: 1 3 6 6 4 5 7 7 7 7 ...
 $ Race.IsAnalyzeNormalPastAndFuture: logi  TRUE TRUE TRUE TRUE TRUE TRUE ...
 $ Race.IsAnalyzeNormalPast         : logi  TRUE TRUE TRUE TRUE TRUE TRUE ...
 $ Race.IsAnalyzeNormalFuture       : logi  FALSE FALSE FALSE FALSE FALSE FALSE ...
 $ Race.IsAnalyzeFullPastAndFuture  : logi  TRUE TRUE TRUE TRUE TRUE TRUE ...
 $ Race.IsAnalyzeFullPast           : logi  TRUE TRUE TRUE TRUE TRUE TRUE ...
 $ Race.IsAnalyzeFullFuture         : logi  FALSE FALSE FALSE FALSE FALSE FALSE ...
 $ Race.JyokenCd                    : Factor w/ 1 level "1": 1 1 1 1 1 1 1 1 1 1 ...
 $ Race.JyoType1Cd                  : Factor w/ 55 levels "52-06-3200-1",..: 1 3 4 4 3 1 5 5 5 5 ...
 $ Race.RaceType1Cd                 : Factor w/ 2 levels "3-1-19","3-1-18": 1 1 1 1 1 1 1 1 1 1 ...
 $ RaceHorse.RaceId                 : Factor w/ 213 levels "20160109-06-01-02-08",..: 1 3 6 6 4 5 7 7 7 7 ...
 $ RaceHorse.KettoNum               : Factor w/ 459 levels "2010104479","2008105982",..: 10 11 12 13 14 15 16 17 18 19 ...
 $ RaceHorse.IsHit1                 : num  0 0 0 0 0 0 0 0 0 0 ...
 $ RaceHorse.IsHit2                 : num  0 0 0 0 0 0 0 0 1 0 ...
 $ RaceHorse.IsHit3                 : num  0 0 0 0 0 0 1 0 0 0 ...
 $ RaceHorse.IsHit4                 : num  0 0 0 0 0 0 0 0 0 0 ...
 $ RaceHorse.IsHit5                 : num  0 0 0 1 0 0 0 0 0 0 ...
 $ RaceHorse.IsHit6                 : num  1 0 1 0 1 1 0 0 0 1 ...
 $ RaceHorse.IsValidRaceHorse       : logi  TRUE FALSE TRUE TRUE TRUE TRUE ...
 $ RaceHorse.FinishTimeSdvByRace    : num  -0.401 NA 0.242 0.39 -1.936 ...
 $ RaceHorse.FirstTimeSdvByRace     : num  -0.39 NA 0.268 0.313 -1.954 ...
 $ RaceHorse.LastTimeSdvByRace      : num  -0.438 NA 0.126 0.715 -1.763 ...
 $ RaceHorse.FinishTimeSdv          : num  0.141 NA 0.27 0.43 -0.426 ...
 $ RaceHorse.FirstTimeSdv           : num  0.143 NA 0.31 0.36 -0.442 ...
 $ RaceHorse.LastTimeSdv            : num  0.131 NA 0.101 0.707 -0.339 ...
 $ RaceHorse.IsHitA                 : num  0 0 0 0 0 0 0 0 0 0 ...
 $ RaceHorse.IsHitB                 : num  0 0 0 0 0 0 0 0 1 0 ...
 $ RaceHorse.IsHitC                 : num  0 0 0 0 0 0 1 0 1 0 ...
 $ Gen01.HansyokuNum                : Factor w/ 128 levels "11201964","11201872",..: 4 9 10 7 11 12 13 14 15 16 ...
 $ Gen01.FinishTimeSdvByRaceAvg     : num  0.241 0.428 0.656 0.243 -1.797 ...
 $ Gen01.FirstTimeSdvByRaceAvg      : num  0.236 0.43 0.665 0.218 -1.836 ...
 $ Gen01.LastTimeSdvByRaceAvg       : num  0.265 0.347 0.581 0.354 -1.581 ...
 $ Gen01.FinishTimeSdvAvg           : num  0.224 0.0816 0.2615 0.1574 -1.2343 ...
 $ Gen01.FirstTimeSdvAvg            : num  0.2142 0.0974 0.2659 0.1486 -1.2219 ...
 $ Gen01.LastTimeSdvAvg             : num  0.2352 0.0234 0.228 0.2129 -1.2062 ...
 $ Gen01.RealOddsLog1Avg            : num  3.04 3.12 2.68 2.39 3.93 ...
 $ Gen01.RunCount                   : num  28 19 8 15 1 1 6 6 39 2 ...
 $ Gen01.HitCount1                  : num  3 1 2 1 0 0 0 1 3 0 ...
 $ Gen01.HitCount2                  : num  3 3 1 3 0 0 0 1 6 2 ...
 $ Gen01.HitCount3                  : num  1 1 1 1 0 0 1 0 5 0 ...
 $ Gen01.HitCount4                  : num  6 3 0 2 0 1 2 1 4 0 ...
 $ Gen01.HitCount5                  : num  2 3 2 1 0 0 1 0 2 0 ...
 $ Gen01.HitRate1                   : num  0.1071 0.0526 0.25 0.0667 0 ...
 $ Gen01.HitRate2                   : num  0.107 0.158 0.125 0.2 0 ...
 $ Gen01.HitRate3                   : num  0.0357 0.0526 0.125 0.0667 0 ...
 $ Gen01.HitRate4                   : num  0.214 0.158 0 0.133 0 ...
 $ Gen01.HitRate5                   : num  0.0714 0.1579 0.25 0.0667 0 ...
 $ EOF                              : int  1 1 1 1 1 1 1 1 1 1 ...
[1] "2022-03-08 18:29:18 --- RxSqlServerData Finish ---"
[1] "2022-03-08 18:29:18 --- subset Start ---"
[1] "--------------------------------------------------------------------------------"
[1] "nrow(data) subset before=2392"
[1] "nrow(data) subset after =2392"
[1] "nrow(data) subset diff =0"
[1] "--------------------------------------------------------------------------------"
[1] "2022-03-08 18:29:18 --- subset Finish---"
[1] "2022-03-08 18:29:18 --- transform Start ---"
[1] "--------------------------------------------------------------------------------"
[1] "nrow(data) transform before=2392"
[1] "nrow(data) transform after=2392"
[1] "nrow(data) transform diff=0"
[1] "--------------------------------------------------------------------------------"
[1] "str(data)="
'data.frame':	2392 obs. of  48 variables:
 $ Race.RaceId                      : Factor w/ 213 levels "20160109-06-01-02-08",..: 1 3 6 6 4 5 7 7 7 7 ...
 $ Race.IsAnalyzeNormalPastAndFuture: logi  TRUE TRUE TRUE TRUE TRUE TRUE ...
 $ Race.IsAnalyzeNormalPast         : logi  TRUE TRUE TRUE TRUE TRUE TRUE ...
 $ Race.IsAnalyzeNormalFuture       : logi  FALSE FALSE FALSE FALSE FALSE FALSE ...
 $ Race.IsAnalyzeFullPastAndFuture  : logi  TRUE TRUE TRUE TRUE TRUE TRUE ...
 $ Race.IsAnalyzeFullPast           : logi  TRUE TRUE TRUE TRUE TRUE TRUE ...
 $ Race.IsAnalyzeFullFuture         : logi  FALSE FALSE FALSE FALSE FALSE FALSE ...
 $ Race.JyokenCd                    : Factor w/ 1 level "1": 1 1 1 1 1 1 1 1 1 1 ...
 $ Race.JyoType1Cd                  : Factor w/ 55 levels "52-06-3200-1",..: 1 3 4 4 3 1 5 5 5 5 ...
 $ Race.RaceType1Cd                 : Factor w/ 2 levels "3-1-19","3-1-18": 1 1 1 1 1 1 1 1 1 1 ...
 $ RaceHorse.RaceId                 : Factor w/ 213 levels "20160109-06-01-02-08",..: 1 3 6 6 4 5 7 7 7 7 ...
 $ RaceHorse.KettoNum               : Factor w/ 459 levels "2010104479","2008105982",..: 10 11 12 13 14 15 16 17 18 19 ...
 $ RaceHorse.IsHit1                 : num  0 0 0 0 0 0 0 0 0 0 ...
 $ RaceHorse.IsHit2                 : num  0 0 0 0 0 0 0 0 1 0 ...
 $ RaceHorse.IsHit3                 : num  0 0 0 0 0 0 1 0 0 0 ...
 $ RaceHorse.IsHit4                 : num  0 0 0 0 0 0 0 0 0 0 ...
 $ RaceHorse.IsHit5                 : num  0 0 0 1 0 0 0 0 0 0 ...
 $ RaceHorse.IsHit6                 : num  1 0 1 0 1 1 0 0 0 1 ...
 $ RaceHorse.IsValidRaceHorse       : logi  TRUE FALSE TRUE TRUE TRUE TRUE ...
 $ RaceHorse.FinishTimeSdvByRace    : num  -0.401 NA 0.242 0.39 -1.936 ...
 $ RaceHorse.FirstTimeSdvByRace     : num  -0.39 NA 0.268 0.313 -1.954 ...
 $ RaceHorse.LastTimeSdvByRace      : num  -0.438 NA 0.126 0.715 -1.763 ...
 $ RaceHorse.FinishTimeSdv          : num  0.141 NA 0.27 0.43 -0.426 ...
 $ RaceHorse.FirstTimeSdv           : num  0.143 NA 0.31 0.36 -0.442 ...
 $ RaceHorse.LastTimeSdv            : num  0.131 NA 0.101 0.707 -0.339 ...
 $ RaceHorse.IsHitA                 : num  0 0 0 0 0 0 0 0 0 0 ...
 $ RaceHorse.IsHitB                 : num  0 0 0 0 0 0 0 0 1 0 ...
 $ RaceHorse.IsHitC                 : num  0 0 0 0 0 0 1 0 1 0 ...
 $ Gen01.HansyokuNum                : Factor w/ 128 levels "11201964","11201872",..: 4 9 10 7 11 12 13 14 15 16 ...
 $ Gen01.FinishTimeSdvByRaceAvg     : num  0.241 0.428 0.656 0.243 -1.797 ...
 $ Gen01.FirstTimeSdvByRaceAvg      : num  0.236 0.43 0.665 0.218 -1.836 ...
 $ Gen01.LastTimeSdvByRaceAvg       : num  0.265 0.347 0.581 0.354 -1.581 ...
 $ Gen01.FinishTimeSdvAvg           : num  0.224 0.0816 0.2615 0.1574 -1.2343 ...
 $ Gen01.FirstTimeSdvAvg            : num  0.2142 0.0974 0.2659 0.1486 -1.2219 ...
 $ Gen01.LastTimeSdvAvg             : num  0.2352 0.0234 0.228 0.2129 -1.2062 ...
 $ Gen01.RealOddsLog1Avg            : num  3.04 3.12 2.68 2.39 3.93 ...
 $ Gen01.RunCount                   : num  28 19 8 15 1 1 6 6 39 2 ...
 $ Gen01.HitCount1                  : num  3 1 2 1 0 0 0 1 3 0 ...
 $ Gen01.HitCount2                  : num  3 3 1 3 0 0 0 1 6 2 ...
 $ Gen01.HitCount3                  : num  1 1 1 1 0 0 1 0 5 0 ...
 $ Gen01.HitCount4                  : num  6 3 0 2 0 1 2 1 4 0 ...
 $ Gen01.HitCount5                  : num  2 3 2 1 0 0 1 0 2 0 ...
 $ Gen01.HitRate1                   : num  0.1071 0.0526 0.25 0.0667 0 ...
 $ Gen01.HitRate2                   : num  0.107 0.158 0.125 0.2 0 ...
 $ Gen01.HitRate3                   : num  0.0357 0.0526 0.125 0.0667 0 ...
 $ Gen01.HitRate4                   : num  0.214 0.158 0 0.133 0 ...
 $ Gen01.HitRate5                   : num  0.0714 0.1579 0.25 0.0667 0 ...
 $ EOF                              : int  1 1 1 1 1 1 1 1 1 1 ...
NULL
[1] "2022-03-08 18:29:19 --- transform Finish ---"
[1] "2022-03-08 18:29:19 --- na.omit Start ---"
[1] "--------------------------------------------------------------------------------"
[1] "nrow(data) na.omit before=2392"
[1] "nrow(data) na.omit after =2280"
[1] "nrow(data) na.omit diff =112"
[1] "--------------------------------------------------------------------------------"
'data.frame':	2280 obs. of  48 variables:
 $ Race.RaceId                      : Factor w/ 213 levels "20160109-06-01-02-08",..: 1 6 6 4 5 7 7 7 8 8 ...
 $ Race.IsAnalyzeNormalPastAndFuture: logi  TRUE TRUE TRUE TRUE TRUE TRUE ...
 $ Race.IsAnalyzeNormalPast         : logi  TRUE TRUE TRUE TRUE TRUE TRUE ...
 $ Race.IsAnalyzeNormalFuture       : logi  FALSE FALSE FALSE FALSE FALSE FALSE ...
 $ Race.IsAnalyzeFullPastAndFuture  : logi  TRUE TRUE TRUE TRUE TRUE TRUE ...
 $ Race.IsAnalyzeFullPast           : logi  TRUE TRUE TRUE TRUE TRUE TRUE ...
 $ Race.IsAnalyzeFullFuture         : logi  FALSE FALSE FALSE FALSE FALSE FALSE ...
 $ Race.JyokenCd                    : Factor w/ 1 level "1": 1 1 1 1 1 1 1 1 1 1 ...
 $ Race.JyoType1Cd                  : Factor w/ 55 levels "52-06-3200-1",..: 1 4 4 3 1 5 5 5 6 6 ...
 $ Race.RaceType1Cd                 : Factor w/ 2 levels "3-1-19","3-1-18": 1 1 1 1 1 1 1 1 1 1 ...
 $ RaceHorse.RaceId                 : Factor w/ 213 levels "20160109-06-01-02-08",..: 1 6 6 4 5 7 7 7 8 8 ...
 $ RaceHorse.KettoNum               : Factor w/ 459 levels "2010104479","2008105982",..: 10 12 13 14 15 16 18 19 9 20 ...
 $ RaceHorse.IsHit1                 : num  0 0 0 0 0 0 0 0 0 0 ...
 $ RaceHorse.IsHit2                 : num  0 0 0 0 0 0 1 0 0 0 ...
 $ RaceHorse.IsHit3                 : num  0 0 0 0 0 1 0 0 0 0 ...
 $ RaceHorse.IsHit4                 : num  0 0 0 0 0 0 0 0 0 0 ...
 $ RaceHorse.IsHit5                 : num  0 0 1 0 0 0 0 0 0 0 ...
 $ RaceHorse.IsHit6                 : num  1 1 0 1 1 0 0 1 1 1 ...
 $ RaceHorse.IsValidRaceHorse       : logi  TRUE TRUE TRUE TRUE TRUE TRUE ...
 $ RaceHorse.FinishTimeSdvByRace    : num  -0.401 0.242 0.39 -1.936 -0.801 ...
 $ RaceHorse.FirstTimeSdvByRace     : num  -0.39 0.268 0.313 -1.954 -0.772 ...
 $ RaceHorse.LastTimeSdvByRace      : num  -0.438 0.126 0.715 -1.763 -0.918 ...
 $ RaceHorse.FinishTimeSdv          : num  0.141 0.27 0.43 -0.426 0.282 ...
 $ RaceHorse.FirstTimeSdv           : num  0.143 0.31 0.36 -0.442 0.315 ...
 $ RaceHorse.LastTimeSdv            : num  0.131 0.101 0.707 -0.339 0.131 ...
 $ RaceHorse.IsHitA                 : num  0 0 0 0 0 0 0 0 0 0 ...
 $ RaceHorse.IsHitB                 : num  0 0 0 0 0 0 1 0 0 0 ...
 $ RaceHorse.IsHitC                 : num  0 0 0 0 0 1 1 0 0 0 ...
 $ Gen01.HansyokuNum                : Factor w/ 128 levels "11201964","11201872",..: 4 10 7 11 12 13 15 16 8 17 ...
 $ Gen01.FinishTimeSdvByRaceAvg     : num  0.241 0.656 0.243 -1.797 0.468 ...
 $ Gen01.FirstTimeSdvByRaceAvg      : num  0.236 0.665 0.218 -1.836 0.45 ...
 $ Gen01.LastTimeSdvByRaceAvg       : num  0.265 0.581 0.354 -1.581 0.552 ...
 $ Gen01.FinishTimeSdvAvg           : num  0.224 0.262 0.157 -1.234 0.597 ...
 $ Gen01.FirstTimeSdvAvg            : num  0.214 0.266 0.149 -1.222 0.567 ...
 $ Gen01.LastTimeSdvAvg             : num  0.235 0.228 0.213 -1.206 0.71 ...
 $ Gen01.RealOddsLog1Avg            : num  3.04 2.68 2.39 3.93 2.93 ...
 $ Gen01.RunCount                   : num  28 8 15 1 1 6 39 2 6 57 ...
 $ Gen01.HitCount1                  : num  3 2 1 0 0 0 3 0 0 5 ...
 $ Gen01.HitCount2                  : num  3 1 3 0 0 0 6 2 0 5 ...
 $ Gen01.HitCount3                  : num  1 1 1 0 0 1 5 0 0 6 ...
 $ Gen01.HitCount4                  : num  6 0 2 0 1 2 4 0 1 6 ...
 $ Gen01.HitCount5                  : num  2 2 1 0 0 1 2 0 1 3 ...
 $ Gen01.HitRate1                   : num  0.1071 0.25 0.0667 0 0 ...
 $ Gen01.HitRate2                   : num  0.107 0.125 0.2 0 0 ...
 $ Gen01.HitRate3                   : num  0.0357 0.125 0.0667 0 0 ...
 $ Gen01.HitRate4                   : num  0.214 0 0.133 0 1 ...
 $ Gen01.HitRate5                   : num  0.0714 0.25 0.0667 0 0 ...
 $ EOF                              : int  1 1 1 1 1 1 1 1 1 1 ...
 - attr(*, "na.action")= 'omit' Named int  2 8 14 15 22 47 60 126 131 176 ...
  ..- attr(*, "names")= chr  "2" "8" "14" "15" ...
[1] "2022-03-08 18:29:19 --- na.omit Finish ---"
[1] "2022-03-08 18:29:19 --- rxLogit with rxStepControl Start ---"

> print(paste0(Sys.time(), " --- source_logic_glm.R Start ---"))
[1] "2022-03-08 18:29:19 --- source_logic_glm.R Start ---"

> formula <- formula(RaceHorse.IsHitA ~ +1 + Gen01.FinishTimeSdvByRaceAvg)

> print(paste0(Sys.time(), " --- source_logic_glm.R Finished ---"))
[1] "2022-03-08 18:29:19 --- source_logic_glm.R Finished ---"
Rows Read: 2280, Total Rows Processed: 2280, Total Chunk Time: 0.001 seconds 

Starting values (iteration 1) time: 0.023 secs.
Rows Read: 2280, Total Rows Processed: 2280, Total Chunk Time: 0.001 seconds 

Iteration 2 time: 0.005 secs.
Rows Read: 2280, Total Rows Processed: 2280, Total Chunk Time: 0.001 seconds 

Iteration 3 time: 0.004 secs.
Rows Read: 2280, Total Rows Processed: 2280, Total Chunk Time: 0.001 seconds 

Iteration 4 time: 0.003 secs.
Rows Read: 2280, Total Rows Processed: 2280, Total Chunk Time: 0.001 seconds 

Iteration 5 time: 0.005 secs.

Elapsed computation time: 0.058 secs.
Rows Read: 2280, Total Rows Processed: 2280, Total Chunk Time: Less than .001 seconds 

Starting values (iteration 1) time: 0.004 secs.
Rows Read: 2280, Total Rows Processed: 2280, Total Chunk Time: 0.001 seconds 

Iteration 2 time: 0.007 secs.

Elapsed computation time: 0.029 secs.
Rows Read: 2280, Total Rows Processed: 2280, Total Chunk Time: 0.001 seconds 

Starting values (iteration 1) time: 0.006 secs.
Rows Read: 2280, Total Rows Processed: 2280, Total Chunk Time: Less than .001 seconds 

Iteration 2 time: 0.004 secs.
Rows Read: 2280, Total Rows Processed: 2280, Total Chunk Time: 0.004 seconds 

Iteration 3 time: 0.012 secs.
Rows Read: 2280, Total Rows Processed: 2280, Total Chunk Time: 0.001 seconds 

Iteration 4 time: 0.007 secs.
Rows Read: 2280, Total Rows Processed: 2280, Total Chunk Time: 0.001 seconds 

Iteration 5 time: 0.009 secs.

Elapsed computation time: 0.074 secs.

Elapsed computation time: 0.178 secs.
[1] "--------------------------------------------------------------------------------"
[1] "analyze.results.glm.step="
Logistic Regression Results for: RaceHorse.IsHitA ~
    Gen01.FinishTimeSdvByRaceAvg
Data: data
Dependent variable(s): RaceHorse.IsHitA
Total independent variables: 2 
Number of valid observations: 2280
Number of missing observations: 0 
 
Coefficients:
                             RaceHorse.IsHitA
(Intercept)                              -2.6
Gen01.FinishTimeSdvByRaceAvg              0.9
[1] "analyze.results.glm.step.summary"
Call:
rxLogit(formula = formula, data = data, variableSelection = analyze.results.glm.step.varsel)

Logistic Regression Results for: RaceHorse.IsHitA ~
    Gen01.FinishTimeSdvByRaceAvg
Data: data
Dependent variable(s): RaceHorse.IsHitA
Total independent variables: 2 
Number of valid observations: 2280
Number of missing observations: 0 
-2*LogLikelihood: 1352.418 (Residual deviance on 2278 degrees of freedom)
 
Coefficients:
                             Estimate Std. Error z value Pr(>|z|)    
(Intercept)                   -2.5561     0.0967  -26.43  2.2e-16 ***
Gen01.FinishTimeSdvByRaceAvg   0.9469     0.2095    4.52  6.2e-06 ***
---
Signif. codes:  0 '***' 0.001 '**' 0.01 '*' 0.05 '.' 0.1 ' ' 1

Condition number of final variance-covariance matrix: 1 
Number of iterations: 5
[1] "--------------------------------------------------------------------------------"
[1] "2022-03-08 18:29:19 --- rxLogit with rxStepControl Finish ---"
[1] "2022-03-08 18:29:19 --- rxStepPlot Start ---"
[1] "pdfFilename=pdf_analyze_glm_Gen01_Type31_rxStepPlot.pdf"
[1] "rxStepPlot="
[1] "2022-03-08 18:30:09 --- rxStepPlot Finish ---"
[1] "2022-03-08 18:30:10 --- save.image Start ---"
[1] "save.image"
[1] "rdataFilename=RData_analyze_glm_Gen01_Type31.RData"
[1] "2022-03-08 18:30:16 --- save.image Finish ---"
[1] "2022-03-08 18:30:16 --- final Start ---"
[1] "--------------------------------------------------------------------------------"
[1] "nrow(data) final=2280"
[1] "--------------------------------------------------------------------------------"
[1] "2022-03-08 18:30:16 --- final Finish ---"
[1] "2022-03-08 18:30:16 --- analyze_glm.R Finished ---"
[1] "2022-03-08 18:30:16 --- log Finish ---"
