[1] "2022-02-25 20:27:55 --- D1115_analyze_glm_Odds_IsHitA_Type11 Start ---"
[1] "2022-02-25 20:28:00 --- Log Start ---"
[1] "2022-02-25 20:28:04 --- analyze_glm.R Start ---"
[1] "analyzeVersion=D1115"
[1] "analyzeCategory=analyze"
[1] "analyzeType=Odds"
[1] "analyzeFamily=IsHitA"
[1] "analyzeFunc=glm"
[1] "analyzeTrackTypeCd=1"
[1] "analyzeJyokenCd=1"
[1] "2022-02-25 20:28:52 --- source_function.R Start ---"
[1] "2022-02-25 20:29:07 --- source_function.R Finished ---"

> print(paste0(Sys.time(), " --- source_library.R Start ---"))
[1] "2022-02-25 20:29:43 --- source_library.R Start ---"

> require("RevoScaleR")

> print(paste0(Sys.time(), " --- source_library.R Finished ---"))
[1] "2022-02-25 20:30:20 --- source_library.R Finished ---"
[1] "2022-02-25 20:30:33 --- RxSqlServerData Start ---"
[1] "2022-02-25 20:30:37 --- RxInSqlServer Start ---"
[1] "2022-02-25 20:30:43 --- RxInSqlServer Finish ---"
[1] "2022-02-25 20:30:45 --- rxSetComputeContext Start ---"
[1] "2022-02-25 20:30:56 --- rxSetComputeContext Finish ---"
[1] "2022-02-25 20:30:57 --- RxSqlServerData Start ---"
[1] "sqlQuery=SELECT * FROM ViewAnalyzeD1115analyze01OddsType11"
[1] "2022-02-25 20:31:37 --- RxSqlServerData Finish ---"
[1] "2022-02-25 20:31:55 --- rxGetVarInfo Start ---"
[1] "2022-02-25 20:32:10 --- rxGetVarInfo Finish---"
[1] "2022-02-25 20:32:20 --- rxImport Start ---"
Rows Read: 12852, Total Rows Processed: 12852, Total Chunk Time: 1.782 seconds 
[1] "2022-02-25 20:32:37 --- rxImport Finish ---"
[1] "object.size(data) auto=2.8 Mb"
[1] "--------------------------------------------------------------------------------"
[1] "nrow(data) RxSqlServerData=12852"
[1] "--------------------------------------------------------------------------------"
[1] "str(data)="
'data.frame':	12852 obs. of  32 variables:
 $ Race.RaceId                      : Factor w/ 928 levels "20160105-06-01-01-11",..: 1 2 3 4 4 4 4 5 6 6 ...
 $ Race.IsPredictedRace             : logi  TRUE TRUE TRUE TRUE TRUE TRUE ...
 $ Race.IsAnalyzeNormalPastAndFuture: logi  TRUE TRUE TRUE TRUE TRUE TRUE ...
 $ Race.IsAnalyzeNormalPast         : logi  TRUE TRUE TRUE TRUE TRUE TRUE ...
 $ Race.IsAnalyzeNormalFuture       : logi  FALSE FALSE FALSE FALSE FALSE FALSE ...
 $ Race.IsAnalyzeFullPastAndFuture  : logi  TRUE TRUE TRUE TRUE TRUE TRUE ...
 $ Race.IsAnalyzeFullPast           : logi  TRUE TRUE TRUE TRUE TRUE TRUE ...
 $ Race.IsAnalyzeFullFuture         : logi  FALSE FALSE FALSE FALSE FALSE FALSE ...
 $ Race.JyokenCd                    : Factor w/ 1 level "1": 1 1 1 1 1 1 1 1 1 1 ...
 $ Race.JyoType1Cd                  : Factor w/ 141 levels "1-06-2000-1-1",..: 1 2 3 4 4 4 4 5 6 6 ...
 $ Race.RaceType1Cd                 : Factor w/ 16 levels "1-1-C-2","1-1-E-1",..: 1 2 3 3 3 3 3 2 1 1 ...
 $ RaceHorse.RaceId                 : Factor w/ 928 levels "20160105-06-01-01-11",..: 1 2 3 4 4 4 4 5 6 6 ...
 $ RaceHorse.KettoNum               : Factor w/ 3103 levels "2011106350","2010105904",..: 1 2 3 4 5 6 7 8 9 10 ...
 $ RaceHorse.IsHit1                 : num  0 0 0 0 0 0 0 0 0 0 ...
 $ RaceHorse.IsHit2                 : num  1 0 0 0 1 0 0 0 0 0 ...
 $ RaceHorse.IsHit3                 : num  0 0 0 0 0 0 0 0 0 0 ...
 $ RaceHorse.IsHit4                 : num  0 0 0 0 0 0 0 0 0 0 ...
 $ RaceHorse.IsHit5                 : num  0 0 0 0 0 0 0 0 0 0 ...
 $ RaceHorse.IsHit6                 : num  0 1 1 1 0 1 1 1 1 1 ...
 $ RaceHorse.IsValidRaceHorse       : logi  TRUE TRUE TRUE TRUE TRUE TRUE ...
 $ RaceHorse.TimeSdv                : num  0.0366 0.329 0.08 -0.7751 0.0521 ...
 $ RaceHorse.IsHitA                 : num  0 0 0 0 0 0 0 0 0 0 ...
 $ RaceHorse.IsHitB                 : num  1 0 0 0 1 0 0 0 0 0 ...
 $ RaceHorse.IsHitC                 : num  1 0 0 0 1 0 0 0 0 0 ...
 $ OddsByWin.Odds1                  : num  6.9 6.8 18.3 60.1 17.8 31.3 9 49.1 25.8 34.9 ...
 $ OddsByWin.Ninki                  : num  5 4 7 15 10 12 5 14 10 13 ...
 $ OddsByWin.OddsLog1               : num  2.07 2.05 2.96 4.11 2.93 ...
 $ OddsByWin.OddsRatio1             : num  0.1695 0.1724 0.0578 0.0169 0.0595 ...
 $ OddsByWin.OddsLogit1             : num  -1.93 -1.92 -2.91 -4.1 -2.88 ...
 $ OddsByWin.ApprovalRate1          : num  0.1449 0.1471 0.0546 0.0166 0.0562 ...
 $ OddsByWin.ApprovalRateLog1       : num  0.1353 0.1372 0.0532 0.0165 0.0547 ...
 $ EOF                              : int  1 1 1 1 1 1 1 1 1 1 ...
[1] "2022-02-25 20:32:50 --- RxSqlServerData Finish ---"
[1] "2022-02-25 20:32:51 --- subset Start ---"
[1] "--------------------------------------------------------------------------------"
[1] "nrow(data) subset before=12852"
[1] "nrow(data) subset after =12852"
[1] "nrow(data) subset diff =0"
[1] "--------------------------------------------------------------------------------"
[1] "2022-02-25 20:32:51 --- subset Finish---"
[1] "2022-02-25 20:32:52 --- transform Start ---"
[1] "--------------------------------------------------------------------------------"
[1] "nrow(data) transform before=12852"
[1] "nrow(data) transform after=12852"
[1] "nrow(data) transform diff=0"
[1] "--------------------------------------------------------------------------------"
[1] "str(data)="
'data.frame':	12852 obs. of  32 variables:
 $ Race.RaceId                      : Factor w/ 928 levels "20160105-06-01-01-11",..: 1 2 3 4 4 4 4 5 6 6 ...
 $ Race.IsPredictedRace             : logi  TRUE TRUE TRUE TRUE TRUE TRUE ...
 $ Race.IsAnalyzeNormalPastAndFuture: logi  TRUE TRUE TRUE TRUE TRUE TRUE ...
 $ Race.IsAnalyzeNormalPast         : logi  TRUE TRUE TRUE TRUE TRUE TRUE ...
 $ Race.IsAnalyzeNormalFuture       : logi  FALSE FALSE FALSE FALSE FALSE FALSE ...
 $ Race.IsAnalyzeFullPastAndFuture  : logi  TRUE TRUE TRUE TRUE TRUE TRUE ...
 $ Race.IsAnalyzeFullPast           : logi  TRUE TRUE TRUE TRUE TRUE TRUE ...
 $ Race.IsAnalyzeFullFuture         : logi  FALSE FALSE FALSE FALSE FALSE FALSE ...
 $ Race.JyokenCd                    : Factor w/ 1 level "1": 1 1 1 1 1 1 1 1 1 1 ...
 $ Race.JyoType1Cd                  : Factor w/ 141 levels "1-06-2000-1-1",..: 1 2 3 4 4 4 4 5 6 6 ...
 $ Race.RaceType1Cd                 : Factor w/ 16 levels "1-1-C-2","1-1-E-1",..: 1 2 3 3 3 3 3 2 1 1 ...
 $ RaceHorse.RaceId                 : Factor w/ 928 levels "20160105-06-01-01-11",..: 1 2 3 4 4 4 4 5 6 6 ...
 $ RaceHorse.KettoNum               : Factor w/ 3103 levels "2011106350","2010105904",..: 1 2 3 4 5 6 7 8 9 10 ...
 $ RaceHorse.IsHit1                 : num  0 0 0 0 0 0 0 0 0 0 ...
 $ RaceHorse.IsHit2                 : num  1 0 0 0 1 0 0 0 0 0 ...
 $ RaceHorse.IsHit3                 : num  0 0 0 0 0 0 0 0 0 0 ...
 $ RaceHorse.IsHit4                 : num  0 0 0 0 0 0 0 0 0 0 ...
 $ RaceHorse.IsHit5                 : num  0 0 0 0 0 0 0 0 0 0 ...
 $ RaceHorse.IsHit6                 : num  0 1 1 1 0 1 1 1 1 1 ...
 $ RaceHorse.IsValidRaceHorse       : logi  TRUE TRUE TRUE TRUE TRUE TRUE ...
 $ RaceHorse.TimeSdv                : num  0.0366 0.329 0.08 -0.7751 0.0521 ...
 $ RaceHorse.IsHitA                 : num  0 0 0 0 0 0 0 0 0 0 ...
 $ RaceHorse.IsHitB                 : num  1 0 0 0 1 0 0 0 0 0 ...
 $ RaceHorse.IsHitC                 : num  1 0 0 0 1 0 0 0 0 0 ...
 $ OddsByWin.Odds1                  : num  6.9 6.8 18.3 60.1 17.8 31.3 9 49.1 25.8 34.9 ...
 $ OddsByWin.Ninki                  : num  5 4 7 15 10 12 5 14 10 13 ...
 $ OddsByWin.OddsLog1               : num  2.07 2.05 2.96 4.11 2.93 ...
 $ OddsByWin.OddsRatio1             : num  0.1695 0.1724 0.0578 0.0169 0.0595 ...
 $ OddsByWin.OddsLogit1             : num  -1.93 -1.92 -2.91 -4.1 -2.88 ...
 $ OddsByWin.ApprovalRate1          : num  0.1449 0.1471 0.0546 0.0166 0.0562 ...
 $ OddsByWin.ApprovalRateLog1       : num  0.1353 0.1372 0.0532 0.0165 0.0547 ...
 $ EOF                              : int  1 1 1 1 1 1 1 1 1 1 ...
NULL
[1] "2022-02-25 20:32:57 --- transform Finish ---"
[1] "2022-02-25 20:32:57 --- na.omit Start ---"
[1] "--------------------------------------------------------------------------------"
[1] "nrow(data) na.omit before=12852"
[1] "nrow(data) na.omit after =12781"
[1] "nrow(data) na.omit diff =71"
[1] "--------------------------------------------------------------------------------"
'data.frame':	12781 obs. of  32 variables:
 $ Race.RaceId                      : Factor w/ 928 levels "20160105-06-01-01-11",..: 1 2 3 4 4 4 4 5 6 6 ...
 $ Race.IsPredictedRace             : logi  TRUE TRUE TRUE TRUE TRUE TRUE ...
 $ Race.IsAnalyzeNormalPastAndFuture: logi  TRUE TRUE TRUE TRUE TRUE TRUE ...
 $ Race.IsAnalyzeNormalPast         : logi  TRUE TRUE TRUE TRUE TRUE TRUE ...
 $ Race.IsAnalyzeNormalFuture       : logi  FALSE FALSE FALSE FALSE FALSE FALSE ...
 $ Race.IsAnalyzeFullPastAndFuture  : logi  TRUE TRUE TRUE TRUE TRUE TRUE ...
 $ Race.IsAnalyzeFullPast           : logi  TRUE TRUE TRUE TRUE TRUE TRUE ...
 $ Race.IsAnalyzeFullFuture         : logi  FALSE FALSE FALSE FALSE FALSE FALSE ...
 $ Race.JyokenCd                    : Factor w/ 1 level "1": 1 1 1 1 1 1 1 1 1 1 ...
 $ Race.JyoType1Cd                  : Factor w/ 141 levels "1-06-2000-1-1",..: 1 2 3 4 4 4 4 5 6 6 ...
 $ Race.RaceType1Cd                 : Factor w/ 16 levels "1-1-C-2","1-1-E-1",..: 1 2 3 3 3 3 3 2 1 1 ...
 $ RaceHorse.RaceId                 : Factor w/ 928 levels "20160105-06-01-01-11",..: 1 2 3 4 4 4 4 5 6 6 ...
 $ RaceHorse.KettoNum               : Factor w/ 3103 levels "2011106350","2010105904",..: 1 2 3 4 5 6 7 8 9 10 ...
 $ RaceHorse.IsHit1                 : num  0 0 0 0 0 0 0 0 0 0 ...
 $ RaceHorse.IsHit2                 : num  1 0 0 0 1 0 0 0 0 0 ...
 $ RaceHorse.IsHit3                 : num  0 0 0 0 0 0 0 0 0 0 ...
 $ RaceHorse.IsHit4                 : num  0 0 0 0 0 0 0 0 0 0 ...
 $ RaceHorse.IsHit5                 : num  0 0 0 0 0 0 0 0 0 0 ...
 $ RaceHorse.IsHit6                 : num  0 1 1 1 0 1 1 1 1 1 ...
 $ RaceHorse.IsValidRaceHorse       : logi  TRUE TRUE TRUE TRUE TRUE TRUE ...
 $ RaceHorse.TimeSdv                : num  0.0366 0.329 0.08 -0.7751 0.0521 ...
 $ RaceHorse.IsHitA                 : num  0 0 0 0 0 0 0 0 0 0 ...
 $ RaceHorse.IsHitB                 : num  1 0 0 0 1 0 0 0 0 0 ...
 $ RaceHorse.IsHitC                 : num  1 0 0 0 1 0 0 0 0 0 ...
 $ OddsByWin.Odds1                  : num  6.9 6.8 18.3 60.1 17.8 31.3 9 49.1 25.8 34.9 ...
 $ OddsByWin.Ninki                  : num  5 4 7 15 10 12 5 14 10 13 ...
 $ OddsByWin.OddsLog1               : num  2.07 2.05 2.96 4.11 2.93 ...
 $ OddsByWin.OddsRatio1             : num  0.1695 0.1724 0.0578 0.0169 0.0595 ...
 $ OddsByWin.OddsLogit1             : num  -1.93 -1.92 -2.91 -4.1 -2.88 ...
 $ OddsByWin.ApprovalRate1          : num  0.1449 0.1471 0.0546 0.0166 0.0562 ...
 $ OddsByWin.ApprovalRateLog1       : num  0.1353 0.1372 0.0532 0.0165 0.0547 ...
 $ EOF                              : int  1 1 1 1 1 1 1 1 1 1 ...
 - attr(*, "na.action")= 'omit' Named int  16 18 366 459 621 635 669 698 848 994 ...
  ..- attr(*, "names")= chr  "16" "18" "366" "459" ...
[1] "2022-02-25 20:33:02 --- na.omit Finish ---"
[1] "2022-02-25 20:33:02 --- rxGlm with rxStepControl Start ---"

> print(paste0(Sys.time(), " --- source_logic_glm.R Start ---"))
[1] "2022-02-25 20:33:02 --- source_logic_glm.R Start ---"

> formula <- formula(RaceHorse.IsHitA ~ +1 + OddsByWin.OddsLogit1)

> print(paste0(Sys.time(), " --- source_logic_glm.R Finished ---"))
[1] "2022-02-25 20:33:03 --- source_logic_glm.R Finished ---"
Rows Read: 12781, Total Rows Processed: 12781, Total Chunk Time: 0.001 seconds 

Starting values (iteration 1) time: 0.013 secs.
Rows Read: 12781, Total Rows Processed: 12781, Total Chunk Time: 0.002 seconds 

Iteration 2 time: 0.099 secs.
Rows Read: 12781, Total Rows Processed: 12781, Total Chunk Time: 0.002 seconds 

Iteration 3 time: 0.119 secs.
Rows Read: 12781, Total Rows Processed: 12781, Total Chunk Time: 0.002 seconds 

Iteration 4 time: 0.219 secs.
Rows Read: 12781, Total Rows Processed: 12781, Total Chunk Time: 0.001 seconds 

Iteration 5 time: 0.085 secs.
Rows Read: 12781, Total Rows Processed: 12781, Total Chunk Time: 0.002 seconds 

Iteration 6 time: 0.184 secs.

Elapsed computation time: 1.426 secs.
Rows Read: 12781, Total Rows Processed: 12781, Total Chunk Time: 0.001 seconds 

Starting values (iteration 1) time: 0.101 secs.
Rows Read: 12781, Total Rows Processed: 12781, Total Chunk Time: 0.001 seconds 

Iteration 2 time: 0.110 secs.

Elapsed computation time: 0.425 secs.
Rows Read: 12781, Total Rows Processed: 12781, Total Chunk Time: Less than .001 seconds 

Starting values (iteration 1) time: 0.096 secs.
Rows Read: 12781, Total Rows Processed: 12781, Total Chunk Time: 0.002 seconds 

Iteration 2 time: 0.094 secs.
Rows Read: 12781, Total Rows Processed: 12781, Total Chunk Time: 0.002 seconds 

Iteration 3 time: 0.155 secs.
Rows Read: 12781, Total Rows Processed: 12781, Total Chunk Time: 0.002 seconds 

Iteration 4 time: 0.093 secs.
Rows Read: 12781, Total Rows Processed: 12781, Total Chunk Time: 0.002 seconds 

Iteration 5 time: 0.165 secs.
Rows Read: 12781, Total Rows Processed: 12781, Total Chunk Time: 0.002 seconds 

Iteration 6 time: 0.100 secs.

Elapsed computation time: 1.261 secs.

Elapsed computation time: 3.465 secs.
[1] "--------------------------------------------------------------------------------"
[1] "analyze.results.glm.step="
Logistic Regression Results for: RaceHorse.IsHitA ~
    OddsByWin.OddsLogit1
Data: data
Dependent variable(s): RaceHorse.IsHitA
Total independent variables: 2 
Number of valid observations: 12781
Number of missing observations: 0 
 
Coefficients:
                     RaceHorse.IsHitA
(Intercept)                       0.4
OddsByWin.OddsLogit1              1.2
[1] "analyze.results.glm.step.summary"
Call:
rxLogit(formula = formula, data = data, variableSelection = analyze.results.glm.step.varsel)

Logistic Regression Results for: RaceHorse.IsHitA ~
    OddsByWin.OddsLogit1
Data: data
Dependent variable(s): RaceHorse.IsHitA
Total independent variables: 2 
Number of valid observations: 12781
Number of missing observations: 0 
-2*LogLikelihood: 5268.156 (Residual deviance on 12779 degrees of freedom)
 
Coefficients:
                     Estimate Std. Error z value Pr(>|z|)    
(Intercept)            0.4384     0.0858    5.11  3.2e-07 ***
OddsByWin.OddsLogit1   1.2458     0.0418   29.84  2.2e-16 ***
---
Signif. codes:  0 '***' 0.001 '**' 0.01 '*' 0.05 '.' 0.1 ' ' 1

Condition number of final variance-covariance matrix: 1 
Number of iterations: 6
[1] "--------------------------------------------------------------------------------"
[1] "2022-02-25 20:33:10 --- rxGlm with rxStepControl Finish ---"
[1] "2022-02-25 20:33:10 --- rxStepPlot Start ---"
[1] "pdfFilename=pdf_analyze_glm_Odds_Type11_rxStepPlot.pdf"
[1] "rxStepPlot="
[1] "2022-02-25 20:33:10 --- rxStepPlot Finish ---"
[1] "2022-02-25 20:33:10 --- save.image Start ---"
[1] "save.image"
[1] "rdataFilename=RData_analyze_glm_Odds_Type11.RData"
[1] "2022-02-25 20:33:11 --- save.image Finish ---"
[1] "2022-02-25 20:33:11 --- final Start ---"
[1] "--------------------------------------------------------------------------------"
[1] "nrow(data) final=12781"
[1] "--------------------------------------------------------------------------------"
[1] "2022-02-25 20:33:11 --- final Finish ---"
[1] "2022-02-25 20:33:11 --- analyze_glm.R Finished ---"
[1] "2022-02-25 20:33:11 --- log Finish ---"
