[1] "2022-02-25 20:57:32 --- D1115_analyze_glm_Jockey_IsHitA_Type22 Start ---"
[1] "2022-02-25 20:57:32 --- Log Start ---"
[1] "2022-02-25 20:57:32 --- analyze_glm.R Start ---"
[1] "analyzeVersion=D1115"
[1] "analyzeCategory=analyze"
[1] "analyzeType=Jockey"
[1] "analyzeFamily=IsHitA"
[1] "analyzeFunc=glm"
[1] "analyzeTrackTypeCd=2"
[1] "analyzeJyokenCd=2"
[1] "2022-02-25 20:57:32 --- source_function.R Start ---"
[1] "2022-02-25 20:57:32 --- source_function.R Finished ---"

> print(paste0(Sys.time(), " --- source_library.R Start ---"))
[1] "2022-02-25 20:57:32 --- source_library.R Start ---"

> require("RevoScaleR")

> print(paste0(Sys.time(), " --- source_library.R Finished ---"))
[1] "2022-02-25 20:57:33 --- source_library.R Finished ---"
[1] "2022-02-25 20:57:33 --- RxSqlServerData Start ---"
[1] "2022-02-25 20:57:33 --- RxInSqlServer Start ---"
[1] "2022-02-25 20:57:33 --- RxInSqlServer Finish ---"
[1] "2022-02-25 20:57:33 --- rxSetComputeContext Start ---"
[1] "2022-02-25 20:57:33 --- rxSetComputeContext Finish ---"
[1] "2022-02-25 20:57:33 --- RxSqlServerData Start ---"
[1] "sqlQuery=SELECT * FROM ViewAnalyzeD1115analyze01JockeyType22"
[1] "2022-02-25 20:57:33 --- RxSqlServerData Finish ---"
[1] "2022-02-25 20:57:33 --- rxGetVarInfo Start ---"
[1] "2022-02-25 20:57:33 --- rxGetVarInfo Finish---"
[1] "2022-02-25 20:57:33 --- rxImport Start ---"
Rows Read: 5687, Total Rows Processed: 5687, Total Chunk Time: 3.938 seconds 
[1] "2022-02-25 20:57:49 --- rxImport Finish ---"
[1] "object.size(data) auto=1.7 Mb"
[1] "--------------------------------------------------------------------------------"
[1] "nrow(data) RxSqlServerData=5687"
[1] "--------------------------------------------------------------------------------"
[1] "str(data)="
'data.frame':	5687 obs. of  43 variables:
 $ Race.RaceId                      : Factor w/ 399 levels "20161030-08-04-09-10",..: 3 4 3 3 3 3 3 3 4 4 ...
 $ Race.IsPredictedRace             : logi  TRUE TRUE TRUE TRUE TRUE TRUE ...
 $ Race.IsAnalyzeNormalPastAndFuture: logi  TRUE TRUE TRUE TRUE TRUE TRUE ...
 $ Race.IsAnalyzeNormalPast         : logi  TRUE TRUE TRUE TRUE TRUE TRUE ...
 $ Race.IsAnalyzeNormalFuture       : logi  FALSE FALSE FALSE FALSE FALSE FALSE ...
 $ Race.IsAnalyzeFullPastAndFuture  : logi  TRUE TRUE TRUE TRUE TRUE TRUE ...
 $ Race.IsAnalyzeFullPast           : logi  TRUE TRUE TRUE TRUE TRUE TRUE ...
 $ Race.IsAnalyzeFullFuture         : logi  FALSE FALSE FALSE FALSE FALSE FALSE ...
 $ Race.JyokenCd                    : Factor w/ 1 level "2": 1 1 1 1 1 1 1 1 1 1 ...
 $ Race.JyoType1Cd                  : Factor w/ 71 levels "2-08-1800-2-1",..: 1 3 1 1 1 1 1 1 3 3 ...
 $ Race.RaceType1Cd                 : Factor w/ 2 levels "2-2-E-2","2-2-E-1": 1 1 1 1 1 1 1 1 1 1 ...
 $ RaceHorse.RaceId                 : Factor w/ 399 levels "20161030-08-04-09-10",..: 3 4 3 3 3 3 3 3 4 4 ...
 $ RaceHorse.KettoNum               : Factor w/ 1196 levels "2012103478","2015105278",..: 11 12 13 14 15 16 17 18 19 20 ...
 $ RaceHorse.IsHit1                 : num  0 0 0 0 0 0 0 0 0 0 ...
 $ RaceHorse.IsHit2                 : num  0 1 0 0 0 0 0 0 0 0 ...
 $ RaceHorse.IsHit3                 : num  1 0 0 0 0 0 0 0 0 0 ...
 $ RaceHorse.IsHit4                 : num  0 0 0 0 0 0 1 0 0 0 ...
 $ RaceHorse.IsHit5                 : num  0 0 0 0 0 0 0 0 0 0 ...
 $ RaceHorse.IsHit6                 : num  0 0 1 1 1 1 0 1 1 1 ...
 $ RaceHorse.IsValidRaceHorse       : logi  TRUE TRUE TRUE TRUE TRUE TRUE ...
 $ RaceHorse.TimeSdv                : num  0.0393 -0.0734 -0.1424 -0.6873 -1.1414 ...
 $ RaceHorse.IsHitA                 : num  0 0 0 0 0 0 0 0 0 0 ...
 $ RaceHorse.IsHitB                 : num  0 1 0 0 0 0 0 0 0 0 ...
 $ RaceHorse.IsHitC                 : num  1 1 0 0 0 0 0 0 0 0 ...
 $ Jockey.TimeSdvByRaceAvg          : num  -0.2749 0.0249 -0.2782 -0.2488 -0.1385 ...
 $ Jockey.TimeSdvByRaceMin          : num  -2.99 -2.53 -2.22 -2.54 -1.95 ...
 $ Jockey.TimeSdvByRaceMax          : num  1.42 1.58 1.8 1.07 1.22 ...
 $ Jockey.TimeSdvAvg                : num  -0.2166 0.0903 -0.0253 -0.1254 0.0236 ...
 $ Jockey.TimeSdvMin                : num  -2.55 -3.04 -2.8 -3.5 -2.3 ...
 $ Jockey.TimeSdvMax                : num  1.4 1.38 2.13 1.43 1.31 ...
 $ Jockey.OrderOfFinishSdvAvg       : num  -0.2312 0.0182 -0.2337 -0.3231 -0.0491 ...
 $ Jockey.RunCount                  : num  38 48 50 48 16 47 10 16 30 4 ...
 $ Jockey.HitCount1                 : num  1 4 3 0 3 4 0 1 2 0 ...
 $ Jockey.HitCount2                 : num  4 4 0 0 1 4 1 1 3 0 ...
 $ Jockey.HitCount3                 : num  2 4 6 2 0 3 1 0 0 0 ...
 $ Jockey.HitCount4                 : num  1 3 1 2 0 4 3 2 1 0 ...
 $ Jockey.HitCount5                 : num  2 2 3 1 0 5 1 1 1 0 ...
 $ Jockey.HitRate1                  : num  0.0263 0.0833 0.06 0 0.1875 ...
 $ Jockey.HitRate2                  : num  0.1053 0.0833 0 0 0.0625 ...
 $ Jockey.HitRate3                  : num  0.0526 0.0833 0.12 0.0417 0 ...
 $ Jockey.HitRate4                  : num  0.0263 0.0625 0.02 0.0417 0 ...
 $ Jockey.HitRate5                  : num  0.0526 0.0417 0.06 0.0208 0 ...
 $ EOF                              : int  1 1 1 1 1 1 1 1 1 1 ...
[1] "2022-02-25 20:57:50 --- RxSqlServerData Finish ---"
[1] "2022-02-25 20:57:50 --- subset Start ---"
[1] "--------------------------------------------------------------------------------"
[1] "nrow(data) subset before=5687"
[1] "nrow(data) subset after =5687"
[1] "nrow(data) subset diff =0"
[1] "--------------------------------------------------------------------------------"
[1] "2022-02-25 20:57:50 --- subset Finish---"
[1] "2022-02-25 20:57:50 --- transform Start ---"
[1] "--------------------------------------------------------------------------------"
[1] "nrow(data) transform before=5687"
[1] "nrow(data) transform after=5687"
[1] "nrow(data) transform diff=0"
[1] "--------------------------------------------------------------------------------"
[1] "str(data)="
'data.frame':	5687 obs. of  43 variables:
 $ Race.RaceId                      : Factor w/ 399 levels "20161030-08-04-09-10",..: 3 4 3 3 3 3 3 3 4 4 ...
 $ Race.IsPredictedRace             : logi  TRUE TRUE TRUE TRUE TRUE TRUE ...
 $ Race.IsAnalyzeNormalPastAndFuture: logi  TRUE TRUE TRUE TRUE TRUE TRUE ...
 $ Race.IsAnalyzeNormalPast         : logi  TRUE TRUE TRUE TRUE TRUE TRUE ...
 $ Race.IsAnalyzeNormalFuture       : logi  FALSE FALSE FALSE FALSE FALSE FALSE ...
 $ Race.IsAnalyzeFullPastAndFuture  : logi  TRUE TRUE TRUE TRUE TRUE TRUE ...
 $ Race.IsAnalyzeFullPast           : logi  TRUE TRUE TRUE TRUE TRUE TRUE ...
 $ Race.IsAnalyzeFullFuture         : logi  FALSE FALSE FALSE FALSE FALSE FALSE ...
 $ Race.JyokenCd                    : Factor w/ 1 level "2": 1 1 1 1 1 1 1 1 1 1 ...
 $ Race.JyoType1Cd                  : Factor w/ 71 levels "2-08-1800-2-1",..: 1 3 1 1 1 1 1 1 3 3 ...
 $ Race.RaceType1Cd                 : Factor w/ 2 levels "2-2-E-2","2-2-E-1": 1 1 1 1 1 1 1 1 1 1 ...
 $ RaceHorse.RaceId                 : Factor w/ 399 levels "20161030-08-04-09-10",..: 3 4 3 3 3 3 3 3 4 4 ...
 $ RaceHorse.KettoNum               : Factor w/ 1196 levels "2012103478","2015105278",..: 11 12 13 14 15 16 17 18 19 20 ...
 $ RaceHorse.IsHit1                 : num  0 0 0 0 0 0 0 0 0 0 ...
 $ RaceHorse.IsHit2                 : num  0 1 0 0 0 0 0 0 0 0 ...
 $ RaceHorse.IsHit3                 : num  1 0 0 0 0 0 0 0 0 0 ...
 $ RaceHorse.IsHit4                 : num  0 0 0 0 0 0 1 0 0 0 ...
 $ RaceHorse.IsHit5                 : num  0 0 0 0 0 0 0 0 0 0 ...
 $ RaceHorse.IsHit6                 : num  0 0 1 1 1 1 0 1 1 1 ...
 $ RaceHorse.IsValidRaceHorse       : logi  TRUE TRUE TRUE TRUE TRUE TRUE ...
 $ RaceHorse.TimeSdv                : num  0.0393 -0.0734 -0.1424 -0.6873 -1.1414 ...
 $ RaceHorse.IsHitA                 : num  0 0 0 0 0 0 0 0 0 0 ...
 $ RaceHorse.IsHitB                 : num  0 1 0 0 0 0 0 0 0 0 ...
 $ RaceHorse.IsHitC                 : num  1 1 0 0 0 0 0 0 0 0 ...
 $ Jockey.TimeSdvByRaceAvg          : num  -0.2749 0.0249 -0.2782 -0.2488 -0.1385 ...
 $ Jockey.TimeSdvByRaceMin          : num  -2.99 -2.53 -2.22 -2.54 -1.95 ...
 $ Jockey.TimeSdvByRaceMax          : num  1.42 1.58 1.8 1.07 1.22 ...
 $ Jockey.TimeSdvAvg                : num  -0.2166 0.0903 -0.0253 -0.1254 0.0236 ...
 $ Jockey.TimeSdvMin                : num  -2.55 -3.04 -2.8 -3.5 -2.3 ...
 $ Jockey.TimeSdvMax                : num  1.4 1.38 2.13 1.43 1.31 ...
 $ Jockey.OrderOfFinishSdvAvg       : num  -0.2312 0.0182 -0.2337 -0.3231 -0.0491 ...
 $ Jockey.RunCount                  : num  38 48 50 48 16 47 10 16 30 4 ...
 $ Jockey.HitCount1                 : num  1 4 3 0 3 4 0 1 2 0 ...
 $ Jockey.HitCount2                 : num  4 4 0 0 1 4 1 1 3 0 ...
 $ Jockey.HitCount3                 : num  2 4 6 2 0 3 1 0 0 0 ...
 $ Jockey.HitCount4                 : num  1 3 1 2 0 4 3 2 1 0 ...
 $ Jockey.HitCount5                 : num  2 2 3 1 0 5 1 1 1 0 ...
 $ Jockey.HitRate1                  : num  0.0263 0.0833 0.06 0 0.1875 ...
 $ Jockey.HitRate2                  : num  0.1053 0.0833 0 0 0.0625 ...
 $ Jockey.HitRate3                  : num  0.0526 0.0833 0.12 0.0417 0 ...
 $ Jockey.HitRate4                  : num  0.0263 0.0625 0.02 0.0417 0 ...
 $ Jockey.HitRate5                  : num  0.0526 0.0417 0.06 0.0208 0 ...
 $ EOF                              : int  1 1 1 1 1 1 1 1 1 1 ...
NULL
[1] "2022-02-25 20:57:51 --- transform Finish ---"
[1] "2022-02-25 20:57:51 --- na.omit Start ---"
[1] "--------------------------------------------------------------------------------"
[1] "nrow(data) na.omit before=5687"
[1] "nrow(data) na.omit after =5649"
[1] "nrow(data) na.omit diff =38"
[1] "--------------------------------------------------------------------------------"
'data.frame':	5649 obs. of  43 variables:
 $ Race.RaceId                      : Factor w/ 399 levels "20161030-08-04-09-10",..: 3 4 3 3 3 3 3 3 4 4 ...
 $ Race.IsPredictedRace             : logi  TRUE TRUE TRUE TRUE TRUE TRUE ...
 $ Race.IsAnalyzeNormalPastAndFuture: logi  TRUE TRUE TRUE TRUE TRUE TRUE ...
 $ Race.IsAnalyzeNormalPast         : logi  TRUE TRUE TRUE TRUE TRUE TRUE ...
 $ Race.IsAnalyzeNormalFuture       : logi  FALSE FALSE FALSE FALSE FALSE FALSE ...
 $ Race.IsAnalyzeFullPastAndFuture  : logi  TRUE TRUE TRUE TRUE TRUE TRUE ...
 $ Race.IsAnalyzeFullPast           : logi  TRUE TRUE TRUE TRUE TRUE TRUE ...
 $ Race.IsAnalyzeFullFuture         : logi  FALSE FALSE FALSE FALSE FALSE FALSE ...
 $ Race.JyokenCd                    : Factor w/ 1 level "2": 1 1 1 1 1 1 1 1 1 1 ...
 $ Race.JyoType1Cd                  : Factor w/ 71 levels "2-08-1800-2-1",..: 1 3 1 1 1 1 1 1 3 3 ...
 $ Race.RaceType1Cd                 : Factor w/ 2 levels "2-2-E-2","2-2-E-1": 1 1 1 1 1 1 1 1 1 1 ...
 $ RaceHorse.RaceId                 : Factor w/ 399 levels "20161030-08-04-09-10",..: 3 4 3 3 3 3 3 3 4 4 ...
 $ RaceHorse.KettoNum               : Factor w/ 1196 levels "2012103478","2015105278",..: 11 12 13 14 15 16 17 18 19 20 ...
 $ RaceHorse.IsHit1                 : num  0 0 0 0 0 0 0 0 0 0 ...
 $ RaceHorse.IsHit2                 : num  0 1 0 0 0 0 0 0 0 0 ...
 $ RaceHorse.IsHit3                 : num  1 0 0 0 0 0 0 0 0 0 ...
 $ RaceHorse.IsHit4                 : num  0 0 0 0 0 0 1 0 0 0 ...
 $ RaceHorse.IsHit5                 : num  0 0 0 0 0 0 0 0 0 0 ...
 $ RaceHorse.IsHit6                 : num  0 0 1 1 1 1 0 1 1 1 ...
 $ RaceHorse.IsValidRaceHorse       : logi  TRUE TRUE TRUE TRUE TRUE TRUE ...
 $ RaceHorse.TimeSdv                : num  0.0393 -0.0734 -0.1424 -0.6873 -1.1414 ...
 $ RaceHorse.IsHitA                 : num  0 0 0 0 0 0 0 0 0 0 ...
 $ RaceHorse.IsHitB                 : num  0 1 0 0 0 0 0 0 0 0 ...
 $ RaceHorse.IsHitC                 : num  1 1 0 0 0 0 0 0 0 0 ...
 $ Jockey.TimeSdvByRaceAvg          : num  -0.2749 0.0249 -0.2782 -0.2488 -0.1385 ...
 $ Jockey.TimeSdvByRaceMin          : num  -2.99 -2.53 -2.22 -2.54 -1.95 ...
 $ Jockey.TimeSdvByRaceMax          : num  1.42 1.58 1.8 1.07 1.22 ...
 $ Jockey.TimeSdvAvg                : num  -0.2166 0.0903 -0.0253 -0.1254 0.0236 ...
 $ Jockey.TimeSdvMin                : num  -2.55 -3.04 -2.8 -3.5 -2.3 ...
 $ Jockey.TimeSdvMax                : num  1.4 1.38 2.13 1.43 1.31 ...
 $ Jockey.OrderOfFinishSdvAvg       : num  -0.2312 0.0182 -0.2337 -0.3231 -0.0491 ...
 $ Jockey.RunCount                  : num  38 48 50 48 16 47 10 16 30 4 ...
 $ Jockey.HitCount1                 : num  1 4 3 0 3 4 0 1 2 0 ...
 $ Jockey.HitCount2                 : num  4 4 0 0 1 4 1 1 3 0 ...
 $ Jockey.HitCount3                 : num  2 4 6 2 0 3 1 0 0 0 ...
 $ Jockey.HitCount4                 : num  1 3 1 2 0 4 3 2 1 0 ...
 $ Jockey.HitCount5                 : num  2 2 3 1 0 5 1 1 1 0 ...
 $ Jockey.HitRate1                  : num  0.0263 0.0833 0.06 0 0.1875 ...
 $ Jockey.HitRate2                  : num  0.1053 0.0833 0 0 0.0625 ...
 $ Jockey.HitRate3                  : num  0.0526 0.0833 0.12 0.0417 0 ...
 $ Jockey.HitRate4                  : num  0.0263 0.0625 0.02 0.0417 0 ...
 $ Jockey.HitRate5                  : num  0.0526 0.0417 0.06 0.0208 0 ...
 $ EOF                              : int  1 1 1 1 1 1 1 1 1 1 ...
 - attr(*, "na.action")= 'omit' Named int  20 222 291 300 520 524 764 816 885 911 ...
  ..- attr(*, "names")= chr  "20" "222" "291" "300" ...
[1] "2022-02-25 20:57:51 --- na.omit Finish ---"
[1] "2022-02-25 20:57:51 --- rxGlm with rxStepControl Start ---"

> print(paste0(Sys.time(), " --- source_logic_glm.R Start ---"))
[1] "2022-02-25 20:57:51 --- source_logic_glm.R Start ---"

> formula <- formula(RaceHorse.IsHitA ~ +1 + Jockey.TimeSdvAvg)

> print(paste0(Sys.time(), " --- source_logic_glm.R Finished ---"))
[1] "2022-02-25 20:57:51 --- source_logic_glm.R Finished ---"
Rows Read: 5649, Total Rows Processed: 5649, Total Chunk Time: 0.001 seconds 

Starting values (iteration 1) time: 0.008 secs.
Rows Read: 5649, Total Rows Processed: 5649, Total Chunk Time: Less than .001 seconds 

Iteration 2 time: 0.005 secs.
Rows Read: 5649, Total Rows Processed: 5649, Total Chunk Time: 0.001 seconds 

Iteration 3 time: 0.005 secs.
Rows Read: 5649, Total Rows Processed: 5649, Total Chunk Time: 0.001 seconds 

Iteration 4 time: 0.005 secs.
Rows Read: 5649, Total Rows Processed: 5649, Total Chunk Time: 0.001 seconds 

Iteration 5 time: 0.006 secs.

Elapsed computation time: 0.052 secs.
Rows Read: 5649, Total Rows Processed: 5649, Total Chunk Time: Less than .001 seconds 

Starting values (iteration 1) time: 0.005 secs.
Rows Read: 5649, Total Rows Processed: 5649, Total Chunk Time: Less than .001 seconds 

Iteration 2 time: 0.006 secs.

Elapsed computation time: 0.024 secs.
Rows Read: 5649, Total Rows Processed: 5649, Total Chunk Time: Less than .001 seconds 

Starting values (iteration 1) time: 0.006 secs.
Rows Read: 5649, Total Rows Processed: 5649, Total Chunk Time: 0.001 seconds 

Iteration 2 time: 0.009 secs.
Rows Read: 5649, Total Rows Processed: 5649, Total Chunk Time: 0.001 seconds 

Iteration 3 time: 0.008 secs.
Rows Read: 5649, Total Rows Processed: 5649, Total Chunk Time: Less than .001 seconds 

Iteration 4 time: 0.005 secs.
Rows Read: 5649, Total Rows Processed: 5649, Total Chunk Time: 0.001 seconds 

Iteration 5 time: 0.007 secs.

Elapsed computation time: 0.075 secs.

Elapsed computation time: 0.178 secs.
[1] "--------------------------------------------------------------------------------"
[1] "analyze.results.glm.step="
Logistic Regression Results for: RaceHorse.IsHitA ~ Jockey.TimeSdvAvg
Data: data
Dependent variable(s): RaceHorse.IsHitA
Total independent variables: 2 
Number of valid observations: 5649
Number of missing observations: 0 
 
Coefficients:
                  RaceHorse.IsHitA
(Intercept)                     -3
Jockey.TimeSdvAvg                1
[1] "analyze.results.glm.step.summary"
Call:
rxLogit(formula = formula, data = data, variableSelection = analyze.results.glm.step.varsel)

Logistic Regression Results for: RaceHorse.IsHitA ~ Jockey.TimeSdvAvg
Data: data
Dependent variable(s): RaceHorse.IsHitA
Total independent variables: 2 
Number of valid observations: 5649
Number of missing observations: 0 
-2*LogLikelihood: 2821.172 (Residual deviance on 5647 degrees of freedom)
 
Coefficients:
                  Estimate Std. Error z value Pr(>|z|)    
(Intercept)         -2.729      0.060  -45.50  2.2e-16 ***
Jockey.TimeSdvAvg    1.231      0.175    7.04  2.2e-16 ***
---
Signif. codes:  0 '***' 0.001 '**' 0.01 '*' 0.05 '.' 0.1 ' ' 1

Condition number of final variance-covariance matrix: 1 
Number of iterations: 5
[1] "--------------------------------------------------------------------------------"
[1] "2022-02-25 20:57:52 --- rxGlm with rxStepControl Finish ---"
[1] "2022-02-25 20:57:52 --- rxStepPlot Start ---"
[1] "pdfFilename=pdf_analyze_glm_Jockey_Type22_rxStepPlot.pdf"
[1] "rxStepPlot="
[1] "2022-02-25 20:57:52 --- rxStepPlot Finish ---"
[1] "2022-02-25 20:57:52 --- save.image Start ---"
[1] "save.image"
[1] "rdataFilename=RData_analyze_glm_Jockey_Type22.RData"
[1] "2022-02-25 20:57:52 --- save.image Finish ---"
[1] "2022-02-25 20:57:52 --- final Start ---"
[1] "--------------------------------------------------------------------------------"
[1] "nrow(data) final=5649"
[1] "--------------------------------------------------------------------------------"
[1] "2022-02-25 20:57:52 --- final Finish ---"
[1] "2022-02-25 20:57:52 --- analyze_glm.R Finished ---"
[1] "2022-02-25 20:57:52 --- log Finish ---"
