[1] "2022-02-18 01:43:13 --- D1115_analyze_glm_Odds_IsHitA_Type22 Start ---"
[1] "2022-02-18 01:43:13 --- Log Start ---"
[1] "2022-02-18 01:43:13 --- analyze_glm.R Start ---"
[1] "analyzeVersion=D1115"
[1] "analyzeCategory=analyze"
[1] "analyzeType=Odds"
[1] "analyzeFamily=IsHitA"
[1] "analyzeFunc=glm"
[1] "analyzeTrackTypeCd=2"
[1] "analyzeJyokenCd=2"
[1] "2022-02-18 01:43:13 --- source_function.R Start ---"
[1] "2022-02-18 01:43:13 --- source_function.R Finished ---"

> print(paste0(Sys.time(), " --- source_library.R Start ---"))
[1] "2022-02-18 01:43:13 --- source_library.R Start ---"

> require("RevoScaleR")

> print(paste0(Sys.time(), " --- source_library.R Finished ---"))
[1] "2022-02-18 01:43:19 --- source_library.R Finished ---"
[1] "2022-02-18 01:43:19 --- RxSqlServerData Start ---"
[1] "2022-02-18 01:43:19 --- RxInSqlServer Start ---"
[1] "2022-02-18 01:43:19 --- RxInSqlServer Finish ---"
[1] "2022-02-18 01:43:19 --- rxSetComputeContext Start ---"
[1] "2022-02-18 01:43:19 --- rxSetComputeContext Finish ---"
[1] "2022-02-18 01:43:19 --- RxSqlServerData Start ---"
[1] "sqlQuery=SELECT * FROM ViewAnalyzeD1115analyze01OddsType22"
[1] "2022-02-18 01:43:19 --- RxSqlServerData Finish ---"
[1] "2022-02-18 01:43:19 --- rxGetVarInfo Start ---"
[1] "2022-02-18 01:43:19 --- rxGetVarInfo Finish---"
[1] "2022-02-18 01:43:19 --- rxImport Start ---"
Rows Read: 7510, Total Rows Processed: 7510, Total Chunk Time: 0.148 seconds 
[1] "2022-02-18 01:43:28 --- rxImport Finish ---"
[1] "object.size(data) auto=1.4 Mb"
[1] "--------------------------------------------------------------------------------"
[1] "nrow(data) RxSqlServerData=7510"
[1] "--------------------------------------------------------------------------------"
[1] "str(data)="
'data.frame':	7510 obs. of  35 variables:
 $ Race.RaceId                      : Factor w/ 512 levels "20170826-10-02-09-11",..: 11 12 13 14 15 16 17 18 19 20 ...
 $ Race.IsPredictedRace             : logi  TRUE TRUE TRUE TRUE TRUE TRUE ...
 $ Race.IsAnalyzeNormalPastAndFuture: logi  TRUE TRUE TRUE TRUE TRUE TRUE ...
 $ Race.IsAnalyzeNormalPast         : logi  FALSE TRUE TRUE TRUE TRUE TRUE ...
 $ Race.IsAnalyzeNormalFuture       : logi  TRUE FALSE FALSE FALSE FALSE FALSE ...
 $ Race.IsAnalyzeFullPastAndFuture  : logi  TRUE TRUE TRUE TRUE TRUE TRUE ...
 $ Race.IsAnalyzeFullPast           : logi  FALSE TRUE TRUE TRUE TRUE TRUE ...
 $ Race.IsAnalyzeFullFuture         : logi  TRUE FALSE FALSE FALSE FALSE FALSE ...
 $ Race.JyokenCd                    : Factor w/ 1 level "2": 1 1 1 1 1 1 1 1 1 1 ...
 $ Race.JyoType1Cd                  : Factor w/ 82 levels "2-10-1700-2",..: 8 9 10 1 11 12 13 14 15 4 ...
 $ Race.RaceType0Cd                 : Factor w/ 133 levels "2-10-1700-2-2-E-13",..: 9 10 11 12 13 14 15 16 17 18 ...
 $ Race.RaceType1Cd                 : Factor w/ 2 levels "2-2-E","2-2-X": 1 1 1 1 1 1 1 1 1 1 ...
 $ Race.RaceType2Cd                 : Factor w/ 2 levels "2-2-E","2-2-X": 1 1 1 1 1 1 1 1 1 1 ...
 $ Race.RaceType3Cd                 : Factor w/ 3 levels "2-E-13","2-E-14",..: 2 2 1 2 2 1 1 1 1 2 ...
 $ Race.RaceType4Cd                 : Factor w/ 2 levels "2-2-13","2-2-14": 2 2 1 2 2 1 1 1 1 2 ...
 $ RaceHorse.RaceId                 : Factor w/ 512 levels "20170826-10-02-09-11",..: 11 12 13 14 15 16 17 18 19 20 ...
 $ RaceHorse.KettoNum               : Factor w/ 1524 levels "2011103443","2014103298",..: 11 12 13 14 15 16 17 18 19 3 ...
 $ RaceHorse.IsHit1                 : int  0 0 0 0 0 0 0 1 0 0 ...
 $ RaceHorse.IsHit2                 : int  0 1 0 0 0 0 0 0 0 0 ...
 $ RaceHorse.IsHit3                 : int  0 0 0 0 0 0 0 0 0 0 ...
 $ RaceHorse.IsHit4                 : int  0 0 0 1 0 0 0 0 0 1 ...
 $ RaceHorse.IsHit5                 : int  0 0 0 0 1 0 0 0 0 0 ...
 $ RaceHorse.IsHit6                 : int  1 0 0 0 0 1 1 0 1 0 ...
 $ RaceHorse.IsValidRaceHorse       : logi  TRUE TRUE FALSE TRUE TRUE TRUE ...
 $ RaceHorse.IsHitA                 : int  0 0 0 0 0 0 0 1 0 0 ...
 $ RaceHorse.IsHitB                 : int  0 1 0 0 0 0 0 1 0 0 ...
 $ RaceHorse.IsHitC                 : int  0 1 0 0 0 0 0 1 0 0 ...
 $ OddsByWin.Odds1                  : num  7.4 4.9 NA 30.7 13.6 ...
 $ OddsByWin.Ninki                  : num  4 2 NA 9 6 10 12 8 14 7 ...
 $ OddsByWin.OddsLog1               : num  2.13 1.77 NA 3.46 2.68 ...
 $ OddsByWin.OddsRatio1             : num  0.1562 0.2564 NA 0.0337 0.0794 ...
 $ OddsByWin.OddsLogit1             : num  -2 -1.59 NA -3.42 -2.61 ...
 $ OddsByWin.ApprovalRate1          : num  0.1351 0.2041 NA 0.0326 0.0735 ...
 $ OddsByWin.ApprovalRateLog1       : num  0.1268 0.1857 NA 0.0321 0.071 ...
 $ EOF                              : int  1 1 1 1 1 1 1 1 1 1 ...
[1] "2022-02-18 01:43:29 --- RxSqlServerData Finish ---"
[1] "2022-02-18 01:43:29 --- subset Start ---"
[1] "--------------------------------------------------------------------------------"
[1] "nrow(data) subset before=7510"
[1] "nrow(data) subset after =5791"
[1] "nrow(data) subset diff =1719"
[1] "--------------------------------------------------------------------------------"
[1] "2022-02-18 01:43:29 --- subset Finish---"
[1] "2022-02-18 01:43:29 --- transform Start ---"
[1] "--------------------------------------------------------------------------------"
[1] "nrow(data) transform before=5791"
[1] "nrow(data) transform after=5791"
[1] "nrow(data) transform diff=0"
[1] "--------------------------------------------------------------------------------"
[1] "str(data)="
'data.frame':	5791 obs. of  35 variables:
 $ Race.RaceId                      : Factor w/ 512 levels "20170826-10-02-09-11",..: 12 13 14 15 16 17 18 19 21 22 ...
 $ Race.IsPredictedRace             : logi  TRUE TRUE TRUE TRUE TRUE TRUE ...
 $ Race.IsAnalyzeNormalPastAndFuture: logi  TRUE TRUE TRUE TRUE TRUE TRUE ...
 $ Race.IsAnalyzeNormalPast         : logi  TRUE TRUE TRUE TRUE TRUE TRUE ...
 $ Race.IsAnalyzeNormalFuture       : logi  FALSE FALSE FALSE FALSE FALSE FALSE ...
 $ Race.IsAnalyzeFullPastAndFuture  : logi  TRUE TRUE TRUE TRUE TRUE TRUE ...
 $ Race.IsAnalyzeFullPast           : logi  TRUE TRUE TRUE TRUE TRUE TRUE ...
 $ Race.IsAnalyzeFullFuture         : logi  FALSE FALSE FALSE FALSE FALSE FALSE ...
 $ Race.JyokenCd                    : Factor w/ 1 level "2": 1 1 1 1 1 1 1 1 1 1 ...
 $ Race.JyoType1Cd                  : Factor w/ 82 levels "2-10-1700-2",..: 9 10 1 11 12 13 14 15 16 16 ...
 $ Race.RaceType0Cd                 : Factor w/ 133 levels "2-10-1700-2-2-E-13",..: 10 11 12 13 14 15 16 17 19 19 ...
 $ Race.RaceType1Cd                 : Factor w/ 2 levels "2-2-E","2-2-X": 1 1 1 1 1 1 1 1 1 1 ...
 $ Race.RaceType2Cd                 : Factor w/ 2 levels "2-2-E","2-2-X": 1 1 1 1 1 1 1 1 1 1 ...
 $ Race.RaceType3Cd                 : Factor w/ 3 levels "2-E-13","2-E-14",..: 2 1 2 2 1 1 1 1 1 1 ...
 $ Race.RaceType4Cd                 : Factor w/ 2 levels "2-2-13","2-2-14": 2 1 2 2 1 1 1 1 1 1 ...
 $ RaceHorse.RaceId                 : Factor w/ 512 levels "20170826-10-02-09-11",..: 12 13 14 15 16 17 18 19 21 22 ...
 $ RaceHorse.KettoNum               : Factor w/ 1524 levels "2011103443","2014103298",..: 12 13 14 15 16 17 18 19 20 21 ...
 $ RaceHorse.IsHit1                 : int  0 0 0 0 0 0 1 0 1 1 ...
 $ RaceHorse.IsHit2                 : int  1 0 0 0 0 0 0 0 0 0 ...
 $ RaceHorse.IsHit3                 : int  0 0 0 0 0 0 0 0 0 0 ...
 $ RaceHorse.IsHit4                 : int  0 0 1 0 0 0 0 0 0 0 ...
 $ RaceHorse.IsHit5                 : int  0 0 0 1 0 0 0 0 0 0 ...
 $ RaceHorse.IsHit6                 : int  0 0 0 0 1 1 0 1 0 0 ...
 $ RaceHorse.IsValidRaceHorse       : logi  TRUE FALSE TRUE TRUE TRUE TRUE ...
 $ RaceHorse.IsHitA                 : int  0 0 0 0 0 0 1 0 1 1 ...
 $ RaceHorse.IsHitB                 : int  1 0 0 0 0 0 1 0 1 1 ...
 $ RaceHorse.IsHitC                 : int  1 0 0 0 0 0 1 0 1 1 ...
 $ OddsByWin.Odds1                  : num  4.9 NA 30.7 13.6 162.4 ...
 $ OddsByWin.Ninki                  : num  2 NA 9 6 10 12 8 14 1 4 ...
 $ OddsByWin.OddsLog1               : num  1.77 NA 3.46 2.68 5.1 ...
 $ OddsByWin.OddsRatio1             : num  0.2564 NA 0.0337 0.0794 0.0062 ...
 $ OddsByWin.OddsLogit1             : num  -1.59 NA -3.42 -2.61 -5.09 ...
 $ OddsByWin.ApprovalRate1          : num  0.20408 NA 0.03257 0.07353 0.00616 ...
 $ OddsByWin.ApprovalRateLog1       : num  0.18572 NA 0.03205 0.07095 0.00614 ...
 $ EOF                              : int  1 1 1 1 1 1 1 1 1 1 ...
NULL
[1] "2022-02-18 01:43:29 --- transform Finish ---"
[1] "2022-02-18 01:43:29 --- na.omit Start ---"
[1] "--------------------------------------------------------------------------------"
[1] "nrow(data) na.omit before=5791"
[1] "nrow(data) na.omit after =5767"
[1] "nrow(data) na.omit diff =24"
[1] "--------------------------------------------------------------------------------"
'data.frame':	5767 obs. of  35 variables:
 $ Race.RaceId                      : Factor w/ 512 levels "20170826-10-02-09-11",..: 12 14 15 16 17 18 19 21 22 23 ...
 $ Race.IsPredictedRace             : logi  TRUE TRUE TRUE TRUE TRUE TRUE ...
 $ Race.IsAnalyzeNormalPastAndFuture: logi  TRUE TRUE TRUE TRUE TRUE TRUE ...
 $ Race.IsAnalyzeNormalPast         : logi  TRUE TRUE TRUE TRUE TRUE TRUE ...
 $ Race.IsAnalyzeNormalFuture       : logi  FALSE FALSE FALSE FALSE FALSE FALSE ...
 $ Race.IsAnalyzeFullPastAndFuture  : logi  TRUE TRUE TRUE TRUE TRUE TRUE ...
 $ Race.IsAnalyzeFullPast           : logi  TRUE TRUE TRUE TRUE TRUE TRUE ...
 $ Race.IsAnalyzeFullFuture         : logi  FALSE FALSE FALSE FALSE FALSE FALSE ...
 $ Race.JyokenCd                    : Factor w/ 1 level "2": 1 1 1 1 1 1 1 1 1 1 ...
 $ Race.JyoType1Cd                  : Factor w/ 82 levels "2-10-1700-2",..: 9 1 11 12 13 14 15 16 16 17 ...
 $ Race.RaceType0Cd                 : Factor w/ 133 levels "2-10-1700-2-2-E-13",..: 10 12 13 14 15 16 17 19 19 20 ...
 $ Race.RaceType1Cd                 : Factor w/ 2 levels "2-2-E","2-2-X": 1 1 1 1 1 1 1 1 1 1 ...
 $ Race.RaceType2Cd                 : Factor w/ 2 levels "2-2-E","2-2-X": 1 1 1 1 1 1 1 1 1 1 ...
 $ Race.RaceType3Cd                 : Factor w/ 3 levels "2-E-13","2-E-14",..: 2 2 2 1 1 1 1 1 1 1 ...
 $ Race.RaceType4Cd                 : Factor w/ 2 levels "2-2-13","2-2-14": 2 2 2 1 1 1 1 1 1 1 ...
 $ RaceHorse.RaceId                 : Factor w/ 512 levels "20170826-10-02-09-11",..: 12 14 15 16 17 18 19 21 22 23 ...
 $ RaceHorse.KettoNum               : Factor w/ 1524 levels "2011103443","2014103298",..: 12 14 15 16 17 18 19 20 21 22 ...
 $ RaceHorse.IsHit1                 : int  0 0 0 0 0 1 0 1 1 0 ...
 $ RaceHorse.IsHit2                 : int  1 0 0 0 0 0 0 0 0 0 ...
 $ RaceHorse.IsHit3                 : int  0 0 0 0 0 0 0 0 0 1 ...
 $ RaceHorse.IsHit4                 : int  0 1 0 0 0 0 0 0 0 0 ...
 $ RaceHorse.IsHit5                 : int  0 0 1 0 0 0 0 0 0 0 ...
 $ RaceHorse.IsHit6                 : int  0 0 0 1 1 0 1 0 0 0 ...
 $ RaceHorse.IsValidRaceHorse       : logi  TRUE TRUE TRUE TRUE TRUE TRUE ...
 $ RaceHorse.IsHitA                 : int  0 0 0 0 0 1 0 1 1 0 ...
 $ RaceHorse.IsHitB                 : int  1 0 0 0 0 1 0 1 1 0 ...
 $ RaceHorse.IsHitC                 : int  1 0 0 0 0 1 0 1 1 1 ...
 $ OddsByWin.Odds1                  : num  4.9 30.7 13.6 162.4 97.1 ...
 $ OddsByWin.Ninki                  : num  2 9 6 10 12 8 14 1 4 1 ...
 $ OddsByWin.OddsLog1               : num  1.77 3.46 2.68 5.1 4.59 ...
 $ OddsByWin.OddsRatio1             : num  0.2564 0.0337 0.0794 0.0062 0.0104 ...
 $ OddsByWin.OddsLogit1             : num  -1.59 -3.42 -2.61 -5.09 -4.58 ...
 $ OddsByWin.ApprovalRate1          : num  0.20408 0.03257 0.07353 0.00616 0.0103 ...
 $ OddsByWin.ApprovalRateLog1       : num  0.18572 0.03205 0.07095 0.00614 0.01025 ...
 $ EOF                              : int  1 1 1 1 1 1 1 1 1 1 ...
 - attr(*, "na.action")= 'omit' Named int  2 265 962 1088 1445 2374 2533 2705 2774 2968 ...
  ..- attr(*, "names")= chr  "3" "332" "1226" "1397" ...
[1] "2022-02-18 01:43:30 --- na.omit Finish ---"
[1] "2022-02-18 01:43:30 --- rxGlm with rxStepControl Start ---"

> print(paste0(Sys.time(), " --- source_logic_glm.R Start ---"))
[1] "2022-02-18 01:43:30 --- source_logic_glm.R Start ---"

> formula <- formula(RaceHorse.IsHitA ~ +1 + OddsByWin.OddsLogit1)

> print(paste0(Sys.time(), " --- source_logic_glm.R Finished ---"))
[1] "2022-02-18 01:43:30 --- source_logic_glm.R Finished ---"
Rows Read: 5767, Total Rows Processed: 5767, Total Chunk Time: 0.001 seconds 

Starting values (iteration 1) time: 0.008 secs.
Rows Read: 5767, Total Rows Processed: 5767, Total Chunk Time: 0.002 seconds 

Iteration 2 time: 0.006 secs.
Rows Read: 5767, Total Rows Processed: 5767, Total Chunk Time: Less than .001 seconds 

Iteration 3 time: 0.008 secs.
Rows Read: 5767, Total Rows Processed: 5767, Total Chunk Time: 0.001 seconds 

Iteration 4 time: 0.007 secs.
Rows Read: 5767, Total Rows Processed: 5767, Total Chunk Time: 0.001 seconds 

Iteration 5 time: 0.007 secs.
Rows Read: 5767, Total Rows Processed: 5767, Total Chunk Time: Less than .001 seconds 

Iteration 6 time: 0.010 secs.

Elapsed computation time: 0.080 secs.
Rows Read: 5767, Total Rows Processed: 5767, Total Chunk Time: Less than .001 seconds 

Starting values (iteration 1) time: 0.005 secs.
Rows Read: 5767, Total Rows Processed: 5767, Total Chunk Time: Less than .001 seconds 

Iteration 2 time: 0.014 secs.

Elapsed computation time: 0.029 secs.
Rows Read: 5767, Total Rows Processed: 5767, Total Chunk Time: Less than .001 seconds 

Starting values (iteration 1) time: 0.005 secs.
Rows Read: 5767, Total Rows Processed: 5767, Total Chunk Time: 0.002 seconds 

Iteration 2 time: 0.006 secs.
Rows Read: 5767, Total Rows Processed: 5767, Total Chunk Time: 0.002 seconds 

Iteration 3 time: 0.012 secs.
Rows Read: 5767, Total Rows Processed: 5767, Total Chunk Time: Less than .001 seconds 

Iteration 4 time: 0.014 secs.
Rows Read: 5767, Total Rows Processed: 5767, Total Chunk Time: 0.002 seconds 

Iteration 5 time: 0.004 secs.
Rows Read: 5767, Total Rows Processed: 5767, Total Chunk Time: 0.002 seconds 

Iteration 6 time: 0.007 secs.

Elapsed computation time: 0.155 secs.

Elapsed computation time: 0.287 secs.
[1] "--------------------------------------------------------------------------------"
[1] "analyze.results.glm.step="
Logistic Regression Results for: RaceHorse.IsHitA ~
    OddsByWin.OddsLogit1
Data: data
Dependent variable(s): RaceHorse.IsHitA
Total independent variables: 2 
Number of valid observations: 5767
Number of missing observations: 0 
 
Coefficients:
                     RaceHorse.IsHitA
(Intercept)                       0.3
OddsByWin.OddsLogit1              1.2
[1] "analyze.results.glm.step.summary"
Call:
rxLogit(formula = formula, data = data, variableSelection = analyze.results.glm.step.varsel)

Logistic Regression Results for: RaceHorse.IsHitA ~
    OddsByWin.OddsLogit1
Data: data
Dependent variable(s): RaceHorse.IsHitA
Total independent variables: 2 
Number of valid observations: 5767
Number of missing observations: 0 
-2*LogLikelihood: 2362.667 (Residual deviance on 5765 degrees of freedom)
 
Coefficients:
                     Estimate Std. Error z value Pr(>|z|)    
(Intercept)            0.3121     0.1306    2.39    0.017 *  
OddsByWin.OddsLogit1   1.1827     0.0612   19.32  2.2e-16 ***
---
Signif. codes:  0 '***' 0.001 '**' 0.01 '*' 0.05 '.' 0.1 ' ' 1

Condition number of final variance-covariance matrix: 1 
Number of iterations: 6
[1] "--------------------------------------------------------------------------------"
[1] "2022-02-18 01:43:30 --- rxGlm with rxStepControl Finish ---"
[1] "2022-02-18 01:43:30 --- rxStepPlot Start ---"
[1] "pdfFilename=pdf_analyze_glm_Odds_Type22_rxStepPlot.pdf"
[1] "rxStepPlot="
[1] "2022-02-18 01:43:30 --- rxStepPlot Finish ---"
[1] "2022-02-18 01:43:30 --- save.image Start ---"
[1] "save.image"
[1] "rdataFilename=RData_analyze_glm_Odds_Type22.RData"
[1] "2022-02-18 01:43:30 --- save.image Finish ---"
[1] "2022-02-18 01:43:30 --- final Start ---"
[1] "--------------------------------------------------------------------------------"
[1] "nrow(data) final=5767"
[1] "--------------------------------------------------------------------------------"
[1] "2022-02-18 01:43:30 --- final Finish ---"
[1] "2022-02-18 01:43:30 --- analyze_glm.R Finished ---"
[1] "2022-02-18 01:43:30 --- log Finish ---"
