[1] "2022-03-08 18:37:10 --- D1115_analyze_glm_Gen02_IsHitA_Type16 Start ---"
[1] "2022-03-08 18:37:10 --- Log Start ---"
[1] "2022-03-08 18:37:10 --- analyze_glm.R Start ---"
[1] "analyzeVersion=D1115"
[1] "analyzeCategory=analyze"
[1] "analyzeType=Gen02"
[1] "analyzeFamily=IsHitA"
[1] "analyzeFunc=glm"
[1] "analyzeTrackTypeCd=1"
[1] "analyzeJyokenCd=6"
[1] "2022-03-08 18:37:10 --- source_function.R Start ---"
[1] "2022-03-08 18:37:10 --- source_function.R Finished ---"

> print(paste0(Sys.time(), " --- source_library.R Start ---"))
[1] "2022-03-08 18:37:10 --- source_library.R Start ---"

> require("RevoScaleR")

> print(paste0(Sys.time(), " --- source_library.R Finished ---"))
[1] "2022-03-08 18:37:10 --- source_library.R Finished ---"
[1] "2022-03-08 18:37:10 --- RxSqlServerData Start ---"
[1] "2022-03-08 18:37:10 --- RxInSqlServer Start ---"
[1] "2022-03-08 18:37:10 --- RxInSqlServer Finish ---"
[1] "2022-03-08 18:37:10 --- rxSetComputeContext Start ---"
[1] "2022-03-08 18:37:10 --- rxSetComputeContext Finish ---"
[1] "2022-03-08 18:37:10 --- RxSqlServerData Start ---"
[1] "sqlQuery=SELECT * FROM ViewAnalyzeD1115analyze01Gen02Type16"
[1] "2022-03-08 18:37:10 --- RxSqlServerData Finish ---"
[1] "2022-03-08 18:37:10 --- rxGetVarInfo Start ---"
[1] "2022-03-08 18:37:12 --- rxGetVarInfo Finish---"
[1] "2022-03-08 18:37:12 --- rxImport Start ---"
Rows Read: 6754, Total Rows Processed: 6754, Total Chunk Time: 202.590 seconds 
[1] "2022-03-08 18:47:35 --- rxImport Finish ---"
[1] "object.size(data) auto=3 Mb"
[1] "--------------------------------------------------------------------------------"
[1] "nrow(data) RxSqlServerData=6754"
[1] "--------------------------------------------------------------------------------"
[1] "str(data)="
'data.frame':	6754 obs. of  48 variables:
 $ Race.RaceId                      : Factor w/ 985 levels "20170117-08-01-05-06",..: 11 12 13 14 15 16 17 18 19 20 ...
 $ Race.IsAnalyzeNormalPastAndFuture: logi  TRUE TRUE TRUE TRUE TRUE TRUE ...
 $ Race.IsAnalyzeNormalPast         : logi  TRUE TRUE TRUE TRUE TRUE TRUE ...
 $ Race.IsAnalyzeNormalFuture       : logi  FALSE FALSE FALSE FALSE FALSE FALSE ...
 $ Race.IsAnalyzeFullPastAndFuture  : logi  TRUE TRUE TRUE TRUE TRUE TRUE ...
 $ Race.IsAnalyzeFullPast           : logi  TRUE TRUE TRUE TRUE TRUE TRUE ...
 $ Race.IsAnalyzeFullFuture         : logi  FALSE FALSE FALSE FALSE FALSE FALSE ...
 $ Race.JyokenCd                    : Factor w/ 1 level "6": 1 1 1 1 1 1 1 1 1 1 ...
 $ Race.JyoType1Cd                  : Factor w/ 119 levels "17-08-1600-2",..: 9 10 11 12 13 14 2 15 16 15 ...
 $ Race.RaceType1Cd                 : Factor w/ 2 levels "1-6-12","1-6-11": 2 2 2 2 2 2 2 2 1 2 ...
 $ RaceHorse.RaceId                 : Factor w/ 985 levels "20170117-08-01-05-06",..: 11 12 13 14 15 16 17 18 19 20 ...
 $ RaceHorse.KettoNum               : Factor w/ 6744 levels "2014100172","2013102089",..: 11 12 13 14 15 16 17 18 19 20 ...
 $ RaceHorse.IsHit1                 : num  0 0 0 0 0 0 0 0 0 0 ...
 $ RaceHorse.IsHit2                 : num  0 0 0 0 0 0 0 0 0 0 ...
 $ RaceHorse.IsHit3                 : num  1 0 0 0 0 0 0 0 1 0 ...
 $ RaceHorse.IsHit4                 : num  0 0 0 0 0 0 0 0 0 0 ...
 $ RaceHorse.IsHit5                 : num  0 0 0 0 0 0 0 0 0 1 ...
 $ RaceHorse.IsHit6                 : num  0 1 1 1 1 1 1 1 0 0 ...
 $ RaceHorse.IsValidRaceHorse       : logi  TRUE FALSE TRUE TRUE TRUE TRUE ...
 $ RaceHorse.FinishTimeSdvByRace    : num  0.9374 -1.4907 0.5208 -0.0676 0.6093 ...
 $ RaceHorse.FirstTimeSdvByRace     : num  1.0133 -1.8003 0.3301 -0.828 -0.0415 ...
 $ RaceHorse.LastTimeSdvByRace      : num  0.2766 0.0852 0.3329 0.2664 0.902 ...
 $ RaceHorse.FinishTimeSdv          : num  -0.71 -1.987 -0.33 -1.35 -0.238 ...
 $ RaceHorse.FirstTimeSdv           : num  -0.2199 -2.6461 0.0359 -1.5598 -1.4267 ...
 $ RaceHorse.LastTimeSdv            : num  -0.705 -0.403 -0.541 -0.402 1.09 ...
 $ RaceHorse.IsHitA                 : num  0 0 0 0 0 0 0 0 0 0 ...
 $ RaceHorse.IsHitB                 : num  0 0 0 0 0 0 0 0 0 0 ...
 $ RaceHorse.IsHitC                 : num  1 0 0 0 0 0 0 0 1 0 ...
 $ Gen02.HansyokuNum                : Factor w/ 4100 levels "12240877","12240931",..: 11 12 13 14 15 16 17 18 19 20 ...
 $ Gen02.FinishTimeSdvByRaceAvg     : num  0.1476 -0.3446 0.9862 -0.0427 0.8745 ...
 $ Gen02.FirstTimeSdvByRaceAvg      : num  0.689 0.6 0.321 0.192 0.551 ...
 $ Gen02.LastTimeSdvByRaceAvg       : num  -0.1554 -0.831 0.9065 0.0102 0.4453 ...
 $ Gen02.FinishTimeSdvAvg           : num  -1.029 -0.48 -0.658 -0.93 -0.97 ...
 $ Gen02.FirstTimeSdvAvg            : num  -0.491 0.386 -0.932 -0.667 -1.194 ...
 $ Gen02.LastTimeSdvAvg             : num  -1.01983 -1.05932 0.03821 -0.56975 -0.00947 ...
 $ Gen02.RealOddsLog1Avg            : num  3.49 2.28 1.95 4.84 4.05 ...
 $ Gen02.RunCount                   : num  3 1 2 4 3 1 4 2 1 1 ...
 $ Gen02.HitCount1                  : num  0 0 1 0 1 0 0 0 0 0 ...
 $ Gen02.HitCount2                  : num  0 0 0 1 1 1 1 0 0 0 ...
 $ Gen02.HitCount3                  : num  0 0 0 0 0 0 1 0 0 0 ...
 $ Gen02.HitCount4                  : num  1 0 0 0 0 0 1 0 0 0 ...
 $ Gen02.HitCount5                  : num  0 0 1 0 0 0 0 0 0 0 ...
 $ Gen02.HitRate1                   : num  0 0 0.5 0 0.333 ...
 $ Gen02.HitRate2                   : num  0 0 0 0.25 0.333 ...
 $ Gen02.HitRate3                   : num  0 0 0 0 0 0 0.25 0 0 0 ...
 $ Gen02.HitRate4                   : num  0.333 0 0 0 0 ...
 $ Gen02.HitRate5                   : num  0 0 0.5 0 0 0 0 0 0 0 ...
 $ EOF                              : int  1 1 1 1 1 1 1 1 1 1 ...
[1] "2022-03-08 18:47:36 --- RxSqlServerData Finish ---"
[1] "2022-03-08 18:47:36 --- subset Start ---"
[1] "--------------------------------------------------------------------------------"
[1] "nrow(data) subset before=6754"
[1] "nrow(data) subset after =6754"
[1] "nrow(data) subset diff =0"
[1] "--------------------------------------------------------------------------------"
[1] "2022-03-08 18:47:36 --- subset Finish---"
[1] "2022-03-08 18:47:36 --- transform Start ---"
[1] "--------------------------------------------------------------------------------"
[1] "nrow(data) transform before=6754"
[1] "nrow(data) transform after=6754"
[1] "nrow(data) transform diff=0"
[1] "--------------------------------------------------------------------------------"
[1] "str(data)="
'data.frame':	6754 obs. of  48 variables:
 $ Race.RaceId                      : Factor w/ 985 levels "20170117-08-01-05-06",..: 11 12 13 14 15 16 17 18 19 20 ...
 $ Race.IsAnalyzeNormalPastAndFuture: logi  TRUE TRUE TRUE TRUE TRUE TRUE ...
 $ Race.IsAnalyzeNormalPast         : logi  TRUE TRUE TRUE TRUE TRUE TRUE ...
 $ Race.IsAnalyzeNormalFuture       : logi  FALSE FALSE FALSE FALSE FALSE FALSE ...
 $ Race.IsAnalyzeFullPastAndFuture  : logi  TRUE TRUE TRUE TRUE TRUE TRUE ...
 $ Race.IsAnalyzeFullPast           : logi  TRUE TRUE TRUE TRUE TRUE TRUE ...
 $ Race.IsAnalyzeFullFuture         : logi  FALSE FALSE FALSE FALSE FALSE FALSE ...
 $ Race.JyokenCd                    : Factor w/ 1 level "6": 1 1 1 1 1 1 1 1 1 1 ...
 $ Race.JyoType1Cd                  : Factor w/ 119 levels "17-08-1600-2",..: 9 10 11 12 13 14 2 15 16 15 ...
 $ Race.RaceType1Cd                 : Factor w/ 2 levels "1-6-12","1-6-11": 2 2 2 2 2 2 2 2 1 2 ...
 $ RaceHorse.RaceId                 : Factor w/ 985 levels "20170117-08-01-05-06",..: 11 12 13 14 15 16 17 18 19 20 ...
 $ RaceHorse.KettoNum               : Factor w/ 6744 levels "2014100172","2013102089",..: 11 12 13 14 15 16 17 18 19 20 ...
 $ RaceHorse.IsHit1                 : num  0 0 0 0 0 0 0 0 0 0 ...
 $ RaceHorse.IsHit2                 : num  0 0 0 0 0 0 0 0 0 0 ...
 $ RaceHorse.IsHit3                 : num  1 0 0 0 0 0 0 0 1 0 ...
 $ RaceHorse.IsHit4                 : num  0 0 0 0 0 0 0 0 0 0 ...
 $ RaceHorse.IsHit5                 : num  0 0 0 0 0 0 0 0 0 1 ...
 $ RaceHorse.IsHit6                 : num  0 1 1 1 1 1 1 1 0 0 ...
 $ RaceHorse.IsValidRaceHorse       : logi  TRUE FALSE TRUE TRUE TRUE TRUE ...
 $ RaceHorse.FinishTimeSdvByRace    : num  0.9374 -1.4907 0.5208 -0.0676 0.6093 ...
 $ RaceHorse.FirstTimeSdvByRace     : num  1.0133 -1.8003 0.3301 -0.828 -0.0415 ...
 $ RaceHorse.LastTimeSdvByRace      : num  0.2766 0.0852 0.3329 0.2664 0.902 ...
 $ RaceHorse.FinishTimeSdv          : num  -0.71 -1.987 -0.33 -1.35 -0.238 ...
 $ RaceHorse.FirstTimeSdv           : num  -0.2199 -2.6461 0.0359 -1.5598 -1.4267 ...
 $ RaceHorse.LastTimeSdv            : num  -0.705 -0.403 -0.541 -0.402 1.09 ...
 $ RaceHorse.IsHitA                 : num  0 0 0 0 0 0 0 0 0 0 ...
 $ RaceHorse.IsHitB                 : num  0 0 0 0 0 0 0 0 0 0 ...
 $ RaceHorse.IsHitC                 : num  1 0 0 0 0 0 0 0 1 0 ...
 $ Gen02.HansyokuNum                : Factor w/ 4100 levels "12240877","12240931",..: 11 12 13 14 15 16 17 18 19 20 ...
 $ Gen02.FinishTimeSdvByRaceAvg     : num  0.1476 -0.3446 0.9862 -0.0427 0.8745 ...
 $ Gen02.FirstTimeSdvByRaceAvg      : num  0.689 0.6 0.321 0.192 0.551 ...
 $ Gen02.LastTimeSdvByRaceAvg       : num  -0.1554 -0.831 0.9065 0.0102 0.4453 ...
 $ Gen02.FinishTimeSdvAvg           : num  -1.029 -0.48 -0.658 -0.93 -0.97 ...
 $ Gen02.FirstTimeSdvAvg            : num  -0.491 0.386 -0.932 -0.667 -1.194 ...
 $ Gen02.LastTimeSdvAvg             : num  -1.01983 -1.05932 0.03821 -0.56975 -0.00947 ...
 $ Gen02.RealOddsLog1Avg            : num  3.49 2.28 1.95 4.84 4.05 ...
 $ Gen02.RunCount                   : num  3 1 2 4 3 1 4 2 1 1 ...
 $ Gen02.HitCount1                  : num  0 0 1 0 1 0 0 0 0 0 ...
 $ Gen02.HitCount2                  : num  0 0 0 1 1 1 1 0 0 0 ...
 $ Gen02.HitCount3                  : num  0 0 0 0 0 0 1 0 0 0 ...
 $ Gen02.HitCount4                  : num  1 0 0 0 0 0 1 0 0 0 ...
 $ Gen02.HitCount5                  : num  0 0 1 0 0 0 0 0 0 0 ...
 $ Gen02.HitRate1                   : num  0 0 0.5 0 0.333 ...
 $ Gen02.HitRate2                   : num  0 0 0 0.25 0.333 ...
 $ Gen02.HitRate3                   : num  0 0 0 0 0 0 0.25 0 0 0 ...
 $ Gen02.HitRate4                   : num  0.333 0 0 0 0 ...
 $ Gen02.HitRate5                   : num  0 0 0.5 0 0 0 0 0 0 0 ...
 $ EOF                              : int  1 1 1 1 1 1 1 1 1 1 ...
NULL
[1] "2022-03-08 18:47:36 --- transform Finish ---"
[1] "2022-03-08 18:47:36 --- na.omit Start ---"
[1] "--------------------------------------------------------------------------------"
[1] "nrow(data) na.omit before=6754"
[1] "nrow(data) na.omit after =6712"
[1] "nrow(data) na.omit diff =42"
[1] "--------------------------------------------------------------------------------"
'data.frame':	6712 obs. of  48 variables:
 $ Race.RaceId                      : Factor w/ 985 levels "20170117-08-01-05-06",..: 11 12 13 14 15 16 17 18 19 20 ...
 $ Race.IsAnalyzeNormalPastAndFuture: logi  TRUE TRUE TRUE TRUE TRUE TRUE ...
 $ Race.IsAnalyzeNormalPast         : logi  TRUE TRUE TRUE TRUE TRUE TRUE ...
 $ Race.IsAnalyzeNormalFuture       : logi  FALSE FALSE FALSE FALSE FALSE FALSE ...
 $ Race.IsAnalyzeFullPastAndFuture  : logi  TRUE TRUE TRUE TRUE TRUE TRUE ...
 $ Race.IsAnalyzeFullPast           : logi  TRUE TRUE TRUE TRUE TRUE TRUE ...
 $ Race.IsAnalyzeFullFuture         : logi  FALSE FALSE FALSE FALSE FALSE FALSE ...
 $ Race.JyokenCd                    : Factor w/ 1 level "6": 1 1 1 1 1 1 1 1 1 1 ...
 $ Race.JyoType1Cd                  : Factor w/ 119 levels "17-08-1600-2",..: 9 10 11 12 13 14 2 15 16 15 ...
 $ Race.RaceType1Cd                 : Factor w/ 2 levels "1-6-12","1-6-11": 2 2 2 2 2 2 2 2 1 2 ...
 $ RaceHorse.RaceId                 : Factor w/ 985 levels "20170117-08-01-05-06",..: 11 12 13 14 15 16 17 18 19 20 ...
 $ RaceHorse.KettoNum               : Factor w/ 6744 levels "2014100172","2013102089",..: 11 12 13 14 15 16 17 18 19 20 ...
 $ RaceHorse.IsHit1                 : num  0 0 0 0 0 0 0 0 0 0 ...
 $ RaceHorse.IsHit2                 : num  0 0 0 0 0 0 0 0 0 0 ...
 $ RaceHorse.IsHit3                 : num  1 0 0 0 0 0 0 0 1 0 ...
 $ RaceHorse.IsHit4                 : num  0 0 0 0 0 0 0 0 0 0 ...
 $ RaceHorse.IsHit5                 : num  0 0 0 0 0 0 0 0 0 1 ...
 $ RaceHorse.IsHit6                 : num  0 1 1 1 1 1 1 1 0 0 ...
 $ RaceHorse.IsValidRaceHorse       : logi  TRUE FALSE TRUE TRUE TRUE TRUE ...
 $ RaceHorse.FinishTimeSdvByRace    : num  0.9374 -1.4907 0.5208 -0.0676 0.6093 ...
 $ RaceHorse.FirstTimeSdvByRace     : num  1.0133 -1.8003 0.3301 -0.828 -0.0415 ...
 $ RaceHorse.LastTimeSdvByRace      : num  0.2766 0.0852 0.3329 0.2664 0.902 ...
 $ RaceHorse.FinishTimeSdv          : num  -0.71 -1.987 -0.33 -1.35 -0.238 ...
 $ RaceHorse.FirstTimeSdv           : num  -0.2199 -2.6461 0.0359 -1.5598 -1.4267 ...
 $ RaceHorse.LastTimeSdv            : num  -0.705 -0.403 -0.541 -0.402 1.09 ...
 $ RaceHorse.IsHitA                 : num  0 0 0 0 0 0 0 0 0 0 ...
 $ RaceHorse.IsHitB                 : num  0 0 0 0 0 0 0 0 0 0 ...
 $ RaceHorse.IsHitC                 : num  1 0 0 0 0 0 0 0 1 0 ...
 $ Gen02.HansyokuNum                : Factor w/ 4100 levels "12240877","12240931",..: 11 12 13 14 15 16 17 18 19 20 ...
 $ Gen02.FinishTimeSdvByRaceAvg     : num  0.1476 -0.3446 0.9862 -0.0427 0.8745 ...
 $ Gen02.FirstTimeSdvByRaceAvg      : num  0.689 0.6 0.321 0.192 0.551 ...
 $ Gen02.LastTimeSdvByRaceAvg       : num  -0.1554 -0.831 0.9065 0.0102 0.4453 ...
 $ Gen02.FinishTimeSdvAvg           : num  -1.029 -0.48 -0.658 -0.93 -0.97 ...
 $ Gen02.FirstTimeSdvAvg            : num  -0.491 0.386 -0.932 -0.667 -1.194 ...
 $ Gen02.LastTimeSdvAvg             : num  -1.01983 -1.05932 0.03821 -0.56975 -0.00947 ...
 $ Gen02.RealOddsLog1Avg            : num  3.49 2.28 1.95 4.84 4.05 ...
 $ Gen02.RunCount                   : num  3 1 2 4 3 1 4 2 1 1 ...
 $ Gen02.HitCount1                  : num  0 0 1 0 1 0 0 0 0 0 ...
 $ Gen02.HitCount2                  : num  0 0 0 1 1 1 1 0 0 0 ...
 $ Gen02.HitCount3                  : num  0 0 0 0 0 0 1 0 0 0 ...
 $ Gen02.HitCount4                  : num  1 0 0 0 0 0 1 0 0 0 ...
 $ Gen02.HitCount5                  : num  0 0 1 0 0 0 0 0 0 0 ...
 $ Gen02.HitRate1                   : num  0 0 0.5 0 0.333 ...
 $ Gen02.HitRate2                   : num  0 0 0 0.25 0.333 ...
 $ Gen02.HitRate3                   : num  0 0 0 0 0 0 0.25 0 0 0 ...
 $ Gen02.HitRate4                   : num  0.333 0 0 0 0 ...
 $ Gen02.HitRate5                   : num  0 0 0.5 0 0 0 0 0 0 0 ...
 $ EOF                              : int  1 1 1 1 1 1 1 1 1 1 ...
 - attr(*, "na.action")= 'omit' Named int  33 244 333 901 1516 1706 2232 2276 2346 2397 ...
  ..- attr(*, "names")= chr  "33" "244" "333" "901" ...
[1] "2022-03-08 18:47:36 --- na.omit Finish ---"
[1] "2022-03-08 18:47:36 --- rxLogit with rxStepControl Start ---"

> print(paste0(Sys.time(), " --- source_logic_glm.R Start ---"))
[1] "2022-03-08 18:47:36 --- source_logic_glm.R Start ---"

> formula <- formula(RaceHorse.IsHitA ~ +1 + Gen02.FinishTimeSdvByRaceAvg)

> print(paste0(Sys.time(), " --- source_logic_glm.R Finished ---"))
[1] "2022-03-08 18:47:36 --- source_logic_glm.R Finished ---"
Rows Read: 6712, Total Rows Processed: 6712, Total Chunk Time: Less than .001 seconds 

Starting values (iteration 1) time: 0.013 secs.
Rows Read: 6712, Total Rows Processed: 6712, Total Chunk Time: Less than .001 seconds 

Iteration 2 time: 0.007 secs.
Rows Read: 6712, Total Rows Processed: 6712, Total Chunk Time: Less than .001 seconds 

Iteration 3 time: 0.004 secs.
Rows Read: 6712, Total Rows Processed: 6712, Total Chunk Time: 0.002 seconds 

Iteration 4 time: 0.005 secs.
Rows Read: 6712, Total Rows Processed: 6712, Total Chunk Time: 0.002 seconds 

Iteration 5 time: 0.004 secs.

Elapsed computation time: 0.058 secs.
Rows Read: 6712, Total Rows Processed: 6712, Total Chunk Time: 0.001 seconds 

Starting values (iteration 1) time: 0.008 secs.
Rows Read: 6712, Total Rows Processed: 6712, Total Chunk Time: Less than .001 seconds 

Iteration 2 time: 0.007 secs.

Elapsed computation time: 0.028 secs.
Rows Read: 6712, Total Rows Processed: 6712, Total Chunk Time: 0.001 seconds 

Starting values (iteration 1) time: 0.009 secs.
Rows Read: 6712, Total Rows Processed: 6712, Total Chunk Time: Less than .001 seconds 

Iteration 2 time: 0.008 secs.
Rows Read: 6712, Total Rows Processed: 6712, Total Chunk Time: 0.002 seconds 

Iteration 3 time: 0.004 secs.
Rows Read: 6712, Total Rows Processed: 6712, Total Chunk Time: Less than .001 seconds 

Iteration 4 time: 0.005 secs.
Rows Read: 6712, Total Rows Processed: 6712, Total Chunk Time: 0.002 seconds 

Iteration 5 time: 0.004 secs.

Elapsed computation time: 0.058 secs.

Elapsed computation time: 0.164 secs.
[1] "--------------------------------------------------------------------------------"
[1] "analyze.results.glm.step="
Logistic Regression Results for: RaceHorse.IsHitA ~
    Gen02.FinishTimeSdvByRaceAvg
Data: data
Dependent variable(s): RaceHorse.IsHitA
Total independent variables: 2 
Number of valid observations: 6712
Number of missing observations: 0 
 
Coefficients:
                             RaceHorse.IsHitA
(Intercept)                              -2.7
Gen02.FinishTimeSdvByRaceAvg              0.6
[1] "analyze.results.glm.step.summary"
Call:
rxLogit(formula = formula, data = data, variableSelection = analyze.results.glm.step.varsel)

Logistic Regression Results for: RaceHorse.IsHitA ~
    Gen02.FinishTimeSdvByRaceAvg
Data: data
Dependent variable(s): RaceHorse.IsHitA
Total independent variables: 2 
Number of valid observations: 6712
Number of missing observations: 0 
-2*LogLikelihood: 3765.152 (Residual deviance on 6710 degrees of freedom)
 
Coefficients:
                             Estimate Std. Error z value Pr(>|z|)    
(Intercept)                   -2.7025     0.0623  -43.37  2.2e-16 ***
Gen02.FinishTimeSdvByRaceAvg   0.6218     0.0751    8.27  2.2e-16 ***
---
Signif. codes:  0 '***' 0.001 '**' 0.01 '*' 0.05 '.' 0.1 ' ' 1

Condition number of final variance-covariance matrix: 1 
Number of iterations: 5
[1] "--------------------------------------------------------------------------------"
[1] "2022-03-08 18:47:36 --- rxLogit with rxStepControl Finish ---"
[1] "2022-03-08 18:47:36 --- rxStepPlot Start ---"
[1] "pdfFilename=pdf_analyze_glm_Gen02_Type16_rxStepPlot.pdf"
[1] "rxStepPlot="
[1] "2022-03-08 18:47:37 --- rxStepPlot Finish ---"
[1] "2022-03-08 18:47:37 --- save.image Start ---"
[1] "save.image"
[1] "rdataFilename=RData_analyze_glm_Gen02_Type16.RData"
[1] "2022-03-08 18:47:37 --- save.image Finish ---"
[1] "2022-03-08 18:47:37 --- final Start ---"
[1] "--------------------------------------------------------------------------------"
[1] "nrow(data) final=6712"
[1] "--------------------------------------------------------------------------------"
[1] "2022-03-08 18:47:37 --- final Finish ---"
[1] "2022-03-08 18:47:37 --- analyze_glm.R Finished ---"
[1] "2022-03-08 18:47:37 --- log Finish ---"
