[1] "2022-02-21 22:08:46 --- D1115_analyze_glm_Gen01_IsHitA_Type13 Start ---"
[1] "2022-02-21 22:08:46 --- Log Start ---"
[1] "2022-02-21 22:08:46 --- analyze_glm.R Start ---"
[1] "analyzeVersion=D1115"
[1] "analyzeCategory=analyze"
[1] "analyzeType=Gen01"
[1] "analyzeFamily=IsHitA"
[1] "analyzeFunc=glm"
[1] "analyzeTrackTypeCd=1"
[1] "analyzeJyokenCd=3"
[1] "2022-02-21 22:08:46 --- source_function.R Start ---"
[1] "2022-02-21 22:08:46 --- source_function.R Finished ---"

> print(paste0(Sys.time(), " --- source_library.R Start ---"))
[1] "2022-02-21 22:08:46 --- source_library.R Start ---"

> require("RevoScaleR")

> print(paste0(Sys.time(), " --- source_library.R Finished ---"))
[1] "2022-02-21 22:08:46 --- source_library.R Finished ---"
[1] "2022-02-21 22:08:46 --- RxSqlServerData Start ---"
[1] "2022-02-21 22:08:46 --- RxInSqlServer Start ---"
[1] "2022-02-21 22:08:46 --- RxInSqlServer Finish ---"
[1] "2022-02-21 22:08:46 --- rxSetComputeContext Start ---"
[1] "2022-02-21 22:08:46 --- rxSetComputeContext Finish ---"
[1] "2022-02-21 22:08:46 --- RxSqlServerData Start ---"
[1] "sqlQuery=SELECT * FROM ViewAnalyzeD1115analyze01Gen01Type13"
[1] "2022-02-21 22:08:46 --- RxSqlServerData Finish ---"
[1] "2022-02-21 22:08:46 --- rxGetVarInfo Start ---"
[1] "2022-02-21 22:08:47 --- rxGetVarInfo Finish---"
[1] "2022-02-21 22:08:47 --- rxImport Start ---"
Rows Read: 14625, Total Rows Processed: 14625, Total Chunk Time: 72.251 seconds 
[1] "2022-02-21 22:11:23 --- rxImport Finish ---"
[1] "object.size(data) auto=3.1 Mb"
[1] "--------------------------------------------------------------------------------"
[1] "nrow(data) RxSqlServerData=14625"
[1] "--------------------------------------------------------------------------------"
[1] "str(data)="
'data.frame':	14625 obs. of  39 variables:
 $ Race.RaceId                      : Factor w/ 1192 levels "20160723-07-03-07-10",..: 2 2 2 2 2 2 2 2 2 2 ...
 $ Race.IsPredictedRace             : logi  TRUE TRUE TRUE TRUE TRUE TRUE ...
 $ Race.IsAnalyzeNormalPastAndFuture: logi  TRUE TRUE TRUE TRUE TRUE TRUE ...
 $ Race.IsAnalyzeNormalPast         : logi  TRUE TRUE TRUE TRUE TRUE TRUE ...
 $ Race.IsAnalyzeNormalFuture       : logi  FALSE FALSE FALSE FALSE FALSE FALSE ...
 $ Race.IsAnalyzeFullPastAndFuture  : logi  TRUE TRUE TRUE TRUE TRUE TRUE ...
 $ Race.IsAnalyzeFullPast           : logi  TRUE TRUE TRUE TRUE TRUE TRUE ...
 $ Race.IsAnalyzeFullFuture         : logi  FALSE FALSE FALSE FALSE FALSE FALSE ...
 $ Race.JyokenCd                    : Factor w/ 1 level "3": 1 1 1 1 1 1 1 1 1 1 ...
 $ Race.RaceType1Cd                 : Factor w/ 2 levels "1-3-E","1-3-X": 2 2 2 2 2 2 2 2 2 2 ...
 $ RaceHorse.RaceId                 : Factor w/ 1192 levels "20160723-07-03-07-10",..: 2 2 2 2 2 2 2 2 2 2 ...
 $ RaceHorse.KettoNum               : Factor w/ 2945 levels "2009104957","2010100155",..: 11 12 13 14 15 16 17 18 19 20 ...
 $ RaceHorse.IsHit1                 : int  0 0 0 0 0 0 0 0 0 0 ...
 $ RaceHorse.IsHit2                 : int  0 0 0 0 0 0 0 1 0 0 ...
 $ RaceHorse.IsHit3                 : int  0 0 0 0 0 0 0 0 0 1 ...
 $ RaceHorse.IsHit4                 : int  0 0 0 0 0 0 0 0 1 0 ...
 $ RaceHorse.IsHit5                 : int  0 0 1 0 0 0 0 0 0 0 ...
 $ RaceHorse.IsHit6                 : int  1 1 0 1 1 1 1 0 0 0 ...
 $ RaceHorse.IsValidRaceHorse       : logi  TRUE TRUE TRUE TRUE FALSE TRUE ...
 $ RaceHorse.IsHitA                 : int  0 0 0 0 0 0 0 0 0 0 ...
 $ RaceHorse.IsHitB                 : int  0 0 0 0 0 0 0 1 0 0 ...
 $ RaceHorse.IsHitC                 : int  0 0 0 0 0 0 0 1 0 1 ...
 $ Gen01.HansyokuNum                : Factor w/ 265 levels "11202082","11201901",..: 10 11 12 13 14 7 15 16 16 9 ...
 $ Gen01.TimeSdvByRaceAvg           : num  -0.1607 -0.2989 0.3992 -0.0875 0.195 ...
 $ Gen01.TimeSdvByRaceMin           : num  -0.908 -0.983 -0.255 -1.694 -1.12 ...
 $ Gen01.TimeSdvByRaceMax           : num  0.299 0.998 0.914 1.61 1.196 ...
 $ Gen01.OrderOfFinishSdvAvg        : num  -0.065 -0.424 0.413 -0.424 0.157 ...
 $ Gen01.RunCount                   : int  4 3 6 5 14 86 47 54 54 32 ...
 $ Gen01.HitCount1                  : int  0 0 0 1 2 15 5 13 13 7 ...
 $ Gen01.HitCount2                  : int  0 0 1 0 1 3 5 4 4 3 ...
 $ Gen01.HitCount3                  : int  0 1 0 0 1 6 3 1 1 0 ...
 $ Gen01.HitCount4                  : int  0 0 1 1 0 7 8 2 2 4 ...
 $ Gen01.HitCount5                  : int  1 0 3 0 2 5 2 2 2 3 ...
 $ Gen01.HitRate1                   : num  0 0 0 0.2 0.143 ...
 $ Gen01.HitRate2                   : num  0 0 0.1667 0 0.0714 ...
 $ Gen01.HitRate3                   : num  0 0.3333 0 0 0.0714 ...
 $ Gen01.HitRate4                   : num  0 0 0.167 0.2 0 ...
 $ Gen01.HitRate5                   : num  0.25 0 0.5 0 0.143 ...
 $ EOF                              : int  1 1 1 1 1 1 1 1 1 1 ...
[1] "2022-02-21 22:11:24 --- RxSqlServerData Finish ---"
[1] "2022-02-21 22:11:24 --- subset Start ---"
[1] "--------------------------------------------------------------------------------"
[1] "nrow(data) subset before=14625"
[1] "nrow(data) subset after =14625"
[1] "nrow(data) subset diff =0"
[1] "--------------------------------------------------------------------------------"
[1] "2022-02-21 22:11:24 --- subset Finish---"
[1] "2022-02-21 22:11:24 --- transform Start ---"
[1] "--------------------------------------------------------------------------------"
[1] "nrow(data) transform before=14625"
[1] "nrow(data) transform after=14625"
[1] "nrow(data) transform diff=0"
[1] "--------------------------------------------------------------------------------"
[1] "str(data)="
'data.frame':	14625 obs. of  39 variables:
 $ Race.RaceId                      : Factor w/ 1192 levels "20160723-07-03-07-10",..: 2 2 2 2 2 2 2 2 2 2 ...
 $ Race.IsPredictedRace             : logi  TRUE TRUE TRUE TRUE TRUE TRUE ...
 $ Race.IsAnalyzeNormalPastAndFuture: logi  TRUE TRUE TRUE TRUE TRUE TRUE ...
 $ Race.IsAnalyzeNormalPast         : logi  TRUE TRUE TRUE TRUE TRUE TRUE ...
 $ Race.IsAnalyzeNormalFuture       : logi  FALSE FALSE FALSE FALSE FALSE FALSE ...
 $ Race.IsAnalyzeFullPastAndFuture  : logi  TRUE TRUE TRUE TRUE TRUE TRUE ...
 $ Race.IsAnalyzeFullPast           : logi  TRUE TRUE TRUE TRUE TRUE TRUE ...
 $ Race.IsAnalyzeFullFuture         : logi  FALSE FALSE FALSE FALSE FALSE FALSE ...
 $ Race.JyokenCd                    : Factor w/ 1 level "3": 1 1 1 1 1 1 1 1 1 1 ...
 $ Race.RaceType1Cd                 : Factor w/ 2 levels "1-3-E","1-3-X": 2 2 2 2 2 2 2 2 2 2 ...
 $ RaceHorse.RaceId                 : Factor w/ 1192 levels "20160723-07-03-07-10",..: 2 2 2 2 2 2 2 2 2 2 ...
 $ RaceHorse.KettoNum               : Factor w/ 2945 levels "2009104957","2010100155",..: 11 12 13 14 15 16 17 18 19 20 ...
 $ RaceHorse.IsHit1                 : int  0 0 0 0 0 0 0 0 0 0 ...
 $ RaceHorse.IsHit2                 : int  0 0 0 0 0 0 0 1 0 0 ...
 $ RaceHorse.IsHit3                 : int  0 0 0 0 0 0 0 0 0 1 ...
 $ RaceHorse.IsHit4                 : int  0 0 0 0 0 0 0 0 1 0 ...
 $ RaceHorse.IsHit5                 : int  0 0 1 0 0 0 0 0 0 0 ...
 $ RaceHorse.IsHit6                 : int  1 1 0 1 1 1 1 0 0 0 ...
 $ RaceHorse.IsValidRaceHorse       : logi  TRUE TRUE TRUE TRUE FALSE TRUE ...
 $ RaceHorse.IsHitA                 : int  0 0 0 0 0 0 0 0 0 0 ...
 $ RaceHorse.IsHitB                 : int  0 0 0 0 0 0 0 1 0 0 ...
 $ RaceHorse.IsHitC                 : int  0 0 0 0 0 0 0 1 0 1 ...
 $ Gen01.HansyokuNum                : Factor w/ 265 levels "11202082","11201901",..: 10 11 12 13 14 7 15 16 16 9 ...
 $ Gen01.TimeSdvByRaceAvg           : num  -0.1607 -0.2989 0.3992 -0.0875 0.195 ...
 $ Gen01.TimeSdvByRaceMin           : num  -0.908 -0.983 -0.255 -1.694 -1.12 ...
 $ Gen01.TimeSdvByRaceMax           : num  0.299 0.998 0.914 1.61 1.196 ...
 $ Gen01.OrderOfFinishSdvAvg        : num  -0.065 -0.424 0.413 -0.424 0.157 ...
 $ Gen01.RunCount                   : int  4 3 6 5 14 86 47 54 54 32 ...
 $ Gen01.HitCount1                  : int  0 0 0 1 2 15 5 13 13 7 ...
 $ Gen01.HitCount2                  : int  0 0 1 0 1 3 5 4 4 3 ...
 $ Gen01.HitCount3                  : int  0 1 0 0 1 6 3 1 1 0 ...
 $ Gen01.HitCount4                  : int  0 0 1 1 0 7 8 2 2 4 ...
 $ Gen01.HitCount5                  : int  1 0 3 0 2 5 2 2 2 3 ...
 $ Gen01.HitRate1                   : num  0 0 0 0.2 0.143 ...
 $ Gen01.HitRate2                   : num  0 0 0.1667 0 0.0714 ...
 $ Gen01.HitRate3                   : num  0 0.3333 0 0 0.0714 ...
 $ Gen01.HitRate4                   : num  0 0 0.167 0.2 0 ...
 $ Gen01.HitRate5                   : num  0.25 0 0.5 0 0.143 ...
 $ EOF                              : int  1 1 1 1 1 1 1 1 1 1 ...
NULL
[1] "2022-02-21 22:11:24 --- transform Finish ---"
[1] "2022-02-21 22:11:24 --- na.omit Start ---"
[1] "--------------------------------------------------------------------------------"
[1] "nrow(data) na.omit before=14625"
[1] "nrow(data) na.omit after =14625"
[1] "nrow(data) na.omit diff =0"
[1] "--------------------------------------------------------------------------------"
'data.frame':	14625 obs. of  39 variables:
 $ Race.RaceId                      : Factor w/ 1192 levels "20160723-07-03-07-10",..: 2 2 2 2 2 2 2 2 2 2 ...
 $ Race.IsPredictedRace             : logi  TRUE TRUE TRUE TRUE TRUE TRUE ...
 $ Race.IsAnalyzeNormalPastAndFuture: logi  TRUE TRUE TRUE TRUE TRUE TRUE ...
 $ Race.IsAnalyzeNormalPast         : logi  TRUE TRUE TRUE TRUE TRUE TRUE ...
 $ Race.IsAnalyzeNormalFuture       : logi  FALSE FALSE FALSE FALSE FALSE FALSE ...
 $ Race.IsAnalyzeFullPastAndFuture  : logi  TRUE TRUE TRUE TRUE TRUE TRUE ...
 $ Race.IsAnalyzeFullPast           : logi  TRUE TRUE TRUE TRUE TRUE TRUE ...
 $ Race.IsAnalyzeFullFuture         : logi  FALSE FALSE FALSE FALSE FALSE FALSE ...
 $ Race.JyokenCd                    : Factor w/ 1 level "3": 1 1 1 1 1 1 1 1 1 1 ...
 $ Race.RaceType1Cd                 : Factor w/ 2 levels "1-3-E","1-3-X": 2 2 2 2 2 2 2 2 2 2 ...
 $ RaceHorse.RaceId                 : Factor w/ 1192 levels "20160723-07-03-07-10",..: 2 2 2 2 2 2 2 2 2 2 ...
 $ RaceHorse.KettoNum               : Factor w/ 2945 levels "2009104957","2010100155",..: 11 12 13 14 15 16 17 18 19 20 ...
 $ RaceHorse.IsHit1                 : int  0 0 0 0 0 0 0 0 0 0 ...
 $ RaceHorse.IsHit2                 : int  0 0 0 0 0 0 0 1 0 0 ...
 $ RaceHorse.IsHit3                 : int  0 0 0 0 0 0 0 0 0 1 ...
 $ RaceHorse.IsHit4                 : int  0 0 0 0 0 0 0 0 1 0 ...
 $ RaceHorse.IsHit5                 : int  0 0 1 0 0 0 0 0 0 0 ...
 $ RaceHorse.IsHit6                 : int  1 1 0 1 1 1 1 0 0 0 ...
 $ RaceHorse.IsValidRaceHorse       : logi  TRUE TRUE TRUE TRUE FALSE TRUE ...
 $ RaceHorse.IsHitA                 : int  0 0 0 0 0 0 0 0 0 0 ...
 $ RaceHorse.IsHitB                 : int  0 0 0 0 0 0 0 1 0 0 ...
 $ RaceHorse.IsHitC                 : int  0 0 0 0 0 0 0 1 0 1 ...
 $ Gen01.HansyokuNum                : Factor w/ 265 levels "11202082","11201901",..: 10 11 12 13 14 7 15 16 16 9 ...
 $ Gen01.TimeSdvByRaceAvg           : num  -0.1607 -0.2989 0.3992 -0.0875 0.195 ...
 $ Gen01.TimeSdvByRaceMin           : num  -0.908 -0.983 -0.255 -1.694 -1.12 ...
 $ Gen01.TimeSdvByRaceMax           : num  0.299 0.998 0.914 1.61 1.196 ...
 $ Gen01.OrderOfFinishSdvAvg        : num  -0.065 -0.424 0.413 -0.424 0.157 ...
 $ Gen01.RunCount                   : int  4 3 6 5 14 86 47 54 54 32 ...
 $ Gen01.HitCount1                  : int  0 0 0 1 2 15 5 13 13 7 ...
 $ Gen01.HitCount2                  : int  0 0 1 0 1 3 5 4 4 3 ...
 $ Gen01.HitCount3                  : int  0 1 0 0 1 6 3 1 1 0 ...
 $ Gen01.HitCount4                  : int  0 0 1 1 0 7 8 2 2 4 ...
 $ Gen01.HitCount5                  : int  1 0 3 0 2 5 2 2 2 3 ...
 $ Gen01.HitRate1                   : num  0 0 0 0.2 0.143 ...
 $ Gen01.HitRate2                   : num  0 0 0.1667 0 0.0714 ...
 $ Gen01.HitRate3                   : num  0 0.3333 0 0 0.0714 ...
 $ Gen01.HitRate4                   : num  0 0 0.167 0.2 0 ...
 $ Gen01.HitRate5                   : num  0.25 0 0.5 0 0.143 ...
 $ EOF                              : int  1 1 1 1 1 1 1 1 1 1 ...
[1] "2022-02-21 22:11:24 --- na.omit Finish ---"
[1] "2022-02-21 22:11:24 --- rxGlm with rxStepControl Start ---"

> print(paste0(Sys.time(), " --- source_logic_glm.R Start ---"))
[1] "2022-02-21 22:11:25 --- source_logic_glm.R Start ---"

> formula <- formula(RaceHorse.IsHitA ~ +1 + Gen01.OrderOfFinishSdvAvg)

> print(paste0(Sys.time(), " --- source_logic_glm.R Finished ---"))
[1] "2022-02-21 22:11:25 --- source_logic_glm.R Finished ---"
Rows Read: 14625, Total Rows Processed: 14625, Total Chunk Time: 0.001 seconds 

Starting values (iteration 1) time: 0.010 secs.
Rows Read: 14625, Total Rows Processed: 14625, Total Chunk Time: 0.001 seconds 

Iteration 2 time: 0.007 secs.
Rows Read: 14625, Total Rows Processed: 14625, Total Chunk Time: 0.002 seconds 

Iteration 3 time: 0.005 secs.
Rows Read: 14625, Total Rows Processed: 14625, Total Chunk Time: 0.002 seconds 

Iteration 4 time: 0.009 secs.
Rows Read: 14625, Total Rows Processed: 14625, Total Chunk Time: Less than .001 seconds 

Iteration 5 time: 0.005 secs.

Elapsed computation time: 0.061 secs.
Rows Read: 14625, Total Rows Processed: 14625, Total Chunk Time: 0.001 seconds 

Starting values (iteration 1) time: 0.008 secs.
Rows Read: 14625, Total Rows Processed: 14625, Total Chunk Time: 0.002 seconds 

Iteration 2 time: 0.016 secs.

Elapsed computation time: 0.044 secs.
Rows Read: 14625, Total Rows Processed: 14625, Total Chunk Time: 0.002 seconds 

Starting values (iteration 1) time: 0.007 secs.
Rows Read: 14625, Total Rows Processed: 14625, Total Chunk Time: 0.001 seconds 

Iteration 2 time: 0.008 secs.
Rows Read: 14625, Total Rows Processed: 14625, Total Chunk Time: 0.002 seconds 

Iteration 3 time: 0.007 secs.
Rows Read: 14625, Total Rows Processed: 14625, Total Chunk Time: 0.002 seconds 

Iteration 4 time: 0.005 secs.
Rows Read: 14625, Total Rows Processed: 14625, Total Chunk Time: 0.002 seconds 

Iteration 5 time: 0.005 secs.

Elapsed computation time: 0.062 secs.

Elapsed computation time: 0.189 secs.
[1] "--------------------------------------------------------------------------------"
[1] "analyze.results.glm.step="
Logistic Regression Results for: RaceHorse.IsHitA ~
    Gen01.OrderOfFinishSdvAvg
Data: data
Dependent variable(s): RaceHorse.IsHitA
Total independent variables: 2 
Number of valid observations: 14625
Number of missing observations: 0 
 
Coefficients:
                          RaceHorse.IsHitA
(Intercept)                           -2.6
Gen01.OrderOfFinishSdvAvg              0.8
[1] "analyze.results.glm.step.summary"
Call:
rxLogit(formula = formula, data = data, variableSelection = analyze.results.glm.step.varsel)

Logistic Regression Results for: RaceHorse.IsHitA ~
    Gen01.OrderOfFinishSdvAvg
Data: data
Dependent variable(s): RaceHorse.IsHitA
Total independent variables: 2 
Number of valid observations: 14625
Number of missing observations: 0 
-2*LogLikelihood: 8020.474 (Residual deviance on 14623 degrees of freedom)
 
Coefficients:
                          Estimate Std. Error z value Pr(>|z|)    
(Intercept)                -2.5715     0.0346   -74.2  2.2e-16 ***
Gen01.OrderOfFinishSdvAvg   0.8352     0.0736    11.3  2.2e-16 ***
---
Signif. codes:  0 '***' 0.001 '**' 0.01 '*' 0.05 '.' 0.1 ' ' 1

Condition number of final variance-covariance matrix: 1 
Number of iterations: 5
[1] "--------------------------------------------------------------------------------"
[1] "2022-02-21 22:11:25 --- rxGlm with rxStepControl Finish ---"
[1] "2022-02-21 22:11:25 --- rxStepPlot Start ---"
[1] "pdfFilename=pdf_analyze_glm_Gen01_Type13_rxStepPlot.pdf"
[1] "rxStepPlot="
[1] "2022-02-21 22:11:25 --- rxStepPlot Finish ---"
[1] "2022-02-21 22:11:25 --- save.image Start ---"
[1] "save.image"
[1] "rdataFilename=RData_analyze_glm_Gen01_Type13.RData"
[1] "2022-02-21 22:11:25 --- save.image Finish ---"
[1] "2022-02-21 22:11:25 --- final Start ---"
[1] "--------------------------------------------------------------------------------"
[1] "nrow(data) final=14625"
[1] "--------------------------------------------------------------------------------"
[1] "2022-02-21 22:11:25 --- final Finish ---"
[1] "2022-02-21 22:11:25 --- analyze_glm.R Finished ---"
[1] "2022-02-21 22:11:25 --- log Finish ---"
