[1] "2022-02-25 20:24:00 --- D1115_analyze_glm_Gen02_IsHitA_Type21 Start ---"
[1] "2022-02-25 20:24:03 --- Log Start ---"
[1] "2022-02-25 20:24:05 --- analyze_glm.R Start ---"
[1] "analyzeVersion=D1115"
[1] "analyzeCategory=analyze"
[1] "analyzeType=Gen02"
[1] "analyzeFamily=IsHitA"
[1] "analyzeFunc=glm"
[1] "analyzeTrackTypeCd=2"
[1] "analyzeJyokenCd=1"
[1] "2022-02-25 20:24:07 --- source_function.R Start ---"
[1] "2022-02-25 20:24:07 --- source_function.R Finished ---"

> print(paste0(Sys.time(), " --- source_library.R Start ---"))
[1] "2022-02-25 20:24:07 --- source_library.R Start ---"

> require("RevoScaleR")

> print(paste0(Sys.time(), " --- source_library.R Finished ---"))
[1] "2022-02-25 20:24:14 --- source_library.R Finished ---"
[1] "2022-02-25 20:24:14 --- RxSqlServerData Start ---"
[1] "2022-02-25 20:24:15 --- RxInSqlServer Start ---"
[1] "2022-02-25 20:24:17 --- RxInSqlServer Finish ---"
[1] "2022-02-25 20:24:21 --- rxSetComputeContext Start ---"
[1] "2022-02-25 20:24:22 --- rxSetComputeContext Finish ---"
[1] "2022-02-25 20:24:22 --- RxSqlServerData Start ---"
[1] "sqlQuery=SELECT * FROM ViewAnalyzeD1115analyze01Gen02Type21"
[1] "2022-02-25 20:24:22 --- RxSqlServerData Finish ---"
[1] "2022-02-25 20:24:22 --- rxGetVarInfo Start ---"
[1] "2022-02-25 20:24:24 --- rxGetVarInfo Finish---"
[1] "2022-02-25 20:24:24 --- rxImport Start ---"
Rows Read: 2808, Total Rows Processed: 2808, Total Chunk Time: 21.276 seconds 
[1] "2022-02-25 20:25:04 --- rxImport Finish ---"
[1] "object.size(data) auto=902.2 Kb"
[1] "--------------------------------------------------------------------------------"
[1] "nrow(data) RxSqlServerData=2808"
[1] "--------------------------------------------------------------------------------"
[1] "str(data)="
'data.frame':	2808 obs. of  44 variables:
 $ Race.RaceId                      : Factor w/ 285 levels "20160109-06-01-02-11",..: 2 3 3 4 4 5 6 7 9 10 ...
 $ Race.IsPredictedRace             : logi  TRUE TRUE TRUE TRUE TRUE TRUE ...
 $ Race.IsAnalyzeNormalPastAndFuture: logi  TRUE TRUE TRUE TRUE TRUE TRUE ...
 $ Race.IsAnalyzeNormalPast         : logi  TRUE TRUE TRUE TRUE TRUE TRUE ...
 $ Race.IsAnalyzeNormalFuture       : logi  FALSE FALSE FALSE FALSE FALSE FALSE ...
 $ Race.IsAnalyzeFullPastAndFuture  : logi  TRUE TRUE TRUE TRUE TRUE TRUE ...
 $ Race.IsAnalyzeFullPast           : logi  TRUE TRUE TRUE TRUE TRUE TRUE ...
 $ Race.IsAnalyzeFullFuture         : logi  FALSE FALSE FALSE FALSE FALSE FALSE ...
 $ Race.JyokenCd                    : Factor w/ 1 level "1": 1 1 1 1 1 1 1 1 1 1 ...
 $ Race.JyoType1Cd                  : Factor w/ 62 levels "2-06-1800-1-1",..: 2 3 3 4 4 5 6 7 6 8 ...
 $ Race.RaceType1Cd                 : Factor w/ 9 levels "2-1-E-2","2-1-E-1",..: 2 1 1 2 2 3 2 1 2 4 ...
 $ RaceHorse.RaceId                 : Factor w/ 285 levels "20160109-06-01-02-11",..: 2 3 3 4 4 5 6 7 9 10 ...
 $ RaceHorse.KettoNum               : Factor w/ 548 levels "2011104417","2011103957",..: 2 3 4 5 2 6 5 7 5 8 ...
 $ RaceHorse.IsHit1                 : num  0 0 0 0 0 0 1 0 0 0 ...
 $ RaceHorse.IsHit2                 : num  1 0 0 1 0 0 0 1 0 0 ...
 $ RaceHorse.IsHit3                 : num  0 0 0 0 0 0 0 0 0 0 ...
 $ RaceHorse.IsHit4                 : num  0 0 0 0 0 0 0 0 0 1 ...
 $ RaceHorse.IsHit5                 : num  0 0 1 0 0 0 0 0 1 0 ...
 $ RaceHorse.IsHit6                 : num  0 1 0 0 1 1 0 0 0 0 ...
 $ RaceHorse.IsValidRaceHorse       : logi  TRUE TRUE TRUE TRUE TRUE TRUE ...
 $ RaceHorse.TimeSdv                : num  0.918 -0.528 -0.377 1.064 0.516 ...
 $ RaceHorse.IsHitA                 : num  0 0 0 0 0 0 1 0 0 0 ...
 $ RaceHorse.IsHitB                 : num  1 0 0 1 0 0 1 1 0 0 ...
 $ RaceHorse.IsHitC                 : num  1 0 0 1 0 0 1 1 0 0 ...
 $ Gen02.HansyokuNum                : Factor w/ 152 levels "11201964","11201954",..: 2 2 2 2 2 2 2 3 2 2 ...
 $ Gen02.TimeSdvByRaceAvg           : num  1.038 0.159 0.826 1.014 1.132 ...
 $ Gen02.TimeSdvByRaceMin           : num  0.107 -0.853 0.826 0.112 0.107 ...
 $ Gen02.TimeSdvByRaceMax           : num  2.308 1.195 0.826 1.95 2.308 ...
 $ Gen02.TimeSdvAvg                 : num  0.597 0.821 0.679 0.825 0.65 ...
 $ Gen02.TimeSdvMin                 : num  -0.545 0.626 0.679 -0.144 -0.545 ...
 $ Gen02.TimeSdvMax                 : num  1.44 1.131 0.679 1.44 1.44 ...
 $ Gen02.OrderOfFinishSdvAvg        : num  0.911 0.037 0.829 0.949 0.986 ...
 $ Gen02.RunCount                   : num  5 3 1 6 6 2 7 9 8 2 ...
 $ Gen02.HitCount1                  : num  2 0 0 1 2 2 1 2 2 0 ...
 $ Gen02.HitCount2                  : num  0 1 0 2 1 0 3 2 3 0 ...
 $ Gen02.HitCount3                  : num  0 0 0 0 0 0 0 0 0 0 ...
 $ Gen02.HitCount4                  : num  1 0 1 1 1 0 1 2 1 0 ...
 $ Gen02.HitCount5                  : num  0 0 0 0 0 0 0 1 0 0 ...
 $ Gen02.HitRate1                   : num  0.4 0 0 0.167 0.333 ...
 $ Gen02.HitRate2                   : num  0 0.333 0 0.333 0.167 ...
 $ Gen02.HitRate3                   : num  0 0 0 0 0 0 0 0 0 0 ...
 $ Gen02.HitRate4                   : num  0.2 0 1 0.167 0.167 ...
 $ Gen02.HitRate5                   : num  0 0 0 0 0 ...
 $ EOF                              : int  1 1 1 1 1 1 1 1 1 1 ...
[1] "2022-02-25 20:25:51 --- RxSqlServerData Finish ---"
[1] "2022-02-25 20:25:51 --- subset Start ---"
[1] "--------------------------------------------------------------------------------"
[1] "nrow(data) subset before=2808"
[1] "nrow(data) subset after =2808"
[1] "nrow(data) subset diff =0"
[1] "--------------------------------------------------------------------------------"
[1] "2022-02-25 20:25:51 --- subset Finish---"
[1] "2022-02-25 20:25:51 --- transform Start ---"
[1] "--------------------------------------------------------------------------------"
[1] "nrow(data) transform before=2808"
[1] "nrow(data) transform after=2808"
[1] "nrow(data) transform diff=0"
[1] "--------------------------------------------------------------------------------"
[1] "str(data)="
'data.frame':	2808 obs. of  44 variables:
 $ Race.RaceId                      : Factor w/ 285 levels "20160109-06-01-02-11",..: 2 3 3 4 4 5 6 7 9 10 ...
 $ Race.IsPredictedRace             : logi  TRUE TRUE TRUE TRUE TRUE TRUE ...
 $ Race.IsAnalyzeNormalPastAndFuture: logi  TRUE TRUE TRUE TRUE TRUE TRUE ...
 $ Race.IsAnalyzeNormalPast         : logi  TRUE TRUE TRUE TRUE TRUE TRUE ...
 $ Race.IsAnalyzeNormalFuture       : logi  FALSE FALSE FALSE FALSE FALSE FALSE ...
 $ Race.IsAnalyzeFullPastAndFuture  : logi  TRUE TRUE TRUE TRUE TRUE TRUE ...
 $ Race.IsAnalyzeFullPast           : logi  TRUE TRUE TRUE TRUE TRUE TRUE ...
 $ Race.IsAnalyzeFullFuture         : logi  FALSE FALSE FALSE FALSE FALSE FALSE ...
 $ Race.JyokenCd                    : Factor w/ 1 level "1": 1 1 1 1 1 1 1 1 1 1 ...
 $ Race.JyoType1Cd                  : Factor w/ 62 levels "2-06-1800-1-1",..: 2 3 3 4 4 5 6 7 6 8 ...
 $ Race.RaceType1Cd                 : Factor w/ 9 levels "2-1-E-2","2-1-E-1",..: 2 1 1 2 2 3 2 1 2 4 ...
 $ RaceHorse.RaceId                 : Factor w/ 285 levels "20160109-06-01-02-11",..: 2 3 3 4 4 5 6 7 9 10 ...
 $ RaceHorse.KettoNum               : Factor w/ 548 levels "2011104417","2011103957",..: 2 3 4 5 2 6 5 7 5 8 ...
 $ RaceHorse.IsHit1                 : num  0 0 0 0 0 0 1 0 0 0 ...
 $ RaceHorse.IsHit2                 : num  1 0 0 1 0 0 0 1 0 0 ...
 $ RaceHorse.IsHit3                 : num  0 0 0 0 0 0 0 0 0 0 ...
 $ RaceHorse.IsHit4                 : num  0 0 0 0 0 0 0 0 0 1 ...
 $ RaceHorse.IsHit5                 : num  0 0 1 0 0 0 0 0 1 0 ...
 $ RaceHorse.IsHit6                 : num  0 1 0 0 1 1 0 0 0 0 ...
 $ RaceHorse.IsValidRaceHorse       : logi  TRUE TRUE TRUE TRUE TRUE TRUE ...
 $ RaceHorse.TimeSdv                : num  0.918 -0.528 -0.377 1.064 0.516 ...
 $ RaceHorse.IsHitA                 : num  0 0 0 0 0 0 1 0 0 0 ...
 $ RaceHorse.IsHitB                 : num  1 0 0 1 0 0 1 1 0 0 ...
 $ RaceHorse.IsHitC                 : num  1 0 0 1 0 0 1 1 0 0 ...
 $ Gen02.HansyokuNum                : Factor w/ 152 levels "11201964","11201954",..: 2 2 2 2 2 2 2 3 2 2 ...
 $ Gen02.TimeSdvByRaceAvg           : num  1.038 0.159 0.826 1.014 1.132 ...
 $ Gen02.TimeSdvByRaceMin           : num  0.107 -0.853 0.826 0.112 0.107 ...
 $ Gen02.TimeSdvByRaceMax           : num  2.308 1.195 0.826 1.95 2.308 ...
 $ Gen02.TimeSdvAvg                 : num  0.597 0.821 0.679 0.825 0.65 ...
 $ Gen02.TimeSdvMin                 : num  -0.545 0.626 0.679 -0.144 -0.545 ...
 $ Gen02.TimeSdvMax                 : num  1.44 1.131 0.679 1.44 1.44 ...
 $ Gen02.OrderOfFinishSdvAvg        : num  0.911 0.037 0.829 0.949 0.986 ...
 $ Gen02.RunCount                   : num  5 3 1 6 6 2 7 9 8 2 ...
 $ Gen02.HitCount1                  : num  2 0 0 1 2 2 1 2 2 0 ...
 $ Gen02.HitCount2                  : num  0 1 0 2 1 0 3 2 3 0 ...
 $ Gen02.HitCount3                  : num  0 0 0 0 0 0 0 0 0 0 ...
 $ Gen02.HitCount4                  : num  1 0 1 1 1 0 1 2 1 0 ...
 $ Gen02.HitCount5                  : num  0 0 0 0 0 0 0 1 0 0 ...
 $ Gen02.HitRate1                   : num  0.4 0 0 0.167 0.333 ...
 $ Gen02.HitRate2                   : num  0 0.333 0 0.333 0.167 ...
 $ Gen02.HitRate3                   : num  0 0 0 0 0 0 0 0 0 0 ...
 $ Gen02.HitRate4                   : num  0.2 0 1 0.167 0.167 ...
 $ Gen02.HitRate5                   : num  0 0 0 0 0 ...
 $ EOF                              : int  1 1 1 1 1 1 1 1 1 1 ...
NULL
[1] "2022-02-25 20:25:53 --- transform Finish ---"
[1] "2022-02-25 20:25:53 --- na.omit Start ---"
[1] "--------------------------------------------------------------------------------"
[1] "nrow(data) na.omit before=2808"
[1] "nrow(data) na.omit after =2792"
[1] "nrow(data) na.omit diff =16"
[1] "--------------------------------------------------------------------------------"
'data.frame':	2792 obs. of  44 variables:
 $ Race.RaceId                      : Factor w/ 285 levels "20160109-06-01-02-11",..: 2 3 3 4 4 5 6 7 9 10 ...
 $ Race.IsPredictedRace             : logi  TRUE TRUE TRUE TRUE TRUE TRUE ...
 $ Race.IsAnalyzeNormalPastAndFuture: logi  TRUE TRUE TRUE TRUE TRUE TRUE ...
 $ Race.IsAnalyzeNormalPast         : logi  TRUE TRUE TRUE TRUE TRUE TRUE ...
 $ Race.IsAnalyzeNormalFuture       : logi  FALSE FALSE FALSE FALSE FALSE FALSE ...
 $ Race.IsAnalyzeFullPastAndFuture  : logi  TRUE TRUE TRUE TRUE TRUE TRUE ...
 $ Race.IsAnalyzeFullPast           : logi  TRUE TRUE TRUE TRUE TRUE TRUE ...
 $ Race.IsAnalyzeFullFuture         : logi  FALSE FALSE FALSE FALSE FALSE FALSE ...
 $ Race.JyokenCd                    : Factor w/ 1 level "1": 1 1 1 1 1 1 1 1 1 1 ...
 $ Race.JyoType1Cd                  : Factor w/ 62 levels "2-06-1800-1-1",..: 2 3 3 4 4 5 6 7 6 8 ...
 $ Race.RaceType1Cd                 : Factor w/ 9 levels "2-1-E-2","2-1-E-1",..: 2 1 1 2 2 3 2 1 2 4 ...
 $ RaceHorse.RaceId                 : Factor w/ 285 levels "20160109-06-01-02-11",..: 2 3 3 4 4 5 6 7 9 10 ...
 $ RaceHorse.KettoNum               : Factor w/ 548 levels "2011104417","2011103957",..: 2 3 4 5 2 6 5 7 5 8 ...
 $ RaceHorse.IsHit1                 : num  0 0 0 0 0 0 1 0 0 0 ...
 $ RaceHorse.IsHit2                 : num  1 0 0 1 0 0 0 1 0 0 ...
 $ RaceHorse.IsHit3                 : num  0 0 0 0 0 0 0 0 0 0 ...
 $ RaceHorse.IsHit4                 : num  0 0 0 0 0 0 0 0 0 1 ...
 $ RaceHorse.IsHit5                 : num  0 0 1 0 0 0 0 0 1 0 ...
 $ RaceHorse.IsHit6                 : num  0 1 0 0 1 1 0 0 0 0 ...
 $ RaceHorse.IsValidRaceHorse       : logi  TRUE TRUE TRUE TRUE TRUE TRUE ...
 $ RaceHorse.TimeSdv                : num  0.918 -0.528 -0.377 1.064 0.516 ...
 $ RaceHorse.IsHitA                 : num  0 0 0 0 0 0 1 0 0 0 ...
 $ RaceHorse.IsHitB                 : num  1 0 0 1 0 0 1 1 0 0 ...
 $ RaceHorse.IsHitC                 : num  1 0 0 1 0 0 1 1 0 0 ...
 $ Gen02.HansyokuNum                : Factor w/ 152 levels "11201964","11201954",..: 2 2 2 2 2 2 2 3 2 2 ...
 $ Gen02.TimeSdvByRaceAvg           : num  1.038 0.159 0.826 1.014 1.132 ...
 $ Gen02.TimeSdvByRaceMin           : num  0.107 -0.853 0.826 0.112 0.107 ...
 $ Gen02.TimeSdvByRaceMax           : num  2.308 1.195 0.826 1.95 2.308 ...
 $ Gen02.TimeSdvAvg                 : num  0.597 0.821 0.679 0.825 0.65 ...
 $ Gen02.TimeSdvMin                 : num  -0.545 0.626 0.679 -0.144 -0.545 ...
 $ Gen02.TimeSdvMax                 : num  1.44 1.131 0.679 1.44 1.44 ...
 $ Gen02.OrderOfFinishSdvAvg        : num  0.911 0.037 0.829 0.949 0.986 ...
 $ Gen02.RunCount                   : num  5 3 1 6 6 2 7 9 8 2 ...
 $ Gen02.HitCount1                  : num  2 0 0 1 2 2 1 2 2 0 ...
 $ Gen02.HitCount2                  : num  0 1 0 2 1 0 3 2 3 0 ...
 $ Gen02.HitCount3                  : num  0 0 0 0 0 0 0 0 0 0 ...
 $ Gen02.HitCount4                  : num  1 0 1 1 1 0 1 2 1 0 ...
 $ Gen02.HitCount5                  : num  0 0 0 0 0 0 0 1 0 0 ...
 $ Gen02.HitRate1                   : num  0.4 0 0 0.167 0.333 ...
 $ Gen02.HitRate2                   : num  0 0.333 0 0.333 0.167 ...
 $ Gen02.HitRate3                   : num  0 0 0 0 0 0 0 0 0 0 ...
 $ Gen02.HitRate4                   : num  0.2 0 1 0.167 0.167 ...
 $ Gen02.HitRate5                   : num  0 0 0 0 0 ...
 $ EOF                              : int  1 1 1 1 1 1 1 1 1 1 ...
 - attr(*, "na.action")= 'omit' Named int  215 831 862 940 1237 1551 1703 1813 1859 1904 ...
  ..- attr(*, "names")= chr  "215" "831" "862" "940" ...
[1] "2022-02-25 20:25:55 --- na.omit Finish ---"
[1] "2022-02-25 20:25:55 --- rxGlm with rxStepControl Start ---"

> print(paste0(Sys.time(), " --- source_logic_glm.R Start ---"))
[1] "2022-02-25 20:25:55 --- source_logic_glm.R Start ---"

> formula <- formula(RaceHorse.IsHitA ~ +1 + Gen02.TimeSdvAvg)

> print(paste0(Sys.time(), " --- source_logic_glm.R Finished ---"))
[1] "2022-02-25 20:25:55 --- source_logic_glm.R Finished ---"
Rows Read: 2792, Total Rows Processed: 2792, Total Chunk Time: Less than .001 seconds 

Starting values (iteration 1) time: 0.658 secs.
Rows Read: 2792, Total Rows Processed: 2792, Total Chunk Time: 0.001 seconds 

Iteration 2 time: 0.013 secs.
Rows Read: 2792, Total Rows Processed: 2792, Total Chunk Time: 0.002 seconds 

Iteration 3 time: 0.005 secs.
Rows Read: 2792, Total Rows Processed: 2792, Total Chunk Time: 0.002 seconds 

Iteration 4 time: 0.006 secs.

Elapsed computation time: 0.707 secs.
Rows Read: 2792, Total Rows Processed: 2792, Total Chunk Time: Less than .001 seconds 

Starting values (iteration 1) time: 0.012 secs.
Rows Read: 2792, Total Rows Processed: 2792, Total Chunk Time: 0.001 seconds 

Iteration 2 time: 0.010 secs.

Elapsed computation time: 0.035 secs.
Rows Read: 2792, Total Rows Processed: 2792, Total Chunk Time: Less than .001 seconds 

Starting values (iteration 1) time: 0.005 secs.
Rows Read: 2792, Total Rows Processed: 2792, Total Chunk Time: Less than .001 seconds 

Iteration 2 time: 0.006 secs.
Rows Read: 2792, Total Rows Processed: 2792, Total Chunk Time: 0.002 seconds 

Iteration 3 time: 0.007 secs.
Rows Read: 2792, Total Rows Processed: 2792, Total Chunk Time: 0.001 seconds 

Iteration 4 time: 0.005 secs.

Elapsed computation time: 0.048 secs.

Elapsed computation time: 0.809 secs.
[1] "--------------------------------------------------------------------------------"
[1] "analyze.results.glm.step="
Logistic Regression Results for: RaceHorse.IsHitA ~ Gen02.TimeSdvAvg
Data: data
Dependent variable(s): RaceHorse.IsHitA
Total independent variables: 2 
Number of valid observations: 2792
Number of missing observations: 0 
 
Coefficients:
                 RaceHorse.IsHitA
(Intercept)                  -2.8
Gen02.TimeSdvAvg              0.4
[1] "analyze.results.glm.step.summary"
Call:
rxLogit(formula = formula, data = data, variableSelection = analyze.results.glm.step.varsel)

Logistic Regression Results for: RaceHorse.IsHitA ~ Gen02.TimeSdvAvg
Data: data
Dependent variable(s): RaceHorse.IsHitA
Total independent variables: 2 
Number of valid observations: 2792
Number of missing observations: 0 
-2*LogLikelihood: 1332.29 (Residual deviance on 2790 degrees of freedom)
 
Coefficients:
                 Estimate Std. Error z value Pr(>|z|)    
(Intercept)       -2.7723     0.0868  -31.95  2.2e-16 ***
Gen02.TimeSdvAvg   0.4312     0.1209    3.57  0.00036 ***
---
Signif. codes:  0 '***' 0.001 '**' 0.01 '*' 0.05 '.' 0.1 ' ' 1

Condition number of final variance-covariance matrix: 1 
Number of iterations: 4
[1] "--------------------------------------------------------------------------------"
[1] "2022-02-25 20:25:58 --- rxGlm with rxStepControl Finish ---"
[1] "2022-02-25 20:25:58 --- rxStepPlot Start ---"
[1] "pdfFilename=pdf_analyze_glm_Gen02_Type21_rxStepPlot.pdf"
[1] "rxStepPlot="
[1] "2022-02-25 20:25:58 --- rxStepPlot Finish ---"
[1] "2022-02-25 20:25:58 --- save.image Start ---"
[1] "save.image"
[1] "rdataFilename=RData_analyze_glm_Gen02_Type21.RData"
[1] "2022-02-25 20:25:58 --- save.image Finish ---"
[1] "2022-02-25 20:25:58 --- final Start ---"
[1] "--------------------------------------------------------------------------------"
[1] "nrow(data) final=2792"
[1] "--------------------------------------------------------------------------------"
[1] "2022-02-25 20:25:58 --- final Finish ---"
[1] "2022-02-25 20:25:58 --- analyze_glm.R Finished ---"
[1] "2022-02-25 20:25:58 --- log Finish ---"
