[1] "2022-03-08 18:55:04 --- D1115_analyze_glm_Horse_IsHitA_Type13 Start ---"
[1] "2022-03-08 18:55:04 --- Log Start ---"
[1] "2022-03-08 18:55:04 --- analyze_glm.R Start ---"
[1] "analyzeVersion=D1115"
[1] "analyzeCategory=analyze"
[1] "analyzeType=Horse"
[1] "analyzeFamily=IsHitA"
[1] "analyzeFunc=glm"
[1] "analyzeTrackTypeCd=1"
[1] "analyzeJyokenCd=3"
[1] "2022-03-08 18:55:04 --- source_function.R Start ---"
[1] "2022-03-08 18:55:04 --- source_function.R Finished ---"

> print(paste0(Sys.time(), " --- source_library.R Start ---"))
[1] "2022-03-08 18:55:04 --- source_library.R Start ---"

> require("RevoScaleR")

> print(paste0(Sys.time(), " --- source_library.R Finished ---"))
[1] "2022-03-08 18:55:04 --- source_library.R Finished ---"
[1] "2022-03-08 18:55:04 --- RxSqlServerData Start ---"
[1] "2022-03-08 18:55:05 --- RxInSqlServer Start ---"
[1] "2022-03-08 18:55:05 --- RxInSqlServer Finish ---"
[1] "2022-03-08 18:55:05 --- rxSetComputeContext Start ---"
[1] "2022-03-08 18:55:05 --- rxSetComputeContext Finish ---"
[1] "2022-03-08 18:55:05 --- RxSqlServerData Start ---"
[1] "sqlQuery=SELECT * FROM ViewAnalyzeD1115analyze01HorseType13"
[1] "2022-03-08 18:55:05 --- RxSqlServerData Finish ---"
[1] "2022-03-08 18:55:05 --- rxGetVarInfo Start ---"
[1] "2022-03-08 18:55:07 --- rxGetVarInfo Finish---"
[1] "2022-03-08 18:55:07 --- rxImport Start ---"
Rows Read: 14900, Total Rows Processed: 14900, Total Chunk Time: 1.310 seconds 
[1] "2022-03-08 18:55:13 --- rxImport Finish ---"
[1] "object.size(data) auto=5.2 Mb"
[1] "--------------------------------------------------------------------------------"
[1] "nrow(data) RxSqlServerData=14900"
[1] "--------------------------------------------------------------------------------"
[1] "str(data)="
'data.frame':	14900 obs. of  48 variables:
 $ Race.RaceId                      : Factor w/ 1192 levels "20161225-06-05-09-07",..: 11 12 13 14 15 16 17 18 19 20 ...
 $ Race.IsAnalyzeNormalPastAndFuture: logi  TRUE TRUE TRUE TRUE TRUE TRUE ...
 $ Race.IsAnalyzeNormalPast         : logi  TRUE TRUE TRUE TRUE TRUE TRUE ...
 $ Race.IsAnalyzeNormalFuture       : logi  FALSE FALSE FALSE FALSE FALSE FALSE ...
 $ Race.IsAnalyzeFullPastAndFuture  : logi  TRUE TRUE TRUE TRUE TRUE TRUE ...
 $ Race.IsAnalyzeFullPast           : logi  TRUE TRUE TRUE TRUE TRUE TRUE ...
 $ Race.IsAnalyzeFullFuture         : logi  FALSE FALSE FALSE FALSE FALSE FALSE ...
 $ Race.JyokenCd                    : Factor w/ 1 level "3": 1 1 1 1 1 1 1 1 1 1 ...
 $ Race.JyoType1Cd                  : Factor w/ 154 levels "17-06-2500-1",..: 11 3 12 13 14 15 16 8 17 18 ...
 $ Race.RaceType1Cd                 : Factor w/ 2 levels "1-3-13","1-3-14": 1 1 1 2 1 2 2 2 1 1 ...
 $ RaceHorse.RaceId                 : Factor w/ 1192 levels "20161225-06-05-09-07",..: 11 12 13 14 15 16 17 18 19 20 ...
 $ RaceHorse.KettoNum               : Factor w/ 3005 levels "2011103794","2012102985",..: 11 12 13 14 15 16 17 18 19 20 ...
 $ RaceHorse.IsHit1                 : num  0 0 1 0 0 0 0 0 0 0 ...
 $ RaceHorse.IsHit2                 : num  1 0 0 0 0 0 0 0 0 0 ...
 $ RaceHorse.IsHit3                 : num  0 0 0 0 0 0 0 0 0 0 ...
 $ RaceHorse.IsHit4                 : num  0 1 0 0 0 0 0 0 1 0 ...
 $ RaceHorse.IsHit5                 : num  0 0 0 0 0 0 0 0 0 0 ...
 $ RaceHorse.IsHit6                 : num  0 0 0 1 1 1 1 1 0 1 ...
 $ RaceHorse.IsValidRaceHorse       : logi  TRUE TRUE TRUE TRUE TRUE TRUE ...
 $ RaceHorse.FinishTimeSdvByRace    : num  1.279 0.85 0.932 0.648 -1.324 ...
 $ RaceHorse.FirstTimeSdvByRace     : num  -0.5633 0.7702 0.5669 0.7138 0.0869 ...
 $ RaceHorse.LastTimeSdvByRace      : num  1.313 -0.219 0.722 0.243 -1.801 ...
 $ RaceHorse.FinishTimeSdv          : num  1.291 0.159 0.575 1.299 0.25 ...
 $ RaceHorse.FirstTimeSdv           : num  0.256 -0.307 -0.666 1.338 -0.522 ...
 $ RaceHorse.LastTimeSdv            : num  0.9921 0.6479 1.3214 0.0949 1.1209 ...
 $ RaceHorse.IsHitA                 : num  0 0 1 0 0 0 0 0 0 0 ...
 $ RaceHorse.IsHitB                 : num  1 0 1 0 0 0 0 0 0 0 ...
 $ RaceHorse.IsHitC                 : num  1 0 1 0 0 0 0 0 0 0 ...
 $ Horse.KettoNum                   : Factor w/ 3005 levels "2011103794","2012102985",..: 11 12 13 14 15 16 17 18 19 20 ...
 $ Horse.FinishTimeSdvByRaceAvg     : num  0.607 0.369 0.71 0.46 0.608 ...
 $ Horse.FirstTimeSdvByRaceAvg      : num  0.0116 -0.381 -0.1545 0.4402 -0.6838 ...
 $ Horse.LastTimeSdvByRaceAvg       : num  0.485 0.546 0.808 0.255 0.846 ...
 $ Horse.FinishTimeSdvAvg           : num  0.712 0.816 0.605 0.414 0.675 ...
 $ Horse.FirstTimeSdvAvg            : num  0.162 0.412 0.239 0.291 0.307 ...
 $ Horse.LastTimeSdvAvg             : num  0.84 0.722 0.604 0.295 0.559 ...
 $ Horse.RealOddsLog1Avg            : num  2.73 3.35 1.56 2.91 3.47 ...
 $ Horse.RunCount                   : num  31 13 17 17 8 10 25 19 30 21 ...
 $ Horse.HitCount1                  : num  3 3 3 3 2 2 1 3 3 2 ...
 $ Horse.HitCount2                  : num  3 0 4 1 0 0 3 0 0 4 ...
 $ Horse.HitCount3                  : num  5 0 2 0 0 0 4 2 2 1 ...
 $ Horse.HitCount4                  : num  4 2 2 4 1 3 1 2 2 2 ...
 $ Horse.HitCount5                  : num  2 0 3 1 0 1 1 0 3 2 ...
 $ Horse.HitRate1                   : num  0.0968 0.2308 0.1765 0.1765 0.25 ...
 $ Horse.HitRate2                   : num  0.0968 0 0.2353 0.0588 0 ...
 $ Horse.HitRate3                   : num  0.161 0 0.118 0 0 ...
 $ Horse.HitRate4                   : num  0.129 0.154 0.118 0.235 0.125 ...
 $ Horse.HitRate5                   : num  0.0645 0 0.1765 0.0588 0 ...
 $ EOF                              : int  1 1 1 1 1 1 1 1 1 1 ...
[1] "2022-03-08 18:55:13 --- RxSqlServerData Finish ---"
[1] "2022-03-08 18:55:13 --- subset Start ---"
[1] "--------------------------------------------------------------------------------"
[1] "nrow(data) subset before=14900"
[1] "nrow(data) subset after =14900"
[1] "nrow(data) subset diff =0"
[1] "--------------------------------------------------------------------------------"
[1] "2022-03-08 18:55:13 --- subset Finish---"
[1] "2022-03-08 18:55:13 --- transform Start ---"
[1] "--------------------------------------------------------------------------------"
[1] "nrow(data) transform before=14900"
[1] "nrow(data) transform after=14900"
[1] "nrow(data) transform diff=0"
[1] "--------------------------------------------------------------------------------"
[1] "str(data)="
'data.frame':	14900 obs. of  48 variables:
 $ Race.RaceId                      : Factor w/ 1192 levels "20161225-06-05-09-07",..: 11 12 13 14 15 16 17 18 19 20 ...
 $ Race.IsAnalyzeNormalPastAndFuture: logi  TRUE TRUE TRUE TRUE TRUE TRUE ...
 $ Race.IsAnalyzeNormalPast         : logi  TRUE TRUE TRUE TRUE TRUE TRUE ...
 $ Race.IsAnalyzeNormalFuture       : logi  FALSE FALSE FALSE FALSE FALSE FALSE ...
 $ Race.IsAnalyzeFullPastAndFuture  : logi  TRUE TRUE TRUE TRUE TRUE TRUE ...
 $ Race.IsAnalyzeFullPast           : logi  TRUE TRUE TRUE TRUE TRUE TRUE ...
 $ Race.IsAnalyzeFullFuture         : logi  FALSE FALSE FALSE FALSE FALSE FALSE ...
 $ Race.JyokenCd                    : Factor w/ 1 level "3": 1 1 1 1 1 1 1 1 1 1 ...
 $ Race.JyoType1Cd                  : Factor w/ 154 levels "17-06-2500-1",..: 11 3 12 13 14 15 16 8 17 18 ...
 $ Race.RaceType1Cd                 : Factor w/ 2 levels "1-3-13","1-3-14": 1 1 1 2 1 2 2 2 1 1 ...
 $ RaceHorse.RaceId                 : Factor w/ 1192 levels "20161225-06-05-09-07",..: 11 12 13 14 15 16 17 18 19 20 ...
 $ RaceHorse.KettoNum               : Factor w/ 3005 levels "2011103794","2012102985",..: 11 12 13 14 15 16 17 18 19 20 ...
 $ RaceHorse.IsHit1                 : num  0 0 1 0 0 0 0 0 0 0 ...
 $ RaceHorse.IsHit2                 : num  1 0 0 0 0 0 0 0 0 0 ...
 $ RaceHorse.IsHit3                 : num  0 0 0 0 0 0 0 0 0 0 ...
 $ RaceHorse.IsHit4                 : num  0 1 0 0 0 0 0 0 1 0 ...
 $ RaceHorse.IsHit5                 : num  0 0 0 0 0 0 0 0 0 0 ...
 $ RaceHorse.IsHit6                 : num  0 0 0 1 1 1 1 1 0 1 ...
 $ RaceHorse.IsValidRaceHorse       : logi  TRUE TRUE TRUE TRUE TRUE TRUE ...
 $ RaceHorse.FinishTimeSdvByRace    : num  1.279 0.85 0.932 0.648 -1.324 ...
 $ RaceHorse.FirstTimeSdvByRace     : num  -0.5633 0.7702 0.5669 0.7138 0.0869 ...
 $ RaceHorse.LastTimeSdvByRace      : num  1.313 -0.219 0.722 0.243 -1.801 ...
 $ RaceHorse.FinishTimeSdv          : num  1.291 0.159 0.575 1.299 0.25 ...
 $ RaceHorse.FirstTimeSdv           : num  0.256 -0.307 -0.666 1.338 -0.522 ...
 $ RaceHorse.LastTimeSdv            : num  0.9921 0.6479 1.3214 0.0949 1.1209 ...
 $ RaceHorse.IsHitA                 : num  0 0 1 0 0 0 0 0 0 0 ...
 $ RaceHorse.IsHitB                 : num  1 0 1 0 0 0 0 0 0 0 ...
 $ RaceHorse.IsHitC                 : num  1 0 1 0 0 0 0 0 0 0 ...
 $ Horse.KettoNum                   : Factor w/ 3005 levels "2011103794","2012102985",..: 11 12 13 14 15 16 17 18 19 20 ...
 $ Horse.FinishTimeSdvByRaceAvg     : num  0.607 0.369 0.71 0.46 0.608 ...
 $ Horse.FirstTimeSdvByRaceAvg      : num  0.0116 -0.381 -0.1545 0.4402 -0.6838 ...
 $ Horse.LastTimeSdvByRaceAvg       : num  0.485 0.546 0.808 0.255 0.846 ...
 $ Horse.FinishTimeSdvAvg           : num  0.712 0.816 0.605 0.414 0.675 ...
 $ Horse.FirstTimeSdvAvg            : num  0.162 0.412 0.239 0.291 0.307 ...
 $ Horse.LastTimeSdvAvg             : num  0.84 0.722 0.604 0.295 0.559 ...
 $ Horse.RealOddsLog1Avg            : num  2.73 3.35 1.56 2.91 3.47 ...
 $ Horse.RunCount                   : num  31 13 17 17 8 10 25 19 30 21 ...
 $ Horse.HitCount1                  : num  3 3 3 3 2 2 1 3 3 2 ...
 $ Horse.HitCount2                  : num  3 0 4 1 0 0 3 0 0 4 ...
 $ Horse.HitCount3                  : num  5 0 2 0 0 0 4 2 2 1 ...
 $ Horse.HitCount4                  : num  4 2 2 4 1 3 1 2 2 2 ...
 $ Horse.HitCount5                  : num  2 0 3 1 0 1 1 0 3 2 ...
 $ Horse.HitRate1                   : num  0.0968 0.2308 0.1765 0.1765 0.25 ...
 $ Horse.HitRate2                   : num  0.0968 0 0.2353 0.0588 0 ...
 $ Horse.HitRate3                   : num  0.161 0 0.118 0 0 ...
 $ Horse.HitRate4                   : num  0.129 0.154 0.118 0.235 0.125 ...
 $ Horse.HitRate5                   : num  0.0645 0 0.1765 0.0588 0 ...
 $ EOF                              : int  1 1 1 1 1 1 1 1 1 1 ...
NULL
[1] "2022-03-08 18:55:13 --- transform Finish ---"
[1] "2022-03-08 18:55:13 --- na.omit Start ---"
[1] "--------------------------------------------------------------------------------"
[1] "nrow(data) na.omit before=14900"
[1] "nrow(data) na.omit after =14828"
[1] "nrow(data) na.omit diff =72"
[1] "--------------------------------------------------------------------------------"
'data.frame':	14828 obs. of  48 variables:
 $ Race.RaceId                      : Factor w/ 1192 levels "20161225-06-05-09-07",..: 11 12 13 14 15 16 17 18 19 20 ...
 $ Race.IsAnalyzeNormalPastAndFuture: logi  TRUE TRUE TRUE TRUE TRUE TRUE ...
 $ Race.IsAnalyzeNormalPast         : logi  TRUE TRUE TRUE TRUE TRUE TRUE ...
 $ Race.IsAnalyzeNormalFuture       : logi  FALSE FALSE FALSE FALSE FALSE FALSE ...
 $ Race.IsAnalyzeFullPastAndFuture  : logi  TRUE TRUE TRUE TRUE TRUE TRUE ...
 $ Race.IsAnalyzeFullPast           : logi  TRUE TRUE TRUE TRUE TRUE TRUE ...
 $ Race.IsAnalyzeFullFuture         : logi  FALSE FALSE FALSE FALSE FALSE FALSE ...
 $ Race.JyokenCd                    : Factor w/ 1 level "3": 1 1 1 1 1 1 1 1 1 1 ...
 $ Race.JyoType1Cd                  : Factor w/ 154 levels "17-06-2500-1",..: 11 3 12 13 14 15 16 8 17 18 ...
 $ Race.RaceType1Cd                 : Factor w/ 2 levels "1-3-13","1-3-14": 1 1 1 2 1 2 2 2 1 1 ...
 $ RaceHorse.RaceId                 : Factor w/ 1192 levels "20161225-06-05-09-07",..: 11 12 13 14 15 16 17 18 19 20 ...
 $ RaceHorse.KettoNum               : Factor w/ 3005 levels "2011103794","2012102985",..: 11 12 13 14 15 16 17 18 19 20 ...
 $ RaceHorse.IsHit1                 : num  0 0 1 0 0 0 0 0 0 0 ...
 $ RaceHorse.IsHit2                 : num  1 0 0 0 0 0 0 0 0 0 ...
 $ RaceHorse.IsHit3                 : num  0 0 0 0 0 0 0 0 0 0 ...
 $ RaceHorse.IsHit4                 : num  0 1 0 0 0 0 0 0 1 0 ...
 $ RaceHorse.IsHit5                 : num  0 0 0 0 0 0 0 0 0 0 ...
 $ RaceHorse.IsHit6                 : num  0 0 0 1 1 1 1 1 0 1 ...
 $ RaceHorse.IsValidRaceHorse       : logi  TRUE TRUE TRUE TRUE TRUE TRUE ...
 $ RaceHorse.FinishTimeSdvByRace    : num  1.279 0.85 0.932 0.648 -1.324 ...
 $ RaceHorse.FirstTimeSdvByRace     : num  -0.5633 0.7702 0.5669 0.7138 0.0869 ...
 $ RaceHorse.LastTimeSdvByRace      : num  1.313 -0.219 0.722 0.243 -1.801 ...
 $ RaceHorse.FinishTimeSdv          : num  1.291 0.159 0.575 1.299 0.25 ...
 $ RaceHorse.FirstTimeSdv           : num  0.256 -0.307 -0.666 1.338 -0.522 ...
 $ RaceHorse.LastTimeSdv            : num  0.9921 0.6479 1.3214 0.0949 1.1209 ...
 $ RaceHorse.IsHitA                 : num  0 0 1 0 0 0 0 0 0 0 ...
 $ RaceHorse.IsHitB                 : num  1 0 1 0 0 0 0 0 0 0 ...
 $ RaceHorse.IsHitC                 : num  1 0 1 0 0 0 0 0 0 0 ...
 $ Horse.KettoNum                   : Factor w/ 3005 levels "2011103794","2012102985",..: 11 12 13 14 15 16 17 18 19 20 ...
 $ Horse.FinishTimeSdvByRaceAvg     : num  0.607 0.369 0.71 0.46 0.608 ...
 $ Horse.FirstTimeSdvByRaceAvg      : num  0.0116 -0.381 -0.1545 0.4402 -0.6838 ...
 $ Horse.LastTimeSdvByRaceAvg       : num  0.485 0.546 0.808 0.255 0.846 ...
 $ Horse.FinishTimeSdvAvg           : num  0.712 0.816 0.605 0.414 0.675 ...
 $ Horse.FirstTimeSdvAvg            : num  0.162 0.412 0.239 0.291 0.307 ...
 $ Horse.LastTimeSdvAvg             : num  0.84 0.722 0.604 0.295 0.559 ...
 $ Horse.RealOddsLog1Avg            : num  2.73 3.35 1.56 2.91 3.47 ...
 $ Horse.RunCount                   : num  31 13 17 17 8 10 25 19 30 21 ...
 $ Horse.HitCount1                  : num  3 3 3 3 2 2 1 3 3 2 ...
 $ Horse.HitCount2                  : num  3 0 4 1 0 0 3 0 0 4 ...
 $ Horse.HitCount3                  : num  5 0 2 0 0 0 4 2 2 1 ...
 $ Horse.HitCount4                  : num  4 2 2 4 1 3 1 2 2 2 ...
 $ Horse.HitCount5                  : num  2 0 3 1 0 1 1 0 3 2 ...
 $ Horse.HitRate1                   : num  0.0968 0.2308 0.1765 0.1765 0.25 ...
 $ Horse.HitRate2                   : num  0.0968 0 0.2353 0.0588 0 ...
 $ Horse.HitRate3                   : num  0.161 0 0.118 0 0 ...
 $ Horse.HitRate4                   : num  0.129 0.154 0.118 0.235 0.125 ...
 $ Horse.HitRate5                   : num  0.0645 0 0.1765 0.0588 0 ...
 $ EOF                              : int  1 1 1 1 1 1 1 1 1 1 ...
 - attr(*, "na.action")= 'omit' Named int  107 163 377 1023 1089 1277 2015 2344 2497 2512 ...
  ..- attr(*, "names")= chr  "107" "163" "377" "1023" ...
[1] "2022-03-08 18:55:14 --- na.omit Finish ---"
[1] "2022-03-08 18:55:14 --- rxLogit with rxStepControl Start ---"

> print(paste0(Sys.time(), " --- source_logic_glm.R Start ---"))
[1] "2022-03-08 18:55:14 --- source_logic_glm.R Start ---"

> formula <- formula(RaceHorse.IsHitA ~ +1 + Horse.FinishTimeSdvByRaceAvg)

> print(paste0(Sys.time(), " --- source_logic_glm.R Finished ---"))
[1] "2022-03-08 18:55:14 --- source_logic_glm.R Finished ---"
Rows Read: 14828, Total Rows Processed: 14828, Total Chunk Time: 0.002 seconds 

Starting values (iteration 1) time: 0.010 secs.
Rows Read: 14828, Total Rows Processed: 14828, Total Chunk Time: 0.002 seconds 

Iteration 2 time: 0.007 secs.
Rows Read: 14828, Total Rows Processed: 14828, Total Chunk Time: 0.002 seconds 

Iteration 3 time: 0.005 secs.
Rows Read: 14828, Total Rows Processed: 14828, Total Chunk Time: 0.002 seconds 

Iteration 4 time: 0.005 secs.
Rows Read: 14828, Total Rows Processed: 14828, Total Chunk Time: 0.002 seconds 

Iteration 5 time: 0.005 secs.

Elapsed computation time: 0.059 secs.
Rows Read: 14828, Total Rows Processed: 14828, Total Chunk Time: Less than .001 seconds 

Starting values (iteration 1) time: 0.008 secs.
Rows Read: 14828, Total Rows Processed: 14828, Total Chunk Time: 0.002 seconds 

Iteration 2 time: 0.007 secs.

Elapsed computation time: 0.029 secs.
Rows Read: 14828, Total Rows Processed: 14828, Total Chunk Time: Less than .001 seconds 

Starting values (iteration 1) time: 0.009 secs.
Rows Read: 14828, Total Rows Processed: 14828, Total Chunk Time: 0.002 seconds 

Iteration 2 time: 0.008 secs.
Rows Read: 14828, Total Rows Processed: 14828, Total Chunk Time: 0.002 seconds 

Iteration 3 time: 0.007 secs.
Rows Read: 14828, Total Rows Processed: 14828, Total Chunk Time: 0.002 seconds 

Iteration 4 time: 0.004 secs.
Rows Read: 14828, Total Rows Processed: 14828, Total Chunk Time: 0.002 seconds 

Iteration 5 time: 0.006 secs.

Elapsed computation time: 0.057 secs.

Elapsed computation time: 0.162 secs.
[1] "--------------------------------------------------------------------------------"
[1] "analyze.results.glm.step="
Logistic Regression Results for: RaceHorse.IsHitA ~
    Horse.FinishTimeSdvByRaceAvg
Data: data
Dependent variable(s): RaceHorse.IsHitA
Total independent variables: 2 
Number of valid observations: 14828
Number of missing observations: 0 
 
Coefficients:
                             RaceHorse.IsHitA
(Intercept)                                -4
Horse.FinishTimeSdvByRaceAvg                2
[1] "analyze.results.glm.step.summary"
Call:
rxLogit(formula = formula, data = data, variableSelection = analyze.results.glm.step.varsel)

Logistic Regression Results for: RaceHorse.IsHitA ~
    Horse.FinishTimeSdvByRaceAvg
Data: data
Dependent variable(s): RaceHorse.IsHitA
Total independent variables: 2 
Number of valid observations: 14828
Number of missing observations: 0 
-2*LogLikelihood: 7688.105 (Residual deviance on 14826 degrees of freedom)
 
Coefficients:
                             Estimate Std. Error z value Pr(>|z|)    
(Intercept)                   -3.8453     0.0759   -50.7  2.2e-16 ***
Horse.FinishTimeSdvByRaceAvg   2.4755     0.1055    23.5  2.2e-16 ***
---
Signif. codes:  0 '***' 0.001 '**' 0.01 '*' 0.05 '.' 0.1 ' ' 1

Condition number of final variance-covariance matrix: 1 
Number of iterations: 5
[1] "--------------------------------------------------------------------------------"
[1] "2022-03-08 18:55:14 --- rxLogit with rxStepControl Finish ---"
[1] "2022-03-08 18:55:14 --- rxStepPlot Start ---"
[1] "pdfFilename=pdf_analyze_glm_Horse_Type13_rxStepPlot.pdf"
[1] "rxStepPlot="
[1] "2022-03-08 18:55:14 --- rxStepPlot Finish ---"
[1] "2022-03-08 18:55:14 --- save.image Start ---"
[1] "save.image"
[1] "rdataFilename=RData_analyze_glm_Horse_Type13.RData"
[1] "2022-03-08 18:55:15 --- save.image Finish ---"
[1] "2022-03-08 18:55:15 --- final Start ---"
[1] "--------------------------------------------------------------------------------"
[1] "nrow(data) final=14828"
[1] "--------------------------------------------------------------------------------"
[1] "2022-03-08 18:55:15 --- final Finish ---"
[1] "2022-03-08 18:55:15 --- analyze_glm.R Finished ---"
[1] "2022-03-08 18:55:15 --- log Finish ---"
