[1] "2022-02-25 20:21:17 --- D1115_analyze_glm_DataMiningTaisen_IsHitA_Type16 Start ---"
[1] "2022-02-25 20:21:17 --- Log Start ---"
[1] "2022-02-25 20:21:17 --- analyze_glm.R Start ---"
[1] "analyzeVersion=D1115"
[1] "analyzeCategory=analyze"
[1] "analyzeType=DataMiningTaisen"
[1] "analyzeFamily=IsHitA"
[1] "analyzeFunc=glm"
[1] "analyzeTrackTypeCd=1"
[1] "analyzeJyokenCd=6"
[1] "2022-02-25 20:21:17 --- source_function.R Start ---"
[1] "2022-02-25 20:21:17 --- source_function.R Finished ---"

> print(paste0(Sys.time(), " --- source_library.R Start ---"))
[1] "2022-02-25 20:21:17 --- source_library.R Start ---"

> require("RevoScaleR")

> print(paste0(Sys.time(), " --- source_library.R Finished ---"))
[1] "2022-02-25 20:21:23 --- source_library.R Finished ---"
[1] "2022-02-25 20:21:23 --- RxSqlServerData Start ---"
[1] "2022-02-25 20:21:23 --- RxInSqlServer Start ---"
[1] "2022-02-25 20:21:23 --- RxInSqlServer Finish ---"
[1] "2022-02-25 20:21:23 --- rxSetComputeContext Start ---"
[1] "2022-02-25 20:21:23 --- rxSetComputeContext Finish ---"
[1] "2022-02-25 20:21:23 --- RxSqlServerData Start ---"
[1] "sqlQuery=SELECT * FROM ViewAnalyzeD1115analyze01DataMiningTaisenType16"
[1] "2022-02-25 20:21:23 --- RxSqlServerData Finish ---"
[1] "2022-02-25 20:21:23 --- rxGetVarInfo Start ---"
[1] "2022-02-25 20:21:23 --- rxGetVarInfo Finish---"
[1] "2022-02-25 20:21:23 --- rxImport Start ---"
Rows Read: 13379, Total Rows Processed: 13379, Total Chunk Time: 0.535 seconds 
[1] "2022-02-25 20:21:26 --- rxImport Finish ---"
[1] "object.size(data) auto=3 Mb"
[1] "--------------------------------------------------------------------------------"
[1] "nrow(data) RxSqlServerData=13379"
[1] "--------------------------------------------------------------------------------"
[1] "str(data)="
'data.frame':	13379 obs. of  26 variables:
 $ Race.RaceId                      : Factor w/ 992 levels "20160117-06-01-06-06",..: 2 2 2 2 2 2 2 2 2 2 ...
 $ Race.IsPredictedRace             : logi  TRUE TRUE TRUE TRUE TRUE TRUE ...
 $ Race.IsAnalyzeNormalPastAndFuture: logi  TRUE TRUE TRUE TRUE TRUE TRUE ...
 $ Race.IsAnalyzeNormalPast         : logi  TRUE TRUE TRUE TRUE TRUE TRUE ...
 $ Race.IsAnalyzeNormalFuture       : logi  FALSE FALSE FALSE FALSE FALSE FALSE ...
 $ Race.IsAnalyzeFullPastAndFuture  : logi  TRUE TRUE TRUE TRUE TRUE TRUE ...
 $ Race.IsAnalyzeFullPast           : logi  TRUE TRUE TRUE TRUE TRUE TRUE ...
 $ Race.IsAnalyzeFullFuture         : logi  FALSE FALSE FALSE FALSE FALSE FALSE ...
 $ Race.JyokenCd                    : Factor w/ 1 level "6": 1 1 1 1 1 1 1 1 1 1 ...
 $ Race.JyoType1Cd                  : Factor w/ 119 levels "1-06-2000-6-1",..: 2 2 2 2 2 2 2 2 2 2 ...
 $ Race.RaceType1Cd                 : Factor w/ 2 levels "1-6-X-2","1-6-X-1": 2 2 2 2 2 2 2 2 2 2 ...
 $ RaceHorse.RaceId                 : Factor w/ 992 levels "20160117-06-01-06-06",..: 2 2 2 2 2 2 2 2 2 2 ...
 $ RaceHorse.KettoNum               : Factor w/ 13359 levels "2013100083","2013100264",..: 11 12 13 14 15 16 17 18 19 20 ...
 $ RaceHorse.IsHit1                 : num  0 0 0 0 0 0 0 0 0 1 ...
 $ RaceHorse.IsHit2                 : num  0 0 0 0 0 0 0 0 0 0 ...
 $ RaceHorse.IsHit3                 : num  0 0 0 0 1 0 0 0 0 0 ...
 $ RaceHorse.IsHit4                 : num  0 0 0 1 0 0 0 0 0 0 ...
 $ RaceHorse.IsHit5                 : num  0 0 0 0 0 0 0 1 0 0 ...
 $ RaceHorse.IsHit6                 : num  1 1 1 0 0 1 1 0 1 0 ...
 $ RaceHorse.IsValidRaceHorse       : logi  TRUE TRUE TRUE TRUE TRUE TRUE ...
 $ RaceHorse.TimeSdv                : num  0.214 1.091 0.477 1.53 1.617 ...
 $ RaceHorse.IsHitA                 : num  0 0 0 0 0 0 0 0 0 1 ...
 $ RaceHorse.IsHitB                 : num  0 0 0 0 0 0 0 0 0 1 ...
 $ RaceHorse.IsHitC                 : num  0 0 0 0 1 0 0 0 0 1 ...
 $ DataMiningTaisen.TmScoreSdv      : num  0.809 -0.969 -1.182 -1.152 -0.281 ...
 $ EOF                              : int  1 1 1 1 1 1 1 1 1 1 ...
[1] "2022-02-25 20:21:26 --- RxSqlServerData Finish ---"
[1] "2022-02-25 20:21:26 --- subset Start ---"
[1] "--------------------------------------------------------------------------------"
[1] "nrow(data) subset before=13379"
[1] "nrow(data) subset after =13379"
[1] "nrow(data) subset diff =0"
[1] "--------------------------------------------------------------------------------"
[1] "2022-02-25 20:21:26 --- subset Finish---"
[1] "2022-02-25 20:21:26 --- transform Start ---"
[1] "--------------------------------------------------------------------------------"
[1] "nrow(data) transform before=13379"
[1] "nrow(data) transform after=13379"
[1] "nrow(data) transform diff=0"
[1] "--------------------------------------------------------------------------------"
[1] "str(data)="
'data.frame':	13379 obs. of  26 variables:
 $ Race.RaceId                      : Factor w/ 992 levels "20160117-06-01-06-06",..: 2 2 2 2 2 2 2 2 2 2 ...
 $ Race.IsPredictedRace             : logi  TRUE TRUE TRUE TRUE TRUE TRUE ...
 $ Race.IsAnalyzeNormalPastAndFuture: logi  TRUE TRUE TRUE TRUE TRUE TRUE ...
 $ Race.IsAnalyzeNormalPast         : logi  TRUE TRUE TRUE TRUE TRUE TRUE ...
 $ Race.IsAnalyzeNormalFuture       : logi  FALSE FALSE FALSE FALSE FALSE FALSE ...
 $ Race.IsAnalyzeFullPastAndFuture  : logi  TRUE TRUE TRUE TRUE TRUE TRUE ...
 $ Race.IsAnalyzeFullPast           : logi  TRUE TRUE TRUE TRUE TRUE TRUE ...
 $ Race.IsAnalyzeFullFuture         : logi  FALSE FALSE FALSE FALSE FALSE FALSE ...
 $ Race.JyokenCd                    : Factor w/ 1 level "6": 1 1 1 1 1 1 1 1 1 1 ...
 $ Race.JyoType1Cd                  : Factor w/ 119 levels "1-06-2000-6-1",..: 2 2 2 2 2 2 2 2 2 2 ...
 $ Race.RaceType1Cd                 : Factor w/ 2 levels "1-6-X-2","1-6-X-1": 2 2 2 2 2 2 2 2 2 2 ...
 $ RaceHorse.RaceId                 : Factor w/ 992 levels "20160117-06-01-06-06",..: 2 2 2 2 2 2 2 2 2 2 ...
 $ RaceHorse.KettoNum               : Factor w/ 13359 levels "2013100083","2013100264",..: 11 12 13 14 15 16 17 18 19 20 ...
 $ RaceHorse.IsHit1                 : num  0 0 0 0 0 0 0 0 0 1 ...
 $ RaceHorse.IsHit2                 : num  0 0 0 0 0 0 0 0 0 0 ...
 $ RaceHorse.IsHit3                 : num  0 0 0 0 1 0 0 0 0 0 ...
 $ RaceHorse.IsHit4                 : num  0 0 0 1 0 0 0 0 0 0 ...
 $ RaceHorse.IsHit5                 : num  0 0 0 0 0 0 0 1 0 0 ...
 $ RaceHorse.IsHit6                 : num  1 1 1 0 0 1 1 0 1 0 ...
 $ RaceHorse.IsValidRaceHorse       : logi  TRUE TRUE TRUE TRUE TRUE TRUE ...
 $ RaceHorse.TimeSdv                : num  0.214 1.091 0.477 1.53 1.617 ...
 $ RaceHorse.IsHitA                 : num  0 0 0 0 0 0 0 0 0 1 ...
 $ RaceHorse.IsHitB                 : num  0 0 0 0 0 0 0 0 0 1 ...
 $ RaceHorse.IsHitC                 : num  0 0 0 0 1 0 0 0 0 1 ...
 $ DataMiningTaisen.TmScoreSdv      : num  0.809 -0.969 -1.182 -1.152 -0.281 ...
 $ EOF                              : int  1 1 1 1 1 1 1 1 1 1 ...
NULL
[1] "2022-02-25 20:21:27 --- transform Finish ---"
[1] "2022-02-25 20:21:27 --- na.omit Start ---"
[1] "--------------------------------------------------------------------------------"
[1] "nrow(data) na.omit before=13379"
[1] "nrow(data) na.omit after =13301"
[1] "nrow(data) na.omit diff =78"
[1] "--------------------------------------------------------------------------------"
'data.frame':	13301 obs. of  26 variables:
 $ Race.RaceId                      : Factor w/ 992 levels "20160117-06-01-06-06",..: 2 2 2 2 2 2 2 2 2 2 ...
 $ Race.IsPredictedRace             : logi  TRUE TRUE TRUE TRUE TRUE TRUE ...
 $ Race.IsAnalyzeNormalPastAndFuture: logi  TRUE TRUE TRUE TRUE TRUE TRUE ...
 $ Race.IsAnalyzeNormalPast         : logi  TRUE TRUE TRUE TRUE TRUE TRUE ...
 $ Race.IsAnalyzeNormalFuture       : logi  FALSE FALSE FALSE FALSE FALSE FALSE ...
 $ Race.IsAnalyzeFullPastAndFuture  : logi  TRUE TRUE TRUE TRUE TRUE TRUE ...
 $ Race.IsAnalyzeFullPast           : logi  TRUE TRUE TRUE TRUE TRUE TRUE ...
 $ Race.IsAnalyzeFullFuture         : logi  FALSE FALSE FALSE FALSE FALSE FALSE ...
 $ Race.JyokenCd                    : Factor w/ 1 level "6": 1 1 1 1 1 1 1 1 1 1 ...
 $ Race.JyoType1Cd                  : Factor w/ 119 levels "1-06-2000-6-1",..: 2 2 2 2 2 2 2 2 2 2 ...
 $ Race.RaceType1Cd                 : Factor w/ 2 levels "1-6-X-2","1-6-X-1": 2 2 2 2 2 2 2 2 2 2 ...
 $ RaceHorse.RaceId                 : Factor w/ 992 levels "20160117-06-01-06-06",..: 2 2 2 2 2 2 2 2 2 2 ...
 $ RaceHorse.KettoNum               : Factor w/ 13359 levels "2013100083","2013100264",..: 11 12 13 14 15 16 17 18 19 20 ...
 $ RaceHorse.IsHit1                 : num  0 0 0 0 0 0 0 0 0 1 ...
 $ RaceHorse.IsHit2                 : num  0 0 0 0 0 0 0 0 0 0 ...
 $ RaceHorse.IsHit3                 : num  0 0 0 0 1 0 0 0 0 0 ...
 $ RaceHorse.IsHit4                 : num  0 0 0 1 0 0 0 0 0 0 ...
 $ RaceHorse.IsHit5                 : num  0 0 0 0 0 0 0 1 0 0 ...
 $ RaceHorse.IsHit6                 : num  1 1 1 0 0 1 1 0 1 0 ...
 $ RaceHorse.IsValidRaceHorse       : logi  TRUE TRUE TRUE TRUE TRUE TRUE ...
 $ RaceHorse.TimeSdv                : num  0.214 1.091 0.477 1.53 1.617 ...
 $ RaceHorse.IsHitA                 : num  0 0 0 0 0 0 0 0 0 1 ...
 $ RaceHorse.IsHitB                 : num  0 0 0 0 0 0 0 0 0 1 ...
 $ RaceHorse.IsHitC                 : num  0 0 0 0 1 0 0 0 0 1 ...
 $ DataMiningTaisen.TmScoreSdv      : num  0.809 -0.969 -1.182 -1.152 -0.281 ...
 $ EOF                              : int  1 1 1 1 1 1 1 1 1 1 ...
 - attr(*, "na.action")= 'omit' Named int  354 375 784 898 1198 1367 1657 1736 2174 2558 ...
  ..- attr(*, "names")= chr  "354" "375" "784" "898" ...
[1] "2022-02-25 20:21:27 --- na.omit Finish ---"
[1] "2022-02-25 20:21:28 --- rxGlm with rxStepControl Start ---"

> print(paste0(Sys.time(), " --- source_logic_glm.R Start ---"))
[1] "2022-02-25 20:21:28 --- source_logic_glm.R Start ---"

> formula <- formula(RaceHorse.IsHitA ~ +1 + DataMiningTaisen.TmScoreSdv)

> print(paste0(Sys.time(), " --- source_logic_glm.R Finished ---"))
[1] "2022-02-25 20:21:28 --- source_logic_glm.R Finished ---"
Rows Read: 13301, Total Rows Processed: 13301, Total Chunk Time: Less than .001 seconds 

Starting values (iteration 1) time: 0.014 secs.
Rows Read: 13301, Total Rows Processed: 13301, Total Chunk Time: 0.001 seconds 

Iteration 2 time: 0.008 secs.
Rows Read: 13301, Total Rows Processed: 13301, Total Chunk Time: 0.001 seconds 

Iteration 3 time: 0.016 secs.
Rows Read: 13301, Total Rows Processed: 13301, Total Chunk Time: 0.001 seconds 

Iteration 4 time: 0.014 secs.
Rows Read: 13301, Total Rows Processed: 13301, Total Chunk Time: 0.001 seconds 

Iteration 5 time: 0.012 secs.

Elapsed computation time: 0.124 secs.
Rows Read: 13301, Total Rows Processed: 13301, Total Chunk Time: 0.001 seconds 

Starting values (iteration 1) time: 0.012 secs.
Rows Read: 13301, Total Rows Processed: 13301, Total Chunk Time: 0.001 seconds 

Iteration 2 time: 0.018 secs.

Elapsed computation time: 0.065 secs.
Rows Read: 13301, Total Rows Processed: 13301, Total Chunk Time: Less than .001 seconds 

Starting values (iteration 1) time: 0.020 secs.
Rows Read: 13301, Total Rows Processed: 13301, Total Chunk Time: Less than .001 seconds 

Iteration 2 time: 0.023 secs.
Rows Read: 13301, Total Rows Processed: 13301, Total Chunk Time: 0.001 seconds 

Iteration 3 time: 0.026 secs.
Rows Read: 13301, Total Rows Processed: 13301, Total Chunk Time: Less than .001 seconds 

Iteration 4 time: 0.011 secs.
Rows Read: 13301, Total Rows Processed: 13301, Total Chunk Time: 0.001 seconds 

Iteration 5 time: 0.022 secs.

Elapsed computation time: 0.160 secs.

Elapsed computation time: 0.392 secs.
[1] "--------------------------------------------------------------------------------"
[1] "analyze.results.glm.step="
Logistic Regression Results for: RaceHorse.IsHitA ~
    DataMiningTaisen.TmScoreSdv
Data: data
Dependent variable(s): RaceHorse.IsHitA
Total independent variables: 2 
Number of valid observations: 13301
Number of missing observations: 0 
 
Coefficients:
                            RaceHorse.IsHitA
(Intercept)                             -2.8
DataMiningTaisen.TmScoreSdv              0.8
[1] "analyze.results.glm.step.summary"
Call:
rxLogit(formula = formula, data = data, variableSelection = analyze.results.glm.step.varsel)

Logistic Regression Results for: RaceHorse.IsHitA ~
    DataMiningTaisen.TmScoreSdv
Data: data
Dependent variable(s): RaceHorse.IsHitA
Total independent variables: 2 
Number of valid observations: 13301
Number of missing observations: 0 
-2*LogLikelihood: 6498.861 (Residual deviance on 13299 degrees of freedom)
 
Coefficients:
                            Estimate Std. Error z value Pr(>|z|)    
(Intercept)                  -2.7845     0.0407   -68.5  2.2e-16 ***
DataMiningTaisen.TmScoreSdv   0.7940     0.0345    23.0  2.2e-16 ***
---
Signif. codes:  0 '***' 0.001 '**' 0.01 '*' 0.05 '.' 0.1 ' ' 1

Condition number of final variance-covariance matrix: 1 
Number of iterations: 5
[1] "--------------------------------------------------------------------------------"
[1] "2022-02-25 20:21:28 --- rxGlm with rxStepControl Finish ---"
[1] "2022-02-25 20:21:28 --- rxStepPlot Start ---"
[1] "pdfFilename=pdf_analyze_glm_DataMiningTaisen_Type16_rxStepPlot.pdf"
[1] "rxStepPlot="
[1] "2022-02-25 20:21:28 --- rxStepPlot Finish ---"
[1] "2022-02-25 20:21:28 --- save.image Start ---"
[1] "save.image"
[1] "rdataFilename=RData_analyze_glm_DataMiningTaisen_Type16.RData"
[1] "2022-02-25 20:21:29 --- save.image Finish ---"
[1] "2022-02-25 20:21:29 --- final Start ---"
[1] "--------------------------------------------------------------------------------"
[1] "nrow(data) final=13301"
[1] "--------------------------------------------------------------------------------"
[1] "2022-02-25 20:21:29 --- final Finish ---"
[1] "2022-02-25 20:21:29 --- analyze_glm.R Finished ---"
[1] "2022-02-25 20:21:29 --- log Finish ---"
