[1] "2022-03-08 19:08:21 --- D1115_analyze_glm_Jockey_IsHitA_Type35 Start ---"
[1] "2022-03-08 19:08:21 --- Log Start ---"
[1] "2022-03-08 19:08:21 --- analyze_glm.R Start ---"
[1] "analyzeVersion=D1115"
[1] "analyzeCategory=analyze"
[1] "analyzeType=Jockey"
[1] "analyzeFamily=IsHitA"
[1] "analyzeFunc=glm"
[1] "analyzeTrackTypeCd=3"
[1] "analyzeJyokenCd=5"
[1] "2022-03-08 19:08:21 --- source_function.R Start ---"
[1] "2022-03-08 19:08:21 --- source_function.R Finished ---"

> print(paste0(Sys.time(), " --- source_library.R Start ---"))
[1] "2022-03-08 19:08:21 --- source_library.R Start ---"

> require("RevoScaleR")

> print(paste0(Sys.time(), " --- source_library.R Finished ---"))
[1] "2022-03-08 19:08:22 --- source_library.R Finished ---"
[1] "2022-03-08 19:08:22 --- RxSqlServerData Start ---"
[1] "2022-03-08 19:08:22 --- RxInSqlServer Start ---"
[1] "2022-03-08 19:08:22 --- RxInSqlServer Finish ---"
[1] "2022-03-08 19:08:22 --- rxSetComputeContext Start ---"
[1] "2022-03-08 19:08:22 --- rxSetComputeContext Finish ---"
[1] "2022-03-08 19:08:22 --- RxSqlServerData Start ---"
[1] "sqlQuery=SELECT * FROM ViewAnalyzeD1115analyze01JockeyType35"
[1] "2022-03-08 19:08:22 --- RxSqlServerData Finish ---"
[1] "2022-03-08 19:08:22 --- rxGetVarInfo Start ---"
[1] "2022-03-08 19:08:23 --- rxGetVarInfo Finish---"
[1] "2022-03-08 19:08:23 --- rxImport Start ---"
Rows Read: 5308, Total Rows Processed: 5308, Total Chunk Time: 45.649 seconds 
[1] "2022-03-08 19:10:45 --- rxImport Finish ---"
[1] "object.size(data) auto=1.8 Mb"
[1] "--------------------------------------------------------------------------------"
[1] "nrow(data) RxSqlServerData=5308"
[1] "--------------------------------------------------------------------------------"
[1] "str(data)="
'data.frame':	5308 obs. of  47 variables:
 $ Race.RaceId                      : Factor w/ 419 levels "20160507-04-01-03-01",..: 1 2 3 4 5 6 7 8 9 10 ...
 $ Race.IsAnalyzeNormalPastAndFuture: logi  TRUE TRUE TRUE TRUE TRUE TRUE ...
 $ Race.IsAnalyzeNormalPast         : logi  TRUE TRUE TRUE TRUE TRUE TRUE ...
 $ Race.IsAnalyzeNormalFuture       : logi  FALSE FALSE FALSE FALSE FALSE FALSE ...
 $ Race.IsAnalyzeFullPastAndFuture  : logi  TRUE TRUE TRUE TRUE TRUE TRUE ...
 $ Race.IsAnalyzeFullPast           : logi  TRUE TRUE TRUE TRUE TRUE TRUE ...
 $ Race.IsAnalyzeFullFuture         : logi  FALSE FALSE FALSE FALSE FALSE FALSE ...
 $ Race.JyokenCd                    : Factor w/ 1 level "5": 1 1 1 1 1 1 1 1 1 1 ...
 $ Race.JyoType1Cd                  : Factor w/ 34 levels "56-04-2890-2",..: 1 2 3 4 5 6 3 7 8 9 ...
 $ Race.RaceType1Cd                 : Factor w/ 2 levels "3-5-19","3-5-18": 1 1 1 1 1 1 2 2 2 1 ...
 $ RaceHorse.RaceId                 : Factor w/ 419 levels "20160507-04-01-03-01",..: 1 2 3 4 5 6 7 8 9 10 ...
 $ RaceHorse.KettoNum               : Factor w/ 1605 levels "2005105204","2008100495",..: 1 2 3 4 5 6 6 5 7 8 ...
 $ RaceHorse.IsHit1                 : num  0 0 1 1 0 0 0 0 0 0 ...
 $ RaceHorse.IsHit2                 : num  0 0 0 0 0 0 0 0 0 0 ...
 $ RaceHorse.IsHit3                 : num  0 0 0 0 0 0 0 0 0 0 ...
 $ RaceHorse.IsHit4                 : num  1 1 0 0 0 0 0 0 0 0 ...
 $ RaceHorse.IsHit5                 : num  0 0 0 0 0 0 0 0 0 0 ...
 $ RaceHorse.IsHit6                 : num  0 0 0 0 1 1 1 1 1 1 ...
 $ RaceHorse.IsValidRaceHorse       : logi  TRUE TRUE TRUE TRUE TRUE TRUE ...
 $ RaceHorse.FinishTimeSdvByRace    : num  0.7 0.634 1.097 0.982 0.175 ...
 $ RaceHorse.FirstTimeSdvByRace     : num  0.7369 0.6348 1.1093 0.9448 0.0116 ...
 $ RaceHorse.LastTimeSdvByRace      : num  0.552 0.629 1.042 1.108 0.655 ...
 $ RaceHorse.FinishTimeSdv          : num  0.262 0.428 0.308 0.279 0.147 ...
 $ RaceHorse.FirstTimeSdv           : num  0.3002 0.4237 0.3034 0.2399 0.0952 ...
 $ RaceHorse.LastTimeSdv            : num  0.108 0.443 0.325 0.417 0.336 ...
 $ RaceHorse.IsHitA                 : num  0 0 1 1 0 0 0 0 0 0 ...
 $ RaceHorse.IsHitB                 : num  0 0 1 1 0 0 0 0 0 0 ...
 $ RaceHorse.IsHitC                 : num  0 0 1 1 0 0 0 0 0 0 ...
 $ Jockey.FinishTimeSdvByRaceAvg    : num  0.277 0.376 0.301 0.263 0.422 ...
 $ Jockey.FirstTimeSdvByRaceAvg     : num  0.278 0.378 0.299 0.264 0.428 ...
 $ Jockey.LastTimeSdvByRaceAvg      : num  0.268 0.361 0.297 0.256 0.391 ...
 $ Jockey.FinishTimeSdvAvg          : num  0.134 0.343 0.285 0.123 0.396 ...
 $ Jockey.FirstTimeSdvAvg           : num  0.137 0.344 0.283 0.125 0.399 ...
 $ Jockey.LastTimeSdvAvg            : num  0.123 0.331 0.286 0.112 0.377 ...
 $ Jockey.RealOddsLog1Avg           : num  2.69 2.81 2.42 2.7 2.41 ...
 $ Jockey.RunCount                  : num  135 86 66 130 80 114 77 84 158 117 ...
 $ Jockey.HitCount1                 : num  17 12 7 15 10 11 5 18 9 15 ...
 $ Jockey.HitCount2                 : num  17 8 11 17 9 7 6 17 16 15 ...
 $ Jockey.HitCount3                 : num  12 10 5 12 11 12 6 11 9 11 ...
 $ Jockey.HitCount4                 : num  8 9 11 7 6 8 4 9 7 5 ...
 $ Jockey.HitCount5                 : num  10 6 1 9 7 7 8 3 12 8 ...
 $ Jockey.HitRate1                  : num  0.126 0.14 0.106 0.115 0.125 ...
 $ Jockey.HitRate2                  : num  0.126 0.093 0.167 0.131 0.112 ...
 $ Jockey.HitRate3                  : num  0.0889 0.1163 0.0758 0.0923 0.1375 ...
 $ Jockey.HitRate4                  : num  0.0593 0.1047 0.1667 0.0538 0.075 ...
 $ Jockey.HitRate5                  : num  0.0741 0.0698 0.0152 0.0692 0.0875 ...
 $ EOF                              : int  1 1 1 1 1 1 1 1 1 1 ...
[1] "2022-03-08 19:10:45 --- RxSqlServerData Finish ---"
[1] "2022-03-08 19:10:45 --- subset Start ---"
[1] "--------------------------------------------------------------------------------"
[1] "nrow(data) subset before=5308"
[1] "nrow(data) subset after =5308"
[1] "nrow(data) subset diff =0"
[1] "--------------------------------------------------------------------------------"
[1] "2022-03-08 19:10:45 --- subset Finish---"
[1] "2022-03-08 19:10:45 --- transform Start ---"
[1] "--------------------------------------------------------------------------------"
[1] "nrow(data) transform before=5308"
[1] "nrow(data) transform after=5308"
[1] "nrow(data) transform diff=0"
[1] "--------------------------------------------------------------------------------"
[1] "str(data)="
'data.frame':	5308 obs. of  47 variables:
 $ Race.RaceId                      : Factor w/ 419 levels "20160507-04-01-03-01",..: 1 2 3 4 5 6 7 8 9 10 ...
 $ Race.IsAnalyzeNormalPastAndFuture: logi  TRUE TRUE TRUE TRUE TRUE TRUE ...
 $ Race.IsAnalyzeNormalPast         : logi  TRUE TRUE TRUE TRUE TRUE TRUE ...
 $ Race.IsAnalyzeNormalFuture       : logi  FALSE FALSE FALSE FALSE FALSE FALSE ...
 $ Race.IsAnalyzeFullPastAndFuture  : logi  TRUE TRUE TRUE TRUE TRUE TRUE ...
 $ Race.IsAnalyzeFullPast           : logi  TRUE TRUE TRUE TRUE TRUE TRUE ...
 $ Race.IsAnalyzeFullFuture         : logi  FALSE FALSE FALSE FALSE FALSE FALSE ...
 $ Race.JyokenCd                    : Factor w/ 1 level "5": 1 1 1 1 1 1 1 1 1 1 ...
 $ Race.JyoType1Cd                  : Factor w/ 34 levels "56-04-2890-2",..: 1 2 3 4 5 6 3 7 8 9 ...
 $ Race.RaceType1Cd                 : Factor w/ 2 levels "3-5-19","3-5-18": 1 1 1 1 1 1 2 2 2 1 ...
 $ RaceHorse.RaceId                 : Factor w/ 419 levels "20160507-04-01-03-01",..: 1 2 3 4 5 6 7 8 9 10 ...
 $ RaceHorse.KettoNum               : Factor w/ 1605 levels "2005105204","2008100495",..: 1 2 3 4 5 6 6 5 7 8 ...
 $ RaceHorse.IsHit1                 : num  0 0 1 1 0 0 0 0 0 0 ...
 $ RaceHorse.IsHit2                 : num  0 0 0 0 0 0 0 0 0 0 ...
 $ RaceHorse.IsHit3                 : num  0 0 0 0 0 0 0 0 0 0 ...
 $ RaceHorse.IsHit4                 : num  1 1 0 0 0 0 0 0 0 0 ...
 $ RaceHorse.IsHit5                 : num  0 0 0 0 0 0 0 0 0 0 ...
 $ RaceHorse.IsHit6                 : num  0 0 0 0 1 1 1 1 1 1 ...
 $ RaceHorse.IsValidRaceHorse       : logi  TRUE TRUE TRUE TRUE TRUE TRUE ...
 $ RaceHorse.FinishTimeSdvByRace    : num  0.7 0.634 1.097 0.982 0.175 ...
 $ RaceHorse.FirstTimeSdvByRace     : num  0.7369 0.6348 1.1093 0.9448 0.0116 ...
 $ RaceHorse.LastTimeSdvByRace      : num  0.552 0.629 1.042 1.108 0.655 ...
 $ RaceHorse.FinishTimeSdv          : num  0.262 0.428 0.308 0.279 0.147 ...
 $ RaceHorse.FirstTimeSdv           : num  0.3002 0.4237 0.3034 0.2399 0.0952 ...
 $ RaceHorse.LastTimeSdv            : num  0.108 0.443 0.325 0.417 0.336 ...
 $ RaceHorse.IsHitA                 : num  0 0 1 1 0 0 0 0 0 0 ...
 $ RaceHorse.IsHitB                 : num  0 0 1 1 0 0 0 0 0 0 ...
 $ RaceHorse.IsHitC                 : num  0 0 1 1 0 0 0 0 0 0 ...
 $ Jockey.FinishTimeSdvByRaceAvg    : num  0.277 0.376 0.301 0.263 0.422 ...
 $ Jockey.FirstTimeSdvByRaceAvg     : num  0.278 0.378 0.299 0.264 0.428 ...
 $ Jockey.LastTimeSdvByRaceAvg      : num  0.268 0.361 0.297 0.256 0.391 ...
 $ Jockey.FinishTimeSdvAvg          : num  0.134 0.343 0.285 0.123 0.396 ...
 $ Jockey.FirstTimeSdvAvg           : num  0.137 0.344 0.283 0.125 0.399 ...
 $ Jockey.LastTimeSdvAvg            : num  0.123 0.331 0.286 0.112 0.377 ...
 $ Jockey.RealOddsLog1Avg           : num  2.69 2.81 2.42 2.7 2.41 ...
 $ Jockey.RunCount                  : num  135 86 66 130 80 114 77 84 158 117 ...
 $ Jockey.HitCount1                 : num  17 12 7 15 10 11 5 18 9 15 ...
 $ Jockey.HitCount2                 : num  17 8 11 17 9 7 6 17 16 15 ...
 $ Jockey.HitCount3                 : num  12 10 5 12 11 12 6 11 9 11 ...
 $ Jockey.HitCount4                 : num  8 9 11 7 6 8 4 9 7 5 ...
 $ Jockey.HitCount5                 : num  10 6 1 9 7 7 8 3 12 8 ...
 $ Jockey.HitRate1                  : num  0.126 0.14 0.106 0.115 0.125 ...
 $ Jockey.HitRate2                  : num  0.126 0.093 0.167 0.131 0.112 ...
 $ Jockey.HitRate3                  : num  0.0889 0.1163 0.0758 0.0923 0.1375 ...
 $ Jockey.HitRate4                  : num  0.0593 0.1047 0.1667 0.0538 0.075 ...
 $ Jockey.HitRate5                  : num  0.0741 0.0698 0.0152 0.0692 0.0875 ...
 $ EOF                              : int  1 1 1 1 1 1 1 1 1 1 ...
NULL
[1] "2022-03-08 19:10:45 --- transform Finish ---"
[1] "2022-03-08 19:10:45 --- na.omit Start ---"
[1] "--------------------------------------------------------------------------------"
[1] "nrow(data) na.omit before=5308"
[1] "nrow(data) na.omit after =5033"
[1] "nrow(data) na.omit diff =275"
[1] "--------------------------------------------------------------------------------"
'data.frame':	5033 obs. of  47 variables:
 $ Race.RaceId                      : Factor w/ 419 levels "20160507-04-01-03-01",..: 1 2 3 4 5 6 7 8 9 10 ...
 $ Race.IsAnalyzeNormalPastAndFuture: logi  TRUE TRUE TRUE TRUE TRUE TRUE ...
 $ Race.IsAnalyzeNormalPast         : logi  TRUE TRUE TRUE TRUE TRUE TRUE ...
 $ Race.IsAnalyzeNormalFuture       : logi  FALSE FALSE FALSE FALSE FALSE FALSE ...
 $ Race.IsAnalyzeFullPastAndFuture  : logi  TRUE TRUE TRUE TRUE TRUE TRUE ...
 $ Race.IsAnalyzeFullPast           : logi  TRUE TRUE TRUE TRUE TRUE TRUE ...
 $ Race.IsAnalyzeFullFuture         : logi  FALSE FALSE FALSE FALSE FALSE FALSE ...
 $ Race.JyokenCd                    : Factor w/ 1 level "5": 1 1 1 1 1 1 1 1 1 1 ...
 $ Race.JyoType1Cd                  : Factor w/ 34 levels "56-04-2890-2",..: 1 2 3 4 5 6 3 7 8 9 ...
 $ Race.RaceType1Cd                 : Factor w/ 2 levels "3-5-19","3-5-18": 1 1 1 1 1 1 2 2 2 1 ...
 $ RaceHorse.RaceId                 : Factor w/ 419 levels "20160507-04-01-03-01",..: 1 2 3 4 5 6 7 8 9 10 ...
 $ RaceHorse.KettoNum               : Factor w/ 1605 levels "2005105204","2008100495",..: 1 2 3 4 5 6 6 5 7 8 ...
 $ RaceHorse.IsHit1                 : num  0 0 1 1 0 0 0 0 0 0 ...
 $ RaceHorse.IsHit2                 : num  0 0 0 0 0 0 0 0 0 0 ...
 $ RaceHorse.IsHit3                 : num  0 0 0 0 0 0 0 0 0 0 ...
 $ RaceHorse.IsHit4                 : num  1 1 0 0 0 0 0 0 0 0 ...
 $ RaceHorse.IsHit5                 : num  0 0 0 0 0 0 0 0 0 0 ...
 $ RaceHorse.IsHit6                 : num  0 0 0 0 1 1 1 1 1 1 ...
 $ RaceHorse.IsValidRaceHorse       : logi  TRUE TRUE TRUE TRUE TRUE TRUE ...
 $ RaceHorse.FinishTimeSdvByRace    : num  0.7 0.634 1.097 0.982 0.175 ...
 $ RaceHorse.FirstTimeSdvByRace     : num  0.7369 0.6348 1.1093 0.9448 0.0116 ...
 $ RaceHorse.LastTimeSdvByRace      : num  0.552 0.629 1.042 1.108 0.655 ...
 $ RaceHorse.FinishTimeSdv          : num  0.262 0.428 0.308 0.279 0.147 ...
 $ RaceHorse.FirstTimeSdv           : num  0.3002 0.4237 0.3034 0.2399 0.0952 ...
 $ RaceHorse.LastTimeSdv            : num  0.108 0.443 0.325 0.417 0.336 ...
 $ RaceHorse.IsHitA                 : num  0 0 1 1 0 0 0 0 0 0 ...
 $ RaceHorse.IsHitB                 : num  0 0 1 1 0 0 0 0 0 0 ...
 $ RaceHorse.IsHitC                 : num  0 0 1 1 0 0 0 0 0 0 ...
 $ Jockey.FinishTimeSdvByRaceAvg    : num  0.277 0.376 0.301 0.263 0.422 ...
 $ Jockey.FirstTimeSdvByRaceAvg     : num  0.278 0.378 0.299 0.264 0.428 ...
 $ Jockey.LastTimeSdvByRaceAvg      : num  0.268 0.361 0.297 0.256 0.391 ...
 $ Jockey.FinishTimeSdvAvg          : num  0.134 0.343 0.285 0.123 0.396 ...
 $ Jockey.FirstTimeSdvAvg           : num  0.137 0.344 0.283 0.125 0.399 ...
 $ Jockey.LastTimeSdvAvg            : num  0.123 0.331 0.286 0.112 0.377 ...
 $ Jockey.RealOddsLog1Avg           : num  2.69 2.81 2.42 2.7 2.41 ...
 $ Jockey.RunCount                  : num  135 86 66 130 80 114 77 84 158 117 ...
 $ Jockey.HitCount1                 : num  17 12 7 15 10 11 5 18 9 15 ...
 $ Jockey.HitCount2                 : num  17 8 11 17 9 7 6 17 16 15 ...
 $ Jockey.HitCount3                 : num  12 10 5 12 11 12 6 11 9 11 ...
 $ Jockey.HitCount4                 : num  8 9 11 7 6 8 4 9 7 5 ...
 $ Jockey.HitCount5                 : num  10 6 1 9 7 7 8 3 12 8 ...
 $ Jockey.HitRate1                  : num  0.126 0.14 0.106 0.115 0.125 ...
 $ Jockey.HitRate2                  : num  0.126 0.093 0.167 0.131 0.112 ...
 $ Jockey.HitRate3                  : num  0.0889 0.1163 0.0758 0.0923 0.1375 ...
 $ Jockey.HitRate4                  : num  0.0593 0.1047 0.1667 0.0538 0.075 ...
 $ Jockey.HitRate5                  : num  0.0741 0.0698 0.0152 0.0692 0.0875 ...
 $ EOF                              : int  1 1 1 1 1 1 1 1 1 1 ...
 - attr(*, "na.action")= 'omit' Named int  56 66 68 86 95 97 101 104 137 169 ...
  ..- attr(*, "names")= chr  "56" "66" "68" "86" ...
[1] "2022-03-08 19:10:46 --- na.omit Finish ---"
[1] "2022-03-08 19:10:46 --- rxLogit with rxStepControl Start ---"

> print(paste0(Sys.time(), " --- source_logic_glm.R Start ---"))
[1] "2022-03-08 19:10:46 --- source_logic_glm.R Start ---"

> formula <- formula(RaceHorse.IsHitA ~ +1 + Jockey.FinishTimeSdvByRaceAvg)

> print(paste0(Sys.time(), " --- source_logic_glm.R Finished ---"))
[1] "2022-03-08 19:10:46 --- source_logic_glm.R Finished ---"
Rows Read: 5033, Total Rows Processed: 5033, Total Chunk Time: 0.001 seconds 

Starting values (iteration 1) time: 0.023 secs.
Rows Read: 5033, Total Rows Processed: 5033, Total Chunk Time: 0.001 seconds 

Iteration 2 time: 0.004 secs.
Rows Read: 5033, Total Rows Processed: 5033, Total Chunk Time: 0.001 seconds 

Iteration 3 time: 0.004 secs.
Rows Read: 5033, Total Rows Processed: 5033, Total Chunk Time: 0.002 seconds 

Iteration 4 time: 0.004 secs.
Rows Read: 5033, Total Rows Processed: 5033, Total Chunk Time: 0.001 seconds 

Iteration 5 time: 0.005 secs.

Elapsed computation time: 0.056 secs.
Rows Read: 5033, Total Rows Processed: 5033, Total Chunk Time: 0.001 seconds 

Starting values (iteration 1) time: 0.005 secs.
Rows Read: 5033, Total Rows Processed: 5033, Total Chunk Time: 0.001 seconds 

Iteration 2 time: 0.004 secs.

Elapsed computation time: 0.018 secs.
Rows Read: 5033, Total Rows Processed: 5033, Total Chunk Time: 0.001 seconds 

Starting values (iteration 1) time: 0.006 secs.
Rows Read: 5033, Total Rows Processed: 5033, Total Chunk Time: 0.001 seconds 

Iteration 2 time: 0.005 secs.
Rows Read: 5033, Total Rows Processed: 5033, Total Chunk Time: 0.001 seconds 

Iteration 3 time: 0.004 secs.
Rows Read: 5033, Total Rows Processed: 5033, Total Chunk Time: Less than .001 seconds 

Iteration 4 time: 0.004 secs.
Rows Read: 5033, Total Rows Processed: 5033, Total Chunk Time: 0.001 seconds 

Iteration 5 time: 0.004 secs.

Elapsed computation time: 0.041 secs.

Elapsed computation time: 0.128 secs.
[1] "--------------------------------------------------------------------------------"
[1] "analyze.results.glm.step="
Logistic Regression Results for: RaceHorse.IsHitA ~
    Jockey.FinishTimeSdvByRaceAvg
Data: data
Dependent variable(s): RaceHorse.IsHitA
Total independent variables: 2 
Number of valid observations: 5033
Number of missing observations: 0 
 
Coefficients:
                              RaceHorse.IsHitA
(Intercept)                                 -3
Jockey.FinishTimeSdvByRaceAvg                3
[1] "analyze.results.glm.step.summary"
Call:
rxLogit(formula = formula, data = data, variableSelection = analyze.results.glm.step.varsel)

Logistic Regression Results for: RaceHorse.IsHitA ~
    Jockey.FinishTimeSdvByRaceAvg
Data: data
Dependent variable(s): RaceHorse.IsHitA
Total independent variables: 2 
Number of valid observations: 5033
Number of missing observations: 0 
-2*LogLikelihood: 2806.58 (Residual deviance on 5031 degrees of freedom)
 
Coefficients:
                              Estimate Std. Error z value Pr(>|z|)    
(Intercept)                    -2.9830     0.0935  -31.91  2.2e-16 ***
Jockey.FinishTimeSdvByRaceAvg   2.6415     0.3085    8.56  2.2e-16 ***
---
Signif. codes:  0 '***' 0.001 '**' 0.01 '*' 0.05 '.' 0.1 ' ' 1

Condition number of final variance-covariance matrix: 1 
Number of iterations: 5
[1] "--------------------------------------------------------------------------------"
[1] "2022-03-08 19:10:46 --- rxLogit with rxStepControl Finish ---"
[1] "2022-03-08 19:10:46 --- rxStepPlot Start ---"
[1] "pdfFilename=pdf_analyze_glm_Jockey_Type35_rxStepPlot.pdf"
[1] "rxStepPlot="
[1] "2022-03-08 19:10:46 --- rxStepPlot Finish ---"
[1] "2022-03-08 19:10:46 --- save.image Start ---"
[1] "save.image"
[1] "rdataFilename=RData_analyze_glm_Jockey_Type35.RData"
[1] "2022-03-08 19:10:46 --- save.image Finish ---"
[1] "2022-03-08 19:10:46 --- final Start ---"
[1] "--------------------------------------------------------------------------------"
[1] "nrow(data) final=5033"
[1] "--------------------------------------------------------------------------------"
[1] "2022-03-08 19:10:46 --- final Finish ---"
[1] "2022-03-08 19:10:46 --- analyze_glm.R Finished ---"
[1] "2022-03-08 19:10:46 --- log Finish ---"
