[1] "2022-03-08 18:37:09 --- D1115_analyze_glm_Gen02_IsHitA_Type11 Start ---"
[1] "2022-03-08 18:37:09 --- Log Start ---"
[1] "2022-03-08 18:37:09 --- analyze_glm.R Start ---"
[1] "analyzeVersion=D1115"
[1] "analyzeCategory=analyze"
[1] "analyzeType=Gen02"
[1] "analyzeFamily=IsHitA"
[1] "analyzeFunc=glm"
[1] "analyzeTrackTypeCd=1"
[1] "analyzeJyokenCd=1"
[1] "2022-03-08 18:37:09 --- source_function.R Start ---"
[1] "2022-03-08 18:37:09 --- source_function.R Finished ---"

> print(paste0(Sys.time(), " --- source_library.R Start ---"))
[1] "2022-03-08 18:37:09 --- source_library.R Start ---"

> require("RevoScaleR")

> print(paste0(Sys.time(), " --- source_library.R Finished ---"))
[1] "2022-03-08 18:37:10 --- source_library.R Finished ---"
[1] "2022-03-08 18:37:10 --- RxSqlServerData Start ---"
[1] "2022-03-08 18:37:10 --- RxInSqlServer Start ---"
[1] "2022-03-08 18:37:10 --- RxInSqlServer Finish ---"
[1] "2022-03-08 18:37:10 --- rxSetComputeContext Start ---"
[1] "2022-03-08 18:37:10 --- rxSetComputeContext Finish ---"
[1] "2022-03-08 18:37:10 --- RxSqlServerData Start ---"
[1] "sqlQuery=SELECT * FROM ViewAnalyzeD1115analyze01Gen02Type11"
[1] "2022-03-08 18:37:10 --- RxSqlServerData Finish ---"
[1] "2022-03-08 18:37:10 --- rxGetVarInfo Start ---"
[1] "2022-03-08 18:37:12 --- rxGetVarInfo Finish---"
[1] "2022-03-08 18:37:12 --- rxImport Start ---"
Rows Read: 9410, Total Rows Processed: 9410, Total Chunk Time: 137.244 seconds 
[1] "2022-03-08 18:43:49 --- rxImport Finish ---"
[1] "object.size(data) auto=3.3 Mb"
[1] "--------------------------------------------------------------------------------"
[1] "nrow(data) RxSqlServerData=9410"
[1] "--------------------------------------------------------------------------------"
[1] "str(data)="
'data.frame':	9410 obs. of  48 variables:
 $ Race.RaceId                      : Factor w/ 920 levels "20201219-09-06-05-11",..: 11 12 13 14 15 16 17 18 19 20 ...
 $ Race.IsAnalyzeNormalPastAndFuture: logi  TRUE TRUE TRUE TRUE TRUE TRUE ...
 $ Race.IsAnalyzeNormalPast         : logi  TRUE TRUE TRUE TRUE TRUE TRUE ...
 $ Race.IsAnalyzeNormalFuture       : logi  FALSE FALSE FALSE FALSE FALSE FALSE ...
 $ Race.IsAnalyzeFullPastAndFuture  : logi  TRUE TRUE TRUE TRUE TRUE TRUE ...
 $ Race.IsAnalyzeFullPast           : logi  TRUE TRUE TRUE TRUE TRUE TRUE ...
 $ Race.IsAnalyzeFullFuture         : logi  FALSE FALSE FALSE FALSE FALSE FALSE ...
 $ Race.JyokenCd                    : Factor w/ 1 level "1": 1 1 1 1 1 1 1 1 1 1 ...
 $ Race.JyoType1Cd                  : Factor w/ 141 levels "17-09-1200-1",..: 11 12 13 14 15 16 17 18 17 19 ...
 $ Race.RaceType1Cd                 : Factor w/ 4 levels "1-1-13","1-1-14",..: 2 1 2 2 1 1 2 2 2 3 ...
 $ RaceHorse.RaceId                 : Factor w/ 920 levels "20201219-09-06-05-11",..: 11 12 13 14 15 16 17 18 19 20 ...
 $ RaceHorse.KettoNum               : Factor w/ 1975 levels "2014103032","2012102361",..: 11 12 13 14 15 16 17 18 19 20 ...
 $ RaceHorse.IsHit1                 : num  0 0 0 0 0 0 0 0 0 0 ...
 $ RaceHorse.IsHit2                 : num  0 0 1 0 0 0 0 0 0 0 ...
 $ RaceHorse.IsHit3                 : num  0 0 0 0 0 0 0 0 0 0 ...
 $ RaceHorse.IsHit4                 : num  0 0 0 0 0 0 0 0 0 0 ...
 $ RaceHorse.IsHit5                 : num  0 0 0 0 1 0 1 0 0 0 ...
 $ RaceHorse.IsHit6                 : num  1 1 0 1 0 1 0 1 1 1 ...
 $ RaceHorse.IsValidRaceHorse       : logi  TRUE TRUE TRUE TRUE TRUE TRUE ...
 $ RaceHorse.FinishTimeSdvByRace    : num  -1.096 -1.799 0.878 -1.485 0.31 ...
 $ RaceHorse.FirstTimeSdvByRace     : num  0.743 0.197 0.294 0.79 0.481 ...
 $ RaceHorse.LastTimeSdvByRace      : num  -1.346 -1.819 0.875 -1.352 0.128 ...
 $ RaceHorse.FinishTimeSdv          : num  -1.385 1.817 0.922 1.331 0.935 ...
 $ RaceHorse.FirstTimeSdv           : num  -0.767 1.902 0.494 1.809 1.158 ...
 $ RaceHorse.LastTimeSdv            : num  -0.8384 0.2127 0.4871 -0.5859 0.0152 ...
 $ RaceHorse.IsHitA                 : num  0 0 0 0 0 0 0 0 0 0 ...
 $ RaceHorse.IsHitB                 : num  0 0 1 0 0 0 0 0 0 0 ...
 $ RaceHorse.IsHitC                 : num  0 0 1 0 0 0 0 0 0 0 ...
 $ Gen02.HansyokuNum                : Factor w/ 1527 levels "12247304","12247391",..: 11 12 13 14 15 16 17 18 19 20 ...
 $ Gen02.FinishTimeSdvByRaceAvg     : num  0.0637 0.5031 0.9844 0.6942 -0.4141 ...
 $ Gen02.FirstTimeSdvByRaceAvg      : num  0.601 -0.529 0.215 0.172 -0.674 ...
 $ Gen02.LastTimeSdvByRaceAvg       : num  -0.151 0.74 1.159 0.499 0.155 ...
 $ Gen02.FinishTimeSdvAvg           : num  0.4077 1.2483 0.00737 1.05258 0.97006 ...
 $ Gen02.FirstTimeSdvAvg            : num  0.629 0.722 -0.3 0.864 0.498 ...
 $ Gen02.LastTimeSdvAvg             : num  -0.199 0.958 0.412 0.457 0.891 ...
 $ Gen02.RealOddsLog1Avg            : num  3.24 3.05 1.85 2.69 2.76 ...
 $ Gen02.RunCount                   : num  6 10 1 11 8 3 2 5 10 1 ...
 $ Gen02.HitCount1                  : num  1 1 0 2 0 0 1 1 2 0 ...
 $ Gen02.HitCount2                  : num  0 2 1 1 0 1 0 0 2 0 ...
 $ Gen02.HitCount3                  : num  0 1 0 1 0 0 0 0 0 0 ...
 $ Gen02.HitCount4                  : num  1 1 0 1 1 1 0 3 0 0 ...
 $ Gen02.HitCount5                  : num  0 0 0 0 0 0 0 1 1 0 ...
 $ Gen02.HitRate1                   : num  0.167 0.1 0 0.182 0 ...
 $ Gen02.HitRate2                   : num  0 0.2 1 0.0909 0 ...
 $ Gen02.HitRate3                   : num  0 0.1 0 0.0909 0 ...
 $ Gen02.HitRate4                   : num  0.1667 0.1 0 0.0909 0.125 ...
 $ Gen02.HitRate5                   : num  0 0 0 0 0 0 0 0.2 0.1 0 ...
 $ EOF                              : int  1 1 1 1 1 1 1 1 1 1 ...
[1] "2022-03-08 18:43:50 --- RxSqlServerData Finish ---"
[1] "2022-03-08 18:43:50 --- subset Start ---"
[1] "--------------------------------------------------------------------------------"
[1] "nrow(data) subset before=9410"
[1] "nrow(data) subset after =9410"
[1] "nrow(data) subset diff =0"
[1] "--------------------------------------------------------------------------------"
[1] "2022-03-08 18:43:50 --- subset Finish---"
[1] "2022-03-08 18:43:50 --- transform Start ---"
[1] "--------------------------------------------------------------------------------"
[1] "nrow(data) transform before=9410"
[1] "nrow(data) transform after=9410"
[1] "nrow(data) transform diff=0"
[1] "--------------------------------------------------------------------------------"
[1] "str(data)="
'data.frame':	9410 obs. of  48 variables:
 $ Race.RaceId                      : Factor w/ 920 levels "20201219-09-06-05-11",..: 11 12 13 14 15 16 17 18 19 20 ...
 $ Race.IsAnalyzeNormalPastAndFuture: logi  TRUE TRUE TRUE TRUE TRUE TRUE ...
 $ Race.IsAnalyzeNormalPast         : logi  TRUE TRUE TRUE TRUE TRUE TRUE ...
 $ Race.IsAnalyzeNormalFuture       : logi  FALSE FALSE FALSE FALSE FALSE FALSE ...
 $ Race.IsAnalyzeFullPastAndFuture  : logi  TRUE TRUE TRUE TRUE TRUE TRUE ...
 $ Race.IsAnalyzeFullPast           : logi  TRUE TRUE TRUE TRUE TRUE TRUE ...
 $ Race.IsAnalyzeFullFuture         : logi  FALSE FALSE FALSE FALSE FALSE FALSE ...
 $ Race.JyokenCd                    : Factor w/ 1 level "1": 1 1 1 1 1 1 1 1 1 1 ...
 $ Race.JyoType1Cd                  : Factor w/ 141 levels "17-09-1200-1",..: 11 12 13 14 15 16 17 18 17 19 ...
 $ Race.RaceType1Cd                 : Factor w/ 4 levels "1-1-13","1-1-14",..: 2 1 2 2 1 1 2 2 2 3 ...
 $ RaceHorse.RaceId                 : Factor w/ 920 levels "20201219-09-06-05-11",..: 11 12 13 14 15 16 17 18 19 20 ...
 $ RaceHorse.KettoNum               : Factor w/ 1975 levels "2014103032","2012102361",..: 11 12 13 14 15 16 17 18 19 20 ...
 $ RaceHorse.IsHit1                 : num  0 0 0 0 0 0 0 0 0 0 ...
 $ RaceHorse.IsHit2                 : num  0 0 1 0 0 0 0 0 0 0 ...
 $ RaceHorse.IsHit3                 : num  0 0 0 0 0 0 0 0 0 0 ...
 $ RaceHorse.IsHit4                 : num  0 0 0 0 0 0 0 0 0 0 ...
 $ RaceHorse.IsHit5                 : num  0 0 0 0 1 0 1 0 0 0 ...
 $ RaceHorse.IsHit6                 : num  1 1 0 1 0 1 0 1 1 1 ...
 $ RaceHorse.IsValidRaceHorse       : logi  TRUE TRUE TRUE TRUE TRUE TRUE ...
 $ RaceHorse.FinishTimeSdvByRace    : num  -1.096 -1.799 0.878 -1.485 0.31 ...
 $ RaceHorse.FirstTimeSdvByRace     : num  0.743 0.197 0.294 0.79 0.481 ...
 $ RaceHorse.LastTimeSdvByRace      : num  -1.346 -1.819 0.875 -1.352 0.128 ...
 $ RaceHorse.FinishTimeSdv          : num  -1.385 1.817 0.922 1.331 0.935 ...
 $ RaceHorse.FirstTimeSdv           : num  -0.767 1.902 0.494 1.809 1.158 ...
 $ RaceHorse.LastTimeSdv            : num  -0.8384 0.2127 0.4871 -0.5859 0.0152 ...
 $ RaceHorse.IsHitA                 : num  0 0 0 0 0 0 0 0 0 0 ...
 $ RaceHorse.IsHitB                 : num  0 0 1 0 0 0 0 0 0 0 ...
 $ RaceHorse.IsHitC                 : num  0 0 1 0 0 0 0 0 0 0 ...
 $ Gen02.HansyokuNum                : Factor w/ 1527 levels "12247304","12247391",..: 11 12 13 14 15 16 17 18 19 20 ...
 $ Gen02.FinishTimeSdvByRaceAvg     : num  0.0637 0.5031 0.9844 0.6942 -0.4141 ...
 $ Gen02.FirstTimeSdvByRaceAvg      : num  0.601 -0.529 0.215 0.172 -0.674 ...
 $ Gen02.LastTimeSdvByRaceAvg       : num  -0.151 0.74 1.159 0.499 0.155 ...
 $ Gen02.FinishTimeSdvAvg           : num  0.4077 1.2483 0.00737 1.05258 0.97006 ...
 $ Gen02.FirstTimeSdvAvg            : num  0.629 0.722 -0.3 0.864 0.498 ...
 $ Gen02.LastTimeSdvAvg             : num  -0.199 0.958 0.412 0.457 0.891 ...
 $ Gen02.RealOddsLog1Avg            : num  3.24 3.05 1.85 2.69 2.76 ...
 $ Gen02.RunCount                   : num  6 10 1 11 8 3 2 5 10 1 ...
 $ Gen02.HitCount1                  : num  1 1 0 2 0 0 1 1 2 0 ...
 $ Gen02.HitCount2                  : num  0 2 1 1 0 1 0 0 2 0 ...
 $ Gen02.HitCount3                  : num  0 1 0 1 0 0 0 0 0 0 ...
 $ Gen02.HitCount4                  : num  1 1 0 1 1 1 0 3 0 0 ...
 $ Gen02.HitCount5                  : num  0 0 0 0 0 0 0 1 1 0 ...
 $ Gen02.HitRate1                   : num  0.167 0.1 0 0.182 0 ...
 $ Gen02.HitRate2                   : num  0 0.2 1 0.0909 0 ...
 $ Gen02.HitRate3                   : num  0 0.1 0 0.0909 0 ...
 $ Gen02.HitRate4                   : num  0.1667 0.1 0 0.0909 0.125 ...
 $ Gen02.HitRate5                   : num  0 0 0 0 0 0 0 0.2 0.1 0 ...
 $ EOF                              : int  1 1 1 1 1 1 1 1 1 1 ...
NULL
[1] "2022-03-08 18:43:50 --- transform Finish ---"
[1] "2022-03-08 18:43:50 --- na.omit Start ---"
[1] "--------------------------------------------------------------------------------"
[1] "nrow(data) na.omit before=9410"
[1] "nrow(data) na.omit after =9354"
[1] "nrow(data) na.omit diff =56"
[1] "--------------------------------------------------------------------------------"
'data.frame':	9354 obs. of  48 variables:
 $ Race.RaceId                      : Factor w/ 920 levels "20201219-09-06-05-11",..: 11 12 13 14 15 16 17 18 19 20 ...
 $ Race.IsAnalyzeNormalPastAndFuture: logi  TRUE TRUE TRUE TRUE TRUE TRUE ...
 $ Race.IsAnalyzeNormalPast         : logi  TRUE TRUE TRUE TRUE TRUE TRUE ...
 $ Race.IsAnalyzeNormalFuture       : logi  FALSE FALSE FALSE FALSE FALSE FALSE ...
 $ Race.IsAnalyzeFullPastAndFuture  : logi  TRUE TRUE TRUE TRUE TRUE TRUE ...
 $ Race.IsAnalyzeFullPast           : logi  TRUE TRUE TRUE TRUE TRUE TRUE ...
 $ Race.IsAnalyzeFullFuture         : logi  FALSE FALSE FALSE FALSE FALSE FALSE ...
 $ Race.JyokenCd                    : Factor w/ 1 level "1": 1 1 1 1 1 1 1 1 1 1 ...
 $ Race.JyoType1Cd                  : Factor w/ 141 levels "17-09-1200-1",..: 11 12 13 14 15 16 17 18 17 19 ...
 $ Race.RaceType1Cd                 : Factor w/ 4 levels "1-1-13","1-1-14",..: 2 1 2 2 1 1 2 2 2 3 ...
 $ RaceHorse.RaceId                 : Factor w/ 920 levels "20201219-09-06-05-11",..: 11 12 13 14 15 16 17 18 19 20 ...
 $ RaceHorse.KettoNum               : Factor w/ 1975 levels "2014103032","2012102361",..: 11 12 13 14 15 16 17 18 19 20 ...
 $ RaceHorse.IsHit1                 : num  0 0 0 0 0 0 0 0 0 0 ...
 $ RaceHorse.IsHit2                 : num  0 0 1 0 0 0 0 0 0 0 ...
 $ RaceHorse.IsHit3                 : num  0 0 0 0 0 0 0 0 0 0 ...
 $ RaceHorse.IsHit4                 : num  0 0 0 0 0 0 0 0 0 0 ...
 $ RaceHorse.IsHit5                 : num  0 0 0 0 1 0 1 0 0 0 ...
 $ RaceHorse.IsHit6                 : num  1 1 0 1 0 1 0 1 1 1 ...
 $ RaceHorse.IsValidRaceHorse       : logi  TRUE TRUE TRUE TRUE TRUE TRUE ...
 $ RaceHorse.FinishTimeSdvByRace    : num  -1.096 -1.799 0.878 -1.485 0.31 ...
 $ RaceHorse.FirstTimeSdvByRace     : num  0.743 0.197 0.294 0.79 0.481 ...
 $ RaceHorse.LastTimeSdvByRace      : num  -1.346 -1.819 0.875 -1.352 0.128 ...
 $ RaceHorse.FinishTimeSdv          : num  -1.385 1.817 0.922 1.331 0.935 ...
 $ RaceHorse.FirstTimeSdv           : num  -0.767 1.902 0.494 1.809 1.158 ...
 $ RaceHorse.LastTimeSdv            : num  -0.8384 0.2127 0.4871 -0.5859 0.0152 ...
 $ RaceHorse.IsHitA                 : num  0 0 0 0 0 0 0 0 0 0 ...
 $ RaceHorse.IsHitB                 : num  0 0 1 0 0 0 0 0 0 0 ...
 $ RaceHorse.IsHitC                 : num  0 0 1 0 0 0 0 0 0 0 ...
 $ Gen02.HansyokuNum                : Factor w/ 1527 levels "12247304","12247391",..: 11 12 13 14 15 16 17 18 19 20 ...
 $ Gen02.FinishTimeSdvByRaceAvg     : num  0.0637 0.5031 0.9844 0.6942 -0.4141 ...
 $ Gen02.FirstTimeSdvByRaceAvg      : num  0.601 -0.529 0.215 0.172 -0.674 ...
 $ Gen02.LastTimeSdvByRaceAvg       : num  -0.151 0.74 1.159 0.499 0.155 ...
 $ Gen02.FinishTimeSdvAvg           : num  0.4077 1.2483 0.00737 1.05258 0.97006 ...
 $ Gen02.FirstTimeSdvAvg            : num  0.629 0.722 -0.3 0.864 0.498 ...
 $ Gen02.LastTimeSdvAvg             : num  -0.199 0.958 0.412 0.457 0.891 ...
 $ Gen02.RealOddsLog1Avg            : num  3.24 3.05 1.85 2.69 2.76 ...
 $ Gen02.RunCount                   : num  6 10 1 11 8 3 2 5 10 1 ...
 $ Gen02.HitCount1                  : num  1 1 0 2 0 0 1 1 2 0 ...
 $ Gen02.HitCount2                  : num  0 2 1 1 0 1 0 0 2 0 ...
 $ Gen02.HitCount3                  : num  0 1 0 1 0 0 0 0 0 0 ...
 $ Gen02.HitCount4                  : num  1 1 0 1 1 1 0 3 0 0 ...
 $ Gen02.HitCount5                  : num  0 0 0 0 0 0 0 1 1 0 ...
 $ Gen02.HitRate1                   : num  0.167 0.1 0 0.182 0 ...
 $ Gen02.HitRate2                   : num  0 0.2 1 0.0909 0 ...
 $ Gen02.HitRate3                   : num  0 0.1 0 0.0909 0 ...
 $ Gen02.HitRate4                   : num  0.1667 0.1 0 0.0909 0.125 ...
 $ Gen02.HitRate5                   : num  0 0 0 0 0 0 0 0.2 0.1 0 ...
 $ EOF                              : int  1 1 1 1 1 1 1 1 1 1 ...
 - attr(*, "na.action")= 'omit' Named int  244 721 981 997 1299 1348 1469 1513 1659 1804 ...
  ..- attr(*, "names")= chr  "244" "721" "981" "997" ...
[1] "2022-03-08 18:43:50 --- na.omit Finish ---"
[1] "2022-03-08 18:43:50 --- rxLogit with rxStepControl Start ---"

> print(paste0(Sys.time(), " --- source_logic_glm.R Start ---"))
[1] "2022-03-08 18:43:50 --- source_logic_glm.R Start ---"

> formula <- formula(RaceHorse.IsHitA ~ +1 + Gen02.FinishTimeSdvByRaceAvg)

> print(paste0(Sys.time(), " --- source_logic_glm.R Finished ---"))
[1] "2022-03-08 18:43:50 --- source_logic_glm.R Finished ---"
Rows Read: 9354, Total Rows Processed: 9354, Total Chunk Time: Less than .001 seconds 

Starting values (iteration 1) time: 0.010 secs.
Rows Read: 9354, Total Rows Processed: 9354, Total Chunk Time: Less than .001 seconds 

Iteration 2 time: 0.007 secs.
Rows Read: 9354, Total Rows Processed: 9354, Total Chunk Time: Less than .001 seconds 

Iteration 3 time: 0.005 secs.
Rows Read: 9354, Total Rows Processed: 9354, Total Chunk Time: Less than .001 seconds 

Iteration 4 time: 0.006 secs.
Rows Read: 9354, Total Rows Processed: 9354, Total Chunk Time: Less than .001 seconds 

Iteration 5 time: 0.005 secs.

Elapsed computation time: 0.053 secs.
Rows Read: 9354, Total Rows Processed: 9354, Total Chunk Time: 0.001 seconds 

Starting values (iteration 1) time: 0.006 secs.
Rows Read: 9354, Total Rows Processed: 9354, Total Chunk Time: 0.002 seconds 

Iteration 2 time: 0.006 secs.

Elapsed computation time: 0.022 secs.
Rows Read: 9354, Total Rows Processed: 9354, Total Chunk Time: Less than .001 seconds 

Starting values (iteration 1) time: 0.006 secs.
Rows Read: 9354, Total Rows Processed: 9354, Total Chunk Time: 0.002 seconds 

Iteration 2 time: 0.007 secs.
Rows Read: 9354, Total Rows Processed: 9354, Total Chunk Time: 0.002 seconds 

Iteration 3 time: 0.004 secs.
Rows Read: 9354, Total Rows Processed: 9354, Total Chunk Time: 0.002 seconds 

Iteration 4 time: 0.005 secs.
Rows Read: 9354, Total Rows Processed: 9354, Total Chunk Time: 0.002 seconds 

Iteration 5 time: 0.005 secs.

Elapsed computation time: 0.052 secs.

Elapsed computation time: 0.142 secs.
[1] "--------------------------------------------------------------------------------"
[1] "analyze.results.glm.step="
Logistic Regression Results for: RaceHorse.IsHitA ~
    Gen02.FinishTimeSdvByRaceAvg
Data: data
Dependent variable(s): RaceHorse.IsHitA
Total independent variables: 2 
Number of valid observations: 9354
Number of missing observations: 0 
 
Coefficients:
                             RaceHorse.IsHitA
(Intercept)                              -3.0
Gen02.FinishTimeSdvByRaceAvg              0.9
[1] "analyze.results.glm.step.summary"
Call:
rxLogit(formula = formula, data = data, variableSelection = analyze.results.glm.step.varsel)

Logistic Regression Results for: RaceHorse.IsHitA ~
    Gen02.FinishTimeSdvByRaceAvg
Data: data
Dependent variable(s): RaceHorse.IsHitA
Total independent variables: 2 
Number of valid observations: 9354
Number of missing observations: 0 
-2*LogLikelihood: 4634.667 (Residual deviance on 9352 degrees of freedom)
 
Coefficients:
                             Estimate Std. Error z value Pr(>|z|)    
(Intercept)                   -2.9598     0.0581   -51.0  2.2e-16 ***
Gen02.FinishTimeSdvByRaceAvg   0.8949     0.0772    11.6  2.2e-16 ***
---
Signif. codes:  0 '***' 0.001 '**' 0.01 '*' 0.05 '.' 0.1 ' ' 1

Condition number of final variance-covariance matrix: 1 
Number of iterations: 5
[1] "--------------------------------------------------------------------------------"
[1] "2022-03-08 18:43:51 --- rxLogit with rxStepControl Finish ---"
[1] "2022-03-08 18:43:51 --- rxStepPlot Start ---"
[1] "pdfFilename=pdf_analyze_glm_Gen02_Type11_rxStepPlot.pdf"
[1] "rxStepPlot="
[1] "2022-03-08 18:43:51 --- rxStepPlot Finish ---"
[1] "2022-03-08 18:43:51 --- save.image Start ---"
[1] "save.image"
[1] "rdataFilename=RData_analyze_glm_Gen02_Type11.RData"
[1] "2022-03-08 18:43:51 --- save.image Finish ---"
[1] "2022-03-08 18:43:51 --- final Start ---"
[1] "--------------------------------------------------------------------------------"
[1] "nrow(data) final=9354"
[1] "--------------------------------------------------------------------------------"
[1] "2022-03-08 18:43:51 --- final Finish ---"
[1] "2022-03-08 18:43:51 --- analyze_glm.R Finished ---"
[1] "2022-03-08 18:43:51 --- log Finish ---"
