[1] "2022-02-25 20:57:32 --- D1115_analyze_glm_Jockey_IsHitA_Type21 Start ---"
[1] "2022-02-25 20:57:32 --- Log Start ---"
[1] "2022-02-25 20:57:32 --- analyze_glm.R Start ---"
[1] "analyzeVersion=D1115"
[1] "analyzeCategory=analyze"
[1] "analyzeType=Jockey"
[1] "analyzeFamily=IsHitA"
[1] "analyzeFunc=glm"
[1] "analyzeTrackTypeCd=2"
[1] "analyzeJyokenCd=1"
[1] "2022-02-25 20:57:32 --- source_function.R Start ---"
[1] "2022-02-25 20:57:32 --- source_function.R Finished ---"

> print(paste0(Sys.time(), " --- source_library.R Start ---"))
[1] "2022-02-25 20:57:32 --- source_library.R Start ---"

> require("RevoScaleR")

> print(paste0(Sys.time(), " --- source_library.R Finished ---"))
[1] "2022-02-25 20:57:33 --- source_library.R Finished ---"
[1] "2022-02-25 20:57:33 --- RxSqlServerData Start ---"
[1] "2022-02-25 20:57:33 --- RxInSqlServer Start ---"
[1] "2022-02-25 20:57:33 --- RxInSqlServer Finish ---"
[1] "2022-02-25 20:57:33 --- rxSetComputeContext Start ---"
[1] "2022-02-25 20:57:33 --- rxSetComputeContext Finish ---"
[1] "2022-02-25 20:57:33 --- RxSqlServerData Start ---"
[1] "sqlQuery=SELECT * FROM ViewAnalyzeD1115analyze01JockeyType21"
[1] "2022-02-25 20:57:33 --- RxSqlServerData Finish ---"
[1] "2022-02-25 20:57:33 --- rxGetVarInfo Start ---"
[1] "2022-02-25 20:57:33 --- rxGetVarInfo Finish---"
[1] "2022-02-25 20:57:33 --- rxImport Start ---"
Rows Read: 4007, Total Rows Processed: 4007, Total Chunk Time: 1.345 seconds 
[1] "2022-02-25 20:57:37 --- rxImport Finish ---"
[1] "object.size(data) auto=1.2 Mb"
[1] "--------------------------------------------------------------------------------"
[1] "nrow(data) RxSqlServerData=4007"
[1] "--------------------------------------------------------------------------------"
[1] "str(data)="
'data.frame':	4007 obs. of  43 variables:
 $ Race.RaceId                      : Factor w/ 299 levels "20160221-05-01-08-11",..: 2 2 2 2 2 2 2 2 2 2 ...
 $ Race.IsPredictedRace             : logi  TRUE TRUE TRUE TRUE TRUE TRUE ...
 $ Race.IsAnalyzeNormalPastAndFuture: logi  TRUE TRUE TRUE TRUE TRUE TRUE ...
 $ Race.IsAnalyzeNormalPast         : logi  TRUE TRUE TRUE TRUE TRUE TRUE ...
 $ Race.IsAnalyzeNormalFuture       : logi  FALSE FALSE FALSE FALSE FALSE FALSE ...
 $ Race.IsAnalyzeFullPastAndFuture  : logi  TRUE TRUE TRUE TRUE TRUE TRUE ...
 $ Race.IsAnalyzeFullPast           : logi  TRUE TRUE TRUE TRUE TRUE TRUE ...
 $ Race.IsAnalyzeFullFuture         : logi  FALSE FALSE FALSE FALSE FALSE FALSE ...
 $ Race.JyokenCd                    : Factor w/ 1 level "1": 1 1 1 1 1 1 1 1 1 1 ...
 $ Race.JyoType1Cd                  : Factor w/ 62 levels "2-05-1600-1-3",..: 2 2 2 2 2 2 2 2 2 2 ...
 $ Race.RaceType1Cd                 : Factor w/ 9 levels "2-1-A-1","2-1-E-1",..: 2 2 2 2 2 2 2 2 2 2 ...
 $ RaceHorse.RaceId                 : Factor w/ 299 levels "20160221-05-01-08-11",..: 2 2 2 2 2 2 2 2 2 2 ...
 $ RaceHorse.KettoNum               : Factor w/ 906 levels "2006102967","2010110127",..: 11 12 13 14 15 16 17 18 19 20 ...
 $ RaceHorse.IsHit1                 : num  1 0 0 0 0 0 0 0 0 0 ...
 $ RaceHorse.IsHit2                 : num  0 0 0 0 0 0 1 0 0 0 ...
 $ RaceHorse.IsHit3                 : num  0 1 0 0 0 0 0 0 0 0 ...
 $ RaceHorse.IsHit4                 : num  0 0 0 0 0 0 0 0 0 1 ...
 $ RaceHorse.IsHit5                 : num  0 0 0 0 0 0 0 0 0 0 ...
 $ RaceHorse.IsHit6                 : num  0 0 1 1 1 1 0 1 1 0 ...
 $ RaceHorse.IsValidRaceHorse       : logi  TRUE TRUE FALSE TRUE TRUE TRUE ...
 $ RaceHorse.TimeSdv                : num  0.577 0.241 -3.683 -1.105 -1.441 ...
 $ RaceHorse.IsHitA                 : num  1 0 0 0 0 0 0 0 0 0 ...
 $ RaceHorse.IsHitB                 : num  1 0 0 0 0 0 1 0 0 0 ...
 $ RaceHorse.IsHitC                 : num  1 1 0 0 0 0 1 0 0 0 ...
 $ Jockey.TimeSdvByRaceAvg          : num  0.4183 0.4988 -0.0034 -0.0148 -0.1082 ...
 $ Jockey.TimeSdvByRaceMin          : num  -2.32 -1.926 -1.01 -1.716 -0.906 ...
 $ Jockey.TimeSdvByRaceMax          : num  2.466 1.849 1.436 1.068 0.837 ...
 $ Jockey.TimeSdvAvg                : num  0.281 0.172 0.16 -0.016 -0.431 ...
 $ Jockey.TimeSdvMin                : num  -1.325 -1.974 -0.535 -1.979 -1.105 ...
 $ Jockey.TimeSdvMax                : num  1.959 1.713 0.808 0.746 0.172 ...
 $ Jockey.OrderOfFinishSdvAvg       : num  0.3895 0.5308 -0.1706 -0.0869 -0.272 ...
 $ Jockey.RunCount                  : num  54 32 5 7 4 29 34 9 32 46 ...
 $ Jockey.HitCount1                 : num  7 6 1 0 0 2 1 1 5 3 ...
 $ Jockey.HitCount2                 : num  10 1 0 0 0 2 3 1 2 6 ...
 $ Jockey.HitCount3                 : num  5 6 0 0 1 0 2 0 3 9 ...
 $ Jockey.HitCount4                 : num  5 1 0 2 0 2 0 1 9 2 ...
 $ Jockey.HitCount5                 : num  2 2 0 0 0 0 1 1 1 3 ...
 $ Jockey.HitRate1                  : num  0.13 0.188 0.2 0 0 ...
 $ Jockey.HitRate2                  : num  0.1852 0.0312 0 0 0 ...
 $ Jockey.HitRate3                  : num  0.0926 0.1875 0 0 0.25 ...
 $ Jockey.HitRate4                  : num  0.0926 0.0312 0 0.2857 0 ...
 $ Jockey.HitRate5                  : num  0.037 0.0625 0 0 0 ...
 $ EOF                              : int  1 1 1 1 1 1 1 1 1 1 ...
[1] "2022-02-25 20:57:37 --- RxSqlServerData Finish ---"
[1] "2022-02-25 20:57:37 --- subset Start ---"
[1] "--------------------------------------------------------------------------------"
[1] "nrow(data) subset before=4007"
[1] "nrow(data) subset after =4007"
[1] "nrow(data) subset diff =0"
[1] "--------------------------------------------------------------------------------"
[1] "2022-02-25 20:57:37 --- subset Finish---"
[1] "2022-02-25 20:57:37 --- transform Start ---"
[1] "--------------------------------------------------------------------------------"
[1] "nrow(data) transform before=4007"
[1] "nrow(data) transform after=4007"
[1] "nrow(data) transform diff=0"
[1] "--------------------------------------------------------------------------------"
[1] "str(data)="
'data.frame':	4007 obs. of  43 variables:
 $ Race.RaceId                      : Factor w/ 299 levels "20160221-05-01-08-11",..: 2 2 2 2 2 2 2 2 2 2 ...
 $ Race.IsPredictedRace             : logi  TRUE TRUE TRUE TRUE TRUE TRUE ...
 $ Race.IsAnalyzeNormalPastAndFuture: logi  TRUE TRUE TRUE TRUE TRUE TRUE ...
 $ Race.IsAnalyzeNormalPast         : logi  TRUE TRUE TRUE TRUE TRUE TRUE ...
 $ Race.IsAnalyzeNormalFuture       : logi  FALSE FALSE FALSE FALSE FALSE FALSE ...
 $ Race.IsAnalyzeFullPastAndFuture  : logi  TRUE TRUE TRUE TRUE TRUE TRUE ...
 $ Race.IsAnalyzeFullPast           : logi  TRUE TRUE TRUE TRUE TRUE TRUE ...
 $ Race.IsAnalyzeFullFuture         : logi  FALSE FALSE FALSE FALSE FALSE FALSE ...
 $ Race.JyokenCd                    : Factor w/ 1 level "1": 1 1 1 1 1 1 1 1 1 1 ...
 $ Race.JyoType1Cd                  : Factor w/ 62 levels "2-05-1600-1-3",..: 2 2 2 2 2 2 2 2 2 2 ...
 $ Race.RaceType1Cd                 : Factor w/ 9 levels "2-1-A-1","2-1-E-1",..: 2 2 2 2 2 2 2 2 2 2 ...
 $ RaceHorse.RaceId                 : Factor w/ 299 levels "20160221-05-01-08-11",..: 2 2 2 2 2 2 2 2 2 2 ...
 $ RaceHorse.KettoNum               : Factor w/ 906 levels "2006102967","2010110127",..: 11 12 13 14 15 16 17 18 19 20 ...
 $ RaceHorse.IsHit1                 : num  1 0 0 0 0 0 0 0 0 0 ...
 $ RaceHorse.IsHit2                 : num  0 0 0 0 0 0 1 0 0 0 ...
 $ RaceHorse.IsHit3                 : num  0 1 0 0 0 0 0 0 0 0 ...
 $ RaceHorse.IsHit4                 : num  0 0 0 0 0 0 0 0 0 1 ...
 $ RaceHorse.IsHit5                 : num  0 0 0 0 0 0 0 0 0 0 ...
 $ RaceHorse.IsHit6                 : num  0 0 1 1 1 1 0 1 1 0 ...
 $ RaceHorse.IsValidRaceHorse       : logi  TRUE TRUE FALSE TRUE TRUE TRUE ...
 $ RaceHorse.TimeSdv                : num  0.577 0.241 -3.683 -1.105 -1.441 ...
 $ RaceHorse.IsHitA                 : num  1 0 0 0 0 0 0 0 0 0 ...
 $ RaceHorse.IsHitB                 : num  1 0 0 0 0 0 1 0 0 0 ...
 $ RaceHorse.IsHitC                 : num  1 1 0 0 0 0 1 0 0 0 ...
 $ Jockey.TimeSdvByRaceAvg          : num  0.4183 0.4988 -0.0034 -0.0148 -0.1082 ...
 $ Jockey.TimeSdvByRaceMin          : num  -2.32 -1.926 -1.01 -1.716 -0.906 ...
 $ Jockey.TimeSdvByRaceMax          : num  2.466 1.849 1.436 1.068 0.837 ...
 $ Jockey.TimeSdvAvg                : num  0.281 0.172 0.16 -0.016 -0.431 ...
 $ Jockey.TimeSdvMin                : num  -1.325 -1.974 -0.535 -1.979 -1.105 ...
 $ Jockey.TimeSdvMax                : num  1.959 1.713 0.808 0.746 0.172 ...
 $ Jockey.OrderOfFinishSdvAvg       : num  0.3895 0.5308 -0.1706 -0.0869 -0.272 ...
 $ Jockey.RunCount                  : num  54 32 5 7 4 29 34 9 32 46 ...
 $ Jockey.HitCount1                 : num  7 6 1 0 0 2 1 1 5 3 ...
 $ Jockey.HitCount2                 : num  10 1 0 0 0 2 3 1 2 6 ...
 $ Jockey.HitCount3                 : num  5 6 0 0 1 0 2 0 3 9 ...
 $ Jockey.HitCount4                 : num  5 1 0 2 0 2 0 1 9 2 ...
 $ Jockey.HitCount5                 : num  2 2 0 0 0 0 1 1 1 3 ...
 $ Jockey.HitRate1                  : num  0.13 0.188 0.2 0 0 ...
 $ Jockey.HitRate2                  : num  0.1852 0.0312 0 0 0 ...
 $ Jockey.HitRate3                  : num  0.0926 0.1875 0 0 0.25 ...
 $ Jockey.HitRate4                  : num  0.0926 0.0312 0 0.2857 0 ...
 $ Jockey.HitRate5                  : num  0.037 0.0625 0 0 0 ...
 $ EOF                              : int  1 1 1 1 1 1 1 1 1 1 ...
NULL
[1] "2022-02-25 20:57:38 --- transform Finish ---"
[1] "2022-02-25 20:57:38 --- na.omit Start ---"
[1] "--------------------------------------------------------------------------------"
[1] "nrow(data) na.omit before=4007"
[1] "nrow(data) na.omit after =3984"
[1] "nrow(data) na.omit diff =23"
[1] "--------------------------------------------------------------------------------"
'data.frame':	3984 obs. of  43 variables:
 $ Race.RaceId                      : Factor w/ 299 levels "20160221-05-01-08-11",..: 2 2 2 2 2 2 2 2 2 2 ...
 $ Race.IsPredictedRace             : logi  TRUE TRUE TRUE TRUE TRUE TRUE ...
 $ Race.IsAnalyzeNormalPastAndFuture: logi  TRUE TRUE TRUE TRUE TRUE TRUE ...
 $ Race.IsAnalyzeNormalPast         : logi  TRUE TRUE TRUE TRUE TRUE TRUE ...
 $ Race.IsAnalyzeNormalFuture       : logi  FALSE FALSE FALSE FALSE FALSE FALSE ...
 $ Race.IsAnalyzeFullPastAndFuture  : logi  TRUE TRUE TRUE TRUE TRUE TRUE ...
 $ Race.IsAnalyzeFullPast           : logi  TRUE TRUE TRUE TRUE TRUE TRUE ...
 $ Race.IsAnalyzeFullFuture         : logi  FALSE FALSE FALSE FALSE FALSE FALSE ...
 $ Race.JyokenCd                    : Factor w/ 1 level "1": 1 1 1 1 1 1 1 1 1 1 ...
 $ Race.JyoType1Cd                  : Factor w/ 62 levels "2-05-1600-1-3",..: 2 2 2 2 2 2 2 2 2 2 ...
 $ Race.RaceType1Cd                 : Factor w/ 9 levels "2-1-A-1","2-1-E-1",..: 2 2 2 2 2 2 2 2 2 2 ...
 $ RaceHorse.RaceId                 : Factor w/ 299 levels "20160221-05-01-08-11",..: 2 2 2 2 2 2 2 2 2 2 ...
 $ RaceHorse.KettoNum               : Factor w/ 906 levels "2006102967","2010110127",..: 11 12 13 14 15 16 17 18 19 20 ...
 $ RaceHorse.IsHit1                 : num  1 0 0 0 0 0 0 0 0 0 ...
 $ RaceHorse.IsHit2                 : num  0 0 0 0 0 0 1 0 0 0 ...
 $ RaceHorse.IsHit3                 : num  0 1 0 0 0 0 0 0 0 0 ...
 $ RaceHorse.IsHit4                 : num  0 0 0 0 0 0 0 0 0 1 ...
 $ RaceHorse.IsHit5                 : num  0 0 0 0 0 0 0 0 0 0 ...
 $ RaceHorse.IsHit6                 : num  0 0 1 1 1 1 0 1 1 0 ...
 $ RaceHorse.IsValidRaceHorse       : logi  TRUE TRUE FALSE TRUE TRUE TRUE ...
 $ RaceHorse.TimeSdv                : num  0.577 0.241 -3.683 -1.105 -1.441 ...
 $ RaceHorse.IsHitA                 : num  1 0 0 0 0 0 0 0 0 0 ...
 $ RaceHorse.IsHitB                 : num  1 0 0 0 0 0 1 0 0 0 ...
 $ RaceHorse.IsHitC                 : num  1 1 0 0 0 0 1 0 0 0 ...
 $ Jockey.TimeSdvByRaceAvg          : num  0.4183 0.4988 -0.0034 -0.0148 -0.1082 ...
 $ Jockey.TimeSdvByRaceMin          : num  -2.32 -1.926 -1.01 -1.716 -0.906 ...
 $ Jockey.TimeSdvByRaceMax          : num  2.466 1.849 1.436 1.068 0.837 ...
 $ Jockey.TimeSdvAvg                : num  0.281 0.172 0.16 -0.016 -0.431 ...
 $ Jockey.TimeSdvMin                : num  -1.325 -1.974 -0.535 -1.979 -1.105 ...
 $ Jockey.TimeSdvMax                : num  1.959 1.713 0.808 0.746 0.172 ...
 $ Jockey.OrderOfFinishSdvAvg       : num  0.3895 0.5308 -0.1706 -0.0869 -0.272 ...
 $ Jockey.RunCount                  : num  54 32 5 7 4 29 34 9 32 46 ...
 $ Jockey.HitCount1                 : num  7 6 1 0 0 2 1 1 5 3 ...
 $ Jockey.HitCount2                 : num  10 1 0 0 0 2 3 1 2 6 ...
 $ Jockey.HitCount3                 : num  5 6 0 0 1 0 2 0 3 9 ...
 $ Jockey.HitCount4                 : num  5 1 0 2 0 2 0 1 9 2 ...
 $ Jockey.HitCount5                 : num  2 2 0 0 0 0 1 1 1 3 ...
 $ Jockey.HitRate1                  : num  0.13 0.188 0.2 0 0 ...
 $ Jockey.HitRate2                  : num  0.1852 0.0312 0 0 0 ...
 $ Jockey.HitRate3                  : num  0.0926 0.1875 0 0 0.25 ...
 $ Jockey.HitRate4                  : num  0.0926 0.0312 0 0.2857 0 ...
 $ Jockey.HitRate5                  : num  0.037 0.0625 0 0 0 ...
 $ EOF                              : int  1 1 1 1 1 1 1 1 1 1 ...
 - attr(*, "na.action")= 'omit' Named int  32 59 105 229 237 964 984 1242 1459 1518 ...
  ..- attr(*, "names")= chr  "32" "59" "105" "229" ...
[1] "2022-02-25 20:57:38 --- na.omit Finish ---"
[1] "2022-02-25 20:57:38 --- rxGlm with rxStepControl Start ---"

> print(paste0(Sys.time(), " --- source_logic_glm.R Start ---"))
[1] "2022-02-25 20:57:38 --- source_logic_glm.R Start ---"

> formula <- formula(RaceHorse.IsHitA ~ +1 + Jockey.TimeSdvAvg)

> print(paste0(Sys.time(), " --- source_logic_glm.R Finished ---"))
[1] "2022-02-25 20:57:38 --- source_logic_glm.R Finished ---"
Rows Read: 3984, Total Rows Processed: 3984, Total Chunk Time: 0.001 seconds 

Starting values (iteration 1) time: 0.010 secs.
Rows Read: 3984, Total Rows Processed: 3984, Total Chunk Time: Less than .001 seconds 

Iteration 2 time: 0.007 secs.
Rows Read: 3984, Total Rows Processed: 3984, Total Chunk Time: 0.001 seconds 

Iteration 3 time: 0.008 secs.
Rows Read: 3984, Total Rows Processed: 3984, Total Chunk Time: 0.001 seconds 

Iteration 4 time: 0.004 secs.

Elapsed computation time: 0.053 secs.
Rows Read: 3984, Total Rows Processed: 3984, Total Chunk Time: 0.001 seconds 

Starting values (iteration 1) time: 0.005 secs.
Rows Read: 3984, Total Rows Processed: 3984, Total Chunk Time: 0.001 seconds 

Iteration 2 time: 0.006 secs.

Elapsed computation time: 0.023 secs.
Rows Read: 3984, Total Rows Processed: 3984, Total Chunk Time: Less than .001 seconds 

Starting values (iteration 1) time: 0.006 secs.
Rows Read: 3984, Total Rows Processed: 3984, Total Chunk Time: 0.001 seconds 

Iteration 2 time: 0.006 secs.
Rows Read: 3984, Total Rows Processed: 3984, Total Chunk Time: Less than .001 seconds 

Iteration 3 time: 0.007 secs.
Rows Read: 3984, Total Rows Processed: 3984, Total Chunk Time: Less than .001 seconds 

Iteration 4 time: 0.006 secs.

Elapsed computation time: 0.048 secs.

Elapsed computation time: 0.145 secs.
[1] "--------------------------------------------------------------------------------"
[1] "analyze.results.glm.step="
Logistic Regression Results for: RaceHorse.IsHitA ~ Jockey.TimeSdvAvg
Data: data
Dependent variable(s): RaceHorse.IsHitA
Total independent variables: 2 
Number of valid observations: 3984
Number of missing observations: 0 
 
Coefficients:
                  RaceHorse.IsHitA
(Intercept)                   -2.6
Jockey.TimeSdvAvg              0.6
[1] "analyze.results.glm.step.summary"
Call:
rxLogit(formula = formula, data = data, variableSelection = analyze.results.glm.step.varsel)

Logistic Regression Results for: RaceHorse.IsHitA ~ Jockey.TimeSdvAvg
Data: data
Dependent variable(s): RaceHorse.IsHitA
Total independent variables: 2 
Number of valid observations: 3984
Number of missing observations: 0 
-2*LogLikelihood: 2040.862 (Residual deviance on 3982 degrees of freedom)
 
Coefficients:
                  Estimate Std. Error z value Pr(>|z|)    
(Intercept)        -2.6113     0.0645  -40.46  2.2e-16 ***
Jockey.TimeSdvAvg   0.5621     0.1394    4.03  5.6e-05 ***
---
Signif. codes:  0 '***' 0.001 '**' 0.01 '*' 0.05 '.' 0.1 ' ' 1

Condition number of final variance-covariance matrix: 1 
Number of iterations: 4
[1] "--------------------------------------------------------------------------------"
[1] "2022-02-25 20:57:39 --- rxGlm with rxStepControl Finish ---"
[1] "2022-02-25 20:57:39 --- rxStepPlot Start ---"
[1] "pdfFilename=pdf_analyze_glm_Jockey_Type21_rxStepPlot.pdf"
[1] "rxStepPlot="
[1] "2022-02-25 20:57:39 --- rxStepPlot Finish ---"
[1] "2022-02-25 20:57:39 --- save.image Start ---"
[1] "save.image"
[1] "rdataFilename=RData_analyze_glm_Jockey_Type21.RData"
[1] "2022-02-25 20:57:39 --- save.image Finish ---"
[1] "2022-02-25 20:57:39 --- final Start ---"
[1] "--------------------------------------------------------------------------------"
[1] "nrow(data) final=3984"
[1] "--------------------------------------------------------------------------------"
[1] "2022-02-25 20:57:39 --- final Finish ---"
[1] "2022-02-25 20:57:39 --- analyze_glm.R Finished ---"
[1] "2022-02-25 20:57:39 --- log Finish ---"
