[1] "2022-02-25 20:21:17 --- D1115_analyze_glm_DataMiningTaisen_IsHitA_Type11 Start ---"
[1] "2022-02-25 20:21:17 --- Log Start ---"
[1] "2022-02-25 20:21:17 --- analyze_glm.R Start ---"
[1] "analyzeVersion=D1115"
[1] "analyzeCategory=analyze"
[1] "analyzeType=DataMiningTaisen"
[1] "analyzeFamily=IsHitA"
[1] "analyzeFunc=glm"
[1] "analyzeTrackTypeCd=1"
[1] "analyzeJyokenCd=1"
[1] "2022-02-25 20:21:17 --- source_function.R Start ---"
[1] "2022-02-25 20:21:17 --- source_function.R Finished ---"

> print(paste0(Sys.time(), " --- source_library.R Start ---"))
[1] "2022-02-25 20:21:17 --- source_library.R Start ---"

> require("RevoScaleR")

> print(paste0(Sys.time(), " --- source_library.R Finished ---"))
[1] "2022-02-25 20:21:23 --- source_library.R Finished ---"
[1] "2022-02-25 20:21:23 --- RxSqlServerData Start ---"
[1] "2022-02-25 20:21:23 --- RxInSqlServer Start ---"
[1] "2022-02-25 20:21:23 --- RxInSqlServer Finish ---"
[1] "2022-02-25 20:21:23 --- rxSetComputeContext Start ---"
[1] "2022-02-25 20:21:23 --- rxSetComputeContext Finish ---"
[1] "2022-02-25 20:21:23 --- RxSqlServerData Start ---"
[1] "sqlQuery=SELECT * FROM ViewAnalyzeD1115analyze01DataMiningTaisenType11"
[1] "2022-02-25 20:21:23 --- RxSqlServerData Finish ---"
[1] "2022-02-25 20:21:23 --- rxGetVarInfo Start ---"
[1] "2022-02-25 20:21:24 --- rxGetVarInfo Finish---"
[1] "2022-02-25 20:21:24 --- rxImport Start ---"
Rows Read: 12852, Total Rows Processed: 12852, Total Chunk Time: 0.652 seconds 
[1] "2022-02-25 20:21:26 --- rxImport Finish ---"
[1] "object.size(data) auto=2.2 Mb"
[1] "--------------------------------------------------------------------------------"
[1] "nrow(data) RxSqlServerData=12852"
[1] "--------------------------------------------------------------------------------"
[1] "str(data)="
'data.frame':	12852 obs. of  26 variables:
 $ Race.RaceId                      : Factor w/ 928 levels "20160423-05-02-01-10",..: 3 3 3 3 3 3 3 3 3 3 ...
 $ Race.IsPredictedRace             : logi  TRUE TRUE TRUE TRUE TRUE TRUE ...
 $ Race.IsAnalyzeNormalPastAndFuture: logi  TRUE TRUE TRUE TRUE TRUE TRUE ...
 $ Race.IsAnalyzeNormalPast         : logi  TRUE TRUE TRUE TRUE TRUE TRUE ...
 $ Race.IsAnalyzeNormalFuture       : logi  FALSE FALSE FALSE FALSE FALSE FALSE ...
 $ Race.IsAnalyzeFullPastAndFuture  : logi  TRUE TRUE TRUE TRUE TRUE TRUE ...
 $ Race.IsAnalyzeFullPast           : logi  TRUE TRUE TRUE TRUE TRUE TRUE ...
 $ Race.IsAnalyzeFullFuture         : logi  FALSE FALSE FALSE FALSE FALSE FALSE ...
 $ Race.JyokenCd                    : Factor w/ 1 level "1": 1 1 1 1 1 1 1 1 1 1 ...
 $ Race.JyoType1Cd                  : Factor w/ 141 levels "1-05-2400-1-1",..: 3 3 3 3 3 3 3 3 3 3 ...
 $ Race.RaceType1Cd                 : Factor w/ 16 levels "1-1-E-3","1-1-E-1",..: 3 3 3 3 3 3 3 3 3 3 ...
 $ RaceHorse.RaceId                 : Factor w/ 928 levels "20160423-05-02-01-10",..: 3 3 3 3 3 3 3 3 3 3 ...
 $ RaceHorse.KettoNum               : Factor w/ 3103 levels "2009102413","2009103847",..: 11 12 13 14 15 16 17 18 19 20 ...
 $ RaceHorse.IsHit1                 : num  0 0 0 0 0 0 0 0 0 0 ...
 $ RaceHorse.IsHit2                 : num  0 0 0 0 0 0 0 0 0 0 ...
 $ RaceHorse.IsHit3                 : num  0 0 0 0 0 0 0 0 0 1 ...
 $ RaceHorse.IsHit4                 : num  0 0 0 0 0 0 0 0 0 0 ...
 $ RaceHorse.IsHit5                 : num  0 0 1 0 0 0 0 0 0 0 ...
 $ RaceHorse.IsHit6                 : num  1 1 0 1 1 1 1 1 1 0 ...
 $ RaceHorse.IsValidRaceHorse       : logi  TRUE TRUE TRUE TRUE TRUE TRUE ...
 $ RaceHorse.TimeSdv                : num  0.773 1.146 1.37 1.146 1.146 ...
 $ RaceHorse.IsHitA                 : num  0 0 0 0 0 0 0 0 0 0 ...
 $ RaceHorse.IsHitB                 : num  0 0 0 0 0 0 0 0 0 0 ...
 $ RaceHorse.IsHitC                 : num  0 0 0 0 0 0 0 0 0 1 ...
 $ DataMiningTaisen.TmScoreSdv      : num  0.0836 0.7283 -1.7216 1.0346 -0.7653 ...
 $ EOF                              : int  1 1 1 1 1 1 1 1 1 1 ...
[1] "2022-02-25 20:21:26 --- RxSqlServerData Finish ---"
[1] "2022-02-25 20:21:26 --- subset Start ---"
[1] "--------------------------------------------------------------------------------"
[1] "nrow(data) subset before=12852"
[1] "nrow(data) subset after =12852"
[1] "nrow(data) subset diff =0"
[1] "--------------------------------------------------------------------------------"
[1] "2022-02-25 20:21:26 --- subset Finish---"
[1] "2022-02-25 20:21:26 --- transform Start ---"
[1] "--------------------------------------------------------------------------------"
[1] "nrow(data) transform before=12852"
[1] "nrow(data) transform after=12852"
[1] "nrow(data) transform diff=0"
[1] "--------------------------------------------------------------------------------"
[1] "str(data)="
'data.frame':	12852 obs. of  26 variables:
 $ Race.RaceId                      : Factor w/ 928 levels "20160423-05-02-01-10",..: 3 3 3 3 3 3 3 3 3 3 ...
 $ Race.IsPredictedRace             : logi  TRUE TRUE TRUE TRUE TRUE TRUE ...
 $ Race.IsAnalyzeNormalPastAndFuture: logi  TRUE TRUE TRUE TRUE TRUE TRUE ...
 $ Race.IsAnalyzeNormalPast         : logi  TRUE TRUE TRUE TRUE TRUE TRUE ...
 $ Race.IsAnalyzeNormalFuture       : logi  FALSE FALSE FALSE FALSE FALSE FALSE ...
 $ Race.IsAnalyzeFullPastAndFuture  : logi  TRUE TRUE TRUE TRUE TRUE TRUE ...
 $ Race.IsAnalyzeFullPast           : logi  TRUE TRUE TRUE TRUE TRUE TRUE ...
 $ Race.IsAnalyzeFullFuture         : logi  FALSE FALSE FALSE FALSE FALSE FALSE ...
 $ Race.JyokenCd                    : Factor w/ 1 level "1": 1 1 1 1 1 1 1 1 1 1 ...
 $ Race.JyoType1Cd                  : Factor w/ 141 levels "1-05-2400-1-1",..: 3 3 3 3 3 3 3 3 3 3 ...
 $ Race.RaceType1Cd                 : Factor w/ 16 levels "1-1-E-3","1-1-E-1",..: 3 3 3 3 3 3 3 3 3 3 ...
 $ RaceHorse.RaceId                 : Factor w/ 928 levels "20160423-05-02-01-10",..: 3 3 3 3 3 3 3 3 3 3 ...
 $ RaceHorse.KettoNum               : Factor w/ 3103 levels "2009102413","2009103847",..: 11 12 13 14 15 16 17 18 19 20 ...
 $ RaceHorse.IsHit1                 : num  0 0 0 0 0 0 0 0 0 0 ...
 $ RaceHorse.IsHit2                 : num  0 0 0 0 0 0 0 0 0 0 ...
 $ RaceHorse.IsHit3                 : num  0 0 0 0 0 0 0 0 0 1 ...
 $ RaceHorse.IsHit4                 : num  0 0 0 0 0 0 0 0 0 0 ...
 $ RaceHorse.IsHit5                 : num  0 0 1 0 0 0 0 0 0 0 ...
 $ RaceHorse.IsHit6                 : num  1 1 0 1 1 1 1 1 1 0 ...
 $ RaceHorse.IsValidRaceHorse       : logi  TRUE TRUE TRUE TRUE TRUE TRUE ...
 $ RaceHorse.TimeSdv                : num  0.773 1.146 1.37 1.146 1.146 ...
 $ RaceHorse.IsHitA                 : num  0 0 0 0 0 0 0 0 0 0 ...
 $ RaceHorse.IsHitB                 : num  0 0 0 0 0 0 0 0 0 0 ...
 $ RaceHorse.IsHitC                 : num  0 0 0 0 0 0 0 0 0 1 ...
 $ DataMiningTaisen.TmScoreSdv      : num  0.0836 0.7283 -1.7216 1.0346 -0.7653 ...
 $ EOF                              : int  1 1 1 1 1 1 1 1 1 1 ...
NULL
[1] "2022-02-25 20:21:27 --- transform Finish ---"
[1] "2022-02-25 20:21:27 --- na.omit Start ---"
[1] "--------------------------------------------------------------------------------"
[1] "nrow(data) na.omit before=12852"
[1] "nrow(data) na.omit after =12781"
[1] "nrow(data) na.omit diff =71"
[1] "--------------------------------------------------------------------------------"
'data.frame':	12781 obs. of  26 variables:
 $ Race.RaceId                      : Factor w/ 928 levels "20160423-05-02-01-10",..: 3 3 3 3 3 3 3 3 3 3 ...
 $ Race.IsPredictedRace             : logi  TRUE TRUE TRUE TRUE TRUE TRUE ...
 $ Race.IsAnalyzeNormalPastAndFuture: logi  TRUE TRUE TRUE TRUE TRUE TRUE ...
 $ Race.IsAnalyzeNormalPast         : logi  TRUE TRUE TRUE TRUE TRUE TRUE ...
 $ Race.IsAnalyzeNormalFuture       : logi  FALSE FALSE FALSE FALSE FALSE FALSE ...
 $ Race.IsAnalyzeFullPastAndFuture  : logi  TRUE TRUE TRUE TRUE TRUE TRUE ...
 $ Race.IsAnalyzeFullPast           : logi  TRUE TRUE TRUE TRUE TRUE TRUE ...
 $ Race.IsAnalyzeFullFuture         : logi  FALSE FALSE FALSE FALSE FALSE FALSE ...
 $ Race.JyokenCd                    : Factor w/ 1 level "1": 1 1 1 1 1 1 1 1 1 1 ...
 $ Race.JyoType1Cd                  : Factor w/ 141 levels "1-05-2400-1-1",..: 3 3 3 3 3 3 3 3 3 3 ...
 $ Race.RaceType1Cd                 : Factor w/ 16 levels "1-1-E-3","1-1-E-1",..: 3 3 3 3 3 3 3 3 3 3 ...
 $ RaceHorse.RaceId                 : Factor w/ 928 levels "20160423-05-02-01-10",..: 3 3 3 3 3 3 3 3 3 3 ...
 $ RaceHorse.KettoNum               : Factor w/ 3103 levels "2009102413","2009103847",..: 11 12 13 14 15 16 17 18 19 20 ...
 $ RaceHorse.IsHit1                 : num  0 0 0 0 0 0 0 0 0 0 ...
 $ RaceHorse.IsHit2                 : num  0 0 0 0 0 0 0 0 0 0 ...
 $ RaceHorse.IsHit3                 : num  0 0 0 0 0 0 0 0 0 1 ...
 $ RaceHorse.IsHit4                 : num  0 0 0 0 0 0 0 0 0 0 ...
 $ RaceHorse.IsHit5                 : num  0 0 1 0 0 0 0 0 0 0 ...
 $ RaceHorse.IsHit6                 : num  1 1 0 1 1 1 1 1 1 0 ...
 $ RaceHorse.IsValidRaceHorse       : logi  TRUE TRUE TRUE TRUE TRUE TRUE ...
 $ RaceHorse.TimeSdv                : num  0.773 1.146 1.37 1.146 1.146 ...
 $ RaceHorse.IsHitA                 : num  0 0 0 0 0 0 0 0 0 0 ...
 $ RaceHorse.IsHitB                 : num  0 0 0 0 0 0 0 0 0 0 ...
 $ RaceHorse.IsHitC                 : num  0 0 0 0 0 0 0 0 0 1 ...
 $ DataMiningTaisen.TmScoreSdv      : num  0.0836 0.7283 -1.7216 1.0346 -0.7653 ...
 $ EOF                              : int  1 1 1 1 1 1 1 1 1 1 ...
 - attr(*, "na.action")= 'omit' Named int  366 455 973 1223 1368 1403 1466 1580 1740 2034 ...
  ..- attr(*, "names")= chr  "366" "455" "973" "1223" ...
[1] "2022-02-25 20:21:27 --- na.omit Finish ---"
[1] "2022-02-25 20:21:27 --- rxGlm with rxStepControl Start ---"

> print(paste0(Sys.time(), " --- source_logic_glm.R Start ---"))
[1] "2022-02-25 20:21:27 --- source_logic_glm.R Start ---"

> formula <- formula(RaceHorse.IsHitA ~ +1 + DataMiningTaisen.TmScoreSdv)

> print(paste0(Sys.time(), " --- source_logic_glm.R Finished ---"))
[1] "2022-02-25 20:21:27 --- source_logic_glm.R Finished ---"
Rows Read: 12781, Total Rows Processed: 12781, Total Chunk Time: 0.002 seconds 

Starting values (iteration 1) time: 0.020 secs.
Rows Read: 12781, Total Rows Processed: 12781, Total Chunk Time: 0.002 seconds 

Iteration 2 time: 0.015 secs.
Rows Read: 12781, Total Rows Processed: 12781, Total Chunk Time: 0.001 seconds 

Iteration 3 time: 0.013 secs.
Rows Read: 12781, Total Rows Processed: 12781, Total Chunk Time: Less than .001 seconds 

Iteration 4 time: 0.029 secs.
Rows Read: 12781, Total Rows Processed: 12781, Total Chunk Time: Less than .001 seconds 

Iteration 5 time: 0.017 secs.

Elapsed computation time: 0.176 secs.
Rows Read: 12781, Total Rows Processed: 12781, Total Chunk Time: Less than .001 seconds 

Starting values (iteration 1) time: 0.011 secs.
Rows Read: 12781, Total Rows Processed: 12781, Total Chunk Time: 0.002 seconds 

Iteration 2 time: 0.019 secs.

Elapsed computation time: 0.054 secs.
Rows Read: 12781, Total Rows Processed: 12781, Total Chunk Time: Less than .001 seconds 

Starting values (iteration 1) time: 0.011 secs.
Rows Read: 12781, Total Rows Processed: 12781, Total Chunk Time: 0.002 seconds 

Iteration 2 time: 0.010 secs.
Rows Read: 12781, Total Rows Processed: 12781, Total Chunk Time: 0.002 seconds 

Iteration 3 time: 0.016 secs.
Rows Read: 12781, Total Rows Processed: 12781, Total Chunk Time: 0.002 seconds 

Iteration 4 time: 0.020 secs.
Rows Read: 12781, Total Rows Processed: 12781, Total Chunk Time: 0.002 seconds 

Iteration 5 time: 0.020 secs.

Elapsed computation time: 0.146 secs.

Elapsed computation time: 0.419 secs.
[1] "--------------------------------------------------------------------------------"
[1] "analyze.results.glm.step="
Logistic Regression Results for: RaceHorse.IsHitA ~
    DataMiningTaisen.TmScoreSdv
Data: data
Dependent variable(s): RaceHorse.IsHitA
Total independent variables: 2 
Number of valid observations: 12781
Number of missing observations: 0 
 
Coefficients:
                            RaceHorse.IsHitA
(Intercept)                               -3
DataMiningTaisen.TmScoreSdv                1
[1] "analyze.results.glm.step.summary"
Call:
rxLogit(formula = formula, data = data, variableSelection = analyze.results.glm.step.varsel)

Logistic Regression Results for: RaceHorse.IsHitA ~
    DataMiningTaisen.TmScoreSdv
Data: data
Dependent variable(s): RaceHorse.IsHitA
Total independent variables: 2 
Number of valid observations: 12781
Number of missing observations: 0 
-2*LogLikelihood: 6065.491 (Residual deviance on 12779 degrees of freedom)
 
Coefficients:
                            Estimate Std. Error z value Pr(>|z|)    
(Intercept)                  -2.9013     0.0459   -63.3  2.2e-16 ***
DataMiningTaisen.TmScoreSdv   0.9625     0.0440    21.9  2.2e-16 ***
---
Signif. codes:  0 '***' 0.001 '**' 0.01 '*' 0.05 '.' 0.1 ' ' 1

Condition number of final variance-covariance matrix: 1 
Number of iterations: 5
[1] "--------------------------------------------------------------------------------"
[1] "2022-02-25 20:21:28 --- rxGlm with rxStepControl Finish ---"
[1] "2022-02-25 20:21:28 --- rxStepPlot Start ---"
[1] "pdfFilename=pdf_analyze_glm_DataMiningTaisen_Type11_rxStepPlot.pdf"
[1] "rxStepPlot="
[1] "2022-02-25 20:21:28 --- rxStepPlot Finish ---"
[1] "2022-02-25 20:21:28 --- save.image Start ---"
[1] "save.image"
[1] "rdataFilename=RData_analyze_glm_DataMiningTaisen_Type11.RData"
[1] "2022-02-25 20:21:28 --- save.image Finish ---"
[1] "2022-02-25 20:21:28 --- final Start ---"
[1] "--------------------------------------------------------------------------------"
[1] "nrow(data) final=12781"
[1] "--------------------------------------------------------------------------------"
[1] "2022-02-25 20:21:29 --- final Finish ---"
[1] "2022-02-25 20:21:29 --- analyze_glm.R Finished ---"
[1] "2022-02-25 20:21:29 --- log Finish ---"
