[1] "2022-02-25 20:21:17 --- D1115_analyze_glm_DataMiningTaisen_IsHitA_Type14 Start ---"
[1] "2022-02-25 20:21:17 --- Log Start ---"
[1] "2022-02-25 20:21:17 --- analyze_glm.R Start ---"
[1] "analyzeVersion=D1115"
[1] "analyzeCategory=analyze"
[1] "analyzeType=DataMiningTaisen"
[1] "analyzeFamily=IsHitA"
[1] "analyzeFunc=glm"
[1] "analyzeTrackTypeCd=1"
[1] "analyzeJyokenCd=4"
[1] "2022-02-25 20:21:17 --- source_function.R Start ---"
[1] "2022-02-25 20:21:17 --- source_function.R Finished ---"

> print(paste0(Sys.time(), " --- source_library.R Start ---"))
[1] "2022-02-25 20:21:17 --- source_library.R Start ---"

> require("RevoScaleR")

> print(paste0(Sys.time(), " --- source_library.R Finished ---"))
[1] "2022-02-25 20:21:23 --- source_library.R Finished ---"
[1] "2022-02-25 20:21:23 --- RxSqlServerData Start ---"
[1] "2022-02-25 20:21:23 --- RxInSqlServer Start ---"
[1] "2022-02-25 20:21:23 --- RxInSqlServer Finish ---"
[1] "2022-02-25 20:21:23 --- rxSetComputeContext Start ---"
[1] "2022-02-25 20:21:23 --- rxSetComputeContext Finish ---"
[1] "2022-02-25 20:21:23 --- RxSqlServerData Start ---"
[1] "sqlQuery=SELECT * FROM ViewAnalyzeD1115analyze01DataMiningTaisenType14"
[1] "2022-02-25 20:21:23 --- RxSqlServerData Finish ---"
[1] "2022-02-25 20:21:23 --- rxGetVarInfo Start ---"
[1] "2022-02-25 20:21:24 --- rxGetVarInfo Finish---"
[1] "2022-02-25 20:21:24 --- rxImport Start ---"
Rows Read: 30570, Total Rows Processed: 30570, Total Chunk Time: 0.674 seconds 
[1] "2022-02-25 20:21:26 --- rxImport Finish ---"
[1] "object.size(data) auto=5.2 Mb"
[1] "--------------------------------------------------------------------------------"
[1] "nrow(data) RxSqlServerData=30570"
[1] "--------------------------------------------------------------------------------"
[1] "str(data)="
'data.frame':	30570 obs. of  26 variables:
 $ Race.RaceId                      : Factor w/ 2247 levels "20160116-07-01-01-09",..: 2 2 2 2 2 2 2 2 2 3 ...
 $ Race.IsPredictedRace             : logi  TRUE TRUE TRUE TRUE TRUE TRUE ...
 $ Race.IsAnalyzeNormalPastAndFuture: logi  TRUE TRUE TRUE TRUE TRUE TRUE ...
 $ Race.IsAnalyzeNormalPast         : logi  TRUE TRUE TRUE TRUE TRUE TRUE ...
 $ Race.IsAnalyzeNormalFuture       : logi  FALSE FALSE FALSE FALSE FALSE FALSE ...
 $ Race.IsAnalyzeFullPastAndFuture  : logi  TRUE TRUE TRUE TRUE TRUE TRUE ...
 $ Race.IsAnalyzeFullPast           : logi  TRUE TRUE TRUE TRUE TRUE TRUE ...
 $ Race.IsAnalyzeFullFuture         : logi  FALSE FALSE FALSE FALSE FALSE FALSE ...
 $ Race.JyokenCd                    : Factor w/ 1 level "4": 1 1 1 1 1 1 1 1 1 1 ...
 $ Race.JyoType1Cd                  : Factor w/ 177 levels "1-07-2000-4-1",..: 2 2 2 2 2 2 2 2 2 3 ...
 $ Race.RaceType1Cd                 : Factor w/ 6 levels "1-4-X-2","1-4-X-1",..: 2 2 2 2 2 2 2 2 2 1 ...
 $ RaceHorse.RaceId                 : Factor w/ 2247 levels "20160116-07-01-01-09",..: 2 2 2 2 2 2 2 2 2 3 ...
 $ RaceHorse.KettoNum               : Factor w/ 6943 levels "2010100155","2010103833",..: 11 12 13 14 15 16 17 18 19 20 ...
 $ RaceHorse.IsHit1                 : num  0 0 0 0 0 1 0 0 0 0 ...
 $ RaceHorse.IsHit2                 : num  1 0 0 0 0 0 0 0 0 0 ...
 $ RaceHorse.IsHit3                 : num  0 1 0 0 0 0 0 0 0 0 ...
 $ RaceHorse.IsHit4                 : num  0 0 0 0 1 0 0 0 0 0 ...
 $ RaceHorse.IsHit5                 : num  0 0 0 0 0 0 0 0 1 0 ...
 $ RaceHorse.IsHit6                 : num  0 0 1 1 0 0 0 1 0 1 ...
 $ RaceHorse.IsValidRaceHorse       : logi  TRUE TRUE TRUE TRUE TRUE TRUE ...
 $ RaceHorse.TimeSdv                : num  0.2575 0.0639 -0.2266 -0.4203 -0.033 ...
 $ RaceHorse.IsHitA                 : num  0 0 0 0 0 1 0 0 0 0 ...
 $ RaceHorse.IsHitB                 : num  1 0 0 0 0 1 0 0 0 0 ...
 $ RaceHorse.IsHitC                 : num  1 1 0 0 0 1 0 0 0 0 ...
 $ DataMiningTaisen.TmScoreSdv      : num  0.5432 0.0939 0.709 -2.0671 0.8321 ...
 $ EOF                              : int  1 1 1 1 1 1 1 1 1 1 ...
[1] "2022-02-25 20:21:26 --- RxSqlServerData Finish ---"
[1] "2022-02-25 20:21:26 --- subset Start ---"
[1] "--------------------------------------------------------------------------------"
[1] "nrow(data) subset before=30570"
[1] "nrow(data) subset after =30570"
[1] "nrow(data) subset diff =0"
[1] "--------------------------------------------------------------------------------"
[1] "2022-02-25 20:21:27 --- subset Finish---"
[1] "2022-02-25 20:21:27 --- transform Start ---"
[1] "--------------------------------------------------------------------------------"
[1] "nrow(data) transform before=30570"
[1] "nrow(data) transform after=30570"
[1] "nrow(data) transform diff=0"
[1] "--------------------------------------------------------------------------------"
[1] "str(data)="
'data.frame':	30570 obs. of  26 variables:
 $ Race.RaceId                      : Factor w/ 2247 levels "20160116-07-01-01-09",..: 2 2 2 2 2 2 2 2 2 3 ...
 $ Race.IsPredictedRace             : logi  TRUE TRUE TRUE TRUE TRUE TRUE ...
 $ Race.IsAnalyzeNormalPastAndFuture: logi  TRUE TRUE TRUE TRUE TRUE TRUE ...
 $ Race.IsAnalyzeNormalPast         : logi  TRUE TRUE TRUE TRUE TRUE TRUE ...
 $ Race.IsAnalyzeNormalFuture       : logi  FALSE FALSE FALSE FALSE FALSE FALSE ...
 $ Race.IsAnalyzeFullPastAndFuture  : logi  TRUE TRUE TRUE TRUE TRUE TRUE ...
 $ Race.IsAnalyzeFullPast           : logi  TRUE TRUE TRUE TRUE TRUE TRUE ...
 $ Race.IsAnalyzeFullFuture         : logi  FALSE FALSE FALSE FALSE FALSE FALSE ...
 $ Race.JyokenCd                    : Factor w/ 1 level "4": 1 1 1 1 1 1 1 1 1 1 ...
 $ Race.JyoType1Cd                  : Factor w/ 177 levels "1-07-2000-4-1",..: 2 2 2 2 2 2 2 2 2 3 ...
 $ Race.RaceType1Cd                 : Factor w/ 6 levels "1-4-X-2","1-4-X-1",..: 2 2 2 2 2 2 2 2 2 1 ...
 $ RaceHorse.RaceId                 : Factor w/ 2247 levels "20160116-07-01-01-09",..: 2 2 2 2 2 2 2 2 2 3 ...
 $ RaceHorse.KettoNum               : Factor w/ 6943 levels "2010100155","2010103833",..: 11 12 13 14 15 16 17 18 19 20 ...
 $ RaceHorse.IsHit1                 : num  0 0 0 0 0 1 0 0 0 0 ...
 $ RaceHorse.IsHit2                 : num  1 0 0 0 0 0 0 0 0 0 ...
 $ RaceHorse.IsHit3                 : num  0 1 0 0 0 0 0 0 0 0 ...
 $ RaceHorse.IsHit4                 : num  0 0 0 0 1 0 0 0 0 0 ...
 $ RaceHorse.IsHit5                 : num  0 0 0 0 0 0 0 0 1 0 ...
 $ RaceHorse.IsHit6                 : num  0 0 1 1 0 0 0 1 0 1 ...
 $ RaceHorse.IsValidRaceHorse       : logi  TRUE TRUE TRUE TRUE TRUE TRUE ...
 $ RaceHorse.TimeSdv                : num  0.2575 0.0639 -0.2266 -0.4203 -0.033 ...
 $ RaceHorse.IsHitA                 : num  0 0 0 0 0 1 0 0 0 0 ...
 $ RaceHorse.IsHitB                 : num  1 0 0 0 0 1 0 0 0 0 ...
 $ RaceHorse.IsHitC                 : num  1 1 0 0 0 1 0 0 0 0 ...
 $ DataMiningTaisen.TmScoreSdv      : num  0.5432 0.0939 0.709 -2.0671 0.8321 ...
 $ EOF                              : int  1 1 1 1 1 1 1 1 1 1 ...
NULL
[1] "2022-02-25 20:21:27 --- transform Finish ---"
[1] "2022-02-25 20:21:27 --- na.omit Start ---"
[1] "--------------------------------------------------------------------------------"
[1] "nrow(data) na.omit before=30570"
[1] "nrow(data) na.omit after =30406"
[1] "nrow(data) na.omit diff =164"
[1] "--------------------------------------------------------------------------------"
'data.frame':	30406 obs. of  26 variables:
 $ Race.RaceId                      : Factor w/ 2247 levels "20160116-07-01-01-09",..: 2 2 2 2 2 2 2 2 3 3 ...
 $ Race.IsPredictedRace             : logi  TRUE TRUE TRUE TRUE TRUE TRUE ...
 $ Race.IsAnalyzeNormalPastAndFuture: logi  TRUE TRUE TRUE TRUE TRUE TRUE ...
 $ Race.IsAnalyzeNormalPast         : logi  TRUE TRUE TRUE TRUE TRUE TRUE ...
 $ Race.IsAnalyzeNormalFuture       : logi  FALSE FALSE FALSE FALSE FALSE FALSE ...
 $ Race.IsAnalyzeFullPastAndFuture  : logi  TRUE TRUE TRUE TRUE TRUE TRUE ...
 $ Race.IsAnalyzeFullPast           : logi  TRUE TRUE TRUE TRUE TRUE TRUE ...
 $ Race.IsAnalyzeFullFuture         : logi  FALSE FALSE FALSE FALSE FALSE FALSE ...
 $ Race.JyokenCd                    : Factor w/ 1 level "4": 1 1 1 1 1 1 1 1 1 1 ...
 $ Race.JyoType1Cd                  : Factor w/ 177 levels "1-07-2000-4-1",..: 2 2 2 2 2 2 2 2 3 3 ...
 $ Race.RaceType1Cd                 : Factor w/ 6 levels "1-4-X-2","1-4-X-1",..: 2 2 2 2 2 2 2 2 1 1 ...
 $ RaceHorse.RaceId                 : Factor w/ 2247 levels "20160116-07-01-01-09",..: 2 2 2 2 2 2 2 2 3 3 ...
 $ RaceHorse.KettoNum               : Factor w/ 6943 levels "2010100155","2010103833",..: 11 12 13 14 15 16 18 19 20 21 ...
 $ RaceHorse.IsHit1                 : num  0 0 0 0 0 1 0 0 0 0 ...
 $ RaceHorse.IsHit2                 : num  1 0 0 0 0 0 0 0 0 0 ...
 $ RaceHorse.IsHit3                 : num  0 1 0 0 0 0 0 0 0 0 ...
 $ RaceHorse.IsHit4                 : num  0 0 0 0 1 0 0 0 0 0 ...
 $ RaceHorse.IsHit5                 : num  0 0 0 0 0 0 0 1 0 0 ...
 $ RaceHorse.IsHit6                 : num  0 0 1 1 0 0 1 0 1 1 ...
 $ RaceHorse.IsValidRaceHorse       : logi  TRUE TRUE TRUE TRUE TRUE TRUE ...
 $ RaceHorse.TimeSdv                : num  0.2575 0.0639 -0.2266 -0.4203 -0.033 ...
 $ RaceHorse.IsHitA                 : num  0 0 0 0 0 1 0 0 0 0 ...
 $ RaceHorse.IsHitB                 : num  1 0 0 0 0 1 0 0 0 0 ...
 $ RaceHorse.IsHitC                 : num  1 1 0 0 0 1 0 0 0 0 ...
 $ DataMiningTaisen.TmScoreSdv      : num  0.5432 0.0939 0.709 -2.0671 0.8321 ...
 $ EOF                              : int  1 1 1 1 1 1 1 1 1 1 ...
 - attr(*, "na.action")= 'omit' Named int  7 118 418 481 1106 1957 2105 2533 2535 2593 ...
  ..- attr(*, "names")= chr  "7" "118" "418" "481" ...
[1] "2022-02-25 20:21:28 --- na.omit Finish ---"
[1] "2022-02-25 20:21:28 --- rxGlm with rxStepControl Start ---"

> print(paste0(Sys.time(), " --- source_logic_glm.R Start ---"))
[1] "2022-02-25 20:21:28 --- source_logic_glm.R Start ---"

> formula <- formula(RaceHorse.IsHitA ~ +1 + DataMiningTaisen.TmScoreSdv)

> print(paste0(Sys.time(), " --- source_logic_glm.R Finished ---"))
[1] "2022-02-25 20:21:28 --- source_logic_glm.R Finished ---"
Rows Read: 30406, Total Rows Processed: 30406, Total Chunk Time: 0.002 seconds 

Starting values (iteration 1) time: 0.008 secs.
Rows Read: 30406, Total Rows Processed: 30406, Total Chunk Time: 0.003 seconds 

Iteration 2 time: 0.024 secs.
Rows Read: 30406, Total Rows Processed: 30406, Total Chunk Time: 0.003 seconds 

Iteration 3 time: 0.010 secs.
Rows Read: 30406, Total Rows Processed: 30406, Total Chunk Time: 0.003 seconds 

Iteration 4 time: 0.010 secs.
Rows Read: 30406, Total Rows Processed: 30406, Total Chunk Time: 0.002 seconds 

Iteration 5 time: 0.024 secs.
Rows Read: 30406, Total Rows Processed: 30406, Total Chunk Time: 0.002 seconds 

Iteration 6 time: 0.019 secs.

Elapsed computation time: 0.154 secs.
Rows Read: 30406, Total Rows Processed: 30406, Total Chunk Time: 0.001 seconds 

Starting values (iteration 1) time: 0.009 secs.
Rows Read: 30406, Total Rows Processed: 30406, Total Chunk Time: 0.002 seconds 

Iteration 2 time: 0.011 secs.

Elapsed computation time: 0.049 secs.
Rows Read: 30406, Total Rows Processed: 30406, Total Chunk Time: 0.001 seconds 

Starting values (iteration 1) time: 0.010 secs.
Rows Read: 30406, Total Rows Processed: 30406, Total Chunk Time: 0.003 seconds 

Iteration 2 time: 0.019 secs.
Rows Read: 30406, Total Rows Processed: 30406, Total Chunk Time: 0.003 seconds 

Iteration 3 time: 0.016 secs.
Rows Read: 30406, Total Rows Processed: 30406, Total Chunk Time: 0.002 seconds 

Iteration 4 time: 0.015 secs.
Rows Read: 30406, Total Rows Processed: 30406, Total Chunk Time: 0.003 seconds 

Iteration 5 time: 0.011 secs.
Rows Read: 30406, Total Rows Processed: 30406, Total Chunk Time: 0.003 seconds 

Iteration 6 time: 0.019 secs.

Elapsed computation time: 0.178 secs.

Elapsed computation time: 0.444 secs.
[1] "--------------------------------------------------------------------------------"
[1] "analyze.results.glm.step="
Logistic Regression Results for: RaceHorse.IsHitA ~
    DataMiningTaisen.TmScoreSdv
Data: data
Dependent variable(s): RaceHorse.IsHitA
Total independent variables: 2 
Number of valid observations: 30406
Number of missing observations: 0 
 
Coefficients:
                            RaceHorse.IsHitA
(Intercept)                               -3
DataMiningTaisen.TmScoreSdv                1
[1] "analyze.results.glm.step.summary"
Call:
rxLogit(formula = formula, data = data, variableSelection = analyze.results.glm.step.varsel)

Logistic Regression Results for: RaceHorse.IsHitA ~
    DataMiningTaisen.TmScoreSdv
Data: data
Dependent variable(s): RaceHorse.IsHitA
Total independent variables: 2 
Number of valid observations: 30406
Number of missing observations: 0 
-2*LogLikelihood: 14447.036 (Residual deviance on 30404 degrees of freedom)
 
Coefficients:
                            Estimate Std. Error z value Pr(>|z|)    
(Intercept)                  -2.9231     0.0304   -96.3  2.2e-16 ***
DataMiningTaisen.TmScoreSdv   1.0183     0.0286    35.7  2.2e-16 ***
---
Signif. codes:  0 '***' 0.001 '**' 0.01 '*' 0.05 '.' 0.1 ' ' 1

Condition number of final variance-covariance matrix: 1 
Number of iterations: 6
[1] "--------------------------------------------------------------------------------"
[1] "2022-02-25 20:21:29 --- rxGlm with rxStepControl Finish ---"
[1] "2022-02-25 20:21:29 --- rxStepPlot Start ---"
[1] "pdfFilename=pdf_analyze_glm_DataMiningTaisen_Type14_rxStepPlot.pdf"
[1] "rxStepPlot="
[1] "2022-02-25 20:21:29 --- rxStepPlot Finish ---"
[1] "2022-02-25 20:21:29 --- save.image Start ---"
[1] "save.image"
[1] "rdataFilename=RData_analyze_glm_DataMiningTaisen_Type14.RData"
[1] "2022-02-25 20:21:29 --- save.image Finish ---"
[1] "2022-02-25 20:21:29 --- final Start ---"
[1] "--------------------------------------------------------------------------------"
[1] "nrow(data) final=30406"
[1] "--------------------------------------------------------------------------------"
[1] "2022-02-25 20:21:29 --- final Finish ---"
[1] "2022-02-25 20:21:29 --- analyze_glm.R Finished ---"
[1] "2022-02-25 20:21:29 --- log Finish ---"
