[1] "2022-03-08 18:37:10 --- D1115_analyze_glm_Gen02_IsHitA_Type26 Start ---"
[1] "2022-03-08 18:37:10 --- Log Start ---"
[1] "2022-03-08 18:37:10 --- analyze_glm.R Start ---"
[1] "analyzeVersion=D1115"
[1] "analyzeCategory=analyze"
[1] "analyzeType=Gen02"
[1] "analyzeFamily=IsHitA"
[1] "analyzeFunc=glm"
[1] "analyzeTrackTypeCd=2"
[1] "analyzeJyokenCd=6"
[1] "2022-03-08 18:37:10 --- source_function.R Start ---"
[1] "2022-03-08 18:37:10 --- source_function.R Finished ---"

> print(paste0(Sys.time(), " --- source_library.R Start ---"))
[1] "2022-03-08 18:37:10 --- source_library.R Start ---"

> require("RevoScaleR")

> print(paste0(Sys.time(), " --- source_library.R Finished ---"))
[1] "2022-03-08 18:37:11 --- source_library.R Finished ---"
[1] "2022-03-08 18:37:11 --- RxSqlServerData Start ---"
[1] "2022-03-08 18:37:11 --- RxInSqlServer Start ---"
[1] "2022-03-08 18:37:11 --- RxInSqlServer Finish ---"
[1] "2022-03-08 18:37:11 --- rxSetComputeContext Start ---"
[1] "2022-03-08 18:37:11 --- rxSetComputeContext Finish ---"
[1] "2022-03-08 18:37:11 --- RxSqlServerData Start ---"
[1] "sqlQuery=SELECT * FROM ViewAnalyzeD1115analyze01Gen02Type26"
[1] "2022-03-08 18:37:11 --- RxSqlServerData Finish ---"
[1] "2022-03-08 18:37:11 --- rxGetVarInfo Start ---"
[1] "2022-03-08 18:37:12 --- rxGetVarInfo Finish---"
[1] "2022-03-08 18:37:12 --- rxImport Start ---"
Rows Read: 1643, Total Rows Processed: 1643, Total Chunk Time: 94.353 seconds 
[1] "2022-03-08 18:42:06 --- rxImport Finish ---"
[1] "object.size(data) auto=820 Kb"
[1] "--------------------------------------------------------------------------------"
[1] "nrow(data) RxSqlServerData=1643"
[1] "--------------------------------------------------------------------------------"
[1] "str(data)="
'data.frame':	1643 obs. of  48 variables:
 $ Race.RaceId                      : Factor w/ 459 levels "20170730-01-01-02-06",..: 1 1 2 1 1 1 1 2 3 3 ...
 $ Race.IsAnalyzeNormalPastAndFuture: logi  TRUE TRUE TRUE TRUE TRUE TRUE ...
 $ Race.IsAnalyzeNormalPast         : logi  TRUE TRUE TRUE TRUE TRUE TRUE ...
 $ Race.IsAnalyzeNormalFuture       : logi  FALSE FALSE FALSE FALSE FALSE FALSE ...
 $ Race.IsAnalyzeFullPastAndFuture  : logi  TRUE TRUE TRUE TRUE TRUE TRUE ...
 $ Race.IsAnalyzeFullPast           : logi  TRUE TRUE TRUE TRUE TRUE TRUE ...
 $ Race.IsAnalyzeFullFuture         : logi  FALSE FALSE FALSE FALSE FALSE FALSE ...
 $ Race.JyokenCd                    : Factor w/ 1 level "6": 1 1 1 1 1 1 1 1 1 1 ...
 $ Race.JyoType1Cd                  : Factor w/ 68 levels "24-01-1700-1",..: 1 1 2 1 1 1 1 2 3 3 ...
 $ Race.RaceType1Cd                 : Factor w/ 2 levels "2-6-11","2-6-12": 1 1 2 1 1 1 1 2 2 2 ...
 $ RaceHorse.RaceId                 : Factor w/ 459 levels "20170730-01-01-02-06",..: 1 1 2 1 1 1 1 2 3 3 ...
 $ RaceHorse.KettoNum               : Factor w/ 1639 levels "2015105509","2015104222",..: 1 2 4 5 3 6 8 7 11 9 ...
 $ RaceHorse.IsHit1                 : num  0 0 0 0 0 0 0 0 0 0 ...
 $ RaceHorse.IsHit2                 : num  1 0 0 0 0 0 0 0 1 0 ...
 $ RaceHorse.IsHit3                 : num  0 0 0 0 0 0 0 0 0 0 ...
 $ RaceHorse.IsHit4                 : num  0 0 0 0 0 0 0 0 0 0 ...
 $ RaceHorse.IsHit5                 : num  0 0 0 0 0 0 0 1 0 0 ...
 $ RaceHorse.IsHit6                 : num  0 1 1 1 1 1 1 0 0 1 ...
 $ RaceHorse.IsValidRaceHorse       : logi  TRUE TRUE FALSE FALSE FALSE FALSE ...
 $ RaceHorse.FinishTimeSdvByRace    : num  0.864 0.237 -1.717 -2.8 -0.589 ...
 $ RaceHorse.FirstTimeSdvByRace     : num  0.953 -0.607 -0.177 -0.26 -2.6 ...
 $ RaceHorse.LastTimeSdvByRace      : num  0.537 0.502 -1.728 -2.899 0.431 ...
 $ RaceHorse.FinishTimeSdv          : num  -0.394 -1.276 -2.981 -5.543 -2.435 ...
 $ RaceHorse.FirstTimeSdv           : num  0.313 -1.153 -0.79 -0.827 -3.026 ...
 $ RaceHorse.LastTimeSdv            : num  -0.704 -0.761 -3.363 -6.231 -0.875 ...
 $ RaceHorse.IsHitA                 : num  0 0 0 0 0 0 0 0 0 0 ...
 $ RaceHorse.IsHitB                 : num  1 0 0 0 0 0 0 0 1 0 ...
 $ RaceHorse.IsHitC                 : num  1 0 0 0 0 0 0 0 1 0 ...
 $ Gen02.HansyokuNum                : Factor w/ 1297 levels "12255991","12257431",..: 1 2 4 5 3 6 8 7 11 9 ...
 $ Gen02.FinishTimeSdvByRaceAvg     : num  0.642 0.602 0.76 0.836 -1.547 ...
 $ Gen02.FirstTimeSdvByRaceAvg      : num  1.043 0.465 1.223 0.966 -0.967 ...
 $ Gen02.LastTimeSdvByRaceAvg       : num  0.18794 0.32549 -0.00841 0.50276 -0.80257 ...
 $ Gen02.FinishTimeSdvAvg           : num  -0.473 -0.558 -0.573 -0.356 -1.908 ...
 $ Gen02.FirstTimeSdvAvg            : num  -0.516 -0.541 -0.359 -0.106 -1.251 ...
 $ Gen02.LastTimeSdvAvg             : num  -0.241 -0.339 -0.496 -0.405 -1.499 ...
 $ Gen02.RealOddsLog1Avg            : num  2.48 1.06 1.81 3.65 3.03 ...
 $ Gen02.RunCount                   : num  1 1 1 1 1 1 1 1 1 1 ...
 $ Gen02.HitCount1                  : num  0 0 0 0 0 0 0 0 0 0 ...
 $ Gen02.HitCount2                  : num  0 0 0 1 0 0 0 0 0 0 ...
 $ Gen02.HitCount3                  : num  0 0 0 0 0 0 0 0 0 0 ...
 $ Gen02.HitCount4                  : num  0 0 0 0 0 0 0 0 0 1 ...
 $ Gen02.HitCount5                  : num  1 1 0 0 0 0 0 0 0 0 ...
 $ Gen02.HitRate1                   : num  0 0 0 0 0 0 0 0 0 0 ...
 $ Gen02.HitRate2                   : num  0 0 0 1 0 0 0 0 0 0 ...
 $ Gen02.HitRate3                   : num  0 0 0 0 0 0 0 0 0 0 ...
 $ Gen02.HitRate4                   : num  0 0 0 0 0 0 0 0 0 1 ...
 $ Gen02.HitRate5                   : num  1 1 0 0 0 0 0 0 0 0 ...
 $ EOF                              : int  1 1 1 1 1 1 1 1 1 1 ...
[1] "2022-03-08 18:42:07 --- RxSqlServerData Finish ---"
[1] "2022-03-08 18:42:07 --- subset Start ---"
[1] "--------------------------------------------------------------------------------"
[1] "nrow(data) subset before=1643"
[1] "nrow(data) subset after =1643"
[1] "nrow(data) subset diff =0"
[1] "--------------------------------------------------------------------------------"
[1] "2022-03-08 18:42:07 --- subset Finish---"
[1] "2022-03-08 18:42:07 --- transform Start ---"
[1] "--------------------------------------------------------------------------------"
[1] "nrow(data) transform before=1643"
[1] "nrow(data) transform after=1643"
[1] "nrow(data) transform diff=0"
[1] "--------------------------------------------------------------------------------"
[1] "str(data)="
'data.frame':	1643 obs. of  48 variables:
 $ Race.RaceId                      : Factor w/ 459 levels "20170730-01-01-02-06",..: 1 1 2 1 1 1 1 2 3 3 ...
 $ Race.IsAnalyzeNormalPastAndFuture: logi  TRUE TRUE TRUE TRUE TRUE TRUE ...
 $ Race.IsAnalyzeNormalPast         : logi  TRUE TRUE TRUE TRUE TRUE TRUE ...
 $ Race.IsAnalyzeNormalFuture       : logi  FALSE FALSE FALSE FALSE FALSE FALSE ...
 $ Race.IsAnalyzeFullPastAndFuture  : logi  TRUE TRUE TRUE TRUE TRUE TRUE ...
 $ Race.IsAnalyzeFullPast           : logi  TRUE TRUE TRUE TRUE TRUE TRUE ...
 $ Race.IsAnalyzeFullFuture         : logi  FALSE FALSE FALSE FALSE FALSE FALSE ...
 $ Race.JyokenCd                    : Factor w/ 1 level "6": 1 1 1 1 1 1 1 1 1 1 ...
 $ Race.JyoType1Cd                  : Factor w/ 68 levels "24-01-1700-1",..: 1 1 2 1 1 1 1 2 3 3 ...
 $ Race.RaceType1Cd                 : Factor w/ 2 levels "2-6-11","2-6-12": 1 1 2 1 1 1 1 2 2 2 ...
 $ RaceHorse.RaceId                 : Factor w/ 459 levels "20170730-01-01-02-06",..: 1 1 2 1 1 1 1 2 3 3 ...
 $ RaceHorse.KettoNum               : Factor w/ 1639 levels "2015105509","2015104222",..: 1 2 4 5 3 6 8 7 11 9 ...
 $ RaceHorse.IsHit1                 : num  0 0 0 0 0 0 0 0 0 0 ...
 $ RaceHorse.IsHit2                 : num  1 0 0 0 0 0 0 0 1 0 ...
 $ RaceHorse.IsHit3                 : num  0 0 0 0 0 0 0 0 0 0 ...
 $ RaceHorse.IsHit4                 : num  0 0 0 0 0 0 0 0 0 0 ...
 $ RaceHorse.IsHit5                 : num  0 0 0 0 0 0 0 1 0 0 ...
 $ RaceHorse.IsHit6                 : num  0 1 1 1 1 1 1 0 0 1 ...
 $ RaceHorse.IsValidRaceHorse       : logi  TRUE TRUE FALSE FALSE FALSE FALSE ...
 $ RaceHorse.FinishTimeSdvByRace    : num  0.864 0.237 -1.717 -2.8 -0.589 ...
 $ RaceHorse.FirstTimeSdvByRace     : num  0.953 -0.607 -0.177 -0.26 -2.6 ...
 $ RaceHorse.LastTimeSdvByRace      : num  0.537 0.502 -1.728 -2.899 0.431 ...
 $ RaceHorse.FinishTimeSdv          : num  -0.394 -1.276 -2.981 -5.543 -2.435 ...
 $ RaceHorse.FirstTimeSdv           : num  0.313 -1.153 -0.79 -0.827 -3.026 ...
 $ RaceHorse.LastTimeSdv            : num  -0.704 -0.761 -3.363 -6.231 -0.875 ...
 $ RaceHorse.IsHitA                 : num  0 0 0 0 0 0 0 0 0 0 ...
 $ RaceHorse.IsHitB                 : num  1 0 0 0 0 0 0 0 1 0 ...
 $ RaceHorse.IsHitC                 : num  1 0 0 0 0 0 0 0 1 0 ...
 $ Gen02.HansyokuNum                : Factor w/ 1297 levels "12255991","12257431",..: 1 2 4 5 3 6 8 7 11 9 ...
 $ Gen02.FinishTimeSdvByRaceAvg     : num  0.642 0.602 0.76 0.836 -1.547 ...
 $ Gen02.FirstTimeSdvByRaceAvg      : num  1.043 0.465 1.223 0.966 -0.967 ...
 $ Gen02.LastTimeSdvByRaceAvg       : num  0.18794 0.32549 -0.00841 0.50276 -0.80257 ...
 $ Gen02.FinishTimeSdvAvg           : num  -0.473 -0.558 -0.573 -0.356 -1.908 ...
 $ Gen02.FirstTimeSdvAvg            : num  -0.516 -0.541 -0.359 -0.106 -1.251 ...
 $ Gen02.LastTimeSdvAvg             : num  -0.241 -0.339 -0.496 -0.405 -1.499 ...
 $ Gen02.RealOddsLog1Avg            : num  2.48 1.06 1.81 3.65 3.03 ...
 $ Gen02.RunCount                   : num  1 1 1 1 1 1 1 1 1 1 ...
 $ Gen02.HitCount1                  : num  0 0 0 0 0 0 0 0 0 0 ...
 $ Gen02.HitCount2                  : num  0 0 0 1 0 0 0 0 0 0 ...
 $ Gen02.HitCount3                  : num  0 0 0 0 0 0 0 0 0 0 ...
 $ Gen02.HitCount4                  : num  0 0 0 0 0 0 0 0 0 1 ...
 $ Gen02.HitCount5                  : num  1 1 0 0 0 0 0 0 0 0 ...
 $ Gen02.HitRate1                   : num  0 0 0 0 0 0 0 0 0 0 ...
 $ Gen02.HitRate2                   : num  0 0 0 1 0 0 0 0 0 0 ...
 $ Gen02.HitRate3                   : num  0 0 0 0 0 0 0 0 0 0 ...
 $ Gen02.HitRate4                   : num  0 0 0 0 0 0 0 0 0 1 ...
 $ Gen02.HitRate5                   : num  1 1 0 0 0 0 0 0 0 0 ...
 $ EOF                              : int  1 1 1 1 1 1 1 1 1 1 ...
NULL
[1] "2022-03-08 18:42:07 --- transform Finish ---"
[1] "2022-03-08 18:42:07 --- na.omit Start ---"
[1] "--------------------------------------------------------------------------------"
[1] "nrow(data) na.omit before=1643"
[1] "nrow(data) na.omit after =1627"
[1] "nrow(data) na.omit diff =16"
[1] "--------------------------------------------------------------------------------"
'data.frame':	1627 obs. of  48 variables:
 $ Race.RaceId                      : Factor w/ 459 levels "20170730-01-01-02-06",..: 1 1 2 1 1 1 1 2 3 3 ...
 $ Race.IsAnalyzeNormalPastAndFuture: logi  TRUE TRUE TRUE TRUE TRUE TRUE ...
 $ Race.IsAnalyzeNormalPast         : logi  TRUE TRUE TRUE TRUE TRUE TRUE ...
 $ Race.IsAnalyzeNormalFuture       : logi  FALSE FALSE FALSE FALSE FALSE FALSE ...
 $ Race.IsAnalyzeFullPastAndFuture  : logi  TRUE TRUE TRUE TRUE TRUE TRUE ...
 $ Race.IsAnalyzeFullPast           : logi  TRUE TRUE TRUE TRUE TRUE TRUE ...
 $ Race.IsAnalyzeFullFuture         : logi  FALSE FALSE FALSE FALSE FALSE FALSE ...
 $ Race.JyokenCd                    : Factor w/ 1 level "6": 1 1 1 1 1 1 1 1 1 1 ...
 $ Race.JyoType1Cd                  : Factor w/ 68 levels "24-01-1700-1",..: 1 1 2 1 1 1 1 2 3 3 ...
 $ Race.RaceType1Cd                 : Factor w/ 2 levels "2-6-11","2-6-12": 1 1 2 1 1 1 1 2 2 2 ...
 $ RaceHorse.RaceId                 : Factor w/ 459 levels "20170730-01-01-02-06",..: 1 1 2 1 1 1 1 2 3 3 ...
 $ RaceHorse.KettoNum               : Factor w/ 1639 levels "2015105509","2015104222",..: 1 2 4 5 3 6 8 7 11 9 ...
 $ RaceHorse.IsHit1                 : num  0 0 0 0 0 0 0 0 0 0 ...
 $ RaceHorse.IsHit2                 : num  1 0 0 0 0 0 0 0 1 0 ...
 $ RaceHorse.IsHit3                 : num  0 0 0 0 0 0 0 0 0 0 ...
 $ RaceHorse.IsHit4                 : num  0 0 0 0 0 0 0 0 0 0 ...
 $ RaceHorse.IsHit5                 : num  0 0 0 0 0 0 0 1 0 0 ...
 $ RaceHorse.IsHit6                 : num  0 1 1 1 1 1 1 0 0 1 ...
 $ RaceHorse.IsValidRaceHorse       : logi  TRUE TRUE FALSE FALSE FALSE FALSE ...
 $ RaceHorse.FinishTimeSdvByRace    : num  0.864 0.237 -1.717 -2.8 -0.589 ...
 $ RaceHorse.FirstTimeSdvByRace     : num  0.953 -0.607 -0.177 -0.26 -2.6 ...
 $ RaceHorse.LastTimeSdvByRace      : num  0.537 0.502 -1.728 -2.899 0.431 ...
 $ RaceHorse.FinishTimeSdv          : num  -0.394 -1.276 -2.981 -5.543 -2.435 ...
 $ RaceHorse.FirstTimeSdv           : num  0.313 -1.153 -0.79 -0.827 -3.026 ...
 $ RaceHorse.LastTimeSdv            : num  -0.704 -0.761 -3.363 -6.231 -0.875 ...
 $ RaceHorse.IsHitA                 : num  0 0 0 0 0 0 0 0 0 0 ...
 $ RaceHorse.IsHitB                 : num  1 0 0 0 0 0 0 0 1 0 ...
 $ RaceHorse.IsHitC                 : num  1 0 0 0 0 0 0 0 1 0 ...
 $ Gen02.HansyokuNum                : Factor w/ 1297 levels "12255991","12257431",..: 1 2 4 5 3 6 8 7 11 9 ...
 $ Gen02.FinishTimeSdvByRaceAvg     : num  0.642 0.602 0.76 0.836 -1.547 ...
 $ Gen02.FirstTimeSdvByRaceAvg      : num  1.043 0.465 1.223 0.966 -0.967 ...
 $ Gen02.LastTimeSdvByRaceAvg       : num  0.18794 0.32549 -0.00841 0.50276 -0.80257 ...
 $ Gen02.FinishTimeSdvAvg           : num  -0.473 -0.558 -0.573 -0.356 -1.908 ...
 $ Gen02.FirstTimeSdvAvg            : num  -0.516 -0.541 -0.359 -0.106 -1.251 ...
 $ Gen02.LastTimeSdvAvg             : num  -0.241 -0.339 -0.496 -0.405 -1.499 ...
 $ Gen02.RealOddsLog1Avg            : num  2.48 1.06 1.81 3.65 3.03 ...
 $ Gen02.RunCount                   : num  1 1 1 1 1 1 1 1 1 1 ...
 $ Gen02.HitCount1                  : num  0 0 0 0 0 0 0 0 0 0 ...
 $ Gen02.HitCount2                  : num  0 0 0 1 0 0 0 0 0 0 ...
 $ Gen02.HitCount3                  : num  0 0 0 0 0 0 0 0 0 0 ...
 $ Gen02.HitCount4                  : num  0 0 0 0 0 0 0 0 0 1 ...
 $ Gen02.HitCount5                  : num  1 1 0 0 0 0 0 0 0 0 ...
 $ Gen02.HitRate1                   : num  0 0 0 0 0 0 0 0 0 0 ...
 $ Gen02.HitRate2                   : num  0 0 0 1 0 0 0 0 0 0 ...
 $ Gen02.HitRate3                   : num  0 0 0 0 0 0 0 0 0 0 ...
 $ Gen02.HitRate4                   : num  0 0 0 0 0 0 0 0 0 1 ...
 $ Gen02.HitRate5                   : num  1 1 0 0 0 0 0 0 0 0 ...
 $ EOF                              : int  1 1 1 1 1 1 1 1 1 1 ...
 - attr(*, "na.action")= 'omit' Named int  34 35 177 277 370 423 544 812 977 1032 ...
  ..- attr(*, "names")= chr  "34" "35" "177" "277" ...
[1] "2022-03-08 18:42:07 --- na.omit Finish ---"
[1] "2022-03-08 18:42:07 --- rxLogit with rxStepControl Start ---"

> print(paste0(Sys.time(), " --- source_logic_glm.R Start ---"))
[1] "2022-03-08 18:42:07 --- source_logic_glm.R Start ---"

> formula <- formula(RaceHorse.IsHitA ~ +1 + Gen02.FinishTimeSdvByRaceAvg)

> print(paste0(Sys.time(), " --- source_logic_glm.R Finished ---"))
[1] "2022-03-08 18:42:07 --- source_logic_glm.R Finished ---"
Rows Read: 1627, Total Rows Processed: 1627, Total Chunk Time: Less than .001 seconds 

Starting values (iteration 1) time: 0.043 secs.
Rows Read: 1627, Total Rows Processed: 1627, Total Chunk Time: 0.001 seconds 

Iteration 2 time: 0.010 secs.
Rows Read: 1627, Total Rows Processed: 1627, Total Chunk Time: 0.001 seconds 

Iteration 3 time: 0.005 secs.
Rows Read: 1627, Total Rows Processed: 1627, Total Chunk Time: Less than .001 seconds 

Iteration 4 time: 0.004 secs.

Elapsed computation time: 0.081 secs.
Rows Read: 1627, Total Rows Processed: 1627, Total Chunk Time: Less than .001 seconds 

Starting values (iteration 1) time: 0.006 secs.
Rows Read: 1627, Total Rows Processed: 1627, Total Chunk Time: 0.002 seconds 

Iteration 2 time: 0.007 secs.

Elapsed computation time: 0.024 secs.
Rows Read: 1627, Total Rows Processed: 1627, Total Chunk Time: 0.001 seconds 

Starting values (iteration 1) time: 0.006 secs.
Rows Read: 1627, Total Rows Processed: 1627, Total Chunk Time: Less than .001 seconds 

Iteration 2 time: 0.008 secs.
Rows Read: 1627, Total Rows Processed: 1627, Total Chunk Time: 0.002 seconds 

Iteration 3 time: 0.006 secs.
Rows Read: 1627, Total Rows Processed: 1627, Total Chunk Time: 0.002 seconds 

Iteration 4 time: 0.005 secs.

Elapsed computation time: 0.047 secs.

Elapsed computation time: 0.172 secs.
[1] "--------------------------------------------------------------------------------"
[1] "analyze.results.glm.step="
Logistic Regression Results for: RaceHorse.IsHitA ~
    Gen02.FinishTimeSdvByRaceAvg
Data: data
Dependent variable(s): RaceHorse.IsHitA
Total independent variables: 2 
Number of valid observations: 1627
Number of missing observations: 0 
 
Coefficients:
                             RaceHorse.IsHitA
(Intercept)                              -2.8
Gen02.FinishTimeSdvByRaceAvg              0.3
[1] "analyze.results.glm.step.summary"
Call:
rxLogit(formula = formula, data = data, variableSelection = analyze.results.glm.step.varsel)

Logistic Regression Results for: RaceHorse.IsHitA ~
    Gen02.FinishTimeSdvByRaceAvg
Data: data
Dependent variable(s): RaceHorse.IsHitA
Total independent variables: 2 
Number of valid observations: 1627
Number of missing observations: 0 
-2*LogLikelihood: 778.642 (Residual deviance on 1625 degrees of freedom)
 
Coefficients:
                             Estimate Std. Error z value Pr(>|z|)    
(Intercept)                    -2.822      0.129  -21.94  2.2e-16 ***
Gen02.FinishTimeSdvByRaceAvg    0.329      0.146    2.26    0.024 *  
---
Signif. codes:  0 '***' 0.001 '**' 0.01 '*' 0.05 '.' 0.1 ' ' 1

Condition number of final variance-covariance matrix: 1 
Number of iterations: 4
[1] "--------------------------------------------------------------------------------"
[1] "2022-03-08 18:42:08 --- rxLogit with rxStepControl Finish ---"
[1] "2022-03-08 18:42:08 --- rxStepPlot Start ---"
[1] "pdfFilename=pdf_analyze_glm_Gen02_Type26_rxStepPlot.pdf"
[1] "rxStepPlot="
[1] "2022-03-08 18:42:08 --- rxStepPlot Finish ---"
[1] "2022-03-08 18:42:08 --- save.image Start ---"
[1] "save.image"
[1] "rdataFilename=RData_analyze_glm_Gen02_Type26.RData"
[1] "2022-03-08 18:42:08 --- save.image Finish ---"
[1] "2022-03-08 18:42:08 --- final Start ---"
[1] "--------------------------------------------------------------------------------"
[1] "nrow(data) final=1627"
[1] "--------------------------------------------------------------------------------"
[1] "2022-03-08 18:42:08 --- final Finish ---"
[1] "2022-03-08 18:42:08 --- analyze_glm.R Finished ---"
[1] "2022-03-08 18:42:08 --- log Finish ---"
