[1] "2022-02-25 20:25:27 --- D1115_analyze_glm_Horse_IsHitA_Type24 Start ---"
[1] "2022-02-25 20:25:36 --- Log Start ---"
[1] "2022-02-25 20:25:41 --- analyze_glm.R Start ---"
[1] "analyzeVersion=D1115"
[1] "analyzeCategory=analyze"
[1] "analyzeType=Horse"
[1] "analyzeFamily=IsHitA"
[1] "analyzeFunc=glm"
[1] "analyzeTrackTypeCd=2"
[1] "analyzeJyokenCd=4"
[1] "2022-02-25 20:25:45 --- source_function.R Start ---"
[1] "2022-02-25 20:25:45 --- source_function.R Finished ---"

> print(paste0(Sys.time(), " --- source_library.R Start ---"))
[1] "2022-02-25 20:25:46 --- source_library.R Start ---"

> require("RevoScaleR")

> print(paste0(Sys.time(), " --- source_library.R Finished ---"))
[1] "2022-02-25 20:25:50 --- source_library.R Finished ---"
[1] "2022-02-25 20:25:51 --- RxSqlServerData Start ---"
[1] "2022-02-25 20:25:51 --- RxInSqlServer Start ---"
[1] "2022-02-25 20:25:52 --- RxInSqlServer Finish ---"
[1] "2022-02-25 20:25:52 --- rxSetComputeContext Start ---"
[1] "2022-02-25 20:25:52 --- rxSetComputeContext Finish ---"
[1] "2022-02-25 20:25:52 --- RxSqlServerData Start ---"
[1] "sqlQuery=SELECT * FROM ViewAnalyzeD1115analyze01HorseType24"
[1] "2022-02-25 20:25:52 --- RxSqlServerData Finish ---"
[1] "2022-02-25 20:25:52 --- rxGetVarInfo Start ---"
[1] "2022-02-25 20:25:58 --- rxGetVarInfo Finish---"
[1] "2022-02-25 20:25:58 --- rxImport Start ---"
Rows Read: 39666, Total Rows Processed: 39666, Total Chunk Time: 11.244 seconds 
[1] "2022-02-25 20:26:20 --- rxImport Finish ---"
[1] "object.size(data) auto=12.5 Mb"
[1] "--------------------------------------------------------------------------------"
[1] "nrow(data) RxSqlServerData=39666"
[1] "--------------------------------------------------------------------------------"
[1] "str(data)="
'data.frame':	39666 obs. of  44 variables:
 $ Race.RaceId                      : Factor w/ 2833 levels "20161002-09-04-08-06",..: 2 2 2 2 2 2 2 2 2 2 ...
 $ Race.IsPredictedRace             : logi  TRUE TRUE TRUE TRUE TRUE TRUE ...
 $ Race.IsAnalyzeNormalPastAndFuture: logi  TRUE TRUE TRUE TRUE TRUE TRUE ...
 $ Race.IsAnalyzeNormalPast         : logi  TRUE TRUE TRUE TRUE TRUE TRUE ...
 $ Race.IsAnalyzeNormalFuture       : logi  FALSE FALSE FALSE FALSE FALSE FALSE ...
 $ Race.IsAnalyzeFullPastAndFuture  : logi  TRUE TRUE TRUE TRUE TRUE TRUE ...
 $ Race.IsAnalyzeFullPast           : logi  TRUE TRUE TRUE TRUE TRUE TRUE ...
 $ Race.IsAnalyzeFullFuture         : logi  FALSE FALSE FALSE FALSE FALSE FALSE ...
 $ Race.JyokenCd                    : Factor w/ 1 level "4": 1 1 1 1 1 1 1 1 1 1 ...
 $ Race.JyoType1Cd                  : Factor w/ 131 levels "2-09-1800-4-2",..: 2 2 2 2 2 2 2 2 2 2 ...
 $ Race.RaceType1Cd                 : Factor w/ 5 levels "2-4-X-2","2-4-X-1",..: 2 2 2 2 2 2 2 2 2 2 ...
 $ RaceHorse.RaceId                 : Factor w/ 2833 levels "20161002-09-04-08-06",..: 2 2 2 2 2 2 2 2 2 2 ...
 $ RaceHorse.KettoNum               : Factor w/ 7958 levels "2011101138","2011101806",..: 11 12 13 14 15 16 17 18 19 20 ...
 $ RaceHorse.IsHit1                 : num  0 0 0 0 0 0 0 1 0 0 ...
 $ RaceHorse.IsHit2                 : num  0 0 0 0 0 0 0 0 0 1 ...
 $ RaceHorse.IsHit3                 : num  0 0 0 0 0 0 0 0 0 0 ...
 $ RaceHorse.IsHit4                 : num  0 0 0 0 0 0 0 0 0 0 ...
 $ RaceHorse.IsHit5                 : num  0 0 0 0 0 1 0 0 0 0 ...
 $ RaceHorse.IsHit6                 : num  1 1 1 1 1 0 1 0 1 0 ...
 $ RaceHorse.IsValidRaceHorse       : logi  TRUE TRUE TRUE TRUE TRUE TRUE ...
 $ RaceHorse.TimeSdv                : num  0.4183 0.127 1.0008 1.0008 -0.0672 ...
 $ RaceHorse.IsHitA                 : num  0 0 0 0 0 0 0 1 0 0 ...
 $ RaceHorse.IsHitB                 : num  0 0 0 0 0 0 0 1 0 1 ...
 $ RaceHorse.IsHitC                 : num  0 0 0 0 0 0 0 1 0 1 ...
 $ Horse.KettoNum                   : Factor w/ 7958 levels "2011101138","2011101806",..: 11 12 13 14 15 16 17 18 19 20 ...
 $ Horse.TimeSdvByRaceAvg           : num  0.4844 0.4817 0.491 0.0736 0.2457 ...
 $ Horse.TimeSdvByRaceMin           : num  -0.853 -0.71 -1.108 -1.485 -1.216 ...
 $ Horse.TimeSdvByRaceMax           : num  1.77 1.09 1.37 1.39 1.9 ...
 $ Horse.TimeSdvAvg                 : num  0.3463 0.6816 0.2666 0.0327 0.2252 ...
 $ Horse.TimeSdvMin                 : num  -1.454 -0.265 -0.519 -1.668 -1.541 ...
 $ Horse.TimeSdvMax                 : num  2.402 1.903 0.985 1.033 1.093 ...
 $ Horse.OrderOfFinishSdvAvg        : num  0.3693 0.5359 0.5825 0.0152 0.28 ...
 $ Horse.RunCount                   : num  20 13 17 12 20 20 21 9 8 18 ...
 $ Horse.HitCount1                  : num  2 1 1 0 1 1 2 2 0 1 ...
 $ Horse.HitCount2                  : num  2 1 2 1 1 2 4 0 0 1 ...
 $ Horse.HitCount3                  : num  3 3 2 1 3 2 3 2 1 0 ...
 $ Horse.HitCount4                  : num  0 1 4 2 1 1 4 1 1 4 ...
 $ Horse.HitCount5                  : num  1 1 1 0 3 3 1 2 1 0 ...
 $ Horse.HitRate1                   : num  0.1 0.0769 0.0588 0 0.05 ...
 $ Horse.HitRate2                   : num  0.1 0.0769 0.1176 0.0833 0.05 ...
 $ Horse.HitRate3                   : num  0.15 0.2308 0.1176 0.0833 0.15 ...
 $ Horse.HitRate4                   : num  0 0.0769 0.2353 0.1667 0.05 ...
 $ Horse.HitRate5                   : num  0.05 0.0769 0.0588 0 0.15 ...
 $ EOF                              : int  1 1 1 1 1 1 1 1 1 1 ...
[1] "2022-02-25 20:29:50 --- RxSqlServerData Finish ---"
[1] "2022-02-25 20:30:02 --- subset Start ---"
[1] "--------------------------------------------------------------------------------"
[1] "nrow(data) subset before=39666"
[1] "nrow(data) subset after =39666"
[1] "nrow(data) subset diff =0"
[1] "--------------------------------------------------------------------------------"
[1] "2022-02-25 20:30:33 --- subset Finish---"
[1] "2022-02-25 20:30:40 --- transform Start ---"
[1] "--------------------------------------------------------------------------------"
[1] "nrow(data) transform before=39666"
[1] "nrow(data) transform after=39666"
[1] "nrow(data) transform diff=0"
[1] "--------------------------------------------------------------------------------"
[1] "str(data)="
'data.frame':	39666 obs. of  44 variables:
 $ Race.RaceId                      : Factor w/ 2833 levels "20161002-09-04-08-06",..: 2 2 2 2 2 2 2 2 2 2 ...
 $ Race.IsPredictedRace             : logi  TRUE TRUE TRUE TRUE TRUE TRUE ...
 $ Race.IsAnalyzeNormalPastAndFuture: logi  TRUE TRUE TRUE TRUE TRUE TRUE ...
 $ Race.IsAnalyzeNormalPast         : logi  TRUE TRUE TRUE TRUE TRUE TRUE ...
 $ Race.IsAnalyzeNormalFuture       : logi  FALSE FALSE FALSE FALSE FALSE FALSE ...
 $ Race.IsAnalyzeFullPastAndFuture  : logi  TRUE TRUE TRUE TRUE TRUE TRUE ...
 $ Race.IsAnalyzeFullPast           : logi  TRUE TRUE TRUE TRUE TRUE TRUE ...
 $ Race.IsAnalyzeFullFuture         : logi  FALSE FALSE FALSE FALSE FALSE FALSE ...
 $ Race.JyokenCd                    : Factor w/ 1 level "4": 1 1 1 1 1 1 1 1 1 1 ...
 $ Race.JyoType1Cd                  : Factor w/ 131 levels "2-09-1800-4-2",..: 2 2 2 2 2 2 2 2 2 2 ...
 $ Race.RaceType1Cd                 : Factor w/ 5 levels "2-4-X-2","2-4-X-1",..: 2 2 2 2 2 2 2 2 2 2 ...
 $ RaceHorse.RaceId                 : Factor w/ 2833 levels "20161002-09-04-08-06",..: 2 2 2 2 2 2 2 2 2 2 ...
 $ RaceHorse.KettoNum               : Factor w/ 7958 levels "2011101138","2011101806",..: 11 12 13 14 15 16 17 18 19 20 ...
 $ RaceHorse.IsHit1                 : num  0 0 0 0 0 0 0 1 0 0 ...
 $ RaceHorse.IsHit2                 : num  0 0 0 0 0 0 0 0 0 1 ...
 $ RaceHorse.IsHit3                 : num  0 0 0 0 0 0 0 0 0 0 ...
 $ RaceHorse.IsHit4                 : num  0 0 0 0 0 0 0 0 0 0 ...
 $ RaceHorse.IsHit5                 : num  0 0 0 0 0 1 0 0 0 0 ...
 $ RaceHorse.IsHit6                 : num  1 1 1 1 1 0 1 0 1 0 ...
 $ RaceHorse.IsValidRaceHorse       : logi  TRUE TRUE TRUE TRUE TRUE TRUE ...
 $ RaceHorse.TimeSdv                : num  0.4183 0.127 1.0008 1.0008 -0.0672 ...
 $ RaceHorse.IsHitA                 : num  0 0 0 0 0 0 0 1 0 0 ...
 $ RaceHorse.IsHitB                 : num  0 0 0 0 0 0 0 1 0 1 ...
 $ RaceHorse.IsHitC                 : num  0 0 0 0 0 0 0 1 0 1 ...
 $ Horse.KettoNum                   : Factor w/ 7958 levels "2011101138","2011101806",..: 11 12 13 14 15 16 17 18 19 20 ...
 $ Horse.TimeSdvByRaceAvg           : num  0.4844 0.4817 0.491 0.0736 0.2457 ...
 $ Horse.TimeSdvByRaceMin           : num  -0.853 -0.71 -1.108 -1.485 -1.216 ...
 $ Horse.TimeSdvByRaceMax           : num  1.77 1.09 1.37 1.39 1.9 ...
 $ Horse.TimeSdvAvg                 : num  0.3463 0.6816 0.2666 0.0327 0.2252 ...
 $ Horse.TimeSdvMin                 : num  -1.454 -0.265 -0.519 -1.668 -1.541 ...
 $ Horse.TimeSdvMax                 : num  2.402 1.903 0.985 1.033 1.093 ...
 $ Horse.OrderOfFinishSdvAvg        : num  0.3693 0.5359 0.5825 0.0152 0.28 ...
 $ Horse.RunCount                   : num  20 13 17 12 20 20 21 9 8 18 ...
 $ Horse.HitCount1                  : num  2 1 1 0 1 1 2 2 0 1 ...
 $ Horse.HitCount2                  : num  2 1 2 1 1 2 4 0 0 1 ...
 $ Horse.HitCount3                  : num  3 3 2 1 3 2 3 2 1 0 ...
 $ Horse.HitCount4                  : num  0 1 4 2 1 1 4 1 1 4 ...
 $ Horse.HitCount5                  : num  1 1 1 0 3 3 1 2 1 0 ...
 $ Horse.HitRate1                   : num  0.1 0.0769 0.0588 0 0.05 ...
 $ Horse.HitRate2                   : num  0.1 0.0769 0.1176 0.0833 0.05 ...
 $ Horse.HitRate3                   : num  0.15 0.2308 0.1176 0.0833 0.15 ...
 $ Horse.HitRate4                   : num  0 0.0769 0.2353 0.1667 0.05 ...
 $ Horse.HitRate5                   : num  0.05 0.0769 0.0588 0 0.15 ...
 $ EOF                              : int  1 1 1 1 1 1 1 1 1 1 ...
NULL
[1] "2022-02-25 20:32:55 --- transform Finish ---"
[1] "2022-02-25 20:32:56 --- na.omit Start ---"
[1] "--------------------------------------------------------------------------------"
[1] "nrow(data) na.omit before=39666"
[1] "nrow(data) na.omit after =39401"
[1] "nrow(data) na.omit diff =265"
[1] "--------------------------------------------------------------------------------"
'data.frame':	39401 obs. of  44 variables:
 $ Race.RaceId                      : Factor w/ 2833 levels "20161002-09-04-08-06",..: 2 2 2 2 2 2 2 2 2 2 ...
 $ Race.IsPredictedRace             : logi  TRUE TRUE TRUE TRUE TRUE TRUE ...
 $ Race.IsAnalyzeNormalPastAndFuture: logi  TRUE TRUE TRUE TRUE TRUE TRUE ...
 $ Race.IsAnalyzeNormalPast         : logi  TRUE TRUE TRUE TRUE TRUE TRUE ...
 $ Race.IsAnalyzeNormalFuture       : logi  FALSE FALSE FALSE FALSE FALSE FALSE ...
 $ Race.IsAnalyzeFullPastAndFuture  : logi  TRUE TRUE TRUE TRUE TRUE TRUE ...
 $ Race.IsAnalyzeFullPast           : logi  TRUE TRUE TRUE TRUE TRUE TRUE ...
 $ Race.IsAnalyzeFullFuture         : logi  FALSE FALSE FALSE FALSE FALSE FALSE ...
 $ Race.JyokenCd                    : Factor w/ 1 level "4": 1 1 1 1 1 1 1 1 1 1 ...
 $ Race.JyoType1Cd                  : Factor w/ 131 levels "2-09-1800-4-2",..: 2 2 2 2 2 2 2 2 2 2 ...
 $ Race.RaceType1Cd                 : Factor w/ 5 levels "2-4-X-2","2-4-X-1",..: 2 2 2 2 2 2 2 2 2 2 ...
 $ RaceHorse.RaceId                 : Factor w/ 2833 levels "20161002-09-04-08-06",..: 2 2 2 2 2 2 2 2 2 2 ...
 $ RaceHorse.KettoNum               : Factor w/ 7958 levels "2011101138","2011101806",..: 11 12 13 14 15 16 17 18 19 20 ...
 $ RaceHorse.IsHit1                 : num  0 0 0 0 0 0 0 1 0 0 ...
 $ RaceHorse.IsHit2                 : num  0 0 0 0 0 0 0 0 0 1 ...
 $ RaceHorse.IsHit3                 : num  0 0 0 0 0 0 0 0 0 0 ...
 $ RaceHorse.IsHit4                 : num  0 0 0 0 0 0 0 0 0 0 ...
 $ RaceHorse.IsHit5                 : num  0 0 0 0 0 1 0 0 0 0 ...
 $ RaceHorse.IsHit6                 : num  1 1 1 1 1 0 1 0 1 0 ...
 $ RaceHorse.IsValidRaceHorse       : logi  TRUE TRUE TRUE TRUE TRUE TRUE ...
 $ RaceHorse.TimeSdv                : num  0.4183 0.127 1.0008 1.0008 -0.0672 ...
 $ RaceHorse.IsHitA                 : num  0 0 0 0 0 0 0 1 0 0 ...
 $ RaceHorse.IsHitB                 : num  0 0 0 0 0 0 0 1 0 1 ...
 $ RaceHorse.IsHitC                 : num  0 0 0 0 0 0 0 1 0 1 ...
 $ Horse.KettoNum                   : Factor w/ 7958 levels "2011101138","2011101806",..: 11 12 13 14 15 16 17 18 19 20 ...
 $ Horse.TimeSdvByRaceAvg           : num  0.4844 0.4817 0.491 0.0736 0.2457 ...
 $ Horse.TimeSdvByRaceMin           : num  -0.853 -0.71 -1.108 -1.485 -1.216 ...
 $ Horse.TimeSdvByRaceMax           : num  1.77 1.09 1.37 1.39 1.9 ...
 $ Horse.TimeSdvAvg                 : num  0.3463 0.6816 0.2666 0.0327 0.2252 ...
 $ Horse.TimeSdvMin                 : num  -1.454 -0.265 -0.519 -1.668 -1.541 ...
 $ Horse.TimeSdvMax                 : num  2.402 1.903 0.985 1.033 1.093 ...
 $ Horse.OrderOfFinishSdvAvg        : num  0.3693 0.5359 0.5825 0.0152 0.28 ...
 $ Horse.RunCount                   : num  20 13 17 12 20 20 21 9 8 18 ...
 $ Horse.HitCount1                  : num  2 1 1 0 1 1 2 2 0 1 ...
 $ Horse.HitCount2                  : num  2 1 2 1 1 2 4 0 0 1 ...
 $ Horse.HitCount3                  : num  3 3 2 1 3 2 3 2 1 0 ...
 $ Horse.HitCount4                  : num  0 1 4 2 1 1 4 1 1 4 ...
 $ Horse.HitCount5                  : num  1 1 1 0 3 3 1 2 1 0 ...
 $ Horse.HitRate1                   : num  0.1 0.0769 0.0588 0 0.05 ...
 $ Horse.HitRate2                   : num  0.1 0.0769 0.1176 0.0833 0.05 ...
 $ Horse.HitRate3                   : num  0.15 0.2308 0.1176 0.0833 0.15 ...
 $ Horse.HitRate4                   : num  0 0.0769 0.2353 0.1667 0.05 ...
 $ Horse.HitRate5                   : num  0.05 0.0769 0.0588 0 0.15 ...
 $ EOF                              : int  1 1 1 1 1 1 1 1 1 1 ...
 - attr(*, "na.action")= 'omit' Named int  178 397 865 1060 1095 1186 1380 1466 1513 1751 ...
  ..- attr(*, "names")= chr  "178" "397" "865" "1060" ...
[1] "2022-02-25 20:33:03 --- na.omit Finish ---"
[1] "2022-02-25 20:33:03 --- rxGlm with rxStepControl Start ---"

> print(paste0(Sys.time(), " --- source_logic_glm.R Start ---"))
[1] "2022-02-25 20:33:04 --- source_logic_glm.R Start ---"

> formula <- formula(RaceHorse.IsHitA ~ +1 + Horse.TimeSdvAvg)

> print(paste0(Sys.time(), " --- source_logic_glm.R Finished ---"))
[1] "2022-02-25 20:33:04 --- source_logic_glm.R Finished ---"
Rows Read: 39401, Total Rows Processed: 39401, Total Chunk Time: 0.002 seconds 

Starting values (iteration 1) time: 0.018 secs.
Rows Read: 39401, Total Rows Processed: 39401, Total Chunk Time: 0.004 seconds 

Iteration 2 time: 0.187 secs.
Rows Read: 39401, Total Rows Processed: 39401, Total Chunk Time: 0.004 seconds 

Iteration 3 time: 0.107 secs.
Rows Read: 39401, Total Rows Processed: 39401, Total Chunk Time: 0.003 seconds 

Iteration 4 time: 0.177 secs.
Rows Read: 39401, Total Rows Processed: 39401, Total Chunk Time: 0.004 seconds 

Iteration 5 time: 0.151 secs.

Elapsed computation time: 1.085 secs.
Rows Read: 39401, Total Rows Processed: 39401, Total Chunk Time: 0.001 seconds 

Starting values (iteration 1) time: 0.094 secs.
Rows Read: 39401, Total Rows Processed: 39401, Total Chunk Time: 0.003 seconds 

Iteration 2 time: 0.091 secs.

Elapsed computation time: 0.356 secs.
Rows Read: 39401, Total Rows Processed: 39401, Total Chunk Time: 0.002 seconds 

Starting values (iteration 1) time: 0.081 secs.
Rows Read: 39401, Total Rows Processed: 39401, Total Chunk Time: 0.003 seconds 

Iteration 2 time: 0.077 secs.
Rows Read: 39401, Total Rows Processed: 39401, Total Chunk Time: 0.003 seconds 

Iteration 3 time: 0.093 secs.
Rows Read: 39401, Total Rows Processed: 39401, Total Chunk Time: 0.004 seconds 

Iteration 4 time: 0.084 secs.
Rows Read: 39401, Total Rows Processed: 39401, Total Chunk Time: 0.003 seconds 

Iteration 5 time: 0.082 secs.

Elapsed computation time: 0.877 secs.

Elapsed computation time: 2.621 secs.
[1] "--------------------------------------------------------------------------------"
[1] "analyze.results.glm.step="
Logistic Regression Results for: RaceHorse.IsHitA ~ Horse.TimeSdvAvg
Data: data
Dependent variable(s): RaceHorse.IsHitA
Total independent variables: 2 
Number of valid observations: 39401
Number of missing observations: 0 
 
Coefficients:
                 RaceHorse.IsHitA
(Intercept)                    -3
Horse.TimeSdvAvg                1
[1] "analyze.results.glm.step.summary"
Call:
rxLogit(formula = formula, data = data, variableSelection = analyze.results.glm.step.varsel)

Logistic Regression Results for: RaceHorse.IsHitA ~ Horse.TimeSdvAvg
Data: data
Dependent variable(s): RaceHorse.IsHitA
Total independent variables: 2 
Number of valid observations: 39401
Number of missing observations: 0 
-2*LogLikelihood: 19422.094 (Residual deviance on 39399 degrees of freedom)
 
Coefficients:
                 Estimate Std. Error z value Pr(>|z|)    
(Intercept)       -3.0905     0.0298  -103.6  2.2e-16 ***
Horse.TimeSdvAvg   1.3943     0.0461    30.3  2.2e-16 ***
---
Signif. codes:  0 '***' 0.001 '**' 0.01 '*' 0.05 '.' 0.1 ' ' 1

Condition number of final variance-covariance matrix: 1 
Number of iterations: 5
[1] "--------------------------------------------------------------------------------"
[1] "2022-02-25 20:33:10 --- rxGlm with rxStepControl Finish ---"
[1] "2022-02-25 20:33:10 --- rxStepPlot Start ---"
[1] "pdfFilename=pdf_analyze_glm_Horse_Type24_rxStepPlot.pdf"
[1] "rxStepPlot="
[1] "2022-02-25 20:33:10 --- rxStepPlot Finish ---"
[1] "2022-02-25 20:33:10 --- save.image Start ---"
[1] "save.image"
[1] "rdataFilename=RData_analyze_glm_Horse_Type24.RData"
[1] "2022-02-25 20:33:11 --- save.image Finish ---"
[1] "2022-02-25 20:33:11 --- final Start ---"
[1] "--------------------------------------------------------------------------------"
[1] "nrow(data) final=39401"
[1] "--------------------------------------------------------------------------------"
[1] "2022-02-25 20:33:12 --- final Finish ---"
[1] "2022-02-25 20:33:12 --- analyze_glm.R Finished ---"
[1] "2022-02-25 20:33:12 --- log Finish ---"
