[1] "2022-02-21 22:09:20 --- D1115_analyze_glm_Gen02_IsHitA_Type12 Start ---"
[1] "2022-02-21 22:09:20 --- Log Start ---"
[1] "2022-02-21 22:09:20 --- analyze_glm.R Start ---"
[1] "analyzeVersion=D1115"
[1] "analyzeCategory=analyze"
[1] "analyzeType=Gen02"
[1] "analyzeFamily=IsHitA"
[1] "analyzeFunc=glm"
[1] "analyzeTrackTypeCd=1"
[1] "analyzeJyokenCd=2"
[1] "2022-02-21 22:09:20 --- source_function.R Start ---"
[1] "2022-02-21 22:09:20 --- source_function.R Finished ---"

> print(paste0(Sys.time(), " --- source_library.R Start ---"))
[1] "2022-02-21 22:09:20 --- source_library.R Start ---"

> require("RevoScaleR")

> print(paste0(Sys.time(), " --- source_library.R Finished ---"))
[1] "2022-02-21 22:09:26 --- source_library.R Finished ---"
[1] "2022-02-21 22:09:26 --- RxSqlServerData Start ---"
[1] "2022-02-21 22:09:26 --- RxInSqlServer Start ---"
[1] "2022-02-21 22:09:26 --- RxInSqlServer Finish ---"
[1] "2022-02-21 22:09:26 --- rxSetComputeContext Start ---"
[1] "2022-02-21 22:09:26 --- rxSetComputeContext Finish ---"
[1] "2022-02-21 22:09:26 --- RxSqlServerData Start ---"
[1] "sqlQuery=SELECT * FROM ViewAnalyzeD1115analyze01Gen02Type12"
[1] "2022-02-21 22:09:26 --- RxSqlServerData Finish ---"
[1] "2022-02-21 22:09:26 --- rxGetVarInfo Start ---"
[1] "2022-02-21 22:09:26 --- rxGetVarInfo Finish---"
[1] "2022-02-21 22:09:26 --- rxImport Start ---"
Rows Read: 5857, Total Rows Processed: 5857, Total Chunk Time: 178.446 seconds 
[1] "2022-02-21 22:15:40 --- rxImport Finish ---"
[1] "object.size(data) auto=1.3 Mb"
[1] "--------------------------------------------------------------------------------"
[1] "nrow(data) RxSqlServerData=5857"
[1] "--------------------------------------------------------------------------------"
[1] "str(data)="
'data.frame':	5857 obs. of  39 variables:
 $ Race.RaceId                      : Factor w/ 529 levels "20160109-06-01-02-10",..: 1 1 2 2 2 3 3 3 4 4 ...
 $ Race.IsPredictedRace             : logi  TRUE TRUE TRUE TRUE TRUE TRUE ...
 $ Race.IsAnalyzeNormalPastAndFuture: logi  TRUE TRUE TRUE TRUE TRUE TRUE ...
 $ Race.IsAnalyzeNormalPast         : logi  TRUE TRUE TRUE TRUE TRUE TRUE ...
 $ Race.IsAnalyzeNormalFuture       : logi  FALSE FALSE FALSE FALSE FALSE FALSE ...
 $ Race.IsAnalyzeFullPastAndFuture  : logi  TRUE TRUE TRUE TRUE TRUE TRUE ...
 $ Race.IsAnalyzeFullPast           : logi  TRUE TRUE TRUE TRUE TRUE TRUE ...
 $ Race.IsAnalyzeFullFuture         : logi  FALSE FALSE FALSE FALSE FALSE FALSE ...
 $ Race.JyokenCd                    : Factor w/ 1 level "2": 1 1 1 1 1 1 1 1 1 1 ...
 $ Race.RaceType1Cd                 : Factor w/ 1 level "1-2-E": 1 1 1 1 1 1 1 1 1 1 ...
 $ RaceHorse.RaceId                 : Factor w/ 529 levels "20160109-06-01-02-10",..: 1 1 2 2 2 3 3 3 4 4 ...
 $ RaceHorse.KettoNum               : Factor w/ 1194 levels "2009104585","2010103182",..: 11 12 13 14 15 16 17 18 19 20 ...
 $ RaceHorse.IsHit1                 : int  0 0 0 0 1 0 0 0 0 0 ...
 $ RaceHorse.IsHit2                 : int  0 0 0 0 0 0 0 0 0 0 ...
 $ RaceHorse.IsHit3                 : int  0 0 0 0 0 0 0 0 0 0 ...
 $ RaceHorse.IsHit4                 : int  0 0 0 0 0 0 0 0 0 0 ...
 $ RaceHorse.IsHit5                 : int  1 0 0 1 0 0 0 0 0 0 ...
 $ RaceHorse.IsHit6                 : int  0 1 1 0 0 1 1 1 1 1 ...
 $ RaceHorse.IsValidRaceHorse       : logi  TRUE TRUE TRUE TRUE TRUE TRUE ...
 $ RaceHorse.IsHitA                 : int  0 0 0 0 1 0 0 0 0 0 ...
 $ RaceHorse.IsHitB                 : int  0 0 0 0 1 0 0 0 0 0 ...
 $ RaceHorse.IsHitC                 : int  0 0 0 0 1 0 0 0 0 0 ...
 $ Gen02.HansyokuNum                : Factor w/ 1013 levels "12254736","12246412",..: 11 12 13 14 15 16 17 18 19 20 ...
 $ Gen02.TimeSdvByRaceAvg           : num  -0.6214 0.5824 -1.7606 0.0978 0.679 ...
 $ Gen02.TimeSdvByRaceMin           : num  -0.6214 0.2097 -1.8884 0.0978 0.679 ...
 $ Gen02.TimeSdvByRaceMax           : num  -0.6214 0.9551 -1.6329 0.0978 0.679 ...
 $ Gen02.OrderOfFinishSdvAvg        : num  -0.587 0.801 -1.05 0.801 0.57 ...
 $ Gen02.RunCount                   : int  1 2 2 1 1 2 1 1 1 2 ...
 $ Gen02.HitCount1                  : int  0 1 0 0 0 0 0 0 0 1 ...
 $ Gen02.HitCount2                  : int  0 0 0 0 0 0 0 0 0 0 ...
 $ Gen02.HitCount3                  : int  0 0 0 0 0 0 0 0 0 0 ...
 $ Gen02.HitCount4                  : int  0 0 0 1 0 0 0 0 0 0 ...
 $ Gen02.HitCount5                  : int  0 0 0 0 1 0 0 0 0 0 ...
 $ Gen02.HitRate1                   : num  0 0.5 0 0 0 0 0 0 0 0.5 ...
 $ Gen02.HitRate2                   : num  0 0 0 0 0 0 0 0 0 0 ...
 $ Gen02.HitRate3                   : num  0 0 0 0 0 0 0 0 0 0 ...
 $ Gen02.HitRate4                   : num  0 0 0 1 0 0 0 0 0 0 ...
 $ Gen02.HitRate5                   : num  0 0 0 0 1 0 0 0 0 0 ...
 $ EOF                              : int  1 1 1 1 1 1 1 1 1 1 ...
[1] "2022-02-21 22:15:40 --- RxSqlServerData Finish ---"
[1] "2022-02-21 22:15:40 --- subset Start ---"
[1] "--------------------------------------------------------------------------------"
[1] "nrow(data) subset before=5857"
[1] "nrow(data) subset after =5857"
[1] "nrow(data) subset diff =0"
[1] "--------------------------------------------------------------------------------"
[1] "2022-02-21 22:15:40 --- subset Finish---"
[1] "2022-02-21 22:15:40 --- transform Start ---"
[1] "--------------------------------------------------------------------------------"
[1] "nrow(data) transform before=5857"
[1] "nrow(data) transform after=5857"
[1] "nrow(data) transform diff=0"
[1] "--------------------------------------------------------------------------------"
[1] "str(data)="
'data.frame':	5857 obs. of  39 variables:
 $ Race.RaceId                      : Factor w/ 529 levels "20160109-06-01-02-10",..: 1 1 2 2 2 3 3 3 4 4 ...
 $ Race.IsPredictedRace             : logi  TRUE TRUE TRUE TRUE TRUE TRUE ...
 $ Race.IsAnalyzeNormalPastAndFuture: logi  TRUE TRUE TRUE TRUE TRUE TRUE ...
 $ Race.IsAnalyzeNormalPast         : logi  TRUE TRUE TRUE TRUE TRUE TRUE ...
 $ Race.IsAnalyzeNormalFuture       : logi  FALSE FALSE FALSE FALSE FALSE FALSE ...
 $ Race.IsAnalyzeFullPastAndFuture  : logi  TRUE TRUE TRUE TRUE TRUE TRUE ...
 $ Race.IsAnalyzeFullPast           : logi  TRUE TRUE TRUE TRUE TRUE TRUE ...
 $ Race.IsAnalyzeFullFuture         : logi  FALSE FALSE FALSE FALSE FALSE FALSE ...
 $ Race.JyokenCd                    : Factor w/ 1 level "2": 1 1 1 1 1 1 1 1 1 1 ...
 $ Race.RaceType1Cd                 : Factor w/ 1 level "1-2-E": 1 1 1 1 1 1 1 1 1 1 ...
 $ RaceHorse.RaceId                 : Factor w/ 529 levels "20160109-06-01-02-10",..: 1 1 2 2 2 3 3 3 4 4 ...
 $ RaceHorse.KettoNum               : Factor w/ 1194 levels "2009104585","2010103182",..: 11 12 13 14 15 16 17 18 19 20 ...
 $ RaceHorse.IsHit1                 : int  0 0 0 0 1 0 0 0 0 0 ...
 $ RaceHorse.IsHit2                 : int  0 0 0 0 0 0 0 0 0 0 ...
 $ RaceHorse.IsHit3                 : int  0 0 0 0 0 0 0 0 0 0 ...
 $ RaceHorse.IsHit4                 : int  0 0 0 0 0 0 0 0 0 0 ...
 $ RaceHorse.IsHit5                 : int  1 0 0 1 0 0 0 0 0 0 ...
 $ RaceHorse.IsHit6                 : int  0 1 1 0 0 1 1 1 1 1 ...
 $ RaceHorse.IsValidRaceHorse       : logi  TRUE TRUE TRUE TRUE TRUE TRUE ...
 $ RaceHorse.IsHitA                 : int  0 0 0 0 1 0 0 0 0 0 ...
 $ RaceHorse.IsHitB                 : int  0 0 0 0 1 0 0 0 0 0 ...
 $ RaceHorse.IsHitC                 : int  0 0 0 0 1 0 0 0 0 0 ...
 $ Gen02.HansyokuNum                : Factor w/ 1013 levels "12254736","12246412",..: 11 12 13 14 15 16 17 18 19 20 ...
 $ Gen02.TimeSdvByRaceAvg           : num  -0.6214 0.5824 -1.7606 0.0978 0.679 ...
 $ Gen02.TimeSdvByRaceMin           : num  -0.6214 0.2097 -1.8884 0.0978 0.679 ...
 $ Gen02.TimeSdvByRaceMax           : num  -0.6214 0.9551 -1.6329 0.0978 0.679 ...
 $ Gen02.OrderOfFinishSdvAvg        : num  -0.587 0.801 -1.05 0.801 0.57 ...
 $ Gen02.RunCount                   : int  1 2 2 1 1 2 1 1 1 2 ...
 $ Gen02.HitCount1                  : int  0 1 0 0 0 0 0 0 0 1 ...
 $ Gen02.HitCount2                  : int  0 0 0 0 0 0 0 0 0 0 ...
 $ Gen02.HitCount3                  : int  0 0 0 0 0 0 0 0 0 0 ...
 $ Gen02.HitCount4                  : int  0 0 0 1 0 0 0 0 0 0 ...
 $ Gen02.HitCount5                  : int  0 0 0 0 1 0 0 0 0 0 ...
 $ Gen02.HitRate1                   : num  0 0.5 0 0 0 0 0 0 0 0.5 ...
 $ Gen02.HitRate2                   : num  0 0 0 0 0 0 0 0 0 0 ...
 $ Gen02.HitRate3                   : num  0 0 0 0 0 0 0 0 0 0 ...
 $ Gen02.HitRate4                   : num  0 0 0 1 0 0 0 0 0 0 ...
 $ Gen02.HitRate5                   : num  0 0 0 0 1 0 0 0 0 0 ...
 $ EOF                              : int  1 1 1 1 1 1 1 1 1 1 ...
NULL
[1] "2022-02-21 22:15:41 --- transform Finish ---"
[1] "2022-02-21 22:15:41 --- na.omit Start ---"
[1] "--------------------------------------------------------------------------------"
[1] "nrow(data) na.omit before=5857"
[1] "nrow(data) na.omit after =5857"
[1] "nrow(data) na.omit diff =0"
[1] "--------------------------------------------------------------------------------"
'data.frame':	5857 obs. of  39 variables:
 $ Race.RaceId                      : Factor w/ 529 levels "20160109-06-01-02-10",..: 1 1 2 2 2 3 3 3 4 4 ...
 $ Race.IsPredictedRace             : logi  TRUE TRUE TRUE TRUE TRUE TRUE ...
 $ Race.IsAnalyzeNormalPastAndFuture: logi  TRUE TRUE TRUE TRUE TRUE TRUE ...
 $ Race.IsAnalyzeNormalPast         : logi  TRUE TRUE TRUE TRUE TRUE TRUE ...
 $ Race.IsAnalyzeNormalFuture       : logi  FALSE FALSE FALSE FALSE FALSE FALSE ...
 $ Race.IsAnalyzeFullPastAndFuture  : logi  TRUE TRUE TRUE TRUE TRUE TRUE ...
 $ Race.IsAnalyzeFullPast           : logi  TRUE TRUE TRUE TRUE TRUE TRUE ...
 $ Race.IsAnalyzeFullFuture         : logi  FALSE FALSE FALSE FALSE FALSE FALSE ...
 $ Race.JyokenCd                    : Factor w/ 1 level "2": 1 1 1 1 1 1 1 1 1 1 ...
 $ Race.RaceType1Cd                 : Factor w/ 1 level "1-2-E": 1 1 1 1 1 1 1 1 1 1 ...
 $ RaceHorse.RaceId                 : Factor w/ 529 levels "20160109-06-01-02-10",..: 1 1 2 2 2 3 3 3 4 4 ...
 $ RaceHorse.KettoNum               : Factor w/ 1194 levels "2009104585","2010103182",..: 11 12 13 14 15 16 17 18 19 20 ...
 $ RaceHorse.IsHit1                 : int  0 0 0 0 1 0 0 0 0 0 ...
 $ RaceHorse.IsHit2                 : int  0 0 0 0 0 0 0 0 0 0 ...
 $ RaceHorse.IsHit3                 : int  0 0 0 0 0 0 0 0 0 0 ...
 $ RaceHorse.IsHit4                 : int  0 0 0 0 0 0 0 0 0 0 ...
 $ RaceHorse.IsHit5                 : int  1 0 0 1 0 0 0 0 0 0 ...
 $ RaceHorse.IsHit6                 : int  0 1 1 0 0 1 1 1 1 1 ...
 $ RaceHorse.IsValidRaceHorse       : logi  TRUE TRUE TRUE TRUE TRUE TRUE ...
 $ RaceHorse.IsHitA                 : int  0 0 0 0 1 0 0 0 0 0 ...
 $ RaceHorse.IsHitB                 : int  0 0 0 0 1 0 0 0 0 0 ...
 $ RaceHorse.IsHitC                 : int  0 0 0 0 1 0 0 0 0 0 ...
 $ Gen02.HansyokuNum                : Factor w/ 1013 levels "12254736","12246412",..: 11 12 13 14 15 16 17 18 19 20 ...
 $ Gen02.TimeSdvByRaceAvg           : num  -0.6214 0.5824 -1.7606 0.0978 0.679 ...
 $ Gen02.TimeSdvByRaceMin           : num  -0.6214 0.2097 -1.8884 0.0978 0.679 ...
 $ Gen02.TimeSdvByRaceMax           : num  -0.6214 0.9551 -1.6329 0.0978 0.679 ...
 $ Gen02.OrderOfFinishSdvAvg        : num  -0.587 0.801 -1.05 0.801 0.57 ...
 $ Gen02.RunCount                   : int  1 2 2 1 1 2 1 1 1 2 ...
 $ Gen02.HitCount1                  : int  0 1 0 0 0 0 0 0 0 1 ...
 $ Gen02.HitCount2                  : int  0 0 0 0 0 0 0 0 0 0 ...
 $ Gen02.HitCount3                  : int  0 0 0 0 0 0 0 0 0 0 ...
 $ Gen02.HitCount4                  : int  0 0 0 1 0 0 0 0 0 0 ...
 $ Gen02.HitCount5                  : int  0 0 0 0 1 0 0 0 0 0 ...
 $ Gen02.HitRate1                   : num  0 0.5 0 0 0 0 0 0 0 0.5 ...
 $ Gen02.HitRate2                   : num  0 0 0 0 0 0 0 0 0 0 ...
 $ Gen02.HitRate3                   : num  0 0 0 0 0 0 0 0 0 0 ...
 $ Gen02.HitRate4                   : num  0 0 0 1 0 0 0 0 0 0 ...
 $ Gen02.HitRate5                   : num  0 0 0 0 1 0 0 0 0 0 ...
 $ EOF                              : int  1 1 1 1 1 1 1 1 1 1 ...
[1] "2022-02-21 22:15:41 --- na.omit Finish ---"
[1] "2022-02-21 22:15:41 --- rxGlm with rxStepControl Start ---"

> print(paste0(Sys.time(), " --- source_logic_glm.R Start ---"))
[1] "2022-02-21 22:15:41 --- source_logic_glm.R Start ---"

> formula <- formula(RaceHorse.IsHitA ~ +1 + Gen02.OrderOfFinishSdvAvg)

> print(paste0(Sys.time(), " --- source_logic_glm.R Finished ---"))
[1] "2022-02-21 22:15:41 --- source_logic_glm.R Finished ---"
Rows Read: 5857, Total Rows Processed: 5857, Total Chunk Time: Less than .001 seconds 

Starting values (iteration 1) time: 0.009 secs.
Rows Read: 5857, Total Rows Processed: 5857, Total Chunk Time: 0.001 seconds 

Iteration 2 time: 0.006 secs.
Rows Read: 5857, Total Rows Processed: 5857, Total Chunk Time: Less than .001 seconds 

Iteration 3 time: 0.005 secs.
Rows Read: 5857, Total Rows Processed: 5857, Total Chunk Time: 0.001 seconds 

Iteration 4 time: 0.005 secs.
Rows Read: 5857, Total Rows Processed: 5857, Total Chunk Time: Less than .001 seconds 

Iteration 5 time: 0.005 secs.

Elapsed computation time: 0.049 secs.
Rows Read: 5857, Total Rows Processed: 5857, Total Chunk Time: Less than .001 seconds 

Starting values (iteration 1) time: 0.006 secs.
Rows Read: 5857, Total Rows Processed: 5857, Total Chunk Time: 0.001 seconds 

Iteration 2 time: 0.005 secs.

Elapsed computation time: 0.020 secs.
Rows Read: 5857, Total Rows Processed: 5857, Total Chunk Time: 0.001 seconds 

Starting values (iteration 1) time: 0.006 secs.
Rows Read: 5857, Total Rows Processed: 5857, Total Chunk Time: 0.002 seconds 

Iteration 2 time: 0.006 secs.
Rows Read: 5857, Total Rows Processed: 5857, Total Chunk Time: Less than .001 seconds 

Iteration 3 time: 0.009 secs.
Rows Read: 5857, Total Rows Processed: 5857, Total Chunk Time: Less than .001 seconds 

Iteration 4 time: 0.004 secs.
Rows Read: 5857, Total Rows Processed: 5857, Total Chunk Time: 0.002 seconds 

Iteration 5 time: 0.004 secs.

Elapsed computation time: 0.054 secs.

Elapsed computation time: 0.141 secs.
[1] "--------------------------------------------------------------------------------"
[1] "analyze.results.glm.step="
Logistic Regression Results for: RaceHorse.IsHitA ~
    Gen02.OrderOfFinishSdvAvg
Data: data
Dependent variable(s): RaceHorse.IsHitA
Total independent variables: 2 
Number of valid observations: 5857
Number of missing observations: 0 
 
Coefficients:
                          RaceHorse.IsHitA
(Intercept)                           -2.6
Gen02.OrderOfFinishSdvAvg              0.5
[1] "analyze.results.glm.step.summary"
Call:
rxLogit(formula = formula, data = data, variableSelection = analyze.results.glm.step.varsel)

Logistic Regression Results for: RaceHorse.IsHitA ~
    Gen02.OrderOfFinishSdvAvg
Data: data
Dependent variable(s): RaceHorse.IsHitA
Total independent variables: 2 
Number of valid observations: 5857
Number of missing observations: 0 
-2*LogLikelihood: 3009.837 (Residual deviance on 5855 degrees of freedom)
 
Coefficients:
                          Estimate Std. Error z value Pr(>|z|)    
(Intercept)                -2.6424     0.0554  -47.68  2.2e-16 ***
Gen02.OrderOfFinishSdvAvg   0.4856     0.0637    7.62  2.2e-16 ***
---
Signif. codes:  0 '***' 0.001 '**' 0.01 '*' 0.05 '.' 0.1 ' ' 1

Condition number of final variance-covariance matrix: 1 
Number of iterations: 5
[1] "--------------------------------------------------------------------------------"
[1] "2022-02-21 22:15:41 --- rxGlm with rxStepControl Finish ---"
[1] "2022-02-21 22:15:41 --- rxStepPlot Start ---"
[1] "pdfFilename=pdf_analyze_glm_Gen02_Type12_rxStepPlot.pdf"
[1] "rxStepPlot="
[1] "2022-02-21 22:15:41 --- rxStepPlot Finish ---"
[1] "2022-02-21 22:15:41 --- save.image Start ---"
[1] "save.image"
[1] "rdataFilename=RData_analyze_glm_Gen02_Type12.RData"
[1] "2022-02-21 22:15:41 --- save.image Finish ---"
[1] "2022-02-21 22:15:41 --- final Start ---"
[1] "--------------------------------------------------------------------------------"
[1] "nrow(data) final=5857"
[1] "--------------------------------------------------------------------------------"
[1] "2022-02-21 22:15:41 --- final Finish ---"
[1] "2022-02-21 22:15:41 --- analyze_glm.R Finished ---"
[1] "2022-02-21 22:15:41 --- log Finish ---"
