[1] "2022-02-25 20:25:44 --- D1115_analyze_glm_Horse_IsHitA_Type13 Start ---"
[1] "2022-02-25 20:25:45 --- Log Start ---"
[1] "2022-02-25 20:25:45 --- analyze_glm.R Start ---"
[1] "analyzeVersion=D1115"
[1] "analyzeCategory=analyze"
[1] "analyzeType=Horse"
[1] "analyzeFamily=IsHitA"
[1] "analyzeFunc=glm"
[1] "analyzeTrackTypeCd=1"
[1] "analyzeJyokenCd=3"
[1] "2022-02-25 20:25:46 --- source_function.R Start ---"
[1] "2022-02-25 20:25:46 --- source_function.R Finished ---"

> print(paste0(Sys.time(), " --- source_library.R Start ---"))
[1] "2022-02-25 20:25:48 --- source_library.R Start ---"

> require("RevoScaleR")

> print(paste0(Sys.time(), " --- source_library.R Finished ---"))
[1] "2022-02-25 20:25:51 --- source_library.R Finished ---"
[1] "2022-02-25 20:25:51 --- RxSqlServerData Start ---"
[1] "2022-02-25 20:25:52 --- RxInSqlServer Start ---"
[1] "2022-02-25 20:25:52 --- RxInSqlServer Finish ---"
[1] "2022-02-25 20:25:52 --- rxSetComputeContext Start ---"
[1] "2022-02-25 20:25:52 --- rxSetComputeContext Finish ---"
[1] "2022-02-25 20:25:52 --- RxSqlServerData Start ---"
[1] "sqlQuery=SELECT * FROM ViewAnalyzeD1115analyze01HorseType13"
[1] "2022-02-25 20:25:53 --- RxSqlServerData Finish ---"
[1] "2022-02-25 20:25:53 --- rxGetVarInfo Start ---"
[1] "2022-02-25 20:25:55 --- rxGetVarInfo Finish---"
[1] "2022-02-25 20:25:55 --- rxImport Start ---"
Rows Read: 14902, Total Rows Processed: 14902, Total Chunk Time: 11.188 seconds 
[1] "2022-02-25 20:26:23 --- rxImport Finish ---"
[1] "object.size(data) auto=4.7 Mb"
[1] "--------------------------------------------------------------------------------"
[1] "nrow(data) RxSqlServerData=14902"
[1] "--------------------------------------------------------------------------------"
[1] "str(data)="
'data.frame':	14902 obs. of  44 variables:
 $ Race.RaceId                      : Factor w/ 1192 levels "20161120-08-05-06-10",..: 2 2 2 2 2 2 2 2 2 2 ...
 $ Race.IsPredictedRace             : logi  TRUE TRUE TRUE TRUE TRUE TRUE ...
 $ Race.IsAnalyzeNormalPastAndFuture: logi  TRUE TRUE TRUE TRUE TRUE TRUE ...
 $ Race.IsAnalyzeNormalPast         : logi  TRUE TRUE TRUE TRUE TRUE TRUE ...
 $ Race.IsAnalyzeNormalFuture       : logi  FALSE FALSE FALSE FALSE FALSE FALSE ...
 $ Race.IsAnalyzeFullPastAndFuture  : logi  TRUE TRUE TRUE TRUE TRUE TRUE ...
 $ Race.IsAnalyzeFullPast           : logi  TRUE TRUE TRUE TRUE TRUE TRUE ...
 $ Race.IsAnalyzeFullFuture         : logi  FALSE FALSE FALSE FALSE FALSE FALSE ...
 $ Race.JyokenCd                    : Factor w/ 1 level "3": 1 1 1 1 1 1 1 1 1 1 ...
 $ Race.JyoType1Cd                  : Factor w/ 154 levels "1-08-1800-3-1",..: 2 2 2 2 2 2 2 2 2 2 ...
 $ Race.RaceType1Cd                 : Factor w/ 6 levels "1-3-E-2","1-3-E-1",..: 2 2 2 2 2 2 2 2 2 2 ...
 $ RaceHorse.RaceId                 : Factor w/ 1192 levels "20161120-08-05-06-10",..: 2 2 2 2 2 2 2 2 2 2 ...
 $ RaceHorse.KettoNum               : Factor w/ 3006 levels "2011101467","2011103781",..: 11 12 13 14 15 16 17 18 19 20 ...
 $ RaceHorse.IsHit1                 : num  0 0 0 0 0 0 0 0 0 0 ...
 $ RaceHorse.IsHit2                 : num  0 0 0 0 0 0 0 1 0 0 ...
 $ RaceHorse.IsHit3                 : num  0 0 0 0 0 0 1 0 0 0 ...
 $ RaceHorse.IsHit4                 : num  0 0 0 0 0 0 0 0 1 0 ...
 $ RaceHorse.IsHit5                 : num  0 0 0 0 0 0 0 0 0 0 ...
 $ RaceHorse.IsHit6                 : num  1 1 1 1 1 1 0 0 0 1 ...
 $ RaceHorse.IsValidRaceHorse       : logi  TRUE TRUE TRUE TRUE TRUE TRUE ...
 $ RaceHorse.TimeSdv                : num  -0.0627 0.4991 -0.3838 0.1781 0.4991 ...
 $ RaceHorse.IsHitA                 : num  0 0 0 0 0 0 0 0 0 0 ...
 $ RaceHorse.IsHitB                 : num  0 0 0 0 0 0 0 1 0 0 ...
 $ RaceHorse.IsHitC                 : num  0 0 0 0 0 0 1 1 0 0 ...
 $ Horse.KettoNum                   : Factor w/ 3006 levels "2011101467","2011103781",..: 11 12 13 14 15 16 17 18 19 20 ...
 $ Horse.TimeSdvByRaceAvg           : num  0.3977 -0.0693 0.14 0.4542 0.4189 ...
 $ Horse.TimeSdvByRaceMin           : num  -1.39 -1.76 -1.74 -1.79 -2.39 ...
 $ Horse.TimeSdvByRaceMax           : num  1.58 1.22 1.58 1.77 1.28 ...
 $ Horse.TimeSdvAvg                 : num  0.3454 0.2807 0.0886 0.2937 0.2537 ...
 $ Horse.TimeSdvMin                 : num  -1.72 -1.25 -1.17 -1.36 -1.5 ...
 $ Horse.TimeSdvMax                 : num  2.01 1.52 1.67 2.22 1.65 ...
 $ Horse.OrderOfFinishSdvAvg        : num  0.4235 0.0946 0.1706 0.6102 0.4822 ...
 $ Horse.RunCount                   : num  38 19 27 26 24 11 23 21 8 12 ...
 $ Horse.HitCount1                  : num  3 3 2 3 2 1 3 2 2 2 ...
 $ Horse.HitCount2                  : num  6 0 0 3 2 4 3 0 1 3 ...
 $ Horse.HitCount3                  : num  5 0 1 3 6 0 6 2 1 2 ...
 $ Horse.HitCount4                  : num  3 2 4 5 2 1 4 1 1 1 ...
 $ Horse.HitCount5                  : num  4 1 3 4 0 2 2 1 0 0 ...
 $ Horse.HitRate1                   : num  0.0789 0.1579 0.0741 0.1154 0.0833 ...
 $ Horse.HitRate2                   : num  0.1579 0 0 0.1154 0.0833 ...
 $ Horse.HitRate3                   : num  0.132 0 0.037 0.115 0.25 ...
 $ Horse.HitRate4                   : num  0.0789 0.1053 0.1481 0.1923 0.0833 ...
 $ Horse.HitRate5                   : num  0.1053 0.0526 0.1111 0.1538 0 ...
 $ EOF                              : int  1 1 1 1 1 1 1 1 1 1 ...
[1] "2022-02-25 20:32:30 --- RxSqlServerData Finish ---"
[1] "2022-02-25 20:32:37 --- subset Start ---"
[1] "--------------------------------------------------------------------------------"
[1] "nrow(data) subset before=14902"
[1] "nrow(data) subset after =14902"
[1] "nrow(data) subset diff =0"
[1] "--------------------------------------------------------------------------------"
[1] "2022-02-25 20:32:43 --- subset Finish---"
[1] "2022-02-25 20:32:44 --- transform Start ---"
[1] "--------------------------------------------------------------------------------"
[1] "nrow(data) transform before=14902"
[1] "nrow(data) transform after=14902"
[1] "nrow(data) transform diff=0"
[1] "--------------------------------------------------------------------------------"
[1] "str(data)="
'data.frame':	14902 obs. of  44 variables:
 $ Race.RaceId                      : Factor w/ 1192 levels "20161120-08-05-06-10",..: 2 2 2 2 2 2 2 2 2 2 ...
 $ Race.IsPredictedRace             : logi  TRUE TRUE TRUE TRUE TRUE TRUE ...
 $ Race.IsAnalyzeNormalPastAndFuture: logi  TRUE TRUE TRUE TRUE TRUE TRUE ...
 $ Race.IsAnalyzeNormalPast         : logi  TRUE TRUE TRUE TRUE TRUE TRUE ...
 $ Race.IsAnalyzeNormalFuture       : logi  FALSE FALSE FALSE FALSE FALSE FALSE ...
 $ Race.IsAnalyzeFullPastAndFuture  : logi  TRUE TRUE TRUE TRUE TRUE TRUE ...
 $ Race.IsAnalyzeFullPast           : logi  TRUE TRUE TRUE TRUE TRUE TRUE ...
 $ Race.IsAnalyzeFullFuture         : logi  FALSE FALSE FALSE FALSE FALSE FALSE ...
 $ Race.JyokenCd                    : Factor w/ 1 level "3": 1 1 1 1 1 1 1 1 1 1 ...
 $ Race.JyoType1Cd                  : Factor w/ 154 levels "1-08-1800-3-1",..: 2 2 2 2 2 2 2 2 2 2 ...
 $ Race.RaceType1Cd                 : Factor w/ 6 levels "1-3-E-2","1-3-E-1",..: 2 2 2 2 2 2 2 2 2 2 ...
 $ RaceHorse.RaceId                 : Factor w/ 1192 levels "20161120-08-05-06-10",..: 2 2 2 2 2 2 2 2 2 2 ...
 $ RaceHorse.KettoNum               : Factor w/ 3006 levels "2011101467","2011103781",..: 11 12 13 14 15 16 17 18 19 20 ...
 $ RaceHorse.IsHit1                 : num  0 0 0 0 0 0 0 0 0 0 ...
 $ RaceHorse.IsHit2                 : num  0 0 0 0 0 0 0 1 0 0 ...
 $ RaceHorse.IsHit3                 : num  0 0 0 0 0 0 1 0 0 0 ...
 $ RaceHorse.IsHit4                 : num  0 0 0 0 0 0 0 0 1 0 ...
 $ RaceHorse.IsHit5                 : num  0 0 0 0 0 0 0 0 0 0 ...
 $ RaceHorse.IsHit6                 : num  1 1 1 1 1 1 0 0 0 1 ...
 $ RaceHorse.IsValidRaceHorse       : logi  TRUE TRUE TRUE TRUE TRUE TRUE ...
 $ RaceHorse.TimeSdv                : num  -0.0627 0.4991 -0.3838 0.1781 0.4991 ...
 $ RaceHorse.IsHitA                 : num  0 0 0 0 0 0 0 0 0 0 ...
 $ RaceHorse.IsHitB                 : num  0 0 0 0 0 0 0 1 0 0 ...
 $ RaceHorse.IsHitC                 : num  0 0 0 0 0 0 1 1 0 0 ...
 $ Horse.KettoNum                   : Factor w/ 3006 levels "2011101467","2011103781",..: 11 12 13 14 15 16 17 18 19 20 ...
 $ Horse.TimeSdvByRaceAvg           : num  0.3977 -0.0693 0.14 0.4542 0.4189 ...
 $ Horse.TimeSdvByRaceMin           : num  -1.39 -1.76 -1.74 -1.79 -2.39 ...
 $ Horse.TimeSdvByRaceMax           : num  1.58 1.22 1.58 1.77 1.28 ...
 $ Horse.TimeSdvAvg                 : num  0.3454 0.2807 0.0886 0.2937 0.2537 ...
 $ Horse.TimeSdvMin                 : num  -1.72 -1.25 -1.17 -1.36 -1.5 ...
 $ Horse.TimeSdvMax                 : num  2.01 1.52 1.67 2.22 1.65 ...
 $ Horse.OrderOfFinishSdvAvg        : num  0.4235 0.0946 0.1706 0.6102 0.4822 ...
 $ Horse.RunCount                   : num  38 19 27 26 24 11 23 21 8 12 ...
 $ Horse.HitCount1                  : num  3 3 2 3 2 1 3 2 2 2 ...
 $ Horse.HitCount2                  : num  6 0 0 3 2 4 3 0 1 3 ...
 $ Horse.HitCount3                  : num  5 0 1 3 6 0 6 2 1 2 ...
 $ Horse.HitCount4                  : num  3 2 4 5 2 1 4 1 1 1 ...
 $ Horse.HitCount5                  : num  4 1 3 4 0 2 2 1 0 0 ...
 $ Horse.HitRate1                   : num  0.0789 0.1579 0.0741 0.1154 0.0833 ...
 $ Horse.HitRate2                   : num  0.1579 0 0 0.1154 0.0833 ...
 $ Horse.HitRate3                   : num  0.132 0 0.037 0.115 0.25 ...
 $ Horse.HitRate4                   : num  0.0789 0.1053 0.1481 0.1923 0.0833 ...
 $ Horse.HitRate5                   : num  0.1053 0.0526 0.1111 0.1538 0 ...
 $ EOF                              : int  1 1 1 1 1 1 1 1 1 1 ...
NULL
[1] "2022-02-25 20:32:58 --- transform Finish ---"
[1] "2022-02-25 20:32:58 --- na.omit Start ---"
[1] "--------------------------------------------------------------------------------"
[1] "nrow(data) na.omit before=14902"
[1] "nrow(data) na.omit after =14830"
[1] "nrow(data) na.omit diff =72"
[1] "--------------------------------------------------------------------------------"
'data.frame':	14830 obs. of  44 variables:
 $ Race.RaceId                      : Factor w/ 1192 levels "20161120-08-05-06-10",..: 2 2 2 2 2 2 2 2 2 2 ...
 $ Race.IsPredictedRace             : logi  TRUE TRUE TRUE TRUE TRUE TRUE ...
 $ Race.IsAnalyzeNormalPastAndFuture: logi  TRUE TRUE TRUE TRUE TRUE TRUE ...
 $ Race.IsAnalyzeNormalPast         : logi  TRUE TRUE TRUE TRUE TRUE TRUE ...
 $ Race.IsAnalyzeNormalFuture       : logi  FALSE FALSE FALSE FALSE FALSE FALSE ...
 $ Race.IsAnalyzeFullPastAndFuture  : logi  TRUE TRUE TRUE TRUE TRUE TRUE ...
 $ Race.IsAnalyzeFullPast           : logi  TRUE TRUE TRUE TRUE TRUE TRUE ...
 $ Race.IsAnalyzeFullFuture         : logi  FALSE FALSE FALSE FALSE FALSE FALSE ...
 $ Race.JyokenCd                    : Factor w/ 1 level "3": 1 1 1 1 1 1 1 1 1 1 ...
 $ Race.JyoType1Cd                  : Factor w/ 154 levels "1-08-1800-3-1",..: 2 2 2 2 2 2 2 2 2 2 ...
 $ Race.RaceType1Cd                 : Factor w/ 6 levels "1-3-E-2","1-3-E-1",..: 2 2 2 2 2 2 2 2 2 2 ...
 $ RaceHorse.RaceId                 : Factor w/ 1192 levels "20161120-08-05-06-10",..: 2 2 2 2 2 2 2 2 2 2 ...
 $ RaceHorse.KettoNum               : Factor w/ 3006 levels "2011101467","2011103781",..: 11 12 13 14 15 16 17 18 19 20 ...
 $ RaceHorse.IsHit1                 : num  0 0 0 0 0 0 0 0 0 0 ...
 $ RaceHorse.IsHit2                 : num  0 0 0 0 0 0 0 1 0 0 ...
 $ RaceHorse.IsHit3                 : num  0 0 0 0 0 0 1 0 0 0 ...
 $ RaceHorse.IsHit4                 : num  0 0 0 0 0 0 0 0 1 0 ...
 $ RaceHorse.IsHit5                 : num  0 0 0 0 0 0 0 0 0 0 ...
 $ RaceHorse.IsHit6                 : num  1 1 1 1 1 1 0 0 0 1 ...
 $ RaceHorse.IsValidRaceHorse       : logi  TRUE TRUE TRUE TRUE TRUE TRUE ...
 $ RaceHorse.TimeSdv                : num  -0.0627 0.4991 -0.3838 0.1781 0.4991 ...
 $ RaceHorse.IsHitA                 : num  0 0 0 0 0 0 0 0 0 0 ...
 $ RaceHorse.IsHitB                 : num  0 0 0 0 0 0 0 1 0 0 ...
 $ RaceHorse.IsHitC                 : num  0 0 0 0 0 0 1 1 0 0 ...
 $ Horse.KettoNum                   : Factor w/ 3006 levels "2011101467","2011103781",..: 11 12 13 14 15 16 17 18 19 20 ...
 $ Horse.TimeSdvByRaceAvg           : num  0.3977 -0.0693 0.14 0.4542 0.4189 ...
 $ Horse.TimeSdvByRaceMin           : num  -1.39 -1.76 -1.74 -1.79 -2.39 ...
 $ Horse.TimeSdvByRaceMax           : num  1.58 1.22 1.58 1.77 1.28 ...
 $ Horse.TimeSdvAvg                 : num  0.3454 0.2807 0.0886 0.2937 0.2537 ...
 $ Horse.TimeSdvMin                 : num  -1.72 -1.25 -1.17 -1.36 -1.5 ...
 $ Horse.TimeSdvMax                 : num  2.01 1.52 1.67 2.22 1.65 ...
 $ Horse.OrderOfFinishSdvAvg        : num  0.4235 0.0946 0.1706 0.6102 0.4822 ...
 $ Horse.RunCount                   : num  38 19 27 26 24 11 23 21 8 12 ...
 $ Horse.HitCount1                  : num  3 3 2 3 2 1 3 2 2 2 ...
 $ Horse.HitCount2                  : num  6 0 0 3 2 4 3 0 1 3 ...
 $ Horse.HitCount3                  : num  5 0 1 3 6 0 6 2 1 2 ...
 $ Horse.HitCount4                  : num  3 2 4 5 2 1 4 1 1 1 ...
 $ Horse.HitCount5                  : num  4 1 3 4 0 2 2 1 0 0 ...
 $ Horse.HitRate1                   : num  0.0789 0.1579 0.0741 0.1154 0.0833 ...
 $ Horse.HitRate2                   : num  0.1579 0 0 0.1154 0.0833 ...
 $ Horse.HitRate3                   : num  0.132 0 0.037 0.115 0.25 ...
 $ Horse.HitRate4                   : num  0.0789 0.1053 0.1481 0.1923 0.0833 ...
 $ Horse.HitRate5                   : num  0.1053 0.0526 0.1111 0.1538 0 ...
 $ EOF                              : int  1 1 1 1 1 1 1 1 1 1 ...
 - attr(*, "na.action")= 'omit' Named int  540 639 1114 1169 1269 1411 1427 1615 1686 1820 ...
  ..- attr(*, "names")= chr  "540" "639" "1114" "1169" ...
[1] "2022-02-25 20:33:05 --- na.omit Finish ---"
[1] "2022-02-25 20:33:05 --- rxGlm with rxStepControl Start ---"

> print(paste0(Sys.time(), " --- source_logic_glm.R Start ---"))
[1] "2022-02-25 20:33:06 --- source_logic_glm.R Start ---"

> formula <- formula(RaceHorse.IsHitA ~ +1 + Horse.TimeSdvAvg)

> print(paste0(Sys.time(), " --- source_logic_glm.R Finished ---"))
[1] "2022-02-25 20:33:06 --- source_logic_glm.R Finished ---"
Rows Read: 14830, Total Rows Processed: 14830, Total Chunk Time: 0.001 seconds 

Starting values (iteration 1) time: 0.015 secs.
Rows Read: 14830, Total Rows Processed: 14830, Total Chunk Time: 0.002 seconds 

Iteration 2 time: 0.085 secs.
Rows Read: 14830, Total Rows Processed: 14830, Total Chunk Time: 0.002 seconds 

Iteration 3 time: 0.092 secs.
Rows Read: 14830, Total Rows Processed: 14830, Total Chunk Time: 0.002 seconds 

Iteration 4 time: 0.156 secs.
Rows Read: 14830, Total Rows Processed: 14830, Total Chunk Time: 0.002 seconds 

Iteration 5 time: 0.089 secs.

Elapsed computation time: 0.932 secs.
Rows Read: 14830, Total Rows Processed: 14830, Total Chunk Time: Less than .001 seconds 

Starting values (iteration 1) time: 0.082 secs.
Rows Read: 14830, Total Rows Processed: 14830, Total Chunk Time: 0.002 seconds 

Iteration 2 time: 0.091 secs.

Elapsed computation time: 0.395 secs.
Rows Read: 14830, Total Rows Processed: 14830, Total Chunk Time: 0.001 seconds 

Starting values (iteration 1) time: 0.088 secs.
Rows Read: 14830, Total Rows Processed: 14830, Total Chunk Time: 0.002 seconds 

Iteration 2 time: 0.084 secs.
Rows Read: 14830, Total Rows Processed: 14830, Total Chunk Time: 0.002 seconds 

Iteration 3 time: 0.086 secs.
Rows Read: 14830, Total Rows Processed: 14830, Total Chunk Time: 0.002 seconds 

Iteration 4 time: 0.085 secs.
Rows Read: 14830, Total Rows Processed: 14830, Total Chunk Time: 0.002 seconds 

Iteration 5 time: 0.092 secs.

Elapsed computation time: 0.895 secs.

Elapsed computation time: 2.579 secs.
[1] "--------------------------------------------------------------------------------"
[1] "analyze.results.glm.step="
Logistic Regression Results for: RaceHorse.IsHitA ~ Horse.TimeSdvAvg
Data: data
Dependent variable(s): RaceHorse.IsHitA
Total independent variables: 2 
Number of valid observations: 14830
Number of missing observations: 0 
 
Coefficients:
                 RaceHorse.IsHitA
(Intercept)                    -3
Horse.TimeSdvAvg                1
[1] "analyze.results.glm.step.summary"
Call:
rxLogit(formula = formula, data = data, variableSelection = analyze.results.glm.step.varsel)

Logistic Regression Results for: RaceHorse.IsHitA ~ Horse.TimeSdvAvg
Data: data
Dependent variable(s): RaceHorse.IsHitA
Total independent variables: 2 
Number of valid observations: 14830
Number of missing observations: 0 
-2*LogLikelihood: 8051.184 (Residual deviance on 14828 degrees of freedom)
 
Coefficients:
                 Estimate Std. Error z value Pr(>|z|)    
(Intercept)       -2.9592     0.0499   -59.4  2.2e-16 ***
Horse.TimeSdvAvg   1.4790     0.0950    15.6  2.2e-16 ***
---
Signif. codes:  0 '***' 0.001 '**' 0.01 '*' 0.05 '.' 0.1 ' ' 1

Condition number of final variance-covariance matrix: 1 
Number of iterations: 5
[1] "--------------------------------------------------------------------------------"
[1] "2022-02-25 20:33:11 --- rxGlm with rxStepControl Finish ---"
[1] "2022-02-25 20:33:12 --- rxStepPlot Start ---"
[1] "pdfFilename=pdf_analyze_glm_Horse_Type13_rxStepPlot.pdf"
[1] "rxStepPlot="
[1] "2022-02-25 20:33:12 --- rxStepPlot Finish ---"
[1] "2022-02-25 20:33:12 --- save.image Start ---"
[1] "save.image"
[1] "rdataFilename=RData_analyze_glm_Horse_Type13.RData"
[1] "2022-02-25 20:33:12 --- save.image Finish ---"
[1] "2022-02-25 20:33:12 --- final Start ---"
[1] "--------------------------------------------------------------------------------"
[1] "nrow(data) final=14830"
[1] "--------------------------------------------------------------------------------"
[1] "2022-02-25 20:33:13 --- final Finish ---"
[1] "2022-02-25 20:33:13 --- analyze_glm.R Finished ---"
[1] "2022-02-25 20:33:13 --- log Finish ---"
