[1] "2022-03-08 19:08:22 --- D1115_analyze_glm_Jockey_IsHitA_Type12 Start ---"
[1] "2022-03-08 19:08:22 --- Log Start ---"
[1] "2022-03-08 19:08:22 --- analyze_glm.R Start ---"
[1] "analyzeVersion=D1115"
[1] "analyzeCategory=analyze"
[1] "analyzeType=Jockey"
[1] "analyzeFamily=IsHitA"
[1] "analyzeFunc=glm"
[1] "analyzeTrackTypeCd=1"
[1] "analyzeJyokenCd=2"
[1] "2022-03-08 19:08:22 --- source_function.R Start ---"
[1] "2022-03-08 19:08:22 --- source_function.R Finished ---"

> print(paste0(Sys.time(), " --- source_library.R Start ---"))
[1] "2022-03-08 19:08:22 --- source_library.R Start ---"

> require("RevoScaleR")

> print(paste0(Sys.time(), " --- source_library.R Finished ---"))
[1] "2022-03-08 19:08:22 --- source_library.R Finished ---"
[1] "2022-03-08 19:08:22 --- RxSqlServerData Start ---"
[1] "2022-03-08 19:08:22 --- RxInSqlServer Start ---"
[1] "2022-03-08 19:08:22 --- RxInSqlServer Finish ---"
[1] "2022-03-08 19:08:22 --- rxSetComputeContext Start ---"
[1] "2022-03-08 19:08:22 --- rxSetComputeContext Finish ---"
[1] "2022-03-08 19:08:22 --- RxSqlServerData Start ---"
[1] "sqlQuery=SELECT * FROM ViewAnalyzeD1115analyze01JockeyType12"
[1] "2022-03-08 19:08:22 --- RxSqlServerData Finish ---"
[1] "2022-03-08 19:08:22 --- rxGetVarInfo Start ---"
[1] "2022-03-08 19:08:23 --- rxGetVarInfo Finish---"
[1] "2022-03-08 19:08:23 --- rxImport Start ---"
Rows Read: 6692, Total Rows Processed: 6692, Total Chunk Time: 43.516 seconds 
[1] "2022-03-08 19:11:20 --- rxImport Finish ---"
[1] "object.size(data) auto=2.2 Mb"
[1] "--------------------------------------------------------------------------------"
[1] "nrow(data) RxSqlServerData=6692"
[1] "--------------------------------------------------------------------------------"
[1] "str(data)="
'data.frame':	6692 obs. of  47 variables:
 $ Race.RaceId                      : Factor w/ 529 levels "20160213-08-02-05-10",..: 1 2 3 4 5 6 7 8 9 10 ...
 $ Race.IsAnalyzeNormalPastAndFuture: logi  TRUE TRUE TRUE TRUE TRUE TRUE ...
 $ Race.IsAnalyzeNormalPast         : logi  TRUE TRUE TRUE TRUE TRUE TRUE ...
 $ Race.IsAnalyzeNormalFuture       : logi  FALSE FALSE FALSE FALSE FALSE FALSE ...
 $ Race.IsAnalyzeFullPastAndFuture  : logi  TRUE TRUE TRUE TRUE TRUE TRUE ...
 $ Race.IsAnalyzeFullPast           : logi  TRUE TRUE TRUE TRUE TRUE TRUE ...
 $ Race.IsAnalyzeFullFuture         : logi  FALSE FALSE FALSE FALSE FALSE FALSE ...
 $ Race.JyokenCd                    : Factor w/ 1 level "2": 1 1 1 1 1 1 1 1 1 1 ...
 $ Race.JyoType1Cd                  : Factor w/ 112 levels "18-08-1800-1",..: 1 2 3 4 5 6 7 8 9 10 ...
 $ Race.RaceType1Cd                 : Factor w/ 2 levels "1-2-14","1-2-13": 1 1 1 1 2 2 2 1 1 1 ...
 $ RaceHorse.RaceId                 : Factor w/ 529 levels "20160213-08-02-05-10",..: 1 2 3 4 5 6 7 8 9 10 ...
 $ RaceHorse.KettoNum               : Factor w/ 1430 levels "2007100476","2007104687",..: 1 2 2 3 4 5 4 6 7 8 ...
 $ RaceHorse.IsHit1                 : num  0 0 0 0 0 0 0 0 0 0 ...
 $ RaceHorse.IsHit2                 : num  0 0 0 0 0 0 0 0 0 0 ...
 $ RaceHorse.IsHit3                 : num  0 0 0 0 1 0 0 0 0 0 ...
 $ RaceHorse.IsHit4                 : num  0 1 0 0 0 0 0 0 0 0 ...
 $ RaceHorse.IsHit5                 : num  0 0 0 0 0 0 0 1 0 0 ...
 $ RaceHorse.IsHit6                 : num  1 0 1 1 0 1 1 0 1 1 ...
 $ RaceHorse.IsValidRaceHorse       : logi  TRUE FALSE TRUE TRUE TRUE TRUE ...
 $ RaceHorse.FinishTimeSdvByRace    : num  -1.184 0.884 0.304 -0.208 0.977 ...
 $ RaceHorse.FirstTimeSdvByRace     : num  -1.082 -2.181 -1.26 -0.747 0.132 ...
 $ RaceHorse.LastTimeSdvByRace      : num  0.693 1.487 0.717 0.642 0.612 ...
 $ RaceHorse.FinishTimeSdv          : num  0.654 1.476 0.447 0.572 1.409 ...
 $ RaceHorse.FirstTimeSdv           : num  -0.2476 0.0767 -1.0854 -0.1231 0.0587 ...
 $ RaceHorse.LastTimeSdv            : num  1.43 1.64 1.47 1.03 1.85 ...
 $ RaceHorse.IsHitA                 : num  0 0 0 0 0 0 0 0 0 0 ...
 $ RaceHorse.IsHitB                 : num  0 0 0 0 0 0 0 0 0 0 ...
 $ RaceHorse.IsHitC                 : num  0 0 0 0 1 0 0 0 0 0 ...
 $ Jockey.FinishTimeSdvByRaceAvg    : num  -0.3303 -0.2637 -0.0184 -0.0907 0.3842 ...
 $ Jockey.FirstTimeSdvByRaceAvg     : num  0.321 0.1489 -0.1374 0.1386 -0.0885 ...
 $ Jockey.LastTimeSdvByRaceAvg      : num  -0.4923 -0.3238 0.0392 -0.1105 0.3157 ...
 $ Jockey.FinishTimeSdvAvg          : num  0.545 0.393 0.621 0.441 0.996 ...
 $ Jockey.FirstTimeSdvAvg           : num  0.557 0.389 0.359 0.4 0.59 ...
 $ Jockey.LastTimeSdvAvg            : num  0.12 0.135 0.481 0.212 0.78 ...
 $ Jockey.RealOddsLog1Avg           : num  3.88 4.24 3.48 3.66 2.52 ...
 $ Jockey.RunCount                  : num  45 8 66 17 83 49 117 86 5 25 ...
 $ Jockey.HitCount1                 : num  3 1 0 0 9 1 10 6 0 2 ...
 $ Jockey.HitCount2                 : num  0 0 1 0 8 1 12 7 0 3 ...
 $ Jockey.HitCount3                 : num  1 0 10 1 12 1 9 5 0 0 ...
 $ Jockey.HitCount4                 : num  2 0 5 0 9 4 16 3 0 3 ...
 $ Jockey.HitCount5                 : num  2 0 4 0 5 0 4 12 0 2 ...
 $ Jockey.HitRate1                  : num  0.0667 0.125 0 0 0.1084 ...
 $ Jockey.HitRate2                  : num  0 0 0.0152 0 0.0964 ...
 $ Jockey.HitRate3                  : num  0.0222 0 0.1515 0.0588 0.1446 ...
 $ Jockey.HitRate4                  : num  0.0444 0 0.0758 0 0.1084 ...
 $ Jockey.HitRate5                  : num  0.0444 0 0.0606 0 0.0602 ...
 $ EOF                              : int  1 1 1 1 1 1 1 1 1 1 ...
[1] "2022-03-08 19:11:20 --- RxSqlServerData Finish ---"
[1] "2022-03-08 19:11:20 --- subset Start ---"
[1] "--------------------------------------------------------------------------------"
[1] "nrow(data) subset before=6692"
[1] "nrow(data) subset after =6692"
[1] "nrow(data) subset diff =0"
[1] "--------------------------------------------------------------------------------"
[1] "2022-03-08 19:11:20 --- subset Finish---"
[1] "2022-03-08 19:11:20 --- transform Start ---"
[1] "--------------------------------------------------------------------------------"
[1] "nrow(data) transform before=6692"
[1] "nrow(data) transform after=6692"
[1] "nrow(data) transform diff=0"
[1] "--------------------------------------------------------------------------------"
[1] "str(data)="
'data.frame':	6692 obs. of  47 variables:
 $ Race.RaceId                      : Factor w/ 529 levels "20160213-08-02-05-10",..: 1 2 3 4 5 6 7 8 9 10 ...
 $ Race.IsAnalyzeNormalPastAndFuture: logi  TRUE TRUE TRUE TRUE TRUE TRUE ...
 $ Race.IsAnalyzeNormalPast         : logi  TRUE TRUE TRUE TRUE TRUE TRUE ...
 $ Race.IsAnalyzeNormalFuture       : logi  FALSE FALSE FALSE FALSE FALSE FALSE ...
 $ Race.IsAnalyzeFullPastAndFuture  : logi  TRUE TRUE TRUE TRUE TRUE TRUE ...
 $ Race.IsAnalyzeFullPast           : logi  TRUE TRUE TRUE TRUE TRUE TRUE ...
 $ Race.IsAnalyzeFullFuture         : logi  FALSE FALSE FALSE FALSE FALSE FALSE ...
 $ Race.JyokenCd                    : Factor w/ 1 level "2": 1 1 1 1 1 1 1 1 1 1 ...
 $ Race.JyoType1Cd                  : Factor w/ 112 levels "18-08-1800-1",..: 1 2 3 4 5 6 7 8 9 10 ...
 $ Race.RaceType1Cd                 : Factor w/ 2 levels "1-2-14","1-2-13": 1 1 1 1 2 2 2 1 1 1 ...
 $ RaceHorse.RaceId                 : Factor w/ 529 levels "20160213-08-02-05-10",..: 1 2 3 4 5 6 7 8 9 10 ...
 $ RaceHorse.KettoNum               : Factor w/ 1430 levels "2007100476","2007104687",..: 1 2 2 3 4 5 4 6 7 8 ...
 $ RaceHorse.IsHit1                 : num  0 0 0 0 0 0 0 0 0 0 ...
 $ RaceHorse.IsHit2                 : num  0 0 0 0 0 0 0 0 0 0 ...
 $ RaceHorse.IsHit3                 : num  0 0 0 0 1 0 0 0 0 0 ...
 $ RaceHorse.IsHit4                 : num  0 1 0 0 0 0 0 0 0 0 ...
 $ RaceHorse.IsHit5                 : num  0 0 0 0 0 0 0 1 0 0 ...
 $ RaceHorse.IsHit6                 : num  1 0 1 1 0 1 1 0 1 1 ...
 $ RaceHorse.IsValidRaceHorse       : logi  TRUE FALSE TRUE TRUE TRUE TRUE ...
 $ RaceHorse.FinishTimeSdvByRace    : num  -1.184 0.884 0.304 -0.208 0.977 ...
 $ RaceHorse.FirstTimeSdvByRace     : num  -1.082 -2.181 -1.26 -0.747 0.132 ...
 $ RaceHorse.LastTimeSdvByRace      : num  0.693 1.487 0.717 0.642 0.612 ...
 $ RaceHorse.FinishTimeSdv          : num  0.654 1.476 0.447 0.572 1.409 ...
 $ RaceHorse.FirstTimeSdv           : num  -0.2476 0.0767 -1.0854 -0.1231 0.0587 ...
 $ RaceHorse.LastTimeSdv            : num  1.43 1.64 1.47 1.03 1.85 ...
 $ RaceHorse.IsHitA                 : num  0 0 0 0 0 0 0 0 0 0 ...
 $ RaceHorse.IsHitB                 : num  0 0 0 0 0 0 0 0 0 0 ...
 $ RaceHorse.IsHitC                 : num  0 0 0 0 1 0 0 0 0 0 ...
 $ Jockey.FinishTimeSdvByRaceAvg    : num  -0.3303 -0.2637 -0.0184 -0.0907 0.3842 ...
 $ Jockey.FirstTimeSdvByRaceAvg     : num  0.321 0.1489 -0.1374 0.1386 -0.0885 ...
 $ Jockey.LastTimeSdvByRaceAvg      : num  -0.4923 -0.3238 0.0392 -0.1105 0.3157 ...
 $ Jockey.FinishTimeSdvAvg          : num  0.545 0.393 0.621 0.441 0.996 ...
 $ Jockey.FirstTimeSdvAvg           : num  0.557 0.389 0.359 0.4 0.59 ...
 $ Jockey.LastTimeSdvAvg            : num  0.12 0.135 0.481 0.212 0.78 ...
 $ Jockey.RealOddsLog1Avg           : num  3.88 4.24 3.48 3.66 2.52 ...
 $ Jockey.RunCount                  : num  45 8 66 17 83 49 117 86 5 25 ...
 $ Jockey.HitCount1                 : num  3 1 0 0 9 1 10 6 0 2 ...
 $ Jockey.HitCount2                 : num  0 0 1 0 8 1 12 7 0 3 ...
 $ Jockey.HitCount3                 : num  1 0 10 1 12 1 9 5 0 0 ...
 $ Jockey.HitCount4                 : num  2 0 5 0 9 4 16 3 0 3 ...
 $ Jockey.HitCount5                 : num  2 0 4 0 5 0 4 12 0 2 ...
 $ Jockey.HitRate1                  : num  0.0667 0.125 0 0 0.1084 ...
 $ Jockey.HitRate2                  : num  0 0 0.0152 0 0.0964 ...
 $ Jockey.HitRate3                  : num  0.0222 0 0.1515 0.0588 0.1446 ...
 $ Jockey.HitRate4                  : num  0.0444 0 0.0758 0 0.1084 ...
 $ Jockey.HitRate5                  : num  0.0444 0 0.0606 0 0.0602 ...
 $ EOF                              : int  1 1 1 1 1 1 1 1 1 1 ...
NULL
[1] "2022-03-08 19:11:21 --- transform Finish ---"
[1] "2022-03-08 19:11:21 --- na.omit Start ---"
[1] "--------------------------------------------------------------------------------"
[1] "nrow(data) na.omit before=6692"
[1] "nrow(data) na.omit after =6645"
[1] "nrow(data) na.omit diff =47"
[1] "--------------------------------------------------------------------------------"
'data.frame':	6645 obs. of  47 variables:
 $ Race.RaceId                      : Factor w/ 529 levels "20160213-08-02-05-10",..: 1 2 3 4 5 6 7 8 9 10 ...
 $ Race.IsAnalyzeNormalPastAndFuture: logi  TRUE TRUE TRUE TRUE TRUE TRUE ...
 $ Race.IsAnalyzeNormalPast         : logi  TRUE TRUE TRUE TRUE TRUE TRUE ...
 $ Race.IsAnalyzeNormalFuture       : logi  FALSE FALSE FALSE FALSE FALSE FALSE ...
 $ Race.IsAnalyzeFullPastAndFuture  : logi  TRUE TRUE TRUE TRUE TRUE TRUE ...
 $ Race.IsAnalyzeFullPast           : logi  TRUE TRUE TRUE TRUE TRUE TRUE ...
 $ Race.IsAnalyzeFullFuture         : logi  FALSE FALSE FALSE FALSE FALSE FALSE ...
 $ Race.JyokenCd                    : Factor w/ 1 level "2": 1 1 1 1 1 1 1 1 1 1 ...
 $ Race.JyoType1Cd                  : Factor w/ 112 levels "18-08-1800-1",..: 1 2 3 4 5 6 7 8 9 10 ...
 $ Race.RaceType1Cd                 : Factor w/ 2 levels "1-2-14","1-2-13": 1 1 1 1 2 2 2 1 1 1 ...
 $ RaceHorse.RaceId                 : Factor w/ 529 levels "20160213-08-02-05-10",..: 1 2 3 4 5 6 7 8 9 10 ...
 $ RaceHorse.KettoNum               : Factor w/ 1430 levels "2007100476","2007104687",..: 1 2 2 3 4 5 4 6 7 8 ...
 $ RaceHorse.IsHit1                 : num  0 0 0 0 0 0 0 0 0 0 ...
 $ RaceHorse.IsHit2                 : num  0 0 0 0 0 0 0 0 0 0 ...
 $ RaceHorse.IsHit3                 : num  0 0 0 0 1 0 0 0 0 0 ...
 $ RaceHorse.IsHit4                 : num  0 1 0 0 0 0 0 0 0 0 ...
 $ RaceHorse.IsHit5                 : num  0 0 0 0 0 0 0 1 0 0 ...
 $ RaceHorse.IsHit6                 : num  1 0 1 1 0 1 1 0 1 1 ...
 $ RaceHorse.IsValidRaceHorse       : logi  TRUE FALSE TRUE TRUE TRUE TRUE ...
 $ RaceHorse.FinishTimeSdvByRace    : num  -1.184 0.884 0.304 -0.208 0.977 ...
 $ RaceHorse.FirstTimeSdvByRace     : num  -1.082 -2.181 -1.26 -0.747 0.132 ...
 $ RaceHorse.LastTimeSdvByRace      : num  0.693 1.487 0.717 0.642 0.612 ...
 $ RaceHorse.FinishTimeSdv          : num  0.654 1.476 0.447 0.572 1.409 ...
 $ RaceHorse.FirstTimeSdv           : num  -0.2476 0.0767 -1.0854 -0.1231 0.0587 ...
 $ RaceHorse.LastTimeSdv            : num  1.43 1.64 1.47 1.03 1.85 ...
 $ RaceHorse.IsHitA                 : num  0 0 0 0 0 0 0 0 0 0 ...
 $ RaceHorse.IsHitB                 : num  0 0 0 0 0 0 0 0 0 0 ...
 $ RaceHorse.IsHitC                 : num  0 0 0 0 1 0 0 0 0 0 ...
 $ Jockey.FinishTimeSdvByRaceAvg    : num  -0.3303 -0.2637 -0.0184 -0.0907 0.3842 ...
 $ Jockey.FirstTimeSdvByRaceAvg     : num  0.321 0.1489 -0.1374 0.1386 -0.0885 ...
 $ Jockey.LastTimeSdvByRaceAvg      : num  -0.4923 -0.3238 0.0392 -0.1105 0.3157 ...
 $ Jockey.FinishTimeSdvAvg          : num  0.545 0.393 0.621 0.441 0.996 ...
 $ Jockey.FirstTimeSdvAvg           : num  0.557 0.389 0.359 0.4 0.59 ...
 $ Jockey.LastTimeSdvAvg            : num  0.12 0.135 0.481 0.212 0.78 ...
 $ Jockey.RealOddsLog1Avg           : num  3.88 4.24 3.48 3.66 2.52 ...
 $ Jockey.RunCount                  : num  45 8 66 17 83 49 117 86 5 25 ...
 $ Jockey.HitCount1                 : num  3 1 0 0 9 1 10 6 0 2 ...
 $ Jockey.HitCount2                 : num  0 0 1 0 8 1 12 7 0 3 ...
 $ Jockey.HitCount3                 : num  1 0 10 1 12 1 9 5 0 0 ...
 $ Jockey.HitCount4                 : num  2 0 5 0 9 4 16 3 0 3 ...
 $ Jockey.HitCount5                 : num  2 0 4 0 5 0 4 12 0 2 ...
 $ Jockey.HitRate1                  : num  0.0667 0.125 0 0 0.1084 ...
 $ Jockey.HitRate2                  : num  0 0 0.0152 0 0.0964 ...
 $ Jockey.HitRate3                  : num  0.0222 0 0.1515 0.0588 0.1446 ...
 $ Jockey.HitRate4                  : num  0.0444 0 0.0758 0 0.1084 ...
 $ Jockey.HitRate5                  : num  0.0444 0 0.0606 0 0.0602 ...
 $ EOF                              : int  1 1 1 1 1 1 1 1 1 1 ...
 - attr(*, "na.action")= 'omit' Named int  456 632 751 753 761 1168 1204 1336 1373 1648 ...
  ..- attr(*, "names")= chr  "456" "632" "751" "753" ...
[1] "2022-03-08 19:11:21 --- na.omit Finish ---"
[1] "2022-03-08 19:11:21 --- rxLogit with rxStepControl Start ---"

> print(paste0(Sys.time(), " --- source_logic_glm.R Start ---"))
[1] "2022-03-08 19:11:21 --- source_logic_glm.R Start ---"

> formula <- formula(RaceHorse.IsHitA ~ +1 + Jockey.FinishTimeSdvByRaceAvg)

> print(paste0(Sys.time(), " --- source_logic_glm.R Finished ---"))
[1] "2022-03-08 19:11:21 --- source_logic_glm.R Finished ---"
Rows Read: 6645, Total Rows Processed: 6645, Total Chunk Time: 0.001 seconds 

Starting values (iteration 1) time: 0.024 secs.
Rows Read: 6645, Total Rows Processed: 6645, Total Chunk Time: 0.002 seconds 

Iteration 2 time: 0.006 secs.
Rows Read: 6645, Total Rows Processed: 6645, Total Chunk Time: 0.002 seconds 

Iteration 3 time: 0.005 secs.
Rows Read: 6645, Total Rows Processed: 6645, Total Chunk Time: 0.001 seconds 

Iteration 4 time: 0.004 secs.
Rows Read: 6645, Total Rows Processed: 6645, Total Chunk Time: 0.002 seconds 

Iteration 5 time: 0.005 secs.

Elapsed computation time: 0.060 secs.
Rows Read: 6645, Total Rows Processed: 6645, Total Chunk Time: Less than .001 seconds 

Starting values (iteration 1) time: 0.005 secs.
Rows Read: 6645, Total Rows Processed: 6645, Total Chunk Time: 0.001 seconds 

Iteration 2 time: 0.006 secs.

Elapsed computation time: 0.021 secs.
Rows Read: 6645, Total Rows Processed: 6645, Total Chunk Time: Less than .001 seconds 

Starting values (iteration 1) time: 0.006 secs.
Rows Read: 6645, Total Rows Processed: 6645, Total Chunk Time: 0.001 seconds 

Iteration 2 time: 0.006 secs.
Rows Read: 6645, Total Rows Processed: 6645, Total Chunk Time: 0.002 seconds 

Iteration 3 time: 0.006 secs.
Rows Read: 6645, Total Rows Processed: 6645, Total Chunk Time: 0.002 seconds 

Iteration 4 time: 0.005 secs.
Rows Read: 6645, Total Rows Processed: 6645, Total Chunk Time: Less than .001 seconds 

Iteration 5 time: 0.004 secs.

Elapsed computation time: 0.050 secs.

Elapsed computation time: 0.147 secs.
[1] "--------------------------------------------------------------------------------"
[1] "analyze.results.glm.step="
Logistic Regression Results for: RaceHorse.IsHitA ~
    Jockey.FinishTimeSdvByRaceAvg
Data: data
Dependent variable(s): RaceHorse.IsHitA
Total independent variables: 2 
Number of valid observations: 6645
Number of missing observations: 0 
 
Coefficients:
                              RaceHorse.IsHitA
(Intercept)                                 -3
Jockey.FinishTimeSdvByRaceAvg                1
[1] "analyze.results.glm.step.summary"
Call:
rxLogit(formula = formula, data = data, variableSelection = analyze.results.glm.step.varsel)

Logistic Regression Results for: RaceHorse.IsHitA ~
    Jockey.FinishTimeSdvByRaceAvg
Data: data
Dependent variable(s): RaceHorse.IsHitA
Total independent variables: 2 
Number of valid observations: 6645
Number of missing observations: 0 
-2*LogLikelihood: 3606.519 (Residual deviance on 6643 degrees of freedom)
 
Coefficients:
                              Estimate Std. Error z value Pr(>|z|)    
(Intercept)                    -2.6804     0.0578   -46.4  2.2e-16 ***
Jockey.FinishTimeSdvByRaceAvg   1.4125     0.1702     8.3  2.2e-16 ***
---
Signif. codes:  0 '***' 0.001 '**' 0.01 '*' 0.05 '.' 0.1 ' ' 1

Condition number of final variance-covariance matrix: 1 
Number of iterations: 5
[1] "--------------------------------------------------------------------------------"
[1] "2022-03-08 19:11:21 --- rxLogit with rxStepControl Finish ---"
[1] "2022-03-08 19:11:21 --- rxStepPlot Start ---"
[1] "pdfFilename=pdf_analyze_glm_Jockey_Type12_rxStepPlot.pdf"
[1] "rxStepPlot="
[1] "2022-03-08 19:11:21 --- rxStepPlot Finish ---"
[1] "2022-03-08 19:11:21 --- save.image Start ---"
[1] "save.image"
[1] "rdataFilename=RData_analyze_glm_Jockey_Type12.RData"
[1] "2022-03-08 19:11:21 --- save.image Finish ---"
[1] "2022-03-08 19:11:21 --- final Start ---"
[1] "--------------------------------------------------------------------------------"
[1] "nrow(data) final=6645"
[1] "--------------------------------------------------------------------------------"
[1] "2022-03-08 19:11:21 --- final Finish ---"
[1] "2022-03-08 19:11:21 --- analyze_glm.R Finished ---"
[1] "2022-03-08 19:11:21 --- log Finish ---"
