[1] "2022-02-25 20:57:32 --- D1115_analyze_glm_Jockey_IsHitA_Type25 Start ---"
[1] "2022-02-25 20:57:32 --- Log Start ---"
[1] "2022-02-25 20:57:32 --- analyze_glm.R Start ---"
[1] "analyzeVersion=D1115"
[1] "analyzeCategory=analyze"
[1] "analyzeType=Jockey"
[1] "analyzeFamily=IsHitA"
[1] "analyzeFunc=glm"
[1] "analyzeTrackTypeCd=2"
[1] "analyzeJyokenCd=5"
[1] "2022-02-25 20:57:32 --- source_function.R Start ---"
[1] "2022-02-25 20:57:32 --- source_function.R Finished ---"

> print(paste0(Sys.time(), " --- source_library.R Start ---"))
[1] "2022-02-25 20:57:32 --- source_library.R Start ---"

> require("RevoScaleR")

> print(paste0(Sys.time(), " --- source_library.R Finished ---"))
[1] "2022-02-25 20:57:33 --- source_library.R Finished ---"
[1] "2022-02-25 20:57:33 --- RxSqlServerData Start ---"
[1] "2022-02-25 20:57:33 --- RxInSqlServer Start ---"
[1] "2022-02-25 20:57:33 --- RxInSqlServer Finish ---"
[1] "2022-02-25 20:57:33 --- rxSetComputeContext Start ---"
[1] "2022-02-25 20:57:33 --- rxSetComputeContext Finish ---"
[1] "2022-02-25 20:57:33 --- RxSqlServerData Start ---"
[1] "sqlQuery=SELECT * FROM ViewAnalyzeD1115analyze01JockeyType25"
[1] "2022-02-25 20:57:33 --- RxSqlServerData Finish ---"
[1] "2022-02-25 20:57:33 --- rxGetVarInfo Start ---"
[1] "2022-02-25 20:57:33 --- rxGetVarInfo Finish---"
[1] "2022-02-25 20:57:33 --- rxImport Start ---"
Rows Read: 48165, Total Rows Processed: 48165, Total Chunk Time: 22.688 seconds 
[1] "2022-02-25 20:58:55 --- rxImport Finish ---"
[1] "object.size(data) auto=14.8 Mb"
[1] "--------------------------------------------------------------------------------"
[1] "nrow(data) RxSqlServerData=48165"
[1] "--------------------------------------------------------------------------------"
[1] "str(data)="
'data.frame':	48165 obs. of  43 variables:
 $ Race.RaceId                      : Factor w/ 3266 levels "20160116-07-01-01-01",..: 1 2 3 4 5 6 7 8 9 10 ...
 $ Race.IsPredictedRace             : logi  TRUE TRUE TRUE TRUE TRUE TRUE ...
 $ Race.IsAnalyzeNormalPastAndFuture: logi  TRUE TRUE TRUE TRUE TRUE TRUE ...
 $ Race.IsAnalyzeNormalPast         : logi  TRUE TRUE TRUE TRUE TRUE TRUE ...
 $ Race.IsAnalyzeNormalFuture       : logi  FALSE FALSE FALSE FALSE FALSE FALSE ...
 $ Race.IsAnalyzeFullPastAndFuture  : logi  TRUE TRUE TRUE TRUE TRUE TRUE ...
 $ Race.IsAnalyzeFullPast           : logi  TRUE TRUE TRUE TRUE TRUE TRUE ...
 $ Race.IsAnalyzeFullFuture         : logi  FALSE FALSE FALSE FALSE FALSE FALSE ...
 $ Race.JyokenCd                    : Factor w/ 1 level "5": 1 1 1 1 1 1 1 1 1 1 ...
 $ Race.JyoType1Cd                  : Factor w/ 116 levels "2-07-1800-5-1",..: 1 2 3 4 3 5 6 6 7 1 ...
 $ Race.RaceType1Cd                 : Factor w/ 3 levels "2-5-X-2","2-5-X-1",..: 1 2 1 2 1 2 1 1 2 1 ...
 $ RaceHorse.RaceId                 : Factor w/ 3266 levels "20160116-07-01-01-01",..: 1 2 3 4 5 6 7 8 9 10 ...
 $ RaceHorse.KettoNum               : Factor w/ 16786 levels "2013105640","2013106311",..: 10 11 12 13 14 15 16 17 18 19 ...
 $ RaceHorse.IsHit1                 : num  0 0 0 0 0 0 0 0 0 0 ...
 $ RaceHorse.IsHit2                 : num  1 0 0 0 0 0 0 0 0 0 ...
 $ RaceHorse.IsHit3                 : num  0 0 0 0 0 0 0 0 0 0 ...
 $ RaceHorse.IsHit4                 : num  0 0 0 0 1 0 0 0 0 0 ...
 $ RaceHorse.IsHit5                 : num  0 0 0 0 0 0 0 0 0 0 ...
 $ RaceHorse.IsHit6                 : num  0 1 1 1 0 1 1 1 1 1 ...
 $ RaceHorse.IsValidRaceHorse       : logi  TRUE TRUE TRUE TRUE TRUE TRUE ...
 $ RaceHorse.TimeSdv                : num  -0.0142 -0.2751 -0.3704 -0.122 0.4928 ...
 $ RaceHorse.IsHitA                 : num  0 0 0 0 0 0 0 0 0 0 ...
 $ RaceHorse.IsHitB                 : num  1 0 0 0 0 0 0 0 0 0 ...
 $ RaceHorse.IsHitC                 : num  1 0 0 0 0 0 0 0 0 0 ...
 $ Jockey.TimeSdvByRaceAvg          : num  0.2678 -0.2231 -0.231 0.7609 -0.0626 ...
 $ Jockey.TimeSdvByRaceMin          : num  -2.57 -2.92 -2.93 -2.58 -2.85 ...
 $ Jockey.TimeSdvByRaceMax          : num  2.3 2.01 2.58 2.18 2.14 ...
 $ Jockey.TimeSdvAvg                : num  0.245 -0.286 -0.111 0.574 -0.115 ...
 $ Jockey.TimeSdvMin                : num  -3.11 -2.6 -3.92 -1.66 -6.75 ...
 $ Jockey.TimeSdvMax                : num  2.32 1.52 2.14 2.02 1.76 ...
 $ Jockey.OrderOfFinishSdvAvg       : num  0.228 -0.272 -0.3161 0.8629 -0.0139 ...
 $ Jockey.RunCount                  : num  410 152 258 77 239 149 265 108 199 74 ...
 $ Jockey.HitCount1                 : num  35 4 10 17 15 9 13 2 3 3 ...
 $ Jockey.HitCount2                 : num  41 7 11 15 17 4 10 6 16 1 ...
 $ Jockey.HitCount3                 : num  36 6 9 9 15 9 17 5 13 0 ...
 $ Jockey.HitCount4                 : num  37 4 21 10 12 11 12 4 9 2 ...
 $ Jockey.HitCount5                 : num  33 14 13 6 14 9 15 4 6 3 ...
 $ Jockey.HitRate1                  : num  0.0854 0.0263 0.0388 0.2208 0.0628 ...
 $ Jockey.HitRate2                  : num  0.1 0.0461 0.0426 0.1948 0.0711 ...
 $ Jockey.HitRate3                  : num  0.0878 0.0395 0.0349 0.1169 0.0628 ...
 $ Jockey.HitRate4                  : num  0.0902 0.0263 0.0814 0.1299 0.0502 ...
 $ Jockey.HitRate5                  : num  0.0805 0.0921 0.0504 0.0779 0.0586 ...
 $ EOF                              : int  1 1 1 1 1 1 1 1 1 1 ...
[1] "2022-02-25 20:58:55 --- RxSqlServerData Finish ---"
[1] "2022-02-25 20:58:55 --- subset Start ---"
[1] "--------------------------------------------------------------------------------"
[1] "nrow(data) subset before=48165"
[1] "nrow(data) subset after =48165"
[1] "nrow(data) subset diff =0"
[1] "--------------------------------------------------------------------------------"
[1] "2022-02-25 20:58:55 --- subset Finish---"
[1] "2022-02-25 20:58:55 --- transform Start ---"
[1] "--------------------------------------------------------------------------------"
[1] "nrow(data) transform before=48165"
[1] "nrow(data) transform after=48165"
[1] "nrow(data) transform diff=0"
[1] "--------------------------------------------------------------------------------"
[1] "str(data)="
'data.frame':	48165 obs. of  43 variables:
 $ Race.RaceId                      : Factor w/ 3266 levels "20160116-07-01-01-01",..: 1 2 3 4 5 6 7 8 9 10 ...
 $ Race.IsPredictedRace             : logi  TRUE TRUE TRUE TRUE TRUE TRUE ...
 $ Race.IsAnalyzeNormalPastAndFuture: logi  TRUE TRUE TRUE TRUE TRUE TRUE ...
 $ Race.IsAnalyzeNormalPast         : logi  TRUE TRUE TRUE TRUE TRUE TRUE ...
 $ Race.IsAnalyzeNormalFuture       : logi  FALSE FALSE FALSE FALSE FALSE FALSE ...
 $ Race.IsAnalyzeFullPastAndFuture  : logi  TRUE TRUE TRUE TRUE TRUE TRUE ...
 $ Race.IsAnalyzeFullPast           : logi  TRUE TRUE TRUE TRUE TRUE TRUE ...
 $ Race.IsAnalyzeFullFuture         : logi  FALSE FALSE FALSE FALSE FALSE FALSE ...
 $ Race.JyokenCd                    : Factor w/ 1 level "5": 1 1 1 1 1 1 1 1 1 1 ...
 $ Race.JyoType1Cd                  : Factor w/ 116 levels "2-07-1800-5-1",..: 1 2 3 4 3 5 6 6 7 1 ...
 $ Race.RaceType1Cd                 : Factor w/ 3 levels "2-5-X-2","2-5-X-1",..: 1 2 1 2 1 2 1 1 2 1 ...
 $ RaceHorse.RaceId                 : Factor w/ 3266 levels "20160116-07-01-01-01",..: 1 2 3 4 5 6 7 8 9 10 ...
 $ RaceHorse.KettoNum               : Factor w/ 16786 levels "2013105640","2013106311",..: 10 11 12 13 14 15 16 17 18 19 ...
 $ RaceHorse.IsHit1                 : num  0 0 0 0 0 0 0 0 0 0 ...
 $ RaceHorse.IsHit2                 : num  1 0 0 0 0 0 0 0 0 0 ...
 $ RaceHorse.IsHit3                 : num  0 0 0 0 0 0 0 0 0 0 ...
 $ RaceHorse.IsHit4                 : num  0 0 0 0 1 0 0 0 0 0 ...
 $ RaceHorse.IsHit5                 : num  0 0 0 0 0 0 0 0 0 0 ...
 $ RaceHorse.IsHit6                 : num  0 1 1 1 0 1 1 1 1 1 ...
 $ RaceHorse.IsValidRaceHorse       : logi  TRUE TRUE TRUE TRUE TRUE TRUE ...
 $ RaceHorse.TimeSdv                : num  -0.0142 -0.2751 -0.3704 -0.122 0.4928 ...
 $ RaceHorse.IsHitA                 : num  0 0 0 0 0 0 0 0 0 0 ...
 $ RaceHorse.IsHitB                 : num  1 0 0 0 0 0 0 0 0 0 ...
 $ RaceHorse.IsHitC                 : num  1 0 0 0 0 0 0 0 0 0 ...
 $ Jockey.TimeSdvByRaceAvg          : num  0.2678 -0.2231 -0.231 0.7609 -0.0626 ...
 $ Jockey.TimeSdvByRaceMin          : num  -2.57 -2.92 -2.93 -2.58 -2.85 ...
 $ Jockey.TimeSdvByRaceMax          : num  2.3 2.01 2.58 2.18 2.14 ...
 $ Jockey.TimeSdvAvg                : num  0.245 -0.286 -0.111 0.574 -0.115 ...
 $ Jockey.TimeSdvMin                : num  -3.11 -2.6 -3.92 -1.66 -6.75 ...
 $ Jockey.TimeSdvMax                : num  2.32 1.52 2.14 2.02 1.76 ...
 $ Jockey.OrderOfFinishSdvAvg       : num  0.228 -0.272 -0.3161 0.8629 -0.0139 ...
 $ Jockey.RunCount                  : num  410 152 258 77 239 149 265 108 199 74 ...
 $ Jockey.HitCount1                 : num  35 4 10 17 15 9 13 2 3 3 ...
 $ Jockey.HitCount2                 : num  41 7 11 15 17 4 10 6 16 1 ...
 $ Jockey.HitCount3                 : num  36 6 9 9 15 9 17 5 13 0 ...
 $ Jockey.HitCount4                 : num  37 4 21 10 12 11 12 4 9 2 ...
 $ Jockey.HitCount5                 : num  33 14 13 6 14 9 15 4 6 3 ...
 $ Jockey.HitRate1                  : num  0.0854 0.0263 0.0388 0.2208 0.0628 ...
 $ Jockey.HitRate2                  : num  0.1 0.0461 0.0426 0.1948 0.0711 ...
 $ Jockey.HitRate3                  : num  0.0878 0.0395 0.0349 0.1169 0.0628 ...
 $ Jockey.HitRate4                  : num  0.0902 0.0263 0.0814 0.1299 0.0502 ...
 $ Jockey.HitRate5                  : num  0.0805 0.0921 0.0504 0.0779 0.0586 ...
 $ EOF                              : int  1 1 1 1 1 1 1 1 1 1 ...
NULL
[1] "2022-02-25 20:58:55 --- transform Finish ---"
[1] "2022-02-25 20:58:55 --- na.omit Start ---"
[1] "--------------------------------------------------------------------------------"
[1] "nrow(data) na.omit before=48165"
[1] "nrow(data) na.omit after =47744"
[1] "nrow(data) na.omit diff =421"
[1] "--------------------------------------------------------------------------------"
'data.frame':	47744 obs. of  43 variables:
 $ Race.RaceId                      : Factor w/ 3266 levels "20160116-07-01-01-01",..: 1 2 3 4 5 6 7 8 9 10 ...
 $ Race.IsPredictedRace             : logi  TRUE TRUE TRUE TRUE TRUE TRUE ...
 $ Race.IsAnalyzeNormalPastAndFuture: logi  TRUE TRUE TRUE TRUE TRUE TRUE ...
 $ Race.IsAnalyzeNormalPast         : logi  TRUE TRUE TRUE TRUE TRUE TRUE ...
 $ Race.IsAnalyzeNormalFuture       : logi  FALSE FALSE FALSE FALSE FALSE FALSE ...
 $ Race.IsAnalyzeFullPastAndFuture  : logi  TRUE TRUE TRUE TRUE TRUE TRUE ...
 $ Race.IsAnalyzeFullPast           : logi  TRUE TRUE TRUE TRUE TRUE TRUE ...
 $ Race.IsAnalyzeFullFuture         : logi  FALSE FALSE FALSE FALSE FALSE FALSE ...
 $ Race.JyokenCd                    : Factor w/ 1 level "5": 1 1 1 1 1 1 1 1 1 1 ...
 $ Race.JyoType1Cd                  : Factor w/ 116 levels "2-07-1800-5-1",..: 1 2 3 4 3 5 6 6 7 1 ...
 $ Race.RaceType1Cd                 : Factor w/ 3 levels "2-5-X-2","2-5-X-1",..: 1 2 1 2 1 2 1 1 2 1 ...
 $ RaceHorse.RaceId                 : Factor w/ 3266 levels "20160116-07-01-01-01",..: 1 2 3 4 5 6 7 8 9 10 ...
 $ RaceHorse.KettoNum               : Factor w/ 16786 levels "2013105640","2013106311",..: 10 11 12 13 14 15 16 17 18 19 ...
 $ RaceHorse.IsHit1                 : num  0 0 0 0 0 0 0 0 0 0 ...
 $ RaceHorse.IsHit2                 : num  1 0 0 0 0 0 0 0 0 0 ...
 $ RaceHorse.IsHit3                 : num  0 0 0 0 0 0 0 0 0 0 ...
 $ RaceHorse.IsHit4                 : num  0 0 0 0 1 0 0 0 0 0 ...
 $ RaceHorse.IsHit5                 : num  0 0 0 0 0 0 0 0 0 0 ...
 $ RaceHorse.IsHit6                 : num  0 1 1 1 0 1 1 1 1 1 ...
 $ RaceHorse.IsValidRaceHorse       : logi  TRUE TRUE TRUE TRUE TRUE TRUE ...
 $ RaceHorse.TimeSdv                : num  -0.0142 -0.2751 -0.3704 -0.122 0.4928 ...
 $ RaceHorse.IsHitA                 : num  0 0 0 0 0 0 0 0 0 0 ...
 $ RaceHorse.IsHitB                 : num  1 0 0 0 0 0 0 0 0 0 ...
 $ RaceHorse.IsHitC                 : num  1 0 0 0 0 0 0 0 0 0 ...
 $ Jockey.TimeSdvByRaceAvg          : num  0.2678 -0.2231 -0.231 0.7609 -0.0626 ...
 $ Jockey.TimeSdvByRaceMin          : num  -2.57 -2.92 -2.93 -2.58 -2.85 ...
 $ Jockey.TimeSdvByRaceMax          : num  2.3 2.01 2.58 2.18 2.14 ...
 $ Jockey.TimeSdvAvg                : num  0.245 -0.286 -0.111 0.574 -0.115 ...
 $ Jockey.TimeSdvMin                : num  -3.11 -2.6 -3.92 -1.66 -6.75 ...
 $ Jockey.TimeSdvMax                : num  2.32 1.52 2.14 2.02 1.76 ...
 $ Jockey.OrderOfFinishSdvAvg       : num  0.228 -0.272 -0.3161 0.8629 -0.0139 ...
 $ Jockey.RunCount                  : num  410 152 258 77 239 149 265 108 199 74 ...
 $ Jockey.HitCount1                 : num  35 4 10 17 15 9 13 2 3 3 ...
 $ Jockey.HitCount2                 : num  41 7 11 15 17 4 10 6 16 1 ...
 $ Jockey.HitCount3                 : num  36 6 9 9 15 9 17 5 13 0 ...
 $ Jockey.HitCount4                 : num  37 4 21 10 12 11 12 4 9 2 ...
 $ Jockey.HitCount5                 : num  33 14 13 6 14 9 15 4 6 3 ...
 $ Jockey.HitRate1                  : num  0.0854 0.0263 0.0388 0.2208 0.0628 ...
 $ Jockey.HitRate2                  : num  0.1 0.0461 0.0426 0.1948 0.0711 ...
 $ Jockey.HitRate3                  : num  0.0878 0.0395 0.0349 0.1169 0.0628 ...
 $ Jockey.HitRate4                  : num  0.0902 0.0263 0.0814 0.1299 0.0502 ...
 $ Jockey.HitRate5                  : num  0.0805 0.0921 0.0504 0.0779 0.0586 ...
 $ EOF                              : int  1 1 1 1 1 1 1 1 1 1 ...
 - attr(*, "na.action")= 'omit' Named int  134 521 622 760 897 918 945 961 1007 1039 ...
  ..- attr(*, "names")= chr  "134" "521" "622" "760" ...
[1] "2022-02-25 20:58:56 --- na.omit Finish ---"
[1] "2022-02-25 20:58:56 --- rxGlm with rxStepControl Start ---"

> print(paste0(Sys.time(), " --- source_logic_glm.R Start ---"))
[1] "2022-02-25 20:58:56 --- source_logic_glm.R Start ---"

> formula <- formula(RaceHorse.IsHitA ~ +1 + Jockey.TimeSdvAvg)

> print(paste0(Sys.time(), " --- source_logic_glm.R Finished ---"))
[1] "2022-02-25 20:58:56 --- source_logic_glm.R Finished ---"
Rows Read: 47744, Total Rows Processed: 47744, Total Chunk Time: 0.002 seconds 

Starting values (iteration 1) time: 0.010 secs.
Rows Read: 47744, Total Rows Processed: 47744, Total Chunk Time: 0.002 seconds 

Iteration 2 time: 0.007 secs.
Rows Read: 47744, Total Rows Processed: 47744, Total Chunk Time: 0.003 seconds 

Iteration 3 time: 0.005 secs.
Rows Read: 47744, Total Rows Processed: 47744, Total Chunk Time: 0.002 seconds 

Iteration 4 time: 0.004 secs.
Rows Read: 47744, Total Rows Processed: 47744, Total Chunk Time: 0.003 seconds 

Iteration 5 time: 0.005 secs.

Elapsed computation time: 0.045 secs.
Rows Read: 47744, Total Rows Processed: 47744, Total Chunk Time: Less than .001 seconds 

Starting values (iteration 1) time: 0.009 secs.
Rows Read: 47744, Total Rows Processed: 47744, Total Chunk Time: 0.002 seconds 

Iteration 2 time: 0.007 secs.

Elapsed computation time: 0.024 secs.
Rows Read: 47744, Total Rows Processed: 47744, Total Chunk Time: 0.001 seconds 

Starting values (iteration 1) time: 0.008 secs.
Rows Read: 47744, Total Rows Processed: 47744, Total Chunk Time: 0.002 seconds 

Iteration 2 time: 0.008 secs.
Rows Read: 47744, Total Rows Processed: 47744, Total Chunk Time: 0.002 seconds 

Iteration 3 time: 0.004 secs.
Rows Read: 47744, Total Rows Processed: 47744, Total Chunk Time: 0.003 seconds 

Iteration 4 time: 0.005 secs.
Rows Read: 47744, Total Rows Processed: 47744, Total Chunk Time: 0.003 seconds 

Iteration 5 time: 0.004 secs.

Elapsed computation time: 0.047 secs.

Elapsed computation time: 0.130 secs.
[1] "--------------------------------------------------------------------------------"
[1] "analyze.results.glm.step="
Logistic Regression Results for: RaceHorse.IsHitA ~ Jockey.TimeSdvAvg
Data: data
Dependent variable(s): RaceHorse.IsHitA
Total independent variables: 2 
Number of valid observations: 47744
Number of missing observations: 0 
 
Coefficients:
                  RaceHorse.IsHitA
(Intercept)                     -3
Jockey.TimeSdvAvg                2
[1] "analyze.results.glm.step.summary"
Call:
rxLogit(formula = formula, data = data, variableSelection = analyze.results.glm.step.varsel)

Logistic Regression Results for: RaceHorse.IsHitA ~ Jockey.TimeSdvAvg
Data: data
Dependent variable(s): RaceHorse.IsHitA
Total independent variables: 2 
Number of valid observations: 47744
Number of missing observations: 0 
-2*LogLikelihood: 22746.356 (Residual deviance on 47742 degrees of freedom)
 
Coefficients:
                  Estimate Std. Error z value Pr(>|z|)    
(Intercept)        -2.8922     0.0225  -128.4  2.2e-16 ***
Jockey.TimeSdvAvg   2.1650     0.0669    32.4  2.2e-16 ***
---
Signif. codes:  0 '***' 0.001 '**' 0.01 '*' 0.05 '.' 0.1 ' ' 1

Condition number of final variance-covariance matrix: 1 
Number of iterations: 5
[1] "--------------------------------------------------------------------------------"
[1] "2022-02-25 20:58:56 --- rxGlm with rxStepControl Finish ---"
[1] "2022-02-25 20:58:56 --- rxStepPlot Start ---"
[1] "pdfFilename=pdf_analyze_glm_Jockey_Type25_rxStepPlot.pdf"
[1] "rxStepPlot="
[1] "2022-02-25 20:58:56 --- rxStepPlot Finish ---"
[1] "2022-02-25 20:58:56 --- save.image Start ---"
[1] "save.image"
[1] "rdataFilename=RData_analyze_glm_Jockey_Type25.RData"
[1] "2022-02-25 20:58:56 --- save.image Finish ---"
[1] "2022-02-25 20:58:56 --- final Start ---"
[1] "--------------------------------------------------------------------------------"
[1] "nrow(data) final=47744"
[1] "--------------------------------------------------------------------------------"
[1] "2022-02-25 20:58:56 --- final Finish ---"
[1] "2022-02-25 20:58:56 --- analyze_glm.R Finished ---"
[1] "2022-02-25 20:58:56 --- log Finish ---"
