[1] "2022-02-21 22:12:08 --- D1115_analyze_glm_Jockey_IsHitA_Type24 Start ---"
[1] "2022-02-21 22:12:08 --- Log Start ---"
[1] "2022-02-21 22:12:09 --- analyze_glm.R Start ---"
[1] "analyzeVersion=D1115"
[1] "analyzeCategory=analyze"
[1] "analyzeType=Jockey"
[1] "analyzeFamily=IsHitA"
[1] "analyzeFunc=glm"
[1] "analyzeTrackTypeCd=2"
[1] "analyzeJyokenCd=4"
[1] "2022-02-21 22:12:09 --- source_function.R Start ---"
[1] "2022-02-21 22:12:09 --- source_function.R Finished ---"

> print(paste0(Sys.time(), " --- source_library.R Start ---"))
[1] "2022-02-21 22:12:09 --- source_library.R Start ---"

> require("RevoScaleR")

> print(paste0(Sys.time(), " --- source_library.R Finished ---"))
[1] "2022-02-21 22:12:14 --- source_library.R Finished ---"
[1] "2022-02-21 22:12:14 --- RxSqlServerData Start ---"
[1] "2022-02-21 22:12:14 --- RxInSqlServer Start ---"
[1] "2022-02-21 22:12:14 --- RxInSqlServer Finish ---"
[1] "2022-02-21 22:12:14 --- rxSetComputeContext Start ---"
[1] "2022-02-21 22:12:14 --- rxSetComputeContext Finish ---"
[1] "2022-02-21 22:12:14 --- RxSqlServerData Start ---"
[1] "sqlQuery=SELECT * FROM ViewAnalyzeD1115analyze01JockeyType24"
[1] "2022-02-21 22:12:14 --- RxSqlServerData Finish ---"
[1] "2022-02-21 22:12:14 --- rxGetVarInfo Start ---"
[1] "2022-02-21 22:12:15 --- rxGetVarInfo Finish---"
[1] "2022-02-21 22:12:15 --- rxImport Start ---"
Rows Read: 39665, Total Rows Processed: 39665, Total Chunk Time: 655.689 seconds 
[1] "2022-02-21 22:57:18 --- rxImport Finish ---"
[1] "object.size(data) auto=8.3 Mb"
[1] "--------------------------------------------------------------------------------"
[1] "nrow(data) RxSqlServerData=39665"
[1] "--------------------------------------------------------------------------------"
[1] "str(data)="
'data.frame':	39665 obs. of  39 variables:
 $ Race.RaceId                      : Factor w/ 2833 levels "20160105-08-01-01-04",..: 2 2 2 2 2 2 2 2 2 2 ...
 $ Race.IsPredictedRace             : logi  TRUE TRUE TRUE TRUE TRUE TRUE ...
 $ Race.IsAnalyzeNormalPastAndFuture: logi  TRUE TRUE TRUE TRUE TRUE TRUE ...
 $ Race.IsAnalyzeNormalPast         : logi  TRUE TRUE TRUE TRUE TRUE TRUE ...
 $ Race.IsAnalyzeNormalFuture       : logi  FALSE FALSE FALSE FALSE FALSE FALSE ...
 $ Race.IsAnalyzeFullPastAndFuture  : logi  TRUE TRUE TRUE TRUE TRUE TRUE ...
 $ Race.IsAnalyzeFullPast           : logi  TRUE TRUE TRUE TRUE TRUE TRUE ...
 $ Race.IsAnalyzeFullFuture         : logi  FALSE FALSE FALSE FALSE FALSE FALSE ...
 $ Race.JyokenCd                    : Factor w/ 1 level "4": 1 1 1 1 1 1 1 1 1 1 ...
 $ Race.RaceType1Cd                 : Factor w/ 2 levels "2-4-X","2-4-E": 1 1 1 1 1 1 1 1 1 1 ...
 $ RaceHorse.RaceId                 : Factor w/ 2833 levels "20160105-08-01-01-04",..: 2 2 2 2 2 2 2 2 2 2 ...
 $ RaceHorse.KettoNum               : Factor w/ 7987 levels "2011102115","2011102464",..: 11 12 13 14 15 16 17 18 19 20 ...
 $ RaceHorse.IsHit1                 : int  0 0 0 0 0 0 0 0 1 0 ...
 $ RaceHorse.IsHit2                 : int  0 0 0 0 0 0 0 0 0 0 ...
 $ RaceHorse.IsHit3                 : int  0 0 0 0 0 0 1 0 0 0 ...
 $ RaceHorse.IsHit4                 : int  0 0 0 0 0 0 0 0 0 0 ...
 $ RaceHorse.IsHit5                 : int  0 1 0 0 0 0 0 0 0 0 ...
 $ RaceHorse.IsHit6                 : int  1 0 1 1 1 1 0 1 0 1 ...
 $ RaceHorse.IsValidRaceHorse       : logi  TRUE TRUE TRUE TRUE TRUE TRUE ...
 $ RaceHorse.IsHitA                 : int  0 0 0 0 0 0 0 0 1 0 ...
 $ RaceHorse.IsHitB                 : int  0 0 0 0 0 0 0 0 1 0 ...
 $ RaceHorse.IsHitC                 : int  0 0 0 0 0 0 1 0 1 0 ...
 $ Jockey.KisyuCode                 : Factor w/ 195 levels "01146","01038",..: 11 9 7 12 13 14 15 16 17 18 ...
 $ Jockey.TimeSdvByRaceAvg          : num  0.3225 0.0502 0.1396 1.1113 -0.1259 ...
 $ Jockey.TimeSdvByRaceMin          : num  -2.84 -2.78 -2.59 1.11 -2.73 ...
 $ Jockey.TimeSdvByRaceMax          : num  1.87 2.44 2.2 1.11 2.23 ...
 $ Jockey.OrderOfFinishSdvAvg       : num  0.2758 0.0648 0.1249 1.3231 -0.1344 ...
 $ Jockey.RunCount                  : int  139 696 762 1 563 533 227 159 19 133 ...
 $ Jockey.HitCount1                 : int  13 49 58 0 35 19 8 21 0 20 ...
 $ Jockey.HitCount2                 : int  15 54 62 1 32 35 19 24 0 19 ...
 $ Jockey.HitCount3                 : int  14 56 60 0 35 36 17 16 0 17 ...
 $ Jockey.HitCount4                 : int  12 48 59 0 35 34 13 14 1 10 ...
 $ Jockey.HitCount5                 : int  6 52 58 0 30 34 12 12 1 11 ...
 $ Jockey.HitRate1                  : num  0.0935 0.0704 0.0761 0 0.0622 ...
 $ Jockey.HitRate2                  : num  0.1079 0.0776 0.0814 1 0.0568 ...
 $ Jockey.HitRate3                  : num  0.1007 0.0805 0.0787 0 0.0622 ...
 $ Jockey.HitRate4                  : num  0.0863 0.069 0.0774 0 0.0622 ...
 $ Jockey.HitRate5                  : num  0.0432 0.0747 0.0761 0 0.0533 ...
 $ EOF                              : int  1 1 1 1 1 1 1 1 1 1 ...
[1] "2022-02-21 22:57:18 --- RxSqlServerData Finish ---"
[1] "2022-02-21 22:57:18 --- subset Start ---"
[1] "--------------------------------------------------------------------------------"
[1] "nrow(data) subset before=39665"
[1] "nrow(data) subset after =39665"
[1] "nrow(data) subset diff =0"
[1] "--------------------------------------------------------------------------------"
[1] "2022-02-21 22:57:18 --- subset Finish---"
[1] "2022-02-21 22:57:18 --- transform Start ---"
[1] "--------------------------------------------------------------------------------"
[1] "nrow(data) transform before=39665"
[1] "nrow(data) transform after=39665"
[1] "nrow(data) transform diff=0"
[1] "--------------------------------------------------------------------------------"
[1] "str(data)="
'data.frame':	39665 obs. of  39 variables:
 $ Race.RaceId                      : Factor w/ 2833 levels "20160105-08-01-01-04",..: 2 2 2 2 2 2 2 2 2 2 ...
 $ Race.IsPredictedRace             : logi  TRUE TRUE TRUE TRUE TRUE TRUE ...
 $ Race.IsAnalyzeNormalPastAndFuture: logi  TRUE TRUE TRUE TRUE TRUE TRUE ...
 $ Race.IsAnalyzeNormalPast         : logi  TRUE TRUE TRUE TRUE TRUE TRUE ...
 $ Race.IsAnalyzeNormalFuture       : logi  FALSE FALSE FALSE FALSE FALSE FALSE ...
 $ Race.IsAnalyzeFullPastAndFuture  : logi  TRUE TRUE TRUE TRUE TRUE TRUE ...
 $ Race.IsAnalyzeFullPast           : logi  TRUE TRUE TRUE TRUE TRUE TRUE ...
 $ Race.IsAnalyzeFullFuture         : logi  FALSE FALSE FALSE FALSE FALSE FALSE ...
 $ Race.JyokenCd                    : Factor w/ 1 level "4": 1 1 1 1 1 1 1 1 1 1 ...
 $ Race.RaceType1Cd                 : Factor w/ 2 levels "2-4-X","2-4-E": 1 1 1 1 1 1 1 1 1 1 ...
 $ RaceHorse.RaceId                 : Factor w/ 2833 levels "20160105-08-01-01-04",..: 2 2 2 2 2 2 2 2 2 2 ...
 $ RaceHorse.KettoNum               : Factor w/ 7987 levels "2011102115","2011102464",..: 11 12 13 14 15 16 17 18 19 20 ...
 $ RaceHorse.IsHit1                 : int  0 0 0 0 0 0 0 0 1 0 ...
 $ RaceHorse.IsHit2                 : int  0 0 0 0 0 0 0 0 0 0 ...
 $ RaceHorse.IsHit3                 : int  0 0 0 0 0 0 1 0 0 0 ...
 $ RaceHorse.IsHit4                 : int  0 0 0 0 0 0 0 0 0 0 ...
 $ RaceHorse.IsHit5                 : int  0 1 0 0 0 0 0 0 0 0 ...
 $ RaceHorse.IsHit6                 : int  1 0 1 1 1 1 0 1 0 1 ...
 $ RaceHorse.IsValidRaceHorse       : logi  TRUE TRUE TRUE TRUE TRUE TRUE ...
 $ RaceHorse.IsHitA                 : int  0 0 0 0 0 0 0 0 1 0 ...
 $ RaceHorse.IsHitB                 : int  0 0 0 0 0 0 0 0 1 0 ...
 $ RaceHorse.IsHitC                 : int  0 0 0 0 0 0 1 0 1 0 ...
 $ Jockey.KisyuCode                 : Factor w/ 195 levels "01146","01038",..: 11 9 7 12 13 14 15 16 17 18 ...
 $ Jockey.TimeSdvByRaceAvg          : num  0.3225 0.0502 0.1396 1.1113 -0.1259 ...
 $ Jockey.TimeSdvByRaceMin          : num  -2.84 -2.78 -2.59 1.11 -2.73 ...
 $ Jockey.TimeSdvByRaceMax          : num  1.87 2.44 2.2 1.11 2.23 ...
 $ Jockey.OrderOfFinishSdvAvg       : num  0.2758 0.0648 0.1249 1.3231 -0.1344 ...
 $ Jockey.RunCount                  : int  139 696 762 1 563 533 227 159 19 133 ...
 $ Jockey.HitCount1                 : int  13 49 58 0 35 19 8 21 0 20 ...
 $ Jockey.HitCount2                 : int  15 54 62 1 32 35 19 24 0 19 ...
 $ Jockey.HitCount3                 : int  14 56 60 0 35 36 17 16 0 17 ...
 $ Jockey.HitCount4                 : int  12 48 59 0 35 34 13 14 1 10 ...
 $ Jockey.HitCount5                 : int  6 52 58 0 30 34 12 12 1 11 ...
 $ Jockey.HitRate1                  : num  0.0935 0.0704 0.0761 0 0.0622 ...
 $ Jockey.HitRate2                  : num  0.1079 0.0776 0.0814 1 0.0568 ...
 $ Jockey.HitRate3                  : num  0.1007 0.0805 0.0787 0 0.0622 ...
 $ Jockey.HitRate4                  : num  0.0863 0.069 0.0774 0 0.0622 ...
 $ Jockey.HitRate5                  : num  0.0432 0.0747 0.0761 0 0.0533 ...
 $ EOF                              : int  1 1 1 1 1 1 1 1 1 1 ...
NULL
[1] "2022-02-21 22:57:18 --- transform Finish ---"
[1] "2022-02-21 22:57:18 --- na.omit Start ---"
[1] "--------------------------------------------------------------------------------"
[1] "nrow(data) na.omit before=39665"
[1] "nrow(data) na.omit after =39665"
[1] "nrow(data) na.omit diff =0"
[1] "--------------------------------------------------------------------------------"
'data.frame':	39665 obs. of  39 variables:
 $ Race.RaceId                      : Factor w/ 2833 levels "20160105-08-01-01-04",..: 2 2 2 2 2 2 2 2 2 2 ...
 $ Race.IsPredictedRace             : logi  TRUE TRUE TRUE TRUE TRUE TRUE ...
 $ Race.IsAnalyzeNormalPastAndFuture: logi  TRUE TRUE TRUE TRUE TRUE TRUE ...
 $ Race.IsAnalyzeNormalPast         : logi  TRUE TRUE TRUE TRUE TRUE TRUE ...
 $ Race.IsAnalyzeNormalFuture       : logi  FALSE FALSE FALSE FALSE FALSE FALSE ...
 $ Race.IsAnalyzeFullPastAndFuture  : logi  TRUE TRUE TRUE TRUE TRUE TRUE ...
 $ Race.IsAnalyzeFullPast           : logi  TRUE TRUE TRUE TRUE TRUE TRUE ...
 $ Race.IsAnalyzeFullFuture         : logi  FALSE FALSE FALSE FALSE FALSE FALSE ...
 $ Race.JyokenCd                    : Factor w/ 1 level "4": 1 1 1 1 1 1 1 1 1 1 ...
 $ Race.RaceType1Cd                 : Factor w/ 2 levels "2-4-X","2-4-E": 1 1 1 1 1 1 1 1 1 1 ...
 $ RaceHorse.RaceId                 : Factor w/ 2833 levels "20160105-08-01-01-04",..: 2 2 2 2 2 2 2 2 2 2 ...
 $ RaceHorse.KettoNum               : Factor w/ 7987 levels "2011102115","2011102464",..: 11 12 13 14 15 16 17 18 19 20 ...
 $ RaceHorse.IsHit1                 : int  0 0 0 0 0 0 0 0 1 0 ...
 $ RaceHorse.IsHit2                 : int  0 0 0 0 0 0 0 0 0 0 ...
 $ RaceHorse.IsHit3                 : int  0 0 0 0 0 0 1 0 0 0 ...
 $ RaceHorse.IsHit4                 : int  0 0 0 0 0 0 0 0 0 0 ...
 $ RaceHorse.IsHit5                 : int  0 1 0 0 0 0 0 0 0 0 ...
 $ RaceHorse.IsHit6                 : int  1 0 1 1 1 1 0 1 0 1 ...
 $ RaceHorse.IsValidRaceHorse       : logi  TRUE TRUE TRUE TRUE TRUE TRUE ...
 $ RaceHorse.IsHitA                 : int  0 0 0 0 0 0 0 0 1 0 ...
 $ RaceHorse.IsHitB                 : int  0 0 0 0 0 0 0 0 1 0 ...
 $ RaceHorse.IsHitC                 : int  0 0 0 0 0 0 1 0 1 0 ...
 $ Jockey.KisyuCode                 : Factor w/ 195 levels "01146","01038",..: 11 9 7 12 13 14 15 16 17 18 ...
 $ Jockey.TimeSdvByRaceAvg          : num  0.3225 0.0502 0.1396 1.1113 -0.1259 ...
 $ Jockey.TimeSdvByRaceMin          : num  -2.84 -2.78 -2.59 1.11 -2.73 ...
 $ Jockey.TimeSdvByRaceMax          : num  1.87 2.44 2.2 1.11 2.23 ...
 $ Jockey.OrderOfFinishSdvAvg       : num  0.2758 0.0648 0.1249 1.3231 -0.1344 ...
 $ Jockey.RunCount                  : int  139 696 762 1 563 533 227 159 19 133 ...
 $ Jockey.HitCount1                 : int  13 49 58 0 35 19 8 21 0 20 ...
 $ Jockey.HitCount2                 : int  15 54 62 1 32 35 19 24 0 19 ...
 $ Jockey.HitCount3                 : int  14 56 60 0 35 36 17 16 0 17 ...
 $ Jockey.HitCount4                 : int  12 48 59 0 35 34 13 14 1 10 ...
 $ Jockey.HitCount5                 : int  6 52 58 0 30 34 12 12 1 11 ...
 $ Jockey.HitRate1                  : num  0.0935 0.0704 0.0761 0 0.0622 ...
 $ Jockey.HitRate2                  : num  0.1079 0.0776 0.0814 1 0.0568 ...
 $ Jockey.HitRate3                  : num  0.1007 0.0805 0.0787 0 0.0622 ...
 $ Jockey.HitRate4                  : num  0.0863 0.069 0.0774 0 0.0622 ...
 $ Jockey.HitRate5                  : num  0.0432 0.0747 0.0761 0 0.0533 ...
 $ EOF                              : int  1 1 1 1 1 1 1 1 1 1 ...
[1] "2022-02-21 22:57:18 --- na.omit Finish ---"
[1] "2022-02-21 22:57:18 --- rxGlm with rxStepControl Start ---"

> print(paste0(Sys.time(), " --- source_logic_glm.R Start ---"))
[1] "2022-02-21 22:57:18 --- source_logic_glm.R Start ---"

> formula <- formula(RaceHorse.IsHitA ~ +1 + Jockey.OrderOfFinishSdvAvg)

> print(paste0(Sys.time(), " --- source_logic_glm.R Finished ---"))
[1] "2022-02-21 22:57:18 --- source_logic_glm.R Finished ---"
Rows Read: 39665, Total Rows Processed: 39665, Total Chunk Time: Less than .001 seconds 

Starting values (iteration 1) time: 0.008 secs.
Rows Read: 39665, Total Rows Processed: 39665, Total Chunk Time: 0.003 seconds 

Iteration 2 time: 0.007 secs.
Rows Read: 39665, Total Rows Processed: 39665, Total Chunk Time: 0.002 seconds 

Iteration 3 time: 0.004 secs.
Rows Read: 39665, Total Rows Processed: 39665, Total Chunk Time: 0.002 seconds 

Iteration 4 time: 0.004 secs.
Rows Read: 39665, Total Rows Processed: 39665, Total Chunk Time: 0.002 seconds 

Iteration 5 time: 0.004 secs.

Elapsed computation time: 0.037 secs.
Rows Read: 39665, Total Rows Processed: 39665, Total Chunk Time: Less than .001 seconds 

Starting values (iteration 1) time: 0.006 secs.
Rows Read: 39665, Total Rows Processed: 39665, Total Chunk Time: Less than .001 seconds 

Iteration 2 time: 0.005 secs.

Elapsed computation time: 0.019 secs.
Rows Read: 39665, Total Rows Processed: 39665, Total Chunk Time: 0.001 seconds 

Starting values (iteration 1) time: 0.006 secs.
Rows Read: 39665, Total Rows Processed: 39665, Total Chunk Time: 0.002 seconds 

Iteration 2 time: 0.006 secs.
Rows Read: 39665, Total Rows Processed: 39665, Total Chunk Time: 0.003 seconds 

Iteration 3 time: 0.005 secs.
Rows Read: 39665, Total Rows Processed: 39665, Total Chunk Time: 0.002 seconds 

Iteration 4 time: 0.004 secs.
Rows Read: 39665, Total Rows Processed: 39665, Total Chunk Time: 0.003 seconds 

Iteration 5 time: 0.005 secs.

Elapsed computation time: 0.037 secs.

Elapsed computation time: 0.104 secs.
[1] "--------------------------------------------------------------------------------"
[1] "analyze.results.glm.step="
Logistic Regression Results for: RaceHorse.IsHitA ~
    Jockey.OrderOfFinishSdvAvg
Data: data
Dependent variable(s): RaceHorse.IsHitA
Total independent variables: 2 
Number of valid observations: 39665
Number of missing observations: 0 
 
Coefficients:
                           RaceHorse.IsHitA
(Intercept)                              -3
Jockey.OrderOfFinishSdvAvg                2
[1] "analyze.results.glm.step.summary"
Call:
rxLogit(formula = formula, data = data, variableSelection = analyze.results.glm.step.varsel)

Logistic Regression Results for: RaceHorse.IsHitA ~
    Jockey.OrderOfFinishSdvAvg
Data: data
Dependent variable(s): RaceHorse.IsHitA
Total independent variables: 2 
Number of valid observations: 39665
Number of missing observations: 0 
-2*LogLikelihood: 19800.159 (Residual deviance on 39663 degrees of freedom)
 
Coefficients:
                           Estimate Std. Error z value Pr(>|z|)    
(Intercept)                 -2.6578     0.0211  -126.1  2.2e-16 ***
Jockey.OrderOfFinishSdvAvg   1.8138     0.0740    24.5  2.2e-16 ***
---
Signif. codes:  0 '***' 0.001 '**' 0.01 '*' 0.05 '.' 0.1 ' ' 1

Condition number of final variance-covariance matrix: 1 
Number of iterations: 5
[1] "--------------------------------------------------------------------------------"
[1] "2022-02-21 22:57:19 --- rxGlm with rxStepControl Finish ---"
[1] "2022-02-21 22:57:19 --- rxStepPlot Start ---"
[1] "pdfFilename=pdf_analyze_glm_Jockey_Type24_rxStepPlot.pdf"
[1] "rxStepPlot="
[1] "2022-02-21 22:57:19 --- rxStepPlot Finish ---"
[1] "2022-02-21 22:57:19 --- save.image Start ---"
[1] "save.image"
[1] "rdataFilename=RData_analyze_glm_Jockey_Type24.RData"
[1] "2022-02-21 22:57:19 --- save.image Finish ---"
[1] "2022-02-21 22:57:19 --- final Start ---"
[1] "--------------------------------------------------------------------------------"
[1] "nrow(data) final=39665"
[1] "--------------------------------------------------------------------------------"
[1] "2022-02-21 22:57:19 --- final Finish ---"
[1] "2022-02-21 22:57:19 --- analyze_glm.R Finished ---"
[1] "2022-02-21 22:57:19 --- log Finish ---"
