[1] "2022-03-08 22:31:37 --- D1115_analyze_glm_Jockey_IsHitA_Type25 Start ---"
[1] "2022-03-08 22:31:37 --- Log Start ---"
[1] "2022-03-08 22:31:37 --- analyze_glm.R Start ---"
[1] "analyzeVersion=D1115"
[1] "analyzeCategory=analyze"
[1] "analyzeType=Jockey"
[1] "analyzeFamily=IsHitA"
[1] "analyzeFunc=glm"
[1] "analyzeTrackTypeCd=2"
[1] "analyzeJyokenCd=5"
[1] "2022-03-08 22:31:37 --- source_function.R Start ---"
[1] "2022-03-08 22:31:37 --- source_function.R Finished ---"

> print(paste0(Sys.time(), " --- source_library.R Start ---"))
[1] "2022-03-08 22:31:37 --- source_library.R Start ---"

> require("RevoScaleR")

> print(paste0(Sys.time(), " --- source_library.R Finished ---"))
[1] "2022-03-08 22:31:37 --- source_library.R Finished ---"
[1] "2022-03-08 22:31:37 --- RxSqlServerData Start ---"
[1] "2022-03-08 22:31:37 --- RxInSqlServer Start ---"
[1] "2022-03-08 22:31:38 --- RxInSqlServer Finish ---"
[1] "2022-03-08 22:31:38 --- rxSetComputeContext Start ---"
[1] "2022-03-08 22:31:38 --- rxSetComputeContext Finish ---"
[1] "2022-03-08 22:31:38 --- RxSqlServerData Start ---"
[1] "sqlQuery=SELECT * FROM ViewAnalyzeD1115analyze01JockeyType25"
[1] "2022-03-08 22:31:38 --- RxSqlServerData Finish ---"
[1] "2022-03-08 22:31:38 --- rxGetVarInfo Start ---"
[1] "2022-03-08 22:31:38 --- rxGetVarInfo Finish---"
[1] "2022-03-08 22:31:38 --- rxImport Start ---"
Rows Read: 48190, Total Rows Processed: 48190, Total Chunk Time: 35.723 seconds 
[1] "2022-03-08 22:32:49 --- rxImport Finish ---"
[1] "object.size(data) auto=16.4 Mb"
[1] "--------------------------------------------------------------------------------"
[1] "nrow(data) RxSqlServerData=48190"
[1] "--------------------------------------------------------------------------------"
[1] "str(data)="
'data.frame':	48190 obs. of  47 variables:
 $ Race.RaceId                      : Factor w/ 3266 levels "20160130-07-01-05-02",..: 1 2 3 4 5 6 7 8 9 10 ...
 $ Race.IsAnalyzeNormalPastAndFuture: logi  TRUE TRUE TRUE TRUE TRUE TRUE ...
 $ Race.IsAnalyzeNormalPast         : logi  TRUE TRUE TRUE TRUE TRUE TRUE ...
 $ Race.IsAnalyzeNormalFuture       : logi  FALSE FALSE FALSE FALSE FALSE FALSE ...
 $ Race.IsAnalyzeFullPastAndFuture  : logi  TRUE TRUE TRUE TRUE TRUE TRUE ...
 $ Race.IsAnalyzeFullPast           : logi  TRUE TRUE TRUE TRUE TRUE TRUE ...
 $ Race.IsAnalyzeFullFuture         : logi  FALSE FALSE FALSE FALSE FALSE FALSE ...
 $ Race.JyokenCd                    : Factor w/ 1 level "5": 1 1 1 1 1 1 1 1 1 1 ...
 $ Race.JyoType1Cd                  : Factor w/ 116 levels "23-07-1800-4",..: 1 2 3 4 5 4 6 7 8 9 ...
 $ Race.RaceType1Cd                 : Factor w/ 2 levels "2-5-12","2-5-11": 1 1 1 1 1 1 1 1 1 1 ...
 $ RaceHorse.RaceId                 : Factor w/ 3266 levels "20160130-07-01-05-02",..: 1 2 3 4 5 6 7 8 9 10 ...
 $ RaceHorse.KettoNum               : Factor w/ 16784 levels "2013100499","2013103443",..: 1 2 3 4 5 6 7 8 9 10 ...
 $ RaceHorse.IsHit1                 : num  0 0 0 0 0 0 0 0 0 0 ...
 $ RaceHorse.IsHit2                 : num  0 0 0 0 0 0 0 0 0 0 ...
 $ RaceHorse.IsHit3                 : num  0 0 0 0 0 0 0 0 0 0 ...
 $ RaceHorse.IsHit4                 : num  0 0 0 0 0 0 0 0 0 0 ...
 $ RaceHorse.IsHit5                 : num  0 0 0 0 0 0 0 0 0 0 ...
 $ RaceHorse.IsHit6                 : num  0 0 0 0 0 0 0 0 0 0 ...
 $ RaceHorse.IsValidRaceHorse       : logi  FALSE FALSE FALSE FALSE FALSE FALSE ...
 $ RaceHorse.FinishTimeSdvByRace    : num  NA NA NA NA NA NA NA NA NA NA ...
 $ RaceHorse.FirstTimeSdvByRace     : num  NA NA NA NA NA NA NA NA NA NA ...
 $ RaceHorse.LastTimeSdvByRace      : num  NA NA NA NA NA NA NA NA NA NA ...
 $ RaceHorse.FinishTimeSdv          : num  NA NA NA NA NA NA NA NA NA NA ...
 $ RaceHorse.FirstTimeSdv           : num  NA NA NA NA NA NA NA NA NA NA ...
 $ RaceHorse.LastTimeSdv            : num  NA NA NA NA NA NA NA NA NA NA ...
 $ RaceHorse.IsHitA                 : num  0 0 0 0 0 0 0 0 0 0 ...
 $ RaceHorse.IsHitB                 : num  0 0 0 0 0 0 0 0 0 0 ...
 $ RaceHorse.IsHitC                 : num  0 0 0 0 0 0 0 0 0 0 ...
 $ Jockey.FinishTimeSdvByRaceAvg    : num  0.2584 0.3662 0.0894 0.6046 0.0752 ...
 $ Jockey.FirstTimeSdvByRaceAvg     : num  0.1952 0.3156 0.0302 0.5794 0.0665 ...
 $ Jockey.LastTimeSdvByRaceAvg      : num  0.167 0.258 0.095 0.377 0.042 ...
 $ Jockey.FinishTimeSdvAvg          : num  -0.165 -0.333 -0.4 -0.112 -0.363 ...
 $ Jockey.FirstTimeSdvAvg           : num  -0.0422 -0.3443 -0.3137 -0.1116 -0.307 ...
 $ Jockey.LastTimeSdvAvg            : num  -0.1797 -0.1716 -0.2799 -0.0522 -0.2332 ...
 $ Jockey.RealOddsLog1Avg           : num  3.45 2.9 3.83 2.34 4.02 ...
 $ Jockey.RunCount                  : num  113 426 262 524 246 287 569 210 288 784 ...
 $ Jockey.HitCount1                 : num  10 48 13 87 12 10 37 11 10 103 ...
 $ Jockey.HitCount2                 : num  8 52 21 52 24 9 44 12 9 115 ...
 $ Jockey.HitCount3                 : num  12 39 18 66 15 13 37 16 13 95 ...
 $ Jockey.HitCount4                 : num  4 33 13 51 12 15 48 13 15 67 ...
 $ Jockey.HitCount5                 : num  13 31 17 52 16 17 58 12 17 95 ...
 $ Jockey.HitRate1                  : num  0.0885 0.1127 0.0496 0.166 0.0488 ...
 $ Jockey.HitRate2                  : num  0.0708 0.1221 0.0802 0.0992 0.0976 ...
 $ Jockey.HitRate3                  : num  0.1062 0.0915 0.0687 0.126 0.061 ...
 $ Jockey.HitRate4                  : num  0.0354 0.0775 0.0496 0.0973 0.0488 ...
 $ Jockey.HitRate5                  : num  0.115 0.0728 0.0649 0.0992 0.065 ...
 $ EOF                              : int  1 1 1 1 1 1 1 1 1 1 ...
[1] "2022-03-08 22:32:50 --- RxSqlServerData Finish ---"
[1] "2022-03-08 22:32:50 --- subset Start ---"
[1] "--------------------------------------------------------------------------------"
[1] "nrow(data) subset before=48190"
[1] "nrow(data) subset after =48190"
[1] "nrow(data) subset diff =0"
[1] "--------------------------------------------------------------------------------"
[1] "2022-03-08 22:32:50 --- subset Finish---"
[1] "2022-03-08 22:32:50 --- transform Start ---"
[1] "--------------------------------------------------------------------------------"
[1] "nrow(data) transform before=48190"
[1] "nrow(data) transform after=48190"
[1] "nrow(data) transform diff=0"
[1] "--------------------------------------------------------------------------------"
[1] "str(data)="
'data.frame':	48190 obs. of  47 variables:
 $ Race.RaceId                      : Factor w/ 3266 levels "20160130-07-01-05-02",..: 1 2 3 4 5 6 7 8 9 10 ...
 $ Race.IsAnalyzeNormalPastAndFuture: logi  TRUE TRUE TRUE TRUE TRUE TRUE ...
 $ Race.IsAnalyzeNormalPast         : logi  TRUE TRUE TRUE TRUE TRUE TRUE ...
 $ Race.IsAnalyzeNormalFuture       : logi  FALSE FALSE FALSE FALSE FALSE FALSE ...
 $ Race.IsAnalyzeFullPastAndFuture  : logi  TRUE TRUE TRUE TRUE TRUE TRUE ...
 $ Race.IsAnalyzeFullPast           : logi  TRUE TRUE TRUE TRUE TRUE TRUE ...
 $ Race.IsAnalyzeFullFuture         : logi  FALSE FALSE FALSE FALSE FALSE FALSE ...
 $ Race.JyokenCd                    : Factor w/ 1 level "5": 1 1 1 1 1 1 1 1 1 1 ...
 $ Race.JyoType1Cd                  : Factor w/ 116 levels "23-07-1800-4",..: 1 2 3 4 5 4 6 7 8 9 ...
 $ Race.RaceType1Cd                 : Factor w/ 2 levels "2-5-12","2-5-11": 1 1 1 1 1 1 1 1 1 1 ...
 $ RaceHorse.RaceId                 : Factor w/ 3266 levels "20160130-07-01-05-02",..: 1 2 3 4 5 6 7 8 9 10 ...
 $ RaceHorse.KettoNum               : Factor w/ 16784 levels "2013100499","2013103443",..: 1 2 3 4 5 6 7 8 9 10 ...
 $ RaceHorse.IsHit1                 : num  0 0 0 0 0 0 0 0 0 0 ...
 $ RaceHorse.IsHit2                 : num  0 0 0 0 0 0 0 0 0 0 ...
 $ RaceHorse.IsHit3                 : num  0 0 0 0 0 0 0 0 0 0 ...
 $ RaceHorse.IsHit4                 : num  0 0 0 0 0 0 0 0 0 0 ...
 $ RaceHorse.IsHit5                 : num  0 0 0 0 0 0 0 0 0 0 ...
 $ RaceHorse.IsHit6                 : num  0 0 0 0 0 0 0 0 0 0 ...
 $ RaceHorse.IsValidRaceHorse       : logi  FALSE FALSE FALSE FALSE FALSE FALSE ...
 $ RaceHorse.FinishTimeSdvByRace    : num  NA NA NA NA NA NA NA NA NA NA ...
 $ RaceHorse.FirstTimeSdvByRace     : num  NA NA NA NA NA NA NA NA NA NA ...
 $ RaceHorse.LastTimeSdvByRace      : num  NA NA NA NA NA NA NA NA NA NA ...
 $ RaceHorse.FinishTimeSdv          : num  NA NA NA NA NA NA NA NA NA NA ...
 $ RaceHorse.FirstTimeSdv           : num  NA NA NA NA NA NA NA NA NA NA ...
 $ RaceHorse.LastTimeSdv            : num  NA NA NA NA NA NA NA NA NA NA ...
 $ RaceHorse.IsHitA                 : num  0 0 0 0 0 0 0 0 0 0 ...
 $ RaceHorse.IsHitB                 : num  0 0 0 0 0 0 0 0 0 0 ...
 $ RaceHorse.IsHitC                 : num  0 0 0 0 0 0 0 0 0 0 ...
 $ Jockey.FinishTimeSdvByRaceAvg    : num  0.2584 0.3662 0.0894 0.6046 0.0752 ...
 $ Jockey.FirstTimeSdvByRaceAvg     : num  0.1952 0.3156 0.0302 0.5794 0.0665 ...
 $ Jockey.LastTimeSdvByRaceAvg      : num  0.167 0.258 0.095 0.377 0.042 ...
 $ Jockey.FinishTimeSdvAvg          : num  -0.165 -0.333 -0.4 -0.112 -0.363 ...
 $ Jockey.FirstTimeSdvAvg           : num  -0.0422 -0.3443 -0.3137 -0.1116 -0.307 ...
 $ Jockey.LastTimeSdvAvg            : num  -0.1797 -0.1716 -0.2799 -0.0522 -0.2332 ...
 $ Jockey.RealOddsLog1Avg           : num  3.45 2.9 3.83 2.34 4.02 ...
 $ Jockey.RunCount                  : num  113 426 262 524 246 287 569 210 288 784 ...
 $ Jockey.HitCount1                 : num  10 48 13 87 12 10 37 11 10 103 ...
 $ Jockey.HitCount2                 : num  8 52 21 52 24 9 44 12 9 115 ...
 $ Jockey.HitCount3                 : num  12 39 18 66 15 13 37 16 13 95 ...
 $ Jockey.HitCount4                 : num  4 33 13 51 12 15 48 13 15 67 ...
 $ Jockey.HitCount5                 : num  13 31 17 52 16 17 58 12 17 95 ...
 $ Jockey.HitRate1                  : num  0.0885 0.1127 0.0496 0.166 0.0488 ...
 $ Jockey.HitRate2                  : num  0.0708 0.1221 0.0802 0.0992 0.0976 ...
 $ Jockey.HitRate3                  : num  0.1062 0.0915 0.0687 0.126 0.061 ...
 $ Jockey.HitRate4                  : num  0.0354 0.0775 0.0496 0.0973 0.0488 ...
 $ Jockey.HitRate5                  : num  0.115 0.0728 0.0649 0.0992 0.065 ...
 $ EOF                              : int  1 1 1 1 1 1 1 1 1 1 ...
NULL
[1] "2022-03-08 22:32:50 --- transform Finish ---"
[1] "2022-03-08 22:32:50 --- na.omit Start ---"
[1] "--------------------------------------------------------------------------------"
[1] "nrow(data) na.omit before=48190"
[1] "nrow(data) na.omit after =47763"
[1] "nrow(data) na.omit diff =427"
[1] "--------------------------------------------------------------------------------"
'data.frame':	47763 obs. of  47 variables:
 $ Race.RaceId                      : Factor w/ 3266 levels "20160130-07-01-05-02",..: 29 57 57 57 57 57 57 57 58 59 ...
 $ Race.IsAnalyzeNormalPastAndFuture: logi  TRUE TRUE TRUE TRUE TRUE TRUE ...
 $ Race.IsAnalyzeNormalPast         : logi  TRUE TRUE TRUE TRUE TRUE TRUE ...
 $ Race.IsAnalyzeNormalFuture       : logi  FALSE FALSE FALSE FALSE FALSE FALSE ...
 $ Race.IsAnalyzeFullPastAndFuture  : logi  TRUE TRUE TRUE TRUE TRUE TRUE ...
 $ Race.IsAnalyzeFullPast           : logi  TRUE TRUE TRUE TRUE TRUE TRUE ...
 $ Race.IsAnalyzeFullFuture         : logi  FALSE FALSE FALSE FALSE FALSE FALSE ...
 $ Race.JyokenCd                    : Factor w/ 1 level "5": 1 1 1 1 1 1 1 1 1 1 ...
 $ Race.JyoType1Cd                  : Factor w/ 116 levels "23-07-1800-4",..: 24 15 15 15 15 15 15 15 12 20 ...
 $ Race.RaceType1Cd                 : Factor w/ 2 levels "2-5-12","2-5-11": 1 2 2 2 2 2 2 2 1 2 ...
 $ RaceHorse.RaceId                 : Factor w/ 3266 levels "20160130-07-01-05-02",..: 29 57 57 57 57 57 57 57 58 59 ...
 $ RaceHorse.KettoNum               : Factor w/ 16784 levels "2013100499","2013103443",..: 72 73 74 75 76 77 78 79 80 81 ...
 $ RaceHorse.IsHit1                 : num  1 0 0 0 0 0 0 0 1 0 ...
 $ RaceHorse.IsHit2                 : num  0 0 0 0 0 0 0 0 0 0 ...
 $ RaceHorse.IsHit3                 : num  0 0 0 0 0 1 0 0 0 0 ...
 $ RaceHorse.IsHit4                 : num  0 0 0 0 0 0 0 1 0 0 ...
 $ RaceHorse.IsHit5                 : num  0 0 1 0 0 0 0 0 0 0 ...
 $ RaceHorse.IsHit6                 : num  0 1 0 1 1 0 1 0 0 1 ...
 $ RaceHorse.IsValidRaceHorse       : logi  TRUE TRUE TRUE TRUE TRUE TRUE ...
 $ RaceHorse.FinishTimeSdvByRace    : num  0.658 -1.446 -0.115 -1.002 -0.411 ...
 $ RaceHorse.FirstTimeSdvByRace     : num  1.088 -0.417 0.833 0.333 0.583 ...
 $ RaceHorse.LastTimeSdvByRace      : num  0.379 -0.922 -0.467 -0.922 -0.581 ...
 $ RaceHorse.FinishTimeSdv          : num  0.787 -0.984 -0.456 -0.808 -0.573 ...
 $ RaceHorse.FirstTimeSdv           : num  0.812 -0.151 0.369 0.161 0.265 ...
 $ RaceHorse.LastTimeSdv            : num  0.444 -1.202 -0.888 -1.202 -0.966 ...
 $ RaceHorse.IsHitA                 : num  1 0 0 0 0 0 0 0 1 0 ...
 $ RaceHorse.IsHitB                 : num  1 0 0 0 0 0 0 0 1 0 ...
 $ RaceHorse.IsHitC                 : num  1 0 0 0 0 1 0 0 1 0 ...
 $ Jockey.FinishTimeSdvByRaceAvg    : num  0.293 -0.624 0.474 0.523 0.334 ...
 $ Jockey.FirstTimeSdvByRaceAvg     : num  0.238 -0.532 0.357 0.585 0.303 ...
 $ Jockey.LastTimeSdvByRaceAvg      : num  0.181 -0.481 0.347 0.285 0.201 ...
 $ Jockey.FinishTimeSdvAvg          : num  0.0937 -1.1319 -0.3488 -0.337 -0.4429 ...
 $ Jockey.FirstTimeSdvAvg           : num  0.152 -0.683 -0.187 -0.128 -0.244 ...
 $ Jockey.LastTimeSdvAvg            : num  0.0169 -0.9823 -0.3104 -0.337 -0.3965 ...
 $ Jockey.RealOddsLog1Avg           : num  2.51 5.1 2.57 2.46 3.2 ...
 $ Jockey.RunCount                  : num  10 4 249 172 216 ...
 $ Jockey.HitCount1                 : num  1 0 31 32 22 14 7 27 140 4 ...
 $ Jockey.HitCount2                 : num  2 0 29 24 22 10 8 26 150 12 ...
 $ Jockey.HitCount3                 : num  1 0 23 15 18 12 10 32 123 4 ...
 $ Jockey.HitCount4                 : num  1 0 27 11 20 16 10 41 107 6 ...
 $ Jockey.HitCount5                 : num  0 0 18 18 23 11 10 27 115 8 ...
 $ Jockey.HitRate1                  : num  0.1 0 0.124 0.186 0.102 ...
 $ Jockey.HitRate2                  : num  0.2 0 0.116 0.14 0.102 ...
 $ Jockey.HitRate3                  : num  0.1 0 0.0924 0.0872 0.0833 ...
 $ Jockey.HitRate4                  : num  0.1 0 0.1084 0.064 0.0926 ...
 $ Jockey.HitRate5                  : num  0 0 0.0723 0.1047 0.1065 ...
 $ EOF                              : int  1 1 1 1 1 1 1 1 1 1 ...
 - attr(*, "na.action")= 'omit' Named int  1 2 3 4 5 6 7 8 9 10 ...
  ..- attr(*, "names")= chr  "1" "2" "3" "4" ...
[1] "2022-03-08 22:32:50 --- na.omit Finish ---"
[1] "2022-03-08 22:32:50 --- rxLogit with rxStepControl Start ---"

> print(paste0(Sys.time(), " --- source_logic_glm.R Start ---"))
[1] "2022-03-08 22:32:50 --- source_logic_glm.R Start ---"

> formula <- formula(RaceHorse.IsHitA ~ +1 + Jockey.FinishTimeSdvByRaceAvg)

> print(paste0(Sys.time(), " --- source_logic_glm.R Finished ---"))
[1] "2022-03-08 22:32:50 --- source_logic_glm.R Finished ---"
Rows Read: 47763, Total Rows Processed: 47763, Total Chunk Time: 0.002 seconds 

Starting values (iteration 1) time: 0.017 secs.
Rows Read: 47763, Total Rows Processed: 47763, Total Chunk Time: 0.003 seconds 

Iteration 2 time: 0.008 secs.
Rows Read: 47763, Total Rows Processed: 47763, Total Chunk Time: 0.003 seconds 

Iteration 3 time: 0.006 secs.
Rows Read: 47763, Total Rows Processed: 47763, Total Chunk Time: 0.003 seconds 

Iteration 4 time: 0.005 secs.
Rows Read: 47763, Total Rows Processed: 47763, Total Chunk Time: 0.003 seconds 

Iteration 5 time: 0.006 secs.

Elapsed computation time: 0.052 secs.
Rows Read: 47763, Total Rows Processed: 47763, Total Chunk Time: 0.002 seconds 

Starting values (iteration 1) time: 0.010 secs.
Rows Read: 47763, Total Rows Processed: 47763, Total Chunk Time: 0.003 seconds 

Iteration 2 time: 0.007 secs.

Elapsed computation time: 0.023 secs.
Rows Read: 47763, Total Rows Processed: 47763, Total Chunk Time: 0.001 seconds 

Starting values (iteration 1) time: 0.010 secs.
Rows Read: 47763, Total Rows Processed: 47763, Total Chunk Time: 0.003 seconds 

Iteration 2 time: 0.009 secs.
Rows Read: 47763, Total Rows Processed: 47763, Total Chunk Time: 0.002 seconds 

Iteration 3 time: 0.005 secs.
Rows Read: 47763, Total Rows Processed: 47763, Total Chunk Time: 0.003 seconds 

Iteration 4 time: 0.006 secs.
Rows Read: 47763, Total Rows Processed: 47763, Total Chunk Time: 0.004 seconds 

Iteration 5 time: 0.006 secs.

Elapsed computation time: 0.046 secs.

Elapsed computation time: 0.140 secs.
[1] "--------------------------------------------------------------------------------"
[1] "analyze.results.glm.step="
Logistic Regression Results for: RaceHorse.IsHitA ~
    Jockey.FinishTimeSdvByRaceAvg
Data: data
Dependent variable(s): RaceHorse.IsHitA
Total independent variables: 2 
Number of valid observations: 47763
Number of missing observations: 0 
 
Coefficients:
                              RaceHorse.IsHitA
(Intercept)                                 -3
Jockey.FinishTimeSdvByRaceAvg                2
[1] "analyze.results.glm.step.summary"
Call:
rxLogit(formula = formula, data = data, variableSelection = analyze.results.glm.step.varsel)

Logistic Regression Results for: RaceHorse.IsHitA ~
    Jockey.FinishTimeSdvByRaceAvg
Data: data
Dependent variable(s): RaceHorse.IsHitA
Total independent variables: 2 
Number of valid observations: 47763
Number of missing observations: 0 
-2*LogLikelihood: 22707.549 (Residual deviance on 47761 degrees of freedom)
 
Coefficients:
                              Estimate Std. Error z value Pr(>|z|)    
(Intercept)                    -3.2226     0.0295  -109.2  2.2e-16 ***
Jockey.FinishTimeSdvByRaceAvg   2.4417     0.0745    32.8  2.2e-16 ***
---
Signif. codes:  0 '***' 0.001 '**' 0.01 '*' 0.05 '.' 0.1 ' ' 1

Condition number of final variance-covariance matrix: 1 
Number of iterations: 5
[1] "--------------------------------------------------------------------------------"
[1] "2022-03-08 22:32:50 --- rxLogit with rxStepControl Finish ---"
[1] "2022-03-08 22:32:50 --- rxStepPlot Start ---"
[1] "pdfFilename=pdf_analyze_glm_Jockey_Type25_rxStepPlot.pdf"
[1] "rxStepPlot="
[1] "2022-03-08 22:32:50 --- rxStepPlot Finish ---"
[1] "2022-03-08 22:32:50 --- save.image Start ---"
[1] "save.image"
[1] "rdataFilename=RData_analyze_glm_Jockey_Type25.RData"
[1] "2022-03-08 22:32:51 --- save.image Finish ---"
[1] "2022-03-08 22:32:51 --- final Start ---"
[1] "--------------------------------------------------------------------------------"
[1] "nrow(data) final=47763"
[1] "--------------------------------------------------------------------------------"
[1] "2022-03-08 22:32:51 --- final Finish ---"
[1] "2022-03-08 22:32:51 --- analyze_glm.R Finished ---"
[1] "2022-03-08 22:32:51 --- log Finish ---"
