[1] "2022-02-26 17:56:53 --- D1115_analyze_glm_Gen01_IsHitA_Type35 Start ---"
[1] "2022-02-26 17:56:53 --- Log Start ---"
[1] "2022-02-26 17:56:53 --- analyze_glm.R Start ---"
[1] "analyzeVersion=D1115"
[1] "analyzeCategory=analyze"
[1] "analyzeType=Gen01"
[1] "analyzeFamily=IsHitA"
[1] "analyzeFunc=glm"
[1] "analyzeTrackTypeCd=3"
[1] "analyzeJyokenCd=5"
[1] "2022-02-26 17:56:53 --- source_function.R Start ---"
[1] "2022-02-26 17:56:53 --- source_function.R Finished ---"

> print(paste0(Sys.time(), " --- source_library.R Start ---"))
[1] "2022-02-26 17:56:53 --- source_library.R Start ---"

> require("RevoScaleR")

> print(paste0(Sys.time(), " --- source_library.R Finished ---"))
[1] "2022-02-26 17:56:54 --- source_library.R Finished ---"
[1] "2022-02-26 17:56:54 --- RxSqlServerData Start ---"
[1] "2022-02-26 17:56:54 --- RxInSqlServer Start ---"
[1] "2022-02-26 17:56:54 --- RxInSqlServer Finish ---"
[1] "2022-02-26 17:56:54 --- rxSetComputeContext Start ---"
[1] "2022-02-26 17:56:54 --- rxSetComputeContext Finish ---"
[1] "2022-02-26 17:56:54 --- RxSqlServerData Start ---"
[1] "sqlQuery=SELECT * FROM ViewAnalyzeD1115analyze01Gen01Type35"
[1] "2022-02-26 17:56:54 --- RxSqlServerData Finish ---"
[1] "2022-02-26 17:56:54 --- rxGetVarInfo Start ---"
[1] "2022-02-26 17:56:54 --- rxGetVarInfo Finish---"
[1] "2022-02-26 17:56:54 --- rxImport Start ---"
Rows Read: 5179, Total Rows Processed: 5179, Total Chunk Time: 115.079 seconds 
[1] "2022-02-26 17:59:04 --- rxImport Finish ---"
[1] "object.size(data) auto=1.6 Mb"
[1] "--------------------------------------------------------------------------------"
[1] "nrow(data) RxSqlServerData=5179"
[1] "--------------------------------------------------------------------------------"
[1] "str(data)="
'data.frame':	5179 obs. of  44 variables:
 $ Race.RaceId                      : Factor w/ 419 levels "20180114-07-01-02-04",..: 7 1 2 5 3 4 11 10 12 13 ...
 $ Race.IsAnalyzeNormalPastAndFuture: logi  TRUE TRUE TRUE TRUE TRUE TRUE ...
 $ Race.IsAnalyzeNormalPast         : logi  TRUE TRUE TRUE TRUE TRUE TRUE ...
 $ Race.IsAnalyzeNormalFuture       : logi  FALSE FALSE FALSE FALSE FALSE FALSE ...
 $ Race.IsAnalyzeFullPastAndFuture  : logi  TRUE TRUE TRUE TRUE TRUE TRUE ...
 $ Race.IsAnalyzeFullPast           : logi  TRUE TRUE TRUE TRUE TRUE TRUE ...
 $ Race.IsAnalyzeFullFuture         : logi  FALSE FALSE FALSE FALSE FALSE FALSE ...
 $ Race.JyokenCd                    : Factor w/ 1 level "5": 1 1 1 1 1 1 1 1 1 1 ...
 $ Race.JyoType1Cd                  : Factor w/ 34 levels "3-07-3000-5-1",..: 1 1 2 4 3 2 4 8 9 10 ...
 $ Race.RaceType1Cd                 : Factor w/ 1 level "3-5-X-3": 1 1 1 1 1 1 1 1 1 1 ...
 $ RaceHorse.RaceId                 : Factor w/ 419 levels "20180114-07-01-02-04",..: 7 1 2 5 3 4 11 10 12 13 ...
 $ RaceHorse.KettoNum               : Factor w/ 1573 levels "2014100649","2016103566",..: 2 1 2 3 3 3 1 4 4 4 ...
 $ RaceHorse.IsHit1                 : num  0 0 0 0 1 0 1 0 0 0 ...
 $ RaceHorse.IsHit2                 : num  0 0 0 0 0 0 0 0 0 0 ...
 $ RaceHorse.IsHit3                 : num  0 1 0 0 0 0 0 0 0 1 ...
 $ RaceHorse.IsHit4                 : num  0 0 0 0 0 0 0 0 0 0 ...
 $ RaceHorse.IsHit5                 : num  0 0 0 0 0 0 0 0 1 0 ...
 $ RaceHorse.IsHit6                 : num  1 0 1 1 0 1 0 1 0 0 ...
 $ RaceHorse.IsValidRaceHorse       : logi  TRUE TRUE TRUE TRUE TRUE TRUE ...
 $ RaceHorse.TimeSdvByRace          : num  0.2178 0.9062 -1.4613 -0.0454 1.0533 ...
 $ RaceHorse.TimeSdv                : num  -0.036 0.839 -0.263 0.342 0.363 ...
 $ RaceHorse.IsHitA                 : num  0 0 0 0 1 0 1 0 0 0 ...
 $ RaceHorse.IsHitB                 : num  0 0 0 0 1 0 1 0 0 0 ...
 $ RaceHorse.IsHitC                 : num  0 1 0 0 1 0 1 0 0 1 ...
 $ Gen01.HansyokuNum                : Factor w/ 225 levels "11201929","11201936",..: 1 1 1 1 1 1 1 2 2 2 ...
 $ Gen01.TimeSdvByRaceAvg           : num  0.389 0.749 0.277 1.002 0.256 ...
 $ Gen01.TimeSdvByRaceMin           : num  -1.681 0.749 -1.681 0.749 -1.681 ...
 $ Gen01.TimeSdvByRaceMax           : num  1.351 0.749 1.351 1.351 1.351 ...
 $ Gen01.TimeSdvAvg                 : num  0.1305 -0.3191 0.0906 0.3862 0.0839 ...
 $ Gen01.TimeSdvMin                 : num  -1.081 -0.319 -1.081 -0.319 -1.081 ...
 $ Gen01.TimeSdvMax                 : num  0.839 -0.319 0.839 0.839 0.839 ...
 $ Gen01.OrderOfFinishSdvAvg        : num  0.446 0.446 0.208 0.99 0.228 ...
 $ Gen01.RunCount                   : num  6 1 8 3 5 4 2 9 7 7 ...
 $ Gen01.HitCount1                  : num  2 0 2 1 1 1 0 0 0 0 ...
 $ Gen01.HitCount2                  : num  0 0 0 0 0 0 0 0 0 0 ...
 $ Gen01.HitCount3                  : num  1 0 1 1 1 1 1 0 1 1 ...
 $ Gen01.HitCount4                  : num  0 0 0 0 0 0 0 0 0 0 ...
 $ Gen01.HitCount5                  : num  1 1 1 1 1 1 1 0 0 1 ...
 $ Gen01.HitRate1                   : num  0.333 0 0.25 0.333 0.2 ...
 $ Gen01.HitRate2                   : num  0 0 0 0 0 0 0 0 0 0 ...
 $ Gen01.HitRate3                   : num  0.167 0 0.125 0.333 0.2 ...
 $ Gen01.HitRate4                   : num  0 0 0 0 0 0 0 0 0 0 ...
 $ Gen01.HitRate5                   : num  0.167 1 0.125 0.333 0.2 ...
 $ EOF                              : int  1 1 1 1 1 1 1 1 1 1 ...
[1] "2022-02-26 17:59:50 --- RxSqlServerData Finish ---"
[1] "2022-02-26 17:59:53 --- subset Start ---"
[1] "--------------------------------------------------------------------------------"
[1] "nrow(data) subset before=5179"
[1] "nrow(data) subset after =5179"
[1] "nrow(data) subset diff =0"
[1] "--------------------------------------------------------------------------------"
[1] "2022-02-26 18:00:03 --- subset Finish---"
[1] "2022-02-26 18:00:05 --- transform Start ---"
[1] "--------------------------------------------------------------------------------"
[1] "nrow(data) transform before=5179"
[1] "nrow(data) transform after=5179"
[1] "nrow(data) transform diff=0"
[1] "--------------------------------------------------------------------------------"
[1] "str(data)="
'data.frame':	5179 obs. of  44 variables:
 $ Race.RaceId                      : Factor w/ 419 levels "20180114-07-01-02-04",..: 7 1 2 5 3 4 11 10 12 13 ...
 $ Race.IsAnalyzeNormalPastAndFuture: logi  TRUE TRUE TRUE TRUE TRUE TRUE ...
 $ Race.IsAnalyzeNormalPast         : logi  TRUE TRUE TRUE TRUE TRUE TRUE ...
 $ Race.IsAnalyzeNormalFuture       : logi  FALSE FALSE FALSE FALSE FALSE FALSE ...
 $ Race.IsAnalyzeFullPastAndFuture  : logi  TRUE TRUE TRUE TRUE TRUE TRUE ...
 $ Race.IsAnalyzeFullPast           : logi  TRUE TRUE TRUE TRUE TRUE TRUE ...
 $ Race.IsAnalyzeFullFuture         : logi  FALSE FALSE FALSE FALSE FALSE FALSE ...
 $ Race.JyokenCd                    : Factor w/ 1 level "5": 1 1 1 1 1 1 1 1 1 1 ...
 $ Race.JyoType1Cd                  : Factor w/ 34 levels "3-07-3000-5-1",..: 1 1 2 4 3 2 4 8 9 10 ...
 $ Race.RaceType1Cd                 : Factor w/ 1 level "3-5-X-3": 1 1 1 1 1 1 1 1 1 1 ...
 $ RaceHorse.RaceId                 : Factor w/ 419 levels "20180114-07-01-02-04",..: 7 1 2 5 3 4 11 10 12 13 ...
 $ RaceHorse.KettoNum               : Factor w/ 1573 levels "2014100649","2016103566",..: 2 1 2 3 3 3 1 4 4 4 ...
 $ RaceHorse.IsHit1                 : num  0 0 0 0 1 0 1 0 0 0 ...
 $ RaceHorse.IsHit2                 : num  0 0 0 0 0 0 0 0 0 0 ...
 $ RaceHorse.IsHit3                 : num  0 1 0 0 0 0 0 0 0 1 ...
 $ RaceHorse.IsHit4                 : num  0 0 0 0 0 0 0 0 0 0 ...
 $ RaceHorse.IsHit5                 : num  0 0 0 0 0 0 0 0 1 0 ...
 $ RaceHorse.IsHit6                 : num  1 0 1 1 0 1 0 1 0 0 ...
 $ RaceHorse.IsValidRaceHorse       : logi  TRUE TRUE TRUE TRUE TRUE TRUE ...
 $ RaceHorse.TimeSdvByRace          : num  0.2178 0.9062 -1.4613 -0.0454 1.0533 ...
 $ RaceHorse.TimeSdv                : num  -0.036 0.839 -0.263 0.342 0.363 ...
 $ RaceHorse.IsHitA                 : num  0 0 0 0 1 0 1 0 0 0 ...
 $ RaceHorse.IsHitB                 : num  0 0 0 0 1 0 1 0 0 0 ...
 $ RaceHorse.IsHitC                 : num  0 1 0 0 1 0 1 0 0 1 ...
 $ Gen01.HansyokuNum                : Factor w/ 225 levels "11201929","11201936",..: 1 1 1 1 1 1 1 2 2 2 ...
 $ Gen01.TimeSdvByRaceAvg           : num  0.389 0.749 0.277 1.002 0.256 ...
 $ Gen01.TimeSdvByRaceMin           : num  -1.681 0.749 -1.681 0.749 -1.681 ...
 $ Gen01.TimeSdvByRaceMax           : num  1.351 0.749 1.351 1.351 1.351 ...
 $ Gen01.TimeSdvAvg                 : num  0.1305 -0.3191 0.0906 0.3862 0.0839 ...
 $ Gen01.TimeSdvMin                 : num  -1.081 -0.319 -1.081 -0.319 -1.081 ...
 $ Gen01.TimeSdvMax                 : num  0.839 -0.319 0.839 0.839 0.839 ...
 $ Gen01.OrderOfFinishSdvAvg        : num  0.446 0.446 0.208 0.99 0.228 ...
 $ Gen01.RunCount                   : num  6 1 8 3 5 4 2 9 7 7 ...
 $ Gen01.HitCount1                  : num  2 0 2 1 1 1 0 0 0 0 ...
 $ Gen01.HitCount2                  : num  0 0 0 0 0 0 0 0 0 0 ...
 $ Gen01.HitCount3                  : num  1 0 1 1 1 1 1 0 1 1 ...
 $ Gen01.HitCount4                  : num  0 0 0 0 0 0 0 0 0 0 ...
 $ Gen01.HitCount5                  : num  1 1 1 1 1 1 1 0 0 1 ...
 $ Gen01.HitRate1                   : num  0.333 0 0.25 0.333 0.2 ...
 $ Gen01.HitRate2                   : num  0 0 0 0 0 0 0 0 0 0 ...
 $ Gen01.HitRate3                   : num  0.167 0 0.125 0.333 0.2 ...
 $ Gen01.HitRate4                   : num  0 0 0 0 0 0 0 0 0 0 ...
 $ Gen01.HitRate5                   : num  0.167 1 0.125 0.333 0.2 ...
 $ EOF                              : int  1 1 1 1 1 1 1 1 1 1 ...
NULL
[1] "2022-02-26 18:01:23 --- transform Finish ---"
[1] "2022-02-26 18:01:23 --- na.omit Start ---"
[1] "--------------------------------------------------------------------------------"
[1] "nrow(data) na.omit before=5179"
[1] "nrow(data) na.omit after =4910"
[1] "nrow(data) na.omit diff =269"
[1] "--------------------------------------------------------------------------------"
'data.frame':	4910 obs. of  44 variables:
 $ Race.RaceId                      : Factor w/ 419 levels "20180114-07-01-02-04",..: 7 1 2 5 3 4 11 10 12 13 ...
 $ Race.IsAnalyzeNormalPastAndFuture: logi  TRUE TRUE TRUE TRUE TRUE TRUE ...
 $ Race.IsAnalyzeNormalPast         : logi  TRUE TRUE TRUE TRUE TRUE TRUE ...
 $ Race.IsAnalyzeNormalFuture       : logi  FALSE FALSE FALSE FALSE FALSE FALSE ...
 $ Race.IsAnalyzeFullPastAndFuture  : logi  TRUE TRUE TRUE TRUE TRUE TRUE ...
 $ Race.IsAnalyzeFullPast           : logi  TRUE TRUE TRUE TRUE TRUE TRUE ...
 $ Race.IsAnalyzeFullFuture         : logi  FALSE FALSE FALSE FALSE FALSE FALSE ...
 $ Race.JyokenCd                    : Factor w/ 1 level "5": 1 1 1 1 1 1 1 1 1 1 ...
 $ Race.JyoType1Cd                  : Factor w/ 34 levels "3-07-3000-5-1",..: 1 1 2 4 3 2 4 8 9 10 ...
 $ Race.RaceType1Cd                 : Factor w/ 1 level "3-5-X-3": 1 1 1 1 1 1 1 1 1 1 ...
 $ RaceHorse.RaceId                 : Factor w/ 419 levels "20180114-07-01-02-04",..: 7 1 2 5 3 4 11 10 12 13 ...
 $ RaceHorse.KettoNum               : Factor w/ 1573 levels "2014100649","2016103566",..: 2 1 2 3 3 3 1 4 4 4 ...
 $ RaceHorse.IsHit1                 : num  0 0 0 0 1 0 1 0 0 0 ...
 $ RaceHorse.IsHit2                 : num  0 0 0 0 0 0 0 0 0 0 ...
 $ RaceHorse.IsHit3                 : num  0 1 0 0 0 0 0 0 0 1 ...
 $ RaceHorse.IsHit4                 : num  0 0 0 0 0 0 0 0 0 0 ...
 $ RaceHorse.IsHit5                 : num  0 0 0 0 0 0 0 0 1 0 ...
 $ RaceHorse.IsHit6                 : num  1 0 1 1 0 1 0 1 0 0 ...
 $ RaceHorse.IsValidRaceHorse       : logi  TRUE TRUE TRUE TRUE TRUE TRUE ...
 $ RaceHorse.TimeSdvByRace          : num  0.2178 0.9062 -1.4613 -0.0454 1.0533 ...
 $ RaceHorse.TimeSdv                : num  -0.036 0.839 -0.263 0.342 0.363 ...
 $ RaceHorse.IsHitA                 : num  0 0 0 0 1 0 1 0 0 0 ...
 $ RaceHorse.IsHitB                 : num  0 0 0 0 1 0 1 0 0 0 ...
 $ RaceHorse.IsHitC                 : num  0 1 0 0 1 0 1 0 0 1 ...
 $ Gen01.HansyokuNum                : Factor w/ 225 levels "11201929","11201936",..: 1 1 1 1 1 1 1 2 2 2 ...
 $ Gen01.TimeSdvByRaceAvg           : num  0.389 0.749 0.277 1.002 0.256 ...
 $ Gen01.TimeSdvByRaceMin           : num  -1.681 0.749 -1.681 0.749 -1.681 ...
 $ Gen01.TimeSdvByRaceMax           : num  1.351 0.749 1.351 1.351 1.351 ...
 $ Gen01.TimeSdvAvg                 : num  0.1305 -0.3191 0.0906 0.3862 0.0839 ...
 $ Gen01.TimeSdvMin                 : num  -1.081 -0.319 -1.081 -0.319 -1.081 ...
 $ Gen01.TimeSdvMax                 : num  0.839 -0.319 0.839 0.839 0.839 ...
 $ Gen01.OrderOfFinishSdvAvg        : num  0.446 0.446 0.208 0.99 0.228 ...
 $ Gen01.RunCount                   : num  6 1 8 3 5 4 2 9 7 7 ...
 $ Gen01.HitCount1                  : num  2 0 2 1 1 1 0 0 0 0 ...
 $ Gen01.HitCount2                  : num  0 0 0 0 0 0 0 0 0 0 ...
 $ Gen01.HitCount3                  : num  1 0 1 1 1 1 1 0 1 1 ...
 $ Gen01.HitCount4                  : num  0 0 0 0 0 0 0 0 0 0 ...
 $ Gen01.HitCount5                  : num  1 1 1 1 1 1 1 0 0 1 ...
 $ Gen01.HitRate1                   : num  0.333 0 0.25 0.333 0.2 ...
 $ Gen01.HitRate2                   : num  0 0 0 0 0 0 0 0 0 0 ...
 $ Gen01.HitRate3                   : num  0.167 0 0.125 0.333 0.2 ...
 $ Gen01.HitRate4                   : num  0 0 0 0 0 0 0 0 0 0 ...
 $ Gen01.HitRate5                   : num  0.167 1 0.125 0.333 0.2 ...
 $ EOF                              : int  1 1 1 1 1 1 1 1 1 1 ...
 - attr(*, "na.action")= 'omit' Named int  11 33 51 57 68 71 99 100 143 153 ...
  ..- attr(*, "names")= chr  "11" "33" "51" "57" ...
[1] "2022-02-26 18:01:41 --- na.omit Finish ---"
[1] "2022-02-26 18:01:41 --- rxGlm with rxStepControl Start ---"

> print(paste0(Sys.time(), " --- source_logic_glm.R Start ---"))
[1] "2022-02-26 18:01:41 --- source_logic_glm.R Start ---"

> formula <- formula(RaceHorse.IsHitA ~ +1 + Gen01.TimeSdvByRaceAvg)

> print(paste0(Sys.time(), " --- source_logic_glm.R Finished ---"))
[1] "2022-02-26 18:01:42 --- source_logic_glm.R Finished ---"
Rows Read: 4910, Total Rows Processed: 4910, Total Chunk Time: 0.001 seconds 

Starting values (iteration 1) time: 0.014 secs.
Rows Read: 4910, Total Rows Processed: 4910, Total Chunk Time: Less than .001 seconds 

Iteration 2 time: 0.009 secs.
Rows Read: 4910, Total Rows Processed: 4910, Total Chunk Time: Less than .001 seconds 

Iteration 3 time: 0.004 secs.
Rows Read: 4910, Total Rows Processed: 4910, Total Chunk Time: Less than .001 seconds 

Iteration 4 time: 0.004 secs.
Rows Read: 4910, Total Rows Processed: 4910, Total Chunk Time: 0.001 seconds 

Iteration 5 time: 0.004 secs.

Elapsed computation time: 0.262 secs.
Rows Read: 4910, Total Rows Processed: 4910, Total Chunk Time: Less than .001 seconds 

Starting values (iteration 1) time: 0.005 secs.
Rows Read: 4910, Total Rows Processed: 4910, Total Chunk Time: Less than .001 seconds 

Iteration 2 time: 0.005 secs.

Elapsed computation time: 0.025 secs.
Rows Read: 4910, Total Rows Processed: 4910, Total Chunk Time: Less than .001 seconds 

Starting values (iteration 1) time: 0.006 secs.
Rows Read: 4910, Total Rows Processed: 4910, Total Chunk Time: Less than .001 seconds 

Iteration 2 time: 0.008 secs.
Rows Read: 4910, Total Rows Processed: 4910, Total Chunk Time: Less than .001 seconds 

Iteration 3 time: 0.005 secs.
Rows Read: 4910, Total Rows Processed: 4910, Total Chunk Time: 0.002 seconds 

Iteration 4 time: 0.006 secs.
Rows Read: 4910, Total Rows Processed: 4910, Total Chunk Time: 0.002 seconds 

Iteration 5 time: 0.005 secs.

Elapsed computation time: 0.063 secs.

Elapsed computation time: 0.369 secs.
[1] "--------------------------------------------------------------------------------"
[1] "analyze.results.glm.step="
Logistic Regression Results for: RaceHorse.IsHitA ~
    Gen01.TimeSdvByRaceAvg
Data: data
Dependent variable(s): RaceHorse.IsHitA
Total independent variables: 2 
Number of valid observations: 4910
Number of missing observations: 0 
 
Coefficients:
                       RaceHorse.IsHitA
(Intercept)                          -2
Gen01.TimeSdvByRaceAvg                1
[1] "analyze.results.glm.step.summary"
Call:
rxLogit(formula = formula, data = data, variableSelection = analyze.results.glm.step.varsel)

Logistic Regression Results for: RaceHorse.IsHitA ~
    Gen01.TimeSdvByRaceAvg
Data: data
Dependent variable(s): RaceHorse.IsHitA
Total independent variables: 2 
Number of valid observations: 4910
Number of missing observations: 0 
-2*LogLikelihood: 2798.44 (Residual deviance on 4908 degrees of freedom)
 
Coefficients:
                       Estimate Std. Error z value Pr(>|z|)    
(Intercept)             -2.4189     0.0536  -45.09  2.2e-16 ***
Gen01.TimeSdvByRaceAvg   1.0523     0.1531    6.87  6.4e-12 ***
---
Signif. codes:  0 '***' 0.001 '**' 0.01 '*' 0.05 '.' 0.1 ' ' 1

Condition number of final variance-covariance matrix: 1 
Number of iterations: 5
[1] "--------------------------------------------------------------------------------"
[1] "2022-02-26 18:01:42 --- rxGlm with rxStepControl Finish ---"
[1] "2022-02-26 18:01:42 --- rxStepPlot Start ---"
[1] "pdfFilename=pdf_analyze_glm_Gen01_Type35_rxStepPlot.pdf"
[1] "rxStepPlot="
[1] "2022-02-26 18:01:43 --- rxStepPlot Finish ---"
[1] "2022-02-26 18:01:45 --- save.image Start ---"
[1] "save.image"
[1] "rdataFilename=RData_analyze_glm_Gen01_Type35.RData"
[1] "2022-02-26 18:01:45 --- save.image Finish ---"
[1] "2022-02-26 18:01:45 --- final Start ---"
[1] "--------------------------------------------------------------------------------"
[1] "nrow(data) final=4910"
[1] "--------------------------------------------------------------------------------"
[1] "2022-02-26 18:01:45 --- final Finish ---"
[1] "2022-02-26 18:01:45 --- analyze_glm.R Finished ---"
[1] "2022-02-26 18:01:45 --- log Finish ---"
