[1] "2022-03-08 19:08:22 --- D1115_analyze_glm_Jockey_IsHitA_Type21 Start ---"
[1] "2022-03-08 19:08:22 --- Log Start ---"
[1] "2022-03-08 19:08:22 --- analyze_glm.R Start ---"
[1] "analyzeVersion=D1115"
[1] "analyzeCategory=analyze"
[1] "analyzeType=Jockey"
[1] "analyzeFamily=IsHitA"
[1] "analyzeFunc=glm"
[1] "analyzeTrackTypeCd=2"
[1] "analyzeJyokenCd=1"
[1] "2022-03-08 19:08:22 --- source_function.R Start ---"
[1] "2022-03-08 19:08:22 --- source_function.R Finished ---"

> print(paste0(Sys.time(), " --- source_library.R Start ---"))
[1] "2022-03-08 19:08:22 --- source_library.R Start ---"

> require("RevoScaleR")

> print(paste0(Sys.time(), " --- source_library.R Finished ---"))
[1] "2022-03-08 19:08:23 --- source_library.R Finished ---"
[1] "2022-03-08 19:08:23 --- RxSqlServerData Start ---"
[1] "2022-03-08 19:08:23 --- RxInSqlServer Start ---"
[1] "2022-03-08 19:08:23 --- RxInSqlServer Finish ---"
[1] "2022-03-08 19:08:23 --- rxSetComputeContext Start ---"
[1] "2022-03-08 19:08:23 --- rxSetComputeContext Finish ---"
[1] "2022-03-08 19:08:23 --- RxSqlServerData Start ---"
[1] "sqlQuery=SELECT * FROM ViewAnalyzeD1115analyze01JockeyType21"
[1] "2022-03-08 19:08:23 --- RxSqlServerData Finish ---"
[1] "2022-03-08 19:08:23 --- rxGetVarInfo Start ---"
[1] "2022-03-08 19:08:23 --- rxGetVarInfo Finish---"
[1] "2022-03-08 19:08:23 --- rxImport Start ---"
Rows Read: 4237, Total Rows Processed: 4237, Total Chunk Time: 38.698 seconds 
[1] "2022-03-08 19:09:35 --- rxImport Finish ---"
[1] "object.size(data) auto=1.4 Mb"
[1] "--------------------------------------------------------------------------------"
[1] "nrow(data) RxSqlServerData=4237"
[1] "--------------------------------------------------------------------------------"
[1] "str(data)="
'data.frame':	4237 obs. of  47 variables:
 $ Race.RaceId                      : Factor w/ 300 levels "20161120-05-05-06-11",..: 11 12 13 9 14 15 16 17 18 19 ...
 $ Race.IsAnalyzeNormalPastAndFuture: logi  TRUE TRUE TRUE TRUE TRUE TRUE ...
 $ Race.IsAnalyzeNormalPast         : logi  TRUE TRUE TRUE TRUE TRUE TRUE ...
 $ Race.IsAnalyzeNormalFuture       : logi  FALSE FALSE FALSE FALSE FALSE FALSE ...
 $ Race.IsAnalyzeFullPastAndFuture  : logi  TRUE TRUE TRUE TRUE TRUE TRUE ...
 $ Race.IsAnalyzeFullPast           : logi  TRUE TRUE TRUE TRUE TRUE TRUE ...
 $ Race.IsAnalyzeFullFuture         : logi  FALSE FALSE FALSE FALSE FALSE FALSE ...
 $ Race.JyokenCd                    : Factor w/ 1 level "1": 1 1 1 1 1 1 1 1 1 1 ...
 $ Race.JyoType1Cd                  : Factor w/ 62 levels "23-05-1400-2",..: 9 1 8 8 10 11 12 7 13 14 ...
 $ Race.RaceType1Cd                 : Factor w/ 3 levels "2-1-13","2-1-14",..: 2 2 1 2 2 2 2 1 1 1 ...
 $ RaceHorse.RaceId                 : Factor w/ 300 levels "20161120-05-05-06-11",..: 11 12 13 9 14 15 16 17 18 19 ...
 $ RaceHorse.KettoNum               : Factor w/ 906 levels "2006102967","2008103069",..: 11 12 12 12 13 14 9 13 7 15 ...
 $ RaceHorse.IsHit1                 : num  0 0 0 0 0 0 0 0 0 0 ...
 $ RaceHorse.IsHit2                 : num  0 0 0 0 0 0 0 0 0 0 ...
 $ RaceHorse.IsHit3                 : num  0 0 0 0 0 0 0 0 0 0 ...
 $ RaceHorse.IsHit4                 : num  0 0 0 0 0 1 0 0 0 0 ...
 $ RaceHorse.IsHit5                 : num  0 0 0 0 0 0 0 0 0 0 ...
 $ RaceHorse.IsHit6                 : num  1 1 1 1 1 0 1 1 1 1 ...
 $ RaceHorse.IsValidRaceHorse       : logi  TRUE TRUE TRUE FALSE FALSE TRUE ...
 $ RaceHorse.FinishTimeSdvByRace    : num  -1.171 -0.181 0.213 -2.67 -3.727 ...
 $ RaceHorse.FirstTimeSdvByRace     : num  -1.172 0.216 -1.054 0.011 -1.739 ...
 $ RaceHorse.LastTimeSdvByRace      : num  0.0532 -0.3227 0.7343 -1.762 -3.5018 ...
 $ RaceHorse.FinishTimeSdv          : num  0.877 1.438 1.539 0.365 -2.694 ...
 $ RaceHorse.FirstTimeSdv           : num  -0.356 1.041 0.681 0.577 -0.868 ...
 $ RaceHorse.LastTimeSdv            : num  1.442 1.1568 1.544 0.0534 -2.6341 ...
 $ RaceHorse.IsHitA                 : num  0 0 0 0 0 0 0 0 0 0 ...
 $ RaceHorse.IsHitB                 : num  0 0 0 0 0 0 0 0 0 0 ...
 $ RaceHorse.IsHitC                 : num  0 0 0 0 0 0 0 0 0 0 ...
 $ Jockey.FinishTimeSdvByRaceAvg    : num  -0.1676 0.151 0.3557 -0.0284 0.3853 ...
 $ Jockey.FirstTimeSdvByRaceAvg     : num  0.0783 1.7445 0.0878 -0.1105 0.374 ...
 $ Jockey.LastTimeSdvByRaceAvg      : num  -0.1591 -0.3329 0.3036 -0.0165 0.0919 ...
 $ Jockey.FinishTimeSdvAvg          : num  1.34 1.01 1.58 1.3 1.54 ...
 $ Jockey.FirstTimeSdvAvg           : num  1.27 2.41 1.11 1.07 1.18 ...
 $ Jockey.LastTimeSdvAvg            : num  0.787 -1.094 1.201 0.864 1.135 ...
 $ Jockey.RealOddsLog1Avg           : num  4.26 2.6 3.08 3.79 2.57 ...
 $ Jockey.RunCount                  : num  19 1 71 25 47 1 23 52 6 13 ...
 $ Jockey.HitCount1                 : num  0 0 6 1 4 0 2 5 1 0 ...
 $ Jockey.HitCount2                 : num  0 0 6 1 5 0 1 6 0 5 ...
 $ Jockey.HitCount3                 : num  1 0 11 2 6 0 1 6 0 2 ...
 $ Jockey.HitCount4                 : num  1 0 3 0 4 0 2 5 0 1 ...
 $ Jockey.HitCount5                 : num  1 0 10 1 3 0 1 3 0 1 ...
 $ Jockey.HitRate1                  : num  0 0 0.0845 0.04 0.0851 ...
 $ Jockey.HitRate2                  : num  0 0 0.0845 0.04 0.1064 ...
 $ Jockey.HitRate3                  : num  0.0526 0 0.1549 0.08 0.1277 ...
 $ Jockey.HitRate4                  : num  0.0526 0 0.0423 0 0.0851 ...
 $ Jockey.HitRate5                  : num  0.0526 0 0.1408 0.04 0.0638 ...
 $ EOF                              : int  1 1 1 1 1 1 1 1 1 1 ...
[1] "2022-03-08 19:09:35 --- RxSqlServerData Finish ---"
[1] "2022-03-08 19:09:35 --- subset Start ---"
[1] "--------------------------------------------------------------------------------"
[1] "nrow(data) subset before=4237"
[1] "nrow(data) subset after =4237"
[1] "nrow(data) subset diff =0"
[1] "--------------------------------------------------------------------------------"
[1] "2022-03-08 19:09:35 --- subset Finish---"
[1] "2022-03-08 19:09:35 --- transform Start ---"
[1] "--------------------------------------------------------------------------------"
[1] "nrow(data) transform before=4237"
[1] "nrow(data) transform after=4237"
[1] "nrow(data) transform diff=0"
[1] "--------------------------------------------------------------------------------"
[1] "str(data)="
'data.frame':	4237 obs. of  47 variables:
 $ Race.RaceId                      : Factor w/ 300 levels "20161120-05-05-06-11",..: 11 12 13 9 14 15 16 17 18 19 ...
 $ Race.IsAnalyzeNormalPastAndFuture: logi  TRUE TRUE TRUE TRUE TRUE TRUE ...
 $ Race.IsAnalyzeNormalPast         : logi  TRUE TRUE TRUE TRUE TRUE TRUE ...
 $ Race.IsAnalyzeNormalFuture       : logi  FALSE FALSE FALSE FALSE FALSE FALSE ...
 $ Race.IsAnalyzeFullPastAndFuture  : logi  TRUE TRUE TRUE TRUE TRUE TRUE ...
 $ Race.IsAnalyzeFullPast           : logi  TRUE TRUE TRUE TRUE TRUE TRUE ...
 $ Race.IsAnalyzeFullFuture         : logi  FALSE FALSE FALSE FALSE FALSE FALSE ...
 $ Race.JyokenCd                    : Factor w/ 1 level "1": 1 1 1 1 1 1 1 1 1 1 ...
 $ Race.JyoType1Cd                  : Factor w/ 62 levels "23-05-1400-2",..: 9 1 8 8 10 11 12 7 13 14 ...
 $ Race.RaceType1Cd                 : Factor w/ 3 levels "2-1-13","2-1-14",..: 2 2 1 2 2 2 2 1 1 1 ...
 $ RaceHorse.RaceId                 : Factor w/ 300 levels "20161120-05-05-06-11",..: 11 12 13 9 14 15 16 17 18 19 ...
 $ RaceHorse.KettoNum               : Factor w/ 906 levels "2006102967","2008103069",..: 11 12 12 12 13 14 9 13 7 15 ...
 $ RaceHorse.IsHit1                 : num  0 0 0 0 0 0 0 0 0 0 ...
 $ RaceHorse.IsHit2                 : num  0 0 0 0 0 0 0 0 0 0 ...
 $ RaceHorse.IsHit3                 : num  0 0 0 0 0 0 0 0 0 0 ...
 $ RaceHorse.IsHit4                 : num  0 0 0 0 0 1 0 0 0 0 ...
 $ RaceHorse.IsHit5                 : num  0 0 0 0 0 0 0 0 0 0 ...
 $ RaceHorse.IsHit6                 : num  1 1 1 1 1 0 1 1 1 1 ...
 $ RaceHorse.IsValidRaceHorse       : logi  TRUE TRUE TRUE FALSE FALSE TRUE ...
 $ RaceHorse.FinishTimeSdvByRace    : num  -1.171 -0.181 0.213 -2.67 -3.727 ...
 $ RaceHorse.FirstTimeSdvByRace     : num  -1.172 0.216 -1.054 0.011 -1.739 ...
 $ RaceHorse.LastTimeSdvByRace      : num  0.0532 -0.3227 0.7343 -1.762 -3.5018 ...
 $ RaceHorse.FinishTimeSdv          : num  0.877 1.438 1.539 0.365 -2.694 ...
 $ RaceHorse.FirstTimeSdv           : num  -0.356 1.041 0.681 0.577 -0.868 ...
 $ RaceHorse.LastTimeSdv            : num  1.442 1.1568 1.544 0.0534 -2.6341 ...
 $ RaceHorse.IsHitA                 : num  0 0 0 0 0 0 0 0 0 0 ...
 $ RaceHorse.IsHitB                 : num  0 0 0 0 0 0 0 0 0 0 ...
 $ RaceHorse.IsHitC                 : num  0 0 0 0 0 0 0 0 0 0 ...
 $ Jockey.FinishTimeSdvByRaceAvg    : num  -0.1676 0.151 0.3557 -0.0284 0.3853 ...
 $ Jockey.FirstTimeSdvByRaceAvg     : num  0.0783 1.7445 0.0878 -0.1105 0.374 ...
 $ Jockey.LastTimeSdvByRaceAvg      : num  -0.1591 -0.3329 0.3036 -0.0165 0.0919 ...
 $ Jockey.FinishTimeSdvAvg          : num  1.34 1.01 1.58 1.3 1.54 ...
 $ Jockey.FirstTimeSdvAvg           : num  1.27 2.41 1.11 1.07 1.18 ...
 $ Jockey.LastTimeSdvAvg            : num  0.787 -1.094 1.201 0.864 1.135 ...
 $ Jockey.RealOddsLog1Avg           : num  4.26 2.6 3.08 3.79 2.57 ...
 $ Jockey.RunCount                  : num  19 1 71 25 47 1 23 52 6 13 ...
 $ Jockey.HitCount1                 : num  0 0 6 1 4 0 2 5 1 0 ...
 $ Jockey.HitCount2                 : num  0 0 6 1 5 0 1 6 0 5 ...
 $ Jockey.HitCount3                 : num  1 0 11 2 6 0 1 6 0 2 ...
 $ Jockey.HitCount4                 : num  1 0 3 0 4 0 2 5 0 1 ...
 $ Jockey.HitCount5                 : num  1 0 10 1 3 0 1 3 0 1 ...
 $ Jockey.HitRate1                  : num  0 0 0.0845 0.04 0.0851 ...
 $ Jockey.HitRate2                  : num  0 0 0.0845 0.04 0.1064 ...
 $ Jockey.HitRate3                  : num  0.0526 0 0.1549 0.08 0.1277 ...
 $ Jockey.HitRate4                  : num  0.0526 0 0.0423 0 0.0851 ...
 $ Jockey.HitRate5                  : num  0.0526 0 0.1408 0.04 0.0638 ...
 $ EOF                              : int  1 1 1 1 1 1 1 1 1 1 ...
NULL
[1] "2022-03-08 19:09:35 --- transform Finish ---"
[1] "2022-03-08 19:09:35 --- na.omit Start ---"
[1] "--------------------------------------------------------------------------------"
[1] "nrow(data) na.omit before=4237"
[1] "nrow(data) na.omit after =4214"
[1] "nrow(data) na.omit diff =23"
[1] "--------------------------------------------------------------------------------"
'data.frame':	4214 obs. of  47 variables:
 $ Race.RaceId                      : Factor w/ 300 levels "20161120-05-05-06-11",..: 11 12 13 9 14 15 16 17 18 19 ...
 $ Race.IsAnalyzeNormalPastAndFuture: logi  TRUE TRUE TRUE TRUE TRUE TRUE ...
 $ Race.IsAnalyzeNormalPast         : logi  TRUE TRUE TRUE TRUE TRUE TRUE ...
 $ Race.IsAnalyzeNormalFuture       : logi  FALSE FALSE FALSE FALSE FALSE FALSE ...
 $ Race.IsAnalyzeFullPastAndFuture  : logi  TRUE TRUE TRUE TRUE TRUE TRUE ...
 $ Race.IsAnalyzeFullPast           : logi  TRUE TRUE TRUE TRUE TRUE TRUE ...
 $ Race.IsAnalyzeFullFuture         : logi  FALSE FALSE FALSE FALSE FALSE FALSE ...
 $ Race.JyokenCd                    : Factor w/ 1 level "1": 1 1 1 1 1 1 1 1 1 1 ...
 $ Race.JyoType1Cd                  : Factor w/ 62 levels "23-05-1400-2",..: 9 1 8 8 10 11 12 7 13 14 ...
 $ Race.RaceType1Cd                 : Factor w/ 3 levels "2-1-13","2-1-14",..: 2 2 1 2 2 2 2 1 1 1 ...
 $ RaceHorse.RaceId                 : Factor w/ 300 levels "20161120-05-05-06-11",..: 11 12 13 9 14 15 16 17 18 19 ...
 $ RaceHorse.KettoNum               : Factor w/ 906 levels "2006102967","2008103069",..: 11 12 12 12 13 14 9 13 7 15 ...
 $ RaceHorse.IsHit1                 : num  0 0 0 0 0 0 0 0 0 0 ...
 $ RaceHorse.IsHit2                 : num  0 0 0 0 0 0 0 0 0 0 ...
 $ RaceHorse.IsHit3                 : num  0 0 0 0 0 0 0 0 0 0 ...
 $ RaceHorse.IsHit4                 : num  0 0 0 0 0 1 0 0 0 0 ...
 $ RaceHorse.IsHit5                 : num  0 0 0 0 0 0 0 0 0 0 ...
 $ RaceHorse.IsHit6                 : num  1 1 1 1 1 0 1 1 1 1 ...
 $ RaceHorse.IsValidRaceHorse       : logi  TRUE TRUE TRUE FALSE FALSE TRUE ...
 $ RaceHorse.FinishTimeSdvByRace    : num  -1.171 -0.181 0.213 -2.67 -3.727 ...
 $ RaceHorse.FirstTimeSdvByRace     : num  -1.172 0.216 -1.054 0.011 -1.739 ...
 $ RaceHorse.LastTimeSdvByRace      : num  0.0532 -0.3227 0.7343 -1.762 -3.5018 ...
 $ RaceHorse.FinishTimeSdv          : num  0.877 1.438 1.539 0.365 -2.694 ...
 $ RaceHorse.FirstTimeSdv           : num  -0.356 1.041 0.681 0.577 -0.868 ...
 $ RaceHorse.LastTimeSdv            : num  1.442 1.1568 1.544 0.0534 -2.6341 ...
 $ RaceHorse.IsHitA                 : num  0 0 0 0 0 0 0 0 0 0 ...
 $ RaceHorse.IsHitB                 : num  0 0 0 0 0 0 0 0 0 0 ...
 $ RaceHorse.IsHitC                 : num  0 0 0 0 0 0 0 0 0 0 ...
 $ Jockey.FinishTimeSdvByRaceAvg    : num  -0.1676 0.151 0.3557 -0.0284 0.3853 ...
 $ Jockey.FirstTimeSdvByRaceAvg     : num  0.0783 1.7445 0.0878 -0.1105 0.374 ...
 $ Jockey.LastTimeSdvByRaceAvg      : num  -0.1591 -0.3329 0.3036 -0.0165 0.0919 ...
 $ Jockey.FinishTimeSdvAvg          : num  1.34 1.01 1.58 1.3 1.54 ...
 $ Jockey.FirstTimeSdvAvg           : num  1.27 2.41 1.11 1.07 1.18 ...
 $ Jockey.LastTimeSdvAvg            : num  0.787 -1.094 1.201 0.864 1.135 ...
 $ Jockey.RealOddsLog1Avg           : num  4.26 2.6 3.08 3.79 2.57 ...
 $ Jockey.RunCount                  : num  19 1 71 25 47 1 23 52 6 13 ...
 $ Jockey.HitCount1                 : num  0 0 6 1 4 0 2 5 1 0 ...
 $ Jockey.HitCount2                 : num  0 0 6 1 5 0 1 6 0 5 ...
 $ Jockey.HitCount3                 : num  1 0 11 2 6 0 1 6 0 2 ...
 $ Jockey.HitCount4                 : num  1 0 3 0 4 0 2 5 0 1 ...
 $ Jockey.HitCount5                 : num  1 0 10 1 3 0 1 3 0 1 ...
 $ Jockey.HitRate1                  : num  0 0 0.0845 0.04 0.0851 ...
 $ Jockey.HitRate2                  : num  0 0 0.0845 0.04 0.1064 ...
 $ Jockey.HitRate3                  : num  0.0526 0 0.1549 0.08 0.1277 ...
 $ Jockey.HitRate4                  : num  0.0526 0 0.0423 0 0.0851 ...
 $ Jockey.HitRate5                  : num  0.0526 0 0.1408 0.04 0.0638 ...
 $ EOF                              : int  1 1 1 1 1 1 1 1 1 1 ...
 - attr(*, "na.action")= 'omit' Named int  122 165 394 453 961 1048 1210 1371 1408 1669 ...
  ..- attr(*, "names")= chr  "122" "165" "394" "453" ...
[1] "2022-03-08 19:09:35 --- na.omit Finish ---"
[1] "2022-03-08 19:09:35 --- rxLogit with rxStepControl Start ---"

> print(paste0(Sys.time(), " --- source_logic_glm.R Start ---"))
[1] "2022-03-08 19:09:36 --- source_logic_glm.R Start ---"

> formula <- formula(RaceHorse.IsHitA ~ +1 + Jockey.FinishTimeSdvByRaceAvg)

> print(paste0(Sys.time(), " --- source_logic_glm.R Finished ---"))
[1] "2022-03-08 19:09:36 --- source_logic_glm.R Finished ---"
Rows Read: 4214, Total Rows Processed: 4214, Total Chunk Time: 0.001 seconds 

Starting values (iteration 1) time: 0.006 secs.
Rows Read: 4214, Total Rows Processed: 4214, Total Chunk Time: 0.001 seconds 

Iteration 2 time: 0.006 secs.
Rows Read: 4214, Total Rows Processed: 4214, Total Chunk Time: 0.001 seconds 

Iteration 3 time: 0.005 secs.
Rows Read: 4214, Total Rows Processed: 4214, Total Chunk Time: 0.001 seconds 

Iteration 4 time: 0.003 secs.
Rows Read: 4214, Total Rows Processed: 4214, Total Chunk Time: 0.001 seconds 

Iteration 5 time: 0.004 secs.

Elapsed computation time: 0.039 secs.
Rows Read: 4214, Total Rows Processed: 4214, Total Chunk Time: 0.001 seconds 

Starting values (iteration 1) time: 0.007 secs.
Rows Read: 4214, Total Rows Processed: 4214, Total Chunk Time: 0.001 seconds 

Iteration 2 time: 0.005 secs.

Elapsed computation time: 0.019 secs.
Rows Read: 4214, Total Rows Processed: 4214, Total Chunk Time: 0.001 seconds 

Starting values (iteration 1) time: 0.005 secs.
Rows Read: 4214, Total Rows Processed: 4214, Total Chunk Time: 0.001 seconds 

Iteration 2 time: 0.006 secs.
Rows Read: 4214, Total Rows Processed: 4214, Total Chunk Time: 0.001 seconds 

Iteration 3 time: 0.004 secs.
Rows Read: 4214, Total Rows Processed: 4214, Total Chunk Time: Less than .001 seconds 

Iteration 4 time: 0.004 secs.
Rows Read: 4214, Total Rows Processed: 4214, Total Chunk Time: Less than .001 seconds 

Iteration 5 time: 0.005 secs.

Elapsed computation time: 0.052 secs.

Elapsed computation time: 0.124 secs.
[1] "--------------------------------------------------------------------------------"
[1] "analyze.results.glm.step="
Logistic Regression Results for: RaceHorse.IsHitA ~
    Jockey.FinishTimeSdvByRaceAvg
Data: data
Dependent variable(s): RaceHorse.IsHitA
Total independent variables: 2 
Number of valid observations: 4214
Number of missing observations: 0 
 
Coefficients:
                              RaceHorse.IsHitA
(Intercept)                                 -3
Jockey.FinishTimeSdvByRaceAvg                1
[1] "analyze.results.glm.step.summary"
Call:
rxLogit(formula = formula, data = data, variableSelection = analyze.results.glm.step.varsel)

Logistic Regression Results for: RaceHorse.IsHitA ~
    Jockey.FinishTimeSdvByRaceAvg
Data: data
Dependent variable(s): RaceHorse.IsHitA
Total independent variables: 2 
Number of valid observations: 4214
Number of missing observations: 0 
-2*LogLikelihood: 2107.717 (Residual deviance on 4212 degrees of freedom)
 
Coefficients:
                              Estimate Std. Error z value Pr(>|z|)    
(Intercept)                    -2.8238     0.0783  -36.05  2.2e-16 ***
Jockey.FinishTimeSdvByRaceAvg   1.2890     0.2097    6.15  8.0e-10 ***
---
Signif. codes:  0 '***' 0.001 '**' 0.01 '*' 0.05 '.' 0.1 ' ' 1

Condition number of final variance-covariance matrix: 1 
Number of iterations: 5
[1] "--------------------------------------------------------------------------------"
[1] "2022-03-08 19:09:36 --- rxLogit with rxStepControl Finish ---"
[1] "2022-03-08 19:09:36 --- rxStepPlot Start ---"
[1] "pdfFilename=pdf_analyze_glm_Jockey_Type21_rxStepPlot.pdf"
[1] "rxStepPlot="
[1] "2022-03-08 19:09:36 --- rxStepPlot Finish ---"
[1] "2022-03-08 19:09:36 --- save.image Start ---"
[1] "save.image"
[1] "rdataFilename=RData_analyze_glm_Jockey_Type21.RData"
[1] "2022-03-08 19:09:36 --- save.image Finish ---"
[1] "2022-03-08 19:09:36 --- final Start ---"
[1] "--------------------------------------------------------------------------------"
[1] "nrow(data) final=4214"
[1] "--------------------------------------------------------------------------------"
[1] "2022-03-08 19:09:36 --- final Finish ---"
[1] "2022-03-08 19:09:36 --- analyze_glm.R Finished ---"
[1] "2022-03-08 19:09:36 --- log Finish ---"
