[1] "2022-02-26 17:57:12 --- D1115_analyze_glm_Gen02_IsHitA_Type24 Start ---"
[1] "2022-02-26 17:57:12 --- Log Start ---"
[1] "2022-02-26 17:57:12 --- analyze_glm.R Start ---"
[1] "analyzeVersion=D1115"
[1] "analyzeCategory=analyze"
[1] "analyzeType=Gen02"
[1] "analyzeFamily=IsHitA"
[1] "analyzeFunc=glm"
[1] "analyzeTrackTypeCd=2"
[1] "analyzeJyokenCd=4"
[1] "2022-02-26 17:57:12 --- source_function.R Start ---"
[1] "2022-02-26 17:57:12 --- source_function.R Finished ---"

> print(paste0(Sys.time(), " --- source_library.R Start ---"))
[1] "2022-02-26 17:57:12 --- source_library.R Start ---"

> require("RevoScaleR")

> print(paste0(Sys.time(), " --- source_library.R Finished ---"))
[1] "2022-02-26 17:57:13 --- source_library.R Finished ---"
[1] "2022-02-26 17:57:13 --- RxSqlServerData Start ---"
[1] "2022-02-26 17:57:13 --- RxInSqlServer Start ---"
[1] "2022-02-26 17:57:13 --- RxInSqlServer Finish ---"
[1] "2022-02-26 17:57:14 --- rxSetComputeContext Start ---"
[1] "2022-02-26 17:57:14 --- rxSetComputeContext Finish ---"
[1] "2022-02-26 17:57:14 --- RxSqlServerData Start ---"
[1] "sqlQuery=SELECT * FROM ViewAnalyzeD1115analyze01Gen02Type24"
[1] "2022-02-26 17:57:14 --- RxSqlServerData Finish ---"
[1] "2022-02-26 17:57:14 --- rxGetVarInfo Start ---"
[1] "2022-02-26 17:57:16 --- rxGetVarInfo Finish---"
[1] "2022-02-26 17:57:16 --- rxImport Start ---"
Rows Read: 33239, Total Rows Processed: 33239, Total Chunk Time: 900.672 seconds 
[1] "2022-02-26 18:48:41 --- rxImport Finish ---"
[1] "object.size(data) auto=10.2 Mb"
[1] "--------------------------------------------------------------------------------"
[1] "nrow(data) RxSqlServerData=33239"
[1] "--------------------------------------------------------------------------------"
[1] "str(data)="
'data.frame':	33239 obs. of  44 variables:
 $ Race.RaceId                      : Factor w/ 2829 levels "20160105-06-01-01-03",..: 1 1 1 1 2 2 7 8 3 4 ...
 $ Race.IsAnalyzeNormalPastAndFuture: logi  TRUE TRUE TRUE TRUE TRUE TRUE ...
 $ Race.IsAnalyzeNormalPast         : logi  TRUE TRUE TRUE TRUE TRUE TRUE ...
 $ Race.IsAnalyzeNormalFuture       : logi  FALSE FALSE FALSE FALSE FALSE FALSE ...
 $ Race.IsAnalyzeFullPastAndFuture  : logi  TRUE TRUE TRUE TRUE TRUE TRUE ...
 $ Race.IsAnalyzeFullPast           : logi  TRUE TRUE TRUE TRUE TRUE TRUE ...
 $ Race.IsAnalyzeFullFuture         : logi  FALSE FALSE FALSE FALSE FALSE FALSE ...
 $ Race.JyokenCd                    : Factor w/ 1 level "4": 1 1 1 1 1 1 1 1 1 1 ...
 $ Race.JyoType1Cd                  : Factor w/ 131 levels "2-06-1200-4-1",..: 1 1 1 1 2 2 2 7 3 4 ...
 $ Race.RaceType1Cd                 : Factor w/ 5 levels "2-4-X-1","2-4-X-2",..: 1 1 1 1 2 2 2 2 3 1 ...
 $ RaceHorse.RaceId                 : Factor w/ 2829 levels "20160105-06-01-01-03",..: 1 1 1 1 2 2 7 8 3 4 ...
 $ RaceHorse.KettoNum               : Factor w/ 6723 levels "2011104171","2011104597",..: 1 2 3 4 5 11 12 13 6 7 ...
 $ RaceHorse.IsHit1                 : num  0 0 0 0 0 0 0 1 0 0 ...
 $ RaceHorse.IsHit2                 : num  0 0 0 0 0 0 0 0 0 0 ...
 $ RaceHorse.IsHit3                 : num  0 0 0 0 0 0 0 0 1 0 ...
 $ RaceHorse.IsHit4                 : num  0 0 0 0 0 0 0 0 0 0 ...
 $ RaceHorse.IsHit5                 : num  0 0 0 0 0 0 0 0 0 0 ...
 $ RaceHorse.IsHit6                 : num  1 1 1 1 1 1 1 0 0 1 ...
 $ RaceHorse.IsValidRaceHorse       : logi  TRUE TRUE TRUE TRUE TRUE TRUE ...
 $ RaceHorse.TimeSdvByRace          : num  0.011 0.011 -0.6914 -0.1646 0.0687 ...
 $ RaceHorse.TimeSdv                : num  0.693 0.693 0.315 0.598 0.645 ...
 $ RaceHorse.IsHitA                 : num  0 0 0 0 0 0 0 1 0 0 ...
 $ RaceHorse.IsHitB                 : num  0 0 0 0 0 0 0 1 0 0 ...
 $ RaceHorse.IsHitC                 : num  0 0 0 0 0 0 0 1 1 0 ...
 $ Gen02.HansyokuNum                : Factor w/ 425 levels "11201954","11201953",..: 1 1 1 1 1 1 1 1 2 3 ...
 $ Gen02.TimeSdvByRaceAvg           : num  0.606 -0.05 -0.164 0.554 0.372 ...
 $ Gen02.TimeSdvByRaceMin           : num  0.331 -1.091 -0.846 0.238 -0.665 ...
 $ Gen02.TimeSdvByRaceMax           : num  1.037 0.689 0.814 0.893 1.174 ...
 $ Gen02.TimeSdvAvg                 : num  0.7527 -0.0747 -0.2821 0.6008 0.1961 ...
 $ Gen02.TimeSdvMin                 : num  -0.0832 -0.8181 -1.2903 0.5039 -1.1654 ...
 $ Gen02.TimeSdvMax                 : num  1.572 0.527 0.85 0.693 1.022 ...
 $ Gen02.OrderOfFinishSdvAvg        : num  0.743 -0.174 -0.413 0.564 0.226 ...
 $ Gen02.RunCount                   : num  7 12 10 4 12 7 5 13 3 14 ...
 $ Gen02.HitCount1                  : num  0 0 0 0 0 1 0 2 0 0 ...
 $ Gen02.HitCount2                  : num  1 0 0 0 0 0 2 3 1 0 ...
 $ Gen02.HitCount3                  : num  0 0 1 0 3 0 0 2 0 1 ...
 $ Gen02.HitCount4                  : num  1 1 0 2 2 0 0 1 0 3 ...
 $ Gen02.HitCount5                  : num  4 0 0 1 0 1 0 1 0 3 ...
 $ Gen02.HitRate1                   : num  0 0 0 0 0 ...
 $ Gen02.HitRate2                   : num  0.143 0 0 0 0 ...
 $ Gen02.HitRate3                   : num  0 0 0.1 0 0.25 ...
 $ Gen02.HitRate4                   : num  0.1429 0.0833 0 0.5 0.1667 ...
 $ Gen02.HitRate5                   : num  0.571 0 0 0.25 0 ...
 $ EOF                              : int  1 1 1 1 1 1 1 1 1 1 ...
[1] "2022-02-26 18:48:42 --- RxSqlServerData Finish ---"
[1] "2022-02-26 18:48:42 --- subset Start ---"
[1] "--------------------------------------------------------------------------------"
[1] "nrow(data) subset before=33239"
[1] "nrow(data) subset after =33239"
[1] "nrow(data) subset diff =0"
[1] "--------------------------------------------------------------------------------"
[1] "2022-02-26 18:48:42 --- subset Finish---"
[1] "2022-02-26 18:48:42 --- transform Start ---"
[1] "--------------------------------------------------------------------------------"
[1] "nrow(data) transform before=33239"
[1] "nrow(data) transform after=33239"
[1] "nrow(data) transform diff=0"
[1] "--------------------------------------------------------------------------------"
[1] "str(data)="
'data.frame':	33239 obs. of  44 variables:
 $ Race.RaceId                      : Factor w/ 2829 levels "20160105-06-01-01-03",..: 1 1 1 1 2 2 7 8 3 4 ...
 $ Race.IsAnalyzeNormalPastAndFuture: logi  TRUE TRUE TRUE TRUE TRUE TRUE ...
 $ Race.IsAnalyzeNormalPast         : logi  TRUE TRUE TRUE TRUE TRUE TRUE ...
 $ Race.IsAnalyzeNormalFuture       : logi  FALSE FALSE FALSE FALSE FALSE FALSE ...
 $ Race.IsAnalyzeFullPastAndFuture  : logi  TRUE TRUE TRUE TRUE TRUE TRUE ...
 $ Race.IsAnalyzeFullPast           : logi  TRUE TRUE TRUE TRUE TRUE TRUE ...
 $ Race.IsAnalyzeFullFuture         : logi  FALSE FALSE FALSE FALSE FALSE FALSE ...
 $ Race.JyokenCd                    : Factor w/ 1 level "4": 1 1 1 1 1 1 1 1 1 1 ...
 $ Race.JyoType1Cd                  : Factor w/ 131 levels "2-06-1200-4-1",..: 1 1 1 1 2 2 2 7 3 4 ...
 $ Race.RaceType1Cd                 : Factor w/ 5 levels "2-4-X-1","2-4-X-2",..: 1 1 1 1 2 2 2 2 3 1 ...
 $ RaceHorse.RaceId                 : Factor w/ 2829 levels "20160105-06-01-01-03",..: 1 1 1 1 2 2 7 8 3 4 ...
 $ RaceHorse.KettoNum               : Factor w/ 6723 levels "2011104171","2011104597",..: 1 2 3 4 5 11 12 13 6 7 ...
 $ RaceHorse.IsHit1                 : num  0 0 0 0 0 0 0 1 0 0 ...
 $ RaceHorse.IsHit2                 : num  0 0 0 0 0 0 0 0 0 0 ...
 $ RaceHorse.IsHit3                 : num  0 0 0 0 0 0 0 0 1 0 ...
 $ RaceHorse.IsHit4                 : num  0 0 0 0 0 0 0 0 0 0 ...
 $ RaceHorse.IsHit5                 : num  0 0 0 0 0 0 0 0 0 0 ...
 $ RaceHorse.IsHit6                 : num  1 1 1 1 1 1 1 0 0 1 ...
 $ RaceHorse.IsValidRaceHorse       : logi  TRUE TRUE TRUE TRUE TRUE TRUE ...
 $ RaceHorse.TimeSdvByRace          : num  0.011 0.011 -0.6914 -0.1646 0.0687 ...
 $ RaceHorse.TimeSdv                : num  0.693 0.693 0.315 0.598 0.645 ...
 $ RaceHorse.IsHitA                 : num  0 0 0 0 0 0 0 1 0 0 ...
 $ RaceHorse.IsHitB                 : num  0 0 0 0 0 0 0 1 0 0 ...
 $ RaceHorse.IsHitC                 : num  0 0 0 0 0 0 0 1 1 0 ...
 $ Gen02.HansyokuNum                : Factor w/ 425 levels "11201954","11201953",..: 1 1 1 1 1 1 1 1 2 3 ...
 $ Gen02.TimeSdvByRaceAvg           : num  0.606 -0.05 -0.164 0.554 0.372 ...
 $ Gen02.TimeSdvByRaceMin           : num  0.331 -1.091 -0.846 0.238 -0.665 ...
 $ Gen02.TimeSdvByRaceMax           : num  1.037 0.689 0.814 0.893 1.174 ...
 $ Gen02.TimeSdvAvg                 : num  0.7527 -0.0747 -0.2821 0.6008 0.1961 ...
 $ Gen02.TimeSdvMin                 : num  -0.0832 -0.8181 -1.2903 0.5039 -1.1654 ...
 $ Gen02.TimeSdvMax                 : num  1.572 0.527 0.85 0.693 1.022 ...
 $ Gen02.OrderOfFinishSdvAvg        : num  0.743 -0.174 -0.413 0.564 0.226 ...
 $ Gen02.RunCount                   : num  7 12 10 4 12 7 5 13 3 14 ...
 $ Gen02.HitCount1                  : num  0 0 0 0 0 1 0 2 0 0 ...
 $ Gen02.HitCount2                  : num  1 0 0 0 0 0 2 3 1 0 ...
 $ Gen02.HitCount3                  : num  0 0 1 0 3 0 0 2 0 1 ...
 $ Gen02.HitCount4                  : num  1 1 0 2 2 0 0 1 0 3 ...
 $ Gen02.HitCount5                  : num  4 0 0 1 0 1 0 1 0 3 ...
 $ Gen02.HitRate1                   : num  0 0 0 0 0 ...
 $ Gen02.HitRate2                   : num  0.143 0 0 0 0 ...
 $ Gen02.HitRate3                   : num  0 0 0.1 0 0.25 ...
 $ Gen02.HitRate4                   : num  0.1429 0.0833 0 0.5 0.1667 ...
 $ Gen02.HitRate5                   : num  0.571 0 0 0.25 0 ...
 $ EOF                              : int  1 1 1 1 1 1 1 1 1 1 ...
NULL
[1] "2022-02-26 18:48:42 --- transform Finish ---"
[1] "2022-02-26 18:48:42 --- na.omit Start ---"
[1] "--------------------------------------------------------------------------------"
[1] "nrow(data) na.omit before=33239"
[1] "nrow(data) na.omit after =33024"
[1] "nrow(data) na.omit diff =215"
[1] "--------------------------------------------------------------------------------"
'data.frame':	33024 obs. of  44 variables:
 $ Race.RaceId                      : Factor w/ 2829 levels "20160105-06-01-01-03",..: 1 1 1 1 2 2 7 8 3 4 ...
 $ Race.IsAnalyzeNormalPastAndFuture: logi  TRUE TRUE TRUE TRUE TRUE TRUE ...
 $ Race.IsAnalyzeNormalPast         : logi  TRUE TRUE TRUE TRUE TRUE TRUE ...
 $ Race.IsAnalyzeNormalFuture       : logi  FALSE FALSE FALSE FALSE FALSE FALSE ...
 $ Race.IsAnalyzeFullPastAndFuture  : logi  TRUE TRUE TRUE TRUE TRUE TRUE ...
 $ Race.IsAnalyzeFullPast           : logi  TRUE TRUE TRUE TRUE TRUE TRUE ...
 $ Race.IsAnalyzeFullFuture         : logi  FALSE FALSE FALSE FALSE FALSE FALSE ...
 $ Race.JyokenCd                    : Factor w/ 1 level "4": 1 1 1 1 1 1 1 1 1 1 ...
 $ Race.JyoType1Cd                  : Factor w/ 131 levels "2-06-1200-4-1",..: 1 1 1 1 2 2 2 7 3 4 ...
 $ Race.RaceType1Cd                 : Factor w/ 5 levels "2-4-X-1","2-4-X-2",..: 1 1 1 1 2 2 2 2 3 1 ...
 $ RaceHorse.RaceId                 : Factor w/ 2829 levels "20160105-06-01-01-03",..: 1 1 1 1 2 2 7 8 3 4 ...
 $ RaceHorse.KettoNum               : Factor w/ 6723 levels "2011104171","2011104597",..: 1 2 3 4 5 11 12 13 6 7 ...
 $ RaceHorse.IsHit1                 : num  0 0 0 0 0 0 0 1 0 0 ...
 $ RaceHorse.IsHit2                 : num  0 0 0 0 0 0 0 0 0 0 ...
 $ RaceHorse.IsHit3                 : num  0 0 0 0 0 0 0 0 1 0 ...
 $ RaceHorse.IsHit4                 : num  0 0 0 0 0 0 0 0 0 0 ...
 $ RaceHorse.IsHit5                 : num  0 0 0 0 0 0 0 0 0 0 ...
 $ RaceHorse.IsHit6                 : num  1 1 1 1 1 1 1 0 0 1 ...
 $ RaceHorse.IsValidRaceHorse       : logi  TRUE TRUE TRUE TRUE TRUE TRUE ...
 $ RaceHorse.TimeSdvByRace          : num  0.011 0.011 -0.6914 -0.1646 0.0687 ...
 $ RaceHorse.TimeSdv                : num  0.693 0.693 0.315 0.598 0.645 ...
 $ RaceHorse.IsHitA                 : num  0 0 0 0 0 0 0 1 0 0 ...
 $ RaceHorse.IsHitB                 : num  0 0 0 0 0 0 0 1 0 0 ...
 $ RaceHorse.IsHitC                 : num  0 0 0 0 0 0 0 1 1 0 ...
 $ Gen02.HansyokuNum                : Factor w/ 425 levels "11201954","11201953",..: 1 1 1 1 1 1 1 1 2 3 ...
 $ Gen02.TimeSdvByRaceAvg           : num  0.606 -0.05 -0.164 0.554 0.372 ...
 $ Gen02.TimeSdvByRaceMin           : num  0.331 -1.091 -0.846 0.238 -0.665 ...
 $ Gen02.TimeSdvByRaceMax           : num  1.037 0.689 0.814 0.893 1.174 ...
 $ Gen02.TimeSdvAvg                 : num  0.7527 -0.0747 -0.2821 0.6008 0.1961 ...
 $ Gen02.TimeSdvMin                 : num  -0.0832 -0.8181 -1.2903 0.5039 -1.1654 ...
 $ Gen02.TimeSdvMax                 : num  1.572 0.527 0.85 0.693 1.022 ...
 $ Gen02.OrderOfFinishSdvAvg        : num  0.743 -0.174 -0.413 0.564 0.226 ...
 $ Gen02.RunCount                   : num  7 12 10 4 12 7 5 13 3 14 ...
 $ Gen02.HitCount1                  : num  0 0 0 0 0 1 0 2 0 0 ...
 $ Gen02.HitCount2                  : num  1 0 0 0 0 0 2 3 1 0 ...
 $ Gen02.HitCount3                  : num  0 0 1 0 3 0 0 2 0 1 ...
 $ Gen02.HitCount4                  : num  1 1 0 2 2 0 0 1 0 3 ...
 $ Gen02.HitCount5                  : num  4 0 0 1 0 1 0 1 0 3 ...
 $ Gen02.HitRate1                   : num  0 0 0 0 0 ...
 $ Gen02.HitRate2                   : num  0.143 0 0 0 0 ...
 $ Gen02.HitRate3                   : num  0 0 0.1 0 0.25 ...
 $ Gen02.HitRate4                   : num  0.1429 0.0833 0 0.5 0.1667 ...
 $ Gen02.HitRate5                   : num  0.571 0 0 0.25 0 ...
 $ EOF                              : int  1 1 1 1 1 1 1 1 1 1 ...
 - attr(*, "na.action")= 'omit' Named int  471 615 639 671 797 829 872 999 1113 1613 ...
  ..- attr(*, "names")= chr  "471" "615" "639" "671" ...
[1] "2022-02-26 18:48:42 --- na.omit Finish ---"
[1] "2022-02-26 18:48:42 --- rxGlm with rxStepControl Start ---"

> print(paste0(Sys.time(), " --- source_logic_glm.R Start ---"))
[1] "2022-02-26 18:48:42 --- source_logic_glm.R Start ---"

> formula <- formula(RaceHorse.IsHitA ~ +1 + Gen02.TimeSdvByRaceAvg)

> print(paste0(Sys.time(), " --- source_logic_glm.R Finished ---"))
[1] "2022-02-26 18:48:42 --- source_logic_glm.R Finished ---"
Rows Read: 33024, Total Rows Processed: 33024, Total Chunk Time: Less than .001 seconds 

Starting values (iteration 1) time: 0.008 secs.
Rows Read: 33024, Total Rows Processed: 33024, Total Chunk Time: 0.002 seconds 

Iteration 2 time: 0.006 secs.
Rows Read: 33024, Total Rows Processed: 33024, Total Chunk Time: 0.002 seconds 

Iteration 3 time: 0.004 secs.
Rows Read: 33024, Total Rows Processed: 33024, Total Chunk Time: 0.002 seconds 

Iteration 4 time: 0.004 secs.
Rows Read: 33024, Total Rows Processed: 33024, Total Chunk Time: 0.002 seconds 

Iteration 5 time: 0.003 secs.

Elapsed computation time: 0.041 secs.
Rows Read: 33024, Total Rows Processed: 33024, Total Chunk Time: Less than .001 seconds 

Starting values (iteration 1) time: 0.007 secs.
Rows Read: 33024, Total Rows Processed: 33024, Total Chunk Time: 0.001 seconds 

Iteration 2 time: 0.005 secs.

Elapsed computation time: 0.020 secs.
Rows Read: 33024, Total Rows Processed: 33024, Total Chunk Time: 0.001 seconds 

Starting values (iteration 1) time: 0.006 secs.
Rows Read: 33024, Total Rows Processed: 33024, Total Chunk Time: 0.002 seconds 

Iteration 2 time: 0.006 secs.
Rows Read: 33024, Total Rows Processed: 33024, Total Chunk Time: 0.002 seconds 

Iteration 3 time: 0.004 secs.
Rows Read: 33024, Total Rows Processed: 33024, Total Chunk Time: 0.002 seconds 

Iteration 4 time: 0.004 secs.
Rows Read: 33024, Total Rows Processed: 33024, Total Chunk Time: 0.002 seconds 

Iteration 5 time: 0.004 secs.

Elapsed computation time: 0.039 secs.

Elapsed computation time: 0.112 secs.
[1] "--------------------------------------------------------------------------------"
[1] "analyze.results.glm.step="
Logistic Regression Results for: RaceHorse.IsHitA ~
    Gen02.TimeSdvByRaceAvg
Data: data
Dependent variable(s): RaceHorse.IsHitA
Total independent variables: 2 
Number of valid observations: 33024
Number of missing observations: 0 
 
Coefficients:
                       RaceHorse.IsHitA
(Intercept)                          -3
Gen02.TimeSdvByRaceAvg                1
[1] "analyze.results.glm.step.summary"
Call:
rxLogit(formula = formula, data = data, variableSelection = analyze.results.glm.step.varsel)

Logistic Regression Results for: RaceHorse.IsHitA ~
    Gen02.TimeSdvByRaceAvg
Data: data
Dependent variable(s): RaceHorse.IsHitA
Total independent variables: 2 
Number of valid observations: 33024
Number of missing observations: 0 
-2*LogLikelihood: 16680.183 (Residual deviance on 33022 degrees of freedom)
 
Coefficients:
                       Estimate Std. Error z value Pr(>|z|)    
(Intercept)             -2.7616     0.0259  -106.8  2.2e-16 ***
Gen02.TimeSdvByRaceAvg   1.1174     0.0421    26.5  2.2e-16 ***
---
Signif. codes:  0 '***' 0.001 '**' 0.01 '*' 0.05 '.' 0.1 ' ' 1

Condition number of final variance-covariance matrix: 1 
Number of iterations: 5
[1] "--------------------------------------------------------------------------------"
[1] "2022-02-26 18:48:42 --- rxGlm with rxStepControl Finish ---"
[1] "2022-02-26 18:48:42 --- rxStepPlot Start ---"
[1] "pdfFilename=pdf_analyze_glm_Gen02_Type24_rxStepPlot.pdf"
[1] "rxStepPlot="
[1] "2022-02-26 18:48:42 --- rxStepPlot Finish ---"
[1] "2022-02-26 18:48:42 --- save.image Start ---"
[1] "save.image"
[1] "rdataFilename=RData_analyze_glm_Gen02_Type24.RData"
[1] "2022-02-26 18:48:43 --- save.image Finish ---"
[1] "2022-02-26 18:48:43 --- final Start ---"
[1] "--------------------------------------------------------------------------------"
[1] "nrow(data) final=33024"
[1] "--------------------------------------------------------------------------------"
[1] "2022-02-26 18:48:43 --- final Finish ---"
[1] "2022-02-26 18:48:43 --- analyze_glm.R Finished ---"
[1] "2022-02-26 18:48:43 --- log Finish ---"
