[1] "2022-02-26 17:57:16 --- D1115_analyze_glm_Gen02_IsHitA_Type21 Start ---"
[1] "2022-02-26 17:57:16 --- Log Start ---"
[1] "2022-02-26 17:57:16 --- analyze_glm.R Start ---"
[1] "analyzeVersion=D1115"
[1] "analyzeCategory=analyze"
[1] "analyzeType=Gen02"
[1] "analyzeFamily=IsHitA"
[1] "analyzeFunc=glm"
[1] "analyzeTrackTypeCd=2"
[1] "analyzeJyokenCd=1"
[1] "2022-02-26 17:57:17 --- source_function.R Start ---"
[1] "2022-02-26 17:57:17 --- source_function.R Finished ---"

> print(paste0(Sys.time(), " --- source_library.R Start ---"))
[1] "2022-02-26 17:57:18 --- source_library.R Start ---"

> require("RevoScaleR")

> print(paste0(Sys.time(), " --- source_library.R Finished ---"))
[1] "2022-02-26 17:57:20 --- source_library.R Finished ---"
[1] "2022-02-26 17:57:20 --- RxSqlServerData Start ---"
[1] "2022-02-26 17:57:20 --- RxInSqlServer Start ---"
[1] "2022-02-26 17:57:20 --- RxInSqlServer Finish ---"
[1] "2022-02-26 17:57:21 --- rxSetComputeContext Start ---"
[1] "2022-02-26 17:57:21 --- rxSetComputeContext Finish ---"
[1] "2022-02-26 17:57:21 --- RxSqlServerData Start ---"
[1] "sqlQuery=SELECT * FROM ViewAnalyzeD1115analyze01Gen02Type21"
[1] "2022-02-26 17:57:21 --- RxSqlServerData Finish ---"
[1] "2022-02-26 17:57:21 --- rxGetVarInfo Start ---"
[1] "2022-02-26 17:57:24 --- rxGetVarInfo Finish---"
[1] "2022-02-26 17:57:24 --- rxImport Start ---"
Rows Read: 2808, Total Rows Processed: 2808, Total Chunk Time: 53.683 seconds 
[1] "2022-02-26 17:59:11 --- rxImport Finish ---"
[1] "object.size(data) auto=913.1 Kb"
[1] "--------------------------------------------------------------------------------"
[1] "nrow(data) RxSqlServerData=2808"
[1] "--------------------------------------------------------------------------------"
[1] "str(data)="
'data.frame':	2808 obs. of  44 variables:
 $ Race.RaceId                      : Factor w/ 285 levels "20160109-06-01-02-11",..: 1 2 5 5 5 6 7 8 9 9 ...
 $ Race.IsAnalyzeNormalPastAndFuture: logi  TRUE TRUE TRUE TRUE TRUE TRUE ...
 $ Race.IsAnalyzeNormalPast         : logi  TRUE TRUE TRUE TRUE TRUE TRUE ...
 $ Race.IsAnalyzeNormalFuture       : logi  FALSE FALSE FALSE FALSE FALSE FALSE ...
 $ Race.IsAnalyzeFullPastAndFuture  : logi  TRUE TRUE TRUE TRUE TRUE TRUE ...
 $ Race.IsAnalyzeFullPast           : logi  TRUE TRUE TRUE TRUE TRUE TRUE ...
 $ Race.IsAnalyzeFullFuture         : logi  FALSE FALSE FALSE FALSE FALSE FALSE ...
 $ Race.JyokenCd                    : Factor w/ 1 level "1": 1 1 1 1 1 1 1 1 1 1 ...
 $ Race.JyoType1Cd                  : Factor w/ 62 levels "2-06-1800-1-1",..: 1 2 5 5 5 6 7 8 9 9 ...
 $ Race.RaceType1Cd                 : Factor w/ 9 levels "2-1-E-2","2-1-E-1",..: 1 2 3 3 3 4 1 2 2 2 ...
 $ RaceHorse.RaceId                 : Factor w/ 285 levels "20160109-06-01-02-11",..: 1 2 5 5 5 6 7 8 9 9 ...
 $ RaceHorse.KettoNum               : Factor w/ 548 levels "2008100608","2010103608",..: 10 11 12 13 14 13 15 16 17 18 ...
 $ RaceHorse.IsHit1                 : num  0 0 0 0 0 0 0 0 0 0 ...
 $ RaceHorse.IsHit2                 : num  0 1 0 0 0 0 0 0 0 0 ...
 $ RaceHorse.IsHit3                 : num  0 0 0 1 0 0 1 0 0 0 ...
 $ RaceHorse.IsHit4                 : num  0 0 0 0 1 0 0 0 0 0 ...
 $ RaceHorse.IsHit5                 : num  0 0 0 0 0 0 0 0 0 1 ...
 $ RaceHorse.IsHit6                 : num  1 0 1 0 0 1 0 1 1 0 ...
 $ RaceHorse.IsValidRaceHorse       : logi  TRUE TRUE TRUE TRUE TRUE TRUE ...
 $ RaceHorse.TimeSdvByRace          : num  -0.966 1.601 -0.208 1.096 0.806 ...
 $ RaceHorse.TimeSdv                : num  -0.446 0.918 0.568 1.397 1.213 ...
 $ RaceHorse.IsHitA                 : num  0 0 0 0 0 0 0 0 0 0 ...
 $ RaceHorse.IsHitB                 : num  0 1 0 0 0 0 0 0 0 0 ...
 $ RaceHorse.IsHitC                 : num  0 1 0 1 0 0 1 0 0 0 ...
 $ Gen02.HansyokuNum                : Factor w/ 152 levels "11201981","11202057",..: 10 11 12 13 14 13 15 16 17 18 ...
 $ Gen02.TimeSdvByRaceAvg           : num  0.76 1.038 0.201 0.714 1.006 ...
 $ Gen02.TimeSdvByRaceMin           : num  0.269 0.107 -0.122 0.332 0.776 ...
 $ Gen02.TimeSdvByRaceMax           : num  1.041 2.308 0.456 1.537 1.237 ...
 $ Gen02.TimeSdvAvg                 : num  0.461 0.597 0.195 0.604 1.117 ...
 $ Gen02.TimeSdvMin                 : num  -0.623 -0.545 -0.526 -0.526 1.084 ...
 $ Gen02.TimeSdvMax                 : num  1.399 1.44 0.827 1.152 1.149 ...
 $ Gen02.OrderOfFinishSdvAvg        : num  0.948 0.911 -0.365 0.736 1.176 ...
 $ Gen02.RunCount                   : num  8 5 4 5 2 2 9 4 12 10 ...
 $ Gen02.HitCount1                  : num  2 2 0 0 0 1 2 0 1 0 ...
 $ Gen02.HitCount2                  : num  1 0 0 1 1 0 0 0 1 2 ...
 $ Gen02.HitCount3                  : num  2 0 0 1 0 0 0 0 0 0 ...
 $ Gen02.HitCount4                  : num  1 1 0 0 1 1 0 2 4 1 ...
 $ Gen02.HitCount5                  : num  0 0 0 2 0 0 1 0 2 1 ...
 $ Gen02.HitRate1                   : num  0.25 0.4 0 0 0 ...
 $ Gen02.HitRate2                   : num  0.125 0 0 0.2 0.5 ...
 $ Gen02.HitRate3                   : num  0.25 0 0 0.2 0 0 0 0 0 0 ...
 $ Gen02.HitRate4                   : num  0.125 0.2 0 0 0.5 ...
 $ Gen02.HitRate5                   : num  0 0 0 0.4 0 ...
 $ EOF                              : int  1 1 1 1 1 1 1 1 1 1 ...
[1] "2022-02-26 18:00:19 --- RxSqlServerData Finish ---"
[1] "2022-02-26 18:00:21 --- subset Start ---"
[1] "--------------------------------------------------------------------------------"
[1] "nrow(data) subset before=2808"
[1] "nrow(data) subset after =2808"
[1] "nrow(data) subset diff =0"
[1] "--------------------------------------------------------------------------------"
[1] "2022-02-26 18:00:25 --- subset Finish---"
[1] "2022-02-26 18:00:25 --- transform Start ---"
[1] "--------------------------------------------------------------------------------"
[1] "nrow(data) transform before=2808"
[1] "nrow(data) transform after=2808"
[1] "nrow(data) transform diff=0"
[1] "--------------------------------------------------------------------------------"
[1] "str(data)="
'data.frame':	2808 obs. of  44 variables:
 $ Race.RaceId                      : Factor w/ 285 levels "20160109-06-01-02-11",..: 1 2 5 5 5 6 7 8 9 9 ...
 $ Race.IsAnalyzeNormalPastAndFuture: logi  TRUE TRUE TRUE TRUE TRUE TRUE ...
 $ Race.IsAnalyzeNormalPast         : logi  TRUE TRUE TRUE TRUE TRUE TRUE ...
 $ Race.IsAnalyzeNormalFuture       : logi  FALSE FALSE FALSE FALSE FALSE FALSE ...
 $ Race.IsAnalyzeFullPastAndFuture  : logi  TRUE TRUE TRUE TRUE TRUE TRUE ...
 $ Race.IsAnalyzeFullPast           : logi  TRUE TRUE TRUE TRUE TRUE TRUE ...
 $ Race.IsAnalyzeFullFuture         : logi  FALSE FALSE FALSE FALSE FALSE FALSE ...
 $ Race.JyokenCd                    : Factor w/ 1 level "1": 1 1 1 1 1 1 1 1 1 1 ...
 $ Race.JyoType1Cd                  : Factor w/ 62 levels "2-06-1800-1-1",..: 1 2 5 5 5 6 7 8 9 9 ...
 $ Race.RaceType1Cd                 : Factor w/ 9 levels "2-1-E-2","2-1-E-1",..: 1 2 3 3 3 4 1 2 2 2 ...
 $ RaceHorse.RaceId                 : Factor w/ 285 levels "20160109-06-01-02-11",..: 1 2 5 5 5 6 7 8 9 9 ...
 $ RaceHorse.KettoNum               : Factor w/ 548 levels "2008100608","2010103608",..: 10 11 12 13 14 13 15 16 17 18 ...
 $ RaceHorse.IsHit1                 : num  0 0 0 0 0 0 0 0 0 0 ...
 $ RaceHorse.IsHit2                 : num  0 1 0 0 0 0 0 0 0 0 ...
 $ RaceHorse.IsHit3                 : num  0 0 0 1 0 0 1 0 0 0 ...
 $ RaceHorse.IsHit4                 : num  0 0 0 0 1 0 0 0 0 0 ...
 $ RaceHorse.IsHit5                 : num  0 0 0 0 0 0 0 0 0 1 ...
 $ RaceHorse.IsHit6                 : num  1 0 1 0 0 1 0 1 1 0 ...
 $ RaceHorse.IsValidRaceHorse       : logi  TRUE TRUE TRUE TRUE TRUE TRUE ...
 $ RaceHorse.TimeSdvByRace          : num  -0.966 1.601 -0.208 1.096 0.806 ...
 $ RaceHorse.TimeSdv                : num  -0.446 0.918 0.568 1.397 1.213 ...
 $ RaceHorse.IsHitA                 : num  0 0 0 0 0 0 0 0 0 0 ...
 $ RaceHorse.IsHitB                 : num  0 1 0 0 0 0 0 0 0 0 ...
 $ RaceHorse.IsHitC                 : num  0 1 0 1 0 0 1 0 0 0 ...
 $ Gen02.HansyokuNum                : Factor w/ 152 levels "11201981","11202057",..: 10 11 12 13 14 13 15 16 17 18 ...
 $ Gen02.TimeSdvByRaceAvg           : num  0.76 1.038 0.201 0.714 1.006 ...
 $ Gen02.TimeSdvByRaceMin           : num  0.269 0.107 -0.122 0.332 0.776 ...
 $ Gen02.TimeSdvByRaceMax           : num  1.041 2.308 0.456 1.537 1.237 ...
 $ Gen02.TimeSdvAvg                 : num  0.461 0.597 0.195 0.604 1.117 ...
 $ Gen02.TimeSdvMin                 : num  -0.623 -0.545 -0.526 -0.526 1.084 ...
 $ Gen02.TimeSdvMax                 : num  1.399 1.44 0.827 1.152 1.149 ...
 $ Gen02.OrderOfFinishSdvAvg        : num  0.948 0.911 -0.365 0.736 1.176 ...
 $ Gen02.RunCount                   : num  8 5 4 5 2 2 9 4 12 10 ...
 $ Gen02.HitCount1                  : num  2 2 0 0 0 1 2 0 1 0 ...
 $ Gen02.HitCount2                  : num  1 0 0 1 1 0 0 0 1 2 ...
 $ Gen02.HitCount3                  : num  2 0 0 1 0 0 0 0 0 0 ...
 $ Gen02.HitCount4                  : num  1 1 0 0 1 1 0 2 4 1 ...
 $ Gen02.HitCount5                  : num  0 0 0 2 0 0 1 0 2 1 ...
 $ Gen02.HitRate1                   : num  0.25 0.4 0 0 0 ...
 $ Gen02.HitRate2                   : num  0.125 0 0 0.2 0.5 ...
 $ Gen02.HitRate3                   : num  0.25 0 0 0.2 0 0 0 0 0 0 ...
 $ Gen02.HitRate4                   : num  0.125 0.2 0 0 0.5 ...
 $ Gen02.HitRate5                   : num  0 0 0 0.4 0 ...
 $ EOF                              : int  1 1 1 1 1 1 1 1 1 1 ...
NULL
[1] "2022-02-26 18:01:14 --- transform Finish ---"
[1] "2022-02-26 18:01:14 --- na.omit Start ---"
[1] "--------------------------------------------------------------------------------"
[1] "nrow(data) na.omit before=2808"
[1] "nrow(data) na.omit after =2792"
[1] "nrow(data) na.omit diff =16"
[1] "--------------------------------------------------------------------------------"
'data.frame':	2792 obs. of  44 variables:
 $ Race.RaceId                      : Factor w/ 285 levels "20160109-06-01-02-11",..: 1 2 5 5 5 6 7 8 9 9 ...
 $ Race.IsAnalyzeNormalPastAndFuture: logi  TRUE TRUE TRUE TRUE TRUE TRUE ...
 $ Race.IsAnalyzeNormalPast         : logi  TRUE TRUE TRUE TRUE TRUE TRUE ...
 $ Race.IsAnalyzeNormalFuture       : logi  FALSE FALSE FALSE FALSE FALSE FALSE ...
 $ Race.IsAnalyzeFullPastAndFuture  : logi  TRUE TRUE TRUE TRUE TRUE TRUE ...
 $ Race.IsAnalyzeFullPast           : logi  TRUE TRUE TRUE TRUE TRUE TRUE ...
 $ Race.IsAnalyzeFullFuture         : logi  FALSE FALSE FALSE FALSE FALSE FALSE ...
 $ Race.JyokenCd                    : Factor w/ 1 level "1": 1 1 1 1 1 1 1 1 1 1 ...
 $ Race.JyoType1Cd                  : Factor w/ 62 levels "2-06-1800-1-1",..: 1 2 5 5 5 6 7 8 9 9 ...
 $ Race.RaceType1Cd                 : Factor w/ 9 levels "2-1-E-2","2-1-E-1",..: 1 2 3 3 3 4 1 2 2 2 ...
 $ RaceHorse.RaceId                 : Factor w/ 285 levels "20160109-06-01-02-11",..: 1 2 5 5 5 6 7 8 9 9 ...
 $ RaceHorse.KettoNum               : Factor w/ 548 levels "2008100608","2010103608",..: 10 11 12 13 14 13 15 16 17 18 ...
 $ RaceHorse.IsHit1                 : num  0 0 0 0 0 0 0 0 0 0 ...
 $ RaceHorse.IsHit2                 : num  0 1 0 0 0 0 0 0 0 0 ...
 $ RaceHorse.IsHit3                 : num  0 0 0 1 0 0 1 0 0 0 ...
 $ RaceHorse.IsHit4                 : num  0 0 0 0 1 0 0 0 0 0 ...
 $ RaceHorse.IsHit5                 : num  0 0 0 0 0 0 0 0 0 1 ...
 $ RaceHorse.IsHit6                 : num  1 0 1 0 0 1 0 1 1 0 ...
 $ RaceHorse.IsValidRaceHorse       : logi  TRUE TRUE TRUE TRUE TRUE TRUE ...
 $ RaceHorse.TimeSdvByRace          : num  -0.966 1.601 -0.208 1.096 0.806 ...
 $ RaceHorse.TimeSdv                : num  -0.446 0.918 0.568 1.397 1.213 ...
 $ RaceHorse.IsHitA                 : num  0 0 0 0 0 0 0 0 0 0 ...
 $ RaceHorse.IsHitB                 : num  0 1 0 0 0 0 0 0 0 0 ...
 $ RaceHorse.IsHitC                 : num  0 1 0 1 0 0 1 0 0 0 ...
 $ Gen02.HansyokuNum                : Factor w/ 152 levels "11201981","11202057",..: 10 11 12 13 14 13 15 16 17 18 ...
 $ Gen02.TimeSdvByRaceAvg           : num  0.76 1.038 0.201 0.714 1.006 ...
 $ Gen02.TimeSdvByRaceMin           : num  0.269 0.107 -0.122 0.332 0.776 ...
 $ Gen02.TimeSdvByRaceMax           : num  1.041 2.308 0.456 1.537 1.237 ...
 $ Gen02.TimeSdvAvg                 : num  0.461 0.597 0.195 0.604 1.117 ...
 $ Gen02.TimeSdvMin                 : num  -0.623 -0.545 -0.526 -0.526 1.084 ...
 $ Gen02.TimeSdvMax                 : num  1.399 1.44 0.827 1.152 1.149 ...
 $ Gen02.OrderOfFinishSdvAvg        : num  0.948 0.911 -0.365 0.736 1.176 ...
 $ Gen02.RunCount                   : num  8 5 4 5 2 2 9 4 12 10 ...
 $ Gen02.HitCount1                  : num  2 2 0 0 0 1 2 0 1 0 ...
 $ Gen02.HitCount2                  : num  1 0 0 1 1 0 0 0 1 2 ...
 $ Gen02.HitCount3                  : num  2 0 0 1 0 0 0 0 0 0 ...
 $ Gen02.HitCount4                  : num  1 1 0 0 1 1 0 2 4 1 ...
 $ Gen02.HitCount5                  : num  0 0 0 2 0 0 1 0 2 1 ...
 $ Gen02.HitRate1                   : num  0.25 0.4 0 0 0 ...
 $ Gen02.HitRate2                   : num  0.125 0 0 0.2 0.5 ...
 $ Gen02.HitRate3                   : num  0.25 0 0 0.2 0 0 0 0 0 0 ...
 $ Gen02.HitRate4                   : num  0.125 0.2 0 0 0.5 ...
 $ Gen02.HitRate5                   : num  0 0 0 0.4 0 ...
 $ EOF                              : int  1 1 1 1 1 1 1 1 1 1 ...
 - attr(*, "na.action")= 'omit' Named int  169 455 663 724 802 949 987 1240 1573 1727 ...
  ..- attr(*, "names")= chr  "169" "455" "663" "724" ...
[1] "2022-02-26 18:01:30 --- na.omit Finish ---"
[1] "2022-02-26 18:01:31 --- rxGlm with rxStepControl Start ---"

> print(paste0(Sys.time(), " --- source_logic_glm.R Start ---"))
[1] "2022-02-26 18:01:31 --- source_logic_glm.R Start ---"

> formula <- formula(RaceHorse.IsHitA ~ +1 + Gen02.TimeSdvByRaceAvg)

> print(paste0(Sys.time(), " --- source_logic_glm.R Finished ---"))
[1] "2022-02-26 18:01:32 --- source_logic_glm.R Finished ---"
Rows Read: 2792, Total Rows Processed: 2792, Total Chunk Time: Less than .001 seconds 

Starting values (iteration 1) time: 0.018 secs.
Rows Read: 2792, Total Rows Processed: 2792, Total Chunk Time: 0.001 seconds 

Iteration 2 time: 0.006 secs.
Rows Read: 2792, Total Rows Processed: 2792, Total Chunk Time: 0.001 seconds 

Iteration 3 time: 0.006 secs.
Rows Read: 2792, Total Rows Processed: 2792, Total Chunk Time: Less than .001 seconds 

Iteration 4 time: 0.005 secs.
Rows Read: 2792, Total Rows Processed: 2792, Total Chunk Time: 0.001 seconds 

Iteration 5 time: 0.006 secs.

Elapsed computation time: 0.108 secs.
Rows Read: 2792, Total Rows Processed: 2792, Total Chunk Time: Less than .001 seconds 

Starting values (iteration 1) time: 0.006 secs.
Rows Read: 2792, Total Rows Processed: 2792, Total Chunk Time: 0.001 seconds 

Iteration 2 time: 0.007 secs.

Elapsed computation time: 0.028 secs.
Rows Read: 2792, Total Rows Processed: 2792, Total Chunk Time: 0.001 seconds 

Starting values (iteration 1) time: 0.005 secs.
Rows Read: 2792, Total Rows Processed: 2792, Total Chunk Time: 0.001 seconds 

Iteration 2 time: 0.006 secs.
Rows Read: 2792, Total Rows Processed: 2792, Total Chunk Time: 0.001 seconds 

Iteration 3 time: 0.008 secs.
Rows Read: 2792, Total Rows Processed: 2792, Total Chunk Time: 0.001 seconds 

Iteration 4 time: 0.004 secs.
Rows Read: 2792, Total Rows Processed: 2792, Total Chunk Time: Less than .001 seconds 

Iteration 5 time: 0.005 secs.

Elapsed computation time: 0.065 secs.

Elapsed computation time: 0.219 secs.
[1] "--------------------------------------------------------------------------------"
[1] "analyze.results.glm.step="
Logistic Regression Results for: RaceHorse.IsHitA ~
    Gen02.TimeSdvByRaceAvg
Data: data
Dependent variable(s): RaceHorse.IsHitA
Total independent variables: 2 
Number of valid observations: 2792
Number of missing observations: 0 
 
Coefficients:
                       RaceHorse.IsHitA
(Intercept)                        -2.9
Gen02.TimeSdvByRaceAvg              0.6
[1] "analyze.results.glm.step.summary"
Call:
rxLogit(formula = formula, data = data, variableSelection = analyze.results.glm.step.varsel)

Logistic Regression Results for: RaceHorse.IsHitA ~
    Gen02.TimeSdvByRaceAvg
Data: data
Dependent variable(s): RaceHorse.IsHitA
Total independent variables: 2 
Number of valid observations: 2792
Number of missing observations: 0 
-2*LogLikelihood: 1320.671 (Residual deviance on 2790 degrees of freedom)
 
Coefficients:
                       Estimate Std. Error z value Pr(>|z|)    
(Intercept)              -2.921      0.102  -28.53  2.2e-16 ***
Gen02.TimeSdvByRaceAvg    0.644      0.135    4.78  1.8e-06 ***
---
Signif. codes:  0 '***' 0.001 '**' 0.01 '*' 0.05 '.' 0.1 ' ' 1

Condition number of final variance-covariance matrix: 1 
Number of iterations: 5
[1] "--------------------------------------------------------------------------------"
[1] "2022-02-26 18:01:32 --- rxGlm with rxStepControl Finish ---"
[1] "2022-02-26 18:01:33 --- rxStepPlot Start ---"
[1] "pdfFilename=pdf_analyze_glm_Gen02_Type21_rxStepPlot.pdf"
[1] "rxStepPlot="
[1] "2022-02-26 18:01:33 --- rxStepPlot Finish ---"
[1] "2022-02-26 18:01:34 --- save.image Start ---"
[1] "save.image"
[1] "rdataFilename=RData_analyze_glm_Gen02_Type21.RData"
[1] "2022-02-26 18:01:37 --- save.image Finish ---"
[1] "2022-02-26 18:01:37 --- final Start ---"
[1] "--------------------------------------------------------------------------------"
[1] "nrow(data) final=2792"
[1] "--------------------------------------------------------------------------------"
[1] "2022-02-26 18:01:38 --- final Finish ---"
[1] "2022-02-26 18:01:39 --- analyze_glm.R Finished ---"
[1] "2022-02-26 18:01:39 --- log Finish ---"
