[1] "2022-03-08 19:08:22 --- D1115_analyze_glm_Jockey_IsHitA_Type14 Start ---"
[1] "2022-03-08 19:08:22 --- Log Start ---"
[1] "2022-03-08 19:08:22 --- analyze_glm.R Start ---"
[1] "analyzeVersion=D1115"
[1] "analyzeCategory=analyze"
[1] "analyzeType=Jockey"
[1] "analyzeFamily=IsHitA"
[1] "analyzeFunc=glm"
[1] "analyzeTrackTypeCd=1"
[1] "analyzeJyokenCd=4"
[1] "2022-03-08 19:08:22 --- source_function.R Start ---"
[1] "2022-03-08 19:08:22 --- source_function.R Finished ---"

> print(paste0(Sys.time(), " --- source_library.R Start ---"))
[1] "2022-03-08 19:08:22 --- source_library.R Start ---"

> require("RevoScaleR")

> print(paste0(Sys.time(), " --- source_library.R Finished ---"))
[1] "2022-03-08 19:08:22 --- source_library.R Finished ---"
[1] "2022-03-08 19:08:22 --- RxSqlServerData Start ---"
[1] "2022-03-08 19:08:22 --- RxInSqlServer Start ---"
[1] "2022-03-08 19:08:22 --- RxInSqlServer Finish ---"
[1] "2022-03-08 19:08:22 --- rxSetComputeContext Start ---"
[1] "2022-03-08 19:08:22 --- rxSetComputeContext Finish ---"
[1] "2022-03-08 19:08:22 --- RxSqlServerData Start ---"
[1] "sqlQuery=SELECT * FROM ViewAnalyzeD1115analyze01JockeyType14"
[1] "2022-03-08 19:08:22 --- RxSqlServerData Finish ---"
[1] "2022-03-08 19:08:22 --- rxGetVarInfo Start ---"
[1] "2022-03-08 19:08:23 --- rxGetVarInfo Finish---"
[1] "2022-03-08 19:08:23 --- rxImport Start ---"
Rows Read: 30314, Total Rows Processed: 30314, Total Chunk Time: 3733.220 seconds 
[1] "2022-03-08 20:40:46 --- rxImport Finish ---"
[1] "object.size(data) auto=10.1 Mb"
[1] "--------------------------------------------------------------------------------"
[1] "nrow(data) RxSqlServerData=30314"
[1] "--------------------------------------------------------------------------------"
[1] "str(data)="
'data.frame':	30314 obs. of  47 variables:
 $ Race.RaceId                      : Factor w/ 2247 levels "20160124-07-01-04-08",..: 11 12 13 14 15 16 17 18 19 20 ...
 $ Race.IsAnalyzeNormalPastAndFuture: logi  TRUE TRUE TRUE TRUE TRUE TRUE ...
 $ Race.IsAnalyzeNormalPast         : logi  TRUE TRUE TRUE TRUE TRUE TRUE ...
 $ Race.IsAnalyzeNormalFuture       : logi  FALSE FALSE FALSE FALSE FALSE FALSE ...
 $ Race.IsAnalyzeFullPastAndFuture  : logi  TRUE TRUE TRUE TRUE TRUE TRUE ...
 $ Race.IsAnalyzeFullPast           : logi  TRUE TRUE TRUE TRUE TRUE TRUE ...
 $ Race.IsAnalyzeFullFuture         : logi  FALSE FALSE FALSE FALSE FALSE FALSE ...
 $ Race.JyokenCd                    : Factor w/ 1 level "4": 1 1 1 1 1 1 1 1 1 1 ...
 $ Race.JyoType1Cd                  : Factor w/ 180 levels "11-07-2200-1",..: 11 5 12 13 14 15 16 17 17 18 ...
 $ Race.RaceType1Cd                 : Factor w/ 4 levels "1-4-14","1-4-12",..: 3 2 2 1 2 3 3 3 3 3 ...
 $ RaceHorse.RaceId                 : Factor w/ 2247 levels "20160124-07-01-04-08",..: 11 12 13 14 15 16 17 18 19 20 ...
 $ RaceHorse.KettoNum               : Factor w/ 6901 levels "2011103887","2013110124",..: 11 12 13 14 15 16 17 6 18 19 ...
 $ RaceHorse.IsHit1                 : num  0 1 0 1 0 0 0 0 0 0 ...
 $ RaceHorse.IsHit2                 : num  0 0 0 0 0 0 0 0 0 0 ...
 $ RaceHorse.IsHit3                 : num  0 0 0 0 0 1 0 0 0 0 ...
 $ RaceHorse.IsHit4                 : num  0 0 0 0 0 0 0 0 0 0 ...
 $ RaceHorse.IsHit5                 : num  0 0 0 0 0 0 0 0 0 0 ...
 $ RaceHorse.IsHit6                 : num  1 0 1 0 1 0 1 1 1 1 ...
 $ RaceHorse.IsValidRaceHorse       : logi  TRUE TRUE FALSE TRUE TRUE TRUE ...
 $ RaceHorse.FinishTimeSdvByRace    : num  -0.106 1.255 -2.119 1.488 0.433 ...
 $ RaceHorse.FirstTimeSdvByRace     : num  -1.7115 0.9899 -0.0747 -0.5574 -0.5227 ...
 $ RaceHorse.LastTimeSdvByRace      : num  0.937 1.149 -2.278 1.765 0.85 ...
 $ RaceHorse.FinishTimeSdv          : num  -0.275 -0.125 -0.626 0.132 0.948 ...
 $ RaceHorse.FirstTimeSdv           : num  -0.347 -0.966 -0.517 -0.943 0.911 ...
 $ RaceHorse.LastTimeSdv            : num  -0.0795 1.12 -0.3118 1.3528 0.3559 ...
 $ RaceHorse.IsHitA                 : num  0 1 0 1 0 0 0 0 0 0 ...
 $ RaceHorse.IsHitB                 : num  0 1 0 1 0 0 0 0 0 0 ...
 $ RaceHorse.IsHitC                 : num  0 1 0 1 0 1 0 0 0 0 ...
 $ Jockey.FinishTimeSdvByRaceAvg    : num  0.345 0.295 0.327 0.317 0.31 ...
 $ Jockey.FirstTimeSdvByRaceAvg     : num  0.1678 -0.0102 0.0184 0.1126 0.0242 ...
 $ Jockey.LastTimeSdvByRaceAvg      : num  0.234 0.287 0.304 0.218 0.284 ...
 $ Jockey.FinishTimeSdvAvg          : num  0.554 0.14 0.163 0.3 0.176 ...
 $ Jockey.FirstTimeSdvAvg           : num  0.3798 -0.08 -0.0526 0.1878 -0.0356 ...
 $ Jockey.LastTimeSdvAvg            : num  0.358 0.333 0.334 0.209 0.331 ...
 $ Jockey.RealOddsLog1Avg           : num  2.63 2.74 2.71 2.51 2.72 ...
 $ Jockey.RunCount                  : num  418 138 144 94 149 232 244 245 254 267 ...
 $ Jockey.HitCount1                 : num  38 21 23 15 24 26 28 28 29 29 ...
 $ Jockey.HitCount2                 : num  46 9 11 9 11 31 31 31 34 36 ...
 $ Jockey.HitCount3                 : num  39 11 12 6 12 21 23 23 23 24 ...
 $ Jockey.HitCount4                 : num  39 15 15 9 15 20 23 23 23 24 ...
 $ Jockey.HitCount5                 : num  30 11 11 3 12 18 19 19 19 19 ...
 $ Jockey.HitRate1                  : num  0.0909 0.1522 0.1597 0.1596 0.1611 ...
 $ Jockey.HitRate2                  : num  0.11 0.0652 0.0764 0.0957 0.0738 ...
 $ Jockey.HitRate3                  : num  0.0933 0.0797 0.0833 0.0638 0.0805 ...
 $ Jockey.HitRate4                  : num  0.0933 0.1087 0.1042 0.0957 0.1007 ...
 $ Jockey.HitRate5                  : num  0.0718 0.0797 0.0764 0.0319 0.0805 ...
 $ EOF                              : int  1 1 1 1 1 1 1 1 1 1 ...
[1] "2022-03-08 20:40:47 --- RxSqlServerData Finish ---"
[1] "2022-03-08 20:40:47 --- subset Start ---"
[1] "--------------------------------------------------------------------------------"
[1] "nrow(data) subset before=30314"
[1] "nrow(data) subset after =30314"
[1] "nrow(data) subset diff =0"
[1] "--------------------------------------------------------------------------------"
[1] "2022-03-08 20:40:47 --- subset Finish---"
[1] "2022-03-08 20:40:47 --- transform Start ---"
[1] "--------------------------------------------------------------------------------"
[1] "nrow(data) transform before=30314"
[1] "nrow(data) transform after=30314"
[1] "nrow(data) transform diff=0"
[1] "--------------------------------------------------------------------------------"
[1] "str(data)="
'data.frame':	30314 obs. of  47 variables:
 $ Race.RaceId                      : Factor w/ 2247 levels "20160124-07-01-04-08",..: 11 12 13 14 15 16 17 18 19 20 ...
 $ Race.IsAnalyzeNormalPastAndFuture: logi  TRUE TRUE TRUE TRUE TRUE TRUE ...
 $ Race.IsAnalyzeNormalPast         : logi  TRUE TRUE TRUE TRUE TRUE TRUE ...
 $ Race.IsAnalyzeNormalFuture       : logi  FALSE FALSE FALSE FALSE FALSE FALSE ...
 $ Race.IsAnalyzeFullPastAndFuture  : logi  TRUE TRUE TRUE TRUE TRUE TRUE ...
 $ Race.IsAnalyzeFullPast           : logi  TRUE TRUE TRUE TRUE TRUE TRUE ...
 $ Race.IsAnalyzeFullFuture         : logi  FALSE FALSE FALSE FALSE FALSE FALSE ...
 $ Race.JyokenCd                    : Factor w/ 1 level "4": 1 1 1 1 1 1 1 1 1 1 ...
 $ Race.JyoType1Cd                  : Factor w/ 180 levels "11-07-2200-1",..: 11 5 12 13 14 15 16 17 17 18 ...
 $ Race.RaceType1Cd                 : Factor w/ 4 levels "1-4-14","1-4-12",..: 3 2 2 1 2 3 3 3 3 3 ...
 $ RaceHorse.RaceId                 : Factor w/ 2247 levels "20160124-07-01-04-08",..: 11 12 13 14 15 16 17 18 19 20 ...
 $ RaceHorse.KettoNum               : Factor w/ 6901 levels "2011103887","2013110124",..: 11 12 13 14 15 16 17 6 18 19 ...
 $ RaceHorse.IsHit1                 : num  0 1 0 1 0 0 0 0 0 0 ...
 $ RaceHorse.IsHit2                 : num  0 0 0 0 0 0 0 0 0 0 ...
 $ RaceHorse.IsHit3                 : num  0 0 0 0 0 1 0 0 0 0 ...
 $ RaceHorse.IsHit4                 : num  0 0 0 0 0 0 0 0 0 0 ...
 $ RaceHorse.IsHit5                 : num  0 0 0 0 0 0 0 0 0 0 ...
 $ RaceHorse.IsHit6                 : num  1 0 1 0 1 0 1 1 1 1 ...
 $ RaceHorse.IsValidRaceHorse       : logi  TRUE TRUE FALSE TRUE TRUE TRUE ...
 $ RaceHorse.FinishTimeSdvByRace    : num  -0.106 1.255 -2.119 1.488 0.433 ...
 $ RaceHorse.FirstTimeSdvByRace     : num  -1.7115 0.9899 -0.0747 -0.5574 -0.5227 ...
 $ RaceHorse.LastTimeSdvByRace      : num  0.937 1.149 -2.278 1.765 0.85 ...
 $ RaceHorse.FinishTimeSdv          : num  -0.275 -0.125 -0.626 0.132 0.948 ...
 $ RaceHorse.FirstTimeSdv           : num  -0.347 -0.966 -0.517 -0.943 0.911 ...
 $ RaceHorse.LastTimeSdv            : num  -0.0795 1.12 -0.3118 1.3528 0.3559 ...
 $ RaceHorse.IsHitA                 : num  0 1 0 1 0 0 0 0 0 0 ...
 $ RaceHorse.IsHitB                 : num  0 1 0 1 0 0 0 0 0 0 ...
 $ RaceHorse.IsHitC                 : num  0 1 0 1 0 1 0 0 0 0 ...
 $ Jockey.FinishTimeSdvByRaceAvg    : num  0.345 0.295 0.327 0.317 0.31 ...
 $ Jockey.FirstTimeSdvByRaceAvg     : num  0.1678 -0.0102 0.0184 0.1126 0.0242 ...
 $ Jockey.LastTimeSdvByRaceAvg      : num  0.234 0.287 0.304 0.218 0.284 ...
 $ Jockey.FinishTimeSdvAvg          : num  0.554 0.14 0.163 0.3 0.176 ...
 $ Jockey.FirstTimeSdvAvg           : num  0.3798 -0.08 -0.0526 0.1878 -0.0356 ...
 $ Jockey.LastTimeSdvAvg            : num  0.358 0.333 0.334 0.209 0.331 ...
 $ Jockey.RealOddsLog1Avg           : num  2.63 2.74 2.71 2.51 2.72 ...
 $ Jockey.RunCount                  : num  418 138 144 94 149 232 244 245 254 267 ...
 $ Jockey.HitCount1                 : num  38 21 23 15 24 26 28 28 29 29 ...
 $ Jockey.HitCount2                 : num  46 9 11 9 11 31 31 31 34 36 ...
 $ Jockey.HitCount3                 : num  39 11 12 6 12 21 23 23 23 24 ...
 $ Jockey.HitCount4                 : num  39 15 15 9 15 20 23 23 23 24 ...
 $ Jockey.HitCount5                 : num  30 11 11 3 12 18 19 19 19 19 ...
 $ Jockey.HitRate1                  : num  0.0909 0.1522 0.1597 0.1596 0.1611 ...
 $ Jockey.HitRate2                  : num  0.11 0.0652 0.0764 0.0957 0.0738 ...
 $ Jockey.HitRate3                  : num  0.0933 0.0797 0.0833 0.0638 0.0805 ...
 $ Jockey.HitRate4                  : num  0.0933 0.1087 0.1042 0.0957 0.1007 ...
 $ Jockey.HitRate5                  : num  0.0718 0.0797 0.0764 0.0319 0.0805 ...
 $ EOF                              : int  1 1 1 1 1 1 1 1 1 1 ...
NULL
[1] "2022-03-08 20:40:47 --- transform Finish ---"
[1] "2022-03-08 20:40:47 --- na.omit Start ---"
[1] "--------------------------------------------------------------------------------"
[1] "nrow(data) na.omit before=30314"
[1] "nrow(data) na.omit after =30147"
[1] "nrow(data) na.omit diff =167"
[1] "--------------------------------------------------------------------------------"
'data.frame':	30147 obs. of  47 variables:
 $ Race.RaceId                      : Factor w/ 2247 levels "20160124-07-01-04-08",..: 11 12 13 14 15 16 17 18 19 20 ...
 $ Race.IsAnalyzeNormalPastAndFuture: logi  TRUE TRUE TRUE TRUE TRUE TRUE ...
 $ Race.IsAnalyzeNormalPast         : logi  TRUE TRUE TRUE TRUE TRUE TRUE ...
 $ Race.IsAnalyzeNormalFuture       : logi  FALSE FALSE FALSE FALSE FALSE FALSE ...
 $ Race.IsAnalyzeFullPastAndFuture  : logi  TRUE TRUE TRUE TRUE TRUE TRUE ...
 $ Race.IsAnalyzeFullPast           : logi  TRUE TRUE TRUE TRUE TRUE TRUE ...
 $ Race.IsAnalyzeFullFuture         : logi  FALSE FALSE FALSE FALSE FALSE FALSE ...
 $ Race.JyokenCd                    : Factor w/ 1 level "4": 1 1 1 1 1 1 1 1 1 1 ...
 $ Race.JyoType1Cd                  : Factor w/ 180 levels "11-07-2200-1",..: 11 5 12 13 14 15 16 17 17 18 ...
 $ Race.RaceType1Cd                 : Factor w/ 4 levels "1-4-14","1-4-12",..: 3 2 2 1 2 3 3 3 3 3 ...
 $ RaceHorse.RaceId                 : Factor w/ 2247 levels "20160124-07-01-04-08",..: 11 12 13 14 15 16 17 18 19 20 ...
 $ RaceHorse.KettoNum               : Factor w/ 6901 levels "2011103887","2013110124",..: 11 12 13 14 15 16 17 6 18 19 ...
 $ RaceHorse.IsHit1                 : num  0 1 0 1 0 0 0 0 0 0 ...
 $ RaceHorse.IsHit2                 : num  0 0 0 0 0 0 0 0 0 0 ...
 $ RaceHorse.IsHit3                 : num  0 0 0 0 0 1 0 0 0 0 ...
 $ RaceHorse.IsHit4                 : num  0 0 0 0 0 0 0 0 0 0 ...
 $ RaceHorse.IsHit5                 : num  0 0 0 0 0 0 0 0 0 0 ...
 $ RaceHorse.IsHit6                 : num  1 0 1 0 1 0 1 1 1 1 ...
 $ RaceHorse.IsValidRaceHorse       : logi  TRUE TRUE FALSE TRUE TRUE TRUE ...
 $ RaceHorse.FinishTimeSdvByRace    : num  -0.106 1.255 -2.119 1.488 0.433 ...
 $ RaceHorse.FirstTimeSdvByRace     : num  -1.7115 0.9899 -0.0747 -0.5574 -0.5227 ...
 $ RaceHorse.LastTimeSdvByRace      : num  0.937 1.149 -2.278 1.765 0.85 ...
 $ RaceHorse.FinishTimeSdv          : num  -0.275 -0.125 -0.626 0.132 0.948 ...
 $ RaceHorse.FirstTimeSdv           : num  -0.347 -0.966 -0.517 -0.943 0.911 ...
 $ RaceHorse.LastTimeSdv            : num  -0.0795 1.12 -0.3118 1.3528 0.3559 ...
 $ RaceHorse.IsHitA                 : num  0 1 0 1 0 0 0 0 0 0 ...
 $ RaceHorse.IsHitB                 : num  0 1 0 1 0 0 0 0 0 0 ...
 $ RaceHorse.IsHitC                 : num  0 1 0 1 0 1 0 0 0 0 ...
 $ Jockey.FinishTimeSdvByRaceAvg    : num  0.345 0.295 0.327 0.317 0.31 ...
 $ Jockey.FirstTimeSdvByRaceAvg     : num  0.1678 -0.0102 0.0184 0.1126 0.0242 ...
 $ Jockey.LastTimeSdvByRaceAvg      : num  0.234 0.287 0.304 0.218 0.284 ...
 $ Jockey.FinishTimeSdvAvg          : num  0.554 0.14 0.163 0.3 0.176 ...
 $ Jockey.FirstTimeSdvAvg           : num  0.3798 -0.08 -0.0526 0.1878 -0.0356 ...
 $ Jockey.LastTimeSdvAvg            : num  0.358 0.333 0.334 0.209 0.331 ...
 $ Jockey.RealOddsLog1Avg           : num  2.63 2.74 2.71 2.51 2.72 ...
 $ Jockey.RunCount                  : num  418 138 144 94 149 232 244 245 254 267 ...
 $ Jockey.HitCount1                 : num  38 21 23 15 24 26 28 28 29 29 ...
 $ Jockey.HitCount2                 : num  46 9 11 9 11 31 31 31 34 36 ...
 $ Jockey.HitCount3                 : num  39 11 12 6 12 21 23 23 23 24 ...
 $ Jockey.HitCount4                 : num  39 15 15 9 15 20 23 23 23 24 ...
 $ Jockey.HitCount5                 : num  30 11 11 3 12 18 19 19 19 19 ...
 $ Jockey.HitRate1                  : num  0.0909 0.1522 0.1597 0.1596 0.1611 ...
 $ Jockey.HitRate2                  : num  0.11 0.0652 0.0764 0.0957 0.0738 ...
 $ Jockey.HitRate3                  : num  0.0933 0.0797 0.0833 0.0638 0.0805 ...
 $ Jockey.HitRate4                  : num  0.0933 0.1087 0.1042 0.0957 0.1007 ...
 $ Jockey.HitRate5                  : num  0.0718 0.0797 0.0764 0.0319 0.0805 ...
 $ EOF                              : int  1 1 1 1 1 1 1 1 1 1 ...
 - attr(*, "na.action")= 'omit' Named int  227 469 576 685 881 960 1160 1311 1485 1529 ...
  ..- attr(*, "names")= chr  "227" "469" "576" "685" ...
[1] "2022-03-08 20:40:47 --- na.omit Finish ---"
[1] "2022-03-08 20:40:47 --- rxLogit with rxStepControl Start ---"

> print(paste0(Sys.time(), " --- source_logic_glm.R Start ---"))
[1] "2022-03-08 20:40:48 --- source_logic_glm.R Start ---"

> formula <- formula(RaceHorse.IsHitA ~ +1 + Jockey.FinishTimeSdvByRaceAvg)

> print(paste0(Sys.time(), " --- source_logic_glm.R Finished ---"))
[1] "2022-03-08 20:40:48 --- source_logic_glm.R Finished ---"
Rows Read: 30147, Total Rows Processed: 30147, Total Chunk Time: 0.055 seconds 

Starting values (iteration 1) time: 0.245 secs.
Rows Read: 30147, Total Rows Processed: 30147, Total Chunk Time: 0.016 seconds 

Iteration 2 time: 0.022 secs.
Rows Read: 30147, Total Rows Processed: 30147, Total Chunk Time: 0.003 seconds 

Iteration 3 time: 0.005 secs.
Rows Read: 30147, Total Rows Processed: 30147, Total Chunk Time: 0.003 seconds 

Iteration 4 time: 0.005 secs.
Rows Read: 30147, Total Rows Processed: 30147, Total Chunk Time: 0.003 seconds 

Iteration 5 time: 0.006 secs.

Elapsed computation time: 0.317 secs.
Rows Read: 30147, Total Rows Processed: 30147, Total Chunk Time: 0.001 seconds 

Starting values (iteration 1) time: 0.010 secs.
Rows Read: 30147, Total Rows Processed: 30147, Total Chunk Time: 0.002 seconds 

Iteration 2 time: 0.006 secs.

Elapsed computation time: 0.024 secs.
Rows Read: 30147, Total Rows Processed: 30147, Total Chunk Time: 0.002 seconds 

Starting values (iteration 1) time: 0.009 secs.
Rows Read: 30147, Total Rows Processed: 30147, Total Chunk Time: 0.002 seconds 

Iteration 2 time: 0.008 secs.
Rows Read: 30147, Total Rows Processed: 30147, Total Chunk Time: 0.002 seconds 

Iteration 3 time: 0.005 secs.
Rows Read: 30147, Total Rows Processed: 30147, Total Chunk Time: 0.004 seconds 

Iteration 4 time: 0.008 secs.
Rows Read: 30147, Total Rows Processed: 30147, Total Chunk Time: 0.003 seconds 

Iteration 5 time: 0.006 secs.

Elapsed computation time: 0.062 secs.

Elapsed computation time: 0.457 secs.
[1] "--------------------------------------------------------------------------------"
[1] "analyze.results.glm.step="
Logistic Regression Results for: RaceHorse.IsHitA ~
    Jockey.FinishTimeSdvByRaceAvg
Data: data
Dependent variable(s): RaceHorse.IsHitA
Total independent variables: 2 
Number of valid observations: 30147
Number of missing observations: 0 
 
Coefficients:
                              RaceHorse.IsHitA
(Intercept)                                 -3
Jockey.FinishTimeSdvByRaceAvg                2
[1] "analyze.results.glm.step.summary"
Call:
rxLogit(formula = formula, data = data, variableSelection = analyze.results.glm.step.varsel)

Logistic Regression Results for: RaceHorse.IsHitA ~
    Jockey.FinishTimeSdvByRaceAvg
Data: data
Dependent variable(s): RaceHorse.IsHitA
Total independent variables: 2 
Number of valid observations: 30147
Number of missing observations: 0 
-2*LogLikelihood: 15351.916 (Residual deviance on 30145 degrees of freedom)
 
Coefficients:
                              Estimate Std. Error z value Pr(>|z|)    
(Intercept)                    -2.9869     0.0327   -91.3  2.2e-16 ***
Jockey.FinishTimeSdvByRaceAvg   2.2723     0.0933    24.4  2.2e-16 ***
---
Signif. codes:  0 '***' 0.001 '**' 0.01 '*' 0.05 '.' 0.1 ' ' 1

Condition number of final variance-covariance matrix: 1 
Number of iterations: 5
[1] "--------------------------------------------------------------------------------"
[1] "2022-03-08 20:40:48 --- rxLogit with rxStepControl Finish ---"
[1] "2022-03-08 20:40:49 --- rxStepPlot Start ---"
[1] "pdfFilename=pdf_analyze_glm_Jockey_Type14_rxStepPlot.pdf"
[1] "rxStepPlot="
[1] "2022-03-08 20:40:49 --- rxStepPlot Finish ---"
[1] "2022-03-08 20:40:49 --- save.image Start ---"
[1] "save.image"
[1] "rdataFilename=RData_analyze_glm_Jockey_Type14.RData"
[1] "2022-03-08 20:40:49 --- save.image Finish ---"
[1] "2022-03-08 20:40:49 --- final Start ---"
[1] "--------------------------------------------------------------------------------"
[1] "nrow(data) final=30147"
[1] "--------------------------------------------------------------------------------"
[1] "2022-03-08 20:40:49 --- final Finish ---"
[1] "2022-03-08 20:40:49 --- analyze_glm.R Finished ---"
[1] "2022-03-08 20:40:49 --- log Finish ---"
