[1] "2022-03-08 18:24:38 --- D1115_analyze_glm_Gen01_IsHitA_Type35 Start ---"
[1] "2022-03-08 18:24:38 --- Log Start ---"
[1] "2022-03-08 18:24:38 --- analyze_glm.R Start ---"
[1] "analyzeVersion=D1115"
[1] "analyzeCategory=analyze"
[1] "analyzeType=Gen01"
[1] "analyzeFamily=IsHitA"
[1] "analyzeFunc=glm"
[1] "analyzeTrackTypeCd=3"
[1] "analyzeJyokenCd=5"
[1] "2022-03-08 18:24:38 --- source_function.R Start ---"
[1] "2022-03-08 18:24:38 --- source_function.R Finished ---"

> print(paste0(Sys.time(), " --- source_library.R Start ---"))
[1] "2022-03-08 18:24:38 --- source_library.R Start ---"

> require("RevoScaleR")

> print(paste0(Sys.time(), " --- source_library.R Finished ---"))
[1] "2022-03-08 18:24:43 --- source_library.R Finished ---"
[1] "2022-03-08 18:24:43 --- RxSqlServerData Start ---"
[1] "2022-03-08 18:24:43 --- RxInSqlServer Start ---"
[1] "2022-03-08 18:24:43 --- RxInSqlServer Finish ---"
[1] "2022-03-08 18:24:43 --- rxSetComputeContext Start ---"
[1] "2022-03-08 18:24:43 --- rxSetComputeContext Finish ---"
[1] "2022-03-08 18:24:43 --- RxSqlServerData Start ---"
[1] "sqlQuery=SELECT * FROM ViewAnalyzeD1115analyze01Gen01Type35"
[1] "2022-03-08 18:24:43 --- RxSqlServerData Finish ---"
[1] "2022-03-08 18:24:43 --- rxGetVarInfo Start ---"
[1] "2022-03-08 18:24:44 --- rxGetVarInfo Finish---"
[1] "2022-03-08 18:24:44 --- rxImport Start ---"
Rows Read: 5082, Total Rows Processed: 5082, Total Chunk Time: 37.149 seconds 
[1] "2022-03-08 18:25:54 --- rxImport Finish ---"
[1] "object.size(data) auto=1.8 Mb"
[1] "--------------------------------------------------------------------------------"
[1] "nrow(data) RxSqlServerData=5082"
[1] "--------------------------------------------------------------------------------"
[1] "str(data)="
'data.frame':	5082 obs. of  48 variables:
 $ Race.RaceId                      : Factor w/ 419 levels "20160807-10-02-04-04",..: 11 12 13 14 15 16 17 18 19 20 ...
 $ Race.IsAnalyzeNormalPastAndFuture: logi  TRUE TRUE TRUE TRUE TRUE TRUE ...
 $ Race.IsAnalyzeNormalPast         : logi  TRUE TRUE TRUE TRUE TRUE TRUE ...
 $ Race.IsAnalyzeNormalFuture       : logi  FALSE FALSE FALSE FALSE FALSE FALSE ...
 $ Race.IsAnalyzeFullPastAndFuture  : logi  TRUE TRUE TRUE TRUE TRUE TRUE ...
 $ Race.IsAnalyzeFullPast           : logi  TRUE TRUE TRUE TRUE TRUE TRUE ...
 $ Race.IsAnalyzeFullFuture         : logi  FALSE FALSE FALSE FALSE FALSE FALSE ...
 $ Race.JyokenCd                    : Factor w/ 1 level "5": 1 1 1 1 1 1 1 1 1 1 ...
 $ Race.JyoType1Cd                  : Factor w/ 34 levels "54-10-2860-1",..: 6 6 7 6 8 8 9 10 11 9 ...
 $ Race.RaceType1Cd                 : Factor w/ 2 levels "3-5-18","3-5-19": 2 2 2 2 2 2 2 2 2 2 ...
 $ RaceHorse.RaceId                 : Factor w/ 419 levels "20160807-10-02-04-04",..: 11 12 13 14 15 16 17 18 19 20 ...
 $ RaceHorse.KettoNum               : Factor w/ 1547 levels "2013100832","2009106336",..: 10 11 12 13 14 15 16 17 18 19 ...
 $ RaceHorse.IsHit1                 : num  0 1 0 0 0 0 0 0 0 0 ...
 $ RaceHorse.IsHit2                 : num  0 0 0 0 0 0 0 0 0 0 ...
 $ RaceHorse.IsHit3                 : num  0 0 0 0 0 0 0 0 0 0 ...
 $ RaceHorse.IsHit4                 : num  0 0 0 0 0 0 0 0 0 0 ...
 $ RaceHorse.IsHit5                 : num  0 0 0 0 0 0 0 0 0 0 ...
 $ RaceHorse.IsHit6                 : num  1 0 1 1 1 1 1 1 1 1 ...
 $ RaceHorse.IsValidRaceHorse       : logi  TRUE TRUE TRUE TRUE FALSE FALSE ...
 $ RaceHorse.FinishTimeSdvByRace    : num  -0.882 0.827 -0.841 -0.43 -2.459 ...
 $ RaceHorse.FirstTimeSdvByRace     : num  -0.888 0.806 -0.822 -0.444 -2.438 ...
 $ RaceHorse.LastTimeSdvByRace      : num  -0.858 0.903 -0.906 -0.375 -2.536 ...
 $ RaceHorse.FinishTimeSdv          : num  -1.941 0.453 -0.12 -1.915 -3.053 ...
 $ RaceHorse.FirstTimeSdv           : num  -1.969 0.441 -0.112 -1.937 -3.027 ...
 $ RaceHorse.LastTimeSdv            : num  -1.809 0.498 -0.15 -1.809 -3.089 ...
 $ RaceHorse.IsHitA                 : num  0 1 0 0 0 0 0 0 0 0 ...
 $ RaceHorse.IsHitB                 : num  0 1 0 0 0 0 0 0 0 0 ...
 $ RaceHorse.IsHitC                 : num  0 1 0 0 0 0 0 0 0 0 ...
 $ Gen01.HansyokuNum                : Factor w/ 218 levels "11201957","11201964",..: 8 10 11 12 13 14 6 15 4 16 ...
 $ Gen01.FinishTimeSdvByRaceAvg     : num  -0.1381 0.3226 -0.8322 0.185 0.0561 ...
 $ Gen01.FirstTimeSdvByRaceAvg      : num  -0.1432 0.3254 -0.7833 0.1958 0.0584 ...
 $ Gen01.LastTimeSdvByRaceAvg       : num  -0.1147 0.3115 -1.019 0.1445 0.0465 ...
 $ Gen01.FinishTimeSdvAvg           : num  0.185 0.27513 -0.77236 0.10671 0.00709 ...
 $ Gen01.FirstTimeSdvAvg            : num  0.1705 0.281 -0.7321 0.1178 0.0131 ...
 $ Gen01.LastTimeSdvAvg             : num  0.2395 0.2543 -0.9249 0.0659 -0.0141 ...
 $ Gen01.RealOddsLog1Avg            : num  3.27 2.55 3.04 3.48 3.59 ...
 $ Gen01.RunCount                   : num  1 44 1 26 71 3 1 14 5 34 ...
 $ Gen01.HitCount1                  : num  0 7 0 0 3 0 0 0 0 4 ...
 $ Gen01.HitCount2                  : num  0 3 0 1 8 0 0 3 0 2 ...
 $ Gen01.HitCount3                  : num  0 8 0 3 5 0 0 1 0 1 ...
 $ Gen01.HitCount4                  : num  0 4 0 5 2 0 0 2 0 1 ...
 $ Gen01.HitCount5                  : num  0 2 0 1 8 1 1 0 0 3 ...
 $ Gen01.HitRate1                   : num  0 0.1591 0 0 0.0423 ...
 $ Gen01.HitRate2                   : num  0 0.0682 0 0.0385 0.1127 ...
 $ Gen01.HitRate3                   : num  0 0.1818 0 0.1154 0.0704 ...
 $ Gen01.HitRate4                   : num  0 0.0909 0 0.1923 0.0282 ...
 $ Gen01.HitRate5                   : num  0 0.0455 0 0.0385 0.1127 ...
 $ EOF                              : int  1 1 1 1 1 1 1 1 1 1 ...
[1] "2022-03-08 18:25:55 --- RxSqlServerData Finish ---"
[1] "2022-03-08 18:25:55 --- subset Start ---"
[1] "--------------------------------------------------------------------------------"
[1] "nrow(data) subset before=5082"
[1] "nrow(data) subset after =5082"
[1] "nrow(data) subset diff =0"
[1] "--------------------------------------------------------------------------------"
[1] "2022-03-08 18:25:55 --- subset Finish---"
[1] "2022-03-08 18:25:55 --- transform Start ---"
[1] "--------------------------------------------------------------------------------"
[1] "nrow(data) transform before=5082"
[1] "nrow(data) transform after=5082"
[1] "nrow(data) transform diff=0"
[1] "--------------------------------------------------------------------------------"
[1] "str(data)="
'data.frame':	5082 obs. of  48 variables:
 $ Race.RaceId                      : Factor w/ 419 levels "20160807-10-02-04-04",..: 11 12 13 14 15 16 17 18 19 20 ...
 $ Race.IsAnalyzeNormalPastAndFuture: logi  TRUE TRUE TRUE TRUE TRUE TRUE ...
 $ Race.IsAnalyzeNormalPast         : logi  TRUE TRUE TRUE TRUE TRUE TRUE ...
 $ Race.IsAnalyzeNormalFuture       : logi  FALSE FALSE FALSE FALSE FALSE FALSE ...
 $ Race.IsAnalyzeFullPastAndFuture  : logi  TRUE TRUE TRUE TRUE TRUE TRUE ...
 $ Race.IsAnalyzeFullPast           : logi  TRUE TRUE TRUE TRUE TRUE TRUE ...
 $ Race.IsAnalyzeFullFuture         : logi  FALSE FALSE FALSE FALSE FALSE FALSE ...
 $ Race.JyokenCd                    : Factor w/ 1 level "5": 1 1 1 1 1 1 1 1 1 1 ...
 $ Race.JyoType1Cd                  : Factor w/ 34 levels "54-10-2860-1",..: 6 6 7 6 8 8 9 10 11 9 ...
 $ Race.RaceType1Cd                 : Factor w/ 2 levels "3-5-18","3-5-19": 2 2 2 2 2 2 2 2 2 2 ...
 $ RaceHorse.RaceId                 : Factor w/ 419 levels "20160807-10-02-04-04",..: 11 12 13 14 15 16 17 18 19 20 ...
 $ RaceHorse.KettoNum               : Factor w/ 1547 levels "2013100832","2009106336",..: 10 11 12 13 14 15 16 17 18 19 ...
 $ RaceHorse.IsHit1                 : num  0 1 0 0 0 0 0 0 0 0 ...
 $ RaceHorse.IsHit2                 : num  0 0 0 0 0 0 0 0 0 0 ...
 $ RaceHorse.IsHit3                 : num  0 0 0 0 0 0 0 0 0 0 ...
 $ RaceHorse.IsHit4                 : num  0 0 0 0 0 0 0 0 0 0 ...
 $ RaceHorse.IsHit5                 : num  0 0 0 0 0 0 0 0 0 0 ...
 $ RaceHorse.IsHit6                 : num  1 0 1 1 1 1 1 1 1 1 ...
 $ RaceHorse.IsValidRaceHorse       : logi  TRUE TRUE TRUE TRUE FALSE FALSE ...
 $ RaceHorse.FinishTimeSdvByRace    : num  -0.882 0.827 -0.841 -0.43 -2.459 ...
 $ RaceHorse.FirstTimeSdvByRace     : num  -0.888 0.806 -0.822 -0.444 -2.438 ...
 $ RaceHorse.LastTimeSdvByRace      : num  -0.858 0.903 -0.906 -0.375 -2.536 ...
 $ RaceHorse.FinishTimeSdv          : num  -1.941 0.453 -0.12 -1.915 -3.053 ...
 $ RaceHorse.FirstTimeSdv           : num  -1.969 0.441 -0.112 -1.937 -3.027 ...
 $ RaceHorse.LastTimeSdv            : num  -1.809 0.498 -0.15 -1.809 -3.089 ...
 $ RaceHorse.IsHitA                 : num  0 1 0 0 0 0 0 0 0 0 ...
 $ RaceHorse.IsHitB                 : num  0 1 0 0 0 0 0 0 0 0 ...
 $ RaceHorse.IsHitC                 : num  0 1 0 0 0 0 0 0 0 0 ...
 $ Gen01.HansyokuNum                : Factor w/ 218 levels "11201957","11201964",..: 8 10 11 12 13 14 6 15 4 16 ...
 $ Gen01.FinishTimeSdvByRaceAvg     : num  -0.1381 0.3226 -0.8322 0.185 0.0561 ...
 $ Gen01.FirstTimeSdvByRaceAvg      : num  -0.1432 0.3254 -0.7833 0.1958 0.0584 ...
 $ Gen01.LastTimeSdvByRaceAvg       : num  -0.1147 0.3115 -1.019 0.1445 0.0465 ...
 $ Gen01.FinishTimeSdvAvg           : num  0.185 0.27513 -0.77236 0.10671 0.00709 ...
 $ Gen01.FirstTimeSdvAvg            : num  0.1705 0.281 -0.7321 0.1178 0.0131 ...
 $ Gen01.LastTimeSdvAvg             : num  0.2395 0.2543 -0.9249 0.0659 -0.0141 ...
 $ Gen01.RealOddsLog1Avg            : num  3.27 2.55 3.04 3.48 3.59 ...
 $ Gen01.RunCount                   : num  1 44 1 26 71 3 1 14 5 34 ...
 $ Gen01.HitCount1                  : num  0 7 0 0 3 0 0 0 0 4 ...
 $ Gen01.HitCount2                  : num  0 3 0 1 8 0 0 3 0 2 ...
 $ Gen01.HitCount3                  : num  0 8 0 3 5 0 0 1 0 1 ...
 $ Gen01.HitCount4                  : num  0 4 0 5 2 0 0 2 0 1 ...
 $ Gen01.HitCount5                  : num  0 2 0 1 8 1 1 0 0 3 ...
 $ Gen01.HitRate1                   : num  0 0.1591 0 0 0.0423 ...
 $ Gen01.HitRate2                   : num  0 0.0682 0 0.0385 0.1127 ...
 $ Gen01.HitRate3                   : num  0 0.1818 0 0.1154 0.0704 ...
 $ Gen01.HitRate4                   : num  0 0.0909 0 0.1923 0.0282 ...
 $ Gen01.HitRate5                   : num  0 0.0455 0 0.0385 0.1127 ...
 $ EOF                              : int  1 1 1 1 1 1 1 1 1 1 ...
NULL
[1] "2022-03-08 18:25:55 --- transform Finish ---"
[1] "2022-03-08 18:25:55 --- na.omit Start ---"
[1] "--------------------------------------------------------------------------------"
[1] "nrow(data) na.omit before=5082"
[1] "nrow(data) na.omit after =4822"
[1] "nrow(data) na.omit diff =260"
[1] "--------------------------------------------------------------------------------"
'data.frame':	4822 obs. of  48 variables:
 $ Race.RaceId                      : Factor w/ 419 levels "20160807-10-02-04-04",..: 11 12 13 14 15 16 17 18 19 20 ...
 $ Race.IsAnalyzeNormalPastAndFuture: logi  TRUE TRUE TRUE TRUE TRUE TRUE ...
 $ Race.IsAnalyzeNormalPast         : logi  TRUE TRUE TRUE TRUE TRUE TRUE ...
 $ Race.IsAnalyzeNormalFuture       : logi  FALSE FALSE FALSE FALSE FALSE FALSE ...
 $ Race.IsAnalyzeFullPastAndFuture  : logi  TRUE TRUE TRUE TRUE TRUE TRUE ...
 $ Race.IsAnalyzeFullPast           : logi  TRUE TRUE TRUE TRUE TRUE TRUE ...
 $ Race.IsAnalyzeFullFuture         : logi  FALSE FALSE FALSE FALSE FALSE FALSE ...
 $ Race.JyokenCd                    : Factor w/ 1 level "5": 1 1 1 1 1 1 1 1 1 1 ...
 $ Race.JyoType1Cd                  : Factor w/ 34 levels "54-10-2860-1",..: 6 6 7 6 8 8 9 10 11 9 ...
 $ Race.RaceType1Cd                 : Factor w/ 2 levels "3-5-18","3-5-19": 2 2 2 2 2 2 2 2 2 2 ...
 $ RaceHorse.RaceId                 : Factor w/ 419 levels "20160807-10-02-04-04",..: 11 12 13 14 15 16 17 18 19 20 ...
 $ RaceHorse.KettoNum               : Factor w/ 1547 levels "2013100832","2009106336",..: 10 11 12 13 14 15 16 17 18 19 ...
 $ RaceHorse.IsHit1                 : num  0 1 0 0 0 0 0 0 0 0 ...
 $ RaceHorse.IsHit2                 : num  0 0 0 0 0 0 0 0 0 0 ...
 $ RaceHorse.IsHit3                 : num  0 0 0 0 0 0 0 0 0 0 ...
 $ RaceHorse.IsHit4                 : num  0 0 0 0 0 0 0 0 0 0 ...
 $ RaceHorse.IsHit5                 : num  0 0 0 0 0 0 0 0 0 0 ...
 $ RaceHorse.IsHit6                 : num  1 0 1 1 1 1 1 1 1 1 ...
 $ RaceHorse.IsValidRaceHorse       : logi  TRUE TRUE TRUE TRUE FALSE FALSE ...
 $ RaceHorse.FinishTimeSdvByRace    : num  -0.882 0.827 -0.841 -0.43 -2.459 ...
 $ RaceHorse.FirstTimeSdvByRace     : num  -0.888 0.806 -0.822 -0.444 -2.438 ...
 $ RaceHorse.LastTimeSdvByRace      : num  -0.858 0.903 -0.906 -0.375 -2.536 ...
 $ RaceHorse.FinishTimeSdv          : num  -1.941 0.453 -0.12 -1.915 -3.053 ...
 $ RaceHorse.FirstTimeSdv           : num  -1.969 0.441 -0.112 -1.937 -3.027 ...
 $ RaceHorse.LastTimeSdv            : num  -1.809 0.498 -0.15 -1.809 -3.089 ...
 $ RaceHorse.IsHitA                 : num  0 1 0 0 0 0 0 0 0 0 ...
 $ RaceHorse.IsHitB                 : num  0 1 0 0 0 0 0 0 0 0 ...
 $ RaceHorse.IsHitC                 : num  0 1 0 0 0 0 0 0 0 0 ...
 $ Gen01.HansyokuNum                : Factor w/ 218 levels "11201957","11201964",..: 8 10 11 12 13 14 6 15 4 16 ...
 $ Gen01.FinishTimeSdvByRaceAvg     : num  -0.1381 0.3226 -0.8322 0.185 0.0561 ...
 $ Gen01.FirstTimeSdvByRaceAvg      : num  -0.1432 0.3254 -0.7833 0.1958 0.0584 ...
 $ Gen01.LastTimeSdvByRaceAvg       : num  -0.1147 0.3115 -1.019 0.1445 0.0465 ...
 $ Gen01.FinishTimeSdvAvg           : num  0.185 0.27513 -0.77236 0.10671 0.00709 ...
 $ Gen01.FirstTimeSdvAvg            : num  0.1705 0.281 -0.7321 0.1178 0.0131 ...
 $ Gen01.LastTimeSdvAvg             : num  0.2395 0.2543 -0.9249 0.0659 -0.0141 ...
 $ Gen01.RealOddsLog1Avg            : num  3.27 2.55 3.04 3.48 3.59 ...
 $ Gen01.RunCount                   : num  1 44 1 26 71 3 1 14 5 34 ...
 $ Gen01.HitCount1                  : num  0 7 0 0 3 0 0 0 0 4 ...
 $ Gen01.HitCount2                  : num  0 3 0 1 8 0 0 3 0 2 ...
 $ Gen01.HitCount3                  : num  0 8 0 3 5 0 0 1 0 1 ...
 $ Gen01.HitCount4                  : num  0 4 0 5 2 0 0 2 0 1 ...
 $ Gen01.HitCount5                  : num  0 2 0 1 8 1 1 0 0 3 ...
 $ Gen01.HitRate1                   : num  0 0.1591 0 0 0.0423 ...
 $ Gen01.HitRate2                   : num  0 0.0682 0 0.0385 0.1127 ...
 $ Gen01.HitRate3                   : num  0 0.1818 0 0.1154 0.0704 ...
 $ Gen01.HitRate4                   : num  0 0.0909 0 0.1923 0.0282 ...
 $ Gen01.HitRate5                   : num  0 0.0455 0 0.0385 0.1127 ...
 $ EOF                              : int  1 1 1 1 1 1 1 1 1 1 ...
 - attr(*, "na.action")= 'omit' Named int  43 48 88 92 133 147 177 199 215 243 ...
  ..- attr(*, "names")= chr  "43" "48" "88" "92" ...
[1] "2022-03-08 18:25:56 --- na.omit Finish ---"
[1] "2022-03-08 18:25:56 --- rxLogit with rxStepControl Start ---"

> print(paste0(Sys.time(), " --- source_logic_glm.R Start ---"))
[1] "2022-03-08 18:25:56 --- source_logic_glm.R Start ---"

> formula <- formula(RaceHorse.IsHitA ~ +1 + Gen01.FinishTimeSdvByRaceAvg)

> print(paste0(Sys.time(), " --- source_logic_glm.R Finished ---"))
[1] "2022-03-08 18:25:56 --- source_logic_glm.R Finished ---"
Rows Read: 4822, Total Rows Processed: 4822, Total Chunk Time: 0.001 seconds 

Starting values (iteration 1) time: 0.007 secs.
Rows Read: 4822, Total Rows Processed: 4822, Total Chunk Time: 0.001 seconds 

Iteration 2 time: 0.010 secs.
Rows Read: 4822, Total Rows Processed: 4822, Total Chunk Time: 0.002 seconds 

Iteration 3 time: 0.008 secs.
Rows Read: 4822, Total Rows Processed: 4822, Total Chunk Time: 0.001 seconds 

Iteration 4 time: 0.006 secs.
Rows Read: 4822, Total Rows Processed: 4822, Total Chunk Time: 0.001 seconds 

Iteration 5 time: 0.009 secs.

Elapsed computation time: 0.054 secs.
Rows Read: 4822, Total Rows Processed: 4822, Total Chunk Time: Less than .001 seconds 

Starting values (iteration 1) time: 0.007 secs.
Rows Read: 4822, Total Rows Processed: 4822, Total Chunk Time: Less than .001 seconds 

Iteration 2 time: 0.006 secs.

Elapsed computation time: 0.023 secs.
Rows Read: 4822, Total Rows Processed: 4822, Total Chunk Time: Less than .001 seconds 

Starting values (iteration 1) time: 0.006 secs.
Rows Read: 4822, Total Rows Processed: 4822, Total Chunk Time: 0.001 seconds 

Iteration 2 time: 0.005 secs.
Rows Read: 4822, Total Rows Processed: 4822, Total Chunk Time: 0.001 seconds 

Iteration 3 time: 0.004 secs.
Rows Read: 4822, Total Rows Processed: 4822, Total Chunk Time: 0.001 seconds 

Iteration 4 time: 0.005 secs.
Rows Read: 4822, Total Rows Processed: 4822, Total Chunk Time: 0.001 seconds 

Iteration 5 time: 0.004 secs.

Elapsed computation time: 0.045 secs.

Elapsed computation time: 0.138 secs.
[1] "--------------------------------------------------------------------------------"
[1] "analyze.results.glm.step="
Logistic Regression Results for: RaceHorse.IsHitA ~
    Gen01.FinishTimeSdvByRaceAvg
Data: data
Dependent variable(s): RaceHorse.IsHitA
Total independent variables: 2 
Number of valid observations: 4822
Number of missing observations: 0 
 
Coefficients:
                             RaceHorse.IsHitA
(Intercept)                              -2.5
Gen01.FinishTimeSdvByRaceAvg              0.8
[1] "analyze.results.glm.step.summary"
Call:
rxLogit(formula = formula, data = data, variableSelection = analyze.results.glm.step.varsel)

Logistic Regression Results for: RaceHorse.IsHitA ~
    Gen01.FinishTimeSdvByRaceAvg
Data: data
Dependent variable(s): RaceHorse.IsHitA
Total independent variables: 2 
Number of valid observations: 4822
Number of missing observations: 0 
-2*LogLikelihood: 2785.687 (Residual deviance on 4820 degrees of freedom)
 
Coefficients:
                             Estimate Std. Error z value Pr(>|z|)    
(Intercept)                   -2.5038     0.0618  -40.50  2.2e-16 ***
Gen01.FinishTimeSdvByRaceAvg   0.8039     0.1725    4.66  3.2e-06 ***
---
Signif. codes:  0 '***' 0.001 '**' 0.01 '*' 0.05 '.' 0.1 ' ' 1

Condition number of final variance-covariance matrix: 1 
Number of iterations: 5
[1] "--------------------------------------------------------------------------------"
[1] "2022-03-08 18:25:56 --- rxLogit with rxStepControl Finish ---"
[1] "2022-03-08 18:25:56 --- rxStepPlot Start ---"
[1] "pdfFilename=pdf_analyze_glm_Gen01_Type35_rxStepPlot.pdf"
[1] "rxStepPlot="
[1] "2022-03-08 18:25:58 --- rxStepPlot Finish ---"
[1] "2022-03-08 18:25:58 --- save.image Start ---"
[1] "save.image"
[1] "rdataFilename=RData_analyze_glm_Gen01_Type35.RData"
[1] "2022-03-08 18:26:30 --- save.image Finish ---"
[1] "2022-03-08 18:26:30 --- final Start ---"
[1] "--------------------------------------------------------------------------------"
[1] "nrow(data) final=4822"
[1] "--------------------------------------------------------------------------------"
[1] "2022-03-08 18:26:30 --- final Finish ---"
[1] "2022-03-08 18:26:30 --- analyze_glm.R Finished ---"
[1] "2022-03-08 18:26:30 --- log Finish ---"
