[1] "2022-02-25 20:24:22 --- D1115_analyze_glm_Gen02_IsHitA_Type13 Start ---"
[1] "2022-02-25 20:24:22 --- Log Start ---"
[1] "2022-02-25 20:24:22 --- analyze_glm.R Start ---"
[1] "analyzeVersion=D1115"
[1] "analyzeCategory=analyze"
[1] "analyzeType=Gen02"
[1] "analyzeFamily=IsHitA"
[1] "analyzeFunc=glm"
[1] "analyzeTrackTypeCd=1"
[1] "analyzeJyokenCd=3"
[1] "2022-02-25 20:24:22 --- source_function.R Start ---"
[1] "2022-02-25 20:24:22 --- source_function.R Finished ---"

> print(paste0(Sys.time(), " --- source_library.R Start ---"))
[1] "2022-02-25 20:24:23 --- source_library.R Start ---"

> require("RevoScaleR")

> print(paste0(Sys.time(), " --- source_library.R Finished ---"))
[1] "2022-02-25 20:24:23 --- source_library.R Finished ---"
[1] "2022-02-25 20:24:23 --- RxSqlServerData Start ---"
[1] "2022-02-25 20:24:23 --- RxInSqlServer Start ---"
[1] "2022-02-25 20:24:24 --- RxInSqlServer Finish ---"
[1] "2022-02-25 20:24:26 --- rxSetComputeContext Start ---"
[1] "2022-02-25 20:24:29 --- rxSetComputeContext Finish ---"
[1] "2022-02-25 20:24:29 --- RxSqlServerData Start ---"
[1] "sqlQuery=SELECT * FROM ViewAnalyzeD1115analyze01Gen02Type13"
[1] "2022-02-25 20:24:29 --- RxSqlServerData Finish ---"
[1] "2022-02-25 20:24:36 --- rxGetVarInfo Start ---"
[1] "2022-02-25 20:24:46 --- rxGetVarInfo Finish---"
[1] "2022-02-25 20:24:46 --- rxImport Start ---"
Rows Read: 11206, Total Rows Processed: 11206, Total Chunk Time: 202.669 seconds 
[1] "2022-02-25 20:31:50 --- rxImport Finish ---"
[1] "object.size(data) auto=3.5 Mb"
[1] "--------------------------------------------------------------------------------"
[1] "nrow(data) RxSqlServerData=11206"
[1] "--------------------------------------------------------------------------------"
[1] "str(data)="
'data.frame':	11206 obs. of  44 variables:
 $ Race.RaceId                      : Factor w/ 1191 levels "20160105-06-01-01-12",..: 1 8 2 3 3 9 4 5 6 7 ...
 $ Race.IsPredictedRace             : logi  TRUE TRUE TRUE TRUE TRUE TRUE ...
 $ Race.IsAnalyzeNormalPastAndFuture: logi  TRUE TRUE TRUE TRUE TRUE TRUE ...
 $ Race.IsAnalyzeNormalPast         : logi  TRUE TRUE TRUE TRUE TRUE TRUE ...
 $ Race.IsAnalyzeNormalFuture       : logi  FALSE FALSE FALSE FALSE FALSE FALSE ...
 $ Race.IsAnalyzeFullPastAndFuture  : logi  TRUE TRUE TRUE TRUE TRUE TRUE ...
 $ Race.IsAnalyzeFullPast           : logi  TRUE TRUE TRUE TRUE TRUE TRUE ...
 $ Race.IsAnalyzeFullFuture         : logi  FALSE FALSE FALSE FALSE FALSE FALSE ...
 $ Race.JyokenCd                    : Factor w/ 1 level "3": 1 1 1 1 1 1 1 1 1 1 ...
 $ Race.JyoType1Cd                  : Factor w/ 154 levels "1-06-1600-3-1",..: 1 6 1 2 2 7 3 4 4 5 ...
 $ Race.RaceType1Cd                 : Factor w/ 6 levels "1-3-X-1","1-3-E-2",..: 1 3 1 2 2 3 3 2 4 3 ...
 $ RaceHorse.RaceId                 : Factor w/ 1191 levels "20160105-06-01-01-12",..: 1 8 2 3 3 9 4 5 6 7 ...
 $ RaceHorse.KettoNum               : Factor w/ 2268 levels "2012100287","2010101280",..: 1 7 1 2 3 8 1 3 1 4 ...
 $ RaceHorse.IsHit1                 : num  0 1 0 0 0 0 0 0 0 0 ...
 $ RaceHorse.IsHit2                 : num  0 0 0 0 0 0 0 0 0 0 ...
 $ RaceHorse.IsHit3                 : num  0 0 0 0 0 0 0 1 0 0 ...
 $ RaceHorse.IsHit4                 : num  0 0 0 0 0 0 0 0 0 1 ...
 $ RaceHorse.IsHit5                 : num  0 0 1 0 0 0 0 0 1 0 ...
 $ RaceHorse.IsHit6                 : num  1 0 0 1 1 1 1 0 0 0 ...
 $ RaceHorse.IsValidRaceHorse       : logi  TRUE TRUE TRUE TRUE TRUE TRUE ...
 $ RaceHorse.TimeSdv                : num  0.517 1.481 0.812 0.586 1.018 ...
 $ RaceHorse.IsHitA                 : num  0 1 0 0 0 0 0 0 0 0 ...
 $ RaceHorse.IsHitB                 : num  0 1 0 0 0 0 0 0 0 0 ...
 $ RaceHorse.IsHitC                 : num  0 1 0 0 0 0 0 1 0 0 ...
 $ Gen02.HansyokuNum                : Factor w/ 257 levels "11201954","11201964",..: 1 2 1 2 1 2 1 1 1 2 ...
 $ Gen02.TimeSdvByRaceAvg           : num  -0.952 1.118 -0.428 0.895 1.18 ...
 $ Gen02.TimeSdvByRaceMin           : num  -0.952 1.118 -0.952 0.839 0.681 ...
 $ Gen02.TimeSdvByRaceMax           : num  -0.9515 1.1181 0.0965 0.9507 2.241 ...
 $ Gen02.TimeSdvAvg                 : num  -0.4 0.3964 0.0585 0.9656 0.6105 ...
 $ Gen02.TimeSdvMin                 : num  -0.4 0.396 -0.4 0.649 -0.882 ...
 $ Gen02.TimeSdvMax                 : num  -0.4 0.396 0.517 1.283 1.636 ...
 $ Gen02.OrderOfFinishSdvAvg        : num  -0.315 1.3068 -0.0836 0.9456 1.1043 ...
 $ Gen02.RunCount                   : num  1 1 2 2 10 7 2 11 1 9 ...
 $ Gen02.HitCount1                  : num  0 0 0 0 2 0 0 2 0 0 ...
 $ Gen02.HitCount2                  : num  0 1 0 0 4 0 0 4 0 2 ...
 $ Gen02.HitCount3                  : num  0 0 0 2 3 1 1 3 1 0 ...
 $ Gen02.HitCount4                  : num  0 0 0 0 0 0 0 0 0 0 ...
 $ Gen02.HitCount5                  : num  0 0 0 0 1 1 0 1 0 2 ...
 $ Gen02.HitRate1                   : num  0 0 0 0 0.2 ...
 $ Gen02.HitRate2                   : num  0 1 0 0 0.4 ...
 $ Gen02.HitRate3                   : num  0 0 0 1 0.3 ...
 $ Gen02.HitRate4                   : num  0 0 0 0 0 0 0 0 0 0 ...
 $ Gen02.HitRate5                   : num  0 0 0 0 0.1 ...
 $ EOF                              : int  1 1 1 1 1 1 1 1 1 1 ...
[1] "2022-02-25 20:32:53 --- RxSqlServerData Finish ---"
[1] "2022-02-25 20:32:53 --- subset Start ---"
[1] "--------------------------------------------------------------------------------"
[1] "nrow(data) subset before=11206"
[1] "nrow(data) subset after =11206"
[1] "nrow(data) subset diff =0"
[1] "--------------------------------------------------------------------------------"
[1] "2022-02-25 20:32:54 --- subset Finish---"
[1] "2022-02-25 20:32:54 --- transform Start ---"
[1] "--------------------------------------------------------------------------------"
[1] "nrow(data) transform before=11206"
[1] "nrow(data) transform after=11206"
[1] "nrow(data) transform diff=0"
[1] "--------------------------------------------------------------------------------"
[1] "str(data)="
'data.frame':	11206 obs. of  44 variables:
 $ Race.RaceId                      : Factor w/ 1191 levels "20160105-06-01-01-12",..: 1 8 2 3 3 9 4 5 6 7 ...
 $ Race.IsPredictedRace             : logi  TRUE TRUE TRUE TRUE TRUE TRUE ...
 $ Race.IsAnalyzeNormalPastAndFuture: logi  TRUE TRUE TRUE TRUE TRUE TRUE ...
 $ Race.IsAnalyzeNormalPast         : logi  TRUE TRUE TRUE TRUE TRUE TRUE ...
 $ Race.IsAnalyzeNormalFuture       : logi  FALSE FALSE FALSE FALSE FALSE FALSE ...
 $ Race.IsAnalyzeFullPastAndFuture  : logi  TRUE TRUE TRUE TRUE TRUE TRUE ...
 $ Race.IsAnalyzeFullPast           : logi  TRUE TRUE TRUE TRUE TRUE TRUE ...
 $ Race.IsAnalyzeFullFuture         : logi  FALSE FALSE FALSE FALSE FALSE FALSE ...
 $ Race.JyokenCd                    : Factor w/ 1 level "3": 1 1 1 1 1 1 1 1 1 1 ...
 $ Race.JyoType1Cd                  : Factor w/ 154 levels "1-06-1600-3-1",..: 1 6 1 2 2 7 3 4 4 5 ...
 $ Race.RaceType1Cd                 : Factor w/ 6 levels "1-3-X-1","1-3-E-2",..: 1 3 1 2 2 3 3 2 4 3 ...
 $ RaceHorse.RaceId                 : Factor w/ 1191 levels "20160105-06-01-01-12",..: 1 8 2 3 3 9 4 5 6 7 ...
 $ RaceHorse.KettoNum               : Factor w/ 2268 levels "2012100287","2010101280",..: 1 7 1 2 3 8 1 3 1 4 ...
 $ RaceHorse.IsHit1                 : num  0 1 0 0 0 0 0 0 0 0 ...
 $ RaceHorse.IsHit2                 : num  0 0 0 0 0 0 0 0 0 0 ...
 $ RaceHorse.IsHit3                 : num  0 0 0 0 0 0 0 1 0 0 ...
 $ RaceHorse.IsHit4                 : num  0 0 0 0 0 0 0 0 0 1 ...
 $ RaceHorse.IsHit5                 : num  0 0 1 0 0 0 0 0 1 0 ...
 $ RaceHorse.IsHit6                 : num  1 0 0 1 1 1 1 0 0 0 ...
 $ RaceHorse.IsValidRaceHorse       : logi  TRUE TRUE TRUE TRUE TRUE TRUE ...
 $ RaceHorse.TimeSdv                : num  0.517 1.481 0.812 0.586 1.018 ...
 $ RaceHorse.IsHitA                 : num  0 1 0 0 0 0 0 0 0 0 ...
 $ RaceHorse.IsHitB                 : num  0 1 0 0 0 0 0 0 0 0 ...
 $ RaceHorse.IsHitC                 : num  0 1 0 0 0 0 0 1 0 0 ...
 $ Gen02.HansyokuNum                : Factor w/ 257 levels "11201954","11201964",..: 1 2 1 2 1 2 1 1 1 2 ...
 $ Gen02.TimeSdvByRaceAvg           : num  -0.952 1.118 -0.428 0.895 1.18 ...
 $ Gen02.TimeSdvByRaceMin           : num  -0.952 1.118 -0.952 0.839 0.681 ...
 $ Gen02.TimeSdvByRaceMax           : num  -0.9515 1.1181 0.0965 0.9507 2.241 ...
 $ Gen02.TimeSdvAvg                 : num  -0.4 0.3964 0.0585 0.9656 0.6105 ...
 $ Gen02.TimeSdvMin                 : num  -0.4 0.396 -0.4 0.649 -0.882 ...
 $ Gen02.TimeSdvMax                 : num  -0.4 0.396 0.517 1.283 1.636 ...
 $ Gen02.OrderOfFinishSdvAvg        : num  -0.315 1.3068 -0.0836 0.9456 1.1043 ...
 $ Gen02.RunCount                   : num  1 1 2 2 10 7 2 11 1 9 ...
 $ Gen02.HitCount1                  : num  0 0 0 0 2 0 0 2 0 0 ...
 $ Gen02.HitCount2                  : num  0 1 0 0 4 0 0 4 0 2 ...
 $ Gen02.HitCount3                  : num  0 0 0 2 3 1 1 3 1 0 ...
 $ Gen02.HitCount4                  : num  0 0 0 0 0 0 0 0 0 0 ...
 $ Gen02.HitCount5                  : num  0 0 0 0 1 1 0 1 0 2 ...
 $ Gen02.HitRate1                   : num  0 0 0 0 0.2 ...
 $ Gen02.HitRate2                   : num  0 1 0 0 0.4 ...
 $ Gen02.HitRate3                   : num  0 0 0 1 0.3 ...
 $ Gen02.HitRate4                   : num  0 0 0 0 0 0 0 0 0 0 ...
 $ Gen02.HitRate5                   : num  0 0 0 0 0.1 ...
 $ EOF                              : int  1 1 1 1 1 1 1 1 1 1 ...
NULL
[1] "2022-02-25 20:32:59 --- transform Finish ---"
[1] "2022-02-25 20:32:59 --- na.omit Start ---"
[1] "--------------------------------------------------------------------------------"
[1] "nrow(data) na.omit before=11206"
[1] "nrow(data) na.omit after =11152"
[1] "nrow(data) na.omit diff =54"
[1] "--------------------------------------------------------------------------------"
'data.frame':	11152 obs. of  44 variables:
 $ Race.RaceId                      : Factor w/ 1191 levels "20160105-06-01-01-12",..: 1 8 2 3 3 9 4 5 6 7 ...
 $ Race.IsPredictedRace             : logi  TRUE TRUE TRUE TRUE TRUE TRUE ...
 $ Race.IsAnalyzeNormalPastAndFuture: logi  TRUE TRUE TRUE TRUE TRUE TRUE ...
 $ Race.IsAnalyzeNormalPast         : logi  TRUE TRUE TRUE TRUE TRUE TRUE ...
 $ Race.IsAnalyzeNormalFuture       : logi  FALSE FALSE FALSE FALSE FALSE FALSE ...
 $ Race.IsAnalyzeFullPastAndFuture  : logi  TRUE TRUE TRUE TRUE TRUE TRUE ...
 $ Race.IsAnalyzeFullPast           : logi  TRUE TRUE TRUE TRUE TRUE TRUE ...
 $ Race.IsAnalyzeFullFuture         : logi  FALSE FALSE FALSE FALSE FALSE FALSE ...
 $ Race.JyokenCd                    : Factor w/ 1 level "3": 1 1 1 1 1 1 1 1 1 1 ...
 $ Race.JyoType1Cd                  : Factor w/ 154 levels "1-06-1600-3-1",..: 1 6 1 2 2 7 3 4 4 5 ...
 $ Race.RaceType1Cd                 : Factor w/ 6 levels "1-3-X-1","1-3-E-2",..: 1 3 1 2 2 3 3 2 4 3 ...
 $ RaceHorse.RaceId                 : Factor w/ 1191 levels "20160105-06-01-01-12",..: 1 8 2 3 3 9 4 5 6 7 ...
 $ RaceHorse.KettoNum               : Factor w/ 2268 levels "2012100287","2010101280",..: 1 7 1 2 3 8 1 3 1 4 ...
 $ RaceHorse.IsHit1                 : num  0 1 0 0 0 0 0 0 0 0 ...
 $ RaceHorse.IsHit2                 : num  0 0 0 0 0 0 0 0 0 0 ...
 $ RaceHorse.IsHit3                 : num  0 0 0 0 0 0 0 1 0 0 ...
 $ RaceHorse.IsHit4                 : num  0 0 0 0 0 0 0 0 0 1 ...
 $ RaceHorse.IsHit5                 : num  0 0 1 0 0 0 0 0 1 0 ...
 $ RaceHorse.IsHit6                 : num  1 0 0 1 1 1 1 0 0 0 ...
 $ RaceHorse.IsValidRaceHorse       : logi  TRUE TRUE TRUE TRUE TRUE TRUE ...
 $ RaceHorse.TimeSdv                : num  0.517 1.481 0.812 0.586 1.018 ...
 $ RaceHorse.IsHitA                 : num  0 1 0 0 0 0 0 0 0 0 ...
 $ RaceHorse.IsHitB                 : num  0 1 0 0 0 0 0 0 0 0 ...
 $ RaceHorse.IsHitC                 : num  0 1 0 0 0 0 0 1 0 0 ...
 $ Gen02.HansyokuNum                : Factor w/ 257 levels "11201954","11201964",..: 1 2 1 2 1 2 1 1 1 2 ...
 $ Gen02.TimeSdvByRaceAvg           : num  -0.952 1.118 -0.428 0.895 1.18 ...
 $ Gen02.TimeSdvByRaceMin           : num  -0.952 1.118 -0.952 0.839 0.681 ...
 $ Gen02.TimeSdvByRaceMax           : num  -0.9515 1.1181 0.0965 0.9507 2.241 ...
 $ Gen02.TimeSdvAvg                 : num  -0.4 0.3964 0.0585 0.9656 0.6105 ...
 $ Gen02.TimeSdvMin                 : num  -0.4 0.396 -0.4 0.649 -0.882 ...
 $ Gen02.TimeSdvMax                 : num  -0.4 0.396 0.517 1.283 1.636 ...
 $ Gen02.OrderOfFinishSdvAvg        : num  -0.315 1.3068 -0.0836 0.9456 1.1043 ...
 $ Gen02.RunCount                   : num  1 1 2 2 10 7 2 11 1 9 ...
 $ Gen02.HitCount1                  : num  0 0 0 0 2 0 0 2 0 0 ...
 $ Gen02.HitCount2                  : num  0 1 0 0 4 0 0 4 0 2 ...
 $ Gen02.HitCount3                  : num  0 0 0 2 3 1 1 3 1 0 ...
 $ Gen02.HitCount4                  : num  0 0 0 0 0 0 0 0 0 0 ...
 $ Gen02.HitCount5                  : num  0 0 0 0 1 1 0 1 0 2 ...
 $ Gen02.HitRate1                   : num  0 0 0 0 0.2 ...
 $ Gen02.HitRate2                   : num  0 1 0 0 0.4 ...
 $ Gen02.HitRate3                   : num  0 0 0 1 0.3 ...
 $ Gen02.HitRate4                   : num  0 0 0 0 0 0 0 0 0 0 ...
 $ Gen02.HitRate5                   : num  0 0 0 0 0.1 ...
 $ EOF                              : int  1 1 1 1 1 1 1 1 1 1 ...
 - attr(*, "na.action")= 'omit' Named int  153 530 563 574 845 917 1039 1043 1325 1471 ...
  ..- attr(*, "names")= chr  "153" "530" "563" "574" ...
[1] "2022-02-25 20:33:06 --- na.omit Finish ---"
[1] "2022-02-25 20:33:06 --- rxGlm with rxStepControl Start ---"

> print(paste0(Sys.time(), " --- source_logic_glm.R Start ---"))
[1] "2022-02-25 20:33:06 --- source_logic_glm.R Start ---"

> formula <- formula(RaceHorse.IsHitA ~ +1 + Gen02.TimeSdvAvg)

> print(paste0(Sys.time(), " --- source_logic_glm.R Finished ---"))
[1] "2022-02-25 20:33:06 --- source_logic_glm.R Finished ---"
Rows Read: 11152, Total Rows Processed: 11152, Total Chunk Time: 0.001 seconds 

Starting values (iteration 1) time: 0.053 secs.
Rows Read: 11152, Total Rows Processed: 11152, Total Chunk Time: 0.002 seconds 

Iteration 2 time: 0.147 secs.
Rows Read: 11152, Total Rows Processed: 11152, Total Chunk Time: 0.002 seconds 

Iteration 3 time: 0.179 secs.
Rows Read: 11152, Total Rows Processed: 11152, Total Chunk Time: 0.002 seconds 

Iteration 4 time: 0.088 secs.

Elapsed computation time: 0.770 secs.
Rows Read: 11152, Total Rows Processed: 11152, Total Chunk Time: Less than .001 seconds 

Starting values (iteration 1) time: 0.098 secs.
Rows Read: 11152, Total Rows Processed: 11152, Total Chunk Time: 0.002 seconds 

Iteration 2 time: 0.163 secs.

Elapsed computation time: 0.472 secs.
Rows Read: 11152, Total Rows Processed: 11152, Total Chunk Time: Less than .001 seconds 

Starting values (iteration 1) time: 0.079 secs.
Rows Read: 11152, Total Rows Processed: 11152, Total Chunk Time: Less than .001 seconds 

Iteration 2 time: 0.077 secs.
Rows Read: 11152, Total Rows Processed: 11152, Total Chunk Time: 0.002 seconds 

Iteration 3 time: 0.074 secs.
Rows Read: 11152, Total Rows Processed: 11152, Total Chunk Time: 0.002 seconds 

Iteration 4 time: 0.060 secs.

Elapsed computation time: 0.672 secs.

Elapsed computation time: 2.301 secs.
[1] "--------------------------------------------------------------------------------"
[1] "analyze.results.glm.step="
Logistic Regression Results for: RaceHorse.IsHitA ~ Gen02.TimeSdvAvg
Data: data
Dependent variable(s): RaceHorse.IsHitA
Total independent variables: 2 
Number of valid observations: 11152
Number of missing observations: 0 
 
Coefficients:
                 RaceHorse.IsHitA
(Intercept)                  -2.6
Gen02.TimeSdvAvg              0.5
[1] "analyze.results.glm.step.summary"
Call:
rxLogit(formula = formula, data = data, variableSelection = analyze.results.glm.step.varsel)

Logistic Regression Results for: RaceHorse.IsHitA ~ Gen02.TimeSdvAvg
Data: data
Dependent variable(s): RaceHorse.IsHitA
Total independent variables: 2 
Number of valid observations: 11152
Number of missing observations: 0 
-2*LogLikelihood: 5819.84 (Residual deviance on 11150 degrees of freedom)
 
Coefficients:
                 Estimate Std. Error z value Pr(>|z|)    
(Intercept)       -2.6476     0.0412  -64.30  2.2e-16 ***
Gen02.TimeSdvAvg   0.4975     0.0606    8.21  2.2e-16 ***
---
Signif. codes:  0 '***' 0.001 '**' 0.01 '*' 0.05 '.' 0.1 ' ' 1

Condition number of final variance-covariance matrix: 1 
Number of iterations: 4
[1] "--------------------------------------------------------------------------------"
[1] "2022-02-25 20:33:11 --- rxGlm with rxStepControl Finish ---"
[1] "2022-02-25 20:33:11 --- rxStepPlot Start ---"
[1] "pdfFilename=pdf_analyze_glm_Gen02_Type13_rxStepPlot.pdf"
[1] "rxStepPlot="
[1] "2022-02-25 20:33:12 --- rxStepPlot Finish ---"
[1] "2022-02-25 20:33:12 --- save.image Start ---"
[1] "save.image"
[1] "rdataFilename=RData_analyze_glm_Gen02_Type13.RData"
[1] "2022-02-25 20:33:12 --- save.image Finish ---"
[1] "2022-02-25 20:33:12 --- final Start ---"
[1] "--------------------------------------------------------------------------------"
[1] "nrow(data) final=11152"
[1] "--------------------------------------------------------------------------------"
[1] "2022-02-25 20:33:12 --- final Finish ---"
[1] "2022-02-25 20:33:12 --- analyze_glm.R Finished ---"
[1] "2022-02-25 20:33:12 --- log Finish ---"
