[1] "2022-03-08 19:08:22 --- D1115_analyze_glm_Jockey_IsHitA_Type31 Start ---"
[1] "2022-03-08 19:08:22 --- Log Start ---"
[1] "2022-03-08 19:08:22 --- analyze_glm.R Start ---"
[1] "analyzeVersion=D1115"
[1] "analyzeCategory=analyze"
[1] "analyzeType=Jockey"
[1] "analyzeFamily=IsHitA"
[1] "analyzeFunc=glm"
[1] "analyzeTrackTypeCd=3"
[1] "analyzeJyokenCd=1"
[1] "2022-03-08 19:08:22 --- source_function.R Start ---"
[1] "2022-03-08 19:08:22 --- source_function.R Finished ---"

> print(paste0(Sys.time(), " --- source_library.R Start ---"))
[1] "2022-03-08 19:08:22 --- source_library.R Start ---"

> require("RevoScaleR")

> print(paste0(Sys.time(), " --- source_library.R Finished ---"))
[1] "2022-03-08 19:08:23 --- source_library.R Finished ---"
[1] "2022-03-08 19:08:23 --- RxSqlServerData Start ---"
[1] "2022-03-08 19:08:23 --- RxInSqlServer Start ---"
[1] "2022-03-08 19:08:23 --- RxInSqlServer Finish ---"
[1] "2022-03-08 19:08:23 --- rxSetComputeContext Start ---"
[1] "2022-03-08 19:08:23 --- rxSetComputeContext Finish ---"
[1] "2022-03-08 19:08:23 --- RxSqlServerData Start ---"
[1] "sqlQuery=SELECT * FROM ViewAnalyzeD1115analyze01JockeyType31"
[1] "2022-03-08 19:08:23 --- RxSqlServerData Finish ---"
[1] "2022-03-08 19:08:23 --- rxGetVarInfo Start ---"
[1] "2022-03-08 19:08:23 --- rxGetVarInfo Finish---"
[1] "2022-03-08 19:08:23 --- rxImport Start ---"
Rows Read: 2527, Total Rows Processed: 2527, Total Chunk Time: 22.002 seconds 
[1] "2022-03-08 19:08:56 --- rxImport Finish ---"
[1] "object.size(data) auto=873.3 Kb"
[1] "--------------------------------------------------------------------------------"
[1] "nrow(data) RxSqlServerData=2527"
[1] "--------------------------------------------------------------------------------"
[1] "str(data)="
'data.frame':	2527 obs. of  47 variables:
 $ Race.RaceId                      : Factor w/ 213 levels "20160827-04-02-09-08",..: 11 12 13 14 15 5 16 17 9 18 ...
 $ Race.IsAnalyzeNormalPastAndFuture: logi  TRUE TRUE TRUE TRUE TRUE TRUE ...
 $ Race.IsAnalyzeNormalPast         : logi  TRUE TRUE TRUE TRUE TRUE TRUE ...
 $ Race.IsAnalyzeNormalFuture       : logi  FALSE FALSE FALSE FALSE FALSE FALSE ...
 $ Race.IsAnalyzeFullPastAndFuture  : logi  TRUE TRUE TRUE TRUE TRUE TRUE ...
 $ Race.IsAnalyzeFullPast           : logi  TRUE TRUE TRUE TRUE TRUE TRUE ...
 $ Race.IsAnalyzeFullFuture         : logi  FALSE FALSE FALSE FALSE FALSE FALSE ...
 $ Race.JyokenCd                    : Factor w/ 1 level "1": 1 1 1 1 1 1 1 1 1 1 ...
 $ Race.JyoType1Cd                  : Factor w/ 55 levels "56-04-3250-1",..: 10 11 12 5 13 5 14 15 8 15 ...
 $ Race.RaceType1Cd                 : Factor w/ 2 levels "3-1-18","3-1-19": 2 1 1 2 1 1 2 2 2 1 ...
 $ RaceHorse.RaceId                 : Factor w/ 213 levels "20160827-04-02-09-08",..: 11 12 13 14 15 5 16 17 9 18 ...
 $ RaceHorse.KettoNum               : Factor w/ 478 levels "2007100575","2007106537",..: 9 2 2 6 10 11 12 13 13 14 ...
 $ RaceHorse.IsHit1                 : num  0 0 1 0 0 0 0 0 0 0 ...
 $ RaceHorse.IsHit2                 : num  0 0 0 0 0 0 0 0 1 0 ...
 $ RaceHorse.IsHit3                 : num  0 0 0 1 0 1 0 0 0 0 ...
 $ RaceHorse.IsHit4                 : num  0 0 0 0 0 0 0 0 0 0 ...
 $ RaceHorse.IsHit5                 : num  0 0 0 0 0 0 0 0 0 0 ...
 $ RaceHorse.IsHit6                 : num  1 1 0 0 1 0 1 1 0 0 ...
 $ RaceHorse.IsValidRaceHorse       : logi  TRUE TRUE TRUE TRUE TRUE TRUE ...
 $ RaceHorse.FinishTimeSdvByRace    : num  0.3651 -0.0366 1.8087 0.5408 -0.8866 ...
 $ RaceHorse.FirstTimeSdvByRace     : num  0.1468 -0.0562 1.8537 0.5366 -0.8842 ...
 $ RaceHorse.LastTimeSdvByRace      : num  0.9847 0.0583 1.4142 0.5523 -0.866 ...
 $ RaceHorse.FinishTimeSdv          : num  -0.341 -0.957 0.952 0.672 -0.674 ...
 $ RaceHorse.FirstTimeSdv           : num  -0.421 -0.988 0.954 0.658 -0.681 ...
 $ RaceHorse.LastTimeSdv            : num  0.0487 -0.7766 0.8993 0.7098 -0.625 ...
 $ RaceHorse.IsHitA                 : num  0 0 1 0 0 0 0 0 0 0 ...
 $ RaceHorse.IsHitB                 : num  0 0 1 0 0 0 0 0 1 0 ...
 $ RaceHorse.IsHitC                 : num  0 0 1 1 0 1 0 0 1 0 ...
 $ Jockey.FinishTimeSdvByRaceAvg    : num  0.3796 0.0894 0.1572 0.3506 0.3024 ...
 $ Jockey.FirstTimeSdvByRaceAvg     : num  0.3827 0.0901 0.1579 0.3546 0.3136 ...
 $ Jockey.LastTimeSdvByRaceAvg      : num  0.3342 0.0753 0.1407 0.3082 0.2511 ...
 $ Jockey.FinishTimeSdvAvg          : num  0.312 0.315 0.343 0.411 0.458 ...
 $ Jockey.FirstTimeSdvAvg           : num  0.318 0.317 0.344 0.412 0.46 ...
 $ Jockey.LastTimeSdvAvg            : num  0.271 0.312 0.34 0.391 0.423 ...
 $ Jockey.RealOddsLog1Avg           : num  2.41 3.36 3.17 2.35 3.07 ...
 $ Jockey.RunCount                  : num  69 62 71 45 64 58 70 45 53 80 ...
 $ Jockey.HitCount1                 : num  5 5 6 8 8 5 4 3 4 5 ...
 $ Jockey.HitCount2                 : num  10 6 8 4 8 7 4 2 3 8 ...
 $ Jockey.HitCount3                 : num  4 4 4 4 4 9 5 7 7 7 ...
 $ Jockey.HitCount4                 : num  16 9 11 3 5 4 10 6 7 13 ...
 $ Jockey.HitCount5                 : num  11 4 7 7 4 5 11 5 6 7 ...
 $ Jockey.HitRate1                  : num  0.0725 0.0806 0.0845 0.1778 0.125 ...
 $ Jockey.HitRate2                  : num  0.1449 0.0968 0.1127 0.0889 0.125 ...
 $ Jockey.HitRate3                  : num  0.058 0.0645 0.0563 0.0889 0.0625 ...
 $ Jockey.HitRate4                  : num  0.2319 0.1452 0.1549 0.0667 0.0781 ...
 $ Jockey.HitRate5                  : num  0.1594 0.0645 0.0986 0.1556 0.0625 ...
 $ EOF                              : int  1 1 1 1 1 1 1 1 1 1 ...
[1] "2022-03-08 19:08:57 --- RxSqlServerData Finish ---"
[1] "2022-03-08 19:08:57 --- subset Start ---"
[1] "--------------------------------------------------------------------------------"
[1] "nrow(data) subset before=2527"
[1] "nrow(data) subset after =2527"
[1] "nrow(data) subset diff =0"
[1] "--------------------------------------------------------------------------------"
[1] "2022-03-08 19:08:57 --- subset Finish---"
[1] "2022-03-08 19:08:57 --- transform Start ---"
[1] "--------------------------------------------------------------------------------"
[1] "nrow(data) transform before=2527"
[1] "nrow(data) transform after=2527"
[1] "nrow(data) transform diff=0"
[1] "--------------------------------------------------------------------------------"
[1] "str(data)="
'data.frame':	2527 obs. of  47 variables:
 $ Race.RaceId                      : Factor w/ 213 levels "20160827-04-02-09-08",..: 11 12 13 14 15 5 16 17 9 18 ...
 $ Race.IsAnalyzeNormalPastAndFuture: logi  TRUE TRUE TRUE TRUE TRUE TRUE ...
 $ Race.IsAnalyzeNormalPast         : logi  TRUE TRUE TRUE TRUE TRUE TRUE ...
 $ Race.IsAnalyzeNormalFuture       : logi  FALSE FALSE FALSE FALSE FALSE FALSE ...
 $ Race.IsAnalyzeFullPastAndFuture  : logi  TRUE TRUE TRUE TRUE TRUE TRUE ...
 $ Race.IsAnalyzeFullPast           : logi  TRUE TRUE TRUE TRUE TRUE TRUE ...
 $ Race.IsAnalyzeFullFuture         : logi  FALSE FALSE FALSE FALSE FALSE FALSE ...
 $ Race.JyokenCd                    : Factor w/ 1 level "1": 1 1 1 1 1 1 1 1 1 1 ...
 $ Race.JyoType1Cd                  : Factor w/ 55 levels "56-04-3250-1",..: 10 11 12 5 13 5 14 15 8 15 ...
 $ Race.RaceType1Cd                 : Factor w/ 2 levels "3-1-18","3-1-19": 2 1 1 2 1 1 2 2 2 1 ...
 $ RaceHorse.RaceId                 : Factor w/ 213 levels "20160827-04-02-09-08",..: 11 12 13 14 15 5 16 17 9 18 ...
 $ RaceHorse.KettoNum               : Factor w/ 478 levels "2007100575","2007106537",..: 9 2 2 6 10 11 12 13 13 14 ...
 $ RaceHorse.IsHit1                 : num  0 0 1 0 0 0 0 0 0 0 ...
 $ RaceHorse.IsHit2                 : num  0 0 0 0 0 0 0 0 1 0 ...
 $ RaceHorse.IsHit3                 : num  0 0 0 1 0 1 0 0 0 0 ...
 $ RaceHorse.IsHit4                 : num  0 0 0 0 0 0 0 0 0 0 ...
 $ RaceHorse.IsHit5                 : num  0 0 0 0 0 0 0 0 0 0 ...
 $ RaceHorse.IsHit6                 : num  1 1 0 0 1 0 1 1 0 0 ...
 $ RaceHorse.IsValidRaceHorse       : logi  TRUE TRUE TRUE TRUE TRUE TRUE ...
 $ RaceHorse.FinishTimeSdvByRace    : num  0.3651 -0.0366 1.8087 0.5408 -0.8866 ...
 $ RaceHorse.FirstTimeSdvByRace     : num  0.1468 -0.0562 1.8537 0.5366 -0.8842 ...
 $ RaceHorse.LastTimeSdvByRace      : num  0.9847 0.0583 1.4142 0.5523 -0.866 ...
 $ RaceHorse.FinishTimeSdv          : num  -0.341 -0.957 0.952 0.672 -0.674 ...
 $ RaceHorse.FirstTimeSdv           : num  -0.421 -0.988 0.954 0.658 -0.681 ...
 $ RaceHorse.LastTimeSdv            : num  0.0487 -0.7766 0.8993 0.7098 -0.625 ...
 $ RaceHorse.IsHitA                 : num  0 0 1 0 0 0 0 0 0 0 ...
 $ RaceHorse.IsHitB                 : num  0 0 1 0 0 0 0 0 1 0 ...
 $ RaceHorse.IsHitC                 : num  0 0 1 1 0 1 0 0 1 0 ...
 $ Jockey.FinishTimeSdvByRaceAvg    : num  0.3796 0.0894 0.1572 0.3506 0.3024 ...
 $ Jockey.FirstTimeSdvByRaceAvg     : num  0.3827 0.0901 0.1579 0.3546 0.3136 ...
 $ Jockey.LastTimeSdvByRaceAvg      : num  0.3342 0.0753 0.1407 0.3082 0.2511 ...
 $ Jockey.FinishTimeSdvAvg          : num  0.312 0.315 0.343 0.411 0.458 ...
 $ Jockey.FirstTimeSdvAvg           : num  0.318 0.317 0.344 0.412 0.46 ...
 $ Jockey.LastTimeSdvAvg            : num  0.271 0.312 0.34 0.391 0.423 ...
 $ Jockey.RealOddsLog1Avg           : num  2.41 3.36 3.17 2.35 3.07 ...
 $ Jockey.RunCount                  : num  69 62 71 45 64 58 70 45 53 80 ...
 $ Jockey.HitCount1                 : num  5 5 6 8 8 5 4 3 4 5 ...
 $ Jockey.HitCount2                 : num  10 6 8 4 8 7 4 2 3 8 ...
 $ Jockey.HitCount3                 : num  4 4 4 4 4 9 5 7 7 7 ...
 $ Jockey.HitCount4                 : num  16 9 11 3 5 4 10 6 7 13 ...
 $ Jockey.HitCount5                 : num  11 4 7 7 4 5 11 5 6 7 ...
 $ Jockey.HitRate1                  : num  0.0725 0.0806 0.0845 0.1778 0.125 ...
 $ Jockey.HitRate2                  : num  0.1449 0.0968 0.1127 0.0889 0.125 ...
 $ Jockey.HitRate3                  : num  0.058 0.0645 0.0563 0.0889 0.0625 ...
 $ Jockey.HitRate4                  : num  0.2319 0.1452 0.1549 0.0667 0.0781 ...
 $ Jockey.HitRate5                  : num  0.1594 0.0645 0.0986 0.1556 0.0625 ...
 $ EOF                              : int  1 1 1 1 1 1 1 1 1 1 ...
NULL
[1] "2022-03-08 19:08:58 --- transform Finish ---"
[1] "2022-03-08 19:08:58 --- na.omit Start ---"
[1] "--------------------------------------------------------------------------------"
[1] "nrow(data) na.omit before=2527"
[1] "nrow(data) na.omit after =2409"
[1] "nrow(data) na.omit diff =118"
[1] "--------------------------------------------------------------------------------"
'data.frame':	2409 obs. of  47 variables:
 $ Race.RaceId                      : Factor w/ 213 levels "20160827-04-02-09-08",..: 11 12 13 14 15 5 16 17 9 19 ...
 $ Race.IsAnalyzeNormalPastAndFuture: logi  TRUE TRUE TRUE TRUE TRUE TRUE ...
 $ Race.IsAnalyzeNormalPast         : logi  TRUE TRUE TRUE TRUE TRUE TRUE ...
 $ Race.IsAnalyzeNormalFuture       : logi  FALSE FALSE FALSE FALSE FALSE FALSE ...
 $ Race.IsAnalyzeFullPastAndFuture  : logi  TRUE TRUE TRUE TRUE TRUE TRUE ...
 $ Race.IsAnalyzeFullPast           : logi  TRUE TRUE TRUE TRUE TRUE TRUE ...
 $ Race.IsAnalyzeFullFuture         : logi  FALSE FALSE FALSE FALSE FALSE FALSE ...
 $ Race.JyokenCd                    : Factor w/ 1 level "1": 1 1 1 1 1 1 1 1 1 1 ...
 $ Race.JyoType1Cd                  : Factor w/ 55 levels "56-04-3250-1",..: 10 11 12 5 13 5 14 15 8 4 ...
 $ Race.RaceType1Cd                 : Factor w/ 2 levels "3-1-18","3-1-19": 2 1 1 2 1 1 2 2 2 1 ...
 $ RaceHorse.RaceId                 : Factor w/ 213 levels "20160827-04-02-09-08",..: 11 12 13 14 15 5 16 17 9 19 ...
 $ RaceHorse.KettoNum               : Factor w/ 478 levels "2007100575","2007106537",..: 9 2 2 6 10 11 12 13 13 15 ...
 $ RaceHorse.IsHit1                 : num  0 0 1 0 0 0 0 0 0 0 ...
 $ RaceHorse.IsHit2                 : num  0 0 0 0 0 0 0 0 1 0 ...
 $ RaceHorse.IsHit3                 : num  0 0 0 1 0 1 0 0 0 0 ...
 $ RaceHorse.IsHit4                 : num  0 0 0 0 0 0 0 0 0 0 ...
 $ RaceHorse.IsHit5                 : num  0 0 0 0 0 0 0 0 0 0 ...
 $ RaceHorse.IsHit6                 : num  1 1 0 0 1 0 1 1 0 1 ...
 $ RaceHorse.IsValidRaceHorse       : logi  TRUE TRUE TRUE TRUE TRUE TRUE ...
 $ RaceHorse.FinishTimeSdvByRace    : num  0.3651 -0.0366 1.8087 0.5408 -0.8866 ...
 $ RaceHorse.FirstTimeSdvByRace     : num  0.1468 -0.0562 1.8537 0.5366 -0.8842 ...
 $ RaceHorse.LastTimeSdvByRace      : num  0.9847 0.0583 1.4142 0.5523 -0.866 ...
 $ RaceHorse.FinishTimeSdv          : num  -0.341 -0.957 0.952 0.672 -0.674 ...
 $ RaceHorse.FirstTimeSdv           : num  -0.421 -0.988 0.954 0.658 -0.681 ...
 $ RaceHorse.LastTimeSdv            : num  0.0487 -0.7766 0.8993 0.7098 -0.625 ...
 $ RaceHorse.IsHitA                 : num  0 0 1 0 0 0 0 0 0 0 ...
 $ RaceHorse.IsHitB                 : num  0 0 1 0 0 0 0 0 1 0 ...
 $ RaceHorse.IsHitC                 : num  0 0 1 1 0 1 0 0 1 0 ...
 $ Jockey.FinishTimeSdvByRaceAvg    : num  0.3796 0.0894 0.1572 0.3506 0.3024 ...
 $ Jockey.FirstTimeSdvByRaceAvg     : num  0.3827 0.0901 0.1579 0.3546 0.3136 ...
 $ Jockey.LastTimeSdvByRaceAvg      : num  0.3342 0.0753 0.1407 0.3082 0.2511 ...
 $ Jockey.FinishTimeSdvAvg          : num  0.312 0.315 0.343 0.411 0.458 ...
 $ Jockey.FirstTimeSdvAvg           : num  0.318 0.317 0.344 0.412 0.46 ...
 $ Jockey.LastTimeSdvAvg            : num  0.271 0.312 0.34 0.391 0.423 ...
 $ Jockey.RealOddsLog1Avg           : num  2.41 3.36 3.17 2.35 3.07 ...
 $ Jockey.RunCount                  : num  69 62 71 45 64 58 70 45 53 20 ...
 $ Jockey.HitCount1                 : num  5 5 6 8 8 5 4 3 4 1 ...
 $ Jockey.HitCount2                 : num  10 6 8 4 8 7 4 2 3 1 ...
 $ Jockey.HitCount3                 : num  4 4 4 4 4 9 5 7 7 1 ...
 $ Jockey.HitCount4                 : num  16 9 11 3 5 4 10 6 7 2 ...
 $ Jockey.HitCount5                 : num  11 4 7 7 4 5 11 5 6 1 ...
 $ Jockey.HitRate1                  : num  0.0725 0.0806 0.0845 0.1778 0.125 ...
 $ Jockey.HitRate2                  : num  0.1449 0.0968 0.1127 0.0889 0.125 ...
 $ Jockey.HitRate3                  : num  0.058 0.0645 0.0563 0.0889 0.0625 ...
 $ Jockey.HitRate4                  : num  0.2319 0.1452 0.1549 0.0667 0.0781 ...
 $ Jockey.HitRate5                  : num  0.1594 0.0645 0.0986 0.1556 0.0625 ...
 $ EOF                              : int  1 1 1 1 1 1 1 1 1 1 ...
 - attr(*, "na.action")= 'omit' Named int  10 27 44 87 115 117 128 150 165 194 ...
  ..- attr(*, "names")= chr  "10" "27" "44" "87" ...
[1] "2022-03-08 19:09:00 --- na.omit Finish ---"
[1] "2022-03-08 19:09:00 --- rxLogit with rxStepControl Start ---"

> print(paste0(Sys.time(), " --- source_logic_glm.R Start ---"))
[1] "2022-03-08 19:09:00 --- source_logic_glm.R Start ---"

> formula <- formula(RaceHorse.IsHitA ~ +1 + Jockey.FinishTimeSdvByRaceAvg)

> print(paste0(Sys.time(), " --- source_logic_glm.R Finished ---"))
[1] "2022-03-08 19:09:00 --- source_logic_glm.R Finished ---"
Rows Read: 2409, Total Rows Processed: 2409, Total Chunk Time: 0.001 seconds 

Starting values (iteration 1) time: 0.012 secs.
Rows Read: 2409, Total Rows Processed: 2409, Total Chunk Time: Less than .001 seconds 

Iteration 2 time: 0.009 secs.
Rows Read: 2409, Total Rows Processed: 2409, Total Chunk Time: Less than .001 seconds 

Iteration 3 time: 0.012 secs.
Rows Read: 2409, Total Rows Processed: 2409, Total Chunk Time: 0.001 seconds 

Iteration 4 time: 0.007 secs.
Rows Read: 2409, Total Rows Processed: 2409, Total Chunk Time: Less than .001 seconds 

Iteration 5 time: 0.007 secs.

Elapsed computation time: 0.097 secs.
Rows Read: 2409, Total Rows Processed: 2409, Total Chunk Time: 0.001 seconds 

Starting values (iteration 1) time: 0.010 secs.
Rows Read: 2409, Total Rows Processed: 2409, Total Chunk Time: Less than .001 seconds 

Iteration 2 time: 0.007 secs.

Elapsed computation time: 0.037 secs.
Rows Read: 2409, Total Rows Processed: 2409, Total Chunk Time: Less than .001 seconds 

Starting values (iteration 1) time: 0.005 secs.
Rows Read: 2409, Total Rows Processed: 2409, Total Chunk Time: 0.002 seconds 

Iteration 2 time: 0.008 secs.
Rows Read: 2409, Total Rows Processed: 2409, Total Chunk Time: 0.001 seconds 

Iteration 3 time: 0.006 secs.
Rows Read: 2409, Total Rows Processed: 2409, Total Chunk Time: 0.002 seconds 

Iteration 4 time: 0.017 secs.
Rows Read: 2409, Total Rows Processed: 2409, Total Chunk Time: 0.001 seconds 

Iteration 5 time: 0.010 secs.

Elapsed computation time: 0.095 secs.

Elapsed computation time: 0.268 secs.
[1] "--------------------------------------------------------------------------------"
[1] "analyze.results.glm.step="
Logistic Regression Results for: RaceHorse.IsHitA ~
    Jockey.FinishTimeSdvByRaceAvg
Data: data
Dependent variable(s): RaceHorse.IsHitA
Total independent variables: 2 
Number of valid observations: 2409
Number of missing observations: 0 
 
Coefficients:
                              RaceHorse.IsHitA
(Intercept)                                 -3
Jockey.FinishTimeSdvByRaceAvg                2
[1] "analyze.results.glm.step.summary"
Call:
rxLogit(formula = formula, data = data, variableSelection = analyze.results.glm.step.varsel)

Logistic Regression Results for: RaceHorse.IsHitA ~
    Jockey.FinishTimeSdvByRaceAvg
Data: data
Dependent variable(s): RaceHorse.IsHitA
Total independent variables: 2 
Number of valid observations: 2409
Number of missing observations: 0 
-2*LogLikelihood: 1407.214 (Residual deviance on 2407 degrees of freedom)
 
Coefficients:
                              Estimate Std. Error z value Pr(>|z|)    
(Intercept)                     -2.713      0.109  -24.80  2.2e-16 ***
Jockey.FinishTimeSdvByRaceAvg    1.898      0.346    5.48  4.3e-08 ***
---
Signif. codes:  0 '***' 0.001 '**' 0.01 '*' 0.05 '.' 0.1 ' ' 1

Condition number of final variance-covariance matrix: 1 
Number of iterations: 5
[1] "--------------------------------------------------------------------------------"
[1] "2022-03-08 19:09:00 --- rxLogit with rxStepControl Finish ---"
[1] "2022-03-08 19:09:00 --- rxStepPlot Start ---"
[1] "pdfFilename=pdf_analyze_glm_Jockey_Type31_rxStepPlot.pdf"
[1] "rxStepPlot="
[1] "2022-03-08 19:09:01 --- rxStepPlot Finish ---"
[1] "2022-03-08 19:09:01 --- save.image Start ---"
[1] "save.image"
[1] "rdataFilename=RData_analyze_glm_Jockey_Type31.RData"
[1] "2022-03-08 19:09:01 --- save.image Finish ---"
[1] "2022-03-08 19:09:01 --- final Start ---"
[1] "--------------------------------------------------------------------------------"
[1] "nrow(data) final=2409"
[1] "--------------------------------------------------------------------------------"
[1] "2022-03-08 19:09:01 --- final Finish ---"
[1] "2022-03-08 19:09:01 --- analyze_glm.R Finished ---"
[1] "2022-03-08 19:09:01 --- log Finish ---"
