[1] "2022-02-25 20:57:32 --- D1115_analyze_glm_Jockey_IsHitA_Type15 Start ---"
[1] "2022-02-25 20:57:32 --- Log Start ---"
[1] "2022-02-25 20:57:32 --- analyze_glm.R Start ---"
[1] "analyzeVersion=D1115"
[1] "analyzeCategory=analyze"
[1] "analyzeType=Jockey"
[1] "analyzeFamily=IsHitA"
[1] "analyzeFunc=glm"
[1] "analyzeTrackTypeCd=1"
[1] "analyzeJyokenCd=5"
[1] "2022-02-25 20:57:32 --- source_function.R Start ---"
[1] "2022-02-25 20:57:32 --- source_function.R Finished ---"

> print(paste0(Sys.time(), " --- source_library.R Start ---"))
[1] "2022-02-25 20:57:32 --- source_library.R Start ---"

> require("RevoScaleR")

> print(paste0(Sys.time(), " --- source_library.R Finished ---"))
[1] "2022-02-25 20:57:32 --- source_library.R Finished ---"
[1] "2022-02-25 20:57:32 --- RxSqlServerData Start ---"
[1] "2022-02-25 20:57:32 --- RxInSqlServer Start ---"
[1] "2022-02-25 20:57:33 --- RxInSqlServer Finish ---"
[1] "2022-02-25 20:57:33 --- rxSetComputeContext Start ---"
[1] "2022-02-25 20:57:33 --- rxSetComputeContext Finish ---"
[1] "2022-02-25 20:57:33 --- RxSqlServerData Start ---"
[1] "sqlQuery=SELECT * FROM ViewAnalyzeD1115analyze01JockeyType15"
[1] "2022-02-25 20:57:33 --- RxSqlServerData Finish ---"
[1] "2022-02-25 20:57:33 --- rxGetVarInfo Start ---"
[1] "2022-02-25 20:57:33 --- rxGetVarInfo Finish---"
[1] "2022-02-25 20:57:33 --- rxImport Start ---"
Rows Read: 37018, Total Rows Processed: 37018, Total Chunk Time: 21.867 seconds 
[1] "2022-02-25 20:58:26 --- rxImport Finish ---"
[1] "object.size(data) auto=11.4 Mb"
[1] "--------------------------------------------------------------------------------"
[1] "nrow(data) RxSqlServerData=37018"
[1] "--------------------------------------------------------------------------------"
[1] "str(data)="
'data.frame':	37018 obs. of  43 variables:
 $ Race.RaceId                      : Factor w/ 2474 levels "20160618-09-03-05-01",..: 11 12 13 14 15 16 17 18 19 20 ...
 $ Race.IsPredictedRace             : logi  TRUE TRUE TRUE TRUE TRUE TRUE ...
 $ Race.IsAnalyzeNormalPastAndFuture: logi  TRUE TRUE TRUE TRUE TRUE TRUE ...
 $ Race.IsAnalyzeNormalPast         : logi  TRUE TRUE TRUE TRUE TRUE TRUE ...
 $ Race.IsAnalyzeNormalFuture       : logi  FALSE FALSE FALSE FALSE FALSE FALSE ...
 $ Race.IsAnalyzeFullPastAndFuture  : logi  TRUE TRUE TRUE TRUE TRUE TRUE ...
 $ Race.IsAnalyzeFullPast           : logi  TRUE TRUE TRUE TRUE TRUE TRUE ...
 $ Race.IsAnalyzeFullFuture         : logi  FALSE FALSE FALSE FALSE FALSE FALSE ...
 $ Race.JyokenCd                    : Factor w/ 1 level "5": 1 1 1 1 1 1 1 1 1 1 ...
 $ Race.JyoType1Cd                  : Factor w/ 175 levels "1-09-1400-5-2",..: 10 11 12 13 14 15 16 17 18 14 ...
 $ Race.RaceType1Cd                 : Factor w/ 3 levels "1-5-X-1","1-5-X-3",..: 3 1 1 1 1 1 3 3 3 1 ...
 $ RaceHorse.RaceId                 : Factor w/ 2474 levels "20160618-09-03-05-01",..: 11 12 13 14 15 16 17 18 19 20 ...
 $ RaceHorse.KettoNum               : Factor w/ 13947 levels "2014105687","2013105299",..: 11 12 13 14 15 16 17 18 19 20 ...
 $ RaceHorse.IsHit1                 : num  1 0 1 0 0 0 0 0 0 0 ...
 $ RaceHorse.IsHit2                 : num  0 0 0 0 0 0 0 0 0 0 ...
 $ RaceHorse.IsHit3                 : num  0 0 0 0 0 0 0 1 0 0 ...
 $ RaceHorse.IsHit4                 : num  0 0 0 0 0 0 0 0 0 0 ...
 $ RaceHorse.IsHit5                 : num  0 0 0 0 0 0 0 0 0 0 ...
 $ RaceHorse.IsHit6                 : num  0 1 0 1 1 1 1 0 1 1 ...
 $ RaceHorse.IsValidRaceHorse       : logi  TRUE TRUE TRUE TRUE TRUE TRUE ...
 $ RaceHorse.TimeSdv                : num  0.659 -1.641 1.369 -0.185 1.01 ...
 $ RaceHorse.IsHitA                 : num  1 0 1 0 0 0 0 0 0 0 ...
 $ RaceHorse.IsHitB                 : num  1 0 1 0 0 0 0 0 0 0 ...
 $ RaceHorse.IsHitC                 : num  1 0 1 0 0 0 0 1 0 0 ...
 $ Jockey.TimeSdvByRaceAvg          : num  0.59 0.307 -0.364 0.691 0.385 ...
 $ Jockey.TimeSdvByRaceMin          : num  -2.35 -2.96 -2.87 -1.48 -1.66 ...
 $ Jockey.TimeSdvByRaceMax          : num  1.88 2.11 1.79 2.16 1.56 ...
 $ Jockey.TimeSdvAvg                : num  0.412 0.13 -0.279 0.48 0.315 ...
 $ Jockey.TimeSdvMin                : num  -2.346 -2.526 -5.354 -2.524 -0.659 ...
 $ Jockey.TimeSdvMax                : num  2.18 2.59 2.09 2.3 1.39 ...
 $ Jockey.OrderOfFinishSdvAvg       : num  0.632 0.301 -0.308 0.717 0.433 ...
 $ Jockey.RunCount                  : num  224 271 182 193 32 143 267 24 143 45 ...
 $ Jockey.HitCount1                 : num  44 24 11 33 0 4 34 2 6 1 ...
 $ Jockey.HitCount2                 : num  29 26 6 23 2 0 30 4 3 1 ...
 $ Jockey.HitCount3                 : num  28 23 4 28 4 4 33 2 2 1 ...
 $ Jockey.HitCount4                 : num  20 20 7 24 5 8 24 1 10 2 ...
 $ Jockey.HitCount5                 : num  14 30 9 16 8 9 22 3 5 2 ...
 $ Jockey.HitRate1                  : num  0.1964 0.0886 0.0604 0.171 0 ...
 $ Jockey.HitRate2                  : num  0.1295 0.0959 0.033 0.1192 0.0625 ...
 $ Jockey.HitRate3                  : num  0.125 0.0849 0.022 0.1451 0.125 ...
 $ Jockey.HitRate4                  : num  0.0893 0.0738 0.0385 0.1244 0.1562 ...
 $ Jockey.HitRate5                  : num  0.0625 0.1107 0.0495 0.0829 0.25 ...
 $ EOF                              : int  1 1 1 1 1 1 1 1 1 1 ...
[1] "2022-02-25 20:58:27 --- RxSqlServerData Finish ---"
[1] "2022-02-25 20:58:27 --- subset Start ---"
[1] "--------------------------------------------------------------------------------"
[1] "nrow(data) subset before=37018"
[1] "nrow(data) subset after =37018"
[1] "nrow(data) subset diff =0"
[1] "--------------------------------------------------------------------------------"
[1] "2022-02-25 20:58:27 --- subset Finish---"
[1] "2022-02-25 20:58:27 --- transform Start ---"
[1] "--------------------------------------------------------------------------------"
[1] "nrow(data) transform before=37018"
[1] "nrow(data) transform after=37018"
[1] "nrow(data) transform diff=0"
[1] "--------------------------------------------------------------------------------"
[1] "str(data)="
'data.frame':	37018 obs. of  43 variables:
 $ Race.RaceId                      : Factor w/ 2474 levels "20160618-09-03-05-01",..: 11 12 13 14 15 16 17 18 19 20 ...
 $ Race.IsPredictedRace             : logi  TRUE TRUE TRUE TRUE TRUE TRUE ...
 $ Race.IsAnalyzeNormalPastAndFuture: logi  TRUE TRUE TRUE TRUE TRUE TRUE ...
 $ Race.IsAnalyzeNormalPast         : logi  TRUE TRUE TRUE TRUE TRUE TRUE ...
 $ Race.IsAnalyzeNormalFuture       : logi  FALSE FALSE FALSE FALSE FALSE FALSE ...
 $ Race.IsAnalyzeFullPastAndFuture  : logi  TRUE TRUE TRUE TRUE TRUE TRUE ...
 $ Race.IsAnalyzeFullPast           : logi  TRUE TRUE TRUE TRUE TRUE TRUE ...
 $ Race.IsAnalyzeFullFuture         : logi  FALSE FALSE FALSE FALSE FALSE FALSE ...
 $ Race.JyokenCd                    : Factor w/ 1 level "5": 1 1 1 1 1 1 1 1 1 1 ...
 $ Race.JyoType1Cd                  : Factor w/ 175 levels "1-09-1400-5-2",..: 10 11 12 13 14 15 16 17 18 14 ...
 $ Race.RaceType1Cd                 : Factor w/ 3 levels "1-5-X-1","1-5-X-3",..: 3 1 1 1 1 1 3 3 3 1 ...
 $ RaceHorse.RaceId                 : Factor w/ 2474 levels "20160618-09-03-05-01",..: 11 12 13 14 15 16 17 18 19 20 ...
 $ RaceHorse.KettoNum               : Factor w/ 13947 levels "2014105687","2013105299",..: 11 12 13 14 15 16 17 18 19 20 ...
 $ RaceHorse.IsHit1                 : num  1 0 1 0 0 0 0 0 0 0 ...
 $ RaceHorse.IsHit2                 : num  0 0 0 0 0 0 0 0 0 0 ...
 $ RaceHorse.IsHit3                 : num  0 0 0 0 0 0 0 1 0 0 ...
 $ RaceHorse.IsHit4                 : num  0 0 0 0 0 0 0 0 0 0 ...
 $ RaceHorse.IsHit5                 : num  0 0 0 0 0 0 0 0 0 0 ...
 $ RaceHorse.IsHit6                 : num  0 1 0 1 1 1 1 0 1 1 ...
 $ RaceHorse.IsValidRaceHorse       : logi  TRUE TRUE TRUE TRUE TRUE TRUE ...
 $ RaceHorse.TimeSdv                : num  0.659 -1.641 1.369 -0.185 1.01 ...
 $ RaceHorse.IsHitA                 : num  1 0 1 0 0 0 0 0 0 0 ...
 $ RaceHorse.IsHitB                 : num  1 0 1 0 0 0 0 0 0 0 ...
 $ RaceHorse.IsHitC                 : num  1 0 1 0 0 0 0 1 0 0 ...
 $ Jockey.TimeSdvByRaceAvg          : num  0.59 0.307 -0.364 0.691 0.385 ...
 $ Jockey.TimeSdvByRaceMin          : num  -2.35 -2.96 -2.87 -1.48 -1.66 ...
 $ Jockey.TimeSdvByRaceMax          : num  1.88 2.11 1.79 2.16 1.56 ...
 $ Jockey.TimeSdvAvg                : num  0.412 0.13 -0.279 0.48 0.315 ...
 $ Jockey.TimeSdvMin                : num  -2.346 -2.526 -5.354 -2.524 -0.659 ...
 $ Jockey.TimeSdvMax                : num  2.18 2.59 2.09 2.3 1.39 ...
 $ Jockey.OrderOfFinishSdvAvg       : num  0.632 0.301 -0.308 0.717 0.433 ...
 $ Jockey.RunCount                  : num  224 271 182 193 32 143 267 24 143 45 ...
 $ Jockey.HitCount1                 : num  44 24 11 33 0 4 34 2 6 1 ...
 $ Jockey.HitCount2                 : num  29 26 6 23 2 0 30 4 3 1 ...
 $ Jockey.HitCount3                 : num  28 23 4 28 4 4 33 2 2 1 ...
 $ Jockey.HitCount4                 : num  20 20 7 24 5 8 24 1 10 2 ...
 $ Jockey.HitCount5                 : num  14 30 9 16 8 9 22 3 5 2 ...
 $ Jockey.HitRate1                  : num  0.1964 0.0886 0.0604 0.171 0 ...
 $ Jockey.HitRate2                  : num  0.1295 0.0959 0.033 0.1192 0.0625 ...
 $ Jockey.HitRate3                  : num  0.125 0.0849 0.022 0.1451 0.125 ...
 $ Jockey.HitRate4                  : num  0.0893 0.0738 0.0385 0.1244 0.1562 ...
 $ Jockey.HitRate5                  : num  0.0625 0.1107 0.0495 0.0829 0.25 ...
 $ EOF                              : int  1 1 1 1 1 1 1 1 1 1 ...
NULL
[1] "2022-02-25 20:58:27 --- transform Finish ---"
[1] "2022-02-25 20:58:27 --- na.omit Start ---"
[1] "--------------------------------------------------------------------------------"
[1] "nrow(data) na.omit before=37018"
[1] "nrow(data) na.omit after =36758"
[1] "nrow(data) na.omit diff =260"
[1] "--------------------------------------------------------------------------------"
'data.frame':	36758 obs. of  43 variables:
 $ Race.RaceId                      : Factor w/ 2474 levels "20160618-09-03-05-01",..: 11 12 13 14 15 16 17 18 19 20 ...
 $ Race.IsPredictedRace             : logi  TRUE TRUE TRUE TRUE TRUE TRUE ...
 $ Race.IsAnalyzeNormalPastAndFuture: logi  TRUE TRUE TRUE TRUE TRUE TRUE ...
 $ Race.IsAnalyzeNormalPast         : logi  TRUE TRUE TRUE TRUE TRUE TRUE ...
 $ Race.IsAnalyzeNormalFuture       : logi  FALSE FALSE FALSE FALSE FALSE FALSE ...
 $ Race.IsAnalyzeFullPastAndFuture  : logi  TRUE TRUE TRUE TRUE TRUE TRUE ...
 $ Race.IsAnalyzeFullPast           : logi  TRUE TRUE TRUE TRUE TRUE TRUE ...
 $ Race.IsAnalyzeFullFuture         : logi  FALSE FALSE FALSE FALSE FALSE FALSE ...
 $ Race.JyokenCd                    : Factor w/ 1 level "5": 1 1 1 1 1 1 1 1 1 1 ...
 $ Race.JyoType1Cd                  : Factor w/ 175 levels "1-09-1400-5-2",..: 10 11 12 13 14 15 16 17 18 14 ...
 $ Race.RaceType1Cd                 : Factor w/ 3 levels "1-5-X-1","1-5-X-3",..: 3 1 1 1 1 1 3 3 3 1 ...
 $ RaceHorse.RaceId                 : Factor w/ 2474 levels "20160618-09-03-05-01",..: 11 12 13 14 15 16 17 18 19 20 ...
 $ RaceHorse.KettoNum               : Factor w/ 13947 levels "2014105687","2013105299",..: 11 12 13 14 15 16 17 18 19 20 ...
 $ RaceHorse.IsHit1                 : num  1 0 1 0 0 0 0 0 0 0 ...
 $ RaceHorse.IsHit2                 : num  0 0 0 0 0 0 0 0 0 0 ...
 $ RaceHorse.IsHit3                 : num  0 0 0 0 0 0 0 1 0 0 ...
 $ RaceHorse.IsHit4                 : num  0 0 0 0 0 0 0 0 0 0 ...
 $ RaceHorse.IsHit5                 : num  0 0 0 0 0 0 0 0 0 0 ...
 $ RaceHorse.IsHit6                 : num  0 1 0 1 1 1 1 0 1 1 ...
 $ RaceHorse.IsValidRaceHorse       : logi  TRUE TRUE TRUE TRUE TRUE TRUE ...
 $ RaceHorse.TimeSdv                : num  0.659 -1.641 1.369 -0.185 1.01 ...
 $ RaceHorse.IsHitA                 : num  1 0 1 0 0 0 0 0 0 0 ...
 $ RaceHorse.IsHitB                 : num  1 0 1 0 0 0 0 0 0 0 ...
 $ RaceHorse.IsHitC                 : num  1 0 1 0 0 0 0 1 0 0 ...
 $ Jockey.TimeSdvByRaceAvg          : num  0.59 0.307 -0.364 0.691 0.385 ...
 $ Jockey.TimeSdvByRaceMin          : num  -2.35 -2.96 -2.87 -1.48 -1.66 ...
 $ Jockey.TimeSdvByRaceMax          : num  1.88 2.11 1.79 2.16 1.56 ...
 $ Jockey.TimeSdvAvg                : num  0.412 0.13 -0.279 0.48 0.315 ...
 $ Jockey.TimeSdvMin                : num  -2.346 -2.526 -5.354 -2.524 -0.659 ...
 $ Jockey.TimeSdvMax                : num  2.18 2.59 2.09 2.3 1.39 ...
 $ Jockey.OrderOfFinishSdvAvg       : num  0.632 0.301 -0.308 0.717 0.433 ...
 $ Jockey.RunCount                  : num  224 271 182 193 32 143 267 24 143 45 ...
 $ Jockey.HitCount1                 : num  44 24 11 33 0 4 34 2 6 1 ...
 $ Jockey.HitCount2                 : num  29 26 6 23 2 0 30 4 3 1 ...
 $ Jockey.HitCount3                 : num  28 23 4 28 4 4 33 2 2 1 ...
 $ Jockey.HitCount4                 : num  20 20 7 24 5 8 24 1 10 2 ...
 $ Jockey.HitCount5                 : num  14 30 9 16 8 9 22 3 5 2 ...
 $ Jockey.HitRate1                  : num  0.1964 0.0886 0.0604 0.171 0 ...
 $ Jockey.HitRate2                  : num  0.1295 0.0959 0.033 0.1192 0.0625 ...
 $ Jockey.HitRate3                  : num  0.125 0.0849 0.022 0.1451 0.125 ...
 $ Jockey.HitRate4                  : num  0.0893 0.0738 0.0385 0.1244 0.1562 ...
 $ Jockey.HitRate5                  : num  0.0625 0.1107 0.0495 0.0829 0.25 ...
 $ EOF                              : int  1 1 1 1 1 1 1 1 1 1 ...
 - attr(*, "na.action")= 'omit' Named int  449 460 468 584 629 684 868 1273 1286 1295 ...
  ..- attr(*, "names")= chr  "449" "460" "468" "584" ...
[1] "2022-02-25 20:58:27 --- na.omit Finish ---"
[1] "2022-02-25 20:58:27 --- rxGlm with rxStepControl Start ---"

> print(paste0(Sys.time(), " --- source_logic_glm.R Start ---"))
[1] "2022-02-25 20:58:27 --- source_logic_glm.R Start ---"

> formula <- formula(RaceHorse.IsHitA ~ +1 + Jockey.TimeSdvAvg)

> print(paste0(Sys.time(), " --- source_logic_glm.R Finished ---"))
[1] "2022-02-25 20:58:27 --- source_logic_glm.R Finished ---"
Rows Read: 36758, Total Rows Processed: 36758, Total Chunk Time: 0.001 seconds 

Starting values (iteration 1) time: 0.010 secs.
Rows Read: 36758, Total Rows Processed: 36758, Total Chunk Time: 0.003 seconds 

Iteration 2 time: 0.008 secs.
Rows Read: 36758, Total Rows Processed: 36758, Total Chunk Time: 0.002 seconds 

Iteration 3 time: 0.005 secs.
Rows Read: 36758, Total Rows Processed: 36758, Total Chunk Time: 0.003 seconds 

Iteration 4 time: 0.005 secs.
Rows Read: 36758, Total Rows Processed: 36758, Total Chunk Time: 0.003 seconds 

Iteration 5 time: 0.005 secs.

Elapsed computation time: 0.045 secs.
Rows Read: 36758, Total Rows Processed: 36758, Total Chunk Time: 0.002 seconds 

Starting values (iteration 1) time: 0.008 secs.
Rows Read: 36758, Total Rows Processed: 36758, Total Chunk Time: 0.001 seconds 

Iteration 2 time: 0.006 secs.

Elapsed computation time: 0.021 secs.
Rows Read: 36758, Total Rows Processed: 36758, Total Chunk Time: Less than .001 seconds 

Starting values (iteration 1) time: 0.007 secs.
Rows Read: 36758, Total Rows Processed: 36758, Total Chunk Time: 0.002 seconds 

Iteration 2 time: 0.008 secs.
Rows Read: 36758, Total Rows Processed: 36758, Total Chunk Time: 0.003 seconds 

Iteration 3 time: 0.005 secs.
Rows Read: 36758, Total Rows Processed: 36758, Total Chunk Time: 0.003 seconds 

Iteration 4 time: 0.004 secs.
Rows Read: 36758, Total Rows Processed: 36758, Total Chunk Time: 0.002 seconds 

Iteration 5 time: 0.004 secs.

Elapsed computation time: 0.048 secs.

Elapsed computation time: 0.130 secs.
[1] "--------------------------------------------------------------------------------"
[1] "analyze.results.glm.step="
Logistic Regression Results for: RaceHorse.IsHitA ~ Jockey.TimeSdvAvg
Data: data
Dependent variable(s): RaceHorse.IsHitA
Total independent variables: 2 
Number of valid observations: 36758
Number of missing observations: 0 
 
Coefficients:
                  RaceHorse.IsHitA
(Intercept)                     -3
Jockey.TimeSdvAvg                2
[1] "analyze.results.glm.step.summary"
Call:
rxLogit(formula = formula, data = data, variableSelection = analyze.results.glm.step.varsel)

Logistic Regression Results for: RaceHorse.IsHitA ~ Jockey.TimeSdvAvg
Data: data
Dependent variable(s): RaceHorse.IsHitA
Total independent variables: 2 
Number of valid observations: 36758
Number of missing observations: 0 
-2*LogLikelihood: 17163.21 (Residual deviance on 36756 degrees of freedom)
 
Coefficients:
                  Estimate Std. Error z value Pr(>|z|)    
(Intercept)        -2.9470     0.0263  -111.9  2.2e-16 ***
Jockey.TimeSdvAvg   2.4526     0.0822    29.9  2.2e-16 ***
---
Signif. codes:  0 '***' 0.001 '**' 0.01 '*' 0.05 '.' 0.1 ' ' 1

Condition number of final variance-covariance matrix: 1 
Number of iterations: 5
[1] "--------------------------------------------------------------------------------"
[1] "2022-02-25 20:58:27 --- rxGlm with rxStepControl Finish ---"
[1] "2022-02-25 20:58:27 --- rxStepPlot Start ---"
[1] "pdfFilename=pdf_analyze_glm_Jockey_Type15_rxStepPlot.pdf"
[1] "rxStepPlot="
[1] "2022-02-25 20:58:27 --- rxStepPlot Finish ---"
[1] "2022-02-25 20:58:27 --- save.image Start ---"
[1] "save.image"
[1] "rdataFilename=RData_analyze_glm_Jockey_Type15.RData"
[1] "2022-02-25 20:58:28 --- save.image Finish ---"
[1] "2022-02-25 20:58:28 --- final Start ---"
[1] "--------------------------------------------------------------------------------"
[1] "nrow(data) final=36758"
[1] "--------------------------------------------------------------------------------"
[1] "2022-02-25 20:58:28 --- final Finish ---"
[1] "2022-02-25 20:58:28 --- analyze_glm.R Finished ---"
[1] "2022-02-25 20:58:28 --- log Finish ---"
