[1] "2022-02-21 22:11:52 --- D1115_analyze_glm_Jockey_IsHitA_Type21 Start ---"
[1] "2022-02-21 22:11:52 --- Log Start ---"
[1] "2022-02-21 22:11:52 --- analyze_glm.R Start ---"
[1] "analyzeVersion=D1115"
[1] "analyzeCategory=analyze"
[1] "analyzeType=Jockey"
[1] "analyzeFamily=IsHitA"
[1] "analyzeFunc=glm"
[1] "analyzeTrackTypeCd=2"
[1] "analyzeJyokenCd=1"
[1] "2022-02-21 22:11:52 --- source_function.R Start ---"
[1] "2022-02-21 22:11:52 --- source_function.R Finished ---"

> print(paste0(Sys.time(), " --- source_library.R Start ---"))
[1] "2022-02-21 22:11:52 --- source_library.R Start ---"

> require("RevoScaleR")

> print(paste0(Sys.time(), " --- source_library.R Finished ---"))
[1] "2022-02-21 22:11:57 --- source_library.R Finished ---"
[1] "2022-02-21 22:11:57 --- RxSqlServerData Start ---"
[1] "2022-02-21 22:11:57 --- RxInSqlServer Start ---"
[1] "2022-02-21 22:11:57 --- RxInSqlServer Finish ---"
[1] "2022-02-21 22:11:57 --- rxSetComputeContext Start ---"
[1] "2022-02-21 22:11:57 --- rxSetComputeContext Finish ---"
[1] "2022-02-21 22:11:57 --- RxSqlServerData Start ---"
[1] "sqlQuery=SELECT * FROM ViewAnalyzeD1115analyze01JockeyType21"
[1] "2022-02-21 22:11:57 --- RxSqlServerData Finish ---"
[1] "2022-02-21 22:11:57 --- rxGetVarInfo Start ---"
[1] "2022-02-21 22:11:58 --- rxGetVarInfo Finish---"
[1] "2022-02-21 22:11:59 --- rxImport Start ---"
Rows Read: 4158, Total Rows Processed: 4158, Total Chunk Time: 5.134 seconds 
[1] "2022-02-21 22:12:59 --- rxImport Finish ---"
[1] "object.size(data) auto=913.2 Kb"
[1] "--------------------------------------------------------------------------------"
[1] "nrow(data) RxSqlServerData=4158"
[1] "--------------------------------------------------------------------------------"
[1] "str(data)="
'data.frame':	4158 obs. of  39 variables:
 $ Race.RaceId                      : Factor w/ 300 levels "20160221-05-01-08-11",..: 2 2 2 2 2 2 2 2 2 2 ...
 $ Race.IsPredictedRace             : logi  TRUE TRUE TRUE TRUE TRUE TRUE ...
 $ Race.IsAnalyzeNormalPastAndFuture: logi  TRUE TRUE TRUE TRUE TRUE TRUE ...
 $ Race.IsAnalyzeNormalPast         : logi  TRUE TRUE TRUE TRUE TRUE TRUE ...
 $ Race.IsAnalyzeNormalFuture       : logi  FALSE FALSE FALSE FALSE FALSE FALSE ...
 $ Race.IsAnalyzeFullPastAndFuture  : logi  TRUE TRUE TRUE TRUE TRUE TRUE ...
 $ Race.IsAnalyzeFullPast           : logi  TRUE TRUE TRUE TRUE TRUE TRUE ...
 $ Race.IsAnalyzeFullFuture         : logi  FALSE FALSE FALSE FALSE FALSE FALSE ...
 $ Race.JyokenCd                    : Factor w/ 1 level "1": 1 1 1 1 1 1 1 1 1 1 ...
 $ Race.RaceType1Cd                 : Factor w/ 5 levels "2-1-A","2-1-B",..: 2 2 2 2 2 2 2 2 2 2 ...
 $ RaceHorse.RaceId                 : Factor w/ 300 levels "20160221-05-01-08-11",..: 2 2 2 2 2 2 2 2 2 2 ...
 $ RaceHorse.KettoNum               : Factor w/ 926 levels "2006102967","2008102944",..: 11 2 12 13 14 8 9 15 10 16 ...
 $ RaceHorse.IsHit1                 : int  0 0 0 0 0 0 0 0 1 0 ...
 $ RaceHorse.IsHit2                 : int  0 0 0 0 0 1 0 0 0 0 ...
 $ RaceHorse.IsHit3                 : int  0 0 0 0 0 0 1 0 0 0 ...
 $ RaceHorse.IsHit4                 : int  0 0 0 1 0 0 0 0 0 0 ...
 $ RaceHorse.IsHit5                 : int  1 0 0 0 0 0 0 0 0 0 ...
 $ RaceHorse.IsHit6                 : int  0 1 1 0 1 0 0 1 0 1 ...
 $ RaceHorse.IsValidRaceHorse       : logi  TRUE TRUE TRUE TRUE TRUE TRUE ...
 $ RaceHorse.IsHitA                 : int  0 0 0 0 0 0 0 0 1 0 ...
 $ RaceHorse.IsHitB                 : int  0 0 0 0 0 1 0 0 1 0 ...
 $ RaceHorse.IsHitC                 : int  0 0 0 0 0 1 1 0 1 0 ...
 $ Jockey.KisyuCode                 : Factor w/ 133 levels "01077","00422",..: 11 12 13 14 15 8 16 17 10 7 ...
 $ Jockey.TimeSdvByRaceAvg          : num  0.43754 0.58331 -1.62616 -1.35523 -0.00936 ...
 $ Jockey.TimeSdvByRaceMin          : num  -0.193 0.583 -1.626 -1.594 -0.419 ...
 $ Jockey.TimeSdvByRaceMax          : num  0.923 0.583 -1.626 -1.117 0.483 ...
 $ Jockey.OrderOfFinishSdvAvg       : num  0.602 0.45 -1.377 -1.377 -0.235 ...
 $ Jockey.RunCount                  : int  3 1 1 2 3 1 1 4 1 2 ...
 $ Jockey.HitCount1                 : int  0 0 0 0 0 0 0 0 0 0 ...
 $ Jockey.HitCount2                 : int  1 0 0 0 0 0 0 1 0 0 ...
 $ Jockey.HitCount3                 : int  0 0 0 0 0 0 0 1 0 0 ...
 $ Jockey.HitCount4                 : int  0 0 0 0 0 0 0 0 0 0 ...
 $ Jockey.HitCount5                 : int  1 0 0 0 0 1 0 0 0 0 ...
 $ Jockey.HitRate1                  : num  0 0 0 0 0 0 0 0 0 0 ...
 $ Jockey.HitRate2                  : num  0.333 0 0 0 0 ...
 $ Jockey.HitRate3                  : num  0 0 0 0 0 0 0 0.25 0 0 ...
 $ Jockey.HitRate4                  : num  0 0 0 0 0 0 0 0 0 0 ...
 $ Jockey.HitRate5                  : num  0.333 0 0 0 0 ...
 $ EOF                              : int  1 1 1 1 1 1 1 1 1 1 ...
[1] "2022-02-21 22:12:59 --- RxSqlServerData Finish ---"
[1] "2022-02-21 22:12:59 --- subset Start ---"
[1] "--------------------------------------------------------------------------------"
[1] "nrow(data) subset before=4158"
[1] "nrow(data) subset after =4158"
[1] "nrow(data) subset diff =0"
[1] "--------------------------------------------------------------------------------"
[1] "2022-02-21 22:12:59 --- subset Finish---"
[1] "2022-02-21 22:12:59 --- transform Start ---"
[1] "--------------------------------------------------------------------------------"
[1] "nrow(data) transform before=4158"
[1] "nrow(data) transform after=4158"
[1] "nrow(data) transform diff=0"
[1] "--------------------------------------------------------------------------------"
[1] "str(data)="
'data.frame':	4158 obs. of  39 variables:
 $ Race.RaceId                      : Factor w/ 300 levels "20160221-05-01-08-11",..: 2 2 2 2 2 2 2 2 2 2 ...
 $ Race.IsPredictedRace             : logi  TRUE TRUE TRUE TRUE TRUE TRUE ...
 $ Race.IsAnalyzeNormalPastAndFuture: logi  TRUE TRUE TRUE TRUE TRUE TRUE ...
 $ Race.IsAnalyzeNormalPast         : logi  TRUE TRUE TRUE TRUE TRUE TRUE ...
 $ Race.IsAnalyzeNormalFuture       : logi  FALSE FALSE FALSE FALSE FALSE FALSE ...
 $ Race.IsAnalyzeFullPastAndFuture  : logi  TRUE TRUE TRUE TRUE TRUE TRUE ...
 $ Race.IsAnalyzeFullPast           : logi  TRUE TRUE TRUE TRUE TRUE TRUE ...
 $ Race.IsAnalyzeFullFuture         : logi  FALSE FALSE FALSE FALSE FALSE FALSE ...
 $ Race.JyokenCd                    : Factor w/ 1 level "1": 1 1 1 1 1 1 1 1 1 1 ...
 $ Race.RaceType1Cd                 : Factor w/ 5 levels "2-1-A","2-1-B",..: 2 2 2 2 2 2 2 2 2 2 ...
 $ RaceHorse.RaceId                 : Factor w/ 300 levels "20160221-05-01-08-11",..: 2 2 2 2 2 2 2 2 2 2 ...
 $ RaceHorse.KettoNum               : Factor w/ 926 levels "2006102967","2008102944",..: 11 2 12 13 14 8 9 15 10 16 ...
 $ RaceHorse.IsHit1                 : int  0 0 0 0 0 0 0 0 1 0 ...
 $ RaceHorse.IsHit2                 : int  0 0 0 0 0 1 0 0 0 0 ...
 $ RaceHorse.IsHit3                 : int  0 0 0 0 0 0 1 0 0 0 ...
 $ RaceHorse.IsHit4                 : int  0 0 0 1 0 0 0 0 0 0 ...
 $ RaceHorse.IsHit5                 : int  1 0 0 0 0 0 0 0 0 0 ...
 $ RaceHorse.IsHit6                 : int  0 1 1 0 1 0 0 1 0 1 ...
 $ RaceHorse.IsValidRaceHorse       : logi  TRUE TRUE TRUE TRUE TRUE TRUE ...
 $ RaceHorse.IsHitA                 : int  0 0 0 0 0 0 0 0 1 0 ...
 $ RaceHorse.IsHitB                 : int  0 0 0 0 0 1 0 0 1 0 ...
 $ RaceHorse.IsHitC                 : int  0 0 0 0 0 1 1 0 1 0 ...
 $ Jockey.KisyuCode                 : Factor w/ 133 levels "01077","00422",..: 11 12 13 14 15 8 16 17 10 7 ...
 $ Jockey.TimeSdvByRaceAvg          : num  0.43754 0.58331 -1.62616 -1.35523 -0.00936 ...
 $ Jockey.TimeSdvByRaceMin          : num  -0.193 0.583 -1.626 -1.594 -0.419 ...
 $ Jockey.TimeSdvByRaceMax          : num  0.923 0.583 -1.626 -1.117 0.483 ...
 $ Jockey.OrderOfFinishSdvAvg       : num  0.602 0.45 -1.377 -1.377 -0.235 ...
 $ Jockey.RunCount                  : int  3 1 1 2 3 1 1 4 1 2 ...
 $ Jockey.HitCount1                 : int  0 0 0 0 0 0 0 0 0 0 ...
 $ Jockey.HitCount2                 : int  1 0 0 0 0 0 0 1 0 0 ...
 $ Jockey.HitCount3                 : int  0 0 0 0 0 0 0 1 0 0 ...
 $ Jockey.HitCount4                 : int  0 0 0 0 0 0 0 0 0 0 ...
 $ Jockey.HitCount5                 : int  1 0 0 0 0 1 0 0 0 0 ...
 $ Jockey.HitRate1                  : num  0 0 0 0 0 0 0 0 0 0 ...
 $ Jockey.HitRate2                  : num  0.333 0 0 0 0 ...
 $ Jockey.HitRate3                  : num  0 0 0 0 0 0 0 0.25 0 0 ...
 $ Jockey.HitRate4                  : num  0 0 0 0 0 0 0 0 0 0 ...
 $ Jockey.HitRate5                  : num  0.333 0 0 0 0 ...
 $ EOF                              : int  1 1 1 1 1 1 1 1 1 1 ...
NULL
[1] "2022-02-21 22:13:00 --- transform Finish ---"
[1] "2022-02-21 22:13:00 --- na.omit Start ---"
[1] "--------------------------------------------------------------------------------"
[1] "nrow(data) na.omit before=4158"
[1] "nrow(data) na.omit after =4158"
[1] "nrow(data) na.omit diff =0"
[1] "--------------------------------------------------------------------------------"
'data.frame':	4158 obs. of  39 variables:
 $ Race.RaceId                      : Factor w/ 300 levels "20160221-05-01-08-11",..: 2 2 2 2 2 2 2 2 2 2 ...
 $ Race.IsPredictedRace             : logi  TRUE TRUE TRUE TRUE TRUE TRUE ...
 $ Race.IsAnalyzeNormalPastAndFuture: logi  TRUE TRUE TRUE TRUE TRUE TRUE ...
 $ Race.IsAnalyzeNormalPast         : logi  TRUE TRUE TRUE TRUE TRUE TRUE ...
 $ Race.IsAnalyzeNormalFuture       : logi  FALSE FALSE FALSE FALSE FALSE FALSE ...
 $ Race.IsAnalyzeFullPastAndFuture  : logi  TRUE TRUE TRUE TRUE TRUE TRUE ...
 $ Race.IsAnalyzeFullPast           : logi  TRUE TRUE TRUE TRUE TRUE TRUE ...
 $ Race.IsAnalyzeFullFuture         : logi  FALSE FALSE FALSE FALSE FALSE FALSE ...
 $ Race.JyokenCd                    : Factor w/ 1 level "1": 1 1 1 1 1 1 1 1 1 1 ...
 $ Race.RaceType1Cd                 : Factor w/ 5 levels "2-1-A","2-1-B",..: 2 2 2 2 2 2 2 2 2 2 ...
 $ RaceHorse.RaceId                 : Factor w/ 300 levels "20160221-05-01-08-11",..: 2 2 2 2 2 2 2 2 2 2 ...
 $ RaceHorse.KettoNum               : Factor w/ 926 levels "2006102967","2008102944",..: 11 2 12 13 14 8 9 15 10 16 ...
 $ RaceHorse.IsHit1                 : int  0 0 0 0 0 0 0 0 1 0 ...
 $ RaceHorse.IsHit2                 : int  0 0 0 0 0 1 0 0 0 0 ...
 $ RaceHorse.IsHit3                 : int  0 0 0 0 0 0 1 0 0 0 ...
 $ RaceHorse.IsHit4                 : int  0 0 0 1 0 0 0 0 0 0 ...
 $ RaceHorse.IsHit5                 : int  1 0 0 0 0 0 0 0 0 0 ...
 $ RaceHorse.IsHit6                 : int  0 1 1 0 1 0 0 1 0 1 ...
 $ RaceHorse.IsValidRaceHorse       : logi  TRUE TRUE TRUE TRUE TRUE TRUE ...
 $ RaceHorse.IsHitA                 : int  0 0 0 0 0 0 0 0 1 0 ...
 $ RaceHorse.IsHitB                 : int  0 0 0 0 0 1 0 0 1 0 ...
 $ RaceHorse.IsHitC                 : int  0 0 0 0 0 1 1 0 1 0 ...
 $ Jockey.KisyuCode                 : Factor w/ 133 levels "01077","00422",..: 11 12 13 14 15 8 16 17 10 7 ...
 $ Jockey.TimeSdvByRaceAvg          : num  0.43754 0.58331 -1.62616 -1.35523 -0.00936 ...
 $ Jockey.TimeSdvByRaceMin          : num  -0.193 0.583 -1.626 -1.594 -0.419 ...
 $ Jockey.TimeSdvByRaceMax          : num  0.923 0.583 -1.626 -1.117 0.483 ...
 $ Jockey.OrderOfFinishSdvAvg       : num  0.602 0.45 -1.377 -1.377 -0.235 ...
 $ Jockey.RunCount                  : int  3 1 1 2 3 1 1 4 1 2 ...
 $ Jockey.HitCount1                 : int  0 0 0 0 0 0 0 0 0 0 ...
 $ Jockey.HitCount2                 : int  1 0 0 0 0 0 0 1 0 0 ...
 $ Jockey.HitCount3                 : int  0 0 0 0 0 0 0 1 0 0 ...
 $ Jockey.HitCount4                 : int  0 0 0 0 0 0 0 0 0 0 ...
 $ Jockey.HitCount5                 : int  1 0 0 0 0 1 0 0 0 0 ...
 $ Jockey.HitRate1                  : num  0 0 0 0 0 0 0 0 0 0 ...
 $ Jockey.HitRate2                  : num  0.333 0 0 0 0 ...
 $ Jockey.HitRate3                  : num  0 0 0 0 0 0 0 0.25 0 0 ...
 $ Jockey.HitRate4                  : num  0 0 0 0 0 0 0 0 0 0 ...
 $ Jockey.HitRate5                  : num  0.333 0 0 0 0 ...
 $ EOF                              : int  1 1 1 1 1 1 1 1 1 1 ...
[1] "2022-02-21 22:13:00 --- na.omit Finish ---"
[1] "2022-02-21 22:13:00 --- rxGlm with rxStepControl Start ---"

> print(paste0(Sys.time(), " --- source_logic_glm.R Start ---"))
[1] "2022-02-21 22:13:00 --- source_logic_glm.R Start ---"

> formula <- formula(RaceHorse.IsHitA ~ +1 + Jockey.OrderOfFinishSdvAvg)

> print(paste0(Sys.time(), " --- source_logic_glm.R Finished ---"))
[1] "2022-02-21 22:13:00 --- source_logic_glm.R Finished ---"
Rows Read: 4158, Total Rows Processed: 4158, Total Chunk Time: 0.001 seconds 

Starting values (iteration 1) time: 0.017 secs.
Rows Read: 4158, Total Rows Processed: 4158, Total Chunk Time: 0.001 seconds 

Iteration 2 time: 0.009 secs.
Rows Read: 4158, Total Rows Processed: 4158, Total Chunk Time: 0.002 seconds 

Iteration 3 time: 0.006 secs.
Rows Read: 4158, Total Rows Processed: 4158, Total Chunk Time: 0.001 seconds 

Iteration 4 time: 0.008 secs.
Rows Read: 4158, Total Rows Processed: 4158, Total Chunk Time: Less than .001 seconds 

Iteration 5 time: 0.007 secs.

Elapsed computation time: 0.074 secs.
Rows Read: 4158, Total Rows Processed: 4158, Total Chunk Time: 0.001 seconds 

Starting values (iteration 1) time: 0.007 secs.
Rows Read: 4158, Total Rows Processed: 4158, Total Chunk Time: 0.001 seconds 

Iteration 2 time: 0.008 secs.

Elapsed computation time: 0.032 secs.
Rows Read: 4158, Total Rows Processed: 4158, Total Chunk Time: Less than .001 seconds 

Starting values (iteration 1) time: 0.008 secs.
Rows Read: 4158, Total Rows Processed: 4158, Total Chunk Time: 0.002 seconds 

Iteration 2 time: 0.011 secs.
Rows Read: 4158, Total Rows Processed: 4158, Total Chunk Time: 0.002 seconds 

Iteration 3 time: 0.010 secs.
Rows Read: 4158, Total Rows Processed: 4158, Total Chunk Time: Less than .001 seconds 

Iteration 4 time: 0.006 secs.
Rows Read: 4158, Total Rows Processed: 4158, Total Chunk Time: 0.001 seconds 

Iteration 5 time: 0.008 secs.

Elapsed computation time: 0.084 secs.

Elapsed computation time: 0.219 secs.
[1] "--------------------------------------------------------------------------------"
[1] "analyze.results.glm.step="
Logistic Regression Results for: RaceHorse.IsHitA ~
    Jockey.OrderOfFinishSdvAvg
Data: data
Dependent variable(s): RaceHorse.IsHitA
Total independent variables: 2 
Number of valid observations: 4158
Number of missing observations: 0 
 
Coefficients:
                           RaceHorse.IsHitA
(Intercept)                              -3
Jockey.OrderOfFinishSdvAvg                1
[1] "analyze.results.glm.step.summary"
Call:
rxLogit(formula = formula, data = data, variableSelection = analyze.results.glm.step.varsel)

Logistic Regression Results for: RaceHorse.IsHitA ~
    Jockey.OrderOfFinishSdvAvg
Data: data
Dependent variable(s): RaceHorse.IsHitA
Total independent variables: 2 
Number of valid observations: 4158
Number of missing observations: 0 
-2*LogLikelihood: 2068.675 (Residual deviance on 4156 degrees of freedom)
 
Coefficients:
                           Estimate Std. Error z value Pr(>|z|)    
(Intercept)                 -2.6825     0.0661  -40.55  2.2e-16 ***
Jockey.OrderOfFinishSdvAvg   1.0018     0.1508    6.64  3.1e-11 ***
---
Signif. codes:  0 '***' 0.001 '**' 0.01 '*' 0.05 '.' 0.1 ' ' 1

Condition number of final variance-covariance matrix: 1 
Number of iterations: 5
[1] "--------------------------------------------------------------------------------"
[1] "2022-02-21 22:13:01 --- rxGlm with rxStepControl Finish ---"
[1] "2022-02-21 22:13:01 --- rxStepPlot Start ---"
[1] "pdfFilename=pdf_analyze_glm_Jockey_Type21_rxStepPlot.pdf"
[1] "rxStepPlot="
[1] "2022-02-21 22:13:12 --- rxStepPlot Finish ---"
[1] "2022-02-21 22:13:12 --- save.image Start ---"
[1] "save.image"
[1] "rdataFilename=RData_analyze_glm_Jockey_Type21.RData"
[1] "2022-02-21 22:13:20 --- save.image Finish ---"
[1] "2022-02-21 22:13:20 --- final Start ---"
[1] "--------------------------------------------------------------------------------"
[1] "nrow(data) final=4158"
[1] "--------------------------------------------------------------------------------"
[1] "2022-02-21 22:13:20 --- final Finish ---"
[1] "2022-02-21 22:13:20 --- analyze_glm.R Finished ---"
[1] "2022-02-21 22:13:20 --- log Finish ---"
