[1] "2022-02-21 22:10:06 --- D1115_analyze_glm_Gen02_IsHitA_Type31 Start ---"
[1] "2022-02-21 22:10:06 --- Log Start ---"
[1] "2022-02-21 22:10:06 --- analyze_glm.R Start ---"
[1] "analyzeVersion=D1115"
[1] "analyzeCategory=analyze"
[1] "analyzeType=Gen02"
[1] "analyzeFamily=IsHitA"
[1] "analyzeFunc=glm"
[1] "analyzeTrackTypeCd=3"
[1] "analyzeJyokenCd=1"
[1] "2022-02-21 22:10:06 --- source_function.R Start ---"
[1] "2022-02-21 22:10:06 --- source_function.R Finished ---"

> print(paste0(Sys.time(), " --- source_library.R Start ---"))
[1] "2022-02-21 22:10:06 --- source_library.R Start ---"

> require("RevoScaleR")

> print(paste0(Sys.time(), " --- source_library.R Finished ---"))
[1] "2022-02-21 22:10:12 --- source_library.R Finished ---"
[1] "2022-02-21 22:10:12 --- RxSqlServerData Start ---"
[1] "2022-02-21 22:10:12 --- RxInSqlServer Start ---"
[1] "2022-02-21 22:10:12 --- RxInSqlServer Finish ---"
[1] "2022-02-21 22:10:12 --- rxSetComputeContext Start ---"
[1] "2022-02-21 22:10:12 --- rxSetComputeContext Finish ---"
[1] "2022-02-21 22:10:12 --- RxSqlServerData Start ---"
[1] "sqlQuery=SELECT * FROM ViewAnalyzeD1115analyze01Gen02Type31"
[1] "2022-02-21 22:10:12 --- RxSqlServerData Finish ---"
[1] "2022-02-21 22:10:12 --- rxGetVarInfo Start ---"
[1] "2022-02-21 22:10:12 --- rxGetVarInfo Finish---"
[1] "2022-02-21 22:10:12 --- rxImport Start ---"
Rows Read: 1654, Total Rows Processed: 1654, Total Chunk Time: 13.129 seconds 
[1] "2022-02-21 22:11:23 --- rxImport Finish ---"
[1] "object.size(data) auto=407.4 Kb"
[1] "--------------------------------------------------------------------------------"
[1] "nrow(data) RxSqlServerData=1654"
[1] "--------------------------------------------------------------------------------"
[1] "str(data)="
'data.frame':	1654 obs. of  39 variables:
 $ Race.RaceId                      : Factor w/ 213 levels "20160109-06-01-02-08",..: 1 1 1 2 2 2 2 2 3 3 ...
 $ Race.IsPredictedRace             : logi  TRUE TRUE TRUE TRUE TRUE TRUE ...
 $ Race.IsAnalyzeNormalPastAndFuture: logi  TRUE TRUE TRUE TRUE TRUE TRUE ...
 $ Race.IsAnalyzeNormalPast         : logi  TRUE TRUE TRUE TRUE TRUE TRUE ...
 $ Race.IsAnalyzeNormalFuture       : logi  FALSE FALSE FALSE FALSE FALSE FALSE ...
 $ Race.IsAnalyzeFullPastAndFuture  : logi  TRUE TRUE TRUE TRUE TRUE TRUE ...
 $ Race.IsAnalyzeFullPast           : logi  TRUE TRUE TRUE TRUE TRUE TRUE ...
 $ Race.IsAnalyzeFullFuture         : logi  FALSE FALSE FALSE FALSE FALSE FALSE ...
 $ Race.JyokenCd                    : Factor w/ 1 level "1": 1 1 1 1 1 1 1 1 1 1 ...
 $ Race.RaceType1Cd                 : Factor w/ 5 levels "3-1-E","3-1-X",..: 1 1 1 2 2 2 2 2 2 2 ...
 $ RaceHorse.RaceId                 : Factor w/ 213 levels "20160109-06-01-02-08",..: 1 1 1 2 2 2 2 2 3 3 ...
 $ RaceHorse.KettoNum               : Factor w/ 377 levels "2010104096","2011102192",..: 9 1 7 3 10 11 12 13 14 15 ...
 $ RaceHorse.IsHit1                 : int  0 0 0 0 0 0 0 0 0 0 ...
 $ RaceHorse.IsHit2                 : int  0 0 0 0 0 0 0 0 0 0 ...
 $ RaceHorse.IsHit3                 : int  0 0 0 0 0 0 0 0 0 1 ...
 $ RaceHorse.IsHit4                 : int  0 0 0 0 0 0 0 0 0 0 ...
 $ RaceHorse.IsHit5                 : int  0 0 0 0 0 0 0 0 0 0 ...
 $ RaceHorse.IsHit6                 : int  0 1 1 1 1 1 1 1 1 0 ...
 $ RaceHorse.IsValidRaceHorse       : logi  FALSE TRUE TRUE TRUE TRUE TRUE ...
 $ RaceHorse.IsHitA                 : int  0 0 0 0 0 0 0 0 0 0 ...
 $ RaceHorse.IsHitB                 : int  0 0 0 0 0 0 0 0 0 0 ...
 $ RaceHorse.IsHitC                 : int  0 0 0 0 0 0 0 0 0 1 ...
 $ Gen02.HansyokuNum                : Factor w/ 365 levels "12248921","12256409",..: 9 1 7 3 10 11 12 13 14 15 ...
 $ Gen02.TimeSdvByRaceAvg           : num  0.407 -0.071 -1.773 0.309 -2.323 ...
 $ Gen02.TimeSdvByRaceMin           : num  0.407 -0.071 -1.773 0.309 -2.323 ...
 $ Gen02.TimeSdvByRaceMax           : num  0.407 -0.071 -1.773 0.309 -2.323 ...
 $ Gen02.OrderOfFinishSdvAvg        : num  0.165 -0.376 -1.999 -0.127 -2.045 ...
 $ Gen02.RunCount                   : int  1 1 1 1 1 1 1 1 1 1 ...
 $ Gen02.HitCount1                  : int  0 0 0 0 0 0 0 0 0 0 ...
 $ Gen02.HitCount2                  : int  0 0 0 0 0 0 0 1 0 1 ...
 $ Gen02.HitCount3                  : int  0 0 0 0 0 0 0 0 0 0 ...
 $ Gen02.HitCount4                  : int  0 0 0 0 0 0 0 0 0 0 ...
 $ Gen02.HitCount5                  : int  0 0 0 0 0 0 0 0 0 0 ...
 $ Gen02.HitRate1                   : num  0 0 0 0 0 0 0 0 0 0 ...
 $ Gen02.HitRate2                   : num  0 0 0 0 0 0 0 1 0 1 ...
 $ Gen02.HitRate3                   : num  0 0 0 0 0 0 0 0 0 0 ...
 $ Gen02.HitRate4                   : num  0 0 0 0 0 0 0 0 0 0 ...
 $ Gen02.HitRate5                   : num  0 0 0 0 0 0 0 0 0 0 ...
 $ EOF                              : int  1 1 1 1 1 1 1 1 1 1 ...
[1] "2022-02-21 22:11:24 --- RxSqlServerData Finish ---"
[1] "2022-02-21 22:11:24 --- subset Start ---"
[1] "--------------------------------------------------------------------------------"
[1] "nrow(data) subset before=1654"
[1] "nrow(data) subset after =1654"
[1] "nrow(data) subset diff =0"
[1] "--------------------------------------------------------------------------------"
[1] "2022-02-21 22:11:24 --- subset Finish---"
[1] "2022-02-21 22:11:24 --- transform Start ---"
[1] "--------------------------------------------------------------------------------"
[1] "nrow(data) transform before=1654"
[1] "nrow(data) transform after=1654"
[1] "nrow(data) transform diff=0"
[1] "--------------------------------------------------------------------------------"
[1] "str(data)="
'data.frame':	1654 obs. of  39 variables:
 $ Race.RaceId                      : Factor w/ 213 levels "20160109-06-01-02-08",..: 1 1 1 2 2 2 2 2 3 3 ...
 $ Race.IsPredictedRace             : logi  TRUE TRUE TRUE TRUE TRUE TRUE ...
 $ Race.IsAnalyzeNormalPastAndFuture: logi  TRUE TRUE TRUE TRUE TRUE TRUE ...
 $ Race.IsAnalyzeNormalPast         : logi  TRUE TRUE TRUE TRUE TRUE TRUE ...
 $ Race.IsAnalyzeNormalFuture       : logi  FALSE FALSE FALSE FALSE FALSE FALSE ...
 $ Race.IsAnalyzeFullPastAndFuture  : logi  TRUE TRUE TRUE TRUE TRUE TRUE ...
 $ Race.IsAnalyzeFullPast           : logi  TRUE TRUE TRUE TRUE TRUE TRUE ...
 $ Race.IsAnalyzeFullFuture         : logi  FALSE FALSE FALSE FALSE FALSE FALSE ...
 $ Race.JyokenCd                    : Factor w/ 1 level "1": 1 1 1 1 1 1 1 1 1 1 ...
 $ Race.RaceType1Cd                 : Factor w/ 5 levels "3-1-E","3-1-X",..: 1 1 1 2 2 2 2 2 2 2 ...
 $ RaceHorse.RaceId                 : Factor w/ 213 levels "20160109-06-01-02-08",..: 1 1 1 2 2 2 2 2 3 3 ...
 $ RaceHorse.KettoNum               : Factor w/ 377 levels "2010104096","2011102192",..: 9 1 7 3 10 11 12 13 14 15 ...
 $ RaceHorse.IsHit1                 : int  0 0 0 0 0 0 0 0 0 0 ...
 $ RaceHorse.IsHit2                 : int  0 0 0 0 0 0 0 0 0 0 ...
 $ RaceHorse.IsHit3                 : int  0 0 0 0 0 0 0 0 0 1 ...
 $ RaceHorse.IsHit4                 : int  0 0 0 0 0 0 0 0 0 0 ...
 $ RaceHorse.IsHit5                 : int  0 0 0 0 0 0 0 0 0 0 ...
 $ RaceHorse.IsHit6                 : int  0 1 1 1 1 1 1 1 1 0 ...
 $ RaceHorse.IsValidRaceHorse       : logi  FALSE TRUE TRUE TRUE TRUE TRUE ...
 $ RaceHorse.IsHitA                 : int  0 0 0 0 0 0 0 0 0 0 ...
 $ RaceHorse.IsHitB                 : int  0 0 0 0 0 0 0 0 0 0 ...
 $ RaceHorse.IsHitC                 : int  0 0 0 0 0 0 0 0 0 1 ...
 $ Gen02.HansyokuNum                : Factor w/ 365 levels "12248921","12256409",..: 9 1 7 3 10 11 12 13 14 15 ...
 $ Gen02.TimeSdvByRaceAvg           : num  0.407 -0.071 -1.773 0.309 -2.323 ...
 $ Gen02.TimeSdvByRaceMin           : num  0.407 -0.071 -1.773 0.309 -2.323 ...
 $ Gen02.TimeSdvByRaceMax           : num  0.407 -0.071 -1.773 0.309 -2.323 ...
 $ Gen02.OrderOfFinishSdvAvg        : num  0.165 -0.376 -1.999 -0.127 -2.045 ...
 $ Gen02.RunCount                   : int  1 1 1 1 1 1 1 1 1 1 ...
 $ Gen02.HitCount1                  : int  0 0 0 0 0 0 0 0 0 0 ...
 $ Gen02.HitCount2                  : int  0 0 0 0 0 0 0 1 0 1 ...
 $ Gen02.HitCount3                  : int  0 0 0 0 0 0 0 0 0 0 ...
 $ Gen02.HitCount4                  : int  0 0 0 0 0 0 0 0 0 0 ...
 $ Gen02.HitCount5                  : int  0 0 0 0 0 0 0 0 0 0 ...
 $ Gen02.HitRate1                   : num  0 0 0 0 0 0 0 0 0 0 ...
 $ Gen02.HitRate2                   : num  0 0 0 0 0 0 0 1 0 1 ...
 $ Gen02.HitRate3                   : num  0 0 0 0 0 0 0 0 0 0 ...
 $ Gen02.HitRate4                   : num  0 0 0 0 0 0 0 0 0 0 ...
 $ Gen02.HitRate5                   : num  0 0 0 0 0 0 0 0 0 0 ...
 $ EOF                              : int  1 1 1 1 1 1 1 1 1 1 ...
NULL
[1] "2022-02-21 22:11:24 --- transform Finish ---"
[1] "2022-02-21 22:11:24 --- na.omit Start ---"
[1] "--------------------------------------------------------------------------------"
[1] "nrow(data) na.omit before=1654"
[1] "nrow(data) na.omit after =1654"
[1] "nrow(data) na.omit diff =0"
[1] "--------------------------------------------------------------------------------"
'data.frame':	1654 obs. of  39 variables:
 $ Race.RaceId                      : Factor w/ 213 levels "20160109-06-01-02-08",..: 1 1 1 2 2 2 2 2 3 3 ...
 $ Race.IsPredictedRace             : logi  TRUE TRUE TRUE TRUE TRUE TRUE ...
 $ Race.IsAnalyzeNormalPastAndFuture: logi  TRUE TRUE TRUE TRUE TRUE TRUE ...
 $ Race.IsAnalyzeNormalPast         : logi  TRUE TRUE TRUE TRUE TRUE TRUE ...
 $ Race.IsAnalyzeNormalFuture       : logi  FALSE FALSE FALSE FALSE FALSE FALSE ...
 $ Race.IsAnalyzeFullPastAndFuture  : logi  TRUE TRUE TRUE TRUE TRUE TRUE ...
 $ Race.IsAnalyzeFullPast           : logi  TRUE TRUE TRUE TRUE TRUE TRUE ...
 $ Race.IsAnalyzeFullFuture         : logi  FALSE FALSE FALSE FALSE FALSE FALSE ...
 $ Race.JyokenCd                    : Factor w/ 1 level "1": 1 1 1 1 1 1 1 1 1 1 ...
 $ Race.RaceType1Cd                 : Factor w/ 5 levels "3-1-E","3-1-X",..: 1 1 1 2 2 2 2 2 2 2 ...
 $ RaceHorse.RaceId                 : Factor w/ 213 levels "20160109-06-01-02-08",..: 1 1 1 2 2 2 2 2 3 3 ...
 $ RaceHorse.KettoNum               : Factor w/ 377 levels "2010104096","2011102192",..: 9 1 7 3 10 11 12 13 14 15 ...
 $ RaceHorse.IsHit1                 : int  0 0 0 0 0 0 0 0 0 0 ...
 $ RaceHorse.IsHit2                 : int  0 0 0 0 0 0 0 0 0 0 ...
 $ RaceHorse.IsHit3                 : int  0 0 0 0 0 0 0 0 0 1 ...
 $ RaceHorse.IsHit4                 : int  0 0 0 0 0 0 0 0 0 0 ...
 $ RaceHorse.IsHit5                 : int  0 0 0 0 0 0 0 0 0 0 ...
 $ RaceHorse.IsHit6                 : int  0 1 1 1 1 1 1 1 1 0 ...
 $ RaceHorse.IsValidRaceHorse       : logi  FALSE TRUE TRUE TRUE TRUE TRUE ...
 $ RaceHorse.IsHitA                 : int  0 0 0 0 0 0 0 0 0 0 ...
 $ RaceHorse.IsHitB                 : int  0 0 0 0 0 0 0 0 0 0 ...
 $ RaceHorse.IsHitC                 : int  0 0 0 0 0 0 0 0 0 1 ...
 $ Gen02.HansyokuNum                : Factor w/ 365 levels "12248921","12256409",..: 9 1 7 3 10 11 12 13 14 15 ...
 $ Gen02.TimeSdvByRaceAvg           : num  0.407 -0.071 -1.773 0.309 -2.323 ...
 $ Gen02.TimeSdvByRaceMin           : num  0.407 -0.071 -1.773 0.309 -2.323 ...
 $ Gen02.TimeSdvByRaceMax           : num  0.407 -0.071 -1.773 0.309 -2.323 ...
 $ Gen02.OrderOfFinishSdvAvg        : num  0.165 -0.376 -1.999 -0.127 -2.045 ...
 $ Gen02.RunCount                   : int  1 1 1 1 1 1 1 1 1 1 ...
 $ Gen02.HitCount1                  : int  0 0 0 0 0 0 0 0 0 0 ...
 $ Gen02.HitCount2                  : int  0 0 0 0 0 0 0 1 0 1 ...
 $ Gen02.HitCount3                  : int  0 0 0 0 0 0 0 0 0 0 ...
 $ Gen02.HitCount4                  : int  0 0 0 0 0 0 0 0 0 0 ...
 $ Gen02.HitCount5                  : int  0 0 0 0 0 0 0 0 0 0 ...
 $ Gen02.HitRate1                   : num  0 0 0 0 0 0 0 0 0 0 ...
 $ Gen02.HitRate2                   : num  0 0 0 0 0 0 0 1 0 1 ...
 $ Gen02.HitRate3                   : num  0 0 0 0 0 0 0 0 0 0 ...
 $ Gen02.HitRate4                   : num  0 0 0 0 0 0 0 0 0 0 ...
 $ Gen02.HitRate5                   : num  0 0 0 0 0 0 0 0 0 0 ...
 $ EOF                              : int  1 1 1 1 1 1 1 1 1 1 ...
[1] "2022-02-21 22:11:24 --- na.omit Finish ---"
[1] "2022-02-21 22:11:24 --- rxGlm with rxStepControl Start ---"

> print(paste0(Sys.time(), " --- source_logic_glm.R Start ---"))
[1] "2022-02-21 22:11:24 --- source_logic_glm.R Start ---"

> formula <- formula(RaceHorse.IsHitA ~ +1 + Gen02.OrderOfFinishSdvAvg)

> print(paste0(Sys.time(), " --- source_logic_glm.R Finished ---"))
[1] "2022-02-21 22:11:24 --- source_logic_glm.R Finished ---"
Rows Read: 1654, Total Rows Processed: 1654, Total Chunk Time: 0.001 seconds 

Starting values (iteration 1) time: 0.010 secs.
Rows Read: 1654, Total Rows Processed: 1654, Total Chunk Time: 0.001 seconds 

Iteration 2 time: 0.005 secs.
Rows Read: 1654, Total Rows Processed: 1654, Total Chunk Time: Less than .001 seconds 

Iteration 3 time: 0.006 secs.
Rows Read: 1654, Total Rows Processed: 1654, Total Chunk Time: Less than .001 seconds 

Iteration 4 time: 0.007 secs.
Rows Read: 1654, Total Rows Processed: 1654, Total Chunk Time: Less than .001 seconds 

Iteration 5 time: 0.004 secs.
Rows Read: 1654, Total Rows Processed: 1654, Total Chunk Time: 0.001 seconds 

Iteration 6 time: 0.005 secs.

Elapsed computation time: 0.060 secs.
Rows Read: 1654, Total Rows Processed: 1654, Total Chunk Time: 0.001 seconds 

Starting values (iteration 1) time: 0.008 secs.
Rows Read: 1654, Total Rows Processed: 1654, Total Chunk Time: 0.001 seconds 

Iteration 2 time: 0.005 secs.

Elapsed computation time: 0.024 secs.
Rows Read: 1654, Total Rows Processed: 1654, Total Chunk Time: Less than .001 seconds 

Starting values (iteration 1) time: 0.004 secs.
Rows Read: 1654, Total Rows Processed: 1654, Total Chunk Time: 0.001 seconds 

Iteration 2 time: 0.004 secs.
Rows Read: 1654, Total Rows Processed: 1654, Total Chunk Time: 0.002 seconds 

Iteration 3 time: 0.004 secs.
Rows Read: 1654, Total Rows Processed: 1654, Total Chunk Time: 0.001 seconds 

Iteration 4 time: 0.005 secs.
Rows Read: 1654, Total Rows Processed: 1654, Total Chunk Time: 0.001 seconds 

Iteration 5 time: 0.004 secs.
Rows Read: 1654, Total Rows Processed: 1654, Total Chunk Time: Less than .001 seconds 

Iteration 6 time: 0.011 secs.

Elapsed computation time: 0.081 secs.

Elapsed computation time: 0.186 secs.
[1] "--------------------------------------------------------------------------------"
[1] "analyze.results.glm.step="
Logistic Regression Results for: RaceHorse.IsHitA ~
    Gen02.OrderOfFinishSdvAvg
Data: data
Dependent variable(s): RaceHorse.IsHitA
Total independent variables: 2 
Number of valid observations: 1654
Number of missing observations: 0 
 
Coefficients:
                          RaceHorse.IsHitA
(Intercept)                             -3
Gen02.OrderOfFinishSdvAvg                1
[1] "analyze.results.glm.step.summary"
Call:
rxLogit(formula = formula, data = data, variableSelection = analyze.results.glm.step.varsel)

Logistic Regression Results for: RaceHorse.IsHitA ~
    Gen02.OrderOfFinishSdvAvg
Data: data
Dependent variable(s): RaceHorse.IsHitA
Total independent variables: 2 
Number of valid observations: 1654
Number of missing observations: 0 
-2*LogLikelihood: 941.169 (Residual deviance on 1652 degrees of freedom)
 
Coefficients:
                          Estimate Std. Error z value Pr(>|z|)    
(Intercept)                 -2.736      0.124  -22.06  2.2e-16 ***
Gen02.OrderOfFinishSdvAvg    1.008      0.122    8.23  2.2e-16 ***
---
Signif. codes:  0 '***' 0.001 '**' 0.01 '*' 0.05 '.' 0.1 ' ' 1

Condition number of final variance-covariance matrix: 1 
Number of iterations: 6
[1] "--------------------------------------------------------------------------------"
[1] "2022-02-21 22:11:25 --- rxGlm with rxStepControl Finish ---"
[1] "2022-02-21 22:11:25 --- rxStepPlot Start ---"
[1] "pdfFilename=pdf_analyze_glm_Gen02_Type31_rxStepPlot.pdf"
[1] "rxStepPlot="
[1] "2022-02-21 22:11:25 --- rxStepPlot Finish ---"
[1] "2022-02-21 22:11:25 --- save.image Start ---"
[1] "save.image"
[1] "rdataFilename=RData_analyze_glm_Gen02_Type31.RData"
[1] "2022-02-21 22:11:25 --- save.image Finish ---"
[1] "2022-02-21 22:11:25 --- final Start ---"
[1] "--------------------------------------------------------------------------------"
[1] "nrow(data) final=1654"
[1] "--------------------------------------------------------------------------------"
[1] "2022-02-21 22:11:25 --- final Finish ---"
[1] "2022-02-21 22:11:25 --- analyze_glm.R Finished ---"
[1] "2022-02-21 22:11:25 --- log Finish ---"
