[1] "2022-02-21 22:09:58 --- D1115_analyze_glm_Gen02_IsHitA_Type23 Start ---"
[1] "2022-02-21 22:09:58 --- Log Start ---"
[1] "2022-02-21 22:09:58 --- analyze_glm.R Start ---"
[1] "analyzeVersion=D1115"
[1] "analyzeCategory=analyze"
[1] "analyzeType=Gen02"
[1] "analyzeFamily=IsHitA"
[1] "analyzeFunc=glm"
[1] "analyzeTrackTypeCd=2"
[1] "analyzeJyokenCd=3"
[1] "2022-02-21 22:09:58 --- source_function.R Start ---"
[1] "2022-02-21 22:09:58 --- source_function.R Finished ---"

> print(paste0(Sys.time(), " --- source_library.R Start ---"))
[1] "2022-02-21 22:09:58 --- source_library.R Start ---"

> require("RevoScaleR")

> print(paste0(Sys.time(), " --- source_library.R Finished ---"))
[1] "2022-02-21 22:10:04 --- source_library.R Finished ---"
[1] "2022-02-21 22:10:04 --- RxSqlServerData Start ---"
[1] "2022-02-21 22:10:04 --- RxInSqlServer Start ---"
[1] "2022-02-21 22:10:04 --- RxInSqlServer Finish ---"
[1] "2022-02-21 22:10:04 --- rxSetComputeContext Start ---"
[1] "2022-02-21 22:10:04 --- rxSetComputeContext Finish ---"
[1] "2022-02-21 22:10:04 --- RxSqlServerData Start ---"
[1] "sqlQuery=SELECT * FROM ViewAnalyzeD1115analyze01Gen02Type23"
[1] "2022-02-21 22:10:04 --- RxSqlServerData Finish ---"
[1] "2022-02-21 22:10:04 --- rxGetVarInfo Start ---"
[1] "2022-02-21 22:10:04 --- rxGetVarInfo Finish---"
[1] "2022-02-21 22:10:04 --- rxImport Start ---"
Rows Read: 11764, Total Rows Processed: 11764, Total Chunk Time: 286.532 seconds 
[1] "2022-02-21 22:23:06 --- rxImport Finish ---"
[1] "object.size(data) auto=2.6 Mb"
[1] "--------------------------------------------------------------------------------"
[1] "nrow(data) RxSqlServerData=11764"
[1] "--------------------------------------------------------------------------------"
[1] "str(data)="
'data.frame':	11764 obs. of  39 variables:
 $ Race.RaceId                      : Factor w/ 1011 levels "20160105-06-01-01-09",..: 8 8 1 1 9 9 2 3 3 10 ...
 $ Race.IsPredictedRace             : logi  TRUE TRUE TRUE TRUE TRUE TRUE ...
 $ Race.IsAnalyzeNormalPastAndFuture: logi  TRUE TRUE TRUE TRUE TRUE TRUE ...
 $ Race.IsAnalyzeNormalPast         : logi  TRUE TRUE TRUE TRUE TRUE TRUE ...
 $ Race.IsAnalyzeNormalFuture       : logi  FALSE FALSE FALSE FALSE FALSE FALSE ...
 $ Race.IsAnalyzeFullPastAndFuture  : logi  TRUE TRUE TRUE TRUE TRUE TRUE ...
 $ Race.IsAnalyzeFullPast           : logi  TRUE TRUE TRUE TRUE TRUE TRUE ...
 $ Race.IsAnalyzeFullFuture         : logi  FALSE FALSE FALSE FALSE FALSE FALSE ...
 $ Race.JyokenCd                    : Factor w/ 1 level "3": 1 1 1 1 1 1 1 1 1 1 ...
 $ Race.RaceType1Cd                 : Factor w/ 2 levels "2-3-E","2-3-X": 2 2 1 1 2 2 1 2 2 2 ...
 $ RaceHorse.RaceId                 : Factor w/ 1011 levels "20160105-06-01-01-09",..: 8 8 1 1 9 9 2 3 3 10 ...
 $ RaceHorse.KettoNum               : Factor w/ 2543 levels "2012101337","2011102545",..: 11 12 13 14 15 16 17 18 19 20 ...
 $ RaceHorse.IsHit1                 : int  0 0 0 0 0 0 0 0 0 0 ...
 $ RaceHorse.IsHit2                 : int  0 0 0 0 0 0 0 1 0 0 ...
 $ RaceHorse.IsHit3                 : int  0 0 0 0 0 0 1 0 0 0 ...
 $ RaceHorse.IsHit4                 : int  0 0 0 0 0 0 0 0 0 0 ...
 $ RaceHorse.IsHit5                 : int  0 0 0 0 0 0 0 0 1 0 ...
 $ RaceHorse.IsHit6                 : int  1 1 1 1 1 1 0 0 0 1 ...
 $ RaceHorse.IsValidRaceHorse       : logi  TRUE TRUE TRUE TRUE TRUE TRUE ...
 $ RaceHorse.IsHitA                 : int  0 0 0 0 0 0 0 0 0 0 ...
 $ RaceHorse.IsHitB                 : int  0 0 0 0 0 0 0 1 0 0 ...
 $ RaceHorse.IsHitC                 : int  0 0 0 0 0 0 1 1 0 0 ...
 $ Gen02.HansyokuNum                : Factor w/ 2070 levels "12251693","12252635",..: 11 12 13 14 15 16 17 18 19 20 ...
 $ Gen02.TimeSdvByRaceAvg           : num  0.6653 -0.0811 -1.5755 -1.2802 1.345 ...
 $ Gen02.TimeSdvByRaceMin           : num  0.6653 -0.0811 -1.5755 -1.2802 1.345 ...
 $ Gen02.TimeSdvByRaceMax           : num  0.6653 -0.0811 -1.5755 -1.2802 1.345 ...
 $ Gen02.OrderOfFinishSdvAvg        : num  0.919 0.246 -1.601 -1.373 1.368 ...
 $ Gen02.RunCount                   : int  1 1 1 1 1 1 2 1 1 1 ...
 $ Gen02.HitCount1                  : int  0 0 0 0 0 0 0 0 0 0 ...
 $ Gen02.HitCount2                  : int  0 0 0 0 1 0 0 0 0 0 ...
 $ Gen02.HitCount3                  : int  0 0 0 0 0 0 0 0 0 0 ...
 $ Gen02.HitCount4                  : int  1 0 0 0 0 0 0 0 1 0 ...
 $ Gen02.HitCount5                  : int  0 0 0 0 0 0 0 1 0 0 ...
 $ Gen02.HitRate1                   : num  0 0 0 0 0 0 0 0 0 0 ...
 $ Gen02.HitRate2                   : num  0 0 0 0 1 0 0 0 0 0 ...
 $ Gen02.HitRate3                   : num  0 0 0 0 0 0 0 0 0 0 ...
 $ Gen02.HitRate4                   : num  1 0 0 0 0 0 0 0 1 0 ...
 $ Gen02.HitRate5                   : num  0 0 0 0 0 0 0 1 0 0 ...
 $ EOF                              : int  1 1 1 1 1 1 1 1 1 1 ...
[1] "2022-02-21 22:23:07 --- RxSqlServerData Finish ---"
[1] "2022-02-21 22:23:07 --- subset Start ---"
[1] "--------------------------------------------------------------------------------"
[1] "nrow(data) subset before=11764"
[1] "nrow(data) subset after =11764"
[1] "nrow(data) subset diff =0"
[1] "--------------------------------------------------------------------------------"
[1] "2022-02-21 22:23:07 --- subset Finish---"
[1] "2022-02-21 22:23:07 --- transform Start ---"
[1] "--------------------------------------------------------------------------------"
[1] "nrow(data) transform before=11764"
[1] "nrow(data) transform after=11764"
[1] "nrow(data) transform diff=0"
[1] "--------------------------------------------------------------------------------"
[1] "str(data)="
'data.frame':	11764 obs. of  39 variables:
 $ Race.RaceId                      : Factor w/ 1011 levels "20160105-06-01-01-09",..: 8 8 1 1 9 9 2 3 3 10 ...
 $ Race.IsPredictedRace             : logi  TRUE TRUE TRUE TRUE TRUE TRUE ...
 $ Race.IsAnalyzeNormalPastAndFuture: logi  TRUE TRUE TRUE TRUE TRUE TRUE ...
 $ Race.IsAnalyzeNormalPast         : logi  TRUE TRUE TRUE TRUE TRUE TRUE ...
 $ Race.IsAnalyzeNormalFuture       : logi  FALSE FALSE FALSE FALSE FALSE FALSE ...
 $ Race.IsAnalyzeFullPastAndFuture  : logi  TRUE TRUE TRUE TRUE TRUE TRUE ...
 $ Race.IsAnalyzeFullPast           : logi  TRUE TRUE TRUE TRUE TRUE TRUE ...
 $ Race.IsAnalyzeFullFuture         : logi  FALSE FALSE FALSE FALSE FALSE FALSE ...
 $ Race.JyokenCd                    : Factor w/ 1 level "3": 1 1 1 1 1 1 1 1 1 1 ...
 $ Race.RaceType1Cd                 : Factor w/ 2 levels "2-3-E","2-3-X": 2 2 1 1 2 2 1 2 2 2 ...
 $ RaceHorse.RaceId                 : Factor w/ 1011 levels "20160105-06-01-01-09",..: 8 8 1 1 9 9 2 3 3 10 ...
 $ RaceHorse.KettoNum               : Factor w/ 2543 levels "2012101337","2011102545",..: 11 12 13 14 15 16 17 18 19 20 ...
 $ RaceHorse.IsHit1                 : int  0 0 0 0 0 0 0 0 0 0 ...
 $ RaceHorse.IsHit2                 : int  0 0 0 0 0 0 0 1 0 0 ...
 $ RaceHorse.IsHit3                 : int  0 0 0 0 0 0 1 0 0 0 ...
 $ RaceHorse.IsHit4                 : int  0 0 0 0 0 0 0 0 0 0 ...
 $ RaceHorse.IsHit5                 : int  0 0 0 0 0 0 0 0 1 0 ...
 $ RaceHorse.IsHit6                 : int  1 1 1 1 1 1 0 0 0 1 ...
 $ RaceHorse.IsValidRaceHorse       : logi  TRUE TRUE TRUE TRUE TRUE TRUE ...
 $ RaceHorse.IsHitA                 : int  0 0 0 0 0 0 0 0 0 0 ...
 $ RaceHorse.IsHitB                 : int  0 0 0 0 0 0 0 1 0 0 ...
 $ RaceHorse.IsHitC                 : int  0 0 0 0 0 0 1 1 0 0 ...
 $ Gen02.HansyokuNum                : Factor w/ 2070 levels "12251693","12252635",..: 11 12 13 14 15 16 17 18 19 20 ...
 $ Gen02.TimeSdvByRaceAvg           : num  0.6653 -0.0811 -1.5755 -1.2802 1.345 ...
 $ Gen02.TimeSdvByRaceMin           : num  0.6653 -0.0811 -1.5755 -1.2802 1.345 ...
 $ Gen02.TimeSdvByRaceMax           : num  0.6653 -0.0811 -1.5755 -1.2802 1.345 ...
 $ Gen02.OrderOfFinishSdvAvg        : num  0.919 0.246 -1.601 -1.373 1.368 ...
 $ Gen02.RunCount                   : int  1 1 1 1 1 1 2 1 1 1 ...
 $ Gen02.HitCount1                  : int  0 0 0 0 0 0 0 0 0 0 ...
 $ Gen02.HitCount2                  : int  0 0 0 0 1 0 0 0 0 0 ...
 $ Gen02.HitCount3                  : int  0 0 0 0 0 0 0 0 0 0 ...
 $ Gen02.HitCount4                  : int  1 0 0 0 0 0 0 0 1 0 ...
 $ Gen02.HitCount5                  : int  0 0 0 0 0 0 0 1 0 0 ...
 $ Gen02.HitRate1                   : num  0 0 0 0 0 0 0 0 0 0 ...
 $ Gen02.HitRate2                   : num  0 0 0 0 1 0 0 0 0 0 ...
 $ Gen02.HitRate3                   : num  0 0 0 0 0 0 0 0 0 0 ...
 $ Gen02.HitRate4                   : num  1 0 0 0 0 0 0 0 1 0 ...
 $ Gen02.HitRate5                   : num  0 0 0 0 0 0 0 1 0 0 ...
 $ EOF                              : int  1 1 1 1 1 1 1 1 1 1 ...
NULL
[1] "2022-02-21 22:23:07 --- transform Finish ---"
[1] "2022-02-21 22:23:07 --- na.omit Start ---"
[1] "--------------------------------------------------------------------------------"
[1] "nrow(data) na.omit before=11764"
[1] "nrow(data) na.omit after =11764"
[1] "nrow(data) na.omit diff =0"
[1] "--------------------------------------------------------------------------------"
'data.frame':	11764 obs. of  39 variables:
 $ Race.RaceId                      : Factor w/ 1011 levels "20160105-06-01-01-09",..: 8 8 1 1 9 9 2 3 3 10 ...
 $ Race.IsPredictedRace             : logi  TRUE TRUE TRUE TRUE TRUE TRUE ...
 $ Race.IsAnalyzeNormalPastAndFuture: logi  TRUE TRUE TRUE TRUE TRUE TRUE ...
 $ Race.IsAnalyzeNormalPast         : logi  TRUE TRUE TRUE TRUE TRUE TRUE ...
 $ Race.IsAnalyzeNormalFuture       : logi  FALSE FALSE FALSE FALSE FALSE FALSE ...
 $ Race.IsAnalyzeFullPastAndFuture  : logi  TRUE TRUE TRUE TRUE TRUE TRUE ...
 $ Race.IsAnalyzeFullPast           : logi  TRUE TRUE TRUE TRUE TRUE TRUE ...
 $ Race.IsAnalyzeFullFuture         : logi  FALSE FALSE FALSE FALSE FALSE FALSE ...
 $ Race.JyokenCd                    : Factor w/ 1 level "3": 1 1 1 1 1 1 1 1 1 1 ...
 $ Race.RaceType1Cd                 : Factor w/ 2 levels "2-3-E","2-3-X": 2 2 1 1 2 2 1 2 2 2 ...
 $ RaceHorse.RaceId                 : Factor w/ 1011 levels "20160105-06-01-01-09",..: 8 8 1 1 9 9 2 3 3 10 ...
 $ RaceHorse.KettoNum               : Factor w/ 2543 levels "2012101337","2011102545",..: 11 12 13 14 15 16 17 18 19 20 ...
 $ RaceHorse.IsHit1                 : int  0 0 0 0 0 0 0 0 0 0 ...
 $ RaceHorse.IsHit2                 : int  0 0 0 0 0 0 0 1 0 0 ...
 $ RaceHorse.IsHit3                 : int  0 0 0 0 0 0 1 0 0 0 ...
 $ RaceHorse.IsHit4                 : int  0 0 0 0 0 0 0 0 0 0 ...
 $ RaceHorse.IsHit5                 : int  0 0 0 0 0 0 0 0 1 0 ...
 $ RaceHorse.IsHit6                 : int  1 1 1 1 1 1 0 0 0 1 ...
 $ RaceHorse.IsValidRaceHorse       : logi  TRUE TRUE TRUE TRUE TRUE TRUE ...
 $ RaceHorse.IsHitA                 : int  0 0 0 0 0 0 0 0 0 0 ...
 $ RaceHorse.IsHitB                 : int  0 0 0 0 0 0 0 1 0 0 ...
 $ RaceHorse.IsHitC                 : int  0 0 0 0 0 0 1 1 0 0 ...
 $ Gen02.HansyokuNum                : Factor w/ 2070 levels "12251693","12252635",..: 11 12 13 14 15 16 17 18 19 20 ...
 $ Gen02.TimeSdvByRaceAvg           : num  0.6653 -0.0811 -1.5755 -1.2802 1.345 ...
 $ Gen02.TimeSdvByRaceMin           : num  0.6653 -0.0811 -1.5755 -1.2802 1.345 ...
 $ Gen02.TimeSdvByRaceMax           : num  0.6653 -0.0811 -1.5755 -1.2802 1.345 ...
 $ Gen02.OrderOfFinishSdvAvg        : num  0.919 0.246 -1.601 -1.373 1.368 ...
 $ Gen02.RunCount                   : int  1 1 1 1 1 1 2 1 1 1 ...
 $ Gen02.HitCount1                  : int  0 0 0 0 0 0 0 0 0 0 ...
 $ Gen02.HitCount2                  : int  0 0 0 0 1 0 0 0 0 0 ...
 $ Gen02.HitCount3                  : int  0 0 0 0 0 0 0 0 0 0 ...
 $ Gen02.HitCount4                  : int  1 0 0 0 0 0 0 0 1 0 ...
 $ Gen02.HitCount5                  : int  0 0 0 0 0 0 0 1 0 0 ...
 $ Gen02.HitRate1                   : num  0 0 0 0 0 0 0 0 0 0 ...
 $ Gen02.HitRate2                   : num  0 0 0 0 1 0 0 0 0 0 ...
 $ Gen02.HitRate3                   : num  0 0 0 0 0 0 0 0 0 0 ...
 $ Gen02.HitRate4                   : num  1 0 0 0 0 0 0 0 1 0 ...
 $ Gen02.HitRate5                   : num  0 0 0 0 0 0 0 1 0 0 ...
 $ EOF                              : int  1 1 1 1 1 1 1 1 1 1 ...
[1] "2022-02-21 22:23:07 --- na.omit Finish ---"
[1] "2022-02-21 22:23:07 --- rxGlm with rxStepControl Start ---"

> print(paste0(Sys.time(), " --- source_logic_glm.R Start ---"))
[1] "2022-02-21 22:23:07 --- source_logic_glm.R Start ---"

> formula <- formula(RaceHorse.IsHitA ~ +1 + Gen02.OrderOfFinishSdvAvg)

> print(paste0(Sys.time(), " --- source_logic_glm.R Finished ---"))
[1] "2022-02-21 22:23:07 --- source_logic_glm.R Finished ---"
Rows Read: 11764, Total Rows Processed: 11764, Total Chunk Time: 0.002 seconds 

Starting values (iteration 1) time: 0.009 secs.
Rows Read: 11764, Total Rows Processed: 11764, Total Chunk Time: Less than .001 seconds 

Iteration 2 time: 0.005 secs.
Rows Read: 11764, Total Rows Processed: 11764, Total Chunk Time: 0.002 seconds 

Iteration 3 time: 0.005 secs.
Rows Read: 11764, Total Rows Processed: 11764, Total Chunk Time: 0.001 seconds 

Iteration 4 time: 0.004 secs.
Rows Read: 11764, Total Rows Processed: 11764, Total Chunk Time: Less than .001 seconds 

Iteration 5 time: 0.004 secs.

Elapsed computation time: 0.042 secs.
Rows Read: 11764, Total Rows Processed: 11764, Total Chunk Time: Less than .001 seconds 

Starting values (iteration 1) time: 0.005 secs.
Rows Read: 11764, Total Rows Processed: 11764, Total Chunk Time: Less than .001 seconds 

Iteration 2 time: 0.005 secs.

Elapsed computation time: 0.018 secs.
Rows Read: 11764, Total Rows Processed: 11764, Total Chunk Time: Less than .001 seconds 

Starting values (iteration 1) time: 0.005 secs.
Rows Read: 11764, Total Rows Processed: 11764, Total Chunk Time: Less than .001 seconds 

Iteration 2 time: 0.005 secs.
Rows Read: 11764, Total Rows Processed: 11764, Total Chunk Time: 0.002 seconds 

Iteration 3 time: 0.004 secs.
Rows Read: 11764, Total Rows Processed: 11764, Total Chunk Time: Less than .001 seconds 

Iteration 4 time: 0.003 secs.
Rows Read: 11764, Total Rows Processed: 11764, Total Chunk Time: Less than .001 seconds 

Iteration 5 time: 0.004 secs.

Elapsed computation time: 0.040 secs.

Elapsed computation time: 0.112 secs.
[1] "--------------------------------------------------------------------------------"
[1] "analyze.results.glm.step="
Logistic Regression Results for: RaceHorse.IsHitA ~
    Gen02.OrderOfFinishSdvAvg
Data: data
Dependent variable(s): RaceHorse.IsHitA
Total independent variables: 2 
Number of valid observations: 11764
Number of missing observations: 0 
 
Coefficients:
                          RaceHorse.IsHitA
(Intercept)                           -2.8
Gen02.OrderOfFinishSdvAvg              0.6
[1] "analyze.results.glm.step.summary"
Call:
rxLogit(formula = formula, data = data, variableSelection = analyze.results.glm.step.varsel)

Logistic Regression Results for: RaceHorse.IsHitA ~
    Gen02.OrderOfFinishSdvAvg
Data: data
Dependent variable(s): RaceHorse.IsHitA
Total independent variables: 2 
Number of valid observations: 11764
Number of missing observations: 0 
-2*LogLikelihood: 5464.871 (Residual deviance on 11762 degrees of freedom)
 
Coefficients:
                          Estimate Std. Error z value Pr(>|z|)    
(Intercept)                -2.8221     0.0430   -65.6  2.2e-16 ***
Gen02.OrderOfFinishSdvAvg   0.6313     0.0467    13.5  2.2e-16 ***
---
Signif. codes:  0 '***' 0.001 '**' 0.01 '*' 0.05 '.' 0.1 ' ' 1

Condition number of final variance-covariance matrix: 1 
Number of iterations: 5
[1] "--------------------------------------------------------------------------------"
[1] "2022-02-21 22:23:07 --- rxGlm with rxStepControl Finish ---"
[1] "2022-02-21 22:23:07 --- rxStepPlot Start ---"
[1] "pdfFilename=pdf_analyze_glm_Gen02_Type23_rxStepPlot.pdf"
[1] "rxStepPlot="
[1] "2022-02-21 22:23:07 --- rxStepPlot Finish ---"
[1] "2022-02-21 22:23:07 --- save.image Start ---"
[1] "save.image"
[1] "rdataFilename=RData_analyze_glm_Gen02_Type23.RData"
[1] "2022-02-21 22:23:07 --- save.image Finish ---"
[1] "2022-02-21 22:23:07 --- final Start ---"
[1] "--------------------------------------------------------------------------------"
[1] "nrow(data) final=11764"
[1] "--------------------------------------------------------------------------------"
[1] "2022-02-21 22:23:07 --- final Finish ---"
[1] "2022-02-21 22:23:07 --- analyze_glm.R Finished ---"
[1] "2022-02-21 22:23:07 --- log Finish ---"
