[1] "2022-02-21 22:11:42 --- D1115_analyze_glm_Jockey_IsHitA_Type14 Start ---"
[1] "2022-02-21 22:11:42 --- Log Start ---"
[1] "2022-02-21 22:11:42 --- analyze_glm.R Start ---"
[1] "analyzeVersion=D1115"
[1] "analyzeCategory=analyze"
[1] "analyzeType=Jockey"
[1] "analyzeFamily=IsHitA"
[1] "analyzeFunc=glm"
[1] "analyzeTrackTypeCd=1"
[1] "analyzeJyokenCd=4"
[1] "2022-02-21 22:11:42 --- source_function.R Start ---"
[1] "2022-02-21 22:11:42 --- source_function.R Finished ---"

> print(paste0(Sys.time(), " --- source_library.R Start ---"))
[1] "2022-02-21 22:11:42 --- source_library.R Start ---"

> require("RevoScaleR")

> print(paste0(Sys.time(), " --- source_library.R Finished ---"))
[1] "2022-02-21 22:11:47 --- source_library.R Finished ---"
[1] "2022-02-21 22:11:47 --- RxSqlServerData Start ---"
[1] "2022-02-21 22:11:47 --- RxInSqlServer Start ---"
[1] "2022-02-21 22:11:47 --- RxInSqlServer Finish ---"
[1] "2022-02-21 22:11:47 --- rxSetComputeContext Start ---"
[1] "2022-02-21 22:11:47 --- rxSetComputeContext Finish ---"
[1] "2022-02-21 22:11:47 --- RxSqlServerData Start ---"
[1] "sqlQuery=SELECT * FROM ViewAnalyzeD1115analyze01JockeyType14"
[1] "2022-02-21 22:11:47 --- RxSqlServerData Finish ---"
[1] "2022-02-21 22:11:47 --- rxGetVarInfo Start ---"
[1] "2022-02-21 22:11:48 --- rxGetVarInfo Finish---"
[1] "2022-02-21 22:11:48 --- rxImport Start ---"
Rows Read: 30421, Total Rows Processed: 30421, Total Chunk Time: 391.840 seconds 
[1] "2022-02-21 22:30:25 --- rxImport Finish ---"
[1] "object.size(data) auto=6.4 Mb"
[1] "--------------------------------------------------------------------------------"
[1] "nrow(data) RxSqlServerData=30421"
[1] "--------------------------------------------------------------------------------"
[1] "str(data)="
'data.frame':	30421 obs. of  39 variables:
 $ Race.RaceId                      : Factor w/ 2247 levels "20160131-07-01-06-12",..: 1 1 1 1 1 1 1 1 1 1 ...
 $ Race.IsPredictedRace             : logi  TRUE TRUE TRUE TRUE TRUE TRUE ...
 $ Race.IsAnalyzeNormalPastAndFuture: logi  TRUE TRUE TRUE TRUE TRUE TRUE ...
 $ Race.IsAnalyzeNormalPast         : logi  TRUE TRUE TRUE TRUE TRUE TRUE ...
 $ Race.IsAnalyzeNormalFuture       : logi  FALSE FALSE FALSE FALSE FALSE FALSE ...
 $ Race.IsAnalyzeFullPastAndFuture  : logi  TRUE TRUE TRUE TRUE TRUE TRUE ...
 $ Race.IsAnalyzeFullPast           : logi  TRUE TRUE TRUE TRUE TRUE TRUE ...
 $ Race.IsAnalyzeFullFuture         : logi  FALSE FALSE FALSE FALSE FALSE FALSE ...
 $ Race.JyokenCd                    : Factor w/ 1 level "4": 1 1 1 1 1 1 1 1 1 1 ...
 $ Race.RaceType1Cd                 : Factor w/ 2 levels "1-4-E","1-4-X": 1 1 1 1 1 1 1 1 1 1 ...
 $ RaceHorse.RaceId                 : Factor w/ 2247 levels "20160131-07-01-06-12",..: 1 1 1 1 1 1 1 1 1 1 ...
 $ RaceHorse.KettoNum               : Factor w/ 6914 levels "2010102814","2010103430",..: 1 2 3 4 5 6 7 8 9 10 ...
 $ RaceHorse.IsHit1                 : int  0 0 0 0 0 0 0 0 0 1 ...
 $ RaceHorse.IsHit2                 : int  0 0 0 0 1 0 0 0 0 0 ...
 $ RaceHorse.IsHit3                 : int  0 0 0 0 0 0 0 0 1 0 ...
 $ RaceHorse.IsHit4                 : int  0 0 0 0 0 0 0 0 0 0 ...
 $ RaceHorse.IsHit5                 : int  0 0 1 0 0 0 0 0 0 0 ...
 $ RaceHorse.IsHit6                 : int  1 1 0 1 0 1 1 1 0 0 ...
 $ RaceHorse.IsValidRaceHorse       : logi  TRUE TRUE TRUE TRUE TRUE TRUE ...
 $ RaceHorse.IsHitA                 : int  0 0 0 0 0 0 0 0 0 1 ...
 $ RaceHorse.IsHitB                 : int  0 0 0 0 1 0 0 0 0 1 ...
 $ RaceHorse.IsHitC                 : int  0 0 0 0 1 0 0 0 1 1 ...
 $ Jockey.KisyuCode                 : Factor w/ 211 levels "05336","01128",..: 1 2 3 4 5 6 7 8 9 10 ...
 $ Jockey.TimeSdvByRaceAvg          : num  0.11557 0.00636 -0.14622 -0.20218 0.15311 ...
 $ Jockey.TimeSdvByRaceMin          : num  -1.44 -2.8 -2.51 -2.53 -2.6 ...
 $ Jockey.TimeSdvByRaceMax          : num  1.67 2.45 1.74 2.07 1.69 ...
 $ Jockey.OrderOfFinishSdvAvg       : num  0.1337 -0.0952 -0.31 -0.3275 0.0589 ...
 $ Jockey.RunCount                  : int  30 282 91 39 193 306 91 196 89 178 ...
 $ Jockey.HitCount1                 : int  2 20 4 1 14 23 6 13 4 12 ...
 $ Jockey.HitCount2                 : int  2 15 5 1 16 29 6 12 2 4 ...
 $ Jockey.HitCount3                 : int  2 15 4 0 15 27 4 8 4 13 ...
 $ Jockey.HitCount4                 : int  4 20 7 2 18 22 2 19 1 19 ...
 $ Jockey.HitCount5                 : int  1 18 7 2 12 23 7 19 8 7 ...
 $ Jockey.HitRate1                  : num  0.0667 0.0709 0.044 0.0256 0.0725 ...
 $ Jockey.HitRate2                  : num  0.0667 0.0532 0.0549 0.0256 0.0829 ...
 $ Jockey.HitRate3                  : num  0.0667 0.0532 0.044 0 0.0777 ...
 $ Jockey.HitRate4                  : num  0.1333 0.0709 0.0769 0.0513 0.0933 ...
 $ Jockey.HitRate5                  : num  0.0333 0.0638 0.0769 0.0513 0.0622 ...
 $ EOF                              : int  1 1 1 1 1 1 1 1 1 1 ...
[1] "2022-02-21 22:30:26 --- RxSqlServerData Finish ---"
[1] "2022-02-21 22:30:26 --- subset Start ---"
[1] "--------------------------------------------------------------------------------"
[1] "nrow(data) subset before=30421"
[1] "nrow(data) subset after =30421"
[1] "nrow(data) subset diff =0"
[1] "--------------------------------------------------------------------------------"
[1] "2022-02-21 22:30:26 --- subset Finish---"
[1] "2022-02-21 22:30:26 --- transform Start ---"
[1] "--------------------------------------------------------------------------------"
[1] "nrow(data) transform before=30421"
[1] "nrow(data) transform after=30421"
[1] "nrow(data) transform diff=0"
[1] "--------------------------------------------------------------------------------"
[1] "str(data)="
'data.frame':	30421 obs. of  39 variables:
 $ Race.RaceId                      : Factor w/ 2247 levels "20160131-07-01-06-12",..: 1 1 1 1 1 1 1 1 1 1 ...
 $ Race.IsPredictedRace             : logi  TRUE TRUE TRUE TRUE TRUE TRUE ...
 $ Race.IsAnalyzeNormalPastAndFuture: logi  TRUE TRUE TRUE TRUE TRUE TRUE ...
 $ Race.IsAnalyzeNormalPast         : logi  TRUE TRUE TRUE TRUE TRUE TRUE ...
 $ Race.IsAnalyzeNormalFuture       : logi  FALSE FALSE FALSE FALSE FALSE FALSE ...
 $ Race.IsAnalyzeFullPastAndFuture  : logi  TRUE TRUE TRUE TRUE TRUE TRUE ...
 $ Race.IsAnalyzeFullPast           : logi  TRUE TRUE TRUE TRUE TRUE TRUE ...
 $ Race.IsAnalyzeFullFuture         : logi  FALSE FALSE FALSE FALSE FALSE FALSE ...
 $ Race.JyokenCd                    : Factor w/ 1 level "4": 1 1 1 1 1 1 1 1 1 1 ...
 $ Race.RaceType1Cd                 : Factor w/ 2 levels "1-4-E","1-4-X": 1 1 1 1 1 1 1 1 1 1 ...
 $ RaceHorse.RaceId                 : Factor w/ 2247 levels "20160131-07-01-06-12",..: 1 1 1 1 1 1 1 1 1 1 ...
 $ RaceHorse.KettoNum               : Factor w/ 6914 levels "2010102814","2010103430",..: 1 2 3 4 5 6 7 8 9 10 ...
 $ RaceHorse.IsHit1                 : int  0 0 0 0 0 0 0 0 0 1 ...
 $ RaceHorse.IsHit2                 : int  0 0 0 0 1 0 0 0 0 0 ...
 $ RaceHorse.IsHit3                 : int  0 0 0 0 0 0 0 0 1 0 ...
 $ RaceHorse.IsHit4                 : int  0 0 0 0 0 0 0 0 0 0 ...
 $ RaceHorse.IsHit5                 : int  0 0 1 0 0 0 0 0 0 0 ...
 $ RaceHorse.IsHit6                 : int  1 1 0 1 0 1 1 1 0 0 ...
 $ RaceHorse.IsValidRaceHorse       : logi  TRUE TRUE TRUE TRUE TRUE TRUE ...
 $ RaceHorse.IsHitA                 : int  0 0 0 0 0 0 0 0 0 1 ...
 $ RaceHorse.IsHitB                 : int  0 0 0 0 1 0 0 0 0 1 ...
 $ RaceHorse.IsHitC                 : int  0 0 0 0 1 0 0 0 1 1 ...
 $ Jockey.KisyuCode                 : Factor w/ 211 levels "05336","01128",..: 1 2 3 4 5 6 7 8 9 10 ...
 $ Jockey.TimeSdvByRaceAvg          : num  0.11557 0.00636 -0.14622 -0.20218 0.15311 ...
 $ Jockey.TimeSdvByRaceMin          : num  -1.44 -2.8 -2.51 -2.53 -2.6 ...
 $ Jockey.TimeSdvByRaceMax          : num  1.67 2.45 1.74 2.07 1.69 ...
 $ Jockey.OrderOfFinishSdvAvg       : num  0.1337 -0.0952 -0.31 -0.3275 0.0589 ...
 $ Jockey.RunCount                  : int  30 282 91 39 193 306 91 196 89 178 ...
 $ Jockey.HitCount1                 : int  2 20 4 1 14 23 6 13 4 12 ...
 $ Jockey.HitCount2                 : int  2 15 5 1 16 29 6 12 2 4 ...
 $ Jockey.HitCount3                 : int  2 15 4 0 15 27 4 8 4 13 ...
 $ Jockey.HitCount4                 : int  4 20 7 2 18 22 2 19 1 19 ...
 $ Jockey.HitCount5                 : int  1 18 7 2 12 23 7 19 8 7 ...
 $ Jockey.HitRate1                  : num  0.0667 0.0709 0.044 0.0256 0.0725 ...
 $ Jockey.HitRate2                  : num  0.0667 0.0532 0.0549 0.0256 0.0829 ...
 $ Jockey.HitRate3                  : num  0.0667 0.0532 0.044 0 0.0777 ...
 $ Jockey.HitRate4                  : num  0.1333 0.0709 0.0769 0.0513 0.0933 ...
 $ Jockey.HitRate5                  : num  0.0333 0.0638 0.0769 0.0513 0.0622 ...
 $ EOF                              : int  1 1 1 1 1 1 1 1 1 1 ...
NULL
[1] "2022-02-21 22:30:26 --- transform Finish ---"
[1] "2022-02-21 22:30:26 --- na.omit Start ---"
[1] "--------------------------------------------------------------------------------"
[1] "nrow(data) na.omit before=30421"
[1] "nrow(data) na.omit after =30421"
[1] "nrow(data) na.omit diff =0"
[1] "--------------------------------------------------------------------------------"
'data.frame':	30421 obs. of  39 variables:
 $ Race.RaceId                      : Factor w/ 2247 levels "20160131-07-01-06-12",..: 1 1 1 1 1 1 1 1 1 1 ...
 $ Race.IsPredictedRace             : logi  TRUE TRUE TRUE TRUE TRUE TRUE ...
 $ Race.IsAnalyzeNormalPastAndFuture: logi  TRUE TRUE TRUE TRUE TRUE TRUE ...
 $ Race.IsAnalyzeNormalPast         : logi  TRUE TRUE TRUE TRUE TRUE TRUE ...
 $ Race.IsAnalyzeNormalFuture       : logi  FALSE FALSE FALSE FALSE FALSE FALSE ...
 $ Race.IsAnalyzeFullPastAndFuture  : logi  TRUE TRUE TRUE TRUE TRUE TRUE ...
 $ Race.IsAnalyzeFullPast           : logi  TRUE TRUE TRUE TRUE TRUE TRUE ...
 $ Race.IsAnalyzeFullFuture         : logi  FALSE FALSE FALSE FALSE FALSE FALSE ...
 $ Race.JyokenCd                    : Factor w/ 1 level "4": 1 1 1 1 1 1 1 1 1 1 ...
 $ Race.RaceType1Cd                 : Factor w/ 2 levels "1-4-E","1-4-X": 1 1 1 1 1 1 1 1 1 1 ...
 $ RaceHorse.RaceId                 : Factor w/ 2247 levels "20160131-07-01-06-12",..: 1 1 1 1 1 1 1 1 1 1 ...
 $ RaceHorse.KettoNum               : Factor w/ 6914 levels "2010102814","2010103430",..: 1 2 3 4 5 6 7 8 9 10 ...
 $ RaceHorse.IsHit1                 : int  0 0 0 0 0 0 0 0 0 1 ...
 $ RaceHorse.IsHit2                 : int  0 0 0 0 1 0 0 0 0 0 ...
 $ RaceHorse.IsHit3                 : int  0 0 0 0 0 0 0 0 1 0 ...
 $ RaceHorse.IsHit4                 : int  0 0 0 0 0 0 0 0 0 0 ...
 $ RaceHorse.IsHit5                 : int  0 0 1 0 0 0 0 0 0 0 ...
 $ RaceHorse.IsHit6                 : int  1 1 0 1 0 1 1 1 0 0 ...
 $ RaceHorse.IsValidRaceHorse       : logi  TRUE TRUE TRUE TRUE TRUE TRUE ...
 $ RaceHorse.IsHitA                 : int  0 0 0 0 0 0 0 0 0 1 ...
 $ RaceHorse.IsHitB                 : int  0 0 0 0 1 0 0 0 0 1 ...
 $ RaceHorse.IsHitC                 : int  0 0 0 0 1 0 0 0 1 1 ...
 $ Jockey.KisyuCode                 : Factor w/ 211 levels "05336","01128",..: 1 2 3 4 5 6 7 8 9 10 ...
 $ Jockey.TimeSdvByRaceAvg          : num  0.11557 0.00636 -0.14622 -0.20218 0.15311 ...
 $ Jockey.TimeSdvByRaceMin          : num  -1.44 -2.8 -2.51 -2.53 -2.6 ...
 $ Jockey.TimeSdvByRaceMax          : num  1.67 2.45 1.74 2.07 1.69 ...
 $ Jockey.OrderOfFinishSdvAvg       : num  0.1337 -0.0952 -0.31 -0.3275 0.0589 ...
 $ Jockey.RunCount                  : int  30 282 91 39 193 306 91 196 89 178 ...
 $ Jockey.HitCount1                 : int  2 20 4 1 14 23 6 13 4 12 ...
 $ Jockey.HitCount2                 : int  2 15 5 1 16 29 6 12 2 4 ...
 $ Jockey.HitCount3                 : int  2 15 4 0 15 27 4 8 4 13 ...
 $ Jockey.HitCount4                 : int  4 20 7 2 18 22 2 19 1 19 ...
 $ Jockey.HitCount5                 : int  1 18 7 2 12 23 7 19 8 7 ...
 $ Jockey.HitRate1                  : num  0.0667 0.0709 0.044 0.0256 0.0725 ...
 $ Jockey.HitRate2                  : num  0.0667 0.0532 0.0549 0.0256 0.0829 ...
 $ Jockey.HitRate3                  : num  0.0667 0.0532 0.044 0 0.0777 ...
 $ Jockey.HitRate4                  : num  0.1333 0.0709 0.0769 0.0513 0.0933 ...
 $ Jockey.HitRate5                  : num  0.0333 0.0638 0.0769 0.0513 0.0622 ...
 $ EOF                              : int  1 1 1 1 1 1 1 1 1 1 ...
[1] "2022-02-21 22:30:26 --- na.omit Finish ---"
[1] "2022-02-21 22:30:26 --- rxGlm with rxStepControl Start ---"

> print(paste0(Sys.time(), " --- source_logic_glm.R Start ---"))
[1] "2022-02-21 22:30:26 --- source_logic_glm.R Start ---"

> formula <- formula(RaceHorse.IsHitA ~ +1 + Jockey.OrderOfFinishSdvAvg)

> print(paste0(Sys.time(), " --- source_logic_glm.R Finished ---"))
[1] "2022-02-21 22:30:26 --- source_logic_glm.R Finished ---"
Rows Read: 30421, Total Rows Processed: 30421, Total Chunk Time: Less than .001 seconds 

Starting values (iteration 1) time: 0.011 secs.
Rows Read: 30421, Total Rows Processed: 30421, Total Chunk Time: 0.002 seconds 

Iteration 2 time: 0.007 secs.
Rows Read: 30421, Total Rows Processed: 30421, Total Chunk Time: 0.003 seconds 

Iteration 3 time: 0.005 secs.
Rows Read: 30421, Total Rows Processed: 30421, Total Chunk Time: 0.002 seconds 

Iteration 4 time: 0.005 secs.
Rows Read: 30421, Total Rows Processed: 30421, Total Chunk Time: 0.002 seconds 

Iteration 5 time: 0.005 secs.

Elapsed computation time: 0.055 secs.
Rows Read: 30421, Total Rows Processed: 30421, Total Chunk Time: Less than .001 seconds 

Starting values (iteration 1) time: 0.006 secs.
Rows Read: 30421, Total Rows Processed: 30421, Total Chunk Time: 0.002 seconds 

Iteration 2 time: 0.007 secs.

Elapsed computation time: 0.027 secs.
Rows Read: 30421, Total Rows Processed: 30421, Total Chunk Time: Less than .001 seconds 

Starting values (iteration 1) time: 0.010 secs.
Rows Read: 30421, Total Rows Processed: 30421, Total Chunk Time: 0.002 seconds 

Iteration 2 time: 0.005 secs.
Rows Read: 30421, Total Rows Processed: 30421, Total Chunk Time: 0.002 seconds 

Iteration 3 time: 0.005 secs.
Rows Read: 30421, Total Rows Processed: 30421, Total Chunk Time: 0.002 seconds 

Iteration 4 time: 0.006 secs.
Rows Read: 30421, Total Rows Processed: 30421, Total Chunk Time: 0.003 seconds 

Iteration 5 time: 0.007 secs.

Elapsed computation time: 0.061 secs.

Elapsed computation time: 0.159 secs.
[1] "--------------------------------------------------------------------------------"
[1] "analyze.results.glm.step="
Logistic Regression Results for: RaceHorse.IsHitA ~
    Jockey.OrderOfFinishSdvAvg
Data: data
Dependent variable(s): RaceHorse.IsHitA
Total independent variables: 2 
Number of valid observations: 30421
Number of missing observations: 0 
 
Coefficients:
                           RaceHorse.IsHitA
(Intercept)                              -3
Jockey.OrderOfFinishSdvAvg                2
[1] "analyze.results.glm.step.summary"
Call:
rxLogit(formula = formula, data = data, variableSelection = analyze.results.glm.step.varsel)

Logistic Regression Results for: RaceHorse.IsHitA ~
    Jockey.OrderOfFinishSdvAvg
Data: data
Dependent variable(s): RaceHorse.IsHitA
Total independent variables: 2 
Number of valid observations: 30421
Number of missing observations: 0 
-2*LogLikelihood: 15255.308 (Residual deviance on 30419 degrees of freedom)
 
Coefficients:
                           Estimate Std. Error z value Pr(>|z|)    
(Intercept)                 -2.7002     0.0251  -107.6  2.2e-16 ***
Jockey.OrderOfFinishSdvAvg   1.8384     0.0676    27.2  2.2e-16 ***
---
Signif. codes:  0 '***' 0.001 '**' 0.01 '*' 0.05 '.' 0.1 ' ' 1

Condition number of final variance-covariance matrix: 1 
Number of iterations: 5
[1] "--------------------------------------------------------------------------------"
[1] "2022-02-21 22:30:26 --- rxGlm with rxStepControl Finish ---"
[1] "2022-02-21 22:30:26 --- rxStepPlot Start ---"
[1] "pdfFilename=pdf_analyze_glm_Jockey_Type14_rxStepPlot.pdf"
[1] "rxStepPlot="
[1] "2022-02-21 22:30:26 --- rxStepPlot Finish ---"
[1] "2022-02-21 22:30:26 --- save.image Start ---"
[1] "save.image"
[1] "rdataFilename=RData_analyze_glm_Jockey_Type14.RData"
[1] "2022-02-21 22:30:27 --- save.image Finish ---"
[1] "2022-02-21 22:30:27 --- final Start ---"
[1] "--------------------------------------------------------------------------------"
[1] "nrow(data) final=30421"
[1] "--------------------------------------------------------------------------------"
[1] "2022-02-21 22:30:27 --- final Finish ---"
[1] "2022-02-21 22:30:27 --- analyze_glm.R Finished ---"
[1] "2022-02-21 22:30:27 --- log Finish ---"
