[1] "2022-02-26 17:57:36 --- D1115_analyze_glm_Jockey_IsHitA_Type14 Start ---"
[1] "2022-02-26 17:57:36 --- Log Start ---"
[1] "2022-02-26 17:57:36 --- analyze_glm.R Start ---"
[1] "analyzeVersion=D1115"
[1] "analyzeCategory=analyze"
[1] "analyzeType=Jockey"
[1] "analyzeFamily=IsHitA"
[1] "analyzeFunc=glm"
[1] "analyzeTrackTypeCd=1"
[1] "analyzeJyokenCd=4"
[1] "2022-02-26 17:57:36 --- source_function.R Start ---"
[1] "2022-02-26 17:57:36 --- source_function.R Finished ---"

> print(paste0(Sys.time(), " --- source_library.R Start ---"))
[1] "2022-02-26 17:57:37 --- source_library.R Start ---"

> require("RevoScaleR")

> print(paste0(Sys.time(), " --- source_library.R Finished ---"))
[1] "2022-02-26 17:57:42 --- source_library.R Finished ---"
[1] "2022-02-26 17:57:42 --- RxSqlServerData Start ---"
[1] "2022-02-26 17:57:42 --- RxInSqlServer Start ---"
[1] "2022-02-26 17:57:42 --- RxInSqlServer Finish ---"
[1] "2022-02-26 17:57:42 --- rxSetComputeContext Start ---"
[1] "2022-02-26 17:57:42 --- rxSetComputeContext Finish ---"
[1] "2022-02-26 17:57:43 --- RxSqlServerData Start ---"
[1] "sqlQuery=SELECT * FROM ViewAnalyzeD1115analyze01JockeyType14"
[1] "2022-02-26 17:57:44 --- RxSqlServerData Finish ---"
[1] "2022-02-26 17:57:44 --- rxGetVarInfo Start ---"
[1] "2022-02-26 17:57:47 --- rxGetVarInfo Finish---"
[1] "2022-02-26 17:57:48 --- rxImport Start ---"
Rows Read: 30224, Total Rows Processed: 30224, Total Chunk Time: 81.520 seconds 
[1] "2022-02-26 18:01:13 --- rxImport Finish ---"
[1] "object.size(data) auto=9.2 Mb"
[1] "--------------------------------------------------------------------------------"
[1] "nrow(data) RxSqlServerData=30224"
[1] "--------------------------------------------------------------------------------"
[1] "str(data)="
'data.frame':	30224 obs. of  43 variables:
 $ Race.RaceId                      : Factor w/ 2247 levels "20170121-06-01-06-09",..: 2 2 2 2 2 2 2 2 2 2 ...
 $ Race.IsAnalyzeNormalPastAndFuture: logi  TRUE TRUE TRUE TRUE TRUE TRUE ...
 $ Race.IsAnalyzeNormalPast         : logi  TRUE TRUE TRUE TRUE TRUE TRUE ...
 $ Race.IsAnalyzeNormalFuture       : logi  FALSE FALSE FALSE FALSE FALSE FALSE ...
 $ Race.IsAnalyzeFullPastAndFuture  : logi  TRUE TRUE TRUE TRUE TRUE TRUE ...
 $ Race.IsAnalyzeFullPast           : logi  TRUE TRUE TRUE TRUE TRUE TRUE ...
 $ Race.IsAnalyzeFullFuture         : logi  FALSE FALSE FALSE FALSE FALSE FALSE ...
 $ Race.JyokenCd                    : Factor w/ 1 level "4": 1 1 1 1 1 1 1 1 1 1 ...
 $ Race.JyoType1Cd                  : Factor w/ 177 levels "1-06-1800-4-1",..: 2 2 2 2 2 2 2 2 2 2 ...
 $ Race.RaceType1Cd                 : Factor w/ 6 levels "1-4-E-2","1-4-E-1",..: 2 2 2 2 2 2 2 2 2 2 ...
 $ RaceHorse.RaceId                 : Factor w/ 2247 levels "20170121-06-01-06-09",..: 2 2 2 2 2 2 2 2 2 2 ...
 $ RaceHorse.KettoNum               : Factor w/ 6886 levels "2014100159","2014100222",..: 11 12 13 14 15 16 17 18 19 20 ...
 $ RaceHorse.IsHit1                 : num  0 0 0 0 0 0 0 0 0 0 ...
 $ RaceHorse.IsHit2                 : num  0 0 0 0 0 1 0 0 0 0 ...
 $ RaceHorse.IsHit3                 : num  0 0 1 0 0 0 0 0 0 0 ...
 $ RaceHorse.IsHit4                 : num  0 0 0 1 0 0 0 0 0 0 ...
 $ RaceHorse.IsHit5                 : num  0 0 0 0 0 0 0 0 0 1 ...
 $ RaceHorse.IsHit6                 : num  1 1 0 0 1 0 1 1 1 0 ...
 $ RaceHorse.IsValidRaceHorse       : logi  TRUE TRUE TRUE TRUE TRUE TRUE ...
 $ RaceHorse.TimeSdvByRace          : num  0.1353 0.4511 0.7668 0.6089 -0.0226 ...
 $ RaceHorse.TimeSdv                : num  -0.853 -0.677 -0.501 -0.589 -0.941 ...
 $ RaceHorse.IsHitA                 : num  0 0 0 0 0 0 0 0 0 0 ...
 $ RaceHorse.IsHitB                 : num  0 0 0 0 0 1 0 0 0 0 ...
 $ RaceHorse.IsHitC                 : num  0 0 1 0 0 1 0 0 0 0 ...
 $ Jockey.TimeSdvByRaceAvg          : num  -0.187 -0.0129 0.4703 0.3095 -0.1446 ...
 $ Jockey.TimeSdvByRaceMin          : num  -2.94 -2.71 -1.93 -2.41 -1.27 ...
 $ Jockey.TimeSdvByRaceMax          : num  1.71 1.78 1.91 2.05 1.16 ...
 $ Jockey.TimeSdvAvg                : num  -0.4034 0.053 0.3268 0.0744 0.123 ...
 $ Jockey.TimeSdvMin                : num  -2.26 -1.73 -2.48 -2.84 -1.38 ...
 $ Jockey.TimeSdvMax                : num  1.2 2.01 2.27 1.83 2.71 ...
 $ Jockey.OrderOfFinishSdvAvg       : num  -0.1775 0.0433 0.5204 0.4069 -0.3486 ...
 $ Jockey.RunCount                  : num  46 61 63 58 40 73 63 119 69 81 ...
 $ Jockey.HitCount1                 : num  1 7 8 9 1 10 7 11 0 6 ...
 $ Jockey.HitCount2                 : num  3 5 4 5 1 9 5 6 3 2 ...
 $ Jockey.HitCount3                 : num  7 3 5 6 1 8 4 10 5 4 ...
 $ Jockey.HitCount4                 : num  1 3 10 3 2 10 10 6 2 11 ...
 $ Jockey.HitCount5                 : num  1 5 7 8 3 2 4 6 2 9 ...
 $ Jockey.HitRate1                  : num  0.0217 0.1148 0.127 0.1552 0.025 ...
 $ Jockey.HitRate2                  : num  0.0652 0.082 0.0635 0.0862 0.025 ...
 $ Jockey.HitRate3                  : num  0.1522 0.0492 0.0794 0.1034 0.025 ...
 $ Jockey.HitRate4                  : num  0.0217 0.0492 0.1587 0.0517 0.05 ...
 $ Jockey.HitRate5                  : num  0.0217 0.082 0.1111 0.1379 0.075 ...
 $ EOF                              : int  1 1 1 1 1 1 1 1 1 1 ...
[1] "2022-02-26 18:01:16 --- RxSqlServerData Finish ---"
[1] "2022-02-26 18:01:16 --- subset Start ---"
[1] "--------------------------------------------------------------------------------"
[1] "nrow(data) subset before=30224"
[1] "nrow(data) subset after =30224"
[1] "nrow(data) subset diff =0"
[1] "--------------------------------------------------------------------------------"
[1] "2022-02-26 18:01:17 --- subset Finish---"
[1] "2022-02-26 18:01:17 --- transform Start ---"
[1] "--------------------------------------------------------------------------------"
[1] "nrow(data) transform before=30224"
[1] "nrow(data) transform after=30224"
[1] "nrow(data) transform diff=0"
[1] "--------------------------------------------------------------------------------"
[1] "str(data)="
'data.frame':	30224 obs. of  43 variables:
 $ Race.RaceId                      : Factor w/ 2247 levels "20170121-06-01-06-09",..: 2 2 2 2 2 2 2 2 2 2 ...
 $ Race.IsAnalyzeNormalPastAndFuture: logi  TRUE TRUE TRUE TRUE TRUE TRUE ...
 $ Race.IsAnalyzeNormalPast         : logi  TRUE TRUE TRUE TRUE TRUE TRUE ...
 $ Race.IsAnalyzeNormalFuture       : logi  FALSE FALSE FALSE FALSE FALSE FALSE ...
 $ Race.IsAnalyzeFullPastAndFuture  : logi  TRUE TRUE TRUE TRUE TRUE TRUE ...
 $ Race.IsAnalyzeFullPast           : logi  TRUE TRUE TRUE TRUE TRUE TRUE ...
 $ Race.IsAnalyzeFullFuture         : logi  FALSE FALSE FALSE FALSE FALSE FALSE ...
 $ Race.JyokenCd                    : Factor w/ 1 level "4": 1 1 1 1 1 1 1 1 1 1 ...
 $ Race.JyoType1Cd                  : Factor w/ 177 levels "1-06-1800-4-1",..: 2 2 2 2 2 2 2 2 2 2 ...
 $ Race.RaceType1Cd                 : Factor w/ 6 levels "1-4-E-2","1-4-E-1",..: 2 2 2 2 2 2 2 2 2 2 ...
 $ RaceHorse.RaceId                 : Factor w/ 2247 levels "20170121-06-01-06-09",..: 2 2 2 2 2 2 2 2 2 2 ...
 $ RaceHorse.KettoNum               : Factor w/ 6886 levels "2014100159","2014100222",..: 11 12 13 14 15 16 17 18 19 20 ...
 $ RaceHorse.IsHit1                 : num  0 0 0 0 0 0 0 0 0 0 ...
 $ RaceHorse.IsHit2                 : num  0 0 0 0 0 1 0 0 0 0 ...
 $ RaceHorse.IsHit3                 : num  0 0 1 0 0 0 0 0 0 0 ...
 $ RaceHorse.IsHit4                 : num  0 0 0 1 0 0 0 0 0 0 ...
 $ RaceHorse.IsHit5                 : num  0 0 0 0 0 0 0 0 0 1 ...
 $ RaceHorse.IsHit6                 : num  1 1 0 0 1 0 1 1 1 0 ...
 $ RaceHorse.IsValidRaceHorse       : logi  TRUE TRUE TRUE TRUE TRUE TRUE ...
 $ RaceHorse.TimeSdvByRace          : num  0.1353 0.4511 0.7668 0.6089 -0.0226 ...
 $ RaceHorse.TimeSdv                : num  -0.853 -0.677 -0.501 -0.589 -0.941 ...
 $ RaceHorse.IsHitA                 : num  0 0 0 0 0 0 0 0 0 0 ...
 $ RaceHorse.IsHitB                 : num  0 0 0 0 0 1 0 0 0 0 ...
 $ RaceHorse.IsHitC                 : num  0 0 1 0 0 1 0 0 0 0 ...
 $ Jockey.TimeSdvByRaceAvg          : num  -0.187 -0.0129 0.4703 0.3095 -0.1446 ...
 $ Jockey.TimeSdvByRaceMin          : num  -2.94 -2.71 -1.93 -2.41 -1.27 ...
 $ Jockey.TimeSdvByRaceMax          : num  1.71 1.78 1.91 2.05 1.16 ...
 $ Jockey.TimeSdvAvg                : num  -0.4034 0.053 0.3268 0.0744 0.123 ...
 $ Jockey.TimeSdvMin                : num  -2.26 -1.73 -2.48 -2.84 -1.38 ...
 $ Jockey.TimeSdvMax                : num  1.2 2.01 2.27 1.83 2.71 ...
 $ Jockey.OrderOfFinishSdvAvg       : num  -0.1775 0.0433 0.5204 0.4069 -0.3486 ...
 $ Jockey.RunCount                  : num  46 61 63 58 40 73 63 119 69 81 ...
 $ Jockey.HitCount1                 : num  1 7 8 9 1 10 7 11 0 6 ...
 $ Jockey.HitCount2                 : num  3 5 4 5 1 9 5 6 3 2 ...
 $ Jockey.HitCount3                 : num  7 3 5 6 1 8 4 10 5 4 ...
 $ Jockey.HitCount4                 : num  1 3 10 3 2 10 10 6 2 11 ...
 $ Jockey.HitCount5                 : num  1 5 7 8 3 2 4 6 2 9 ...
 $ Jockey.HitRate1                  : num  0.0217 0.1148 0.127 0.1552 0.025 ...
 $ Jockey.HitRate2                  : num  0.0652 0.082 0.0635 0.0862 0.025 ...
 $ Jockey.HitRate3                  : num  0.1522 0.0492 0.0794 0.1034 0.025 ...
 $ Jockey.HitRate4                  : num  0.0217 0.0492 0.1587 0.0517 0.05 ...
 $ Jockey.HitRate5                  : num  0.0217 0.082 0.1111 0.1379 0.075 ...
 $ EOF                              : int  1 1 1 1 1 1 1 1 1 1 ...
NULL
[1] "2022-02-26 18:01:21 --- transform Finish ---"
[1] "2022-02-26 18:01:21 --- na.omit Start ---"
[1] "--------------------------------------------------------------------------------"
[1] "nrow(data) na.omit before=30224"
[1] "nrow(data) na.omit after =30062"
[1] "nrow(data) na.omit diff =162"
[1] "--------------------------------------------------------------------------------"
'data.frame':	30062 obs. of  43 variables:
 $ Race.RaceId                      : Factor w/ 2247 levels "20170121-06-01-06-09",..: 2 2 2 2 2 2 2 2 2 2 ...
 $ Race.IsAnalyzeNormalPastAndFuture: logi  TRUE TRUE TRUE TRUE TRUE TRUE ...
 $ Race.IsAnalyzeNormalPast         : logi  TRUE TRUE TRUE TRUE TRUE TRUE ...
 $ Race.IsAnalyzeNormalFuture       : logi  FALSE FALSE FALSE FALSE FALSE FALSE ...
 $ Race.IsAnalyzeFullPastAndFuture  : logi  TRUE TRUE TRUE TRUE TRUE TRUE ...
 $ Race.IsAnalyzeFullPast           : logi  TRUE TRUE TRUE TRUE TRUE TRUE ...
 $ Race.IsAnalyzeFullFuture         : logi  FALSE FALSE FALSE FALSE FALSE FALSE ...
 $ Race.JyokenCd                    : Factor w/ 1 level "4": 1 1 1 1 1 1 1 1 1 1 ...
 $ Race.JyoType1Cd                  : Factor w/ 177 levels "1-06-1800-4-1",..: 2 2 2 2 2 2 2 2 2 2 ...
 $ Race.RaceType1Cd                 : Factor w/ 6 levels "1-4-E-2","1-4-E-1",..: 2 2 2 2 2 2 2 2 2 2 ...
 $ RaceHorse.RaceId                 : Factor w/ 2247 levels "20170121-06-01-06-09",..: 2 2 2 2 2 2 2 2 2 2 ...
 $ RaceHorse.KettoNum               : Factor w/ 6886 levels "2014100159","2014100222",..: 11 12 13 14 15 16 17 18 19 20 ...
 $ RaceHorse.IsHit1                 : num  0 0 0 0 0 0 0 0 0 0 ...
 $ RaceHorse.IsHit2                 : num  0 0 0 0 0 1 0 0 0 0 ...
 $ RaceHorse.IsHit3                 : num  0 0 1 0 0 0 0 0 0 0 ...
 $ RaceHorse.IsHit4                 : num  0 0 0 1 0 0 0 0 0 0 ...
 $ RaceHorse.IsHit5                 : num  0 0 0 0 0 0 0 0 0 1 ...
 $ RaceHorse.IsHit6                 : num  1 1 0 0 1 0 1 1 1 0 ...
 $ RaceHorse.IsValidRaceHorse       : logi  TRUE TRUE TRUE TRUE TRUE TRUE ...
 $ RaceHorse.TimeSdvByRace          : num  0.1353 0.4511 0.7668 0.6089 -0.0226 ...
 $ RaceHorse.TimeSdv                : num  -0.853 -0.677 -0.501 -0.589 -0.941 ...
 $ RaceHorse.IsHitA                 : num  0 0 0 0 0 0 0 0 0 0 ...
 $ RaceHorse.IsHitB                 : num  0 0 0 0 0 1 0 0 0 0 ...
 $ RaceHorse.IsHitC                 : num  0 0 1 0 0 1 0 0 0 0 ...
 $ Jockey.TimeSdvByRaceAvg          : num  -0.187 -0.0129 0.4703 0.3095 -0.1446 ...
 $ Jockey.TimeSdvByRaceMin          : num  -2.94 -2.71 -1.93 -2.41 -1.27 ...
 $ Jockey.TimeSdvByRaceMax          : num  1.71 1.78 1.91 2.05 1.16 ...
 $ Jockey.TimeSdvAvg                : num  -0.4034 0.053 0.3268 0.0744 0.123 ...
 $ Jockey.TimeSdvMin                : num  -2.26 -1.73 -2.48 -2.84 -1.38 ...
 $ Jockey.TimeSdvMax                : num  1.2 2.01 2.27 1.83 2.71 ...
 $ Jockey.OrderOfFinishSdvAvg       : num  -0.1775 0.0433 0.5204 0.4069 -0.3486 ...
 $ Jockey.RunCount                  : num  46 61 63 58 40 73 63 119 69 81 ...
 $ Jockey.HitCount1                 : num  1 7 8 9 1 10 7 11 0 6 ...
 $ Jockey.HitCount2                 : num  3 5 4 5 1 9 5 6 3 2 ...
 $ Jockey.HitCount3                 : num  7 3 5 6 1 8 4 10 5 4 ...
 $ Jockey.HitCount4                 : num  1 3 10 3 2 10 10 6 2 11 ...
 $ Jockey.HitCount5                 : num  1 5 7 8 3 2 4 6 2 9 ...
 $ Jockey.HitRate1                  : num  0.0217 0.1148 0.127 0.1552 0.025 ...
 $ Jockey.HitRate2                  : num  0.0652 0.082 0.0635 0.0862 0.025 ...
 $ Jockey.HitRate3                  : num  0.1522 0.0492 0.0794 0.1034 0.025 ...
 $ Jockey.HitRate4                  : num  0.0217 0.0492 0.1587 0.0517 0.05 ...
 $ Jockey.HitRate5                  : num  0.0217 0.082 0.1111 0.1379 0.075 ...
 $ EOF                              : int  1 1 1 1 1 1 1 1 1 1 ...
 - attr(*, "na.action")= 'omit' Named int  250 805 831 875 998 1325 1441 1653 2127 2327 ...
  ..- attr(*, "names")= chr  "250" "805" "831" "875" ...
[1] "2022-02-26 18:01:26 --- na.omit Finish ---"
[1] "2022-02-26 18:01:26 --- rxGlm with rxStepControl Start ---"

> print(paste0(Sys.time(), " --- source_logic_glm.R Start ---"))
[1] "2022-02-26 18:01:26 --- source_logic_glm.R Start ---"

> formula <- formula(RaceHorse.IsHitA ~ +1 + Jockey.TimeSdvByRaceAvg)

> print(paste0(Sys.time(), " --- source_logic_glm.R Finished ---"))
[1] "2022-02-26 18:01:26 --- source_logic_glm.R Finished ---"
Rows Read: 30062, Total Rows Processed: 30062, Total Chunk Time: 0.001 seconds 

Starting values (iteration 1) time: 0.011 secs.
Rows Read: 30062, Total Rows Processed: 30062, Total Chunk Time: 0.003 seconds 

Iteration 2 time: 0.190 secs.
Rows Read: 30062, Total Rows Processed: 30062, Total Chunk Time: 0.003 seconds 

Iteration 3 time: 0.006 secs.
Rows Read: 30062, Total Rows Processed: 30062, Total Chunk Time: 0.003 seconds 

Iteration 4 time: 0.007 secs.
Rows Read: 30062, Total Rows Processed: 30062, Total Chunk Time: 0.003 seconds 

Iteration 5 time: 0.006 secs.

Elapsed computation time: 0.356 secs.
Rows Read: 30062, Total Rows Processed: 30062, Total Chunk Time: 0.001 seconds 

Starting values (iteration 1) time: 0.009 secs.
Rows Read: 30062, Total Rows Processed: 30062, Total Chunk Time: 0.002 seconds 

Iteration 2 time: 0.008 secs.

Elapsed computation time: 0.037 secs.
Rows Read: 30062, Total Rows Processed: 30062, Total Chunk Time: 0.002 seconds 

Starting values (iteration 1) time: 0.009 secs.
Rows Read: 30062, Total Rows Processed: 30062, Total Chunk Time: 0.003 seconds 

Iteration 2 time: 0.010 secs.
Rows Read: 30062, Total Rows Processed: 30062, Total Chunk Time: 0.003 seconds 

Iteration 3 time: 0.006 secs.
Rows Read: 30062, Total Rows Processed: 30062, Total Chunk Time: 0.003 seconds 

Iteration 4 time: 0.006 secs.
Rows Read: 30062, Total Rows Processed: 30062, Total Chunk Time: 0.003 seconds 

Iteration 5 time: 0.007 secs.

Elapsed computation time: 0.072 secs.

Elapsed computation time: 0.488 secs.
[1] "--------------------------------------------------------------------------------"
[1] "analyze.results.glm.step="
Logistic Regression Results for: RaceHorse.IsHitA ~
    Jockey.TimeSdvByRaceAvg
Data: data
Dependent variable(s): RaceHorse.IsHitA
Total independent variables: 2 
Number of valid observations: 30062
Number of missing observations: 0 
 
Coefficients:
                        RaceHorse.IsHitA
(Intercept)                           -3
Jockey.TimeSdvByRaceAvg                2
[1] "analyze.results.glm.step.summary"
Call:
rxLogit(formula = formula, data = data, variableSelection = analyze.results.glm.step.varsel)

Logistic Regression Results for: RaceHorse.IsHitA ~
    Jockey.TimeSdvByRaceAvg
Data: data
Dependent variable(s): RaceHorse.IsHitA
Total independent variables: 2 
Number of valid observations: 30062
Number of missing observations: 0 
-2*LogLikelihood: 15320.121 (Residual deviance on 30060 degrees of freedom)
 
Coefficients:
                        Estimate Std. Error z value Pr(>|z|)    
(Intercept)              -2.6997     0.0255  -106.0  2.2e-16 ***
Jockey.TimeSdvByRaceAvg   1.7155     0.0730    23.5  2.2e-16 ***
---
Signif. codes:  0 '***' 0.001 '**' 0.01 '*' 0.05 '.' 0.1 ' ' 1

Condition number of final variance-covariance matrix: 1 
Number of iterations: 5
[1] "--------------------------------------------------------------------------------"
[1] "2022-02-26 18:01:27 --- rxGlm with rxStepControl Finish ---"
[1] "2022-02-26 18:01:27 --- rxStepPlot Start ---"
[1] "pdfFilename=pdf_analyze_glm_Jockey_Type14_rxStepPlot.pdf"
[1] "rxStepPlot="
[1] "2022-02-26 18:01:27 --- rxStepPlot Finish ---"
[1] "2022-02-26 18:01:27 --- save.image Start ---"
[1] "save.image"
[1] "rdataFilename=RData_analyze_glm_Jockey_Type14.RData"
[1] "2022-02-26 18:01:27 --- save.image Finish ---"
[1] "2022-02-26 18:01:27 --- final Start ---"
[1] "--------------------------------------------------------------------------------"
[1] "nrow(data) final=30062"
[1] "--------------------------------------------------------------------------------"
[1] "2022-02-26 18:01:27 --- final Finish ---"
[1] "2022-02-26 18:01:27 --- analyze_glm.R Finished ---"
[1] "2022-02-26 18:01:27 --- log Finish ---"
