[1] "2022-02-21 22:10:06 --- D1115_analyze_glm_Gen02_IsHitA_Type26 Start ---"
[1] "2022-02-21 22:10:06 --- Log Start ---"
[1] "2022-02-21 22:10:06 --- analyze_glm.R Start ---"
[1] "analyzeVersion=D1115"
[1] "analyzeCategory=analyze"
[1] "analyzeType=Gen02"
[1] "analyzeFamily=IsHitA"
[1] "analyzeFunc=glm"
[1] "analyzeTrackTypeCd=2"
[1] "analyzeJyokenCd=6"
[1] "2022-02-21 22:10:06 --- source_function.R Start ---"
[1] "2022-02-21 22:10:06 --- source_function.R Finished ---"

> print(paste0(Sys.time(), " --- source_library.R Start ---"))
[1] "2022-02-21 22:10:06 --- source_library.R Start ---"

> require("RevoScaleR")

> print(paste0(Sys.time(), " --- source_library.R Finished ---"))
[1] "2022-02-21 22:10:12 --- source_library.R Finished ---"
[1] "2022-02-21 22:10:12 --- RxSqlServerData Start ---"
[1] "2022-02-21 22:10:12 --- RxInSqlServer Start ---"
[1] "2022-02-21 22:10:12 --- RxInSqlServer Finish ---"
[1] "2022-02-21 22:10:12 --- rxSetComputeContext Start ---"
[1] "2022-02-21 22:10:12 --- rxSetComputeContext Finish ---"
[1] "2022-02-21 22:10:12 --- RxSqlServerData Start ---"
[1] "sqlQuery=SELECT * FROM ViewAnalyzeD1115analyze01Gen02Type26"
[1] "2022-02-21 22:10:12 --- RxSqlServerData Finish ---"
[1] "2022-02-21 22:10:12 --- rxGetVarInfo Start ---"
[1] "2022-02-21 22:10:12 --- rxGetVarInfo Finish---"
[1] "2022-02-21 22:10:12 --- rxImport Start ---"
Rows Read: 2810, Total Rows Processed: 2810, Total Chunk Time: 65.648 seconds 
[1] "2022-02-21 22:12:59 --- rxImport Finish ---"
[1] "object.size(data) auto=955.3 Kb"
[1] "--------------------------------------------------------------------------------"
[1] "nrow(data) RxSqlServerData=2810"
[1] "--------------------------------------------------------------------------------"
[1] "str(data)="
'data.frame':	2810 obs. of  39 variables:
 $ Race.RaceId                      : Factor w/ 467 levels "20160109-06-01-02-03",..: 3 3 3 3 3 3 3 4 4 4 ...
 $ Race.IsPredictedRace             : logi  TRUE TRUE TRUE TRUE TRUE TRUE ...
 $ Race.IsAnalyzeNormalPastAndFuture: logi  TRUE TRUE TRUE TRUE TRUE TRUE ...
 $ Race.IsAnalyzeNormalPast         : logi  TRUE TRUE TRUE TRUE TRUE TRUE ...
 $ Race.IsAnalyzeNormalFuture       : logi  FALSE FALSE FALSE FALSE FALSE FALSE ...
 $ Race.IsAnalyzeFullPastAndFuture  : logi  TRUE TRUE TRUE TRUE TRUE TRUE ...
 $ Race.IsAnalyzeFullPast           : logi  TRUE TRUE TRUE TRUE TRUE TRUE ...
 $ Race.IsAnalyzeFullFuture         : logi  FALSE FALSE FALSE FALSE FALSE FALSE ...
 $ Race.JyokenCd                    : Factor w/ 1 level "6": 1 1 1 1 1 1 1 1 1 1 ...
 $ Race.RaceType1Cd                 : Factor w/ 1 level "2-6-X": 1 1 1 1 1 1 1 1 1 1 ...
 $ RaceHorse.RaceId                 : Factor w/ 467 levels "20160109-06-01-02-03",..: 3 3 3 3 3 3 3 4 4 4 ...
 $ RaceHorse.KettoNum               : Factor w/ 2803 levels "2013100539","2013102894",..: 11 12 13 14 15 16 17 18 19 20 ...
 $ RaceHorse.IsHit1                 : int  0 0 0 0 1 0 0 0 0 0 ...
 $ RaceHorse.IsHit2                 : int  0 0 0 0 0 0 0 0 0 0 ...
 $ RaceHorse.IsHit3                 : int  0 0 0 0 0 0 0 0 0 0 ...
 $ RaceHorse.IsHit4                 : int  0 0 0 0 0 0 0 0 0 0 ...
 $ RaceHorse.IsHit5                 : int  0 0 1 0 0 0 0 0 0 0 ...
 $ RaceHorse.IsHit6                 : int  0 1 0 1 0 1 1 1 1 1 ...
 $ RaceHorse.IsValidRaceHorse       : logi  FALSE TRUE TRUE TRUE TRUE TRUE ...
 $ RaceHorse.IsHitA                 : int  0 0 0 0 1 0 0 0 0 0 ...
 $ RaceHorse.IsHitB                 : int  0 0 0 0 1 0 0 0 0 0 ...
 $ RaceHorse.IsHitC                 : int  0 0 0 0 1 0 0 0 0 0 ...
 $ Gen02.HansyokuNum                : Factor w/ 2031 levels "12250750","12251327",..: 11 12 13 14 15 16 17 18 19 20 ...
 $ Gen02.TimeSdvByRaceAvg           : num  -0.619 1.019 0.576 0.517 -1.282 ...
 $ Gen02.TimeSdvByRaceMin           : num  -0.619 1.019 0.576 -0.196 -1.282 ...
 $ Gen02.TimeSdvByRaceMax           : num  -0.619 1.019 0.576 1.23 -1.282 ...
 $ Gen02.OrderOfFinishSdvAvg        : num  -0.746 1.322 0.403 0.747 -1.435 ...
 $ Gen02.RunCount                   : int  1 1 1 2 1 1 1 1 1 2 ...
 $ Gen02.HitCount1                  : int  0 0 0 1 0 0 0 0 0 1 ...
 $ Gen02.HitCount2                  : int  0 1 0 0 0 0 0 0 0 0 ...
 $ Gen02.HitCount3                  : int  0 0 0 0 0 0 1 0 0 0 ...
 $ Gen02.HitCount4                  : int  0 0 0 0 0 0 0 0 0 0 ...
 $ Gen02.HitCount5                  : int  0 0 0 0 0 0 0 0 0 0 ...
 $ Gen02.HitRate1                   : num  0 0 0 0.5 0 0 0 0 0 0.5 ...
 $ Gen02.HitRate2                   : num  0 1 0 0 0 0 0 0 0 0 ...
 $ Gen02.HitRate3                   : num  0 0 0 0 0 0 1 0 0 0 ...
 $ Gen02.HitRate4                   : num  0 0 0 0 0 0 0 0 0 0 ...
 $ Gen02.HitRate5                   : num  0 0 0 0 0 0 0 0 0 0 ...
 $ EOF                              : int  1 1 1 1 1 1 1 1 1 1 ...
[1] "2022-02-21 22:12:59 --- RxSqlServerData Finish ---"
[1] "2022-02-21 22:12:59 --- subset Start ---"
[1] "--------------------------------------------------------------------------------"
[1] "nrow(data) subset before=2810"
[1] "nrow(data) subset after =2810"
[1] "nrow(data) subset diff =0"
[1] "--------------------------------------------------------------------------------"
[1] "2022-02-21 22:12:59 --- subset Finish---"
[1] "2022-02-21 22:12:59 --- transform Start ---"
[1] "--------------------------------------------------------------------------------"
[1] "nrow(data) transform before=2810"
[1] "nrow(data) transform after=2810"
[1] "nrow(data) transform diff=0"
[1] "--------------------------------------------------------------------------------"
[1] "str(data)="
'data.frame':	2810 obs. of  39 variables:
 $ Race.RaceId                      : Factor w/ 467 levels "20160109-06-01-02-03",..: 3 3 3 3 3 3 3 4 4 4 ...
 $ Race.IsPredictedRace             : logi  TRUE TRUE TRUE TRUE TRUE TRUE ...
 $ Race.IsAnalyzeNormalPastAndFuture: logi  TRUE TRUE TRUE TRUE TRUE TRUE ...
 $ Race.IsAnalyzeNormalPast         : logi  TRUE TRUE TRUE TRUE TRUE TRUE ...
 $ Race.IsAnalyzeNormalFuture       : logi  FALSE FALSE FALSE FALSE FALSE FALSE ...
 $ Race.IsAnalyzeFullPastAndFuture  : logi  TRUE TRUE TRUE TRUE TRUE TRUE ...
 $ Race.IsAnalyzeFullPast           : logi  TRUE TRUE TRUE TRUE TRUE TRUE ...
 $ Race.IsAnalyzeFullFuture         : logi  FALSE FALSE FALSE FALSE FALSE FALSE ...
 $ Race.JyokenCd                    : Factor w/ 1 level "6": 1 1 1 1 1 1 1 1 1 1 ...
 $ Race.RaceType1Cd                 : Factor w/ 1 level "2-6-X": 1 1 1 1 1 1 1 1 1 1 ...
 $ RaceHorse.RaceId                 : Factor w/ 467 levels "20160109-06-01-02-03",..: 3 3 3 3 3 3 3 4 4 4 ...
 $ RaceHorse.KettoNum               : Factor w/ 2803 levels "2013100539","2013102894",..: 11 12 13 14 15 16 17 18 19 20 ...
 $ RaceHorse.IsHit1                 : int  0 0 0 0 1 0 0 0 0 0 ...
 $ RaceHorse.IsHit2                 : int  0 0 0 0 0 0 0 0 0 0 ...
 $ RaceHorse.IsHit3                 : int  0 0 0 0 0 0 0 0 0 0 ...
 $ RaceHorse.IsHit4                 : int  0 0 0 0 0 0 0 0 0 0 ...
 $ RaceHorse.IsHit5                 : int  0 0 1 0 0 0 0 0 0 0 ...
 $ RaceHorse.IsHit6                 : int  0 1 0 1 0 1 1 1 1 1 ...
 $ RaceHorse.IsValidRaceHorse       : logi  FALSE TRUE TRUE TRUE TRUE TRUE ...
 $ RaceHorse.IsHitA                 : int  0 0 0 0 1 0 0 0 0 0 ...
 $ RaceHorse.IsHitB                 : int  0 0 0 0 1 0 0 0 0 0 ...
 $ RaceHorse.IsHitC                 : int  0 0 0 0 1 0 0 0 0 0 ...
 $ Gen02.HansyokuNum                : Factor w/ 2031 levels "12250750","12251327",..: 11 12 13 14 15 16 17 18 19 20 ...
 $ Gen02.TimeSdvByRaceAvg           : num  -0.619 1.019 0.576 0.517 -1.282 ...
 $ Gen02.TimeSdvByRaceMin           : num  -0.619 1.019 0.576 -0.196 -1.282 ...
 $ Gen02.TimeSdvByRaceMax           : num  -0.619 1.019 0.576 1.23 -1.282 ...
 $ Gen02.OrderOfFinishSdvAvg        : num  -0.746 1.322 0.403 0.747 -1.435 ...
 $ Gen02.RunCount                   : int  1 1 1 2 1 1 1 1 1 2 ...
 $ Gen02.HitCount1                  : int  0 0 0 1 0 0 0 0 0 1 ...
 $ Gen02.HitCount2                  : int  0 1 0 0 0 0 0 0 0 0 ...
 $ Gen02.HitCount3                  : int  0 0 0 0 0 0 1 0 0 0 ...
 $ Gen02.HitCount4                  : int  0 0 0 0 0 0 0 0 0 0 ...
 $ Gen02.HitCount5                  : int  0 0 0 0 0 0 0 0 0 0 ...
 $ Gen02.HitRate1                   : num  0 0 0 0.5 0 0 0 0 0 0.5 ...
 $ Gen02.HitRate2                   : num  0 1 0 0 0 0 0 0 0 0 ...
 $ Gen02.HitRate3                   : num  0 0 0 0 0 0 1 0 0 0 ...
 $ Gen02.HitRate4                   : num  0 0 0 0 0 0 0 0 0 0 ...
 $ Gen02.HitRate5                   : num  0 0 0 0 0 0 0 0 0 0 ...
 $ EOF                              : int  1 1 1 1 1 1 1 1 1 1 ...
NULL
[1] "2022-02-21 22:13:00 --- transform Finish ---"
[1] "2022-02-21 22:13:00 --- na.omit Start ---"
[1] "--------------------------------------------------------------------------------"
[1] "nrow(data) na.omit before=2810"
[1] "nrow(data) na.omit after =2810"
[1] "nrow(data) na.omit diff =0"
[1] "--------------------------------------------------------------------------------"
'data.frame':	2810 obs. of  39 variables:
 $ Race.RaceId                      : Factor w/ 467 levels "20160109-06-01-02-03",..: 3 3 3 3 3 3 3 4 4 4 ...
 $ Race.IsPredictedRace             : logi  TRUE TRUE TRUE TRUE TRUE TRUE ...
 $ Race.IsAnalyzeNormalPastAndFuture: logi  TRUE TRUE TRUE TRUE TRUE TRUE ...
 $ Race.IsAnalyzeNormalPast         : logi  TRUE TRUE TRUE TRUE TRUE TRUE ...
 $ Race.IsAnalyzeNormalFuture       : logi  FALSE FALSE FALSE FALSE FALSE FALSE ...
 $ Race.IsAnalyzeFullPastAndFuture  : logi  TRUE TRUE TRUE TRUE TRUE TRUE ...
 $ Race.IsAnalyzeFullPast           : logi  TRUE TRUE TRUE TRUE TRUE TRUE ...
 $ Race.IsAnalyzeFullFuture         : logi  FALSE FALSE FALSE FALSE FALSE FALSE ...
 $ Race.JyokenCd                    : Factor w/ 1 level "6": 1 1 1 1 1 1 1 1 1 1 ...
 $ Race.RaceType1Cd                 : Factor w/ 1 level "2-6-X": 1 1 1 1 1 1 1 1 1 1 ...
 $ RaceHorse.RaceId                 : Factor w/ 467 levels "20160109-06-01-02-03",..: 3 3 3 3 3 3 3 4 4 4 ...
 $ RaceHorse.KettoNum               : Factor w/ 2803 levels "2013100539","2013102894",..: 11 12 13 14 15 16 17 18 19 20 ...
 $ RaceHorse.IsHit1                 : int  0 0 0 0 1 0 0 0 0 0 ...
 $ RaceHorse.IsHit2                 : int  0 0 0 0 0 0 0 0 0 0 ...
 $ RaceHorse.IsHit3                 : int  0 0 0 0 0 0 0 0 0 0 ...
 $ RaceHorse.IsHit4                 : int  0 0 0 0 0 0 0 0 0 0 ...
 $ RaceHorse.IsHit5                 : int  0 0 1 0 0 0 0 0 0 0 ...
 $ RaceHorse.IsHit6                 : int  0 1 0 1 0 1 1 1 1 1 ...
 $ RaceHorse.IsValidRaceHorse       : logi  FALSE TRUE TRUE TRUE TRUE TRUE ...
 $ RaceHorse.IsHitA                 : int  0 0 0 0 1 0 0 0 0 0 ...
 $ RaceHorse.IsHitB                 : int  0 0 0 0 1 0 0 0 0 0 ...
 $ RaceHorse.IsHitC                 : int  0 0 0 0 1 0 0 0 0 0 ...
 $ Gen02.HansyokuNum                : Factor w/ 2031 levels "12250750","12251327",..: 11 12 13 14 15 16 17 18 19 20 ...
 $ Gen02.TimeSdvByRaceAvg           : num  -0.619 1.019 0.576 0.517 -1.282 ...
 $ Gen02.TimeSdvByRaceMin           : num  -0.619 1.019 0.576 -0.196 -1.282 ...
 $ Gen02.TimeSdvByRaceMax           : num  -0.619 1.019 0.576 1.23 -1.282 ...
 $ Gen02.OrderOfFinishSdvAvg        : num  -0.746 1.322 0.403 0.747 -1.435 ...
 $ Gen02.RunCount                   : int  1 1 1 2 1 1 1 1 1 2 ...
 $ Gen02.HitCount1                  : int  0 0 0 1 0 0 0 0 0 1 ...
 $ Gen02.HitCount2                  : int  0 1 0 0 0 0 0 0 0 0 ...
 $ Gen02.HitCount3                  : int  0 0 0 0 0 0 1 0 0 0 ...
 $ Gen02.HitCount4                  : int  0 0 0 0 0 0 0 0 0 0 ...
 $ Gen02.HitCount5                  : int  0 0 0 0 0 0 0 0 0 0 ...
 $ Gen02.HitRate1                   : num  0 0 0 0.5 0 0 0 0 0 0.5 ...
 $ Gen02.HitRate2                   : num  0 1 0 0 0 0 0 0 0 0 ...
 $ Gen02.HitRate3                   : num  0 0 0 0 0 0 1 0 0 0 ...
 $ Gen02.HitRate4                   : num  0 0 0 0 0 0 0 0 0 0 ...
 $ Gen02.HitRate5                   : num  0 0 0 0 0 0 0 0 0 0 ...
 $ EOF                              : int  1 1 1 1 1 1 1 1 1 1 ...
[1] "2022-02-21 22:13:00 --- na.omit Finish ---"
[1] "2022-02-21 22:13:00 --- rxGlm with rxStepControl Start ---"

> print(paste0(Sys.time(), " --- source_logic_glm.R Start ---"))
[1] "2022-02-21 22:13:00 --- source_logic_glm.R Start ---"

> formula <- formula(RaceHorse.IsHitA ~ +1 + Gen02.OrderOfFinishSdvAvg)

> print(paste0(Sys.time(), " --- source_logic_glm.R Finished ---"))
[1] "2022-02-21 22:13:00 --- source_logic_glm.R Finished ---"
Rows Read: 2810, Total Rows Processed: 2810, Total Chunk Time: 0.001 seconds 

Starting values (iteration 1) time: 0.024 secs.
Rows Read: 2810, Total Rows Processed: 2810, Total Chunk Time: 0.001 seconds 

Iteration 2 time: 0.007 secs.
Rows Read: 2810, Total Rows Processed: 2810, Total Chunk Time: 0.001 seconds 

Iteration 3 time: 0.008 secs.
Rows Read: 2810, Total Rows Processed: 2810, Total Chunk Time: 0.001 seconds 

Iteration 4 time: 0.009 secs.

Elapsed computation time: 0.068 secs.
Rows Read: 2810, Total Rows Processed: 2810, Total Chunk Time: Less than .001 seconds 

Starting values (iteration 1) time: 0.009 secs.
Rows Read: 2810, Total Rows Processed: 2810, Total Chunk Time: 0.001 seconds 

Iteration 2 time: 0.007 secs.

Elapsed computation time: 0.034 secs.
Rows Read: 2810, Total Rows Processed: 2810, Total Chunk Time: 0.001 seconds 

Starting values (iteration 1) time: 0.007 secs.
Rows Read: 2810, Total Rows Processed: 2810, Total Chunk Time: 0.001 seconds 

Iteration 2 time: 0.008 secs.
Rows Read: 2810, Total Rows Processed: 2810, Total Chunk Time: 0.001 seconds 

Iteration 3 time: 0.007 secs.
Rows Read: 2810, Total Rows Processed: 2810, Total Chunk Time: 0.001 seconds 

Iteration 4 time: 0.006 secs.

Elapsed computation time: 0.075 secs.

Elapsed computation time: 0.203 secs.
[1] "--------------------------------------------------------------------------------"
[1] "analyze.results.glm.step="
Logistic Regression Results for: RaceHorse.IsHitA ~
    Gen02.OrderOfFinishSdvAvg
Data: data
Dependent variable(s): RaceHorse.IsHitA
Total independent variables: 2 
Number of valid observations: 2810
Number of missing observations: 0 
 
Coefficients:
                          RaceHorse.IsHitA
(Intercept)                           -2.7
Gen02.OrderOfFinishSdvAvg              0.4
[1] "analyze.results.glm.step.summary"
Call:
rxLogit(formula = formula, data = data, variableSelection = analyze.results.glm.step.varsel)

Logistic Regression Results for: RaceHorse.IsHitA ~
    Gen02.OrderOfFinishSdvAvg
Data: data
Dependent variable(s): RaceHorse.IsHitA
Total independent variables: 2 
Number of valid observations: 2810
Number of missing observations: 0 
-2*LogLikelihood: 1353.091 (Residual deviance on 2808 degrees of freedom)
 
Coefficients:
                          Estimate Std. Error z value Pr(>|z|)    
(Intercept)                -2.7144     0.0809  -33.55  2.2e-16 ***
Gen02.OrderOfFinishSdvAvg   0.3508     0.0887    3.96  7.6e-05 ***
---
Signif. codes:  0 '***' 0.001 '**' 0.01 '*' 0.05 '.' 0.1 ' ' 1

Condition number of final variance-covariance matrix: 1 
Number of iterations: 4
[1] "--------------------------------------------------------------------------------"
[1] "2022-02-21 22:13:01 --- rxGlm with rxStepControl Finish ---"
[1] "2022-02-21 22:13:01 --- rxStepPlot Start ---"
[1] "pdfFilename=pdf_analyze_glm_Gen02_Type26_rxStepPlot.pdf"
[1] "rxStepPlot="
[1] "2022-02-21 22:13:01 --- rxStepPlot Finish ---"
[1] "2022-02-21 22:13:01 --- save.image Start ---"
[1] "save.image"
[1] "rdataFilename=RData_analyze_glm_Gen02_Type26.RData"
[1] "2022-02-21 22:13:01 --- save.image Finish ---"
[1] "2022-02-21 22:13:01 --- final Start ---"
[1] "--------------------------------------------------------------------------------"
[1] "nrow(data) final=2810"
[1] "--------------------------------------------------------------------------------"
[1] "2022-02-21 22:13:01 --- final Finish ---"
[1] "2022-02-21 22:13:01 --- analyze_glm.R Finished ---"
[1] "2022-02-21 22:13:01 --- log Finish ---"
