[1] "2022-03-08 18:37:10 --- D1115_analyze_glm_Gen02_IsHitA_Type23 Start ---"
[1] "2022-03-08 18:37:10 --- Log Start ---"
[1] "2022-03-08 18:37:10 --- analyze_glm.R Start ---"
[1] "analyzeVersion=D1115"
[1] "analyzeCategory=analyze"
[1] "analyzeType=Gen02"
[1] "analyzeFamily=IsHitA"
[1] "analyzeFunc=glm"
[1] "analyzeTrackTypeCd=2"
[1] "analyzeJyokenCd=3"
[1] "2022-03-08 18:37:10 --- source_function.R Start ---"
[1] "2022-03-08 18:37:10 --- source_function.R Finished ---"

> print(paste0(Sys.time(), " --- source_library.R Start ---"))
[1] "2022-03-08 18:37:10 --- source_library.R Start ---"

> require("RevoScaleR")

> print(paste0(Sys.time(), " --- source_library.R Finished ---"))
[1] "2022-03-08 18:37:11 --- source_library.R Finished ---"
[1] "2022-03-08 18:37:11 --- RxSqlServerData Start ---"
[1] "2022-03-08 18:37:11 --- RxInSqlServer Start ---"
[1] "2022-03-08 18:37:11 --- RxInSqlServer Finish ---"
[1] "2022-03-08 18:37:11 --- rxSetComputeContext Start ---"
[1] "2022-03-08 18:37:11 --- rxSetComputeContext Finish ---"
[1] "2022-03-08 18:37:11 --- RxSqlServerData Start ---"
[1] "sqlQuery=SELECT * FROM ViewAnalyzeD1115analyze01Gen02Type23"
[1] "2022-03-08 18:37:11 --- RxSqlServerData Finish ---"
[1] "2022-03-08 18:37:11 --- rxGetVarInfo Start ---"
[1] "2022-03-08 18:37:11 --- rxGetVarInfo Finish---"
[1] "2022-03-08 18:37:11 --- rxImport Start ---"
Rows Read: 11786, Total Rows Processed: 11786, Total Chunk Time: 400.462 seconds 
[1] "2022-03-08 18:49:27 --- rxImport Finish ---"
[1] "object.size(data) auto=4.1 Mb"
[1] "--------------------------------------------------------------------------------"
[1] "nrow(data) RxSqlServerData=11786"
[1] "--------------------------------------------------------------------------------"
[1] "str(data)="
'data.frame':	11786 obs. of  48 variables:
 $ Race.RaceId                      : Factor w/ 1011 levels "20160423-05-02-01-12",..: 11 12 13 14 15 16 17 18 19 20 ...
 $ Race.IsAnalyzeNormalPastAndFuture: logi  TRUE TRUE TRUE TRUE TRUE TRUE ...
 $ Race.IsAnalyzeNormalPast         : logi  TRUE TRUE TRUE TRUE TRUE TRUE ...
 $ Race.IsAnalyzeNormalFuture       : logi  FALSE FALSE FALSE FALSE FALSE FALSE ...
 $ Race.IsAnalyzeFullPastAndFuture  : logi  TRUE TRUE TRUE TRUE TRUE TRUE ...
 $ Race.IsAnalyzeFullPast           : logi  TRUE TRUE TRUE TRUE TRUE TRUE ...
 $ Race.IsAnalyzeFullFuture         : logi  FALSE FALSE FALSE FALSE FALSE FALSE ...
 $ Race.JyokenCd                    : Factor w/ 1 level "3": 1 1 1 1 1 1 1 1 1 1 ...
 $ Race.JyoType1Cd                  : Factor w/ 105 levels "23-05-1600-1",..: 10 1 11 9 12 13 14 11 15 13 ...
 $ Race.RaceType1Cd                 : Factor w/ 2 levels "2-3-14","2-3-13": 2 2 2 2 2 2 2 2 2 2 ...
 $ RaceHorse.RaceId                 : Factor w/ 1011 levels "20160423-05-02-01-12",..: 11 12 13 14 15 16 17 18 19 20 ...
 $ RaceHorse.KettoNum               : Factor w/ 2577 levels "2011104291","2010103915",..: 11 12 13 14 15 16 17 18 19 20 ...
 $ RaceHorse.IsHit1                 : num  1 0 0 0 0 0 0 0 0 0 ...
 $ RaceHorse.IsHit2                 : num  0 0 0 0 0 0 0 0 0 0 ...
 $ RaceHorse.IsHit3                 : num  0 0 0 0 0 0 0 0 0 0 ...
 $ RaceHorse.IsHit4                 : num  0 0 0 0 0 0 0 0 0 0 ...
 $ RaceHorse.IsHit5                 : num  0 0 0 0 0 0 0 0 0 0 ...
 $ RaceHorse.IsHit6                 : num  0 1 1 1 1 1 1 1 1 1 ...
 $ RaceHorse.IsValidRaceHorse       : logi  TRUE TRUE TRUE TRUE TRUE TRUE ...
 $ RaceHorse.FinishTimeSdvByRace    : num  1.066 -0.232 -0.527 0.498 -1.344 ...
 $ RaceHorse.FirstTimeSdvByRace     : num  0.199 0.528 0.146 0.657 -0.548 ...
 $ RaceHorse.LastTimeSdvByRace      : num  1.084 -0.382 -0.721 -0.139 -0.9 ...
 $ RaceHorse.FinishTimeSdv          : num  1.815 0.659 0.989 1.278 0.724 ...
 $ RaceHorse.FirstTimeSdv           : num  2.132 1.099 0.824 1.641 1.015 ...
 $ RaceHorse.LastTimeSdv            : num  0.74309 -0.00601 0.74396 0.44096 0.22811 ...
 $ RaceHorse.IsHitA                 : num  1 0 0 0 0 0 0 0 0 0 ...
 $ RaceHorse.IsHitB                 : num  1 0 0 0 0 0 0 0 0 0 ...
 $ RaceHorse.IsHitC                 : num  1 0 0 0 0 0 0 0 0 0 ...
 $ Gen02.HansyokuNum                : Factor w/ 2106 levels "12250337","12251685",..: 11 12 13 14 15 16 17 18 19 20 ...
 $ Gen02.FinishTimeSdvByRaceAvg     : num  1.1695 0.3487 -1.092 0.0365 0.3097 ...
 $ Gen02.FirstTimeSdvByRaceAvg      : num  0.5519 -0.0641 1.1613 -0.1868 -0.5176 ...
 $ Gen02.LastTimeSdvByRaceAvg       : num  0.872 0.418 -1.423 0.304 0.687 ...
 $ Gen02.FinishTimeSdvAvg           : num  1.479 1.103 0.478 0.958 1.051 ...
 $ Gen02.FirstTimeSdvAvg            : num  1.1399 0.5988 1.9601 0.3958 0.0858 ...
 $ Gen02.LastTimeSdvAvg             : num  1.094 1.008 -0.975 0.926 1.288 ...
 $ Gen02.RealOddsLog1Avg            : num  2.44 2.62 2.33 3.75 2.17 ...
 $ Gen02.RunCount                   : num  2 2 1 11 6 4 5 1 2 10 ...
 $ Gen02.HitCount1                  : num  1 0 0 0 0 1 0 0 0 0 ...
 $ Gen02.HitCount2                  : num  1 0 0 0 0 0 0 0 0 0 ...
 $ Gen02.HitCount3                  : num  0 0 0 0 0 0 0 0 0 4 ...
 $ Gen02.HitCount4                  : num  0 0 0 0 0 0 1 0 0 1 ...
 $ Gen02.HitCount5                  : num  0 0 0 1 1 0 0 0 0 2 ...
 $ Gen02.HitRate1                   : num  0.5 0 0 0 0 0.25 0 0 0 0 ...
 $ Gen02.HitRate2                   : num  0.5 0 0 0 0 0 0 0 0 0 ...
 $ Gen02.HitRate3                   : num  0 0 0 0 0 0 0 0 0 0.4 ...
 $ Gen02.HitRate4                   : num  0 0 0 0 0 0 0.2 0 0 0.1 ...
 $ Gen02.HitRate5                   : num  0 0 0 0.0909 0.1667 ...
 $ EOF                              : int  1 1 1 1 1 1 1 1 1 1 ...
[1] "2022-03-08 18:49:27 --- RxSqlServerData Finish ---"
[1] "2022-03-08 18:49:27 --- subset Start ---"
[1] "--------------------------------------------------------------------------------"
[1] "nrow(data) subset before=11786"
[1] "nrow(data) subset after =11786"
[1] "nrow(data) subset diff =0"
[1] "--------------------------------------------------------------------------------"
[1] "2022-03-08 18:49:27 --- subset Finish---"
[1] "2022-03-08 18:49:27 --- transform Start ---"
[1] "--------------------------------------------------------------------------------"
[1] "nrow(data) transform before=11786"
[1] "nrow(data) transform after=11786"
[1] "nrow(data) transform diff=0"
[1] "--------------------------------------------------------------------------------"
[1] "str(data)="
'data.frame':	11786 obs. of  48 variables:
 $ Race.RaceId                      : Factor w/ 1011 levels "20160423-05-02-01-12",..: 11 12 13 14 15 16 17 18 19 20 ...
 $ Race.IsAnalyzeNormalPastAndFuture: logi  TRUE TRUE TRUE TRUE TRUE TRUE ...
 $ Race.IsAnalyzeNormalPast         : logi  TRUE TRUE TRUE TRUE TRUE TRUE ...
 $ Race.IsAnalyzeNormalFuture       : logi  FALSE FALSE FALSE FALSE FALSE FALSE ...
 $ Race.IsAnalyzeFullPastAndFuture  : logi  TRUE TRUE TRUE TRUE TRUE TRUE ...
 $ Race.IsAnalyzeFullPast           : logi  TRUE TRUE TRUE TRUE TRUE TRUE ...
 $ Race.IsAnalyzeFullFuture         : logi  FALSE FALSE FALSE FALSE FALSE FALSE ...
 $ Race.JyokenCd                    : Factor w/ 1 level "3": 1 1 1 1 1 1 1 1 1 1 ...
 $ Race.JyoType1Cd                  : Factor w/ 105 levels "23-05-1600-1",..: 10 1 11 9 12 13 14 11 15 13 ...
 $ Race.RaceType1Cd                 : Factor w/ 2 levels "2-3-14","2-3-13": 2 2 2 2 2 2 2 2 2 2 ...
 $ RaceHorse.RaceId                 : Factor w/ 1011 levels "20160423-05-02-01-12",..: 11 12 13 14 15 16 17 18 19 20 ...
 $ RaceHorse.KettoNum               : Factor w/ 2577 levels "2011104291","2010103915",..: 11 12 13 14 15 16 17 18 19 20 ...
 $ RaceHorse.IsHit1                 : num  1 0 0 0 0 0 0 0 0 0 ...
 $ RaceHorse.IsHit2                 : num  0 0 0 0 0 0 0 0 0 0 ...
 $ RaceHorse.IsHit3                 : num  0 0 0 0 0 0 0 0 0 0 ...
 $ RaceHorse.IsHit4                 : num  0 0 0 0 0 0 0 0 0 0 ...
 $ RaceHorse.IsHit5                 : num  0 0 0 0 0 0 0 0 0 0 ...
 $ RaceHorse.IsHit6                 : num  0 1 1 1 1 1 1 1 1 1 ...
 $ RaceHorse.IsValidRaceHorse       : logi  TRUE TRUE TRUE TRUE TRUE TRUE ...
 $ RaceHorse.FinishTimeSdvByRace    : num  1.066 -0.232 -0.527 0.498 -1.344 ...
 $ RaceHorse.FirstTimeSdvByRace     : num  0.199 0.528 0.146 0.657 -0.548 ...
 $ RaceHorse.LastTimeSdvByRace      : num  1.084 -0.382 -0.721 -0.139 -0.9 ...
 $ RaceHorse.FinishTimeSdv          : num  1.815 0.659 0.989 1.278 0.724 ...
 $ RaceHorse.FirstTimeSdv           : num  2.132 1.099 0.824 1.641 1.015 ...
 $ RaceHorse.LastTimeSdv            : num  0.74309 -0.00601 0.74396 0.44096 0.22811 ...
 $ RaceHorse.IsHitA                 : num  1 0 0 0 0 0 0 0 0 0 ...
 $ RaceHorse.IsHitB                 : num  1 0 0 0 0 0 0 0 0 0 ...
 $ RaceHorse.IsHitC                 : num  1 0 0 0 0 0 0 0 0 0 ...
 $ Gen02.HansyokuNum                : Factor w/ 2106 levels "12250337","12251685",..: 11 12 13 14 15 16 17 18 19 20 ...
 $ Gen02.FinishTimeSdvByRaceAvg     : num  1.1695 0.3487 -1.092 0.0365 0.3097 ...
 $ Gen02.FirstTimeSdvByRaceAvg      : num  0.5519 -0.0641 1.1613 -0.1868 -0.5176 ...
 $ Gen02.LastTimeSdvByRaceAvg       : num  0.872 0.418 -1.423 0.304 0.687 ...
 $ Gen02.FinishTimeSdvAvg           : num  1.479 1.103 0.478 0.958 1.051 ...
 $ Gen02.FirstTimeSdvAvg            : num  1.1399 0.5988 1.9601 0.3958 0.0858 ...
 $ Gen02.LastTimeSdvAvg             : num  1.094 1.008 -0.975 0.926 1.288 ...
 $ Gen02.RealOddsLog1Avg            : num  2.44 2.62 2.33 3.75 2.17 ...
 $ Gen02.RunCount                   : num  2 2 1 11 6 4 5 1 2 10 ...
 $ Gen02.HitCount1                  : num  1 0 0 0 0 1 0 0 0 0 ...
 $ Gen02.HitCount2                  : num  1 0 0 0 0 0 0 0 0 0 ...
 $ Gen02.HitCount3                  : num  0 0 0 0 0 0 0 0 0 4 ...
 $ Gen02.HitCount4                  : num  0 0 0 0 0 0 1 0 0 1 ...
 $ Gen02.HitCount5                  : num  0 0 0 1 1 0 0 0 0 2 ...
 $ Gen02.HitRate1                   : num  0.5 0 0 0 0 0.25 0 0 0 0 ...
 $ Gen02.HitRate2                   : num  0.5 0 0 0 0 0 0 0 0 0 ...
 $ Gen02.HitRate3                   : num  0 0 0 0 0 0 0 0 0 0.4 ...
 $ Gen02.HitRate4                   : num  0 0 0 0 0 0 0.2 0 0 0.1 ...
 $ Gen02.HitRate5                   : num  0 0 0 0.0909 0.1667 ...
 $ EOF                              : int  1 1 1 1 1 1 1 1 1 1 ...
NULL
[1] "2022-03-08 18:49:28 --- transform Finish ---"
[1] "2022-03-08 18:49:28 --- na.omit Start ---"
[1] "--------------------------------------------------------------------------------"
[1] "nrow(data) na.omit before=11786"
[1] "nrow(data) na.omit after =11705"
[1] "nrow(data) na.omit diff =81"
[1] "--------------------------------------------------------------------------------"
'data.frame':	11705 obs. of  48 variables:
 $ Race.RaceId                      : Factor w/ 1011 levels "20160423-05-02-01-12",..: 11 12 13 14 15 16 17 18 19 20 ...
 $ Race.IsAnalyzeNormalPastAndFuture: logi  TRUE TRUE TRUE TRUE TRUE TRUE ...
 $ Race.IsAnalyzeNormalPast         : logi  TRUE TRUE TRUE TRUE TRUE TRUE ...
 $ Race.IsAnalyzeNormalFuture       : logi  FALSE FALSE FALSE FALSE FALSE FALSE ...
 $ Race.IsAnalyzeFullPastAndFuture  : logi  TRUE TRUE TRUE TRUE TRUE TRUE ...
 $ Race.IsAnalyzeFullPast           : logi  TRUE TRUE TRUE TRUE TRUE TRUE ...
 $ Race.IsAnalyzeFullFuture         : logi  FALSE FALSE FALSE FALSE FALSE FALSE ...
 $ Race.JyokenCd                    : Factor w/ 1 level "3": 1 1 1 1 1 1 1 1 1 1 ...
 $ Race.JyoType1Cd                  : Factor w/ 105 levels "23-05-1600-1",..: 10 1 11 9 12 13 14 11 15 13 ...
 $ Race.RaceType1Cd                 : Factor w/ 2 levels "2-3-14","2-3-13": 2 2 2 2 2 2 2 2 2 2 ...
 $ RaceHorse.RaceId                 : Factor w/ 1011 levels "20160423-05-02-01-12",..: 11 12 13 14 15 16 17 18 19 20 ...
 $ RaceHorse.KettoNum               : Factor w/ 2577 levels "2011104291","2010103915",..: 11 12 13 14 15 16 17 18 19 20 ...
 $ RaceHorse.IsHit1                 : num  1 0 0 0 0 0 0 0 0 0 ...
 $ RaceHorse.IsHit2                 : num  0 0 0 0 0 0 0 0 0 0 ...
 $ RaceHorse.IsHit3                 : num  0 0 0 0 0 0 0 0 0 0 ...
 $ RaceHorse.IsHit4                 : num  0 0 0 0 0 0 0 0 0 0 ...
 $ RaceHorse.IsHit5                 : num  0 0 0 0 0 0 0 0 0 0 ...
 $ RaceHorse.IsHit6                 : num  0 1 1 1 1 1 1 1 1 1 ...
 $ RaceHorse.IsValidRaceHorse       : logi  TRUE TRUE TRUE TRUE TRUE TRUE ...
 $ RaceHorse.FinishTimeSdvByRace    : num  1.066 -0.232 -0.527 0.498 -1.344 ...
 $ RaceHorse.FirstTimeSdvByRace     : num  0.199 0.528 0.146 0.657 -0.548 ...
 $ RaceHorse.LastTimeSdvByRace      : num  1.084 -0.382 -0.721 -0.139 -0.9 ...
 $ RaceHorse.FinishTimeSdv          : num  1.815 0.659 0.989 1.278 0.724 ...
 $ RaceHorse.FirstTimeSdv           : num  2.132 1.099 0.824 1.641 1.015 ...
 $ RaceHorse.LastTimeSdv            : num  0.74309 -0.00601 0.74396 0.44096 0.22811 ...
 $ RaceHorse.IsHitA                 : num  1 0 0 0 0 0 0 0 0 0 ...
 $ RaceHorse.IsHitB                 : num  1 0 0 0 0 0 0 0 0 0 ...
 $ RaceHorse.IsHitC                 : num  1 0 0 0 0 0 0 0 0 0 ...
 $ Gen02.HansyokuNum                : Factor w/ 2106 levels "12250337","12251685",..: 11 12 13 14 15 16 17 18 19 20 ...
 $ Gen02.FinishTimeSdvByRaceAvg     : num  1.1695 0.3487 -1.092 0.0365 0.3097 ...
 $ Gen02.FirstTimeSdvByRaceAvg      : num  0.5519 -0.0641 1.1613 -0.1868 -0.5176 ...
 $ Gen02.LastTimeSdvByRaceAvg       : num  0.872 0.418 -1.423 0.304 0.687 ...
 $ Gen02.FinishTimeSdvAvg           : num  1.479 1.103 0.478 0.958 1.051 ...
 $ Gen02.FirstTimeSdvAvg            : num  1.1399 0.5988 1.9601 0.3958 0.0858 ...
 $ Gen02.LastTimeSdvAvg             : num  1.094 1.008 -0.975 0.926 1.288 ...
 $ Gen02.RealOddsLog1Avg            : num  2.44 2.62 2.33 3.75 2.17 ...
 $ Gen02.RunCount                   : num  2 2 1 11 6 4 5 1 2 10 ...
 $ Gen02.HitCount1                  : num  1 0 0 0 0 1 0 0 0 0 ...
 $ Gen02.HitCount2                  : num  1 0 0 0 0 0 0 0 0 0 ...
 $ Gen02.HitCount3                  : num  0 0 0 0 0 0 0 0 0 4 ...
 $ Gen02.HitCount4                  : num  0 0 0 0 0 0 1 0 0 1 ...
 $ Gen02.HitCount5                  : num  0 0 0 1 1 0 0 0 0 2 ...
 $ Gen02.HitRate1                   : num  0.5 0 0 0 0 0.25 0 0 0 0 ...
 $ Gen02.HitRate2                   : num  0.5 0 0 0 0 0 0 0 0 0 ...
 $ Gen02.HitRate3                   : num  0 0 0 0 0 0 0 0 0 0.4 ...
 $ Gen02.HitRate4                   : num  0 0 0 0 0 0 0.2 0 0 0.1 ...
 $ Gen02.HitRate5                   : num  0 0 0 0.0909 0.1667 ...
 $ EOF                              : int  1 1 1 1 1 1 1 1 1 1 ...
 - attr(*, "na.action")= 'omit' Named int  148 185 258 545 637 862 918 1097 1143 1449 ...
  ..- attr(*, "names")= chr  "148" "185" "258" "545" ...
[1] "2022-03-08 18:49:28 --- na.omit Finish ---"
[1] "2022-03-08 18:49:28 --- rxLogit with rxStepControl Start ---"

> print(paste0(Sys.time(), " --- source_logic_glm.R Start ---"))
[1] "2022-03-08 18:49:28 --- source_logic_glm.R Start ---"

> formula <- formula(RaceHorse.IsHitA ~ +1 + Gen02.FinishTimeSdvByRaceAvg)

> print(paste0(Sys.time(), " --- source_logic_glm.R Finished ---"))
[1] "2022-03-08 18:49:28 --- source_logic_glm.R Finished ---"
Rows Read: 11705, Total Rows Processed: 11705, Total Chunk Time: 0.001 seconds 

Starting values (iteration 1) time: 0.015 secs.
Rows Read: 11705, Total Rows Processed: 11705, Total Chunk Time: 0.002 seconds 

Iteration 2 time: 0.007 secs.
Rows Read: 11705, Total Rows Processed: 11705, Total Chunk Time: 0.002 seconds 

Iteration 3 time: 0.005 secs.
Rows Read: 11705, Total Rows Processed: 11705, Total Chunk Time: 0.002 seconds 

Iteration 4 time: 0.006 secs.
Rows Read: 11705, Total Rows Processed: 11705, Total Chunk Time: Less than .001 seconds 

Iteration 5 time: 0.005 secs.

Elapsed computation time: 0.062 secs.
Rows Read: 11705, Total Rows Processed: 11705, Total Chunk Time: Less than .001 seconds 

Starting values (iteration 1) time: 0.007 secs.
Rows Read: 11705, Total Rows Processed: 11705, Total Chunk Time: Less than .001 seconds 

Iteration 2 time: 0.006 secs.

Elapsed computation time: 0.028 secs.
Rows Read: 11705, Total Rows Processed: 11705, Total Chunk Time: Less than .001 seconds 

Starting values (iteration 1) time: 0.009 secs.
Rows Read: 11705, Total Rows Processed: 11705, Total Chunk Time: 0.002 seconds 

Iteration 2 time: 0.007 secs.
Rows Read: 11705, Total Rows Processed: 11705, Total Chunk Time: 0.002 seconds 

Iteration 3 time: 0.004 secs.
Rows Read: 11705, Total Rows Processed: 11705, Total Chunk Time: 0.002 seconds 

Iteration 4 time: 0.005 secs.
Rows Read: 11705, Total Rows Processed: 11705, Total Chunk Time: 0.002 seconds 

Iteration 5 time: 0.003 secs.

Elapsed computation time: 0.054 secs.

Elapsed computation time: 0.162 secs.
[1] "--------------------------------------------------------------------------------"
[1] "analyze.results.glm.step="
Logistic Regression Results for: RaceHorse.IsHitA ~
    Gen02.FinishTimeSdvByRaceAvg
Data: data
Dependent variable(s): RaceHorse.IsHitA
Total independent variables: 2 
Number of valid observations: 11705
Number of missing observations: 0 
 
Coefficients:
                             RaceHorse.IsHitA
(Intercept)                                -3
Gen02.FinishTimeSdvByRaceAvg                1
[1] "analyze.results.glm.step.summary"
Call:
rxLogit(formula = formula, data = data, variableSelection = analyze.results.glm.step.varsel)

Logistic Regression Results for: RaceHorse.IsHitA ~
    Gen02.FinishTimeSdvByRaceAvg
Data: data
Dependent variable(s): RaceHorse.IsHitA
Total independent variables: 2 
Number of valid observations: 11705
Number of missing observations: 0 
-2*LogLikelihood: 5514.9 (Residual deviance on 11703 degrees of freedom)
 
Coefficients:
                             Estimate Std. Error z value Pr(>|z|)    
(Intercept)                   -2.9570     0.0491   -60.3  2.2e-16 ***
Gen02.FinishTimeSdvByRaceAvg   1.0242     0.0730    14.0  2.2e-16 ***
---
Signif. codes:  0 '***' 0.001 '**' 0.01 '*' 0.05 '.' 0.1 ' ' 1

Condition number of final variance-covariance matrix: 1 
Number of iterations: 5
[1] "--------------------------------------------------------------------------------"
[1] "2022-03-08 18:49:29 --- rxLogit with rxStepControl Finish ---"
[1] "2022-03-08 18:49:29 --- rxStepPlot Start ---"
[1] "pdfFilename=pdf_analyze_glm_Gen02_Type23_rxStepPlot.pdf"
[1] "rxStepPlot="
[1] "2022-03-08 18:49:29 --- rxStepPlot Finish ---"
[1] "2022-03-08 18:49:29 --- save.image Start ---"
[1] "save.image"
[1] "rdataFilename=RData_analyze_glm_Gen02_Type23.RData"
[1] "2022-03-08 18:49:29 --- save.image Finish ---"
[1] "2022-03-08 18:49:29 --- final Start ---"
[1] "--------------------------------------------------------------------------------"
[1] "nrow(data) final=11705"
[1] "--------------------------------------------------------------------------------"
[1] "2022-03-08 18:49:29 --- final Finish ---"
[1] "2022-03-08 18:49:29 --- analyze_glm.R Finished ---"
[1] "2022-03-08 18:49:29 --- log Finish ---"
