[1] "2022-02-22 07:44:19 --- D1115_analyze_glm_Gen02_IsHitA_Type13 Start ---"
[1] "2022-02-22 07:44:19 --- Log Start ---"
[1] "2022-02-22 07:44:19 --- analyze_glm.R Start ---"
[1] "analyzeVersion=D1115"
[1] "analyzeCategory=analyze"
[1] "analyzeType=Gen02"
[1] "analyzeFamily=IsHitA"
[1] "analyzeFunc=glm"
[1] "analyzeTrackTypeCd=1"
[1] "analyzeJyokenCd=3"
[1] "2022-02-22 07:44:19 --- source_function.R Start ---"
[1] "2022-02-22 07:44:19 --- source_function.R Finished ---"

> print(paste0(Sys.time(), " --- source_library.R Start ---"))
[1] "2022-02-22 07:44:19 --- source_library.R Start ---"

> require("RevoScaleR")

> print(paste0(Sys.time(), " --- source_library.R Finished ---"))
[1] "2022-02-22 07:44:20 --- source_library.R Finished ---"
[1] "2022-02-22 07:44:20 --- RxSqlServerData Start ---"
[1] "2022-02-22 07:44:20 --- RxInSqlServer Start ---"
[1] "2022-02-22 07:44:20 --- RxInSqlServer Finish ---"
[1] "2022-02-22 07:44:20 --- rxSetComputeContext Start ---"
[1] "2022-02-22 07:44:20 --- rxSetComputeContext Finish ---"
[1] "2022-02-22 07:44:20 --- RxSqlServerData Start ---"
[1] "sqlQuery=SELECT * FROM ViewAnalyzeD1115analyze01Gen02Type13"
[1] "2022-02-22 07:44:20 --- RxSqlServerData Finish ---"
[1] "2022-02-22 07:44:20 --- rxGetVarInfo Start ---"
[1] "2022-02-22 07:44:20 --- rxGetVarInfo Finish---"
[1] "2022-02-22 07:44:20 --- rxImport Start ---"
Rows Read: 12133, Total Rows Processed: 12133, Total Chunk Time: 39.033 seconds 
[1] "2022-02-22 07:45:39 --- rxImport Finish ---"
[1] "object.size(data) auto=2.7 Mb"
[1] "--------------------------------------------------------------------------------"
[1] "nrow(data) RxSqlServerData=12133"
[1] "--------------------------------------------------------------------------------"
[1] "str(data)="
'data.frame':	12133 obs. of  39 variables:
 $ Race.RaceId                      : Factor w/ 1192 levels "20160105-06-01-01-12",..: 1 1 4 4 5 7 6 6 8 9 ...
 $ Race.IsPredictedRace             : logi  TRUE TRUE TRUE TRUE TRUE TRUE ...
 $ Race.IsAnalyzeNormalPastAndFuture: logi  TRUE TRUE TRUE TRUE TRUE TRUE ...
 $ Race.IsAnalyzeNormalPast         : logi  TRUE TRUE TRUE TRUE TRUE TRUE ...
 $ Race.IsAnalyzeNormalFuture       : logi  FALSE FALSE FALSE FALSE FALSE FALSE ...
 $ Race.IsAnalyzeFullPastAndFuture  : logi  TRUE TRUE TRUE TRUE TRUE TRUE ...
 $ Race.IsAnalyzeFullPast           : logi  TRUE TRUE TRUE TRUE TRUE TRUE ...
 $ Race.IsAnalyzeFullFuture         : logi  FALSE FALSE FALSE FALSE FALSE FALSE ...
 $ Race.JyokenCd                    : Factor w/ 1 level "3": 1 1 1 1 1 1 1 1 1 1 ...
 $ Race.RaceType1Cd                 : Factor w/ 2 levels "1-3-X","1-3-E": 1 1 1 1 1 1 2 2 1 2 ...
 $ RaceHorse.RaceId                 : Factor w/ 1192 levels "20160105-06-01-01-12",..: 1 1 4 4 5 7 6 6 8 9 ...
 $ RaceHorse.KettoNum               : Factor w/ 2369 levels "2012100287","2012103910",..: 11 12 13 14 15 16 17 18 19 20 ...
 $ RaceHorse.IsHit1                 : int  0 0 0 0 0 0 0 0 0 0 ...
 $ RaceHorse.IsHit2                 : int  0 1 0 0 0 0 0 1 0 0 ...
 $ RaceHorse.IsHit3                 : int  1 0 0 1 0 0 0 0 0 0 ...
 $ RaceHorse.IsHit4                 : int  0 0 0 0 0 0 0 0 0 0 ...
 $ RaceHorse.IsHit5                 : int  0 0 0 0 0 0 0 0 0 0 ...
 $ RaceHorse.IsHit6                 : int  0 0 1 0 1 1 1 0 1 1 ...
 $ RaceHorse.IsValidRaceHorse       : logi  TRUE TRUE TRUE TRUE TRUE TRUE ...
 $ RaceHorse.IsHitA                 : int  0 0 0 0 0 0 0 0 0 0 ...
 $ RaceHorse.IsHitB                 : int  0 1 0 0 0 0 0 1 0 0 ...
 $ RaceHorse.IsHitC                 : int  1 1 0 1 0 0 0 1 0 0 ...
 $ Gen02.HansyokuNum                : Factor w/ 1864 levels "12258268","12258089",..: 11 12 13 14 15 16 17 18 19 20 ...
 $ Gen02.TimeSdvByRaceAvg           : num  0.736 0.493 0.641 -0.231 0.112 ...
 $ Gen02.TimeSdvByRaceMin           : num  0.729 0.493 0.249 -0.231 0.112 ...
 $ Gen02.TimeSdvByRaceMax           : num  0.742 0.493 1.033 -0.231 0.112 ...
 $ Gen02.OrderOfFinishSdvAvg        : num  0.413 0.294 0.892 -0.185 0.294 ...
 $ Gen02.RunCount                   : int  2 1 2 1 1 1 1 1 1 3 ...
 $ Gen02.HitCount1                  : int  0 0 0 0 0 0 0 0 0 0 ...
 $ Gen02.HitCount2                  : int  0 0 0 0 0 0 0 0 0 0 ...
 $ Gen02.HitCount3                  : int  0 0 1 0 0 0 0 0 0 0 ...
 $ Gen02.HitCount4                  : int  0 0 1 0 0 0 0 0 1 0 ...
 $ Gen02.HitCount5                  : int  1 0 0 0 0 0 0 0 0 0 ...
 $ Gen02.HitRate1                   : num  0 0 0 0 0 0 0 0 0 0 ...
 $ Gen02.HitRate2                   : num  0 0 0 0 0 0 0 0 0 0 ...
 $ Gen02.HitRate3                   : num  0 0 0.5 0 0 0 0 0 0 0 ...
 $ Gen02.HitRate4                   : num  0 0 0.5 0 0 0 0 0 1 0 ...
 $ Gen02.HitRate5                   : num  0.5 0 0 0 0 0 0 0 0 0 ...
 $ EOF                              : int  1 1 1 1 1 1 1 1 1 1 ...
[1] "2022-02-22 07:45:39 --- RxSqlServerData Finish ---"
[1] "2022-02-22 07:45:39 --- subset Start ---"
[1] "--------------------------------------------------------------------------------"
[1] "nrow(data) subset before=12133"
[1] "nrow(data) subset after =12133"
[1] "nrow(data) subset diff =0"
[1] "--------------------------------------------------------------------------------"
[1] "2022-02-22 07:45:39 --- subset Finish---"
[1] "2022-02-22 07:45:39 --- transform Start ---"
[1] "--------------------------------------------------------------------------------"
[1] "nrow(data) transform before=12133"
[1] "nrow(data) transform after=12133"
[1] "nrow(data) transform diff=0"
[1] "--------------------------------------------------------------------------------"
[1] "str(data)="
'data.frame':	12133 obs. of  39 variables:
 $ Race.RaceId                      : Factor w/ 1192 levels "20160105-06-01-01-12",..: 1 1 4 4 5 7 6 6 8 9 ...
 $ Race.IsPredictedRace             : logi  TRUE TRUE TRUE TRUE TRUE TRUE ...
 $ Race.IsAnalyzeNormalPastAndFuture: logi  TRUE TRUE TRUE TRUE TRUE TRUE ...
 $ Race.IsAnalyzeNormalPast         : logi  TRUE TRUE TRUE TRUE TRUE TRUE ...
 $ Race.IsAnalyzeNormalFuture       : logi  FALSE FALSE FALSE FALSE FALSE FALSE ...
 $ Race.IsAnalyzeFullPastAndFuture  : logi  TRUE TRUE TRUE TRUE TRUE TRUE ...
 $ Race.IsAnalyzeFullPast           : logi  TRUE TRUE TRUE TRUE TRUE TRUE ...
 $ Race.IsAnalyzeFullFuture         : logi  FALSE FALSE FALSE FALSE FALSE FALSE ...
 $ Race.JyokenCd                    : Factor w/ 1 level "3": 1 1 1 1 1 1 1 1 1 1 ...
 $ Race.RaceType1Cd                 : Factor w/ 2 levels "1-3-X","1-3-E": 1 1 1 1 1 1 2 2 1 2 ...
 $ RaceHorse.RaceId                 : Factor w/ 1192 levels "20160105-06-01-01-12",..: 1 1 4 4 5 7 6 6 8 9 ...
 $ RaceHorse.KettoNum               : Factor w/ 2369 levels "2012100287","2012103910",..: 11 12 13 14 15 16 17 18 19 20 ...
 $ RaceHorse.IsHit1                 : int  0 0 0 0 0 0 0 0 0 0 ...
 $ RaceHorse.IsHit2                 : int  0 1 0 0 0 0 0 1 0 0 ...
 $ RaceHorse.IsHit3                 : int  1 0 0 1 0 0 0 0 0 0 ...
 $ RaceHorse.IsHit4                 : int  0 0 0 0 0 0 0 0 0 0 ...
 $ RaceHorse.IsHit5                 : int  0 0 0 0 0 0 0 0 0 0 ...
 $ RaceHorse.IsHit6                 : int  0 0 1 0 1 1 1 0 1 1 ...
 $ RaceHorse.IsValidRaceHorse       : logi  TRUE TRUE TRUE TRUE TRUE TRUE ...
 $ RaceHorse.IsHitA                 : int  0 0 0 0 0 0 0 0 0 0 ...
 $ RaceHorse.IsHitB                 : int  0 1 0 0 0 0 0 1 0 0 ...
 $ RaceHorse.IsHitC                 : int  1 1 0 1 0 0 0 1 0 0 ...
 $ Gen02.HansyokuNum                : Factor w/ 1864 levels "12258268","12258089",..: 11 12 13 14 15 16 17 18 19 20 ...
 $ Gen02.TimeSdvByRaceAvg           : num  0.736 0.493 0.641 -0.231 0.112 ...
 $ Gen02.TimeSdvByRaceMin           : num  0.729 0.493 0.249 -0.231 0.112 ...
 $ Gen02.TimeSdvByRaceMax           : num  0.742 0.493 1.033 -0.231 0.112 ...
 $ Gen02.OrderOfFinishSdvAvg        : num  0.413 0.294 0.892 -0.185 0.294 ...
 $ Gen02.RunCount                   : int  2 1 2 1 1 1 1 1 1 3 ...
 $ Gen02.HitCount1                  : int  0 0 0 0 0 0 0 0 0 0 ...
 $ Gen02.HitCount2                  : int  0 0 0 0 0 0 0 0 0 0 ...
 $ Gen02.HitCount3                  : int  0 0 1 0 0 0 0 0 0 0 ...
 $ Gen02.HitCount4                  : int  0 0 1 0 0 0 0 0 1 0 ...
 $ Gen02.HitCount5                  : int  1 0 0 0 0 0 0 0 0 0 ...
 $ Gen02.HitRate1                   : num  0 0 0 0 0 0 0 0 0 0 ...
 $ Gen02.HitRate2                   : num  0 0 0 0 0 0 0 0 0 0 ...
 $ Gen02.HitRate3                   : num  0 0 0.5 0 0 0 0 0 0 0 ...
 $ Gen02.HitRate4                   : num  0 0 0.5 0 0 0 0 0 1 0 ...
 $ Gen02.HitRate5                   : num  0.5 0 0 0 0 0 0 0 0 0 ...
 $ EOF                              : int  1 1 1 1 1 1 1 1 1 1 ...
NULL
[1] "2022-02-22 07:45:39 --- transform Finish ---"
[1] "2022-02-22 07:45:39 --- na.omit Start ---"
[1] "--------------------------------------------------------------------------------"
[1] "nrow(data) na.omit before=12133"
[1] "nrow(data) na.omit after =12133"
[1] "nrow(data) na.omit diff =0"
[1] "--------------------------------------------------------------------------------"
'data.frame':	12133 obs. of  39 variables:
 $ Race.RaceId                      : Factor w/ 1192 levels "20160105-06-01-01-12",..: 1 1 4 4 5 7 6 6 8 9 ...
 $ Race.IsPredictedRace             : logi  TRUE TRUE TRUE TRUE TRUE TRUE ...
 $ Race.IsAnalyzeNormalPastAndFuture: logi  TRUE TRUE TRUE TRUE TRUE TRUE ...
 $ Race.IsAnalyzeNormalPast         : logi  TRUE TRUE TRUE TRUE TRUE TRUE ...
 $ Race.IsAnalyzeNormalFuture       : logi  FALSE FALSE FALSE FALSE FALSE FALSE ...
 $ Race.IsAnalyzeFullPastAndFuture  : logi  TRUE TRUE TRUE TRUE TRUE TRUE ...
 $ Race.IsAnalyzeFullPast           : logi  TRUE TRUE TRUE TRUE TRUE TRUE ...
 $ Race.IsAnalyzeFullFuture         : logi  FALSE FALSE FALSE FALSE FALSE FALSE ...
 $ Race.JyokenCd                    : Factor w/ 1 level "3": 1 1 1 1 1 1 1 1 1 1 ...
 $ Race.RaceType1Cd                 : Factor w/ 2 levels "1-3-X","1-3-E": 1 1 1 1 1 1 2 2 1 2 ...
 $ RaceHorse.RaceId                 : Factor w/ 1192 levels "20160105-06-01-01-12",..: 1 1 4 4 5 7 6 6 8 9 ...
 $ RaceHorse.KettoNum               : Factor w/ 2369 levels "2012100287","2012103910",..: 11 12 13 14 15 16 17 18 19 20 ...
 $ RaceHorse.IsHit1                 : int  0 0 0 0 0 0 0 0 0 0 ...
 $ RaceHorse.IsHit2                 : int  0 1 0 0 0 0 0 1 0 0 ...
 $ RaceHorse.IsHit3                 : int  1 0 0 1 0 0 0 0 0 0 ...
 $ RaceHorse.IsHit4                 : int  0 0 0 0 0 0 0 0 0 0 ...
 $ RaceHorse.IsHit5                 : int  0 0 0 0 0 0 0 0 0 0 ...
 $ RaceHorse.IsHit6                 : int  0 0 1 0 1 1 1 0 1 1 ...
 $ RaceHorse.IsValidRaceHorse       : logi  TRUE TRUE TRUE TRUE TRUE TRUE ...
 $ RaceHorse.IsHitA                 : int  0 0 0 0 0 0 0 0 0 0 ...
 $ RaceHorse.IsHitB                 : int  0 1 0 0 0 0 0 1 0 0 ...
 $ RaceHorse.IsHitC                 : int  1 1 0 1 0 0 0 1 0 0 ...
 $ Gen02.HansyokuNum                : Factor w/ 1864 levels "12258268","12258089",..: 11 12 13 14 15 16 17 18 19 20 ...
 $ Gen02.TimeSdvByRaceAvg           : num  0.736 0.493 0.641 -0.231 0.112 ...
 $ Gen02.TimeSdvByRaceMin           : num  0.729 0.493 0.249 -0.231 0.112 ...
 $ Gen02.TimeSdvByRaceMax           : num  0.742 0.493 1.033 -0.231 0.112 ...
 $ Gen02.OrderOfFinishSdvAvg        : num  0.413 0.294 0.892 -0.185 0.294 ...
 $ Gen02.RunCount                   : int  2 1 2 1 1 1 1 1 1 3 ...
 $ Gen02.HitCount1                  : int  0 0 0 0 0 0 0 0 0 0 ...
 $ Gen02.HitCount2                  : int  0 0 0 0 0 0 0 0 0 0 ...
 $ Gen02.HitCount3                  : int  0 0 1 0 0 0 0 0 0 0 ...
 $ Gen02.HitCount4                  : int  0 0 1 0 0 0 0 0 1 0 ...
 $ Gen02.HitCount5                  : int  1 0 0 0 0 0 0 0 0 0 ...
 $ Gen02.HitRate1                   : num  0 0 0 0 0 0 0 0 0 0 ...
 $ Gen02.HitRate2                   : num  0 0 0 0 0 0 0 0 0 0 ...
 $ Gen02.HitRate3                   : num  0 0 0.5 0 0 0 0 0 0 0 ...
 $ Gen02.HitRate4                   : num  0 0 0.5 0 0 0 0 0 1 0 ...
 $ Gen02.HitRate5                   : num  0.5 0 0 0 0 0 0 0 0 0 ...
 $ EOF                              : int  1 1 1 1 1 1 1 1 1 1 ...
[1] "2022-02-22 07:45:39 --- na.omit Finish ---"
[1] "2022-02-22 07:45:39 --- rxGlm with rxStepControl Start ---"

> print(paste0(Sys.time(), " --- source_logic_glm.R Start ---"))
[1] "2022-02-22 07:45:39 --- source_logic_glm.R Start ---"

> formula <- formula(RaceHorse.IsHitA ~ +1 + Gen02.OrderOfFinishSdvAvg)

> print(paste0(Sys.time(), " --- source_logic_glm.R Finished ---"))
[1] "2022-02-22 07:45:39 --- source_logic_glm.R Finished ---"
Rows Read: 12133, Total Rows Processed: 12133, Total Chunk Time: 0.001 seconds 

Starting values (iteration 1) time: 0.006 secs.
Rows Read: 12133, Total Rows Processed: 12133, Total Chunk Time: Less than .001 seconds 

Iteration 2 time: 0.004 secs.
Rows Read: 12133, Total Rows Processed: 12133, Total Chunk Time: 0.001 seconds 

Iteration 3 time: 0.004 secs.
Rows Read: 12133, Total Rows Processed: 12133, Total Chunk Time: 0.001 seconds 

Iteration 4 time: 0.003 secs.
Rows Read: 12133, Total Rows Processed: 12133, Total Chunk Time: 0.001 seconds 

Iteration 5 time: 0.003 secs.

Elapsed computation time: 0.035 secs.
Rows Read: 12133, Total Rows Processed: 12133, Total Chunk Time: Less than .001 seconds 

Starting values (iteration 1) time: 0.004 secs.
Rows Read: 12133, Total Rows Processed: 12133, Total Chunk Time: 0.001 seconds 

Iteration 2 time: 0.003 secs.

Elapsed computation time: 0.017 secs.
Rows Read: 12133, Total Rows Processed: 12133, Total Chunk Time: 0.001 seconds 

Starting values (iteration 1) time: 0.005 secs.
Rows Read: 12133, Total Rows Processed: 12133, Total Chunk Time: Less than .001 seconds 

Iteration 2 time: 0.005 secs.
Rows Read: 12133, Total Rows Processed: 12133, Total Chunk Time: 0.001 seconds 

Iteration 3 time: 0.003 secs.
Rows Read: 12133, Total Rows Processed: 12133, Total Chunk Time: 0.001 seconds 

Iteration 4 time: 0.003 secs.
Rows Read: 12133, Total Rows Processed: 12133, Total Chunk Time: 0.002 seconds 

Iteration 5 time: 0.003 secs.

Elapsed computation time: 0.037 secs.

Elapsed computation time: 0.101 secs.
[1] "--------------------------------------------------------------------------------"
[1] "analyze.results.glm.step="
Logistic Regression Results for: RaceHorse.IsHitA ~
    Gen02.OrderOfFinishSdvAvg
Data: data
Dependent variable(s): RaceHorse.IsHitA
Total independent variables: 2 
Number of valid observations: 12133
Number of missing observations: 0 
 
Coefficients:
                          RaceHorse.IsHitA
(Intercept)                           -2.7
Gen02.OrderOfFinishSdvAvg              0.7
[1] "analyze.results.glm.step.summary"
Call:
rxLogit(formula = formula, data = data, variableSelection = analyze.results.glm.step.varsel)

Logistic Regression Results for: RaceHorse.IsHitA ~
    Gen02.OrderOfFinishSdvAvg
Data: data
Dependent variable(s): RaceHorse.IsHitA
Total independent variables: 2 
Number of valid observations: 12133
Number of missing observations: 0 
-2*LogLikelihood: 6253.596 (Residual deviance on 12131 degrees of freedom)
 
Coefficients:
                          Estimate Std. Error z value Pr(>|z|)    
(Intercept)                -2.6827     0.0404   -66.4  2.2e-16 ***
Gen02.OrderOfFinishSdvAvg   0.6598     0.0460    14.3  2.2e-16 ***
---
Signif. codes:  0 '***' 0.001 '**' 0.01 '*' 0.05 '.' 0.1 ' ' 1

Condition number of final variance-covariance matrix: 1 
Number of iterations: 5
[1] "--------------------------------------------------------------------------------"
[1] "2022-02-22 07:45:39 --- rxGlm with rxStepControl Finish ---"
[1] "2022-02-22 07:45:39 --- rxStepPlot Start ---"
[1] "pdfFilename=pdf_analyze_glm_Gen02_Type13_rxStepPlot.pdf"
[1] "rxStepPlot="
[1] "2022-02-22 07:45:39 --- rxStepPlot Finish ---"
[1] "2022-02-22 07:45:39 --- save.image Start ---"
[1] "save.image"
[1] "rdataFilename=RData_analyze_glm_Gen02_Type13.RData"
[1] "2022-02-22 07:45:40 --- save.image Finish ---"
[1] "2022-02-22 07:45:40 --- final Start ---"
[1] "--------------------------------------------------------------------------------"
[1] "nrow(data) final=12133"
[1] "--------------------------------------------------------------------------------"
[1] "2022-02-22 07:45:40 --- final Finish ---"
[1] "2022-02-22 07:45:40 --- analyze_glm.R Finished ---"
[1] "2022-02-22 07:45:40 --- log Finish ---"
