[1] "2022-02-21 22:08:07 --- D1115_analyze_glm_DataMiningTaisen_IsHitA_Type12 Start ---"
[1] "2022-02-21 22:08:07 --- Log Start ---"
[1] "2022-02-21 22:08:07 --- analyze_glm.R Start ---"
[1] "analyzeVersion=D1115"
[1] "analyzeCategory=analyze"
[1] "analyzeType=DataMiningTaisen"
[1] "analyzeFamily=IsHitA"
[1] "analyzeFunc=glm"
[1] "analyzeTrackTypeCd=1"
[1] "analyzeJyokenCd=2"
[1] "2022-02-21 22:08:07 --- source_function.R Start ---"
[1] "2022-02-21 22:08:07 --- source_function.R Finished ---"

> print(paste0(Sys.time(), " --- source_library.R Start ---"))
[1] "2022-02-21 22:08:07 --- source_library.R Start ---"

> require("RevoScaleR")

> print(paste0(Sys.time(), " --- source_library.R Finished ---"))
[1] "2022-02-21 22:08:08 --- source_library.R Finished ---"
[1] "2022-02-21 22:08:08 --- RxSqlServerData Start ---"
[1] "2022-02-21 22:08:08 --- RxInSqlServer Start ---"
[1] "2022-02-21 22:08:08 --- RxInSqlServer Finish ---"
[1] "2022-02-21 22:08:08 --- rxSetComputeContext Start ---"
[1] "2022-02-21 22:08:08 --- rxSetComputeContext Finish ---"
[1] "2022-02-21 22:08:08 --- RxSqlServerData Start ---"
[1] "sqlQuery=SELECT * FROM ViewAnalyzeD1115analyze01DataMiningTaisenType12"
[1] "2022-02-21 22:08:08 --- RxSqlServerData Finish ---"
[1] "2022-02-21 22:08:08 --- rxGetVarInfo Start ---"
[1] "2022-02-21 22:08:08 --- rxGetVarInfo Finish---"
[1] "2022-02-21 22:08:08 --- rxImport Start ---"
Rows Read: 6809, Total Rows Processed: 6809, Total Chunk Time: 0.182 seconds 
[1] "2022-02-21 22:08:09 --- rxImport Finish ---"
[1] "object.size(data) auto=863.1 Kb"
[1] "--------------------------------------------------------------------------------"
[1] "nrow(data) RxSqlServerData=6809"
[1] "--------------------------------------------------------------------------------"
[1] "str(data)="
'data.frame':	6809 obs. of  24 variables:
 $ Race.RaceId                      : Factor w/ 529 levels "20160207-05-01-04-10",..: 1 1 1 1 1 1 1 1 1 2 ...
 $ Race.IsPredictedRace             : logi  TRUE TRUE TRUE TRUE TRUE TRUE ...
 $ Race.IsAnalyzeNormalPastAndFuture: logi  TRUE TRUE TRUE TRUE TRUE TRUE ...
 $ Race.IsAnalyzeNormalPast         : logi  TRUE TRUE TRUE TRUE TRUE TRUE ...
 $ Race.IsAnalyzeNormalFuture       : logi  FALSE FALSE FALSE FALSE FALSE FALSE ...
 $ Race.IsAnalyzeFullPastAndFuture  : logi  TRUE TRUE TRUE TRUE TRUE TRUE ...
 $ Race.IsAnalyzeFullPast           : logi  TRUE TRUE TRUE TRUE TRUE TRUE ...
 $ Race.IsAnalyzeFullFuture         : logi  FALSE FALSE FALSE FALSE FALSE FALSE ...
 $ Race.JyokenCd                    : Factor w/ 1 level "2": 1 1 1 1 1 1 1 1 1 1 ...
 $ Race.RaceType1Cd                 : Factor w/ 1 level "1-2-E": 1 1 1 1 1 1 1 1 1 1 ...
 $ RaceHorse.RaceId                 : Factor w/ 529 levels "20160207-05-01-04-10",..: 1 1 1 1 1 1 1 1 1 2 ...
 $ RaceHorse.KettoNum               : Factor w/ 1439 levels "2009106181","2010104261",..: 1 2 3 4 5 6 7 8 9 10 ...
 $ RaceHorse.IsHit1                 : int  0 0 0 0 1 0 0 0 0 0 ...
 $ RaceHorse.IsHit2                 : int  0 1 0 0 0 0 0 0 0 0 ...
 $ RaceHorse.IsHit3                 : int  0 0 0 0 0 0 0 0 1 0 ...
 $ RaceHorse.IsHit4                 : int  1 0 0 0 0 0 0 0 0 0 ...
 $ RaceHorse.IsHit5                 : int  0 0 0 0 0 0 0 1 0 0 ...
 $ RaceHorse.IsHit6                 : int  0 0 1 1 0 1 1 0 0 1 ...
 $ RaceHorse.IsValidRaceHorse       : logi  TRUE TRUE TRUE TRUE TRUE TRUE ...
 $ RaceHorse.IsHitA                 : int  0 0 0 0 1 0 0 0 0 0 ...
 $ RaceHorse.IsHitB                 : int  0 1 0 0 1 0 0 0 0 0 ...
 $ RaceHorse.IsHitC                 : int  0 1 0 0 1 0 0 0 1 0 ...
 $ DataMiningTaisen.TmScoreSdv      : num  1.316 0.853 -0.964 -1.382 -1.266 ...
 $ EOF                              : int  1 1 1 1 1 1 1 1 1 1 ...
[1] "2022-02-21 22:08:09 --- RxSqlServerData Finish ---"
[1] "2022-02-21 22:08:09 --- subset Start ---"
[1] "--------------------------------------------------------------------------------"
[1] "nrow(data) subset before=6809"
[1] "nrow(data) subset after =6809"
[1] "nrow(data) subset diff =0"
[1] "--------------------------------------------------------------------------------"
[1] "2022-02-21 22:08:09 --- subset Finish---"
[1] "2022-02-21 22:08:09 --- transform Start ---"
[1] "--------------------------------------------------------------------------------"
[1] "nrow(data) transform before=6809"
[1] "nrow(data) transform after=6809"
[1] "nrow(data) transform diff=0"
[1] "--------------------------------------------------------------------------------"
[1] "str(data)="
'data.frame':	6809 obs. of  24 variables:
 $ Race.RaceId                      : Factor w/ 529 levels "20160207-05-01-04-10",..: 1 1 1 1 1 1 1 1 1 2 ...
 $ Race.IsPredictedRace             : logi  TRUE TRUE TRUE TRUE TRUE TRUE ...
 $ Race.IsAnalyzeNormalPastAndFuture: logi  TRUE TRUE TRUE TRUE TRUE TRUE ...
 $ Race.IsAnalyzeNormalPast         : logi  TRUE TRUE TRUE TRUE TRUE TRUE ...
 $ Race.IsAnalyzeNormalFuture       : logi  FALSE FALSE FALSE FALSE FALSE FALSE ...
 $ Race.IsAnalyzeFullPastAndFuture  : logi  TRUE TRUE TRUE TRUE TRUE TRUE ...
 $ Race.IsAnalyzeFullPast           : logi  TRUE TRUE TRUE TRUE TRUE TRUE ...
 $ Race.IsAnalyzeFullFuture         : logi  FALSE FALSE FALSE FALSE FALSE FALSE ...
 $ Race.JyokenCd                    : Factor w/ 1 level "2": 1 1 1 1 1 1 1 1 1 1 ...
 $ Race.RaceType1Cd                 : Factor w/ 1 level "1-2-E": 1 1 1 1 1 1 1 1 1 1 ...
 $ RaceHorse.RaceId                 : Factor w/ 529 levels "20160207-05-01-04-10",..: 1 1 1 1 1 1 1 1 1 2 ...
 $ RaceHorse.KettoNum               : Factor w/ 1439 levels "2009106181","2010104261",..: 1 2 3 4 5 6 7 8 9 10 ...
 $ RaceHorse.IsHit1                 : int  0 0 0 0 1 0 0 0 0 0 ...
 $ RaceHorse.IsHit2                 : int  0 1 0 0 0 0 0 0 0 0 ...
 $ RaceHorse.IsHit3                 : int  0 0 0 0 0 0 0 0 1 0 ...
 $ RaceHorse.IsHit4                 : int  1 0 0 0 0 0 0 0 0 0 ...
 $ RaceHorse.IsHit5                 : int  0 0 0 0 0 0 0 1 0 0 ...
 $ RaceHorse.IsHit6                 : int  0 0 1 1 0 1 1 0 0 1 ...
 $ RaceHorse.IsValidRaceHorse       : logi  TRUE TRUE TRUE TRUE TRUE TRUE ...
 $ RaceHorse.IsHitA                 : int  0 0 0 0 1 0 0 0 0 0 ...
 $ RaceHorse.IsHitB                 : int  0 1 0 0 1 0 0 0 0 0 ...
 $ RaceHorse.IsHitC                 : int  0 1 0 0 1 0 0 0 1 0 ...
 $ DataMiningTaisen.TmScoreSdv      : num  1.316 0.853 -0.964 -1.382 -1.266 ...
 $ EOF                              : int  1 1 1 1 1 1 1 1 1 1 ...
NULL
[1] "2022-02-21 22:08:10 --- transform Finish ---"
[1] "2022-02-21 22:08:10 --- na.omit Start ---"
[1] "--------------------------------------------------------------------------------"
[1] "nrow(data) na.omit before=6809"
[1] "nrow(data) na.omit after =6809"
[1] "nrow(data) na.omit diff =0"
[1] "--------------------------------------------------------------------------------"
'data.frame':	6809 obs. of  24 variables:
 $ Race.RaceId                      : Factor w/ 529 levels "20160207-05-01-04-10",..: 1 1 1 1 1 1 1 1 1 2 ...
 $ Race.IsPredictedRace             : logi  TRUE TRUE TRUE TRUE TRUE TRUE ...
 $ Race.IsAnalyzeNormalPastAndFuture: logi  TRUE TRUE TRUE TRUE TRUE TRUE ...
 $ Race.IsAnalyzeNormalPast         : logi  TRUE TRUE TRUE TRUE TRUE TRUE ...
 $ Race.IsAnalyzeNormalFuture       : logi  FALSE FALSE FALSE FALSE FALSE FALSE ...
 $ Race.IsAnalyzeFullPastAndFuture  : logi  TRUE TRUE TRUE TRUE TRUE TRUE ...
 $ Race.IsAnalyzeFullPast           : logi  TRUE TRUE TRUE TRUE TRUE TRUE ...
 $ Race.IsAnalyzeFullFuture         : logi  FALSE FALSE FALSE FALSE FALSE FALSE ...
 $ Race.JyokenCd                    : Factor w/ 1 level "2": 1 1 1 1 1 1 1 1 1 1 ...
 $ Race.RaceType1Cd                 : Factor w/ 1 level "1-2-E": 1 1 1 1 1 1 1 1 1 1 ...
 $ RaceHorse.RaceId                 : Factor w/ 529 levels "20160207-05-01-04-10",..: 1 1 1 1 1 1 1 1 1 2 ...
 $ RaceHorse.KettoNum               : Factor w/ 1439 levels "2009106181","2010104261",..: 1 2 3 4 5 6 7 8 9 10 ...
 $ RaceHorse.IsHit1                 : int  0 0 0 0 1 0 0 0 0 0 ...
 $ RaceHorse.IsHit2                 : int  0 1 0 0 0 0 0 0 0 0 ...
 $ RaceHorse.IsHit3                 : int  0 0 0 0 0 0 0 0 1 0 ...
 $ RaceHorse.IsHit4                 : int  1 0 0 0 0 0 0 0 0 0 ...
 $ RaceHorse.IsHit5                 : int  0 0 0 0 0 0 0 1 0 0 ...
 $ RaceHorse.IsHit6                 : int  0 0 1 1 0 1 1 0 0 1 ...
 $ RaceHorse.IsValidRaceHorse       : logi  TRUE TRUE TRUE TRUE TRUE TRUE ...
 $ RaceHorse.IsHitA                 : int  0 0 0 0 1 0 0 0 0 0 ...
 $ RaceHorse.IsHitB                 : int  0 1 0 0 1 0 0 0 0 0 ...
 $ RaceHorse.IsHitC                 : int  0 1 0 0 1 0 0 0 1 0 ...
 $ DataMiningTaisen.TmScoreSdv      : num  1.316 0.853 -0.964 -1.382 -1.266 ...
 $ EOF                              : int  1 1 1 1 1 1 1 1 1 1 ...
[1] "2022-02-21 22:08:10 --- na.omit Finish ---"
[1] "2022-02-21 22:08:10 --- rxGlm with rxStepControl Start ---"

> print(paste0(Sys.time(), " --- source_logic_glm.R Start ---"))
[1] "2022-02-21 22:08:10 --- source_logic_glm.R Start ---"

> formula <- formula(RaceHorse.IsHitA ~ +1 + DataMiningTaisen.TmScoreSdv)

> print(paste0(Sys.time(), " --- source_logic_glm.R Finished ---"))
[1] "2022-02-21 22:08:10 --- source_logic_glm.R Finished ---"
Rows Read: 6809, Total Rows Processed: 6809, Total Chunk Time: Less than .001 seconds 

Starting values (iteration 1) time: 0.032 secs.
Rows Read: 6809, Total Rows Processed: 6809, Total Chunk Time: 0.006 seconds 

Iteration 2 time: 0.027 secs.
Rows Read: 6809, Total Rows Processed: 6809, Total Chunk Time: Less than .001 seconds 

Iteration 3 time: 0.009 secs.
Rows Read: 6809, Total Rows Processed: 6809, Total Chunk Time: 0.002 seconds 

Iteration 4 time: 0.019 secs.
Rows Read: 6809, Total Rows Processed: 6809, Total Chunk Time: 0.002 seconds 

Iteration 5 time: 0.026 secs.

Elapsed computation time: 0.160 secs.
Rows Read: 6809, Total Rows Processed: 6809, Total Chunk Time: Less than .001 seconds 

Starting values (iteration 1) time: 0.013 secs.
Rows Read: 6809, Total Rows Processed: 6809, Total Chunk Time: Less than .001 seconds 

Iteration 2 time: 0.015 secs.

Elapsed computation time: 0.057 secs.
Rows Read: 6809, Total Rows Processed: 6809, Total Chunk Time: 0.001 seconds 

Starting values (iteration 1) time: 0.007 secs.
Rows Read: 6809, Total Rows Processed: 6809, Total Chunk Time: 0.001 seconds 

Iteration 2 time: 0.014 secs.
Rows Read: 6809, Total Rows Processed: 6809, Total Chunk Time: 0.001 seconds 

Iteration 3 time: 0.013 secs.
Rows Read: 6809, Total Rows Processed: 6809, Total Chunk Time: 0.002 seconds 

Iteration 4 time: 0.019 secs.
Rows Read: 6809, Total Rows Processed: 6809, Total Chunk Time: Less than .001 seconds 

Iteration 5 time: 0.017 secs.

Elapsed computation time: 0.146 secs.

Elapsed computation time: 0.394 secs.
[1] "--------------------------------------------------------------------------------"
[1] "analyze.results.glm.step="
Logistic Regression Results for: RaceHorse.IsHitA ~
    DataMiningTaisen.TmScoreSdv
Data: data
Dependent variable(s): RaceHorse.IsHitA
Total independent variables: 2 
Number of valid observations: 6809
Number of missing observations: 0 
 
Coefficients:
                            RaceHorse.IsHitA
(Intercept)                             -2.8
DataMiningTaisen.TmScoreSdv              0.9
[1] "analyze.results.glm.step.summary"
Call:
rxLogit(formula = formula, data = data, variableSelection = analyze.results.glm.step.varsel)

Logistic Regression Results for: RaceHorse.IsHitA ~
    DataMiningTaisen.TmScoreSdv
Data: data
Dependent variable(s): RaceHorse.IsHitA
Total independent variables: 2 
Number of valid observations: 6809
Number of missing observations: 0 
-2*LogLikelihood: 3446.284 (Residual deviance on 6807 degrees of freedom)
 
Coefficients:
                            Estimate Std. Error z value Pr(>|z|)    
(Intercept)                  -2.7513     0.0577   -47.7  2.2e-16 ***
DataMiningTaisen.TmScoreSdv   0.8505     0.0569    15.0  2.2e-16 ***
---
Signif. codes:  0 '***' 0.001 '**' 0.01 '*' 0.05 '.' 0.1 ' ' 1

Condition number of final variance-covariance matrix: 1 
Number of iterations: 5
[1] "--------------------------------------------------------------------------------"
[1] "2022-02-21 22:08:11 --- rxGlm with rxStepControl Finish ---"
[1] "2022-02-21 22:08:11 --- rxStepPlot Start ---"
[1] "pdfFilename=pdf_analyze_glm_DataMiningTaisen_Type12_rxStepPlot.pdf"
[1] "rxStepPlot="
[1] "2022-02-21 22:08:11 --- rxStepPlot Finish ---"
[1] "2022-02-21 22:08:11 --- save.image Start ---"
[1] "save.image"
[1] "rdataFilename=RData_analyze_glm_DataMiningTaisen_Type12.RData"
[1] "2022-02-21 22:08:11 --- save.image Finish ---"
[1] "2022-02-21 22:08:11 --- final Start ---"
[1] "--------------------------------------------------------------------------------"
[1] "nrow(data) final=6809"
[1] "--------------------------------------------------------------------------------"
[1] "2022-02-21 22:08:11 --- final Finish ---"
[1] "2022-02-21 22:08:11 --- analyze_glm.R Finished ---"
[1] "2022-02-21 22:08:11 --- log Finish ---"
