[1] "2022-03-08 18:25:08 --- D1115_analyze_glm_Gen01_IsHitA_Type21 Start ---"
[1] "2022-03-08 18:25:08 --- Log Start ---"
[1] "2022-03-08 18:25:08 --- analyze_glm.R Start ---"
[1] "analyzeVersion=D1115"
[1] "analyzeCategory=analyze"
[1] "analyzeType=Gen01"
[1] "analyzeFamily=IsHitA"
[1] "analyzeFunc=glm"
[1] "analyzeTrackTypeCd=2"
[1] "analyzeJyokenCd=1"
[1] "2022-03-08 18:25:08 --- source_function.R Start ---"
[1] "2022-03-08 18:25:08 --- source_function.R Finished ---"

> print(paste0(Sys.time(), " --- source_library.R Start ---"))
[1] "2022-03-08 18:25:08 --- source_library.R Start ---"

> require("RevoScaleR")

> print(paste0(Sys.time(), " --- source_library.R Finished ---"))
[1] "2022-03-08 18:25:13 --- source_library.R Finished ---"
[1] "2022-03-08 18:25:13 --- RxSqlServerData Start ---"
[1] "2022-03-08 18:25:14 --- RxInSqlServer Start ---"
[1] "2022-03-08 18:25:14 --- RxInSqlServer Finish ---"
[1] "2022-03-08 18:25:14 --- rxSetComputeContext Start ---"
[1] "2022-03-08 18:25:14 --- rxSetComputeContext Finish ---"
[1] "2022-03-08 18:25:14 --- RxSqlServerData Start ---"
[1] "sqlQuery=SELECT * FROM ViewAnalyzeD1115analyze01Gen01Type21"
[1] "2022-03-08 18:25:14 --- RxSqlServerData Finish ---"
[1] "2022-03-08 18:25:14 --- rxGetVarInfo Start ---"
[1] "2022-03-08 18:25:15 --- rxGetVarInfo Finish---"
[1] "2022-03-08 18:25:15 --- rxImport Start ---"
Rows Read: 4143, Total Rows Processed: 4143, Total Chunk Time: 76.973 seconds 
[1] "2022-03-08 18:27:31 --- rxImport Finish ---"
[1] "object.size(data) auto=1.4 Mb"
[1] "--------------------------------------------------------------------------------"
[1] "nrow(data) RxSqlServerData=4143"
[1] "--------------------------------------------------------------------------------"
[1] "str(data)="
'data.frame':	4143 obs. of  48 variables:
 $ Race.RaceId                      : Factor w/ 300 levels "20160424-05-02-02-10",..: 11 12 13 14 15 16 17 18 19 20 ...
 $ Race.IsAnalyzeNormalPastAndFuture: logi  TRUE TRUE TRUE TRUE TRUE TRUE ...
 $ Race.IsAnalyzeNormalPast         : logi  TRUE TRUE TRUE TRUE TRUE TRUE ...
 $ Race.IsAnalyzeNormalFuture       : logi  FALSE FALSE FALSE FALSE FALSE FALSE ...
 $ Race.IsAnalyzeFullPastAndFuture  : logi  TRUE TRUE TRUE TRUE TRUE TRUE ...
 $ Race.IsAnalyzeFullPast           : logi  TRUE TRUE TRUE TRUE TRUE TRUE ...
 $ Race.IsAnalyzeFullFuture         : logi  FALSE FALSE FALSE FALSE FALSE FALSE ...
 $ Race.JyokenCd                    : Factor w/ 1 level "1": 1 1 1 1 1 1 1 1 1 1 ...
 $ Race.JyoType1Cd                  : Factor w/ 62 levels "23-05-1600-1",..: 8 9 10 11 10 12 8 13 14 15 ...
 $ Race.RaceType1Cd                 : Factor w/ 3 levels "2-1-14","2-1-12",..: 1 1 2 1 1 1 1 2 1 1 ...
 $ RaceHorse.RaceId                 : Factor w/ 300 levels "20160424-05-02-02-10",..: 11 12 13 14 15 16 17 18 19 20 ...
 $ RaceHorse.KettoNum               : Factor w/ 871 levels "2012104551","2011100016",..: 10 11 12 13 14 15 16 17 18 19 ...
 $ RaceHorse.IsHit1                 : num  0 0 0 0 0 0 0 0 0 0 ...
 $ RaceHorse.IsHit2                 : num  0 0 0 0 0 1 0 0 0 0 ...
 $ RaceHorse.IsHit3                 : num  0 0 0 0 0 0 0 0 0 0 ...
 $ RaceHorse.IsHit4                 : num  1 0 0 0 0 0 0 0 0 1 ...
 $ RaceHorse.IsHit5                 : num  0 0 0 0 0 0 0 0 0 0 ...
 $ RaceHorse.IsHit6                 : num  0 1 1 1 1 0 1 1 1 0 ...
 $ RaceHorse.IsValidRaceHorse       : logi  TRUE FALSE TRUE TRUE TRUE TRUE ...
 $ RaceHorse.FinishTimeSdvByRace    : num  0.77 -2.037 -0.593 0.166 0.22 ...
 $ RaceHorse.FirstTimeSdvByRace     : num  -0.371 1.786 -0.241 -1.15 0.298 ...
 $ RaceHorse.LastTimeSdvByRace      : num  1.2624 -2.3661 -0.3519 0.7242 0.0386 ...
 $ RaceHorse.FinishTimeSdv          : num  1.577 0.284 0.719 1.674 1.126 ...
 $ RaceHorse.FirstTimeSdv           : num  0.758 0.683 0.471 -0.437 1.157 ...
 $ RaceHorse.LastTimeSdv            : num  1.453 -0.228 0.518 2.368 0.518 ...
 $ RaceHorse.IsHitA                 : num  0 0 0 0 0 0 0 0 0 0 ...
 $ RaceHorse.IsHitB                 : num  0 0 0 0 0 1 0 0 0 0 ...
 $ RaceHorse.IsHitC                 : num  0 0 0 0 0 1 0 0 0 0 ...
 $ Gen01.HansyokuNum                : Factor w/ 168 levels "11202119","11202241",..: 7 8 9 10 11 12 12 13 14 15 ...
 $ Gen01.FinishTimeSdvByRaceAvg     : num  -0.148 0.279 -0.399 -0.193 0.52 ...
 $ Gen01.FirstTimeSdvByRaceAvg      : num  -0.3211 0.042 -0.7439 -0.8618 0.0315 ...
 $ Gen01.LastTimeSdvByRaceAvg       : num  0.0657 0.2638 0.0785 0.1186 0.4146 ...
 $ Gen01.FinishTimeSdvAvg           : num  1.219 1.46 0.617 1.188 1.499 ...
 $ Gen01.FirstTimeSdvAvg            : num  0.886 1.054 0.651 0.733 0.574 ...
 $ Gen01.LastTimeSdvAvg             : num  0.902 1.087 0.297 1.001 1.498 ...
 $ Gen01.RealOddsLog1Avg            : num  3.35 3.25 3.39 3.97 3.75 ...
 $ Gen01.RunCount                   : num  31 151 4 9 11 19 20 5 14 7 ...
 $ Gen01.HitCount1                  : num  0 10 0 1 1 3 3 0 1 0 ...
 $ Gen01.HitCount2                  : num  0 17 0 0 0 2 3 0 2 0 ...
 $ Gen01.HitCount3                  : num  3 11 0 1 2 1 1 0 0 0 ...
 $ Gen01.HitCount4                  : num  2 15 0 1 2 2 2 0 2 1 ...
 $ Gen01.HitCount5                  : num  2 19 1 1 1 1 1 0 2 0 ...
 $ Gen01.HitRate1                   : num  0 0.0662 0 0.1111 0.0909 ...
 $ Gen01.HitRate2                   : num  0 0.113 0 0 0 ...
 $ Gen01.HitRate3                   : num  0.0968 0.0728 0 0.1111 0.1818 ...
 $ Gen01.HitRate4                   : num  0.0645 0.0993 0 0.1111 0.1818 ...
 $ Gen01.HitRate5                   : num  0.0645 0.1258 0.25 0.1111 0.0909 ...
 $ EOF                              : int  1 1 1 1 1 1 1 1 1 1 ...
[1] "2022-03-08 18:27:37 --- RxSqlServerData Finish ---"
[1] "2022-03-08 18:27:37 --- subset Start ---"
[1] "--------------------------------------------------------------------------------"
[1] "nrow(data) subset before=4143"
[1] "nrow(data) subset after =4143"
[1] "nrow(data) subset diff =0"
[1] "--------------------------------------------------------------------------------"
[1] "2022-03-08 18:27:37 --- subset Finish---"
[1] "2022-03-08 18:27:37 --- transform Start ---"
[1] "--------------------------------------------------------------------------------"
[1] "nrow(data) transform before=4143"
[1] "nrow(data) transform after=4143"
[1] "nrow(data) transform diff=0"
[1] "--------------------------------------------------------------------------------"
[1] "str(data)="
'data.frame':	4143 obs. of  48 variables:
 $ Race.RaceId                      : Factor w/ 300 levels "20160424-05-02-02-10",..: 11 12 13 14 15 16 17 18 19 20 ...
 $ Race.IsAnalyzeNormalPastAndFuture: logi  TRUE TRUE TRUE TRUE TRUE TRUE ...
 $ Race.IsAnalyzeNormalPast         : logi  TRUE TRUE TRUE TRUE TRUE TRUE ...
 $ Race.IsAnalyzeNormalFuture       : logi  FALSE FALSE FALSE FALSE FALSE FALSE ...
 $ Race.IsAnalyzeFullPastAndFuture  : logi  TRUE TRUE TRUE TRUE TRUE TRUE ...
 $ Race.IsAnalyzeFullPast           : logi  TRUE TRUE TRUE TRUE TRUE TRUE ...
 $ Race.IsAnalyzeFullFuture         : logi  FALSE FALSE FALSE FALSE FALSE FALSE ...
 $ Race.JyokenCd                    : Factor w/ 1 level "1": 1 1 1 1 1 1 1 1 1 1 ...
 $ Race.JyoType1Cd                  : Factor w/ 62 levels "23-05-1600-1",..: 8 9 10 11 10 12 8 13 14 15 ...
 $ Race.RaceType1Cd                 : Factor w/ 3 levels "2-1-14","2-1-12",..: 1 1 2 1 1 1 1 2 1 1 ...
 $ RaceHorse.RaceId                 : Factor w/ 300 levels "20160424-05-02-02-10",..: 11 12 13 14 15 16 17 18 19 20 ...
 $ RaceHorse.KettoNum               : Factor w/ 871 levels "2012104551","2011100016",..: 10 11 12 13 14 15 16 17 18 19 ...
 $ RaceHorse.IsHit1                 : num  0 0 0 0 0 0 0 0 0 0 ...
 $ RaceHorse.IsHit2                 : num  0 0 0 0 0 1 0 0 0 0 ...
 $ RaceHorse.IsHit3                 : num  0 0 0 0 0 0 0 0 0 0 ...
 $ RaceHorse.IsHit4                 : num  1 0 0 0 0 0 0 0 0 1 ...
 $ RaceHorse.IsHit5                 : num  0 0 0 0 0 0 0 0 0 0 ...
 $ RaceHorse.IsHit6                 : num  0 1 1 1 1 0 1 1 1 0 ...
 $ RaceHorse.IsValidRaceHorse       : logi  TRUE FALSE TRUE TRUE TRUE TRUE ...
 $ RaceHorse.FinishTimeSdvByRace    : num  0.77 -2.037 -0.593 0.166 0.22 ...
 $ RaceHorse.FirstTimeSdvByRace     : num  -0.371 1.786 -0.241 -1.15 0.298 ...
 $ RaceHorse.LastTimeSdvByRace      : num  1.2624 -2.3661 -0.3519 0.7242 0.0386 ...
 $ RaceHorse.FinishTimeSdv          : num  1.577 0.284 0.719 1.674 1.126 ...
 $ RaceHorse.FirstTimeSdv           : num  0.758 0.683 0.471 -0.437 1.157 ...
 $ RaceHorse.LastTimeSdv            : num  1.453 -0.228 0.518 2.368 0.518 ...
 $ RaceHorse.IsHitA                 : num  0 0 0 0 0 0 0 0 0 0 ...
 $ RaceHorse.IsHitB                 : num  0 0 0 0 0 1 0 0 0 0 ...
 $ RaceHorse.IsHitC                 : num  0 0 0 0 0 1 0 0 0 0 ...
 $ Gen01.HansyokuNum                : Factor w/ 168 levels "11202119","11202241",..: 7 8 9 10 11 12 12 13 14 15 ...
 $ Gen01.FinishTimeSdvByRaceAvg     : num  -0.148 0.279 -0.399 -0.193 0.52 ...
 $ Gen01.FirstTimeSdvByRaceAvg      : num  -0.3211 0.042 -0.7439 -0.8618 0.0315 ...
 $ Gen01.LastTimeSdvByRaceAvg       : num  0.0657 0.2638 0.0785 0.1186 0.4146 ...
 $ Gen01.FinishTimeSdvAvg           : num  1.219 1.46 0.617 1.188 1.499 ...
 $ Gen01.FirstTimeSdvAvg            : num  0.886 1.054 0.651 0.733 0.574 ...
 $ Gen01.LastTimeSdvAvg             : num  0.902 1.087 0.297 1.001 1.498 ...
 $ Gen01.RealOddsLog1Avg            : num  3.35 3.25 3.39 3.97 3.75 ...
 $ Gen01.RunCount                   : num  31 151 4 9 11 19 20 5 14 7 ...
 $ Gen01.HitCount1                  : num  0 10 0 1 1 3 3 0 1 0 ...
 $ Gen01.HitCount2                  : num  0 17 0 0 0 2 3 0 2 0 ...
 $ Gen01.HitCount3                  : num  3 11 0 1 2 1 1 0 0 0 ...
 $ Gen01.HitCount4                  : num  2 15 0 1 2 2 2 0 2 1 ...
 $ Gen01.HitCount5                  : num  2 19 1 1 1 1 1 0 2 0 ...
 $ Gen01.HitRate1                   : num  0 0.0662 0 0.1111 0.0909 ...
 $ Gen01.HitRate2                   : num  0 0.113 0 0 0 ...
 $ Gen01.HitRate3                   : num  0.0968 0.0728 0 0.1111 0.1818 ...
 $ Gen01.HitRate4                   : num  0.0645 0.0993 0 0.1111 0.1818 ...
 $ Gen01.HitRate5                   : num  0.0645 0.1258 0.25 0.1111 0.0909 ...
 $ EOF                              : int  1 1 1 1 1 1 1 1 1 1 ...
NULL
[1] "2022-03-08 18:27:39 --- transform Finish ---"
[1] "2022-03-08 18:27:39 --- na.omit Start ---"
[1] "--------------------------------------------------------------------------------"
[1] "nrow(data) na.omit before=4143"
[1] "nrow(data) na.omit after =4121"
[1] "nrow(data) na.omit diff =22"
[1] "--------------------------------------------------------------------------------"
'data.frame':	4121 obs. of  48 variables:
 $ Race.RaceId                      : Factor w/ 300 levels "20160424-05-02-02-10",..: 11 12 13 14 15 16 17 18 19 20 ...
 $ Race.IsAnalyzeNormalPastAndFuture: logi  TRUE TRUE TRUE TRUE TRUE TRUE ...
 $ Race.IsAnalyzeNormalPast         : logi  TRUE TRUE TRUE TRUE TRUE TRUE ...
 $ Race.IsAnalyzeNormalFuture       : logi  FALSE FALSE FALSE FALSE FALSE FALSE ...
 $ Race.IsAnalyzeFullPastAndFuture  : logi  TRUE TRUE TRUE TRUE TRUE TRUE ...
 $ Race.IsAnalyzeFullPast           : logi  TRUE TRUE TRUE TRUE TRUE TRUE ...
 $ Race.IsAnalyzeFullFuture         : logi  FALSE FALSE FALSE FALSE FALSE FALSE ...
 $ Race.JyokenCd                    : Factor w/ 1 level "1": 1 1 1 1 1 1 1 1 1 1 ...
 $ Race.JyoType1Cd                  : Factor w/ 62 levels "23-05-1600-1",..: 8 9 10 11 10 12 8 13 14 15 ...
 $ Race.RaceType1Cd                 : Factor w/ 3 levels "2-1-14","2-1-12",..: 1 1 2 1 1 1 1 2 1 1 ...
 $ RaceHorse.RaceId                 : Factor w/ 300 levels "20160424-05-02-02-10",..: 11 12 13 14 15 16 17 18 19 20 ...
 $ RaceHorse.KettoNum               : Factor w/ 871 levels "2012104551","2011100016",..: 10 11 12 13 14 15 16 17 18 19 ...
 $ RaceHorse.IsHit1                 : num  0 0 0 0 0 0 0 0 0 0 ...
 $ RaceHorse.IsHit2                 : num  0 0 0 0 0 1 0 0 0 0 ...
 $ RaceHorse.IsHit3                 : num  0 0 0 0 0 0 0 0 0 0 ...
 $ RaceHorse.IsHit4                 : num  1 0 0 0 0 0 0 0 0 1 ...
 $ RaceHorse.IsHit5                 : num  0 0 0 0 0 0 0 0 0 0 ...
 $ RaceHorse.IsHit6                 : num  0 1 1 1 1 0 1 1 1 0 ...
 $ RaceHorse.IsValidRaceHorse       : logi  TRUE FALSE TRUE TRUE TRUE TRUE ...
 $ RaceHorse.FinishTimeSdvByRace    : num  0.77 -2.037 -0.593 0.166 0.22 ...
 $ RaceHorse.FirstTimeSdvByRace     : num  -0.371 1.786 -0.241 -1.15 0.298 ...
 $ RaceHorse.LastTimeSdvByRace      : num  1.2624 -2.3661 -0.3519 0.7242 0.0386 ...
 $ RaceHorse.FinishTimeSdv          : num  1.577 0.284 0.719 1.674 1.126 ...
 $ RaceHorse.FirstTimeSdv           : num  0.758 0.683 0.471 -0.437 1.157 ...
 $ RaceHorse.LastTimeSdv            : num  1.453 -0.228 0.518 2.368 0.518 ...
 $ RaceHorse.IsHitA                 : num  0 0 0 0 0 0 0 0 0 0 ...
 $ RaceHorse.IsHitB                 : num  0 0 0 0 0 1 0 0 0 0 ...
 $ RaceHorse.IsHitC                 : num  0 0 0 0 0 1 0 0 0 0 ...
 $ Gen01.HansyokuNum                : Factor w/ 168 levels "11202119","11202241",..: 7 8 9 10 11 12 12 13 14 15 ...
 $ Gen01.FinishTimeSdvByRaceAvg     : num  -0.148 0.279 -0.399 -0.193 0.52 ...
 $ Gen01.FirstTimeSdvByRaceAvg      : num  -0.3211 0.042 -0.7439 -0.8618 0.0315 ...
 $ Gen01.LastTimeSdvByRaceAvg       : num  0.0657 0.2638 0.0785 0.1186 0.4146 ...
 $ Gen01.FinishTimeSdvAvg           : num  1.219 1.46 0.617 1.188 1.499 ...
 $ Gen01.FirstTimeSdvAvg            : num  0.886 1.054 0.651 0.733 0.574 ...
 $ Gen01.LastTimeSdvAvg             : num  0.902 1.087 0.297 1.001 1.498 ...
 $ Gen01.RealOddsLog1Avg            : num  3.35 3.25 3.39 3.97 3.75 ...
 $ Gen01.RunCount                   : num  31 151 4 9 11 19 20 5 14 7 ...
 $ Gen01.HitCount1                  : num  0 10 0 1 1 3 3 0 1 0 ...
 $ Gen01.HitCount2                  : num  0 17 0 0 0 2 3 0 2 0 ...
 $ Gen01.HitCount3                  : num  3 11 0 1 2 1 1 0 0 0 ...
 $ Gen01.HitCount4                  : num  2 15 0 1 2 2 2 0 2 1 ...
 $ Gen01.HitCount5                  : num  2 19 1 1 1 1 1 0 2 0 ...
 $ Gen01.HitRate1                   : num  0 0.0662 0 0.1111 0.0909 ...
 $ Gen01.HitRate2                   : num  0 0.113 0 0 0 ...
 $ Gen01.HitRate3                   : num  0.0968 0.0728 0 0.1111 0.1818 ...
 $ Gen01.HitRate4                   : num  0.0645 0.0993 0 0.1111 0.1818 ...
 $ Gen01.HitRate5                   : num  0.0645 0.1258 0.25 0.1111 0.0909 ...
 $ EOF                              : int  1 1 1 1 1 1 1 1 1 1 ...
 - attr(*, "na.action")= 'omit' Named int  107 477 494 498 675 852 991 1127 1201 1418 ...
  ..- attr(*, "names")= chr  "107" "477" "494" "498" ...
[1] "2022-03-08 18:27:40 --- na.omit Finish ---"
[1] "2022-03-08 18:27:40 --- rxLogit with rxStepControl Start ---"

> print(paste0(Sys.time(), " --- source_logic_glm.R Start ---"))
[1] "2022-03-08 18:27:40 --- source_logic_glm.R Start ---"

> formula <- formula(RaceHorse.IsHitA ~ +1 + Gen01.FinishTimeSdvByRaceAvg)

> print(paste0(Sys.time(), " --- source_logic_glm.R Finished ---"))
[1] "2022-03-08 18:27:40 --- source_logic_glm.R Finished ---"
Rows Read: 4121, Total Rows Processed: 4121, Total Chunk Time: 0.001 seconds 

Starting values (iteration 1) time: 0.010 secs.
Rows Read: 4121, Total Rows Processed: 4121, Total Chunk Time: 0.001 seconds 

Iteration 2 time: 0.006 secs.
Rows Read: 4121, Total Rows Processed: 4121, Total Chunk Time: 0.002 seconds 

Iteration 3 time: 0.005 secs.
Rows Read: 4121, Total Rows Processed: 4121, Total Chunk Time: 0.001 seconds 

Iteration 4 time: 0.004 secs.

Elapsed computation time: 0.046 secs.
Rows Read: 4121, Total Rows Processed: 4121, Total Chunk Time: Less than .001 seconds 

Starting values (iteration 1) time: 0.005 secs.
Rows Read: 4121, Total Rows Processed: 4121, Total Chunk Time: Less than .001 seconds 

Iteration 2 time: 0.005 secs.

Elapsed computation time: 0.021 secs.
Rows Read: 4121, Total Rows Processed: 4121, Total Chunk Time: 0.001 seconds 

Starting values (iteration 1) time: 0.006 secs.
Rows Read: 4121, Total Rows Processed: 4121, Total Chunk Time: 0.001 seconds 

Iteration 2 time: 0.005 secs.
Rows Read: 4121, Total Rows Processed: 4121, Total Chunk Time: 0.001 seconds 

Iteration 3 time: 0.004 secs.
Rows Read: 4121, Total Rows Processed: 4121, Total Chunk Time: 0.001 seconds 

Iteration 4 time: 0.004 secs.

Elapsed computation time: 0.036 secs.

Elapsed computation time: 0.117 secs.
[1] "--------------------------------------------------------------------------------"
[1] "analyze.results.glm.step="
Logistic Regression Results for: RaceHorse.IsHitA ~
    Gen01.FinishTimeSdvByRaceAvg
Data: data
Dependent variable(s): RaceHorse.IsHitA
Total independent variables: 2 
Number of valid observations: 4121
Number of missing observations: 0 
 
Coefficients:
                             RaceHorse.IsHitA
(Intercept)                              -2.8
Gen01.FinishTimeSdvByRaceAvg              0.6
[1] "analyze.results.glm.step.summary"
Call:
rxLogit(formula = formula, data = data, variableSelection = analyze.results.glm.step.varsel)

Logistic Regression Results for: RaceHorse.IsHitA ~
    Gen01.FinishTimeSdvByRaceAvg
Data: data
Dependent variable(s): RaceHorse.IsHitA
Total independent variables: 2 
Number of valid observations: 4121
Number of missing observations: 0 
-2*LogLikelihood: 2031.769 (Residual deviance on 4119 degrees of freedom)
 
Coefficients:
                             Estimate Std. Error z value Pr(>|z|)    
(Intercept)                   -2.7522     0.0781  -35.22  2.2e-16 ***
Gen01.FinishTimeSdvByRaceAvg   0.5579     0.1824    3.06   0.0022 ** 
---
Signif. codes:  0 '***' 0.001 '**' 0.01 '*' 0.05 '.' 0.1 ' ' 1

Condition number of final variance-covariance matrix: 1 
Number of iterations: 4
[1] "--------------------------------------------------------------------------------"
[1] "2022-03-08 18:27:40 --- rxLogit with rxStepControl Finish ---"
[1] "2022-03-08 18:27:40 --- rxStepPlot Start ---"
[1] "pdfFilename=pdf_analyze_glm_Gen01_Type21_rxStepPlot.pdf"
[1] "rxStepPlot="
[1] "2022-03-08 18:28:13 --- rxStepPlot Finish ---"
[1] "2022-03-08 18:28:13 --- save.image Start ---"
[1] "save.image"
[1] "rdataFilename=RData_analyze_glm_Gen01_Type21.RData"
[1] "2022-03-08 18:28:28 --- save.image Finish ---"
[1] "2022-03-08 18:28:28 --- final Start ---"
[1] "--------------------------------------------------------------------------------"
[1] "nrow(data) final=4121"
[1] "--------------------------------------------------------------------------------"
[1] "2022-03-08 18:28:28 --- final Finish ---"
[1] "2022-03-08 18:28:28 --- analyze_glm.R Finished ---"
[1] "2022-03-08 18:28:28 --- log Finish ---"
