[1] "2022-02-18 01:43:24 --- D1115_analyze_glm_Odds_IsHitA_Type25 Start ---"
[1] "2022-02-18 01:43:24 --- Log Start ---"
[1] "2022-02-18 01:43:24 --- analyze_glm.R Start ---"
[1] "analyzeVersion=D1115"
[1] "analyzeCategory=analyze"
[1] "analyzeType=Odds"
[1] "analyzeFamily=IsHitA"
[1] "analyzeFunc=glm"
[1] "analyzeTrackTypeCd=2"
[1] "analyzeJyokenCd=5"
[1] "2022-02-18 01:43:24 --- source_function.R Start ---"
[1] "2022-02-18 01:43:24 --- source_function.R Finished ---"

> print(paste0(Sys.time(), " --- source_library.R Start ---"))
[1] "2022-02-18 01:43:24 --- source_library.R Start ---"

> require("RevoScaleR")

> print(paste0(Sys.time(), " --- source_library.R Finished ---"))
[1] "2022-02-18 01:43:28 --- source_library.R Finished ---"
[1] "2022-02-18 01:43:28 --- RxSqlServerData Start ---"
[1] "2022-02-18 01:43:28 --- RxInSqlServer Start ---"
[1] "2022-02-18 01:43:29 --- RxInSqlServer Finish ---"
[1] "2022-02-18 01:43:29 --- rxSetComputeContext Start ---"
[1] "2022-02-18 01:43:29 --- rxSetComputeContext Finish ---"
[1] "2022-02-18 01:43:29 --- RxSqlServerData Start ---"
[1] "sqlQuery=SELECT * FROM ViewAnalyzeD1115analyze01OddsType25"
[1] "2022-02-18 01:43:29 --- RxSqlServerData Finish ---"
[1] "2022-02-18 01:43:29 --- rxGetVarInfo Start ---"
[1] "2022-02-18 01:43:29 --- rxGetVarInfo Finish---"
[1] "2022-02-18 01:43:29 --- rxImport Start ---"
Rows Read: 59418, Total Rows Processed: 59418, Total Chunk Time: 1.819 seconds 
[1] "2022-02-18 01:43:35 --- rxImport Finish ---"
[1] "object.size(data) auto=11.6 Mb"
[1] "--------------------------------------------------------------------------------"
[1] "nrow(data) RxSqlServerData=59418"
[1] "--------------------------------------------------------------------------------"
[1] "str(data)="
'data.frame':	59418 obs. of  35 variables:
 $ Race.RaceId                      : Factor w/ 4041 levels "20160116-07-01-01-01",..: 2 2 2 2 2 2 2 2 2 2 ...
 $ Race.IsPredictedRace             : logi  TRUE TRUE TRUE TRUE TRUE TRUE ...
 $ Race.IsAnalyzeNormalPastAndFuture: logi  TRUE TRUE TRUE TRUE TRUE TRUE ...
 $ Race.IsAnalyzeNormalPast         : logi  TRUE TRUE TRUE TRUE TRUE TRUE ...
 $ Race.IsAnalyzeNormalFuture       : logi  FALSE FALSE FALSE FALSE FALSE FALSE ...
 $ Race.IsAnalyzeFullPastAndFuture  : logi  TRUE TRUE TRUE TRUE TRUE TRUE ...
 $ Race.IsAnalyzeFullPast           : logi  TRUE TRUE TRUE TRUE TRUE TRUE ...
 $ Race.IsAnalyzeFullFuture         : logi  FALSE FALSE FALSE FALSE FALSE FALSE ...
 $ Race.JyokenCd                    : Factor w/ 1 level "5": 1 1 1 1 1 1 1 1 1 1 ...
 $ Race.JyoType1Cd                  : Factor w/ 118 levels "2-07-1800-1",..: 2 2 2 2 2 2 2 2 2 2 ...
 $ Race.RaceType0Cd                 : Factor w/ 205 levels "2-07-1800-1-5-X-12",..: 2 2 2 2 2 2 2 2 2 2 ...
 $ Race.RaceType1Cd                 : Factor w/ 1 level "2-5-X": 1 1 1 1 1 1 1 1 1 1 ...
 $ Race.RaceType2Cd                 : Factor w/ 1 level "2-5-X": 1 1 1 1 1 1 1 1 1 1 ...
 $ Race.RaceType3Cd                 : Factor w/ 2 levels "5-X-12","5-X-11": 1 1 1 1 1 1 1 1 1 1 ...
 $ Race.RaceType4Cd                 : Factor w/ 2 levels "2-5-12","2-5-11": 1 1 1 1 1 1 1 1 1 1 ...
 $ RaceHorse.RaceId                 : Factor w/ 4041 levels "20160116-07-01-01-01",..: 2 2 2 2 2 2 2 2 2 2 ...
 $ RaceHorse.KettoNum               : Factor w/ 20591 levels "2013106365","2013105640",..: 11 12 13 14 15 16 17 18 19 20 ...
 $ RaceHorse.IsHit1                 : int  0 0 0 0 0 0 0 0 0 0 ...
 $ RaceHorse.IsHit2                 : int  0 0 0 0 0 0 0 0 0 0 ...
 $ RaceHorse.IsHit3                 : int  0 0 0 0 0 0 0 0 0 0 ...
 $ RaceHorse.IsHit4                 : int  0 0 0 0 0 0 0 0 1 0 ...
 $ RaceHorse.IsHit5                 : int  0 0 0 0 1 0 0 0 0 0 ...
 $ RaceHorse.IsHit6                 : int  1 1 1 1 0 1 1 1 0 1 ...
 $ RaceHorse.IsValidRaceHorse       : logi  TRUE TRUE TRUE TRUE TRUE TRUE ...
 $ RaceHorse.IsHitA                 : int  0 0 0 0 0 0 0 0 0 0 ...
 $ RaceHorse.IsHitB                 : int  0 0 0 0 0 0 0 0 0 0 ...
 $ RaceHorse.IsHitC                 : int  0 0 0 0 0 0 0 0 0 0 ...
 $ OddsByWin.Odds1                  : num  190.5 84.2 14.7 292.7 5.4 ...
 $ OddsByWin.Ninki                  : num  14 11 6 16 3 13 7 8 10 4 ...
 $ OddsByWin.OddsLog1               : num  5.25 4.45 2.75 5.68 1.86 ...
 $ OddsByWin.OddsRatio1             : num  0.00528 0.01202 0.07299 0.00343 0.22727 ...
 $ OddsByWin.OddsLogit1             : num  -5.25 -4.43 -2.69 -5.68 -1.69 ...
 $ OddsByWin.ApprovalRate1          : num  0.00525 0.01188 0.06803 0.00342 0.18519 ...
 $ OddsByWin.ApprovalRateLog1       : num  0.00524 0.01181 0.06581 0.00341 0.1699 ...
 $ EOF                              : int  1 1 1 1 1 1 1 1 1 1 ...
[1] "2022-02-18 01:43:36 --- RxSqlServerData Finish ---"
[1] "2022-02-18 01:43:36 --- subset Start ---"
[1] "--------------------------------------------------------------------------------"
[1] "nrow(data) subset before=59418"
[1] "nrow(data) subset after =48328"
[1] "nrow(data) subset diff =11090"
[1] "--------------------------------------------------------------------------------"
[1] "2022-02-18 01:43:36 --- subset Finish---"
[1] "2022-02-18 01:43:36 --- transform Start ---"
[1] "--------------------------------------------------------------------------------"
[1] "nrow(data) transform before=48328"
[1] "nrow(data) transform after=48328"
[1] "nrow(data) transform diff=0"
[1] "--------------------------------------------------------------------------------"
[1] "str(data)="
'data.frame':	48328 obs. of  35 variables:
 $ Race.RaceId                      : Factor w/ 4041 levels "20160116-07-01-01-01",..: 2 2 2 2 2 2 2 2 2 2 ...
 $ Race.IsPredictedRace             : logi  TRUE TRUE TRUE TRUE TRUE TRUE ...
 $ Race.IsAnalyzeNormalPastAndFuture: logi  TRUE TRUE TRUE TRUE TRUE TRUE ...
 $ Race.IsAnalyzeNormalPast         : logi  TRUE TRUE TRUE TRUE TRUE TRUE ...
 $ Race.IsAnalyzeNormalFuture       : logi  FALSE FALSE FALSE FALSE FALSE FALSE ...
 $ Race.IsAnalyzeFullPastAndFuture  : logi  TRUE TRUE TRUE TRUE TRUE TRUE ...
 $ Race.IsAnalyzeFullPast           : logi  TRUE TRUE TRUE TRUE TRUE TRUE ...
 $ Race.IsAnalyzeFullFuture         : logi  FALSE FALSE FALSE FALSE FALSE FALSE ...
 $ Race.JyokenCd                    : Factor w/ 1 level "5": 1 1 1 1 1 1 1 1 1 1 ...
 $ Race.JyoType1Cd                  : Factor w/ 118 levels "2-07-1800-1",..: 2 2 2 2 2 2 2 2 2 2 ...
 $ Race.RaceType0Cd                 : Factor w/ 205 levels "2-07-1800-1-5-X-12",..: 2 2 2 2 2 2 2 2 2 2 ...
 $ Race.RaceType1Cd                 : Factor w/ 1 level "2-5-X": 1 1 1 1 1 1 1 1 1 1 ...
 $ Race.RaceType2Cd                 : Factor w/ 1 level "2-5-X": 1 1 1 1 1 1 1 1 1 1 ...
 $ Race.RaceType3Cd                 : Factor w/ 2 levels "5-X-12","5-X-11": 1 1 1 1 1 1 1 1 1 1 ...
 $ Race.RaceType4Cd                 : Factor w/ 2 levels "2-5-12","2-5-11": 1 1 1 1 1 1 1 1 1 1 ...
 $ RaceHorse.RaceId                 : Factor w/ 4041 levels "20160116-07-01-01-01",..: 2 2 2 2 2 2 2 2 2 2 ...
 $ RaceHorse.KettoNum               : Factor w/ 20591 levels "2013106365","2013105640",..: 11 12 13 14 15 16 17 18 19 20 ...
 $ RaceHorse.IsHit1                 : int  0 0 0 0 0 0 0 0 0 0 ...
 $ RaceHorse.IsHit2                 : int  0 0 0 0 0 0 0 0 0 0 ...
 $ RaceHorse.IsHit3                 : int  0 0 0 0 0 0 0 0 0 0 ...
 $ RaceHorse.IsHit4                 : int  0 0 0 0 0 0 0 0 1 0 ...
 $ RaceHorse.IsHit5                 : int  0 0 0 0 1 0 0 0 0 0 ...
 $ RaceHorse.IsHit6                 : int  1 1 1 1 0 1 1 1 0 1 ...
 $ RaceHorse.IsValidRaceHorse       : logi  TRUE TRUE TRUE TRUE TRUE TRUE ...
 $ RaceHorse.IsHitA                 : int  0 0 0 0 0 0 0 0 0 0 ...
 $ RaceHorse.IsHitB                 : int  0 0 0 0 0 0 0 0 0 0 ...
 $ RaceHorse.IsHitC                 : int  0 0 0 0 0 0 0 0 0 0 ...
 $ OddsByWin.Odds1                  : num  190.5 84.2 14.7 292.7 5.4 ...
 $ OddsByWin.Ninki                  : num  14 11 6 16 3 13 7 8 10 4 ...
 $ OddsByWin.OddsLog1               : num  5.25 4.45 2.75 5.68 1.86 ...
 $ OddsByWin.OddsRatio1             : num  0.00528 0.01202 0.07299 0.00343 0.22727 ...
 $ OddsByWin.OddsLogit1             : num  -5.25 -4.43 -2.69 -5.68 -1.69 ...
 $ OddsByWin.ApprovalRate1          : num  0.00525 0.01188 0.06803 0.00342 0.18519 ...
 $ OddsByWin.ApprovalRateLog1       : num  0.00524 0.01181 0.06581 0.00341 0.1699 ...
 $ EOF                              : int  1 1 1 1 1 1 1 1 1 1 ...
NULL
[1] "2022-02-18 01:43:36 --- transform Finish ---"
[1] "2022-02-18 01:43:36 --- na.omit Start ---"
[1] "--------------------------------------------------------------------------------"
[1] "nrow(data) na.omit before=48328"
[1] "nrow(data) na.omit after =48119"
[1] "nrow(data) na.omit diff =209"
[1] "--------------------------------------------------------------------------------"
'data.frame':	48119 obs. of  35 variables:
 $ Race.RaceId                      : Factor w/ 4041 levels "20160116-07-01-01-01",..: 2 2 2 2 2 2 2 2 2 2 ...
 $ Race.IsPredictedRace             : logi  TRUE TRUE TRUE TRUE TRUE TRUE ...
 $ Race.IsAnalyzeNormalPastAndFuture: logi  TRUE TRUE TRUE TRUE TRUE TRUE ...
 $ Race.IsAnalyzeNormalPast         : logi  TRUE TRUE TRUE TRUE TRUE TRUE ...
 $ Race.IsAnalyzeNormalFuture       : logi  FALSE FALSE FALSE FALSE FALSE FALSE ...
 $ Race.IsAnalyzeFullPastAndFuture  : logi  TRUE TRUE TRUE TRUE TRUE TRUE ...
 $ Race.IsAnalyzeFullPast           : logi  TRUE TRUE TRUE TRUE TRUE TRUE ...
 $ Race.IsAnalyzeFullFuture         : logi  FALSE FALSE FALSE FALSE FALSE FALSE ...
 $ Race.JyokenCd                    : Factor w/ 1 level "5": 1 1 1 1 1 1 1 1 1 1 ...
 $ Race.JyoType1Cd                  : Factor w/ 118 levels "2-07-1800-1",..: 2 2 2 2 2 2 2 2 2 2 ...
 $ Race.RaceType0Cd                 : Factor w/ 205 levels "2-07-1800-1-5-X-12",..: 2 2 2 2 2 2 2 2 2 2 ...
 $ Race.RaceType1Cd                 : Factor w/ 1 level "2-5-X": 1 1 1 1 1 1 1 1 1 1 ...
 $ Race.RaceType2Cd                 : Factor w/ 1 level "2-5-X": 1 1 1 1 1 1 1 1 1 1 ...
 $ Race.RaceType3Cd                 : Factor w/ 2 levels "5-X-12","5-X-11": 1 1 1 1 1 1 1 1 1 1 ...
 $ Race.RaceType4Cd                 : Factor w/ 2 levels "2-5-12","2-5-11": 1 1 1 1 1 1 1 1 1 1 ...
 $ RaceHorse.RaceId                 : Factor w/ 4041 levels "20160116-07-01-01-01",..: 2 2 2 2 2 2 2 2 2 2 ...
 $ RaceHorse.KettoNum               : Factor w/ 20591 levels "2013106365","2013105640",..: 11 12 13 14 15 16 17 18 19 20 ...
 $ RaceHorse.IsHit1                 : int  0 0 0 0 0 0 0 0 0 0 ...
 $ RaceHorse.IsHit2                 : int  0 0 0 0 0 0 0 0 0 0 ...
 $ RaceHorse.IsHit3                 : int  0 0 0 0 0 0 0 0 0 0 ...
 $ RaceHorse.IsHit4                 : int  0 0 0 0 0 0 0 0 1 0 ...
 $ RaceHorse.IsHit5                 : int  0 0 0 0 1 0 0 0 0 0 ...
 $ RaceHorse.IsHit6                 : int  1 1 1 1 0 1 1 1 0 1 ...
 $ RaceHorse.IsValidRaceHorse       : logi  TRUE TRUE TRUE TRUE TRUE TRUE ...
 $ RaceHorse.IsHitA                 : int  0 0 0 0 0 0 0 0 0 0 ...
 $ RaceHorse.IsHitB                 : int  0 0 0 0 0 0 0 0 0 0 ...
 $ RaceHorse.IsHitC                 : int  0 0 0 0 0 0 0 0 0 0 ...
 $ OddsByWin.Odds1                  : num  190.5 84.2 14.7 292.7 5.4 ...
 $ OddsByWin.Ninki                  : num  14 11 6 16 3 13 7 8 10 4 ...
 $ OddsByWin.OddsLog1               : num  5.25 4.45 2.75 5.68 1.86 ...
 $ OddsByWin.OddsRatio1             : num  0.00528 0.01202 0.07299 0.00343 0.22727 ...
 $ OddsByWin.OddsLogit1             : num  -5.25 -4.43 -2.69 -5.68 -1.69 ...
 $ OddsByWin.ApprovalRate1          : num  0.00525 0.01188 0.06803 0.00342 0.18519 ...
 $ OddsByWin.ApprovalRateLog1       : num  0.00524 0.01181 0.06581 0.00341 0.1699 ...
 $ EOF                              : int  1 1 1 1 1 1 1 1 1 1 ...
 - attr(*, "na.action")= 'omit' Named int  75 366 815 932 1456 1564 1746 1829 1975 2156 ...
  ..- attr(*, "names")= chr  "75" "366" "815" "932" ...
[1] "2022-02-18 01:43:37 --- na.omit Finish ---"
[1] "2022-02-18 01:43:37 --- rxGlm with rxStepControl Start ---"

> print(paste0(Sys.time(), " --- source_logic_glm.R Start ---"))
[1] "2022-02-18 01:43:37 --- source_logic_glm.R Start ---"

> formula <- formula(RaceHorse.IsHitA ~ +1 + OddsByWin.OddsLogit1)

> print(paste0(Sys.time(), " --- source_logic_glm.R Finished ---"))
[1] "2022-02-18 01:43:37 --- source_logic_glm.R Finished ---"
Rows Read: 48119, Total Rows Processed: 48119, Total Chunk Time: 0.003 seconds 

Starting values (iteration 1) time: 0.051 secs.
Rows Read: 48119, Total Rows Processed: 48119, Total Chunk Time: 0.007 seconds 

Iteration 2 time: 0.019 secs.
Rows Read: 48119, Total Rows Processed: 48119, Total Chunk Time: 0.004 seconds 

Iteration 3 time: 0.015 secs.
Rows Read: 48119, Total Rows Processed: 48119, Total Chunk Time: 0.004 seconds 

Iteration 4 time: 0.014 secs.
Rows Read: 48119, Total Rows Processed: 48119, Total Chunk Time: 0.004 seconds 

Iteration 5 time: 0.021 secs.
Rows Read: 48119, Total Rows Processed: 48119, Total Chunk Time: 0.005 seconds 

Iteration 6 time: 0.014 secs.
Rows Read: 48119, Total Rows Processed: 48119, Total Chunk Time: 0.007 seconds 

Iteration 7 time: 0.016 secs.

Elapsed computation time: 0.198 secs.
Rows Read: 48119, Total Rows Processed: 48119, Total Chunk Time: Less than .001 seconds 

Starting values (iteration 1) time: 0.019 secs.
Rows Read: 48119, Total Rows Processed: 48119, Total Chunk Time: 0.002 seconds 

Iteration 2 time: 0.010 secs.

Elapsed computation time: 0.043 secs.
Rows Read: 48119, Total Rows Processed: 48119, Total Chunk Time: 0.002 seconds 

Starting values (iteration 1) time: 0.012 secs.
Rows Read: 48119, Total Rows Processed: 48119, Total Chunk Time: 0.004 seconds 

Iteration 2 time: 0.012 secs.
Rows Read: 48119, Total Rows Processed: 48119, Total Chunk Time: 0.003 seconds 

Iteration 3 time: 0.007 secs.
Rows Read: 48119, Total Rows Processed: 48119, Total Chunk Time: 0.003 seconds 

Iteration 4 time: 0.007 secs.
Rows Read: 48119, Total Rows Processed: 48119, Total Chunk Time: 0.004 seconds 

Iteration 5 time: 0.007 secs.
Rows Read: 48119, Total Rows Processed: 48119, Total Chunk Time: 0.003 seconds 

Iteration 6 time: 0.011 secs.
Rows Read: 48119, Total Rows Processed: 48119, Total Chunk Time: 0.004 seconds 

Iteration 7 time: 0.007 secs.

Elapsed computation time: 0.099 secs.

Elapsed computation time: 0.371 secs.
[1] "--------------------------------------------------------------------------------"
[1] "analyze.results.glm.step="
Logistic Regression Results for: RaceHorse.IsHitA ~
    OddsByWin.OddsLogit1
Data: data
Dependent variable(s): RaceHorse.IsHitA
Total independent variables: 2 
Number of valid observations: 48119
Number of missing observations: 0 
 
Coefficients:
                     RaceHorse.IsHitA
(Intercept)                       0.3
OddsByWin.OddsLogit1              1.1
[1] "analyze.results.glm.step.summary"
Call:
rxLogit(formula = formula, data = data, variableSelection = analyze.results.glm.step.varsel)

Logistic Regression Results for: RaceHorse.IsHitA ~
    OddsByWin.OddsLogit1
Data: data
Dependent variable(s): RaceHorse.IsHitA
Total independent variables: 2 
Number of valid observations: 48119
Number of missing observations: 0 
-2*LogLikelihood: 18433.694 (Residual deviance on 48117 degrees of freedom)
 
Coefficients:
                     Estimate Std. Error z value Pr(>|z|)    
(Intercept)            0.2525     0.0412    6.13  8.8e-10 ***
OddsByWin.OddsLogit1   1.1391     0.0196   58.24  2.2e-16 ***
---
Signif. codes:  0 '***' 0.001 '**' 0.01 '*' 0.05 '.' 0.1 ' ' 1

Condition number of final variance-covariance matrix: 1 
Number of iterations: 7
[1] "--------------------------------------------------------------------------------"
[1] "2022-02-18 01:43:37 --- rxGlm with rxStepControl Finish ---"
[1] "2022-02-18 01:43:37 --- rxStepPlot Start ---"
[1] "pdfFilename=pdf_analyze_glm_Odds_Type25_rxStepPlot.pdf"
[1] "rxStepPlot="
[1] "2022-02-18 01:43:45 --- rxStepPlot Finish ---"
[1] "2022-02-18 01:43:45 --- save.image Start ---"
[1] "save.image"
[1] "rdataFilename=RData_analyze_glm_Odds_Type25.RData"
[1] "2022-02-18 01:43:56 --- save.image Finish ---"
[1] "2022-02-18 01:43:56 --- final Start ---"
[1] "--------------------------------------------------------------------------------"
[1] "nrow(data) final=48119"
[1] "--------------------------------------------------------------------------------"
[1] "2022-02-18 01:43:56 --- final Finish ---"
[1] "2022-02-18 01:43:56 --- analyze_glm.R Finished ---"
[1] "2022-02-18 01:43:56 --- log Finish ---"
