[1] "2022-02-25 20:26:42 --- D1115_analyze_glm_Odds_IsHitA_Type26 Start ---"
[1] "2022-02-25 20:26:47 --- Log Start ---"
[1] "2022-02-25 20:26:51 --- analyze_glm.R Start ---"
[1] "analyzeVersion=D1115"
[1] "analyzeCategory=analyze"
[1] "analyzeType=Odds"
[1] "analyzeFamily=IsHitA"
[1] "analyzeFunc=glm"
[1] "analyzeTrackTypeCd=2"
[1] "analyzeJyokenCd=6"
[1] "2022-02-25 20:27:21 --- source_function.R Start ---"
[1] "2022-02-25 20:27:29 --- source_function.R Finished ---"

> print(paste0(Sys.time(), " --- source_library.R Start ---"))
[1] "2022-02-25 20:27:43 --- source_library.R Start ---"

> require("RevoScaleR")

> print(paste0(Sys.time(), " --- source_library.R Finished ---"))
[1] "2022-02-25 20:28:35 --- source_library.R Finished ---"
[1] "2022-02-25 20:28:54 --- RxSqlServerData Start ---"
[1] "2022-02-25 20:29:07 --- RxInSqlServer Start ---"
[1] "2022-02-25 20:29:28 --- RxInSqlServer Finish ---"
[1] "2022-02-25 20:29:30 --- rxSetComputeContext Start ---"
[1] "2022-02-25 20:29:53 --- rxSetComputeContext Finish ---"
[1] "2022-02-25 20:29:54 --- RxSqlServerData Start ---"
[1] "sqlQuery=SELECT * FROM ViewAnalyzeD1115analyze01OddsType26"
[1] "2022-02-25 20:30:14 --- RxSqlServerData Finish ---"
[1] "2022-02-25 20:30:16 --- rxGetVarInfo Start ---"
[1] "2022-02-25 20:30:16 --- rxGetVarInfo Finish---"
[1] "2022-02-25 20:30:17 --- rxImport Start ---"
Rows Read: 6857, Total Rows Processed: 6857, Total Chunk Time: 1.949 seconds 
[1] "2022-02-25 20:30:25 --- rxImport Finish ---"
[1] "object.size(data) auto=1.8 Mb"
[1] "--------------------------------------------------------------------------------"
[1] "nrow(data) RxSqlServerData=6857"
[1] "--------------------------------------------------------------------------------"
[1] "str(data)="
'data.frame':	6857 obs. of  32 variables:
 $ Race.RaceId                      : Factor w/ 467 levels "20160109-06-01-02-03",..: 3 8 9 5 5 6 6 6 10 7 ...
 $ Race.IsPredictedRace             : logi  TRUE TRUE TRUE TRUE TRUE TRUE ...
 $ Race.IsAnalyzeNormalPastAndFuture: logi  TRUE TRUE TRUE TRUE TRUE TRUE ...
 $ Race.IsAnalyzeNormalPast         : logi  TRUE TRUE TRUE TRUE TRUE TRUE ...
 $ Race.IsAnalyzeNormalFuture       : logi  FALSE FALSE FALSE FALSE FALSE FALSE ...
 $ Race.IsAnalyzeFullPastAndFuture  : logi  TRUE TRUE TRUE TRUE TRUE TRUE ...
 $ Race.IsAnalyzeFullPast           : logi  TRUE TRUE TRUE TRUE TRUE TRUE ...
 $ Race.IsAnalyzeFullFuture         : logi  FALSE FALSE FALSE FALSE FALSE FALSE ...
 $ Race.JyokenCd                    : Factor w/ 1 level "6": 1 1 1 1 1 1 1 1 1 1 ...
 $ Race.JyoType1Cd                  : Factor w/ 68 levels "2-06-1200-6-1",..: 3 6 6 4 4 1 1 1 7 5 ...
 $ Race.RaceType1Cd                 : Factor w/ 2 levels "2-6-X-1","2-6-X-2": 1 2 2 1 1 1 1 1 1 2 ...
 $ RaceHorse.RaceId                 : Factor w/ 467 levels "20160109-06-01-02-03",..: 3 8 9 5 5 6 6 6 10 7 ...
 $ RaceHorse.KettoNum               : Factor w/ 6841 levels "2013100539","2013105951",..: 11 12 13 14 15 16 17 18 19 20 ...
 $ RaceHorse.IsHit1                 : num  0 0 0 1 0 1 0 0 0 0 ...
 $ RaceHorse.IsHit2                 : num  0 0 0 0 0 0 1 0 0 0 ...
 $ RaceHorse.IsHit3                 : num  0 0 0 0 0 0 0 1 0 0 ...
 $ RaceHorse.IsHit4                 : num  0 0 0 0 0 0 0 0 0 0 ...
 $ RaceHorse.IsHit5                 : num  0 0 0 0 0 0 0 0 0 0 ...
 $ RaceHorse.IsHit6                 : num  1 1 1 0 1 0 0 0 1 1 ...
 $ RaceHorse.IsValidRaceHorse       : logi  TRUE TRUE TRUE TRUE TRUE TRUE ...
 $ RaceHorse.TimeSdv                : num  0.36 -1.218 0.297 0.979 -0.207 ...
 $ RaceHorse.IsHitA                 : num  0 0 0 1 0 1 0 0 0 0 ...
 $ RaceHorse.IsHitB                 : num  0 0 0 1 0 1 1 0 0 0 ...
 $ RaceHorse.IsHitC                 : num  0 0 0 1 0 1 1 1 0 0 ...
 $ OddsByWin.Odds1                  : num  124.1 98.3 39 1.8 16.2 ...
 $ OddsByWin.Ninki                  : num  13 13 12 1 6 3 1 2 15 12 ...
 $ OddsByWin.OddsLog1               : num  4.83 4.6 3.69 1.03 2.84 ...
 $ OddsByWin.OddsRatio1             : num  0.00812 0.01028 0.02632 1.25 0.06579 ...
 $ OddsByWin.OddsLogit1             : num  -4.821 -4.588 -3.664 -0.588 -2.785 ...
 $ OddsByWin.ApprovalRate1          : num  0.00806 0.01017 0.02564 0.55556 0.06173 ...
 $ OddsByWin.ApprovalRateLog1       : num  0.00803 0.01012 0.02532 0.44183 0.0599 ...
 $ EOF                              : int  1 1 1 1 1 1 1 1 1 1 ...
[1] "2022-02-25 20:32:51 --- RxSqlServerData Finish ---"
[1] "2022-02-25 20:32:51 --- subset Start ---"
[1] "--------------------------------------------------------------------------------"
[1] "nrow(data) subset before=6857"
[1] "nrow(data) subset after =6857"
[1] "nrow(data) subset diff =0"
[1] "--------------------------------------------------------------------------------"
[1] "2022-02-25 20:32:51 --- subset Finish---"
[1] "2022-02-25 20:32:52 --- transform Start ---"
[1] "--------------------------------------------------------------------------------"
[1] "nrow(data) transform before=6857"
[1] "nrow(data) transform after=6857"
[1] "nrow(data) transform diff=0"
[1] "--------------------------------------------------------------------------------"
[1] "str(data)="
'data.frame':	6857 obs. of  32 variables:
 $ Race.RaceId                      : Factor w/ 467 levels "20160109-06-01-02-03",..: 3 8 9 5 5 6 6 6 10 7 ...
 $ Race.IsPredictedRace             : logi  TRUE TRUE TRUE TRUE TRUE TRUE ...
 $ Race.IsAnalyzeNormalPastAndFuture: logi  TRUE TRUE TRUE TRUE TRUE TRUE ...
 $ Race.IsAnalyzeNormalPast         : logi  TRUE TRUE TRUE TRUE TRUE TRUE ...
 $ Race.IsAnalyzeNormalFuture       : logi  FALSE FALSE FALSE FALSE FALSE FALSE ...
 $ Race.IsAnalyzeFullPastAndFuture  : logi  TRUE TRUE TRUE TRUE TRUE TRUE ...
 $ Race.IsAnalyzeFullPast           : logi  TRUE TRUE TRUE TRUE TRUE TRUE ...
 $ Race.IsAnalyzeFullFuture         : logi  FALSE FALSE FALSE FALSE FALSE FALSE ...
 $ Race.JyokenCd                    : Factor w/ 1 level "6": 1 1 1 1 1 1 1 1 1 1 ...
 $ Race.JyoType1Cd                  : Factor w/ 68 levels "2-06-1200-6-1",..: 3 6 6 4 4 1 1 1 7 5 ...
 $ Race.RaceType1Cd                 : Factor w/ 2 levels "2-6-X-1","2-6-X-2": 1 2 2 1 1 1 1 1 1 2 ...
 $ RaceHorse.RaceId                 : Factor w/ 467 levels "20160109-06-01-02-03",..: 3 8 9 5 5 6 6 6 10 7 ...
 $ RaceHorse.KettoNum               : Factor w/ 6841 levels "2013100539","2013105951",..: 11 12 13 14 15 16 17 18 19 20 ...
 $ RaceHorse.IsHit1                 : num  0 0 0 1 0 1 0 0 0 0 ...
 $ RaceHorse.IsHit2                 : num  0 0 0 0 0 0 1 0 0 0 ...
 $ RaceHorse.IsHit3                 : num  0 0 0 0 0 0 0 1 0 0 ...
 $ RaceHorse.IsHit4                 : num  0 0 0 0 0 0 0 0 0 0 ...
 $ RaceHorse.IsHit5                 : num  0 0 0 0 0 0 0 0 0 0 ...
 $ RaceHorse.IsHit6                 : num  1 1 1 0 1 0 0 0 1 1 ...
 $ RaceHorse.IsValidRaceHorse       : logi  TRUE TRUE TRUE TRUE TRUE TRUE ...
 $ RaceHorse.TimeSdv                : num  0.36 -1.218 0.297 0.979 -0.207 ...
 $ RaceHorse.IsHitA                 : num  0 0 0 1 0 1 0 0 0 0 ...
 $ RaceHorse.IsHitB                 : num  0 0 0 1 0 1 1 0 0 0 ...
 $ RaceHorse.IsHitC                 : num  0 0 0 1 0 1 1 1 0 0 ...
 $ OddsByWin.Odds1                  : num  124.1 98.3 39 1.8 16.2 ...
 $ OddsByWin.Ninki                  : num  13 13 12 1 6 3 1 2 15 12 ...
 $ OddsByWin.OddsLog1               : num  4.83 4.6 3.69 1.03 2.84 ...
 $ OddsByWin.OddsRatio1             : num  0.00812 0.01028 0.02632 1.25 0.06579 ...
 $ OddsByWin.OddsLogit1             : num  -4.821 -4.588 -3.664 -0.588 -2.785 ...
 $ OddsByWin.ApprovalRate1          : num  0.00806 0.01017 0.02564 0.55556 0.06173 ...
 $ OddsByWin.ApprovalRateLog1       : num  0.00803 0.01012 0.02532 0.44183 0.0599 ...
 $ EOF                              : int  1 1 1 1 1 1 1 1 1 1 ...
NULL
[1] "2022-02-25 20:32:56 --- transform Finish ---"
[1] "2022-02-25 20:32:56 --- na.omit Start ---"
[1] "--------------------------------------------------------------------------------"
[1] "nrow(data) na.omit before=6857"
[1] "nrow(data) na.omit after =6793"
[1] "nrow(data) na.omit diff =64"
[1] "--------------------------------------------------------------------------------"
'data.frame':	6793 obs. of  32 variables:
 $ Race.RaceId                      : Factor w/ 467 levels "20160109-06-01-02-03",..: 3 8 9 5 5 6 6 6 10 7 ...
 $ Race.IsPredictedRace             : logi  TRUE TRUE TRUE TRUE TRUE TRUE ...
 $ Race.IsAnalyzeNormalPastAndFuture: logi  TRUE TRUE TRUE TRUE TRUE TRUE ...
 $ Race.IsAnalyzeNormalPast         : logi  TRUE TRUE TRUE TRUE TRUE TRUE ...
 $ Race.IsAnalyzeNormalFuture       : logi  FALSE FALSE FALSE FALSE FALSE FALSE ...
 $ Race.IsAnalyzeFullPastAndFuture  : logi  TRUE TRUE TRUE TRUE TRUE TRUE ...
 $ Race.IsAnalyzeFullPast           : logi  TRUE TRUE TRUE TRUE TRUE TRUE ...
 $ Race.IsAnalyzeFullFuture         : logi  FALSE FALSE FALSE FALSE FALSE FALSE ...
 $ Race.JyokenCd                    : Factor w/ 1 level "6": 1 1 1 1 1 1 1 1 1 1 ...
 $ Race.JyoType1Cd                  : Factor w/ 68 levels "2-06-1200-6-1",..: 3 6 6 4 4 1 1 1 7 5 ...
 $ Race.RaceType1Cd                 : Factor w/ 2 levels "2-6-X-1","2-6-X-2": 1 2 2 1 1 1 1 1 1 2 ...
 $ RaceHorse.RaceId                 : Factor w/ 467 levels "20160109-06-01-02-03",..: 3 8 9 5 5 6 6 6 10 7 ...
 $ RaceHorse.KettoNum               : Factor w/ 6841 levels "2013100539","2013105951",..: 11 12 13 14 15 16 17 18 19 20 ...
 $ RaceHorse.IsHit1                 : num  0 0 0 1 0 1 0 0 0 0 ...
 $ RaceHorse.IsHit2                 : num  0 0 0 0 0 0 1 0 0 0 ...
 $ RaceHorse.IsHit3                 : num  0 0 0 0 0 0 0 1 0 0 ...
 $ RaceHorse.IsHit4                 : num  0 0 0 0 0 0 0 0 0 0 ...
 $ RaceHorse.IsHit5                 : num  0 0 0 0 0 0 0 0 0 0 ...
 $ RaceHorse.IsHit6                 : num  1 1 1 0 1 0 0 0 1 1 ...
 $ RaceHorse.IsValidRaceHorse       : logi  TRUE TRUE TRUE TRUE TRUE TRUE ...
 $ RaceHorse.TimeSdv                : num  0.36 -1.218 0.297 0.979 -0.207 ...
 $ RaceHorse.IsHitA                 : num  0 0 0 1 0 1 0 0 0 0 ...
 $ RaceHorse.IsHitB                 : num  0 0 0 1 0 1 1 0 0 0 ...
 $ RaceHorse.IsHitC                 : num  0 0 0 1 0 1 1 1 0 0 ...
 $ OddsByWin.Odds1                  : num  124.1 98.3 39 1.8 16.2 ...
 $ OddsByWin.Ninki                  : num  13 13 12 1 6 3 1 2 15 12 ...
 $ OddsByWin.OddsLog1               : num  4.83 4.6 3.69 1.03 2.84 ...
 $ OddsByWin.OddsRatio1             : num  0.00812 0.01028 0.02632 1.25 0.06579 ...
 $ OddsByWin.OddsLogit1             : num  -4.821 -4.588 -3.664 -0.588 -2.785 ...
 $ OddsByWin.ApprovalRate1          : num  0.00806 0.01017 0.02564 0.55556 0.06173 ...
 $ OddsByWin.ApprovalRateLog1       : num  0.00803 0.01012 0.02532 0.44183 0.0599 ...
 $ EOF                              : int  1 1 1 1 1 1 1 1 1 1 ...
 - attr(*, "na.action")= 'omit' Named int  64 129 158 247 334 825 847 883 1075 1367 ...
  ..- attr(*, "names")= chr  "64" "129" "158" "247" ...
[1] "2022-02-25 20:33:00 --- na.omit Finish ---"
[1] "2022-02-25 20:33:01 --- rxGlm with rxStepControl Start ---"

> print(paste0(Sys.time(), " --- source_logic_glm.R Start ---"))
[1] "2022-02-25 20:33:01 --- source_logic_glm.R Start ---"

> formula <- formula(RaceHorse.IsHitA ~ +1 + OddsByWin.OddsLogit1)

> print(paste0(Sys.time(), " --- source_logic_glm.R Finished ---"))
[1] "2022-02-25 20:33:01 --- source_logic_glm.R Finished ---"
Rows Read: 6793, Total Rows Processed: 6793, Total Chunk Time: Less than .001 seconds 

Starting values (iteration 1) time: 0.043 secs.
Rows Read: 6793, Total Rows Processed: 6793, Total Chunk Time: 0.002 seconds 

Iteration 2 time: 0.232 secs.
Rows Read: 6793, Total Rows Processed: 6793, Total Chunk Time: Less than .001 seconds 

Iteration 3 time: 0.105 secs.
Rows Read: 6793, Total Rows Processed: 6793, Total Chunk Time: 0.002 seconds 

Iteration 4 time: 0.100 secs.
Rows Read: 6793, Total Rows Processed: 6793, Total Chunk Time: 0.001 seconds 

Iteration 5 time: 0.264 secs.
Rows Read: 6793, Total Rows Processed: 6793, Total Chunk Time: Less than .001 seconds 

Iteration 6 time: 0.091 secs.

Elapsed computation time: 1.463 secs.
Rows Read: 6793, Total Rows Processed: 6793, Total Chunk Time: Less than .001 seconds 

Starting values (iteration 1) time: 0.197 secs.
Rows Read: 6793, Total Rows Processed: 6793, Total Chunk Time: Less than .001 seconds 

Iteration 2 time: 0.201 secs.

Elapsed computation time: 0.644 secs.
Rows Read: 6793, Total Rows Processed: 6793, Total Chunk Time: 0.001 seconds 

Starting values (iteration 1) time: 0.100 secs.
Rows Read: 6793, Total Rows Processed: 6793, Total Chunk Time: 0.002 seconds 

Iteration 2 time: 0.096 secs.
Rows Read: 6793, Total Rows Processed: 6793, Total Chunk Time: Less than .001 seconds 

Iteration 3 time: 0.095 secs.
Rows Read: 6793, Total Rows Processed: 6793, Total Chunk Time: Less than .001 seconds 

Iteration 4 time: 0.090 secs.
Rows Read: 6793, Total Rows Processed: 6793, Total Chunk Time: Less than .001 seconds 

Iteration 5 time: 0.204 secs.
Rows Read: 6793, Total Rows Processed: 6793, Total Chunk Time: 0.001 seconds 

Iteration 6 time: 0.089 secs.

Elapsed computation time: 1.295 secs.

Elapsed computation time: 3.907 secs.
[1] "--------------------------------------------------------------------------------"
[1] "analyze.results.glm.step="
Logistic Regression Results for: RaceHorse.IsHitA ~
    OddsByWin.OddsLogit1
Data: data
Dependent variable(s): RaceHorse.IsHitA
Total independent variables: 2 
Number of valid observations: 6793
Number of missing observations: 0 
 
Coefficients:
                     RaceHorse.IsHitA
(Intercept)                       0.3
OddsByWin.OddsLogit1              1.1
[1] "analyze.results.glm.step.summary"
Call:
rxLogit(formula = formula, data = data, variableSelection = analyze.results.glm.step.varsel)

Logistic Regression Results for: RaceHorse.IsHitA ~
    OddsByWin.OddsLogit1
Data: data
Dependent variable(s): RaceHorse.IsHitA
Total independent variables: 2 
Number of valid observations: 6793
Number of missing observations: 0 
-2*LogLikelihood: 2709.477 (Residual deviance on 6791 degrees of freedom)
 
Coefficients:
                     Estimate Std. Error z value Pr(>|z|)    
(Intercept)            0.2562     0.1127    2.27    0.023 *  
OddsByWin.OddsLogit1   1.1310     0.0518   21.81  2.2e-16 ***
---
Signif. codes:  0 '***' 0.001 '**' 0.01 '*' 0.05 '.' 0.1 ' ' 1

Condition number of final variance-covariance matrix: 1 
Number of iterations: 6
[1] "--------------------------------------------------------------------------------"
[1] "2022-02-25 20:33:08 --- rxGlm with rxStepControl Finish ---"
[1] "2022-02-25 20:33:09 --- rxStepPlot Start ---"
[1] "pdfFilename=pdf_analyze_glm_Odds_Type26_rxStepPlot.pdf"
[1] "rxStepPlot="
[1] "2022-02-25 20:33:09 --- rxStepPlot Finish ---"
[1] "2022-02-25 20:33:09 --- save.image Start ---"
[1] "save.image"
[1] "rdataFilename=RData_analyze_glm_Odds_Type26.RData"
[1] "2022-02-25 20:33:09 --- save.image Finish ---"
[1] "2022-02-25 20:33:09 --- final Start ---"
[1] "--------------------------------------------------------------------------------"
[1] "nrow(data) final=6793"
[1] "--------------------------------------------------------------------------------"
[1] "2022-02-25 20:33:10 --- final Finish ---"
[1] "2022-02-25 20:33:10 --- analyze_glm.R Finished ---"
[1] "2022-02-25 20:33:10 --- log Finish ---"
