[1] "2022-02-25 20:25:45 --- D1115_analyze_glm_Horse_IsHitA_Type21 Start ---"
[1] "2022-02-25 20:25:45 --- Log Start ---"
[1] "2022-02-25 20:25:45 --- analyze_glm.R Start ---"
[1] "analyzeVersion=D1115"
[1] "analyzeCategory=analyze"
[1] "analyzeType=Horse"
[1] "analyzeFamily=IsHitA"
[1] "analyzeFunc=glm"
[1] "analyzeTrackTypeCd=2"
[1] "analyzeJyokenCd=1"
[1] "2022-02-25 20:25:48 --- source_function.R Start ---"
[1] "2022-02-25 20:25:48 --- source_function.R Finished ---"

> print(paste0(Sys.time(), " --- source_library.R Start ---"))
[1] "2022-02-25 20:25:49 --- source_library.R Start ---"

> require("RevoScaleR")

> print(paste0(Sys.time(), " --- source_library.R Finished ---"))
[1] "2022-02-25 20:25:51 --- source_library.R Finished ---"
[1] "2022-02-25 20:25:51 --- RxSqlServerData Start ---"
[1] "2022-02-25 20:25:51 --- RxInSqlServer Start ---"
[1] "2022-02-25 20:25:51 --- RxInSqlServer Finish ---"
[1] "2022-02-25 20:25:51 --- rxSetComputeContext Start ---"
[1] "2022-02-25 20:25:51 --- rxSetComputeContext Finish ---"
[1] "2022-02-25 20:25:51 --- RxSqlServerData Start ---"
[1] "sqlQuery=SELECT * FROM ViewAnalyzeD1115analyze01HorseType21"
[1] "2022-02-25 20:25:51 --- RxSqlServerData Finish ---"
[1] "2022-02-25 20:25:51 --- rxGetVarInfo Start ---"
[1] "2022-02-25 20:25:52 --- rxGetVarInfo Finish---"
[1] "2022-02-25 20:25:52 --- rxImport Start ---"
Rows Read: 4394, Total Rows Processed: 4394, Total Chunk Time: 8.588 seconds 
[1] "2022-02-25 20:26:11 --- rxImport Finish ---"
[1] "object.size(data) auto=1.4 Mb"
[1] "--------------------------------------------------------------------------------"
[1] "nrow(data) RxSqlServerData=4394"
[1] "--------------------------------------------------------------------------------"
[1] "str(data)="
'data.frame':	4394 obs. of  44 variables:
 $ Race.RaceId                      : Factor w/ 301 levels "20160618-09-03-05-11",..: 2 2 2 2 2 2 2 2 2 2 ...
 $ Race.IsPredictedRace             : logi  TRUE TRUE TRUE TRUE TRUE TRUE ...
 $ Race.IsAnalyzeNormalPastAndFuture: logi  TRUE TRUE TRUE TRUE TRUE TRUE ...
 $ Race.IsAnalyzeNormalPast         : logi  TRUE TRUE TRUE TRUE TRUE TRUE ...
 $ Race.IsAnalyzeNormalFuture       : logi  FALSE FALSE FALSE FALSE FALSE FALSE ...
 $ Race.IsAnalyzeFullPastAndFuture  : logi  TRUE TRUE TRUE TRUE TRUE TRUE ...
 $ Race.IsAnalyzeFullPast           : logi  TRUE TRUE TRUE TRUE TRUE TRUE ...
 $ Race.IsAnalyzeFullFuture         : logi  FALSE FALSE FALSE FALSE FALSE FALSE ...
 $ Race.JyokenCd                    : Factor w/ 1 level "1": 1 1 1 1 1 1 1 1 1 1 ...
 $ Race.JyoType1Cd                  : Factor w/ 62 levels "2-09-1400-1-2",..: 2 2 2 2 2 2 2 2 2 2 ...
 $ Race.RaceType1Cd                 : Factor w/ 9 levels "2-1-E-1","2-1-C-1",..: 1 1 1 1 1 1 1 1 1 1 ...
 $ RaceHorse.RaceId                 : Factor w/ 301 levels "20160618-09-03-05-11",..: 2 2 2 2 2 2 2 2 2 2 ...
 $ RaceHorse.KettoNum               : Factor w/ 952 levels "2008102251","2008104416",..: 11 12 1 13 14 15 16 17 18 19 ...
 $ RaceHorse.IsHit1                 : num  0 0 0 0 0 0 0 0 0 0 ...
 $ RaceHorse.IsHit2                 : num  0 0 0 0 0 0 0 0 0 0 ...
 $ RaceHorse.IsHit3                 : num  0 0 0 0 0 0 0 0 0 0 ...
 $ RaceHorse.IsHit4                 : num  0 0 0 0 0 0 0 0 0 0 ...
 $ RaceHorse.IsHit5                 : num  0 0 0 0 0 1 0 0 0 0 ...
 $ RaceHorse.IsHit6                 : num  1 1 1 1 1 0 1 1 1 1 ...
 $ RaceHorse.IsValidRaceHorse       : logi  TRUE TRUE TRUE TRUE TRUE TRUE ...
 $ RaceHorse.TimeSdv                : num  -0.432 -0.6562 0.0164 0.0164 -0.9925 ...
 $ RaceHorse.IsHitA                 : num  0 0 0 0 0 0 0 0 0 0 ...
 $ RaceHorse.IsHitB                 : num  0 0 0 0 0 0 0 0 0 0 ...
 $ RaceHorse.IsHitC                 : num  0 0 0 0 0 0 0 0 0 0 ...
 $ Horse.KettoNum                   : Factor w/ 952 levels "2008102251","2008104416",..: 11 12 1 13 14 15 16 17 18 19 ...
 $ Horse.TimeSdvByRaceAvg           : num  0.0915 0.3839 0.6215 0.0684 0.6713 ...
 $ Horse.TimeSdvByRaceMin           : num  -1.585 -2.67 -1.331 -1.316 -0.878 ...
 $ Horse.TimeSdvByRaceMax           : num  1.43 2.14 1.8 1.53 1.84 ...
 $ Horse.TimeSdvAvg                 : num  0.257 0.439 0.627 -0.103 0.197 ...
 $ Horse.TimeSdvMin                 : num  -1.68 -1.979 -2.143 -1.531 -0.838 ...
 $ Horse.TimeSdvMax                 : num  1.39 2.21 2.15 1.12 1.08 ...
 $ Horse.OrderOfFinishSdvAvg        : num  0.0605 0.4394 0.7202 -0.1308 0.6382 ...
 $ Horse.RunCount                   : num  59 32 34 43 25 19 36 25 22 19 ...
 $ Horse.HitCount1                  : num  3 5 6 4 5 5 4 5 5 3 ...
 $ Horse.HitCount2                  : num  1 3 7 0 5 3 1 2 1 1 ...
 $ Horse.HitCount3                  : num  3 6 5 1 1 2 6 1 4 2 ...
 $ Horse.HitCount4                  : num  7 1 4 2 2 0 3 3 3 2 ...
 $ Horse.HitCount5                  : num  1 4 1 1 1 4 1 0 0 1 ...
 $ Horse.HitRate1                   : num  0.0508 0.1562 0.1765 0.093 0.2 ...
 $ Horse.HitRate2                   : num  0.0169 0.0938 0.2059 0 0.2 ...
 $ Horse.HitRate3                   : num  0.0508 0.1875 0.1471 0.0233 0.04 ...
 $ Horse.HitRate4                   : num  0.1186 0.0312 0.1176 0.0465 0.08 ...
 $ Horse.HitRate5                   : num  0.0169 0.125 0.0294 0.0233 0.04 ...
 $ EOF                              : int  1 1 1 1 1 1 1 1 1 1 ...
[1] "2022-02-25 20:26:19 --- RxSqlServerData Finish ---"
[1] "2022-02-25 20:26:22 --- subset Start ---"
[1] "--------------------------------------------------------------------------------"
[1] "nrow(data) subset before=4394"
[1] "nrow(data) subset after =4394"
[1] "nrow(data) subset diff =0"
[1] "--------------------------------------------------------------------------------"
[1] "2022-02-25 20:26:28 --- subset Finish---"
[1] "2022-02-25 20:26:30 --- transform Start ---"
[1] "--------------------------------------------------------------------------------"
[1] "nrow(data) transform before=4394"
[1] "nrow(data) transform after=4394"
[1] "nrow(data) transform diff=0"
[1] "--------------------------------------------------------------------------------"
[1] "str(data)="
'data.frame':	4394 obs. of  44 variables:
 $ Race.RaceId                      : Factor w/ 301 levels "20160618-09-03-05-11",..: 2 2 2 2 2 2 2 2 2 2 ...
 $ Race.IsPredictedRace             : logi  TRUE TRUE TRUE TRUE TRUE TRUE ...
 $ Race.IsAnalyzeNormalPastAndFuture: logi  TRUE TRUE TRUE TRUE TRUE TRUE ...
 $ Race.IsAnalyzeNormalPast         : logi  TRUE TRUE TRUE TRUE TRUE TRUE ...
 $ Race.IsAnalyzeNormalFuture       : logi  FALSE FALSE FALSE FALSE FALSE FALSE ...
 $ Race.IsAnalyzeFullPastAndFuture  : logi  TRUE TRUE TRUE TRUE TRUE TRUE ...
 $ Race.IsAnalyzeFullPast           : logi  TRUE TRUE TRUE TRUE TRUE TRUE ...
 $ Race.IsAnalyzeFullFuture         : logi  FALSE FALSE FALSE FALSE FALSE FALSE ...
 $ Race.JyokenCd                    : Factor w/ 1 level "1": 1 1 1 1 1 1 1 1 1 1 ...
 $ Race.JyoType1Cd                  : Factor w/ 62 levels "2-09-1400-1-2",..: 2 2 2 2 2 2 2 2 2 2 ...
 $ Race.RaceType1Cd                 : Factor w/ 9 levels "2-1-E-1","2-1-C-1",..: 1 1 1 1 1 1 1 1 1 1 ...
 $ RaceHorse.RaceId                 : Factor w/ 301 levels "20160618-09-03-05-11",..: 2 2 2 2 2 2 2 2 2 2 ...
 $ RaceHorse.KettoNum               : Factor w/ 952 levels "2008102251","2008104416",..: 11 12 1 13 14 15 16 17 18 19 ...
 $ RaceHorse.IsHit1                 : num  0 0 0 0 0 0 0 0 0 0 ...
 $ RaceHorse.IsHit2                 : num  0 0 0 0 0 0 0 0 0 0 ...
 $ RaceHorse.IsHit3                 : num  0 0 0 0 0 0 0 0 0 0 ...
 $ RaceHorse.IsHit4                 : num  0 0 0 0 0 0 0 0 0 0 ...
 $ RaceHorse.IsHit5                 : num  0 0 0 0 0 1 0 0 0 0 ...
 $ RaceHorse.IsHit6                 : num  1 1 1 1 1 0 1 1 1 1 ...
 $ RaceHorse.IsValidRaceHorse       : logi  TRUE TRUE TRUE TRUE TRUE TRUE ...
 $ RaceHorse.TimeSdv                : num  -0.432 -0.6562 0.0164 0.0164 -0.9925 ...
 $ RaceHorse.IsHitA                 : num  0 0 0 0 0 0 0 0 0 0 ...
 $ RaceHorse.IsHitB                 : num  0 0 0 0 0 0 0 0 0 0 ...
 $ RaceHorse.IsHitC                 : num  0 0 0 0 0 0 0 0 0 0 ...
 $ Horse.KettoNum                   : Factor w/ 952 levels "2008102251","2008104416",..: 11 12 1 13 14 15 16 17 18 19 ...
 $ Horse.TimeSdvByRaceAvg           : num  0.0915 0.3839 0.6215 0.0684 0.6713 ...
 $ Horse.TimeSdvByRaceMin           : num  -1.585 -2.67 -1.331 -1.316 -0.878 ...
 $ Horse.TimeSdvByRaceMax           : num  1.43 2.14 1.8 1.53 1.84 ...
 $ Horse.TimeSdvAvg                 : num  0.257 0.439 0.627 -0.103 0.197 ...
 $ Horse.TimeSdvMin                 : num  -1.68 -1.979 -2.143 -1.531 -0.838 ...
 $ Horse.TimeSdvMax                 : num  1.39 2.21 2.15 1.12 1.08 ...
 $ Horse.OrderOfFinishSdvAvg        : num  0.0605 0.4394 0.7202 -0.1308 0.6382 ...
 $ Horse.RunCount                   : num  59 32 34 43 25 19 36 25 22 19 ...
 $ Horse.HitCount1                  : num  3 5 6 4 5 5 4 5 5 3 ...
 $ Horse.HitCount2                  : num  1 3 7 0 5 3 1 2 1 1 ...
 $ Horse.HitCount3                  : num  3 6 5 1 1 2 6 1 4 2 ...
 $ Horse.HitCount4                  : num  7 1 4 2 2 0 3 3 3 2 ...
 $ Horse.HitCount5                  : num  1 4 1 1 1 4 1 0 0 1 ...
 $ Horse.HitRate1                   : num  0.0508 0.1562 0.1765 0.093 0.2 ...
 $ Horse.HitRate2                   : num  0.0169 0.0938 0.2059 0 0.2 ...
 $ Horse.HitRate3                   : num  0.0508 0.1875 0.1471 0.0233 0.04 ...
 $ Horse.HitRate4                   : num  0.1186 0.0312 0.1176 0.0465 0.08 ...
 $ Horse.HitRate5                   : num  0.0169 0.125 0.0294 0.0233 0.04 ...
 $ EOF                              : int  1 1 1 1 1 1 1 1 1 1 ...
NULL
[1] "2022-02-25 20:32:49 --- transform Finish ---"
[1] "2022-02-25 20:32:49 --- na.omit Start ---"
[1] "--------------------------------------------------------------------------------"
[1] "nrow(data) na.omit before=4394"
[1] "nrow(data) na.omit after =4369"
[1] "nrow(data) na.omit diff =25"
[1] "--------------------------------------------------------------------------------"
'data.frame':	4369 obs. of  44 variables:
 $ Race.RaceId                      : Factor w/ 301 levels "20160618-09-03-05-11",..: 2 2 2 2 2 2 2 2 2 2 ...
 $ Race.IsPredictedRace             : logi  TRUE TRUE TRUE TRUE TRUE TRUE ...
 $ Race.IsAnalyzeNormalPastAndFuture: logi  TRUE TRUE TRUE TRUE TRUE TRUE ...
 $ Race.IsAnalyzeNormalPast         : logi  TRUE TRUE TRUE TRUE TRUE TRUE ...
 $ Race.IsAnalyzeNormalFuture       : logi  FALSE FALSE FALSE FALSE FALSE FALSE ...
 $ Race.IsAnalyzeFullPastAndFuture  : logi  TRUE TRUE TRUE TRUE TRUE TRUE ...
 $ Race.IsAnalyzeFullPast           : logi  TRUE TRUE TRUE TRUE TRUE TRUE ...
 $ Race.IsAnalyzeFullFuture         : logi  FALSE FALSE FALSE FALSE FALSE FALSE ...
 $ Race.JyokenCd                    : Factor w/ 1 level "1": 1 1 1 1 1 1 1 1 1 1 ...
 $ Race.JyoType1Cd                  : Factor w/ 62 levels "2-09-1400-1-2",..: 2 2 2 2 2 2 2 2 2 2 ...
 $ Race.RaceType1Cd                 : Factor w/ 9 levels "2-1-E-1","2-1-C-1",..: 1 1 1 1 1 1 1 1 1 1 ...
 $ RaceHorse.RaceId                 : Factor w/ 301 levels "20160618-09-03-05-11",..: 2 2 2 2 2 2 2 2 2 2 ...
 $ RaceHorse.KettoNum               : Factor w/ 952 levels "2008102251","2008104416",..: 11 12 1 13 14 15 16 17 18 19 ...
 $ RaceHorse.IsHit1                 : num  0 0 0 0 0 0 0 0 0 0 ...
 $ RaceHorse.IsHit2                 : num  0 0 0 0 0 0 0 0 0 0 ...
 $ RaceHorse.IsHit3                 : num  0 0 0 0 0 0 0 0 0 0 ...
 $ RaceHorse.IsHit4                 : num  0 0 0 0 0 0 0 0 0 0 ...
 $ RaceHorse.IsHit5                 : num  0 0 0 0 0 1 0 0 0 0 ...
 $ RaceHorse.IsHit6                 : num  1 1 1 1 1 0 1 1 1 1 ...
 $ RaceHorse.IsValidRaceHorse       : logi  TRUE TRUE TRUE TRUE TRUE TRUE ...
 $ RaceHorse.TimeSdv                : num  -0.432 -0.6562 0.0164 0.0164 -0.9925 ...
 $ RaceHorse.IsHitA                 : num  0 0 0 0 0 0 0 0 0 0 ...
 $ RaceHorse.IsHitB                 : num  0 0 0 0 0 0 0 0 0 0 ...
 $ RaceHorse.IsHitC                 : num  0 0 0 0 0 0 0 0 0 0 ...
 $ Horse.KettoNum                   : Factor w/ 952 levels "2008102251","2008104416",..: 11 12 1 13 14 15 16 17 18 19 ...
 $ Horse.TimeSdvByRaceAvg           : num  0.0915 0.3839 0.6215 0.0684 0.6713 ...
 $ Horse.TimeSdvByRaceMin           : num  -1.585 -2.67 -1.331 -1.316 -0.878 ...
 $ Horse.TimeSdvByRaceMax           : num  1.43 2.14 1.8 1.53 1.84 ...
 $ Horse.TimeSdvAvg                 : num  0.257 0.439 0.627 -0.103 0.197 ...
 $ Horse.TimeSdvMin                 : num  -1.68 -1.979 -2.143 -1.531 -0.838 ...
 $ Horse.TimeSdvMax                 : num  1.39 2.21 2.15 1.12 1.08 ...
 $ Horse.OrderOfFinishSdvAvg        : num  0.0605 0.4394 0.7202 -0.1308 0.6382 ...
 $ Horse.RunCount                   : num  59 32 34 43 25 19 36 25 22 19 ...
 $ Horse.HitCount1                  : num  3 5 6 4 5 5 4 5 5 3 ...
 $ Horse.HitCount2                  : num  1 3 7 0 5 3 1 2 1 1 ...
 $ Horse.HitCount3                  : num  3 6 5 1 1 2 6 1 4 2 ...
 $ Horse.HitCount4                  : num  7 1 4 2 2 0 3 3 3 2 ...
 $ Horse.HitCount5                  : num  1 4 1 1 1 4 1 0 0 1 ...
 $ Horse.HitRate1                   : num  0.0508 0.1562 0.1765 0.093 0.2 ...
 $ Horse.HitRate2                   : num  0.0169 0.0938 0.2059 0 0.2 ...
 $ Horse.HitRate3                   : num  0.0508 0.1875 0.1471 0.0233 0.04 ...
 $ Horse.HitRate4                   : num  0.1186 0.0312 0.1176 0.0465 0.08 ...
 $ Horse.HitRate5                   : num  0.0169 0.125 0.0294 0.0233 0.04 ...
 $ EOF                              : int  1 1 1 1 1 1 1 1 1 1 ...
 - attr(*, "na.action")= 'omit' Named int  68 153 187 189 345 565 596 889 1196 1634 ...
  ..- attr(*, "names")= chr  "68" "153" "187" "189" ...
[1] "2022-02-25 20:32:56 --- na.omit Finish ---"
[1] "2022-02-25 20:32:56 --- rxGlm with rxStepControl Start ---"

> print(paste0(Sys.time(), " --- source_logic_glm.R Start ---"))
[1] "2022-02-25 20:32:56 --- source_logic_glm.R Start ---"

> formula <- formula(RaceHorse.IsHitA ~ +1 + Horse.TimeSdvAvg)

> print(paste0(Sys.time(), " --- source_logic_glm.R Finished ---"))
[1] "2022-02-25 20:32:56 --- source_logic_glm.R Finished ---"
Rows Read: 4369, Total Rows Processed: 4369, Total Chunk Time: Less than .001 seconds 

Starting values (iteration 1) time: 0.506 secs.
Rows Read: 4369, Total Rows Processed: 4369, Total Chunk Time: 0.002 seconds 

Iteration 2 time: 0.092 secs.
Rows Read: 4369, Total Rows Processed: 4369, Total Chunk Time: 0.002 seconds 

Iteration 3 time: 0.067 secs.
Rows Read: 4369, Total Rows Processed: 4369, Total Chunk Time: Less than .001 seconds 

Iteration 4 time: 0.071 secs.
Rows Read: 4369, Total Rows Processed: 4369, Total Chunk Time: 0.002 seconds 

Iteration 5 time: 0.090 secs.

Elapsed computation time: 1.186 secs.
Rows Read: 4369, Total Rows Processed: 4369, Total Chunk Time: Less than .001 seconds 

Starting values (iteration 1) time: 0.090 secs.
Rows Read: 4369, Total Rows Processed: 4369, Total Chunk Time: Less than .001 seconds 

Iteration 2 time: 0.095 secs.

Elapsed computation time: 0.352 secs.
Rows Read: 4369, Total Rows Processed: 4369, Total Chunk Time: Less than .001 seconds 

Starting values (iteration 1) time: 0.089 secs.
Rows Read: 4369, Total Rows Processed: 4369, Total Chunk Time: 0.002 seconds 

Iteration 2 time: 0.105 secs.
Rows Read: 4369, Total Rows Processed: 4369, Total Chunk Time: 0.001 seconds 

Iteration 3 time: 0.106 secs.
Rows Read: 4369, Total Rows Processed: 4369, Total Chunk Time: 0.001 seconds 

Iteration 4 time: 0.095 secs.
Rows Read: 4369, Total Rows Processed: 4369, Total Chunk Time: Less than .001 seconds 

Iteration 5 time: 0.107 secs.

Elapsed computation time: 1.008 secs.

Elapsed computation time: 3.002 secs.
[1] "--------------------------------------------------------------------------------"
[1] "analyze.results.glm.step="
Logistic Regression Results for: RaceHorse.IsHitA ~ Horse.TimeSdvAvg
Data: data
Dependent variable(s): RaceHorse.IsHitA
Total independent variables: 2 
Number of valid observations: 4369
Number of missing observations: 0 
 
Coefficients:
                 RaceHorse.IsHitA
(Intercept)                    -4
Horse.TimeSdvAvg                2
[1] "analyze.results.glm.step.summary"
Call:
rxLogit(formula = formula, data = data, variableSelection = analyze.results.glm.step.varsel)

Logistic Regression Results for: RaceHorse.IsHitA ~ Horse.TimeSdvAvg
Data: data
Dependent variable(s): RaceHorse.IsHitA
Total independent variables: 2 
Number of valid observations: 4369
Number of missing observations: 0 
-2*LogLikelihood: 2101.066 (Residual deviance on 4367 degrees of freedom)
 
Coefficients:
                 Estimate Std. Error z value Pr(>|z|)    
(Intercept)        -3.551      0.129  -27.50  2.2e-16 ***
Horse.TimeSdvAvg    1.557      0.165    9.42  2.2e-16 ***
---
Signif. codes:  0 '***' 0.001 '**' 0.01 '*' 0.05 '.' 0.1 ' ' 1

Condition number of final variance-covariance matrix: 1 
Number of iterations: 5
[1] "--------------------------------------------------------------------------------"
[1] "2022-02-25 20:33:03 --- rxGlm with rxStepControl Finish ---"
[1] "2022-02-25 20:33:03 --- rxStepPlot Start ---"
[1] "pdfFilename=pdf_analyze_glm_Horse_Type21_rxStepPlot.pdf"
[1] "rxStepPlot="
[1] "2022-02-25 20:33:03 --- rxStepPlot Finish ---"
[1] "2022-02-25 20:33:03 --- save.image Start ---"
[1] "save.image"
[1] "rdataFilename=RData_analyze_glm_Horse_Type21.RData"
[1] "2022-02-25 20:33:04 --- save.image Finish ---"
[1] "2022-02-25 20:33:04 --- final Start ---"
[1] "--------------------------------------------------------------------------------"
[1] "nrow(data) final=4369"
[1] "--------------------------------------------------------------------------------"
[1] "2022-02-25 20:33:04 --- final Finish ---"
[1] "2022-02-25 20:33:05 --- analyze_glm.R Finished ---"
[1] "2022-02-25 20:33:05 --- log Finish ---"
