[1] "2022-02-25 20:22:17 --- D1115_analyze_glm_Gen01_IsHitA_Type26 Start ---"
[1] "2022-02-25 20:22:17 --- Log Start ---"
[1] "2022-02-25 20:22:17 --- analyze_glm.R Start ---"
[1] "analyzeVersion=D1115"
[1] "analyzeCategory=analyze"
[1] "analyzeType=Gen01"
[1] "analyzeFamily=IsHitA"
[1] "analyzeFunc=glm"
[1] "analyzeTrackTypeCd=2"
[1] "analyzeJyokenCd=6"
[1] "2022-02-25 20:22:17 --- source_function.R Start ---"
[1] "2022-02-25 20:22:17 --- source_function.R Finished ---"

> print(paste0(Sys.time(), " --- source_library.R Start ---"))
[1] "2022-02-25 20:22:17 --- source_library.R Start ---"

> require("RevoScaleR")

> print(paste0(Sys.time(), " --- source_library.R Finished ---"))
[1] "2022-02-25 20:22:18 --- source_library.R Finished ---"
[1] "2022-02-25 20:22:18 --- RxSqlServerData Start ---"
[1] "2022-02-25 20:22:18 --- RxInSqlServer Start ---"
[1] "2022-02-25 20:22:18 --- RxInSqlServer Finish ---"
[1] "2022-02-25 20:22:18 --- rxSetComputeContext Start ---"
[1] "2022-02-25 20:22:18 --- rxSetComputeContext Finish ---"
[1] "2022-02-25 20:22:18 --- RxSqlServerData Start ---"
[1] "sqlQuery=SELECT * FROM ViewAnalyzeD1115analyze01Gen01Type26"
[1] "2022-02-25 20:22:18 --- RxSqlServerData Finish ---"
[1] "2022-02-25 20:22:18 --- rxGetVarInfo Start ---"
[1] "2022-02-25 20:22:19 --- rxGetVarInfo Finish---"
[1] "2022-02-25 20:22:19 --- rxImport Start ---"
Rows Read: 6431, Total Rows Processed: 6431, Total Chunk Time: 22.194 seconds 
[1] "2022-02-25 20:23:18 --- rxImport Finish ---"
[1] "object.size(data) auto=2.3 Mb"
[1] "--------------------------------------------------------------------------------"
[1] "nrow(data) RxSqlServerData=6431"
[1] "--------------------------------------------------------------------------------"
[1] "str(data)="
'data.frame':	6431 obs. of  44 variables:
 $ Race.RaceId                      : Factor w/ 467 levels "20160109-06-01-02-03",..: 1 1 2 2 3 4 5 5 6 6 ...
 $ Race.IsPredictedRace             : logi  TRUE TRUE TRUE TRUE TRUE TRUE ...
 $ Race.IsAnalyzeNormalPastAndFuture: logi  TRUE TRUE TRUE TRUE TRUE TRUE ...
 $ Race.IsAnalyzeNormalPast         : logi  TRUE TRUE TRUE TRUE TRUE TRUE ...
 $ Race.IsAnalyzeNormalFuture       : logi  FALSE FALSE FALSE FALSE FALSE FALSE ...
 $ Race.IsAnalyzeFullPastAndFuture  : logi  TRUE TRUE TRUE TRUE TRUE TRUE ...
 $ Race.IsAnalyzeFullPast           : logi  TRUE TRUE TRUE TRUE TRUE TRUE ...
 $ Race.IsAnalyzeFullFuture         : logi  FALSE FALSE FALSE FALSE FALSE FALSE ...
 $ Race.JyokenCd                    : Factor w/ 1 level "6": 1 1 1 1 1 1 1 1 1 1 ...
 $ Race.JyoType1Cd                  : Factor w/ 68 levels "2-06-1200-6-1",..: 1 1 2 2 3 1 4 4 4 4 ...
 $ Race.RaceType1Cd                 : Factor w/ 2 levels "2-6-X-1","2-6-X-2": 1 1 2 2 1 1 2 2 2 2 ...
 $ RaceHorse.RaceId                 : Factor w/ 467 levels "20160109-06-01-02-03",..: 1 1 2 2 3 4 5 5 6 6 ...
 $ RaceHorse.KettoNum               : Factor w/ 6416 levels "2013105260","2013100071",..: 11 1 4 5 7 8 12 9 10 13 ...
 $ RaceHorse.IsHit1                 : num  0 1 0 0 0 0 0 0 0 0 ...
 $ RaceHorse.IsHit2                 : num  0 0 0 0 0 0 1 0 0 0 ...
 $ RaceHorse.IsHit3                 : num  0 0 0 0 1 0 0 0 0 1 ...
 $ RaceHorse.IsHit4                 : num  0 0 0 0 0 0 0 0 0 0 ...
 $ RaceHorse.IsHit5                 : num  0 0 0 0 0 0 0 0 0 0 ...
 $ RaceHorse.IsHit6                 : num  1 0 1 1 0 1 0 1 1 0 ...
 $ RaceHorse.IsValidRaceHorse       : logi  TRUE TRUE TRUE TRUE TRUE TRUE ...
 $ RaceHorse.TimeSdv                : num  0.209 1.003 0.83 0.645 0.961 ...
 $ RaceHorse.IsHitA                 : num  0 1 0 0 0 0 0 0 0 0 ...
 $ RaceHorse.IsHitB                 : num  0 1 0 0 0 0 1 0 0 0 ...
 $ RaceHorse.IsHitC                 : num  0 1 0 0 1 0 1 0 0 1 ...
 $ Gen01.HansyokuNum                : Factor w/ 292 levels "11201954","11201964",..: 4 1 1 3 1 1 2 3 3 2 ...
 $ Gen01.TimeSdvByRaceAvg           : num  -0.245 0.331 0.408 0.287 0.342 ...
 $ Gen01.TimeSdvByRaceMin           : num  -1.55 -2.68 -2.89 -2.35 -2.68 ...
 $ Gen01.TimeSdvByRaceMax           : num  0.723 2.056 2.101 2.24 2.056 ...
 $ Gen01.TimeSdvAvg                 : num  -0.282 0.438 0.373 0.147 0.444 ...
 $ Gen01.TimeSdvMin                 : num  -1.11 -2.81 -3.47 -2.46 -2.81 ...
 $ Gen01.TimeSdvMax                 : num  0.637 2.892 1.87 1.613 2.892 ...
 $ Gen01.OrderOfFinishSdvAvg        : num  -0.35 0.325 0.435 0.339 0.338 ...
 $ Gen01.RunCount                   : num  7 96 69 22 97 98 38 23 23 38 ...
 $ Gen01.HitCount1                  : num  0 12 10 2 13 13 3 2 2 3 ...
 $ Gen01.HitCount2                  : num  0 8 8 2 8 8 5 2 2 6 ...
 $ Gen01.HitCount3                  : num  0 10 8 1 10 11 6 1 1 5 ...
 $ Gen01.HitCount4                  : num  0 6 7 4 6 6 0 4 4 0 ...
 $ Gen01.HitCount5                  : num  1 8 7 3 8 8 4 3 3 4 ...
 $ Gen01.HitRate1                   : num  0 0.125 0.1449 0.0909 0.134 ...
 $ Gen01.HitRate2                   : num  0 0.0833 0.1159 0.0909 0.0825 ...
 $ Gen01.HitRate3                   : num  0 0.1042 0.1159 0.0455 0.1031 ...
 $ Gen01.HitRate4                   : num  0 0.0625 0.1014 0.1818 0.0619 ...
 $ Gen01.HitRate5                   : num  0.1429 0.0833 0.1014 0.1364 0.0825 ...
 $ EOF                              : int  1 1 1 1 1 1 1 1 1 1 ...
[1] "2022-02-25 20:25:44 --- RxSqlServerData Finish ---"
[1] "2022-02-25 20:25:44 --- subset Start ---"
[1] "--------------------------------------------------------------------------------"
[1] "nrow(data) subset before=6431"
[1] "nrow(data) subset after =6431"
[1] "nrow(data) subset diff =0"
[1] "--------------------------------------------------------------------------------"
[1] "2022-02-25 20:25:45 --- subset Finish---"
[1] "2022-02-25 20:25:46 --- transform Start ---"
[1] "--------------------------------------------------------------------------------"
[1] "nrow(data) transform before=6431"
[1] "nrow(data) transform after=6431"
[1] "nrow(data) transform diff=0"
[1] "--------------------------------------------------------------------------------"
[1] "str(data)="
'data.frame':	6431 obs. of  44 variables:
 $ Race.RaceId                      : Factor w/ 467 levels "20160109-06-01-02-03",..: 1 1 2 2 3 4 5 5 6 6 ...
 $ Race.IsPredictedRace             : logi  TRUE TRUE TRUE TRUE TRUE TRUE ...
 $ Race.IsAnalyzeNormalPastAndFuture: logi  TRUE TRUE TRUE TRUE TRUE TRUE ...
 $ Race.IsAnalyzeNormalPast         : logi  TRUE TRUE TRUE TRUE TRUE TRUE ...
 $ Race.IsAnalyzeNormalFuture       : logi  FALSE FALSE FALSE FALSE FALSE FALSE ...
 $ Race.IsAnalyzeFullPastAndFuture  : logi  TRUE TRUE TRUE TRUE TRUE TRUE ...
 $ Race.IsAnalyzeFullPast           : logi  TRUE TRUE TRUE TRUE TRUE TRUE ...
 $ Race.IsAnalyzeFullFuture         : logi  FALSE FALSE FALSE FALSE FALSE FALSE ...
 $ Race.JyokenCd                    : Factor w/ 1 level "6": 1 1 1 1 1 1 1 1 1 1 ...
 $ Race.JyoType1Cd                  : Factor w/ 68 levels "2-06-1200-6-1",..: 1 1 2 2 3 1 4 4 4 4 ...
 $ Race.RaceType1Cd                 : Factor w/ 2 levels "2-6-X-1","2-6-X-2": 1 1 2 2 1 1 2 2 2 2 ...
 $ RaceHorse.RaceId                 : Factor w/ 467 levels "20160109-06-01-02-03",..: 1 1 2 2 3 4 5 5 6 6 ...
 $ RaceHorse.KettoNum               : Factor w/ 6416 levels "2013105260","2013100071",..: 11 1 4 5 7 8 12 9 10 13 ...
 $ RaceHorse.IsHit1                 : num  0 1 0 0 0 0 0 0 0 0 ...
 $ RaceHorse.IsHit2                 : num  0 0 0 0 0 0 1 0 0 0 ...
 $ RaceHorse.IsHit3                 : num  0 0 0 0 1 0 0 0 0 1 ...
 $ RaceHorse.IsHit4                 : num  0 0 0 0 0 0 0 0 0 0 ...
 $ RaceHorse.IsHit5                 : num  0 0 0 0 0 0 0 0 0 0 ...
 $ RaceHorse.IsHit6                 : num  1 0 1 1 0 1 0 1 1 0 ...
 $ RaceHorse.IsValidRaceHorse       : logi  TRUE TRUE TRUE TRUE TRUE TRUE ...
 $ RaceHorse.TimeSdv                : num  0.209 1.003 0.83 0.645 0.961 ...
 $ RaceHorse.IsHitA                 : num  0 1 0 0 0 0 0 0 0 0 ...
 $ RaceHorse.IsHitB                 : num  0 1 0 0 0 0 1 0 0 0 ...
 $ RaceHorse.IsHitC                 : num  0 1 0 0 1 0 1 0 0 1 ...
 $ Gen01.HansyokuNum                : Factor w/ 292 levels "11201954","11201964",..: 4 1 1 3 1 1 2 3 3 2 ...
 $ Gen01.TimeSdvByRaceAvg           : num  -0.245 0.331 0.408 0.287 0.342 ...
 $ Gen01.TimeSdvByRaceMin           : num  -1.55 -2.68 -2.89 -2.35 -2.68 ...
 $ Gen01.TimeSdvByRaceMax           : num  0.723 2.056 2.101 2.24 2.056 ...
 $ Gen01.TimeSdvAvg                 : num  -0.282 0.438 0.373 0.147 0.444 ...
 $ Gen01.TimeSdvMin                 : num  -1.11 -2.81 -3.47 -2.46 -2.81 ...
 $ Gen01.TimeSdvMax                 : num  0.637 2.892 1.87 1.613 2.892 ...
 $ Gen01.OrderOfFinishSdvAvg        : num  -0.35 0.325 0.435 0.339 0.338 ...
 $ Gen01.RunCount                   : num  7 96 69 22 97 98 38 23 23 38 ...
 $ Gen01.HitCount1                  : num  0 12 10 2 13 13 3 2 2 3 ...
 $ Gen01.HitCount2                  : num  0 8 8 2 8 8 5 2 2 6 ...
 $ Gen01.HitCount3                  : num  0 10 8 1 10 11 6 1 1 5 ...
 $ Gen01.HitCount4                  : num  0 6 7 4 6 6 0 4 4 0 ...
 $ Gen01.HitCount5                  : num  1 8 7 3 8 8 4 3 3 4 ...
 $ Gen01.HitRate1                   : num  0 0.125 0.1449 0.0909 0.134 ...
 $ Gen01.HitRate2                   : num  0 0.0833 0.1159 0.0909 0.0825 ...
 $ Gen01.HitRate3                   : num  0 0.1042 0.1159 0.0455 0.1031 ...
 $ Gen01.HitRate4                   : num  0 0.0625 0.1014 0.1818 0.0619 ...
 $ Gen01.HitRate5                   : num  0.1429 0.0833 0.1014 0.1364 0.0825 ...
 $ EOF                              : int  1 1 1 1 1 1 1 1 1 1 ...
NULL
[1] "2022-02-25 20:25:50 --- transform Finish ---"
[1] "2022-02-25 20:25:50 --- na.omit Start ---"
[1] "--------------------------------------------------------------------------------"
[1] "nrow(data) na.omit before=6431"
[1] "nrow(data) na.omit after =6370"
[1] "nrow(data) na.omit diff =61"
[1] "--------------------------------------------------------------------------------"
'data.frame':	6370 obs. of  44 variables:
 $ Race.RaceId                      : Factor w/ 467 levels "20160109-06-01-02-03",..: 1 1 2 2 3 4 5 5 6 6 ...
 $ Race.IsPredictedRace             : logi  TRUE TRUE TRUE TRUE TRUE TRUE ...
 $ Race.IsAnalyzeNormalPastAndFuture: logi  TRUE TRUE TRUE TRUE TRUE TRUE ...
 $ Race.IsAnalyzeNormalPast         : logi  TRUE TRUE TRUE TRUE TRUE TRUE ...
 $ Race.IsAnalyzeNormalFuture       : logi  FALSE FALSE FALSE FALSE FALSE FALSE ...
 $ Race.IsAnalyzeFullPastAndFuture  : logi  TRUE TRUE TRUE TRUE TRUE TRUE ...
 $ Race.IsAnalyzeFullPast           : logi  TRUE TRUE TRUE TRUE TRUE TRUE ...
 $ Race.IsAnalyzeFullFuture         : logi  FALSE FALSE FALSE FALSE FALSE FALSE ...
 $ Race.JyokenCd                    : Factor w/ 1 level "6": 1 1 1 1 1 1 1 1 1 1 ...
 $ Race.JyoType1Cd                  : Factor w/ 68 levels "2-06-1200-6-1",..: 1 1 2 2 3 1 4 4 4 4 ...
 $ Race.RaceType1Cd                 : Factor w/ 2 levels "2-6-X-1","2-6-X-2": 1 1 2 2 1 1 2 2 2 2 ...
 $ RaceHorse.RaceId                 : Factor w/ 467 levels "20160109-06-01-02-03",..: 1 1 2 2 3 4 5 5 6 6 ...
 $ RaceHorse.KettoNum               : Factor w/ 6416 levels "2013105260","2013100071",..: 11 1 4 5 7 8 12 9 10 13 ...
 $ RaceHorse.IsHit1                 : num  0 1 0 0 0 0 0 0 0 0 ...
 $ RaceHorse.IsHit2                 : num  0 0 0 0 0 0 1 0 0 0 ...
 $ RaceHorse.IsHit3                 : num  0 0 0 0 1 0 0 0 0 1 ...
 $ RaceHorse.IsHit4                 : num  0 0 0 0 0 0 0 0 0 0 ...
 $ RaceHorse.IsHit5                 : num  0 0 0 0 0 0 0 0 0 0 ...
 $ RaceHorse.IsHit6                 : num  1 0 1 1 0 1 0 1 1 0 ...
 $ RaceHorse.IsValidRaceHorse       : logi  TRUE TRUE TRUE TRUE TRUE TRUE ...
 $ RaceHorse.TimeSdv                : num  0.209 1.003 0.83 0.645 0.961 ...
 $ RaceHorse.IsHitA                 : num  0 1 0 0 0 0 0 0 0 0 ...
 $ RaceHorse.IsHitB                 : num  0 1 0 0 0 0 1 0 0 0 ...
 $ RaceHorse.IsHitC                 : num  0 1 0 0 1 0 1 0 0 1 ...
 $ Gen01.HansyokuNum                : Factor w/ 292 levels "11201954","11201964",..: 4 1 1 3 1 1 2 3 3 2 ...
 $ Gen01.TimeSdvByRaceAvg           : num  -0.245 0.331 0.408 0.287 0.342 ...
 $ Gen01.TimeSdvByRaceMin           : num  -1.55 -2.68 -2.89 -2.35 -2.68 ...
 $ Gen01.TimeSdvByRaceMax           : num  0.723 2.056 2.101 2.24 2.056 ...
 $ Gen01.TimeSdvAvg                 : num  -0.282 0.438 0.373 0.147 0.444 ...
 $ Gen01.TimeSdvMin                 : num  -1.11 -2.81 -3.47 -2.46 -2.81 ...
 $ Gen01.TimeSdvMax                 : num  0.637 2.892 1.87 1.613 2.892 ...
 $ Gen01.OrderOfFinishSdvAvg        : num  -0.35 0.325 0.435 0.339 0.338 ...
 $ Gen01.RunCount                   : num  7 96 69 22 97 98 38 23 23 38 ...
 $ Gen01.HitCount1                  : num  0 12 10 2 13 13 3 2 2 3 ...
 $ Gen01.HitCount2                  : num  0 8 8 2 8 8 5 2 2 6 ...
 $ Gen01.HitCount3                  : num  0 10 8 1 10 11 6 1 1 5 ...
 $ Gen01.HitCount4                  : num  0 6 7 4 6 6 0 4 4 0 ...
 $ Gen01.HitCount5                  : num  1 8 7 3 8 8 4 3 3 4 ...
 $ Gen01.HitRate1                   : num  0 0.125 0.1449 0.0909 0.134 ...
 $ Gen01.HitRate2                   : num  0 0.0833 0.1159 0.0909 0.0825 ...
 $ Gen01.HitRate3                   : num  0 0.1042 0.1159 0.0455 0.1031 ...
 $ Gen01.HitRate4                   : num  0 0.0625 0.1014 0.1818 0.0619 ...
 $ Gen01.HitRate5                   : num  0.1429 0.0833 0.1014 0.1364 0.0825 ...
 $ EOF                              : int  1 1 1 1 1 1 1 1 1 1 ...
 - attr(*, "na.action")= 'omit' Named int  193 267 372 392 526 618 727 1289 1291 1364 ...
  ..- attr(*, "names")= chr  "193" "267" "372" "392" ...
[1] "2022-02-25 20:25:52 --- na.omit Finish ---"
[1] "2022-02-25 20:25:52 --- rxGlm with rxStepControl Start ---"

> print(paste0(Sys.time(), " --- source_logic_glm.R Start ---"))
[1] "2022-02-25 20:25:52 --- source_logic_glm.R Start ---"

> formula <- formula(RaceHorse.IsHitA ~ +1 + Gen01.TimeSdvAvg)

> print(paste0(Sys.time(), " --- source_logic_glm.R Finished ---"))
[1] "2022-02-25 20:25:52 --- source_logic_glm.R Finished ---"
Rows Read: 6370, Total Rows Processed: 6370, Total Chunk Time: 0.021 seconds 

Starting values (iteration 1) time: 0.480 secs.
Rows Read: 6370, Total Rows Processed: 6370, Total Chunk Time: 0.002 seconds 

Iteration 2 time: 0.024 secs.
Rows Read: 6370, Total Rows Processed: 6370, Total Chunk Time: 0.002 seconds 

Iteration 3 time: 0.019 secs.
Rows Read: 6370, Total Rows Processed: 6370, Total Chunk Time: 0.001 seconds 

Iteration 4 time: 0.007 secs.
Rows Read: 6370, Total Rows Processed: 6370, Total Chunk Time: 0.002 seconds 

Iteration 5 time: 0.010 secs.

Elapsed computation time: 0.593 secs.
Rows Read: 6370, Total Rows Processed: 6370, Total Chunk Time: 0.001 seconds 

Starting values (iteration 1) time: 0.017 secs.
Rows Read: 6370, Total Rows Processed: 6370, Total Chunk Time: 0.001 seconds 

Iteration 2 time: 0.010 secs.

Elapsed computation time: 0.043 secs.
Rows Read: 6370, Total Rows Processed: 6370, Total Chunk Time: Less than .001 seconds 

Starting values (iteration 1) time: 0.008 secs.
Rows Read: 6370, Total Rows Processed: 6370, Total Chunk Time: Less than .001 seconds 

Iteration 2 time: 0.008 secs.
Rows Read: 6370, Total Rows Processed: 6370, Total Chunk Time: 0.002 seconds 

Iteration 3 time: 0.009 secs.
Rows Read: 6370, Total Rows Processed: 6370, Total Chunk Time: 0.001 seconds 

Iteration 4 time: 0.012 secs.
Rows Read: 6370, Total Rows Processed: 6370, Total Chunk Time: 0.026 seconds 

Iteration 5 time: 0.030 secs.

Elapsed computation time: 0.117 secs.

Elapsed computation time: 0.798 secs.
[1] "--------------------------------------------------------------------------------"
[1] "analyze.results.glm.step="
Logistic Regression Results for: RaceHorse.IsHitA ~ Gen01.TimeSdvAvg
Data: data
Dependent variable(s): RaceHorse.IsHitA
Total independent variables: 2 
Number of valid observations: 6370
Number of missing observations: 0 
 
Coefficients:
                 RaceHorse.IsHitA
(Intercept)                    -3
Gen01.TimeSdvAvg                1
[1] "analyze.results.glm.step.summary"
Call:
rxLogit(formula = formula, data = data, variableSelection = analyze.results.glm.step.varsel)

Logistic Regression Results for: RaceHorse.IsHitA ~ Gen01.TimeSdvAvg
Data: data
Dependent variable(s): RaceHorse.IsHitA
Total independent variables: 2 
Number of valid observations: 6370
Number of missing observations: 0 
-2*LogLikelihood: 3070.033 (Residual deviance on 6368 degrees of freedom)
 
Coefficients:
                 Estimate Std. Error z value Pr(>|z|)    
(Intercept)       -2.8170     0.0591  -47.64  2.2e-16 ***
Gen01.TimeSdvAvg   1.0640     0.1290    8.25  2.2e-16 ***
---
Signif. codes:  0 '***' 0.001 '**' 0.01 '*' 0.05 '.' 0.1 ' ' 1

Condition number of final variance-covariance matrix: 1 
Number of iterations: 5
[1] "--------------------------------------------------------------------------------"
[1] "2022-02-25 20:25:54 --- rxGlm with rxStepControl Finish ---"
[1] "2022-02-25 20:25:54 --- rxStepPlot Start ---"
[1] "pdfFilename=pdf_analyze_glm_Gen01_Type26_rxStepPlot.pdf"
[1] "rxStepPlot="
[1] "2022-02-25 20:25:54 --- rxStepPlot Finish ---"
[1] "2022-02-25 20:25:54 --- save.image Start ---"
[1] "save.image"
[1] "rdataFilename=RData_analyze_glm_Gen01_Type26.RData"
[1] "2022-02-25 20:25:54 --- save.image Finish ---"
[1] "2022-02-25 20:25:54 --- final Start ---"
[1] "--------------------------------------------------------------------------------"
[1] "nrow(data) final=6370"
[1] "--------------------------------------------------------------------------------"
[1] "2022-02-25 20:25:54 --- final Finish ---"
[1] "2022-02-25 20:25:54 --- analyze_glm.R Finished ---"
[1] "2022-02-25 20:25:54 --- log Finish ---"
