[1] "2022-02-21 22:12:14 --- D1115_analyze_glm_Jockey_IsHitA_Type25 Start ---"
[1] "2022-02-21 22:12:14 --- Log Start ---"
[1] "2022-02-21 22:12:14 --- analyze_glm.R Start ---"
[1] "analyzeVersion=D1115"
[1] "analyzeCategory=analyze"
[1] "analyzeType=Jockey"
[1] "analyzeFamily=IsHitA"
[1] "analyzeFunc=glm"
[1] "analyzeTrackTypeCd=2"
[1] "analyzeJyokenCd=5"
[1] "2022-02-21 22:12:14 --- source_function.R Start ---"
[1] "2022-02-21 22:12:14 --- source_function.R Finished ---"

> print(paste0(Sys.time(), " --- source_library.R Start ---"))
[1] "2022-02-21 22:12:14 --- source_library.R Start ---"

> require("RevoScaleR")

> print(paste0(Sys.time(), " --- source_library.R Finished ---"))
[1] "2022-02-21 22:12:19 --- source_library.R Finished ---"
[1] "2022-02-21 22:12:19 --- RxSqlServerData Start ---"
[1] "2022-02-21 22:12:19 --- RxInSqlServer Start ---"
[1] "2022-02-21 22:12:19 --- RxInSqlServer Finish ---"
[1] "2022-02-21 22:12:19 --- rxSetComputeContext Start ---"
[1] "2022-02-21 22:12:19 --- rxSetComputeContext Finish ---"
[1] "2022-02-21 22:12:19 --- RxSqlServerData Start ---"
[1] "sqlQuery=SELECT * FROM ViewAnalyzeD1115analyze01JockeyType25"
[1] "2022-02-21 22:12:19 --- RxSqlServerData Finish ---"
[1] "2022-02-21 22:12:19 --- rxGetVarInfo Start ---"
[1] "2022-02-21 22:12:20 --- rxGetVarInfo Finish---"
[1] "2022-02-21 22:12:20 --- rxImport Start ---"
Rows Read: 48255, Total Rows Processed: 48255, Total Chunk Time: 916.296 seconds 
[1] "2022-02-21 22:58:46 --- rxImport Finish ---"
[1] "object.size(data) auto=10.6 Mb"
[1] "--------------------------------------------------------------------------------"
[1] "nrow(data) RxSqlServerData=48255"
[1] "--------------------------------------------------------------------------------"
[1] "str(data)="
'data.frame':	48255 obs. of  39 variables:
 $ Race.RaceId                      : Factor w/ 3266 levels "20160109-06-01-02-02",..: 2 2 2 2 2 2 2 2 2 2 ...
 $ Race.IsPredictedRace             : logi  TRUE TRUE TRUE TRUE TRUE TRUE ...
 $ Race.IsAnalyzeNormalPastAndFuture: logi  TRUE TRUE TRUE TRUE TRUE TRUE ...
 $ Race.IsAnalyzeNormalPast         : logi  TRUE TRUE TRUE TRUE TRUE TRUE ...
 $ Race.IsAnalyzeNormalFuture       : logi  FALSE FALSE FALSE FALSE FALSE FALSE ...
 $ Race.IsAnalyzeFullPastAndFuture  : logi  TRUE TRUE TRUE TRUE TRUE TRUE ...
 $ Race.IsAnalyzeFullPast           : logi  TRUE TRUE TRUE TRUE TRUE TRUE ...
 $ Race.IsAnalyzeFullFuture         : logi  FALSE FALSE FALSE FALSE FALSE FALSE ...
 $ Race.JyokenCd                    : Factor w/ 1 level "5": 1 1 1 1 1 1 1 1 1 1 ...
 $ Race.RaceType1Cd                 : Factor w/ 1 level "2-5-X": 1 1 1 1 1 1 1 1 1 1 ...
 $ RaceHorse.RaceId                 : Factor w/ 3266 levels "20160109-06-01-02-02",..: 2 2 2 2 2 2 2 2 2 2 ...
 $ RaceHorse.KettoNum               : Factor w/ 16795 levels "2013100568","2013100742",..: 11 12 13 14 15 16 17 18 19 20 ...
 $ RaceHorse.IsHit1                 : int  0 0 0 0 0 0 0 0 0 0 ...
 $ RaceHorse.IsHit2                 : int  0 0 0 0 0 0 0 0 0 0 ...
 $ RaceHorse.IsHit3                 : int  0 0 1 0 0 0 0 0 0 0 ...
 $ RaceHorse.IsHit4                 : int  0 0 0 0 1 0 0 0 0 0 ...
 $ RaceHorse.IsHit5                 : int  0 0 0 0 0 0 0 0 0 0 ...
 $ RaceHorse.IsHit6                 : int  1 1 0 1 0 1 1 1 1 1 ...
 $ RaceHorse.IsValidRaceHorse       : logi  TRUE TRUE TRUE TRUE TRUE TRUE ...
 $ RaceHorse.IsHitA                 : int  0 0 0 0 0 0 0 0 0 0 ...
 $ RaceHorse.IsHitB                 : int  0 0 0 0 0 0 0 0 0 0 ...
 $ RaceHorse.IsHitC                 : int  0 0 1 0 0 0 0 0 0 0 ...
 $ Jockey.KisyuCode                 : Factor w/ 202 levels "01077","01150",..: 11 12 6 13 14 15 16 17 1 18 ...
 $ Jockey.TimeSdvByRaceAvg          : num  -0.092302 -0.505407 -0.000852 -0.264564 -0.146023 ...
 $ Jockey.TimeSdvByRaceMin          : num  -2.95 -2.95 -3 -2.78 -1.35 ...
 $ Jockey.TimeSdvByRaceMax          : num  2.12 1.69 2.08 1.39 1.01 ...
 $ Jockey.OrderOfFinishSdvAvg       : num  -0.1433 -0.5107 0.0496 -0.3112 -0.2848 ...
 $ Jockey.RunCount                  : int  751 189 667 19 5 568 493 6 580 286 ...
 $ Jockey.HitCount1                 : int  31 3 43 1 0 97 20 0 36 6 ...
 $ Jockey.HitCount2                 : int  47 1 49 1 0 62 20 0 49 7 ...
 $ Jockey.HitCount3                 : int  41 8 51 0 1 59 41 1 50 11 ...
 $ Jockey.HitCount4                 : int  57 11 43 1 0 46 32 0 41 13 ...
 $ Jockey.HitCount5                 : int  47 7 48 1 0 52 36 0 35 14 ...
 $ Jockey.HitRate1                  : num  0.0413 0.0159 0.0645 0.0526 0 ...
 $ Jockey.HitRate2                  : num  0.06258 0.00529 0.07346 0.05263 0 ...
 $ Jockey.HitRate3                  : num  0.0546 0.0423 0.0765 0 0.2 ...
 $ Jockey.HitRate4                  : num  0.0759 0.0582 0.0645 0.0526 0 ...
 $ Jockey.HitRate5                  : num  0.0626 0.037 0.072 0.0526 0 ...
 $ EOF                              : int  1 1 1 1 1 1 1 1 1 1 ...
[1] "2022-02-21 22:58:46 --- RxSqlServerData Finish ---"
[1] "2022-02-21 22:58:46 --- subset Start ---"
[1] "--------------------------------------------------------------------------------"
[1] "nrow(data) subset before=48255"
[1] "nrow(data) subset after =48255"
[1] "nrow(data) subset diff =0"
[1] "--------------------------------------------------------------------------------"
[1] "2022-02-21 22:58:46 --- subset Finish---"
[1] "2022-02-21 22:58:46 --- transform Start ---"
[1] "--------------------------------------------------------------------------------"
[1] "nrow(data) transform before=48255"
[1] "nrow(data) transform after=48255"
[1] "nrow(data) transform diff=0"
[1] "--------------------------------------------------------------------------------"
[1] "str(data)="
'data.frame':	48255 obs. of  39 variables:
 $ Race.RaceId                      : Factor w/ 3266 levels "20160109-06-01-02-02",..: 2 2 2 2 2 2 2 2 2 2 ...
 $ Race.IsPredictedRace             : logi  TRUE TRUE TRUE TRUE TRUE TRUE ...
 $ Race.IsAnalyzeNormalPastAndFuture: logi  TRUE TRUE TRUE TRUE TRUE TRUE ...
 $ Race.IsAnalyzeNormalPast         : logi  TRUE TRUE TRUE TRUE TRUE TRUE ...
 $ Race.IsAnalyzeNormalFuture       : logi  FALSE FALSE FALSE FALSE FALSE FALSE ...
 $ Race.IsAnalyzeFullPastAndFuture  : logi  TRUE TRUE TRUE TRUE TRUE TRUE ...
 $ Race.IsAnalyzeFullPast           : logi  TRUE TRUE TRUE TRUE TRUE TRUE ...
 $ Race.IsAnalyzeFullFuture         : logi  FALSE FALSE FALSE FALSE FALSE FALSE ...
 $ Race.JyokenCd                    : Factor w/ 1 level "5": 1 1 1 1 1 1 1 1 1 1 ...
 $ Race.RaceType1Cd                 : Factor w/ 1 level "2-5-X": 1 1 1 1 1 1 1 1 1 1 ...
 $ RaceHorse.RaceId                 : Factor w/ 3266 levels "20160109-06-01-02-02",..: 2 2 2 2 2 2 2 2 2 2 ...
 $ RaceHorse.KettoNum               : Factor w/ 16795 levels "2013100568","2013100742",..: 11 12 13 14 15 16 17 18 19 20 ...
 $ RaceHorse.IsHit1                 : int  0 0 0 0 0 0 0 0 0 0 ...
 $ RaceHorse.IsHit2                 : int  0 0 0 0 0 0 0 0 0 0 ...
 $ RaceHorse.IsHit3                 : int  0 0 1 0 0 0 0 0 0 0 ...
 $ RaceHorse.IsHit4                 : int  0 0 0 0 1 0 0 0 0 0 ...
 $ RaceHorse.IsHit5                 : int  0 0 0 0 0 0 0 0 0 0 ...
 $ RaceHorse.IsHit6                 : int  1 1 0 1 0 1 1 1 1 1 ...
 $ RaceHorse.IsValidRaceHorse       : logi  TRUE TRUE TRUE TRUE TRUE TRUE ...
 $ RaceHorse.IsHitA                 : int  0 0 0 0 0 0 0 0 0 0 ...
 $ RaceHorse.IsHitB                 : int  0 0 0 0 0 0 0 0 0 0 ...
 $ RaceHorse.IsHitC                 : int  0 0 1 0 0 0 0 0 0 0 ...
 $ Jockey.KisyuCode                 : Factor w/ 202 levels "01077","01150",..: 11 12 6 13 14 15 16 17 1 18 ...
 $ Jockey.TimeSdvByRaceAvg          : num  -0.092302 -0.505407 -0.000852 -0.264564 -0.146023 ...
 $ Jockey.TimeSdvByRaceMin          : num  -2.95 -2.95 -3 -2.78 -1.35 ...
 $ Jockey.TimeSdvByRaceMax          : num  2.12 1.69 2.08 1.39 1.01 ...
 $ Jockey.OrderOfFinishSdvAvg       : num  -0.1433 -0.5107 0.0496 -0.3112 -0.2848 ...
 $ Jockey.RunCount                  : int  751 189 667 19 5 568 493 6 580 286 ...
 $ Jockey.HitCount1                 : int  31 3 43 1 0 97 20 0 36 6 ...
 $ Jockey.HitCount2                 : int  47 1 49 1 0 62 20 0 49 7 ...
 $ Jockey.HitCount3                 : int  41 8 51 0 1 59 41 1 50 11 ...
 $ Jockey.HitCount4                 : int  57 11 43 1 0 46 32 0 41 13 ...
 $ Jockey.HitCount5                 : int  47 7 48 1 0 52 36 0 35 14 ...
 $ Jockey.HitRate1                  : num  0.0413 0.0159 0.0645 0.0526 0 ...
 $ Jockey.HitRate2                  : num  0.06258 0.00529 0.07346 0.05263 0 ...
 $ Jockey.HitRate3                  : num  0.0546 0.0423 0.0765 0 0.2 ...
 $ Jockey.HitRate4                  : num  0.0759 0.0582 0.0645 0.0526 0 ...
 $ Jockey.HitRate5                  : num  0.0626 0.037 0.072 0.0526 0 ...
 $ EOF                              : int  1 1 1 1 1 1 1 1 1 1 ...
NULL
[1] "2022-02-21 22:58:47 --- transform Finish ---"
[1] "2022-02-21 22:58:47 --- na.omit Start ---"
[1] "--------------------------------------------------------------------------------"
[1] "nrow(data) na.omit before=48255"
[1] "nrow(data) na.omit after =48255"
[1] "nrow(data) na.omit diff =0"
[1] "--------------------------------------------------------------------------------"
'data.frame':	48255 obs. of  39 variables:
 $ Race.RaceId                      : Factor w/ 3266 levels "20160109-06-01-02-02",..: 2 2 2 2 2 2 2 2 2 2 ...
 $ Race.IsPredictedRace             : logi  TRUE TRUE TRUE TRUE TRUE TRUE ...
 $ Race.IsAnalyzeNormalPastAndFuture: logi  TRUE TRUE TRUE TRUE TRUE TRUE ...
 $ Race.IsAnalyzeNormalPast         : logi  TRUE TRUE TRUE TRUE TRUE TRUE ...
 $ Race.IsAnalyzeNormalFuture       : logi  FALSE FALSE FALSE FALSE FALSE FALSE ...
 $ Race.IsAnalyzeFullPastAndFuture  : logi  TRUE TRUE TRUE TRUE TRUE TRUE ...
 $ Race.IsAnalyzeFullPast           : logi  TRUE TRUE TRUE TRUE TRUE TRUE ...
 $ Race.IsAnalyzeFullFuture         : logi  FALSE FALSE FALSE FALSE FALSE FALSE ...
 $ Race.JyokenCd                    : Factor w/ 1 level "5": 1 1 1 1 1 1 1 1 1 1 ...
 $ Race.RaceType1Cd                 : Factor w/ 1 level "2-5-X": 1 1 1 1 1 1 1 1 1 1 ...
 $ RaceHorse.RaceId                 : Factor w/ 3266 levels "20160109-06-01-02-02",..: 2 2 2 2 2 2 2 2 2 2 ...
 $ RaceHorse.KettoNum               : Factor w/ 16795 levels "2013100568","2013100742",..: 11 12 13 14 15 16 17 18 19 20 ...
 $ RaceHorse.IsHit1                 : int  0 0 0 0 0 0 0 0 0 0 ...
 $ RaceHorse.IsHit2                 : int  0 0 0 0 0 0 0 0 0 0 ...
 $ RaceHorse.IsHit3                 : int  0 0 1 0 0 0 0 0 0 0 ...
 $ RaceHorse.IsHit4                 : int  0 0 0 0 1 0 0 0 0 0 ...
 $ RaceHorse.IsHit5                 : int  0 0 0 0 0 0 0 0 0 0 ...
 $ RaceHorse.IsHit6                 : int  1 1 0 1 0 1 1 1 1 1 ...
 $ RaceHorse.IsValidRaceHorse       : logi  TRUE TRUE TRUE TRUE TRUE TRUE ...
 $ RaceHorse.IsHitA                 : int  0 0 0 0 0 0 0 0 0 0 ...
 $ RaceHorse.IsHitB                 : int  0 0 0 0 0 0 0 0 0 0 ...
 $ RaceHorse.IsHitC                 : int  0 0 1 0 0 0 0 0 0 0 ...
 $ Jockey.KisyuCode                 : Factor w/ 202 levels "01077","01150",..: 11 12 6 13 14 15 16 17 1 18 ...
 $ Jockey.TimeSdvByRaceAvg          : num  -0.092302 -0.505407 -0.000852 -0.264564 -0.146023 ...
 $ Jockey.TimeSdvByRaceMin          : num  -2.95 -2.95 -3 -2.78 -1.35 ...
 $ Jockey.TimeSdvByRaceMax          : num  2.12 1.69 2.08 1.39 1.01 ...
 $ Jockey.OrderOfFinishSdvAvg       : num  -0.1433 -0.5107 0.0496 -0.3112 -0.2848 ...
 $ Jockey.RunCount                  : int  751 189 667 19 5 568 493 6 580 286 ...
 $ Jockey.HitCount1                 : int  31 3 43 1 0 97 20 0 36 6 ...
 $ Jockey.HitCount2                 : int  47 1 49 1 0 62 20 0 49 7 ...
 $ Jockey.HitCount3                 : int  41 8 51 0 1 59 41 1 50 11 ...
 $ Jockey.HitCount4                 : int  57 11 43 1 0 46 32 0 41 13 ...
 $ Jockey.HitCount5                 : int  47 7 48 1 0 52 36 0 35 14 ...
 $ Jockey.HitRate1                  : num  0.0413 0.0159 0.0645 0.0526 0 ...
 $ Jockey.HitRate2                  : num  0.06258 0.00529 0.07346 0.05263 0 ...
 $ Jockey.HitRate3                  : num  0.0546 0.0423 0.0765 0 0.2 ...
 $ Jockey.HitRate4                  : num  0.0759 0.0582 0.0645 0.0526 0 ...
 $ Jockey.HitRate5                  : num  0.0626 0.037 0.072 0.0526 0 ...
 $ EOF                              : int  1 1 1 1 1 1 1 1 1 1 ...
[1] "2022-02-21 22:58:47 --- na.omit Finish ---"
[1] "2022-02-21 22:58:47 --- rxGlm with rxStepControl Start ---"

> print(paste0(Sys.time(), " --- source_logic_glm.R Start ---"))
[1] "2022-02-21 22:58:47 --- source_logic_glm.R Start ---"

> formula <- formula(RaceHorse.IsHitA ~ +1 + Jockey.OrderOfFinishSdvAvg)

> print(paste0(Sys.time(), " --- source_logic_glm.R Finished ---"))
[1] "2022-02-21 22:58:47 --- source_logic_glm.R Finished ---"
Rows Read: 48255, Total Rows Processed: 48255, Total Chunk Time: 0.002 seconds 

Starting values (iteration 1) time: 0.012 secs.
Rows Read: 48255, Total Rows Processed: 48255, Total Chunk Time: 0.003 seconds 

Iteration 2 time: 0.008 secs.
Rows Read: 48255, Total Rows Processed: 48255, Total Chunk Time: 0.002 seconds 

Iteration 3 time: 0.004 secs.
Rows Read: 48255, Total Rows Processed: 48255, Total Chunk Time: 0.002 seconds 

Iteration 4 time: 0.005 secs.
Rows Read: 48255, Total Rows Processed: 48255, Total Chunk Time: 0.002 seconds 

Iteration 5 time: 0.004 secs.

Elapsed computation time: 0.046 secs.
Rows Read: 48255, Total Rows Processed: 48255, Total Chunk Time: 0.001 seconds 

Starting values (iteration 1) time: 0.009 secs.
Rows Read: 48255, Total Rows Processed: 48255, Total Chunk Time: 0.002 seconds 

Iteration 2 time: 0.007 secs.

Elapsed computation time: 0.022 secs.
Rows Read: 48255, Total Rows Processed: 48255, Total Chunk Time: 0.001 seconds 

Starting values (iteration 1) time: 0.008 secs.
Rows Read: 48255, Total Rows Processed: 48255, Total Chunk Time: 0.002 seconds 

Iteration 2 time: 0.007 secs.
Rows Read: 48255, Total Rows Processed: 48255, Total Chunk Time: 0.003 seconds 

Iteration 3 time: 0.005 secs.
Rows Read: 48255, Total Rows Processed: 48255, Total Chunk Time: 0.003 seconds 

Iteration 4 time: 0.005 secs.
Rows Read: 48255, Total Rows Processed: 48255, Total Chunk Time: 0.002 seconds 

Iteration 5 time: 0.005 secs.

Elapsed computation time: 0.046 secs.

Elapsed computation time: 0.129 secs.
[1] "--------------------------------------------------------------------------------"
[1] "analyze.results.glm.step="
Logistic Regression Results for: RaceHorse.IsHitA ~
    Jockey.OrderOfFinishSdvAvg
Data: data
Dependent variable(s): RaceHorse.IsHitA
Total independent variables: 2 
Number of valid observations: 48255
Number of missing observations: 0 
 
Coefficients:
                           RaceHorse.IsHitA
(Intercept)                              -3
Jockey.OrderOfFinishSdvAvg                2
[1] "analyze.results.glm.step.summary"
Call:
rxLogit(formula = formula, data = data, variableSelection = analyze.results.glm.step.varsel)

Logistic Regression Results for: RaceHorse.IsHitA ~
    Jockey.OrderOfFinishSdvAvg
Data: data
Dependent variable(s): RaceHorse.IsHitA
Total independent variables: 2 
Number of valid observations: 48255
Number of missing observations: 0 
-2*LogLikelihood: 22683.57 (Residual deviance on 48253 degrees of freedom)
 
Coefficients:
                           Estimate Std. Error z value Pr(>|z|)    
(Intercept)                 -2.7564     0.0203  -135.7  2.2e-16 ***
Jockey.OrderOfFinishSdvAvg   1.9712     0.0572    34.5  2.2e-16 ***
---
Signif. codes:  0 '***' 0.001 '**' 0.01 '*' 0.05 '.' 0.1 ' ' 1

Condition number of final variance-covariance matrix: 1 
Number of iterations: 5
[1] "--------------------------------------------------------------------------------"
[1] "2022-02-21 22:58:47 --- rxGlm with rxStepControl Finish ---"
[1] "2022-02-21 22:58:47 --- rxStepPlot Start ---"
[1] "pdfFilename=pdf_analyze_glm_Jockey_Type25_rxStepPlot.pdf"
[1] "rxStepPlot="
[1] "2022-02-21 22:58:47 --- rxStepPlot Finish ---"
[1] "2022-02-21 22:58:47 --- save.image Start ---"
[1] "save.image"
[1] "rdataFilename=RData_analyze_glm_Jockey_Type25.RData"
[1] "2022-02-21 22:58:47 --- save.image Finish ---"
[1] "2022-02-21 22:58:47 --- final Start ---"
[1] "--------------------------------------------------------------------------------"
[1] "nrow(data) final=48255"
[1] "--------------------------------------------------------------------------------"
[1] "2022-02-21 22:58:47 --- final Finish ---"
[1] "2022-02-21 22:58:47 --- analyze_glm.R Finished ---"
[1] "2022-02-21 22:58:47 --- log Finish ---"
