[1] "2022-02-25 20:22:16 --- D1115_analyze_glm_Gen01_IsHitA_Type16 Start ---"
[1] "2022-02-25 20:22:16 --- Log Start ---"
[1] "2022-02-25 20:22:16 --- analyze_glm.R Start ---"
[1] "analyzeVersion=D1115"
[1] "analyzeCategory=analyze"
[1] "analyzeType=Gen01"
[1] "analyzeFamily=IsHitA"
[1] "analyzeFunc=glm"
[1] "analyzeTrackTypeCd=1"
[1] "analyzeJyokenCd=6"
[1] "2022-02-25 20:22:16 --- source_function.R Start ---"
[1] "2022-02-25 20:22:16 --- source_function.R Finished ---"

> print(paste0(Sys.time(), " --- source_library.R Start ---"))
[1] "2022-02-25 20:22:16 --- source_library.R Start ---"

> require("RevoScaleR")

> print(paste0(Sys.time(), " --- source_library.R Finished ---"))
[1] "2022-02-25 20:22:17 --- source_library.R Finished ---"
[1] "2022-02-25 20:22:17 --- RxSqlServerData Start ---"
[1] "2022-02-25 20:22:17 --- RxInSqlServer Start ---"
[1] "2022-02-25 20:22:17 --- RxInSqlServer Finish ---"
[1] "2022-02-25 20:22:17 --- rxSetComputeContext Start ---"
[1] "2022-02-25 20:22:17 --- rxSetComputeContext Finish ---"
[1] "2022-02-25 20:22:17 --- RxSqlServerData Start ---"
[1] "sqlQuery=SELECT * FROM ViewAnalyzeD1115analyze01Gen01Type16"
[1] "2022-02-25 20:22:17 --- RxSqlServerData Finish ---"
[1] "2022-02-25 20:22:17 --- rxGetVarInfo Start ---"
[1] "2022-02-25 20:22:17 --- rxGetVarInfo Finish---"
[1] "2022-02-25 20:22:17 --- rxImport Start ---"
Rows Read: 12925, Total Rows Processed: 12925, Total Chunk Time: 210.269 seconds 
[1] "2022-02-25 20:27:43 --- rxImport Finish ---"
[1] "object.size(data) auto=4.6 Mb"
[1] "--------------------------------------------------------------------------------"
[1] "nrow(data) RxSqlServerData=12925"
[1] "--------------------------------------------------------------------------------"
[1] "str(data)="
'data.frame':	12925 obs. of  44 variables:
 $ Race.RaceId                      : Factor w/ 992 levels "20160105-06-01-01-06",..: 1 2 2 3 3 4 4 5 5 6 ...
 $ Race.IsPredictedRace             : logi  TRUE TRUE TRUE TRUE TRUE TRUE ...
 $ Race.IsAnalyzeNormalPastAndFuture: logi  TRUE TRUE TRUE TRUE TRUE TRUE ...
 $ Race.IsAnalyzeNormalPast         : logi  TRUE TRUE TRUE TRUE TRUE TRUE ...
 $ Race.IsAnalyzeNormalFuture       : logi  FALSE FALSE FALSE FALSE FALSE FALSE ...
 $ Race.IsAnalyzeFullPastAndFuture  : logi  TRUE TRUE TRUE TRUE TRUE TRUE ...
 $ Race.IsAnalyzeFullPast           : logi  TRUE TRUE TRUE TRUE TRUE TRUE ...
 $ Race.IsAnalyzeFullFuture         : logi  FALSE FALSE FALSE FALSE FALSE FALSE ...
 $ Race.JyokenCd                    : Factor w/ 1 level "6": 1 1 1 1 1 1 1 1 1 1 ...
 $ Race.JyoType1Cd                  : Factor w/ 119 levels "1-06-2000-6-1",..: 1 2 2 3 3 4 4 1 1 4 ...
 $ Race.RaceType1Cd                 : Factor w/ 2 levels "1-6-X-2","1-6-X-1": 1 1 1 2 2 2 2 1 1 2 ...
 $ RaceHorse.RaceId                 : Factor w/ 992 levels "20160105-06-01-01-06",..: 1 2 2 3 3 4 4 5 5 6 ...
 $ RaceHorse.KettoNum               : Factor w/ 12906 levels "2013105581","2013105737",..: 1 2 3 4 5 6 7 8 9 10 ...
 $ RaceHorse.IsHit1                 : num  0 0 0 0 0 0 0 0 0 0 ...
 $ RaceHorse.IsHit2                 : num  0 0 0 0 0 0 0 0 0 0 ...
 $ RaceHorse.IsHit3                 : num  0 1 0 0 0 0 0 0 0 0 ...
 $ RaceHorse.IsHit4                 : num  0 0 0 0 0 0 0 0 1 0 ...
 $ RaceHorse.IsHit5                 : num  0 0 0 1 0 0 0 0 0 0 ...
 $ RaceHorse.IsHit6                 : num  1 0 1 0 1 1 1 1 0 1 ...
 $ RaceHorse.IsValidRaceHorse       : logi  TRUE TRUE TRUE TRUE TRUE TRUE ...
 $ RaceHorse.TimeSdv                : num  0.0195 -0.1372 -0.593 -0.4204 -0.7739 ...
 $ RaceHorse.IsHitA                 : num  0 0 0 0 0 0 0 0 0 0 ...
 $ RaceHorse.IsHitB                 : num  0 0 0 0 0 0 0 0 0 0 ...
 $ RaceHorse.IsHitC                 : num  0 1 0 0 0 0 0 0 0 0 ...
 $ Gen01.HansyokuNum                : Factor w/ 323 levels "11201964","11201966",..: 1 1 1 1 2 1 2 1 2 1 ...
 $ Gen01.TimeSdvByRaceAvg           : num  -0.01758 -0.0139 -0.0139 -0.00169 -0.28942 ...
 $ Gen01.TimeSdvByRaceMin           : num  -2.89 -2.89 -2.89 -2.57 -2.93 ...
 $ Gen01.TimeSdvByRaceMax           : num  1.73 1.73 1.73 1.43 1.63 ...
 $ Gen01.TimeSdvAvg                 : num  0.0245 0.0245 0.0245 -0.1262 -0.3438 ...
 $ Gen01.TimeSdvMin                 : num  -2 -2 -2 -2.42 -3.2 ...
 $ Gen01.TimeSdvMax                 : num  1.69 1.69 1.69 1.77 1.53 ...
 $ Gen01.OrderOfFinishSdvAvg        : num  -0.0219 -0.0183 -0.0183 -0.0268 -0.2954 ...
 $ Gen01.RunCount                   : num  85 86 86 98 72 99 73 88 7 100 ...
 $ Gen01.HitCount1                  : num  2 2 2 5 2 5 2 2 0 5 ...
 $ Gen01.HitCount2                  : num  4 4 4 6 4 6 4 4 1 6 ...
 $ Gen01.HitCount3                  : num  9 9 9 6 2 6 2 10 0 6 ...
 $ Gen01.HitCount4                  : num  7 7 7 7 4 7 4 7 0 7 ...
 $ Gen01.HitCount5                  : num  6 6 6 9 3 10 3 6 1 10 ...
 $ Gen01.HitRate1                   : num  0.0235 0.0233 0.0233 0.051 0.0278 ...
 $ Gen01.HitRate2                   : num  0.0471 0.0465 0.0465 0.0612 0.0556 ...
 $ Gen01.HitRate3                   : num  0.1059 0.1047 0.1047 0.0612 0.0278 ...
 $ Gen01.HitRate4                   : num  0.0824 0.0814 0.0814 0.0714 0.0556 ...
 $ Gen01.HitRate5                   : num  0.0706 0.0698 0.0698 0.0918 0.0417 ...
 $ EOF                              : int  1 1 1 1 1 1 1 1 1 1 ...
[1] "2022-02-25 20:32:39 --- RxSqlServerData Finish ---"
[1] "2022-02-25 20:32:39 --- subset Start ---"
[1] "--------------------------------------------------------------------------------"
[1] "nrow(data) subset before=12925"
[1] "nrow(data) subset after =12925"
[1] "nrow(data) subset diff =0"
[1] "--------------------------------------------------------------------------------"
[1] "2022-02-25 20:32:39 --- subset Finish---"
[1] "2022-02-25 20:32:39 --- transform Start ---"
[1] "--------------------------------------------------------------------------------"
[1] "nrow(data) transform before=12925"
[1] "nrow(data) transform after=12925"
[1] "nrow(data) transform diff=0"
[1] "--------------------------------------------------------------------------------"
[1] "str(data)="
'data.frame':	12925 obs. of  44 variables:
 $ Race.RaceId                      : Factor w/ 992 levels "20160105-06-01-01-06",..: 1 2 2 3 3 4 4 5 5 6 ...
 $ Race.IsPredictedRace             : logi  TRUE TRUE TRUE TRUE TRUE TRUE ...
 $ Race.IsAnalyzeNormalPastAndFuture: logi  TRUE TRUE TRUE TRUE TRUE TRUE ...
 $ Race.IsAnalyzeNormalPast         : logi  TRUE TRUE TRUE TRUE TRUE TRUE ...
 $ Race.IsAnalyzeNormalFuture       : logi  FALSE FALSE FALSE FALSE FALSE FALSE ...
 $ Race.IsAnalyzeFullPastAndFuture  : logi  TRUE TRUE TRUE TRUE TRUE TRUE ...
 $ Race.IsAnalyzeFullPast           : logi  TRUE TRUE TRUE TRUE TRUE TRUE ...
 $ Race.IsAnalyzeFullFuture         : logi  FALSE FALSE FALSE FALSE FALSE FALSE ...
 $ Race.JyokenCd                    : Factor w/ 1 level "6": 1 1 1 1 1 1 1 1 1 1 ...
 $ Race.JyoType1Cd                  : Factor w/ 119 levels "1-06-2000-6-1",..: 1 2 2 3 3 4 4 1 1 4 ...
 $ Race.RaceType1Cd                 : Factor w/ 2 levels "1-6-X-2","1-6-X-1": 1 1 1 2 2 2 2 1 1 2 ...
 $ RaceHorse.RaceId                 : Factor w/ 992 levels "20160105-06-01-01-06",..: 1 2 2 3 3 4 4 5 5 6 ...
 $ RaceHorse.KettoNum               : Factor w/ 12906 levels "2013105581","2013105737",..: 1 2 3 4 5 6 7 8 9 10 ...
 $ RaceHorse.IsHit1                 : num  0 0 0 0 0 0 0 0 0 0 ...
 $ RaceHorse.IsHit2                 : num  0 0 0 0 0 0 0 0 0 0 ...
 $ RaceHorse.IsHit3                 : num  0 1 0 0 0 0 0 0 0 0 ...
 $ RaceHorse.IsHit4                 : num  0 0 0 0 0 0 0 0 1 0 ...
 $ RaceHorse.IsHit5                 : num  0 0 0 1 0 0 0 0 0 0 ...
 $ RaceHorse.IsHit6                 : num  1 0 1 0 1 1 1 1 0 1 ...
 $ RaceHorse.IsValidRaceHorse       : logi  TRUE TRUE TRUE TRUE TRUE TRUE ...
 $ RaceHorse.TimeSdv                : num  0.0195 -0.1372 -0.593 -0.4204 -0.7739 ...
 $ RaceHorse.IsHitA                 : num  0 0 0 0 0 0 0 0 0 0 ...
 $ RaceHorse.IsHitB                 : num  0 0 0 0 0 0 0 0 0 0 ...
 $ RaceHorse.IsHitC                 : num  0 1 0 0 0 0 0 0 0 0 ...
 $ Gen01.HansyokuNum                : Factor w/ 323 levels "11201964","11201966",..: 1 1 1 1 2 1 2 1 2 1 ...
 $ Gen01.TimeSdvByRaceAvg           : num  -0.01758 -0.0139 -0.0139 -0.00169 -0.28942 ...
 $ Gen01.TimeSdvByRaceMin           : num  -2.89 -2.89 -2.89 -2.57 -2.93 ...
 $ Gen01.TimeSdvByRaceMax           : num  1.73 1.73 1.73 1.43 1.63 ...
 $ Gen01.TimeSdvAvg                 : num  0.0245 0.0245 0.0245 -0.1262 -0.3438 ...
 $ Gen01.TimeSdvMin                 : num  -2 -2 -2 -2.42 -3.2 ...
 $ Gen01.TimeSdvMax                 : num  1.69 1.69 1.69 1.77 1.53 ...
 $ Gen01.OrderOfFinishSdvAvg        : num  -0.0219 -0.0183 -0.0183 -0.0268 -0.2954 ...
 $ Gen01.RunCount                   : num  85 86 86 98 72 99 73 88 7 100 ...
 $ Gen01.HitCount1                  : num  2 2 2 5 2 5 2 2 0 5 ...
 $ Gen01.HitCount2                  : num  4 4 4 6 4 6 4 4 1 6 ...
 $ Gen01.HitCount3                  : num  9 9 9 6 2 6 2 10 0 6 ...
 $ Gen01.HitCount4                  : num  7 7 7 7 4 7 4 7 0 7 ...
 $ Gen01.HitCount5                  : num  6 6 6 9 3 10 3 6 1 10 ...
 $ Gen01.HitRate1                   : num  0.0235 0.0233 0.0233 0.051 0.0278 ...
 $ Gen01.HitRate2                   : num  0.0471 0.0465 0.0465 0.0612 0.0556 ...
 $ Gen01.HitRate3                   : num  0.1059 0.1047 0.1047 0.0612 0.0278 ...
 $ Gen01.HitRate4                   : num  0.0824 0.0814 0.0814 0.0714 0.0556 ...
 $ Gen01.HitRate5                   : num  0.0706 0.0698 0.0698 0.0918 0.0417 ...
 $ EOF                              : int  1 1 1 1 1 1 1 1 1 1 ...
NULL
[1] "2022-02-25 20:32:49 --- transform Finish ---"
[1] "2022-02-25 20:32:49 --- na.omit Start ---"
[1] "--------------------------------------------------------------------------------"
[1] "nrow(data) na.omit before=12925"
[1] "nrow(data) na.omit after =12851"
[1] "nrow(data) na.omit diff =74"
[1] "--------------------------------------------------------------------------------"
'data.frame':	12851 obs. of  44 variables:
 $ Race.RaceId                      : Factor w/ 992 levels "20160105-06-01-01-06",..: 1 2 2 3 3 4 4 5 5 6 ...
 $ Race.IsPredictedRace             : logi  TRUE TRUE TRUE TRUE TRUE TRUE ...
 $ Race.IsAnalyzeNormalPastAndFuture: logi  TRUE TRUE TRUE TRUE TRUE TRUE ...
 $ Race.IsAnalyzeNormalPast         : logi  TRUE TRUE TRUE TRUE TRUE TRUE ...
 $ Race.IsAnalyzeNormalFuture       : logi  FALSE FALSE FALSE FALSE FALSE FALSE ...
 $ Race.IsAnalyzeFullPastAndFuture  : logi  TRUE TRUE TRUE TRUE TRUE TRUE ...
 $ Race.IsAnalyzeFullPast           : logi  TRUE TRUE TRUE TRUE TRUE TRUE ...
 $ Race.IsAnalyzeFullFuture         : logi  FALSE FALSE FALSE FALSE FALSE FALSE ...
 $ Race.JyokenCd                    : Factor w/ 1 level "6": 1 1 1 1 1 1 1 1 1 1 ...
 $ Race.JyoType1Cd                  : Factor w/ 119 levels "1-06-2000-6-1",..: 1 2 2 3 3 4 4 1 1 4 ...
 $ Race.RaceType1Cd                 : Factor w/ 2 levels "1-6-X-2","1-6-X-1": 1 1 1 2 2 2 2 1 1 2 ...
 $ RaceHorse.RaceId                 : Factor w/ 992 levels "20160105-06-01-01-06",..: 1 2 2 3 3 4 4 5 5 6 ...
 $ RaceHorse.KettoNum               : Factor w/ 12906 levels "2013105581","2013105737",..: 1 2 3 4 5 6 7 8 9 10 ...
 $ RaceHorse.IsHit1                 : num  0 0 0 0 0 0 0 0 0 0 ...
 $ RaceHorse.IsHit2                 : num  0 0 0 0 0 0 0 0 0 0 ...
 $ RaceHorse.IsHit3                 : num  0 1 0 0 0 0 0 0 0 0 ...
 $ RaceHorse.IsHit4                 : num  0 0 0 0 0 0 0 0 1 0 ...
 $ RaceHorse.IsHit5                 : num  0 0 0 1 0 0 0 0 0 0 ...
 $ RaceHorse.IsHit6                 : num  1 0 1 0 1 1 1 1 0 1 ...
 $ RaceHorse.IsValidRaceHorse       : logi  TRUE TRUE TRUE TRUE TRUE TRUE ...
 $ RaceHorse.TimeSdv                : num  0.0195 -0.1372 -0.593 -0.4204 -0.7739 ...
 $ RaceHorse.IsHitA                 : num  0 0 0 0 0 0 0 0 0 0 ...
 $ RaceHorse.IsHitB                 : num  0 0 0 0 0 0 0 0 0 0 ...
 $ RaceHorse.IsHitC                 : num  0 1 0 0 0 0 0 0 0 0 ...
 $ Gen01.HansyokuNum                : Factor w/ 323 levels "11201964","11201966",..: 1 1 1 1 2 1 2 1 2 1 ...
 $ Gen01.TimeSdvByRaceAvg           : num  -0.01758 -0.0139 -0.0139 -0.00169 -0.28942 ...
 $ Gen01.TimeSdvByRaceMin           : num  -2.89 -2.89 -2.89 -2.57 -2.93 ...
 $ Gen01.TimeSdvByRaceMax           : num  1.73 1.73 1.73 1.43 1.63 ...
 $ Gen01.TimeSdvAvg                 : num  0.0245 0.0245 0.0245 -0.1262 -0.3438 ...
 $ Gen01.TimeSdvMin                 : num  -2 -2 -2 -2.42 -3.2 ...
 $ Gen01.TimeSdvMax                 : num  1.69 1.69 1.69 1.77 1.53 ...
 $ Gen01.OrderOfFinishSdvAvg        : num  -0.0219 -0.0183 -0.0183 -0.0268 -0.2954 ...
 $ Gen01.RunCount                   : num  85 86 86 98 72 99 73 88 7 100 ...
 $ Gen01.HitCount1                  : num  2 2 2 5 2 5 2 2 0 5 ...
 $ Gen01.HitCount2                  : num  4 4 4 6 4 6 4 4 1 6 ...
 $ Gen01.HitCount3                  : num  9 9 9 6 2 6 2 10 0 6 ...
 $ Gen01.HitCount4                  : num  7 7 7 7 4 7 4 7 0 7 ...
 $ Gen01.HitCount5                  : num  6 6 6 9 3 10 3 6 1 10 ...
 $ Gen01.HitRate1                   : num  0.0235 0.0233 0.0233 0.051 0.0278 ...
 $ Gen01.HitRate2                   : num  0.0471 0.0465 0.0465 0.0612 0.0556 ...
 $ Gen01.HitRate3                   : num  0.1059 0.1047 0.1047 0.0612 0.0278 ...
 $ Gen01.HitRate4                   : num  0.0824 0.0814 0.0814 0.0714 0.0556 ...
 $ Gen01.HitRate5                   : num  0.0706 0.0698 0.0698 0.0918 0.0417 ...
 $ EOF                              : int  1 1 1 1 1 1 1 1 1 1 ...
 - attr(*, "na.action")= 'omit' Named int  151 213 356 532 640 701 959 2163 2249 2538 ...
  ..- attr(*, "names")= chr  "151" "213" "356" "532" ...
[1] "2022-02-25 20:32:54 --- na.omit Finish ---"
[1] "2022-02-25 20:32:54 --- rxGlm with rxStepControl Start ---"

> print(paste0(Sys.time(), " --- source_logic_glm.R Start ---"))
[1] "2022-02-25 20:32:54 --- source_logic_glm.R Start ---"

> formula <- formula(RaceHorse.IsHitA ~ +1 + Gen01.TimeSdvAvg)

> print(paste0(Sys.time(), " --- source_logic_glm.R Finished ---"))
[1] "2022-02-25 20:32:55 --- source_logic_glm.R Finished ---"
Rows Read: 12851, Total Rows Processed: 12851, Total Chunk Time: Less than .001 seconds 

Starting values (iteration 1) time: 0.374 secs.
Rows Read: 12851, Total Rows Processed: 12851, Total Chunk Time: 0.002 seconds 

Iteration 2 time: 0.091 secs.
Rows Read: 12851, Total Rows Processed: 12851, Total Chunk Time: 0.002 seconds 

Iteration 3 time: 0.164 secs.
Rows Read: 12851, Total Rows Processed: 12851, Total Chunk Time: 0.002 seconds 

Iteration 4 time: 0.082 secs.
Rows Read: 12851, Total Rows Processed: 12851, Total Chunk Time: 0.002 seconds 

Iteration 5 time: 0.087 secs.

Elapsed computation time: 1.196 secs.
Rows Read: 12851, Total Rows Processed: 12851, Total Chunk Time: 0.001 seconds 

Starting values (iteration 1) time: 0.082 secs.
Rows Read: 12851, Total Rows Processed: 12851, Total Chunk Time: Less than .001 seconds 

Iteration 2 time: 0.091 secs.

Elapsed computation time: 0.359 secs.
Rows Read: 12851, Total Rows Processed: 12851, Total Chunk Time: Less than .001 seconds 

Starting values (iteration 1) time: 0.069 secs.
Rows Read: 12851, Total Rows Processed: 12851, Total Chunk Time: 0.002 seconds 

Iteration 2 time: 0.166 secs.
Rows Read: 12851, Total Rows Processed: 12851, Total Chunk Time: 0.002 seconds 

Iteration 3 time: 0.179 secs.
Rows Read: 12851, Total Rows Processed: 12851, Total Chunk Time: Less than .001 seconds 

Iteration 4 time: 0.061 secs.
Rows Read: 12851, Total Rows Processed: 12851, Total Chunk Time: 0.002 seconds 

Iteration 5 time: 0.075 secs.

Elapsed computation time: 0.986 secs.

Elapsed computation time: 2.884 secs.
[1] "--------------------------------------------------------------------------------"
[1] "analyze.results.glm.step="
Logistic Regression Results for: RaceHorse.IsHitA ~ Gen01.TimeSdvAvg
Data: data
Dependent variable(s): RaceHorse.IsHitA
Total independent variables: 2 
Number of valid observations: 12851
Number of missing observations: 0 
 
Coefficients:
                 RaceHorse.IsHitA
(Intercept)                    -3
Gen01.TimeSdvAvg                1
[1] "analyze.results.glm.step.summary"
Call:
rxLogit(formula = formula, data = data, variableSelection = analyze.results.glm.step.varsel)

Logistic Regression Results for: RaceHorse.IsHitA ~ Gen01.TimeSdvAvg
Data: data
Dependent variable(s): RaceHorse.IsHitA
Total independent variables: 2 
Number of valid observations: 12851
Number of missing observations: 0 
-2*LogLikelihood: 6678.833 (Residual deviance on 12849 degrees of freedom)
 
Coefficients:
                 Estimate Std. Error z value Pr(>|z|)    
(Intercept)       -2.7391     0.0414   -66.1  2.2e-16 ***
Gen01.TimeSdvAvg   1.2552     0.1042    12.1  2.2e-16 ***
---
Signif. codes:  0 '***' 0.001 '**' 0.01 '*' 0.05 '.' 0.1 ' ' 1

Condition number of final variance-covariance matrix: 1 
Number of iterations: 5
[1] "--------------------------------------------------------------------------------"
[1] "2022-02-25 20:33:01 --- rxGlm with rxStepControl Finish ---"
[1] "2022-02-25 20:33:01 --- rxStepPlot Start ---"
[1] "pdfFilename=pdf_analyze_glm_Gen01_Type16_rxStepPlot.pdf"
[1] "rxStepPlot="
[1] "2022-02-25 20:33:02 --- rxStepPlot Finish ---"
[1] "2022-02-25 20:33:02 --- save.image Start ---"
[1] "save.image"
[1] "rdataFilename=RData_analyze_glm_Gen01_Type16.RData"
[1] "2022-02-25 20:33:02 --- save.image Finish ---"
[1] "2022-02-25 20:33:02 --- final Start ---"
[1] "--------------------------------------------------------------------------------"
[1] "nrow(data) final=12851"
[1] "--------------------------------------------------------------------------------"
[1] "2022-02-25 20:33:03 --- final Finish ---"
[1] "2022-02-25 20:33:03 --- analyze_glm.R Finished ---"
[1] "2022-02-25 20:33:03 --- log Finish ---"
