[1] "2022-02-25 20:24:05 --- D1115_analyze_glm_Gen02_IsHitA_Type16 Start ---"
[1] "2022-02-25 20:24:05 --- Log Start ---"
[1] "2022-02-25 20:24:05 --- analyze_glm.R Start ---"
[1] "analyzeVersion=D1115"
[1] "analyzeCategory=analyze"
[1] "analyzeType=Gen02"
[1] "analyzeFamily=IsHitA"
[1] "analyzeFunc=glm"
[1] "analyzeTrackTypeCd=1"
[1] "analyzeJyokenCd=6"
[1] "2022-02-25 20:24:06 --- source_function.R Start ---"
[1] "2022-02-25 20:24:06 --- source_function.R Finished ---"

> print(paste0(Sys.time(), " --- source_library.R Start ---"))
[1] "2022-02-25 20:24:08 --- source_library.R Start ---"

> require("RevoScaleR")

> print(paste0(Sys.time(), " --- source_library.R Finished ---"))
[1] "2022-02-25 20:24:13 --- source_library.R Finished ---"
[1] "2022-02-25 20:24:14 --- RxSqlServerData Start ---"
[1] "2022-02-25 20:24:14 --- RxInSqlServer Start ---"
[1] "2022-02-25 20:24:14 --- RxInSqlServer Finish ---"
[1] "2022-02-25 20:24:14 --- rxSetComputeContext Start ---"
[1] "2022-02-25 20:24:14 --- rxSetComputeContext Finish ---"
[1] "2022-02-25 20:24:14 --- RxSqlServerData Start ---"
[1] "sqlQuery=SELECT * FROM ViewAnalyzeD1115analyze01Gen02Type16"
[1] "2022-02-25 20:24:14 --- RxSqlServerData Finish ---"
[1] "2022-02-25 20:24:14 --- rxGetVarInfo Start ---"
[1] "2022-02-25 20:24:16 --- rxGetVarInfo Finish---"
[1] "2022-02-25 20:24:18 --- rxImport Start ---"
Rows Read: 6879, Total Rows Processed: 6879, Total Chunk Time: 200.483 seconds 
[1] "2022-02-25 20:34:22 --- rxImport Finish ---"
[1] "object.size(data) auto=2.6 Mb"
[1] "--------------------------------------------------------------------------------"
[1] "nrow(data) RxSqlServerData=6879"
[1] "--------------------------------------------------------------------------------"
[1] "str(data)="
'data.frame':	6879 obs. of  44 variables:
 $ Race.RaceId                      : Factor w/ 991 levels "20160105-06-01-01-06",..: 1 2 2 3 3 4 5 9 10 6 ...
 $ Race.IsPredictedRace             : logi  TRUE TRUE TRUE TRUE TRUE TRUE ...
 $ Race.IsAnalyzeNormalPastAndFuture: logi  TRUE TRUE TRUE TRUE TRUE TRUE ...
 $ Race.IsAnalyzeNormalPast         : logi  TRUE TRUE TRUE TRUE TRUE TRUE ...
 $ Race.IsAnalyzeNormalFuture       : logi  FALSE FALSE FALSE FALSE FALSE FALSE ...
 $ Race.IsAnalyzeFullPastAndFuture  : logi  TRUE TRUE TRUE TRUE TRUE TRUE ...
 $ Race.IsAnalyzeFullPast           : logi  TRUE TRUE TRUE TRUE TRUE TRUE ...
 $ Race.IsAnalyzeFullFuture         : logi  FALSE FALSE FALSE FALSE FALSE FALSE ...
 $ Race.JyokenCd                    : Factor w/ 1 level "6": 1 1 1 1 1 1 1 1 1 1 ...
 $ Race.JyoType1Cd                  : Factor w/ 119 levels "1-06-2000-6-1",..: 1 2 2 3 3 3 4 8 9 5 ...
 $ Race.RaceType1Cd                 : Factor w/ 2 levels "1-6-X-2","1-6-X-1": 1 1 1 2 2 2 1 2 2 2 ...
 $ RaceHorse.RaceId                 : Factor w/ 991 levels "20160105-06-01-01-06",..: 1 2 2 3 3 4 5 9 10 6 ...
 $ RaceHorse.KettoNum               : Factor w/ 6873 levels "2013105581","2013105737",..: 1 2 3 4 11 5 6 12 13 7 ...
 $ RaceHorse.IsHit1                 : num  0 0 0 0 0 0 0 0 0 0 ...
 $ RaceHorse.IsHit2                 : num  0 0 0 0 0 0 0 0 0 0 ...
 $ RaceHorse.IsHit3                 : num  0 1 0 0 0 0 0 0 0 0 ...
 $ RaceHorse.IsHit4                 : num  0 0 0 0 0 0 0 0 0 0 ...
 $ RaceHorse.IsHit5                 : num  0 0 0 0 0 0 1 0 0 0 ...
 $ RaceHorse.IsHit6                 : num  1 0 1 1 1 1 0 1 1 1 ...
 $ RaceHorse.IsValidRaceHorse       : logi  TRUE TRUE TRUE TRUE TRUE TRUE ...
 $ RaceHorse.TimeSdv                : num  0.0195 -0.1372 -0.593 0.1047 0.1047 ...
 $ RaceHorse.IsHitA                 : num  0 0 0 0 0 0 0 0 0 0 ...
 $ RaceHorse.IsHitB                 : num  0 0 0 0 0 0 0 0 0 0 ...
 $ RaceHorse.IsHitC                 : num  0 1 0 0 0 0 0 0 0 0 ...
 $ Gen02.HansyokuNum                : Factor w/ 252 levels "11201964","11201967",..: 1 1 1 1 4 1 1 5 6 1 ...
 $ Gen02.TimeSdvByRaceAvg           : num  0.795 1.251 -0.127 -0.849 -0.934 ...
 $ Gen02.TimeSdvByRaceMin           : num  0.795 1.251 -0.127 -0.849 -0.934 ...
 $ Gen02.TimeSdvByRaceMax           : num  0.795 1.251 -0.127 -0.849 -0.934 ...
 $ Gen02.TimeSdvAvg                 : num  0.2566 -0.0296 -0.5119 -1.6848 -0.6218 ...
 $ Gen02.TimeSdvMin                 : num  0.2566 -0.0296 -0.5119 -1.6848 -0.6218 ...
 $ Gen02.TimeSdvMax                 : num  0.2566 -0.0296 -0.5119 -1.6848 -0.6218 ...
 $ Gen02.OrderOfFinishSdvAvg        : num  0.9999 0.9999 0.0481 0.1721 -0.9351 ...
 $ Gen02.RunCount                   : num  1 1 1 1 1 1 3 2 2 2 ...
 $ Gen02.HitCount1                  : num  0 0 0 0 0 0 0 0 0 0 ...
 $ Gen02.HitCount2                  : num  0 0 0 0 0 0 0 0 0 0 ...
 $ Gen02.HitCount3                  : num  1 1 0 0 0 0 0 1 0 1 ...
 $ Gen02.HitCount4                  : num  0 0 0 0 0 0 0 0 0 0 ...
 $ Gen02.HitCount5                  : num  0 0 0 0 0 0 1 0 0 0 ...
 $ Gen02.HitRate1                   : num  0 0 0 0 0 0 0 0 0 0 ...
 $ Gen02.HitRate2                   : num  0 0 0 0 0 0 0 0 0 0 ...
 $ Gen02.HitRate3                   : num  1 1 0 0 0 0 0 0.5 0 0.5 ...
 $ Gen02.HitRate4                   : num  0 0 0 0 0 0 0 0 0 0 ...
 $ Gen02.HitRate5                   : num  0 0 0 0 0 ...
 $ EOF                              : int  1 1 1 1 1 1 1 1 1 1 ...
[1] "2022-02-25 20:34:33 --- RxSqlServerData Finish ---"
[1] "2022-02-25 20:34:33 --- subset Start ---"
[1] "--------------------------------------------------------------------------------"
[1] "nrow(data) subset before=6879"
[1] "nrow(data) subset after =6879"
[1] "nrow(data) subset diff =0"
[1] "--------------------------------------------------------------------------------"
[1] "2022-02-25 20:34:33 --- subset Finish---"
[1] "2022-02-25 20:34:33 --- transform Start ---"
[1] "--------------------------------------------------------------------------------"
[1] "nrow(data) transform before=6879"
[1] "nrow(data) transform after=6879"
[1] "nrow(data) transform diff=0"
[1] "--------------------------------------------------------------------------------"
[1] "str(data)="
'data.frame':	6879 obs. of  44 variables:
 $ Race.RaceId                      : Factor w/ 991 levels "20160105-06-01-01-06",..: 1 2 2 3 3 4 5 9 10 6 ...
 $ Race.IsPredictedRace             : logi  TRUE TRUE TRUE TRUE TRUE TRUE ...
 $ Race.IsAnalyzeNormalPastAndFuture: logi  TRUE TRUE TRUE TRUE TRUE TRUE ...
 $ Race.IsAnalyzeNormalPast         : logi  TRUE TRUE TRUE TRUE TRUE TRUE ...
 $ Race.IsAnalyzeNormalFuture       : logi  FALSE FALSE FALSE FALSE FALSE FALSE ...
 $ Race.IsAnalyzeFullPastAndFuture  : logi  TRUE TRUE TRUE TRUE TRUE TRUE ...
 $ Race.IsAnalyzeFullPast           : logi  TRUE TRUE TRUE TRUE TRUE TRUE ...
 $ Race.IsAnalyzeFullFuture         : logi  FALSE FALSE FALSE FALSE FALSE FALSE ...
 $ Race.JyokenCd                    : Factor w/ 1 level "6": 1 1 1 1 1 1 1 1 1 1 ...
 $ Race.JyoType1Cd                  : Factor w/ 119 levels "1-06-2000-6-1",..: 1 2 2 3 3 3 4 8 9 5 ...
 $ Race.RaceType1Cd                 : Factor w/ 2 levels "1-6-X-2","1-6-X-1": 1 1 1 2 2 2 1 2 2 2 ...
 $ RaceHorse.RaceId                 : Factor w/ 991 levels "20160105-06-01-01-06",..: 1 2 2 3 3 4 5 9 10 6 ...
 $ RaceHorse.KettoNum               : Factor w/ 6873 levels "2013105581","2013105737",..: 1 2 3 4 11 5 6 12 13 7 ...
 $ RaceHorse.IsHit1                 : num  0 0 0 0 0 0 0 0 0 0 ...
 $ RaceHorse.IsHit2                 : num  0 0 0 0 0 0 0 0 0 0 ...
 $ RaceHorse.IsHit3                 : num  0 1 0 0 0 0 0 0 0 0 ...
 $ RaceHorse.IsHit4                 : num  0 0 0 0 0 0 0 0 0 0 ...
 $ RaceHorse.IsHit5                 : num  0 0 0 0 0 0 1 0 0 0 ...
 $ RaceHorse.IsHit6                 : num  1 0 1 1 1 1 0 1 1 1 ...
 $ RaceHorse.IsValidRaceHorse       : logi  TRUE TRUE TRUE TRUE TRUE TRUE ...
 $ RaceHorse.TimeSdv                : num  0.0195 -0.1372 -0.593 0.1047 0.1047 ...
 $ RaceHorse.IsHitA                 : num  0 0 0 0 0 0 0 0 0 0 ...
 $ RaceHorse.IsHitB                 : num  0 0 0 0 0 0 0 0 0 0 ...
 $ RaceHorse.IsHitC                 : num  0 1 0 0 0 0 0 0 0 0 ...
 $ Gen02.HansyokuNum                : Factor w/ 252 levels "11201964","11201967",..: 1 1 1 1 4 1 1 5 6 1 ...
 $ Gen02.TimeSdvByRaceAvg           : num  0.795 1.251 -0.127 -0.849 -0.934 ...
 $ Gen02.TimeSdvByRaceMin           : num  0.795 1.251 -0.127 -0.849 -0.934 ...
 $ Gen02.TimeSdvByRaceMax           : num  0.795 1.251 -0.127 -0.849 -0.934 ...
 $ Gen02.TimeSdvAvg                 : num  0.2566 -0.0296 -0.5119 -1.6848 -0.6218 ...
 $ Gen02.TimeSdvMin                 : num  0.2566 -0.0296 -0.5119 -1.6848 -0.6218 ...
 $ Gen02.TimeSdvMax                 : num  0.2566 -0.0296 -0.5119 -1.6848 -0.6218 ...
 $ Gen02.OrderOfFinishSdvAvg        : num  0.9999 0.9999 0.0481 0.1721 -0.9351 ...
 $ Gen02.RunCount                   : num  1 1 1 1 1 1 3 2 2 2 ...
 $ Gen02.HitCount1                  : num  0 0 0 0 0 0 0 0 0 0 ...
 $ Gen02.HitCount2                  : num  0 0 0 0 0 0 0 0 0 0 ...
 $ Gen02.HitCount3                  : num  1 1 0 0 0 0 0 1 0 1 ...
 $ Gen02.HitCount4                  : num  0 0 0 0 0 0 0 0 0 0 ...
 $ Gen02.HitCount5                  : num  0 0 0 0 0 0 1 0 0 0 ...
 $ Gen02.HitRate1                   : num  0 0 0 0 0 0 0 0 0 0 ...
 $ Gen02.HitRate2                   : num  0 0 0 0 0 0 0 0 0 0 ...
 $ Gen02.HitRate3                   : num  1 1 0 0 0 0 0 0.5 0 0.5 ...
 $ Gen02.HitRate4                   : num  0 0 0 0 0 0 0 0 0 0 ...
 $ Gen02.HitRate5                   : num  0 0 0 0 0 ...
 $ EOF                              : int  1 1 1 1 1 1 1 1 1 1 ...
NULL
[1] "2022-02-25 20:34:34 --- transform Finish ---"
[1] "2022-02-25 20:34:34 --- na.omit Start ---"
[1] "--------------------------------------------------------------------------------"
[1] "nrow(data) na.omit before=6879"
[1] "nrow(data) na.omit after =6841"
[1] "nrow(data) na.omit diff =38"
[1] "--------------------------------------------------------------------------------"
'data.frame':	6841 obs. of  44 variables:
 $ Race.RaceId                      : Factor w/ 991 levels "20160105-06-01-01-06",..: 1 2 2 3 3 4 5 9 10 6 ...
 $ Race.IsPredictedRace             : logi  TRUE TRUE TRUE TRUE TRUE TRUE ...
 $ Race.IsAnalyzeNormalPastAndFuture: logi  TRUE TRUE TRUE TRUE TRUE TRUE ...
 $ Race.IsAnalyzeNormalPast         : logi  TRUE TRUE TRUE TRUE TRUE TRUE ...
 $ Race.IsAnalyzeNormalFuture       : logi  FALSE FALSE FALSE FALSE FALSE FALSE ...
 $ Race.IsAnalyzeFullPastAndFuture  : logi  TRUE TRUE TRUE TRUE TRUE TRUE ...
 $ Race.IsAnalyzeFullPast           : logi  TRUE TRUE TRUE TRUE TRUE TRUE ...
 $ Race.IsAnalyzeFullFuture         : logi  FALSE FALSE FALSE FALSE FALSE FALSE ...
 $ Race.JyokenCd                    : Factor w/ 1 level "6": 1 1 1 1 1 1 1 1 1 1 ...
 $ Race.JyoType1Cd                  : Factor w/ 119 levels "1-06-2000-6-1",..: 1 2 2 3 3 3 4 8 9 5 ...
 $ Race.RaceType1Cd                 : Factor w/ 2 levels "1-6-X-2","1-6-X-1": 1 1 1 2 2 2 1 2 2 2 ...
 $ RaceHorse.RaceId                 : Factor w/ 991 levels "20160105-06-01-01-06",..: 1 2 2 3 3 4 5 9 10 6 ...
 $ RaceHorse.KettoNum               : Factor w/ 6873 levels "2013105581","2013105737",..: 1 2 3 4 11 5 6 12 13 7 ...
 $ RaceHorse.IsHit1                 : num  0 0 0 0 0 0 0 0 0 0 ...
 $ RaceHorse.IsHit2                 : num  0 0 0 0 0 0 0 0 0 0 ...
 $ RaceHorse.IsHit3                 : num  0 1 0 0 0 0 0 0 0 0 ...
 $ RaceHorse.IsHit4                 : num  0 0 0 0 0 0 0 0 0 0 ...
 $ RaceHorse.IsHit5                 : num  0 0 0 0 0 0 1 0 0 0 ...
 $ RaceHorse.IsHit6                 : num  1 0 1 1 1 1 0 1 1 1 ...
 $ RaceHorse.IsValidRaceHorse       : logi  TRUE TRUE TRUE TRUE TRUE TRUE ...
 $ RaceHorse.TimeSdv                : num  0.0195 -0.1372 -0.593 0.1047 0.1047 ...
 $ RaceHorse.IsHitA                 : num  0 0 0 0 0 0 0 0 0 0 ...
 $ RaceHorse.IsHitB                 : num  0 0 0 0 0 0 0 0 0 0 ...
 $ RaceHorse.IsHitC                 : num  0 1 0 0 0 0 0 0 0 0 ...
 $ Gen02.HansyokuNum                : Factor w/ 252 levels "11201964","11201967",..: 1 1 1 1 4 1 1 5 6 1 ...
 $ Gen02.TimeSdvByRaceAvg           : num  0.795 1.251 -0.127 -0.849 -0.934 ...
 $ Gen02.TimeSdvByRaceMin           : num  0.795 1.251 -0.127 -0.849 -0.934 ...
 $ Gen02.TimeSdvByRaceMax           : num  0.795 1.251 -0.127 -0.849 -0.934 ...
 $ Gen02.TimeSdvAvg                 : num  0.2566 -0.0296 -0.5119 -1.6848 -0.6218 ...
 $ Gen02.TimeSdvMin                 : num  0.2566 -0.0296 -0.5119 -1.6848 -0.6218 ...
 $ Gen02.TimeSdvMax                 : num  0.2566 -0.0296 -0.5119 -1.6848 -0.6218 ...
 $ Gen02.OrderOfFinishSdvAvg        : num  0.9999 0.9999 0.0481 0.1721 -0.9351 ...
 $ Gen02.RunCount                   : num  1 1 1 1 1 1 3 2 2 2 ...
 $ Gen02.HitCount1                  : num  0 0 0 0 0 0 0 0 0 0 ...
 $ Gen02.HitCount2                  : num  0 0 0 0 0 0 0 0 0 0 ...
 $ Gen02.HitCount3                  : num  1 1 0 0 0 0 0 1 0 1 ...
 $ Gen02.HitCount4                  : num  0 0 0 0 0 0 0 0 0 0 ...
 $ Gen02.HitCount5                  : num  0 0 0 0 0 0 1 0 0 0 ...
 $ Gen02.HitRate1                   : num  0 0 0 0 0 0 0 0 0 0 ...
 $ Gen02.HitRate2                   : num  0 0 0 0 0 0 0 0 0 0 ...
 $ Gen02.HitRate3                   : num  1 1 0 0 0 0 0 0.5 0 0.5 ...
 $ Gen02.HitRate4                   : num  0 0 0 0 0 0 0 0 0 0 ...
 $ Gen02.HitRate5                   : num  0 0 0 0 0 ...
 $ EOF                              : int  1 1 1 1 1 1 1 1 1 1 ...
 - attr(*, "na.action")= 'omit' Named int  194 315 442 976 1187 1365 1387 1530 1570 1792 ...
  ..- attr(*, "names")= chr  "194" "315" "442" "976" ...
[1] "2022-02-25 20:34:34 --- na.omit Finish ---"
[1] "2022-02-25 20:34:34 --- rxGlm with rxStepControl Start ---"

> print(paste0(Sys.time(), " --- source_logic_glm.R Start ---"))
[1] "2022-02-25 20:34:34 --- source_logic_glm.R Start ---"

> formula <- formula(RaceHorse.IsHitA ~ +1 + Gen02.TimeSdvAvg)

> print(paste0(Sys.time(), " --- source_logic_glm.R Finished ---"))
[1] "2022-02-25 20:34:34 --- source_logic_glm.R Finished ---"
Rows Read: 6841, Total Rows Processed: 6841, Total Chunk Time: Less than .001 seconds 

Starting values (iteration 1) time: 0.020 secs.
Rows Read: 6841, Total Rows Processed: 6841, Total Chunk Time: 0.001 seconds 

Iteration 2 time: 0.007 secs.
Rows Read: 6841, Total Rows Processed: 6841, Total Chunk Time: 0.001 seconds 

Iteration 3 time: 0.005 secs.
Rows Read: 6841, Total Rows Processed: 6841, Total Chunk Time: 0.002 seconds 

Iteration 4 time: 0.005 secs.

Elapsed computation time: 0.073 secs.
Rows Read: 6841, Total Rows Processed: 6841, Total Chunk Time: Less than .001 seconds 

Starting values (iteration 1) time: 0.008 secs.
Rows Read: 6841, Total Rows Processed: 6841, Total Chunk Time: Less than .001 seconds 

Iteration 2 time: 0.008 secs.

Elapsed computation time: 0.028 secs.
Rows Read: 6841, Total Rows Processed: 6841, Total Chunk Time: Less than .001 seconds 

Starting values (iteration 1) time: 0.007 secs.
Rows Read: 6841, Total Rows Processed: 6841, Total Chunk Time: Less than .001 seconds 

Iteration 2 time: 0.007 secs.
Rows Read: 6841, Total Rows Processed: 6841, Total Chunk Time: 0.002 seconds 

Iteration 3 time: 0.004 secs.
Rows Read: 6841, Total Rows Processed: 6841, Total Chunk Time: Less than .001 seconds 

Iteration 4 time: 0.005 secs.

Elapsed computation time: 0.050 secs.

Elapsed computation time: 0.186 secs.
[1] "--------------------------------------------------------------------------------"
[1] "analyze.results.glm.step="
Logistic Regression Results for: RaceHorse.IsHitA ~ Gen02.TimeSdvAvg
Data: data
Dependent variable(s): RaceHorse.IsHitA
Total independent variables: 2 
Number of valid observations: 6841
Number of missing observations: 0 
 
Coefficients:
                 RaceHorse.IsHitA
(Intercept)                  -2.5
Gen02.TimeSdvAvg              0.4
[1] "analyze.results.glm.step.summary"
Call:
rxLogit(formula = formula, data = data, variableSelection = analyze.results.glm.step.varsel)

Logistic Regression Results for: RaceHorse.IsHitA ~ Gen02.TimeSdvAvg
Data: data
Dependent variable(s): RaceHorse.IsHitA
Total independent variables: 2 
Number of valid observations: 6841
Number of missing observations: 0 
-2*LogLikelihood: 3740.851 (Residual deviance on 6839 degrees of freedom)
 
Coefficients:
                 Estimate Std. Error z value Pr(>|z|)    
(Intercept)       -2.5392     0.0488  -52.04  2.2e-16 ***
Gen02.TimeSdvAvg   0.4018     0.0634    6.34  2.4e-10 ***
---
Signif. codes:  0 '***' 0.001 '**' 0.01 '*' 0.05 '.' 0.1 ' ' 1

Condition number of final variance-covariance matrix: 1 
Number of iterations: 4
[1] "--------------------------------------------------------------------------------"
[1] "2022-02-25 20:34:35 --- rxGlm with rxStepControl Finish ---"
[1] "2022-02-25 20:34:35 --- rxStepPlot Start ---"
[1] "pdfFilename=pdf_analyze_glm_Gen02_Type16_rxStepPlot.pdf"
[1] "rxStepPlot="
[1] "2022-02-25 20:34:35 --- rxStepPlot Finish ---"
[1] "2022-02-25 20:34:35 --- save.image Start ---"
[1] "save.image"
[1] "rdataFilename=RData_analyze_glm_Gen02_Type16.RData"
[1] "2022-02-25 20:34:35 --- save.image Finish ---"
[1] "2022-02-25 20:34:35 --- final Start ---"
[1] "--------------------------------------------------------------------------------"
[1] "nrow(data) final=6841"
[1] "--------------------------------------------------------------------------------"
[1] "2022-02-25 20:34:35 --- final Finish ---"
[1] "2022-02-25 20:34:35 --- analyze_glm.R Finished ---"
[1] "2022-02-25 20:34:35 --- log Finish ---"
