[1] "2022-02-25 20:27:27 --- D1115_analyze_glm_Odds_IsHitA_Type13 Start ---"
[1] "2022-02-25 20:27:32 --- Log Start ---"
[1] "2022-02-25 20:27:37 --- analyze_glm.R Start ---"
[1] "analyzeVersion=D1115"
[1] "analyzeCategory=analyze"
[1] "analyzeType=Odds"
[1] "analyzeFamily=IsHitA"
[1] "analyzeFunc=glm"
[1] "analyzeTrackTypeCd=1"
[1] "analyzeJyokenCd=3"
[1] "2022-02-25 20:28:30 --- source_function.R Start ---"
[1] "2022-02-25 20:28:41 --- source_function.R Finished ---"

> print(paste0(Sys.time(), " --- source_library.R Start ---"))
[1] "2022-02-25 20:29:08 --- source_library.R Start ---"

> require("RevoScaleR")

> print(paste0(Sys.time(), " --- source_library.R Finished ---"))
[1] "2022-02-25 20:29:52 --- source_library.R Finished ---"
[1] "2022-02-25 20:30:09 --- RxSqlServerData Start ---"
[1] "2022-02-25 20:30:18 --- RxInSqlServer Start ---"
[1] "2022-02-25 20:30:21 --- RxInSqlServer Finish ---"
[1] "2022-02-25 20:30:33 --- rxSetComputeContext Start ---"
[1] "2022-02-25 20:30:40 --- rxSetComputeContext Finish ---"
[1] "2022-02-25 20:30:45 --- RxSqlServerData Start ---"
[1] "sqlQuery=SELECT * FROM ViewAnalyzeD1115analyze01OddsType13"
[1] "2022-02-25 20:31:14 --- RxSqlServerData Finish ---"
[1] "2022-02-25 20:31:29 --- rxGetVarInfo Start ---"
[1] "2022-02-25 20:31:39 --- rxGetVarInfo Finish---"
[1] "2022-02-25 20:31:54 --- rxImport Start ---"
Rows Read: 14913, Total Rows Processed: 14913, Total Chunk Time: 2.255 seconds 
[1] "2022-02-25 20:32:27 --- rxImport Finish ---"
[1] "object.size(data) auto=3.2 Mb"
[1] "--------------------------------------------------------------------------------"
[1] "nrow(data) RxSqlServerData=14913"
[1] "--------------------------------------------------------------------------------"
[1] "str(data)="
'data.frame':	14913 obs. of  32 variables:
 $ Race.RaceId                      : Factor w/ 1192 levels "20160105-06-01-01-12",..: 1 1 4 5 5 7 8 8 9 9 ...
 $ Race.IsPredictedRace             : logi  TRUE TRUE TRUE TRUE TRUE TRUE ...
 $ Race.IsAnalyzeNormalPastAndFuture: logi  TRUE TRUE TRUE TRUE TRUE TRUE ...
 $ Race.IsAnalyzeNormalPast         : logi  TRUE TRUE TRUE TRUE TRUE TRUE ...
 $ Race.IsAnalyzeNormalFuture       : logi  FALSE FALSE FALSE FALSE FALSE FALSE ...
 $ Race.IsAnalyzeFullPastAndFuture  : logi  TRUE TRUE TRUE TRUE TRUE TRUE ...
 $ Race.IsAnalyzeFullPast           : logi  TRUE TRUE TRUE TRUE TRUE TRUE ...
 $ Race.IsAnalyzeFullFuture         : logi  FALSE FALSE FALSE FALSE FALSE FALSE ...
 $ Race.JyokenCd                    : Factor w/ 1 level "3": 1 1 1 1 1 1 1 1 1 1 ...
 $ Race.JyoType1Cd                  : Factor w/ 154 levels "1-06-1600-3-1",..: 1 1 4 5 5 7 8 8 9 9 ...
 $ Race.RaceType1Cd                 : Factor w/ 6 levels "1-3-X-1","1-3-X-2",..: 1 1 1 1 1 2 4 4 2 2 ...
 $ RaceHorse.RaceId                 : Factor w/ 1192 levels "20160105-06-01-01-12",..: 1 1 4 5 5 7 8 8 9 9 ...
 $ RaceHorse.KettoNum               : Factor w/ 3012 levels "2010102405","2008101645",..: 11 12 13 14 15 16 17 18 19 20 ...
 $ RaceHorse.IsHit1                 : num  0 0 0 0 0 0 0 0 0 1 ...
 $ RaceHorse.IsHit2                 : num  1 0 0 0 0 1 0 0 0 0 ...
 $ RaceHorse.IsHit3                 : num  0 0 0 0 0 0 0 0 0 0 ...
 $ RaceHorse.IsHit4                 : num  0 0 0 1 0 0 0 0 0 0 ...
 $ RaceHorse.IsHit5                 : num  0 0 0 0 0 0 0 0 0 0 ...
 $ RaceHorse.IsHit6                 : num  0 1 1 0 1 0 1 1 1 0 ...
 $ RaceHorse.IsValidRaceHorse       : logi  TRUE TRUE TRUE TRUE TRUE TRUE ...
 $ RaceHorse.TimeSdv                : num  1.305 0.123 -0.525 1.097 0.396 ...
 $ RaceHorse.IsHitA                 : num  0 0 0 0 0 0 0 0 0 1 ...
 $ RaceHorse.IsHitB                 : num  1 0 0 0 0 1 0 0 0 1 ...
 $ RaceHorse.IsHitC                 : num  1 0 0 0 0 1 0 0 0 1 ...
 $ OddsByWin.Odds1                  : num  10.8 67.8 41.4 5.8 33.7 5.4 11.1 7.8 4.1 9.8 ...
 $ OddsByWin.Ninki                  : num  3 12 10 3 11 2 6 4 2 4 ...
 $ OddsByWin.OddsLog1               : num  2.47 4.23 3.75 1.92 3.55 ...
 $ OddsByWin.OddsRatio1             : num  0.102 0.015 0.0248 0.2083 0.0306 ...
 $ OddsByWin.OddsLogit1             : num  -2.38 -4.22 -3.72 -1.76 -3.52 ...
 $ OddsByWin.ApprovalRate1          : num  0.0926 0.0147 0.0242 0.1724 0.0297 ...
 $ OddsByWin.ApprovalRateLog1       : num  0.0886 0.0146 0.0239 0.1591 0.0292 ...
 $ EOF                              : int  1 1 1 1 1 1 1 1 1 1 ...
[1] "2022-02-25 20:32:55 --- RxSqlServerData Finish ---"
[1] "2022-02-25 20:32:55 --- subset Start ---"
[1] "--------------------------------------------------------------------------------"
[1] "nrow(data) subset before=14913"
[1] "nrow(data) subset after =14913"
[1] "nrow(data) subset diff =0"
[1] "--------------------------------------------------------------------------------"
[1] "2022-02-25 20:32:56 --- subset Finish---"
[1] "2022-02-25 20:32:56 --- transform Start ---"
[1] "--------------------------------------------------------------------------------"
[1] "nrow(data) transform before=14913"
[1] "nrow(data) transform after=14913"
[1] "nrow(data) transform diff=0"
[1] "--------------------------------------------------------------------------------"
[1] "str(data)="
'data.frame':	14913 obs. of  32 variables:
 $ Race.RaceId                      : Factor w/ 1192 levels "20160105-06-01-01-12",..: 1 1 4 5 5 7 8 8 9 9 ...
 $ Race.IsPredictedRace             : logi  TRUE TRUE TRUE TRUE TRUE TRUE ...
 $ Race.IsAnalyzeNormalPastAndFuture: logi  TRUE TRUE TRUE TRUE TRUE TRUE ...
 $ Race.IsAnalyzeNormalPast         : logi  TRUE TRUE TRUE TRUE TRUE TRUE ...
 $ Race.IsAnalyzeNormalFuture       : logi  FALSE FALSE FALSE FALSE FALSE FALSE ...
 $ Race.IsAnalyzeFullPastAndFuture  : logi  TRUE TRUE TRUE TRUE TRUE TRUE ...
 $ Race.IsAnalyzeFullPast           : logi  TRUE TRUE TRUE TRUE TRUE TRUE ...
 $ Race.IsAnalyzeFullFuture         : logi  FALSE FALSE FALSE FALSE FALSE FALSE ...
 $ Race.JyokenCd                    : Factor w/ 1 level "3": 1 1 1 1 1 1 1 1 1 1 ...
 $ Race.JyoType1Cd                  : Factor w/ 154 levels "1-06-1600-3-1",..: 1 1 4 5 5 7 8 8 9 9 ...
 $ Race.RaceType1Cd                 : Factor w/ 6 levels "1-3-X-1","1-3-X-2",..: 1 1 1 1 1 2 4 4 2 2 ...
 $ RaceHorse.RaceId                 : Factor w/ 1192 levels "20160105-06-01-01-12",..: 1 1 4 5 5 7 8 8 9 9 ...
 $ RaceHorse.KettoNum               : Factor w/ 3012 levels "2010102405","2008101645",..: 11 12 13 14 15 16 17 18 19 20 ...
 $ RaceHorse.IsHit1                 : num  0 0 0 0 0 0 0 0 0 1 ...
 $ RaceHorse.IsHit2                 : num  1 0 0 0 0 1 0 0 0 0 ...
 $ RaceHorse.IsHit3                 : num  0 0 0 0 0 0 0 0 0 0 ...
 $ RaceHorse.IsHit4                 : num  0 0 0 1 0 0 0 0 0 0 ...
 $ RaceHorse.IsHit5                 : num  0 0 0 0 0 0 0 0 0 0 ...
 $ RaceHorse.IsHit6                 : num  0 1 1 0 1 0 1 1 1 0 ...
 $ RaceHorse.IsValidRaceHorse       : logi  TRUE TRUE TRUE TRUE TRUE TRUE ...
 $ RaceHorse.TimeSdv                : num  1.305 0.123 -0.525 1.097 0.396 ...
 $ RaceHorse.IsHitA                 : num  0 0 0 0 0 0 0 0 0 1 ...
 $ RaceHorse.IsHitB                 : num  1 0 0 0 0 1 0 0 0 1 ...
 $ RaceHorse.IsHitC                 : num  1 0 0 0 0 1 0 0 0 1 ...
 $ OddsByWin.Odds1                  : num  10.8 67.8 41.4 5.8 33.7 5.4 11.1 7.8 4.1 9.8 ...
 $ OddsByWin.Ninki                  : num  3 12 10 3 11 2 6 4 2 4 ...
 $ OddsByWin.OddsLog1               : num  2.47 4.23 3.75 1.92 3.55 ...
 $ OddsByWin.OddsRatio1             : num  0.102 0.015 0.0248 0.2083 0.0306 ...
 $ OddsByWin.OddsLogit1             : num  -2.38 -4.22 -3.72 -1.76 -3.52 ...
 $ OddsByWin.ApprovalRate1          : num  0.0926 0.0147 0.0242 0.1724 0.0297 ...
 $ OddsByWin.ApprovalRateLog1       : num  0.0886 0.0146 0.0239 0.1591 0.0292 ...
 $ EOF                              : int  1 1 1 1 1 1 1 1 1 1 ...
NULL
[1] "2022-02-25 20:33:02 --- transform Finish ---"
[1] "2022-02-25 20:33:02 --- na.omit Start ---"
[1] "--------------------------------------------------------------------------------"
[1] "nrow(data) na.omit before=14913"
[1] "nrow(data) na.omit after =14841"
[1] "nrow(data) na.omit diff =72"
[1] "--------------------------------------------------------------------------------"
'data.frame':	14841 obs. of  32 variables:
 $ Race.RaceId                      : Factor w/ 1192 levels "20160105-06-01-01-12",..: 1 1 4 5 5 7 8 8 9 9 ...
 $ Race.IsPredictedRace             : logi  TRUE TRUE TRUE TRUE TRUE TRUE ...
 $ Race.IsAnalyzeNormalPastAndFuture: logi  TRUE TRUE TRUE TRUE TRUE TRUE ...
 $ Race.IsAnalyzeNormalPast         : logi  TRUE TRUE TRUE TRUE TRUE TRUE ...
 $ Race.IsAnalyzeNormalFuture       : logi  FALSE FALSE FALSE FALSE FALSE FALSE ...
 $ Race.IsAnalyzeFullPastAndFuture  : logi  TRUE TRUE TRUE TRUE TRUE TRUE ...
 $ Race.IsAnalyzeFullPast           : logi  TRUE TRUE TRUE TRUE TRUE TRUE ...
 $ Race.IsAnalyzeFullFuture         : logi  FALSE FALSE FALSE FALSE FALSE FALSE ...
 $ Race.JyokenCd                    : Factor w/ 1 level "3": 1 1 1 1 1 1 1 1 1 1 ...
 $ Race.JyoType1Cd                  : Factor w/ 154 levels "1-06-1600-3-1",..: 1 1 4 5 5 7 8 8 9 9 ...
 $ Race.RaceType1Cd                 : Factor w/ 6 levels "1-3-X-1","1-3-X-2",..: 1 1 1 1 1 2 4 4 2 2 ...
 $ RaceHorse.RaceId                 : Factor w/ 1192 levels "20160105-06-01-01-12",..: 1 1 4 5 5 7 8 8 9 9 ...
 $ RaceHorse.KettoNum               : Factor w/ 3012 levels "2010102405","2008101645",..: 11 12 13 14 15 16 17 18 19 20 ...
 $ RaceHorse.IsHit1                 : num  0 0 0 0 0 0 0 0 0 1 ...
 $ RaceHorse.IsHit2                 : num  1 0 0 0 0 1 0 0 0 0 ...
 $ RaceHorse.IsHit3                 : num  0 0 0 0 0 0 0 0 0 0 ...
 $ RaceHorse.IsHit4                 : num  0 0 0 1 0 0 0 0 0 0 ...
 $ RaceHorse.IsHit5                 : num  0 0 0 0 0 0 0 0 0 0 ...
 $ RaceHorse.IsHit6                 : num  0 1 1 0 1 0 1 1 1 0 ...
 $ RaceHorse.IsValidRaceHorse       : logi  TRUE TRUE TRUE TRUE TRUE TRUE ...
 $ RaceHorse.TimeSdv                : num  1.305 0.123 -0.525 1.097 0.396 ...
 $ RaceHorse.IsHitA                 : num  0 0 0 0 0 0 0 0 0 1 ...
 $ RaceHorse.IsHitB                 : num  1 0 0 0 0 1 0 0 0 1 ...
 $ RaceHorse.IsHitC                 : num  1 0 0 0 0 1 0 0 0 1 ...
 $ OddsByWin.Odds1                  : num  10.8 67.8 41.4 5.8 33.7 5.4 11.1 7.8 4.1 9.8 ...
 $ OddsByWin.Ninki                  : num  3 12 10 3 11 2 6 4 2 4 ...
 $ OddsByWin.OddsLog1               : num  2.47 4.23 3.75 1.92 3.55 ...
 $ OddsByWin.OddsRatio1             : num  0.102 0.015 0.0248 0.2083 0.0306 ...
 $ OddsByWin.OddsLogit1             : num  -2.38 -4.22 -3.72 -1.76 -3.52 ...
 $ OddsByWin.ApprovalRate1          : num  0.0926 0.0147 0.0242 0.1724 0.0297 ...
 $ OddsByWin.ApprovalRateLog1       : num  0.0886 0.0146 0.0239 0.1591 0.0292 ...
 $ EOF                              : int  1 1 1 1 1 1 1 1 1 1 ...
 - attr(*, "na.action")= 'omit' Named int  123 392 933 1479 1621 1624 1666 1920 2106 2275 ...
  ..- attr(*, "names")= chr  "123" "392" "933" "1479" ...
[1] "2022-02-25 20:33:07 --- na.omit Finish ---"
[1] "2022-02-25 20:33:08 --- rxGlm with rxStepControl Start ---"

> print(paste0(Sys.time(), " --- source_logic_glm.R Start ---"))
[1] "2022-02-25 20:33:08 --- source_logic_glm.R Start ---"

> formula <- formula(RaceHorse.IsHitA ~ +1 + OddsByWin.OddsLogit1)

> print(paste0(Sys.time(), " --- source_logic_glm.R Finished ---"))
[1] "2022-02-25 20:33:08 --- source_logic_glm.R Finished ---"
Rows Read: 14841, Total Rows Processed: 14841, Total Chunk Time: 0.001 seconds 

Starting values (iteration 1) time: 0.009 secs.
Rows Read: 14841, Total Rows Processed: 14841, Total Chunk Time: 0.002 seconds 

Iteration 2 time: 0.081 secs.
Rows Read: 14841, Total Rows Processed: 14841, Total Chunk Time: 0.002 seconds 

Iteration 3 time: 0.071 secs.
Rows Read: 14841, Total Rows Processed: 14841, Total Chunk Time: 0.002 seconds 

Iteration 4 time: 0.080 secs.
Rows Read: 14841, Total Rows Processed: 14841, Total Chunk Time: 0.002 seconds 

Iteration 5 time: 0.075 secs.
Rows Read: 14841, Total Rows Processed: 14841, Total Chunk Time: 0.002 seconds 

Iteration 6 time: 0.092 secs.

Elapsed computation time: 0.898 secs.
Rows Read: 14841, Total Rows Processed: 14841, Total Chunk Time: 0.003 seconds 

Starting values (iteration 1) time: 0.102 secs.
Rows Read: 14841, Total Rows Processed: 14841, Total Chunk Time: 0.001 seconds 

Iteration 2 time: 0.080 secs.

Elapsed computation time: 0.344 secs.
Rows Read: 14841, Total Rows Processed: 14841, Total Chunk Time: Less than .001 seconds 

Starting values (iteration 1) time: 0.090 secs.
Rows Read: 14841, Total Rows Processed: 14841, Total Chunk Time: 0.002 seconds 

Iteration 2 time: 0.133 secs.
Rows Read: 14841, Total Rows Processed: 14841, Total Chunk Time: 0.002 seconds 

Iteration 3 time: 0.123 secs.
Rows Read: 14841, Total Rows Processed: 14841, Total Chunk Time: 0.002 seconds 

Iteration 4 time: 0.058 secs.
Rows Read: 14841, Total Rows Processed: 14841, Total Chunk Time: 0.002 seconds 

Iteration 5 time: 0.114 secs.
Rows Read: 14841, Total Rows Processed: 14841, Total Chunk Time: 0.002 seconds 

Iteration 6 time: 0.058 secs.

Elapsed computation time: 1.119 secs.

Elapsed computation time: 2.653 secs.
[1] "--------------------------------------------------------------------------------"
[1] "analyze.results.glm.step="
Logistic Regression Results for: RaceHorse.IsHitA ~
    OddsByWin.OddsLogit1
Data: data
Dependent variable(s): RaceHorse.IsHitA
Total independent variables: 2 
Number of valid observations: 14841
Number of missing observations: 0 
 
Coefficients:
                     RaceHorse.IsHitA
(Intercept)                       0.2
OddsByWin.OddsLogit1              1.1
[1] "analyze.results.glm.step.summary"
Call:
rxLogit(formula = formula, data = data, variableSelection = analyze.results.glm.step.varsel)

Logistic Regression Results for: RaceHorse.IsHitA ~
    OddsByWin.OddsLogit1
Data: data
Dependent variable(s): RaceHorse.IsHitA
Total independent variables: 2 
Number of valid observations: 14841
Number of missing observations: 0 
-2*LogLikelihood: 6836.888 (Residual deviance on 14839 degrees of freedom)
 
Coefficients:
                     Estimate Std. Error z value Pr(>|z|)    
(Intercept)            0.2313     0.0742    3.12   0.0018 ** 
OddsByWin.OddsLogit1   1.1428     0.0362   31.53  2.2e-16 ***
---
Signif. codes:  0 '***' 0.001 '**' 0.01 '*' 0.05 '.' 0.1 ' ' 1

Condition number of final variance-covariance matrix: 1 
Number of iterations: 6
[1] "--------------------------------------------------------------------------------"
[1] "2022-02-25 20:33:13 --- rxGlm with rxStepControl Finish ---"
[1] "2022-02-25 20:33:13 --- rxStepPlot Start ---"
[1] "pdfFilename=pdf_analyze_glm_Odds_Type13_rxStepPlot.pdf"
[1] "rxStepPlot="
[1] "2022-02-25 20:33:13 --- rxStepPlot Finish ---"
[1] "2022-02-25 20:33:14 --- save.image Start ---"
[1] "save.image"
[1] "rdataFilename=RData_analyze_glm_Odds_Type13.RData"
[1] "2022-02-25 20:33:14 --- save.image Finish ---"
[1] "2022-02-25 20:33:14 --- final Start ---"
[1] "--------------------------------------------------------------------------------"
[1] "nrow(data) final=14841"
[1] "--------------------------------------------------------------------------------"
[1] "2022-02-25 20:33:14 --- final Finish ---"
[1] "2022-02-25 20:33:14 --- analyze_glm.R Finished ---"
[1] "2022-02-25 20:33:14 --- log Finish ---"
