[1] "2022-03-08 18:24:58 --- D1115_analyze_glm_Gen01_IsHitA_Type14 Start ---"
[1] "2022-03-08 18:24:58 --- Log Start ---"
[1] "2022-03-08 18:24:58 --- analyze_glm.R Start ---"
[1] "analyzeVersion=D1115"
[1] "analyzeCategory=analyze"
[1] "analyzeType=Gen01"
[1] "analyzeFamily=IsHitA"
[1] "analyzeFunc=glm"
[1] "analyzeTrackTypeCd=1"
[1] "analyzeJyokenCd=4"
[1] "2022-03-08 18:24:58 --- source_function.R Start ---"
[1] "2022-03-08 18:24:58 --- source_function.R Finished ---"

> print(paste0(Sys.time(), " --- source_library.R Start ---"))
[1] "2022-03-08 18:24:58 --- source_library.R Start ---"

> require("RevoScaleR")

> print(paste0(Sys.time(), " --- source_library.R Finished ---"))
[1] "2022-03-08 18:25:03 --- source_library.R Finished ---"
[1] "2022-03-08 18:25:03 --- RxSqlServerData Start ---"
[1] "2022-03-08 18:25:03 --- RxInSqlServer Start ---"
[1] "2022-03-08 18:25:03 --- RxInSqlServer Finish ---"
[1] "2022-03-08 18:25:03 --- rxSetComputeContext Start ---"
[1] "2022-03-08 18:25:03 --- rxSetComputeContext Finish ---"
[1] "2022-03-08 18:25:03 --- RxSqlServerData Start ---"
[1] "sqlQuery=SELECT * FROM ViewAnalyzeD1115analyze01Gen01Type14"
[1] "2022-03-08 18:25:03 --- RxSqlServerData Finish ---"
[1] "2022-03-08 18:25:03 --- rxGetVarInfo Start ---"
[1] "2022-03-08 18:25:05 --- rxGetVarInfo Finish---"
[1] "2022-03-08 18:25:05 --- rxImport Start ---"
Rows Read: 29938, Total Rows Processed: 29938, Total Chunk Time: 606.240 seconds 
[1] "2022-03-08 18:42:49 --- rxImport Finish ---"
[1] "object.size(data) auto=10.1 Mb"
[1] "--------------------------------------------------------------------------------"
[1] "nrow(data) RxSqlServerData=29938"
[1] "--------------------------------------------------------------------------------"
[1] "str(data)="
'data.frame':	29938 obs. of  48 variables:
 $ Race.RaceId                      : Factor w/ 2247 levels "20160117-08-01-06-08",..: 11 12 13 14 15 16 17 18 19 19 ...
 $ Race.IsAnalyzeNormalPastAndFuture: logi  TRUE TRUE TRUE TRUE TRUE TRUE ...
 $ Race.IsAnalyzeNormalPast         : logi  TRUE TRUE TRUE TRUE TRUE TRUE ...
 $ Race.IsAnalyzeNormalFuture       : logi  FALSE FALSE FALSE FALSE FALSE FALSE ...
 $ Race.IsAnalyzeFullPastAndFuture  : logi  TRUE TRUE TRUE TRUE TRUE TRUE ...
 $ Race.IsAnalyzeFullPast           : logi  TRUE TRUE TRUE TRUE TRUE TRUE ...
 $ Race.IsAnalyzeFullFuture         : logi  FALSE FALSE FALSE FALSE FALSE FALSE ...
 $ Race.JyokenCd                    : Factor w/ 1 level "4": 1 1 1 1 1 1 1 1 1 1 ...
 $ Race.JyoType1Cd                  : Factor w/ 180 levels "18-08-1600-1",..: 9 10 11 12 13 14 15 13 5 5 ...
 $ Race.RaceType1Cd                 : Factor w/ 4 levels "1-4-14","1-4-12",..: 2 1 3 3 3 3 3 3 3 3 ...
 $ RaceHorse.RaceId                 : Factor w/ 2247 levels "20160117-08-01-06-08",..: 11 12 13 14 15 16 17 18 19 19 ...
 $ RaceHorse.KettoNum               : Factor w/ 6797 levels "2012104083","2013110046",..: 5 6 6 7 8 9 6 10 11 9 ...
 $ RaceHorse.IsHit1                 : num  0 0 0 1 0 0 0 0 0 0 ...
 $ RaceHorse.IsHit2                 : num  0 0 0 0 0 1 0 0 0 0 ...
 $ RaceHorse.IsHit3                 : num  0 0 0 0 0 0 0 0 0 0 ...
 $ RaceHorse.IsHit4                 : num  0 0 0 0 0 0 0 1 0 0 ...
 $ RaceHorse.IsHit5                 : num  0 0 0 0 0 0 0 0 0 0 ...
 $ RaceHorse.IsHit6                 : num  1 1 1 0 1 0 1 0 1 1 ...
 $ RaceHorse.IsValidRaceHorse       : logi  TRUE TRUE FALSE TRUE TRUE TRUE ...
 $ RaceHorse.FinishTimeSdvByRace    : num  -0.901 -0.84 -2.141 1.217 0.627 ...
 $ RaceHorse.FirstTimeSdvByRace     : num  -1.712 0.882 1.067 1.15 -1.234 ...
 $ RaceHorse.LastTimeSdvByRace      : num  -0.158 -1.167 -2.393 0.249 1.895 ...
 $ RaceHorse.FinishTimeSdv          : num  -0.0685 -0.3115 -0.1008 0.5913 1.1042 ...
 $ RaceHorse.FirstTimeSdv           : num  0.512 1.227 0.986 0.734 -0.487 ...
 $ RaceHorse.LastTimeSdv            : num  -0.8635 -1.78039 -1.63063 0.00522 1.7497 ...
 $ RaceHorse.IsHitA                 : num  0 0 0 1 0 0 0 0 0 0 ...
 $ RaceHorse.IsHitB                 : num  0 0 0 1 0 1 0 0 0 0 ...
 $ RaceHorse.IsHitC                 : num  0 0 0 1 0 1 0 0 0 0 ...
 $ Gen01.HansyokuNum                : Factor w/ 361 levels "11404044","11404207",..: 3 4 4 5 6 7 4 8 9 7 ...
 $ Gen01.FinishTimeSdvByRaceAvg     : num  -1.009 -1.805 -0.126 0.673 0.657 ...
 $ Gen01.FirstTimeSdvByRaceAvg      : num  1.366 -0.561 0.992 0.5 -1.351 ...
 $ Gen01.LastTimeSdvByRaceAvg       : num  -1.451 -1.85 -0.77 0.598 1.414 ...
 $ Gen01.FinishTimeSdvAvg           : num  0.483 0.419 0.212 0.906 1.307 ...
 $ Gen01.FirstTimeSdvAvg            : num  0.686 0.374 0.331 0.556 -0.141 ...
 $ Gen01.LastTimeSdvAvg             : num  -0.187 0.151 -0.132 0.65 1.777 ...
 $ Gen01.RealOddsLog1Avg            : num  4.38 4.73 3.91 2.4 2.94 ...
 $ Gen01.RunCount                   : num  1 1 1 1 1 1 1 1 2 2 ...
 $ Gen01.HitCount1                  : num  0 0 0 0 0 0 0 0 0 0 ...
 $ Gen01.HitCount2                  : num  0 0 0 1 0 0 0 0 0 1 ...
 $ Gen01.HitCount3                  : num  0 0 0 0 0 0 0 0 0 0 ...
 $ Gen01.HitCount4                  : num  0 0 0 0 0 1 0 0 0 1 ...
 $ Gen01.HitCount5                  : num  0 0 0 0 1 0 0 0 1 0 ...
 $ Gen01.HitRate1                   : num  0 0 0 0 0 0 0 0 0 0 ...
 $ Gen01.HitRate2                   : num  0 0 0 1 0 0 0 0 0 0.5 ...
 $ Gen01.HitRate3                   : num  0 0 0 0 0 0 0 0 0 0 ...
 $ Gen01.HitRate4                   : num  0 0 0 0 0 1 0 0 0 0.5 ...
 $ Gen01.HitRate5                   : num  0 0 0 0 1 0 0 0 0.5 0 ...
 $ EOF                              : int  1 1 1 1 1 1 1 1 1 1 ...
[1] "2022-03-08 18:42:50 --- RxSqlServerData Finish ---"
[1] "2022-03-08 18:42:50 --- subset Start ---"
[1] "--------------------------------------------------------------------------------"
[1] "nrow(data) subset before=29938"
[1] "nrow(data) subset after =29938"
[1] "nrow(data) subset diff =0"
[1] "--------------------------------------------------------------------------------"
[1] "2022-03-08 18:42:50 --- subset Finish---"
[1] "2022-03-08 18:42:50 --- transform Start ---"
[1] "--------------------------------------------------------------------------------"
[1] "nrow(data) transform before=29938"
[1] "nrow(data) transform after=29938"
[1] "nrow(data) transform diff=0"
[1] "--------------------------------------------------------------------------------"
[1] "str(data)="
'data.frame':	29938 obs. of  48 variables:
 $ Race.RaceId                      : Factor w/ 2247 levels "20160117-08-01-06-08",..: 11 12 13 14 15 16 17 18 19 19 ...
 $ Race.IsAnalyzeNormalPastAndFuture: logi  TRUE TRUE TRUE TRUE TRUE TRUE ...
 $ Race.IsAnalyzeNormalPast         : logi  TRUE TRUE TRUE TRUE TRUE TRUE ...
 $ Race.IsAnalyzeNormalFuture       : logi  FALSE FALSE FALSE FALSE FALSE FALSE ...
 $ Race.IsAnalyzeFullPastAndFuture  : logi  TRUE TRUE TRUE TRUE TRUE TRUE ...
 $ Race.IsAnalyzeFullPast           : logi  TRUE TRUE TRUE TRUE TRUE TRUE ...
 $ Race.IsAnalyzeFullFuture         : logi  FALSE FALSE FALSE FALSE FALSE FALSE ...
 $ Race.JyokenCd                    : Factor w/ 1 level "4": 1 1 1 1 1 1 1 1 1 1 ...
 $ Race.JyoType1Cd                  : Factor w/ 180 levels "18-08-1600-1",..: 9 10 11 12 13 14 15 13 5 5 ...
 $ Race.RaceType1Cd                 : Factor w/ 4 levels "1-4-14","1-4-12",..: 2 1 3 3 3 3 3 3 3 3 ...
 $ RaceHorse.RaceId                 : Factor w/ 2247 levels "20160117-08-01-06-08",..: 11 12 13 14 15 16 17 18 19 19 ...
 $ RaceHorse.KettoNum               : Factor w/ 6797 levels "2012104083","2013110046",..: 5 6 6 7 8 9 6 10 11 9 ...
 $ RaceHorse.IsHit1                 : num  0 0 0 1 0 0 0 0 0 0 ...
 $ RaceHorse.IsHit2                 : num  0 0 0 0 0 1 0 0 0 0 ...
 $ RaceHorse.IsHit3                 : num  0 0 0 0 0 0 0 0 0 0 ...
 $ RaceHorse.IsHit4                 : num  0 0 0 0 0 0 0 1 0 0 ...
 $ RaceHorse.IsHit5                 : num  0 0 0 0 0 0 0 0 0 0 ...
 $ RaceHorse.IsHit6                 : num  1 1 1 0 1 0 1 0 1 1 ...
 $ RaceHorse.IsValidRaceHorse       : logi  TRUE TRUE FALSE TRUE TRUE TRUE ...
 $ RaceHorse.FinishTimeSdvByRace    : num  -0.901 -0.84 -2.141 1.217 0.627 ...
 $ RaceHorse.FirstTimeSdvByRace     : num  -1.712 0.882 1.067 1.15 -1.234 ...
 $ RaceHorse.LastTimeSdvByRace      : num  -0.158 -1.167 -2.393 0.249 1.895 ...
 $ RaceHorse.FinishTimeSdv          : num  -0.0685 -0.3115 -0.1008 0.5913 1.1042 ...
 $ RaceHorse.FirstTimeSdv           : num  0.512 1.227 0.986 0.734 -0.487 ...
 $ RaceHorse.LastTimeSdv            : num  -0.8635 -1.78039 -1.63063 0.00522 1.7497 ...
 $ RaceHorse.IsHitA                 : num  0 0 0 1 0 0 0 0 0 0 ...
 $ RaceHorse.IsHitB                 : num  0 0 0 1 0 1 0 0 0 0 ...
 $ RaceHorse.IsHitC                 : num  0 0 0 1 0 1 0 0 0 0 ...
 $ Gen01.HansyokuNum                : Factor w/ 361 levels "11404044","11404207",..: 3 4 4 5 6 7 4 8 9 7 ...
 $ Gen01.FinishTimeSdvByRaceAvg     : num  -1.009 -1.805 -0.126 0.673 0.657 ...
 $ Gen01.FirstTimeSdvByRaceAvg      : num  1.366 -0.561 0.992 0.5 -1.351 ...
 $ Gen01.LastTimeSdvByRaceAvg       : num  -1.451 -1.85 -0.77 0.598 1.414 ...
 $ Gen01.FinishTimeSdvAvg           : num  0.483 0.419 0.212 0.906 1.307 ...
 $ Gen01.FirstTimeSdvAvg            : num  0.686 0.374 0.331 0.556 -0.141 ...
 $ Gen01.LastTimeSdvAvg             : num  -0.187 0.151 -0.132 0.65 1.777 ...
 $ Gen01.RealOddsLog1Avg            : num  4.38 4.73 3.91 2.4 2.94 ...
 $ Gen01.RunCount                   : num  1 1 1 1 1 1 1 1 2 2 ...
 $ Gen01.HitCount1                  : num  0 0 0 0 0 0 0 0 0 0 ...
 $ Gen01.HitCount2                  : num  0 0 0 1 0 0 0 0 0 1 ...
 $ Gen01.HitCount3                  : num  0 0 0 0 0 0 0 0 0 0 ...
 $ Gen01.HitCount4                  : num  0 0 0 0 0 1 0 0 0 1 ...
 $ Gen01.HitCount5                  : num  0 0 0 0 1 0 0 0 1 0 ...
 $ Gen01.HitRate1                   : num  0 0 0 0 0 0 0 0 0 0 ...
 $ Gen01.HitRate2                   : num  0 0 0 1 0 0 0 0 0 0.5 ...
 $ Gen01.HitRate3                   : num  0 0 0 0 0 0 0 0 0 0 ...
 $ Gen01.HitRate4                   : num  0 0 0 0 0 1 0 0 0 0.5 ...
 $ Gen01.HitRate5                   : num  0 0 0 0 1 0 0 0 0.5 0 ...
 $ EOF                              : int  1 1 1 1 1 1 1 1 1 1 ...
NULL
[1] "2022-03-08 18:42:50 --- transform Finish ---"
[1] "2022-03-08 18:42:50 --- na.omit Start ---"
[1] "--------------------------------------------------------------------------------"
[1] "nrow(data) na.omit before=29938"
[1] "nrow(data) na.omit after =29774"
[1] "nrow(data) na.omit diff =164"
[1] "--------------------------------------------------------------------------------"
'data.frame':	29774 obs. of  48 variables:
 $ Race.RaceId                      : Factor w/ 2247 levels "20160117-08-01-06-08",..: 11 12 13 14 15 16 17 18 19 19 ...
 $ Race.IsAnalyzeNormalPastAndFuture: logi  TRUE TRUE TRUE TRUE TRUE TRUE ...
 $ Race.IsAnalyzeNormalPast         : logi  TRUE TRUE TRUE TRUE TRUE TRUE ...
 $ Race.IsAnalyzeNormalFuture       : logi  FALSE FALSE FALSE FALSE FALSE FALSE ...
 $ Race.IsAnalyzeFullPastAndFuture  : logi  TRUE TRUE TRUE TRUE TRUE TRUE ...
 $ Race.IsAnalyzeFullPast           : logi  TRUE TRUE TRUE TRUE TRUE TRUE ...
 $ Race.IsAnalyzeFullFuture         : logi  FALSE FALSE FALSE FALSE FALSE FALSE ...
 $ Race.JyokenCd                    : Factor w/ 1 level "4": 1 1 1 1 1 1 1 1 1 1 ...
 $ Race.JyoType1Cd                  : Factor w/ 180 levels "18-08-1600-1",..: 9 10 11 12 13 14 15 13 5 5 ...
 $ Race.RaceType1Cd                 : Factor w/ 4 levels "1-4-14","1-4-12",..: 2 1 3 3 3 3 3 3 3 3 ...
 $ RaceHorse.RaceId                 : Factor w/ 2247 levels "20160117-08-01-06-08",..: 11 12 13 14 15 16 17 18 19 19 ...
 $ RaceHorse.KettoNum               : Factor w/ 6797 levels "2012104083","2013110046",..: 5 6 6 7 8 9 6 10 11 9 ...
 $ RaceHorse.IsHit1                 : num  0 0 0 1 0 0 0 0 0 0 ...
 $ RaceHorse.IsHit2                 : num  0 0 0 0 0 1 0 0 0 0 ...
 $ RaceHorse.IsHit3                 : num  0 0 0 0 0 0 0 0 0 0 ...
 $ RaceHorse.IsHit4                 : num  0 0 0 0 0 0 0 1 0 0 ...
 $ RaceHorse.IsHit5                 : num  0 0 0 0 0 0 0 0 0 0 ...
 $ RaceHorse.IsHit6                 : num  1 1 1 0 1 0 1 0 1 1 ...
 $ RaceHorse.IsValidRaceHorse       : logi  TRUE TRUE FALSE TRUE TRUE TRUE ...
 $ RaceHorse.FinishTimeSdvByRace    : num  -0.901 -0.84 -2.141 1.217 0.627 ...
 $ RaceHorse.FirstTimeSdvByRace     : num  -1.712 0.882 1.067 1.15 -1.234 ...
 $ RaceHorse.LastTimeSdvByRace      : num  -0.158 -1.167 -2.393 0.249 1.895 ...
 $ RaceHorse.FinishTimeSdv          : num  -0.0685 -0.3115 -0.1008 0.5913 1.1042 ...
 $ RaceHorse.FirstTimeSdv           : num  0.512 1.227 0.986 0.734 -0.487 ...
 $ RaceHorse.LastTimeSdv            : num  -0.8635 -1.78039 -1.63063 0.00522 1.7497 ...
 $ RaceHorse.IsHitA                 : num  0 0 0 1 0 0 0 0 0 0 ...
 $ RaceHorse.IsHitB                 : num  0 0 0 1 0 1 0 0 0 0 ...
 $ RaceHorse.IsHitC                 : num  0 0 0 1 0 1 0 0 0 0 ...
 $ Gen01.HansyokuNum                : Factor w/ 361 levels "11404044","11404207",..: 3 4 4 5 6 7 4 8 9 7 ...
 $ Gen01.FinishTimeSdvByRaceAvg     : num  -1.009 -1.805 -0.126 0.673 0.657 ...
 $ Gen01.FirstTimeSdvByRaceAvg      : num  1.366 -0.561 0.992 0.5 -1.351 ...
 $ Gen01.LastTimeSdvByRaceAvg       : num  -1.451 -1.85 -0.77 0.598 1.414 ...
 $ Gen01.FinishTimeSdvAvg           : num  0.483 0.419 0.212 0.906 1.307 ...
 $ Gen01.FirstTimeSdvAvg            : num  0.686 0.374 0.331 0.556 -0.141 ...
 $ Gen01.LastTimeSdvAvg             : num  -0.187 0.151 -0.132 0.65 1.777 ...
 $ Gen01.RealOddsLog1Avg            : num  4.38 4.73 3.91 2.4 2.94 ...
 $ Gen01.RunCount                   : num  1 1 1 1 1 1 1 1 2 2 ...
 $ Gen01.HitCount1                  : num  0 0 0 0 0 0 0 0 0 0 ...
 $ Gen01.HitCount2                  : num  0 0 0 1 0 0 0 0 0 1 ...
 $ Gen01.HitCount3                  : num  0 0 0 0 0 0 0 0 0 0 ...
 $ Gen01.HitCount4                  : num  0 0 0 0 0 1 0 0 0 1 ...
 $ Gen01.HitCount5                  : num  0 0 0 0 1 0 0 0 1 0 ...
 $ Gen01.HitRate1                   : num  0 0 0 0 0 0 0 0 0 0 ...
 $ Gen01.HitRate2                   : num  0 0 0 1 0 0 0 0 0 0.5 ...
 $ Gen01.HitRate3                   : num  0 0 0 0 0 0 0 0 0 0 ...
 $ Gen01.HitRate4                   : num  0 0 0 0 0 1 0 0 0 0.5 ...
 $ Gen01.HitRate5                   : num  0 0 0 0 1 0 0 0 0.5 0 ...
 $ EOF                              : int  1 1 1 1 1 1 1 1 1 1 ...
 - attr(*, "na.action")= 'omit' Named int  341 555 638 681 801 809 856 1125 1401 1661 ...
  ..- attr(*, "names")= chr  "341" "555" "638" "681" ...
[1] "2022-03-08 18:42:50 --- na.omit Finish ---"
[1] "2022-03-08 18:42:50 --- rxLogit with rxStepControl Start ---"

> print(paste0(Sys.time(), " --- source_logic_glm.R Start ---"))
[1] "2022-03-08 18:42:50 --- source_logic_glm.R Start ---"

> formula <- formula(RaceHorse.IsHitA ~ +1 + Gen01.FinishTimeSdvByRaceAvg)

> print(paste0(Sys.time(), " --- source_logic_glm.R Finished ---"))
[1] "2022-03-08 18:42:50 --- source_logic_glm.R Finished ---"
Rows Read: 29774, Total Rows Processed: 29774, Total Chunk Time: 0.002 seconds 

Starting values (iteration 1) time: 0.014 secs.
Rows Read: 29774, Total Rows Processed: 29774, Total Chunk Time: 0.003 seconds 

Iteration 2 time: 0.010 secs.
Rows Read: 29774, Total Rows Processed: 29774, Total Chunk Time: 0.003 seconds 

Iteration 3 time: 0.006 secs.
Rows Read: 29774, Total Rows Processed: 29774, Total Chunk Time: 0.003 seconds 

Iteration 4 time: 0.007 secs.

Elapsed computation time: 0.049 secs.
Rows Read: 29774, Total Rows Processed: 29774, Total Chunk Time: 0.002 seconds 

Starting values (iteration 1) time: 0.010 secs.
Rows Read: 29774, Total Rows Processed: 29774, Total Chunk Time: 0.002 seconds 

Iteration 2 time: 0.008 secs.

Elapsed computation time: 0.027 secs.
Rows Read: 29774, Total Rows Processed: 29774, Total Chunk Time: 0.002 seconds 

Starting values (iteration 1) time: 0.011 secs.
Rows Read: 29774, Total Rows Processed: 29774, Total Chunk Time: 0.003 seconds 

Iteration 2 time: 0.009 secs.
Rows Read: 29774, Total Rows Processed: 29774, Total Chunk Time: 0.003 seconds 

Iteration 3 time: 0.006 secs.
Rows Read: 29774, Total Rows Processed: 29774, Total Chunk Time: 0.003 seconds 

Iteration 4 time: 0.007 secs.

Elapsed computation time: 0.048 secs.

Elapsed computation time: 0.142 secs.
[1] "--------------------------------------------------------------------------------"
[1] "analyze.results.glm.step="
Logistic Regression Results for: RaceHorse.IsHitA ~
    Gen01.FinishTimeSdvByRaceAvg
Data: data
Dependent variable(s): RaceHorse.IsHitA
Total independent variables: 2 
Number of valid observations: 29774
Number of missing observations: 0 
 
Coefficients:
                             RaceHorse.IsHitA
(Intercept)                                -3
Gen01.FinishTimeSdvByRaceAvg                1
[1] "analyze.results.glm.step.summary"
Call:
rxLogit(formula = formula, data = data, variableSelection = analyze.results.glm.step.varsel)

Logistic Regression Results for: RaceHorse.IsHitA ~
    Gen01.FinishTimeSdvByRaceAvg
Data: data
Dependent variable(s): RaceHorse.IsHitA
Total independent variables: 2 
Number of valid observations: 29774
Number of missing observations: 0 
-2*LogLikelihood: 15560.385 (Residual deviance on 29772 degrees of freedom)
 
Coefficients:
                             Estimate Std. Error z value Pr(>|z|)    
(Intercept)                   -2.7727     0.0315   -88.0  2.2e-16 ***
Gen01.FinishTimeSdvByRaceAvg   1.2202     0.0977    12.5  2.2e-16 ***
---
Signif. codes:  0 '***' 0.001 '**' 0.01 '*' 0.05 '.' 0.1 ' ' 1

Condition number of final variance-covariance matrix: 1 
Number of iterations: 4
[1] "--------------------------------------------------------------------------------"
[1] "2022-03-08 18:42:51 --- rxLogit with rxStepControl Finish ---"
[1] "2022-03-08 18:42:51 --- rxStepPlot Start ---"
[1] "pdfFilename=pdf_analyze_glm_Gen01_Type14_rxStepPlot.pdf"
[1] "rxStepPlot="
[1] "2022-03-08 18:42:51 --- rxStepPlot Finish ---"
[1] "2022-03-08 18:42:51 --- save.image Start ---"
[1] "save.image"
[1] "rdataFilename=RData_analyze_glm_Gen01_Type14.RData"
[1] "2022-03-08 18:42:51 --- save.image Finish ---"
[1] "2022-03-08 18:42:51 --- final Start ---"
[1] "--------------------------------------------------------------------------------"
[1] "nrow(data) final=29774"
[1] "--------------------------------------------------------------------------------"
[1] "2022-03-08 18:42:51 --- final Finish ---"
[1] "2022-03-08 18:42:51 --- analyze_glm.R Finished ---"
[1] "2022-03-08 18:42:51 --- log Finish ---"
