[1] "2022-02-25 20:25:44 --- D1115_analyze_glm_Horse_IsHitA_Type14 Start ---"
[1] "2022-02-25 20:25:44 --- Log Start ---"
[1] "2022-02-25 20:25:44 --- analyze_glm.R Start ---"
[1] "analyzeVersion=D1115"
[1] "analyzeCategory=analyze"
[1] "analyzeType=Horse"
[1] "analyzeFamily=IsHitA"
[1] "analyzeFunc=glm"
[1] "analyzeTrackTypeCd=1"
[1] "analyzeJyokenCd=4"
[1] "2022-02-25 20:25:44 --- source_function.R Start ---"
[1] "2022-02-25 20:25:44 --- source_function.R Finished ---"

> print(paste0(Sys.time(), " --- source_library.R Start ---"))
[1] "2022-02-25 20:25:45 --- source_library.R Start ---"

> require("RevoScaleR")

> print(paste0(Sys.time(), " --- source_library.R Finished ---"))
[1] "2022-02-25 20:25:46 --- source_library.R Finished ---"
[1] "2022-02-25 20:25:47 --- RxSqlServerData Start ---"
[1] "2022-02-25 20:25:47 --- RxInSqlServer Start ---"
[1] "2022-02-25 20:25:47 --- RxInSqlServer Finish ---"
[1] "2022-02-25 20:25:47 --- rxSetComputeContext Start ---"
[1] "2022-02-25 20:25:47 --- rxSetComputeContext Finish ---"
[1] "2022-02-25 20:25:47 --- RxSqlServerData Start ---"
[1] "sqlQuery=SELECT * FROM ViewAnalyzeD1115analyze01HorseType14"
[1] "2022-02-25 20:25:47 --- RxSqlServerData Finish ---"
[1] "2022-02-25 20:25:47 --- rxGetVarInfo Start ---"
[1] "2022-02-25 20:25:48 --- rxGetVarInfo Finish---"
[1] "2022-02-25 20:25:48 --- rxImport Start ---"
Rows Read: 30421, Total Rows Processed: 30421, Total Chunk Time: 12.525 seconds 
[1] "2022-02-25 20:26:14 --- rxImport Finish ---"
[1] "object.size(data) auto=9.7 Mb"
[1] "--------------------------------------------------------------------------------"
[1] "nrow(data) RxSqlServerData=30421"
[1] "--------------------------------------------------------------------------------"
[1] "str(data)="
'data.frame':	30421 obs. of  44 variables:
 $ Race.RaceId                      : Factor w/ 2247 levels "20160917-06-04-03-08",..: 2 2 2 2 2 2 2 2 2 2 ...
 $ Race.IsPredictedRace             : logi  TRUE TRUE TRUE TRUE TRUE TRUE ...
 $ Race.IsAnalyzeNormalPastAndFuture: logi  TRUE TRUE TRUE TRUE TRUE TRUE ...
 $ Race.IsAnalyzeNormalPast         : logi  TRUE TRUE TRUE TRUE TRUE TRUE ...
 $ Race.IsAnalyzeNormalFuture       : logi  FALSE FALSE FALSE FALSE FALSE FALSE ...
 $ Race.IsAnalyzeFullPastAndFuture  : logi  TRUE TRUE TRUE TRUE TRUE TRUE ...
 $ Race.IsAnalyzeFullPast           : logi  TRUE TRUE TRUE TRUE TRUE TRUE ...
 $ Race.IsAnalyzeFullFuture         : logi  FALSE FALSE FALSE FALSE FALSE FALSE ...
 $ Race.JyokenCd                    : Factor w/ 1 level "4": 1 1 1 1 1 1 1 1 1 1 ...
 $ Race.JyoType1Cd                  : Factor w/ 177 levels "1-06-2500-4-1",..: 2 2 2 2 2 2 2 2 2 2 ...
 $ Race.RaceType1Cd                 : Factor w/ 6 levels "1-4-X-3","1-4-X-1",..: 2 2 2 2 2 2 2 2 2 2 ...
 $ RaceHorse.RaceId                 : Factor w/ 2247 levels "20160917-06-04-03-08",..: 2 2 2 2 2 2 2 2 2 2 ...
 $ RaceHorse.KettoNum               : Factor w/ 6882 levels "2010101971","2011101751",..: 11 12 13 14 15 16 17 18 19 20 ...
 $ RaceHorse.IsHit1                 : num  0 0 0 0 0 0 0 0 1 0 ...
 $ RaceHorse.IsHit2                 : num  0 0 0 0 0 0 1 0 0 0 ...
 $ RaceHorse.IsHit3                 : num  0 1 0 0 0 0 0 0 0 0 ...
 $ RaceHorse.IsHit4                 : num  0 0 0 0 0 1 0 0 0 0 ...
 $ RaceHorse.IsHit5                 : num  0 0 0 0 0 0 0 0 0 1 ...
 $ RaceHorse.IsHit6                 : num  1 0 1 1 1 0 0 1 0 0 ...
 $ RaceHorse.IsValidRaceHorse       : logi  TRUE TRUE TRUE TRUE TRUE TRUE ...
 $ RaceHorse.TimeSdv                : num  -1.454 0.54 -2.23 -0.236 -0.9 ...
 $ RaceHorse.IsHitA                 : num  0 0 0 0 0 0 0 0 1 0 ...
 $ RaceHorse.IsHitB                 : num  0 0 0 0 0 0 1 0 1 0 ...
 $ RaceHorse.IsHitC                 : num  0 1 0 0 0 0 1 0 1 0 ...
 $ Horse.KettoNum                   : Factor w/ 6882 levels "2010101971","2011101751",..: 11 12 13 14 15 16 17 18 19 20 ...
 $ Horse.TimeSdvByRaceAvg           : num  0.2219 0.4939 -0.3804 0.0528 -0.6564 ...
 $ Horse.TimeSdvByRaceMin           : num  -1.729 -0.156 -2.036 -1.599 -2.84 ...
 $ Horse.TimeSdvByRaceMax           : num  2.12 1.17 1.61 1.68 1.73 ...
 $ Horse.TimeSdvAvg                 : num  0.388 0.599 -0.284 0.264 -0.556 ...
 $ Horse.TimeSdvMin                 : num  -0.611 -0.797 -2.59 -0.811 -1.95 ...
 $ Horse.TimeSdvMax                 : num  1.653 1.648 0.958 1.46 1.427 ...
 $ Horse.OrderOfFinishSdvAvg        : num  0.1128 0.5009 -0.3419 0.0256 -0.6739 ...
 $ Horse.RunCount                   : num  19 14 27 15 22 19 18 5 4 16 ...
 $ Horse.HitCount1                  : num  1 1 2 2 2 1 1 1 1 1 ...
 $ Horse.HitCount2                  : num  0 1 2 0 0 1 1 0 0 0 ...
 $ Horse.HitCount3                  : num  3 1 0 2 0 0 6 0 1 0 ...
 $ Horse.HitCount4                  : num  1 1 2 1 0 3 2 0 1 1 ...
 $ Horse.HitCount5                  : num  1 2 2 1 0 3 2 0 0 2 ...
 $ Horse.HitRate1                   : num  0.0526 0.0714 0.0741 0.1333 0.0909 ...
 $ Horse.HitRate2                   : num  0 0.0714 0.0741 0 0 ...
 $ Horse.HitRate3                   : num  0.1579 0.0714 0 0.1333 0 ...
 $ Horse.HitRate4                   : num  0.0526 0.0714 0.0741 0.0667 0 ...
 $ Horse.HitRate5                   : num  0.0526 0.1429 0.0741 0.0667 0 ...
 $ EOF                              : int  1 1 1 1 1 1 1 1 1 1 ...
[1] "2022-02-25 20:30:45 --- RxSqlServerData Finish ---"
[1] "2022-02-25 20:30:53 --- subset Start ---"
[1] "--------------------------------------------------------------------------------"
[1] "nrow(data) subset before=30421"
[1] "nrow(data) subset after =30421"
[1] "nrow(data) subset diff =0"
[1] "--------------------------------------------------------------------------------"
[1] "2022-02-25 20:32:25 --- subset Finish---"
[1] "2022-02-25 20:32:30 --- transform Start ---"
[1] "--------------------------------------------------------------------------------"
[1] "nrow(data) transform before=30421"
[1] "nrow(data) transform after=30421"
[1] "nrow(data) transform diff=0"
[1] "--------------------------------------------------------------------------------"
[1] "str(data)="
'data.frame':	30421 obs. of  44 variables:
 $ Race.RaceId                      : Factor w/ 2247 levels "20160917-06-04-03-08",..: 2 2 2 2 2 2 2 2 2 2 ...
 $ Race.IsPredictedRace             : logi  TRUE TRUE TRUE TRUE TRUE TRUE ...
 $ Race.IsAnalyzeNormalPastAndFuture: logi  TRUE TRUE TRUE TRUE TRUE TRUE ...
 $ Race.IsAnalyzeNormalPast         : logi  TRUE TRUE TRUE TRUE TRUE TRUE ...
 $ Race.IsAnalyzeNormalFuture       : logi  FALSE FALSE FALSE FALSE FALSE FALSE ...
 $ Race.IsAnalyzeFullPastAndFuture  : logi  TRUE TRUE TRUE TRUE TRUE TRUE ...
 $ Race.IsAnalyzeFullPast           : logi  TRUE TRUE TRUE TRUE TRUE TRUE ...
 $ Race.IsAnalyzeFullFuture         : logi  FALSE FALSE FALSE FALSE FALSE FALSE ...
 $ Race.JyokenCd                    : Factor w/ 1 level "4": 1 1 1 1 1 1 1 1 1 1 ...
 $ Race.JyoType1Cd                  : Factor w/ 177 levels "1-06-2500-4-1",..: 2 2 2 2 2 2 2 2 2 2 ...
 $ Race.RaceType1Cd                 : Factor w/ 6 levels "1-4-X-3","1-4-X-1",..: 2 2 2 2 2 2 2 2 2 2 ...
 $ RaceHorse.RaceId                 : Factor w/ 2247 levels "20160917-06-04-03-08",..: 2 2 2 2 2 2 2 2 2 2 ...
 $ RaceHorse.KettoNum               : Factor w/ 6882 levels "2010101971","2011101751",..: 11 12 13 14 15 16 17 18 19 20 ...
 $ RaceHorse.IsHit1                 : num  0 0 0 0 0 0 0 0 1 0 ...
 $ RaceHorse.IsHit2                 : num  0 0 0 0 0 0 1 0 0 0 ...
 $ RaceHorse.IsHit3                 : num  0 1 0 0 0 0 0 0 0 0 ...
 $ RaceHorse.IsHit4                 : num  0 0 0 0 0 1 0 0 0 0 ...
 $ RaceHorse.IsHit5                 : num  0 0 0 0 0 0 0 0 0 1 ...
 $ RaceHorse.IsHit6                 : num  1 0 1 1 1 0 0 1 0 0 ...
 $ RaceHorse.IsValidRaceHorse       : logi  TRUE TRUE TRUE TRUE TRUE TRUE ...
 $ RaceHorse.TimeSdv                : num  -1.454 0.54 -2.23 -0.236 -0.9 ...
 $ RaceHorse.IsHitA                 : num  0 0 0 0 0 0 0 0 1 0 ...
 $ RaceHorse.IsHitB                 : num  0 0 0 0 0 0 1 0 1 0 ...
 $ RaceHorse.IsHitC                 : num  0 1 0 0 0 0 1 0 1 0 ...
 $ Horse.KettoNum                   : Factor w/ 6882 levels "2010101971","2011101751",..: 11 12 13 14 15 16 17 18 19 20 ...
 $ Horse.TimeSdvByRaceAvg           : num  0.2219 0.4939 -0.3804 0.0528 -0.6564 ...
 $ Horse.TimeSdvByRaceMin           : num  -1.729 -0.156 -2.036 -1.599 -2.84 ...
 $ Horse.TimeSdvByRaceMax           : num  2.12 1.17 1.61 1.68 1.73 ...
 $ Horse.TimeSdvAvg                 : num  0.388 0.599 -0.284 0.264 -0.556 ...
 $ Horse.TimeSdvMin                 : num  -0.611 -0.797 -2.59 -0.811 -1.95 ...
 $ Horse.TimeSdvMax                 : num  1.653 1.648 0.958 1.46 1.427 ...
 $ Horse.OrderOfFinishSdvAvg        : num  0.1128 0.5009 -0.3419 0.0256 -0.6739 ...
 $ Horse.RunCount                   : num  19 14 27 15 22 19 18 5 4 16 ...
 $ Horse.HitCount1                  : num  1 1 2 2 2 1 1 1 1 1 ...
 $ Horse.HitCount2                  : num  0 1 2 0 0 1 1 0 0 0 ...
 $ Horse.HitCount3                  : num  3 1 0 2 0 0 6 0 1 0 ...
 $ Horse.HitCount4                  : num  1 1 2 1 0 3 2 0 1 1 ...
 $ Horse.HitCount5                  : num  1 2 2 1 0 3 2 0 0 2 ...
 $ Horse.HitRate1                   : num  0.0526 0.0714 0.0741 0.1333 0.0909 ...
 $ Horse.HitRate2                   : num  0 0.0714 0.0741 0 0 ...
 $ Horse.HitRate3                   : num  0.1579 0.0714 0 0.1333 0 ...
 $ Horse.HitRate4                   : num  0.0526 0.0714 0.0741 0.0667 0 ...
 $ Horse.HitRate5                   : num  0.0526 0.1429 0.0741 0.0667 0 ...
 $ EOF                              : int  1 1 1 1 1 1 1 1 1 1 ...
NULL
[1] "2022-02-25 20:32:52 --- transform Finish ---"
[1] "2022-02-25 20:32:52 --- na.omit Start ---"
[1] "--------------------------------------------------------------------------------"
[1] "nrow(data) na.omit before=30421"
[1] "nrow(data) na.omit after =30258"
[1] "nrow(data) na.omit diff =163"
[1] "--------------------------------------------------------------------------------"
'data.frame':	30258 obs. of  44 variables:
 $ Race.RaceId                      : Factor w/ 2247 levels "20160917-06-04-03-08",..: 2 2 2 2 2 2 2 2 2 2 ...
 $ Race.IsPredictedRace             : logi  TRUE TRUE TRUE TRUE TRUE TRUE ...
 $ Race.IsAnalyzeNormalPastAndFuture: logi  TRUE TRUE TRUE TRUE TRUE TRUE ...
 $ Race.IsAnalyzeNormalPast         : logi  TRUE TRUE TRUE TRUE TRUE TRUE ...
 $ Race.IsAnalyzeNormalFuture       : logi  FALSE FALSE FALSE FALSE FALSE FALSE ...
 $ Race.IsAnalyzeFullPastAndFuture  : logi  TRUE TRUE TRUE TRUE TRUE TRUE ...
 $ Race.IsAnalyzeFullPast           : logi  TRUE TRUE TRUE TRUE TRUE TRUE ...
 $ Race.IsAnalyzeFullFuture         : logi  FALSE FALSE FALSE FALSE FALSE FALSE ...
 $ Race.JyokenCd                    : Factor w/ 1 level "4": 1 1 1 1 1 1 1 1 1 1 ...
 $ Race.JyoType1Cd                  : Factor w/ 177 levels "1-06-2500-4-1",..: 2 2 2 2 2 2 2 2 2 2 ...
 $ Race.RaceType1Cd                 : Factor w/ 6 levels "1-4-X-3","1-4-X-1",..: 2 2 2 2 2 2 2 2 2 2 ...
 $ RaceHorse.RaceId                 : Factor w/ 2247 levels "20160917-06-04-03-08",..: 2 2 2 2 2 2 2 2 2 2 ...
 $ RaceHorse.KettoNum               : Factor w/ 6882 levels "2010101971","2011101751",..: 11 12 13 14 15 16 17 18 19 20 ...
 $ RaceHorse.IsHit1                 : num  0 0 0 0 0 0 0 0 1 0 ...
 $ RaceHorse.IsHit2                 : num  0 0 0 0 0 0 1 0 0 0 ...
 $ RaceHorse.IsHit3                 : num  0 1 0 0 0 0 0 0 0 0 ...
 $ RaceHorse.IsHit4                 : num  0 0 0 0 0 1 0 0 0 0 ...
 $ RaceHorse.IsHit5                 : num  0 0 0 0 0 0 0 0 0 1 ...
 $ RaceHorse.IsHit6                 : num  1 0 1 1 1 0 0 1 0 0 ...
 $ RaceHorse.IsValidRaceHorse       : logi  TRUE TRUE TRUE TRUE TRUE TRUE ...
 $ RaceHorse.TimeSdv                : num  -1.454 0.54 -2.23 -0.236 -0.9 ...
 $ RaceHorse.IsHitA                 : num  0 0 0 0 0 0 0 0 1 0 ...
 $ RaceHorse.IsHitB                 : num  0 0 0 0 0 0 1 0 1 0 ...
 $ RaceHorse.IsHitC                 : num  0 1 0 0 0 0 1 0 1 0 ...
 $ Horse.KettoNum                   : Factor w/ 6882 levels "2010101971","2011101751",..: 11 12 13 14 15 16 17 18 19 20 ...
 $ Horse.TimeSdvByRaceAvg           : num  0.2219 0.4939 -0.3804 0.0528 -0.6564 ...
 $ Horse.TimeSdvByRaceMin           : num  -1.729 -0.156 -2.036 -1.599 -2.84 ...
 $ Horse.TimeSdvByRaceMax           : num  2.12 1.17 1.61 1.68 1.73 ...
 $ Horse.TimeSdvAvg                 : num  0.388 0.599 -0.284 0.264 -0.556 ...
 $ Horse.TimeSdvMin                 : num  -0.611 -0.797 -2.59 -0.811 -1.95 ...
 $ Horse.TimeSdvMax                 : num  1.653 1.648 0.958 1.46 1.427 ...
 $ Horse.OrderOfFinishSdvAvg        : num  0.1128 0.5009 -0.3419 0.0256 -0.6739 ...
 $ Horse.RunCount                   : num  19 14 27 15 22 19 18 5 4 16 ...
 $ Horse.HitCount1                  : num  1 1 2 2 2 1 1 1 1 1 ...
 $ Horse.HitCount2                  : num  0 1 2 0 0 1 1 0 0 0 ...
 $ Horse.HitCount3                  : num  3 1 0 2 0 0 6 0 1 0 ...
 $ Horse.HitCount4                  : num  1 1 2 1 0 3 2 0 1 1 ...
 $ Horse.HitCount5                  : num  1 2 2 1 0 3 2 0 0 2 ...
 $ Horse.HitRate1                   : num  0.0526 0.0714 0.0741 0.1333 0.0909 ...
 $ Horse.HitRate2                   : num  0 0.0714 0.0741 0 0 ...
 $ Horse.HitRate3                   : num  0.1579 0.0714 0 0.1333 0 ...
 $ Horse.HitRate4                   : num  0.0526 0.0714 0.0741 0.0667 0 ...
 $ Horse.HitRate5                   : num  0.0526 0.1429 0.0741 0.0667 0 ...
 $ EOF                              : int  1 1 1 1 1 1 1 1 1 1 ...
 - attr(*, "na.action")= 'omit' Named int  514 527 1085 1551 1750 1987 2098 2186 2251 2307 ...
  ..- attr(*, "names")= chr  "514" "527" "1085" "1551" ...
[1] "2022-02-25 20:32:59 --- na.omit Finish ---"
[1] "2022-02-25 20:32:59 --- rxGlm with rxStepControl Start ---"

> print(paste0(Sys.time(), " --- source_logic_glm.R Start ---"))
[1] "2022-02-25 20:32:59 --- source_logic_glm.R Start ---"

> formula <- formula(RaceHorse.IsHitA ~ +1 + Horse.TimeSdvAvg)

> print(paste0(Sys.time(), " --- source_logic_glm.R Finished ---"))
[1] "2022-02-25 20:33:00 --- source_logic_glm.R Finished ---"
Rows Read: 30258, Total Rows Processed: 30258, Total Chunk Time: 0.002 seconds 

Starting values (iteration 1) time: 0.016 secs.
Rows Read: 30258, Total Rows Processed: 30258, Total Chunk Time: 0.003 seconds 

Iteration 2 time: 0.095 secs.
Rows Read: 30258, Total Rows Processed: 30258, Total Chunk Time: 0.003 seconds 

Iteration 3 time: 0.099 secs.
Rows Read: 30258, Total Rows Processed: 30258, Total Chunk Time: 0.003 seconds 

Iteration 4 time: 0.101 secs.
Rows Read: 30258, Total Rows Processed: 30258, Total Chunk Time: 0.004 seconds 

Iteration 5 time: 0.107 secs.

Elapsed computation time: 0.885 secs.
Rows Read: 30258, Total Rows Processed: 30258, Total Chunk Time: 0.002 seconds 

Starting values (iteration 1) time: 0.101 secs.
Rows Read: 30258, Total Rows Processed: 30258, Total Chunk Time: 0.003 seconds 

Iteration 2 time: 0.104 secs.

Elapsed computation time: 0.445 secs.
Rows Read: 30258, Total Rows Processed: 30258, Total Chunk Time: 0.002 seconds 

Starting values (iteration 1) time: 0.095 secs.
Rows Read: 30258, Total Rows Processed: 30258, Total Chunk Time: 0.003 seconds 

Iteration 2 time: 0.109 secs.
Rows Read: 30258, Total Rows Processed: 30258, Total Chunk Time: 0.003 seconds 

Iteration 3 time: 0.116 secs.
Rows Read: 30258, Total Rows Processed: 30258, Total Chunk Time: 0.003 seconds 

Iteration 4 time: 0.118 secs.
Rows Read: 30258, Total Rows Processed: 30258, Total Chunk Time: 0.004 seconds 

Iteration 5 time: 0.103 secs.

Elapsed computation time: 1.111 secs.

Elapsed computation time: 2.750 secs.
[1] "--------------------------------------------------------------------------------"
[1] "analyze.results.glm.step="
Logistic Regression Results for: RaceHorse.IsHitA ~ Horse.TimeSdvAvg
Data: data
Dependent variable(s): RaceHorse.IsHitA
Total independent variables: 2 
Number of valid observations: 30258
Number of missing observations: 0 
 
Coefficients:
                 RaceHorse.IsHitA
(Intercept)                    -3
Horse.TimeSdvAvg                1
[1] "analyze.results.glm.step.summary"
Call:
rxLogit(formula = formula, data = data, variableSelection = analyze.results.glm.step.varsel)

Logistic Regression Results for: RaceHorse.IsHitA ~ Horse.TimeSdvAvg
Data: data
Dependent variable(s): RaceHorse.IsHitA
Total independent variables: 2 
Number of valid observations: 30258
Number of missing observations: 0 
-2*LogLikelihood: 15475.975 (Residual deviance on 30256 degrees of freedom)
 
Coefficients:
                 Estimate Std. Error z value Pr(>|z|)    
(Intercept)       -2.8848     0.0301   -95.8  2.2e-16 ***
Horse.TimeSdvAvg   1.1568     0.0504    23.0  2.2e-16 ***
---
Signif. codes:  0 '***' 0.001 '**' 0.01 '*' 0.05 '.' 0.1 ' ' 1

Condition number of final variance-covariance matrix: 1 
Number of iterations: 5
[1] "--------------------------------------------------------------------------------"
[1] "2022-02-25 20:33:06 --- rxGlm with rxStepControl Finish ---"
[1] "2022-02-25 20:33:07 --- rxStepPlot Start ---"
[1] "pdfFilename=pdf_analyze_glm_Horse_Type14_rxStepPlot.pdf"
[1] "rxStepPlot="
[1] "2022-02-25 20:33:07 --- rxStepPlot Finish ---"
[1] "2022-02-25 20:33:07 --- save.image Start ---"
[1] "save.image"
[1] "rdataFilename=RData_analyze_glm_Horse_Type14.RData"
[1] "2022-02-25 20:33:08 --- save.image Finish ---"
[1] "2022-02-25 20:33:08 --- final Start ---"
[1] "--------------------------------------------------------------------------------"
[1] "nrow(data) final=30258"
[1] "--------------------------------------------------------------------------------"
[1] "2022-02-25 20:33:08 --- final Finish ---"
[1] "2022-02-25 20:33:08 --- analyze_glm.R Finished ---"
[1] "2022-02-25 20:33:08 --- log Finish ---"
