[1] "2022-02-25 20:57:32 --- D1115_analyze_glm_Jockey_IsHitA_Type24 Start ---"
[1] "2022-02-25 20:57:32 --- Log Start ---"
[1] "2022-02-25 20:57:32 --- analyze_glm.R Start ---"
[1] "analyzeVersion=D1115"
[1] "analyzeCategory=analyze"
[1] "analyzeType=Jockey"
[1] "analyzeFamily=IsHitA"
[1] "analyzeFunc=glm"
[1] "analyzeTrackTypeCd=2"
[1] "analyzeJyokenCd=4"
[1] "2022-02-25 20:57:32 --- source_function.R Start ---"
[1] "2022-02-25 20:57:32 --- source_function.R Finished ---"

> print(paste0(Sys.time(), " --- source_library.R Start ---"))
[1] "2022-02-25 20:57:32 --- source_library.R Start ---"

> require("RevoScaleR")

> print(paste0(Sys.time(), " --- source_library.R Finished ---"))
[1] "2022-02-25 20:57:32 --- source_library.R Finished ---"
[1] "2022-02-25 20:57:32 --- RxSqlServerData Start ---"
[1] "2022-02-25 20:57:33 --- RxInSqlServer Start ---"
[1] "2022-02-25 20:57:33 --- RxInSqlServer Finish ---"
[1] "2022-02-25 20:57:33 --- rxSetComputeContext Start ---"
[1] "2022-02-25 20:57:33 --- rxSetComputeContext Finish ---"
[1] "2022-02-25 20:57:33 --- RxSqlServerData Start ---"
[1] "sqlQuery=SELECT * FROM ViewAnalyzeD1115analyze01JockeyType24"
[1] "2022-02-25 20:57:33 --- RxSqlServerData Finish ---"
[1] "2022-02-25 20:57:33 --- rxGetVarInfo Start ---"
[1] "2022-02-25 20:57:33 --- rxGetVarInfo Finish---"
[1] "2022-02-25 20:57:33 --- rxImport Start ---"
Rows Read: 39528, Total Rows Processed: 39528, Total Chunk Time: 21.497 seconds 
[1] "2022-02-25 20:58:41 --- rxImport Finish ---"
[1] "object.size(data) auto=11.7 Mb"
[1] "--------------------------------------------------------------------------------"
[1] "nrow(data) RxSqlServerData=39528"
[1] "--------------------------------------------------------------------------------"
[1] "str(data)="
'data.frame':	39528 obs. of  43 variables:
 $ Race.RaceId                      : Factor w/ 2833 levels "20160423-05-02-01-06",..: 1 2 3 4 5 6 7 8 9 10 ...
 $ Race.IsPredictedRace             : logi  TRUE TRUE TRUE TRUE TRUE TRUE ...
 $ Race.IsAnalyzeNormalPastAndFuture: logi  TRUE TRUE TRUE TRUE TRUE TRUE ...
 $ Race.IsAnalyzeNormalPast         : logi  TRUE TRUE TRUE TRUE TRUE TRUE ...
 $ Race.IsAnalyzeNormalFuture       : logi  FALSE FALSE FALSE FALSE FALSE FALSE ...
 $ Race.IsAnalyzeFullPastAndFuture  : logi  TRUE TRUE TRUE TRUE TRUE TRUE ...
 $ Race.IsAnalyzeFullPast           : logi  TRUE TRUE TRUE TRUE TRUE TRUE ...
 $ Race.IsAnalyzeFullFuture         : logi  FALSE FALSE FALSE FALSE FALSE FALSE ...
 $ Race.JyokenCd                    : Factor w/ 1 level "4": 1 1 1 1 1 1 1 1 1 1 ...
 $ Race.JyoType1Cd                  : Factor w/ 131 levels "2-05-2100-4-1",..: 1 2 3 4 5 6 5 7 2 8 ...
 $ Race.RaceType1Cd                 : Factor w/ 5 levels "2-4-X-2","2-4-X-1",..: 1 2 1 2 1 2 1 2 2 2 ...
 $ RaceHorse.RaceId                 : Factor w/ 2833 levels "20160423-05-02-01-06",..: 1 2 3 4 5 6 7 8 9 10 ...
 $ RaceHorse.KettoNum               : Factor w/ 7977 levels "2011101907","2011106588",..: 11 12 13 14 15 16 17 18 19 20 ...
 $ RaceHorse.IsHit1                 : num  1 0 0 0 1 0 1 0 0 0 ...
 $ RaceHorse.IsHit2                 : num  0 0 0 0 0 0 0 0 0 0 ...
 $ RaceHorse.IsHit3                 : num  0 0 0 0 0 0 0 0 0 0 ...
 $ RaceHorse.IsHit4                 : num  0 0 0 0 0 0 0 0 0 0 ...
 $ RaceHorse.IsHit5                 : num  0 1 1 0 0 0 0 0 0 0 ...
 $ RaceHorse.IsHit6                 : num  0 0 0 1 0 1 0 1 1 1 ...
 $ RaceHorse.IsValidRaceHorse       : logi  TRUE TRUE TRUE TRUE TRUE TRUE ...
 $ RaceHorse.TimeSdv                : num  0.995 1.033 0.819 0.498 0.885 ...
 $ RaceHorse.IsHitA                 : num  1 0 0 0 1 0 1 0 0 0 ...
 $ RaceHorse.IsHitB                 : num  1 0 0 0 1 0 1 0 0 0 ...
 $ RaceHorse.IsHitC                 : num  1 0 0 0 1 0 1 0 0 0 ...
 $ Jockey.TimeSdvByRaceAvg          : num  0.12008 0.36483 -0.12099 0.49252 -0.00908 ...
 $ Jockey.TimeSdvByRaceMin          : num  -2.77 -2.61 -2.91 -2.92 -2.65 ...
 $ Jockey.TimeSdvByRaceMax          : num  1.91 2.21 1.67 1.99 2.01 ...
 $ Jockey.TimeSdvAvg                : num  0.0519 0.2433 -0.1389 0.4129 -0.0491 ...
 $ Jockey.TimeSdvMin                : num  -4.06 -3.95 -5.13 -3.55 -3.65 ...
 $ Jockey.TimeSdvMax                : num  1.95 2.61 1.96 2.27 1.9 ...
 $ Jockey.OrderOfFinishSdvAvg       : num  0.1339 0.4038 -0.2019 0.5222 0.0244 ...
 $ Jockey.RunCount                  : num  169 359 126 378 273 121 304 301 136 381 ...
 $ Jockey.HitCount1                 : num  11 46 9 51 11 3 26 11 9 22 ...
 $ Jockey.HitCount2                 : num  18 38 8 50 20 5 24 17 7 30 ...
 $ Jockey.HitCount3                 : num  18 41 9 43 21 8 15 20 9 27 ...
 $ Jockey.HitCount4                 : num  15 39 5 36 32 5 28 16 6 29 ...
 $ Jockey.HitCount5                 : num  23 30 7 35 20 5 33 21 4 28 ...
 $ Jockey.HitRate1                  : num  0.0651 0.1281 0.0714 0.1349 0.0403 ...
 $ Jockey.HitRate2                  : num  0.1065 0.1058 0.0635 0.1323 0.0733 ...
 $ Jockey.HitRate3                  : num  0.1065 0.1142 0.0714 0.1138 0.0769 ...
 $ Jockey.HitRate4                  : num  0.0888 0.1086 0.0397 0.0952 0.1172 ...
 $ Jockey.HitRate5                  : num  0.1361 0.0836 0.0556 0.0926 0.0733 ...
 $ EOF                              : int  1 1 1 1 1 1 1 1 1 1 ...
[1] "2022-02-25 20:58:41 --- RxSqlServerData Finish ---"
[1] "2022-02-25 20:58:41 --- subset Start ---"
[1] "--------------------------------------------------------------------------------"
[1] "nrow(data) subset before=39528"
[1] "nrow(data) subset after =39528"
[1] "nrow(data) subset diff =0"
[1] "--------------------------------------------------------------------------------"
[1] "2022-02-25 20:58:41 --- subset Finish---"
[1] "2022-02-25 20:58:41 --- transform Start ---"
[1] "--------------------------------------------------------------------------------"
[1] "nrow(data) transform before=39528"
[1] "nrow(data) transform after=39528"
[1] "nrow(data) transform diff=0"
[1] "--------------------------------------------------------------------------------"
[1] "str(data)="
'data.frame':	39528 obs. of  43 variables:
 $ Race.RaceId                      : Factor w/ 2833 levels "20160423-05-02-01-06",..: 1 2 3 4 5 6 7 8 9 10 ...
 $ Race.IsPredictedRace             : logi  TRUE TRUE TRUE TRUE TRUE TRUE ...
 $ Race.IsAnalyzeNormalPastAndFuture: logi  TRUE TRUE TRUE TRUE TRUE TRUE ...
 $ Race.IsAnalyzeNormalPast         : logi  TRUE TRUE TRUE TRUE TRUE TRUE ...
 $ Race.IsAnalyzeNormalFuture       : logi  FALSE FALSE FALSE FALSE FALSE FALSE ...
 $ Race.IsAnalyzeFullPastAndFuture  : logi  TRUE TRUE TRUE TRUE TRUE TRUE ...
 $ Race.IsAnalyzeFullPast           : logi  TRUE TRUE TRUE TRUE TRUE TRUE ...
 $ Race.IsAnalyzeFullFuture         : logi  FALSE FALSE FALSE FALSE FALSE FALSE ...
 $ Race.JyokenCd                    : Factor w/ 1 level "4": 1 1 1 1 1 1 1 1 1 1 ...
 $ Race.JyoType1Cd                  : Factor w/ 131 levels "2-05-2100-4-1",..: 1 2 3 4 5 6 5 7 2 8 ...
 $ Race.RaceType1Cd                 : Factor w/ 5 levels "2-4-X-2","2-4-X-1",..: 1 2 1 2 1 2 1 2 2 2 ...
 $ RaceHorse.RaceId                 : Factor w/ 2833 levels "20160423-05-02-01-06",..: 1 2 3 4 5 6 7 8 9 10 ...
 $ RaceHorse.KettoNum               : Factor w/ 7977 levels "2011101907","2011106588",..: 11 12 13 14 15 16 17 18 19 20 ...
 $ RaceHorse.IsHit1                 : num  1 0 0 0 1 0 1 0 0 0 ...
 $ RaceHorse.IsHit2                 : num  0 0 0 0 0 0 0 0 0 0 ...
 $ RaceHorse.IsHit3                 : num  0 0 0 0 0 0 0 0 0 0 ...
 $ RaceHorse.IsHit4                 : num  0 0 0 0 0 0 0 0 0 0 ...
 $ RaceHorse.IsHit5                 : num  0 1 1 0 0 0 0 0 0 0 ...
 $ RaceHorse.IsHit6                 : num  0 0 0 1 0 1 0 1 1 1 ...
 $ RaceHorse.IsValidRaceHorse       : logi  TRUE TRUE TRUE TRUE TRUE TRUE ...
 $ RaceHorse.TimeSdv                : num  0.995 1.033 0.819 0.498 0.885 ...
 $ RaceHorse.IsHitA                 : num  1 0 0 0 1 0 1 0 0 0 ...
 $ RaceHorse.IsHitB                 : num  1 0 0 0 1 0 1 0 0 0 ...
 $ RaceHorse.IsHitC                 : num  1 0 0 0 1 0 1 0 0 0 ...
 $ Jockey.TimeSdvByRaceAvg          : num  0.12008 0.36483 -0.12099 0.49252 -0.00908 ...
 $ Jockey.TimeSdvByRaceMin          : num  -2.77 -2.61 -2.91 -2.92 -2.65 ...
 $ Jockey.TimeSdvByRaceMax          : num  1.91 2.21 1.67 1.99 2.01 ...
 $ Jockey.TimeSdvAvg                : num  0.0519 0.2433 -0.1389 0.4129 -0.0491 ...
 $ Jockey.TimeSdvMin                : num  -4.06 -3.95 -5.13 -3.55 -3.65 ...
 $ Jockey.TimeSdvMax                : num  1.95 2.61 1.96 2.27 1.9 ...
 $ Jockey.OrderOfFinishSdvAvg       : num  0.1339 0.4038 -0.2019 0.5222 0.0244 ...
 $ Jockey.RunCount                  : num  169 359 126 378 273 121 304 301 136 381 ...
 $ Jockey.HitCount1                 : num  11 46 9 51 11 3 26 11 9 22 ...
 $ Jockey.HitCount2                 : num  18 38 8 50 20 5 24 17 7 30 ...
 $ Jockey.HitCount3                 : num  18 41 9 43 21 8 15 20 9 27 ...
 $ Jockey.HitCount4                 : num  15 39 5 36 32 5 28 16 6 29 ...
 $ Jockey.HitCount5                 : num  23 30 7 35 20 5 33 21 4 28 ...
 $ Jockey.HitRate1                  : num  0.0651 0.1281 0.0714 0.1349 0.0403 ...
 $ Jockey.HitRate2                  : num  0.1065 0.1058 0.0635 0.1323 0.0733 ...
 $ Jockey.HitRate3                  : num  0.1065 0.1142 0.0714 0.1138 0.0769 ...
 $ Jockey.HitRate4                  : num  0.0888 0.1086 0.0397 0.0952 0.1172 ...
 $ Jockey.HitRate5                  : num  0.1361 0.0836 0.0556 0.0926 0.0733 ...
 $ EOF                              : int  1 1 1 1 1 1 1 1 1 1 ...
NULL
[1] "2022-02-25 20:58:41 --- transform Finish ---"
[1] "2022-02-25 20:58:41 --- na.omit Start ---"
[1] "--------------------------------------------------------------------------------"
[1] "nrow(data) na.omit before=39528"
[1] "nrow(data) na.omit after =39264"
[1] "nrow(data) na.omit diff =264"
[1] "--------------------------------------------------------------------------------"
'data.frame':	39264 obs. of  43 variables:
 $ Race.RaceId                      : Factor w/ 2833 levels "20160423-05-02-01-06",..: 1 2 3 4 5 6 7 8 9 10 ...
 $ Race.IsPredictedRace             : logi  TRUE TRUE TRUE TRUE TRUE TRUE ...
 $ Race.IsAnalyzeNormalPastAndFuture: logi  TRUE TRUE TRUE TRUE TRUE TRUE ...
 $ Race.IsAnalyzeNormalPast         : logi  TRUE TRUE TRUE TRUE TRUE TRUE ...
 $ Race.IsAnalyzeNormalFuture       : logi  FALSE FALSE FALSE FALSE FALSE FALSE ...
 $ Race.IsAnalyzeFullPastAndFuture  : logi  TRUE TRUE TRUE TRUE TRUE TRUE ...
 $ Race.IsAnalyzeFullPast           : logi  TRUE TRUE TRUE TRUE TRUE TRUE ...
 $ Race.IsAnalyzeFullFuture         : logi  FALSE FALSE FALSE FALSE FALSE FALSE ...
 $ Race.JyokenCd                    : Factor w/ 1 level "4": 1 1 1 1 1 1 1 1 1 1 ...
 $ Race.JyoType1Cd                  : Factor w/ 131 levels "2-05-2100-4-1",..: 1 2 3 4 5 6 5 7 2 8 ...
 $ Race.RaceType1Cd                 : Factor w/ 5 levels "2-4-X-2","2-4-X-1",..: 1 2 1 2 1 2 1 2 2 2 ...
 $ RaceHorse.RaceId                 : Factor w/ 2833 levels "20160423-05-02-01-06",..: 1 2 3 4 5 6 7 8 9 10 ...
 $ RaceHorse.KettoNum               : Factor w/ 7977 levels "2011101907","2011106588",..: 11 12 13 14 15 16 17 18 19 20 ...
 $ RaceHorse.IsHit1                 : num  1 0 0 0 1 0 1 0 0 0 ...
 $ RaceHorse.IsHit2                 : num  0 0 0 0 0 0 0 0 0 0 ...
 $ RaceHorse.IsHit3                 : num  0 0 0 0 0 0 0 0 0 0 ...
 $ RaceHorse.IsHit4                 : num  0 0 0 0 0 0 0 0 0 0 ...
 $ RaceHorse.IsHit5                 : num  0 1 1 0 0 0 0 0 0 0 ...
 $ RaceHorse.IsHit6                 : num  0 0 0 1 0 1 0 1 1 1 ...
 $ RaceHorse.IsValidRaceHorse       : logi  TRUE TRUE TRUE TRUE TRUE TRUE ...
 $ RaceHorse.TimeSdv                : num  0.995 1.033 0.819 0.498 0.885 ...
 $ RaceHorse.IsHitA                 : num  1 0 0 0 1 0 1 0 0 0 ...
 $ RaceHorse.IsHitB                 : num  1 0 0 0 1 0 1 0 0 0 ...
 $ RaceHorse.IsHitC                 : num  1 0 0 0 1 0 1 0 0 0 ...
 $ Jockey.TimeSdvByRaceAvg          : num  0.12008 0.36483 -0.12099 0.49252 -0.00908 ...
 $ Jockey.TimeSdvByRaceMin          : num  -2.77 -2.61 -2.91 -2.92 -2.65 ...
 $ Jockey.TimeSdvByRaceMax          : num  1.91 2.21 1.67 1.99 2.01 ...
 $ Jockey.TimeSdvAvg                : num  0.0519 0.2433 -0.1389 0.4129 -0.0491 ...
 $ Jockey.TimeSdvMin                : num  -4.06 -3.95 -5.13 -3.55 -3.65 ...
 $ Jockey.TimeSdvMax                : num  1.95 2.61 1.96 2.27 1.9 ...
 $ Jockey.OrderOfFinishSdvAvg       : num  0.1339 0.4038 -0.2019 0.5222 0.0244 ...
 $ Jockey.RunCount                  : num  169 359 126 378 273 121 304 301 136 381 ...
 $ Jockey.HitCount1                 : num  11 46 9 51 11 3 26 11 9 22 ...
 $ Jockey.HitCount2                 : num  18 38 8 50 20 5 24 17 7 30 ...
 $ Jockey.HitCount3                 : num  18 41 9 43 21 8 15 20 9 27 ...
 $ Jockey.HitCount4                 : num  15 39 5 36 32 5 28 16 6 29 ...
 $ Jockey.HitCount5                 : num  23 30 7 35 20 5 33 21 4 28 ...
 $ Jockey.HitRate1                  : num  0.0651 0.1281 0.0714 0.1349 0.0403 ...
 $ Jockey.HitRate2                  : num  0.1065 0.1058 0.0635 0.1323 0.0733 ...
 $ Jockey.HitRate3                  : num  0.1065 0.1142 0.0714 0.1138 0.0769 ...
 $ Jockey.HitRate4                  : num  0.0888 0.1086 0.0397 0.0952 0.1172 ...
 $ Jockey.HitRate5                  : num  0.1361 0.0836 0.0556 0.0926 0.0733 ...
 $ EOF                              : int  1 1 1 1 1 1 1 1 1 1 ...
 - attr(*, "na.action")= 'omit' Named int  177 226 673 879 983 1241 1309 1450 1705 1710 ...
  ..- attr(*, "names")= chr  "177" "226" "673" "879" ...
[1] "2022-02-25 20:58:42 --- na.omit Finish ---"
[1] "2022-02-25 20:58:42 --- rxGlm with rxStepControl Start ---"

> print(paste0(Sys.time(), " --- source_logic_glm.R Start ---"))
[1] "2022-02-25 20:58:42 --- source_logic_glm.R Start ---"

> formula <- formula(RaceHorse.IsHitA ~ +1 + Jockey.TimeSdvAvg)

> print(paste0(Sys.time(), " --- source_logic_glm.R Finished ---"))
[1] "2022-02-25 20:58:42 --- source_logic_glm.R Finished ---"
Rows Read: 39264, Total Rows Processed: 39264, Total Chunk Time: 0.001 seconds 

Starting values (iteration 1) time: 0.009 secs.
Rows Read: 39264, Total Rows Processed: 39264, Total Chunk Time: 0.003 seconds 

Iteration 2 time: 0.006 secs.
Rows Read: 39264, Total Rows Processed: 39264, Total Chunk Time: 0.003 seconds 

Iteration 3 time: 0.005 secs.
Rows Read: 39264, Total Rows Processed: 39264, Total Chunk Time: 0.003 seconds 

Iteration 4 time: 0.005 secs.
Rows Read: 39264, Total Rows Processed: 39264, Total Chunk Time: 0.003 seconds 

Iteration 5 time: 0.005 secs.

Elapsed computation time: 0.046 secs.
Rows Read: 39264, Total Rows Processed: 39264, Total Chunk Time: 0.001 seconds 

Starting values (iteration 1) time: 0.007 secs.
Rows Read: 39264, Total Rows Processed: 39264, Total Chunk Time: Less than .001 seconds 

Iteration 2 time: 0.005 secs.

Elapsed computation time: 0.021 secs.
Rows Read: 39264, Total Rows Processed: 39264, Total Chunk Time: Less than .001 seconds 

Starting values (iteration 1) time: 0.006 secs.
Rows Read: 39264, Total Rows Processed: 39264, Total Chunk Time: 0.002 seconds 

Iteration 2 time: 0.006 secs.
Rows Read: 39264, Total Rows Processed: 39264, Total Chunk Time: 0.002 seconds 

Iteration 3 time: 0.004 secs.
Rows Read: 39264, Total Rows Processed: 39264, Total Chunk Time: 0.002 seconds 

Iteration 4 time: 0.004 secs.
Rows Read: 39264, Total Rows Processed: 39264, Total Chunk Time: 0.003 seconds 

Iteration 5 time: 0.004 secs.

Elapsed computation time: 0.044 secs.

Elapsed computation time: 0.128 secs.
[1] "--------------------------------------------------------------------------------"
[1] "analyze.results.glm.step="
Logistic Regression Results for: RaceHorse.IsHitA ~ Jockey.TimeSdvAvg
Data: data
Dependent variable(s): RaceHorse.IsHitA
Total independent variables: 2 
Number of valid observations: 39264
Number of missing observations: 0 
 
Coefficients:
                  RaceHorse.IsHitA
(Intercept)                     -3
Jockey.TimeSdvAvg                2
[1] "analyze.results.glm.step.summary"
Call:
rxLogit(formula = formula, data = data, variableSelection = analyze.results.glm.step.varsel)

Logistic Regression Results for: RaceHorse.IsHitA ~ Jockey.TimeSdvAvg
Data: data
Dependent variable(s): RaceHorse.IsHitA
Total independent variables: 2 
Number of valid observations: 39264
Number of missing observations: 0 
-2*LogLikelihood: 19869.046 (Residual deviance on 39262 degrees of freedom)
 
Coefficients:
                  Estimate Std. Error z value Pr(>|z|)    
(Intercept)        -2.7319     0.0228  -119.6  2.2e-16 ***
Jockey.TimeSdvAvg   1.5875     0.0783    20.3  2.2e-16 ***
---
Signif. codes:  0 '***' 0.001 '**' 0.01 '*' 0.05 '.' 0.1 ' ' 1

Condition number of final variance-covariance matrix: 1 
Number of iterations: 5
[1] "--------------------------------------------------------------------------------"
[1] "2022-02-25 20:58:42 --- rxGlm with rxStepControl Finish ---"
[1] "2022-02-25 20:58:42 --- rxStepPlot Start ---"
[1] "pdfFilename=pdf_analyze_glm_Jockey_Type24_rxStepPlot.pdf"
[1] "rxStepPlot="
[1] "2022-02-25 20:58:42 --- rxStepPlot Finish ---"
[1] "2022-02-25 20:58:42 --- save.image Start ---"
[1] "save.image"
[1] "rdataFilename=RData_analyze_glm_Jockey_Type24.RData"
[1] "2022-02-25 20:58:43 --- save.image Finish ---"
[1] "2022-02-25 20:58:43 --- final Start ---"
[1] "--------------------------------------------------------------------------------"
[1] "nrow(data) final=39264"
[1] "--------------------------------------------------------------------------------"
[1] "2022-02-25 20:58:43 --- final Finish ---"
[1] "2022-02-25 20:58:43 --- analyze_glm.R Finished ---"
[1] "2022-02-25 20:58:43 --- log Finish ---"
