[1] "2022-02-25 20:21:17 --- D1115_analyze_glm_DataMiningTaisen_IsHitA_Type25 Start ---"
[1] "2022-02-25 20:21:17 --- Log Start ---"
[1] "2022-02-25 20:21:17 --- analyze_glm.R Start ---"
[1] "analyzeVersion=D1115"
[1] "analyzeCategory=analyze"
[1] "analyzeType=DataMiningTaisen"
[1] "analyzeFamily=IsHitA"
[1] "analyzeFunc=glm"
[1] "analyzeTrackTypeCd=2"
[1] "analyzeJyokenCd=5"
[1] "2022-02-25 20:21:17 --- source_function.R Start ---"
[1] "2022-02-25 20:21:17 --- source_function.R Finished ---"

> print(paste0(Sys.time(), " --- source_library.R Start ---"))
[1] "2022-02-25 20:21:17 --- source_library.R Start ---"

> require("RevoScaleR")

> print(paste0(Sys.time(), " --- source_library.R Finished ---"))
[1] "2022-02-25 20:21:23 --- source_library.R Finished ---"
[1] "2022-02-25 20:21:23 --- RxSqlServerData Start ---"
[1] "2022-02-25 20:21:23 --- RxInSqlServer Start ---"
[1] "2022-02-25 20:21:23 --- RxInSqlServer Finish ---"
[1] "2022-02-25 20:21:23 --- rxSetComputeContext Start ---"
[1] "2022-02-25 20:21:23 --- rxSetComputeContext Finish ---"
[1] "2022-02-25 20:21:23 --- RxSqlServerData Start ---"
[1] "sqlQuery=SELECT * FROM ViewAnalyzeD1115analyze01DataMiningTaisenType25"
[1] "2022-02-25 20:21:23 --- RxSqlServerData Finish ---"
[1] "2022-02-25 20:21:23 --- rxGetVarInfo Start ---"
[1] "2022-02-25 20:21:23 --- rxGetVarInfo Finish---"
[1] "2022-02-25 20:21:23 --- rxImport Start ---"
Rows Read: 48328, Total Rows Processed: 48328, Total Chunk Time: 0.964 seconds 
[1] "2022-02-25 20:21:43 --- rxImport Finish ---"
[1] "object.size(data) auto=8.5 Mb"
[1] "--------------------------------------------------------------------------------"
[1] "nrow(data) RxSqlServerData=48328"
[1] "--------------------------------------------------------------------------------"
[1] "str(data)="
'data.frame':	48328 obs. of  26 variables:
 $ Race.RaceId                      : Factor w/ 3266 levels "20160306-06-02-04-01",..: 2 2 2 2 2 2 2 2 2 2 ...
 $ Race.IsPredictedRace             : logi  TRUE TRUE TRUE TRUE TRUE TRUE ...
 $ Race.IsAnalyzeNormalPastAndFuture: logi  TRUE TRUE TRUE TRUE TRUE TRUE ...
 $ Race.IsAnalyzeNormalPast         : logi  TRUE TRUE TRUE TRUE TRUE TRUE ...
 $ Race.IsAnalyzeNormalFuture       : logi  FALSE FALSE FALSE FALSE FALSE FALSE ...
 $ Race.IsAnalyzeFullPastAndFuture  : logi  TRUE TRUE TRUE TRUE TRUE TRUE ...
 $ Race.IsAnalyzeFullPast           : logi  TRUE TRUE TRUE TRUE TRUE TRUE ...
 $ Race.IsAnalyzeFullFuture         : logi  FALSE FALSE FALSE FALSE FALSE FALSE ...
 $ Race.JyokenCd                    : Factor w/ 1 level "5": 1 1 1 1 1 1 1 1 1 1 ...
 $ Race.JyoType1Cd                  : Factor w/ 116 levels "2-06-1800-5-1",..: 2 2 2 2 2 2 2 2 2 2 ...
 $ Race.RaceType1Cd                 : Factor w/ 3 levels "2-5-X-2","2-5-X-1",..: 2 2 2 2 2 2 2 2 2 2 ...
 $ RaceHorse.RaceId                 : Factor w/ 3266 levels "20160306-06-02-04-01",..: 2 2 2 2 2 2 2 2 2 2 ...
 $ RaceHorse.KettoNum               : Factor w/ 16808 levels "2013100206","2013100502",..: 11 12 13 14 15 16 17 18 19 20 ...
 $ RaceHorse.IsHit1                 : num  0 0 1 0 0 0 0 0 0 0 ...
 $ RaceHorse.IsHit2                 : num  0 0 0 0 0 1 0 0 0 0 ...
 $ RaceHorse.IsHit3                 : num  0 0 0 0 0 0 1 0 0 0 ...
 $ RaceHorse.IsHit4                 : num  0 0 0 0 0 0 0 0 1 0 ...
 $ RaceHorse.IsHit5                 : num  0 1 0 0 0 0 0 0 0 0 ...
 $ RaceHorse.IsHit6                 : num  1 0 0 1 1 0 0 1 0 1 ...
 $ RaceHorse.IsValidRaceHorse       : logi  TRUE TRUE TRUE TRUE TRUE TRUE ...
 $ RaceHorse.TimeSdv                : num  -0.197 0.657 1.045 0.191 0.113 ...
 $ RaceHorse.IsHitA                 : num  0 0 1 0 0 0 0 0 0 0 ...
 $ RaceHorse.IsHitB                 : num  0 0 1 0 0 1 0 0 0 0 ...
 $ RaceHorse.IsHitC                 : num  0 0 1 0 0 1 1 0 0 0 ...
 $ DataMiningTaisen.TmScoreSdv      : num  -1.252 1.134 1.345 -0.836 -1.469 ...
 $ EOF                              : int  1 1 1 1 1 1 1 1 1 1 ...
[1] "2022-02-25 20:21:43 --- RxSqlServerData Finish ---"
[1] "2022-02-25 20:21:43 --- subset Start ---"
[1] "--------------------------------------------------------------------------------"
[1] "nrow(data) subset before=48328"
[1] "nrow(data) subset after =48328"
[1] "nrow(data) subset diff =0"
[1] "--------------------------------------------------------------------------------"
[1] "2022-02-25 20:21:43 --- subset Finish---"
[1] "2022-02-25 20:21:43 --- transform Start ---"
[1] "--------------------------------------------------------------------------------"
[1] "nrow(data) transform before=48328"
[1] "nrow(data) transform after=48328"
[1] "nrow(data) transform diff=0"
[1] "--------------------------------------------------------------------------------"
[1] "str(data)="
'data.frame':	48328 obs. of  26 variables:
 $ Race.RaceId                      : Factor w/ 3266 levels "20160306-06-02-04-01",..: 2 2 2 2 2 2 2 2 2 2 ...
 $ Race.IsPredictedRace             : logi  TRUE TRUE TRUE TRUE TRUE TRUE ...
 $ Race.IsAnalyzeNormalPastAndFuture: logi  TRUE TRUE TRUE TRUE TRUE TRUE ...
 $ Race.IsAnalyzeNormalPast         : logi  TRUE TRUE TRUE TRUE TRUE TRUE ...
 $ Race.IsAnalyzeNormalFuture       : logi  FALSE FALSE FALSE FALSE FALSE FALSE ...
 $ Race.IsAnalyzeFullPastAndFuture  : logi  TRUE TRUE TRUE TRUE TRUE TRUE ...
 $ Race.IsAnalyzeFullPast           : logi  TRUE TRUE TRUE TRUE TRUE TRUE ...
 $ Race.IsAnalyzeFullFuture         : logi  FALSE FALSE FALSE FALSE FALSE FALSE ...
 $ Race.JyokenCd                    : Factor w/ 1 level "5": 1 1 1 1 1 1 1 1 1 1 ...
 $ Race.JyoType1Cd                  : Factor w/ 116 levels "2-06-1800-5-1",..: 2 2 2 2 2 2 2 2 2 2 ...
 $ Race.RaceType1Cd                 : Factor w/ 3 levels "2-5-X-2","2-5-X-1",..: 2 2 2 2 2 2 2 2 2 2 ...
 $ RaceHorse.RaceId                 : Factor w/ 3266 levels "20160306-06-02-04-01",..: 2 2 2 2 2 2 2 2 2 2 ...
 $ RaceHorse.KettoNum               : Factor w/ 16808 levels "2013100206","2013100502",..: 11 12 13 14 15 16 17 18 19 20 ...
 $ RaceHorse.IsHit1                 : num  0 0 1 0 0 0 0 0 0 0 ...
 $ RaceHorse.IsHit2                 : num  0 0 0 0 0 1 0 0 0 0 ...
 $ RaceHorse.IsHit3                 : num  0 0 0 0 0 0 1 0 0 0 ...
 $ RaceHorse.IsHit4                 : num  0 0 0 0 0 0 0 0 1 0 ...
 $ RaceHorse.IsHit5                 : num  0 1 0 0 0 0 0 0 0 0 ...
 $ RaceHorse.IsHit6                 : num  1 0 0 1 1 0 0 1 0 1 ...
 $ RaceHorse.IsValidRaceHorse       : logi  TRUE TRUE TRUE TRUE TRUE TRUE ...
 $ RaceHorse.TimeSdv                : num  -0.197 0.657 1.045 0.191 0.113 ...
 $ RaceHorse.IsHitA                 : num  0 0 1 0 0 0 0 0 0 0 ...
 $ RaceHorse.IsHitB                 : num  0 0 1 0 0 1 0 0 0 0 ...
 $ RaceHorse.IsHitC                 : num  0 0 1 0 0 1 1 0 0 0 ...
 $ DataMiningTaisen.TmScoreSdv      : num  -1.252 1.134 1.345 -0.836 -1.469 ...
 $ EOF                              : int  1 1 1 1 1 1 1 1 1 1 ...
NULL
[1] "2022-02-25 20:21:43 --- transform Finish ---"
[1] "2022-02-25 20:21:43 --- na.omit Start ---"
[1] "--------------------------------------------------------------------------------"
[1] "nrow(data) na.omit before=48328"
[1] "nrow(data) na.omit after =47906"
[1] "nrow(data) na.omit diff =422"
[1] "--------------------------------------------------------------------------------"
'data.frame':	47906 obs. of  26 variables:
 $ Race.RaceId                      : Factor w/ 3266 levels "20160306-06-02-04-01",..: 2 2 2 2 2 2 2 2 2 2 ...
 $ Race.IsPredictedRace             : logi  TRUE TRUE TRUE TRUE TRUE TRUE ...
 $ Race.IsAnalyzeNormalPastAndFuture: logi  TRUE TRUE TRUE TRUE TRUE TRUE ...
 $ Race.IsAnalyzeNormalPast         : logi  TRUE TRUE TRUE TRUE TRUE TRUE ...
 $ Race.IsAnalyzeNormalFuture       : logi  FALSE FALSE FALSE FALSE FALSE FALSE ...
 $ Race.IsAnalyzeFullPastAndFuture  : logi  TRUE TRUE TRUE TRUE TRUE TRUE ...
 $ Race.IsAnalyzeFullPast           : logi  TRUE TRUE TRUE TRUE TRUE TRUE ...
 $ Race.IsAnalyzeFullFuture         : logi  FALSE FALSE FALSE FALSE FALSE FALSE ...
 $ Race.JyokenCd                    : Factor w/ 1 level "5": 1 1 1 1 1 1 1 1 1 1 ...
 $ Race.JyoType1Cd                  : Factor w/ 116 levels "2-06-1800-5-1",..: 2 2 2 2 2 2 2 2 2 2 ...
 $ Race.RaceType1Cd                 : Factor w/ 3 levels "2-5-X-2","2-5-X-1",..: 2 2 2 2 2 2 2 2 2 2 ...
 $ RaceHorse.RaceId                 : Factor w/ 3266 levels "20160306-06-02-04-01",..: 2 2 2 2 2 2 2 2 2 2 ...
 $ RaceHorse.KettoNum               : Factor w/ 16808 levels "2013100206","2013100502",..: 11 12 13 14 15 16 17 18 19 20 ...
 $ RaceHorse.IsHit1                 : num  0 0 1 0 0 0 0 0 0 0 ...
 $ RaceHorse.IsHit2                 : num  0 0 0 0 0 1 0 0 0 0 ...
 $ RaceHorse.IsHit3                 : num  0 0 0 0 0 0 1 0 0 0 ...
 $ RaceHorse.IsHit4                 : num  0 0 0 0 0 0 0 0 1 0 ...
 $ RaceHorse.IsHit5                 : num  0 1 0 0 0 0 0 0 0 0 ...
 $ RaceHorse.IsHit6                 : num  1 0 0 1 1 0 0 1 0 1 ...
 $ RaceHorse.IsValidRaceHorse       : logi  TRUE TRUE TRUE TRUE TRUE TRUE ...
 $ RaceHorse.TimeSdv                : num  -0.197 0.657 1.045 0.191 0.113 ...
 $ RaceHorse.IsHitA                 : num  0 0 1 0 0 0 0 0 0 0 ...
 $ RaceHorse.IsHitB                 : num  0 0 1 0 0 1 0 0 0 0 ...
 $ RaceHorse.IsHitC                 : num  0 0 1 0 0 1 1 0 0 0 ...
 $ DataMiningTaisen.TmScoreSdv      : num  -1.252 1.134 1.345 -0.836 -1.469 ...
 $ EOF                              : int  1 1 1 1 1 1 1 1 1 1 ...
 - attr(*, "na.action")= 'omit' Named int  74 163 299 342 531 568 652 691 957 1234 ...
  ..- attr(*, "names")= chr  "74" "163" "299" "342" ...
[1] "2022-02-25 20:21:44 --- na.omit Finish ---"
[1] "2022-02-25 20:21:44 --- rxGlm with rxStepControl Start ---"

> print(paste0(Sys.time(), " --- source_logic_glm.R Start ---"))
[1] "2022-02-25 20:21:44 --- source_logic_glm.R Start ---"

> formula <- formula(RaceHorse.IsHitA ~ +1 + DataMiningTaisen.TmScoreSdv)

> print(paste0(Sys.time(), " --- source_logic_glm.R Finished ---"))
[1] "2022-02-25 20:21:44 --- source_logic_glm.R Finished ---"
Rows Read: 47906, Total Rows Processed: 47906, Total Chunk Time: Less than .001 seconds 

Starting values (iteration 1) time: 0.013 secs.
Rows Read: 47906, Total Rows Processed: 47906, Total Chunk Time: 0.003 seconds 

Iteration 2 time: 0.008 secs.
Rows Read: 47906, Total Rows Processed: 47906, Total Chunk Time: 0.003 seconds 

Iteration 3 time: 0.005 secs.
Rows Read: 47906, Total Rows Processed: 47906, Total Chunk Time: 0.003 seconds 

Iteration 4 time: 0.005 secs.
Rows Read: 47906, Total Rows Processed: 47906, Total Chunk Time: 0.003 seconds 

Iteration 5 time: 0.007 secs.
Rows Read: 47906, Total Rows Processed: 47906, Total Chunk Time: 0.003 seconds 

Iteration 6 time: 0.006 secs.

Elapsed computation time: 0.086 secs.
Rows Read: 47906, Total Rows Processed: 47906, Total Chunk Time: 0.001 seconds 

Starting values (iteration 1) time: 0.010 secs.
Rows Read: 47906, Total Rows Processed: 47906, Total Chunk Time: 0.002 seconds 

Iteration 2 time: 0.011 secs.

Elapsed computation time: 0.031 secs.
Rows Read: 47906, Total Rows Processed: 47906, Total Chunk Time: Less than .001 seconds 

Starting values (iteration 1) time: 0.010 secs.
Rows Read: 47906, Total Rows Processed: 47906, Total Chunk Time: 0.003 seconds 

Iteration 2 time: 0.008 secs.
Rows Read: 47906, Total Rows Processed: 47906, Total Chunk Time: 0.004 seconds 

Iteration 3 time: 0.005 secs.
Rows Read: 47906, Total Rows Processed: 47906, Total Chunk Time: 0.003 seconds 

Iteration 4 time: 0.005 secs.
Rows Read: 47906, Total Rows Processed: 47906, Total Chunk Time: 0.003 seconds 

Iteration 5 time: 0.004 secs.
Rows Read: 47906, Total Rows Processed: 47906, Total Chunk Time: 0.003 seconds 

Iteration 6 time: 0.005 secs.

Elapsed computation time: 0.068 secs.

Elapsed computation time: 0.210 secs.
[1] "--------------------------------------------------------------------------------"
[1] "analyze.results.glm.step="
Logistic Regression Results for: RaceHorse.IsHitA ~
    DataMiningTaisen.TmScoreSdv
Data: data
Dependent variable(s): RaceHorse.IsHitA
Total independent variables: 2 
Number of valid observations: 47906
Number of missing observations: 0 
 
Coefficients:
                            RaceHorse.IsHitA
(Intercept)                               -3
DataMiningTaisen.TmScoreSdv                1
[1] "analyze.results.glm.step.summary"
Call:
rxLogit(formula = formula, data = data, variableSelection = analyze.results.glm.step.varsel)

Logistic Regression Results for: RaceHorse.IsHitA ~
    DataMiningTaisen.TmScoreSdv
Data: data
Dependent variable(s): RaceHorse.IsHitA
Total independent variables: 2 
Number of valid observations: 47906
Number of missing observations: 0 
-2*LogLikelihood: 20330.199 (Residual deviance on 47904 degrees of freedom)
 
Coefficients:
                            Estimate Std. Error z value Pr(>|z|)    
(Intercept)                  -3.2789     0.0301  -108.9  2.2e-16 ***
DataMiningTaisen.TmScoreSdv   1.3461     0.0270    49.8  2.2e-16 ***
---
Signif. codes:  0 '***' 0.001 '**' 0.01 '*' 0.05 '.' 0.1 ' ' 1

Condition number of final variance-covariance matrix: 1 
Number of iterations: 6
[1] "--------------------------------------------------------------------------------"
[1] "2022-02-25 20:21:44 --- rxGlm with rxStepControl Finish ---"
[1] "2022-02-25 20:21:44 --- rxStepPlot Start ---"
[1] "pdfFilename=pdf_analyze_glm_DataMiningTaisen_Type25_rxStepPlot.pdf"
[1] "rxStepPlot="
[1] "2022-02-25 20:21:44 --- rxStepPlot Finish ---"
[1] "2022-02-25 20:21:44 --- save.image Start ---"
[1] "save.image"
[1] "rdataFilename=RData_analyze_glm_DataMiningTaisen_Type25.RData"
[1] "2022-02-25 20:21:44 --- save.image Finish ---"
[1] "2022-02-25 20:21:44 --- final Start ---"
[1] "--------------------------------------------------------------------------------"
[1] "nrow(data) final=47906"
[1] "--------------------------------------------------------------------------------"
[1] "2022-02-25 20:21:44 --- final Finish ---"
[1] "2022-02-25 20:21:44 --- analyze_glm.R Finished ---"
[1] "2022-02-25 20:21:44 --- log Finish ---"
