[1] "2022-02-25 20:57:32 --- D1115_analyze_glm_Jockey_IsHitA_Type14 Start ---"
[1] "2022-02-25 20:57:32 --- Log Start ---"
[1] "2022-02-25 20:57:32 --- analyze_glm.R Start ---"
[1] "analyzeVersion=D1115"
[1] "analyzeCategory=analyze"
[1] "analyzeType=Jockey"
[1] "analyzeFamily=IsHitA"
[1] "analyzeFunc=glm"
[1] "analyzeTrackTypeCd=1"
[1] "analyzeJyokenCd=4"
[1] "2022-02-25 20:57:32 --- source_function.R Start ---"
[1] "2022-02-25 20:57:32 --- source_function.R Finished ---"

> print(paste0(Sys.time(), " --- source_library.R Start ---"))
[1] "2022-02-25 20:57:32 --- source_library.R Start ---"

> require("RevoScaleR")

> print(paste0(Sys.time(), " --- source_library.R Finished ---"))
[1] "2022-02-25 20:57:32 --- source_library.R Finished ---"
[1] "2022-02-25 20:57:32 --- RxSqlServerData Start ---"
[1] "2022-02-25 20:57:32 --- RxInSqlServer Start ---"
[1] "2022-02-25 20:57:33 --- RxInSqlServer Finish ---"
[1] "2022-02-25 20:57:33 --- rxSetComputeContext Start ---"
[1] "2022-02-25 20:57:33 --- rxSetComputeContext Finish ---"
[1] "2022-02-25 20:57:33 --- RxSqlServerData Start ---"
[1] "sqlQuery=SELECT * FROM ViewAnalyzeD1115analyze01JockeyType14"
[1] "2022-02-25 20:57:33 --- RxSqlServerData Finish ---"
[1] "2022-02-25 20:57:33 --- rxGetVarInfo Start ---"
[1] "2022-02-25 20:57:33 --- rxGetVarInfo Finish---"
[1] "2022-02-25 20:57:33 --- rxImport Start ---"
Rows Read: 30224, Total Rows Processed: 30224, Total Chunk Time: 10.057 seconds 
[1] "2022-02-25 20:58:01 --- rxImport Finish ---"
[1] "object.size(data) auto=9.1 Mb"
[1] "--------------------------------------------------------------------------------"
[1] "nrow(data) RxSqlServerData=30224"
[1] "--------------------------------------------------------------------------------"
[1] "str(data)="
'data.frame':	30224 obs. of  43 variables:
 $ Race.RaceId                      : Factor w/ 2247 levels "20160806-10-02-03-08",..: 11 12 13 14 15 16 17 18 19 20 ...
 $ Race.IsPredictedRace             : logi  TRUE TRUE TRUE TRUE TRUE TRUE ...
 $ Race.IsAnalyzeNormalPastAndFuture: logi  TRUE TRUE TRUE TRUE TRUE TRUE ...
 $ Race.IsAnalyzeNormalPast         : logi  TRUE TRUE TRUE TRUE TRUE TRUE ...
 $ Race.IsAnalyzeNormalFuture       : logi  FALSE FALSE FALSE FALSE FALSE FALSE ...
 $ Race.IsAnalyzeFullPastAndFuture  : logi  TRUE TRUE TRUE TRUE TRUE TRUE ...
 $ Race.IsAnalyzeFullPast           : logi  TRUE TRUE TRUE TRUE TRUE TRUE ...
 $ Race.IsAnalyzeFullFuture         : logi  FALSE FALSE FALSE FALSE FALSE FALSE ...
 $ Race.JyokenCd                    : Factor w/ 1 level "4": 1 1 1 1 1 1 1 1 1 1 ...
 $ Race.JyoType1Cd                  : Factor w/ 177 levels "1-10-1200-4-1",..: 9 10 11 12 13 11 14 15 16 17 ...
 $ Race.RaceType1Cd                 : Factor w/ 6 levels "1-4-X-1","1-4-E-2",..: 3 5 5 3 1 1 2 3 1 5 ...
 $ RaceHorse.RaceId                 : Factor w/ 2247 levels "20160806-10-02-03-08",..: 11 12 13 14 15 16 17 18 19 20 ...
 $ RaceHorse.KettoNum               : Factor w/ 6886 levels "2013104881","2013105283",..: 11 12 13 14 15 16 17 18 19 20 ...
 $ RaceHorse.IsHit1                 : num  1 0 0 0 0 0 0 0 0 0 ...
 $ RaceHorse.IsHit2                 : num  0 0 0 0 0 0 0 1 0 0 ...
 $ RaceHorse.IsHit3                 : num  0 0 0 0 1 0 1 0 0 0 ...
 $ RaceHorse.IsHit4                 : num  0 0 1 0 0 0 0 0 0 0 ...
 $ RaceHorse.IsHit5                 : num  0 0 0 0 0 0 0 0 0 0 ...
 $ RaceHorse.IsHit6                 : num  0 1 0 1 0 1 0 0 1 1 ...
 $ RaceHorse.IsValidRaceHorse       : logi  TRUE TRUE TRUE TRUE TRUE TRUE ...
 $ RaceHorse.TimeSdv                : num  1.6892 0.3589 0.9265 0.0689 1.0724 ...
 $ RaceHorse.IsHitA                 : num  1 0 0 0 0 0 0 0 0 0 ...
 $ RaceHorse.IsHitB                 : num  1 0 0 0 0 0 0 1 0 0 ...
 $ RaceHorse.IsHitC                 : num  1 0 0 0 1 0 1 1 0 0 ...
 $ Jockey.TimeSdvByRaceAvg          : num  0.0871 -0.2315 -0.0167 0.0202 0.0428 ...
 $ Jockey.TimeSdvByRaceMin          : num  -2.86 -2.4 -2.66 -1.82 -2.96 ...
 $ Jockey.TimeSdvByRaceMax          : num  2.05 1.25 2.01 1.15 2.09 ...
 $ Jockey.TimeSdvAvg                : num  -0.0156 -0.2733 0.1852 0.2582 0.0966 ...
 $ Jockey.TimeSdvMin                : num  -3 -3.77 -1.96 -1.45 -3.37 ...
 $ Jockey.TimeSdvMax                : num  2.12 1.52 1.75 1.3 2 ...
 $ Jockey.OrderOfFinishSdvAvg       : num  0.05809 -0.31273 0.00276 -0.07081 0.03836 ...
 $ Jockey.RunCount                  : num  118 51 43 29 199 9 86 107 189 124 ...
 $ Jockey.HitCount1                 : num  7 1 5 0 13 0 10 8 8 12 ...
 $ Jockey.HitCount2                 : num  8 0 4 3 15 0 8 10 8 9 ...
 $ Jockey.HitCount3                 : num  15 1 0 1 11 1 9 6 8 11 ...
 $ Jockey.HitCount4                 : num  8 0 0 2 17 0 3 9 15 6 ...
 $ Jockey.HitCount5                 : num  7 5 3 2 13 1 7 9 13 7 ...
 $ Jockey.HitRate1                  : num  0.0593 0.0196 0.1163 0 0.0653 ...
 $ Jockey.HitRate2                  : num  0.0678 0 0.093 0.1034 0.0754 ...
 $ Jockey.HitRate3                  : num  0.1271 0.0196 0 0.0345 0.0553 ...
 $ Jockey.HitRate4                  : num  0.0678 0 0 0.069 0.0854 ...
 $ Jockey.HitRate5                  : num  0.0593 0.098 0.0698 0.069 0.0653 ...
 $ EOF                              : int  1 1 1 1 1 1 1 1 1 1 ...
[1] "2022-02-25 20:58:01 --- RxSqlServerData Finish ---"
[1] "2022-02-25 20:58:01 --- subset Start ---"
[1] "--------------------------------------------------------------------------------"
[1] "nrow(data) subset before=30224"
[1] "nrow(data) subset after =30224"
[1] "nrow(data) subset diff =0"
[1] "--------------------------------------------------------------------------------"
[1] "2022-02-25 20:58:01 --- subset Finish---"
[1] "2022-02-25 20:58:01 --- transform Start ---"
[1] "--------------------------------------------------------------------------------"
[1] "nrow(data) transform before=30224"
[1] "nrow(data) transform after=30224"
[1] "nrow(data) transform diff=0"
[1] "--------------------------------------------------------------------------------"
[1] "str(data)="
'data.frame':	30224 obs. of  43 variables:
 $ Race.RaceId                      : Factor w/ 2247 levels "20160806-10-02-03-08",..: 11 12 13 14 15 16 17 18 19 20 ...
 $ Race.IsPredictedRace             : logi  TRUE TRUE TRUE TRUE TRUE TRUE ...
 $ Race.IsAnalyzeNormalPastAndFuture: logi  TRUE TRUE TRUE TRUE TRUE TRUE ...
 $ Race.IsAnalyzeNormalPast         : logi  TRUE TRUE TRUE TRUE TRUE TRUE ...
 $ Race.IsAnalyzeNormalFuture       : logi  FALSE FALSE FALSE FALSE FALSE FALSE ...
 $ Race.IsAnalyzeFullPastAndFuture  : logi  TRUE TRUE TRUE TRUE TRUE TRUE ...
 $ Race.IsAnalyzeFullPast           : logi  TRUE TRUE TRUE TRUE TRUE TRUE ...
 $ Race.IsAnalyzeFullFuture         : logi  FALSE FALSE FALSE FALSE FALSE FALSE ...
 $ Race.JyokenCd                    : Factor w/ 1 level "4": 1 1 1 1 1 1 1 1 1 1 ...
 $ Race.JyoType1Cd                  : Factor w/ 177 levels "1-10-1200-4-1",..: 9 10 11 12 13 11 14 15 16 17 ...
 $ Race.RaceType1Cd                 : Factor w/ 6 levels "1-4-X-1","1-4-E-2",..: 3 5 5 3 1 1 2 3 1 5 ...
 $ RaceHorse.RaceId                 : Factor w/ 2247 levels "20160806-10-02-03-08",..: 11 12 13 14 15 16 17 18 19 20 ...
 $ RaceHorse.KettoNum               : Factor w/ 6886 levels "2013104881","2013105283",..: 11 12 13 14 15 16 17 18 19 20 ...
 $ RaceHorse.IsHit1                 : num  1 0 0 0 0 0 0 0 0 0 ...
 $ RaceHorse.IsHit2                 : num  0 0 0 0 0 0 0 1 0 0 ...
 $ RaceHorse.IsHit3                 : num  0 0 0 0 1 0 1 0 0 0 ...
 $ RaceHorse.IsHit4                 : num  0 0 1 0 0 0 0 0 0 0 ...
 $ RaceHorse.IsHit5                 : num  0 0 0 0 0 0 0 0 0 0 ...
 $ RaceHorse.IsHit6                 : num  0 1 0 1 0 1 0 0 1 1 ...
 $ RaceHorse.IsValidRaceHorse       : logi  TRUE TRUE TRUE TRUE TRUE TRUE ...
 $ RaceHorse.TimeSdv                : num  1.6892 0.3589 0.9265 0.0689 1.0724 ...
 $ RaceHorse.IsHitA                 : num  1 0 0 0 0 0 0 0 0 0 ...
 $ RaceHorse.IsHitB                 : num  1 0 0 0 0 0 0 1 0 0 ...
 $ RaceHorse.IsHitC                 : num  1 0 0 0 1 0 1 1 0 0 ...
 $ Jockey.TimeSdvByRaceAvg          : num  0.0871 -0.2315 -0.0167 0.0202 0.0428 ...
 $ Jockey.TimeSdvByRaceMin          : num  -2.86 -2.4 -2.66 -1.82 -2.96 ...
 $ Jockey.TimeSdvByRaceMax          : num  2.05 1.25 2.01 1.15 2.09 ...
 $ Jockey.TimeSdvAvg                : num  -0.0156 -0.2733 0.1852 0.2582 0.0966 ...
 $ Jockey.TimeSdvMin                : num  -3 -3.77 -1.96 -1.45 -3.37 ...
 $ Jockey.TimeSdvMax                : num  2.12 1.52 1.75 1.3 2 ...
 $ Jockey.OrderOfFinishSdvAvg       : num  0.05809 -0.31273 0.00276 -0.07081 0.03836 ...
 $ Jockey.RunCount                  : num  118 51 43 29 199 9 86 107 189 124 ...
 $ Jockey.HitCount1                 : num  7 1 5 0 13 0 10 8 8 12 ...
 $ Jockey.HitCount2                 : num  8 0 4 3 15 0 8 10 8 9 ...
 $ Jockey.HitCount3                 : num  15 1 0 1 11 1 9 6 8 11 ...
 $ Jockey.HitCount4                 : num  8 0 0 2 17 0 3 9 15 6 ...
 $ Jockey.HitCount5                 : num  7 5 3 2 13 1 7 9 13 7 ...
 $ Jockey.HitRate1                  : num  0.0593 0.0196 0.1163 0 0.0653 ...
 $ Jockey.HitRate2                  : num  0.0678 0 0.093 0.1034 0.0754 ...
 $ Jockey.HitRate3                  : num  0.1271 0.0196 0 0.0345 0.0553 ...
 $ Jockey.HitRate4                  : num  0.0678 0 0 0.069 0.0854 ...
 $ Jockey.HitRate5                  : num  0.0593 0.098 0.0698 0.069 0.0653 ...
 $ EOF                              : int  1 1 1 1 1 1 1 1 1 1 ...
NULL
[1] "2022-02-25 20:58:02 --- transform Finish ---"
[1] "2022-02-25 20:58:02 --- na.omit Start ---"
[1] "--------------------------------------------------------------------------------"
[1] "nrow(data) na.omit before=30224"
[1] "nrow(data) na.omit after =30062"
[1] "nrow(data) na.omit diff =162"
[1] "--------------------------------------------------------------------------------"
'data.frame':	30062 obs. of  43 variables:
 $ Race.RaceId                      : Factor w/ 2247 levels "20160806-10-02-03-08",..: 11 12 13 14 15 16 17 18 19 20 ...
 $ Race.IsPredictedRace             : logi  TRUE TRUE TRUE TRUE TRUE TRUE ...
 $ Race.IsAnalyzeNormalPastAndFuture: logi  TRUE TRUE TRUE TRUE TRUE TRUE ...
 $ Race.IsAnalyzeNormalPast         : logi  TRUE TRUE TRUE TRUE TRUE TRUE ...
 $ Race.IsAnalyzeNormalFuture       : logi  FALSE FALSE FALSE FALSE FALSE FALSE ...
 $ Race.IsAnalyzeFullPastAndFuture  : logi  TRUE TRUE TRUE TRUE TRUE TRUE ...
 $ Race.IsAnalyzeFullPast           : logi  TRUE TRUE TRUE TRUE TRUE TRUE ...
 $ Race.IsAnalyzeFullFuture         : logi  FALSE FALSE FALSE FALSE FALSE FALSE ...
 $ Race.JyokenCd                    : Factor w/ 1 level "4": 1 1 1 1 1 1 1 1 1 1 ...
 $ Race.JyoType1Cd                  : Factor w/ 177 levels "1-10-1200-4-1",..: 9 10 11 12 13 11 14 15 16 17 ...
 $ Race.RaceType1Cd                 : Factor w/ 6 levels "1-4-X-1","1-4-E-2",..: 3 5 5 3 1 1 2 3 1 5 ...
 $ RaceHorse.RaceId                 : Factor w/ 2247 levels "20160806-10-02-03-08",..: 11 12 13 14 15 16 17 18 19 20 ...
 $ RaceHorse.KettoNum               : Factor w/ 6886 levels "2013104881","2013105283",..: 11 12 13 14 15 16 17 18 19 20 ...
 $ RaceHorse.IsHit1                 : num  1 0 0 0 0 0 0 0 0 0 ...
 $ RaceHorse.IsHit2                 : num  0 0 0 0 0 0 0 1 0 0 ...
 $ RaceHorse.IsHit3                 : num  0 0 0 0 1 0 1 0 0 0 ...
 $ RaceHorse.IsHit4                 : num  0 0 1 0 0 0 0 0 0 0 ...
 $ RaceHorse.IsHit5                 : num  0 0 0 0 0 0 0 0 0 0 ...
 $ RaceHorse.IsHit6                 : num  0 1 0 1 0 1 0 0 1 1 ...
 $ RaceHorse.IsValidRaceHorse       : logi  TRUE TRUE TRUE TRUE TRUE TRUE ...
 $ RaceHorse.TimeSdv                : num  1.6892 0.3589 0.9265 0.0689 1.0724 ...
 $ RaceHorse.IsHitA                 : num  1 0 0 0 0 0 0 0 0 0 ...
 $ RaceHorse.IsHitB                 : num  1 0 0 0 0 0 0 1 0 0 ...
 $ RaceHorse.IsHitC                 : num  1 0 0 0 1 0 1 1 0 0 ...
 $ Jockey.TimeSdvByRaceAvg          : num  0.0871 -0.2315 -0.0167 0.0202 0.0428 ...
 $ Jockey.TimeSdvByRaceMin          : num  -2.86 -2.4 -2.66 -1.82 -2.96 ...
 $ Jockey.TimeSdvByRaceMax          : num  2.05 1.25 2.01 1.15 2.09 ...
 $ Jockey.TimeSdvAvg                : num  -0.0156 -0.2733 0.1852 0.2582 0.0966 ...
 $ Jockey.TimeSdvMin                : num  -3 -3.77 -1.96 -1.45 -3.37 ...
 $ Jockey.TimeSdvMax                : num  2.12 1.52 1.75 1.3 2 ...
 $ Jockey.OrderOfFinishSdvAvg       : num  0.05809 -0.31273 0.00276 -0.07081 0.03836 ...
 $ Jockey.RunCount                  : num  118 51 43 29 199 9 86 107 189 124 ...
 $ Jockey.HitCount1                 : num  7 1 5 0 13 0 10 8 8 12 ...
 $ Jockey.HitCount2                 : num  8 0 4 3 15 0 8 10 8 9 ...
 $ Jockey.HitCount3                 : num  15 1 0 1 11 1 9 6 8 11 ...
 $ Jockey.HitCount4                 : num  8 0 0 2 17 0 3 9 15 6 ...
 $ Jockey.HitCount5                 : num  7 5 3 2 13 1 7 9 13 7 ...
 $ Jockey.HitRate1                  : num  0.0593 0.0196 0.1163 0 0.0653 ...
 $ Jockey.HitRate2                  : num  0.0678 0 0.093 0.1034 0.0754 ...
 $ Jockey.HitRate3                  : num  0.1271 0.0196 0 0.0345 0.0553 ...
 $ Jockey.HitRate4                  : num  0.0678 0 0 0.069 0.0854 ...
 $ Jockey.HitRate5                  : num  0.0593 0.098 0.0698 0.069 0.0653 ...
 $ EOF                              : int  1 1 1 1 1 1 1 1 1 1 ...
 - attr(*, "na.action")= 'omit' Named int  55 392 469 505 935 1379 1581 1925 2489 2491 ...
  ..- attr(*, "names")= chr  "55" "392" "469" "505" ...
[1] "2022-02-25 20:58:02 --- na.omit Finish ---"
[1] "2022-02-25 20:58:02 --- rxGlm with rxStepControl Start ---"

> print(paste0(Sys.time(), " --- source_logic_glm.R Start ---"))
[1] "2022-02-25 20:58:02 --- source_logic_glm.R Start ---"

> formula <- formula(RaceHorse.IsHitA ~ +1 + Jockey.TimeSdvAvg)

> print(paste0(Sys.time(), " --- source_logic_glm.R Finished ---"))
[1] "2022-02-25 20:58:02 --- source_logic_glm.R Finished ---"
Rows Read: 30062, Total Rows Processed: 30062, Total Chunk Time: 0.002 seconds 

Starting values (iteration 1) time: 0.010 secs.
Rows Read: 30062, Total Rows Processed: 30062, Total Chunk Time: 0.002 seconds 

Iteration 2 time: 0.006 secs.
Rows Read: 30062, Total Rows Processed: 30062, Total Chunk Time: 0.002 seconds 

Iteration 3 time: 0.004 secs.
Rows Read: 30062, Total Rows Processed: 30062, Total Chunk Time: 0.002 seconds 

Iteration 4 time: 0.004 secs.
Rows Read: 30062, Total Rows Processed: 30062, Total Chunk Time: 0.002 seconds 

Iteration 5 time: 0.004 secs.

Elapsed computation time: 0.040 secs.
Rows Read: 30062, Total Rows Processed: 30062, Total Chunk Time: Less than .001 seconds 

Starting values (iteration 1) time: 0.006 secs.
Rows Read: 30062, Total Rows Processed: 30062, Total Chunk Time: 0.002 seconds 

Iteration 2 time: 0.004 secs.

Elapsed computation time: 0.016 secs.
Rows Read: 30062, Total Rows Processed: 30062, Total Chunk Time: Less than .001 seconds 

Starting values (iteration 1) time: 0.006 secs.
Rows Read: 30062, Total Rows Processed: 30062, Total Chunk Time: 0.003 seconds 

Iteration 2 time: 0.007 secs.
Rows Read: 30062, Total Rows Processed: 30062, Total Chunk Time: 0.002 seconds 

Iteration 3 time: 0.004 secs.
Rows Read: 30062, Total Rows Processed: 30062, Total Chunk Time: 0.002 seconds 

Iteration 4 time: 0.005 secs.
Rows Read: 30062, Total Rows Processed: 30062, Total Chunk Time: 0.002 seconds 

Iteration 5 time: 0.004 secs.

Elapsed computation time: 0.040 secs.

Elapsed computation time: 0.108 secs.
[1] "--------------------------------------------------------------------------------"
[1] "analyze.results.glm.step="
Logistic Regression Results for: RaceHorse.IsHitA ~ Jockey.TimeSdvAvg
Data: data
Dependent variable(s): RaceHorse.IsHitA
Total independent variables: 2 
Number of valid observations: 30062
Number of missing observations: 0 
 
Coefficients:
                  RaceHorse.IsHitA
(Intercept)                     -3
Jockey.TimeSdvAvg                2
[1] "analyze.results.glm.step.summary"
Call:
rxLogit(formula = formula, data = data, variableSelection = analyze.results.glm.step.varsel)

Logistic Regression Results for: RaceHorse.IsHitA ~ Jockey.TimeSdvAvg
Data: data
Dependent variable(s): RaceHorse.IsHitA
Total independent variables: 2 
Number of valid observations: 30062
Number of missing observations: 0 
-2*LogLikelihood: 15572.144 (Residual deviance on 30060 degrees of freedom)
 
Coefficients:
                  Estimate Std. Error z value Pr(>|z|)    
(Intercept)        -2.7135     0.0263    -103  2.2e-16 ***
Jockey.TimeSdvAvg   1.5403     0.0856      18  2.2e-16 ***
---
Signif. codes:  0 '***' 0.001 '**' 0.01 '*' 0.05 '.' 0.1 ' ' 1

Condition number of final variance-covariance matrix: 1 
Number of iterations: 5
[1] "--------------------------------------------------------------------------------"
[1] "2022-02-25 20:58:02 --- rxGlm with rxStepControl Finish ---"
[1] "2022-02-25 20:58:02 --- rxStepPlot Start ---"
[1] "pdfFilename=pdf_analyze_glm_Jockey_Type14_rxStepPlot.pdf"
[1] "rxStepPlot="
[1] "2022-02-25 20:58:02 --- rxStepPlot Finish ---"
[1] "2022-02-25 20:58:02 --- save.image Start ---"
[1] "save.image"
[1] "rdataFilename=RData_analyze_glm_Jockey_Type14.RData"
[1] "2022-02-25 20:58:02 --- save.image Finish ---"
[1] "2022-02-25 20:58:02 --- final Start ---"
[1] "--------------------------------------------------------------------------------"
[1] "nrow(data) final=30062"
[1] "--------------------------------------------------------------------------------"
[1] "2022-02-25 20:58:03 --- final Finish ---"
[1] "2022-02-25 20:58:03 --- analyze_glm.R Finished ---"
[1] "2022-02-25 20:58:03 --- log Finish ---"
