[1] "2022-02-25 20:21:17 --- D1115_analyze_glm_DataMiningTaisen_IsHitA_Type24 Start ---"
[1] "2022-02-25 20:21:17 --- Log Start ---"
[1] "2022-02-25 20:21:17 --- analyze_glm.R Start ---"
[1] "analyzeVersion=D1115"
[1] "analyzeCategory=analyze"
[1] "analyzeType=DataMiningTaisen"
[1] "analyzeFamily=IsHitA"
[1] "analyzeFunc=glm"
[1] "analyzeTrackTypeCd=2"
[1] "analyzeJyokenCd=4"
[1] "2022-02-25 20:21:17 --- source_function.R Start ---"
[1] "2022-02-25 20:21:17 --- source_function.R Finished ---"

> print(paste0(Sys.time(), " --- source_library.R Start ---"))
[1] "2022-02-25 20:21:17 --- source_library.R Start ---"

> require("RevoScaleR")

> print(paste0(Sys.time(), " --- source_library.R Finished ---"))
[1] "2022-02-25 20:21:22 --- source_library.R Finished ---"
[1] "2022-02-25 20:21:22 --- RxSqlServerData Start ---"
[1] "2022-02-25 20:21:22 --- RxInSqlServer Start ---"
[1] "2022-02-25 20:21:22 --- RxInSqlServer Finish ---"
[1] "2022-02-25 20:21:22 --- rxSetComputeContext Start ---"
[1] "2022-02-25 20:21:22 --- rxSetComputeContext Finish ---"
[1] "2022-02-25 20:21:22 --- RxSqlServerData Start ---"
[1] "sqlQuery=SELECT * FROM ViewAnalyzeD1115analyze01DataMiningTaisenType24"
[1] "2022-02-25 20:21:22 --- RxSqlServerData Finish ---"
[1] "2022-02-25 20:21:22 --- rxGetVarInfo Start ---"
[1] "2022-02-25 20:21:22 --- rxGetVarInfo Finish---"
[1] "2022-02-25 20:21:22 --- rxImport Start ---"
Rows Read: 39770, Total Rows Processed: 39770, Total Chunk Time: 0.634 seconds 
[1] "2022-02-25 20:21:24 --- rxImport Finish ---"
[1] "object.size(data) auto=6.7 Mb"
[1] "--------------------------------------------------------------------------------"
[1] "nrow(data) RxSqlServerData=39770"
[1] "--------------------------------------------------------------------------------"
[1] "str(data)="
'data.frame':	39770 obs. of  26 variables:
 $ Race.RaceId                      : Factor w/ 2833 levels "20160105-06-01-01-03",..: 2 2 2 2 2 2 2 2 2 2 ...
 $ Race.IsPredictedRace             : logi  TRUE TRUE TRUE TRUE TRUE TRUE ...
 $ Race.IsAnalyzeNormalPastAndFuture: logi  TRUE TRUE TRUE TRUE TRUE TRUE ...
 $ Race.IsAnalyzeNormalPast         : logi  TRUE TRUE TRUE TRUE TRUE TRUE ...
 $ Race.IsAnalyzeNormalFuture       : logi  FALSE FALSE FALSE FALSE FALSE FALSE ...
 $ Race.IsAnalyzeFullPastAndFuture  : logi  TRUE TRUE TRUE TRUE TRUE TRUE ...
 $ Race.IsAnalyzeFullPast           : logi  TRUE TRUE TRUE TRUE TRUE TRUE ...
 $ Race.IsAnalyzeFullFuture         : logi  FALSE FALSE FALSE FALSE FALSE FALSE ...
 $ Race.JyokenCd                    : Factor w/ 1 level "4": 1 1 1 1 1 1 1 1 1 1 ...
 $ Race.JyoType1Cd                  : Factor w/ 131 levels "2-06-1200-4-1",..: 2 2 2 2 2 2 2 2 2 2 ...
 $ Race.RaceType1Cd                 : Factor w/ 5 levels "2-4-X-1","2-4-X-2",..: 2 2 2 2 2 2 2 2 2 2 ...
 $ RaceHorse.RaceId                 : Factor w/ 2833 levels "20160105-06-01-01-03",..: 2 2 2 2 2 2 2 2 2 2 ...
 $ RaceHorse.KettoNum               : Factor w/ 8000 levels "2011101394","2011101687",..: 11 12 13 14 15 16 17 18 19 20 ...
 $ RaceHorse.IsHit1                 : num  0 0 0 0 0 0 0 0 0 0 ...
 $ RaceHorse.IsHit2                 : num  0 1 0 0 0 0 0 0 0 0 ...
 $ RaceHorse.IsHit3                 : num  0 0 0 0 0 0 0 1 0 0 ...
 $ RaceHorse.IsHit4                 : num  0 0 0 0 0 0 0 0 0 0 ...
 $ RaceHorse.IsHit5                 : num  0 0 0 0 0 0 0 0 0 0 ...
 $ RaceHorse.IsHit6                 : num  1 0 1 1 1 1 1 0 1 1 ...
 $ RaceHorse.IsValidRaceHorse       : logi  TRUE TRUE TRUE TRUE TRUE TRUE ...
 $ RaceHorse.TimeSdv                : num  0.602 1.208 -1.944 0.723 -0.186 ...
 $ RaceHorse.IsHitA                 : num  0 0 0 0 0 0 0 0 0 0 ...
 $ RaceHorse.IsHitB                 : num  0 1 0 0 0 0 0 0 0 0 ...
 $ RaceHorse.IsHitC                 : num  0 1 0 0 0 0 0 1 0 0 ...
 $ DataMiningTaisen.TmScoreSdv      : num  -0.809 1.383 -1.035 1.052 -0.856 ...
 $ EOF                              : int  1 1 1 1 1 1 1 1 1 1 ...
[1] "2022-02-25 20:21:25 --- RxSqlServerData Finish ---"
[1] "2022-02-25 20:21:25 --- subset Start ---"
[1] "--------------------------------------------------------------------------------"
[1] "nrow(data) subset before=39770"
[1] "nrow(data) subset after =39770"
[1] "nrow(data) subset diff =0"
[1] "--------------------------------------------------------------------------------"
[1] "2022-02-25 20:21:25 --- subset Finish---"
[1] "2022-02-25 20:21:25 --- transform Start ---"
[1] "--------------------------------------------------------------------------------"
[1] "nrow(data) transform before=39770"
[1] "nrow(data) transform after=39770"
[1] "nrow(data) transform diff=0"
[1] "--------------------------------------------------------------------------------"
[1] "str(data)="
'data.frame':	39770 obs. of  26 variables:
 $ Race.RaceId                      : Factor w/ 2833 levels "20160105-06-01-01-03",..: 2 2 2 2 2 2 2 2 2 2 ...
 $ Race.IsPredictedRace             : logi  TRUE TRUE TRUE TRUE TRUE TRUE ...
 $ Race.IsAnalyzeNormalPastAndFuture: logi  TRUE TRUE TRUE TRUE TRUE TRUE ...
 $ Race.IsAnalyzeNormalPast         : logi  TRUE TRUE TRUE TRUE TRUE TRUE ...
 $ Race.IsAnalyzeNormalFuture       : logi  FALSE FALSE FALSE FALSE FALSE FALSE ...
 $ Race.IsAnalyzeFullPastAndFuture  : logi  TRUE TRUE TRUE TRUE TRUE TRUE ...
 $ Race.IsAnalyzeFullPast           : logi  TRUE TRUE TRUE TRUE TRUE TRUE ...
 $ Race.IsAnalyzeFullFuture         : logi  FALSE FALSE FALSE FALSE FALSE FALSE ...
 $ Race.JyokenCd                    : Factor w/ 1 level "4": 1 1 1 1 1 1 1 1 1 1 ...
 $ Race.JyoType1Cd                  : Factor w/ 131 levels "2-06-1200-4-1",..: 2 2 2 2 2 2 2 2 2 2 ...
 $ Race.RaceType1Cd                 : Factor w/ 5 levels "2-4-X-1","2-4-X-2",..: 2 2 2 2 2 2 2 2 2 2 ...
 $ RaceHorse.RaceId                 : Factor w/ 2833 levels "20160105-06-01-01-03",..: 2 2 2 2 2 2 2 2 2 2 ...
 $ RaceHorse.KettoNum               : Factor w/ 8000 levels "2011101394","2011101687",..: 11 12 13 14 15 16 17 18 19 20 ...
 $ RaceHorse.IsHit1                 : num  0 0 0 0 0 0 0 0 0 0 ...
 $ RaceHorse.IsHit2                 : num  0 1 0 0 0 0 0 0 0 0 ...
 $ RaceHorse.IsHit3                 : num  0 0 0 0 0 0 0 1 0 0 ...
 $ RaceHorse.IsHit4                 : num  0 0 0 0 0 0 0 0 0 0 ...
 $ RaceHorse.IsHit5                 : num  0 0 0 0 0 0 0 0 0 0 ...
 $ RaceHorse.IsHit6                 : num  1 0 1 1 1 1 1 0 1 1 ...
 $ RaceHorse.IsValidRaceHorse       : logi  TRUE TRUE TRUE TRUE TRUE TRUE ...
 $ RaceHorse.TimeSdv                : num  0.602 1.208 -1.944 0.723 -0.186 ...
 $ RaceHorse.IsHitA                 : num  0 0 0 0 0 0 0 0 0 0 ...
 $ RaceHorse.IsHitB                 : num  0 1 0 0 0 0 0 0 0 0 ...
 $ RaceHorse.IsHitC                 : num  0 1 0 0 0 0 0 1 0 0 ...
 $ DataMiningTaisen.TmScoreSdv      : num  -0.809 1.383 -1.035 1.052 -0.856 ...
 $ EOF                              : int  1 1 1 1 1 1 1 1 1 1 ...
NULL
[1] "2022-02-25 20:21:25 --- transform Finish ---"
[1] "2022-02-25 20:21:25 --- na.omit Start ---"
[1] "--------------------------------------------------------------------------------"
[1] "nrow(data) na.omit before=39770"
[1] "nrow(data) na.omit after =39504"
[1] "nrow(data) na.omit diff =266"
[1] "--------------------------------------------------------------------------------"
'data.frame':	39504 obs. of  26 variables:
 $ Race.RaceId                      : Factor w/ 2833 levels "20160105-06-01-01-03",..: 2 2 2 2 2 2 2 2 2 2 ...
 $ Race.IsPredictedRace             : logi  TRUE TRUE TRUE TRUE TRUE TRUE ...
 $ Race.IsAnalyzeNormalPastAndFuture: logi  TRUE TRUE TRUE TRUE TRUE TRUE ...
 $ Race.IsAnalyzeNormalPast         : logi  TRUE TRUE TRUE TRUE TRUE TRUE ...
 $ Race.IsAnalyzeNormalFuture       : logi  FALSE FALSE FALSE FALSE FALSE FALSE ...
 $ Race.IsAnalyzeFullPastAndFuture  : logi  TRUE TRUE TRUE TRUE TRUE TRUE ...
 $ Race.IsAnalyzeFullPast           : logi  TRUE TRUE TRUE TRUE TRUE TRUE ...
 $ Race.IsAnalyzeFullFuture         : logi  FALSE FALSE FALSE FALSE FALSE FALSE ...
 $ Race.JyokenCd                    : Factor w/ 1 level "4": 1 1 1 1 1 1 1 1 1 1 ...
 $ Race.JyoType1Cd                  : Factor w/ 131 levels "2-06-1200-4-1",..: 2 2 2 2 2 2 2 2 2 2 ...
 $ Race.RaceType1Cd                 : Factor w/ 5 levels "2-4-X-1","2-4-X-2",..: 2 2 2 2 2 2 2 2 2 2 ...
 $ RaceHorse.RaceId                 : Factor w/ 2833 levels "20160105-06-01-01-03",..: 2 2 2 2 2 2 2 2 2 2 ...
 $ RaceHorse.KettoNum               : Factor w/ 8000 levels "2011101394","2011101687",..: 11 12 13 14 15 16 17 18 19 20 ...
 $ RaceHorse.IsHit1                 : num  0 0 0 0 0 0 0 0 0 0 ...
 $ RaceHorse.IsHit2                 : num  0 1 0 0 0 0 0 0 0 0 ...
 $ RaceHorse.IsHit3                 : num  0 0 0 0 0 0 0 1 0 0 ...
 $ RaceHorse.IsHit4                 : num  0 0 0 0 0 0 0 0 0 0 ...
 $ RaceHorse.IsHit5                 : num  0 0 0 0 0 0 0 0 0 0 ...
 $ RaceHorse.IsHit6                 : num  1 0 1 1 1 1 1 0 1 1 ...
 $ RaceHorse.IsValidRaceHorse       : logi  TRUE TRUE TRUE TRUE TRUE TRUE ...
 $ RaceHorse.TimeSdv                : num  0.602 1.208 -1.944 0.723 -0.186 ...
 $ RaceHorse.IsHitA                 : num  0 0 0 0 0 0 0 0 0 0 ...
 $ RaceHorse.IsHitB                 : num  0 1 0 0 0 0 0 0 0 0 ...
 $ RaceHorse.IsHitC                 : num  0 1 0 0 0 0 0 1 0 0 ...
 $ DataMiningTaisen.TmScoreSdv      : num  -0.809 1.383 -1.035 1.052 -0.856 ...
 $ EOF                              : int  1 1 1 1 1 1 1 1 1 1 ...
 - attr(*, "na.action")= 'omit' Named int  174 461 621 648 723 759 834 900 1100 1180 ...
  ..- attr(*, "names")= chr  "174" "461" "621" "648" ...
[1] "2022-02-25 20:21:26 --- na.omit Finish ---"
[1] "2022-02-25 20:21:26 --- rxGlm with rxStepControl Start ---"

> print(paste0(Sys.time(), " --- source_logic_glm.R Start ---"))
[1] "2022-02-25 20:21:26 --- source_logic_glm.R Start ---"

> formula <- formula(RaceHorse.IsHitA ~ +1 + DataMiningTaisen.TmScoreSdv)

> print(paste0(Sys.time(), " --- source_logic_glm.R Finished ---"))
[1] "2022-02-25 20:21:26 --- source_logic_glm.R Finished ---"
Rows Read: 39504, Total Rows Processed: 39504, Total Chunk Time: 0.008 seconds 

Starting values (iteration 1) time: 0.093 secs.
Rows Read: 39504, Total Rows Processed: 39504, Total Chunk Time: 0.004 seconds 

Iteration 2 time: 0.011 secs.
Rows Read: 39504, Total Rows Processed: 39504, Total Chunk Time: 0.003 seconds 

Iteration 3 time: 0.014 secs.
Rows Read: 39504, Total Rows Processed: 39504, Total Chunk Time: 0.003 seconds 

Iteration 4 time: 0.016 secs.
Rows Read: 39504, Total Rows Processed: 39504, Total Chunk Time: 0.003 seconds 

Iteration 5 time: 0.019 secs.
Rows Read: 39504, Total Rows Processed: 39504, Total Chunk Time: 0.021 seconds 

Iteration 6 time: 0.049 secs.

Elapsed computation time: 0.304 secs.
Rows Read: 39504, Total Rows Processed: 39504, Total Chunk Time: 0.002 seconds 

Starting values (iteration 1) time: 0.010 secs.
Rows Read: 39504, Total Rows Processed: 39504, Total Chunk Time: 0.003 seconds 

Iteration 2 time: 0.036 secs.

Elapsed computation time: 0.091 secs.
Rows Read: 39504, Total Rows Processed: 39504, Total Chunk Time: 0.002 seconds 

Starting values (iteration 1) time: 0.010 secs.
Rows Read: 39504, Total Rows Processed: 39504, Total Chunk Time: 0.004 seconds 

Iteration 2 time: 0.021 secs.
Rows Read: 39504, Total Rows Processed: 39504, Total Chunk Time: 0.003 seconds 

Iteration 3 time: 0.019 secs.
Rows Read: 39504, Total Rows Processed: 39504, Total Chunk Time: 0.003 seconds 

Iteration 4 time: 0.018 secs.
Rows Read: 39504, Total Rows Processed: 39504, Total Chunk Time: 0.003 seconds 

Iteration 5 time: 0.016 secs.
Rows Read: 39504, Total Rows Processed: 39504, Total Chunk Time: 0.003 seconds 

Iteration 6 time: 0.013 secs.

Elapsed computation time: 0.182 secs.

Elapsed computation time: 0.659 secs.
[1] "--------------------------------------------------------------------------------"
[1] "analyze.results.glm.step="
Logistic Regression Results for: RaceHorse.IsHitA ~
    DataMiningTaisen.TmScoreSdv
Data: data
Dependent variable(s): RaceHorse.IsHitA
Total independent variables: 2 
Number of valid observations: 39504
Number of missing observations: 0 
 
Coefficients:
                            RaceHorse.IsHitA
(Intercept)                               -3
DataMiningTaisen.TmScoreSdv                1
[1] "analyze.results.glm.step.summary"
Call:
rxLogit(formula = formula, data = data, variableSelection = analyze.results.glm.step.varsel)

Logistic Regression Results for: RaceHorse.IsHitA ~
    DataMiningTaisen.TmScoreSdv
Data: data
Dependent variable(s): RaceHorse.IsHitA
Total independent variables: 2 
Number of valid observations: 39504
Number of missing observations: 0 
-2*LogLikelihood: 18366.093 (Residual deviance on 39502 degrees of freedom)
 
Coefficients:
                            Estimate Std. Error z value Pr(>|z|)    
(Intercept)                  -2.9645     0.0273  -108.5  2.2e-16 ***
DataMiningTaisen.TmScoreSdv   1.0261     0.0258    39.9  2.2e-16 ***
---
Signif. codes:  0 '***' 0.001 '**' 0.01 '*' 0.05 '.' 0.1 ' ' 1

Condition number of final variance-covariance matrix: 1 
Number of iterations: 6
[1] "--------------------------------------------------------------------------------"
[1] "2022-02-25 20:21:27 --- rxGlm with rxStepControl Finish ---"
[1] "2022-02-25 20:21:27 --- rxStepPlot Start ---"
[1] "pdfFilename=pdf_analyze_glm_DataMiningTaisen_Type24_rxStepPlot.pdf"
[1] "rxStepPlot="
[1] "2022-02-25 20:21:27 --- rxStepPlot Finish ---"
[1] "2022-02-25 20:21:27 --- save.image Start ---"
[1] "save.image"
[1] "rdataFilename=RData_analyze_glm_DataMiningTaisen_Type24.RData"
[1] "2022-02-25 20:21:27 --- save.image Finish ---"
[1] "2022-02-25 20:21:27 --- final Start ---"
[1] "--------------------------------------------------------------------------------"
[1] "nrow(data) final=39504"
[1] "--------------------------------------------------------------------------------"
[1] "2022-02-25 20:21:27 --- final Finish ---"
[1] "2022-02-25 20:21:27 --- analyze_glm.R Finished ---"
[1] "2022-02-25 20:21:27 --- log Finish ---"
