[1] "2022-02-25 20:22:15 --- D1115_analyze_glm_Gen01_IsHitA_Type11 Start ---"
[1] "2022-02-25 20:22:16 --- Log Start ---"
[1] "2022-02-25 20:22:16 --- analyze_glm.R Start ---"
[1] "analyzeVersion=D1115"
[1] "analyzeCategory=analyze"
[1] "analyzeType=Gen01"
[1] "analyzeFamily=IsHitA"
[1] "analyzeFunc=glm"
[1] "analyzeTrackTypeCd=1"
[1] "analyzeJyokenCd=1"
[1] "2022-02-25 20:22:16 --- source_function.R Start ---"
[1] "2022-02-25 20:22:16 --- source_function.R Finished ---"

> print(paste0(Sys.time(), " --- source_library.R Start ---"))
[1] "2022-02-25 20:22:16 --- source_library.R Start ---"

> require("RevoScaleR")

> print(paste0(Sys.time(), " --- source_library.R Finished ---"))
[1] "2022-02-25 20:22:16 --- source_library.R Finished ---"
[1] "2022-02-25 20:22:16 --- RxSqlServerData Start ---"
[1] "2022-02-25 20:22:16 --- RxInSqlServer Start ---"
[1] "2022-02-25 20:22:16 --- RxInSqlServer Finish ---"
[1] "2022-02-25 20:22:16 --- rxSetComputeContext Start ---"
[1] "2022-02-25 20:22:16 --- rxSetComputeContext Finish ---"
[1] "2022-02-25 20:22:16 --- RxSqlServerData Start ---"
[1] "sqlQuery=SELECT * FROM ViewAnalyzeD1115analyze01Gen01Type11"
[1] "2022-02-25 20:22:16 --- RxSqlServerData Finish ---"
[1] "2022-02-25 20:22:16 --- rxGetVarInfo Start ---"
[1] "2022-02-25 20:22:17 --- rxGetVarInfo Finish---"
[1] "2022-02-25 20:22:17 --- rxImport Start ---"
Rows Read: 11653, Total Rows Processed: 11653, Total Chunk Time: 29.258 seconds 
[1] "2022-02-25 20:22:57 --- rxImport Finish ---"
[1] "object.size(data) auto=3.6 Mb"
[1] "--------------------------------------------------------------------------------"
[1] "nrow(data) RxSqlServerData=11653"
[1] "--------------------------------------------------------------------------------"
[1] "str(data)="
'data.frame':	11653 obs. of  44 variables:
 $ Race.RaceId                      : Factor w/ 925 levels "20160105-06-01-01-11",..: 1 1 1 2 3 4 5 6 8 9 ...
 $ Race.IsPredictedRace             : logi  TRUE TRUE TRUE TRUE TRUE TRUE ...
 $ Race.IsAnalyzeNormalPastAndFuture: logi  TRUE TRUE TRUE TRUE TRUE TRUE ...
 $ Race.IsAnalyzeNormalPast         : logi  TRUE TRUE TRUE TRUE TRUE TRUE ...
 $ Race.IsAnalyzeNormalFuture       : logi  FALSE FALSE FALSE FALSE FALSE FALSE ...
 $ Race.IsAnalyzeFullPastAndFuture  : logi  TRUE TRUE TRUE TRUE TRUE TRUE ...
 $ Race.IsAnalyzeFullPast           : logi  TRUE TRUE TRUE TRUE TRUE TRUE ...
 $ Race.IsAnalyzeFullFuture         : logi  FALSE FALSE FALSE FALSE FALSE FALSE ...
 $ Race.JyokenCd                    : Factor w/ 1 level "1": 1 1 1 1 1 1 1 1 1 1 ...
 $ Race.JyoType1Cd                  : Factor w/ 141 levels "1-06-2000-1-1",..: 1 1 1 2 3 4 5 6 8 9 ...
 $ Race.RaceType1Cd                 : Factor w/ 16 levels "1-1-C-2","1-1-E-3",..: 1 1 1 2 3 3 4 1 4 6 ...
 $ RaceHorse.RaceId                 : Factor w/ 925 levels "20160105-06-01-01-11",..: 1 1 1 2 3 4 5 6 8 9 ...
 $ RaceHorse.KettoNum               : Factor w/ 2769 levels "2009105855","2011103978",..: 11 1 2 5 6 7 8 9 12 13 ...
 $ RaceHorse.IsHit1                 : num  0 0 0 0 0 0 0 0 0 0 ...
 $ RaceHorse.IsHit2                 : num  0 0 0 0 0 1 0 0 1 0 ...
 $ RaceHorse.IsHit3                 : num  0 0 0 0 0 0 0 0 0 0 ...
 $ RaceHorse.IsHit4                 : num  0 0 0 0 0 0 1 0 0 0 ...
 $ RaceHorse.IsHit5                 : num  0 0 0 0 0 0 0 0 0 0 ...
 $ RaceHorse.IsHit6                 : num  1 1 1 1 1 0 0 1 0 1 ...
 $ RaceHorse.IsValidRaceHorse       : logi  TRUE TRUE TRUE TRUE FALSE TRUE ...
 $ RaceHorse.TimeSdv                : num  -0.428 -0.325 -0.17 0.176 -3.339 ...
 $ RaceHorse.IsHitA                 : num  0 0 0 0 0 0 0 0 0 0 ...
 $ RaceHorse.IsHitB                 : num  0 0 0 0 0 1 0 0 1 0 ...
 $ RaceHorse.IsHitC                 : num  0 0 0 0 0 1 0 0 1 0 ...
 $ Gen01.HansyokuNum                : Factor w/ 240 levels "11201964","11202004",..: 2 1 2 1 2 2 4 5 7 2 ...
 $ Gen01.TimeSdvByRaceAvg           : num  -0.106 -0.309 -0.106 -0.105 -0.269 ...
 $ Gen01.TimeSdvByRaceMin           : num  -2.68 -2.52 -2.68 -1.12 -2.28 ...
 $ Gen01.TimeSdvByRaceMax           : num  1.364 1.66 1.364 0.461 1.241 ...
 $ Gen01.TimeSdvAvg                 : num  -0.255 -0.104 -0.255 -0.308 -0.167 ...
 $ Gen01.TimeSdvMin                 : num  -2.22 -2.83 -2.22 -1.94 -1.69 ...
 $ Gen01.TimeSdvMax                 : num  1.13 1.52 1.13 1.3 1.5 ...
 $ Gen01.OrderOfFinishSdvAvg        : num  -0.1349 -0.2701 -0.1349 -0.0357 -0.2458 ...
 $ Gen01.RunCount                   : num  29 43 29 8 30 30 3 7 16 26 ...
 $ Gen01.HitCount1                  : num  1 3 1 0 3 3 0 1 3 1 ...
 $ Gen01.HitCount2                  : num  1 1 1 0 1 1 0 0 3 4 ...
 $ Gen01.HitCount3                  : num  0 1 0 0 1 1 0 1 0 2 ...
 $ Gen01.HitCount4                  : num  4 5 4 2 0 0 0 1 1 2 ...
 $ Gen01.HitCount5                  : num  2 3 2 2 3 3 1 0 2 1 ...
 $ Gen01.HitRate1                   : num  0.0345 0.0698 0.0345 0 0.1 ...
 $ Gen01.HitRate2                   : num  0.0345 0.0233 0.0345 0 0.0333 ...
 $ Gen01.HitRate3                   : num  0 0.0233 0 0 0.0333 ...
 $ Gen01.HitRate4                   : num  0.138 0.116 0.138 0.25 0 ...
 $ Gen01.HitRate5                   : num  0.069 0.0698 0.069 0.25 0.1 ...
 $ EOF                              : int  1 1 1 1 1 1 1 1 1 1 ...
[1] "2022-02-25 20:24:04 --- RxSqlServerData Finish ---"
[1] "2022-02-25 20:24:04 --- subset Start ---"
[1] "--------------------------------------------------------------------------------"
[1] "nrow(data) subset before=11653"
[1] "nrow(data) subset after =11653"
[1] "nrow(data) subset diff =0"
[1] "--------------------------------------------------------------------------------"
[1] "2022-02-25 20:24:04 --- subset Finish---"
[1] "2022-02-25 20:24:04 --- transform Start ---"
[1] "--------------------------------------------------------------------------------"
[1] "nrow(data) transform before=11653"
[1] "nrow(data) transform after=11653"
[1] "nrow(data) transform diff=0"
[1] "--------------------------------------------------------------------------------"
[1] "str(data)="
'data.frame':	11653 obs. of  44 variables:
 $ Race.RaceId                      : Factor w/ 925 levels "20160105-06-01-01-11",..: 1 1 1 2 3 4 5 6 8 9 ...
 $ Race.IsPredictedRace             : logi  TRUE TRUE TRUE TRUE TRUE TRUE ...
 $ Race.IsAnalyzeNormalPastAndFuture: logi  TRUE TRUE TRUE TRUE TRUE TRUE ...
 $ Race.IsAnalyzeNormalPast         : logi  TRUE TRUE TRUE TRUE TRUE TRUE ...
 $ Race.IsAnalyzeNormalFuture       : logi  FALSE FALSE FALSE FALSE FALSE FALSE ...
 $ Race.IsAnalyzeFullPastAndFuture  : logi  TRUE TRUE TRUE TRUE TRUE TRUE ...
 $ Race.IsAnalyzeFullPast           : logi  TRUE TRUE TRUE TRUE TRUE TRUE ...
 $ Race.IsAnalyzeFullFuture         : logi  FALSE FALSE FALSE FALSE FALSE FALSE ...
 $ Race.JyokenCd                    : Factor w/ 1 level "1": 1 1 1 1 1 1 1 1 1 1 ...
 $ Race.JyoType1Cd                  : Factor w/ 141 levels "1-06-2000-1-1",..: 1 1 1 2 3 4 5 6 8 9 ...
 $ Race.RaceType1Cd                 : Factor w/ 16 levels "1-1-C-2","1-1-E-3",..: 1 1 1 2 3 3 4 1 4 6 ...
 $ RaceHorse.RaceId                 : Factor w/ 925 levels "20160105-06-01-01-11",..: 1 1 1 2 3 4 5 6 8 9 ...
 $ RaceHorse.KettoNum               : Factor w/ 2769 levels "2009105855","2011103978",..: 11 1 2 5 6 7 8 9 12 13 ...
 $ RaceHorse.IsHit1                 : num  0 0 0 0 0 0 0 0 0 0 ...
 $ RaceHorse.IsHit2                 : num  0 0 0 0 0 1 0 0 1 0 ...
 $ RaceHorse.IsHit3                 : num  0 0 0 0 0 0 0 0 0 0 ...
 $ RaceHorse.IsHit4                 : num  0 0 0 0 0 0 1 0 0 0 ...
 $ RaceHorse.IsHit5                 : num  0 0 0 0 0 0 0 0 0 0 ...
 $ RaceHorse.IsHit6                 : num  1 1 1 1 1 0 0 1 0 1 ...
 $ RaceHorse.IsValidRaceHorse       : logi  TRUE TRUE TRUE TRUE FALSE TRUE ...
 $ RaceHorse.TimeSdv                : num  -0.428 -0.325 -0.17 0.176 -3.339 ...
 $ RaceHorse.IsHitA                 : num  0 0 0 0 0 0 0 0 0 0 ...
 $ RaceHorse.IsHitB                 : num  0 0 0 0 0 1 0 0 1 0 ...
 $ RaceHorse.IsHitC                 : num  0 0 0 0 0 1 0 0 1 0 ...
 $ Gen01.HansyokuNum                : Factor w/ 240 levels "11201964","11202004",..: 2 1 2 1 2 2 4 5 7 2 ...
 $ Gen01.TimeSdvByRaceAvg           : num  -0.106 -0.309 -0.106 -0.105 -0.269 ...
 $ Gen01.TimeSdvByRaceMin           : num  -2.68 -2.52 -2.68 -1.12 -2.28 ...
 $ Gen01.TimeSdvByRaceMax           : num  1.364 1.66 1.364 0.461 1.241 ...
 $ Gen01.TimeSdvAvg                 : num  -0.255 -0.104 -0.255 -0.308 -0.167 ...
 $ Gen01.TimeSdvMin                 : num  -2.22 -2.83 -2.22 -1.94 -1.69 ...
 $ Gen01.TimeSdvMax                 : num  1.13 1.52 1.13 1.3 1.5 ...
 $ Gen01.OrderOfFinishSdvAvg        : num  -0.1349 -0.2701 -0.1349 -0.0357 -0.2458 ...
 $ Gen01.RunCount                   : num  29 43 29 8 30 30 3 7 16 26 ...
 $ Gen01.HitCount1                  : num  1 3 1 0 3 3 0 1 3 1 ...
 $ Gen01.HitCount2                  : num  1 1 1 0 1 1 0 0 3 4 ...
 $ Gen01.HitCount3                  : num  0 1 0 0 1 1 0 1 0 2 ...
 $ Gen01.HitCount4                  : num  4 5 4 2 0 0 0 1 1 2 ...
 $ Gen01.HitCount5                  : num  2 3 2 2 3 3 1 0 2 1 ...
 $ Gen01.HitRate1                   : num  0.0345 0.0698 0.0345 0 0.1 ...
 $ Gen01.HitRate2                   : num  0.0345 0.0233 0.0345 0 0.0333 ...
 $ Gen01.HitRate3                   : num  0 0.0233 0 0 0.0333 ...
 $ Gen01.HitRate4                   : num  0.138 0.116 0.138 0.25 0 ...
 $ Gen01.HitRate5                   : num  0.069 0.0698 0.069 0.25 0.1 ...
 $ EOF                              : int  1 1 1 1 1 1 1 1 1 1 ...
NULL
[1] "2022-02-25 20:24:05 --- transform Finish ---"
[1] "2022-02-25 20:24:05 --- na.omit Start ---"
[1] "--------------------------------------------------------------------------------"
[1] "nrow(data) na.omit before=11653"
[1] "nrow(data) na.omit after =11588"
[1] "nrow(data) na.omit diff =65"
[1] "--------------------------------------------------------------------------------"
'data.frame':	11588 obs. of  44 variables:
 $ Race.RaceId                      : Factor w/ 925 levels "20160105-06-01-01-11",..: 1 1 1 2 3 4 5 6 8 9 ...
 $ Race.IsPredictedRace             : logi  TRUE TRUE TRUE TRUE TRUE TRUE ...
 $ Race.IsAnalyzeNormalPastAndFuture: logi  TRUE TRUE TRUE TRUE TRUE TRUE ...
 $ Race.IsAnalyzeNormalPast         : logi  TRUE TRUE TRUE TRUE TRUE TRUE ...
 $ Race.IsAnalyzeNormalFuture       : logi  FALSE FALSE FALSE FALSE FALSE FALSE ...
 $ Race.IsAnalyzeFullPastAndFuture  : logi  TRUE TRUE TRUE TRUE TRUE TRUE ...
 $ Race.IsAnalyzeFullPast           : logi  TRUE TRUE TRUE TRUE TRUE TRUE ...
 $ Race.IsAnalyzeFullFuture         : logi  FALSE FALSE FALSE FALSE FALSE FALSE ...
 $ Race.JyokenCd                    : Factor w/ 1 level "1": 1 1 1 1 1 1 1 1 1 1 ...
 $ Race.JyoType1Cd                  : Factor w/ 141 levels "1-06-2000-1-1",..: 1 1 1 2 3 4 5 6 8 9 ...
 $ Race.RaceType1Cd                 : Factor w/ 16 levels "1-1-C-2","1-1-E-3",..: 1 1 1 2 3 3 4 1 4 6 ...
 $ RaceHorse.RaceId                 : Factor w/ 925 levels "20160105-06-01-01-11",..: 1 1 1 2 3 4 5 6 8 9 ...
 $ RaceHorse.KettoNum               : Factor w/ 2769 levels "2009105855","2011103978",..: 11 1 2 5 6 7 8 9 12 13 ...
 $ RaceHorse.IsHit1                 : num  0 0 0 0 0 0 0 0 0 0 ...
 $ RaceHorse.IsHit2                 : num  0 0 0 0 0 1 0 0 1 0 ...
 $ RaceHorse.IsHit3                 : num  0 0 0 0 0 0 0 0 0 0 ...
 $ RaceHorse.IsHit4                 : num  0 0 0 0 0 0 1 0 0 0 ...
 $ RaceHorse.IsHit5                 : num  0 0 0 0 0 0 0 0 0 0 ...
 $ RaceHorse.IsHit6                 : num  1 1 1 1 1 0 0 1 0 1 ...
 $ RaceHorse.IsValidRaceHorse       : logi  TRUE TRUE TRUE TRUE FALSE TRUE ...
 $ RaceHorse.TimeSdv                : num  -0.428 -0.325 -0.17 0.176 -3.339 ...
 $ RaceHorse.IsHitA                 : num  0 0 0 0 0 0 0 0 0 0 ...
 $ RaceHorse.IsHitB                 : num  0 0 0 0 0 1 0 0 1 0 ...
 $ RaceHorse.IsHitC                 : num  0 0 0 0 0 1 0 0 1 0 ...
 $ Gen01.HansyokuNum                : Factor w/ 240 levels "11201964","11202004",..: 2 1 2 1 2 2 4 5 7 2 ...
 $ Gen01.TimeSdvByRaceAvg           : num  -0.106 -0.309 -0.106 -0.105 -0.269 ...
 $ Gen01.TimeSdvByRaceMin           : num  -2.68 -2.52 -2.68 -1.12 -2.28 ...
 $ Gen01.TimeSdvByRaceMax           : num  1.364 1.66 1.364 0.461 1.241 ...
 $ Gen01.TimeSdvAvg                 : num  -0.255 -0.104 -0.255 -0.308 -0.167 ...
 $ Gen01.TimeSdvMin                 : num  -2.22 -2.83 -2.22 -1.94 -1.69 ...
 $ Gen01.TimeSdvMax                 : num  1.13 1.52 1.13 1.3 1.5 ...
 $ Gen01.OrderOfFinishSdvAvg        : num  -0.1349 -0.2701 -0.1349 -0.0357 -0.2458 ...
 $ Gen01.RunCount                   : num  29 43 29 8 30 30 3 7 16 26 ...
 $ Gen01.HitCount1                  : num  1 3 1 0 3 3 0 1 3 1 ...
 $ Gen01.HitCount2                  : num  1 1 1 0 1 1 0 0 3 4 ...
 $ Gen01.HitCount3                  : num  0 1 0 0 1 1 0 1 0 2 ...
 $ Gen01.HitCount4                  : num  4 5 4 2 0 0 0 1 1 2 ...
 $ Gen01.HitCount5                  : num  2 3 2 2 3 3 1 0 2 1 ...
 $ Gen01.HitRate1                   : num  0.0345 0.0698 0.0345 0 0.1 ...
 $ Gen01.HitRate2                   : num  0.0345 0.0233 0.0345 0 0.0333 ...
 $ Gen01.HitRate3                   : num  0 0.0233 0 0 0.0333 ...
 $ Gen01.HitRate4                   : num  0.138 0.116 0.138 0.25 0 ...
 $ Gen01.HitRate5                   : num  0.069 0.0698 0.069 0.25 0.1 ...
 $ EOF                              : int  1 1 1 1 1 1 1 1 1 1 ...
 - attr(*, "na.action")= 'omit' Named int  506 725 787 942 1068 1218 1480 1605 2033 2651 ...
  ..- attr(*, "names")= chr  "506" "725" "787" "942" ...
[1] "2022-02-25 20:24:14 --- na.omit Finish ---"
[1] "2022-02-25 20:24:14 --- rxGlm with rxStepControl Start ---"

> print(paste0(Sys.time(), " --- source_logic_glm.R Start ---"))
[1] "2022-02-25 20:24:14 --- source_logic_glm.R Start ---"

> formula <- formula(RaceHorse.IsHitA ~ +1 + Gen01.TimeSdvAvg)

> print(paste0(Sys.time(), " --- source_logic_glm.R Finished ---"))
[1] "2022-02-25 20:24:15 --- source_logic_glm.R Finished ---"
Rows Read: 11588, Total Rows Processed: 11588, Total Chunk Time: Less than .001 seconds 

Starting values (iteration 1) time: 0.009 secs.
Rows Read: 11588, Total Rows Processed: 11588, Total Chunk Time: 0.002 seconds 

Iteration 2 time: 0.008 secs.
Rows Read: 11588, Total Rows Processed: 11588, Total Chunk Time: 0.002 seconds 

Iteration 3 time: 0.005 secs.
Rows Read: 11588, Total Rows Processed: 11588, Total Chunk Time: 0.001 seconds 

Iteration 4 time: 0.006 secs.

Elapsed computation time: 0.056 secs.
Rows Read: 11588, Total Rows Processed: 11588, Total Chunk Time: 0.001 seconds 

Starting values (iteration 1) time: 0.006 secs.
Rows Read: 11588, Total Rows Processed: 11588, Total Chunk Time: 0.001 seconds 

Iteration 2 time: 0.009 secs.

Elapsed computation time: 0.029 secs.
Rows Read: 11588, Total Rows Processed: 11588, Total Chunk Time: 0.001 seconds 

Starting values (iteration 1) time: 0.012 secs.
Rows Read: 11588, Total Rows Processed: 11588, Total Chunk Time: 0.001 seconds 

Iteration 2 time: 0.007 secs.
Rows Read: 11588, Total Rows Processed: 11588, Total Chunk Time: 0.001 seconds 

Iteration 3 time: 0.005 secs.
Rows Read: 11588, Total Rows Processed: 11588, Total Chunk Time: Less than .001 seconds 

Iteration 4 time: 0.013 secs.

Elapsed computation time: 0.072 secs.

Elapsed computation time: 0.185 secs.
[1] "--------------------------------------------------------------------------------"
[1] "analyze.results.glm.step="
Logistic Regression Results for: RaceHorse.IsHitA ~ Gen01.TimeSdvAvg
Data: data
Dependent variable(s): RaceHorse.IsHitA
Total independent variables: 2 
Number of valid observations: 11588
Number of missing observations: 0 
 
Coefficients:
                 RaceHorse.IsHitA
(Intercept)                  -2.5
Gen01.TimeSdvAvg              0.2
[1] "analyze.results.glm.step.summary"
Call:
rxLogit(formula = formula, data = data, variableSelection = analyze.results.glm.step.varsel)

Logistic Regression Results for: RaceHorse.IsHitA ~ Gen01.TimeSdvAvg
Data: data
Dependent variable(s): RaceHorse.IsHitA
Total independent variables: 2 
Number of valid observations: 11588
Number of missing observations: 0 
-2*LogLikelihood: 6097.807 (Residual deviance on 11586 degrees of freedom)
 
Coefficients:
                 Estimate Std. Error z value Pr(>|z|)    
(Intercept)       -2.5430     0.0363  -70.12  2.2e-16 ***
Gen01.TimeSdvAvg   0.1602     0.0738    2.17     0.03 *  
---
Signif. codes:  0 '***' 0.001 '**' 0.01 '*' 0.05 '.' 0.1 ' ' 1

Condition number of final variance-covariance matrix: 1 
Number of iterations: 4
[1] "--------------------------------------------------------------------------------"
[1] "2022-02-25 20:24:16 --- rxGlm with rxStepControl Finish ---"
[1] "2022-02-25 20:24:18 --- rxStepPlot Start ---"
[1] "pdfFilename=pdf_analyze_glm_Gen01_Type11_rxStepPlot.pdf"
[1] "rxStepPlot="
[1] "2022-02-25 20:24:21 --- rxStepPlot Finish ---"
[1] "2022-02-25 20:24:21 --- save.image Start ---"
[1] "save.image"
[1] "rdataFilename=RData_analyze_glm_Gen01_Type11.RData"
[1] "2022-02-25 20:24:21 --- save.image Finish ---"
[1] "2022-02-25 20:24:21 --- final Start ---"
[1] "--------------------------------------------------------------------------------"
[1] "nrow(data) final=11588"
[1] "--------------------------------------------------------------------------------"
[1] "2022-02-25 20:24:21 --- final Finish ---"
[1] "2022-02-25 20:24:21 --- analyze_glm.R Finished ---"
[1] "2022-02-25 20:24:21 --- log Finish ---"
