[1] "2022-02-25 20:27:17 --- D1115_analyze_glm_Odds_IsHitA_Type35 Start ---"
[1] "2022-02-25 20:27:33 --- Log Start ---"
[1] "2022-02-25 20:27:35 --- analyze_glm.R Start ---"
[1] "analyzeVersion=D1115"
[1] "analyzeCategory=analyze"
[1] "analyzeType=Odds"
[1] "analyzeFamily=IsHitA"
[1] "analyzeFunc=glm"
[1] "analyzeTrackTypeCd=3"
[1] "analyzeJyokenCd=5"
[1] "2022-02-25 20:27:57 --- source_function.R Start ---"
[1] "2022-02-25 20:28:01 --- source_function.R Finished ---"

> print(paste0(Sys.time(), " --- source_library.R Start ---"))
[1] "2022-02-25 20:28:37 --- source_library.R Start ---"

> require("RevoScaleR")

> print(paste0(Sys.time(), " --- source_library.R Finished ---"))
[1] "2022-02-25 20:29:15 --- source_library.R Finished ---"
[1] "2022-02-25 20:29:23 --- RxSqlServerData Start ---"
[1] "2022-02-25 20:29:34 --- RxInSqlServer Start ---"
[1] "2022-02-25 20:29:52 --- RxInSqlServer Finish ---"
[1] "2022-02-25 20:30:07 --- rxSetComputeContext Start ---"
[1] "2022-02-25 20:30:16 --- rxSetComputeContext Finish ---"
[1] "2022-02-25 20:30:16 --- RxSqlServerData Start ---"
[1] "sqlQuery=SELECT * FROM ViewAnalyzeD1115analyze01OddsType35"
[1] "2022-02-25 20:30:23 --- RxSqlServerData Finish ---"
[1] "2022-02-25 20:30:31 --- rxGetVarInfo Start ---"
[1] "2022-02-25 20:30:37 --- rxGetVarInfo Finish---"
[1] "2022-02-25 20:30:37 --- rxImport Start ---"
Rows Read: 5319, Total Rows Processed: 5319, Total Chunk Time: 1.562 seconds 
[1] "2022-02-25 20:30:48 --- rxImport Finish ---"
[1] "object.size(data) auto=1.2 Mb"
[1] "--------------------------------------------------------------------------------"
[1] "nrow(data) RxSqlServerData=5319"
[1] "--------------------------------------------------------------------------------"
[1] "str(data)="
'data.frame':	5319 obs. of  32 variables:
 $ Race.RaceId                      : Factor w/ 419 levels "20160110-06-01-03-04",..: 2 3 4 4 7 7 8 9 9 10 ...
 $ Race.IsPredictedRace             : logi  TRUE TRUE TRUE TRUE TRUE TRUE ...
 $ Race.IsAnalyzeNormalPastAndFuture: logi  TRUE TRUE TRUE TRUE TRUE TRUE ...
 $ Race.IsAnalyzeNormalPast         : logi  TRUE TRUE TRUE TRUE TRUE TRUE ...
 $ Race.IsAnalyzeNormalFuture       : logi  FALSE FALSE FALSE FALSE FALSE FALSE ...
 $ Race.IsAnalyzeFullPastAndFuture  : logi  TRUE TRUE TRUE TRUE TRUE TRUE ...
 $ Race.IsAnalyzeFullPast           : logi  TRUE TRUE TRUE TRUE TRUE TRUE ...
 $ Race.IsAnalyzeFullFuture         : logi  FALSE FALSE FALSE FALSE FALSE FALSE ...
 $ Race.JyokenCd                    : Factor w/ 1 level "5": 1 1 1 1 1 1 1 1 1 1 ...
 $ Race.JyoType1Cd                  : Factor w/ 34 levels "3-06-2880-5-1",..: 2 3 3 3 5 5 6 6 6 7 ...
 $ Race.RaceType1Cd                 : Factor w/ 1 level "3-5-X-3": 1 1 1 1 1 1 1 1 1 1 ...
 $ RaceHorse.RaceId                 : Factor w/ 419 levels "20160110-06-01-03-04",..: 2 3 4 4 7 7 8 9 9 10 ...
 $ RaceHorse.KettoNum               : Factor w/ 1605 levels "2010103789","2009110093",..: 11 12 13 14 15 16 17 18 19 20 ...
 $ RaceHorse.IsHit1                 : num  0 0 0 0 0 0 0 0 0 0 ...
 $ RaceHorse.IsHit2                 : num  0 0 0 0 0 1 0 0 0 0 ...
 $ RaceHorse.IsHit3                 : num  0 0 0 0 0 0 0 0 0 0 ...
 $ RaceHorse.IsHit4                 : num  0 1 0 0 1 0 0 0 0 0 ...
 $ RaceHorse.IsHit5                 : num  0 0 0 0 0 0 0 0 0 0 ...
 $ RaceHorse.IsHit6                 : num  1 0 1 1 0 0 1 1 1 1 ...
 $ RaceHorse.IsValidRaceHorse       : logi  TRUE TRUE TRUE TRUE TRUE TRUE ...
 $ RaceHorse.TimeSdv                : num  -2.923 0.865 -0.448 -0.139 0.688 ...
 $ RaceHorse.IsHitA                 : num  0 0 0 0 0 0 0 0 0 0 ...
 $ RaceHorse.IsHitB                 : num  0 0 0 0 0 1 0 0 0 0 ...
 $ RaceHorse.IsHitC                 : num  0 0 0 0 0 1 0 0 0 0 ...
 $ OddsByWin.Odds1                  : num  3.9 11.5 176.4 27.3 4 ...
 $ OddsByWin.Ninki                  : num  2 4 13 7 2 7 13 8 11 8 ...
 $ OddsByWin.OddsLog1               : num  1.59 2.53 5.18 3.34 1.61 ...
 $ OddsByWin.OddsRatio1             : num  0.3448 0.0952 0.0057 0.038 0.3333 ...
 $ OddsByWin.OddsLogit1             : num  -1.36 -2.44 -5.17 -3.31 -1.39 ...
 $ OddsByWin.ApprovalRate1          : num  0.25641 0.08696 0.00567 0.03663 0.25 ...
 $ OddsByWin.ApprovalRateLog1       : num  0.22826 0.08338 0.00565 0.03598 0.22314 ...
 $ EOF                              : int  1 1 1 1 1 1 1 1 1 1 ...
[1] "2022-02-25 20:32:47 --- RxSqlServerData Finish ---"
[1] "2022-02-25 20:32:48 --- subset Start ---"
[1] "--------------------------------------------------------------------------------"
[1] "nrow(data) subset before=5319"
[1] "nrow(data) subset after =5319"
[1] "nrow(data) subset diff =0"
[1] "--------------------------------------------------------------------------------"
[1] "2022-02-25 20:32:49 --- subset Finish---"
[1] "2022-02-25 20:32:49 --- transform Start ---"
[1] "--------------------------------------------------------------------------------"
[1] "nrow(data) transform before=5319"
[1] "nrow(data) transform after=5319"
[1] "nrow(data) transform diff=0"
[1] "--------------------------------------------------------------------------------"
[1] "str(data)="
'data.frame':	5319 obs. of  32 variables:
 $ Race.RaceId                      : Factor w/ 419 levels "20160110-06-01-03-04",..: 2 3 4 4 7 7 8 9 9 10 ...
 $ Race.IsPredictedRace             : logi  TRUE TRUE TRUE TRUE TRUE TRUE ...
 $ Race.IsAnalyzeNormalPastAndFuture: logi  TRUE TRUE TRUE TRUE TRUE TRUE ...
 $ Race.IsAnalyzeNormalPast         : logi  TRUE TRUE TRUE TRUE TRUE TRUE ...
 $ Race.IsAnalyzeNormalFuture       : logi  FALSE FALSE FALSE FALSE FALSE FALSE ...
 $ Race.IsAnalyzeFullPastAndFuture  : logi  TRUE TRUE TRUE TRUE TRUE TRUE ...
 $ Race.IsAnalyzeFullPast           : logi  TRUE TRUE TRUE TRUE TRUE TRUE ...
 $ Race.IsAnalyzeFullFuture         : logi  FALSE FALSE FALSE FALSE FALSE FALSE ...
 $ Race.JyokenCd                    : Factor w/ 1 level "5": 1 1 1 1 1 1 1 1 1 1 ...
 $ Race.JyoType1Cd                  : Factor w/ 34 levels "3-06-2880-5-1",..: 2 3 3 3 5 5 6 6 6 7 ...
 $ Race.RaceType1Cd                 : Factor w/ 1 level "3-5-X-3": 1 1 1 1 1 1 1 1 1 1 ...
 $ RaceHorse.RaceId                 : Factor w/ 419 levels "20160110-06-01-03-04",..: 2 3 4 4 7 7 8 9 9 10 ...
 $ RaceHorse.KettoNum               : Factor w/ 1605 levels "2010103789","2009110093",..: 11 12 13 14 15 16 17 18 19 20 ...
 $ RaceHorse.IsHit1                 : num  0 0 0 0 0 0 0 0 0 0 ...
 $ RaceHorse.IsHit2                 : num  0 0 0 0 0 1 0 0 0 0 ...
 $ RaceHorse.IsHit3                 : num  0 0 0 0 0 0 0 0 0 0 ...
 $ RaceHorse.IsHit4                 : num  0 1 0 0 1 0 0 0 0 0 ...
 $ RaceHorse.IsHit5                 : num  0 0 0 0 0 0 0 0 0 0 ...
 $ RaceHorse.IsHit6                 : num  1 0 1 1 0 0 1 1 1 1 ...
 $ RaceHorse.IsValidRaceHorse       : logi  TRUE TRUE TRUE TRUE TRUE TRUE ...
 $ RaceHorse.TimeSdv                : num  -2.923 0.865 -0.448 -0.139 0.688 ...
 $ RaceHorse.IsHitA                 : num  0 0 0 0 0 0 0 0 0 0 ...
 $ RaceHorse.IsHitB                 : num  0 0 0 0 0 1 0 0 0 0 ...
 $ RaceHorse.IsHitC                 : num  0 0 0 0 0 1 0 0 0 0 ...
 $ OddsByWin.Odds1                  : num  3.9 11.5 176.4 27.3 4 ...
 $ OddsByWin.Ninki                  : num  2 4 13 7 2 7 13 8 11 8 ...
 $ OddsByWin.OddsLog1               : num  1.59 2.53 5.18 3.34 1.61 ...
 $ OddsByWin.OddsRatio1             : num  0.3448 0.0952 0.0057 0.038 0.3333 ...
 $ OddsByWin.OddsLogit1             : num  -1.36 -2.44 -5.17 -3.31 -1.39 ...
 $ OddsByWin.ApprovalRate1          : num  0.25641 0.08696 0.00567 0.03663 0.25 ...
 $ OddsByWin.ApprovalRateLog1       : num  0.22826 0.08338 0.00565 0.03598 0.22314 ...
 $ EOF                              : int  1 1 1 1 1 1 1 1 1 1 ...
NULL
[1] "2022-02-25 20:32:55 --- transform Finish ---"
[1] "2022-02-25 20:32:55 --- na.omit Start ---"
[1] "--------------------------------------------------------------------------------"
[1] "nrow(data) na.omit before=5319"
[1] "nrow(data) na.omit after =5041"
[1] "nrow(data) na.omit diff =278"
[1] "--------------------------------------------------------------------------------"
'data.frame':	5041 obs. of  32 variables:
 $ Race.RaceId                      : Factor w/ 419 levels "20160110-06-01-03-04",..: 2 3 4 4 7 7 8 9 9 10 ...
 $ Race.IsPredictedRace             : logi  TRUE TRUE TRUE TRUE TRUE TRUE ...
 $ Race.IsAnalyzeNormalPastAndFuture: logi  TRUE TRUE TRUE TRUE TRUE TRUE ...
 $ Race.IsAnalyzeNormalPast         : logi  TRUE TRUE TRUE TRUE TRUE TRUE ...
 $ Race.IsAnalyzeNormalFuture       : logi  FALSE FALSE FALSE FALSE FALSE FALSE ...
 $ Race.IsAnalyzeFullPastAndFuture  : logi  TRUE TRUE TRUE TRUE TRUE TRUE ...
 $ Race.IsAnalyzeFullPast           : logi  TRUE TRUE TRUE TRUE TRUE TRUE ...
 $ Race.IsAnalyzeFullFuture         : logi  FALSE FALSE FALSE FALSE FALSE FALSE ...
 $ Race.JyokenCd                    : Factor w/ 1 level "5": 1 1 1 1 1 1 1 1 1 1 ...
 $ Race.JyoType1Cd                  : Factor w/ 34 levels "3-06-2880-5-1",..: 2 3 3 3 5 5 6 6 6 7 ...
 $ Race.RaceType1Cd                 : Factor w/ 1 level "3-5-X-3": 1 1 1 1 1 1 1 1 1 1 ...
 $ RaceHorse.RaceId                 : Factor w/ 419 levels "20160110-06-01-03-04",..: 2 3 4 4 7 7 8 9 9 10 ...
 $ RaceHorse.KettoNum               : Factor w/ 1605 levels "2010103789","2009110093",..: 11 12 13 14 15 16 17 18 19 20 ...
 $ RaceHorse.IsHit1                 : num  0 0 0 0 0 0 0 0 0 0 ...
 $ RaceHorse.IsHit2                 : num  0 0 0 0 0 1 0 0 0 0 ...
 $ RaceHorse.IsHit3                 : num  0 0 0 0 0 0 0 0 0 0 ...
 $ RaceHorse.IsHit4                 : num  0 1 0 0 1 0 0 0 0 0 ...
 $ RaceHorse.IsHit5                 : num  0 0 0 0 0 0 0 0 0 0 ...
 $ RaceHorse.IsHit6                 : num  1 0 1 1 0 0 1 1 1 1 ...
 $ RaceHorse.IsValidRaceHorse       : logi  TRUE TRUE TRUE TRUE TRUE TRUE ...
 $ RaceHorse.TimeSdv                : num  -2.923 0.865 -0.448 -0.139 0.688 ...
 $ RaceHorse.IsHitA                 : num  0 0 0 0 0 0 0 0 0 0 ...
 $ RaceHorse.IsHitB                 : num  0 0 0 0 0 1 0 0 0 0 ...
 $ RaceHorse.IsHitC                 : num  0 0 0 0 0 1 0 0 0 0 ...
 $ OddsByWin.Odds1                  : num  3.9 11.5 176.4 27.3 4 ...
 $ OddsByWin.Ninki                  : num  2 4 13 7 2 7 13 8 11 8 ...
 $ OddsByWin.OddsLog1               : num  1.59 2.53 5.18 3.34 1.61 ...
 $ OddsByWin.OddsRatio1             : num  0.3448 0.0952 0.0057 0.038 0.3333 ...
 $ OddsByWin.OddsLogit1             : num  -1.36 -2.44 -5.17 -3.31 -1.39 ...
 $ OddsByWin.ApprovalRate1          : num  0.25641 0.08696 0.00567 0.03663 0.25 ...
 $ OddsByWin.ApprovalRateLog1       : num  0.22826 0.08338 0.00565 0.03598 0.22314 ...
 $ EOF                              : int  1 1 1 1 1 1 1 1 1 1 ...
 - attr(*, "na.action")= 'omit' Named int  21 31 55 57 128 142 169 234 244 245 ...
  ..- attr(*, "names")= chr  "21" "31" "55" "57" ...
[1] "2022-02-25 20:33:00 --- na.omit Finish ---"
[1] "2022-02-25 20:33:00 --- rxGlm with rxStepControl Start ---"

> print(paste0(Sys.time(), " --- source_logic_glm.R Start ---"))
[1] "2022-02-25 20:33:01 --- source_logic_glm.R Start ---"

> formula <- formula(RaceHorse.IsHitA ~ +1 + OddsByWin.OddsLogit1)

> print(paste0(Sys.time(), " --- source_logic_glm.R Finished ---"))
[1] "2022-02-25 20:33:01 --- source_logic_glm.R Finished ---"
Rows Read: 5041, Total Rows Processed: 5041, Total Chunk Time: Less than .001 seconds 

Starting values (iteration 1) time: 0.009 secs.
Rows Read: 5041, Total Rows Processed: 5041, Total Chunk Time: 0.001 seconds 

Iteration 2 time: 0.097 secs.
Rows Read: 5041, Total Rows Processed: 5041, Total Chunk Time: 0.001 seconds 

Iteration 3 time: 0.124 secs.
Rows Read: 5041, Total Rows Processed: 5041, Total Chunk Time: 0.001 seconds 

Iteration 4 time: 0.121 secs.
Rows Read: 5041, Total Rows Processed: 5041, Total Chunk Time: 0.002 seconds 

Iteration 5 time: 0.101 secs.
Rows Read: 5041, Total Rows Processed: 5041, Total Chunk Time: 0.001 seconds 

Iteration 6 time: 0.112 secs.

Elapsed computation time: 1.225 secs.
Rows Read: 5041, Total Rows Processed: 5041, Total Chunk Time: Less than .001 seconds 

Starting values (iteration 1) time: 0.214 secs.
Rows Read: 5041, Total Rows Processed: 5041, Total Chunk Time: 0.001 seconds 

Iteration 2 time: 0.195 secs.

Elapsed computation time: 0.690 secs.
Rows Read: 5041, Total Rows Processed: 5041, Total Chunk Time: 0.001 seconds 

Starting values (iteration 1) time: 0.124 secs.
Rows Read: 5041, Total Rows Processed: 5041, Total Chunk Time: Less than .001 seconds 

Iteration 2 time: 0.249 secs.
Rows Read: 5041, Total Rows Processed: 5041, Total Chunk Time: 0.002 seconds 

Iteration 3 time: 0.092 secs.
Rows Read: 5041, Total Rows Processed: 5041, Total Chunk Time: 0.001 seconds 

Iteration 4 time: 0.094 secs.
Rows Read: 5041, Total Rows Processed: 5041, Total Chunk Time: 0.001 seconds 

Iteration 5 time: 0.008 secs.
Rows Read: 5041, Total Rows Processed: 5041, Total Chunk Time: Less than .001 seconds 

Iteration 6 time: 0.160 secs.

Elapsed computation time: 1.369 secs.

Elapsed computation time: 3.795 secs.
[1] "--------------------------------------------------------------------------------"
[1] "analyze.results.glm.step="
Logistic Regression Results for: RaceHorse.IsHitA ~
    OddsByWin.OddsLogit1
Data: data
Dependent variable(s): RaceHorse.IsHitA
Total independent variables: 2 
Number of valid observations: 5041
Number of missing observations: 0 
 
Coefficients:
                     RaceHorse.IsHitA
(Intercept)                       0.4
OddsByWin.OddsLogit1              1.2
[1] "analyze.results.glm.step.summary"
Call:
rxLogit(formula = formula, data = data, variableSelection = analyze.results.glm.step.varsel)

Logistic Regression Results for: RaceHorse.IsHitA ~
    OddsByWin.OddsLogit1
Data: data
Dependent variable(s): RaceHorse.IsHitA
Total independent variables: 2 
Number of valid observations: 5041
Number of missing observations: 0 
-2*LogLikelihood: 2288.311 (Residual deviance on 5039 degrees of freedom)
 
Coefficients:
                     Estimate Std. Error z value Pr(>|z|)    
(Intercept)            0.3862     0.1221    3.16   0.0016 ** 
OddsByWin.OddsLogit1   1.1956     0.0608   19.65  2.2e-16 ***
---
Signif. codes:  0 '***' 0.001 '**' 0.01 '*' 0.05 '.' 0.1 ' ' 1

Condition number of final variance-covariance matrix: 1 
Number of iterations: 6
[1] "--------------------------------------------------------------------------------"
[1] "2022-02-25 20:33:08 --- rxGlm with rxStepControl Finish ---"
[1] "2022-02-25 20:33:08 --- rxStepPlot Start ---"
[1] "pdfFilename=pdf_analyze_glm_Odds_Type35_rxStepPlot.pdf"
[1] "rxStepPlot="
[1] "2022-02-25 20:33:09 --- rxStepPlot Finish ---"
[1] "2022-02-25 20:33:09 --- save.image Start ---"
[1] "save.image"
[1] "rdataFilename=RData_analyze_glm_Odds_Type35.RData"
[1] "2022-02-25 20:33:09 --- save.image Finish ---"
[1] "2022-02-25 20:33:09 --- final Start ---"
[1] "--------------------------------------------------------------------------------"
[1] "nrow(data) final=5041"
[1] "--------------------------------------------------------------------------------"
[1] "2022-02-25 20:33:09 --- final Finish ---"
[1] "2022-02-25 20:33:10 --- analyze_glm.R Finished ---"
[1] "2022-02-25 20:33:10 --- log Finish ---"
