[1] "2022-02-21 22:08:07 --- D1115_analyze_glm_DataMiningTaisen_IsHitA_Type14 Start ---"
[1] "2022-02-21 22:08:07 --- Log Start ---"
[1] "2022-02-21 22:08:07 --- analyze_glm.R Start ---"
[1] "analyzeVersion=D1115"
[1] "analyzeCategory=analyze"
[1] "analyzeType=DataMiningTaisen"
[1] "analyzeFamily=IsHitA"
[1] "analyzeFunc=glm"
[1] "analyzeTrackTypeCd=1"
[1] "analyzeJyokenCd=4"
[1] "2022-02-21 22:08:07 --- source_function.R Start ---"
[1] "2022-02-21 22:08:07 --- source_function.R Finished ---"

> print(paste0(Sys.time(), " --- source_library.R Start ---"))
[1] "2022-02-21 22:08:07 --- source_library.R Start ---"

> require("RevoScaleR")

> print(paste0(Sys.time(), " --- source_library.R Finished ---"))
[1] "2022-02-21 22:08:08 --- source_library.R Finished ---"
[1] "2022-02-21 22:08:08 --- RxSqlServerData Start ---"
[1] "2022-02-21 22:08:08 --- RxInSqlServer Start ---"
[1] "2022-02-21 22:08:08 --- RxInSqlServer Finish ---"
[1] "2022-02-21 22:08:08 --- rxSetComputeContext Start ---"
[1] "2022-02-21 22:08:08 --- rxSetComputeContext Finish ---"
[1] "2022-02-21 22:08:08 --- RxSqlServerData Start ---"
[1] "sqlQuery=SELECT * FROM ViewAnalyzeD1115analyze01DataMiningTaisenType14"
[1] "2022-02-21 22:08:08 --- RxSqlServerData Finish ---"
[1] "2022-02-21 22:08:08 --- rxGetVarInfo Start ---"
[1] "2022-02-21 22:08:08 --- rxGetVarInfo Finish---"
[1] "2022-02-21 22:08:08 --- rxImport Start ---"
Rows Read: 30570, Total Rows Processed: 30570, Total Chunk Time: 0.501 seconds 
[1] "2022-02-21 22:08:10 --- rxImport Finish ---"
[1] "object.size(data) auto=3.8 Mb"
[1] "--------------------------------------------------------------------------------"
[1] "nrow(data) RxSqlServerData=30570"
[1] "--------------------------------------------------------------------------------"
[1] "str(data)="
'data.frame':	30570 obs. of  24 variables:
 $ Race.RaceId                      : Factor w/ 2247 levels "20160117-08-01-06-08",..: 2 2 2 2 2 2 2 2 2 2 ...
 $ Race.IsPredictedRace             : logi  TRUE TRUE TRUE TRUE TRUE TRUE ...
 $ Race.IsAnalyzeNormalPastAndFuture: logi  TRUE TRUE TRUE TRUE TRUE TRUE ...
 $ Race.IsAnalyzeNormalPast         : logi  TRUE TRUE TRUE TRUE TRUE TRUE ...
 $ Race.IsAnalyzeNormalFuture       : logi  FALSE FALSE FALSE FALSE FALSE FALSE ...
 $ Race.IsAnalyzeFullPastAndFuture  : logi  TRUE TRUE TRUE TRUE TRUE TRUE ...
 $ Race.IsAnalyzeFullPast           : logi  TRUE TRUE TRUE TRUE TRUE TRUE ...
 $ Race.IsAnalyzeFullFuture         : logi  FALSE FALSE FALSE FALSE FALSE FALSE ...
 $ Race.JyokenCd                    : Factor w/ 1 level "4": 1 1 1 1 1 1 1 1 1 1 ...
 $ Race.RaceType1Cd                 : Factor w/ 2 levels "1-4-X","1-4-E": 1 1 1 1 1 1 1 1 1 1 ...
 $ RaceHorse.RaceId                 : Factor w/ 2247 levels "20160117-08-01-06-08",..: 2 2 2 2 2 2 2 2 2 2 ...
 $ RaceHorse.KettoNum               : Factor w/ 6943 levels "2011103993","2011104269",..: 11 12 13 14 15 16 17 18 19 20 ...
 $ RaceHorse.IsHit1                 : int  0 0 0 0 0 0 0 1 0 0 ...
 $ RaceHorse.IsHit2                 : int  0 1 0 0 0 0 0 0 0 0 ...
 $ RaceHorse.IsHit3                 : int  0 0 0 0 0 0 0 0 0 0 ...
 $ RaceHorse.IsHit4                 : int  1 0 0 0 0 0 0 0 0 0 ...
 $ RaceHorse.IsHit5                 : int  0 0 0 0 0 0 0 0 0 0 ...
 $ RaceHorse.IsHit6                 : int  0 0 1 1 1 1 1 0 1 1 ...
 $ RaceHorse.IsValidRaceHorse       : logi  TRUE TRUE TRUE TRUE TRUE TRUE ...
 $ RaceHorse.IsHitA                 : int  0 0 0 0 0 0 0 1 0 0 ...
 $ RaceHorse.IsHitB                 : int  0 1 0 0 0 0 0 1 0 0 ...
 $ RaceHorse.IsHitC                 : int  0 1 0 0 0 0 0 1 0 0 ...
 $ DataMiningTaisen.TmScoreSdv      : num  1.075 1.043 -0.182 -1.111 0.705 ...
 $ EOF                              : int  1 1 1 1 1 1 1 1 1 1 ...
[1] "2022-02-21 22:08:11 --- RxSqlServerData Finish ---"
[1] "2022-02-21 22:08:11 --- subset Start ---"
[1] "--------------------------------------------------------------------------------"
[1] "nrow(data) subset before=30570"
[1] "nrow(data) subset after =30570"
[1] "nrow(data) subset diff =0"
[1] "--------------------------------------------------------------------------------"
[1] "2022-02-21 22:08:11 --- subset Finish---"
[1] "2022-02-21 22:08:11 --- transform Start ---"
[1] "--------------------------------------------------------------------------------"
[1] "nrow(data) transform before=30570"
[1] "nrow(data) transform after=30570"
[1] "nrow(data) transform diff=0"
[1] "--------------------------------------------------------------------------------"
[1] "str(data)="
'data.frame':	30570 obs. of  24 variables:
 $ Race.RaceId                      : Factor w/ 2247 levels "20160117-08-01-06-08",..: 2 2 2 2 2 2 2 2 2 2 ...
 $ Race.IsPredictedRace             : logi  TRUE TRUE TRUE TRUE TRUE TRUE ...
 $ Race.IsAnalyzeNormalPastAndFuture: logi  TRUE TRUE TRUE TRUE TRUE TRUE ...
 $ Race.IsAnalyzeNormalPast         : logi  TRUE TRUE TRUE TRUE TRUE TRUE ...
 $ Race.IsAnalyzeNormalFuture       : logi  FALSE FALSE FALSE FALSE FALSE FALSE ...
 $ Race.IsAnalyzeFullPastAndFuture  : logi  TRUE TRUE TRUE TRUE TRUE TRUE ...
 $ Race.IsAnalyzeFullPast           : logi  TRUE TRUE TRUE TRUE TRUE TRUE ...
 $ Race.IsAnalyzeFullFuture         : logi  FALSE FALSE FALSE FALSE FALSE FALSE ...
 $ Race.JyokenCd                    : Factor w/ 1 level "4": 1 1 1 1 1 1 1 1 1 1 ...
 $ Race.RaceType1Cd                 : Factor w/ 2 levels "1-4-X","1-4-E": 1 1 1 1 1 1 1 1 1 1 ...
 $ RaceHorse.RaceId                 : Factor w/ 2247 levels "20160117-08-01-06-08",..: 2 2 2 2 2 2 2 2 2 2 ...
 $ RaceHorse.KettoNum               : Factor w/ 6943 levels "2011103993","2011104269",..: 11 12 13 14 15 16 17 18 19 20 ...
 $ RaceHorse.IsHit1                 : int  0 0 0 0 0 0 0 1 0 0 ...
 $ RaceHorse.IsHit2                 : int  0 1 0 0 0 0 0 0 0 0 ...
 $ RaceHorse.IsHit3                 : int  0 0 0 0 0 0 0 0 0 0 ...
 $ RaceHorse.IsHit4                 : int  1 0 0 0 0 0 0 0 0 0 ...
 $ RaceHorse.IsHit5                 : int  0 0 0 0 0 0 0 0 0 0 ...
 $ RaceHorse.IsHit6                 : int  0 0 1 1 1 1 1 0 1 1 ...
 $ RaceHorse.IsValidRaceHorse       : logi  TRUE TRUE TRUE TRUE TRUE TRUE ...
 $ RaceHorse.IsHitA                 : int  0 0 0 0 0 0 0 1 0 0 ...
 $ RaceHorse.IsHitB                 : int  0 1 0 0 0 0 0 1 0 0 ...
 $ RaceHorse.IsHitC                 : int  0 1 0 0 0 0 0 1 0 0 ...
 $ DataMiningTaisen.TmScoreSdv      : num  1.075 1.043 -0.182 -1.111 0.705 ...
 $ EOF                              : int  1 1 1 1 1 1 1 1 1 1 ...
NULL
[1] "2022-02-21 22:08:11 --- transform Finish ---"
[1] "2022-02-21 22:08:11 --- na.omit Start ---"
[1] "--------------------------------------------------------------------------------"
[1] "nrow(data) na.omit before=30570"
[1] "nrow(data) na.omit after =30570"
[1] "nrow(data) na.omit diff =0"
[1] "--------------------------------------------------------------------------------"
'data.frame':	30570 obs. of  24 variables:
 $ Race.RaceId                      : Factor w/ 2247 levels "20160117-08-01-06-08",..: 2 2 2 2 2 2 2 2 2 2 ...
 $ Race.IsPredictedRace             : logi  TRUE TRUE TRUE TRUE TRUE TRUE ...
 $ Race.IsAnalyzeNormalPastAndFuture: logi  TRUE TRUE TRUE TRUE TRUE TRUE ...
 $ Race.IsAnalyzeNormalPast         : logi  TRUE TRUE TRUE TRUE TRUE TRUE ...
 $ Race.IsAnalyzeNormalFuture       : logi  FALSE FALSE FALSE FALSE FALSE FALSE ...
 $ Race.IsAnalyzeFullPastAndFuture  : logi  TRUE TRUE TRUE TRUE TRUE TRUE ...
 $ Race.IsAnalyzeFullPast           : logi  TRUE TRUE TRUE TRUE TRUE TRUE ...
 $ Race.IsAnalyzeFullFuture         : logi  FALSE FALSE FALSE FALSE FALSE FALSE ...
 $ Race.JyokenCd                    : Factor w/ 1 level "4": 1 1 1 1 1 1 1 1 1 1 ...
 $ Race.RaceType1Cd                 : Factor w/ 2 levels "1-4-X","1-4-E": 1 1 1 1 1 1 1 1 1 1 ...
 $ RaceHorse.RaceId                 : Factor w/ 2247 levels "20160117-08-01-06-08",..: 2 2 2 2 2 2 2 2 2 2 ...
 $ RaceHorse.KettoNum               : Factor w/ 6943 levels "2011103993","2011104269",..: 11 12 13 14 15 16 17 18 19 20 ...
 $ RaceHorse.IsHit1                 : int  0 0 0 0 0 0 0 1 0 0 ...
 $ RaceHorse.IsHit2                 : int  0 1 0 0 0 0 0 0 0 0 ...
 $ RaceHorse.IsHit3                 : int  0 0 0 0 0 0 0 0 0 0 ...
 $ RaceHorse.IsHit4                 : int  1 0 0 0 0 0 0 0 0 0 ...
 $ RaceHorse.IsHit5                 : int  0 0 0 0 0 0 0 0 0 0 ...
 $ RaceHorse.IsHit6                 : int  0 0 1 1 1 1 1 0 1 1 ...
 $ RaceHorse.IsValidRaceHorse       : logi  TRUE TRUE TRUE TRUE TRUE TRUE ...
 $ RaceHorse.IsHitA                 : int  0 0 0 0 0 0 0 1 0 0 ...
 $ RaceHorse.IsHitB                 : int  0 1 0 0 0 0 0 1 0 0 ...
 $ RaceHorse.IsHitC                 : int  0 1 0 0 0 0 0 1 0 0 ...
 $ DataMiningTaisen.TmScoreSdv      : num  1.075 1.043 -0.182 -1.111 0.705 ...
 $ EOF                              : int  1 1 1 1 1 1 1 1 1 1 ...
[1] "2022-02-21 22:08:12 --- na.omit Finish ---"
[1] "2022-02-21 22:08:12 --- rxGlm with rxStepControl Start ---"

> print(paste0(Sys.time(), " --- source_logic_glm.R Start ---"))
[1] "2022-02-21 22:08:12 --- source_logic_glm.R Start ---"

> formula <- formula(RaceHorse.IsHitA ~ +1 + DataMiningTaisen.TmScoreSdv)

> print(paste0(Sys.time(), " --- source_logic_glm.R Finished ---"))
[1] "2022-02-21 22:08:12 --- source_logic_glm.R Finished ---"
Rows Read: 30570, Total Rows Processed: 30570, Total Chunk Time: 0.002 seconds 

Starting values (iteration 1) time: 0.015 secs.
Rows Read: 30570, Total Rows Processed: 30570, Total Chunk Time: 0.002 seconds 

Iteration 2 time: 0.008 secs.
Rows Read: 30570, Total Rows Processed: 30570, Total Chunk Time: 0.002 seconds 

Iteration 3 time: 0.006 secs.
Rows Read: 30570, Total Rows Processed: 30570, Total Chunk Time: 0.002 seconds 

Iteration 4 time: 0.005 secs.
Rows Read: 30570, Total Rows Processed: 30570, Total Chunk Time: 0.002 seconds 

Iteration 5 time: 0.006 secs.
Rows Read: 30570, Total Rows Processed: 30570, Total Chunk Time: 0.003 seconds 

Iteration 6 time: 0.005 secs.

Elapsed computation time: 0.079 secs.
Rows Read: 30570, Total Rows Processed: 30570, Total Chunk Time: 0.001 seconds 

Starting values (iteration 1) time: 0.007 secs.
Rows Read: 30570, Total Rows Processed: 30570, Total Chunk Time: 0.002 seconds 

Iteration 2 time: 0.006 secs.

Elapsed computation time: 0.026 secs.
Rows Read: 30570, Total Rows Processed: 30570, Total Chunk Time: 0.002 seconds 

Starting values (iteration 1) time: 0.007 secs.
Rows Read: 30570, Total Rows Processed: 30570, Total Chunk Time: 0.002 seconds 

Iteration 2 time: 0.006 secs.
Rows Read: 30570, Total Rows Processed: 30570, Total Chunk Time: 0.002 seconds 

Iteration 3 time: 0.004 secs.
Rows Read: 30570, Total Rows Processed: 30570, Total Chunk Time: 0.003 seconds 

Iteration 4 time: 0.008 secs.
Rows Read: 30570, Total Rows Processed: 30570, Total Chunk Time: 0.003 seconds 

Iteration 5 time: 0.005 secs.
Rows Read: 30570, Total Rows Processed: 30570, Total Chunk Time: 0.002 seconds 

Iteration 6 time: 0.006 secs.

Elapsed computation time: 0.081 secs.

Elapsed computation time: 0.210 secs.
[1] "--------------------------------------------------------------------------------"
[1] "analyze.results.glm.step="
Logistic Regression Results for: RaceHorse.IsHitA ~
    DataMiningTaisen.TmScoreSdv
Data: data
Dependent variable(s): RaceHorse.IsHitA
Total independent variables: 2 
Number of valid observations: 30570
Number of missing observations: 0 
 
Coefficients:
                            RaceHorse.IsHitA
(Intercept)                               -3
DataMiningTaisen.TmScoreSdv                1
[1] "analyze.results.glm.step.summary"
Call:
rxLogit(formula = formula, data = data, variableSelection = analyze.results.glm.step.varsel)

Logistic Regression Results for: RaceHorse.IsHitA ~
    DataMiningTaisen.TmScoreSdv
Data: data
Dependent variable(s): RaceHorse.IsHitA
Total independent variables: 2 
Number of valid observations: 30570
Number of missing observations: 0 
-2*LogLikelihood: 14461.773 (Residual deviance on 30568 degrees of freedom)
 
Coefficients:
                            Estimate Std. Error z value Pr(>|z|)    
(Intercept)                  -2.9277     0.0303   -96.5  2.2e-16 ***
DataMiningTaisen.TmScoreSdv   1.0198     0.0285    35.8  2.2e-16 ***
---
Signif. codes:  0 '***' 0.001 '**' 0.01 '*' 0.05 '.' 0.1 ' ' 1

Condition number of final variance-covariance matrix: 1 
Number of iterations: 6
[1] "--------------------------------------------------------------------------------"
[1] "2022-02-21 22:08:12 --- rxGlm with rxStepControl Finish ---"
[1] "2022-02-21 22:08:12 --- rxStepPlot Start ---"
[1] "pdfFilename=pdf_analyze_glm_DataMiningTaisen_Type14_rxStepPlot.pdf"
[1] "rxStepPlot="
[1] "2022-02-21 22:08:12 --- rxStepPlot Finish ---"
[1] "2022-02-21 22:08:12 --- save.image Start ---"
[1] "save.image"
[1] "rdataFilename=RData_analyze_glm_DataMiningTaisen_Type14.RData"
[1] "2022-02-21 22:08:12 --- save.image Finish ---"
[1] "2022-02-21 22:08:12 --- final Start ---"
[1] "--------------------------------------------------------------------------------"
[1] "nrow(data) final=30570"
[1] "--------------------------------------------------------------------------------"
[1] "2022-02-21 22:08:12 --- final Finish ---"
[1] "2022-02-21 22:08:12 --- analyze_glm.R Finished ---"
[1] "2022-02-21 22:08:12 --- log Finish ---"
