[1] "2022-02-25 20:22:17 --- D1115_analyze_glm_Gen01_IsHitA_Type31 Start ---"
[1] "2022-02-25 20:22:17 --- Log Start ---"
[1] "2022-02-25 20:22:17 --- analyze_glm.R Start ---"
[1] "analyzeVersion=D1115"
[1] "analyzeCategory=analyze"
[1] "analyzeType=Gen01"
[1] "analyzeFamily=IsHitA"
[1] "analyzeFunc=glm"
[1] "analyzeTrackTypeCd=3"
[1] "analyzeJyokenCd=1"
[1] "2022-02-25 20:22:17 --- source_function.R Start ---"
[1] "2022-02-25 20:22:17 --- source_function.R Finished ---"

> print(paste0(Sys.time(), " --- source_library.R Start ---"))
[1] "2022-02-25 20:22:17 --- source_library.R Start ---"

> require("RevoScaleR")

> print(paste0(Sys.time(), " --- source_library.R Finished ---"))
[1] "2022-02-25 20:22:18 --- source_library.R Finished ---"
[1] "2022-02-25 20:22:18 --- RxSqlServerData Start ---"
[1] "2022-02-25 20:22:18 --- RxInSqlServer Start ---"
[1] "2022-02-25 20:22:18 --- RxInSqlServer Finish ---"
[1] "2022-02-25 20:22:18 --- rxSetComputeContext Start ---"
[1] "2022-02-25 20:22:18 --- rxSetComputeContext Finish ---"
[1] "2022-02-25 20:22:18 --- RxSqlServerData Start ---"
[1] "sqlQuery=SELECT * FROM ViewAnalyzeD1115analyze01Gen01Type31"
[1] "2022-02-25 20:22:18 --- RxSqlServerData Finish ---"
[1] "2022-02-25 20:22:18 --- rxGetVarInfo Start ---"
[1] "2022-02-25 20:22:19 --- rxGetVarInfo Finish---"
[1] "2022-02-25 20:22:19 --- rxImport Start ---"
Rows Read: 2259, Total Rows Processed: 2259, Total Chunk Time: 7.228 seconds 
[1] "2022-02-25 20:22:38 --- rxImport Finish ---"
[1] "object.size(data) auto=725.7 Kb"
[1] "--------------------------------------------------------------------------------"
[1] "nrow(data) RxSqlServerData=2259"
[1] "--------------------------------------------------------------------------------"
[1] "str(data)="
'data.frame':	2259 obs. of  44 variables:
 $ Race.RaceId                      : Factor w/ 213 levels "20160109-06-01-02-08",..: 1 1 1 2 3 3 3 3 4 4 ...
 $ Race.IsPredictedRace             : logi  TRUE TRUE TRUE TRUE TRUE TRUE ...
 $ Race.IsAnalyzeNormalPastAndFuture: logi  TRUE TRUE TRUE TRUE TRUE TRUE ...
 $ Race.IsAnalyzeNormalPast         : logi  TRUE TRUE TRUE TRUE TRUE TRUE ...
 $ Race.IsAnalyzeNormalFuture       : logi  FALSE FALSE FALSE FALSE FALSE FALSE ...
 $ Race.IsAnalyzeFullPastAndFuture  : logi  TRUE TRUE TRUE TRUE TRUE TRUE ...
 $ Race.IsAnalyzeFullPast           : logi  TRUE TRUE TRUE TRUE TRUE TRUE ...
 $ Race.IsAnalyzeFullFuture         : logi  FALSE FALSE FALSE FALSE FALSE FALSE ...
 $ Race.JyokenCd                    : Factor w/ 1 level "1": 1 1 1 1 1 1 1 1 1 1 ...
 $ Race.JyoType1Cd                  : Factor w/ 53 levels "3-06-3200-1-1",..: 1 1 1 2 3 3 3 3 4 4 ...
 $ Race.RaceType1Cd                 : Factor w/ 5 levels "3-1-E-3","3-1-X-3",..: 1 1 1 2 2 2 2 2 1 1 ...
 $ RaceHorse.RaceId                 : Factor w/ 213 levels "20160109-06-01-02-08",..: 1 1 1 2 3 3 3 3 4 4 ...
 $ RaceHorse.KettoNum               : Factor w/ 452 levels "2009103053","2010104479",..: 1 2 3 4 5 6 7 8 2 9 ...
 $ RaceHorse.IsHit1                 : num  0 0 0 0 0 0 0 1 0 0 ...
 $ RaceHorse.IsHit2                 : num  0 0 0 0 0 0 0 0 0 0 ...
 $ RaceHorse.IsHit3                 : num  0 1 0 0 1 0 0 0 0 0 ...
 $ RaceHorse.IsHit4                 : num  0 0 0 0 0 0 0 0 0 0 ...
 $ RaceHorse.IsHit5                 : num  0 0 1 0 0 0 1 0 0 0 ...
 $ RaceHorse.IsHit6                 : num  0 0 0 1 0 1 0 0 1 1 ...
 $ RaceHorse.IsValidRaceHorse       : logi  FALSE TRUE TRUE TRUE TRUE TRUE ...
 $ RaceHorse.TimeSdv                : num  NA 0.6331 0.4925 -0.1218 -0.0412 ...
 $ RaceHorse.IsHitA                 : num  0 0 0 0 0 0 0 1 0 0 ...
 $ RaceHorse.IsHitB                 : num  0 0 0 0 0 0 0 1 0 0 ...
 $ RaceHorse.IsHitC                 : num  0 1 0 0 1 0 0 1 0 0 ...
 $ Gen01.HansyokuNum                : Factor w/ 122 levels "11202004","11201964",..: 1 2 3 3 4 1 5 3 2 2 ...
 $ Gen01.TimeSdvByRaceAvg           : num  -0.1881 0.5274 0.0327 -0.0143 0.6358 ...
 $ Gen01.TimeSdvByRaceMin           : num  -2.346 -0.445 -1.136 -2.885 -0.894 ...
 $ Gen01.TimeSdvByRaceMax           : num  1.22 1.5 1.53 1.39 1.28 ...
 $ Gen01.TimeSdvAvg                 : num  -0.1711 0.2155 0.0397 -0.2667 0.6586 ...
 $ Gen01.TimeSdvMin                 : num  -2.601 -0.784 -0.719 -3.738 -0.189 ...
 $ Gen01.TimeSdvMax                 : num  1.09 1.66 1.52 1.39 1.43 ...
 $ Gen01.OrderOfFinishSdvAvg        : num  -0.2779 0.5705 0.0224 -0.0615 0.5427 ...
 $ Gen01.RunCount                   : num  11 8 19 46 9 37 4 47 9 9 ...
 $ Gen01.HitCount1                  : num  1 1 2 5 1 4 1 5 1 1 ...
 $ Gen01.HitCount2                  : num  0 1 3 1 3 3 2 1 1 1 ...
 $ Gen01.HitCount3                  : num  0 0 1 3 2 2 0 3 1 1 ...
 $ Gen01.HitCount4                  : num  0 3 1 3 0 2 0 3 3 3 ...
 $ Gen01.HitCount5                  : num  0 1 2 5 0 4 1 5 1 1 ...
 $ Gen01.HitRate1                   : num  0.0909 0.125 0.1053 0.1087 0.1111 ...
 $ Gen01.HitRate2                   : num  0 0.125 0.1579 0.0217 0.3333 ...
 $ Gen01.HitRate3                   : num  0 0 0.0526 0.0652 0.2222 ...
 $ Gen01.HitRate4                   : num  0 0.375 0.0526 0.0652 0 ...
 $ Gen01.HitRate5                   : num  0 0.125 0.105 0.109 0 ...
 $ EOF                              : int  1 1 1 1 1 1 1 1 1 1 ...
[1] "2022-02-25 20:23:17 --- RxSqlServerData Finish ---"
[1] "2022-02-25 20:23:18 --- subset Start ---"
[1] "--------------------------------------------------------------------------------"
[1] "nrow(data) subset before=2259"
[1] "nrow(data) subset after =2259"
[1] "nrow(data) subset diff =0"
[1] "--------------------------------------------------------------------------------"
[1] "2022-02-25 20:23:19 --- subset Finish---"
[1] "2022-02-25 20:23:19 --- transform Start ---"
[1] "--------------------------------------------------------------------------------"
[1] "nrow(data) transform before=2259"
[1] "nrow(data) transform after=2259"
[1] "nrow(data) transform diff=0"
[1] "--------------------------------------------------------------------------------"
[1] "str(data)="
'data.frame':	2259 obs. of  44 variables:
 $ Race.RaceId                      : Factor w/ 213 levels "20160109-06-01-02-08",..: 1 1 1 2 3 3 3 3 4 4 ...
 $ Race.IsPredictedRace             : logi  TRUE TRUE TRUE TRUE TRUE TRUE ...
 $ Race.IsAnalyzeNormalPastAndFuture: logi  TRUE TRUE TRUE TRUE TRUE TRUE ...
 $ Race.IsAnalyzeNormalPast         : logi  TRUE TRUE TRUE TRUE TRUE TRUE ...
 $ Race.IsAnalyzeNormalFuture       : logi  FALSE FALSE FALSE FALSE FALSE FALSE ...
 $ Race.IsAnalyzeFullPastAndFuture  : logi  TRUE TRUE TRUE TRUE TRUE TRUE ...
 $ Race.IsAnalyzeFullPast           : logi  TRUE TRUE TRUE TRUE TRUE TRUE ...
 $ Race.IsAnalyzeFullFuture         : logi  FALSE FALSE FALSE FALSE FALSE FALSE ...
 $ Race.JyokenCd                    : Factor w/ 1 level "1": 1 1 1 1 1 1 1 1 1 1 ...
 $ Race.JyoType1Cd                  : Factor w/ 53 levels "3-06-3200-1-1",..: 1 1 1 2 3 3 3 3 4 4 ...
 $ Race.RaceType1Cd                 : Factor w/ 5 levels "3-1-E-3","3-1-X-3",..: 1 1 1 2 2 2 2 2 1 1 ...
 $ RaceHorse.RaceId                 : Factor w/ 213 levels "20160109-06-01-02-08",..: 1 1 1 2 3 3 3 3 4 4 ...
 $ RaceHorse.KettoNum               : Factor w/ 452 levels "2009103053","2010104479",..: 1 2 3 4 5 6 7 8 2 9 ...
 $ RaceHorse.IsHit1                 : num  0 0 0 0 0 0 0 1 0 0 ...
 $ RaceHorse.IsHit2                 : num  0 0 0 0 0 0 0 0 0 0 ...
 $ RaceHorse.IsHit3                 : num  0 1 0 0 1 0 0 0 0 0 ...
 $ RaceHorse.IsHit4                 : num  0 0 0 0 0 0 0 0 0 0 ...
 $ RaceHorse.IsHit5                 : num  0 0 1 0 0 0 1 0 0 0 ...
 $ RaceHorse.IsHit6                 : num  0 0 0 1 0 1 0 0 1 1 ...
 $ RaceHorse.IsValidRaceHorse       : logi  FALSE TRUE TRUE TRUE TRUE TRUE ...
 $ RaceHorse.TimeSdv                : num  NA 0.6331 0.4925 -0.1218 -0.0412 ...
 $ RaceHorse.IsHitA                 : num  0 0 0 0 0 0 0 1 0 0 ...
 $ RaceHorse.IsHitB                 : num  0 0 0 0 0 0 0 1 0 0 ...
 $ RaceHorse.IsHitC                 : num  0 1 0 0 1 0 0 1 0 0 ...
 $ Gen01.HansyokuNum                : Factor w/ 122 levels "11202004","11201964",..: 1 2 3 3 4 1 5 3 2 2 ...
 $ Gen01.TimeSdvByRaceAvg           : num  -0.1881 0.5274 0.0327 -0.0143 0.6358 ...
 $ Gen01.TimeSdvByRaceMin           : num  -2.346 -0.445 -1.136 -2.885 -0.894 ...
 $ Gen01.TimeSdvByRaceMax           : num  1.22 1.5 1.53 1.39 1.28 ...
 $ Gen01.TimeSdvAvg                 : num  -0.1711 0.2155 0.0397 -0.2667 0.6586 ...
 $ Gen01.TimeSdvMin                 : num  -2.601 -0.784 -0.719 -3.738 -0.189 ...
 $ Gen01.TimeSdvMax                 : num  1.09 1.66 1.52 1.39 1.43 ...
 $ Gen01.OrderOfFinishSdvAvg        : num  -0.2779 0.5705 0.0224 -0.0615 0.5427 ...
 $ Gen01.RunCount                   : num  11 8 19 46 9 37 4 47 9 9 ...
 $ Gen01.HitCount1                  : num  1 1 2 5 1 4 1 5 1 1 ...
 $ Gen01.HitCount2                  : num  0 1 3 1 3 3 2 1 1 1 ...
 $ Gen01.HitCount3                  : num  0 0 1 3 2 2 0 3 1 1 ...
 $ Gen01.HitCount4                  : num  0 3 1 3 0 2 0 3 3 3 ...
 $ Gen01.HitCount5                  : num  0 1 2 5 0 4 1 5 1 1 ...
 $ Gen01.HitRate1                   : num  0.0909 0.125 0.1053 0.1087 0.1111 ...
 $ Gen01.HitRate2                   : num  0 0.125 0.1579 0.0217 0.3333 ...
 $ Gen01.HitRate3                   : num  0 0 0.0526 0.0652 0.2222 ...
 $ Gen01.HitRate4                   : num  0 0.375 0.0526 0.0652 0 ...
 $ Gen01.HitRate5                   : num  0 0.125 0.105 0.109 0 ...
 $ EOF                              : int  1 1 1 1 1 1 1 1 1 1 ...
NULL
[1] "2022-02-25 20:24:14 --- transform Finish ---"
[1] "2022-02-25 20:24:14 --- na.omit Start ---"
[1] "--------------------------------------------------------------------------------"
[1] "nrow(data) na.omit before=2259"
[1] "nrow(data) na.omit after =2156"
[1] "nrow(data) na.omit diff =103"
[1] "--------------------------------------------------------------------------------"
'data.frame':	2156 obs. of  44 variables:
 $ Race.RaceId                      : Factor w/ 213 levels "20160109-06-01-02-08",..: 1 1 2 3 3 3 3 4 4 5 ...
 $ Race.IsPredictedRace             : logi  TRUE TRUE TRUE TRUE TRUE TRUE ...
 $ Race.IsAnalyzeNormalPastAndFuture: logi  TRUE TRUE TRUE TRUE TRUE TRUE ...
 $ Race.IsAnalyzeNormalPast         : logi  TRUE TRUE TRUE TRUE TRUE TRUE ...
 $ Race.IsAnalyzeNormalFuture       : logi  FALSE FALSE FALSE FALSE FALSE FALSE ...
 $ Race.IsAnalyzeFullPastAndFuture  : logi  TRUE TRUE TRUE TRUE TRUE TRUE ...
 $ Race.IsAnalyzeFullPast           : logi  TRUE TRUE TRUE TRUE TRUE TRUE ...
 $ Race.IsAnalyzeFullFuture         : logi  FALSE FALSE FALSE FALSE FALSE FALSE ...
 $ Race.JyokenCd                    : Factor w/ 1 level "1": 1 1 1 1 1 1 1 1 1 1 ...
 $ Race.JyoType1Cd                  : Factor w/ 53 levels "3-06-3200-1-1",..: 1 1 2 3 3 3 3 4 4 5 ...
 $ Race.RaceType1Cd                 : Factor w/ 5 levels "3-1-E-3","3-1-X-3",..: 1 1 2 2 2 2 2 1 1 1 ...
 $ RaceHorse.RaceId                 : Factor w/ 213 levels "20160109-06-01-02-08",..: 1 1 2 3 3 3 3 4 4 5 ...
 $ RaceHorse.KettoNum               : Factor w/ 452 levels "2009103053","2010104479",..: 2 3 4 5 6 7 8 2 9 7 ...
 $ RaceHorse.IsHit1                 : num  0 0 0 0 0 0 1 0 0 0 ...
 $ RaceHorse.IsHit2                 : num  0 0 0 0 0 0 0 0 0 0 ...
 $ RaceHorse.IsHit3                 : num  1 0 0 1 0 0 0 0 0 0 ...
 $ RaceHorse.IsHit4                 : num  0 0 0 0 0 0 0 0 0 0 ...
 $ RaceHorse.IsHit5                 : num  0 1 0 0 0 1 0 0 0 0 ...
 $ RaceHorse.IsHit6                 : num  0 0 1 0 1 0 0 1 1 1 ...
 $ RaceHorse.IsValidRaceHorse       : logi  TRUE TRUE TRUE TRUE TRUE TRUE ...
 $ RaceHorse.TimeSdv                : num  0.6331 0.4925 -0.1218 -0.0412 -0.2003 ...
 $ RaceHorse.IsHitA                 : num  0 0 0 0 0 0 1 0 0 0 ...
 $ RaceHorse.IsHitB                 : num  0 0 0 0 0 0 1 0 0 0 ...
 $ RaceHorse.IsHitC                 : num  1 0 0 1 0 0 1 0 0 0 ...
 $ Gen01.HansyokuNum                : Factor w/ 122 levels "11202004","11201964",..: 2 3 3 4 1 5 3 2 2 5 ...
 $ Gen01.TimeSdvByRaceAvg           : num  0.5274 0.0327 -0.0143 0.6358 -0.0198 ...
 $ Gen01.TimeSdvByRaceMin           : num  -0.445 -1.136 -2.885 -0.894 -2.492 ...
 $ Gen01.TimeSdvByRaceMax           : num  1.5 1.53 1.39 1.28 1.99 ...
 $ Gen01.TimeSdvAvg                 : num  0.2155 0.0397 -0.2667 0.6586 -0.0278 ...
 $ Gen01.TimeSdvMin                 : num  -0.784 -0.719 -3.738 -0.189 -1.983 ...
 $ Gen01.TimeSdvMax                 : num  1.66 1.52 1.39 1.43 1.47 ...
 $ Gen01.OrderOfFinishSdvAvg        : num  0.5705 0.0224 -0.0615 0.5427 -0.053 ...
 $ Gen01.RunCount                   : num  8 19 46 9 37 4 47 9 9 3 ...
 $ Gen01.HitCount1                  : num  1 2 5 1 4 1 5 1 1 0 ...
 $ Gen01.HitCount2                  : num  1 3 1 3 3 2 1 1 1 0 ...
 $ Gen01.HitCount3                  : num  0 1 3 2 2 0 3 1 1 1 ...
 $ Gen01.HitCount4                  : num  3 1 3 0 2 0 3 3 3 0 ...
 $ Gen01.HitCount5                  : num  1 2 5 0 4 1 5 1 1 0 ...
 $ Gen01.HitRate1                   : num  0.125 0.105 0.109 0.111 0.108 ...
 $ Gen01.HitRate2                   : num  0.125 0.1579 0.0217 0.3333 0.0811 ...
 $ Gen01.HitRate3                   : num  0 0.0526 0.0652 0.2222 0.0541 ...
 $ Gen01.HitRate4                   : num  0.375 0.0526 0.0652 0 0.0541 ...
 $ Gen01.HitRate5                   : num  0.125 0.105 0.109 0 0.108 ...
 $ EOF                              : int  1 1 1 1 1 1 1 1 1 1 ...
 - attr(*, "na.action")= 'omit' Named int  1 52 112 120 131 132 145 162 186 211 ...
  ..- attr(*, "names")= chr  "1" "52" "112" "120" ...
[1] "2022-02-25 20:24:23 --- na.omit Finish ---"
[1] "2022-02-25 20:24:23 --- rxGlm with rxStepControl Start ---"

> print(paste0(Sys.time(), " --- source_logic_glm.R Start ---"))
[1] "2022-02-25 20:24:23 --- source_logic_glm.R Start ---"

> formula <- formula(RaceHorse.IsHitA ~ +1 + Gen01.TimeSdvAvg)

> print(paste0(Sys.time(), " --- source_logic_glm.R Finished ---"))
[1] "2022-02-25 20:24:23 --- source_logic_glm.R Finished ---"
Rows Read: 2156, Total Rows Processed: 2156, Total Chunk Time: 0.001 seconds 

Starting values (iteration 1) time: 0.007 secs.
Rows Read: 2156, Total Rows Processed: 2156, Total Chunk Time: Less than .001 seconds 

Iteration 2 time: 0.008 secs.
Rows Read: 2156, Total Rows Processed: 2156, Total Chunk Time: Less than .001 seconds 

Iteration 3 time: 0.006 secs.
Rows Read: 2156, Total Rows Processed: 2156, Total Chunk Time: 0.002 seconds 

Iteration 4 time: 0.007 secs.

Elapsed computation time: 0.094 secs.
Rows Read: 2156, Total Rows Processed: 2156, Total Chunk Time: 0.001 seconds 

Starting values (iteration 1) time: 0.004 secs.
Rows Read: 2156, Total Rows Processed: 2156, Total Chunk Time: 0.001 seconds 

Iteration 2 time: 0.007 secs.

Elapsed computation time: 0.026 secs.
Rows Read: 2156, Total Rows Processed: 2156, Total Chunk Time: 0.001 seconds 

Starting values (iteration 1) time: 0.005 secs.
Rows Read: 2156, Total Rows Processed: 2156, Total Chunk Time: 0.002 seconds 

Iteration 2 time: 0.007 secs.
Rows Read: 2156, Total Rows Processed: 2156, Total Chunk Time: 0.001 seconds 

Iteration 3 time: 0.005 secs.
Rows Read: 2156, Total Rows Processed: 2156, Total Chunk Time: 0.002 seconds 

Iteration 4 time: 0.005 secs.

Elapsed computation time: 0.047 secs.

Elapsed computation time: 0.187 secs.
[1] "--------------------------------------------------------------------------------"
[1] "analyze.results.glm.step="
Logistic Regression Results for: RaceHorse.IsHitA ~ Gen01.TimeSdvAvg
Data: data
Dependent variable(s): RaceHorse.IsHitA
Total independent variables: 2 
Number of valid observations: 2156
Number of missing observations: 0 
 
Coefficients:
                 RaceHorse.IsHitA
(Intercept)                  -2.3
Gen01.TimeSdvAvg              0.5
[1] "analyze.results.glm.step.summary"
Call:
rxLogit(formula = formula, data = data, variableSelection = analyze.results.glm.step.varsel)

Logistic Regression Results for: RaceHorse.IsHitA ~ Gen01.TimeSdvAvg
Data: data
Dependent variable(s): RaceHorse.IsHitA
Total independent variables: 2 
Number of valid observations: 2156
Number of missing observations: 0 
-2*LogLikelihood: 1302.868 (Residual deviance on 2154 degrees of freedom)
 
Coefficients:
                 Estimate Std. Error z value Pr(>|z|)    
(Intercept)        -2.345      0.078  -30.06  2.2e-16 ***
Gen01.TimeSdvAvg    0.498      0.157    3.18   0.0015 ** 
---
Signif. codes:  0 '***' 0.001 '**' 0.01 '*' 0.05 '.' 0.1 ' ' 1

Condition number of final variance-covariance matrix: 1 
Number of iterations: 4
[1] "--------------------------------------------------------------------------------"
[1] "2022-02-25 20:24:23 --- rxGlm with rxStepControl Finish ---"
[1] "2022-02-25 20:24:23 --- rxStepPlot Start ---"
[1] "pdfFilename=pdf_analyze_glm_Gen01_Type31_rxStepPlot.pdf"
[1] "rxStepPlot="
[1] "2022-02-25 20:24:24 --- rxStepPlot Finish ---"
[1] "2022-02-25 20:24:25 --- save.image Start ---"
[1] "save.image"
[1] "rdataFilename=RData_analyze_glm_Gen01_Type31.RData"
[1] "2022-02-25 20:24:28 --- save.image Finish ---"
[1] "2022-02-25 20:24:28 --- final Start ---"
[1] "--------------------------------------------------------------------------------"
[1] "nrow(data) final=2156"
[1] "--------------------------------------------------------------------------------"
[1] "2022-02-25 20:24:28 --- final Finish ---"
[1] "2022-02-25 20:24:28 --- analyze_glm.R Finished ---"
[1] "2022-02-25 20:24:28 --- log Finish ---"
