[1] "2022-03-08 18:55:04 --- D1115_analyze_glm_Horse_IsHitA_Type15 Start ---"
[1] "2022-03-08 18:55:04 --- Log Start ---"
[1] "2022-03-08 18:55:04 --- analyze_glm.R Start ---"
[1] "analyzeVersion=D1115"
[1] "analyzeCategory=analyze"
[1] "analyzeType=Horse"
[1] "analyzeFamily=IsHitA"
[1] "analyzeFunc=glm"
[1] "analyzeTrackTypeCd=1"
[1] "analyzeJyokenCd=5"
[1] "2022-03-08 18:55:04 --- source_function.R Start ---"
[1] "2022-03-08 18:55:04 --- source_function.R Finished ---"

> print(paste0(Sys.time(), " --- source_library.R Start ---"))
[1] "2022-03-08 18:55:04 --- source_library.R Start ---"

> require("RevoScaleR")

> print(paste0(Sys.time(), " --- source_library.R Finished ---"))
[1] "2022-03-08 18:55:05 --- source_library.R Finished ---"
[1] "2022-03-08 18:55:05 --- RxSqlServerData Start ---"
[1] "2022-03-08 18:55:05 --- RxInSqlServer Start ---"
[1] "2022-03-08 18:55:05 --- RxInSqlServer Finish ---"
[1] "2022-03-08 18:55:05 --- rxSetComputeContext Start ---"
[1] "2022-03-08 18:55:05 --- rxSetComputeContext Finish ---"
[1] "2022-03-08 18:55:05 --- RxSqlServerData Start ---"
[1] "sqlQuery=SELECT * FROM ViewAnalyzeD1115analyze01HorseType15"
[1] "2022-03-08 18:55:05 --- RxSqlServerData Finish ---"
[1] "2022-03-08 18:55:05 --- rxGetVarInfo Start ---"
[1] "2022-03-08 18:55:07 --- rxGetVarInfo Finish---"
[1] "2022-03-08 18:55:07 --- rxImport Start ---"
Rows Read: 32808, Total Rows Processed: 32808, Total Chunk Time: 3.091 seconds 
[1] "2022-03-08 18:55:14 --- rxImport Finish ---"
[1] "object.size(data) auto=12.2 Mb"
[1] "--------------------------------------------------------------------------------"
[1] "nrow(data) RxSqlServerData=32808"
[1] "--------------------------------------------------------------------------------"
[1] "str(data)="
'data.frame':	32808 obs. of  48 variables:
 $ Race.RaceId                      : Factor w/ 2474 levels "20160105-06-01-01-05",..: 1 2 3 8 4 5 9 7 7 7 ...
 $ Race.IsAnalyzeNormalPastAndFuture: logi  TRUE TRUE TRUE TRUE TRUE TRUE ...
 $ Race.IsAnalyzeNormalPast         : logi  TRUE TRUE TRUE TRUE TRUE TRUE ...
 $ Race.IsAnalyzeNormalFuture       : logi  FALSE FALSE FALSE FALSE FALSE FALSE ...
 $ Race.IsAnalyzeFullPastAndFuture  : logi  TRUE TRUE TRUE TRUE TRUE TRUE ...
 $ Race.IsAnalyzeFullPast           : logi  TRUE TRUE TRUE TRUE TRUE TRUE ...
 $ Race.IsAnalyzeFullFuture         : logi  FALSE FALSE FALSE FALSE FALSE FALSE ...
 $ Race.JyokenCd                    : Factor w/ 1 level "5": 1 1 1 1 1 1 1 1 1 1 ...
 $ Race.JyoType1Cd                  : Factor w/ 175 levels "17-06-2000-1",..: 1 2 3 6 4 2 1 5 5 5 ...
 $ Race.RaceType1Cd                 : Factor w/ 2 levels "1-5-12","1-5-11": 1 1 1 1 1 1 1 1 1 1 ...
 $ RaceHorse.RaceId                 : Factor w/ 2474 levels "20160105-06-01-01-05",..: 1 2 3 8 4 5 9 7 7 7 ...
 $ RaceHorse.KettoNum               : Factor w/ 12185 levels "2013102589","2013104792",..: 11 12 13 14 15 16 17 18 19 20 ...
 $ RaceHorse.IsHit1                 : num  0 0 0 0 0 0 1 0 0 0 ...
 $ RaceHorse.IsHit2                 : num  0 0 0 1 0 0 0 0 0 0 ...
 $ RaceHorse.IsHit3                 : num  1 0 0 0 0 0 0 0 0 0 ...
 $ RaceHorse.IsHit4                 : num  0 1 0 0 0 0 0 0 0 0 ...
 $ RaceHorse.IsHit5                 : num  0 0 0 0 0 1 0 1 0 0 ...
 $ RaceHorse.IsHit6                 : num  0 0 1 0 1 0 0 0 1 1 ...
 $ RaceHorse.IsValidRaceHorse       : logi  TRUE TRUE TRUE TRUE FALSE TRUE ...
 $ RaceHorse.FinishTimeSdvByRace    : num  1.332 0.91 0.598 1.394 -0.198 ...
 $ RaceHorse.FirstTimeSdvByRace     : num  0.169 0.365 0.317 0.267 -0.624 ...
 $ RaceHorse.LastTimeSdvByRace      : num  1.164 0.448 0.508 1.182 0.178 ...
 $ RaceHorse.FinishTimeSdv          : num  0.988 -0.275 0.619 0.244 -1.583 ...
 $ RaceHorse.FirstTimeSdv           : num  0.6864 -0.4594 0.0807 0.1851 -2.2554 ...
 $ RaceHorse.LastTimeSdv            : num  0.683 0.198 0.723 0.124 0.414 ...
 $ RaceHorse.IsHitA                 : num  0 0 0 0 0 0 1 0 0 0 ...
 $ RaceHorse.IsHitB                 : num  0 0 0 1 0 0 1 0 0 0 ...
 $ RaceHorse.IsHitC                 : num  1 0 0 1 0 0 1 0 0 0 ...
 $ Horse.KettoNum                   : Factor w/ 12185 levels "2013102589","2013104792",..: 11 12 13 14 15 16 17 18 19 20 ...
 $ Horse.FinishTimeSdvByRaceAvg     : num  1.6268 0.72693 0.53745 0.85118 -0.00634 ...
 $ Horse.FirstTimeSdvByRaceAvg      : num  0.902 0.236 0.545 0.751 -1.021 ...
 $ Horse.LastTimeSdvByRaceAvg       : num  0.802 0.698 0.144 0.638 0.379 ...
 $ Horse.FinishTimeSdvAvg           : num  0.0204 0.4471 0.1633 -0.1442 -0.5348 ...
 $ Horse.FirstTimeSdvAvg            : num  -0.0454 -0.0128 0.3221 -0.298 -0.9522 ...
 $ Horse.LastTimeSdvAvg             : num  0.103 0.571 -0.113 0.28 0.397 ...
 $ Horse.RealOddsLog1Avg            : num  2.58 3.43 1.62 3.19 4.83 ...
 $ Horse.RunCount                   : num  1 1 2 3 2 3 1 1 6 1 ...
 $ Horse.HitCount1                  : num  0 0 0 0 0 0 0 0 0 0 ...
 $ Horse.HitCount2                  : num  1 0 1 1 0 1 1 0 0 0 ...
 $ Horse.HitCount3                  : num  0 0 0 0 0 2 0 0 1 0 ...
 $ Horse.HitCount4                  : num  0 1 0 1 0 0 0 1 0 0 ...
 $ Horse.HitCount5                  : num  0 0 0 1 0 0 0 0 4 0 ...
 $ Horse.HitRate1                   : num  0 0 0 0 0 0 0 0 0 0 ...
 $ Horse.HitRate2                   : num  1 0 0.5 0.333 0 ...
 $ Horse.HitRate3                   : num  0 0 0 0 0 ...
 $ Horse.HitRate4                   : num  0 1 0 0.333 0 ...
 $ Horse.HitRate5                   : num  0 0 0 0.333 0 ...
 $ EOF                              : int  1 1 1 1 1 1 1 1 1 1 ...
[1] "2022-03-08 18:55:14 --- RxSqlServerData Finish ---"
[1] "2022-03-08 18:55:14 --- subset Start ---"
[1] "--------------------------------------------------------------------------------"
[1] "nrow(data) subset before=32808"
[1] "nrow(data) subset after =32808"
[1] "nrow(data) subset diff =0"
[1] "--------------------------------------------------------------------------------"
[1] "2022-03-08 18:55:14 --- subset Finish---"
[1] "2022-03-08 18:55:14 --- transform Start ---"
[1] "--------------------------------------------------------------------------------"
[1] "nrow(data) transform before=32808"
[1] "nrow(data) transform after=32808"
[1] "nrow(data) transform diff=0"
[1] "--------------------------------------------------------------------------------"
[1] "str(data)="
'data.frame':	32808 obs. of  48 variables:
 $ Race.RaceId                      : Factor w/ 2474 levels "20160105-06-01-01-05",..: 1 2 3 8 4 5 9 7 7 7 ...
 $ Race.IsAnalyzeNormalPastAndFuture: logi  TRUE TRUE TRUE TRUE TRUE TRUE ...
 $ Race.IsAnalyzeNormalPast         : logi  TRUE TRUE TRUE TRUE TRUE TRUE ...
 $ Race.IsAnalyzeNormalFuture       : logi  FALSE FALSE FALSE FALSE FALSE FALSE ...
 $ Race.IsAnalyzeFullPastAndFuture  : logi  TRUE TRUE TRUE TRUE TRUE TRUE ...
 $ Race.IsAnalyzeFullPast           : logi  TRUE TRUE TRUE TRUE TRUE TRUE ...
 $ Race.IsAnalyzeFullFuture         : logi  FALSE FALSE FALSE FALSE FALSE FALSE ...
 $ Race.JyokenCd                    : Factor w/ 1 level "5": 1 1 1 1 1 1 1 1 1 1 ...
 $ Race.JyoType1Cd                  : Factor w/ 175 levels "17-06-2000-1",..: 1 2 3 6 4 2 1 5 5 5 ...
 $ Race.RaceType1Cd                 : Factor w/ 2 levels "1-5-12","1-5-11": 1 1 1 1 1 1 1 1 1 1 ...
 $ RaceHorse.RaceId                 : Factor w/ 2474 levels "20160105-06-01-01-05",..: 1 2 3 8 4 5 9 7 7 7 ...
 $ RaceHorse.KettoNum               : Factor w/ 12185 levels "2013102589","2013104792",..: 11 12 13 14 15 16 17 18 19 20 ...
 $ RaceHorse.IsHit1                 : num  0 0 0 0 0 0 1 0 0 0 ...
 $ RaceHorse.IsHit2                 : num  0 0 0 1 0 0 0 0 0 0 ...
 $ RaceHorse.IsHit3                 : num  1 0 0 0 0 0 0 0 0 0 ...
 $ RaceHorse.IsHit4                 : num  0 1 0 0 0 0 0 0 0 0 ...
 $ RaceHorse.IsHit5                 : num  0 0 0 0 0 1 0 1 0 0 ...
 $ RaceHorse.IsHit6                 : num  0 0 1 0 1 0 0 0 1 1 ...
 $ RaceHorse.IsValidRaceHorse       : logi  TRUE TRUE TRUE TRUE FALSE TRUE ...
 $ RaceHorse.FinishTimeSdvByRace    : num  1.332 0.91 0.598 1.394 -0.198 ...
 $ RaceHorse.FirstTimeSdvByRace     : num  0.169 0.365 0.317 0.267 -0.624 ...
 $ RaceHorse.LastTimeSdvByRace      : num  1.164 0.448 0.508 1.182 0.178 ...
 $ RaceHorse.FinishTimeSdv          : num  0.988 -0.275 0.619 0.244 -1.583 ...
 $ RaceHorse.FirstTimeSdv           : num  0.6864 -0.4594 0.0807 0.1851 -2.2554 ...
 $ RaceHorse.LastTimeSdv            : num  0.683 0.198 0.723 0.124 0.414 ...
 $ RaceHorse.IsHitA                 : num  0 0 0 0 0 0 1 0 0 0 ...
 $ RaceHorse.IsHitB                 : num  0 0 0 1 0 0 1 0 0 0 ...
 $ RaceHorse.IsHitC                 : num  1 0 0 1 0 0 1 0 0 0 ...
 $ Horse.KettoNum                   : Factor w/ 12185 levels "2013102589","2013104792",..: 11 12 13 14 15 16 17 18 19 20 ...
 $ Horse.FinishTimeSdvByRaceAvg     : num  1.6268 0.72693 0.53745 0.85118 -0.00634 ...
 $ Horse.FirstTimeSdvByRaceAvg      : num  0.902 0.236 0.545 0.751 -1.021 ...
 $ Horse.LastTimeSdvByRaceAvg       : num  0.802 0.698 0.144 0.638 0.379 ...
 $ Horse.FinishTimeSdvAvg           : num  0.0204 0.4471 0.1633 -0.1442 -0.5348 ...
 $ Horse.FirstTimeSdvAvg            : num  -0.0454 -0.0128 0.3221 -0.298 -0.9522 ...
 $ Horse.LastTimeSdvAvg             : num  0.103 0.571 -0.113 0.28 0.397 ...
 $ Horse.RealOddsLog1Avg            : num  2.58 3.43 1.62 3.19 4.83 ...
 $ Horse.RunCount                   : num  1 1 2 3 2 3 1 1 6 1 ...
 $ Horse.HitCount1                  : num  0 0 0 0 0 0 0 0 0 0 ...
 $ Horse.HitCount2                  : num  1 0 1 1 0 1 1 0 0 0 ...
 $ Horse.HitCount3                  : num  0 0 0 0 0 2 0 0 1 0 ...
 $ Horse.HitCount4                  : num  0 1 0 1 0 0 0 1 0 0 ...
 $ Horse.HitCount5                  : num  0 0 0 1 0 0 0 0 4 0 ...
 $ Horse.HitRate1                   : num  0 0 0 0 0 0 0 0 0 0 ...
 $ Horse.HitRate2                   : num  1 0 0.5 0.333 0 ...
 $ Horse.HitRate3                   : num  0 0 0 0 0 ...
 $ Horse.HitRate4                   : num  0 1 0 0.333 0 ...
 $ Horse.HitRate5                   : num  0 0 0 0.333 0 ...
 $ EOF                              : int  1 1 1 1 1 1 1 1 1 1 ...
NULL
[1] "2022-03-08 18:55:15 --- transform Finish ---"
[1] "2022-03-08 18:55:15 --- na.omit Start ---"
[1] "--------------------------------------------------------------------------------"
[1] "nrow(data) na.omit before=32808"
[1] "nrow(data) na.omit after =32598"
[1] "nrow(data) na.omit diff =210"
[1] "--------------------------------------------------------------------------------"
'data.frame':	32598 obs. of  48 variables:
 $ Race.RaceId                      : Factor w/ 2474 levels "20160105-06-01-01-05",..: 1 2 3 8 4 5 9 7 7 7 ...
 $ Race.IsAnalyzeNormalPastAndFuture: logi  TRUE TRUE TRUE TRUE TRUE TRUE ...
 $ Race.IsAnalyzeNormalPast         : logi  TRUE TRUE TRUE TRUE TRUE TRUE ...
 $ Race.IsAnalyzeNormalFuture       : logi  FALSE FALSE FALSE FALSE FALSE FALSE ...
 $ Race.IsAnalyzeFullPastAndFuture  : logi  TRUE TRUE TRUE TRUE TRUE TRUE ...
 $ Race.IsAnalyzeFullPast           : logi  TRUE TRUE TRUE TRUE TRUE TRUE ...
 $ Race.IsAnalyzeFullFuture         : logi  FALSE FALSE FALSE FALSE FALSE FALSE ...
 $ Race.JyokenCd                    : Factor w/ 1 level "5": 1 1 1 1 1 1 1 1 1 1 ...
 $ Race.JyoType1Cd                  : Factor w/ 175 levels "17-06-2000-1",..: 1 2 3 6 4 2 1 5 5 5 ...
 $ Race.RaceType1Cd                 : Factor w/ 2 levels "1-5-12","1-5-11": 1 1 1 1 1 1 1 1 1 1 ...
 $ RaceHorse.RaceId                 : Factor w/ 2474 levels "20160105-06-01-01-05",..: 1 2 3 8 4 5 9 7 7 7 ...
 $ RaceHorse.KettoNum               : Factor w/ 12185 levels "2013102589","2013104792",..: 11 12 13 14 15 16 17 18 19 20 ...
 $ RaceHorse.IsHit1                 : num  0 0 0 0 0 0 1 0 0 0 ...
 $ RaceHorse.IsHit2                 : num  0 0 0 1 0 0 0 0 0 0 ...
 $ RaceHorse.IsHit3                 : num  1 0 0 0 0 0 0 0 0 0 ...
 $ RaceHorse.IsHit4                 : num  0 1 0 0 0 0 0 0 0 0 ...
 $ RaceHorse.IsHit5                 : num  0 0 0 0 0 1 0 1 0 0 ...
 $ RaceHorse.IsHit6                 : num  0 0 1 0 1 0 0 0 1 1 ...
 $ RaceHorse.IsValidRaceHorse       : logi  TRUE TRUE TRUE TRUE FALSE TRUE ...
 $ RaceHorse.FinishTimeSdvByRace    : num  1.332 0.91 0.598 1.394 -0.198 ...
 $ RaceHorse.FirstTimeSdvByRace     : num  0.169 0.365 0.317 0.267 -0.624 ...
 $ RaceHorse.LastTimeSdvByRace      : num  1.164 0.448 0.508 1.182 0.178 ...
 $ RaceHorse.FinishTimeSdv          : num  0.988 -0.275 0.619 0.244 -1.583 ...
 $ RaceHorse.FirstTimeSdv           : num  0.6864 -0.4594 0.0807 0.1851 -2.2554 ...
 $ RaceHorse.LastTimeSdv            : num  0.683 0.198 0.723 0.124 0.414 ...
 $ RaceHorse.IsHitA                 : num  0 0 0 0 0 0 1 0 0 0 ...
 $ RaceHorse.IsHitB                 : num  0 0 0 1 0 0 1 0 0 0 ...
 $ RaceHorse.IsHitC                 : num  1 0 0 1 0 0 1 0 0 0 ...
 $ Horse.KettoNum                   : Factor w/ 12185 levels "2013102589","2013104792",..: 11 12 13 14 15 16 17 18 19 20 ...
 $ Horse.FinishTimeSdvByRaceAvg     : num  1.6268 0.72693 0.53745 0.85118 -0.00634 ...
 $ Horse.FirstTimeSdvByRaceAvg      : num  0.902 0.236 0.545 0.751 -1.021 ...
 $ Horse.LastTimeSdvByRaceAvg       : num  0.802 0.698 0.144 0.638 0.379 ...
 $ Horse.FinishTimeSdvAvg           : num  0.0204 0.4471 0.1633 -0.1442 -0.5348 ...
 $ Horse.FirstTimeSdvAvg            : num  -0.0454 -0.0128 0.3221 -0.298 -0.9522 ...
 $ Horse.LastTimeSdvAvg             : num  0.103 0.571 -0.113 0.28 0.397 ...
 $ Horse.RealOddsLog1Avg            : num  2.58 3.43 1.62 3.19 4.83 ...
 $ Horse.RunCount                   : num  1 1 2 3 2 3 1 1 6 1 ...
 $ Horse.HitCount1                  : num  0 0 0 0 0 0 0 0 0 0 ...
 $ Horse.HitCount2                  : num  1 0 1 1 0 1 1 0 0 0 ...
 $ Horse.HitCount3                  : num  0 0 0 0 0 2 0 0 1 0 ...
 $ Horse.HitCount4                  : num  0 1 0 1 0 0 0 1 0 0 ...
 $ Horse.HitCount5                  : num  0 0 0 1 0 0 0 0 4 0 ...
 $ Horse.HitRate1                   : num  0 0 0 0 0 0 0 0 0 0 ...
 $ Horse.HitRate2                   : num  1 0 0.5 0.333 0 ...
 $ Horse.HitRate3                   : num  0 0 0 0 0 ...
 $ Horse.HitRate4                   : num  0 1 0 0.333 0 ...
 $ Horse.HitRate5                   : num  0 0 0 0.333 0 ...
 $ EOF                              : int  1 1 1 1 1 1 1 1 1 1 ...
 - attr(*, "na.action")= 'omit' Named int  131 304 492 613 616 788 800 1276 1378 1531 ...
  ..- attr(*, "names")= chr  "131" "304" "492" "613" ...
[1] "2022-03-08 18:55:16 --- na.omit Finish ---"
[1] "2022-03-08 18:55:16 --- rxLogit with rxStepControl Start ---"

> print(paste0(Sys.time(), " --- source_logic_glm.R Start ---"))
[1] "2022-03-08 18:55:16 --- source_logic_glm.R Start ---"

> formula <- formula(RaceHorse.IsHitA ~ +1 + Horse.FinishTimeSdvByRaceAvg)

> print(paste0(Sys.time(), " --- source_logic_glm.R Finished ---"))
[1] "2022-03-08 18:55:16 --- source_logic_glm.R Finished ---"
Rows Read: 32598, Total Rows Processed: 32598, Total Chunk Time: 0.002 seconds 

Starting values (iteration 1) time: 0.023 secs.
Rows Read: 32598, Total Rows Processed: 32598, Total Chunk Time: 0.004 seconds 

Iteration 2 time: 0.013 secs.
Rows Read: 32598, Total Rows Processed: 32598, Total Chunk Time: 0.003 seconds 

Iteration 3 time: 0.006 secs.
Rows Read: 32598, Total Rows Processed: 32598, Total Chunk Time: 0.003 seconds 

Iteration 4 time: 0.007 secs.
Rows Read: 32598, Total Rows Processed: 32598, Total Chunk Time: 0.003 seconds 

Iteration 5 time: 0.007 secs.
Rows Read: 32598, Total Rows Processed: 32598, Total Chunk Time: 0.003 seconds 

Iteration 6 time: 0.006 secs.

Elapsed computation time: 0.085 secs.
Rows Read: 32598, Total Rows Processed: 32598, Total Chunk Time: Less than .001 seconds 

Starting values (iteration 1) time: 0.017 secs.
Rows Read: 32598, Total Rows Processed: 32598, Total Chunk Time: 0.002 seconds 

Iteration 2 time: 0.012 secs.

Elapsed computation time: 0.040 secs.
Rows Read: 32598, Total Rows Processed: 32598, Total Chunk Time: 0.002 seconds 

Starting values (iteration 1) time: 0.021 secs.
Rows Read: 32598, Total Rows Processed: 32598, Total Chunk Time: 0.003 seconds 

Iteration 2 time: 0.013 secs.
Rows Read: 32598, Total Rows Processed: 32598, Total Chunk Time: 0.004 seconds 

Iteration 3 time: 0.007 secs.
Rows Read: 32598, Total Rows Processed: 32598, Total Chunk Time: 0.004 seconds 

Iteration 4 time: 0.007 secs.
Rows Read: 32598, Total Rows Processed: 32598, Total Chunk Time: 0.003 seconds 

Iteration 5 time: 0.007 secs.
Rows Read: 32598, Total Rows Processed: 32598, Total Chunk Time: 0.003 seconds 

Iteration 6 time: 0.007 secs.

Elapsed computation time: 0.091 secs.

Elapsed computation time: 0.242 secs.
[1] "--------------------------------------------------------------------------------"
[1] "analyze.results.glm.step="
Logistic Regression Results for: RaceHorse.IsHitA ~
    Horse.FinishTimeSdvByRaceAvg
Data: data
Dependent variable(s): RaceHorse.IsHitA
Total independent variables: 2 
Number of valid observations: 32598
Number of missing observations: 0 
 
Coefficients:
                             RaceHorse.IsHitA
(Intercept)                                -3
Horse.FinishTimeSdvByRaceAvg                2
[1] "analyze.results.glm.step.summary"
Call:
rxLogit(formula = formula, data = data, variableSelection = analyze.results.glm.step.varsel)

Logistic Regression Results for: RaceHorse.IsHitA ~
    Horse.FinishTimeSdvByRaceAvg
Data: data
Dependent variable(s): RaceHorse.IsHitA
Total independent variables: 2 
Number of valid observations: 32598
Number of missing observations: 0 
-2*LogLikelihood: 14702.94 (Residual deviance on 32596 degrees of freedom)
 
Coefficients:
                             Estimate Std. Error z value Pr(>|z|)    
(Intercept)                   -3.4952     0.0402   -86.9  2.2e-16 ***
Horse.FinishTimeSdvByRaceAvg   2.1044     0.0530    39.7  2.2e-16 ***
---
Signif. codes:  0 '***' 0.001 '**' 0.01 '*' 0.05 '.' 0.1 ' ' 1

Condition number of final variance-covariance matrix: 1 
Number of iterations: 6
[1] "--------------------------------------------------------------------------------"
[1] "2022-03-08 18:55:16 --- rxLogit with rxStepControl Finish ---"
[1] "2022-03-08 18:55:16 --- rxStepPlot Start ---"
[1] "pdfFilename=pdf_analyze_glm_Horse_Type15_rxStepPlot.pdf"
[1] "rxStepPlot="
[1] "2022-03-08 18:55:16 --- rxStepPlot Finish ---"
[1] "2022-03-08 18:55:16 --- save.image Start ---"
[1] "save.image"
[1] "rdataFilename=RData_analyze_glm_Horse_Type15.RData"
[1] "2022-03-08 18:55:17 --- save.image Finish ---"
[1] "2022-03-08 18:55:17 --- final Start ---"
[1] "--------------------------------------------------------------------------------"
[1] "nrow(data) final=32598"
[1] "--------------------------------------------------------------------------------"
[1] "2022-03-08 18:55:17 --- final Finish ---"
[1] "2022-03-08 18:55:17 --- analyze_glm.R Finished ---"
[1] "2022-03-08 18:55:17 --- log Finish ---"
