[1] "2022-02-25 20:25:43 --- D1115_analyze_glm_Horse_IsHitA_Type35 Start ---"
[1] "2022-02-25 20:25:43 --- Log Start ---"
[1] "2022-02-25 20:25:43 --- analyze_glm.R Start ---"
[1] "analyzeVersion=D1115"
[1] "analyzeCategory=analyze"
[1] "analyzeType=Horse"
[1] "analyzeFamily=IsHitA"
[1] "analyzeFunc=glm"
[1] "analyzeTrackTypeCd=3"
[1] "analyzeJyokenCd=5"
[1] "2022-02-25 20:25:44 --- source_function.R Start ---"
[1] "2022-02-25 20:25:44 --- source_function.R Finished ---"

> print(paste0(Sys.time(), " --- source_library.R Start ---"))
[1] "2022-02-25 20:25:44 --- source_library.R Start ---"

> require("RevoScaleR")

> print(paste0(Sys.time(), " --- source_library.R Finished ---"))
[1] "2022-02-25 20:25:45 --- source_library.R Finished ---"
[1] "2022-02-25 20:25:45 --- RxSqlServerData Start ---"
[1] "2022-02-25 20:25:46 --- RxInSqlServer Start ---"
[1] "2022-02-25 20:25:46 --- RxInSqlServer Finish ---"
[1] "2022-02-25 20:25:46 --- rxSetComputeContext Start ---"
[1] "2022-02-25 20:25:46 --- rxSetComputeContext Finish ---"
[1] "2022-02-25 20:25:46 --- RxSqlServerData Start ---"
[1] "sqlQuery=SELECT * FROM ViewAnalyzeD1115analyze01HorseType35"
[1] "2022-02-25 20:25:47 --- RxSqlServerData Finish ---"
[1] "2022-02-25 20:25:47 --- rxGetVarInfo Start ---"
[1] "2022-02-25 20:25:53 --- rxGetVarInfo Finish---"
[1] "2022-02-25 20:25:53 --- rxImport Start ---"
Rows Read: 5316, Total Rows Processed: 5316, Total Chunk Time: 8.935 seconds 
[1] "2022-02-25 20:26:15 --- rxImport Finish ---"
[1] "object.size(data) auto=1.8 Mb"
[1] "--------------------------------------------------------------------------------"
[1] "nrow(data) RxSqlServerData=5316"
[1] "--------------------------------------------------------------------------------"
[1] "str(data)="
'data.frame':	5316 obs. of  44 variables:
 $ Race.RaceId                      : Factor w/ 419 levels "20160702-07-03-01-01",..: 2 2 2 2 2 2 2 2 2 2 ...
 $ Race.IsPredictedRace             : logi  TRUE TRUE TRUE TRUE TRUE TRUE ...
 $ Race.IsAnalyzeNormalPastAndFuture: logi  TRUE TRUE TRUE TRUE TRUE TRUE ...
 $ Race.IsAnalyzeNormalPast         : logi  TRUE TRUE TRUE TRUE TRUE TRUE ...
 $ Race.IsAnalyzeNormalFuture       : logi  FALSE FALSE FALSE FALSE FALSE FALSE ...
 $ Race.IsAnalyzeFullPastAndFuture  : logi  TRUE TRUE TRUE TRUE TRUE TRUE ...
 $ Race.IsAnalyzeFullPast           : logi  TRUE TRUE TRUE TRUE TRUE TRUE ...
 $ Race.IsAnalyzeFullFuture         : logi  FALSE FALSE FALSE FALSE FALSE FALSE ...
 $ Race.JyokenCd                    : Factor w/ 1 level "5": 1 1 1 1 1 1 1 1 1 1 ...
 $ Race.JyoType1Cd                  : Factor w/ 34 levels "3-07-3000-5-1",..: 2 2 2 2 2 2 2 2 2 2 ...
 $ Race.RaceType1Cd                 : Factor w/ 1 level "3-5-X-3": 1 1 1 1 1 1 1 1 1 1 ...
 $ RaceHorse.RaceId                 : Factor w/ 419 levels "20160702-07-03-01-01",..: 2 2 2 2 2 2 2 2 2 2 ...
 $ RaceHorse.KettoNum               : Factor w/ 1604 levels "2008101671","2009105122",..: 11 12 13 14 15 16 17 18 19 20 ...
 $ RaceHorse.IsHit1                 : num  0 0 0 0 0 0 0 0 0 1 ...
 $ RaceHorse.IsHit2                 : num  0 1 0 0 0 0 0 0 0 0 ...
 $ RaceHorse.IsHit3                 : num  0 0 0 1 0 0 0 0 0 0 ...
 $ RaceHorse.IsHit4                 : num  0 0 0 0 0 0 1 0 0 0 ...
 $ RaceHorse.IsHit5                 : num  0 0 0 0 0 0 0 0 1 0 ...
 $ RaceHorse.IsHit6                 : num  1 0 1 0 1 1 0 1 0 0 ...
 $ RaceHorse.IsValidRaceHorse       : logi  TRUE TRUE TRUE TRUE TRUE TRUE ...
 $ RaceHorse.TimeSdv                : num  0.553 0.928 -0.357 0.875 0.259 ...
 $ RaceHorse.IsHitA                 : num  0 0 0 0 0 0 0 0 0 1 ...
 $ RaceHorse.IsHitB                 : num  0 1 0 0 0 0 0 0 0 1 ...
 $ RaceHorse.IsHitC                 : num  0 1 0 1 0 0 0 0 0 1 ...
 $ Horse.KettoNum                   : Factor w/ 1604 levels "2008101671","2009105122",..: 11 12 13 14 15 16 17 18 19 20 ...
 $ Horse.TimeSdvByRaceAvg           : num  -0.0206 0.3443 0.0949 -0.2203 -0.2074 ...
 $ Horse.TimeSdvByRaceMin           : num  -2.07 -2.06 -1.81 -2.41 -2.06 ...
 $ Horse.TimeSdvByRaceMax           : num  1.84 1.26 1.93 1.07 1.41 ...
 $ Horse.TimeSdvAvg                 : num  0.1478 0.126 0.0704 -0.2128 0.1216 ...
 $ Horse.TimeSdvMin                 : num  -1.29 -3.78 -2.62 -2.25 -1.06 ...
 $ Horse.TimeSdvMax                 : num  1.22 2.02 1.8 1.07 1.29 ...
 $ Horse.OrderOfFinishSdvAvg        : num  -0.105 0.2619 0.0299 -0.1883 -0.3157 ...
 $ Horse.RunCount                   : num  33 39 28 20 22 8 20 12 9 16 ...
 $ Horse.HitCount1                  : num  1 3 4 0 1 0 0 0 1 1 ...
 $ Horse.HitCount2                  : num  2 8 1 3 1 0 1 2 0 1 ...
 $ Horse.HitCount3                  : num  3 3 0 0 0 0 1 0 0 1 ...
 $ Horse.HitCount4                  : num  0 4 3 3 1 0 1 0 0 2 ...
 $ Horse.HitCount5                  : num  1 2 2 2 3 1 5 0 0 3 ...
 $ Horse.HitRate1                   : num  0.0303 0.0769 0.1429 0 0.0455 ...
 $ Horse.HitRate2                   : num  0.0606 0.2051 0.0357 0.15 0.0455 ...
 $ Horse.HitRate3                   : num  0.0909 0.0769 0 0 0 ...
 $ Horse.HitRate4                   : num  0 0.1026 0.1071 0.15 0.0455 ...
 $ Horse.HitRate5                   : num  0.0303 0.0513 0.0714 0.1 0.1364 ...
 $ EOF                              : int  1 1 1 1 1 1 1 1 1 1 ...
[1] "2022-02-25 20:28:07 --- RxSqlServerData Finish ---"
[1] "2022-02-25 20:28:15 --- subset Start ---"
[1] "--------------------------------------------------------------------------------"
[1] "nrow(data) subset before=5316"
[1] "nrow(data) subset after =5316"
[1] "nrow(data) subset diff =0"
[1] "--------------------------------------------------------------------------------"
[1] "2022-02-25 20:29:40 --- subset Finish---"
[1] "2022-02-25 20:29:55 --- transform Start ---"
[1] "--------------------------------------------------------------------------------"
[1] "nrow(data) transform before=5316"
[1] "nrow(data) transform after=5316"
[1] "nrow(data) transform diff=0"
[1] "--------------------------------------------------------------------------------"
[1] "str(data)="
'data.frame':	5316 obs. of  44 variables:
 $ Race.RaceId                      : Factor w/ 419 levels "20160702-07-03-01-01",..: 2 2 2 2 2 2 2 2 2 2 ...
 $ Race.IsPredictedRace             : logi  TRUE TRUE TRUE TRUE TRUE TRUE ...
 $ Race.IsAnalyzeNormalPastAndFuture: logi  TRUE TRUE TRUE TRUE TRUE TRUE ...
 $ Race.IsAnalyzeNormalPast         : logi  TRUE TRUE TRUE TRUE TRUE TRUE ...
 $ Race.IsAnalyzeNormalFuture       : logi  FALSE FALSE FALSE FALSE FALSE FALSE ...
 $ Race.IsAnalyzeFullPastAndFuture  : logi  TRUE TRUE TRUE TRUE TRUE TRUE ...
 $ Race.IsAnalyzeFullPast           : logi  TRUE TRUE TRUE TRUE TRUE TRUE ...
 $ Race.IsAnalyzeFullFuture         : logi  FALSE FALSE FALSE FALSE FALSE FALSE ...
 $ Race.JyokenCd                    : Factor w/ 1 level "5": 1 1 1 1 1 1 1 1 1 1 ...
 $ Race.JyoType1Cd                  : Factor w/ 34 levels "3-07-3000-5-1",..: 2 2 2 2 2 2 2 2 2 2 ...
 $ Race.RaceType1Cd                 : Factor w/ 1 level "3-5-X-3": 1 1 1 1 1 1 1 1 1 1 ...
 $ RaceHorse.RaceId                 : Factor w/ 419 levels "20160702-07-03-01-01",..: 2 2 2 2 2 2 2 2 2 2 ...
 $ RaceHorse.KettoNum               : Factor w/ 1604 levels "2008101671","2009105122",..: 11 12 13 14 15 16 17 18 19 20 ...
 $ RaceHorse.IsHit1                 : num  0 0 0 0 0 0 0 0 0 1 ...
 $ RaceHorse.IsHit2                 : num  0 1 0 0 0 0 0 0 0 0 ...
 $ RaceHorse.IsHit3                 : num  0 0 0 1 0 0 0 0 0 0 ...
 $ RaceHorse.IsHit4                 : num  0 0 0 0 0 0 1 0 0 0 ...
 $ RaceHorse.IsHit5                 : num  0 0 0 0 0 0 0 0 1 0 ...
 $ RaceHorse.IsHit6                 : num  1 0 1 0 1 1 0 1 0 0 ...
 $ RaceHorse.IsValidRaceHorse       : logi  TRUE TRUE TRUE TRUE TRUE TRUE ...
 $ RaceHorse.TimeSdv                : num  0.553 0.928 -0.357 0.875 0.259 ...
 $ RaceHorse.IsHitA                 : num  0 0 0 0 0 0 0 0 0 1 ...
 $ RaceHorse.IsHitB                 : num  0 1 0 0 0 0 0 0 0 1 ...
 $ RaceHorse.IsHitC                 : num  0 1 0 1 0 0 0 0 0 1 ...
 $ Horse.KettoNum                   : Factor w/ 1604 levels "2008101671","2009105122",..: 11 12 13 14 15 16 17 18 19 20 ...
 $ Horse.TimeSdvByRaceAvg           : num  -0.0206 0.3443 0.0949 -0.2203 -0.2074 ...
 $ Horse.TimeSdvByRaceMin           : num  -2.07 -2.06 -1.81 -2.41 -2.06 ...
 $ Horse.TimeSdvByRaceMax           : num  1.84 1.26 1.93 1.07 1.41 ...
 $ Horse.TimeSdvAvg                 : num  0.1478 0.126 0.0704 -0.2128 0.1216 ...
 $ Horse.TimeSdvMin                 : num  -1.29 -3.78 -2.62 -2.25 -1.06 ...
 $ Horse.TimeSdvMax                 : num  1.22 2.02 1.8 1.07 1.29 ...
 $ Horse.OrderOfFinishSdvAvg        : num  -0.105 0.2619 0.0299 -0.1883 -0.3157 ...
 $ Horse.RunCount                   : num  33 39 28 20 22 8 20 12 9 16 ...
 $ Horse.HitCount1                  : num  1 3 4 0 1 0 0 0 1 1 ...
 $ Horse.HitCount2                  : num  2 8 1 3 1 0 1 2 0 1 ...
 $ Horse.HitCount3                  : num  3 3 0 0 0 0 1 0 0 1 ...
 $ Horse.HitCount4                  : num  0 4 3 3 1 0 1 0 0 2 ...
 $ Horse.HitCount5                  : num  1 2 2 2 3 1 5 0 0 3 ...
 $ Horse.HitRate1                   : num  0.0303 0.0769 0.1429 0 0.0455 ...
 $ Horse.HitRate2                   : num  0.0606 0.2051 0.0357 0.15 0.0455 ...
 $ Horse.HitRate3                   : num  0.0909 0.0769 0 0 0 ...
 $ Horse.HitRate4                   : num  0 0.1026 0.1071 0.15 0.0455 ...
 $ Horse.HitRate5                   : num  0.0303 0.0513 0.0714 0.1 0.1364 ...
 $ EOF                              : int  1 1 1 1 1 1 1 1 1 1 ...
NULL
[1] "2022-02-25 20:32:50 --- transform Finish ---"
[1] "2022-02-25 20:32:50 --- na.omit Start ---"
[1] "--------------------------------------------------------------------------------"
[1] "nrow(data) na.omit before=5316"
[1] "nrow(data) na.omit after =5039"
[1] "nrow(data) na.omit diff =277"
[1] "--------------------------------------------------------------------------------"
'data.frame':	5039 obs. of  44 variables:
 $ Race.RaceId                      : Factor w/ 419 levels "20160702-07-03-01-01",..: 2 2 2 2 2 2 2 2 2 2 ...
 $ Race.IsPredictedRace             : logi  TRUE TRUE TRUE TRUE TRUE TRUE ...
 $ Race.IsAnalyzeNormalPastAndFuture: logi  TRUE TRUE TRUE TRUE TRUE TRUE ...
 $ Race.IsAnalyzeNormalPast         : logi  TRUE TRUE TRUE TRUE TRUE TRUE ...
 $ Race.IsAnalyzeNormalFuture       : logi  FALSE FALSE FALSE FALSE FALSE FALSE ...
 $ Race.IsAnalyzeFullPastAndFuture  : logi  TRUE TRUE TRUE TRUE TRUE TRUE ...
 $ Race.IsAnalyzeFullPast           : logi  TRUE TRUE TRUE TRUE TRUE TRUE ...
 $ Race.IsAnalyzeFullFuture         : logi  FALSE FALSE FALSE FALSE FALSE FALSE ...
 $ Race.JyokenCd                    : Factor w/ 1 level "5": 1 1 1 1 1 1 1 1 1 1 ...
 $ Race.JyoType1Cd                  : Factor w/ 34 levels "3-07-3000-5-1",..: 2 2 2 2 2 2 2 2 2 2 ...
 $ Race.RaceType1Cd                 : Factor w/ 1 level "3-5-X-3": 1 1 1 1 1 1 1 1 1 1 ...
 $ RaceHorse.RaceId                 : Factor w/ 419 levels "20160702-07-03-01-01",..: 2 2 2 2 2 2 2 2 2 2 ...
 $ RaceHorse.KettoNum               : Factor w/ 1604 levels "2008101671","2009105122",..: 11 12 13 14 15 16 17 18 19 20 ...
 $ RaceHorse.IsHit1                 : num  0 0 0 0 0 0 0 0 0 1 ...
 $ RaceHorse.IsHit2                 : num  0 1 0 0 0 0 0 0 0 0 ...
 $ RaceHorse.IsHit3                 : num  0 0 0 1 0 0 0 0 0 0 ...
 $ RaceHorse.IsHit4                 : num  0 0 0 0 0 0 1 0 0 0 ...
 $ RaceHorse.IsHit5                 : num  0 0 0 0 0 0 0 0 1 0 ...
 $ RaceHorse.IsHit6                 : num  1 0 1 0 1 1 0 1 0 0 ...
 $ RaceHorse.IsValidRaceHorse       : logi  TRUE TRUE TRUE TRUE TRUE TRUE ...
 $ RaceHorse.TimeSdv                : num  0.553 0.928 -0.357 0.875 0.259 ...
 $ RaceHorse.IsHitA                 : num  0 0 0 0 0 0 0 0 0 1 ...
 $ RaceHorse.IsHitB                 : num  0 1 0 0 0 0 0 0 0 1 ...
 $ RaceHorse.IsHitC                 : num  0 1 0 1 0 0 0 0 0 1 ...
 $ Horse.KettoNum                   : Factor w/ 1604 levels "2008101671","2009105122",..: 11 12 13 14 15 16 17 18 19 20 ...
 $ Horse.TimeSdvByRaceAvg           : num  -0.0206 0.3443 0.0949 -0.2203 -0.2074 ...
 $ Horse.TimeSdvByRaceMin           : num  -2.07 -2.06 -1.81 -2.41 -2.06 ...
 $ Horse.TimeSdvByRaceMax           : num  1.84 1.26 1.93 1.07 1.41 ...
 $ Horse.TimeSdvAvg                 : num  0.1478 0.126 0.0704 -0.2128 0.1216 ...
 $ Horse.TimeSdvMin                 : num  -1.29 -3.78 -2.62 -2.25 -1.06 ...
 $ Horse.TimeSdvMax                 : num  1.22 2.02 1.8 1.07 1.29 ...
 $ Horse.OrderOfFinishSdvAvg        : num  -0.105 0.2619 0.0299 -0.1883 -0.3157 ...
 $ Horse.RunCount                   : num  33 39 28 20 22 8 20 12 9 16 ...
 $ Horse.HitCount1                  : num  1 3 4 0 1 0 0 0 1 1 ...
 $ Horse.HitCount2                  : num  2 8 1 3 1 0 1 2 0 1 ...
 $ Horse.HitCount3                  : num  3 3 0 0 0 0 1 0 0 1 ...
 $ Horse.HitCount4                  : num  0 4 3 3 1 0 1 0 0 2 ...
 $ Horse.HitCount5                  : num  1 2 2 2 3 1 5 0 0 3 ...
 $ Horse.HitRate1                   : num  0.0303 0.0769 0.1429 0 0.0455 ...
 $ Horse.HitRate2                   : num  0.0606 0.2051 0.0357 0.15 0.0455 ...
 $ Horse.HitRate3                   : num  0.0909 0.0769 0 0 0 ...
 $ Horse.HitRate4                   : num  0 0.1026 0.1071 0.15 0.0455 ...
 $ Horse.HitRate5                   : num  0.0303 0.0513 0.0714 0.1 0.1364 ...
 $ EOF                              : int  1 1 1 1 1 1 1 1 1 1 ...
 - attr(*, "na.action")= 'omit' Named int  29 31 41 63 71 85 98 119 120 124 ...
  ..- attr(*, "names")= chr  "29" "31" "41" "63" ...
[1] "2022-02-25 20:32:58 --- na.omit Finish ---"
[1] "2022-02-25 20:32:58 --- rxGlm with rxStepControl Start ---"

> print(paste0(Sys.time(), " --- source_logic_glm.R Start ---"))
[1] "2022-02-25 20:32:58 --- source_logic_glm.R Start ---"

> formula <- formula(RaceHorse.IsHitA ~ +1 + Horse.TimeSdvAvg)

> print(paste0(Sys.time(), " --- source_logic_glm.R Finished ---"))
[1] "2022-02-25 20:32:58 --- source_logic_glm.R Finished ---"
Rows Read: 5039, Total Rows Processed: 5039, Total Chunk Time: 0.001 seconds 

Starting values (iteration 1) time: 0.084 secs.
Rows Read: 5039, Total Rows Processed: 5039, Total Chunk Time: 0.001 seconds 

Iteration 2 time: 0.191 secs.
Rows Read: 5039, Total Rows Processed: 5039, Total Chunk Time: 0.002 seconds 

Iteration 3 time: 0.105 secs.
Rows Read: 5039, Total Rows Processed: 5039, Total Chunk Time: 0.001 seconds 

Iteration 4 time: 0.091 secs.
Rows Read: 5039, Total Rows Processed: 5039, Total Chunk Time: 0.001 seconds 

Iteration 5 time: 0.098 secs.

Elapsed computation time: 0.992 secs.
Rows Read: 5039, Total Rows Processed: 5039, Total Chunk Time: Less than .001 seconds 

Starting values (iteration 1) time: 0.098 secs.
Rows Read: 5039, Total Rows Processed: 5039, Total Chunk Time: Less than .001 seconds 

Iteration 2 time: 0.102 secs.

Elapsed computation time: 0.409 secs.
Rows Read: 5039, Total Rows Processed: 5039, Total Chunk Time: Less than .001 seconds 

Starting values (iteration 1) time: 0.105 secs.
Rows Read: 5039, Total Rows Processed: 5039, Total Chunk Time: 0.002 seconds 

Iteration 2 time: 0.197 secs.
Rows Read: 5039, Total Rows Processed: 5039, Total Chunk Time: Less than .001 seconds 

Iteration 3 time: 0.103 secs.
Rows Read: 5039, Total Rows Processed: 5039, Total Chunk Time: Less than .001 seconds 

Iteration 4 time: 0.101 secs.
Rows Read: 5039, Total Rows Processed: 5039, Total Chunk Time: 0.001 seconds 

Iteration 5 time: 0.118 secs.

Elapsed computation time: 1.194 secs.

Elapsed computation time: 2.985 secs.
[1] "--------------------------------------------------------------------------------"
[1] "analyze.results.glm.step="
Logistic Regression Results for: RaceHorse.IsHitA ~ Horse.TimeSdvAvg
Data: data
Dependent variable(s): RaceHorse.IsHitA
Total independent variables: 2 
Number of valid observations: 5039
Number of missing observations: 0 
 
Coefficients:
                 RaceHorse.IsHitA
(Intercept)                    -3
Horse.TimeSdvAvg                1
[1] "analyze.results.glm.step.summary"
Call:
rxLogit(formula = formula, data = data, variableSelection = analyze.results.glm.step.varsel)

Logistic Regression Results for: RaceHorse.IsHitA ~ Horse.TimeSdvAvg
Data: data
Dependent variable(s): RaceHorse.IsHitA
Total independent variables: 2 
Number of valid observations: 5039
Number of missing observations: 0 
-2*LogLikelihood: 2811.179 (Residual deviance on 5037 degrees of freedom)
 
Coefficients:
                 Estimate Std. Error z value Pr(>|z|)    
(Intercept)       -2.5193     0.0571  -44.10  2.2e-16 ***
Horse.TimeSdvAvg   1.3251     0.1635    8.11  2.2e-16 ***
---
Signif. codes:  0 '***' 0.001 '**' 0.01 '*' 0.05 '.' 0.1 ' ' 1

Condition number of final variance-covariance matrix: 1 
Number of iterations: 5
[1] "--------------------------------------------------------------------------------"
[1] "2022-02-25 20:33:05 --- rxGlm with rxStepControl Finish ---"
[1] "2022-02-25 20:33:06 --- rxStepPlot Start ---"
[1] "pdfFilename=pdf_analyze_glm_Horse_Type35_rxStepPlot.pdf"
[1] "rxStepPlot="
[1] "2022-02-25 20:33:06 --- rxStepPlot Finish ---"
[1] "2022-02-25 20:33:06 --- save.image Start ---"
[1] "save.image"
[1] "rdataFilename=RData_analyze_glm_Horse_Type35.RData"
[1] "2022-02-25 20:33:06 --- save.image Finish ---"
[1] "2022-02-25 20:33:06 --- final Start ---"
[1] "--------------------------------------------------------------------------------"
[1] "nrow(data) final=5039"
[1] "--------------------------------------------------------------------------------"
[1] "2022-02-25 20:33:07 --- final Finish ---"
[1] "2022-02-25 20:33:07 --- analyze_glm.R Finished ---"
[1] "2022-02-25 20:33:07 --- log Finish ---"
