[1] "2022-03-09 09:00:36 --- D1116_analyze_glm_Horse_IsHitA_Type12 Start ---"
[1] "2022-03-09 09:00:36 --- Log Start ---"
[1] "2022-03-09 09:00:36 --- analyze_glm.R Start ---"
[1] "analyzeVersion=D1116"
[1] "analyzeCategory=analyze"
[1] "analyzeType=Horse"
[1] "analyzeFamily=IsHitA"
[1] "analyzeFunc=glm"
[1] "analyzeTrackTypeCd=1"
[1] "analyzeJyokenCd=2"
[1] "2022-03-09 09:00:36 --- source_function.R Start ---"
[1] "2022-03-09 09:00:36 --- source_function.R Finished ---"

> print(paste0(Sys.time(), " --- source_library.R Start ---"))
[1] "2022-03-09 09:00:36 --- source_library.R Start ---"

> require("RevoScaleR")

> print(paste0(Sys.time(), " --- source_library.R Finished ---"))
[1] "2022-03-09 09:00:37 --- source_library.R Finished ---"
[1] "2022-03-09 09:00:37 --- RxSqlServerData Start ---"
[1] "2022-03-09 09:00:37 --- RxInSqlServer Start ---"
[1] "2022-03-09 09:00:37 --- RxInSqlServer Finish ---"
[1] "2022-03-09 09:00:37 --- rxSetComputeContext Start ---"
[1] "2022-03-09 09:00:37 --- rxSetComputeContext Finish ---"
[1] "2022-03-09 09:00:37 --- RxSqlServerData Start ---"
[1] "sqlQuery=SELECT * FROM ViewAnalyzeD1116analyze01HorseType12"
[1] "2022-03-09 09:00:37 --- RxSqlServerData Finish ---"
[1] "2022-03-09 09:00:37 --- rxGetVarInfo Start ---"
[1] "2022-03-09 09:00:37 --- rxGetVarInfo Finish---"
[1] "2022-03-09 09:00:37 --- rxImport Start ---"
Rows Read: 16462, Total Rows Processed: 16462, Total Chunk Time: 1.261 seconds 
[1] "2022-03-09 09:00:40 --- rxImport Finish ---"
[1] "object.size(data) auto=5 Mb"
[1] "--------------------------------------------------------------------------------"
[1] "nrow(data) RxSqlServerData=16462"
[1] "--------------------------------------------------------------------------------"
[1] "str(data)="
'data.frame':	16462 obs. of  45 variables:
 $ Race.RaceId                      : Factor w/ 529 levels "20160109-06-01-02-10",..: 1 1 1 1 1 1 1 1 1 1 ...
 $ Race.IsAnalyzeNormalPastAndFuture: logi  TRUE TRUE TRUE TRUE TRUE TRUE ...
 $ Race.IsAnalyzeNormalPast         : logi  TRUE TRUE TRUE TRUE TRUE TRUE ...
 $ Race.IsAnalyzeNormalFuture       : logi  FALSE FALSE FALSE FALSE FALSE FALSE ...
 $ Race.IsAnalyzeFullPastAndFuture  : logi  TRUE TRUE TRUE TRUE TRUE TRUE ...
 $ Race.IsAnalyzeFullPast           : logi  TRUE TRUE TRUE TRUE TRUE TRUE ...
 $ Race.IsAnalyzeFullFuture         : logi  FALSE FALSE FALSE FALSE FALSE FALSE ...
 $ Race.JyokenCd                    : Factor w/ 1 level "2": 1 1 1 1 1 1 1 1 1 1 ...
 $ Race.JyoType1Cd                  : Factor w/ 112 levels "18-06-2200-1",..: 1 1 1 1 1 1 1 1 1 1 ...
 $ Race.RaceType1Cd                 : Factor w/ 2 levels "1-2-14","1-2-13": 1 1 1 1 1 1 1 1 1 1 ...
 $ RaceHorse.RaceId                 : Factor w/ 529 levels "20160109-06-01-02-10",..: 1 1 1 1 1 1 1 1 1 1 ...
 $ RaceHorse.KettoNum               : Factor w/ 1040 levels "2007100476","2008102799",..: 1 1 1 1 1 1 1 2 2 2 ...
 $ RaceHorse.IsHit1                 : num  0 0 0 0 0 0 0 0 0 0 ...
 $ RaceHorse.IsHit2                 : num  0 0 0 0 0 0 0 0 0 0 ...
 $ RaceHorse.IsHit3                 : num  0 0 0 0 0 0 0 0 0 0 ...
 $ RaceHorse.IsHit4                 : num  0 0 0 0 0 0 0 0 0 0 ...
 $ RaceHorse.IsHit5                 : num  0 0 0 0 0 0 0 1 1 1 ...
 $ RaceHorse.IsHit6                 : num  1 1 1 1 1 1 1 0 0 0 ...
 $ RaceHorse.IsValidRaceHorse       : logi  TRUE TRUE TRUE TRUE TRUE TRUE ...
 $ RaceHorse.FinishTimeSdvByRace    : num  0.0431 0.0431 0.0431 0.0431 0.0431 ...
 $ RaceHorse.FirstTimeSdvByRace     : num  -0.212 -0.212 -0.212 -0.212 -0.212 ...
 $ RaceHorse.LastTimeSdvByRace      : num  0.195 0.195 0.195 0.195 0.195 ...
 $ RaceHorse.FinishTimeSdv          : num  0.244 0.244 0.244 0.244 0.244 ...
 $ RaceHorse.FirstTimeSdv           : num  -0.495 -0.495 -0.495 -0.495 -0.495 ...
 $ RaceHorse.LastTimeSdv            : num  1.05 1.05 1.05 1.05 1.05 ...
 $ RaceHorse.IsHitA                 : num  0 0 0 0 0 0 0 0 0 0 ...
 $ RaceHorse.IsHitB                 : num  0 0 0 0 0 0 0 0 0 0 ...
 $ RaceHorse.IsHitC                 : num  0 0 0 0 0 0 0 0 0 0 ...
 $ PrevRaceHorse.RaceId             : Factor w/ 763 levels "20150329-06-03-02-10",..: 1 2 3 4 5 6 7 8 9 10 ...
 $ PrevRaceHorse.KettoNum           : Factor w/ 1040 levels "2007100476","2008102799",..: 1 1 1 1 1 1 1 2 2 2 ...
 $ PrevRaceHorse.FinishTimeSdvByRace: num  0.745 0.262 0.953 -1.404 0.647 ...
 $ PrevRaceHorse.FirstTimeSdvByRace : num  -1.4413 0.0985 -0.612 -0.6844 0.246 ...
 $ PrevRaceHorse.LastTimeSdvByRace  : num  1.342 0.176 0.873 -0.691 0.581 ...
 $ PrevRaceHorse.FinishTimeSdv      : num  1.324 -0.326 0.991 0.147 1.037 ...
 $ PrevRaceHorse.FirstTimeSdv       : num  0.686 -0.772 0.986 -0.533 1.916 ...
 $ PrevRaceHorse.LastTimeSdv        : num  1.263 0.642 -0.104 1.045 -1.31 ...
 $ PrevRaceHorse.IsRun              : num  1 1 1 1 1 1 1 1 1 1 ...
 $ PrevRaceHorse.IsHit1             : num  0 0 0 0 0 0 0 0 0 0 ...
 $ PrevRaceHorse.IsHit2             : num  0 0 0 0 0 0 0 0 0 1 ...
 $ PrevRaceHorse.IsHit3             : num  1 0 1 0 0 0 0 0 0 0 ...
 $ PrevRaceHorse.IsHit4             : num  0 0 0 0 1 0 0 0 0 0 ...
 $ PrevRaceHorse.IsHit5             : num  0 0 0 0 0 0 0 1 0 0 ...
 $ PrevRaceHorse.RowNum             : num  1 2 3 4 5 6 7 1 2 3 ...
 $ PrevOdds.RealOddsLog1            : num  2.94 2.11 2.2 2.93 2.64 ...
 $ EOF                              : int  1 1 1 1 1 1 1 1 1 1 ...
[1] "2022-03-09 09:00:40 --- RxSqlServerData Finish ---"
[1] "2022-03-09 09:00:40 --- subset Start ---"
[1] "--------------------------------------------------------------------------------"
[1] "nrow(data) subset before=16462"
[1] "nrow(data) subset after =16462"
[1] "nrow(data) subset diff =0"
[1] "--------------------------------------------------------------------------------"
[1] "2022-03-09 09:00:40 --- subset Finish---"
[1] "2022-03-09 09:00:40 --- transform Start ---"
[1] "--------------------------------------------------------------------------------"
[1] "nrow(data) transform before=16462"
[1] "nrow(data) transform after=16462"
[1] "nrow(data) transform diff=0"
[1] "--------------------------------------------------------------------------------"
[1] "str(data)="
'data.frame':	16462 obs. of  45 variables:
 $ Race.RaceId                      : Factor w/ 529 levels "20160109-06-01-02-10",..: 1 1 1 1 1 1 1 1 1 1 ...
 $ Race.IsAnalyzeNormalPastAndFuture: logi  TRUE TRUE TRUE TRUE TRUE TRUE ...
 $ Race.IsAnalyzeNormalPast         : logi  TRUE TRUE TRUE TRUE TRUE TRUE ...
 $ Race.IsAnalyzeNormalFuture       : logi  FALSE FALSE FALSE FALSE FALSE FALSE ...
 $ Race.IsAnalyzeFullPastAndFuture  : logi  TRUE TRUE TRUE TRUE TRUE TRUE ...
 $ Race.IsAnalyzeFullPast           : logi  TRUE TRUE TRUE TRUE TRUE TRUE ...
 $ Race.IsAnalyzeFullFuture         : logi  FALSE FALSE FALSE FALSE FALSE FALSE ...
 $ Race.JyokenCd                    : Factor w/ 1 level "2": 1 1 1 1 1 1 1 1 1 1 ...
 $ Race.JyoType1Cd                  : Factor w/ 112 levels "18-06-2200-1",..: 1 1 1 1 1 1 1 1 1 1 ...
 $ Race.RaceType1Cd                 : Factor w/ 2 levels "1-2-14","1-2-13": 1 1 1 1 1 1 1 1 1 1 ...
 $ RaceHorse.RaceId                 : Factor w/ 529 levels "20160109-06-01-02-10",..: 1 1 1 1 1 1 1 1 1 1 ...
 $ RaceHorse.KettoNum               : Factor w/ 1040 levels "2007100476","2008102799",..: 1 1 1 1 1 1 1 2 2 2 ...
 $ RaceHorse.IsHit1                 : num  0 0 0 0 0 0 0 0 0 0 ...
 $ RaceHorse.IsHit2                 : num  0 0 0 0 0 0 0 0 0 0 ...
 $ RaceHorse.IsHit3                 : num  0 0 0 0 0 0 0 0 0 0 ...
 $ RaceHorse.IsHit4                 : num  0 0 0 0 0 0 0 0 0 0 ...
 $ RaceHorse.IsHit5                 : num  0 0 0 0 0 0 0 1 1 1 ...
 $ RaceHorse.IsHit6                 : num  1 1 1 1 1 1 1 0 0 0 ...
 $ RaceHorse.IsValidRaceHorse       : logi  TRUE TRUE TRUE TRUE TRUE TRUE ...
 $ RaceHorse.FinishTimeSdvByRace    : num  0.0431 0.0431 0.0431 0.0431 0.0431 ...
 $ RaceHorse.FirstTimeSdvByRace     : num  -0.212 -0.212 -0.212 -0.212 -0.212 ...
 $ RaceHorse.LastTimeSdvByRace      : num  0.195 0.195 0.195 0.195 0.195 ...
 $ RaceHorse.FinishTimeSdv          : num  0.244 0.244 0.244 0.244 0.244 ...
 $ RaceHorse.FirstTimeSdv           : num  -0.495 -0.495 -0.495 -0.495 -0.495 ...
 $ RaceHorse.LastTimeSdv            : num  1.05 1.05 1.05 1.05 1.05 ...
 $ RaceHorse.IsHitA                 : num  0 0 0 0 0 0 0 0 0 0 ...
 $ RaceHorse.IsHitB                 : num  0 0 0 0 0 0 0 0 0 0 ...
 $ RaceHorse.IsHitC                 : num  0 0 0 0 0 0 0 0 0 0 ...
 $ PrevRaceHorse.RaceId             : Factor w/ 763 levels "20150329-06-03-02-10",..: 1 2 3 4 5 6 7 8 9 10 ...
 $ PrevRaceHorse.KettoNum           : Factor w/ 1040 levels "2007100476","2008102799",..: 1 1 1 1 1 1 1 2 2 2 ...
 $ PrevRaceHorse.FinishTimeSdvByRace: num  0.745 0.262 0.953 -1.404 0.647 ...
 $ PrevRaceHorse.FirstTimeSdvByRace : num  -1.4413 0.0985 -0.612 -0.6844 0.246 ...
 $ PrevRaceHorse.LastTimeSdvByRace  : num  1.342 0.176 0.873 -0.691 0.581 ...
 $ PrevRaceHorse.FinishTimeSdv      : num  1.324 -0.326 0.991 0.147 1.037 ...
 $ PrevRaceHorse.FirstTimeSdv       : num  0.686 -0.772 0.986 -0.533 1.916 ...
 $ PrevRaceHorse.LastTimeSdv        : num  1.263 0.642 -0.104 1.045 -1.31 ...
 $ PrevRaceHorse.IsRun              : num  1 1 1 1 1 1 1 1 1 1 ...
 $ PrevRaceHorse.IsHit1             : num  0 0 0 0 0 0 0 0 0 0 ...
 $ PrevRaceHorse.IsHit2             : num  0 0 0 0 0 0 0 0 0 1 ...
 $ PrevRaceHorse.IsHit3             : num  1 0 1 0 0 0 0 0 0 0 ...
 $ PrevRaceHorse.IsHit4             : num  0 0 0 0 1 0 0 0 0 0 ...
 $ PrevRaceHorse.IsHit5             : num  0 0 0 0 0 0 0 1 0 0 ...
 $ PrevRaceHorse.RowNum             : num  1 2 3 4 5 6 7 1 2 3 ...
 $ PrevOdds.RealOddsLog1            : num  2.94 2.11 2.2 2.93 2.64 ...
 $ EOF                              : int  1 1 1 1 1 1 1 1 1 1 ...
NULL
[1] "2022-03-09 09:00:40 --- transform Finish ---"
[1] "2022-03-09 09:00:41 --- na.omit Start ---"
[1] "--------------------------------------------------------------------------------"
[1] "nrow(data) na.omit before=16462"
[1] "nrow(data) na.omit after =16343"
[1] "nrow(data) na.omit diff =119"
[1] "--------------------------------------------------------------------------------"
'data.frame':	16343 obs. of  45 variables:
 $ Race.RaceId                      : Factor w/ 529 levels "20160109-06-01-02-10",..: 1 1 1 1 1 1 1 1 1 1 ...
 $ Race.IsAnalyzeNormalPastAndFuture: logi  TRUE TRUE TRUE TRUE TRUE TRUE ...
 $ Race.IsAnalyzeNormalPast         : logi  TRUE TRUE TRUE TRUE TRUE TRUE ...
 $ Race.IsAnalyzeNormalFuture       : logi  FALSE FALSE FALSE FALSE FALSE FALSE ...
 $ Race.IsAnalyzeFullPastAndFuture  : logi  TRUE TRUE TRUE TRUE TRUE TRUE ...
 $ Race.IsAnalyzeFullPast           : logi  TRUE TRUE TRUE TRUE TRUE TRUE ...
 $ Race.IsAnalyzeFullFuture         : logi  FALSE FALSE FALSE FALSE FALSE FALSE ...
 $ Race.JyokenCd                    : Factor w/ 1 level "2": 1 1 1 1 1 1 1 1 1 1 ...
 $ Race.JyoType1Cd                  : Factor w/ 112 levels "18-06-2200-1",..: 1 1 1 1 1 1 1 1 1 1 ...
 $ Race.RaceType1Cd                 : Factor w/ 2 levels "1-2-14","1-2-13": 1 1 1 1 1 1 1 1 1 1 ...
 $ RaceHorse.RaceId                 : Factor w/ 529 levels "20160109-06-01-02-10",..: 1 1 1 1 1 1 1 1 1 1 ...
 $ RaceHorse.KettoNum               : Factor w/ 1040 levels "2007100476","2008102799",..: 1 1 1 1 1 1 1 2 2 2 ...
 $ RaceHorse.IsHit1                 : num  0 0 0 0 0 0 0 0 0 0 ...
 $ RaceHorse.IsHit2                 : num  0 0 0 0 0 0 0 0 0 0 ...
 $ RaceHorse.IsHit3                 : num  0 0 0 0 0 0 0 0 0 0 ...
 $ RaceHorse.IsHit4                 : num  0 0 0 0 0 0 0 0 0 0 ...
 $ RaceHorse.IsHit5                 : num  0 0 0 0 0 0 0 1 1 1 ...
 $ RaceHorse.IsHit6                 : num  1 1 1 1 1 1 1 0 0 0 ...
 $ RaceHorse.IsValidRaceHorse       : logi  TRUE TRUE TRUE TRUE TRUE TRUE ...
 $ RaceHorse.FinishTimeSdvByRace    : num  0.0431 0.0431 0.0431 0.0431 0.0431 ...
 $ RaceHorse.FirstTimeSdvByRace     : num  -0.212 -0.212 -0.212 -0.212 -0.212 ...
 $ RaceHorse.LastTimeSdvByRace      : num  0.195 0.195 0.195 0.195 0.195 ...
 $ RaceHorse.FinishTimeSdv          : num  0.244 0.244 0.244 0.244 0.244 ...
 $ RaceHorse.FirstTimeSdv           : num  -0.495 -0.495 -0.495 -0.495 -0.495 ...
 $ RaceHorse.LastTimeSdv            : num  1.05 1.05 1.05 1.05 1.05 ...
 $ RaceHorse.IsHitA                 : num  0 0 0 0 0 0 0 0 0 0 ...
 $ RaceHorse.IsHitB                 : num  0 0 0 0 0 0 0 0 0 0 ...
 $ RaceHorse.IsHitC                 : num  0 0 0 0 0 0 0 0 0 0 ...
 $ PrevRaceHorse.RaceId             : Factor w/ 763 levels "20150329-06-03-02-10",..: 1 2 3 4 5 6 7 8 9 10 ...
 $ PrevRaceHorse.KettoNum           : Factor w/ 1040 levels "2007100476","2008102799",..: 1 1 1 1 1 1 1 2 2 2 ...
 $ PrevRaceHorse.FinishTimeSdvByRace: num  0.745 0.262 0.953 -1.404 0.647 ...
 $ PrevRaceHorse.FirstTimeSdvByRace : num  -1.4413 0.0985 -0.612 -0.6844 0.246 ...
 $ PrevRaceHorse.LastTimeSdvByRace  : num  1.342 0.176 0.873 -0.691 0.581 ...
 $ PrevRaceHorse.FinishTimeSdv      : num  1.324 -0.326 0.991 0.147 1.037 ...
 $ PrevRaceHorse.FirstTimeSdv       : num  0.686 -0.772 0.986 -0.533 1.916 ...
 $ PrevRaceHorse.LastTimeSdv        : num  1.263 0.642 -0.104 1.045 -1.31 ...
 $ PrevRaceHorse.IsRun              : num  1 1 1 1 1 1 1 1 1 1 ...
 $ PrevRaceHorse.IsHit1             : num  0 0 0 0 0 0 0 0 0 0 ...
 $ PrevRaceHorse.IsHit2             : num  0 0 0 0 0 0 0 0 0 1 ...
 $ PrevRaceHorse.IsHit3             : num  1 0 1 0 0 0 0 0 0 0 ...
 $ PrevRaceHorse.IsHit4             : num  0 0 0 0 1 0 0 0 0 0 ...
 $ PrevRaceHorse.IsHit5             : num  0 0 0 0 0 0 0 1 0 0 ...
 $ PrevRaceHorse.RowNum             : num  1 2 3 4 5 6 7 1 2 3 ...
 $ PrevOdds.RealOddsLog1            : num  2.94 2.11 2.2 2.93 2.64 ...
 $ EOF                              : int  1 1 1 1 1 1 1 1 1 1 ...
 - attr(*, "na.action")= 'omit' Named int  285 1240 1241 1242 1243 1244 1245 1257 1258 1259 ...
  ..- attr(*, "names")= chr  "285" "1240" "1241" "1242" ...
[1] "2022-03-09 09:00:41 --- na.omit Finish ---"
[1] "2022-03-09 09:00:41 --- rxLogit with rxStepControl Start ---"

> print(paste0(Sys.time(), " --- source_logic_glm.R Start ---"))
[1] "2022-03-09 09:00:41 --- source_logic_glm.R Start ---"

> formula <- formula(RaceHorse.IsHitA ~ +1 + PrevRaceHorse.FinishTimeSdvByRace)

> print(paste0(Sys.time(), " --- source_logic_glm.R Finished ---"))
[1] "2022-03-09 09:00:41 --- source_logic_glm.R Finished ---"
Rows Read: 16343, Total Rows Processed: 16343, Total Chunk Time: 0.002 seconds 

Starting values (iteration 1) time: 0.019 secs.
Rows Read: 16343, Total Rows Processed: 16343, Total Chunk Time: 0.001 seconds 

Iteration 2 time: 0.005 secs.
Rows Read: 16343, Total Rows Processed: 16343, Total Chunk Time: 0.001 seconds 

Iteration 3 time: 0.006 secs.
Rows Read: 16343, Total Rows Processed: 16343, Total Chunk Time: 0.001 seconds 

Iteration 4 time: 0.004 secs.
Rows Read: 16343, Total Rows Processed: 16343, Total Chunk Time: Less than .001 seconds 

Iteration 5 time: 0.004 secs.

Elapsed computation time: 0.057 secs.
Rows Read: 16343, Total Rows Processed: 16343, Total Chunk Time: Less than .001 seconds 

Starting values (iteration 1) time: 0.005 secs.
Rows Read: 16343, Total Rows Processed: 16343, Total Chunk Time: 0.001 seconds 

Iteration 2 time: 0.005 secs.

Elapsed computation time: 0.021 secs.
Rows Read: 16343, Total Rows Processed: 16343, Total Chunk Time: Less than .001 seconds 

Starting values (iteration 1) time: 0.005 secs.
Rows Read: 16343, Total Rows Processed: 16343, Total Chunk Time: Less than .001 seconds 

Iteration 2 time: 0.007 secs.
Rows Read: 16343, Total Rows Processed: 16343, Total Chunk Time: 0.001 seconds 

Iteration 3 time: 0.004 secs.
Rows Read: 16343, Total Rows Processed: 16343, Total Chunk Time: 0.001 seconds 

Iteration 4 time: 0.004 secs.
Rows Read: 16343, Total Rows Processed: 16343, Total Chunk Time: 0.002 seconds 

Iteration 5 time: 0.005 secs.

Elapsed computation time: 0.058 secs.

Elapsed computation time: 0.151 secs.
[1] "--------------------------------------------------------------------------------"
[1] "analyze.results.glm.step="
Logistic Regression Results for: RaceHorse.IsHitA ~
    PrevRaceHorse.FinishTimeSdvByRace
Data: data
Dependent variable(s): RaceHorse.IsHitA
Total independent variables: 2 
Number of valid observations: 16343
Number of missing observations: 0 
 
Coefficients:
                                  RaceHorse.IsHitA
(Intercept)                                   -3.1
PrevRaceHorse.FinishTimeSdvByRace              0.5
[1] "analyze.results.glm.step.summary"
Call:
rxLogit(formula = formula, data = data, variableSelection = analyze.results.glm.step.varsel)

Logistic Regression Results for: RaceHorse.IsHitA ~
    PrevRaceHorse.FinishTimeSdvByRace
Data: data
Dependent variable(s): RaceHorse.IsHitA
Total independent variables: 2 
Number of valid observations: 16343
Number of missing observations: 0 
-2*LogLikelihood: 6470.418 (Residual deviance on 16341 degrees of freedom)
 
Coefficients:
                                  Estimate Std. Error z value Pr(>|z|)    
(Intercept)                        -3.0636     0.0411   -74.6  2.2e-16 ***
PrevRaceHorse.FinishTimeSdvByRace   0.5261     0.0537     9.8  2.2e-16 ***
---
Signif. codes:  0 '***' 0.001 '**' 0.01 '*' 0.05 '.' 0.1 ' ' 1

Condition number of final variance-covariance matrix: 1 
Number of iterations: 5
[1] "--------------------------------------------------------------------------------"
[1] "2022-03-09 09:00:41 --- rxLogit with rxStepControl Finish ---"
[1] "2022-03-09 09:00:41 --- rxStepPlot Start ---"
[1] "pdfFilename=pdf_analyze_glm_Horse_Type12_rxStepPlot.pdf"
[1] "rxStepPlot="
[1] "2022-03-09 09:00:41 --- rxStepPlot Finish ---"
[1] "2022-03-09 09:00:41 --- save.image Start ---"
[1] "save.image"
[1] "rdataFilename=RData_analyze_glm_Horse_Type12.RData"
[1] "2022-03-09 09:00:41 --- save.image Finish ---"
[1] "2022-03-09 09:00:41 --- final Start ---"
[1] "--------------------------------------------------------------------------------"
[1] "nrow(data) final=16343"
[1] "--------------------------------------------------------------------------------"
[1] "2022-03-09 09:00:41 --- final Finish ---"
[1] "2022-03-09 09:00:41 --- analyze_glm.R Finished ---"
[1] "2022-03-09 09:00:41 --- log Finish ---"
