[1] "2022-03-09 08:49:18 --- D1116_analyze_glm_Gen01_IsHitA_Type14 Start ---"
[1] "2022-03-09 08:49:18 --- Log Start ---"
[1] "2022-03-09 08:49:19 --- analyze_glm.R Start ---"
[1] "analyzeVersion=D1116"
[1] "analyzeCategory=analyze"
[1] "analyzeType=Gen01"
[1] "analyzeFamily=IsHitA"
[1] "analyzeFunc=glm"
[1] "analyzeTrackTypeCd=1"
[1] "analyzeJyokenCd=4"
[1] "2022-03-09 08:49:19 --- source_function.R Start ---"
[1] "2022-03-09 08:49:19 --- source_function.R Finished ---"

> print(paste0(Sys.time(), " --- source_library.R Start ---"))
[1] "2022-03-09 08:49:19 --- source_library.R Start ---"

> require("RevoScaleR")

> print(paste0(Sys.time(), " --- source_library.R Finished ---"))
[1] "2022-03-09 08:49:19 --- source_library.R Finished ---"
[1] "2022-03-09 08:49:19 --- RxSqlServerData Start ---"
[1] "2022-03-09 08:49:19 --- RxInSqlServer Start ---"
[1] "2022-03-09 08:49:19 --- RxInSqlServer Finish ---"
[1] "2022-03-09 08:49:19 --- rxSetComputeContext Start ---"
[1] "2022-03-09 08:49:19 --- rxSetComputeContext Finish ---"
[1] "2022-03-09 08:49:19 --- RxSqlServerData Start ---"
[1] "sqlQuery=SELECT * FROM ViewAnalyzeD1116analyze01Gen01Type14"
[1] "2022-03-09 08:49:19 --- RxSqlServerData Finish ---"
[1] "2022-03-09 08:49:19 --- rxGetVarInfo Start ---"
[1] "2022-03-09 08:49:19 --- rxGetVarInfo Finish---"
[1] "2022-03-09 08:49:19 --- rxImport Start ---"
Rows Read: 9798368, Total Rows Processed: 9798368, Total Chunk Time: 228.463 seconds 
[1] "2022-03-09 08:55:17 --- rxImport Finish ---"
[1] "object.size(data) auto=2.7 Gb"
[1] "--------------------------------------------------------------------------------"
[1] "nrow(data) RxSqlServerData=9798368"
[1] "--------------------------------------------------------------------------------"
[1] "str(data)="
'data.frame':	9798368 obs. of  45 variables:
 $ Race.RaceId                      : Factor w/ 2247 levels "20160109-06-01-02-12",..: 1 1 1 1 1 1 1 1 1 1 ...
 $ Race.IsAnalyzeNormalPastAndFuture: logi  TRUE TRUE TRUE TRUE TRUE TRUE ...
 $ Race.IsAnalyzeNormalPast         : logi  TRUE TRUE TRUE TRUE TRUE TRUE ...
 $ Race.IsAnalyzeNormalFuture       : logi  FALSE FALSE FALSE FALSE FALSE FALSE ...
 $ Race.IsAnalyzeFullPastAndFuture  : logi  TRUE TRUE TRUE TRUE TRUE TRUE ...
 $ Race.IsAnalyzeFullPast           : logi  TRUE TRUE TRUE TRUE TRUE TRUE ...
 $ Race.IsAnalyzeFullFuture         : logi  FALSE FALSE FALSE FALSE FALSE FALSE ...
 $ Race.JyokenCd                    : Factor w/ 1 level "4": 1 1 1 1 1 1 1 1 1 1 ...
 $ Race.JyoType1Cd                  : Factor w/ 180 levels "18-06-1600-1",..: 1 1 1 1 1 1 1 1 1 1 ...
 $ Race.RaceType1Cd                 : Factor w/ 4 levels "1-4-14","1-4-12",..: 1 1 1 1 1 1 1 1 1 1 ...
 $ RaceHorse.RaceId                 : Factor w/ 2247 levels "20160109-06-01-02-12",..: 1 1 1 1 1 1 1 1 1 1 ...
 $ RaceHorse.KettoNum               : Factor w/ 6797 levels "2011102246","2011103876",..: 2 2 2 2 2 2 2 2 2 2 ...
 $ RaceHorse.IsHit1                 : num  0 0 0 0 0 0 0 0 0 0 ...
 $ RaceHorse.IsHit2                 : num  0 0 0 0 0 0 0 0 0 0 ...
 $ RaceHorse.IsHit3                 : num  0 0 0 0 0 0 0 0 0 0 ...
 $ RaceHorse.IsHit4                 : num  0 0 0 0 0 0 0 0 0 0 ...
 $ RaceHorse.IsHit5                 : num  1 1 1 1 1 1 1 1 1 1 ...
 $ RaceHorse.IsHit6                 : num  0 0 0 0 0 0 0 0 0 0 ...
 $ RaceHorse.IsValidRaceHorse       : logi  TRUE TRUE TRUE TRUE TRUE TRUE ...
 $ RaceHorse.FinishTimeSdvByRace    : num  0.689 0.689 0.689 0.689 0.689 ...
 $ RaceHorse.FirstTimeSdvByRace     : num  -0.294 -0.294 -0.294 -0.294 -0.294 ...
 $ RaceHorse.LastTimeSdvByRace      : num  0.691 0.691 0.691 0.691 0.691 ...
 $ RaceHorse.FinishTimeSdv          : num  0.5 0.5 0.5 0.5 0.5 ...
 $ RaceHorse.FirstTimeSdv           : num  0.0872 0.0872 0.0872 0.0872 0.0872 ...
 $ RaceHorse.LastTimeSdv            : num  0.729 0.729 0.729 0.729 0.729 ...
 $ RaceHorse.IsHitA                 : num  0 0 0 0 0 0 0 0 0 0 ...
 $ RaceHorse.IsHitB                 : num  0 0 0 0 0 0 0 0 0 0 ...
 $ RaceHorse.IsHitC                 : num  0 0 0 0 0 0 0 0 0 0 ...
 $ PrevRaceHorse.RaceId             : Factor w/ 4954 levels "20140316-07-02-02-09",..: 7 8 9 10 11 12 12 13 13 13 ...
 $ PrevRaceHorse.KettoNum           : Factor w/ 12103 levels "2010106609","2010104223",..: 11 12 13 14 15 11 16 17 18 19 ...
 $ PrevRaceHorse.FinishTimeSdvByRace: num  -1.33 1.63 2.07 1.07 1.04 ...
 $ PrevRaceHorse.FirstTimeSdvByRace : num  -0.1804 0.7028 1.317 -0.0777 1.0513 ...
 $ PrevRaceHorse.LastTimeSdvByRace  : num  -1.061 0.94 0.563 0.778 0.629 ...
 $ PrevRaceHorse.FinishTimeSdv      : num  -0.0814 0.3278 1.4815 1.03 -0.7266 ...
 $ PrevRaceHorse.FirstTimeSdv       : num  -0.062 -0.418 1.249 0.54 -0.269 ...
 $ PrevRaceHorse.LastTimeSdv        : num  -0.0437 0.7834 0.978 0.9727 -0.7473 ...
 $ PrevRaceHorse.IsRun              : num  1 1 1 1 1 1 1 1 1 1 ...
 $ PrevRaceHorse.IsHit1             : num  0 1 1 0 0 0 0 0 0 0 ...
 $ PrevRaceHorse.IsHit2             : num  0 0 0 1 1 0 0 0 0 0 ...
 $ PrevRaceHorse.IsHit3             : num  0 0 0 0 0 0 0 0 0 1 ...
 $ PrevRaceHorse.IsHit4             : num  0 0 0 0 0 0 0 0 0 0 ...
 $ PrevRaceHorse.IsHit5             : num  0 0 0 0 0 0 0 0 0 0 ...
 $ PrevRaceHorse.RowNum             : num  222 223 224 225 226 227 228 229 230 231 ...
 $ PrevOdds.RealOddsLog1            : num  3.63 1.1 1.01 1.14 3.19 ...
 $ EOF                              : int  1 1 1 1 1 1 1 1 1 1 ...
[1] "2022-03-09 08:55:17 --- RxSqlServerData Finish ---"
[1] "2022-03-09 08:55:17 --- subset Start ---"
[1] "--------------------------------------------------------------------------------"
[1] "nrow(data) subset before=9798368"
[1] "nrow(data) subset after =9798368"
[1] "nrow(data) subset diff =0"
[1] "--------------------------------------------------------------------------------"
[1] "2022-03-09 08:55:20 --- subset Finish---"
[1] "2022-03-09 08:55:20 --- transform Start ---"
[1] "--------------------------------------------------------------------------------"
[1] "nrow(data) transform before=9798368"
[1] "nrow(data) transform after=9798368"
[1] "nrow(data) transform diff=0"
[1] "--------------------------------------------------------------------------------"
[1] "str(data)="
'data.frame':	9798368 obs. of  45 variables:
 $ Race.RaceId                      : Factor w/ 2247 levels "20160109-06-01-02-12",..: 1 1 1 1 1 1 1 1 1 1 ...
 $ Race.IsAnalyzeNormalPastAndFuture: logi  TRUE TRUE TRUE TRUE TRUE TRUE ...
 $ Race.IsAnalyzeNormalPast         : logi  TRUE TRUE TRUE TRUE TRUE TRUE ...
 $ Race.IsAnalyzeNormalFuture       : logi  FALSE FALSE FALSE FALSE FALSE FALSE ...
 $ Race.IsAnalyzeFullPastAndFuture  : logi  TRUE TRUE TRUE TRUE TRUE TRUE ...
 $ Race.IsAnalyzeFullPast           : logi  TRUE TRUE TRUE TRUE TRUE TRUE ...
 $ Race.IsAnalyzeFullFuture         : logi  FALSE FALSE FALSE FALSE FALSE FALSE ...
 $ Race.JyokenCd                    : Factor w/ 1 level "4": 1 1 1 1 1 1 1 1 1 1 ...
 $ Race.JyoType1Cd                  : Factor w/ 180 levels "18-06-1600-1",..: 1 1 1 1 1 1 1 1 1 1 ...
 $ Race.RaceType1Cd                 : Factor w/ 4 levels "1-4-14","1-4-12",..: 1 1 1 1 1 1 1 1 1 1 ...
 $ RaceHorse.RaceId                 : Factor w/ 2247 levels "20160109-06-01-02-12",..: 1 1 1 1 1 1 1 1 1 1 ...
 $ RaceHorse.KettoNum               : Factor w/ 6797 levels "2011102246","2011103876",..: 2 2 2 2 2 2 2 2 2 2 ...
 $ RaceHorse.IsHit1                 : num  0 0 0 0 0 0 0 0 0 0 ...
 $ RaceHorse.IsHit2                 : num  0 0 0 0 0 0 0 0 0 0 ...
 $ RaceHorse.IsHit3                 : num  0 0 0 0 0 0 0 0 0 0 ...
 $ RaceHorse.IsHit4                 : num  0 0 0 0 0 0 0 0 0 0 ...
 $ RaceHorse.IsHit5                 : num  1 1 1 1 1 1 1 1 1 1 ...
 $ RaceHorse.IsHit6                 : num  0 0 0 0 0 0 0 0 0 0 ...
 $ RaceHorse.IsValidRaceHorse       : logi  TRUE TRUE TRUE TRUE TRUE TRUE ...
 $ RaceHorse.FinishTimeSdvByRace    : num  0.689 0.689 0.689 0.689 0.689 ...
 $ RaceHorse.FirstTimeSdvByRace     : num  -0.294 -0.294 -0.294 -0.294 -0.294 ...
 $ RaceHorse.LastTimeSdvByRace      : num  0.691 0.691 0.691 0.691 0.691 ...
 $ RaceHorse.FinishTimeSdv          : num  0.5 0.5 0.5 0.5 0.5 ...
 $ RaceHorse.FirstTimeSdv           : num  0.0872 0.0872 0.0872 0.0872 0.0872 ...
 $ RaceHorse.LastTimeSdv            : num  0.729 0.729 0.729 0.729 0.729 ...
 $ RaceHorse.IsHitA                 : num  0 0 0 0 0 0 0 0 0 0 ...
 $ RaceHorse.IsHitB                 : num  0 0 0 0 0 0 0 0 0 0 ...
 $ RaceHorse.IsHitC                 : num  0 0 0 0 0 0 0 0 0 0 ...
 $ PrevRaceHorse.RaceId             : Factor w/ 4954 levels "20140316-07-02-02-09",..: 7 8 9 10 11 12 12 13 13 13 ...
 $ PrevRaceHorse.KettoNum           : Factor w/ 12103 levels "2010106609","2010104223",..: 11 12 13 14 15 11 16 17 18 19 ...
 $ PrevRaceHorse.FinishTimeSdvByRace: num  -1.33 1.63 2.07 1.07 1.04 ...
 $ PrevRaceHorse.FirstTimeSdvByRace : num  -0.1804 0.7028 1.317 -0.0777 1.0513 ...
 $ PrevRaceHorse.LastTimeSdvByRace  : num  -1.061 0.94 0.563 0.778 0.629 ...
 $ PrevRaceHorse.FinishTimeSdv      : num  -0.0814 0.3278 1.4815 1.03 -0.7266 ...
 $ PrevRaceHorse.FirstTimeSdv       : num  -0.062 -0.418 1.249 0.54 -0.269 ...
 $ PrevRaceHorse.LastTimeSdv        : num  -0.0437 0.7834 0.978 0.9727 -0.7473 ...
 $ PrevRaceHorse.IsRun              : num  1 1 1 1 1 1 1 1 1 1 ...
 $ PrevRaceHorse.IsHit1             : num  0 1 1 0 0 0 0 0 0 0 ...
 $ PrevRaceHorse.IsHit2             : num  0 0 0 1 1 0 0 0 0 0 ...
 $ PrevRaceHorse.IsHit3             : num  0 0 0 0 0 0 0 0 0 1 ...
 $ PrevRaceHorse.IsHit4             : num  0 0 0 0 0 0 0 0 0 0 ...
 $ PrevRaceHorse.IsHit5             : num  0 0 0 0 0 0 0 0 0 0 ...
 $ PrevRaceHorse.RowNum             : num  222 223 224 225 226 227 228 229 230 231 ...
 $ PrevOdds.RealOddsLog1            : num  3.63 1.1 1.01 1.14 3.19 ...
 $ EOF                              : int  1 1 1 1 1 1 1 1 1 1 ...
NULL
[1] "2022-03-09 08:55:21 --- transform Finish ---"
[1] "2022-03-09 08:55:21 --- na.omit Start ---"
[1] "--------------------------------------------------------------------------------"
[1] "nrow(data) na.omit before=9798368"
[1] "nrow(data) na.omit after =9744614"
[1] "nrow(data) na.omit diff =53754"
[1] "--------------------------------------------------------------------------------"
'data.frame':	9744614 obs. of  45 variables:
 $ Race.RaceId                      : Factor w/ 2247 levels "20160109-06-01-02-12",..: 1 1 1 1 1 1 1 1 1 1 ...
 $ Race.IsAnalyzeNormalPastAndFuture: logi  TRUE TRUE TRUE TRUE TRUE TRUE ...
 $ Race.IsAnalyzeNormalPast         : logi  TRUE TRUE TRUE TRUE TRUE TRUE ...
 $ Race.IsAnalyzeNormalFuture       : logi  FALSE FALSE FALSE FALSE FALSE FALSE ...
 $ Race.IsAnalyzeFullPastAndFuture  : logi  TRUE TRUE TRUE TRUE TRUE TRUE ...
 $ Race.IsAnalyzeFullPast           : logi  TRUE TRUE TRUE TRUE TRUE TRUE ...
 $ Race.IsAnalyzeFullFuture         : logi  FALSE FALSE FALSE FALSE FALSE FALSE ...
 $ Race.JyokenCd                    : Factor w/ 1 level "4": 1 1 1 1 1 1 1 1 1 1 ...
 $ Race.JyoType1Cd                  : Factor w/ 180 levels "18-06-1600-1",..: 1 1 1 1 1 1 1 1 1 1 ...
 $ Race.RaceType1Cd                 : Factor w/ 4 levels "1-4-14","1-4-12",..: 1 1 1 1 1 1 1 1 1 1 ...
 $ RaceHorse.RaceId                 : Factor w/ 2247 levels "20160109-06-01-02-12",..: 1 1 1 1 1 1 1 1 1 1 ...
 $ RaceHorse.KettoNum               : Factor w/ 6797 levels "2011102246","2011103876",..: 2 2 2 2 2 2 2 2 2 2 ...
 $ RaceHorse.IsHit1                 : num  0 0 0 0 0 0 0 0 0 0 ...
 $ RaceHorse.IsHit2                 : num  0 0 0 0 0 0 0 0 0 0 ...
 $ RaceHorse.IsHit3                 : num  0 0 0 0 0 0 0 0 0 0 ...
 $ RaceHorse.IsHit4                 : num  0 0 0 0 0 0 0 0 0 0 ...
 $ RaceHorse.IsHit5                 : num  1 1 1 1 1 1 1 1 1 1 ...
 $ RaceHorse.IsHit6                 : num  0 0 0 0 0 0 0 0 0 0 ...
 $ RaceHorse.IsValidRaceHorse       : logi  TRUE TRUE TRUE TRUE TRUE TRUE ...
 $ RaceHorse.FinishTimeSdvByRace    : num  0.689 0.689 0.689 0.689 0.689 ...
 $ RaceHorse.FirstTimeSdvByRace     : num  -0.294 -0.294 -0.294 -0.294 -0.294 ...
 $ RaceHorse.LastTimeSdvByRace      : num  0.691 0.691 0.691 0.691 0.691 ...
 $ RaceHorse.FinishTimeSdv          : num  0.5 0.5 0.5 0.5 0.5 ...
 $ RaceHorse.FirstTimeSdv           : num  0.0872 0.0872 0.0872 0.0872 0.0872 ...
 $ RaceHorse.LastTimeSdv            : num  0.729 0.729 0.729 0.729 0.729 ...
 $ RaceHorse.IsHitA                 : num  0 0 0 0 0 0 0 0 0 0 ...
 $ RaceHorse.IsHitB                 : num  0 0 0 0 0 0 0 0 0 0 ...
 $ RaceHorse.IsHitC                 : num  0 0 0 0 0 0 0 0 0 0 ...
 $ PrevRaceHorse.RaceId             : Factor w/ 4954 levels "20140316-07-02-02-09",..: 7 8 9 10 11 12 12 13 13 13 ...
 $ PrevRaceHorse.KettoNum           : Factor w/ 12103 levels "2010106609","2010104223",..: 11 12 13 14 15 11 16 17 18 19 ...
 $ PrevRaceHorse.FinishTimeSdvByRace: num  -1.33 1.63 2.07 1.07 1.04 ...
 $ PrevRaceHorse.FirstTimeSdvByRace : num  -0.1804 0.7028 1.317 -0.0777 1.0513 ...
 $ PrevRaceHorse.LastTimeSdvByRace  : num  -1.061 0.94 0.563 0.778 0.629 ...
 $ PrevRaceHorse.FinishTimeSdv      : num  -0.0814 0.3278 1.4815 1.03 -0.7266 ...
 $ PrevRaceHorse.FirstTimeSdv       : num  -0.062 -0.418 1.249 0.54 -0.269 ...
 $ PrevRaceHorse.LastTimeSdv        : num  -0.0437 0.7834 0.978 0.9727 -0.7473 ...
 $ PrevRaceHorse.IsRun              : num  1 1 1 1 1 1 1 1 1 1 ...
 $ PrevRaceHorse.IsHit1             : num  0 1 1 0 0 0 0 0 0 0 ...
 $ PrevRaceHorse.IsHit2             : num  0 0 0 1 1 0 0 0 0 0 ...
 $ PrevRaceHorse.IsHit3             : num  0 0 0 0 0 0 0 0 0 1 ...
 $ PrevRaceHorse.IsHit4             : num  0 0 0 0 0 0 0 0 0 0 ...
 $ PrevRaceHorse.IsHit5             : num  0 0 0 0 0 0 0 0 0 0 ...
 $ PrevRaceHorse.RowNum             : num  222 223 224 225 226 227 228 229 230 231 ...
 $ PrevOdds.RealOddsLog1            : num  3.63 1.1 1.01 1.14 3.19 ...
 $ EOF                              : int  1 1 1 1 1 1 1 1 1 1 ...
 - attr(*, "na.action")= 'omit' Named int  55720 55721 55722 55723 55724 55725 55726 55727 55904 55905 ...
  ..- attr(*, "names")= chr  "55720" "55721" "55722" "55723" ...
[1] "2022-03-09 08:55:26 --- na.omit Finish ---"
[1] "2022-03-09 08:55:26 --- rxLogit with rxStepControl Start ---"

> print(paste0(Sys.time(), " --- source_logic_glm.R Start ---"))
[1] "2022-03-09 08:55:26 --- source_logic_glm.R Start ---"

> formula <- formula(RaceHorse.IsHitA ~ +1 + PrevRaceHorse.FinishTimeSdvByRace)

> print(paste0(Sys.time(), " --- source_logic_glm.R Finished ---"))
[1] "2022-03-09 08:55:26 --- source_logic_glm.R Finished ---"
Rows Read: 9744614, Total Rows Processed: 9744614, Total Chunk Time: 0.168 seconds 

Starting values (iteration 1) time: 0.309 secs.
Rows Read: 9744614, Total Rows Processed: 9744614, Total Chunk Time: 0.383 seconds 

Iteration 2 time: 0.413 secs.
Rows Read: 9744614, Total Rows Processed: 9744614, Total Chunk Time: 0.441 seconds 

Iteration 3 time: 0.478 secs.

Elapsed computation time: 1.206 secs.
Rows Read: 9744614, Total Rows Processed: 9744614, Total Chunk Time: 0.113 seconds 

Starting values (iteration 1) time: 0.138 secs.
Rows Read: 9744614, Total Rows Processed: 9744614, Total Chunk Time: 0.368 seconds 

Iteration 2 time: 0.400 secs.

Elapsed computation time: 0.540 secs.
Rows Read: 9744614, Total Rows Processed: 9744614, Total Chunk Time: 0.162 seconds 

Starting values (iteration 1) time: 0.182 secs.
Rows Read: 9744614, Total Rows Processed: 9744614, Total Chunk Time: 0.536 seconds 

Iteration 2 time: 0.582 secs.
Rows Read: 9744614, Total Rows Processed: 9744614, Total Chunk Time: 0.431 seconds 

Iteration 3 time: 0.458 secs.

Elapsed computation time: 1.224 secs.

Elapsed computation time: 3.028 secs.
[1] "--------------------------------------------------------------------------------"
[1] "analyze.results.glm.step="
Logistic Regression Results for: RaceHorse.IsHitA ~
    PrevRaceHorse.FinishTimeSdvByRace
Data: data
Dependent variable(s): RaceHorse.IsHitA
Total independent variables: 2 
Number of valid observations: 9744614
Number of missing observations: 0 
 
Coefficients:
                                  RaceHorse.IsHitA
(Intercept)                                  -2.34
PrevRaceHorse.FinishTimeSdvByRace             0.06
[1] "analyze.results.glm.step.summary"
Call:
rxLogit(formula = formula, data = data, variableSelection = analyze.results.glm.step.varsel)

Logistic Regression Results for: RaceHorse.IsHitA ~
    PrevRaceHorse.FinishTimeSdvByRace
Data: data
Dependent variable(s): RaceHorse.IsHitA
Total independent variables: 2 
Number of valid observations: 9744614
Number of missing observations: 0 
-2*LogLikelihood: 5843311.294 (Residual deviance on 9744612 degrees of freedom)
 
Coefficients:
                                  Estimate Std. Error z value Pr(>|z|)    
(Intercept)                       -2.34287    0.00119 -1960.6  2.2e-16 ***
PrevRaceHorse.FinishTimeSdvByRace  0.05642    0.00140    40.4  2.2e-16 ***
---
Signif. codes:  0 '***' 0.001 '**' 0.01 '*' 0.05 '.' 0.1 ' ' 1

Condition number of final variance-covariance matrix: 1 
Number of iterations: 3
[1] "--------------------------------------------------------------------------------"
[1] "2022-03-09 08:55:33 --- rxLogit with rxStepControl Finish ---"
[1] "2022-03-09 08:55:33 --- rxStepPlot Start ---"
[1] "pdfFilename=pdf_analyze_glm_Gen01_Type14_rxStepPlot.pdf"
[1] "rxStepPlot="
[1] "2022-03-09 08:55:33 --- rxStepPlot Finish ---"
[1] "2022-03-09 08:55:33 --- save.image Start ---"
[1] "save.image"
[1] "rdataFilename=RData_analyze_glm_Gen01_Type14.RData"
[1] "2022-03-09 08:56:10 --- save.image Finish ---"
[1] "2022-03-09 08:56:10 --- final Start ---"
[1] "--------------------------------------------------------------------------------"
[1] "nrow(data) final=9744614"
[1] "--------------------------------------------------------------------------------"
[1] "2022-03-09 08:56:10 --- final Finish ---"
[1] "2022-03-09 08:56:10 --- analyze_glm.R Finished ---"
[1] "2022-03-09 08:56:10 --- log Finish ---"
