[1] "2022-03-09 09:00:36 --- D1116_analyze_glm_Horse_IsHitA_Type14 Start ---"
[1] "2022-03-09 09:00:36 --- Log Start ---"
[1] "2022-03-09 09:00:36 --- analyze_glm.R Start ---"
[1] "analyzeVersion=D1116"
[1] "analyzeCategory=analyze"
[1] "analyzeType=Horse"
[1] "analyzeFamily=IsHitA"
[1] "analyzeFunc=glm"
[1] "analyzeTrackTypeCd=1"
[1] "analyzeJyokenCd=4"
[1] "2022-03-09 09:00:36 --- source_function.R Start ---"
[1] "2022-03-09 09:00:36 --- source_function.R Finished ---"

> print(paste0(Sys.time(), " --- source_library.R Start ---"))
[1] "2022-03-09 09:00:36 --- source_library.R Start ---"

> require("RevoScaleR")

> print(paste0(Sys.time(), " --- source_library.R Finished ---"))
[1] "2022-03-09 09:00:37 --- source_library.R Finished ---"
[1] "2022-03-09 09:00:37 --- RxSqlServerData Start ---"
[1] "2022-03-09 09:00:37 --- RxInSqlServer Start ---"
[1] "2022-03-09 09:00:37 --- RxInSqlServer Finish ---"
[1] "2022-03-09 09:00:37 --- rxSetComputeContext Start ---"
[1] "2022-03-09 09:00:37 --- rxSetComputeContext Finish ---"
[1] "2022-03-09 09:00:37 --- RxSqlServerData Start ---"
[1] "sqlQuery=SELECT * FROM ViewAnalyzeD1116analyze01HorseType14"
[1] "2022-03-09 09:00:37 --- RxSqlServerData Finish ---"
[1] "2022-03-09 09:00:37 --- rxGetVarInfo Start ---"
[1] "2022-03-09 09:00:37 --- rxGetVarInfo Finish---"
[1] "2022-03-09 09:00:37 --- rxImport Start ---"
Rows Read: 66751, Total Rows Processed: 66751, Total Chunk Time: 2.946 seconds 
[1] "2022-03-09 09:00:44 --- rxImport Finish ---"
[1] "object.size(data) auto=20.1 Mb"
[1] "--------------------------------------------------------------------------------"
[1] "nrow(data) RxSqlServerData=66751"
[1] "--------------------------------------------------------------------------------"
[1] "str(data)="
'data.frame':	66751 obs. of  45 variables:
 $ Race.RaceId                      : Factor w/ 2173 levels "20160109-06-01-02-12",..: 1 1 1 1 1 1 1 1 2 2 ...
 $ Race.IsAnalyzeNormalPastAndFuture: logi  TRUE TRUE TRUE TRUE TRUE TRUE ...
 $ Race.IsAnalyzeNormalPast         : logi  TRUE TRUE TRUE TRUE TRUE TRUE ...
 $ Race.IsAnalyzeNormalFuture       : logi  FALSE FALSE FALSE FALSE FALSE FALSE ...
 $ Race.IsAnalyzeFullPastAndFuture  : logi  TRUE TRUE TRUE TRUE TRUE TRUE ...
 $ Race.IsAnalyzeFullPast           : logi  TRUE TRUE TRUE TRUE TRUE TRUE ...
 $ Race.IsAnalyzeFullFuture         : logi  FALSE FALSE FALSE FALSE FALSE FALSE ...
 $ Race.JyokenCd                    : Factor w/ 1 level "4": 1 1 1 1 1 1 1 1 1 1 ...
 $ Race.JyoType1Cd                  : Factor w/ 179 levels "18-06-1600-1",..: 1 1 1 1 1 1 1 1 2 2 ...
 $ Race.RaceType1Cd                 : Factor w/ 4 levels "1-4-14","1-4-12",..: 1 1 1 1 1 1 1 1 1 1 ...
 $ RaceHorse.RaceId                 : Factor w/ 2173 levels "20160109-06-01-02-12",..: 1 1 1 1 1 1 1 1 2 2 ...
 $ RaceHorse.KettoNum               : Factor w/ 4257 levels "2011101385","2011103994",..: 1 2 2 3 3 3 3 3 4 5 ...
 $ RaceHorse.IsHit1                 : num  0 0 0 0 0 0 0 0 0 0 ...
 $ RaceHorse.IsHit2                 : num  0 0 0 0 0 0 0 0 0 0 ...
 $ RaceHorse.IsHit3                 : num  1 0 0 0 0 0 0 0 0 0 ...
 $ RaceHorse.IsHit4                 : num  0 0 0 0 0 0 0 0 0 1 ...
 $ RaceHorse.IsHit5                 : num  0 0 0 0 0 0 0 0 1 0 ...
 $ RaceHorse.IsHit6                 : num  0 1 1 1 1 1 1 1 0 0 ...
 $ RaceHorse.IsValidRaceHorse       : logi  TRUE TRUE TRUE TRUE TRUE TRUE ...
 $ RaceHorse.FinishTimeSdvByRace    : num  1.121 -1.256 -1.256 -0.608 -0.608 ...
 $ RaceHorse.FirstTimeSdvByRace     : num  -0.518 0.601 0.601 -1.189 -1.189 ...
 $ RaceHorse.LastTimeSdvByRace      : num  1.152 -1.306 -1.306 0.384 0.384 ...
 $ RaceHorse.FinishTimeSdv          : num  0.6034 0.0348 0.0348 0.1899 0.1899 ...
 $ RaceHorse.FirstTimeSdv           : num  0.0265 0.3301 0.3301 -0.1557 -0.1557 ...
 $ RaceHorse.LastTimeSdv            : num  0.994 -0.421 -0.421 0.552 0.552 ...
 $ RaceHorse.IsHitA                 : num  0 0 0 0 0 0 0 0 0 0 ...
 $ RaceHorse.IsHitB                 : num  0 0 0 0 0 0 0 0 0 0 ...
 $ RaceHorse.IsHitC                 : num  1 0 0 0 0 0 0 0 0 0 ...
 $ PrevRaceHorse.RaceId             : Factor w/ 2869 levels "20150110-06-01-03-12",..: 1 2 3 2 4 5 6 1 7 8 ...
 $ PrevRaceHorse.KettoNum           : Factor w/ 4257 levels "2011101385","2011103994",..: 1 2 2 3 3 3 3 3 4 5 ...
 $ PrevRaceHorse.FinishTimeSdvByRace: num  1.241 1.037 0.331 0.194 -0.14 ...
 $ PrevRaceHorse.FirstTimeSdvByRace : num  0.706 0.914 1.979 -0.346 1.01 ...
 $ PrevRaceHorse.LastTimeSdvByRace  : num  0.6477 -0.0335 -0.6885 0.6203 -1.0268 ...
 $ PrevRaceHorse.FinishTimeSdv      : num  0.913 0.839 0.164 0.63 0.948 ...
 $ PrevRaceHorse.FirstTimeSdv       : num  0.6338 0.3908 0.3766 -0.0256 1.3682 ...
 $ PrevRaceHorse.LastTimeSdv        : num  0.64 0.837 -0.241 1.102 -0.228 ...
 $ PrevRaceHorse.IsRun              : num  1 1 1 1 1 1 1 1 1 1 ...
 $ PrevRaceHorse.IsHit1             : num  1 0 0 0 0 0 0 0 1 1 ...
 $ PrevRaceHorse.IsHit2             : num  0 1 0 0 0 0 0 0 0 0 ...
 $ PrevRaceHorse.IsHit3             : num  0 0 0 0 0 0 0 0 0 0 ...
 $ PrevRaceHorse.IsHit4             : num  0 0 0 0 0 0 0 0 0 0 ...
 $ PrevRaceHorse.IsHit5             : num  0 0 0 0 0 0 0 1 0 0 ...
 $ PrevRaceHorse.RowNum             : num  1 1 2 1 2 3 4 5 1 1 ...
 $ PrevOdds.RealOddsLog1            : num  3.15 2.14 2.81 3.74 3.93 ...
 $ EOF                              : int  1 1 1 1 1 1 1 1 1 1 ...
[1] "2022-03-09 09:00:44 --- RxSqlServerData Finish ---"
[1] "2022-03-09 09:00:44 --- subset Start ---"
[1] "--------------------------------------------------------------------------------"
[1] "nrow(data) subset before=66751"
[1] "nrow(data) subset after =66751"
[1] "nrow(data) subset diff =0"
[1] "--------------------------------------------------------------------------------"
[1] "2022-03-09 09:00:44 --- subset Finish---"
[1] "2022-03-09 09:00:44 --- transform Start ---"
[1] "--------------------------------------------------------------------------------"
[1] "nrow(data) transform before=66751"
[1] "nrow(data) transform after=66751"
[1] "nrow(data) transform diff=0"
[1] "--------------------------------------------------------------------------------"
[1] "str(data)="
'data.frame':	66751 obs. of  45 variables:
 $ Race.RaceId                      : Factor w/ 2173 levels "20160109-06-01-02-12",..: 1 1 1 1 1 1 1 1 2 2 ...
 $ Race.IsAnalyzeNormalPastAndFuture: logi  TRUE TRUE TRUE TRUE TRUE TRUE ...
 $ Race.IsAnalyzeNormalPast         : logi  TRUE TRUE TRUE TRUE TRUE TRUE ...
 $ Race.IsAnalyzeNormalFuture       : logi  FALSE FALSE FALSE FALSE FALSE FALSE ...
 $ Race.IsAnalyzeFullPastAndFuture  : logi  TRUE TRUE TRUE TRUE TRUE TRUE ...
 $ Race.IsAnalyzeFullPast           : logi  TRUE TRUE TRUE TRUE TRUE TRUE ...
 $ Race.IsAnalyzeFullFuture         : logi  FALSE FALSE FALSE FALSE FALSE FALSE ...
 $ Race.JyokenCd                    : Factor w/ 1 level "4": 1 1 1 1 1 1 1 1 1 1 ...
 $ Race.JyoType1Cd                  : Factor w/ 179 levels "18-06-1600-1",..: 1 1 1 1 1 1 1 1 2 2 ...
 $ Race.RaceType1Cd                 : Factor w/ 4 levels "1-4-14","1-4-12",..: 1 1 1 1 1 1 1 1 1 1 ...
 $ RaceHorse.RaceId                 : Factor w/ 2173 levels "20160109-06-01-02-12",..: 1 1 1 1 1 1 1 1 2 2 ...
 $ RaceHorse.KettoNum               : Factor w/ 4257 levels "2011101385","2011103994",..: 1 2 2 3 3 3 3 3 4 5 ...
 $ RaceHorse.IsHit1                 : num  0 0 0 0 0 0 0 0 0 0 ...
 $ RaceHorse.IsHit2                 : num  0 0 0 0 0 0 0 0 0 0 ...
 $ RaceHorse.IsHit3                 : num  1 0 0 0 0 0 0 0 0 0 ...
 $ RaceHorse.IsHit4                 : num  0 0 0 0 0 0 0 0 0 1 ...
 $ RaceHorse.IsHit5                 : num  0 0 0 0 0 0 0 0 1 0 ...
 $ RaceHorse.IsHit6                 : num  0 1 1 1 1 1 1 1 0 0 ...
 $ RaceHorse.IsValidRaceHorse       : logi  TRUE TRUE TRUE TRUE TRUE TRUE ...
 $ RaceHorse.FinishTimeSdvByRace    : num  1.121 -1.256 -1.256 -0.608 -0.608 ...
 $ RaceHorse.FirstTimeSdvByRace     : num  -0.518 0.601 0.601 -1.189 -1.189 ...
 $ RaceHorse.LastTimeSdvByRace      : num  1.152 -1.306 -1.306 0.384 0.384 ...
 $ RaceHorse.FinishTimeSdv          : num  0.6034 0.0348 0.0348 0.1899 0.1899 ...
 $ RaceHorse.FirstTimeSdv           : num  0.0265 0.3301 0.3301 -0.1557 -0.1557 ...
 $ RaceHorse.LastTimeSdv            : num  0.994 -0.421 -0.421 0.552 0.552 ...
 $ RaceHorse.IsHitA                 : num  0 0 0 0 0 0 0 0 0 0 ...
 $ RaceHorse.IsHitB                 : num  0 0 0 0 0 0 0 0 0 0 ...
 $ RaceHorse.IsHitC                 : num  1 0 0 0 0 0 0 0 0 0 ...
 $ PrevRaceHorse.RaceId             : Factor w/ 2869 levels "20150110-06-01-03-12",..: 1 2 3 2 4 5 6 1 7 8 ...
 $ PrevRaceHorse.KettoNum           : Factor w/ 4257 levels "2011101385","2011103994",..: 1 2 2 3 3 3 3 3 4 5 ...
 $ PrevRaceHorse.FinishTimeSdvByRace: num  1.241 1.037 0.331 0.194 -0.14 ...
 $ PrevRaceHorse.FirstTimeSdvByRace : num  0.706 0.914 1.979 -0.346 1.01 ...
 $ PrevRaceHorse.LastTimeSdvByRace  : num  0.6477 -0.0335 -0.6885 0.6203 -1.0268 ...
 $ PrevRaceHorse.FinishTimeSdv      : num  0.913 0.839 0.164 0.63 0.948 ...
 $ PrevRaceHorse.FirstTimeSdv       : num  0.6338 0.3908 0.3766 -0.0256 1.3682 ...
 $ PrevRaceHorse.LastTimeSdv        : num  0.64 0.837 -0.241 1.102 -0.228 ...
 $ PrevRaceHorse.IsRun              : num  1 1 1 1 1 1 1 1 1 1 ...
 $ PrevRaceHorse.IsHit1             : num  1 0 0 0 0 0 0 0 1 1 ...
 $ PrevRaceHorse.IsHit2             : num  0 1 0 0 0 0 0 0 0 0 ...
 $ PrevRaceHorse.IsHit3             : num  0 0 0 0 0 0 0 0 0 0 ...
 $ PrevRaceHorse.IsHit4             : num  0 0 0 0 0 0 0 0 0 0 ...
 $ PrevRaceHorse.IsHit5             : num  0 0 0 0 0 0 0 1 0 0 ...
 $ PrevRaceHorse.RowNum             : num  1 1 2 1 2 3 4 5 1 1 ...
 $ PrevOdds.RealOddsLog1            : num  3.15 2.14 2.81 3.74 3.93 ...
 $ EOF                              : int  1 1 1 1 1 1 1 1 1 1 ...
NULL
[1] "2022-03-09 09:00:45 --- transform Finish ---"
[1] "2022-03-09 09:00:45 --- na.omit Start ---"
[1] "--------------------------------------------------------------------------------"
[1] "nrow(data) na.omit before=66751"
[1] "nrow(data) na.omit after =66388"
[1] "nrow(data) na.omit diff =363"
[1] "--------------------------------------------------------------------------------"
'data.frame':	66388 obs. of  45 variables:
 $ Race.RaceId                      : Factor w/ 2173 levels "20160109-06-01-02-12",..: 1 1 1 1 1 1 1 1 2 2 ...
 $ Race.IsAnalyzeNormalPastAndFuture: logi  TRUE TRUE TRUE TRUE TRUE TRUE ...
 $ Race.IsAnalyzeNormalPast         : logi  TRUE TRUE TRUE TRUE TRUE TRUE ...
 $ Race.IsAnalyzeNormalFuture       : logi  FALSE FALSE FALSE FALSE FALSE FALSE ...
 $ Race.IsAnalyzeFullPastAndFuture  : logi  TRUE TRUE TRUE TRUE TRUE TRUE ...
 $ Race.IsAnalyzeFullPast           : logi  TRUE TRUE TRUE TRUE TRUE TRUE ...
 $ Race.IsAnalyzeFullFuture         : logi  FALSE FALSE FALSE FALSE FALSE FALSE ...
 $ Race.JyokenCd                    : Factor w/ 1 level "4": 1 1 1 1 1 1 1 1 1 1 ...
 $ Race.JyoType1Cd                  : Factor w/ 179 levels "18-06-1600-1",..: 1 1 1 1 1 1 1 1 2 2 ...
 $ Race.RaceType1Cd                 : Factor w/ 4 levels "1-4-14","1-4-12",..: 1 1 1 1 1 1 1 1 1 1 ...
 $ RaceHorse.RaceId                 : Factor w/ 2173 levels "20160109-06-01-02-12",..: 1 1 1 1 1 1 1 1 2 2 ...
 $ RaceHorse.KettoNum               : Factor w/ 4257 levels "2011101385","2011103994",..: 1 2 2 3 3 3 3 3 4 5 ...
 $ RaceHorse.IsHit1                 : num  0 0 0 0 0 0 0 0 0 0 ...
 $ RaceHorse.IsHit2                 : num  0 0 0 0 0 0 0 0 0 0 ...
 $ RaceHorse.IsHit3                 : num  1 0 0 0 0 0 0 0 0 0 ...
 $ RaceHorse.IsHit4                 : num  0 0 0 0 0 0 0 0 0 1 ...
 $ RaceHorse.IsHit5                 : num  0 0 0 0 0 0 0 0 1 0 ...
 $ RaceHorse.IsHit6                 : num  0 1 1 1 1 1 1 1 0 0 ...
 $ RaceHorse.IsValidRaceHorse       : logi  TRUE TRUE TRUE TRUE TRUE TRUE ...
 $ RaceHorse.FinishTimeSdvByRace    : num  1.121 -1.256 -1.256 -0.608 -0.608 ...
 $ RaceHorse.FirstTimeSdvByRace     : num  -0.518 0.601 0.601 -1.189 -1.189 ...
 $ RaceHorse.LastTimeSdvByRace      : num  1.152 -1.306 -1.306 0.384 0.384 ...
 $ RaceHorse.FinishTimeSdv          : num  0.6034 0.0348 0.0348 0.1899 0.1899 ...
 $ RaceHorse.FirstTimeSdv           : num  0.0265 0.3301 0.3301 -0.1557 -0.1557 ...
 $ RaceHorse.LastTimeSdv            : num  0.994 -0.421 -0.421 0.552 0.552 ...
 $ RaceHorse.IsHitA                 : num  0 0 0 0 0 0 0 0 0 0 ...
 $ RaceHorse.IsHitB                 : num  0 0 0 0 0 0 0 0 0 0 ...
 $ RaceHorse.IsHitC                 : num  1 0 0 0 0 0 0 0 0 0 ...
 $ PrevRaceHorse.RaceId             : Factor w/ 2869 levels "20150110-06-01-03-12",..: 1 2 3 2 4 5 6 1 7 8 ...
 $ PrevRaceHorse.KettoNum           : Factor w/ 4257 levels "2011101385","2011103994",..: 1 2 2 3 3 3 3 3 4 5 ...
 $ PrevRaceHorse.FinishTimeSdvByRace: num  1.241 1.037 0.331 0.194 -0.14 ...
 $ PrevRaceHorse.FirstTimeSdvByRace : num  0.706 0.914 1.979 -0.346 1.01 ...
 $ PrevRaceHorse.LastTimeSdvByRace  : num  0.6477 -0.0335 -0.6885 0.6203 -1.0268 ...
 $ PrevRaceHorse.FinishTimeSdv      : num  0.913 0.839 0.164 0.63 0.948 ...
 $ PrevRaceHorse.FirstTimeSdv       : num  0.6338 0.3908 0.3766 -0.0256 1.3682 ...
 $ PrevRaceHorse.LastTimeSdv        : num  0.64 0.837 -0.241 1.102 -0.228 ...
 $ PrevRaceHorse.IsRun              : num  1 1 1 1 1 1 1 1 1 1 ...
 $ PrevRaceHorse.IsHit1             : num  1 0 0 0 0 0 0 0 1 1 ...
 $ PrevRaceHorse.IsHit2             : num  0 1 0 0 0 0 0 0 0 0 ...
 $ PrevRaceHorse.IsHit3             : num  0 0 0 0 0 0 0 0 0 0 ...
 $ PrevRaceHorse.IsHit4             : num  0 0 0 0 0 0 0 0 0 0 ...
 $ PrevRaceHorse.IsHit5             : num  0 0 0 0 0 0 0 1 0 0 ...
 $ PrevRaceHorse.RowNum             : num  1 1 2 1 2 3 4 5 1 1 ...
 $ PrevOdds.RealOddsLog1            : num  3.15 2.14 2.81 3.74 3.93 ...
 $ EOF                              : int  1 1 1 1 1 1 1 1 1 1 ...
 - attr(*, "na.action")= 'omit' Named int  1750 1923 1924 1979 2654 2655 3945 3946 4948 4949 ...
  ..- attr(*, "names")= chr  "1750" "1923" "1924" "1979" ...
[1] "2022-03-09 09:00:45 --- na.omit Finish ---"
[1] "2022-03-09 09:00:45 --- rxLogit with rxStepControl Start ---"

> print(paste0(Sys.time(), " --- source_logic_glm.R Start ---"))
[1] "2022-03-09 09:00:45 --- source_logic_glm.R Start ---"

> formula <- formula(RaceHorse.IsHitA ~ +1 + PrevRaceHorse.FinishTimeSdvByRace)

> print(paste0(Sys.time(), " --- source_logic_glm.R Finished ---"))
[1] "2022-03-09 09:00:45 --- source_logic_glm.R Finished ---"
Rows Read: 66388, Total Rows Processed: 66388, Total Chunk Time: 0.002 seconds 

Starting values (iteration 1) time: 0.010 secs.
Rows Read: 66388, Total Rows Processed: 66388, Total Chunk Time: 0.003 seconds 

Iteration 2 time: 0.007 secs.
Rows Read: 66388, Total Rows Processed: 66388, Total Chunk Time: 0.003 seconds 

Iteration 3 time: 0.006 secs.
Rows Read: 66388, Total Rows Processed: 66388, Total Chunk Time: 0.003 seconds 

Iteration 4 time: 0.006 secs.
Rows Read: 66388, Total Rows Processed: 66388, Total Chunk Time: 0.003 seconds 

Iteration 5 time: 0.006 secs.

Elapsed computation time: 0.052 secs.
Rows Read: 66388, Total Rows Processed: 66388, Total Chunk Time: 0.002 seconds 

Starting values (iteration 1) time: 0.009 secs.
Rows Read: 66388, Total Rows Processed: 66388, Total Chunk Time: 0.002 seconds 

Iteration 2 time: 0.007 secs.

Elapsed computation time: 0.024 secs.
Rows Read: 66388, Total Rows Processed: 66388, Total Chunk Time: 0.002 seconds 

Starting values (iteration 1) time: 0.009 secs.
Rows Read: 66388, Total Rows Processed: 66388, Total Chunk Time: 0.003 seconds 

Iteration 2 time: 0.008 secs.
Rows Read: 66388, Total Rows Processed: 66388, Total Chunk Time: 0.003 seconds 

Iteration 3 time: 0.006 secs.
Rows Read: 66388, Total Rows Processed: 66388, Total Chunk Time: 0.004 seconds 

Iteration 4 time: 0.006 secs.
Rows Read: 66388, Total Rows Processed: 66388, Total Chunk Time: 0.003 seconds 

Iteration 5 time: 0.005 secs.

Elapsed computation time: 0.049 secs.

Elapsed computation time: 0.140 secs.
[1] "--------------------------------------------------------------------------------"
[1] "analyze.results.glm.step="
Logistic Regression Results for: RaceHorse.IsHitA ~
    PrevRaceHorse.FinishTimeSdvByRace
Data: data
Dependent variable(s): RaceHorse.IsHitA
Total independent variables: 2 
Number of valid observations: 66388
Number of missing observations: 0 
 
Coefficients:
                                  RaceHorse.IsHitA
(Intercept)                                   -3.0
PrevRaceHorse.FinishTimeSdvByRace              0.8
[1] "analyze.results.glm.step.summary"
Call:
rxLogit(formula = formula, data = data, variableSelection = analyze.results.glm.step.varsel)

Logistic Regression Results for: RaceHorse.IsHitA ~
    PrevRaceHorse.FinishTimeSdvByRace
Data: data
Dependent variable(s): RaceHorse.IsHitA
Total independent variables: 2 
Number of valid observations: 66388
Number of missing observations: 0 
-2*LogLikelihood: 29635.743 (Residual deviance on 66386 degrees of freedom)
 
Coefficients:
                                  Estimate Std. Error z value Pr(>|z|)    
(Intercept)                        -3.0140     0.0213  -141.5  2.2e-16 ***
PrevRaceHorse.FinishTimeSdvByRace   0.7535     0.0266    28.3  2.2e-16 ***
---
Signif. codes:  0 '***' 0.001 '**' 0.01 '*' 0.05 '.' 0.1 ' ' 1

Condition number of final variance-covariance matrix: 1 
Number of iterations: 5
[1] "--------------------------------------------------------------------------------"
[1] "2022-03-09 09:00:45 --- rxLogit with rxStepControl Finish ---"
[1] "2022-03-09 09:00:45 --- rxStepPlot Start ---"
[1] "pdfFilename=pdf_analyze_glm_Horse_Type14_rxStepPlot.pdf"
[1] "rxStepPlot="
[1] "2022-03-09 09:00:45 --- rxStepPlot Finish ---"
[1] "2022-03-09 09:00:45 --- save.image Start ---"
[1] "save.image"
[1] "rdataFilename=RData_analyze_glm_Horse_Type14.RData"
[1] "2022-03-09 09:00:46 --- save.image Finish ---"
[1] "2022-03-09 09:00:46 --- final Start ---"
[1] "--------------------------------------------------------------------------------"
[1] "nrow(data) final=66388"
[1] "--------------------------------------------------------------------------------"
[1] "2022-03-09 09:00:46 --- final Finish ---"
[1] "2022-03-09 09:00:46 --- analyze_glm.R Finished ---"
[1] "2022-03-09 09:00:46 --- log Finish ---"
