[1] "2022-03-09 08:49:19 --- D1116_analyze_glm_Gen01_IsHitA_Type31 Start ---"
[1] "2022-03-09 08:49:19 --- Log Start ---"
[1] "2022-03-09 08:49:19 --- analyze_glm.R Start ---"
[1] "analyzeVersion=D1116"
[1] "analyzeCategory=analyze"
[1] "analyzeType=Gen01"
[1] "analyzeFamily=IsHitA"
[1] "analyzeFunc=glm"
[1] "analyzeTrackTypeCd=3"
[1] "analyzeJyokenCd=1"
[1] "2022-03-09 08:49:19 --- source_function.R Start ---"
[1] "2022-03-09 08:49:19 --- source_function.R Finished ---"

> print(paste0(Sys.time(), " --- source_library.R Start ---"))
[1] "2022-03-09 08:49:19 --- source_library.R Start ---"

> require("RevoScaleR")

> print(paste0(Sys.time(), " --- source_library.R Finished ---"))
[1] "2022-03-09 08:49:19 --- source_library.R Finished ---"
[1] "2022-03-09 08:49:19 --- RxSqlServerData Start ---"
[1] "2022-03-09 08:49:19 --- RxInSqlServer Start ---"
[1] "2022-03-09 08:49:19 --- RxInSqlServer Finish ---"
[1] "2022-03-09 08:49:19 --- rxSetComputeContext Start ---"
[1] "2022-03-09 08:49:19 --- rxSetComputeContext Finish ---"
[1] "2022-03-09 08:49:19 --- RxSqlServerData Start ---"
[1] "sqlQuery=SELECT * FROM ViewAnalyzeD1116analyze01Gen01Type31"
[1] "2022-03-09 08:49:19 --- RxSqlServerData Finish ---"
[1] "2022-03-09 08:49:20 --- rxGetVarInfo Start ---"
[1] "2022-03-09 08:49:20 --- rxGetVarInfo Finish---"
[1] "2022-03-09 08:49:20 --- rxImport Start ---"
Rows Read: 70577, Total Rows Processed: 70577, Total Chunk Time: 4.646 seconds 
[1] "2022-03-09 08:49:28 --- rxImport Finish ---"
[1] "object.size(data) auto=20.1 Mb"
[1] "--------------------------------------------------------------------------------"
[1] "nrow(data) RxSqlServerData=70577"
[1] "--------------------------------------------------------------------------------"
[1] "str(data)="
'data.frame':	70577 obs. of  45 variables:
 $ Race.RaceId                      : Factor w/ 213 levels "20160109-06-01-02-08",..: 1 1 1 1 1 1 1 1 1 1 ...
 $ Race.IsAnalyzeNormalPastAndFuture: logi  TRUE TRUE TRUE TRUE TRUE TRUE ...
 $ Race.IsAnalyzeNormalPast         : logi  TRUE TRUE TRUE TRUE TRUE TRUE ...
 $ Race.IsAnalyzeNormalFuture       : logi  FALSE FALSE FALSE FALSE FALSE FALSE ...
 $ Race.IsAnalyzeFullPastAndFuture  : logi  TRUE TRUE TRUE TRUE TRUE TRUE ...
 $ Race.IsAnalyzeFullPast           : logi  TRUE TRUE TRUE TRUE TRUE TRUE ...
 $ Race.IsAnalyzeFullFuture         : logi  FALSE FALSE FALSE FALSE FALSE FALSE ...
 $ Race.JyokenCd                    : Factor w/ 1 level "1": 1 1 1 1 1 1 1 1 1 1 ...
 $ Race.JyoType1Cd                  : Factor w/ 55 levels "52-06-3200-1",..: 1 1 1 1 1 1 1 1 1 1 ...
 $ Race.RaceType1Cd                 : Factor w/ 2 levels "3-1-19","3-1-18": 1 1 1 1 1 1 1 1 1 1 ...
 $ RaceHorse.RaceId                 : Factor w/ 213 levels "20160109-06-01-02-08",..: 1 1 1 1 1 1 1 1 1 1 ...
 $ RaceHorse.KettoNum               : Factor w/ 459 levels "2009103053","2010100880",..: 1 1 1 1 1 1 1 1 1 1 ...
 $ RaceHorse.IsHit1                 : num  0 0 0 0 0 0 0 0 0 0 ...
 $ RaceHorse.IsHit2                 : num  0 0 0 0 0 0 0 0 0 0 ...
 $ RaceHorse.IsHit3                 : num  0 0 0 0 0 0 0 0 0 0 ...
 $ RaceHorse.IsHit4                 : num  0 0 0 0 0 0 0 0 0 0 ...
 $ RaceHorse.IsHit5                 : num  0 0 0 0 0 0 0 0 0 0 ...
 $ RaceHorse.IsHit6                 : num  0 0 0 0 0 0 0 0 0 0 ...
 $ RaceHorse.IsValidRaceHorse       : logi  FALSE FALSE FALSE FALSE FALSE FALSE ...
 $ RaceHorse.FinishTimeSdvByRace    : num  NA NA NA NA NA NA NA NA NA NA ...
 $ RaceHorse.FirstTimeSdvByRace     : num  NA NA NA NA NA NA NA NA NA NA ...
 $ RaceHorse.LastTimeSdvByRace      : num  NA NA NA NA NA NA NA NA NA NA ...
 $ RaceHorse.FinishTimeSdv          : num  NA NA NA NA NA NA NA NA NA NA ...
 $ RaceHorse.FirstTimeSdv           : num  NA NA NA NA NA NA NA NA NA NA ...
 $ RaceHorse.LastTimeSdv            : num  NA NA NA NA NA NA NA NA NA NA ...
 $ RaceHorse.IsHitA                 : num  0 0 0 0 0 0 0 0 0 0 ...
 $ RaceHorse.IsHitB                 : num  0 0 0 0 0 0 0 0 0 0 ...
 $ RaceHorse.IsHitC                 : num  0 0 0 0 0 0 0 0 0 0 ...
 $ PrevRaceHorse.RaceId             : Factor w/ 455 levels "20150530-08-03-11-08",..: 1 2 2 3 4 5 6 7 8 9 ...
 $ PrevRaceHorse.KettoNum           : Factor w/ 701 levels "2009103053","2010103339",..: 1 3 2 4 3 3 1 2 2 5 ...
 $ PrevRaceHorse.FinishTimeSdvByRace: num  -0.445 1.129 1.129 -0.608 -0.139 ...
 $ PrevRaceHorse.FirstTimeSdvByRace : num  -0.472 1.065 1.065 -0.764 -0.186 ...
 $ PrevRaceHorse.LastTimeSdvByRace  : num  -0.3015 1.3346 1.3346 0 0.0579 ...
 $ PrevRaceHorse.FinishTimeSdv      : num  -0.655 1.473 1.473 1.153 1.017 ...
 $ PrevRaceHorse.FirstTimeSdv       : num  -0.685 1.407 1.407 1.103 0.983 ...
 $ PrevRaceHorse.LastTimeSdv        : num  -0.467 1.58 1.58 1.321 1.147 ...
 $ PrevRaceHorse.IsRun              : num  1 1 1 1 1 1 1 1 1 1 ...
 $ PrevRaceHorse.IsHit1             : num  0 0 1 0 0 0 0 0 1 0 ...
 $ PrevRaceHorse.IsHit2             : num  0 1 0 0 0 0 0 0 0 0 ...
 $ PrevRaceHorse.IsHit3             : num  0 0 0 0 0 0 0 0 0 0 ...
 $ PrevRaceHorse.IsHit4             : num  0 0 0 0 0 0 0 0 0 0 ...
 $ PrevRaceHorse.IsHit5             : num  0 0 0 0 0 0 0 0 0 0 ...
 $ PrevRaceHorse.RowNum             : num  1 2 3 4 5 6 7 8 9 10 ...
 $ PrevOdds.RealOddsLog1            : num  4.13 3.64 1.1 5.52 3.87 ...
 $ EOF                              : int  1 1 1 1 1 1 1 1 1 1 ...
[1] "2022-03-09 08:49:29 --- RxSqlServerData Finish ---"
[1] "2022-03-09 08:49:29 --- subset Start ---"
[1] "--------------------------------------------------------------------------------"
[1] "nrow(data) subset before=70577"
[1] "nrow(data) subset after =70577"
[1] "nrow(data) subset diff =0"
[1] "--------------------------------------------------------------------------------"
[1] "2022-03-09 08:49:29 --- subset Finish---"
[1] "2022-03-09 08:49:29 --- transform Start ---"
[1] "--------------------------------------------------------------------------------"
[1] "nrow(data) transform before=70577"
[1] "nrow(data) transform after=70577"
[1] "nrow(data) transform diff=0"
[1] "--------------------------------------------------------------------------------"
[1] "str(data)="
'data.frame':	70577 obs. of  45 variables:
 $ Race.RaceId                      : Factor w/ 213 levels "20160109-06-01-02-08",..: 1 1 1 1 1 1 1 1 1 1 ...
 $ Race.IsAnalyzeNormalPastAndFuture: logi  TRUE TRUE TRUE TRUE TRUE TRUE ...
 $ Race.IsAnalyzeNormalPast         : logi  TRUE TRUE TRUE TRUE TRUE TRUE ...
 $ Race.IsAnalyzeNormalFuture       : logi  FALSE FALSE FALSE FALSE FALSE FALSE ...
 $ Race.IsAnalyzeFullPastAndFuture  : logi  TRUE TRUE TRUE TRUE TRUE TRUE ...
 $ Race.IsAnalyzeFullPast           : logi  TRUE TRUE TRUE TRUE TRUE TRUE ...
 $ Race.IsAnalyzeFullFuture         : logi  FALSE FALSE FALSE FALSE FALSE FALSE ...
 $ Race.JyokenCd                    : Factor w/ 1 level "1": 1 1 1 1 1 1 1 1 1 1 ...
 $ Race.JyoType1Cd                  : Factor w/ 55 levels "52-06-3200-1",..: 1 1 1 1 1 1 1 1 1 1 ...
 $ Race.RaceType1Cd                 : Factor w/ 2 levels "3-1-19","3-1-18": 1 1 1 1 1 1 1 1 1 1 ...
 $ RaceHorse.RaceId                 : Factor w/ 213 levels "20160109-06-01-02-08",..: 1 1 1 1 1 1 1 1 1 1 ...
 $ RaceHorse.KettoNum               : Factor w/ 459 levels "2009103053","2010100880",..: 1 1 1 1 1 1 1 1 1 1 ...
 $ RaceHorse.IsHit1                 : num  0 0 0 0 0 0 0 0 0 0 ...
 $ RaceHorse.IsHit2                 : num  0 0 0 0 0 0 0 0 0 0 ...
 $ RaceHorse.IsHit3                 : num  0 0 0 0 0 0 0 0 0 0 ...
 $ RaceHorse.IsHit4                 : num  0 0 0 0 0 0 0 0 0 0 ...
 $ RaceHorse.IsHit5                 : num  0 0 0 0 0 0 0 0 0 0 ...
 $ RaceHorse.IsHit6                 : num  0 0 0 0 0 0 0 0 0 0 ...
 $ RaceHorse.IsValidRaceHorse       : logi  FALSE FALSE FALSE FALSE FALSE FALSE ...
 $ RaceHorse.FinishTimeSdvByRace    : num  NA NA NA NA NA NA NA NA NA NA ...
 $ RaceHorse.FirstTimeSdvByRace     : num  NA NA NA NA NA NA NA NA NA NA ...
 $ RaceHorse.LastTimeSdvByRace      : num  NA NA NA NA NA NA NA NA NA NA ...
 $ RaceHorse.FinishTimeSdv          : num  NA NA NA NA NA NA NA NA NA NA ...
 $ RaceHorse.FirstTimeSdv           : num  NA NA NA NA NA NA NA NA NA NA ...
 $ RaceHorse.LastTimeSdv            : num  NA NA NA NA NA NA NA NA NA NA ...
 $ RaceHorse.IsHitA                 : num  0 0 0 0 0 0 0 0 0 0 ...
 $ RaceHorse.IsHitB                 : num  0 0 0 0 0 0 0 0 0 0 ...
 $ RaceHorse.IsHitC                 : num  0 0 0 0 0 0 0 0 0 0 ...
 $ PrevRaceHorse.RaceId             : Factor w/ 455 levels "20150530-08-03-11-08",..: 1 2 2 3 4 5 6 7 8 9 ...
 $ PrevRaceHorse.KettoNum           : Factor w/ 701 levels "2009103053","2010103339",..: 1 3 2 4 3 3 1 2 2 5 ...
 $ PrevRaceHorse.FinishTimeSdvByRace: num  -0.445 1.129 1.129 -0.608 -0.139 ...
 $ PrevRaceHorse.FirstTimeSdvByRace : num  -0.472 1.065 1.065 -0.764 -0.186 ...
 $ PrevRaceHorse.LastTimeSdvByRace  : num  -0.3015 1.3346 1.3346 0 0.0579 ...
 $ PrevRaceHorse.FinishTimeSdv      : num  -0.655 1.473 1.473 1.153 1.017 ...
 $ PrevRaceHorse.FirstTimeSdv       : num  -0.685 1.407 1.407 1.103 0.983 ...
 $ PrevRaceHorse.LastTimeSdv        : num  -0.467 1.58 1.58 1.321 1.147 ...
 $ PrevRaceHorse.IsRun              : num  1 1 1 1 1 1 1 1 1 1 ...
 $ PrevRaceHorse.IsHit1             : num  0 0 1 0 0 0 0 0 1 0 ...
 $ PrevRaceHorse.IsHit2             : num  0 1 0 0 0 0 0 0 0 0 ...
 $ PrevRaceHorse.IsHit3             : num  0 0 0 0 0 0 0 0 0 0 ...
 $ PrevRaceHorse.IsHit4             : num  0 0 0 0 0 0 0 0 0 0 ...
 $ PrevRaceHorse.IsHit5             : num  0 0 0 0 0 0 0 0 0 0 ...
 $ PrevRaceHorse.RowNum             : num  1 2 3 4 5 6 7 8 9 10 ...
 $ PrevOdds.RealOddsLog1            : num  4.13 3.64 1.1 5.52 3.87 ...
 $ EOF                              : int  1 1 1 1 1 1 1 1 1 1 ...
NULL
[1] "2022-03-09 08:49:30 --- transform Finish ---"
[1] "2022-03-09 08:49:30 --- na.omit Start ---"
[1] "--------------------------------------------------------------------------------"
[1] "nrow(data) na.omit before=70577"
[1] "nrow(data) na.omit after =67217"
[1] "nrow(data) na.omit diff =3360"
[1] "--------------------------------------------------------------------------------"
'data.frame':	67217 obs. of  45 variables:
 $ Race.RaceId                      : Factor w/ 213 levels "20160109-06-01-02-08",..: 1 1 1 1 1 1 1 1 1 1 ...
 $ Race.IsAnalyzeNormalPastAndFuture: logi  TRUE TRUE TRUE TRUE TRUE TRUE ...
 $ Race.IsAnalyzeNormalPast         : logi  TRUE TRUE TRUE TRUE TRUE TRUE ...
 $ Race.IsAnalyzeNormalFuture       : logi  FALSE FALSE FALSE FALSE FALSE FALSE ...
 $ Race.IsAnalyzeFullPastAndFuture  : logi  TRUE TRUE TRUE TRUE TRUE TRUE ...
 $ Race.IsAnalyzeFullPast           : logi  TRUE TRUE TRUE TRUE TRUE TRUE ...
 $ Race.IsAnalyzeFullFuture         : logi  FALSE FALSE FALSE FALSE FALSE FALSE ...
 $ Race.JyokenCd                    : Factor w/ 1 level "1": 1 1 1 1 1 1 1 1 1 1 ...
 $ Race.JyoType1Cd                  : Factor w/ 55 levels "52-06-3200-1",..: 1 1 1 1 1 1 1 1 1 1 ...
 $ Race.RaceType1Cd                 : Factor w/ 2 levels "3-1-19","3-1-18": 1 1 1 1 1 1 1 1 1 1 ...
 $ RaceHorse.RaceId                 : Factor w/ 213 levels "20160109-06-01-02-08",..: 1 1 1 1 1 1 1 1 1 1 ...
 $ RaceHorse.KettoNum               : Factor w/ 459 levels "2009103053","2010100880",..: 2 2 2 2 3 3 3 3 3 3 ...
 $ RaceHorse.IsHit1                 : num  0 0 0 0 0 0 0 0 0 0 ...
 $ RaceHorse.IsHit2                 : num  0 0 0 0 0 0 0 0 0 0 ...
 $ RaceHorse.IsHit3                 : num  0 0 0 0 0 0 0 0 0 0 ...
 $ RaceHorse.IsHit4                 : num  1 1 1 1 0 0 0 0 0 0 ...
 $ RaceHorse.IsHit5                 : num  0 0 0 0 0 0 0 0 0 0 ...
 $ RaceHorse.IsHit6                 : num  0 0 0 0 1 1 1 1 1 1 ...
 $ RaceHorse.IsValidRaceHorse       : logi  TRUE TRUE TRUE TRUE TRUE TRUE ...
 $ RaceHorse.FinishTimeSdvByRace    : num  0.547 0.547 0.547 0.547 -0.401 ...
 $ RaceHorse.FirstTimeSdvByRace     : num  0.501 0.501 0.501 0.501 -0.39 ...
 $ RaceHorse.LastTimeSdvByRace      : num  0.729 0.729 0.729 0.729 -0.438 ...
 $ RaceHorse.FinishTimeSdv          : num  0.598 0.598 0.598 0.598 0.141 ...
 $ RaceHorse.FirstTimeSdv           : num  0.573 0.573 0.573 0.573 0.143 ...
 $ RaceHorse.LastTimeSdv            : num  0.692 0.692 0.692 0.692 0.131 ...
 $ RaceHorse.IsHitA                 : num  0 0 0 0 0 0 0 0 0 0 ...
 $ RaceHorse.IsHitB                 : num  0 0 0 0 0 0 0 0 0 0 ...
 $ RaceHorse.IsHitC                 : num  0 0 0 0 0 0 0 0 0 0 ...
 $ PrevRaceHorse.RaceId             : Factor w/ 455 levels "20150530-08-03-11-08",..: 23 24 25 9 2 6 23 26 27 9 ...
 $ PrevRaceHorse.KettoNum           : Factor w/ 701 levels "2009103053","2010103339",..: 13 13 13 14 15 15 16 16 17 16 ...
 $ PrevRaceHorse.FinishTimeSdvByRace: num  0.838 1.02 0.609 0.251 0.815 ...
 $ PrevRaceHorse.FirstTimeSdvByRace : num  0.85 1.047 0.6 0.227 0.873 ...
 $ PrevRaceHorse.LastTimeSdvByRace  : num  0.535 0.896 0.632 0.364 0.522 ...
 $ PrevRaceHorse.FinishTimeSdv      : num  0.161 0.4062 0.7502 0.0356 1.242 ...
 $ PrevRaceHorse.FirstTimeSdv       : num  0.1828 0.4392 0.7555 0.0135 1.2668 ...
 $ PrevRaceHorse.LastTimeSdv        : num  0.0487 0.2288 0.707 0.1308 0.9977 ...
 $ PrevRaceHorse.IsRun              : num  1 1 1 1 1 1 1 1 1 1 ...
 $ PrevRaceHorse.IsHit1             : num  0 1 0 0 0 0 0 0 0 0 ...
 $ PrevRaceHorse.IsHit2             : num  1 0 0 0 0 0 0 0 0 0 ...
 $ PrevRaceHorse.IsHit3             : num  0 0 0 0 0 0 0 0 0 0 ...
 $ PrevRaceHorse.IsHit4             : num  0 0 1 0 0 0 0 0 0 1 ...
 $ PrevRaceHorse.IsHit5             : num  0 0 0 0 1 0 0 0 0 0 ...
 $ PrevRaceHorse.RowNum             : num  1 2 3 4 1 2 3 4 5 6 ...
 $ PrevOdds.RealOddsLog1            : num  2.14 2.08 4.45 3.41 4.06 ...
 $ EOF                              : int  1 1 1 1 1 1 1 1 1 1 ...
 - attr(*, "na.action")= 'omit' Named int  1 2 3 4 5 6 7 8 9 10 ...
  ..- attr(*, "names")= chr  "1" "2" "3" "4" ...
[1] "2022-03-09 08:49:30 --- na.omit Finish ---"
[1] "2022-03-09 08:49:30 --- rxLogit with rxStepControl Start ---"

> print(paste0(Sys.time(), " --- source_logic_glm.R Start ---"))
[1] "2022-03-09 08:49:30 --- source_logic_glm.R Start ---"

> formula <- formula(RaceHorse.IsHitA ~ +1 + PrevRaceHorse.FinishTimeSdvByRace)

> print(paste0(Sys.time(), " --- source_logic_glm.R Finished ---"))
[1] "2022-03-09 08:49:30 --- source_logic_glm.R Finished ---"
Rows Read: 67217, Total Rows Processed: 67217, Total Chunk Time: 0.003 seconds 

Starting values (iteration 1) time: 0.009 secs.
Rows Read: 67217, Total Rows Processed: 67217, Total Chunk Time: 0.004 seconds 

Iteration 2 time: 0.009 secs.
Rows Read: 67217, Total Rows Processed: 67217, Total Chunk Time: 0.005 seconds 

Iteration 3 time: 0.009 secs.

Elapsed computation time: 0.038 secs.
Rows Read: 67217, Total Rows Processed: 67217, Total Chunk Time: 0.002 seconds 

Starting values (iteration 1) time: 0.005 secs.
Rows Read: 67217, Total Rows Processed: 67217, Total Chunk Time: 0.003 seconds 

Iteration 2 time: 0.005 secs.

Elapsed computation time: 0.023 secs.
Rows Read: 67217, Total Rows Processed: 67217, Total Chunk Time: 0.002 seconds 

Starting values (iteration 1) time: 0.006 secs.
Rows Read: 67217, Total Rows Processed: 67217, Total Chunk Time: 0.004 seconds 

Iteration 2 time: 0.007 secs.
Rows Read: 67217, Total Rows Processed: 67217, Total Chunk Time: 0.004 seconds 

Iteration 3 time: 0.006 secs.

Elapsed computation time: 0.034 secs.

Elapsed computation time: 0.109 secs.
[1] "--------------------------------------------------------------------------------"
[1] "analyze.results.glm.step="
Logistic Regression Results for: RaceHorse.IsHitA ~
    PrevRaceHorse.FinishTimeSdvByRace
Data: data
Dependent variable(s): RaceHorse.IsHitA
Total independent variables: 2 
Number of valid observations: 67217
Number of missing observations: 0 
 
Coefficients:
                                  RaceHorse.IsHitA
(Intercept)                                  -2.29
PrevRaceHorse.FinishTimeSdvByRace             0.07
[1] "analyze.results.glm.step.summary"
Call:
rxLogit(formula = formula, data = data, variableSelection = analyze.results.glm.step.varsel)

Logistic Regression Results for: RaceHorse.IsHitA ~
    PrevRaceHorse.FinishTimeSdvByRace
Data: data
Dependent variable(s): RaceHorse.IsHitA
Total independent variables: 2 
Number of valid observations: 67217
Number of missing observations: 0 
-2*LogLikelihood: 41702.272 (Residual deviance on 67215 degrees of freedom)
 
Coefficients:
                                  Estimate Std. Error z value Pr(>|z|)    
(Intercept)                        -2.2890     0.0139  -164.5  2.2e-16 ***
PrevRaceHorse.FinishTimeSdvByRace   0.0679     0.0166     4.1  4.2e-05 ***
---
Signif. codes:  0 '***' 0.001 '**' 0.01 '*' 0.05 '.' 0.1 ' ' 1

Condition number of final variance-covariance matrix: 1 
Number of iterations: 3
[1] "--------------------------------------------------------------------------------"
[1] "2022-03-09 08:49:31 --- rxLogit with rxStepControl Finish ---"
[1] "2022-03-09 08:49:31 --- rxStepPlot Start ---"
[1] "pdfFilename=pdf_analyze_glm_Gen01_Type31_rxStepPlot.pdf"
[1] "rxStepPlot="
[1] "2022-03-09 08:49:31 --- rxStepPlot Finish ---"
[1] "2022-03-09 08:49:31 --- save.image Start ---"
[1] "save.image"
[1] "rdataFilename=RData_analyze_glm_Gen01_Type31.RData"
[1] "2022-03-09 08:49:31 --- save.image Finish ---"
[1] "2022-03-09 08:49:31 --- final Start ---"
[1] "--------------------------------------------------------------------------------"
[1] "nrow(data) final=67217"
[1] "--------------------------------------------------------------------------------"
[1] "2022-03-09 08:49:31 --- final Finish ---"
[1] "2022-03-09 08:49:31 --- analyze_glm.R Finished ---"
[1] "2022-03-09 08:49:31 --- log Finish ---"
