[1] "2022-03-09 09:01:15 --- D1116_analyze_glm_Jockey_IsHitA_Type15 Start ---"
[1] "2022-03-09 09:01:15 --- Log Start ---"
[1] "2022-03-09 09:01:15 --- analyze_glm.R Start ---"
[1] "analyzeVersion=D1116"
[1] "analyzeCategory=analyze"
[1] "analyzeType=Jockey"
[1] "analyzeFamily=IsHitA"
[1] "analyzeFunc=glm"
[1] "analyzeTrackTypeCd=1"
[1] "analyzeJyokenCd=5"
[1] "2022-03-09 09:01:15 --- source_function.R Start ---"
[1] "2022-03-09 09:01:15 --- source_function.R Finished ---"

> print(paste0(Sys.time(), " --- source_library.R Start ---"))
[1] "2022-03-09 09:01:15 --- source_library.R Start ---"

> require("RevoScaleR")

> print(paste0(Sys.time(), " --- source_library.R Finished ---"))
[1] "2022-03-09 09:01:15 --- source_library.R Finished ---"
[1] "2022-03-09 09:01:15 --- RxSqlServerData Start ---"
[1] "2022-03-09 09:01:15 --- RxInSqlServer Start ---"
[1] "2022-03-09 09:01:15 --- RxInSqlServer Finish ---"
[1] "2022-03-09 09:01:15 --- rxSetComputeContext Start ---"
[1] "2022-03-09 09:01:15 --- rxSetComputeContext Finish ---"
[1] "2022-03-09 09:01:15 --- RxSqlServerData Start ---"
[1] "sqlQuery=SELECT * FROM ViewAnalyzeD1116analyze01JockeyType15"
[1] "2022-03-09 09:01:15 --- RxSqlServerData Finish ---"
[1] "2022-03-09 09:01:15 --- rxGetVarInfo Start ---"
[1] "2022-03-09 09:01:15 --- rxGetVarInfo Finish---"
[1] "2022-03-09 09:01:15 --- rxImport Start ---"
Rows Read: 10700661, Total Rows Processed: 10700661, Total Chunk Time: 313.248 seconds 
[1] "2022-03-09 09:09:58 --- rxImport Finish ---"
[1] "object.size(data) auto=3 Gb"
[1] "--------------------------------------------------------------------------------"
[1] "nrow(data) RxSqlServerData=10700661"
[1] "--------------------------------------------------------------------------------"
[1] "str(data)="
'data.frame':	10700661 obs. of  45 variables:
 $ Race.RaceId                      : Factor w/ 2474 levels "20160105-06-01-01-05",..: 1 1 1 1 1 1 1 1 1 1 ...
 $ Race.IsAnalyzeNormalPastAndFuture: logi  TRUE TRUE TRUE TRUE TRUE TRUE ...
 $ Race.IsAnalyzeNormalPast         : logi  TRUE TRUE TRUE TRUE TRUE TRUE ...
 $ Race.IsAnalyzeNormalFuture       : logi  FALSE FALSE FALSE FALSE FALSE FALSE ...
 $ Race.IsAnalyzeFullPastAndFuture  : logi  TRUE TRUE TRUE TRUE TRUE TRUE ...
 $ Race.IsAnalyzeFullPast           : logi  TRUE TRUE TRUE TRUE TRUE TRUE ...
 $ Race.IsAnalyzeFullFuture         : logi  FALSE FALSE FALSE FALSE FALSE FALSE ...
 $ Race.JyokenCd                    : Factor w/ 1 level "5": 1 1 1 1 1 1 1 1 1 1 ...
 $ Race.JyoType1Cd                  : Factor w/ 175 levels "17-06-2000-1",..: 1 1 1 1 1 1 1 1 1 1 ...
 $ Race.RaceType1Cd                 : Factor w/ 2 levels "1-5-12","1-5-11": 1 1 1 1 1 1 1 1 1 1 ...
 $ RaceHorse.RaceId                 : Factor w/ 2474 levels "20160105-06-01-01-05",..: 1 1 1 1 1 1 1 1 1 1 ...
 $ RaceHorse.KettoNum               : Factor w/ 13944 levels "2013100152","2013100503",..: 1 1 1 1 1 1 1 1 1 1 ...
 $ RaceHorse.IsHit1                 : num  0 0 0 0 0 0 0 0 0 0 ...
 $ RaceHorse.IsHit2                 : num  0 0 0 0 0 0 0 0 0 0 ...
 $ RaceHorse.IsHit3                 : num  0 0 0 0 0 0 0 0 0 0 ...
 $ RaceHorse.IsHit4                 : num  0 0 0 0 0 0 0 0 0 0 ...
 $ RaceHorse.IsHit5                 : num  0 0 0 0 0 0 0 0 0 0 ...
 $ RaceHorse.IsHit6                 : num  1 1 1 1 1 1 1 1 1 1 ...
 $ RaceHorse.IsValidRaceHorse       : logi  TRUE TRUE TRUE TRUE TRUE TRUE ...
 $ RaceHorse.FinishTimeSdvByRace    : num  -0.666 -0.666 -0.666 -0.666 -0.666 ...
 $ RaceHorse.FirstTimeSdvByRace     : num  -1.31 -1.31 -1.31 -1.31 -1.31 ...
 $ RaceHorse.LastTimeSdvByRace      : num  -0.0706 -0.0706 -0.0706 -0.0706 -0.0706 ...
 $ RaceHorse.FinishTimeSdv          : num  0.105 0.105 0.105 0.105 0.105 ...
 $ RaceHorse.FirstTimeSdv           : num  0.345 0.345 0.345 0.345 0.345 ...
 $ RaceHorse.LastTimeSdv            : num  -0.332 -0.332 -0.332 -0.332 -0.332 ...
 $ RaceHorse.IsHitA                 : num  0 0 0 0 0 0 0 0 0 0 ...
 $ RaceHorse.IsHitB                 : num  0 0 0 0 0 0 0 0 0 0 ...
 $ RaceHorse.IsHitC                 : num  0 0 0 0 0 0 0 0 0 0 ...
 $ PrevRaceHorse.RaceId             : Factor w/ 5360 levels "20150919-06-04-03-07",..: 1 2 3 4 5 6 7 8 9 10 ...
 $ PrevRaceHorse.KettoNum           : Factor w/ 26033 levels "2012100934","2012100704",..: 1 2 3 4 5 2 6 7 8 6 ...
 $ PrevRaceHorse.FinishTimeSdvByRace: num  1.154 0.3308 -0.0982 -0.4346 -0.9071 ...
 $ PrevRaceHorse.FirstTimeSdvByRace : num  1.7297 1.5522 0.0816 -1.0372 -0.5932 ...
 $ PrevRaceHorse.LastTimeSdvByRace  : num  -4.94e-01 -2.62e-01 -1.64e-01 1.80e-01 1.23e-14 ...
 $ PrevRaceHorse.FinishTimeSdv      : num  0.988 0.323 0.466 0.262 0.41 ...
 $ PrevRaceHorse.FirstTimeSdv       : num  1.272 0.382 0.676 -0.124 0.356 ...
 $ PrevRaceHorse.LastTimeSdv        : num  -0.18728 -0.00015 -0.19046 0.47989 0.18473 ...
 $ PrevRaceHorse.IsRun              : num  1 1 1 1 1 1 1 1 1 1 ...
 $ PrevRaceHorse.IsHit1             : num  0 0 0 0 0 0 1 0 0 0 ...
 $ PrevRaceHorse.IsHit2             : num  1 0 0 0 0 1 0 0 0 0 ...
 $ PrevRaceHorse.IsHit3             : num  0 0 0 0 0 0 0 0 0 0 ...
 $ PrevRaceHorse.IsHit4             : num  0 0 0 0 0 0 0 0 0 1 ...
 $ PrevRaceHorse.IsHit5             : num  0 0 0 0 0 0 0 0 0 0 ...
 $ PrevRaceHorse.RowNum             : num  1 2 3 4 5 6 7 8 9 10 ...
 $ PrevOdds.RealOddsLog1            : num  3.59 2.69 5.7 4.12 4.4 ...
 $ EOF                              : int  1 1 1 1 1 1 1 1 1 1 ...
[1] "2022-03-09 09:09:59 --- RxSqlServerData Finish ---"
[1] "2022-03-09 09:09:59 --- subset Start ---"
[1] "--------------------------------------------------------------------------------"
[1] "nrow(data) subset before=10700661"
[1] "nrow(data) subset after =10700661"
[1] "nrow(data) subset diff =0"
[1] "--------------------------------------------------------------------------------"
[1] "2022-03-09 09:10:01 --- subset Finish---"
[1] "2022-03-09 09:10:01 --- transform Start ---"
[1] "--------------------------------------------------------------------------------"
[1] "nrow(data) transform before=10700661"
[1] "nrow(data) transform after=10700661"
[1] "nrow(data) transform diff=0"
[1] "--------------------------------------------------------------------------------"
[1] "str(data)="
'data.frame':	10700661 obs. of  45 variables:
 $ Race.RaceId                      : Factor w/ 2474 levels "20160105-06-01-01-05",..: 1 1 1 1 1 1 1 1 1 1 ...
 $ Race.IsAnalyzeNormalPastAndFuture: logi  TRUE TRUE TRUE TRUE TRUE TRUE ...
 $ Race.IsAnalyzeNormalPast         : logi  TRUE TRUE TRUE TRUE TRUE TRUE ...
 $ Race.IsAnalyzeNormalFuture       : logi  FALSE FALSE FALSE FALSE FALSE FALSE ...
 $ Race.IsAnalyzeFullPastAndFuture  : logi  TRUE TRUE TRUE TRUE TRUE TRUE ...
 $ Race.IsAnalyzeFullPast           : logi  TRUE TRUE TRUE TRUE TRUE TRUE ...
 $ Race.IsAnalyzeFullFuture         : logi  FALSE FALSE FALSE FALSE FALSE FALSE ...
 $ Race.JyokenCd                    : Factor w/ 1 level "5": 1 1 1 1 1 1 1 1 1 1 ...
 $ Race.JyoType1Cd                  : Factor w/ 175 levels "17-06-2000-1",..: 1 1 1 1 1 1 1 1 1 1 ...
 $ Race.RaceType1Cd                 : Factor w/ 2 levels "1-5-12","1-5-11": 1 1 1 1 1 1 1 1 1 1 ...
 $ RaceHorse.RaceId                 : Factor w/ 2474 levels "20160105-06-01-01-05",..: 1 1 1 1 1 1 1 1 1 1 ...
 $ RaceHorse.KettoNum               : Factor w/ 13944 levels "2013100152","2013100503",..: 1 1 1 1 1 1 1 1 1 1 ...
 $ RaceHorse.IsHit1                 : num  0 0 0 0 0 0 0 0 0 0 ...
 $ RaceHorse.IsHit2                 : num  0 0 0 0 0 0 0 0 0 0 ...
 $ RaceHorse.IsHit3                 : num  0 0 0 0 0 0 0 0 0 0 ...
 $ RaceHorse.IsHit4                 : num  0 0 0 0 0 0 0 0 0 0 ...
 $ RaceHorse.IsHit5                 : num  0 0 0 0 0 0 0 0 0 0 ...
 $ RaceHorse.IsHit6                 : num  1 1 1 1 1 1 1 1 1 1 ...
 $ RaceHorse.IsValidRaceHorse       : logi  TRUE TRUE TRUE TRUE TRUE TRUE ...
 $ RaceHorse.FinishTimeSdvByRace    : num  -0.666 -0.666 -0.666 -0.666 -0.666 ...
 $ RaceHorse.FirstTimeSdvByRace     : num  -1.31 -1.31 -1.31 -1.31 -1.31 ...
 $ RaceHorse.LastTimeSdvByRace      : num  -0.0706 -0.0706 -0.0706 -0.0706 -0.0706 ...
 $ RaceHorse.FinishTimeSdv          : num  0.105 0.105 0.105 0.105 0.105 ...
 $ RaceHorse.FirstTimeSdv           : num  0.345 0.345 0.345 0.345 0.345 ...
 $ RaceHorse.LastTimeSdv            : num  -0.332 -0.332 -0.332 -0.332 -0.332 ...
 $ RaceHorse.IsHitA                 : num  0 0 0 0 0 0 0 0 0 0 ...
 $ RaceHorse.IsHitB                 : num  0 0 0 0 0 0 0 0 0 0 ...
 $ RaceHorse.IsHitC                 : num  0 0 0 0 0 0 0 0 0 0 ...
 $ PrevRaceHorse.RaceId             : Factor w/ 5360 levels "20150919-06-04-03-07",..: 1 2 3 4 5 6 7 8 9 10 ...
 $ PrevRaceHorse.KettoNum           : Factor w/ 26033 levels "2012100934","2012100704",..: 1 2 3 4 5 2 6 7 8 6 ...
 $ PrevRaceHorse.FinishTimeSdvByRace: num  1.154 0.3308 -0.0982 -0.4346 -0.9071 ...
 $ PrevRaceHorse.FirstTimeSdvByRace : num  1.7297 1.5522 0.0816 -1.0372 -0.5932 ...
 $ PrevRaceHorse.LastTimeSdvByRace  : num  -4.94e-01 -2.62e-01 -1.64e-01 1.80e-01 1.23e-14 ...
 $ PrevRaceHorse.FinishTimeSdv      : num  0.988 0.323 0.466 0.262 0.41 ...
 $ PrevRaceHorse.FirstTimeSdv       : num  1.272 0.382 0.676 -0.124 0.356 ...
 $ PrevRaceHorse.LastTimeSdv        : num  -0.18728 -0.00015 -0.19046 0.47989 0.18473 ...
 $ PrevRaceHorse.IsRun              : num  1 1 1 1 1 1 1 1 1 1 ...
 $ PrevRaceHorse.IsHit1             : num  0 0 0 0 0 0 1 0 0 0 ...
 $ PrevRaceHorse.IsHit2             : num  1 0 0 0 0 1 0 0 0 0 ...
 $ PrevRaceHorse.IsHit3             : num  0 0 0 0 0 0 0 0 0 0 ...
 $ PrevRaceHorse.IsHit4             : num  0 0 0 0 0 0 0 0 0 1 ...
 $ PrevRaceHorse.IsHit5             : num  0 0 0 0 0 0 0 0 0 0 ...
 $ PrevRaceHorse.RowNum             : num  1 2 3 4 5 6 7 8 9 10 ...
 $ PrevOdds.RealOddsLog1            : num  3.59 2.69 5.7 4.12 4.4 ...
 $ EOF                              : int  1 1 1 1 1 1 1 1 1 1 ...
NULL
[1] "2022-03-09 09:10:01 --- transform Finish ---"
[1] "2022-03-09 09:10:01 --- na.omit Start ---"
[1] "--------------------------------------------------------------------------------"
[1] "nrow(data) na.omit before=10700661"
[1] "nrow(data) na.omit after =10622929"
[1] "nrow(data) na.omit diff =77732"
[1] "--------------------------------------------------------------------------------"
'data.frame':	10622929 obs. of  45 variables:
 $ Race.RaceId                      : Factor w/ 2474 levels "20160105-06-01-01-05",..: 1 1 1 1 1 1 1 1 1 1 ...
 $ Race.IsAnalyzeNormalPastAndFuture: logi  TRUE TRUE TRUE TRUE TRUE TRUE ...
 $ Race.IsAnalyzeNormalPast         : logi  TRUE TRUE TRUE TRUE TRUE TRUE ...
 $ Race.IsAnalyzeNormalFuture       : logi  FALSE FALSE FALSE FALSE FALSE FALSE ...
 $ Race.IsAnalyzeFullPastAndFuture  : logi  TRUE TRUE TRUE TRUE TRUE TRUE ...
 $ Race.IsAnalyzeFullPast           : logi  TRUE TRUE TRUE TRUE TRUE TRUE ...
 $ Race.IsAnalyzeFullFuture         : logi  FALSE FALSE FALSE FALSE FALSE FALSE ...
 $ Race.JyokenCd                    : Factor w/ 1 level "5": 1 1 1 1 1 1 1 1 1 1 ...
 $ Race.JyoType1Cd                  : Factor w/ 175 levels "17-06-2000-1",..: 1 1 1 1 1 1 1 1 1 1 ...
 $ Race.RaceType1Cd                 : Factor w/ 2 levels "1-5-12","1-5-11": 1 1 1 1 1 1 1 1 1 1 ...
 $ RaceHorse.RaceId                 : Factor w/ 2474 levels "20160105-06-01-01-05",..: 1 1 1 1 1 1 1 1 1 1 ...
 $ RaceHorse.KettoNum               : Factor w/ 13944 levels "2013100152","2013100503",..: 1 1 1 1 1 1 1 1 1 1 ...
 $ RaceHorse.IsHit1                 : num  0 0 0 0 0 0 0 0 0 0 ...
 $ RaceHorse.IsHit2                 : num  0 0 0 0 0 0 0 0 0 0 ...
 $ RaceHorse.IsHit3                 : num  0 0 0 0 0 0 0 0 0 0 ...
 $ RaceHorse.IsHit4                 : num  0 0 0 0 0 0 0 0 0 0 ...
 $ RaceHorse.IsHit5                 : num  0 0 0 0 0 0 0 0 0 0 ...
 $ RaceHorse.IsHit6                 : num  1 1 1 1 1 1 1 1 1 1 ...
 $ RaceHorse.IsValidRaceHorse       : logi  TRUE TRUE TRUE TRUE TRUE TRUE ...
 $ RaceHorse.FinishTimeSdvByRace    : num  -0.666 -0.666 -0.666 -0.666 -0.666 ...
 $ RaceHorse.FirstTimeSdvByRace     : num  -1.31 -1.31 -1.31 -1.31 -1.31 ...
 $ RaceHorse.LastTimeSdvByRace      : num  -0.0706 -0.0706 -0.0706 -0.0706 -0.0706 ...
 $ RaceHorse.FinishTimeSdv          : num  0.105 0.105 0.105 0.105 0.105 ...
 $ RaceHorse.FirstTimeSdv           : num  0.345 0.345 0.345 0.345 0.345 ...
 $ RaceHorse.LastTimeSdv            : num  -0.332 -0.332 -0.332 -0.332 -0.332 ...
 $ RaceHorse.IsHitA                 : num  0 0 0 0 0 0 0 0 0 0 ...
 $ RaceHorse.IsHitB                 : num  0 0 0 0 0 0 0 0 0 0 ...
 $ RaceHorse.IsHitC                 : num  0 0 0 0 0 0 0 0 0 0 ...
 $ PrevRaceHorse.RaceId             : Factor w/ 5360 levels "20150919-06-04-03-07",..: 1 2 3 4 5 6 7 8 9 10 ...
 $ PrevRaceHorse.KettoNum           : Factor w/ 26033 levels "2012100934","2012100704",..: 1 2 3 4 5 2 6 7 8 6 ...
 $ PrevRaceHorse.FinishTimeSdvByRace: num  1.154 0.3308 -0.0982 -0.4346 -0.9071 ...
 $ PrevRaceHorse.FirstTimeSdvByRace : num  1.7297 1.5522 0.0816 -1.0372 -0.5932 ...
 $ PrevRaceHorse.LastTimeSdvByRace  : num  -4.94e-01 -2.62e-01 -1.64e-01 1.80e-01 1.23e-14 ...
 $ PrevRaceHorse.FinishTimeSdv      : num  0.988 0.323 0.466 0.262 0.41 ...
 $ PrevRaceHorse.FirstTimeSdv       : num  1.272 0.382 0.676 -0.124 0.356 ...
 $ PrevRaceHorse.LastTimeSdv        : num  -0.18728 -0.00015 -0.19046 0.47989 0.18473 ...
 $ PrevRaceHorse.IsRun              : num  1 1 1 1 1 1 1 1 1 1 ...
 $ PrevRaceHorse.IsHit1             : num  0 0 0 0 0 0 1 0 0 0 ...
 $ PrevRaceHorse.IsHit2             : num  1 0 0 0 0 1 0 0 0 0 ...
 $ PrevRaceHorse.IsHit3             : num  0 0 0 0 0 0 0 0 0 0 ...
 $ PrevRaceHorse.IsHit4             : num  0 0 0 0 0 0 0 0 0 1 ...
 $ PrevRaceHorse.IsHit5             : num  0 0 0 0 0 0 0 0 0 0 ...
 $ PrevRaceHorse.RowNum             : num  1 2 3 4 5 6 7 8 9 10 ...
 $ PrevOdds.RealOddsLog1            : num  3.59 2.69 5.7 4.12 4.4 ...
 $ EOF                              : int  1 1 1 1 1 1 1 1 1 1 ...
 - attr(*, "na.action")= 'omit' Named int  109328 109329 109330 109331 109332 109333 109334 109335 109336 109337 ...
  ..- attr(*, "names")= chr  "109328" "109329" "109330" "109331" ...
[1] "2022-03-09 09:10:06 --- na.omit Finish ---"
[1] "2022-03-09 09:10:06 --- rxLogit with rxStepControl Start ---"

> print(paste0(Sys.time(), " --- source_logic_glm.R Start ---"))
[1] "2022-03-09 09:10:06 --- source_logic_glm.R Start ---"

> formula <- formula(RaceHorse.IsHitA ~ +1 + PrevRaceHorse.FinishTimeSdvByRace)

> print(paste0(Sys.time(), " --- source_logic_glm.R Finished ---"))
[1] "2022-03-09 09:10:06 --- source_logic_glm.R Finished ---"
Rows Read: 10622929, Total Rows Processed: 10622929, Total Chunk Time: 0.132 seconds 

Starting values (iteration 1) time: 0.153 secs.
Rows Read: 10622929, Total Rows Processed: 10622929, Total Chunk Time: 0.347 seconds 

Iteration 2 time: 0.369 secs.
Rows Read: 10622929, Total Rows Processed: 10622929, Total Chunk Time: 0.370 seconds 

Iteration 3 time: 0.421 secs.
Rows Read: 10622929, Total Rows Processed: 10622929, Total Chunk Time: 0.402 seconds 

Iteration 4 time: 0.423 secs.

Elapsed computation time: 1.367 secs.
Rows Read: 10622929, Total Rows Processed: 10622929, Total Chunk Time: 0.089 seconds 

Starting values (iteration 1) time: 0.111 secs.
Rows Read: 10622929, Total Rows Processed: 10622929, Total Chunk Time: 0.260 seconds 

Iteration 2 time: 0.278 secs.

Elapsed computation time: 0.390 secs.
Rows Read: 10622929, Total Rows Processed: 10622929, Total Chunk Time: 0.151 seconds 

Starting values (iteration 1) time: 0.169 secs.
Rows Read: 10622929, Total Rows Processed: 10622929, Total Chunk Time: 0.352 seconds 

Iteration 2 time: 0.374 secs.
Rows Read: 10622929, Total Rows Processed: 10622929, Total Chunk Time: 0.344 seconds 

Iteration 3 time: 0.361 secs.
Rows Read: 10622929, Total Rows Processed: 10622929, Total Chunk Time: 0.382 seconds 

Iteration 4 time: 0.398 secs.

Elapsed computation time: 1.304 secs.

Elapsed computation time: 3.081 secs.
[1] "--------------------------------------------------------------------------------"
[1] "analyze.results.glm.step="
Logistic Regression Results for: RaceHorse.IsHitA ~
    PrevRaceHorse.FinishTimeSdvByRace
Data: data
Dependent variable(s): RaceHorse.IsHitA
Total independent variables: 2 
Number of valid observations: 10622929
Number of missing observations: 0 
 
Coefficients:
                                  RaceHorse.IsHitA
(Intercept)                                   -2.6
PrevRaceHorse.FinishTimeSdvByRace              0.2
[1] "analyze.results.glm.step.summary"
Call:
rxLogit(formula = formula, data = data, variableSelection = analyze.results.glm.step.varsel)

Logistic Regression Results for: RaceHorse.IsHitA ~
    PrevRaceHorse.FinishTimeSdvByRace
Data: data
Dependent variable(s): RaceHorse.IsHitA
Total independent variables: 2 
Number of valid observations: 10622929
Number of missing observations: 0 
-2*LogLikelihood: 5544812.347 (Residual deviance on 10622927 degrees of freedom)
 
Coefficients:
                                  Estimate Std. Error z value Pr(>|z|)    
(Intercept)                       -2.60825    0.00132   -1983  2.2e-16 ***
PrevRaceHorse.FinishTimeSdvByRace  0.22061    0.00156     141  2.2e-16 ***
---
Signif. codes:  0 '***' 0.001 '**' 0.01 '*' 0.05 '.' 0.1 ' ' 1

Condition number of final variance-covariance matrix: 1 
Number of iterations: 4
[1] "--------------------------------------------------------------------------------"
[1] "2022-03-09 09:10:12 --- rxLogit with rxStepControl Finish ---"
[1] "2022-03-09 09:10:12 --- rxStepPlot Start ---"
[1] "pdfFilename=pdf_analyze_glm_Jockey_Type15_rxStepPlot.pdf"
[1] "rxStepPlot="
[1] "2022-03-09 09:10:12 --- rxStepPlot Finish ---"
[1] "2022-03-09 09:10:12 --- save.image Start ---"
[1] "save.image"
[1] "rdataFilename=RData_analyze_glm_Jockey_Type15.RData"
[1] "2022-03-09 09:10:50 --- save.image Finish ---"
[1] "2022-03-09 09:10:50 --- final Start ---"
[1] "--------------------------------------------------------------------------------"
[1] "nrow(data) final=10622929"
[1] "--------------------------------------------------------------------------------"
[1] "2022-03-09 09:10:50 --- final Finish ---"
[1] "2022-03-09 09:10:50 --- analyze_glm.R Finished ---"
[1] "2022-03-09 09:10:50 --- log Finish ---"
