[1] "2022-03-09 09:01:14 --- D1116_analyze_glm_Jockey_IsHitA_Type35 Start ---"
[1] "2022-03-09 09:01:14 --- Log Start ---"
[1] "2022-03-09 09:01:14 --- analyze_glm.R Start ---"
[1] "analyzeVersion=D1116"
[1] "analyzeCategory=analyze"
[1] "analyzeType=Jockey"
[1] "analyzeFamily=IsHitA"
[1] "analyzeFunc=glm"
[1] "analyzeTrackTypeCd=3"
[1] "analyzeJyokenCd=5"
[1] "2022-03-09 09:01:14 --- source_function.R Start ---"
[1] "2022-03-09 09:01:14 --- source_function.R Finished ---"

> print(paste0(Sys.time(), " --- source_library.R Start ---"))
[1] "2022-03-09 09:01:14 --- source_library.R Start ---"

> require("RevoScaleR")

> print(paste0(Sys.time(), " --- source_library.R Finished ---"))
[1] "2022-03-09 09:01:15 --- source_library.R Finished ---"
[1] "2022-03-09 09:01:15 --- RxSqlServerData Start ---"
[1] "2022-03-09 09:01:15 --- RxInSqlServer Start ---"
[1] "2022-03-09 09:01:15 --- RxInSqlServer Finish ---"
[1] "2022-03-09 09:01:15 --- rxSetComputeContext Start ---"
[1] "2022-03-09 09:01:15 --- rxSetComputeContext Finish ---"
[1] "2022-03-09 09:01:15 --- RxSqlServerData Start ---"
[1] "sqlQuery=SELECT * FROM ViewAnalyzeD1116analyze01JockeyType35"
[1] "2022-03-09 09:01:15 --- RxSqlServerData Finish ---"
[1] "2022-03-09 09:01:15 --- rxGetVarInfo Start ---"
[1] "2022-03-09 09:01:15 --- rxGetVarInfo Finish---"
[1] "2022-03-09 09:01:15 --- rxImport Start ---"
Rows Read: 703881, Total Rows Processed: 703881, Total Chunk Time: 16.425 seconds 
[1] "2022-03-09 09:01:42 --- rxImport Finish ---"
[1] "object.size(data) auto=199.2 Mb"
[1] "--------------------------------------------------------------------------------"
[1] "nrow(data) RxSqlServerData=703881"
[1] "--------------------------------------------------------------------------------"
[1] "str(data)="
'data.frame':	703881 obs. of  45 variables:
 $ Race.RaceId                      : Factor w/ 419 levels "20160110-06-01-03-04",..: 1 1 1 1 1 1 1 1 1 1 ...
 $ Race.IsAnalyzeNormalPastAndFuture: logi  TRUE TRUE TRUE TRUE TRUE TRUE ...
 $ Race.IsAnalyzeNormalPast         : logi  TRUE TRUE TRUE TRUE TRUE TRUE ...
 $ Race.IsAnalyzeNormalFuture       : logi  FALSE FALSE FALSE FALSE FALSE FALSE ...
 $ Race.IsAnalyzeFullPastAndFuture  : logi  TRUE TRUE TRUE TRUE TRUE TRUE ...
 $ Race.IsAnalyzeFullPast           : logi  TRUE TRUE TRUE TRUE TRUE TRUE ...
 $ Race.IsAnalyzeFullFuture         : logi  FALSE FALSE FALSE FALSE FALSE FALSE ...
 $ Race.JyokenCd                    : Factor w/ 1 level "5": 1 1 1 1 1 1 1 1 1 1 ...
 $ Race.JyoType1Cd                  : Factor w/ 34 levels "52-06-2880-1",..: 1 1 1 1 1 1 1 1 1 1 ...
 $ Race.RaceType1Cd                 : Factor w/ 2 levels "3-5-19","3-5-18": 1 1 1 1 1 1 1 1 1 1 ...
 $ RaceHorse.RaceId                 : Factor w/ 419 levels "20160110-06-01-03-04",..: 1 1 1 1 1 1 1 1 1 1 ...
 $ RaceHorse.KettoNum               : Factor w/ 1605 levels "2005105204","2008104924",..: 1 1 1 1 1 1 1 1 1 1 ...
 $ RaceHorse.IsHit1                 : num  0 0 0 0 0 0 0 0 0 0 ...
 $ RaceHorse.IsHit2                 : num  0 0 0 0 0 0 0 0 0 0 ...
 $ RaceHorse.IsHit3                 : num  0 0 0 0 0 0 0 0 0 0 ...
 $ RaceHorse.IsHit4                 : num  0 0 0 0 0 0 0 0 0 0 ...
 $ RaceHorse.IsHit5                 : num  0 0 0 0 0 0 0 0 0 0 ...
 $ RaceHorse.IsHit6                 : num  1 1 1 1 1 1 1 1 1 1 ...
 $ RaceHorse.IsValidRaceHorse       : logi  TRUE TRUE TRUE TRUE TRUE TRUE ...
 $ RaceHorse.FinishTimeSdvByRace    : num  0.448 0.448 0.448 0.448 0.448 ...
 $ RaceHorse.FirstTimeSdvByRace     : num  0.491 0.491 0.491 0.491 0.491 ...
 $ RaceHorse.LastTimeSdvByRace      : num  0.26 0.26 0.26 0.26 0.26 ...
 $ RaceHorse.FinishTimeSdv          : num  0.553 0.553 0.553 0.553 0.553 ...
 $ RaceHorse.FirstTimeSdv           : num  0.562 0.562 0.562 0.562 0.562 ...
 $ RaceHorse.LastTimeSdv            : num  0.514 0.514 0.514 0.514 0.514 ...
 $ RaceHorse.IsHitA                 : num  0 0 0 0 0 0 0 0 0 0 ...
 $ RaceHorse.IsHitB                 : num  0 0 0 0 0 0 0 0 0 0 ...
 $ RaceHorse.IsHitC                 : num  0 0 0 0 0 0 0 0 0 0 ...
 $ PrevRaceHorse.RaceId             : Factor w/ 945 levels "20150412-03-01-02-04",..: 1 2 3 4 5 6 7 8 9 10 ...
 $ PrevRaceHorse.KettoNum           : Factor w/ 2910 levels "2008104141","2011104836",..: 1 2 3 4 5 4 6 5 7 6 ...
 $ PrevRaceHorse.FinishTimeSdvByRace: num  0.745 0.799 -0.234 0.59 -0.154 ...
 $ PrevRaceHorse.FirstTimeSdvByRace : num  0.72 0.837 -0.21 0.559 -0.261 ...
 $ PrevRaceHorse.LastTimeSdvByRace  : num  0.829 0.645 -0.318 0.697 0.29 ...
 $ PrevRaceHorse.FinishTimeSdv      : num  0.756 0.682 0.634 1.199 0.71 ...
 $ PrevRaceHorse.FirstTimeSdv       : num  0.721 0.721 0.664 1.18 0.666 ...
 $ PrevRaceHorse.LastTimeSdv        : num  0.867 0.529 0.514 1.266 0.882 ...
 $ PrevRaceHorse.IsRun              : num  1 1 1 1 1 1 1 1 1 1 ...
 $ PrevRaceHorse.IsHit1             : num  0 0 0 0 0 0 1 0 1 0 ...
 $ PrevRaceHorse.IsHit2             : num  0 0 0 0 0 1 0 0 0 0 ...
 $ PrevRaceHorse.IsHit3             : num  0 0 0 1 0 0 0 1 0 1 ...
 $ PrevRaceHorse.IsHit4             : num  1 1 0 0 0 0 0 0 0 0 ...
 $ PrevRaceHorse.IsHit5             : num  0 0 0 0 0 0 0 0 0 0 ...
 $ PrevRaceHorse.RowNum             : num  1 2 3 4 5 6 7 8 9 10 ...
 $ PrevOdds.RealOddsLog1            : num  3.52 2.66 4.54 2.98 2.75 ...
 $ EOF                              : int  1 1 1 1 1 1 1 1 1 1 ...
[1] "2022-03-09 09:01:42 --- RxSqlServerData Finish ---"
[1] "2022-03-09 09:01:42 --- subset Start ---"
[1] "--------------------------------------------------------------------------------"
[1] "nrow(data) subset before=703881"
[1] "nrow(data) subset after =703881"
[1] "nrow(data) subset diff =0"
[1] "--------------------------------------------------------------------------------"
[1] "2022-03-09 09:01:43 --- subset Finish---"
[1] "2022-03-09 09:01:43 --- transform Start ---"
[1] "--------------------------------------------------------------------------------"
[1] "nrow(data) transform before=703881"
[1] "nrow(data) transform after=703881"
[1] "nrow(data) transform diff=0"
[1] "--------------------------------------------------------------------------------"
[1] "str(data)="
'data.frame':	703881 obs. of  45 variables:
 $ Race.RaceId                      : Factor w/ 419 levels "20160110-06-01-03-04",..: 1 1 1 1 1 1 1 1 1 1 ...
 $ Race.IsAnalyzeNormalPastAndFuture: logi  TRUE TRUE TRUE TRUE TRUE TRUE ...
 $ Race.IsAnalyzeNormalPast         : logi  TRUE TRUE TRUE TRUE TRUE TRUE ...
 $ Race.IsAnalyzeNormalFuture       : logi  FALSE FALSE FALSE FALSE FALSE FALSE ...
 $ Race.IsAnalyzeFullPastAndFuture  : logi  TRUE TRUE TRUE TRUE TRUE TRUE ...
 $ Race.IsAnalyzeFullPast           : logi  TRUE TRUE TRUE TRUE TRUE TRUE ...
 $ Race.IsAnalyzeFullFuture         : logi  FALSE FALSE FALSE FALSE FALSE FALSE ...
 $ Race.JyokenCd                    : Factor w/ 1 level "5": 1 1 1 1 1 1 1 1 1 1 ...
 $ Race.JyoType1Cd                  : Factor w/ 34 levels "52-06-2880-1",..: 1 1 1 1 1 1 1 1 1 1 ...
 $ Race.RaceType1Cd                 : Factor w/ 2 levels "3-5-19","3-5-18": 1 1 1 1 1 1 1 1 1 1 ...
 $ RaceHorse.RaceId                 : Factor w/ 419 levels "20160110-06-01-03-04",..: 1 1 1 1 1 1 1 1 1 1 ...
 $ RaceHorse.KettoNum               : Factor w/ 1605 levels "2005105204","2008104924",..: 1 1 1 1 1 1 1 1 1 1 ...
 $ RaceHorse.IsHit1                 : num  0 0 0 0 0 0 0 0 0 0 ...
 $ RaceHorse.IsHit2                 : num  0 0 0 0 0 0 0 0 0 0 ...
 $ RaceHorse.IsHit3                 : num  0 0 0 0 0 0 0 0 0 0 ...
 $ RaceHorse.IsHit4                 : num  0 0 0 0 0 0 0 0 0 0 ...
 $ RaceHorse.IsHit5                 : num  0 0 0 0 0 0 0 0 0 0 ...
 $ RaceHorse.IsHit6                 : num  1 1 1 1 1 1 1 1 1 1 ...
 $ RaceHorse.IsValidRaceHorse       : logi  TRUE TRUE TRUE TRUE TRUE TRUE ...
 $ RaceHorse.FinishTimeSdvByRace    : num  0.448 0.448 0.448 0.448 0.448 ...
 $ RaceHorse.FirstTimeSdvByRace     : num  0.491 0.491 0.491 0.491 0.491 ...
 $ RaceHorse.LastTimeSdvByRace      : num  0.26 0.26 0.26 0.26 0.26 ...
 $ RaceHorse.FinishTimeSdv          : num  0.553 0.553 0.553 0.553 0.553 ...
 $ RaceHorse.FirstTimeSdv           : num  0.562 0.562 0.562 0.562 0.562 ...
 $ RaceHorse.LastTimeSdv            : num  0.514 0.514 0.514 0.514 0.514 ...
 $ RaceHorse.IsHitA                 : num  0 0 0 0 0 0 0 0 0 0 ...
 $ RaceHorse.IsHitB                 : num  0 0 0 0 0 0 0 0 0 0 ...
 $ RaceHorse.IsHitC                 : num  0 0 0 0 0 0 0 0 0 0 ...
 $ PrevRaceHorse.RaceId             : Factor w/ 945 levels "20150412-03-01-02-04",..: 1 2 3 4 5 6 7 8 9 10 ...
 $ PrevRaceHorse.KettoNum           : Factor w/ 2910 levels "2008104141","2011104836",..: 1 2 3 4 5 4 6 5 7 6 ...
 $ PrevRaceHorse.FinishTimeSdvByRace: num  0.745 0.799 -0.234 0.59 -0.154 ...
 $ PrevRaceHorse.FirstTimeSdvByRace : num  0.72 0.837 -0.21 0.559 -0.261 ...
 $ PrevRaceHorse.LastTimeSdvByRace  : num  0.829 0.645 -0.318 0.697 0.29 ...
 $ PrevRaceHorse.FinishTimeSdv      : num  0.756 0.682 0.634 1.199 0.71 ...
 $ PrevRaceHorse.FirstTimeSdv       : num  0.721 0.721 0.664 1.18 0.666 ...
 $ PrevRaceHorse.LastTimeSdv        : num  0.867 0.529 0.514 1.266 0.882 ...
 $ PrevRaceHorse.IsRun              : num  1 1 1 1 1 1 1 1 1 1 ...
 $ PrevRaceHorse.IsHit1             : num  0 0 0 0 0 0 1 0 1 0 ...
 $ PrevRaceHorse.IsHit2             : num  0 0 0 0 0 1 0 0 0 0 ...
 $ PrevRaceHorse.IsHit3             : num  0 0 0 1 0 0 0 1 0 1 ...
 $ PrevRaceHorse.IsHit4             : num  1 1 0 0 0 0 0 0 0 0 ...
 $ PrevRaceHorse.IsHit5             : num  0 0 0 0 0 0 0 0 0 0 ...
 $ PrevRaceHorse.RowNum             : num  1 2 3 4 5 6 7 8 9 10 ...
 $ PrevOdds.RealOddsLog1            : num  3.52 2.66 4.54 2.98 2.75 ...
 $ EOF                              : int  1 1 1 1 1 1 1 1 1 1 ...
NULL
[1] "2022-03-09 09:01:43 --- transform Finish ---"
[1] "2022-03-09 09:01:43 --- na.omit Start ---"
[1] "--------------------------------------------------------------------------------"
[1] "nrow(data) na.omit before=703881"
[1] "nrow(data) na.omit after =665458"
[1] "nrow(data) na.omit diff =38423"
[1] "--------------------------------------------------------------------------------"
'data.frame':	665458 obs. of  45 variables:
 $ Race.RaceId                      : Factor w/ 419 levels "20160110-06-01-03-04",..: 1 1 1 1 1 1 1 1 1 1 ...
 $ Race.IsAnalyzeNormalPastAndFuture: logi  TRUE TRUE TRUE TRUE TRUE TRUE ...
 $ Race.IsAnalyzeNormalPast         : logi  TRUE TRUE TRUE TRUE TRUE TRUE ...
 $ Race.IsAnalyzeNormalFuture       : logi  FALSE FALSE FALSE FALSE FALSE FALSE ...
 $ Race.IsAnalyzeFullPastAndFuture  : logi  TRUE TRUE TRUE TRUE TRUE TRUE ...
 $ Race.IsAnalyzeFullPast           : logi  TRUE TRUE TRUE TRUE TRUE TRUE ...
 $ Race.IsAnalyzeFullFuture         : logi  FALSE FALSE FALSE FALSE FALSE FALSE ...
 $ Race.JyokenCd                    : Factor w/ 1 level "5": 1 1 1 1 1 1 1 1 1 1 ...
 $ Race.JyoType1Cd                  : Factor w/ 34 levels "52-06-2880-1",..: 1 1 1 1 1 1 1 1 1 1 ...
 $ Race.RaceType1Cd                 : Factor w/ 2 levels "3-5-19","3-5-18": 1 1 1 1 1 1 1 1 1 1 ...
 $ RaceHorse.RaceId                 : Factor w/ 419 levels "20160110-06-01-03-04",..: 1 1 1 1 1 1 1 1 1 1 ...
 $ RaceHorse.KettoNum               : Factor w/ 1605 levels "2005105204","2008104924",..: 1 1 1 1 1 1 1 1 1 1 ...
 $ RaceHorse.IsHit1                 : num  0 0 0 0 0 0 0 0 0 0 ...
 $ RaceHorse.IsHit2                 : num  0 0 0 0 0 0 0 0 0 0 ...
 $ RaceHorse.IsHit3                 : num  0 0 0 0 0 0 0 0 0 0 ...
 $ RaceHorse.IsHit4                 : num  0 0 0 0 0 0 0 0 0 0 ...
 $ RaceHorse.IsHit5                 : num  0 0 0 0 0 0 0 0 0 0 ...
 $ RaceHorse.IsHit6                 : num  1 1 1 1 1 1 1 1 1 1 ...
 $ RaceHorse.IsValidRaceHorse       : logi  TRUE TRUE TRUE TRUE TRUE TRUE ...
 $ RaceHorse.FinishTimeSdvByRace    : num  0.448 0.448 0.448 0.448 0.448 ...
 $ RaceHorse.FirstTimeSdvByRace     : num  0.491 0.491 0.491 0.491 0.491 ...
 $ RaceHorse.LastTimeSdvByRace      : num  0.26 0.26 0.26 0.26 0.26 ...
 $ RaceHorse.FinishTimeSdv          : num  0.553 0.553 0.553 0.553 0.553 ...
 $ RaceHorse.FirstTimeSdv           : num  0.562 0.562 0.562 0.562 0.562 ...
 $ RaceHorse.LastTimeSdv            : num  0.514 0.514 0.514 0.514 0.514 ...
 $ RaceHorse.IsHitA                 : num  0 0 0 0 0 0 0 0 0 0 ...
 $ RaceHorse.IsHitB                 : num  0 0 0 0 0 0 0 0 0 0 ...
 $ RaceHorse.IsHitC                 : num  0 0 0 0 0 0 0 0 0 0 ...
 $ PrevRaceHorse.RaceId             : Factor w/ 945 levels "20150412-03-01-02-04",..: 1 2 3 4 5 6 7 8 9 10 ...
 $ PrevRaceHorse.KettoNum           : Factor w/ 2910 levels "2008104141","2011104836",..: 1 2 3 4 5 4 6 5 7 6 ...
 $ PrevRaceHorse.FinishTimeSdvByRace: num  0.745 0.799 -0.234 0.59 -0.154 ...
 $ PrevRaceHorse.FirstTimeSdvByRace : num  0.72 0.837 -0.21 0.559 -0.261 ...
 $ PrevRaceHorse.LastTimeSdvByRace  : num  0.829 0.645 -0.318 0.697 0.29 ...
 $ PrevRaceHorse.FinishTimeSdv      : num  0.756 0.682 0.634 1.199 0.71 ...
 $ PrevRaceHorse.FirstTimeSdv       : num  0.721 0.721 0.664 1.18 0.666 ...
 $ PrevRaceHorse.LastTimeSdv        : num  0.867 0.529 0.514 1.266 0.882 ...
 $ PrevRaceHorse.IsRun              : num  1 1 1 1 1 1 1 1 1 1 ...
 $ PrevRaceHorse.IsHit1             : num  0 0 0 0 0 0 1 0 1 0 ...
 $ PrevRaceHorse.IsHit2             : num  0 0 0 0 0 1 0 0 0 0 ...
 $ PrevRaceHorse.IsHit3             : num  0 0 0 1 0 0 0 1 0 1 ...
 $ PrevRaceHorse.IsHit4             : num  1 1 0 0 0 0 0 0 0 0 ...
 $ PrevRaceHorse.IsHit5             : num  0 0 0 0 0 0 0 0 0 0 ...
 $ PrevRaceHorse.RowNum             : num  1 2 3 4 5 6 7 8 9 10 ...
 $ PrevOdds.RealOddsLog1            : num  3.52 2.66 4.54 2.98 2.75 ...
 $ EOF                              : int  1 1 1 1 1 1 1 1 1 1 ...
 - attr(*, "na.action")= 'omit' Named int  1117 1118 1119 1120 1121 1122 1123 1124 1125 1126 ...
  ..- attr(*, "names")= chr  "1117" "1118" "1119" "1120" ...
[1] "2022-03-09 09:01:44 --- na.omit Finish ---"
[1] "2022-03-09 09:01:44 --- rxLogit with rxStepControl Start ---"

> print(paste0(Sys.time(), " --- source_logic_glm.R Start ---"))
[1] "2022-03-09 09:01:44 --- source_logic_glm.R Start ---"

> formula <- formula(RaceHorse.IsHitA ~ +1 + PrevRaceHorse.FinishTimeSdvByRace)

> print(paste0(Sys.time(), " --- source_logic_glm.R Finished ---"))
[1] "2022-03-09 09:01:44 --- source_logic_glm.R Finished ---"
Rows Read: 665458, Total Rows Processed: 665458, Total Chunk Time: 0.009 seconds 

Starting values (iteration 1) time: 0.015 secs.
Rows Read: 665458, Total Rows Processed: 665458, Total Chunk Time: 0.021 seconds 

Iteration 2 time: 0.026 secs.
Rows Read: 665458, Total Rows Processed: 665458, Total Chunk Time: 0.022 seconds 

Iteration 3 time: 0.025 secs.
Rows Read: 665458, Total Rows Processed: 665458, Total Chunk Time: 0.027 seconds 

Iteration 4 time: 0.031 secs.

Elapsed computation time: 0.106 secs.
Rows Read: 665458, Total Rows Processed: 665458, Total Chunk Time: 0.010 seconds 

Starting values (iteration 1) time: 0.016 secs.
Rows Read: 665458, Total Rows Processed: 665458, Total Chunk Time: 0.030 seconds 

Iteration 2 time: 0.035 secs.

Elapsed computation time: 0.057 secs.
Rows Read: 665458, Total Rows Processed: 665458, Total Chunk Time: 0.009 seconds 

Starting values (iteration 1) time: 0.014 secs.
Rows Read: 665458, Total Rows Processed: 665458, Total Chunk Time: 0.022 seconds 

Iteration 2 time: 0.027 secs.
Rows Read: 665458, Total Rows Processed: 665458, Total Chunk Time: 0.023 seconds 

Iteration 3 time: 0.026 secs.
Rows Read: 665458, Total Rows Processed: 665458, Total Chunk Time: 0.022 seconds 

Iteration 4 time: 0.025 secs.

Elapsed computation time: 0.101 secs.

Elapsed computation time: 0.280 secs.
[1] "--------------------------------------------------------------------------------"
[1] "analyze.results.glm.step="
Logistic Regression Results for: RaceHorse.IsHitA ~
    PrevRaceHorse.FinishTimeSdvByRace
Data: data
Dependent variable(s): RaceHorse.IsHitA
Total independent variables: 2 
Number of valid observations: 665458
Number of missing observations: 0 
 
Coefficients:
                                  RaceHorse.IsHitA
(Intercept)                                   -2.4
PrevRaceHorse.FinishTimeSdvByRace              0.1
[1] "analyze.results.glm.step.summary"
Call:
rxLogit(formula = formula, data = data, variableSelection = analyze.results.glm.step.varsel)

Logistic Regression Results for: RaceHorse.IsHitA ~
    PrevRaceHorse.FinishTimeSdvByRace
Data: data
Dependent variable(s): RaceHorse.IsHitA
Total independent variables: 2 
Number of valid observations: 665458
Number of missing observations: 0 
-2*LogLikelihood: 383119.912 (Residual deviance on 665456 degrees of freedom)
 
Coefficients:
                                  Estimate Std. Error z value Pr(>|z|)    
(Intercept)                       -2.41608    0.00466  -518.8  2.2e-16 ***
PrevRaceHorse.FinishTimeSdvByRace  0.11321    0.00576    19.6  2.2e-16 ***
---
Signif. codes:  0 '***' 0.001 '**' 0.01 '*' 0.05 '.' 0.1 ' ' 1

Condition number of final variance-covariance matrix: 1 
Number of iterations: 4
[1] "--------------------------------------------------------------------------------"
[1] "2022-03-09 09:01:44 --- rxLogit with rxStepControl Finish ---"
[1] "2022-03-09 09:01:44 --- rxStepPlot Start ---"
[1] "pdfFilename=pdf_analyze_glm_Jockey_Type35_rxStepPlot.pdf"
[1] "rxStepPlot="
[1] "2022-03-09 09:01:44 --- rxStepPlot Finish ---"
[1] "2022-03-09 09:01:44 --- save.image Start ---"
[1] "save.image"
[1] "rdataFilename=RData_analyze_glm_Jockey_Type35.RData"
[1] "2022-03-09 09:01:46 --- save.image Finish ---"
[1] "2022-03-09 09:01:46 --- final Start ---"
[1] "--------------------------------------------------------------------------------"
[1] "nrow(data) final=665458"
[1] "--------------------------------------------------------------------------------"
[1] "2022-03-09 09:01:46 --- final Finish ---"
[1] "2022-03-09 09:01:46 --- analyze_glm.R Finished ---"
[1] "2022-03-09 09:01:46 --- log Finish ---"
