[1] "2022-03-09 09:01:14 --- D1116_analyze_glm_Jockey_IsHitA_Type13 Start ---"
[1] "2022-03-09 09:01:14 --- Log Start ---"
[1] "2022-03-09 09:01:14 --- analyze_glm.R Start ---"
[1] "analyzeVersion=D1116"
[1] "analyzeCategory=analyze"
[1] "analyzeType=Jockey"
[1] "analyzeFamily=IsHitA"
[1] "analyzeFunc=glm"
[1] "analyzeTrackTypeCd=1"
[1] "analyzeJyokenCd=3"
[1] "2022-03-09 09:01:14 --- source_function.R Start ---"
[1] "2022-03-09 09:01:14 --- source_function.R Finished ---"

> print(paste0(Sys.time(), " --- source_library.R Start ---"))
[1] "2022-03-09 09:01:15 --- source_library.R Start ---"

> require("RevoScaleR")

> print(paste0(Sys.time(), " --- source_library.R Finished ---"))
[1] "2022-03-09 09:01:15 --- source_library.R Finished ---"
[1] "2022-03-09 09:01:15 --- RxSqlServerData Start ---"
[1] "2022-03-09 09:01:15 --- RxInSqlServer Start ---"
[1] "2022-03-09 09:01:15 --- RxInSqlServer Finish ---"
[1] "2022-03-09 09:01:15 --- rxSetComputeContext Start ---"
[1] "2022-03-09 09:01:15 --- rxSetComputeContext Finish ---"
[1] "2022-03-09 09:01:15 --- RxSqlServerData Start ---"
[1] "sqlQuery=SELECT * FROM ViewAnalyzeD1116analyze01JockeyType13"
[1] "2022-03-09 09:01:15 --- RxSqlServerData Finish ---"
[1] "2022-03-09 09:01:15 --- rxGetVarInfo Start ---"
[1] "2022-03-09 09:01:15 --- rxGetVarInfo Finish---"
[1] "2022-03-09 09:01:15 --- rxImport Start ---"
Rows Read: 2187733, Total Rows Processed: 2187733, Total Chunk Time: 53.202 seconds 
[1] "2022-03-09 09:02:45 --- rxImport Finish ---"
[1] "object.size(data) auto=618.6 Mb"
[1] "--------------------------------------------------------------------------------"
[1] "nrow(data) RxSqlServerData=2187733"
[1] "--------------------------------------------------------------------------------"
[1] "str(data)="
'data.frame':	2187733 obs. of  45 variables:
 $ Race.RaceId                      : Factor w/ 1192 levels "20160105-06-01-01-12",..: 1 1 1 1 1 1 1 1 1 1 ...
 $ Race.IsAnalyzeNormalPastAndFuture: logi  TRUE TRUE TRUE TRUE TRUE TRUE ...
 $ Race.IsAnalyzeNormalPast         : logi  TRUE TRUE TRUE TRUE TRUE TRUE ...
 $ Race.IsAnalyzeNormalFuture       : logi  FALSE FALSE FALSE FALSE FALSE FALSE ...
 $ Race.IsAnalyzeFullPastAndFuture  : logi  TRUE TRUE TRUE TRUE TRUE TRUE ...
 $ Race.IsAnalyzeFullPast           : logi  TRUE TRUE TRUE TRUE TRUE TRUE ...
 $ Race.IsAnalyzeFullFuture         : logi  FALSE FALSE FALSE FALSE FALSE FALSE ...
 $ Race.JyokenCd                    : Factor w/ 1 level "3": 1 1 1 1 1 1 1 1 1 1 ...
 $ Race.JyoType1Cd                  : Factor w/ 154 levels "18-06-1600-1",..: 1 1 1 1 1 1 1 1 1 1 ...
 $ Race.RaceType1Cd                 : Factor w/ 2 levels "1-3-14","1-3-13": 1 1 1 1 1 1 1 1 1 1 ...
 $ RaceHorse.RaceId                 : Factor w/ 1192 levels "20160105-06-01-01-12",..: 1 1 1 1 1 1 1 1 1 1 ...
 $ RaceHorse.KettoNum               : Factor w/ 2999 levels "2010104127","2010109146",..: 1 1 1 1 1 1 1 1 1 1 ...
 $ RaceHorse.IsHit1                 : num  0 0 0 0 0 0 0 0 0 0 ...
 $ RaceHorse.IsHit2                 : num  0 0 0 0 0 0 0 0 0 0 ...
 $ RaceHorse.IsHit3                 : num  0 0 0 0 0 0 0 0 0 0 ...
 $ RaceHorse.IsHit4                 : num  0 0 0 0 0 0 0 0 0 0 ...
 $ RaceHorse.IsHit5                 : num  0 0 0 0 0 0 0 0 0 0 ...
 $ RaceHorse.IsHit6                 : num  1 1 1 1 1 1 1 1 1 1 ...
 $ RaceHorse.IsValidRaceHorse       : logi  TRUE TRUE TRUE TRUE TRUE TRUE ...
 $ RaceHorse.FinishTimeSdvByRace    : num  0.0965 0.0965 0.0965 0.0965 0.0965 ...
 $ RaceHorse.FirstTimeSdvByRace     : num  0.298 0.298 0.298 0.298 0.298 ...
 $ RaceHorse.LastTimeSdvByRace      : num  -0.204 -0.204 -0.204 -0.204 -0.204 ...
 $ RaceHorse.FinishTimeSdv          : num  0.862 0.862 0.862 0.862 0.862 ...
 $ RaceHorse.FirstTimeSdv           : num  0.391 0.391 0.391 0.391 0.391 ...
 $ RaceHorse.LastTimeSdv            : num  0.906 0.906 0.906 0.906 0.906 ...
 $ RaceHorse.IsHitA                 : num  0 0 0 0 0 0 0 0 0 0 ...
 $ RaceHorse.IsHitB                 : num  0 0 0 0 0 0 0 0 0 0 ...
 $ RaceHorse.IsHitC                 : num  0 0 0 0 0 0 0 0 0 0 ...
 $ PrevRaceHorse.RaceId             : Factor w/ 2589 levels "20150523-05-02-09-12",..: 1 2 3 4 5 6 7 8 9 10 ...
 $ PrevRaceHorse.KettoNum           : Factor w/ 5717 levels "2010103932","2010102879",..: 1 2 3 4 5 6 7 8 7 9 ...
 $ PrevRaceHorse.FinishTimeSdvByRace: num  0.5898 -0.0695 0.1824 1.6985 1.5413 ...
 $ PrevRaceHorse.FirstTimeSdvByRace : num  -0.394 -1.3006 0.0466 0.6122 -0.1472 ...
 $ PrevRaceHorse.LastTimeSdvByRace  : num  0.677 0.617 0.213 1.134 1.633 ...
 $ PrevRaceHorse.FinishTimeSdv      : num  1.434 0.63 0.706 1.309 0.778 ...
 $ PrevRaceHorse.FirstTimeSdv       : num  0.987 0.569 0.987 0.926 0.377 ...
 $ PrevRaceHorse.LastTimeSdv        : num  1.037 0.22 -0.131 0.837 0.744 ...
 $ PrevRaceHorse.IsRun              : num  1 1 1 1 1 1 1 1 1 1 ...
 $ PrevRaceHorse.IsHit1             : num  0 0 0 1 1 0 0 0 0 0 ...
 $ PrevRaceHorse.IsHit2             : num  0 0 0 0 0 0 0 0 0 1 ...
 $ PrevRaceHorse.IsHit3             : num  0 0 0 0 0 0 0 0 0 0 ...
 $ PrevRaceHorse.IsHit4             : num  0 0 0 0 0 0 0 0 0 0 ...
 $ PrevRaceHorse.IsHit5             : num  0 0 0 0 0 0 0 0 1 0 ...
 $ PrevRaceHorse.RowNum             : num  1 2 3 4 5 6 7 8 9 10 ...
 $ PrevOdds.RealOddsLog1            : num  3.51 4.55 4.67 1.32 1.42 ...
 $ EOF                              : int  1 1 1 1 1 1 1 1 1 1 ...
[1] "2022-03-09 09:02:46 --- RxSqlServerData Finish ---"
[1] "2022-03-09 09:02:46 --- subset Start ---"
[1] "--------------------------------------------------------------------------------"
[1] "nrow(data) subset before=2187733"
[1] "nrow(data) subset after =2187733"
[1] "nrow(data) subset diff =0"
[1] "--------------------------------------------------------------------------------"
[1] "2022-03-09 09:02:47 --- subset Finish---"
[1] "2022-03-09 09:02:47 --- transform Start ---"
[1] "--------------------------------------------------------------------------------"
[1] "nrow(data) transform before=2187733"
[1] "nrow(data) transform after=2187733"
[1] "nrow(data) transform diff=0"
[1] "--------------------------------------------------------------------------------"
[1] "str(data)="
'data.frame':	2187733 obs. of  45 variables:
 $ Race.RaceId                      : Factor w/ 1192 levels "20160105-06-01-01-12",..: 1 1 1 1 1 1 1 1 1 1 ...
 $ Race.IsAnalyzeNormalPastAndFuture: logi  TRUE TRUE TRUE TRUE TRUE TRUE ...
 $ Race.IsAnalyzeNormalPast         : logi  TRUE TRUE TRUE TRUE TRUE TRUE ...
 $ Race.IsAnalyzeNormalFuture       : logi  FALSE FALSE FALSE FALSE FALSE FALSE ...
 $ Race.IsAnalyzeFullPastAndFuture  : logi  TRUE TRUE TRUE TRUE TRUE TRUE ...
 $ Race.IsAnalyzeFullPast           : logi  TRUE TRUE TRUE TRUE TRUE TRUE ...
 $ Race.IsAnalyzeFullFuture         : logi  FALSE FALSE FALSE FALSE FALSE FALSE ...
 $ Race.JyokenCd                    : Factor w/ 1 level "3": 1 1 1 1 1 1 1 1 1 1 ...
 $ Race.JyoType1Cd                  : Factor w/ 154 levels "18-06-1600-1",..: 1 1 1 1 1 1 1 1 1 1 ...
 $ Race.RaceType1Cd                 : Factor w/ 2 levels "1-3-14","1-3-13": 1 1 1 1 1 1 1 1 1 1 ...
 $ RaceHorse.RaceId                 : Factor w/ 1192 levels "20160105-06-01-01-12",..: 1 1 1 1 1 1 1 1 1 1 ...
 $ RaceHorse.KettoNum               : Factor w/ 2999 levels "2010104127","2010109146",..: 1 1 1 1 1 1 1 1 1 1 ...
 $ RaceHorse.IsHit1                 : num  0 0 0 0 0 0 0 0 0 0 ...
 $ RaceHorse.IsHit2                 : num  0 0 0 0 0 0 0 0 0 0 ...
 $ RaceHorse.IsHit3                 : num  0 0 0 0 0 0 0 0 0 0 ...
 $ RaceHorse.IsHit4                 : num  0 0 0 0 0 0 0 0 0 0 ...
 $ RaceHorse.IsHit5                 : num  0 0 0 0 0 0 0 0 0 0 ...
 $ RaceHorse.IsHit6                 : num  1 1 1 1 1 1 1 1 1 1 ...
 $ RaceHorse.IsValidRaceHorse       : logi  TRUE TRUE TRUE TRUE TRUE TRUE ...
 $ RaceHorse.FinishTimeSdvByRace    : num  0.0965 0.0965 0.0965 0.0965 0.0965 ...
 $ RaceHorse.FirstTimeSdvByRace     : num  0.298 0.298 0.298 0.298 0.298 ...
 $ RaceHorse.LastTimeSdvByRace      : num  -0.204 -0.204 -0.204 -0.204 -0.204 ...
 $ RaceHorse.FinishTimeSdv          : num  0.862 0.862 0.862 0.862 0.862 ...
 $ RaceHorse.FirstTimeSdv           : num  0.391 0.391 0.391 0.391 0.391 ...
 $ RaceHorse.LastTimeSdv            : num  0.906 0.906 0.906 0.906 0.906 ...
 $ RaceHorse.IsHitA                 : num  0 0 0 0 0 0 0 0 0 0 ...
 $ RaceHorse.IsHitB                 : num  0 0 0 0 0 0 0 0 0 0 ...
 $ RaceHorse.IsHitC                 : num  0 0 0 0 0 0 0 0 0 0 ...
 $ PrevRaceHorse.RaceId             : Factor w/ 2589 levels "20150523-05-02-09-12",..: 1 2 3 4 5 6 7 8 9 10 ...
 $ PrevRaceHorse.KettoNum           : Factor w/ 5717 levels "2010103932","2010102879",..: 1 2 3 4 5 6 7 8 7 9 ...
 $ PrevRaceHorse.FinishTimeSdvByRace: num  0.5898 -0.0695 0.1824 1.6985 1.5413 ...
 $ PrevRaceHorse.FirstTimeSdvByRace : num  -0.394 -1.3006 0.0466 0.6122 -0.1472 ...
 $ PrevRaceHorse.LastTimeSdvByRace  : num  0.677 0.617 0.213 1.134 1.633 ...
 $ PrevRaceHorse.FinishTimeSdv      : num  1.434 0.63 0.706 1.309 0.778 ...
 $ PrevRaceHorse.FirstTimeSdv       : num  0.987 0.569 0.987 0.926 0.377 ...
 $ PrevRaceHorse.LastTimeSdv        : num  1.037 0.22 -0.131 0.837 0.744 ...
 $ PrevRaceHorse.IsRun              : num  1 1 1 1 1 1 1 1 1 1 ...
 $ PrevRaceHorse.IsHit1             : num  0 0 0 1 1 0 0 0 0 0 ...
 $ PrevRaceHorse.IsHit2             : num  0 0 0 0 0 0 0 0 0 1 ...
 $ PrevRaceHorse.IsHit3             : num  0 0 0 0 0 0 0 0 0 0 ...
 $ PrevRaceHorse.IsHit4             : num  0 0 0 0 0 0 0 0 0 0 ...
 $ PrevRaceHorse.IsHit5             : num  0 0 0 0 0 0 0 0 1 0 ...
 $ PrevRaceHorse.RowNum             : num  1 2 3 4 5 6 7 8 9 10 ...
 $ PrevOdds.RealOddsLog1            : num  3.51 4.55 4.67 1.32 1.42 ...
 $ EOF                              : int  1 1 1 1 1 1 1 1 1 1 ...
NULL
[1] "2022-03-09 09:02:47 --- transform Finish ---"
[1] "2022-03-09 09:02:47 --- na.omit Start ---"
[1] "--------------------------------------------------------------------------------"
[1] "nrow(data) na.omit before=2187733"
[1] "nrow(data) na.omit after =2177850"
[1] "nrow(data) na.omit diff =9883"
[1] "--------------------------------------------------------------------------------"
'data.frame':	2177850 obs. of  45 variables:
 $ Race.RaceId                      : Factor w/ 1192 levels "20160105-06-01-01-12",..: 1 1 1 1 1 1 1 1 1 1 ...
 $ Race.IsAnalyzeNormalPastAndFuture: logi  TRUE TRUE TRUE TRUE TRUE TRUE ...
 $ Race.IsAnalyzeNormalPast         : logi  TRUE TRUE TRUE TRUE TRUE TRUE ...
 $ Race.IsAnalyzeNormalFuture       : logi  FALSE FALSE FALSE FALSE FALSE FALSE ...
 $ Race.IsAnalyzeFullPastAndFuture  : logi  TRUE TRUE TRUE TRUE TRUE TRUE ...
 $ Race.IsAnalyzeFullPast           : logi  TRUE TRUE TRUE TRUE TRUE TRUE ...
 $ Race.IsAnalyzeFullFuture         : logi  FALSE FALSE FALSE FALSE FALSE FALSE ...
 $ Race.JyokenCd                    : Factor w/ 1 level "3": 1 1 1 1 1 1 1 1 1 1 ...
 $ Race.JyoType1Cd                  : Factor w/ 154 levels "18-06-1600-1",..: 1 1 1 1 1 1 1 1 1 1 ...
 $ Race.RaceType1Cd                 : Factor w/ 2 levels "1-3-14","1-3-13": 1 1 1 1 1 1 1 1 1 1 ...
 $ RaceHorse.RaceId                 : Factor w/ 1192 levels "20160105-06-01-01-12",..: 1 1 1 1 1 1 1 1 1 1 ...
 $ RaceHorse.KettoNum               : Factor w/ 2999 levels "2010104127","2010109146",..: 1 1 1 1 1 1 1 1 1 1 ...
 $ RaceHorse.IsHit1                 : num  0 0 0 0 0 0 0 0 0 0 ...
 $ RaceHorse.IsHit2                 : num  0 0 0 0 0 0 0 0 0 0 ...
 $ RaceHorse.IsHit3                 : num  0 0 0 0 0 0 0 0 0 0 ...
 $ RaceHorse.IsHit4                 : num  0 0 0 0 0 0 0 0 0 0 ...
 $ RaceHorse.IsHit5                 : num  0 0 0 0 0 0 0 0 0 0 ...
 $ RaceHorse.IsHit6                 : num  1 1 1 1 1 1 1 1 1 1 ...
 $ RaceHorse.IsValidRaceHorse       : logi  TRUE TRUE TRUE TRUE TRUE TRUE ...
 $ RaceHorse.FinishTimeSdvByRace    : num  0.0965 0.0965 0.0965 0.0965 0.0965 ...
 $ RaceHorse.FirstTimeSdvByRace     : num  0.298 0.298 0.298 0.298 0.298 ...
 $ RaceHorse.LastTimeSdvByRace      : num  -0.204 -0.204 -0.204 -0.204 -0.204 ...
 $ RaceHorse.FinishTimeSdv          : num  0.862 0.862 0.862 0.862 0.862 ...
 $ RaceHorse.FirstTimeSdv           : num  0.391 0.391 0.391 0.391 0.391 ...
 $ RaceHorse.LastTimeSdv            : num  0.906 0.906 0.906 0.906 0.906 ...
 $ RaceHorse.IsHitA                 : num  0 0 0 0 0 0 0 0 0 0 ...
 $ RaceHorse.IsHitB                 : num  0 0 0 0 0 0 0 0 0 0 ...
 $ RaceHorse.IsHitC                 : num  0 0 0 0 0 0 0 0 0 0 ...
 $ PrevRaceHorse.RaceId             : Factor w/ 2589 levels "20150523-05-02-09-12",..: 1 2 3 4 5 6 7 8 9 10 ...
 $ PrevRaceHorse.KettoNum           : Factor w/ 5717 levels "2010103932","2010102879",..: 1 2 3 4 5 6 7 8 7 9 ...
 $ PrevRaceHorse.FinishTimeSdvByRace: num  0.5898 -0.0695 0.1824 1.6985 1.5413 ...
 $ PrevRaceHorse.FirstTimeSdvByRace : num  -0.394 -1.3006 0.0466 0.6122 -0.1472 ...
 $ PrevRaceHorse.LastTimeSdvByRace  : num  0.677 0.617 0.213 1.134 1.633 ...
 $ PrevRaceHorse.FinishTimeSdv      : num  1.434 0.63 0.706 1.309 0.778 ...
 $ PrevRaceHorse.FirstTimeSdv       : num  0.987 0.569 0.987 0.926 0.377 ...
 $ PrevRaceHorse.LastTimeSdv        : num  1.037 0.22 -0.131 0.837 0.744 ...
 $ PrevRaceHorse.IsRun              : num  1 1 1 1 1 1 1 1 1 1 ...
 $ PrevRaceHorse.IsHit1             : num  0 0 0 1 1 0 0 0 0 0 ...
 $ PrevRaceHorse.IsHit2             : num  0 0 0 0 0 0 0 0 0 1 ...
 $ PrevRaceHorse.IsHit3             : num  0 0 0 0 0 0 0 0 0 0 ...
 $ PrevRaceHorse.IsHit4             : num  0 0 0 0 0 0 0 0 0 0 ...
 $ PrevRaceHorse.IsHit5             : num  0 0 0 0 0 0 0 0 1 0 ...
 $ PrevRaceHorse.RowNum             : num  1 2 3 4 5 6 7 8 9 10 ...
 $ PrevOdds.RealOddsLog1            : num  3.51 4.55 4.67 1.32 1.42 ...
 $ EOF                              : int  1 1 1 1 1 1 1 1 1 1 ...
 - attr(*, "na.action")= 'omit' Named int  66247 66248 66249 66250 66251 66252 66253 66254 66255 66256 ...
  ..- attr(*, "names")= chr  "66247" "66248" "66249" "66250" ...
[1] "2022-03-09 09:02:48 --- na.omit Finish ---"
[1] "2022-03-09 09:02:48 --- rxLogit with rxStepControl Start ---"

> print(paste0(Sys.time(), " --- source_logic_glm.R Start ---"))
[1] "2022-03-09 09:02:48 --- source_logic_glm.R Start ---"

> formula <- formula(RaceHorse.IsHitA ~ +1 + PrevRaceHorse.FinishTimeSdvByRace)

> print(paste0(Sys.time(), " --- source_logic_glm.R Finished ---"))
[1] "2022-03-09 09:02:48 --- source_logic_glm.R Finished ---"
Rows Read: 2177850, Total Rows Processed: 2177850, Total Chunk Time: 0.026 seconds 

Starting values (iteration 1) time: 0.037 secs.
Rows Read: 2177850, Total Rows Processed: 2177850, Total Chunk Time: 0.118 seconds 

Iteration 2 time: 0.127 secs.
Rows Read: 2177850, Total Rows Processed: 2177850, Total Chunk Time: 0.088 seconds 

Iteration 3 time: 0.094 secs.
Rows Read: 2177850, Total Rows Processed: 2177850, Total Chunk Time: 0.070 seconds 

Iteration 4 time: 0.075 secs.

Elapsed computation time: 0.333 secs.
Rows Read: 2177850, Total Rows Processed: 2177850, Total Chunk Time: 0.019 seconds 

Starting values (iteration 1) time: 0.027 secs.
Rows Read: 2177850, Total Rows Processed: 2177850, Total Chunk Time: 0.056 seconds 

Iteration 2 time: 0.062 secs.

Elapsed computation time: 0.092 secs.
Rows Read: 2177850, Total Rows Processed: 2177850, Total Chunk Time: 0.027 seconds 

Starting values (iteration 1) time: 0.034 secs.
Rows Read: 2177850, Total Rows Processed: 2177850, Total Chunk Time: 0.070 seconds 

Iteration 2 time: 0.079 secs.
Rows Read: 2177850, Total Rows Processed: 2177850, Total Chunk Time: 0.071 seconds 

Iteration 3 time: 0.076 secs.
Rows Read: 2177850, Total Rows Processed: 2177850, Total Chunk Time: 0.069 seconds 

Iteration 4 time: 0.075 secs.

Elapsed computation time: 0.266 secs.

Elapsed computation time: 0.705 secs.
[1] "--------------------------------------------------------------------------------"
[1] "analyze.results.glm.step="
Logistic Regression Results for: RaceHorse.IsHitA ~
    PrevRaceHorse.FinishTimeSdvByRace
Data: data
Dependent variable(s): RaceHorse.IsHitA
Total independent variables: 2 
Number of valid observations: 2177850
Number of missing observations: 0 
 
Coefficients:
                                  RaceHorse.IsHitA
(Intercept)                                   -2.3
PrevRaceHorse.FinishTimeSdvByRace              0.2
[1] "analyze.results.glm.step.summary"
Call:
rxLogit(formula = formula, data = data, variableSelection = analyze.results.glm.step.varsel)

Logistic Regression Results for: RaceHorse.IsHitA ~
    PrevRaceHorse.FinishTimeSdvByRace
Data: data
Dependent variable(s): RaceHorse.IsHitA
Total independent variables: 2 
Number of valid observations: 2177850
Number of missing observations: 0 
-2*LogLikelihood: 1328445.714 (Residual deviance on 2177848 degrees of freedom)
 
Coefficients:
                                  Estimate Std. Error z value Pr(>|z|)    
(Intercept)                       -2.33848    0.00251  -933.1  2.2e-16 ***
PrevRaceHorse.FinishTimeSdvByRace  0.16324    0.00285    57.3  2.2e-16 ***
---
Signif. codes:  0 '***' 0.001 '**' 0.01 '*' 0.05 '.' 0.1 ' ' 1

Condition number of final variance-covariance matrix: 1 
Number of iterations: 4
[1] "--------------------------------------------------------------------------------"
[1] "2022-03-09 09:02:50 --- rxLogit with rxStepControl Finish ---"
[1] "2022-03-09 09:02:50 --- rxStepPlot Start ---"
[1] "pdfFilename=pdf_analyze_glm_Jockey_Type13_rxStepPlot.pdf"
[1] "rxStepPlot="
[1] "2022-03-09 09:02:50 --- rxStepPlot Finish ---"
[1] "2022-03-09 09:02:50 --- save.image Start ---"
[1] "save.image"
[1] "rdataFilename=RData_analyze_glm_Jockey_Type13.RData"
[1] "2022-03-09 09:02:57 --- save.image Finish ---"
[1] "2022-03-09 09:02:57 --- final Start ---"
[1] "--------------------------------------------------------------------------------"
[1] "nrow(data) final=2177850"
[1] "--------------------------------------------------------------------------------"
[1] "2022-03-09 09:02:57 --- final Finish ---"
[1] "2022-03-09 09:02:57 --- analyze_glm.R Finished ---"
[1] "2022-03-09 09:02:57 --- log Finish ---"
