[1] "2022-03-09 08:49:18 --- D1116_analyze_glm_Gen01_IsHitA_Type13 Start ---"
[1] "2022-03-09 08:49:18 --- Log Start ---"
[1] "2022-03-09 08:49:18 --- analyze_glm.R Start ---"
[1] "analyzeVersion=D1116"
[1] "analyzeCategory=analyze"
[1] "analyzeType=Gen01"
[1] "analyzeFamily=IsHitA"
[1] "analyzeFunc=glm"
[1] "analyzeTrackTypeCd=1"
[1] "analyzeJyokenCd=3"
[1] "2022-03-09 08:49:19 --- source_function.R Start ---"
[1] "2022-03-09 08:49:19 --- source_function.R Finished ---"

> print(paste0(Sys.time(), " --- source_library.R Start ---"))
[1] "2022-03-09 08:49:19 --- source_library.R Start ---"

> require("RevoScaleR")

> print(paste0(Sys.time(), " --- source_library.R Finished ---"))
[1] "2022-03-09 08:49:19 --- source_library.R Finished ---"
[1] "2022-03-09 08:49:19 --- RxSqlServerData Start ---"
[1] "2022-03-09 08:49:19 --- RxInSqlServer Start ---"
[1] "2022-03-09 08:49:19 --- RxInSqlServer Finish ---"
[1] "2022-03-09 08:49:19 --- rxSetComputeContext Start ---"
[1] "2022-03-09 08:49:19 --- rxSetComputeContext Finish ---"
[1] "2022-03-09 08:49:19 --- RxSqlServerData Start ---"
[1] "sqlQuery=SELECT * FROM ViewAnalyzeD1116analyze01Gen01Type13"
[1] "2022-03-09 08:49:19 --- RxSqlServerData Finish ---"
[1] "2022-03-09 08:49:19 --- rxGetVarInfo Start ---"
[1] "2022-03-09 08:49:19 --- rxGetVarInfo Finish---"
[1] "2022-03-09 08:49:19 --- rxImport Start ---"
Rows Read: 3341294, Total Rows Processed: 3341294, Total Chunk Time: 90.045 seconds 
[1] "2022-03-09 08:51:24 --- rxImport Finish ---"
[1] "object.size(data) auto=944.2 Mb"
[1] "--------------------------------------------------------------------------------"
[1] "nrow(data) RxSqlServerData=3341294"
[1] "--------------------------------------------------------------------------------"
[1] "str(data)="
'data.frame':	3341294 obs. of  45 variables:
 $ Race.RaceId                      : Factor w/ 1192 levels "20160105-06-01-01-12",..: 1 1 1 1 1 1 1 1 1 1 ...
 $ Race.IsAnalyzeNormalPastAndFuture: logi  TRUE TRUE TRUE TRUE TRUE TRUE ...
 $ Race.IsAnalyzeNormalPast         : logi  TRUE TRUE TRUE TRUE TRUE TRUE ...
 $ Race.IsAnalyzeNormalFuture       : logi  FALSE FALSE FALSE FALSE FALSE FALSE ...
 $ Race.IsAnalyzeFullPastAndFuture  : logi  TRUE TRUE TRUE TRUE TRUE TRUE ...
 $ Race.IsAnalyzeFullPast           : logi  TRUE TRUE TRUE TRUE TRUE TRUE ...
 $ Race.IsAnalyzeFullFuture         : logi  FALSE FALSE FALSE FALSE FALSE FALSE ...
 $ Race.JyokenCd                    : Factor w/ 1 level "3": 1 1 1 1 1 1 1 1 1 1 ...
 $ Race.JyoType1Cd                  : Factor w/ 154 levels "18-06-1600-1",..: 1 1 1 1 1 1 1 1 1 1 ...
 $ Race.RaceType1Cd                 : Factor w/ 2 levels "1-3-14","1-3-13": 1 1 1 1 1 1 1 1 1 1 ...
 $ RaceHorse.RaceId                 : Factor w/ 1192 levels "20160105-06-01-01-12",..: 1 1 1 1 1 1 1 1 1 1 ...
 $ RaceHorse.KettoNum               : Factor w/ 2955 levels "2010109146","2010102405",..: 2 2 2 2 2 2 2 2 2 2 ...
 $ RaceHorse.IsHit1                 : num  0 0 0 0 0 0 0 0 0 0 ...
 $ RaceHorse.IsHit2                 : num  0 0 0 0 0 0 0 0 0 0 ...
 $ RaceHorse.IsHit3                 : num  0 0 0 0 0 0 0 0 0 0 ...
 $ RaceHorse.IsHit4                 : num  0 0 0 0 0 0 0 0 0 0 ...
 $ RaceHorse.IsHit5                 : num  0 0 0 0 0 0 0 0 0 0 ...
 $ RaceHorse.IsHit6                 : num  1 1 1 1 1 1 1 1 1 1 ...
 $ RaceHorse.IsValidRaceHorse       : logi  FALSE FALSE FALSE FALSE FALSE FALSE ...
 $ RaceHorse.FinishTimeSdvByRace    : num  -1.14 -1.14 -1.14 -1.14 -1.14 ...
 $ RaceHorse.FirstTimeSdvByRace     : num  -2.5 -2.5 -2.5 -2.5 -2.5 ...
 $ RaceHorse.LastTimeSdvByRace      : num  1.34 1.34 1.34 1.34 1.34 ...
 $ RaceHorse.FinishTimeSdv          : num  0.448 0.448 0.448 0.448 0.448 ...
 $ RaceHorse.FirstTimeSdv           : num  -0.642 -0.642 -0.642 -0.642 -0.642 ...
 $ RaceHorse.LastTimeSdv            : num  1.7 1.7 1.7 1.7 1.7 ...
 $ RaceHorse.IsHitA                 : num  0 0 0 0 0 0 0 0 0 0 ...
 $ RaceHorse.IsHitB                 : num  0 0 0 0 0 0 0 0 0 0 ...
 $ RaceHorse.IsHitC                 : num  0 0 0 0 0 0 0 0 0 0 ...
 $ PrevRaceHorse.RaceId             : Factor w/ 2591 levels "20100327-07-02-07-11",..: 10 10 11 12 13 14 15 16 17 17 ...
 $ PrevRaceHorse.KettoNum           : Factor w/ 5304 levels "2006103408","2006103493",..: 9 10 11 12 13 14 15 16 17 11 ...
 $ PrevRaceHorse.FinishTimeSdvByRace: num  -0.039 -0.885 0.899 -1.398 -1.554 ...
 $ PrevRaceHorse.FirstTimeSdvByRace : num  -0.596 -0.361 1.099 -1.346 0.509 ...
 $ PrevRaceHorse.LastTimeSdvByRace  : num  0.73 -0.324 0.119 0.263 -2.099 ...
 $ PrevRaceHorse.FinishTimeSdv      : num  1.39 1.161 0.843 0.735 0.611 ...
 $ PrevRaceHorse.FirstTimeSdv       : num  0.868 0.974 0.698 0.51 1.394 ...
 $ PrevRaceHorse.LastTimeSdv        : num  1.071 0.529 0.311 0.485 -1.019 ...
 $ PrevRaceHorse.IsRun              : num  1 1 1 1 1 1 1 1 1 1 ...
 $ PrevRaceHorse.IsHit1             : num  0 0 0 0 0 0 1 0 0 0 ...
 $ PrevRaceHorse.IsHit2             : num  0 0 0 0 0 1 0 0 1 0 ...
 $ PrevRaceHorse.IsHit3             : num  0 0 0 0 0 0 0 0 0 1 ...
 $ PrevRaceHorse.IsHit4             : num  0 0 1 0 0 0 0 0 0 0 ...
 $ PrevRaceHorse.IsHit5             : num  0 0 0 0 0 0 0 1 0 0 ...
 $ PrevRaceHorse.RowNum             : num  1 2 3 4 5 6 7 8 9 10 ...
 $ PrevOdds.RealOddsLog1            : num  2.33 3.62 1.87 4.55 2.72 ...
 $ EOF                              : int  1 1 1 1 1 1 1 1 1 1 ...
[1] "2022-03-09 08:51:24 --- RxSqlServerData Finish ---"
[1] "2022-03-09 08:51:24 --- subset Start ---"
[1] "--------------------------------------------------------------------------------"
[1] "nrow(data) subset before=3341294"
[1] "nrow(data) subset after =3341294"
[1] "nrow(data) subset diff =0"
[1] "--------------------------------------------------------------------------------"
[1] "2022-03-09 08:51:25 --- subset Finish---"
[1] "2022-03-09 08:51:25 --- transform Start ---"
[1] "--------------------------------------------------------------------------------"
[1] "nrow(data) transform before=3341294"
[1] "nrow(data) transform after=3341294"
[1] "nrow(data) transform diff=0"
[1] "--------------------------------------------------------------------------------"
[1] "str(data)="
'data.frame':	3341294 obs. of  45 variables:
 $ Race.RaceId                      : Factor w/ 1192 levels "20160105-06-01-01-12",..: 1 1 1 1 1 1 1 1 1 1 ...
 $ Race.IsAnalyzeNormalPastAndFuture: logi  TRUE TRUE TRUE TRUE TRUE TRUE ...
 $ Race.IsAnalyzeNormalPast         : logi  TRUE TRUE TRUE TRUE TRUE TRUE ...
 $ Race.IsAnalyzeNormalFuture       : logi  FALSE FALSE FALSE FALSE FALSE FALSE ...
 $ Race.IsAnalyzeFullPastAndFuture  : logi  TRUE TRUE TRUE TRUE TRUE TRUE ...
 $ Race.IsAnalyzeFullPast           : logi  TRUE TRUE TRUE TRUE TRUE TRUE ...
 $ Race.IsAnalyzeFullFuture         : logi  FALSE FALSE FALSE FALSE FALSE FALSE ...
 $ Race.JyokenCd                    : Factor w/ 1 level "3": 1 1 1 1 1 1 1 1 1 1 ...
 $ Race.JyoType1Cd                  : Factor w/ 154 levels "18-06-1600-1",..: 1 1 1 1 1 1 1 1 1 1 ...
 $ Race.RaceType1Cd                 : Factor w/ 2 levels "1-3-14","1-3-13": 1 1 1 1 1 1 1 1 1 1 ...
 $ RaceHorse.RaceId                 : Factor w/ 1192 levels "20160105-06-01-01-12",..: 1 1 1 1 1 1 1 1 1 1 ...
 $ RaceHorse.KettoNum               : Factor w/ 2955 levels "2010109146","2010102405",..: 2 2 2 2 2 2 2 2 2 2 ...
 $ RaceHorse.IsHit1                 : num  0 0 0 0 0 0 0 0 0 0 ...
 $ RaceHorse.IsHit2                 : num  0 0 0 0 0 0 0 0 0 0 ...
 $ RaceHorse.IsHit3                 : num  0 0 0 0 0 0 0 0 0 0 ...
 $ RaceHorse.IsHit4                 : num  0 0 0 0 0 0 0 0 0 0 ...
 $ RaceHorse.IsHit5                 : num  0 0 0 0 0 0 0 0 0 0 ...
 $ RaceHorse.IsHit6                 : num  1 1 1 1 1 1 1 1 1 1 ...
 $ RaceHorse.IsValidRaceHorse       : logi  FALSE FALSE FALSE FALSE FALSE FALSE ...
 $ RaceHorse.FinishTimeSdvByRace    : num  -1.14 -1.14 -1.14 -1.14 -1.14 ...
 $ RaceHorse.FirstTimeSdvByRace     : num  -2.5 -2.5 -2.5 -2.5 -2.5 ...
 $ RaceHorse.LastTimeSdvByRace      : num  1.34 1.34 1.34 1.34 1.34 ...
 $ RaceHorse.FinishTimeSdv          : num  0.448 0.448 0.448 0.448 0.448 ...
 $ RaceHorse.FirstTimeSdv           : num  -0.642 -0.642 -0.642 -0.642 -0.642 ...
 $ RaceHorse.LastTimeSdv            : num  1.7 1.7 1.7 1.7 1.7 ...
 $ RaceHorse.IsHitA                 : num  0 0 0 0 0 0 0 0 0 0 ...
 $ RaceHorse.IsHitB                 : num  0 0 0 0 0 0 0 0 0 0 ...
 $ RaceHorse.IsHitC                 : num  0 0 0 0 0 0 0 0 0 0 ...
 $ PrevRaceHorse.RaceId             : Factor w/ 2591 levels "20100327-07-02-07-11",..: 10 10 11 12 13 14 15 16 17 17 ...
 $ PrevRaceHorse.KettoNum           : Factor w/ 5304 levels "2006103408","2006103493",..: 9 10 11 12 13 14 15 16 17 11 ...
 $ PrevRaceHorse.FinishTimeSdvByRace: num  -0.039 -0.885 0.899 -1.398 -1.554 ...
 $ PrevRaceHorse.FirstTimeSdvByRace : num  -0.596 -0.361 1.099 -1.346 0.509 ...
 $ PrevRaceHorse.LastTimeSdvByRace  : num  0.73 -0.324 0.119 0.263 -2.099 ...
 $ PrevRaceHorse.FinishTimeSdv      : num  1.39 1.161 0.843 0.735 0.611 ...
 $ PrevRaceHorse.FirstTimeSdv       : num  0.868 0.974 0.698 0.51 1.394 ...
 $ PrevRaceHorse.LastTimeSdv        : num  1.071 0.529 0.311 0.485 -1.019 ...
 $ PrevRaceHorse.IsRun              : num  1 1 1 1 1 1 1 1 1 1 ...
 $ PrevRaceHorse.IsHit1             : num  0 0 0 0 0 0 1 0 0 0 ...
 $ PrevRaceHorse.IsHit2             : num  0 0 0 0 0 1 0 0 1 0 ...
 $ PrevRaceHorse.IsHit3             : num  0 0 0 0 0 0 0 0 0 1 ...
 $ PrevRaceHorse.IsHit4             : num  0 0 1 0 0 0 0 0 0 0 ...
 $ PrevRaceHorse.IsHit5             : num  0 0 0 0 0 0 0 1 0 0 ...
 $ PrevRaceHorse.RowNum             : num  1 2 3 4 5 6 7 8 9 10 ...
 $ PrevOdds.RealOddsLog1            : num  2.33 3.62 1.87 4.55 2.72 ...
 $ EOF                              : int  1 1 1 1 1 1 1 1 1 1 ...
NULL
[1] "2022-03-09 08:51:26 --- transform Finish ---"
[1] "2022-03-09 08:51:26 --- na.omit Start ---"
[1] "--------------------------------------------------------------------------------"
[1] "nrow(data) na.omit before=3341294"
[1] "nrow(data) na.omit after =3326645"
[1] "nrow(data) na.omit diff =14649"
[1] "--------------------------------------------------------------------------------"
'data.frame':	3326645 obs. of  45 variables:
 $ Race.RaceId                      : Factor w/ 1192 levels "20160105-06-01-01-12",..: 1 1 1 1 1 1 1 1 1 1 ...
 $ Race.IsAnalyzeNormalPastAndFuture: logi  TRUE TRUE TRUE TRUE TRUE TRUE ...
 $ Race.IsAnalyzeNormalPast         : logi  TRUE TRUE TRUE TRUE TRUE TRUE ...
 $ Race.IsAnalyzeNormalFuture       : logi  FALSE FALSE FALSE FALSE FALSE FALSE ...
 $ Race.IsAnalyzeFullPastAndFuture  : logi  TRUE TRUE TRUE TRUE TRUE TRUE ...
 $ Race.IsAnalyzeFullPast           : logi  TRUE TRUE TRUE TRUE TRUE TRUE ...
 $ Race.IsAnalyzeFullFuture         : logi  FALSE FALSE FALSE FALSE FALSE FALSE ...
 $ Race.JyokenCd                    : Factor w/ 1 level "3": 1 1 1 1 1 1 1 1 1 1 ...
 $ Race.JyoType1Cd                  : Factor w/ 154 levels "18-06-1600-1",..: 1 1 1 1 1 1 1 1 1 1 ...
 $ Race.RaceType1Cd                 : Factor w/ 2 levels "1-3-14","1-3-13": 1 1 1 1 1 1 1 1 1 1 ...
 $ RaceHorse.RaceId                 : Factor w/ 1192 levels "20160105-06-01-01-12",..: 1 1 1 1 1 1 1 1 1 1 ...
 $ RaceHorse.KettoNum               : Factor w/ 2955 levels "2010109146","2010102405",..: 2 2 2 2 2 2 2 2 2 2 ...
 $ RaceHorse.IsHit1                 : num  0 0 0 0 0 0 0 0 0 0 ...
 $ RaceHorse.IsHit2                 : num  0 0 0 0 0 0 0 0 0 0 ...
 $ RaceHorse.IsHit3                 : num  0 0 0 0 0 0 0 0 0 0 ...
 $ RaceHorse.IsHit4                 : num  0 0 0 0 0 0 0 0 0 0 ...
 $ RaceHorse.IsHit5                 : num  0 0 0 0 0 0 0 0 0 0 ...
 $ RaceHorse.IsHit6                 : num  1 1 1 1 1 1 1 1 1 1 ...
 $ RaceHorse.IsValidRaceHorse       : logi  FALSE FALSE FALSE FALSE FALSE FALSE ...
 $ RaceHorse.FinishTimeSdvByRace    : num  -1.14 -1.14 -1.14 -1.14 -1.14 ...
 $ RaceHorse.FirstTimeSdvByRace     : num  -2.5 -2.5 -2.5 -2.5 -2.5 ...
 $ RaceHorse.LastTimeSdvByRace      : num  1.34 1.34 1.34 1.34 1.34 ...
 $ RaceHorse.FinishTimeSdv          : num  0.448 0.448 0.448 0.448 0.448 ...
 $ RaceHorse.FirstTimeSdv           : num  -0.642 -0.642 -0.642 -0.642 -0.642 ...
 $ RaceHorse.LastTimeSdv            : num  1.7 1.7 1.7 1.7 1.7 ...
 $ RaceHorse.IsHitA                 : num  0 0 0 0 0 0 0 0 0 0 ...
 $ RaceHorse.IsHitB                 : num  0 0 0 0 0 0 0 0 0 0 ...
 $ RaceHorse.IsHitC                 : num  0 0 0 0 0 0 0 0 0 0 ...
 $ PrevRaceHorse.RaceId             : Factor w/ 2591 levels "20100327-07-02-07-11",..: 10 10 11 12 13 14 15 16 17 17 ...
 $ PrevRaceHorse.KettoNum           : Factor w/ 5304 levels "2006103408","2006103493",..: 9 10 11 12 13 14 15 16 17 11 ...
 $ PrevRaceHorse.FinishTimeSdvByRace: num  -0.039 -0.885 0.899 -1.398 -1.554 ...
 $ PrevRaceHorse.FirstTimeSdvByRace : num  -0.596 -0.361 1.099 -1.346 0.509 ...
 $ PrevRaceHorse.LastTimeSdvByRace  : num  0.73 -0.324 0.119 0.263 -2.099 ...
 $ PrevRaceHorse.FinishTimeSdv      : num  1.39 1.161 0.843 0.735 0.611 ...
 $ PrevRaceHorse.FirstTimeSdv       : num  0.868 0.974 0.698 0.51 1.394 ...
 $ PrevRaceHorse.LastTimeSdv        : num  1.071 0.529 0.311 0.485 -1.019 ...
 $ PrevRaceHorse.IsRun              : num  1 1 1 1 1 1 1 1 1 1 ...
 $ PrevRaceHorse.IsHit1             : num  0 0 0 0 0 0 1 0 0 0 ...
 $ PrevRaceHorse.IsHit2             : num  0 0 0 0 0 1 0 0 1 0 ...
 $ PrevRaceHorse.IsHit3             : num  0 0 0 0 0 0 0 0 0 1 ...
 $ PrevRaceHorse.IsHit4             : num  0 0 1 0 0 0 0 0 0 0 ...
 $ PrevRaceHorse.IsHit5             : num  0 0 0 0 0 0 0 1 0 0 ...
 $ PrevRaceHorse.RowNum             : num  1 2 3 4 5 6 7 8 9 10 ...
 $ PrevOdds.RealOddsLog1            : num  2.33 3.62 1.87 4.55 2.72 ...
 $ EOF                              : int  1 1 1 1 1 1 1 1 1 1 ...
 - attr(*, "na.action")= 'omit' Named int  101367 101368 101369 101370 101371 101372 101373 101374 101375 101376 ...
  ..- attr(*, "names")= chr  "101367" "101368" "101369" "101370" ...
[1] "2022-03-09 08:51:28 --- na.omit Finish ---"
[1] "2022-03-09 08:51:28 --- rxLogit with rxStepControl Start ---"

> print(paste0(Sys.time(), " --- source_logic_glm.R Start ---"))
[1] "2022-03-09 08:51:28 --- source_logic_glm.R Start ---"

> formula <- formula(RaceHorse.IsHitA ~ +1 + PrevRaceHorse.FinishTimeSdvByRace)

> print(paste0(Sys.time(), " --- source_logic_glm.R Finished ---"))
[1] "2022-03-09 08:51:28 --- source_logic_glm.R Finished ---"
Rows Read: 3326645, Total Rows Processed: 3326645, Total Chunk Time: 0.058 seconds 

Starting values (iteration 1) time: 0.071 secs.
Rows Read: 3326645, Total Rows Processed: 3326645, Total Chunk Time: 0.142 seconds 

Iteration 2 time: 0.151 secs.
Rows Read: 3326645, Total Rows Processed: 3326645, Total Chunk Time: 0.134 seconds 

Iteration 3 time: 0.145 secs.

Elapsed computation time: 0.367 secs.
Rows Read: 3326645, Total Rows Processed: 3326645, Total Chunk Time: 0.033 seconds 

Starting values (iteration 1) time: 0.041 secs.
Rows Read: 3326645, Total Rows Processed: 3326645, Total Chunk Time: 0.096 seconds 

Iteration 2 time: 0.104 secs.

Elapsed computation time: 0.148 secs.
Rows Read: 3326645, Total Rows Processed: 3326645, Total Chunk Time: 0.084 seconds 

Starting values (iteration 1) time: 0.091 secs.
Rows Read: 3326645, Total Rows Processed: 3326645, Total Chunk Time: 0.188 seconds 

Iteration 2 time: 0.202 secs.
Rows Read: 3326645, Total Rows Processed: 3326645, Total Chunk Time: 0.180 seconds 

Iteration 3 time: 0.192 secs.

Elapsed computation time: 0.488 secs.

Elapsed computation time: 1.024 secs.
[1] "--------------------------------------------------------------------------------"
[1] "analyze.results.glm.step="
Logistic Regression Results for: RaceHorse.IsHitA ~
    PrevRaceHorse.FinishTimeSdvByRace
Data: data
Dependent variable(s): RaceHorse.IsHitA
Total independent variables: 2 
Number of valid observations: 3326645
Number of missing observations: 0 
 
Coefficients:
                                  RaceHorse.IsHitA
(Intercept)                                  -2.28
PrevRaceHorse.FinishTimeSdvByRace             0.03
[1] "analyze.results.glm.step.summary"
Call:
rxLogit(formula = formula, data = data, variableSelection = analyze.results.glm.step.varsel)

Logistic Regression Results for: RaceHorse.IsHitA ~
    PrevRaceHorse.FinishTimeSdvByRace
Data: data
Dependent variable(s): RaceHorse.IsHitA
Total independent variables: 2 
Number of valid observations: 3326645
Number of missing observations: 0 
-2*LogLikelihood: 2070039.084 (Residual deviance on 3326643 degrees of freedom)
 
Coefficients:
                                  Estimate Std. Error z value Pr(>|z|)    
(Intercept)                       -2.27564    0.00198 -1149.3  2.2e-16 ***
PrevRaceHorse.FinishTimeSdvByRace  0.02661    0.00226    11.8  2.2e-16 ***
---
Signif. codes:  0 '***' 0.001 '**' 0.01 '*' 0.05 '.' 0.1 ' ' 1

Condition number of final variance-covariance matrix: 1 
Number of iterations: 3
[1] "--------------------------------------------------------------------------------"
[1] "2022-03-09 08:51:30 --- rxLogit with rxStepControl Finish ---"
[1] "2022-03-09 08:51:30 --- rxStepPlot Start ---"
[1] "pdfFilename=pdf_analyze_glm_Gen01_Type13_rxStepPlot.pdf"
[1] "rxStepPlot="
[1] "2022-03-09 08:51:31 --- rxStepPlot Finish ---"
[1] "2022-03-09 08:51:31 --- save.image Start ---"
[1] "save.image"
[1] "rdataFilename=RData_analyze_glm_Gen01_Type13.RData"
[1] "2022-03-09 08:51:44 --- save.image Finish ---"
[1] "2022-03-09 08:51:44 --- final Start ---"
[1] "--------------------------------------------------------------------------------"
[1] "nrow(data) final=3326645"
[1] "--------------------------------------------------------------------------------"
[1] "2022-03-09 08:51:44 --- final Finish ---"
[1] "2022-03-09 08:51:44 --- analyze_glm.R Finished ---"
[1] "2022-03-09 08:51:44 --- log Finish ---"
