[1] "2022-03-09 09:00:36 --- D1116_analyze_glm_Horse_IsHitA_Type24 Start ---"
[1] "2022-03-09 09:00:36 --- Log Start ---"
[1] "2022-03-09 09:00:36 --- analyze_glm.R Start ---"
[1] "analyzeVersion=D1116"
[1] "analyzeCategory=analyze"
[1] "analyzeType=Horse"
[1] "analyzeFamily=IsHitA"
[1] "analyzeFunc=glm"
[1] "analyzeTrackTypeCd=2"
[1] "analyzeJyokenCd=4"
[1] "2022-03-09 09:00:36 --- source_function.R Start ---"
[1] "2022-03-09 09:00:36 --- source_function.R Finished ---"

> print(paste0(Sys.time(), " --- source_library.R Start ---"))
[1] "2022-03-09 09:00:36 --- source_library.R Start ---"

> require("RevoScaleR")

> print(paste0(Sys.time(), " --- source_library.R Finished ---"))
[1] "2022-03-09 09:00:37 --- source_library.R Finished ---"
[1] "2022-03-09 09:00:37 --- RxSqlServerData Start ---"
[1] "2022-03-09 09:00:37 --- RxInSqlServer Start ---"
[1] "2022-03-09 09:00:37 --- RxInSqlServer Finish ---"
[1] "2022-03-09 09:00:37 --- rxSetComputeContext Start ---"
[1] "2022-03-09 09:00:37 --- rxSetComputeContext Finish ---"
[1] "2022-03-09 09:00:37 --- RxSqlServerData Start ---"
[1] "sqlQuery=SELECT * FROM ViewAnalyzeD1116analyze01HorseType24"
[1] "2022-03-09 09:00:37 --- RxSqlServerData Finish ---"
[1] "2022-03-09 09:00:37 --- rxGetVarInfo Start ---"
[1] "2022-03-09 09:00:37 --- rxGetVarInfo Finish---"
[1] "2022-03-09 09:00:37 --- rxImport Start ---"
Rows Read: 93978, Total Rows Processed: 93978, Total Chunk Time: 3.599 seconds 
[1] "2022-03-09 09:00:44 --- rxImport Finish ---"
[1] "object.size(data) auto=28.1 Mb"
[1] "--------------------------------------------------------------------------------"
[1] "nrow(data) RxSqlServerData=93978"
[1] "--------------------------------------------------------------------------------"
[1] "str(data)="
'data.frame':	93978 obs. of  45 variables:
 $ Race.RaceId                      : Factor w/ 2798 levels "20160105-06-01-01-03",..: 1 1 1 1 1 1 1 1 1 1 ...
 $ Race.IsAnalyzeNormalPastAndFuture: logi  TRUE TRUE TRUE TRUE TRUE TRUE ...
 $ Race.IsAnalyzeNormalPast         : logi  TRUE TRUE TRUE TRUE TRUE TRUE ...
 $ Race.IsAnalyzeNormalFuture       : logi  FALSE FALSE FALSE FALSE FALSE FALSE ...
 $ Race.IsAnalyzeFullPastAndFuture  : logi  TRUE TRUE TRUE TRUE TRUE TRUE ...
 $ Race.IsAnalyzeFullPast           : logi  TRUE TRUE TRUE TRUE TRUE TRUE ...
 $ Race.IsAnalyzeFullFuture         : logi  FALSE FALSE FALSE FALSE FALSE FALSE ...
 $ Race.JyokenCd                    : Factor w/ 1 level "4": 1 1 1 1 1 1 1 1 1 1 ...
 $ Race.JyoType1Cd                  : Factor w/ 131 levels "24-06-1200-1",..: 1 1 1 1 1 1 1 1 1 1 ...
 $ Race.RaceType1Cd                 : Factor w/ 4 levels "2-4-14","2-4-12",..: 1 1 1 1 1 1 1 1 1 1 ...
 $ RaceHorse.RaceId                 : Factor w/ 2798 levels "20160105-06-01-01-03",..: 1 1 1 1 1 1 1 1 1 1 ...
 $ RaceHorse.KettoNum               : Factor w/ 5596 levels "2011101394","2011101687",..: 1 1 2 2 3 4 4 4 4 4 ...
 $ RaceHorse.IsHit1                 : num  0 0 0 0 1 0 0 0 0 0 ...
 $ RaceHorse.IsHit2                 : num  0 0 1 1 0 0 0 0 0 0 ...
 $ RaceHorse.IsHit3                 : num  0 0 0 0 0 0 0 0 0 0 ...
 $ RaceHorse.IsHit4                 : num  0 0 0 0 0 1 1 1 1 1 ...
 $ RaceHorse.IsHit5                 : num  0 0 0 0 0 0 0 0 0 0 ...
 $ RaceHorse.IsHit6                 : num  1 1 0 0 0 0 0 0 0 0 ...
 $ RaceHorse.IsValidRaceHorse       : logi  TRUE TRUE TRUE TRUE TRUE TRUE ...
 $ RaceHorse.FinishTimeSdvByRace    : num  0.187 0.187 1.24 1.24 1.24 ...
 $ RaceHorse.FirstTimeSdvByRace     : num  -1.42 -1.42 1.45 1.45 1.26 ...
 $ RaceHorse.LastTimeSdvByRace      : num  1.1514 1.1514 -0.0677 -0.0677 0.0677 ...
 $ RaceHorse.FinishTimeSdv          : num  0.835 0.835 1.184 1.184 1.184 ...
 $ RaceHorse.FirstTimeSdv           : num  -0.221 -0.221 1.245 1.245 1.148 ...
 $ RaceHorse.LastTimeSdv            : num  1.244 1.244 0.571 0.571 0.645 ...
 $ RaceHorse.IsHitA                 : num  0 0 0 0 1 0 0 0 0 0 ...
 $ RaceHorse.IsHitB                 : num  0 0 1 1 1 0 0 0 0 0 ...
 $ RaceHorse.IsHitC                 : num  0 0 1 1 1 0 0 0 0 0 ...
 $ PrevRaceHorse.RaceId             : Factor w/ 3759 levels "20150531-05-02-12-07",..: 1 2 3 4 5 6 7 8 9 10 ...
 $ PrevRaceHorse.KettoNum           : Factor w/ 5596 levels "2011101394","2011101687",..: 1 1 2 2 3 4 4 4 4 4 ...
 $ PrevRaceHorse.FinishTimeSdvByRace: num  0.996 0.789 0.355 -1.186 1.766 ...
 $ PrevRaceHorse.FirstTimeSdvByRace : num  1.076 0.33 0.102 1.189 0.749 ...
 $ PrevRaceHorse.LastTimeSdvByRace  : num  0.549 0.633 0.26 -1.355 1.46 ...
 $ PrevRaceHorse.FinishTimeSdv      : num  0.426 0.566 0.905 -0.163 1.3 ...
 $ PrevRaceHorse.FirstTimeSdv       : num  -0.269 -0.442 0.402 0.265 0.854 ...
 $ PrevRaceHorse.LastTimeSdv        : num  0.775 1.073 0.932 -0.417 1.02 ...
 $ PrevRaceHorse.IsRun              : num  1 1 1 1 1 1 1 1 1 1 ...
 $ PrevRaceHorse.IsHit1             : num  0 0 0 0 1 0 0 0 0 0 ...
 $ PrevRaceHorse.IsHit2             : num  0 0 0 0 0 0 1 0 0 0 ...
 $ PrevRaceHorse.IsHit3             : num  0 0 0 0 0 0 0 0 0 1 ...
 $ PrevRaceHorse.IsHit4             : num  1 0 0 0 0 0 0 0 0 0 ...
 $ PrevRaceHorse.IsHit5             : num  0 1 0 0 0 0 0 0 0 0 ...
 $ PrevRaceHorse.RowNum             : num  1 2 1 2 1 1 2 3 4 5 ...
 $ PrevOdds.RealOddsLog1            : num  2.45 3.69 2.55 2 2 ...
 $ EOF                              : int  1 1 1 1 1 1 1 1 1 1 ...
[1] "2022-03-09 09:00:45 --- RxSqlServerData Finish ---"
[1] "2022-03-09 09:00:45 --- subset Start ---"
[1] "--------------------------------------------------------------------------------"
[1] "nrow(data) subset before=93978"
[1] "nrow(data) subset after =93978"
[1] "nrow(data) subset diff =0"
[1] "--------------------------------------------------------------------------------"
[1] "2022-03-09 09:00:45 --- subset Finish---"
[1] "2022-03-09 09:00:45 --- transform Start ---"
[1] "--------------------------------------------------------------------------------"
[1] "nrow(data) transform before=93978"
[1] "nrow(data) transform after=93978"
[1] "nrow(data) transform diff=0"
[1] "--------------------------------------------------------------------------------"
[1] "str(data)="
'data.frame':	93978 obs. of  45 variables:
 $ Race.RaceId                      : Factor w/ 2798 levels "20160105-06-01-01-03",..: 1 1 1 1 1 1 1 1 1 1 ...
 $ Race.IsAnalyzeNormalPastAndFuture: logi  TRUE TRUE TRUE TRUE TRUE TRUE ...
 $ Race.IsAnalyzeNormalPast         : logi  TRUE TRUE TRUE TRUE TRUE TRUE ...
 $ Race.IsAnalyzeNormalFuture       : logi  FALSE FALSE FALSE FALSE FALSE FALSE ...
 $ Race.IsAnalyzeFullPastAndFuture  : logi  TRUE TRUE TRUE TRUE TRUE TRUE ...
 $ Race.IsAnalyzeFullPast           : logi  TRUE TRUE TRUE TRUE TRUE TRUE ...
 $ Race.IsAnalyzeFullFuture         : logi  FALSE FALSE FALSE FALSE FALSE FALSE ...
 $ Race.JyokenCd                    : Factor w/ 1 level "4": 1 1 1 1 1 1 1 1 1 1 ...
 $ Race.JyoType1Cd                  : Factor w/ 131 levels "24-06-1200-1",..: 1 1 1 1 1 1 1 1 1 1 ...
 $ Race.RaceType1Cd                 : Factor w/ 4 levels "2-4-14","2-4-12",..: 1 1 1 1 1 1 1 1 1 1 ...
 $ RaceHorse.RaceId                 : Factor w/ 2798 levels "20160105-06-01-01-03",..: 1 1 1 1 1 1 1 1 1 1 ...
 $ RaceHorse.KettoNum               : Factor w/ 5596 levels "2011101394","2011101687",..: 1 1 2 2 3 4 4 4 4 4 ...
 $ RaceHorse.IsHit1                 : num  0 0 0 0 1 0 0 0 0 0 ...
 $ RaceHorse.IsHit2                 : num  0 0 1 1 0 0 0 0 0 0 ...
 $ RaceHorse.IsHit3                 : num  0 0 0 0 0 0 0 0 0 0 ...
 $ RaceHorse.IsHit4                 : num  0 0 0 0 0 1 1 1 1 1 ...
 $ RaceHorse.IsHit5                 : num  0 0 0 0 0 0 0 0 0 0 ...
 $ RaceHorse.IsHit6                 : num  1 1 0 0 0 0 0 0 0 0 ...
 $ RaceHorse.IsValidRaceHorse       : logi  TRUE TRUE TRUE TRUE TRUE TRUE ...
 $ RaceHorse.FinishTimeSdvByRace    : num  0.187 0.187 1.24 1.24 1.24 ...
 $ RaceHorse.FirstTimeSdvByRace     : num  -1.42 -1.42 1.45 1.45 1.26 ...
 $ RaceHorse.LastTimeSdvByRace      : num  1.1514 1.1514 -0.0677 -0.0677 0.0677 ...
 $ RaceHorse.FinishTimeSdv          : num  0.835 0.835 1.184 1.184 1.184 ...
 $ RaceHorse.FirstTimeSdv           : num  -0.221 -0.221 1.245 1.245 1.148 ...
 $ RaceHorse.LastTimeSdv            : num  1.244 1.244 0.571 0.571 0.645 ...
 $ RaceHorse.IsHitA                 : num  0 0 0 0 1 0 0 0 0 0 ...
 $ RaceHorse.IsHitB                 : num  0 0 1 1 1 0 0 0 0 0 ...
 $ RaceHorse.IsHitC                 : num  0 0 1 1 1 0 0 0 0 0 ...
 $ PrevRaceHorse.RaceId             : Factor w/ 3759 levels "20150531-05-02-12-07",..: 1 2 3 4 5 6 7 8 9 10 ...
 $ PrevRaceHorse.KettoNum           : Factor w/ 5596 levels "2011101394","2011101687",..: 1 1 2 2 3 4 4 4 4 4 ...
 $ PrevRaceHorse.FinishTimeSdvByRace: num  0.996 0.789 0.355 -1.186 1.766 ...
 $ PrevRaceHorse.FirstTimeSdvByRace : num  1.076 0.33 0.102 1.189 0.749 ...
 $ PrevRaceHorse.LastTimeSdvByRace  : num  0.549 0.633 0.26 -1.355 1.46 ...
 $ PrevRaceHorse.FinishTimeSdv      : num  0.426 0.566 0.905 -0.163 1.3 ...
 $ PrevRaceHorse.FirstTimeSdv       : num  -0.269 -0.442 0.402 0.265 0.854 ...
 $ PrevRaceHorse.LastTimeSdv        : num  0.775 1.073 0.932 -0.417 1.02 ...
 $ PrevRaceHorse.IsRun              : num  1 1 1 1 1 1 1 1 1 1 ...
 $ PrevRaceHorse.IsHit1             : num  0 0 0 0 1 0 0 0 0 0 ...
 $ PrevRaceHorse.IsHit2             : num  0 0 0 0 0 0 1 0 0 0 ...
 $ PrevRaceHorse.IsHit3             : num  0 0 0 0 0 0 0 0 0 1 ...
 $ PrevRaceHorse.IsHit4             : num  1 0 0 0 0 0 0 0 0 0 ...
 $ PrevRaceHorse.IsHit5             : num  0 1 0 0 0 0 0 0 0 0 ...
 $ PrevRaceHorse.RowNum             : num  1 2 1 2 1 1 2 3 4 5 ...
 $ PrevOdds.RealOddsLog1            : num  2.45 3.69 2.55 2 2 ...
 $ EOF                              : int  1 1 1 1 1 1 1 1 1 1 ...
NULL
[1] "2022-03-09 09:00:45 --- transform Finish ---"
[1] "2022-03-09 09:00:45 --- na.omit Start ---"
[1] "--------------------------------------------------------------------------------"
[1] "nrow(data) na.omit before=93978"
[1] "nrow(data) na.omit after =93300"
[1] "nrow(data) na.omit diff =678"
[1] "--------------------------------------------------------------------------------"
'data.frame':	93300 obs. of  45 variables:
 $ Race.RaceId                      : Factor w/ 2798 levels "20160105-06-01-01-03",..: 1 1 1 1 1 1 1 1 1 1 ...
 $ Race.IsAnalyzeNormalPastAndFuture: logi  TRUE TRUE TRUE TRUE TRUE TRUE ...
 $ Race.IsAnalyzeNormalPast         : logi  TRUE TRUE TRUE TRUE TRUE TRUE ...
 $ Race.IsAnalyzeNormalFuture       : logi  FALSE FALSE FALSE FALSE FALSE FALSE ...
 $ Race.IsAnalyzeFullPastAndFuture  : logi  TRUE TRUE TRUE TRUE TRUE TRUE ...
 $ Race.IsAnalyzeFullPast           : logi  TRUE TRUE TRUE TRUE TRUE TRUE ...
 $ Race.IsAnalyzeFullFuture         : logi  FALSE FALSE FALSE FALSE FALSE FALSE ...
 $ Race.JyokenCd                    : Factor w/ 1 level "4": 1 1 1 1 1 1 1 1 1 1 ...
 $ Race.JyoType1Cd                  : Factor w/ 131 levels "24-06-1200-1",..: 1 1 1 1 1 1 1 1 1 1 ...
 $ Race.RaceType1Cd                 : Factor w/ 4 levels "2-4-14","2-4-12",..: 1 1 1 1 1 1 1 1 1 1 ...
 $ RaceHorse.RaceId                 : Factor w/ 2798 levels "20160105-06-01-01-03",..: 1 1 1 1 1 1 1 1 1 1 ...
 $ RaceHorse.KettoNum               : Factor w/ 5596 levels "2011101394","2011101687",..: 1 1 2 2 3 4 4 4 4 4 ...
 $ RaceHorse.IsHit1                 : num  0 0 0 0 1 0 0 0 0 0 ...
 $ RaceHorse.IsHit2                 : num  0 0 1 1 0 0 0 0 0 0 ...
 $ RaceHorse.IsHit3                 : num  0 0 0 0 0 0 0 0 0 0 ...
 $ RaceHorse.IsHit4                 : num  0 0 0 0 0 1 1 1 1 1 ...
 $ RaceHorse.IsHit5                 : num  0 0 0 0 0 0 0 0 0 0 ...
 $ RaceHorse.IsHit6                 : num  1 1 0 0 0 0 0 0 0 0 ...
 $ RaceHorse.IsValidRaceHorse       : logi  TRUE TRUE TRUE TRUE TRUE TRUE ...
 $ RaceHorse.FinishTimeSdvByRace    : num  0.187 0.187 1.24 1.24 1.24 ...
 $ RaceHorse.FirstTimeSdvByRace     : num  -1.42 -1.42 1.45 1.45 1.26 ...
 $ RaceHorse.LastTimeSdvByRace      : num  1.1514 1.1514 -0.0677 -0.0677 0.0677 ...
 $ RaceHorse.FinishTimeSdv          : num  0.835 0.835 1.184 1.184 1.184 ...
 $ RaceHorse.FirstTimeSdv           : num  -0.221 -0.221 1.245 1.245 1.148 ...
 $ RaceHorse.LastTimeSdv            : num  1.244 1.244 0.571 0.571 0.645 ...
 $ RaceHorse.IsHitA                 : num  0 0 0 0 1 0 0 0 0 0 ...
 $ RaceHorse.IsHitB                 : num  0 0 1 1 1 0 0 0 0 0 ...
 $ RaceHorse.IsHitC                 : num  0 0 1 1 1 0 0 0 0 0 ...
 $ PrevRaceHorse.RaceId             : Factor w/ 3759 levels "20150531-05-02-12-07",..: 1 2 3 4 5 6 7 8 9 10 ...
 $ PrevRaceHorse.KettoNum           : Factor w/ 5596 levels "2011101394","2011101687",..: 1 1 2 2 3 4 4 4 4 4 ...
 $ PrevRaceHorse.FinishTimeSdvByRace: num  0.996 0.789 0.355 -1.186 1.766 ...
 $ PrevRaceHorse.FirstTimeSdvByRace : num  1.076 0.33 0.102 1.189 0.749 ...
 $ PrevRaceHorse.LastTimeSdvByRace  : num  0.549 0.633 0.26 -1.355 1.46 ...
 $ PrevRaceHorse.FinishTimeSdv      : num  0.426 0.566 0.905 -0.163 1.3 ...
 $ PrevRaceHorse.FirstTimeSdv       : num  -0.269 -0.442 0.402 0.265 0.854 ...
 $ PrevRaceHorse.LastTimeSdv        : num  0.775 1.073 0.932 -0.417 1.02 ...
 $ PrevRaceHorse.IsRun              : num  1 1 1 1 1 1 1 1 1 1 ...
 $ PrevRaceHorse.IsHit1             : num  0 0 0 0 1 0 0 0 0 0 ...
 $ PrevRaceHorse.IsHit2             : num  0 0 0 0 0 0 1 0 0 0 ...
 $ PrevRaceHorse.IsHit3             : num  0 0 0 0 0 0 0 0 0 1 ...
 $ PrevRaceHorse.IsHit4             : num  1 0 0 0 0 0 0 0 0 0 ...
 $ PrevRaceHorse.IsHit5             : num  0 1 0 0 0 0 0 0 0 0 ...
 $ PrevRaceHorse.RowNum             : num  1 2 1 2 1 1 2 3 4 5 ...
 $ PrevOdds.RealOddsLog1            : num  2.45 3.69 2.55 2 2 ...
 $ EOF                              : int  1 1 1 1 1 1 1 1 1 1 ...
 - attr(*, "na.action")= 'omit' Named int  850 1087 1088 1089 1090 1091 1092 1221 1441 1442 ...
  ..- attr(*, "names")= chr  "850" "1087" "1088" "1089" ...
[1] "2022-03-09 09:00:45 --- na.omit Finish ---"
[1] "2022-03-09 09:00:45 --- rxLogit with rxStepControl Start ---"

> print(paste0(Sys.time(), " --- source_logic_glm.R Start ---"))
[1] "2022-03-09 09:00:45 --- source_logic_glm.R Start ---"

> formula <- formula(RaceHorse.IsHitA ~ +1 + PrevRaceHorse.FinishTimeSdvByRace)

> print(paste0(Sys.time(), " --- source_logic_glm.R Finished ---"))
[1] "2022-03-09 09:00:45 --- source_logic_glm.R Finished ---"
Rows Read: 93300, Total Rows Processed: 93300, Total Chunk Time: 0.002 seconds 

Starting values (iteration 1) time: 0.010 secs.
Rows Read: 93300, Total Rows Processed: 93300, Total Chunk Time: 0.004 seconds 

Iteration 2 time: 0.008 secs.
Rows Read: 93300, Total Rows Processed: 93300, Total Chunk Time: 0.004 seconds 

Iteration 3 time: 0.006 secs.
Rows Read: 93300, Total Rows Processed: 93300, Total Chunk Time: 0.005 seconds 

Iteration 4 time: 0.007 secs.
Rows Read: 93300, Total Rows Processed: 93300, Total Chunk Time: 0.004 seconds 

Iteration 5 time: 0.006 secs.

Elapsed computation time: 0.052 secs.
Rows Read: 93300, Total Rows Processed: 93300, Total Chunk Time: Less than .001 seconds 

Starting values (iteration 1) time: 0.010 secs.
Rows Read: 93300, Total Rows Processed: 93300, Total Chunk Time: 0.002 seconds 

Iteration 2 time: 0.008 secs.

Elapsed computation time: 0.026 secs.
Rows Read: 93300, Total Rows Processed: 93300, Total Chunk Time: 0.002 seconds 

Starting values (iteration 1) time: 0.011 secs.
Rows Read: 93300, Total Rows Processed: 93300, Total Chunk Time: 0.004 seconds 

Iteration 2 time: 0.009 secs.
Rows Read: 93300, Total Rows Processed: 93300, Total Chunk Time: 0.005 seconds 

Iteration 3 time: 0.006 secs.
Rows Read: 93300, Total Rows Processed: 93300, Total Chunk Time: 0.005 seconds 

Iteration 4 time: 0.010 secs.
Rows Read: 93300, Total Rows Processed: 93300, Total Chunk Time: 0.004 seconds 

Iteration 5 time: 0.006 secs.

Elapsed computation time: 0.059 secs.

Elapsed computation time: 0.150 secs.
[1] "--------------------------------------------------------------------------------"
[1] "analyze.results.glm.step="
Logistic Regression Results for: RaceHorse.IsHitA ~
    PrevRaceHorse.FinishTimeSdvByRace
Data: data
Dependent variable(s): RaceHorse.IsHitA
Total independent variables: 2 
Number of valid observations: 93300
Number of missing observations: 0 
 
Coefficients:
                                  RaceHorse.IsHitA
(Intercept)                                   -2.9
PrevRaceHorse.FinishTimeSdvByRace              0.8
[1] "analyze.results.glm.step.summary"
Call:
rxLogit(formula = formula, data = data, variableSelection = analyze.results.glm.step.varsel)

Logistic Regression Results for: RaceHorse.IsHitA ~
    PrevRaceHorse.FinishTimeSdvByRace
Data: data
Dependent variable(s): RaceHorse.IsHitA
Total independent variables: 2 
Number of valid observations: 93300
Number of missing observations: 0 
-2*LogLikelihood: 45918.176 (Residual deviance on 93298 degrees of freedom)
 
Coefficients:
                                  Estimate Std. Error z value Pr(>|z|)    
(Intercept)                        -2.8763     0.0169  -170.1  2.2e-16 ***
PrevRaceHorse.FinishTimeSdvByRace   0.7987     0.0211    37.8  2.2e-16 ***
---
Signif. codes:  0 '***' 0.001 '**' 0.01 '*' 0.05 '.' 0.1 ' ' 1

Condition number of final variance-covariance matrix: 1 
Number of iterations: 5
[1] "--------------------------------------------------------------------------------"
[1] "2022-03-09 09:00:46 --- rxLogit with rxStepControl Finish ---"
[1] "2022-03-09 09:00:46 --- rxStepPlot Start ---"
[1] "pdfFilename=pdf_analyze_glm_Horse_Type24_rxStepPlot.pdf"
[1] "rxStepPlot="
[1] "2022-03-09 09:00:46 --- rxStepPlot Finish ---"
[1] "2022-03-09 09:00:46 --- save.image Start ---"
[1] "save.image"
[1] "rdataFilename=RData_analyze_glm_Horse_Type24.RData"
[1] "2022-03-09 09:00:46 --- save.image Finish ---"
[1] "2022-03-09 09:00:46 --- final Start ---"
[1] "--------------------------------------------------------------------------------"
[1] "nrow(data) final=93300"
[1] "--------------------------------------------------------------------------------"
[1] "2022-03-09 09:00:46 --- final Finish ---"
[1] "2022-03-09 09:00:46 --- analyze_glm.R Finished ---"
[1] "2022-03-09 09:00:46 --- log Finish ---"
