[1] "2022-03-09 08:49:19 --- D1116_analyze_glm_Gen01_IsHitA_Type23 Start ---"
[1] "2022-03-09 08:49:19 --- Log Start ---"
[1] "2022-03-09 08:49:19 --- analyze_glm.R Start ---"
[1] "analyzeVersion=D1116"
[1] "analyzeCategory=analyze"
[1] "analyzeType=Gen01"
[1] "analyzeFamily=IsHitA"
[1] "analyzeFunc=glm"
[1] "analyzeTrackTypeCd=2"
[1] "analyzeJyokenCd=3"
[1] "2022-03-09 08:49:19 --- source_function.R Start ---"
[1] "2022-03-09 08:49:19 --- source_function.R Finished ---"

> print(paste0(Sys.time(), " --- source_library.R Start ---"))
[1] "2022-03-09 08:49:19 --- source_library.R Start ---"

> require("RevoScaleR")

> print(paste0(Sys.time(), " --- source_library.R Finished ---"))
[1] "2022-03-09 08:49:19 --- source_library.R Finished ---"
[1] "2022-03-09 08:49:19 --- RxSqlServerData Start ---"
[1] "2022-03-09 08:49:19 --- RxInSqlServer Start ---"
[1] "2022-03-09 08:49:19 --- RxInSqlServer Finish ---"
[1] "2022-03-09 08:49:19 --- rxSetComputeContext Start ---"
[1] "2022-03-09 08:49:19 --- rxSetComputeContext Finish ---"
[1] "2022-03-09 08:49:19 --- RxSqlServerData Start ---"
[1] "sqlQuery=SELECT * FROM ViewAnalyzeD1116analyze01Gen01Type23"
[1] "2022-03-09 08:49:19 --- RxSqlServerData Finish ---"
[1] "2022-03-09 08:49:19 --- rxGetVarInfo Start ---"
[1] "2022-03-09 08:49:20 --- rxGetVarInfo Finish---"
[1] "2022-03-09 08:49:20 --- rxImport Start ---"
Rows Read: 2172914, Total Rows Processed: 2172914, Total Chunk Time: 48.491 seconds 
[1] "2022-03-09 08:50:37 --- rxImport Finish ---"
[1] "object.size(data) auto=614.3 Mb"
[1] "--------------------------------------------------------------------------------"
[1] "nrow(data) RxSqlServerData=2172914"
[1] "--------------------------------------------------------------------------------"
[1] "str(data)="
'data.frame':	2172914 obs. of  45 variables:
 $ Race.RaceId                      : Factor w/ 1011 levels "20160105-06-01-01-08",..: 1 1 1 1 1 1 1 1 1 1 ...
 $ Race.IsAnalyzeNormalPastAndFuture: logi  TRUE TRUE TRUE TRUE TRUE TRUE ...
 $ Race.IsAnalyzeNormalPast         : logi  TRUE TRUE TRUE TRUE TRUE TRUE ...
 $ Race.IsAnalyzeNormalFuture       : logi  FALSE FALSE FALSE FALSE FALSE FALSE ...
 $ Race.IsAnalyzeFullPastAndFuture  : logi  TRUE TRUE TRUE TRUE TRUE TRUE ...
 $ Race.IsAnalyzeFullPast           : logi  TRUE TRUE TRUE TRUE TRUE TRUE ...
 $ Race.IsAnalyzeFullFuture         : logi  FALSE FALSE FALSE FALSE FALSE FALSE ...
 $ Race.JyokenCd                    : Factor w/ 1 level "3": 1 1 1 1 1 1 1 1 1 1 ...
 $ Race.JyoType1Cd                  : Factor w/ 105 levels "24-06-1200-1",..: 1 1 1 1 1 1 1 1 1 1 ...
 $ Race.RaceType1Cd                 : Factor w/ 2 levels "2-3-14","2-3-13": 1 1 1 1 1 1 1 1 1 1 ...
 $ RaceHorse.RaceId                 : Factor w/ 1011 levels "20160105-06-01-01-08",..: 1 1 1 1 1 1 1 1 1 1 ...
 $ RaceHorse.KettoNum               : Factor w/ 3134 levels "2012101489","2011106481",..: 1 1 1 1 1 1 1 1 1 1 ...
 $ RaceHorse.IsHit1                 : num  1 1 1 1 1 1 1 1 1 1 ...
 $ RaceHorse.IsHit2                 : num  0 0 0 0 0 0 0 0 0 0 ...
 $ RaceHorse.IsHit3                 : num  0 0 0 0 0 0 0 0 0 0 ...
 $ RaceHorse.IsHit4                 : num  0 0 0 0 0 0 0 0 0 0 ...
 $ RaceHorse.IsHit5                 : num  0 0 0 0 0 0 0 0 0 0 ...
 $ RaceHorse.IsHit6                 : num  0 0 0 0 0 0 0 0 0 0 ...
 $ RaceHorse.IsValidRaceHorse       : logi  TRUE TRUE TRUE TRUE TRUE TRUE ...
 $ RaceHorse.FinishTimeSdvByRace    : num  1.93 1.93 1.93 1.93 1.93 ...
 $ RaceHorse.FirstTimeSdvByRace     : num  1.47 1.47 1.47 1.47 1.47 ...
 $ RaceHorse.LastTimeSdvByRace      : num  1.3 1.3 1.3 1.3 1.3 ...
 $ RaceHorse.FinishTimeSdv          : num  1.47 1.47 1.47 1.47 1.47 ...
 $ RaceHorse.FirstTimeSdv           : num  0.757 0.757 0.757 0.757 0.757 ...
 $ RaceHorse.LastTimeSdv            : num  1.32 1.32 1.32 1.32 1.32 ...
 $ RaceHorse.IsHitA                 : num  1 1 1 1 1 1 1 1 1 1 ...
 $ RaceHorse.IsHitB                 : num  1 1 1 1 1 1 1 1 1 1 ...
 $ RaceHorse.IsHitC                 : num  1 1 1 1 1 1 1 1 1 1 ...
 $ PrevRaceHorse.RaceId             : Factor w/ 2153 levels "20150131-05-01-01-12",..: 1 2 3 4 5 6 7 8 9 10 ...
 $ PrevRaceHorse.KettoNum           : Factor w/ 5420 levels "2010105670","2011103400",..: 1 2 3 1 4 4 5 1 6 7 ...
 $ PrevRaceHorse.FinishTimeSdvByRace: num  -1.274 0.581 0.811 0.34 -1.164 ...
 $ PrevRaceHorse.FirstTimeSdvByRace : num  -0.559 0.524 0.282 0.967 1.594 ...
 $ PrevRaceHorse.LastTimeSdvByRace  : num  -0.861 0.382 0.446 -0.121 -1.676 ...
 $ PrevRaceHorse.FinishTimeSdv      : num  0.251 0.891 0.658 0.365 0.218 ...
 $ PrevRaceHorse.FirstTimeSdv       : num  0.221 1.341 -0.174 1.617 2.039 ...
 $ PrevRaceHorse.LastTimeSdv        : num  0.163 0.155 0.992 -0.731 -1.263 ...
 $ PrevRaceHorse.IsRun              : num  1 1 1 1 1 1 1 1 1 1 ...
 $ PrevRaceHorse.IsHit1             : num  0 0 0 0 0 0 0 0 1 0 ...
 $ PrevRaceHorse.IsHit2             : num  0 0 0 0 0 0 0 0 0 0 ...
 $ PrevRaceHorse.IsHit3             : num  0 0 0 0 0 0 0 0 0 0 ...
 $ PrevRaceHorse.IsHit4             : num  0 0 1 0 0 0 0 0 0 1 ...
 $ PrevRaceHorse.IsHit5             : num  0 0 0 0 0 0 0 0 0 0 ...
 $ PrevRaceHorse.RowNum             : num  11 12 13 14 15 16 17 18 19 20 ...
 $ PrevOdds.RealOddsLog1            : num  3.25 5.11 2.97 5.22 4.85 ...
 $ EOF                              : int  1 1 1 1 1 1 1 1 1 1 ...
[1] "2022-03-09 08:50:38 --- RxSqlServerData Finish ---"
[1] "2022-03-09 08:50:38 --- subset Start ---"
[1] "--------------------------------------------------------------------------------"
[1] "nrow(data) subset before=2172914"
[1] "nrow(data) subset after =2172914"
[1] "nrow(data) subset diff =0"
[1] "--------------------------------------------------------------------------------"
[1] "2022-03-09 08:50:38 --- subset Finish---"
[1] "2022-03-09 08:50:38 --- transform Start ---"
[1] "--------------------------------------------------------------------------------"
[1] "nrow(data) transform before=2172914"
[1] "nrow(data) transform after=2172914"
[1] "nrow(data) transform diff=0"
[1] "--------------------------------------------------------------------------------"
[1] "str(data)="
'data.frame':	2172914 obs. of  45 variables:
 $ Race.RaceId                      : Factor w/ 1011 levels "20160105-06-01-01-08",..: 1 1 1 1 1 1 1 1 1 1 ...
 $ Race.IsAnalyzeNormalPastAndFuture: logi  TRUE TRUE TRUE TRUE TRUE TRUE ...
 $ Race.IsAnalyzeNormalPast         : logi  TRUE TRUE TRUE TRUE TRUE TRUE ...
 $ Race.IsAnalyzeNormalFuture       : logi  FALSE FALSE FALSE FALSE FALSE FALSE ...
 $ Race.IsAnalyzeFullPastAndFuture  : logi  TRUE TRUE TRUE TRUE TRUE TRUE ...
 $ Race.IsAnalyzeFullPast           : logi  TRUE TRUE TRUE TRUE TRUE TRUE ...
 $ Race.IsAnalyzeFullFuture         : logi  FALSE FALSE FALSE FALSE FALSE FALSE ...
 $ Race.JyokenCd                    : Factor w/ 1 level "3": 1 1 1 1 1 1 1 1 1 1 ...
 $ Race.JyoType1Cd                  : Factor w/ 105 levels "24-06-1200-1",..: 1 1 1 1 1 1 1 1 1 1 ...
 $ Race.RaceType1Cd                 : Factor w/ 2 levels "2-3-14","2-3-13": 1 1 1 1 1 1 1 1 1 1 ...
 $ RaceHorse.RaceId                 : Factor w/ 1011 levels "20160105-06-01-01-08",..: 1 1 1 1 1 1 1 1 1 1 ...
 $ RaceHorse.KettoNum               : Factor w/ 3134 levels "2012101489","2011106481",..: 1 1 1 1 1 1 1 1 1 1 ...
 $ RaceHorse.IsHit1                 : num  1 1 1 1 1 1 1 1 1 1 ...
 $ RaceHorse.IsHit2                 : num  0 0 0 0 0 0 0 0 0 0 ...
 $ RaceHorse.IsHit3                 : num  0 0 0 0 0 0 0 0 0 0 ...
 $ RaceHorse.IsHit4                 : num  0 0 0 0 0 0 0 0 0 0 ...
 $ RaceHorse.IsHit5                 : num  0 0 0 0 0 0 0 0 0 0 ...
 $ RaceHorse.IsHit6                 : num  0 0 0 0 0 0 0 0 0 0 ...
 $ RaceHorse.IsValidRaceHorse       : logi  TRUE TRUE TRUE TRUE TRUE TRUE ...
 $ RaceHorse.FinishTimeSdvByRace    : num  1.93 1.93 1.93 1.93 1.93 ...
 $ RaceHorse.FirstTimeSdvByRace     : num  1.47 1.47 1.47 1.47 1.47 ...
 $ RaceHorse.LastTimeSdvByRace      : num  1.3 1.3 1.3 1.3 1.3 ...
 $ RaceHorse.FinishTimeSdv          : num  1.47 1.47 1.47 1.47 1.47 ...
 $ RaceHorse.FirstTimeSdv           : num  0.757 0.757 0.757 0.757 0.757 ...
 $ RaceHorse.LastTimeSdv            : num  1.32 1.32 1.32 1.32 1.32 ...
 $ RaceHorse.IsHitA                 : num  1 1 1 1 1 1 1 1 1 1 ...
 $ RaceHorse.IsHitB                 : num  1 1 1 1 1 1 1 1 1 1 ...
 $ RaceHorse.IsHitC                 : num  1 1 1 1 1 1 1 1 1 1 ...
 $ PrevRaceHorse.RaceId             : Factor w/ 2153 levels "20150131-05-01-01-12",..: 1 2 3 4 5 6 7 8 9 10 ...
 $ PrevRaceHorse.KettoNum           : Factor w/ 5420 levels "2010105670","2011103400",..: 1 2 3 1 4 4 5 1 6 7 ...
 $ PrevRaceHorse.FinishTimeSdvByRace: num  -1.274 0.581 0.811 0.34 -1.164 ...
 $ PrevRaceHorse.FirstTimeSdvByRace : num  -0.559 0.524 0.282 0.967 1.594 ...
 $ PrevRaceHorse.LastTimeSdvByRace  : num  -0.861 0.382 0.446 -0.121 -1.676 ...
 $ PrevRaceHorse.FinishTimeSdv      : num  0.251 0.891 0.658 0.365 0.218 ...
 $ PrevRaceHorse.FirstTimeSdv       : num  0.221 1.341 -0.174 1.617 2.039 ...
 $ PrevRaceHorse.LastTimeSdv        : num  0.163 0.155 0.992 -0.731 -1.263 ...
 $ PrevRaceHorse.IsRun              : num  1 1 1 1 1 1 1 1 1 1 ...
 $ PrevRaceHorse.IsHit1             : num  0 0 0 0 0 0 0 0 1 0 ...
 $ PrevRaceHorse.IsHit2             : num  0 0 0 0 0 0 0 0 0 0 ...
 $ PrevRaceHorse.IsHit3             : num  0 0 0 0 0 0 0 0 0 0 ...
 $ PrevRaceHorse.IsHit4             : num  0 0 1 0 0 0 0 0 0 1 ...
 $ PrevRaceHorse.IsHit5             : num  0 0 0 0 0 0 0 0 0 0 ...
 $ PrevRaceHorse.RowNum             : num  11 12 13 14 15 16 17 18 19 20 ...
 $ PrevOdds.RealOddsLog1            : num  3.25 5.11 2.97 5.22 4.85 ...
 $ EOF                              : int  1 1 1 1 1 1 1 1 1 1 ...
NULL
[1] "2022-03-09 08:50:38 --- transform Finish ---"
[1] "2022-03-09 08:50:38 --- na.omit Start ---"
[1] "--------------------------------------------------------------------------------"
[1] "nrow(data) na.omit before=2172914"
[1] "nrow(data) na.omit after =2152806"
[1] "nrow(data) na.omit diff =20108"
[1] "--------------------------------------------------------------------------------"
'data.frame':	2152806 obs. of  45 variables:
 $ Race.RaceId                      : Factor w/ 1011 levels "20160105-06-01-01-08",..: 1 1 1 1 1 1 1 1 1 1 ...
 $ Race.IsAnalyzeNormalPastAndFuture: logi  TRUE TRUE TRUE TRUE TRUE TRUE ...
 $ Race.IsAnalyzeNormalPast         : logi  TRUE TRUE TRUE TRUE TRUE TRUE ...
 $ Race.IsAnalyzeNormalFuture       : logi  FALSE FALSE FALSE FALSE FALSE FALSE ...
 $ Race.IsAnalyzeFullPastAndFuture  : logi  TRUE TRUE TRUE TRUE TRUE TRUE ...
 $ Race.IsAnalyzeFullPast           : logi  TRUE TRUE TRUE TRUE TRUE TRUE ...
 $ Race.IsAnalyzeFullFuture         : logi  FALSE FALSE FALSE FALSE FALSE FALSE ...
 $ Race.JyokenCd                    : Factor w/ 1 level "3": 1 1 1 1 1 1 1 1 1 1 ...
 $ Race.JyoType1Cd                  : Factor w/ 105 levels "24-06-1200-1",..: 1 1 1 1 1 1 1 1 1 1 ...
 $ Race.RaceType1Cd                 : Factor w/ 2 levels "2-3-14","2-3-13": 1 1 1 1 1 1 1 1 1 1 ...
 $ RaceHorse.RaceId                 : Factor w/ 1011 levels "20160105-06-01-01-08",..: 1 1 1 1 1 1 1 1 1 1 ...
 $ RaceHorse.KettoNum               : Factor w/ 3134 levels "2012101489","2011106481",..: 1 1 1 1 1 1 1 1 1 1 ...
 $ RaceHorse.IsHit1                 : num  1 1 1 1 1 1 1 1 1 1 ...
 $ RaceHorse.IsHit2                 : num  0 0 0 0 0 0 0 0 0 0 ...
 $ RaceHorse.IsHit3                 : num  0 0 0 0 0 0 0 0 0 0 ...
 $ RaceHorse.IsHit4                 : num  0 0 0 0 0 0 0 0 0 0 ...
 $ RaceHorse.IsHit5                 : num  0 0 0 0 0 0 0 0 0 0 ...
 $ RaceHorse.IsHit6                 : num  0 0 0 0 0 0 0 0 0 0 ...
 $ RaceHorse.IsValidRaceHorse       : logi  TRUE TRUE TRUE TRUE TRUE TRUE ...
 $ RaceHorse.FinishTimeSdvByRace    : num  1.93 1.93 1.93 1.93 1.93 ...
 $ RaceHorse.FirstTimeSdvByRace     : num  1.47 1.47 1.47 1.47 1.47 ...
 $ RaceHorse.LastTimeSdvByRace      : num  1.3 1.3 1.3 1.3 1.3 ...
 $ RaceHorse.FinishTimeSdv          : num  1.47 1.47 1.47 1.47 1.47 ...
 $ RaceHorse.FirstTimeSdv           : num  0.757 0.757 0.757 0.757 0.757 ...
 $ RaceHorse.LastTimeSdv            : num  1.32 1.32 1.32 1.32 1.32 ...
 $ RaceHorse.IsHitA                 : num  1 1 1 1 1 1 1 1 1 1 ...
 $ RaceHorse.IsHitB                 : num  1 1 1 1 1 1 1 1 1 1 ...
 $ RaceHorse.IsHitC                 : num  1 1 1 1 1 1 1 1 1 1 ...
 $ PrevRaceHorse.RaceId             : Factor w/ 2153 levels "20150131-05-01-01-12",..: 1 2 3 4 5 6 7 8 9 10 ...
 $ PrevRaceHorse.KettoNum           : Factor w/ 5420 levels "2010105670","2011103400",..: 1 2 3 1 4 4 5 1 6 7 ...
 $ PrevRaceHorse.FinishTimeSdvByRace: num  -1.274 0.581 0.811 0.34 -1.164 ...
 $ PrevRaceHorse.FirstTimeSdvByRace : num  -0.559 0.524 0.282 0.967 1.594 ...
 $ PrevRaceHorse.LastTimeSdvByRace  : num  -0.861 0.382 0.446 -0.121 -1.676 ...
 $ PrevRaceHorse.FinishTimeSdv      : num  0.251 0.891 0.658 0.365 0.218 ...
 $ PrevRaceHorse.FirstTimeSdv       : num  0.221 1.341 -0.174 1.617 2.039 ...
 $ PrevRaceHorse.LastTimeSdv        : num  0.163 0.155 0.992 -0.731 -1.263 ...
 $ PrevRaceHorse.IsRun              : num  1 1 1 1 1 1 1 1 1 1 ...
 $ PrevRaceHorse.IsHit1             : num  0 0 0 0 0 0 0 0 1 0 ...
 $ PrevRaceHorse.IsHit2             : num  0 0 0 0 0 0 0 0 0 0 ...
 $ PrevRaceHorse.IsHit3             : num  0 0 0 0 0 0 0 0 0 0 ...
 $ PrevRaceHorse.IsHit4             : num  0 0 1 0 0 0 0 0 0 1 ...
 $ PrevRaceHorse.IsHit5             : num  0 0 0 0 0 0 0 0 0 0 ...
 $ PrevRaceHorse.RowNum             : num  11 12 13 14 15 16 17 18 19 20 ...
 $ PrevOdds.RealOddsLog1            : num  3.25 5.11 2.97 5.22 4.85 ...
 $ EOF                              : int  1 1 1 1 1 1 1 1 1 1 ...
 - attr(*, "na.action")= 'omit' Named int  254 255 256 257 258 259 260 261 262 263 ...
  ..- attr(*, "names")= chr  "254" "255" "256" "257" ...
[1] "2022-03-09 08:50:40 --- na.omit Finish ---"
[1] "2022-03-09 08:50:40 --- rxLogit with rxStepControl Start ---"

> print(paste0(Sys.time(), " --- source_logic_glm.R Start ---"))
[1] "2022-03-09 08:50:40 --- source_logic_glm.R Start ---"

> formula <- formula(RaceHorse.IsHitA ~ +1 + PrevRaceHorse.FinishTimeSdvByRace)

> print(paste0(Sys.time(), " --- source_logic_glm.R Finished ---"))
[1] "2022-03-09 08:50:40 --- source_logic_glm.R Finished ---"
Rows Read: 2152806, Total Rows Processed: 2152806, Total Chunk Time: 0.027 seconds 

Starting values (iteration 1) time: 0.037 secs.
Rows Read: 2152806, Total Rows Processed: 2152806, Total Chunk Time: 0.068 seconds 

Iteration 2 time: 0.075 secs.
Rows Read: 2152806, Total Rows Processed: 2152806, Total Chunk Time: 0.070 seconds 

Iteration 3 time: 0.076 secs.

Elapsed computation time: 0.189 secs.
Rows Read: 2152806, Total Rows Processed: 2152806, Total Chunk Time: 0.019 seconds 

Starting values (iteration 1) time: 0.025 secs.
Rows Read: 2152806, Total Rows Processed: 2152806, Total Chunk Time: 0.052 seconds 

Iteration 2 time: 0.059 secs.

Elapsed computation time: 0.087 secs.
Rows Read: 2152806, Total Rows Processed: 2152806, Total Chunk Time: 0.030 seconds 

Starting values (iteration 1) time: 0.037 secs.
Rows Read: 2152806, Total Rows Processed: 2152806, Total Chunk Time: 0.069 seconds 

Iteration 2 time: 0.076 secs.
Rows Read: 2152806, Total Rows Processed: 2152806, Total Chunk Time: 0.069 seconds 

Iteration 3 time: 0.074 secs.

Elapsed computation time: 0.190 secs.

Elapsed computation time: 0.477 secs.
[1] "--------------------------------------------------------------------------------"
[1] "analyze.results.glm.step="
Logistic Regression Results for: RaceHorse.IsHitA ~
    PrevRaceHorse.FinishTimeSdvByRace
Data: data
Dependent variable(s): RaceHorse.IsHitA
Total independent variables: 2 
Number of valid observations: 2152806
Number of missing observations: 0 
 
Coefficients:
                                  RaceHorse.IsHitA
(Intercept)                                  -2.64
PrevRaceHorse.FinishTimeSdvByRace             0.03
[1] "analyze.results.glm.step.summary"
Call:
rxLogit(formula = formula, data = data, variableSelection = analyze.results.glm.step.varsel)

Logistic Regression Results for: RaceHorse.IsHitA ~
    PrevRaceHorse.FinishTimeSdvByRace
Data: data
Dependent variable(s): RaceHorse.IsHitA
Total independent variables: 2 
Number of valid observations: 2152806
Number of missing observations: 0 
-2*LogLikelihood: 1060875.389 (Residual deviance on 2152804 degrees of freedom)
 
Coefficients:
                                  Estimate Std. Error z value Pr(>|z|)    
(Intercept)                       -2.63563    0.00281 -939.08  2.2e-16 ***
PrevRaceHorse.FinishTimeSdvByRace  0.02701    0.00319    8.46  2.2e-16 ***
---
Signif. codes:  0 '***' 0.001 '**' 0.01 '*' 0.05 '.' 0.1 ' ' 1

Condition number of final variance-covariance matrix: 1 
Number of iterations: 3
[1] "--------------------------------------------------------------------------------"
[1] "2022-03-09 08:50:41 --- rxLogit with rxStepControl Finish ---"
[1] "2022-03-09 08:50:41 --- rxStepPlot Start ---"
[1] "pdfFilename=pdf_analyze_glm_Gen01_Type23_rxStepPlot.pdf"
[1] "rxStepPlot="
[1] "2022-03-09 08:50:41 --- rxStepPlot Finish ---"
[1] "2022-03-09 08:50:41 --- save.image Start ---"
[1] "save.image"
[1] "rdataFilename=RData_analyze_glm_Gen01_Type23.RData"
[1] "2022-03-09 08:50:49 --- save.image Finish ---"
[1] "2022-03-09 08:50:49 --- final Start ---"
[1] "--------------------------------------------------------------------------------"
[1] "nrow(data) final=2152806"
[1] "--------------------------------------------------------------------------------"
[1] "2022-03-09 08:50:49 --- final Finish ---"
[1] "2022-03-09 08:50:49 --- analyze_glm.R Finished ---"
[1] "2022-03-09 08:50:49 --- log Finish ---"
