[1] "2022-03-09 09:01:14 --- D1116_analyze_glm_Jockey_IsHitA_Type12 Start ---"
[1] "2022-03-09 09:01:14 --- Log Start ---"
[1] "2022-03-09 09:01:14 --- analyze_glm.R Start ---"
[1] "analyzeVersion=D1116"
[1] "analyzeCategory=analyze"
[1] "analyzeType=Jockey"
[1] "analyzeFamily=IsHitA"
[1] "analyzeFunc=glm"
[1] "analyzeTrackTypeCd=1"
[1] "analyzeJyokenCd=2"
[1] "2022-03-09 09:01:14 --- source_function.R Start ---"
[1] "2022-03-09 09:01:14 --- source_function.R Finished ---"

> print(paste0(Sys.time(), " --- source_library.R Start ---"))
[1] "2022-03-09 09:01:14 --- source_library.R Start ---"

> require("RevoScaleR")

> print(paste0(Sys.time(), " --- source_library.R Finished ---"))
[1] "2022-03-09 09:01:15 --- source_library.R Finished ---"
[1] "2022-03-09 09:01:15 --- RxSqlServerData Start ---"
[1] "2022-03-09 09:01:15 --- RxInSqlServer Start ---"
[1] "2022-03-09 09:01:15 --- RxInSqlServer Finish ---"
[1] "2022-03-09 09:01:15 --- rxSetComputeContext Start ---"
[1] "2022-03-09 09:01:15 --- rxSetComputeContext Finish ---"
[1] "2022-03-09 09:01:15 --- RxSqlServerData Start ---"
[1] "sqlQuery=SELECT * FROM ViewAnalyzeD1116analyze01JockeyType12"
[1] "2022-03-09 09:01:15 --- RxSqlServerData Finish ---"
[1] "2022-03-09 09:01:15 --- rxGetVarInfo Start ---"
[1] "2022-03-09 09:01:15 --- rxGetVarInfo Finish---"
[1] "2022-03-09 09:01:15 --- rxImport Start ---"
Rows Read: 484572, Total Rows Processed: 484572, Total Chunk Time: 23.690 seconds 
[1] "2022-03-09 09:01:57 --- rxImport Finish ---"
[1] "object.size(data) auto=137.3 Mb"
[1] "--------------------------------------------------------------------------------"
[1] "nrow(data) RxSqlServerData=484572"
[1] "--------------------------------------------------------------------------------"
[1] "str(data)="
'data.frame':	484572 obs. of  45 variables:
 $ Race.RaceId                      : Factor w/ 529 levels "20160109-06-01-02-10",..: 1 1 1 1 1 1 1 1 1 1 ...
 $ Race.IsAnalyzeNormalPastAndFuture: logi  TRUE TRUE TRUE TRUE TRUE TRUE ...
 $ Race.IsAnalyzeNormalPast         : logi  TRUE TRUE TRUE TRUE TRUE TRUE ...
 $ Race.IsAnalyzeNormalFuture       : logi  FALSE FALSE FALSE FALSE FALSE FALSE ...
 $ Race.IsAnalyzeFullPastAndFuture  : logi  TRUE TRUE TRUE TRUE TRUE TRUE ...
 $ Race.IsAnalyzeFullPast           : logi  TRUE TRUE TRUE TRUE TRUE TRUE ...
 $ Race.IsAnalyzeFullFuture         : logi  FALSE FALSE FALSE FALSE FALSE FALSE ...
 $ Race.JyokenCd                    : Factor w/ 1 level "2": 1 1 1 1 1 1 1 1 1 1 ...
 $ Race.JyoType1Cd                  : Factor w/ 112 levels "18-06-2200-1",..: 1 1 1 1 1 1 1 1 1 1 ...
 $ Race.RaceType1Cd                 : Factor w/ 2 levels "1-2-14","1-2-13": 1 1 1 1 1 1 1 1 1 1 ...
 $ RaceHorse.RaceId                 : Factor w/ 529 levels "20160109-06-01-02-10",..: 1 1 1 1 1 1 1 1 1 1 ...
 $ RaceHorse.KettoNum               : Factor w/ 1430 levels "2007100476","2008102799",..: 1 1 1 1 1 1 1 1 1 1 ...
 $ RaceHorse.IsHit1                 : num  0 0 0 0 0 0 0 0 0 0 ...
 $ RaceHorse.IsHit2                 : num  0 0 0 0 0 0 0 0 0 0 ...
 $ RaceHorse.IsHit3                 : num  0 0 0 0 0 0 0 0 0 0 ...
 $ RaceHorse.IsHit4                 : num  0 0 0 0 0 0 0 0 0 0 ...
 $ RaceHorse.IsHit5                 : num  0 0 0 0 0 0 0 0 0 0 ...
 $ RaceHorse.IsHit6                 : num  1 1 1 1 1 1 1 1 1 1 ...
 $ RaceHorse.IsValidRaceHorse       : logi  TRUE TRUE TRUE TRUE TRUE TRUE ...
 $ RaceHorse.FinishTimeSdvByRace    : num  0.0431 0.0431 0.0431 0.0431 0.0431 ...
 $ RaceHorse.FirstTimeSdvByRace     : num  -0.212 -0.212 -0.212 -0.212 -0.212 ...
 $ RaceHorse.LastTimeSdvByRace      : num  0.195 0.195 0.195 0.195 0.195 ...
 $ RaceHorse.FinishTimeSdv          : num  0.244 0.244 0.244 0.244 0.244 ...
 $ RaceHorse.FirstTimeSdv           : num  -0.495 -0.495 -0.495 -0.495 -0.495 ...
 $ RaceHorse.LastTimeSdv            : num  1.05 1.05 1.05 1.05 1.05 ...
 $ RaceHorse.IsHitA                 : num  0 0 0 0 0 0 0 0 0 0 ...
 $ RaceHorse.IsHitB                 : num  0 0 0 0 0 0 0 0 0 0 ...
 $ RaceHorse.IsHitC                 : num  0 0 0 0 0 0 0 0 0 0 ...
 $ PrevRaceHorse.RaceId             : Factor w/ 1139 levels "20150524-05-02-10-10",..: 1 2 3 4 5 6 7 8 9 10 ...
 $ PrevRaceHorse.KettoNum           : Factor w/ 2672 levels "2010102663","2009105745",..: 1 2 3 4 2 5 6 2 7 8 ...
 $ PrevRaceHorse.FinishTimeSdvByRace: num  0.601 0.265 0.868 0.702 -0.247 ...
 $ PrevRaceHorse.FirstTimeSdvByRace : num  1.0554 -1.7162 1.6351 -1.8836 0.0799 ...
 $ PrevRaceHorse.LastTimeSdvByRace  : num  -0.398 1.203 0.233 1.695 -0.248 ...
 $ PrevRaceHorse.FinishTimeSdv      : num  1.373 0.943 0.797 0.934 0.655 ...
 $ PrevRaceHorse.FirstTimeSdv       : num  0.911 0.569 1.338 0.335 -0.338 ...
 $ PrevRaceHorse.LastTimeSdv        : num  1.037 0.749 -0.696 1.13 1.613 ...
 $ PrevRaceHorse.IsRun              : num  1 1 1 1 1 1 1 1 1 1 ...
 $ PrevRaceHorse.IsHit1             : num  0 0 0 0 0 0 0 0 1 0 ...
 $ PrevRaceHorse.IsHit2             : num  0 0 0 0 0 0 0 1 0 0 ...
 $ PrevRaceHorse.IsHit3             : num  0 0 0 0 0 0 1 0 0 0 ...
 $ PrevRaceHorse.IsHit4             : num  0 0 1 1 0 0 0 0 0 0 ...
 $ PrevRaceHorse.IsHit5             : num  0 0 0 0 0 0 0 0 0 0 ...
 $ PrevRaceHorse.RowNum             : num  1 2 3 4 5 6 7 8 9 10 ...
 $ PrevOdds.RealOddsLog1            : num  3.52 3.3 2.74 3.37 2.09 ...
 $ EOF                              : int  1 1 1 1 1 1 1 1 1 1 ...
[1] "2022-03-09 09:01:58 --- RxSqlServerData Finish ---"
[1] "2022-03-09 09:01:58 --- subset Start ---"
[1] "--------------------------------------------------------------------------------"
[1] "nrow(data) subset before=484572"
[1] "nrow(data) subset after =484572"
[1] "nrow(data) subset diff =0"
[1] "--------------------------------------------------------------------------------"
[1] "2022-03-09 09:01:58 --- subset Finish---"
[1] "2022-03-09 09:01:58 --- transform Start ---"
[1] "--------------------------------------------------------------------------------"
[1] "nrow(data) transform before=484572"
[1] "nrow(data) transform after=484572"
[1] "nrow(data) transform diff=0"
[1] "--------------------------------------------------------------------------------"
[1] "str(data)="
'data.frame':	484572 obs. of  45 variables:
 $ Race.RaceId                      : Factor w/ 529 levels "20160109-06-01-02-10",..: 1 1 1 1 1 1 1 1 1 1 ...
 $ Race.IsAnalyzeNormalPastAndFuture: logi  TRUE TRUE TRUE TRUE TRUE TRUE ...
 $ Race.IsAnalyzeNormalPast         : logi  TRUE TRUE TRUE TRUE TRUE TRUE ...
 $ Race.IsAnalyzeNormalFuture       : logi  FALSE FALSE FALSE FALSE FALSE FALSE ...
 $ Race.IsAnalyzeFullPastAndFuture  : logi  TRUE TRUE TRUE TRUE TRUE TRUE ...
 $ Race.IsAnalyzeFullPast           : logi  TRUE TRUE TRUE TRUE TRUE TRUE ...
 $ Race.IsAnalyzeFullFuture         : logi  FALSE FALSE FALSE FALSE FALSE FALSE ...
 $ Race.JyokenCd                    : Factor w/ 1 level "2": 1 1 1 1 1 1 1 1 1 1 ...
 $ Race.JyoType1Cd                  : Factor w/ 112 levels "18-06-2200-1",..: 1 1 1 1 1 1 1 1 1 1 ...
 $ Race.RaceType1Cd                 : Factor w/ 2 levels "1-2-14","1-2-13": 1 1 1 1 1 1 1 1 1 1 ...
 $ RaceHorse.RaceId                 : Factor w/ 529 levels "20160109-06-01-02-10",..: 1 1 1 1 1 1 1 1 1 1 ...
 $ RaceHorse.KettoNum               : Factor w/ 1430 levels "2007100476","2008102799",..: 1 1 1 1 1 1 1 1 1 1 ...
 $ RaceHorse.IsHit1                 : num  0 0 0 0 0 0 0 0 0 0 ...
 $ RaceHorse.IsHit2                 : num  0 0 0 0 0 0 0 0 0 0 ...
 $ RaceHorse.IsHit3                 : num  0 0 0 0 0 0 0 0 0 0 ...
 $ RaceHorse.IsHit4                 : num  0 0 0 0 0 0 0 0 0 0 ...
 $ RaceHorse.IsHit5                 : num  0 0 0 0 0 0 0 0 0 0 ...
 $ RaceHorse.IsHit6                 : num  1 1 1 1 1 1 1 1 1 1 ...
 $ RaceHorse.IsValidRaceHorse       : logi  TRUE TRUE TRUE TRUE TRUE TRUE ...
 $ RaceHorse.FinishTimeSdvByRace    : num  0.0431 0.0431 0.0431 0.0431 0.0431 ...
 $ RaceHorse.FirstTimeSdvByRace     : num  -0.212 -0.212 -0.212 -0.212 -0.212 ...
 $ RaceHorse.LastTimeSdvByRace      : num  0.195 0.195 0.195 0.195 0.195 ...
 $ RaceHorse.FinishTimeSdv          : num  0.244 0.244 0.244 0.244 0.244 ...
 $ RaceHorse.FirstTimeSdv           : num  -0.495 -0.495 -0.495 -0.495 -0.495 ...
 $ RaceHorse.LastTimeSdv            : num  1.05 1.05 1.05 1.05 1.05 ...
 $ RaceHorse.IsHitA                 : num  0 0 0 0 0 0 0 0 0 0 ...
 $ RaceHorse.IsHitB                 : num  0 0 0 0 0 0 0 0 0 0 ...
 $ RaceHorse.IsHitC                 : num  0 0 0 0 0 0 0 0 0 0 ...
 $ PrevRaceHorse.RaceId             : Factor w/ 1139 levels "20150524-05-02-10-10",..: 1 2 3 4 5 6 7 8 9 10 ...
 $ PrevRaceHorse.KettoNum           : Factor w/ 2672 levels "2010102663","2009105745",..: 1 2 3 4 2 5 6 2 7 8 ...
 $ PrevRaceHorse.FinishTimeSdvByRace: num  0.601 0.265 0.868 0.702 -0.247 ...
 $ PrevRaceHorse.FirstTimeSdvByRace : num  1.0554 -1.7162 1.6351 -1.8836 0.0799 ...
 $ PrevRaceHorse.LastTimeSdvByRace  : num  -0.398 1.203 0.233 1.695 -0.248 ...
 $ PrevRaceHorse.FinishTimeSdv      : num  1.373 0.943 0.797 0.934 0.655 ...
 $ PrevRaceHorse.FirstTimeSdv       : num  0.911 0.569 1.338 0.335 -0.338 ...
 $ PrevRaceHorse.LastTimeSdv        : num  1.037 0.749 -0.696 1.13 1.613 ...
 $ PrevRaceHorse.IsRun              : num  1 1 1 1 1 1 1 1 1 1 ...
 $ PrevRaceHorse.IsHit1             : num  0 0 0 0 0 0 0 0 1 0 ...
 $ PrevRaceHorse.IsHit2             : num  0 0 0 0 0 0 0 1 0 0 ...
 $ PrevRaceHorse.IsHit3             : num  0 0 0 0 0 0 1 0 0 0 ...
 $ PrevRaceHorse.IsHit4             : num  0 0 1 1 0 0 0 0 0 0 ...
 $ PrevRaceHorse.IsHit5             : num  0 0 0 0 0 0 0 0 0 0 ...
 $ PrevRaceHorse.RowNum             : num  1 2 3 4 5 6 7 8 9 10 ...
 $ PrevOdds.RealOddsLog1            : num  3.52 3.3 2.74 3.37 2.09 ...
 $ EOF                              : int  1 1 1 1 1 1 1 1 1 1 ...
NULL
[1] "2022-03-09 09:01:58 --- transform Finish ---"
[1] "2022-03-09 09:01:58 --- na.omit Start ---"
[1] "--------------------------------------------------------------------------------"
[1] "nrow(data) na.omit before=484572"
[1] "nrow(data) na.omit after =480574"
[1] "nrow(data) na.omit diff =3998"
[1] "--------------------------------------------------------------------------------"
'data.frame':	480574 obs. of  45 variables:
 $ Race.RaceId                      : Factor w/ 529 levels "20160109-06-01-02-10",..: 1 1 1 1 1 1 1 1 1 1 ...
 $ Race.IsAnalyzeNormalPastAndFuture: logi  TRUE TRUE TRUE TRUE TRUE TRUE ...
 $ Race.IsAnalyzeNormalPast         : logi  TRUE TRUE TRUE TRUE TRUE TRUE ...
 $ Race.IsAnalyzeNormalFuture       : logi  FALSE FALSE FALSE FALSE FALSE FALSE ...
 $ Race.IsAnalyzeFullPastAndFuture  : logi  TRUE TRUE TRUE TRUE TRUE TRUE ...
 $ Race.IsAnalyzeFullPast           : logi  TRUE TRUE TRUE TRUE TRUE TRUE ...
 $ Race.IsAnalyzeFullFuture         : logi  FALSE FALSE FALSE FALSE FALSE FALSE ...
 $ Race.JyokenCd                    : Factor w/ 1 level "2": 1 1 1 1 1 1 1 1 1 1 ...
 $ Race.JyoType1Cd                  : Factor w/ 112 levels "18-06-2200-1",..: 1 1 1 1 1 1 1 1 1 1 ...
 $ Race.RaceType1Cd                 : Factor w/ 2 levels "1-2-14","1-2-13": 1 1 1 1 1 1 1 1 1 1 ...
 $ RaceHorse.RaceId                 : Factor w/ 529 levels "20160109-06-01-02-10",..: 1 1 1 1 1 1 1 1 1 1 ...
 $ RaceHorse.KettoNum               : Factor w/ 1430 levels "2007100476","2008102799",..: 1 1 1 1 1 1 1 1 1 1 ...
 $ RaceHorse.IsHit1                 : num  0 0 0 0 0 0 0 0 0 0 ...
 $ RaceHorse.IsHit2                 : num  0 0 0 0 0 0 0 0 0 0 ...
 $ RaceHorse.IsHit3                 : num  0 0 0 0 0 0 0 0 0 0 ...
 $ RaceHorse.IsHit4                 : num  0 0 0 0 0 0 0 0 0 0 ...
 $ RaceHorse.IsHit5                 : num  0 0 0 0 0 0 0 0 0 0 ...
 $ RaceHorse.IsHit6                 : num  1 1 1 1 1 1 1 1 1 1 ...
 $ RaceHorse.IsValidRaceHorse       : logi  TRUE TRUE TRUE TRUE TRUE TRUE ...
 $ RaceHorse.FinishTimeSdvByRace    : num  0.0431 0.0431 0.0431 0.0431 0.0431 ...
 $ RaceHorse.FirstTimeSdvByRace     : num  -0.212 -0.212 -0.212 -0.212 -0.212 ...
 $ RaceHorse.LastTimeSdvByRace      : num  0.195 0.195 0.195 0.195 0.195 ...
 $ RaceHorse.FinishTimeSdv          : num  0.244 0.244 0.244 0.244 0.244 ...
 $ RaceHorse.FirstTimeSdv           : num  -0.495 -0.495 -0.495 -0.495 -0.495 ...
 $ RaceHorse.LastTimeSdv            : num  1.05 1.05 1.05 1.05 1.05 ...
 $ RaceHorse.IsHitA                 : num  0 0 0 0 0 0 0 0 0 0 ...
 $ RaceHorse.IsHitB                 : num  0 0 0 0 0 0 0 0 0 0 ...
 $ RaceHorse.IsHitC                 : num  0 0 0 0 0 0 0 0 0 0 ...
 $ PrevRaceHorse.RaceId             : Factor w/ 1139 levels "20150524-05-02-10-10",..: 1 2 3 4 5 6 7 8 9 10 ...
 $ PrevRaceHorse.KettoNum           : Factor w/ 2672 levels "2010102663","2009105745",..: 1 2 3 4 2 5 6 2 7 8 ...
 $ PrevRaceHorse.FinishTimeSdvByRace: num  0.601 0.265 0.868 0.702 -0.247 ...
 $ PrevRaceHorse.FirstTimeSdvByRace : num  1.0554 -1.7162 1.6351 -1.8836 0.0799 ...
 $ PrevRaceHorse.LastTimeSdvByRace  : num  -0.398 1.203 0.233 1.695 -0.248 ...
 $ PrevRaceHorse.FinishTimeSdv      : num  1.373 0.943 0.797 0.934 0.655 ...
 $ PrevRaceHorse.FirstTimeSdv       : num  0.911 0.569 1.338 0.335 -0.338 ...
 $ PrevRaceHorse.LastTimeSdv        : num  1.037 0.749 -0.696 1.13 1.613 ...
 $ PrevRaceHorse.IsRun              : num  1 1 1 1 1 1 1 1 1 1 ...
 $ PrevRaceHorse.IsHit1             : num  0 0 0 0 0 0 0 0 1 0 ...
 $ PrevRaceHorse.IsHit2             : num  0 0 0 0 0 0 0 1 0 0 ...
 $ PrevRaceHorse.IsHit3             : num  0 0 0 0 0 0 1 0 0 0 ...
 $ PrevRaceHorse.IsHit4             : num  0 0 1 1 0 0 0 0 0 0 ...
 $ PrevRaceHorse.IsHit5             : num  0 0 0 0 0 0 0 0 0 0 ...
 $ PrevRaceHorse.RowNum             : num  1 2 3 4 5 6 7 8 9 10 ...
 $ PrevOdds.RealOddsLog1            : num  3.52 3.3 2.74 3.37 2.09 ...
 $ EOF                              : int  1 1 1 1 1 1 1 1 1 1 ...
 - attr(*, "na.action")= 'omit' Named int  7181 7182 7183 7184 7185 7186 7187 7188 7189 7190 ...
  ..- attr(*, "names")= chr  "7181" "7182" "7183" "7184" ...
[1] "2022-03-09 09:01:59 --- na.omit Finish ---"
[1] "2022-03-09 09:01:59 --- rxLogit with rxStepControl Start ---"

> print(paste0(Sys.time(), " --- source_logic_glm.R Start ---"))
[1] "2022-03-09 09:01:59 --- source_logic_glm.R Start ---"

> formula <- formula(RaceHorse.IsHitA ~ +1 + PrevRaceHorse.FinishTimeSdvByRace)

> print(paste0(Sys.time(), " --- source_logic_glm.R Finished ---"))
[1] "2022-03-09 09:01:59 --- source_logic_glm.R Finished ---"
Rows Read: 480574, Total Rows Processed: 480574, Total Chunk Time: 0.008 seconds 

Starting values (iteration 1) time: 0.015 secs.
Rows Read: 480574, Total Rows Processed: 480574, Total Chunk Time: 0.017 seconds 

Iteration 2 time: 0.022 secs.
Rows Read: 480574, Total Rows Processed: 480574, Total Chunk Time: 0.017 seconds 

Iteration 3 time: 0.020 secs.
Rows Read: 480574, Total Rows Processed: 480574, Total Chunk Time: 0.016 seconds 

Iteration 4 time: 0.019 secs.

Elapsed computation time: 0.085 secs.
Rows Read: 480574, Total Rows Processed: 480574, Total Chunk Time: 0.004 seconds 

Starting values (iteration 1) time: 0.009 secs.
Rows Read: 480574, Total Rows Processed: 480574, Total Chunk Time: 0.013 seconds 

Iteration 2 time: 0.018 secs.

Elapsed computation time: 0.033 secs.
Rows Read: 480574, Total Rows Processed: 480574, Total Chunk Time: 0.007 seconds 

Starting values (iteration 1) time: 0.011 secs.
Rows Read: 480574, Total Rows Processed: 480574, Total Chunk Time: 0.017 seconds 

Iteration 2 time: 0.021 secs.
Rows Read: 480574, Total Rows Processed: 480574, Total Chunk Time: 0.015 seconds 

Iteration 3 time: 0.019 secs.
Rows Read: 480574, Total Rows Processed: 480574, Total Chunk Time: 0.016 seconds 

Iteration 4 time: 0.018 secs.

Elapsed computation time: 0.079 secs.

Elapsed computation time: 0.211 secs.
[1] "--------------------------------------------------------------------------------"
[1] "analyze.results.glm.step="
Logistic Regression Results for: RaceHorse.IsHitA ~
    PrevRaceHorse.FinishTimeSdvByRace
Data: data
Dependent variable(s): RaceHorse.IsHitA
Total independent variables: 2 
Number of valid observations: 480574
Number of missing observations: 0 
 
Coefficients:
                                  RaceHorse.IsHitA
(Intercept)                                   -2.4
PrevRaceHorse.FinishTimeSdvByRace              0.1
[1] "analyze.results.glm.step.summary"
Call:
rxLogit(formula = formula, data = data, variableSelection = analyze.results.glm.step.varsel)

Logistic Regression Results for: RaceHorse.IsHitA ~
    PrevRaceHorse.FinishTimeSdvByRace
Data: data
Dependent variable(s): RaceHorse.IsHitA
Total independent variables: 2 
Number of valid observations: 480574
Number of missing observations: 0 
-2*LogLikelihood: 288328.94 (Residual deviance on 480572 degrees of freedom)
 
Coefficients:
                                  Estimate Std. Error z value Pr(>|z|)    
(Intercept)                       -2.35016    0.00531  -442.4  2.2e-16 ***
PrevRaceHorse.FinishTimeSdvByRace  0.10664    0.00606    17.6  2.2e-16 ***
---
Signif. codes:  0 '***' 0.001 '**' 0.01 '*' 0.05 '.' 0.1 ' ' 1

Condition number of final variance-covariance matrix: 1 
Number of iterations: 4
[1] "--------------------------------------------------------------------------------"
[1] "2022-03-09 09:01:59 --- rxLogit with rxStepControl Finish ---"
[1] "2022-03-09 09:01:59 --- rxStepPlot Start ---"
[1] "pdfFilename=pdf_analyze_glm_Jockey_Type12_rxStepPlot.pdf"
[1] "rxStepPlot="
[1] "2022-03-09 09:01:59 --- rxStepPlot Finish ---"
[1] "2022-03-09 09:01:59 --- save.image Start ---"
[1] "save.image"
[1] "rdataFilename=RData_analyze_glm_Jockey_Type12.RData"
[1] "2022-03-09 09:02:01 --- save.image Finish ---"
[1] "2022-03-09 09:02:01 --- final Start ---"
[1] "--------------------------------------------------------------------------------"
[1] "nrow(data) final=480574"
[1] "--------------------------------------------------------------------------------"
[1] "2022-03-09 09:02:01 --- final Finish ---"
[1] "2022-03-09 09:02:01 --- analyze_glm.R Finished ---"
[1] "2022-03-09 09:02:01 --- log Finish ---"
