[1] "2022-03-09 09:00:36 --- D1116_analyze_glm_Horse_IsHitA_Type25 Start ---"
[1] "2022-03-09 09:00:36 --- Log Start ---"
[1] "2022-03-09 09:00:36 --- analyze_glm.R Start ---"
[1] "analyzeVersion=D1116"
[1] "analyzeCategory=analyze"
[1] "analyzeType=Horse"
[1] "analyzeFamily=IsHitA"
[1] "analyzeFunc=glm"
[1] "analyzeTrackTypeCd=2"
[1] "analyzeJyokenCd=5"
[1] "2022-03-09 09:00:36 --- source_function.R Start ---"
[1] "2022-03-09 09:00:36 --- source_function.R Finished ---"

> print(paste0(Sys.time(), " --- source_library.R Start ---"))
[1] "2022-03-09 09:00:36 --- source_library.R Start ---"

> require("RevoScaleR")

> print(paste0(Sys.time(), " --- source_library.R Finished ---"))
[1] "2022-03-09 09:00:37 --- source_library.R Finished ---"
[1] "2022-03-09 09:00:37 --- RxSqlServerData Start ---"
[1] "2022-03-09 09:00:37 --- RxInSqlServer Start ---"
[1] "2022-03-09 09:00:37 --- RxInSqlServer Finish ---"
[1] "2022-03-09 09:00:37 --- rxSetComputeContext Start ---"
[1] "2022-03-09 09:00:37 --- rxSetComputeContext Finish ---"
[1] "2022-03-09 09:00:37 --- RxSqlServerData Start ---"
[1] "sqlQuery=SELECT * FROM ViewAnalyzeD1116analyze01HorseType25"
[1] "2022-03-09 09:00:37 --- RxSqlServerData Finish ---"
[1] "2022-03-09 09:00:37 --- rxGetVarInfo Start ---"
[1] "2022-03-09 09:00:37 --- rxGetVarInfo Finish---"
[1] "2022-03-09 09:00:37 --- rxImport Start ---"
Rows Read: 63159, Total Rows Processed: 63159, Total Chunk Time: 4.303 seconds 
[1] "2022-03-09 09:00:45 --- rxImport Finish ---"
[1] "object.size(data) auto=20 Mb"
[1] "--------------------------------------------------------------------------------"
[1] "nrow(data) RxSqlServerData=63159"
[1] "--------------------------------------------------------------------------------"
[1] "str(data)="
'data.frame':	63159 obs. of  45 variables:
 $ Race.RaceId                      : Factor w/ 3095 levels "20160116-06-01-05-01",..: 1 2 3 4 5 5 5 5 6 6 ...
 $ Race.IsAnalyzeNormalPastAndFuture: logi  TRUE TRUE TRUE TRUE TRUE TRUE ...
 $ Race.IsAnalyzeNormalPast         : logi  TRUE TRUE TRUE TRUE TRUE TRUE ...
 $ Race.IsAnalyzeNormalFuture       : logi  FALSE FALSE FALSE FALSE FALSE FALSE ...
 $ Race.IsAnalyzeFullPastAndFuture  : logi  TRUE TRUE TRUE TRUE TRUE TRUE ...
 $ Race.IsAnalyzeFullPast           : logi  TRUE TRUE TRUE TRUE TRUE TRUE ...
 $ Race.IsAnalyzeFullFuture         : logi  FALSE FALSE FALSE FALSE FALSE FALSE ...
 $ Race.JyokenCd                    : Factor w/ 1 level "5": 1 1 1 1 1 1 1 1 1 1 ...
 $ Race.JyoType1Cd                  : Factor w/ 116 levels "24-06-1200-1",..: 1 2 3 4 5 5 5 5 6 6 ...
 $ Race.RaceType1Cd                 : Factor w/ 2 levels "2-5-12","2-5-11": 1 1 1 1 1 1 1 1 1 1 ...
 $ RaceHorse.RaceId                 : Factor w/ 3095 levels "20160116-06-01-05-01",..: 1 2 3 4 5 5 5 5 6 6 ...
 $ RaceHorse.KettoNum               : Factor w/ 9705 levels "2013103416","2013101939",..: 1 2 3 4 5 6 7 8 9 10 ...
 $ RaceHorse.IsHit1                 : num  0 0 0 0 0 0 0 1 0 0 ...
 $ RaceHorse.IsHit2                 : num  0 1 0 0 0 1 0 0 0 0 ...
 $ RaceHorse.IsHit3                 : num  0 0 0 0 0 0 0 0 0 0 ...
 $ RaceHorse.IsHit4                 : num  0 0 0 0 0 0 1 0 0 0 ...
 $ RaceHorse.IsHit5                 : num  0 0 0 0 0 0 0 0 0 0 ...
 $ RaceHorse.IsHit6                 : num  1 0 1 1 1 0 0 0 1 1 ...
 $ RaceHorse.IsValidRaceHorse       : logi  TRUE TRUE FALSE TRUE TRUE TRUE ...
 $ RaceHorse.FinishTimeSdvByRace    : num  0.254 1.409 0.322 -0.678 -0.232 ...
 $ RaceHorse.FirstTimeSdvByRace     : num  0.588 1.067 -0.171 -1.4 1.111 ...
 $ RaceHorse.LastTimeSdvByRace      : num  -0.153 0.907 0.42 -0.217 -1.449 ...
 $ RaceHorse.FinishTimeSdv          : num  -0.5019 0.0577 -1.1309 -0.9956 -0.3427 ...
 $ RaceHorse.FirstTimeSdv           : num  0.17 -0.0814 -2.1705 -0.7924 0.6445 ...
 $ RaceHorse.LastTimeSdv            : num  -0.776 0.149 0.365 -0.697 -0.918 ...
 $ RaceHorse.IsHitA                 : num  0 0 0 0 0 0 0 1 0 0 ...
 $ RaceHorse.IsHitB                 : num  0 1 0 0 0 1 0 1 0 0 ...
 $ RaceHorse.IsHitC                 : num  0 1 0 0 0 1 0 1 0 0 ...
 $ PrevRaceHorse.RaceId             : Factor w/ 3059 levels "20160105-06-01-01-01",..: 1 2 3 3 4 5 1 6 7 8 ...
 $ PrevRaceHorse.KettoNum           : Factor w/ 9705 levels "2013103416","2013101939",..: 1 2 3 4 5 6 7 8 9 10 ...
 $ PrevRaceHorse.FinishTimeSdvByRace: num  1.187 1.261 0.414 -0.292 0.741 ...
 $ PrevRaceHorse.FirstTimeSdvByRace : num  1.177 0.863 -0.23 -0.886 -1.065 ...
 $ PrevRaceHorse.LastTimeSdvByRace  : num  0.484 0.999 0.642 0.112 1.325 ...
 $ PrevRaceHorse.FinishTimeSdv      : num  0.196 0.345 -0.337 -0.748 -0.386 ...
 $ PrevRaceHorse.FirstTimeSdv       : num  0.8544 0.0389 -0.2735 -0.533 -0.9054 ...
 $ PrevRaceHorse.LastTimeSdv        : num  -0.402 0.453 -0.231 -0.58 0.197 ...
 $ PrevRaceHorse.IsRun              : num  1 1 1 1 1 1 1 1 1 1 ...
 $ PrevRaceHorse.IsHit1             : num  0 0 0 0 0 0 0 0 0 0 ...
 $ PrevRaceHorse.IsHit2             : num  0 0 0 0 0 1 1 1 0 0 ...
 $ PrevRaceHorse.IsHit3             : num  0 1 0 0 0 0 0 0 1 0 ...
 $ PrevRaceHorse.IsHit4             : num  1 0 1 0 0 0 0 0 0 0 ...
 $ PrevRaceHorse.IsHit5             : num  0 0 0 0 1 0 0 0 0 1 ...
 $ PrevRaceHorse.RowNum             : num  1 1 1 1 1 1 1 1 1 1 ...
 $ PrevOdds.RealOddsLog1            : num  4.41 4.27 4.96 5.86 3.31 ...
 $ EOF                              : int  1 1 1 1 1 1 1 1 1 1 ...
[1] "2022-03-09 09:00:45 --- RxSqlServerData Finish ---"
[1] "2022-03-09 09:00:45 --- subset Start ---"
[1] "--------------------------------------------------------------------------------"
[1] "nrow(data) subset before=63159"
[1] "nrow(data) subset after =63159"
[1] "nrow(data) subset diff =0"
[1] "--------------------------------------------------------------------------------"
[1] "2022-03-09 09:00:45 --- subset Finish---"
[1] "2022-03-09 09:00:45 --- transform Start ---"
[1] "--------------------------------------------------------------------------------"
[1] "nrow(data) transform before=63159"
[1] "nrow(data) transform after=63159"
[1] "nrow(data) transform diff=0"
[1] "--------------------------------------------------------------------------------"
[1] "str(data)="
'data.frame':	63159 obs. of  45 variables:
 $ Race.RaceId                      : Factor w/ 3095 levels "20160116-06-01-05-01",..: 1 2 3 4 5 5 5 5 6 6 ...
 $ Race.IsAnalyzeNormalPastAndFuture: logi  TRUE TRUE TRUE TRUE TRUE TRUE ...
 $ Race.IsAnalyzeNormalPast         : logi  TRUE TRUE TRUE TRUE TRUE TRUE ...
 $ Race.IsAnalyzeNormalFuture       : logi  FALSE FALSE FALSE FALSE FALSE FALSE ...
 $ Race.IsAnalyzeFullPastAndFuture  : logi  TRUE TRUE TRUE TRUE TRUE TRUE ...
 $ Race.IsAnalyzeFullPast           : logi  TRUE TRUE TRUE TRUE TRUE TRUE ...
 $ Race.IsAnalyzeFullFuture         : logi  FALSE FALSE FALSE FALSE FALSE FALSE ...
 $ Race.JyokenCd                    : Factor w/ 1 level "5": 1 1 1 1 1 1 1 1 1 1 ...
 $ Race.JyoType1Cd                  : Factor w/ 116 levels "24-06-1200-1",..: 1 2 3 4 5 5 5 5 6 6 ...
 $ Race.RaceType1Cd                 : Factor w/ 2 levels "2-5-12","2-5-11": 1 1 1 1 1 1 1 1 1 1 ...
 $ RaceHorse.RaceId                 : Factor w/ 3095 levels "20160116-06-01-05-01",..: 1 2 3 4 5 5 5 5 6 6 ...
 $ RaceHorse.KettoNum               : Factor w/ 9705 levels "2013103416","2013101939",..: 1 2 3 4 5 6 7 8 9 10 ...
 $ RaceHorse.IsHit1                 : num  0 0 0 0 0 0 0 1 0 0 ...
 $ RaceHorse.IsHit2                 : num  0 1 0 0 0 1 0 0 0 0 ...
 $ RaceHorse.IsHit3                 : num  0 0 0 0 0 0 0 0 0 0 ...
 $ RaceHorse.IsHit4                 : num  0 0 0 0 0 0 1 0 0 0 ...
 $ RaceHorse.IsHit5                 : num  0 0 0 0 0 0 0 0 0 0 ...
 $ RaceHorse.IsHit6                 : num  1 0 1 1 1 0 0 0 1 1 ...
 $ RaceHorse.IsValidRaceHorse       : logi  TRUE TRUE FALSE TRUE TRUE TRUE ...
 $ RaceHorse.FinishTimeSdvByRace    : num  0.254 1.409 0.322 -0.678 -0.232 ...
 $ RaceHorse.FirstTimeSdvByRace     : num  0.588 1.067 -0.171 -1.4 1.111 ...
 $ RaceHorse.LastTimeSdvByRace      : num  -0.153 0.907 0.42 -0.217 -1.449 ...
 $ RaceHorse.FinishTimeSdv          : num  -0.5019 0.0577 -1.1309 -0.9956 -0.3427 ...
 $ RaceHorse.FirstTimeSdv           : num  0.17 -0.0814 -2.1705 -0.7924 0.6445 ...
 $ RaceHorse.LastTimeSdv            : num  -0.776 0.149 0.365 -0.697 -0.918 ...
 $ RaceHorse.IsHitA                 : num  0 0 0 0 0 0 0 1 0 0 ...
 $ RaceHorse.IsHitB                 : num  0 1 0 0 0 1 0 1 0 0 ...
 $ RaceHorse.IsHitC                 : num  0 1 0 0 0 1 0 1 0 0 ...
 $ PrevRaceHorse.RaceId             : Factor w/ 3059 levels "20160105-06-01-01-01",..: 1 2 3 3 4 5 1 6 7 8 ...
 $ PrevRaceHorse.KettoNum           : Factor w/ 9705 levels "2013103416","2013101939",..: 1 2 3 4 5 6 7 8 9 10 ...
 $ PrevRaceHorse.FinishTimeSdvByRace: num  1.187 1.261 0.414 -0.292 0.741 ...
 $ PrevRaceHorse.FirstTimeSdvByRace : num  1.177 0.863 -0.23 -0.886 -1.065 ...
 $ PrevRaceHorse.LastTimeSdvByRace  : num  0.484 0.999 0.642 0.112 1.325 ...
 $ PrevRaceHorse.FinishTimeSdv      : num  0.196 0.345 -0.337 -0.748 -0.386 ...
 $ PrevRaceHorse.FirstTimeSdv       : num  0.8544 0.0389 -0.2735 -0.533 -0.9054 ...
 $ PrevRaceHorse.LastTimeSdv        : num  -0.402 0.453 -0.231 -0.58 0.197 ...
 $ PrevRaceHorse.IsRun              : num  1 1 1 1 1 1 1 1 1 1 ...
 $ PrevRaceHorse.IsHit1             : num  0 0 0 0 0 0 0 0 0 0 ...
 $ PrevRaceHorse.IsHit2             : num  0 0 0 0 0 1 1 1 0 0 ...
 $ PrevRaceHorse.IsHit3             : num  0 1 0 0 0 0 0 0 1 0 ...
 $ PrevRaceHorse.IsHit4             : num  1 0 1 0 0 0 0 0 0 0 ...
 $ PrevRaceHorse.IsHit5             : num  0 0 0 0 1 0 0 0 0 1 ...
 $ PrevRaceHorse.RowNum             : num  1 1 1 1 1 1 1 1 1 1 ...
 $ PrevOdds.RealOddsLog1            : num  4.41 4.27 4.96 5.86 3.31 ...
 $ EOF                              : int  1 1 1 1 1 1 1 1 1 1 ...
NULL
[1] "2022-03-09 09:00:45 --- transform Finish ---"
[1] "2022-03-09 09:00:45 --- na.omit Start ---"
[1] "--------------------------------------------------------------------------------"
[1] "nrow(data) na.omit before=63159"
[1] "nrow(data) na.omit after =62644"
[1] "nrow(data) na.omit diff =515"
[1] "--------------------------------------------------------------------------------"
'data.frame':	62644 obs. of  45 variables:
 $ Race.RaceId                      : Factor w/ 3095 levels "20160116-06-01-05-01",..: 1 2 3 4 5 5 5 5 6 6 ...
 $ Race.IsAnalyzeNormalPastAndFuture: logi  TRUE TRUE TRUE TRUE TRUE TRUE ...
 $ Race.IsAnalyzeNormalPast         : logi  TRUE TRUE TRUE TRUE TRUE TRUE ...
 $ Race.IsAnalyzeNormalFuture       : logi  FALSE FALSE FALSE FALSE FALSE FALSE ...
 $ Race.IsAnalyzeFullPastAndFuture  : logi  TRUE TRUE TRUE TRUE TRUE TRUE ...
 $ Race.IsAnalyzeFullPast           : logi  TRUE TRUE TRUE TRUE TRUE TRUE ...
 $ Race.IsAnalyzeFullFuture         : logi  FALSE FALSE FALSE FALSE FALSE FALSE ...
 $ Race.JyokenCd                    : Factor w/ 1 level "5": 1 1 1 1 1 1 1 1 1 1 ...
 $ Race.JyoType1Cd                  : Factor w/ 116 levels "24-06-1200-1",..: 1 2 3 4 5 5 5 5 6 6 ...
 $ Race.RaceType1Cd                 : Factor w/ 2 levels "2-5-12","2-5-11": 1 1 1 1 1 1 1 1 1 1 ...
 $ RaceHorse.RaceId                 : Factor w/ 3095 levels "20160116-06-01-05-01",..: 1 2 3 4 5 5 5 5 6 6 ...
 $ RaceHorse.KettoNum               : Factor w/ 9705 levels "2013103416","2013101939",..: 1 2 3 4 5 6 7 8 9 10 ...
 $ RaceHorse.IsHit1                 : num  0 0 0 0 0 0 0 1 0 0 ...
 $ RaceHorse.IsHit2                 : num  0 1 0 0 0 1 0 0 0 0 ...
 $ RaceHorse.IsHit3                 : num  0 0 0 0 0 0 0 0 0 0 ...
 $ RaceHorse.IsHit4                 : num  0 0 0 0 0 0 1 0 0 0 ...
 $ RaceHorse.IsHit5                 : num  0 0 0 0 0 0 0 0 0 0 ...
 $ RaceHorse.IsHit6                 : num  1 0 1 1 1 0 0 0 1 1 ...
 $ RaceHorse.IsValidRaceHorse       : logi  TRUE TRUE FALSE TRUE TRUE TRUE ...
 $ RaceHorse.FinishTimeSdvByRace    : num  0.254 1.409 0.322 -0.678 -0.232 ...
 $ RaceHorse.FirstTimeSdvByRace     : num  0.588 1.067 -0.171 -1.4 1.111 ...
 $ RaceHorse.LastTimeSdvByRace      : num  -0.153 0.907 0.42 -0.217 -1.449 ...
 $ RaceHorse.FinishTimeSdv          : num  -0.5019 0.0577 -1.1309 -0.9956 -0.3427 ...
 $ RaceHorse.FirstTimeSdv           : num  0.17 -0.0814 -2.1705 -0.7924 0.6445 ...
 $ RaceHorse.LastTimeSdv            : num  -0.776 0.149 0.365 -0.697 -0.918 ...
 $ RaceHorse.IsHitA                 : num  0 0 0 0 0 0 0 1 0 0 ...
 $ RaceHorse.IsHitB                 : num  0 1 0 0 0 1 0 1 0 0 ...
 $ RaceHorse.IsHitC                 : num  0 1 0 0 0 1 0 1 0 0 ...
 $ PrevRaceHorse.RaceId             : Factor w/ 3059 levels "20160105-06-01-01-01",..: 1 2 3 3 4 5 1 6 7 8 ...
 $ PrevRaceHorse.KettoNum           : Factor w/ 9705 levels "2013103416","2013101939",..: 1 2 3 4 5 6 7 8 9 10 ...
 $ PrevRaceHorse.FinishTimeSdvByRace: num  1.187 1.261 0.414 -0.292 0.741 ...
 $ PrevRaceHorse.FirstTimeSdvByRace : num  1.177 0.863 -0.23 -0.886 -1.065 ...
 $ PrevRaceHorse.LastTimeSdvByRace  : num  0.484 0.999 0.642 0.112 1.325 ...
 $ PrevRaceHorse.FinishTimeSdv      : num  0.196 0.345 -0.337 -0.748 -0.386 ...
 $ PrevRaceHorse.FirstTimeSdv       : num  0.8544 0.0389 -0.2735 -0.533 -0.9054 ...
 $ PrevRaceHorse.LastTimeSdv        : num  -0.402 0.453 -0.231 -0.58 0.197 ...
 $ PrevRaceHorse.IsRun              : num  1 1 1 1 1 1 1 1 1 1 ...
 $ PrevRaceHorse.IsHit1             : num  0 0 0 0 0 0 0 0 0 0 ...
 $ PrevRaceHorse.IsHit2             : num  0 0 0 0 0 1 1 1 0 0 ...
 $ PrevRaceHorse.IsHit3             : num  0 1 0 0 0 0 0 0 1 0 ...
 $ PrevRaceHorse.IsHit4             : num  1 0 1 0 0 0 0 0 0 0 ...
 $ PrevRaceHorse.IsHit5             : num  0 0 0 0 1 0 0 0 0 1 ...
 $ PrevRaceHorse.RowNum             : num  1 1 1 1 1 1 1 1 1 1 ...
 $ PrevOdds.RealOddsLog1            : num  4.41 4.27 4.96 5.86 3.31 ...
 $ EOF                              : int  1 1 1 1 1 1 1 1 1 1 ...
 - attr(*, "na.action")= 'omit' Named int  91 177 306 307 590 591 704 705 706 906 ...
  ..- attr(*, "names")= chr  "91" "177" "306" "307" ...
[1] "2022-03-09 09:00:46 --- na.omit Finish ---"
[1] "2022-03-09 09:00:46 --- rxLogit with rxStepControl Start ---"

> print(paste0(Sys.time(), " --- source_logic_glm.R Start ---"))
[1] "2022-03-09 09:00:46 --- source_logic_glm.R Start ---"

> formula <- formula(RaceHorse.IsHitA ~ +1 + PrevRaceHorse.FinishTimeSdvByRace)

> print(paste0(Sys.time(), " --- source_logic_glm.R Finished ---"))
[1] "2022-03-09 09:00:46 --- source_logic_glm.R Finished ---"
Rows Read: 62644, Total Rows Processed: 62644, Total Chunk Time: 0.002 seconds 

Starting values (iteration 1) time: 0.013 secs.
Rows Read: 62644, Total Rows Processed: 62644, Total Chunk Time: 0.003 seconds 

Iteration 2 time: 0.010 secs.
Rows Read: 62644, Total Rows Processed: 62644, Total Chunk Time: 0.003 seconds 

Iteration 3 time: 0.005 secs.
Rows Read: 62644, Total Rows Processed: 62644, Total Chunk Time: 0.003 seconds 

Iteration 4 time: 0.005 secs.
Rows Read: 62644, Total Rows Processed: 62644, Total Chunk Time: 0.003 seconds 

Iteration 5 time: 0.005 secs.

Elapsed computation time: 0.049 secs.
Rows Read: 62644, Total Rows Processed: 62644, Total Chunk Time: 0.001 seconds 

Starting values (iteration 1) time: 0.012 secs.
Rows Read: 62644, Total Rows Processed: 62644, Total Chunk Time: 0.002 seconds 

Iteration 2 time: 0.007 secs.

Elapsed computation time: 0.025 secs.
Rows Read: 62644, Total Rows Processed: 62644, Total Chunk Time: 0.002 seconds 

Starting values (iteration 1) time: 0.012 secs.
Rows Read: 62644, Total Rows Processed: 62644, Total Chunk Time: 0.003 seconds 

Iteration 2 time: 0.009 secs.
Rows Read: 62644, Total Rows Processed: 62644, Total Chunk Time: 0.003 seconds 

Iteration 3 time: 0.005 secs.
Rows Read: 62644, Total Rows Processed: 62644, Total Chunk Time: 0.006 seconds 

Iteration 4 time: 0.010 secs.
Rows Read: 62644, Total Rows Processed: 62644, Total Chunk Time: 0.004 seconds 

Iteration 5 time: 0.006 secs.

Elapsed computation time: 0.057 secs.

Elapsed computation time: 0.147 secs.
[1] "--------------------------------------------------------------------------------"
[1] "analyze.results.glm.step="
Logistic Regression Results for: RaceHorse.IsHitA ~
    PrevRaceHorse.FinishTimeSdvByRace
Data: data
Dependent variable(s): RaceHorse.IsHitA
Total independent variables: 2 
Number of valid observations: 62644
Number of missing observations: 0 
 
Coefficients:
                                  RaceHorse.IsHitA
(Intercept)                                     -3
PrevRaceHorse.FinishTimeSdvByRace                1
[1] "analyze.results.glm.step.summary"
Call:
rxLogit(formula = formula, data = data, variableSelection = analyze.results.glm.step.varsel)

Logistic Regression Results for: RaceHorse.IsHitA ~
    PrevRaceHorse.FinishTimeSdvByRace
Data: data
Dependent variable(s): RaceHorse.IsHitA
Total independent variables: 2 
Number of valid observations: 62644
Number of missing observations: 0 
-2*LogLikelihood: 34747.214 (Residual deviance on 62642 degrees of freedom)
 
Coefficients:
                                  Estimate Std. Error z value Pr(>|z|)    
(Intercept)                        -3.0291     0.0245  -123.7  2.2e-16 ***
PrevRaceHorse.FinishTimeSdvByRace   1.2964     0.0285    45.4  2.2e-16 ***
---
Signif. codes:  0 '***' 0.001 '**' 0.01 '*' 0.05 '.' 0.1 ' ' 1

Condition number of final variance-covariance matrix: 1 
Number of iterations: 5
[1] "--------------------------------------------------------------------------------"
[1] "2022-03-09 09:00:46 --- rxLogit with rxStepControl Finish ---"
[1] "2022-03-09 09:00:46 --- rxStepPlot Start ---"
[1] "pdfFilename=pdf_analyze_glm_Horse_Type25_rxStepPlot.pdf"
[1] "rxStepPlot="
[1] "2022-03-09 09:00:46 --- rxStepPlot Finish ---"
[1] "2022-03-09 09:00:46 --- save.image Start ---"
[1] "save.image"
[1] "rdataFilename=RData_analyze_glm_Horse_Type25.RData"
[1] "2022-03-09 09:00:46 --- save.image Finish ---"
[1] "2022-03-09 09:00:46 --- final Start ---"
[1] "--------------------------------------------------------------------------------"
[1] "nrow(data) final=62644"
[1] "--------------------------------------------------------------------------------"
[1] "2022-03-09 09:00:46 --- final Finish ---"
[1] "2022-03-09 09:00:46 --- analyze_glm.R Finished ---"
[1] "2022-03-09 09:00:46 --- log Finish ---"
