[1] "2022-03-09 08:49:19 --- D1116_analyze_glm_Gen01_IsHitA_Type25 Start ---"
[1] "2022-03-09 08:49:19 --- Log Start ---"
[1] "2022-03-09 08:49:19 --- analyze_glm.R Start ---"
[1] "analyzeVersion=D1116"
[1] "analyzeCategory=analyze"
[1] "analyzeType=Gen01"
[1] "analyzeFamily=IsHitA"
[1] "analyzeFunc=glm"
[1] "analyzeTrackTypeCd=2"
[1] "analyzeJyokenCd=5"
[1] "2022-03-09 08:49:19 --- source_function.R Start ---"
[1] "2022-03-09 08:49:19 --- source_function.R Finished ---"

> print(paste0(Sys.time(), " --- source_library.R Start ---"))
[1] "2022-03-09 08:49:19 --- source_library.R Start ---"

> require("RevoScaleR")

> print(paste0(Sys.time(), " --- source_library.R Finished ---"))
[1] "2022-03-09 08:49:19 --- source_library.R Finished ---"
[1] "2022-03-09 08:49:19 --- RxSqlServerData Start ---"
[1] "2022-03-09 08:49:19 --- RxInSqlServer Start ---"
[1] "2022-03-09 08:49:19 --- RxInSqlServer Finish ---"
[1] "2022-03-09 08:49:19 --- rxSetComputeContext Start ---"
[1] "2022-03-09 08:49:19 --- rxSetComputeContext Finish ---"
[1] "2022-03-09 08:49:19 --- RxSqlServerData Start ---"
[1] "sqlQuery=SELECT * FROM ViewAnalyzeD1116analyze01Gen01Type25"
[1] "2022-03-09 08:49:19 --- RxSqlServerData Finish ---"
[1] "2022-03-09 08:49:19 --- rxGetVarInfo Start ---"
[1] "2022-03-09 08:49:20 --- rxGetVarInfo Finish---"
[1] "2022-03-09 08:49:20 --- rxImport Start ---"
Rows Read: 18188644, Total Rows Processed: 18188644, Total Chunk Time: 385.978 seconds 
[1] "2022-03-09 08:59:25 --- rxImport Finish ---"
[1] "object.size(data) auto=5 Gb"
[1] "--------------------------------------------------------------------------------"
[1] "nrow(data) RxSqlServerData=18188644"
[1] "--------------------------------------------------------------------------------"
[1] "str(data)="
'data.frame':	18188644 obs. of  45 variables:
 $ Race.RaceId                      : Factor w/ 3266 levels "20160105-06-01-01-02",..: 2 2 2 2 2 2 2 2 2 2 ...
 $ Race.IsAnalyzeNormalPastAndFuture: logi  TRUE TRUE TRUE TRUE TRUE TRUE ...
 $ Race.IsAnalyzeNormalPast         : logi  TRUE TRUE TRUE TRUE TRUE TRUE ...
 $ Race.IsAnalyzeNormalFuture       : logi  FALSE FALSE FALSE FALSE FALSE FALSE ...
 $ Race.IsAnalyzeFullPastAndFuture  : logi  TRUE TRUE TRUE TRUE TRUE TRUE ...
 $ Race.IsAnalyzeFullPast           : logi  TRUE TRUE TRUE TRUE TRUE TRUE ...
 $ Race.IsAnalyzeFullFuture         : logi  FALSE FALSE FALSE FALSE FALSE FALSE ...
 $ Race.JyokenCd                    : Factor w/ 1 level "5": 1 1 1 1 1 1 1 1 1 1 ...
 $ Race.JyoType1Cd                  : Factor w/ 116 levels "24-06-1800-1",..: 2 2 2 2 2 2 2 2 2 2 ...
 $ Race.RaceType1Cd                 : Factor w/ 2 levels "2-5-12","2-5-11": 1 1 1 1 1 1 1 1 1 1 ...
 $ RaceHorse.RaceId                 : Factor w/ 3266 levels "20160105-06-01-01-02",..: 2 2 2 2 2 2 2 2 2 2 ...
 $ RaceHorse.KettoNum               : Factor w/ 16640 levels "2013105676","2013103141",..: 2 2 2 2 2 2 2 2 2 2 ...
 $ RaceHorse.IsHit1                 : num  0 0 0 0 0 0 0 0 0 0 ...
 $ RaceHorse.IsHit2                 : num  0 0 0 0 0 0 0 0 0 0 ...
 $ RaceHorse.IsHit3                 : num  0 0 0 0 0 0 0 0 0 0 ...
 $ RaceHorse.IsHit4                 : num  0 0 0 0 0 0 0 0 0 0 ...
 $ RaceHorse.IsHit5                 : num  0 0 0 0 0 0 0 0 0 0 ...
 $ RaceHorse.IsHit6                 : num  1 1 1 1 1 1 1 1 1 1 ...
 $ RaceHorse.IsValidRaceHorse       : logi  TRUE TRUE TRUE TRUE TRUE TRUE ...
 $ RaceHorse.FinishTimeSdvByRace    : num  -1.28 -1.28 -1.28 -1.28 -1.28 ...
 $ RaceHorse.FirstTimeSdvByRace     : num  -0.558 -0.558 -0.558 -0.558 -0.558 ...
 $ RaceHorse.LastTimeSdvByRace      : num  -1.3 -1.3 -1.3 -1.3 -1.3 ...
 $ RaceHorse.FinishTimeSdv          : num  -1.33 -1.33 -1.33 -1.33 -1.33 ...
 $ RaceHorse.FirstTimeSdv           : num  -0.403 -0.403 -0.403 -0.403 -0.403 ...
 $ RaceHorse.LastTimeSdv            : num  -1.51 -1.51 -1.51 -1.51 -1.51 ...
 $ RaceHorse.IsHitA                 : num  0 0 0 0 0 0 0 0 0 0 ...
 $ RaceHorse.IsHitB                 : num  0 0 0 0 0 0 0 0 0 0 ...
 $ RaceHorse.IsHitC                 : num  0 0 0 0 0 0 0 0 0 0 ...
 $ PrevRaceHorse.RaceId             : Factor w/ 7142 levels "20130114-06-01-05-03",..: 10 11 12 13 14 15 16 17 18 19 ...
 $ PrevRaceHorse.KettoNum           : Factor w/ 27643 levels "2010105181","2010103744",..: 11 12 13 14 15 16 14 17 13 11 ...
 $ PrevRaceHorse.FinishTimeSdvByRace: num  -0.495 -0.739 1.81 0.564 -1.133 ...
 $ PrevRaceHorse.FirstTimeSdvByRace : num  -0.563 -1.868 1.904 -1.072 -0.157 ...
 $ PrevRaceHorse.LastTimeSdvByRace  : num  -0.284 2.121 0.781 1.516 -0.851 ...
 $ PrevRaceHorse.FinishTimeSdv      : num  -1.935 -0.836 0.927 0.131 0.144 ...
 $ PrevRaceHorse.FirstTimeSdv       : num  -1.123 -1.537 1.293 -1.087 0.641 ...
 $ PrevRaceHorse.LastTimeSdv        : num  -1.759 0.0207 0.2408 0.9948 -0.2873 ...
 $ PrevRaceHorse.IsRun              : num  1 1 1 1 1 1 1 1 1 1 ...
 $ PrevRaceHorse.IsHit1             : num  0 0 1 0 0 0 0 1 0 0 ...
 $ PrevRaceHorse.IsHit2             : num  0 0 0 0 0 0 0 0 0 0 ...
 $ PrevRaceHorse.IsHit3             : num  0 0 0 0 0 0 1 0 0 1 ...
 $ PrevRaceHorse.IsHit4             : num  0 0 0 0 0 0 0 0 0 0 ...
 $ PrevRaceHorse.IsHit5             : num  0 0 0 0 0 0 0 0 0 0 ...
 $ PrevRaceHorse.RowNum             : num  303 304 305 306 307 308 309 310 311 312 ...
 $ PrevOdds.RealOddsLog1            : num  2.8 5.86 3.4 3.28 6.48 ...
 $ EOF                              : int  1 1 1 1 1 1 1 1 1 1 ...
[1] "2022-03-09 08:59:25 --- RxSqlServerData Finish ---"
[1] "2022-03-09 08:59:25 --- subset Start ---"
[1] "--------------------------------------------------------------------------------"
[1] "nrow(data) subset before=18188644"
[1] "nrow(data) subset after =18188644"
[1] "nrow(data) subset diff =0"
[1] "--------------------------------------------------------------------------------"
[1] "2022-03-09 08:59:30 --- subset Finish---"
[1] "2022-03-09 08:59:30 --- transform Start ---"
[1] "--------------------------------------------------------------------------------"
[1] "nrow(data) transform before=18188644"
[1] "nrow(data) transform after=18188644"
[1] "nrow(data) transform diff=0"
[1] "--------------------------------------------------------------------------------"
[1] "str(data)="
'data.frame':	18188644 obs. of  45 variables:
 $ Race.RaceId                      : Factor w/ 3266 levels "20160105-06-01-01-02",..: 2 2 2 2 2 2 2 2 2 2 ...
 $ Race.IsAnalyzeNormalPastAndFuture: logi  TRUE TRUE TRUE TRUE TRUE TRUE ...
 $ Race.IsAnalyzeNormalPast         : logi  TRUE TRUE TRUE TRUE TRUE TRUE ...
 $ Race.IsAnalyzeNormalFuture       : logi  FALSE FALSE FALSE FALSE FALSE FALSE ...
 $ Race.IsAnalyzeFullPastAndFuture  : logi  TRUE TRUE TRUE TRUE TRUE TRUE ...
 $ Race.IsAnalyzeFullPast           : logi  TRUE TRUE TRUE TRUE TRUE TRUE ...
 $ Race.IsAnalyzeFullFuture         : logi  FALSE FALSE FALSE FALSE FALSE FALSE ...
 $ Race.JyokenCd                    : Factor w/ 1 level "5": 1 1 1 1 1 1 1 1 1 1 ...
 $ Race.JyoType1Cd                  : Factor w/ 116 levels "24-06-1800-1",..: 2 2 2 2 2 2 2 2 2 2 ...
 $ Race.RaceType1Cd                 : Factor w/ 2 levels "2-5-12","2-5-11": 1 1 1 1 1 1 1 1 1 1 ...
 $ RaceHorse.RaceId                 : Factor w/ 3266 levels "20160105-06-01-01-02",..: 2 2 2 2 2 2 2 2 2 2 ...
 $ RaceHorse.KettoNum               : Factor w/ 16640 levels "2013105676","2013103141",..: 2 2 2 2 2 2 2 2 2 2 ...
 $ RaceHorse.IsHit1                 : num  0 0 0 0 0 0 0 0 0 0 ...
 $ RaceHorse.IsHit2                 : num  0 0 0 0 0 0 0 0 0 0 ...
 $ RaceHorse.IsHit3                 : num  0 0 0 0 0 0 0 0 0 0 ...
 $ RaceHorse.IsHit4                 : num  0 0 0 0 0 0 0 0 0 0 ...
 $ RaceHorse.IsHit5                 : num  0 0 0 0 0 0 0 0 0 0 ...
 $ RaceHorse.IsHit6                 : num  1 1 1 1 1 1 1 1 1 1 ...
 $ RaceHorse.IsValidRaceHorse       : logi  TRUE TRUE TRUE TRUE TRUE TRUE ...
 $ RaceHorse.FinishTimeSdvByRace    : num  -1.28 -1.28 -1.28 -1.28 -1.28 ...
 $ RaceHorse.FirstTimeSdvByRace     : num  -0.558 -0.558 -0.558 -0.558 -0.558 ...
 $ RaceHorse.LastTimeSdvByRace      : num  -1.3 -1.3 -1.3 -1.3 -1.3 ...
 $ RaceHorse.FinishTimeSdv          : num  -1.33 -1.33 -1.33 -1.33 -1.33 ...
 $ RaceHorse.FirstTimeSdv           : num  -0.403 -0.403 -0.403 -0.403 -0.403 ...
 $ RaceHorse.LastTimeSdv            : num  -1.51 -1.51 -1.51 -1.51 -1.51 ...
 $ RaceHorse.IsHitA                 : num  0 0 0 0 0 0 0 0 0 0 ...
 $ RaceHorse.IsHitB                 : num  0 0 0 0 0 0 0 0 0 0 ...
 $ RaceHorse.IsHitC                 : num  0 0 0 0 0 0 0 0 0 0 ...
 $ PrevRaceHorse.RaceId             : Factor w/ 7142 levels "20130114-06-01-05-03",..: 10 11 12 13 14 15 16 17 18 19 ...
 $ PrevRaceHorse.KettoNum           : Factor w/ 27643 levels "2010105181","2010103744",..: 11 12 13 14 15 16 14 17 13 11 ...
 $ PrevRaceHorse.FinishTimeSdvByRace: num  -0.495 -0.739 1.81 0.564 -1.133 ...
 $ PrevRaceHorse.FirstTimeSdvByRace : num  -0.563 -1.868 1.904 -1.072 -0.157 ...
 $ PrevRaceHorse.LastTimeSdvByRace  : num  -0.284 2.121 0.781 1.516 -0.851 ...
 $ PrevRaceHorse.FinishTimeSdv      : num  -1.935 -0.836 0.927 0.131 0.144 ...
 $ PrevRaceHorse.FirstTimeSdv       : num  -1.123 -1.537 1.293 -1.087 0.641 ...
 $ PrevRaceHorse.LastTimeSdv        : num  -1.759 0.0207 0.2408 0.9948 -0.2873 ...
 $ PrevRaceHorse.IsRun              : num  1 1 1 1 1 1 1 1 1 1 ...
 $ PrevRaceHorse.IsHit1             : num  0 0 1 0 0 0 0 1 0 0 ...
 $ PrevRaceHorse.IsHit2             : num  0 0 0 0 0 0 0 0 0 0 ...
 $ PrevRaceHorse.IsHit3             : num  0 0 0 0 0 0 1 0 0 1 ...
 $ PrevRaceHorse.IsHit4             : num  0 0 0 0 0 0 0 0 0 0 ...
 $ PrevRaceHorse.IsHit5             : num  0 0 0 0 0 0 0 0 0 0 ...
 $ PrevRaceHorse.RowNum             : num  303 304 305 306 307 308 309 310 311 312 ...
 $ PrevOdds.RealOddsLog1            : num  2.8 5.86 3.4 3.28 6.48 ...
 $ EOF                              : int  1 1 1 1 1 1 1 1 1 1 ...
NULL
[1] "2022-03-09 08:59:30 --- transform Finish ---"
[1] "2022-03-09 08:59:30 --- na.omit Start ---"
[1] "--------------------------------------------------------------------------------"
[1] "nrow(data) na.omit before=18188644"
[1] "nrow(data) na.omit after =18012593"
[1] "nrow(data) na.omit diff =176051"
[1] "--------------------------------------------------------------------------------"
'data.frame':	18012593 obs. of  45 variables:
 $ Race.RaceId                      : Factor w/ 3266 levels "20160105-06-01-01-02",..: 2 2 2 2 2 2 2 2 2 2 ...
 $ Race.IsAnalyzeNormalPastAndFuture: logi  TRUE TRUE TRUE TRUE TRUE TRUE ...
 $ Race.IsAnalyzeNormalPast         : logi  TRUE TRUE TRUE TRUE TRUE TRUE ...
 $ Race.IsAnalyzeNormalFuture       : logi  FALSE FALSE FALSE FALSE FALSE FALSE ...
 $ Race.IsAnalyzeFullPastAndFuture  : logi  TRUE TRUE TRUE TRUE TRUE TRUE ...
 $ Race.IsAnalyzeFullPast           : logi  TRUE TRUE TRUE TRUE TRUE TRUE ...
 $ Race.IsAnalyzeFullFuture         : logi  FALSE FALSE FALSE FALSE FALSE FALSE ...
 $ Race.JyokenCd                    : Factor w/ 1 level "5": 1 1 1 1 1 1 1 1 1 1 ...
 $ Race.JyoType1Cd                  : Factor w/ 116 levels "24-06-1800-1",..: 2 2 2 2 2 2 2 2 2 2 ...
 $ Race.RaceType1Cd                 : Factor w/ 2 levels "2-5-12","2-5-11": 1 1 1 1 1 1 1 1 1 1 ...
 $ RaceHorse.RaceId                 : Factor w/ 3266 levels "20160105-06-01-01-02",..: 2 2 2 2 2 2 2 2 2 2 ...
 $ RaceHorse.KettoNum               : Factor w/ 16640 levels "2013105676","2013103141",..: 2 2 2 2 2 2 2 2 2 2 ...
 $ RaceHorse.IsHit1                 : num  0 0 0 0 0 0 0 0 0 0 ...
 $ RaceHorse.IsHit2                 : num  0 0 0 0 0 0 0 0 0 0 ...
 $ RaceHorse.IsHit3                 : num  0 0 0 0 0 0 0 0 0 0 ...
 $ RaceHorse.IsHit4                 : num  0 0 0 0 0 0 0 0 0 0 ...
 $ RaceHorse.IsHit5                 : num  0 0 0 0 0 0 0 0 0 0 ...
 $ RaceHorse.IsHit6                 : num  1 1 1 1 1 1 1 1 1 1 ...
 $ RaceHorse.IsValidRaceHorse       : logi  TRUE TRUE TRUE TRUE TRUE TRUE ...
 $ RaceHorse.FinishTimeSdvByRace    : num  -1.28 -1.28 -1.28 -1.28 -1.28 ...
 $ RaceHorse.FirstTimeSdvByRace     : num  -0.558 -0.558 -0.558 -0.558 -0.558 ...
 $ RaceHorse.LastTimeSdvByRace      : num  -1.3 -1.3 -1.3 -1.3 -1.3 ...
 $ RaceHorse.FinishTimeSdv          : num  -1.33 -1.33 -1.33 -1.33 -1.33 ...
 $ RaceHorse.FirstTimeSdv           : num  -0.403 -0.403 -0.403 -0.403 -0.403 ...
 $ RaceHorse.LastTimeSdv            : num  -1.51 -1.51 -1.51 -1.51 -1.51 ...
 $ RaceHorse.IsHitA                 : num  0 0 0 0 0 0 0 0 0 0 ...
 $ RaceHorse.IsHitB                 : num  0 0 0 0 0 0 0 0 0 0 ...
 $ RaceHorse.IsHitC                 : num  0 0 0 0 0 0 0 0 0 0 ...
 $ PrevRaceHorse.RaceId             : Factor w/ 7142 levels "20130114-06-01-05-03",..: 10 11 12 13 14 15 16 17 18 19 ...
 $ PrevRaceHorse.KettoNum           : Factor w/ 27643 levels "2010105181","2010103744",..: 11 12 13 14 15 16 14 17 13 11 ...
 $ PrevRaceHorse.FinishTimeSdvByRace: num  -0.495 -0.739 1.81 0.564 -1.133 ...
 $ PrevRaceHorse.FirstTimeSdvByRace : num  -0.563 -1.868 1.904 -1.072 -0.157 ...
 $ PrevRaceHorse.LastTimeSdvByRace  : num  -0.284 2.121 0.781 1.516 -0.851 ...
 $ PrevRaceHorse.FinishTimeSdv      : num  -1.935 -0.836 0.927 0.131 0.144 ...
 $ PrevRaceHorse.FirstTimeSdv       : num  -1.123 -1.537 1.293 -1.087 0.641 ...
 $ PrevRaceHorse.LastTimeSdv        : num  -1.759 0.0207 0.2408 0.9948 -0.2873 ...
 $ PrevRaceHorse.IsRun              : num  1 1 1 1 1 1 1 1 1 1 ...
 $ PrevRaceHorse.IsHit1             : num  0 0 1 0 0 0 0 1 0 0 ...
 $ PrevRaceHorse.IsHit2             : num  0 0 0 0 0 0 0 0 0 0 ...
 $ PrevRaceHorse.IsHit3             : num  0 0 0 0 0 0 1 0 0 1 ...
 $ PrevRaceHorse.IsHit4             : num  0 0 0 0 0 0 0 0 0 0 ...
 $ PrevRaceHorse.IsHit5             : num  0 0 0 0 0 0 0 0 0 0 ...
 $ PrevRaceHorse.RowNum             : num  303 304 305 306 307 308 309 310 311 312 ...
 $ PrevOdds.RealOddsLog1            : num  2.8 5.86 3.4 3.28 6.48 ...
 $ EOF                              : int  1 1 1 1 1 1 1 1 1 1 ...
 - attr(*, "na.action")= 'omit' Named int  17652 17653 17654 17655 17656 17745 17746 17747 17748 17749 ...
  ..- attr(*, "names")= chr  "17652" "17653" "17654" "17655" ...
[1] "2022-03-09 08:59:37 --- na.omit Finish ---"
[1] "2022-03-09 08:59:37 --- rxLogit with rxStepControl Start ---"

> print(paste0(Sys.time(), " --- source_logic_glm.R Start ---"))
[1] "2022-03-09 08:59:37 --- source_logic_glm.R Start ---"

> formula <- formula(RaceHorse.IsHitA ~ +1 + PrevRaceHorse.FinishTimeSdvByRace)

> print(paste0(Sys.time(), " --- source_logic_glm.R Finished ---"))
[1] "2022-03-09 08:59:37 --- source_logic_glm.R Finished ---"
Rows Read: 18012593, Total Rows Processed: 18012593, Total Chunk Time: 0.304 seconds 

Starting values (iteration 1) time: 0.333 secs.
Rows Read: 18012593, Total Rows Processed: 18012593, Total Chunk Time: 0.541 seconds 

Iteration 2 time: 0.573 secs.
Rows Read: 18012593, Total Rows Processed: 18012593, Total Chunk Time: 0.556 seconds 

Iteration 3 time: 0.582 secs.

Elapsed computation time: 1.489 secs.
Rows Read: 18012593, Total Rows Processed: 18012593, Total Chunk Time: 0.140 seconds 

Starting values (iteration 1) time: 0.169 secs.
Rows Read: 18012593, Total Rows Processed: 18012593, Total Chunk Time: 0.412 seconds 

Iteration 2 time: 0.441 secs.

Elapsed computation time: 0.611 secs.
Rows Read: 18012593, Total Rows Processed: 18012593, Total Chunk Time: 0.259 seconds 

Starting values (iteration 1) time: 0.285 secs.
Rows Read: 18012593, Total Rows Processed: 18012593, Total Chunk Time: 0.541 seconds 

Iteration 2 time: 0.572 secs.
Rows Read: 18012593, Total Rows Processed: 18012593, Total Chunk Time: 0.562 seconds 

Iteration 3 time: 0.588 secs.

Elapsed computation time: 1.445 secs.

Elapsed computation time: 3.566 secs.
[1] "--------------------------------------------------------------------------------"
[1] "analyze.results.glm.step="
Logistic Regression Results for: RaceHorse.IsHitA ~
    PrevRaceHorse.FinishTimeSdvByRace
Data: data
Dependent variable(s): RaceHorse.IsHitA
Total independent variables: 2 
Number of valid observations: 18012593
Number of missing observations: 0 
 
Coefficients:
                                  RaceHorse.IsHitA
(Intercept)                                  -2.55
PrevRaceHorse.FinishTimeSdvByRace             0.05
[1] "analyze.results.glm.step.summary"
Call:
rxLogit(formula = formula, data = data, variableSelection = analyze.results.glm.step.varsel)

Logistic Regression Results for: RaceHorse.IsHitA ~
    PrevRaceHorse.FinishTimeSdvByRace
Data: data
Dependent variable(s): RaceHorse.IsHitA
Total independent variables: 2 
Number of valid observations: 18012593
Number of missing observations: 0 
-2*LogLikelihood: 9420069.239 (Residual deviance on 18012591 degrees of freedom)
 
Coefficients:
                                   Estimate Std. Error z value Pr(>|z|)    
(Intercept)                       -2.553383   0.000962 -2654.3  2.2e-16 ***
PrevRaceHorse.FinishTimeSdvByRace  0.047613   0.001130    42.1  2.2e-16 ***
---
Signif. codes:  0 '***' 0.001 '**' 0.01 '*' 0.05 '.' 0.1 ' ' 1

Condition number of final variance-covariance matrix: 1 
Number of iterations: 3
[1] "--------------------------------------------------------------------------------"
[1] "2022-03-09 08:59:47 --- rxLogit with rxStepControl Finish ---"
[1] "2022-03-09 08:59:47 --- rxStepPlot Start ---"
[1] "pdfFilename=pdf_analyze_glm_Gen01_Type25_rxStepPlot.pdf"
[1] "rxStepPlot="
[1] "2022-03-09 08:59:48 --- rxStepPlot Finish ---"
[1] "2022-03-09 08:59:48 --- save.image Start ---"
[1] "save.image"
[1] "rdataFilename=RData_analyze_glm_Gen01_Type25.RData"
[1] "2022-03-09 09:00:58 --- save.image Finish ---"
[1] "2022-03-09 09:00:58 --- final Start ---"
[1] "--------------------------------------------------------------------------------"
[1] "nrow(data) final=18012593"
[1] "--------------------------------------------------------------------------------"
[1] "2022-03-09 09:00:58 --- final Finish ---"
[1] "2022-03-09 09:00:58 --- analyze_glm.R Finished ---"
[1] "2022-03-09 09:00:58 --- log Finish ---"
