[1] "2022-03-09 08:57:26 --- D1116_analyze_glm_Gen02_IsHitA_Type11 Start ---"
[1] "2022-03-09 08:57:26 --- Log Start ---"
[1] "2022-03-09 08:57:26 --- analyze_glm.R Start ---"
[1] "analyzeVersion=D1116"
[1] "analyzeCategory=analyze"
[1] "analyzeType=Gen02"
[1] "analyzeFamily=IsHitA"
[1] "analyzeFunc=glm"
[1] "analyzeTrackTypeCd=1"
[1] "analyzeJyokenCd=1"
[1] "2022-03-09 08:57:26 --- source_function.R Start ---"
[1] "2022-03-09 08:57:26 --- source_function.R Finished ---"

> print(paste0(Sys.time(), " --- source_library.R Start ---"))
[1] "2022-03-09 08:57:26 --- source_library.R Start ---"

> require("RevoScaleR")

> print(paste0(Sys.time(), " --- source_library.R Finished ---"))
[1] "2022-03-09 08:57:27 --- source_library.R Finished ---"
[1] "2022-03-09 08:57:27 --- RxSqlServerData Start ---"
[1] "2022-03-09 08:57:27 --- RxInSqlServer Start ---"
[1] "2022-03-09 08:57:27 --- RxInSqlServer Finish ---"
[1] "2022-03-09 08:57:27 --- rxSetComputeContext Start ---"
[1] "2022-03-09 08:57:27 --- rxSetComputeContext Finish ---"
[1] "2022-03-09 08:57:27 --- RxSqlServerData Start ---"
[1] "sqlQuery=SELECT * FROM ViewAnalyzeD1116analyze01Gen02Type11"
[1] "2022-03-09 08:57:27 --- RxSqlServerData Finish ---"
[1] "2022-03-09 08:57:27 --- rxGetVarInfo Start ---"
[1] "2022-03-09 08:57:27 --- rxGetVarInfo Finish---"
[1] "2022-03-09 08:57:27 --- rxImport Start ---"
Rows Read: 49781, Total Rows Processed: 49781, Total Chunk Time: 4.012 seconds 
[1] "2022-03-09 08:57:36 --- rxImport Finish ---"
[1] "object.size(data) auto=14.7 Mb"
[1] "--------------------------------------------------------------------------------"
[1] "nrow(data) RxSqlServerData=49781"
[1] "--------------------------------------------------------------------------------"
[1] "str(data)="
'data.frame':	49781 obs. of  45 variables:
 $ Race.RaceId                      : Factor w/ 920 levels "20160105-06-01-01-10",..: 1 1 1 2 2 2 2 2 2 2 ...
 $ Race.IsAnalyzeNormalPastAndFuture: logi  TRUE TRUE TRUE TRUE TRUE TRUE ...
 $ Race.IsAnalyzeNormalPast         : logi  TRUE TRUE TRUE TRUE TRUE TRUE ...
 $ Race.IsAnalyzeNormalFuture       : logi  FALSE FALSE FALSE FALSE FALSE FALSE ...
 $ Race.IsAnalyzeFullPastAndFuture  : logi  TRUE TRUE TRUE TRUE TRUE TRUE ...
 $ Race.IsAnalyzeFullPast           : logi  TRUE TRUE TRUE TRUE TRUE TRUE ...
 $ Race.IsAnalyzeFullFuture         : logi  FALSE FALSE FALSE FALSE FALSE FALSE ...
 $ Race.JyokenCd                    : Factor w/ 1 level "1": 1 1 1 1 1 1 1 1 1 1 ...
 $ Race.JyoType1Cd                  : Factor w/ 141 levels "18-06-1600-1",..: 1 1 1 2 2 2 2 2 2 2 ...
 $ Race.RaceType1Cd                 : Factor w/ 4 levels "1-1-12","1-1-14",..: 1 1 1 2 2 2 2 2 2 2 ...
 $ RaceHorse.RaceId                 : Factor w/ 920 levels "20160105-06-01-01-10",..: 1 1 1 2 2 2 2 2 2 2 ...
 $ RaceHorse.KettoNum               : Factor w/ 1975 levels "2013102323","2013105872",..: 1 2 2 3 3 3 3 3 3 3 ...
 $ RaceHorse.IsHit1                 : num  0 0 0 0 0 0 0 0 0 0 ...
 $ RaceHorse.IsHit2                 : num  0 1 1 0 0 0 0 0 0 0 ...
 $ RaceHorse.IsHit3                 : num  0 0 0 0 0 0 0 0 0 0 ...
 $ RaceHorse.IsHit4                 : num  0 0 0 0 0 0 0 0 0 0 ...
 $ RaceHorse.IsHit5                 : num  1 0 0 0 0 0 0 0 0 0 ...
 $ RaceHorse.IsHit6                 : num  0 0 0 1 1 1 1 1 1 1 ...
 $ RaceHorse.IsValidRaceHorse       : logi  TRUE TRUE TRUE TRUE TRUE TRUE ...
 $ RaceHorse.FinishTimeSdvByRace    : num  0.254 1.311 1.311 -1.711 -1.711 ...
 $ RaceHorse.FirstTimeSdvByRace     : num  0.857 -0.525 -0.525 -1.149 -1.149 ...
 $ RaceHorse.LastTimeSdvByRace      : num  -0.404 1.723 1.723 0.227 0.227 ...
 $ RaceHorse.FinishTimeSdv          : num  0.707 0.965 0.965 0.357 0.357 ...
 $ RaceHorse.FirstTimeSdv           : num  0.209 -0.095 -0.095 -1.021 -1.021 ...
 $ RaceHorse.LastTimeSdv            : num  0.906 1.79 1.79 2.133 2.133 ...
 $ RaceHorse.IsHitA                 : num  0 0 0 0 0 0 0 0 0 0 ...
 $ RaceHorse.IsHitB                 : num  0 1 1 0 0 0 0 0 0 0 ...
 $ RaceHorse.IsHitC                 : num  0 1 1 0 0 0 0 0 0 0 ...
 $ PrevRaceHorse.RaceId             : Factor w/ 1867 levels "20150131-05-01-01-10",..: 1 2 3 4 5 6 7 8 9 10 ...
 $ PrevRaceHorse.KettoNum           : Factor w/ 2217 levels "2012102322","2011103855",..: 1 2 3 4 4 4 4 4 4 4 ...
 $ PrevRaceHorse.FinishTimeSdvByRace: num  -0.533 -1.052 0.452 -0.914 -0.206 ...
 $ PrevRaceHorse.FirstTimeSdvByRace : num  1.326 1.332 1.234 -0.703 -0.825 ...
 $ PrevRaceHorse.LastTimeSdvByRace  : num  -0.9079 -1.4048 -0.9032 0.1545 0.0908 ...
 $ PrevRaceHorse.FinishTimeSdv      : num  -0.4869 0.0687 1.8292 0.1317 0.2062 ...
 $ PrevRaceHorse.FirstTimeSdv       : num  0.781 1.043 1.467 -0.812 0.446 ...
 $ PrevRaceHorse.LastTimeSdv        : num  -1.554 -1.269 0.973 1.186 -0.258 ...
 $ PrevRaceHorse.IsRun              : num  1 1 1 1 1 1 1 1 1 1 ...
 $ PrevRaceHorse.IsHit1             : num  0 0 0 0 0 0 0 0 0 0 ...
 $ PrevRaceHorse.IsHit2             : num  0 0 0 0 0 0 0 0 0 0 ...
 $ PrevRaceHorse.IsHit3             : num  0 0 0 0 0 0 0 0 0 1 ...
 $ PrevRaceHorse.IsHit4             : num  0 0 0 0 0 0 0 0 0 0 ...
 $ PrevRaceHorse.IsHit5             : num  0 0 0 0 0 0 0 0 0 0 ...
 $ PrevRaceHorse.RowNum             : num  1 1 2 1 2 3 4 5 6 7 ...
 $ PrevOdds.RealOddsLog1            : num  4.94 2.92 4.05 6.05 6.32 ...
 $ EOF                              : int  1 1 1 1 1 1 1 1 1 1 ...
[1] "2022-03-09 08:57:36 --- RxSqlServerData Finish ---"
[1] "2022-03-09 08:57:36 --- subset Start ---"
[1] "--------------------------------------------------------------------------------"
[1] "nrow(data) subset before=49781"
[1] "nrow(data) subset after =49781"
[1] "nrow(data) subset diff =0"
[1] "--------------------------------------------------------------------------------"
[1] "2022-03-09 08:57:36 --- subset Finish---"
[1] "2022-03-09 08:57:36 --- transform Start ---"
[1] "--------------------------------------------------------------------------------"
[1] "nrow(data) transform before=49781"
[1] "nrow(data) transform after=49781"
[1] "nrow(data) transform diff=0"
[1] "--------------------------------------------------------------------------------"
[1] "str(data)="
'data.frame':	49781 obs. of  45 variables:
 $ Race.RaceId                      : Factor w/ 920 levels "20160105-06-01-01-10",..: 1 1 1 2 2 2 2 2 2 2 ...
 $ Race.IsAnalyzeNormalPastAndFuture: logi  TRUE TRUE TRUE TRUE TRUE TRUE ...
 $ Race.IsAnalyzeNormalPast         : logi  TRUE TRUE TRUE TRUE TRUE TRUE ...
 $ Race.IsAnalyzeNormalFuture       : logi  FALSE FALSE FALSE FALSE FALSE FALSE ...
 $ Race.IsAnalyzeFullPastAndFuture  : logi  TRUE TRUE TRUE TRUE TRUE TRUE ...
 $ Race.IsAnalyzeFullPast           : logi  TRUE TRUE TRUE TRUE TRUE TRUE ...
 $ Race.IsAnalyzeFullFuture         : logi  FALSE FALSE FALSE FALSE FALSE FALSE ...
 $ Race.JyokenCd                    : Factor w/ 1 level "1": 1 1 1 1 1 1 1 1 1 1 ...
 $ Race.JyoType1Cd                  : Factor w/ 141 levels "18-06-1600-1",..: 1 1 1 2 2 2 2 2 2 2 ...
 $ Race.RaceType1Cd                 : Factor w/ 4 levels "1-1-12","1-1-14",..: 1 1 1 2 2 2 2 2 2 2 ...
 $ RaceHorse.RaceId                 : Factor w/ 920 levels "20160105-06-01-01-10",..: 1 1 1 2 2 2 2 2 2 2 ...
 $ RaceHorse.KettoNum               : Factor w/ 1975 levels "2013102323","2013105872",..: 1 2 2 3 3 3 3 3 3 3 ...
 $ RaceHorse.IsHit1                 : num  0 0 0 0 0 0 0 0 0 0 ...
 $ RaceHorse.IsHit2                 : num  0 1 1 0 0 0 0 0 0 0 ...
 $ RaceHorse.IsHit3                 : num  0 0 0 0 0 0 0 0 0 0 ...
 $ RaceHorse.IsHit4                 : num  0 0 0 0 0 0 0 0 0 0 ...
 $ RaceHorse.IsHit5                 : num  1 0 0 0 0 0 0 0 0 0 ...
 $ RaceHorse.IsHit6                 : num  0 0 0 1 1 1 1 1 1 1 ...
 $ RaceHorse.IsValidRaceHorse       : logi  TRUE TRUE TRUE TRUE TRUE TRUE ...
 $ RaceHorse.FinishTimeSdvByRace    : num  0.254 1.311 1.311 -1.711 -1.711 ...
 $ RaceHorse.FirstTimeSdvByRace     : num  0.857 -0.525 -0.525 -1.149 -1.149 ...
 $ RaceHorse.LastTimeSdvByRace      : num  -0.404 1.723 1.723 0.227 0.227 ...
 $ RaceHorse.FinishTimeSdv          : num  0.707 0.965 0.965 0.357 0.357 ...
 $ RaceHorse.FirstTimeSdv           : num  0.209 -0.095 -0.095 -1.021 -1.021 ...
 $ RaceHorse.LastTimeSdv            : num  0.906 1.79 1.79 2.133 2.133 ...
 $ RaceHorse.IsHitA                 : num  0 0 0 0 0 0 0 0 0 0 ...
 $ RaceHorse.IsHitB                 : num  0 1 1 0 0 0 0 0 0 0 ...
 $ RaceHorse.IsHitC                 : num  0 1 1 0 0 0 0 0 0 0 ...
 $ PrevRaceHorse.RaceId             : Factor w/ 1867 levels "20150131-05-01-01-10",..: 1 2 3 4 5 6 7 8 9 10 ...
 $ PrevRaceHorse.KettoNum           : Factor w/ 2217 levels "2012102322","2011103855",..: 1 2 3 4 4 4 4 4 4 4 ...
 $ PrevRaceHorse.FinishTimeSdvByRace: num  -0.533 -1.052 0.452 -0.914 -0.206 ...
 $ PrevRaceHorse.FirstTimeSdvByRace : num  1.326 1.332 1.234 -0.703 -0.825 ...
 $ PrevRaceHorse.LastTimeSdvByRace  : num  -0.9079 -1.4048 -0.9032 0.1545 0.0908 ...
 $ PrevRaceHorse.FinishTimeSdv      : num  -0.4869 0.0687 1.8292 0.1317 0.2062 ...
 $ PrevRaceHorse.FirstTimeSdv       : num  0.781 1.043 1.467 -0.812 0.446 ...
 $ PrevRaceHorse.LastTimeSdv        : num  -1.554 -1.269 0.973 1.186 -0.258 ...
 $ PrevRaceHorse.IsRun              : num  1 1 1 1 1 1 1 1 1 1 ...
 $ PrevRaceHorse.IsHit1             : num  0 0 0 0 0 0 0 0 0 0 ...
 $ PrevRaceHorse.IsHit2             : num  0 0 0 0 0 0 0 0 0 0 ...
 $ PrevRaceHorse.IsHit3             : num  0 0 0 0 0 0 0 0 0 1 ...
 $ PrevRaceHorse.IsHit4             : num  0 0 0 0 0 0 0 0 0 0 ...
 $ PrevRaceHorse.IsHit5             : num  0 0 0 0 0 0 0 0 0 0 ...
 $ PrevRaceHorse.RowNum             : num  1 1 2 1 2 3 4 5 6 7 ...
 $ PrevOdds.RealOddsLog1            : num  4.94 2.92 4.05 6.05 6.32 ...
 $ EOF                              : int  1 1 1 1 1 1 1 1 1 1 ...
NULL
[1] "2022-03-09 08:57:36 --- transform Finish ---"
[1] "2022-03-09 08:57:36 --- na.omit Start ---"
[1] "--------------------------------------------------------------------------------"
[1] "nrow(data) na.omit before=49781"
[1] "nrow(data) na.omit after =49509"
[1] "nrow(data) na.omit diff =272"
[1] "--------------------------------------------------------------------------------"
'data.frame':	49509 obs. of  45 variables:
 $ Race.RaceId                      : Factor w/ 920 levels "20160105-06-01-01-10",..: 1 1 1 2 2 2 2 2 2 2 ...
 $ Race.IsAnalyzeNormalPastAndFuture: logi  TRUE TRUE TRUE TRUE TRUE TRUE ...
 $ Race.IsAnalyzeNormalPast         : logi  TRUE TRUE TRUE TRUE TRUE TRUE ...
 $ Race.IsAnalyzeNormalFuture       : logi  FALSE FALSE FALSE FALSE FALSE FALSE ...
 $ Race.IsAnalyzeFullPastAndFuture  : logi  TRUE TRUE TRUE TRUE TRUE TRUE ...
 $ Race.IsAnalyzeFullPast           : logi  TRUE TRUE TRUE TRUE TRUE TRUE ...
 $ Race.IsAnalyzeFullFuture         : logi  FALSE FALSE FALSE FALSE FALSE FALSE ...
 $ Race.JyokenCd                    : Factor w/ 1 level "1": 1 1 1 1 1 1 1 1 1 1 ...
 $ Race.JyoType1Cd                  : Factor w/ 141 levels "18-06-1600-1",..: 1 1 1 2 2 2 2 2 2 2 ...
 $ Race.RaceType1Cd                 : Factor w/ 4 levels "1-1-12","1-1-14",..: 1 1 1 2 2 2 2 2 2 2 ...
 $ RaceHorse.RaceId                 : Factor w/ 920 levels "20160105-06-01-01-10",..: 1 1 1 2 2 2 2 2 2 2 ...
 $ RaceHorse.KettoNum               : Factor w/ 1975 levels "2013102323","2013105872",..: 1 2 2 3 3 3 3 3 3 3 ...
 $ RaceHorse.IsHit1                 : num  0 0 0 0 0 0 0 0 0 0 ...
 $ RaceHorse.IsHit2                 : num  0 1 1 0 0 0 0 0 0 0 ...
 $ RaceHorse.IsHit3                 : num  0 0 0 0 0 0 0 0 0 0 ...
 $ RaceHorse.IsHit4                 : num  0 0 0 0 0 0 0 0 0 0 ...
 $ RaceHorse.IsHit5                 : num  1 0 0 0 0 0 0 0 0 0 ...
 $ RaceHorse.IsHit6                 : num  0 0 0 1 1 1 1 1 1 1 ...
 $ RaceHorse.IsValidRaceHorse       : logi  TRUE TRUE TRUE TRUE TRUE TRUE ...
 $ RaceHorse.FinishTimeSdvByRace    : num  0.254 1.311 1.311 -1.711 -1.711 ...
 $ RaceHorse.FirstTimeSdvByRace     : num  0.857 -0.525 -0.525 -1.149 -1.149 ...
 $ RaceHorse.LastTimeSdvByRace      : num  -0.404 1.723 1.723 0.227 0.227 ...
 $ RaceHorse.FinishTimeSdv          : num  0.707 0.965 0.965 0.357 0.357 ...
 $ RaceHorse.FirstTimeSdv           : num  0.209 -0.095 -0.095 -1.021 -1.021 ...
 $ RaceHorse.LastTimeSdv            : num  0.906 1.79 1.79 2.133 2.133 ...
 $ RaceHorse.IsHitA                 : num  0 0 0 0 0 0 0 0 0 0 ...
 $ RaceHorse.IsHitB                 : num  0 1 1 0 0 0 0 0 0 0 ...
 $ RaceHorse.IsHitC                 : num  0 1 1 0 0 0 0 0 0 0 ...
 $ PrevRaceHorse.RaceId             : Factor w/ 1867 levels "20150131-05-01-01-10",..: 1 2 3 4 5 6 7 8 9 10 ...
 $ PrevRaceHorse.KettoNum           : Factor w/ 2217 levels "2012102322","2011103855",..: 1 2 3 4 4 4 4 4 4 4 ...
 $ PrevRaceHorse.FinishTimeSdvByRace: num  -0.533 -1.052 0.452 -0.914 -0.206 ...
 $ PrevRaceHorse.FirstTimeSdvByRace : num  1.326 1.332 1.234 -0.703 -0.825 ...
 $ PrevRaceHorse.LastTimeSdvByRace  : num  -0.9079 -1.4048 -0.9032 0.1545 0.0908 ...
 $ PrevRaceHorse.FinishTimeSdv      : num  -0.4869 0.0687 1.8292 0.1317 0.2062 ...
 $ PrevRaceHorse.FirstTimeSdv       : num  0.781 1.043 1.467 -0.812 0.446 ...
 $ PrevRaceHorse.LastTimeSdv        : num  -1.554 -1.269 0.973 1.186 -0.258 ...
 $ PrevRaceHorse.IsRun              : num  1 1 1 1 1 1 1 1 1 1 ...
 $ PrevRaceHorse.IsHit1             : num  0 0 0 0 0 0 0 0 0 0 ...
 $ PrevRaceHorse.IsHit2             : num  0 0 0 0 0 0 0 0 0 0 ...
 $ PrevRaceHorse.IsHit3             : num  0 0 0 0 0 0 0 0 0 1 ...
 $ PrevRaceHorse.IsHit4             : num  0 0 0 0 0 0 0 0 0 0 ...
 $ PrevRaceHorse.IsHit5             : num  0 0 0 0 0 0 0 0 0 0 ...
 $ PrevRaceHorse.RowNum             : num  1 1 2 1 2 3 4 5 6 7 ...
 $ PrevOdds.RealOddsLog1            : num  4.94 2.92 4.05 6.05 6.32 ...
 $ EOF                              : int  1 1 1 1 1 1 1 1 1 1 ...
 - attr(*, "na.action")= 'omit' Named int  425 426 427 428 429 430 480 481 482 2535 ...
  ..- attr(*, "names")= chr  "425" "426" "427" "428" ...
[1] "2022-03-09 08:57:37 --- na.omit Finish ---"
[1] "2022-03-09 08:57:37 --- rxLogit with rxStepControl Start ---"

> print(paste0(Sys.time(), " --- source_logic_glm.R Start ---"))
[1] "2022-03-09 08:57:37 --- source_logic_glm.R Start ---"

> formula <- formula(RaceHorse.IsHitA ~ +1 + PrevRaceHorse.FinishTimeSdvByRace)

> print(paste0(Sys.time(), " --- source_logic_glm.R Finished ---"))
[1] "2022-03-09 08:57:37 --- source_logic_glm.R Finished ---"
Rows Read: 49509, Total Rows Processed: 49509, Total Chunk Time: 0.003 seconds 

Starting values (iteration 1) time: 0.016 secs.
Rows Read: 49509, Total Rows Processed: 49509, Total Chunk Time: 0.003 seconds 

Iteration 2 time: 0.007 secs.
Rows Read: 49509, Total Rows Processed: 49509, Total Chunk Time: 0.004 seconds 

Iteration 3 time: 0.006 secs.
Rows Read: 49509, Total Rows Processed: 49509, Total Chunk Time: 0.004 seconds 

Iteration 4 time: 0.006 secs.

Elapsed computation time: 0.048 secs.
Rows Read: 49509, Total Rows Processed: 49509, Total Chunk Time: Less than .001 seconds 

Starting values (iteration 1) time: 0.007 secs.
Rows Read: 49509, Total Rows Processed: 49509, Total Chunk Time: 0.003 seconds 

Iteration 2 time: 0.006 secs.

Elapsed computation time: 0.023 secs.
Rows Read: 49509, Total Rows Processed: 49509, Total Chunk Time: 0.002 seconds 

Starting values (iteration 1) time: 0.006 secs.
Rows Read: 49509, Total Rows Processed: 49509, Total Chunk Time: 0.004 seconds 

Iteration 2 time: 0.010 secs.
Rows Read: 49509, Total Rows Processed: 49509, Total Chunk Time: 0.004 seconds 

Iteration 3 time: 0.007 secs.
Rows Read: 49509, Total Rows Processed: 49509, Total Chunk Time: 0.003 seconds 

Iteration 4 time: 0.007 secs.

Elapsed computation time: 0.045 secs.

Elapsed computation time: 0.131 secs.
[1] "--------------------------------------------------------------------------------"
[1] "analyze.results.glm.step="
Logistic Regression Results for: RaceHorse.IsHitA ~
    PrevRaceHorse.FinishTimeSdvByRace
Data: data
Dependent variable(s): RaceHorse.IsHitA
Total independent variables: 2 
Number of valid observations: 49509
Number of missing observations: 0 
 
Coefficients:
                                  RaceHorse.IsHitA
(Intercept)                                   -2.9
PrevRaceHorse.FinishTimeSdvByRace              0.3
[1] "analyze.results.glm.step.summary"
Call:
rxLogit(formula = formula, data = data, variableSelection = analyze.results.glm.step.varsel)

Logistic Regression Results for: RaceHorse.IsHitA ~
    PrevRaceHorse.FinishTimeSdvByRace
Data: data
Dependent variable(s): RaceHorse.IsHitA
Total independent variables: 2 
Number of valid observations: 49509
Number of missing observations: 0 
-2*LogLikelihood: 21535.075 (Residual deviance on 49507 degrees of freedom)
 
Coefficients:
                                  Estimate Std. Error z value Pr(>|z|)    
(Intercept)                        -2.9180     0.0226  -129.2  2.2e-16 ***
PrevRaceHorse.FinishTimeSdvByRace   0.3012     0.0249    12.1  2.2e-16 ***
---
Signif. codes:  0 '***' 0.001 '**' 0.01 '*' 0.05 '.' 0.1 ' ' 1

Condition number of final variance-covariance matrix: 1 
Number of iterations: 4
[1] "--------------------------------------------------------------------------------"
[1] "2022-03-09 08:57:37 --- rxLogit with rxStepControl Finish ---"
[1] "2022-03-09 08:57:37 --- rxStepPlot Start ---"
[1] "pdfFilename=pdf_analyze_glm_Gen02_Type11_rxStepPlot.pdf"
[1] "rxStepPlot="
[1] "2022-03-09 08:57:37 --- rxStepPlot Finish ---"
[1] "2022-03-09 08:57:37 --- save.image Start ---"
[1] "save.image"
[1] "rdataFilename=RData_analyze_glm_Gen02_Type11.RData"
[1] "2022-03-09 08:57:37 --- save.image Finish ---"
[1] "2022-03-09 08:57:37 --- final Start ---"
[1] "--------------------------------------------------------------------------------"
[1] "nrow(data) final=49509"
[1] "--------------------------------------------------------------------------------"
[1] "2022-03-09 08:57:37 --- final Finish ---"
[1] "2022-03-09 08:57:37 --- analyze_glm.R Finished ---"
[1] "2022-03-09 08:57:37 --- log Finish ---"
