[1] "2022-03-09 08:49:19 --- D1116_analyze_glm_Gen01_IsHitA_Type15 Start ---"
[1] "2022-03-09 08:49:19 --- Log Start ---"
[1] "2022-03-09 08:49:19 --- analyze_glm.R Start ---"
[1] "analyzeVersion=D1116"
[1] "analyzeCategory=analyze"
[1] "analyzeType=Gen01"
[1] "analyzeFamily=IsHitA"
[1] "analyzeFunc=glm"
[1] "analyzeTrackTypeCd=1"
[1] "analyzeJyokenCd=5"
[1] "2022-03-09 08:49:19 --- source_function.R Start ---"
[1] "2022-03-09 08:49:19 --- source_function.R Finished ---"

> print(paste0(Sys.time(), " --- source_library.R Start ---"))
[1] "2022-03-09 08:49:19 --- source_library.R Start ---"

> require("RevoScaleR")

> print(paste0(Sys.time(), " --- source_library.R Finished ---"))
[1] "2022-03-09 08:49:19 --- source_library.R Finished ---"
[1] "2022-03-09 08:49:19 --- RxSqlServerData Start ---"
[1] "2022-03-09 08:49:19 --- RxInSqlServer Start ---"
[1] "2022-03-09 08:49:19 --- RxInSqlServer Finish ---"
[1] "2022-03-09 08:49:19 --- rxSetComputeContext Start ---"
[1] "2022-03-09 08:49:19 --- rxSetComputeContext Finish ---"
[1] "2022-03-09 08:49:19 --- RxSqlServerData Start ---"
[1] "sqlQuery=SELECT * FROM ViewAnalyzeD1116analyze01Gen01Type15"
[1] "2022-03-09 08:49:19 --- RxSqlServerData Finish ---"
[1] "2022-03-09 08:49:19 --- rxGetVarInfo Start ---"
[1] "2022-03-09 08:49:19 --- rxGetVarInfo Finish---"
[1] "2022-03-09 08:49:19 --- rxImport Start ---"
Rows Read: 14157856, Total Rows Processed: 14157856, Total Chunk Time: 316.900 seconds 
[1] "2022-03-09 08:57:23 --- rxImport Finish ---"
[1] "object.size(data) auto=3.9 Gb"
[1] "--------------------------------------------------------------------------------"
[1] "nrow(data) RxSqlServerData=14157856"
[1] "--------------------------------------------------------------------------------"
[1] "str(data)="
'data.frame':	14157856 obs. of  45 variables:
 $ Race.RaceId                      : Factor w/ 2474 levels "20160105-06-01-01-05",..: 1 1 1 1 1 1 1 1 1 1 ...
 $ Race.IsAnalyzeNormalPastAndFuture: logi  TRUE TRUE TRUE TRUE TRUE TRUE ...
 $ Race.IsAnalyzeNormalPast         : logi  TRUE TRUE TRUE TRUE TRUE TRUE ...
 $ Race.IsAnalyzeNormalFuture       : logi  FALSE FALSE FALSE FALSE FALSE FALSE ...
 $ Race.IsAnalyzeFullPastAndFuture  : logi  TRUE TRUE TRUE TRUE TRUE TRUE ...
 $ Race.IsAnalyzeFullPast           : logi  TRUE TRUE TRUE TRUE TRUE TRUE ...
 $ Race.IsAnalyzeFullFuture         : logi  FALSE FALSE FALSE FALSE FALSE FALSE ...
 $ Race.JyokenCd                    : Factor w/ 1 level "5": 1 1 1 1 1 1 1 1 1 1 ...
 $ Race.JyoType1Cd                  : Factor w/ 175 levels "17-06-2000-1",..: 1 1 1 1 1 1 1 1 1 1 ...
 $ Race.RaceType1Cd                 : Factor w/ 2 levels "1-5-12","1-5-11": 1 1 1 1 1 1 1 1 1 1 ...
 $ RaceHorse.RaceId                 : Factor w/ 2474 levels "20160105-06-01-01-05",..: 1 1 1 1 1 1 1 1 1 1 ...
 $ RaceHorse.KettoNum               : Factor w/ 13806 levels "2013101441","2013105304",..: 2 2 2 2 2 2 2 2 2 2 ...
 $ RaceHorse.IsHit1                 : num  1 1 1 1 1 1 1 1 1 1 ...
 $ RaceHorse.IsHit2                 : num  0 0 0 0 0 0 0 0 0 0 ...
 $ RaceHorse.IsHit3                 : num  0 0 0 0 0 0 0 0 0 0 ...
 $ RaceHorse.IsHit4                 : num  0 0 0 0 0 0 0 0 0 0 ...
 $ RaceHorse.IsHit5                 : num  0 0 0 0 0 0 0 0 0 0 ...
 $ RaceHorse.IsHit6                 : num  0 0 0 0 0 0 0 0 0 0 ...
 $ RaceHorse.IsValidRaceHorse       : logi  TRUE TRUE TRUE TRUE TRUE TRUE ...
 $ RaceHorse.FinishTimeSdvByRace    : num  1.52 1.52 1.52 1.52 1.52 ...
 $ RaceHorse.FirstTimeSdvByRace     : num  0.802 0.802 0.802 0.802 0.802 ...
 $ RaceHorse.LastTimeSdvByRace      : num  1.08 1.08 1.08 1.08 1.08 ...
 $ RaceHorse.FinishTimeSdv          : num  1.07 1.07 1.07 1.07 1.07 ...
 $ RaceHorse.FirstTimeSdv           : num  0.833 0.833 0.833 0.833 0.833 ...
 $ RaceHorse.LastTimeSdv            : num  0.61 0.61 0.61 0.61 0.61 ...
 $ RaceHorse.IsHitA                 : num  1 1 1 1 1 1 1 1 1 1 ...
 $ RaceHorse.IsHitB                 : num  1 1 1 1 1 1 1 1 1 1 ...
 $ RaceHorse.IsHitC                 : num  1 1 1 1 1 1 1 1 1 1 ...
 $ PrevRaceHorse.RaceId             : Factor w/ 5363 levels "20150906-04-02-12-07",..: 8 9 10 11 12 13 13 13 14 14 ...
 $ PrevRaceHorse.KettoNum           : Factor w/ 23699 levels "2012101379","2012102251",..: 11 12 13 14 15 16 17 18 19 20 ...
 $ PrevRaceHorse.FinishTimeSdvByRace: num  0.27 0.318 0.407 1.02 0.869 ...
 $ PrevRaceHorse.FirstTimeSdvByRace : num  -0.4976 0.5676 -0.2598 0.0825 0.8429 ...
 $ PrevRaceHorse.LastTimeSdvByRace  : num  0.481 0.188 0.697 0.843 0.314 ...
 $ PrevRaceHorse.FinishTimeSdv      : num  -0.794 -0.672 -0.465 -0.257 -0.321 ...
 $ PrevRaceHorse.FirstTimeSdv       : num  -0.838 -0.189 -1.013 -0.396 0.178 ...
 $ PrevRaceHorse.LastTimeSdv        : num  -0.0728 -0.7257 0.1998 0.0931 -0.5784 ...
 $ PrevRaceHorse.IsRun              : num  1 1 1 1 1 1 1 1 1 1 ...
 $ PrevRaceHorse.IsHit1             : num  0 0 0 0 0 1 0 0 0 0 ...
 $ PrevRaceHorse.IsHit2             : num  0 0 0 1 0 0 0 0 0 0 ...
 $ PrevRaceHorse.IsHit3             : num  0 0 0 0 0 0 1 0 0 0 ...
 $ PrevRaceHorse.IsHit4             : num  0 0 0 0 1 0 0 0 0 0 ...
 $ PrevRaceHorse.IsHit5             : num  0 0 0 0 0 0 0 0 0 0 ...
 $ PrevRaceHorse.RowNum             : num  173 174 175 176 177 178 179 180 181 182 ...
 $ PrevOdds.RealOddsLog1            : num  3.95 2.88 2.88 2.33 1.35 ...
 $ EOF                              : int  1 1 1 1 1 1 1 1 1 1 ...
[1] "2022-03-09 08:57:23 --- RxSqlServerData Finish ---"
[1] "2022-03-09 08:57:23 --- subset Start ---"
[1] "--------------------------------------------------------------------------------"
[1] "nrow(data) subset before=14157856"
[1] "nrow(data) subset after =14157856"
[1] "nrow(data) subset diff =0"
[1] "--------------------------------------------------------------------------------"
[1] "2022-03-09 08:57:28 --- subset Finish---"
[1] "2022-03-09 08:57:28 --- transform Start ---"
[1] "--------------------------------------------------------------------------------"
[1] "nrow(data) transform before=14157856"
[1] "nrow(data) transform after=14157856"
[1] "nrow(data) transform diff=0"
[1] "--------------------------------------------------------------------------------"
[1] "str(data)="
'data.frame':	14157856 obs. of  45 variables:
 $ Race.RaceId                      : Factor w/ 2474 levels "20160105-06-01-01-05",..: 1 1 1 1 1 1 1 1 1 1 ...
 $ Race.IsAnalyzeNormalPastAndFuture: logi  TRUE TRUE TRUE TRUE TRUE TRUE ...
 $ Race.IsAnalyzeNormalPast         : logi  TRUE TRUE TRUE TRUE TRUE TRUE ...
 $ Race.IsAnalyzeNormalFuture       : logi  FALSE FALSE FALSE FALSE FALSE FALSE ...
 $ Race.IsAnalyzeFullPastAndFuture  : logi  TRUE TRUE TRUE TRUE TRUE TRUE ...
 $ Race.IsAnalyzeFullPast           : logi  TRUE TRUE TRUE TRUE TRUE TRUE ...
 $ Race.IsAnalyzeFullFuture         : logi  FALSE FALSE FALSE FALSE FALSE FALSE ...
 $ Race.JyokenCd                    : Factor w/ 1 level "5": 1 1 1 1 1 1 1 1 1 1 ...
 $ Race.JyoType1Cd                  : Factor w/ 175 levels "17-06-2000-1",..: 1 1 1 1 1 1 1 1 1 1 ...
 $ Race.RaceType1Cd                 : Factor w/ 2 levels "1-5-12","1-5-11": 1 1 1 1 1 1 1 1 1 1 ...
 $ RaceHorse.RaceId                 : Factor w/ 2474 levels "20160105-06-01-01-05",..: 1 1 1 1 1 1 1 1 1 1 ...
 $ RaceHorse.KettoNum               : Factor w/ 13806 levels "2013101441","2013105304",..: 2 2 2 2 2 2 2 2 2 2 ...
 $ RaceHorse.IsHit1                 : num  1 1 1 1 1 1 1 1 1 1 ...
 $ RaceHorse.IsHit2                 : num  0 0 0 0 0 0 0 0 0 0 ...
 $ RaceHorse.IsHit3                 : num  0 0 0 0 0 0 0 0 0 0 ...
 $ RaceHorse.IsHit4                 : num  0 0 0 0 0 0 0 0 0 0 ...
 $ RaceHorse.IsHit5                 : num  0 0 0 0 0 0 0 0 0 0 ...
 $ RaceHorse.IsHit6                 : num  0 0 0 0 0 0 0 0 0 0 ...
 $ RaceHorse.IsValidRaceHorse       : logi  TRUE TRUE TRUE TRUE TRUE TRUE ...
 $ RaceHorse.FinishTimeSdvByRace    : num  1.52 1.52 1.52 1.52 1.52 ...
 $ RaceHorse.FirstTimeSdvByRace     : num  0.802 0.802 0.802 0.802 0.802 ...
 $ RaceHorse.LastTimeSdvByRace      : num  1.08 1.08 1.08 1.08 1.08 ...
 $ RaceHorse.FinishTimeSdv          : num  1.07 1.07 1.07 1.07 1.07 ...
 $ RaceHorse.FirstTimeSdv           : num  0.833 0.833 0.833 0.833 0.833 ...
 $ RaceHorse.LastTimeSdv            : num  0.61 0.61 0.61 0.61 0.61 ...
 $ RaceHorse.IsHitA                 : num  1 1 1 1 1 1 1 1 1 1 ...
 $ RaceHorse.IsHitB                 : num  1 1 1 1 1 1 1 1 1 1 ...
 $ RaceHorse.IsHitC                 : num  1 1 1 1 1 1 1 1 1 1 ...
 $ PrevRaceHorse.RaceId             : Factor w/ 5363 levels "20150906-04-02-12-07",..: 8 9 10 11 12 13 13 13 14 14 ...
 $ PrevRaceHorse.KettoNum           : Factor w/ 23699 levels "2012101379","2012102251",..: 11 12 13 14 15 16 17 18 19 20 ...
 $ PrevRaceHorse.FinishTimeSdvByRace: num  0.27 0.318 0.407 1.02 0.869 ...
 $ PrevRaceHorse.FirstTimeSdvByRace : num  -0.4976 0.5676 -0.2598 0.0825 0.8429 ...
 $ PrevRaceHorse.LastTimeSdvByRace  : num  0.481 0.188 0.697 0.843 0.314 ...
 $ PrevRaceHorse.FinishTimeSdv      : num  -0.794 -0.672 -0.465 -0.257 -0.321 ...
 $ PrevRaceHorse.FirstTimeSdv       : num  -0.838 -0.189 -1.013 -0.396 0.178 ...
 $ PrevRaceHorse.LastTimeSdv        : num  -0.0728 -0.7257 0.1998 0.0931 -0.5784 ...
 $ PrevRaceHorse.IsRun              : num  1 1 1 1 1 1 1 1 1 1 ...
 $ PrevRaceHorse.IsHit1             : num  0 0 0 0 0 1 0 0 0 0 ...
 $ PrevRaceHorse.IsHit2             : num  0 0 0 1 0 0 0 0 0 0 ...
 $ PrevRaceHorse.IsHit3             : num  0 0 0 0 0 0 1 0 0 0 ...
 $ PrevRaceHorse.IsHit4             : num  0 0 0 0 1 0 0 0 0 0 ...
 $ PrevRaceHorse.IsHit5             : num  0 0 0 0 0 0 0 0 0 0 ...
 $ PrevRaceHorse.RowNum             : num  173 174 175 176 177 178 179 180 181 182 ...
 $ PrevOdds.RealOddsLog1            : num  3.95 2.88 2.88 2.33 1.35 ...
 $ EOF                              : int  1 1 1 1 1 1 1 1 1 1 ...
NULL
[1] "2022-03-09 08:57:28 --- transform Finish ---"
[1] "2022-03-09 08:57:28 --- na.omit Start ---"
[1] "--------------------------------------------------------------------------------"
[1] "nrow(data) na.omit before=14157856"
[1] "nrow(data) na.omit after =14066522"
[1] "nrow(data) na.omit diff =91334"
[1] "--------------------------------------------------------------------------------"
'data.frame':	14066522 obs. of  45 variables:
 $ Race.RaceId                      : Factor w/ 2474 levels "20160105-06-01-01-05",..: 1 1 1 1 1 1 1 1 1 1 ...
 $ Race.IsAnalyzeNormalPastAndFuture: logi  TRUE TRUE TRUE TRUE TRUE TRUE ...
 $ Race.IsAnalyzeNormalPast         : logi  TRUE TRUE TRUE TRUE TRUE TRUE ...
 $ Race.IsAnalyzeNormalFuture       : logi  FALSE FALSE FALSE FALSE FALSE FALSE ...
 $ Race.IsAnalyzeFullPastAndFuture  : logi  TRUE TRUE TRUE TRUE TRUE TRUE ...
 $ Race.IsAnalyzeFullPast           : logi  TRUE TRUE TRUE TRUE TRUE TRUE ...
 $ Race.IsAnalyzeFullFuture         : logi  FALSE FALSE FALSE FALSE FALSE FALSE ...
 $ Race.JyokenCd                    : Factor w/ 1 level "5": 1 1 1 1 1 1 1 1 1 1 ...
 $ Race.JyoType1Cd                  : Factor w/ 175 levels "17-06-2000-1",..: 1 1 1 1 1 1 1 1 1 1 ...
 $ Race.RaceType1Cd                 : Factor w/ 2 levels "1-5-12","1-5-11": 1 1 1 1 1 1 1 1 1 1 ...
 $ RaceHorse.RaceId                 : Factor w/ 2474 levels "20160105-06-01-01-05",..: 1 1 1 1 1 1 1 1 1 1 ...
 $ RaceHorse.KettoNum               : Factor w/ 13806 levels "2013101441","2013105304",..: 2 2 2 2 2 2 2 2 2 2 ...
 $ RaceHorse.IsHit1                 : num  1 1 1 1 1 1 1 1 1 1 ...
 $ RaceHorse.IsHit2                 : num  0 0 0 0 0 0 0 0 0 0 ...
 $ RaceHorse.IsHit3                 : num  0 0 0 0 0 0 0 0 0 0 ...
 $ RaceHorse.IsHit4                 : num  0 0 0 0 0 0 0 0 0 0 ...
 $ RaceHorse.IsHit5                 : num  0 0 0 0 0 0 0 0 0 0 ...
 $ RaceHorse.IsHit6                 : num  0 0 0 0 0 0 0 0 0 0 ...
 $ RaceHorse.IsValidRaceHorse       : logi  TRUE TRUE TRUE TRUE TRUE TRUE ...
 $ RaceHorse.FinishTimeSdvByRace    : num  1.52 1.52 1.52 1.52 1.52 ...
 $ RaceHorse.FirstTimeSdvByRace     : num  0.802 0.802 0.802 0.802 0.802 ...
 $ RaceHorse.LastTimeSdvByRace      : num  1.08 1.08 1.08 1.08 1.08 ...
 $ RaceHorse.FinishTimeSdv          : num  1.07 1.07 1.07 1.07 1.07 ...
 $ RaceHorse.FirstTimeSdv           : num  0.833 0.833 0.833 0.833 0.833 ...
 $ RaceHorse.LastTimeSdv            : num  0.61 0.61 0.61 0.61 0.61 ...
 $ RaceHorse.IsHitA                 : num  1 1 1 1 1 1 1 1 1 1 ...
 $ RaceHorse.IsHitB                 : num  1 1 1 1 1 1 1 1 1 1 ...
 $ RaceHorse.IsHitC                 : num  1 1 1 1 1 1 1 1 1 1 ...
 $ PrevRaceHorse.RaceId             : Factor w/ 5363 levels "20150906-04-02-12-07",..: 8 9 10 11 12 13 13 13 14 14 ...
 $ PrevRaceHorse.KettoNum           : Factor w/ 23699 levels "2012101379","2012102251",..: 11 12 13 14 15 16 17 18 19 20 ...
 $ PrevRaceHorse.FinishTimeSdvByRace: num  0.27 0.318 0.407 1.02 0.869 ...
 $ PrevRaceHorse.FirstTimeSdvByRace : num  -0.4976 0.5676 -0.2598 0.0825 0.8429 ...
 $ PrevRaceHorse.LastTimeSdvByRace  : num  0.481 0.188 0.697 0.843 0.314 ...
 $ PrevRaceHorse.FinishTimeSdv      : num  -0.794 -0.672 -0.465 -0.257 -0.321 ...
 $ PrevRaceHorse.FirstTimeSdv       : num  -0.838 -0.189 -1.013 -0.396 0.178 ...
 $ PrevRaceHorse.LastTimeSdv        : num  -0.0728 -0.7257 0.1998 0.0931 -0.5784 ...
 $ PrevRaceHorse.IsRun              : num  1 1 1 1 1 1 1 1 1 1 ...
 $ PrevRaceHorse.IsHit1             : num  0 0 0 0 0 1 0 0 0 0 ...
 $ PrevRaceHorse.IsHit2             : num  0 0 0 1 0 0 0 0 0 0 ...
 $ PrevRaceHorse.IsHit3             : num  0 0 0 0 0 0 1 0 0 0 ...
 $ PrevRaceHorse.IsHit4             : num  0 0 0 0 1 0 0 0 0 0 ...
 $ PrevRaceHorse.IsHit5             : num  0 0 0 0 0 0 0 0 0 0 ...
 $ PrevRaceHorse.RowNum             : num  173 174 175 176 177 178 179 180 181 182 ...
 $ PrevOdds.RealOddsLog1            : num  3.95 2.88 2.88 2.33 1.35 ...
 $ EOF                              : int  1 1 1 1 1 1 1 1 1 1 ...
 - attr(*, "na.action")= 'omit' Named int  181009 181010 181011 181012 181013 181014 181015 181016 181017 181150 ...
  ..- attr(*, "names")= chr  "181009" "181010" "181011" "181012" ...
[1] "2022-03-09 08:57:35 --- na.omit Finish ---"
[1] "2022-03-09 08:57:35 --- rxLogit with rxStepControl Start ---"

> print(paste0(Sys.time(), " --- source_logic_glm.R Start ---"))
[1] "2022-03-09 08:57:35 --- source_logic_glm.R Start ---"

> formula <- formula(RaceHorse.IsHitA ~ +1 + PrevRaceHorse.FinishTimeSdvByRace)

> print(paste0(Sys.time(), " --- source_logic_glm.R Finished ---"))
[1] "2022-03-09 08:57:35 --- source_logic_glm.R Finished ---"
Rows Read: 14066522, Total Rows Processed: 14066522, Total Chunk Time: 0.208 seconds 

Starting values (iteration 1) time: 0.251 secs.
Rows Read: 14066522, Total Rows Processed: 14066522, Total Chunk Time: 0.502 seconds 

Iteration 2 time: 0.545 secs.
Rows Read: 14066522, Total Rows Processed: 14066522, Total Chunk Time: 0.522 seconds 

Iteration 3 time: 0.545 secs.
Rows Read: 14066522, Total Rows Processed: 14066522, Total Chunk Time: 0.537 seconds 

Iteration 4 time: 0.563 secs.

Elapsed computation time: 1.905 secs.
Rows Read: 14066522, Total Rows Processed: 14066522, Total Chunk Time: 0.122 seconds 

Starting values (iteration 1) time: 0.146 secs.
Rows Read: 14066522, Total Rows Processed: 14066522, Total Chunk Time: 0.376 seconds 

Iteration 2 time: 0.401 secs.

Elapsed computation time: 0.548 secs.
Rows Read: 14066522, Total Rows Processed: 14066522, Total Chunk Time: 0.188 seconds 

Starting values (iteration 1) time: 0.214 secs.
Rows Read: 14066522, Total Rows Processed: 14066522, Total Chunk Time: 0.539 seconds 

Iteration 2 time: 0.568 secs.
Rows Read: 14066522, Total Rows Processed: 14066522, Total Chunk Time: 0.463 seconds 

Iteration 3 time: 0.485 secs.
Rows Read: 14066522, Total Rows Processed: 14066522, Total Chunk Time: 0.494 seconds 

Iteration 4 time: 0.516 secs.

Elapsed computation time: 1.783 secs.

Elapsed computation time: 4.276 secs.
[1] "--------------------------------------------------------------------------------"
[1] "analyze.results.glm.step="
Logistic Regression Results for: RaceHorse.IsHitA ~
    PrevRaceHorse.FinishTimeSdvByRace
Data: data
Dependent variable(s): RaceHorse.IsHitA
Total independent variables: 2 
Number of valid observations: 14066522
Number of missing observations: 0 
 
Coefficients:
                                  RaceHorse.IsHitA
(Intercept)                                   -2.4
PrevRaceHorse.FinishTimeSdvByRace              0.1
[1] "analyze.results.glm.step.summary"
Call:
rxLogit(formula = formula, data = data, variableSelection = analyze.results.glm.step.varsel)

Logistic Regression Results for: RaceHorse.IsHitA ~
    PrevRaceHorse.FinishTimeSdvByRace
Data: data
Dependent variable(s): RaceHorse.IsHitA
Total independent variables: 2 
Number of valid observations: 14066522
Number of missing observations: 0 
-2*LogLikelihood: 8053617.373 (Residual deviance on 14066520 degrees of freedom)
 
Coefficients:
                                  Estimate Std. Error z value Pr(>|z|)    
(Intercept)                       -2.44714    0.00109   -2255  2.2e-16 ***
PrevRaceHorse.FinishTimeSdvByRace  0.13620    0.00128     107  2.2e-16 ***
---
Signif. codes:  0 '***' 0.001 '**' 0.01 '*' 0.05 '.' 0.1 ' ' 1

Condition number of final variance-covariance matrix: 1 
Number of iterations: 4
[1] "--------------------------------------------------------------------------------"
[1] "2022-03-09 08:57:46 --- rxLogit with rxStepControl Finish ---"
[1] "2022-03-09 08:57:46 --- rxStepPlot Start ---"
[1] "pdfFilename=pdf_analyze_glm_Gen01_Type15_rxStepPlot.pdf"
[1] "rxStepPlot="
[1] "2022-03-09 08:57:46 --- rxStepPlot Finish ---"
[1] "2022-03-09 08:57:46 --- save.image Start ---"
[1] "save.image"
[1] "rdataFilename=RData_analyze_glm_Gen01_Type15.RData"
[1] "2022-03-09 08:58:39 --- save.image Finish ---"
[1] "2022-03-09 08:58:39 --- final Start ---"
[1] "--------------------------------------------------------------------------------"
[1] "nrow(data) final=14066522"
[1] "--------------------------------------------------------------------------------"
[1] "2022-03-09 08:58:39 --- final Finish ---"
[1] "2022-03-09 08:58:39 --- analyze_glm.R Finished ---"
[1] "2022-03-09 08:58:39 --- log Finish ---"
