[1] "2022-03-09 09:00:36 --- D1116_analyze_glm_Horse_IsHitA_Type22 Start ---"
[1] "2022-03-09 09:00:36 --- Log Start ---"
[1] "2022-03-09 09:00:36 --- analyze_glm.R Start ---"
[1] "analyzeVersion=D1116"
[1] "analyzeCategory=analyze"
[1] "analyzeType=Horse"
[1] "analyzeFamily=IsHitA"
[1] "analyzeFunc=glm"
[1] "analyzeTrackTypeCd=2"
[1] "analyzeJyokenCd=2"
[1] "2022-03-09 09:00:36 --- source_function.R Start ---"
[1] "2022-03-09 09:00:36 --- source_function.R Finished ---"

> print(paste0(Sys.time(), " --- source_library.R Start ---"))
[1] "2022-03-09 09:00:36 --- source_library.R Start ---"

> require("RevoScaleR")

> print(paste0(Sys.time(), " --- source_library.R Finished ---"))
[1] "2022-03-09 09:00:37 --- source_library.R Finished ---"
[1] "2022-03-09 09:00:37 --- RxSqlServerData Start ---"
[1] "2022-03-09 09:00:37 --- RxInSqlServer Start ---"
[1] "2022-03-09 09:00:37 --- RxInSqlServer Finish ---"
[1] "2022-03-09 09:00:37 --- rxSetComputeContext Start ---"
[1] "2022-03-09 09:00:37 --- rxSetComputeContext Finish ---"
[1] "2022-03-09 09:00:37 --- RxSqlServerData Start ---"
[1] "sqlQuery=SELECT * FROM ViewAnalyzeD1116analyze01HorseType22"
[1] "2022-03-09 09:00:37 --- RxSqlServerData Finish ---"
[1] "2022-03-09 09:00:37 --- rxGetVarInfo Start ---"
[1] "2022-03-09 09:00:37 --- rxGetVarInfo Finish---"
[1] "2022-03-09 09:00:37 --- rxImport Start ---"
Rows Read: 13282, Total Rows Processed: 13282, Total Chunk Time: 0.588 seconds 
[1] "2022-03-09 09:00:39 --- rxImport Finish ---"
[1] "object.size(data) auto=4 Mb"
[1] "--------------------------------------------------------------------------------"
[1] "nrow(data) RxSqlServerData=13282"
[1] "--------------------------------------------------------------------------------"
[1] "str(data)="
'data.frame':	13282 obs. of  45 variables:
 $ Race.RaceId                      : Factor w/ 399 levels "20160105-08-01-01-09",..: 1 1 1 1 1 1 1 1 1 1 ...
 $ Race.IsAnalyzeNormalPastAndFuture: logi  TRUE TRUE TRUE TRUE TRUE TRUE ...
 $ Race.IsAnalyzeNormalPast         : logi  TRUE TRUE TRUE TRUE TRUE TRUE ...
 $ Race.IsAnalyzeNormalFuture       : logi  FALSE FALSE FALSE FALSE FALSE FALSE ...
 $ Race.IsAnalyzeFullPastAndFuture  : logi  TRUE TRUE TRUE TRUE TRUE TRUE ...
 $ Race.IsAnalyzeFullPast           : logi  TRUE TRUE TRUE TRUE TRUE TRUE ...
 $ Race.IsAnalyzeFullFuture         : logi  FALSE FALSE FALSE FALSE FALSE FALSE ...
 $ Race.JyokenCd                    : Factor w/ 1 level "2": 1 1 1 1 1 1 1 1 1 1 ...
 $ Race.JyoType1Cd                  : Factor w/ 71 levels "24-08-1900-1",..: 1 1 1 1 1 1 1 1 1 1 ...
 $ Race.RaceType1Cd                 : Factor w/ 2 levels "2-2-14","2-2-13": 1 1 1 1 1 1 1 1 1 1 ...
 $ RaceHorse.RaceId                 : Factor w/ 399 levels "20160105-08-01-01-09",..: 1 1 1 1 1 1 1 1 1 1 ...
 $ RaceHorse.KettoNum               : Factor w/ 859 levels "2009101989","2010106474",..: 1 1 1 1 1 1 2 2 2 2 ...
 $ RaceHorse.IsHit1                 : num  0 0 0 0 0 0 0 0 0 0 ...
 $ RaceHorse.IsHit2                 : num  0 0 0 0 0 0 0 0 0 0 ...
 $ RaceHorse.IsHit3                 : num  0 0 0 0 0 0 0 0 0 0 ...
 $ RaceHorse.IsHit4                 : num  1 1 1 1 1 1 0 0 0 0 ...
 $ RaceHorse.IsHit5                 : num  0 0 0 0 0 0 0 0 0 0 ...
 $ RaceHorse.IsHit6                 : num  0 0 0 0 0 0 1 1 1 1 ...
 $ RaceHorse.IsValidRaceHorse       : logi  TRUE TRUE TRUE TRUE TRUE TRUE ...
 $ RaceHorse.FinishTimeSdvByRace    : num  0.628 0.628 0.628 0.628 0.628 ...
 $ RaceHorse.FirstTimeSdvByRace     : num  -1.28 -1.28 -1.28 -1.28 -1.28 ...
 $ RaceHorse.LastTimeSdvByRace      : num  1.88 1.88 1.88 1.88 1.88 ...
 $ RaceHorse.FinishTimeSdv          : num  1.03 1.03 1.03 1.03 1.03 ...
 $ RaceHorse.FirstTimeSdv           : num  -0.262 -0.262 -0.262 -0.262 -0.262 ...
 $ RaceHorse.LastTimeSdv            : num  1.63 1.63 1.63 1.63 1.63 ...
 $ RaceHorse.IsHitA                 : num  0 0 0 0 0 0 0 0 0 0 ...
 $ RaceHorse.IsHitB                 : num  0 0 0 0 0 0 0 0 0 0 ...
 $ RaceHorse.IsHitC                 : num  0 0 0 0 0 0 0 0 0 0 ...
 $ PrevRaceHorse.RaceId             : Factor w/ 537 levels "20150530-05-02-11-10",..: 1 2 3 4 5 6 7 8 9 10 ...
 $ PrevRaceHorse.KettoNum           : Factor w/ 859 levels "2009101989","2010106474",..: 1 1 1 1 1 1 2 2 2 2 ...
 $ PrevRaceHorse.FinishTimeSdvByRace: num  -0.111 0.963 0.819 -0.282 0.423 ...
 $ PrevRaceHorse.FirstTimeSdvByRace : num  -1.491 -1.398 -1.046 0.111 -1.421 ...
 $ PrevRaceHorse.LastTimeSdvByRace  : num  1.309 1.77 1.292 -0.276 0.851 ...
 $ PrevRaceHorse.FinishTimeSdv      : num  1.228 1.3 1.286 0.74 0.928 ...
 $ PrevRaceHorse.FirstTimeSdv       : num  0.425 -0.789 -0.482 1.047 -0.262 ...
 $ PrevRaceHorse.LastTimeSdv        : num  1.309 2.168 1.934 0.211 1.502 ...
 $ PrevRaceHorse.IsRun              : num  1 1 1 1 1 1 1 1 1 1 ...
 $ PrevRaceHorse.IsHit1             : num  0 0 0 0 0 0 0 0 0 0 ...
 $ PrevRaceHorse.IsHit2             : num  0 0 0 0 0 0 0 1 0 0 ...
 $ PrevRaceHorse.IsHit3             : num  0 1 0 0 0 0 1 0 0 0 ...
 $ PrevRaceHorse.IsHit4             : num  0 0 0 0 0 0 0 0 0 0 ...
 $ PrevRaceHorse.IsHit5             : num  0 0 0 0 0 0 0 0 0 0 ...
 $ PrevRaceHorse.RowNum             : num  1 2 3 4 5 6 1 2 3 4 ...
 $ PrevOdds.RealOddsLog1            : num  2.56 4.21 4.76 3.95 3.71 ...
 $ EOF                              : int  1 1 1 1 1 1 1 1 1 1 ...
[1] "2022-03-09 09:00:39 --- RxSqlServerData Finish ---"
[1] "2022-03-09 09:00:39 --- subset Start ---"
[1] "--------------------------------------------------------------------------------"
[1] "nrow(data) subset before=13282"
[1] "nrow(data) subset after =13282"
[1] "nrow(data) subset diff =0"
[1] "--------------------------------------------------------------------------------"
[1] "2022-03-09 09:00:39 --- subset Finish---"
[1] "2022-03-09 09:00:39 --- transform Start ---"
[1] "--------------------------------------------------------------------------------"
[1] "nrow(data) transform before=13282"
[1] "nrow(data) transform after=13282"
[1] "nrow(data) transform diff=0"
[1] "--------------------------------------------------------------------------------"
[1] "str(data)="
'data.frame':	13282 obs. of  45 variables:
 $ Race.RaceId                      : Factor w/ 399 levels "20160105-08-01-01-09",..: 1 1 1 1 1 1 1 1 1 1 ...
 $ Race.IsAnalyzeNormalPastAndFuture: logi  TRUE TRUE TRUE TRUE TRUE TRUE ...
 $ Race.IsAnalyzeNormalPast         : logi  TRUE TRUE TRUE TRUE TRUE TRUE ...
 $ Race.IsAnalyzeNormalFuture       : logi  FALSE FALSE FALSE FALSE FALSE FALSE ...
 $ Race.IsAnalyzeFullPastAndFuture  : logi  TRUE TRUE TRUE TRUE TRUE TRUE ...
 $ Race.IsAnalyzeFullPast           : logi  TRUE TRUE TRUE TRUE TRUE TRUE ...
 $ Race.IsAnalyzeFullFuture         : logi  FALSE FALSE FALSE FALSE FALSE FALSE ...
 $ Race.JyokenCd                    : Factor w/ 1 level "2": 1 1 1 1 1 1 1 1 1 1 ...
 $ Race.JyoType1Cd                  : Factor w/ 71 levels "24-08-1900-1",..: 1 1 1 1 1 1 1 1 1 1 ...
 $ Race.RaceType1Cd                 : Factor w/ 2 levels "2-2-14","2-2-13": 1 1 1 1 1 1 1 1 1 1 ...
 $ RaceHorse.RaceId                 : Factor w/ 399 levels "20160105-08-01-01-09",..: 1 1 1 1 1 1 1 1 1 1 ...
 $ RaceHorse.KettoNum               : Factor w/ 859 levels "2009101989","2010106474",..: 1 1 1 1 1 1 2 2 2 2 ...
 $ RaceHorse.IsHit1                 : num  0 0 0 0 0 0 0 0 0 0 ...
 $ RaceHorse.IsHit2                 : num  0 0 0 0 0 0 0 0 0 0 ...
 $ RaceHorse.IsHit3                 : num  0 0 0 0 0 0 0 0 0 0 ...
 $ RaceHorse.IsHit4                 : num  1 1 1 1 1 1 0 0 0 0 ...
 $ RaceHorse.IsHit5                 : num  0 0 0 0 0 0 0 0 0 0 ...
 $ RaceHorse.IsHit6                 : num  0 0 0 0 0 0 1 1 1 1 ...
 $ RaceHorse.IsValidRaceHorse       : logi  TRUE TRUE TRUE TRUE TRUE TRUE ...
 $ RaceHorse.FinishTimeSdvByRace    : num  0.628 0.628 0.628 0.628 0.628 ...
 $ RaceHorse.FirstTimeSdvByRace     : num  -1.28 -1.28 -1.28 -1.28 -1.28 ...
 $ RaceHorse.LastTimeSdvByRace      : num  1.88 1.88 1.88 1.88 1.88 ...
 $ RaceHorse.FinishTimeSdv          : num  1.03 1.03 1.03 1.03 1.03 ...
 $ RaceHorse.FirstTimeSdv           : num  -0.262 -0.262 -0.262 -0.262 -0.262 ...
 $ RaceHorse.LastTimeSdv            : num  1.63 1.63 1.63 1.63 1.63 ...
 $ RaceHorse.IsHitA                 : num  0 0 0 0 0 0 0 0 0 0 ...
 $ RaceHorse.IsHitB                 : num  0 0 0 0 0 0 0 0 0 0 ...
 $ RaceHorse.IsHitC                 : num  0 0 0 0 0 0 0 0 0 0 ...
 $ PrevRaceHorse.RaceId             : Factor w/ 537 levels "20150530-05-02-11-10",..: 1 2 3 4 5 6 7 8 9 10 ...
 $ PrevRaceHorse.KettoNum           : Factor w/ 859 levels "2009101989","2010106474",..: 1 1 1 1 1 1 2 2 2 2 ...
 $ PrevRaceHorse.FinishTimeSdvByRace: num  -0.111 0.963 0.819 -0.282 0.423 ...
 $ PrevRaceHorse.FirstTimeSdvByRace : num  -1.491 -1.398 -1.046 0.111 -1.421 ...
 $ PrevRaceHorse.LastTimeSdvByRace  : num  1.309 1.77 1.292 -0.276 0.851 ...
 $ PrevRaceHorse.FinishTimeSdv      : num  1.228 1.3 1.286 0.74 0.928 ...
 $ PrevRaceHorse.FirstTimeSdv       : num  0.425 -0.789 -0.482 1.047 -0.262 ...
 $ PrevRaceHorse.LastTimeSdv        : num  1.309 2.168 1.934 0.211 1.502 ...
 $ PrevRaceHorse.IsRun              : num  1 1 1 1 1 1 1 1 1 1 ...
 $ PrevRaceHorse.IsHit1             : num  0 0 0 0 0 0 0 0 0 0 ...
 $ PrevRaceHorse.IsHit2             : num  0 0 0 0 0 0 0 1 0 0 ...
 $ PrevRaceHorse.IsHit3             : num  0 1 0 0 0 0 1 0 0 0 ...
 $ PrevRaceHorse.IsHit4             : num  0 0 0 0 0 0 0 0 0 0 ...
 $ PrevRaceHorse.IsHit5             : num  0 0 0 0 0 0 0 0 0 0 ...
 $ PrevRaceHorse.RowNum             : num  1 2 3 4 5 6 1 2 3 4 ...
 $ PrevOdds.RealOddsLog1            : num  2.56 4.21 4.76 3.95 3.71 ...
 $ EOF                              : int  1 1 1 1 1 1 1 1 1 1 ...
NULL
[1] "2022-03-09 09:00:39 --- transform Finish ---"
[1] "2022-03-09 09:00:39 --- na.omit Start ---"
[1] "--------------------------------------------------------------------------------"
[1] "nrow(data) na.omit before=13282"
[1] "nrow(data) na.omit after =13223"
[1] "nrow(data) na.omit diff =59"
[1] "--------------------------------------------------------------------------------"
'data.frame':	13223 obs. of  45 variables:
 $ Race.RaceId                      : Factor w/ 399 levels "20160105-08-01-01-09",..: 1 1 1 1 1 1 1 1 1 1 ...
 $ Race.IsAnalyzeNormalPastAndFuture: logi  TRUE TRUE TRUE TRUE TRUE TRUE ...
 $ Race.IsAnalyzeNormalPast         : logi  TRUE TRUE TRUE TRUE TRUE TRUE ...
 $ Race.IsAnalyzeNormalFuture       : logi  FALSE FALSE FALSE FALSE FALSE FALSE ...
 $ Race.IsAnalyzeFullPastAndFuture  : logi  TRUE TRUE TRUE TRUE TRUE TRUE ...
 $ Race.IsAnalyzeFullPast           : logi  TRUE TRUE TRUE TRUE TRUE TRUE ...
 $ Race.IsAnalyzeFullFuture         : logi  FALSE FALSE FALSE FALSE FALSE FALSE ...
 $ Race.JyokenCd                    : Factor w/ 1 level "2": 1 1 1 1 1 1 1 1 1 1 ...
 $ Race.JyoType1Cd                  : Factor w/ 71 levels "24-08-1900-1",..: 1 1 1 1 1 1 1 1 1 1 ...
 $ Race.RaceType1Cd                 : Factor w/ 2 levels "2-2-14","2-2-13": 1 1 1 1 1 1 1 1 1 1 ...
 $ RaceHorse.RaceId                 : Factor w/ 399 levels "20160105-08-01-01-09",..: 1 1 1 1 1 1 1 1 1 1 ...
 $ RaceHorse.KettoNum               : Factor w/ 859 levels "2009101989","2010106474",..: 1 1 1 1 1 1 2 2 2 2 ...
 $ RaceHorse.IsHit1                 : num  0 0 0 0 0 0 0 0 0 0 ...
 $ RaceHorse.IsHit2                 : num  0 0 0 0 0 0 0 0 0 0 ...
 $ RaceHorse.IsHit3                 : num  0 0 0 0 0 0 0 0 0 0 ...
 $ RaceHorse.IsHit4                 : num  1 1 1 1 1 1 0 0 0 0 ...
 $ RaceHorse.IsHit5                 : num  0 0 0 0 0 0 0 0 0 0 ...
 $ RaceHorse.IsHit6                 : num  0 0 0 0 0 0 1 1 1 1 ...
 $ RaceHorse.IsValidRaceHorse       : logi  TRUE TRUE TRUE TRUE TRUE TRUE ...
 $ RaceHorse.FinishTimeSdvByRace    : num  0.628 0.628 0.628 0.628 0.628 ...
 $ RaceHorse.FirstTimeSdvByRace     : num  -1.28 -1.28 -1.28 -1.28 -1.28 ...
 $ RaceHorse.LastTimeSdvByRace      : num  1.88 1.88 1.88 1.88 1.88 ...
 $ RaceHorse.FinishTimeSdv          : num  1.03 1.03 1.03 1.03 1.03 ...
 $ RaceHorse.FirstTimeSdv           : num  -0.262 -0.262 -0.262 -0.262 -0.262 ...
 $ RaceHorse.LastTimeSdv            : num  1.63 1.63 1.63 1.63 1.63 ...
 $ RaceHorse.IsHitA                 : num  0 0 0 0 0 0 0 0 0 0 ...
 $ RaceHorse.IsHitB                 : num  0 0 0 0 0 0 0 0 0 0 ...
 $ RaceHorse.IsHitC                 : num  0 0 0 0 0 0 0 0 0 0 ...
 $ PrevRaceHorse.RaceId             : Factor w/ 537 levels "20150530-05-02-11-10",..: 1 2 3 4 5 6 7 8 9 10 ...
 $ PrevRaceHorse.KettoNum           : Factor w/ 859 levels "2009101989","2010106474",..: 1 1 1 1 1 1 2 2 2 2 ...
 $ PrevRaceHorse.FinishTimeSdvByRace: num  -0.111 0.963 0.819 -0.282 0.423 ...
 $ PrevRaceHorse.FirstTimeSdvByRace : num  -1.491 -1.398 -1.046 0.111 -1.421 ...
 $ PrevRaceHorse.LastTimeSdvByRace  : num  1.309 1.77 1.292 -0.276 0.851 ...
 $ PrevRaceHorse.FinishTimeSdv      : num  1.228 1.3 1.286 0.74 0.928 ...
 $ PrevRaceHorse.FirstTimeSdv       : num  0.425 -0.789 -0.482 1.047 -0.262 ...
 $ PrevRaceHorse.LastTimeSdv        : num  1.309 2.168 1.934 0.211 1.502 ...
 $ PrevRaceHorse.IsRun              : num  1 1 1 1 1 1 1 1 1 1 ...
 $ PrevRaceHorse.IsHit1             : num  0 0 0 0 0 0 0 0 0 0 ...
 $ PrevRaceHorse.IsHit2             : num  0 0 0 0 0 0 0 1 0 0 ...
 $ PrevRaceHorse.IsHit3             : num  0 1 0 0 0 0 1 0 0 0 ...
 $ PrevRaceHorse.IsHit4             : num  0 0 0 0 0 0 0 0 0 0 ...
 $ PrevRaceHorse.IsHit5             : num  0 0 0 0 0 0 0 0 0 0 ...
 $ PrevRaceHorse.RowNum             : num  1 2 3 4 5 6 1 2 3 4 ...
 $ PrevOdds.RealOddsLog1            : num  2.56 4.21 4.76 3.95 3.71 ...
 $ EOF                              : int  1 1 1 1 1 1 1 1 1 1 ...
 - attr(*, "na.action")= 'omit' Named int  102 701 1411 1412 1413 1414 1415 2937 2938 2993 ...
  ..- attr(*, "names")= chr  "102" "701" "1411" "1412" ...
[1] "2022-03-09 09:00:40 --- na.omit Finish ---"
[1] "2022-03-09 09:00:40 --- rxLogit with rxStepControl Start ---"

> print(paste0(Sys.time(), " --- source_logic_glm.R Start ---"))
[1] "2022-03-09 09:00:40 --- source_logic_glm.R Start ---"

> formula <- formula(RaceHorse.IsHitA ~ +1 + PrevRaceHorse.FinishTimeSdvByRace)

> print(paste0(Sys.time(), " --- source_logic_glm.R Finished ---"))
[1] "2022-03-09 09:00:40 --- source_logic_glm.R Finished ---"
Rows Read: 13223, Total Rows Processed: 13223, Total Chunk Time: Less than .001 seconds 

Starting values (iteration 1) time: 0.007 secs.
Rows Read: 13223, Total Rows Processed: 13223, Total Chunk Time: Less than .001 seconds 

Iteration 2 time: 0.004 secs.
Rows Read: 13223, Total Rows Processed: 13223, Total Chunk Time: Less than .001 seconds 

Iteration 3 time: 0.004 secs.
Rows Read: 13223, Total Rows Processed: 13223, Total Chunk Time: Less than .001 seconds 

Iteration 4 time: 0.004 secs.
Rows Read: 13223, Total Rows Processed: 13223, Total Chunk Time: 0.002 seconds 

Iteration 5 time: 0.005 secs.

Elapsed computation time: 0.041 secs.
Rows Read: 13223, Total Rows Processed: 13223, Total Chunk Time: Less than .001 seconds 

Starting values (iteration 1) time: 0.004 secs.
Rows Read: 13223, Total Rows Processed: 13223, Total Chunk Time: Less than .001 seconds 

Iteration 2 time: 0.005 secs.

Elapsed computation time: 0.016 secs.
Rows Read: 13223, Total Rows Processed: 13223, Total Chunk Time: Less than .001 seconds 

Starting values (iteration 1) time: 0.005 secs.
Rows Read: 13223, Total Rows Processed: 13223, Total Chunk Time: Less than .001 seconds 

Iteration 2 time: 0.005 secs.
Rows Read: 13223, Total Rows Processed: 13223, Total Chunk Time: 0.002 seconds 

Iteration 3 time: 0.005 secs.
Rows Read: 13223, Total Rows Processed: 13223, Total Chunk Time: Less than .001 seconds 

Iteration 4 time: 0.004 secs.
Rows Read: 13223, Total Rows Processed: 13223, Total Chunk Time: Less than .001 seconds 

Iteration 5 time: 0.004 secs.

Elapsed computation time: 0.044 secs.

Elapsed computation time: 0.113 secs.
[1] "--------------------------------------------------------------------------------"
[1] "analyze.results.glm.step="
Logistic Regression Results for: RaceHorse.IsHitA ~
    PrevRaceHorse.FinishTimeSdvByRace
Data: data
Dependent variable(s): RaceHorse.IsHitA
Total independent variables: 2 
Number of valid observations: 13223
Number of missing observations: 0 
 
Coefficients:
                                  RaceHorse.IsHitA
(Intercept)                                   -3.1
PrevRaceHorse.FinishTimeSdvByRace              0.6
[1] "analyze.results.glm.step.summary"
Call:
rxLogit(formula = formula, data = data, variableSelection = analyze.results.glm.step.varsel)

Logistic Regression Results for: RaceHorse.IsHitA ~
    PrevRaceHorse.FinishTimeSdvByRace
Data: data
Dependent variable(s): RaceHorse.IsHitA
Total independent variables: 2 
Number of valid observations: 13223
Number of missing observations: 0 
-2*LogLikelihood: 5187.367 (Residual deviance on 13221 degrees of freedom)
 
Coefficients:
                                  Estimate Std. Error z value Pr(>|z|)    
(Intercept)                        -3.1190     0.0478   -65.2  2.2e-16 ***
PrevRaceHorse.FinishTimeSdvByRace   0.6366     0.0612    10.4  2.2e-16 ***
---
Signif. codes:  0 '***' 0.001 '**' 0.01 '*' 0.05 '.' 0.1 ' ' 1

Condition number of final variance-covariance matrix: 1 
Number of iterations: 5
[1] "--------------------------------------------------------------------------------"
[1] "2022-03-09 09:00:40 --- rxLogit with rxStepControl Finish ---"
[1] "2022-03-09 09:00:40 --- rxStepPlot Start ---"
[1] "pdfFilename=pdf_analyze_glm_Horse_Type22_rxStepPlot.pdf"
[1] "rxStepPlot="
[1] "2022-03-09 09:00:40 --- rxStepPlot Finish ---"
[1] "2022-03-09 09:00:40 --- save.image Start ---"
[1] "save.image"
[1] "rdataFilename=RData_analyze_glm_Horse_Type22.RData"
[1] "2022-03-09 09:00:40 --- save.image Finish ---"
[1] "2022-03-09 09:00:40 --- final Start ---"
[1] "--------------------------------------------------------------------------------"
[1] "nrow(data) final=13223"
[1] "--------------------------------------------------------------------------------"
[1] "2022-03-09 09:00:40 --- final Finish ---"
[1] "2022-03-09 09:00:40 --- analyze_glm.R Finished ---"
[1] "2022-03-09 09:00:40 --- log Finish ---"
