[1] "2022-03-09 08:49:18 --- D1116_analyze_glm_Gen01_IsHitA_Type12 Start ---"
[1] "2022-03-09 08:49:18 --- Log Start ---"
[1] "2022-03-09 08:49:18 --- analyze_glm.R Start ---"
[1] "analyzeVersion=D1116"
[1] "analyzeCategory=analyze"
[1] "analyzeType=Gen01"
[1] "analyzeFamily=IsHitA"
[1] "analyzeFunc=glm"
[1] "analyzeTrackTypeCd=1"
[1] "analyzeJyokenCd=2"
[1] "2022-03-09 08:49:18 --- source_function.R Start ---"
[1] "2022-03-09 08:49:18 --- source_function.R Finished ---"

> print(paste0(Sys.time(), " --- source_library.R Start ---"))
[1] "2022-03-09 08:49:18 --- source_library.R Start ---"

> require("RevoScaleR")

> print(paste0(Sys.time(), " --- source_library.R Finished ---"))
[1] "2022-03-09 08:49:19 --- source_library.R Finished ---"
[1] "2022-03-09 08:49:19 --- RxSqlServerData Start ---"
[1] "2022-03-09 08:49:19 --- RxInSqlServer Start ---"
[1] "2022-03-09 08:49:19 --- RxInSqlServer Finish ---"
[1] "2022-03-09 08:49:19 --- rxSetComputeContext Start ---"
[1] "2022-03-09 08:49:19 --- rxSetComputeContext Finish ---"
[1] "2022-03-09 08:49:19 --- RxSqlServerData Start ---"
[1] "sqlQuery=SELECT * FROM ViewAnalyzeD1116analyze01Gen01Type12"
[1] "2022-03-09 08:49:19 --- RxSqlServerData Finish ---"
[1] "2022-03-09 08:49:19 --- rxGetVarInfo Start ---"
[1] "2022-03-09 08:49:19 --- rxGetVarInfo Finish---"
[1] "2022-03-09 08:49:19 --- rxImport Start ---"
Rows Read: 826121, Total Rows Processed: 826121, Total Chunk Time: 25.528 seconds 
[1] "2022-03-09 08:50:23 --- rxImport Finish ---"
[1] "object.size(data) auto=233.7 Mb"
[1] "--------------------------------------------------------------------------------"
[1] "nrow(data) RxSqlServerData=826121"
[1] "--------------------------------------------------------------------------------"
[1] "str(data)="
'data.frame':	826121 obs. of  45 variables:
 $ Race.RaceId                      : Factor w/ 529 levels "20160109-06-01-02-10",..: 1 1 1 1 1 1 1 1 1 1 ...
 $ Race.IsAnalyzeNormalPastAndFuture: logi  TRUE TRUE TRUE TRUE TRUE TRUE ...
 $ Race.IsAnalyzeNormalPast         : logi  TRUE TRUE TRUE TRUE TRUE TRUE ...
 $ Race.IsAnalyzeNormalFuture       : logi  FALSE FALSE FALSE FALSE FALSE FALSE ...
 $ Race.IsAnalyzeFullPastAndFuture  : logi  TRUE TRUE TRUE TRUE TRUE TRUE ...
 $ Race.IsAnalyzeFullPast           : logi  TRUE TRUE TRUE TRUE TRUE TRUE ...
 $ Race.IsAnalyzeFullFuture         : logi  FALSE FALSE FALSE FALSE FALSE FALSE ...
 $ Race.JyokenCd                    : Factor w/ 1 level "2": 1 1 1 1 1 1 1 1 1 1 ...
 $ Race.JyoType1Cd                  : Factor w/ 112 levels "18-06-2200-1",..: 1 1 1 1 1 1 1 1 1 1 ...
 $ Race.RaceType1Cd                 : Factor w/ 2 levels "1-2-14","1-2-13": 1 1 1 1 1 1 1 1 1 1 ...
 $ RaceHorse.RaceId                 : Factor w/ 529 levels "20160109-06-01-02-10",..: 1 1 1 1 1 1 1 1 1 1 ...
 $ RaceHorse.KettoNum               : Factor w/ 1392 levels "2007100476","2008102799",..: 1 1 1 1 1 1 1 1 1 1 ...
 $ RaceHorse.IsHit1                 : num  0 0 0 0 0 0 0 0 0 0 ...
 $ RaceHorse.IsHit2                 : num  0 0 0 0 0 0 0 0 0 0 ...
 $ RaceHorse.IsHit3                 : num  0 0 0 0 0 0 0 0 0 0 ...
 $ RaceHorse.IsHit4                 : num  0 0 0 0 0 0 0 0 0 0 ...
 $ RaceHorse.IsHit5                 : num  0 0 0 0 0 0 0 0 0 0 ...
 $ RaceHorse.IsHit6                 : num  1 1 1 1 1 1 1 1 1 1 ...
 $ RaceHorse.IsValidRaceHorse       : logi  TRUE TRUE TRUE TRUE TRUE TRUE ...
 $ RaceHorse.FinishTimeSdvByRace    : num  0.0431 0.0431 0.0431 0.0431 0.0431 ...
 $ RaceHorse.FirstTimeSdvByRace     : num  -0.212 -0.212 -0.212 -0.212 -0.212 ...
 $ RaceHorse.LastTimeSdvByRace      : num  0.195 0.195 0.195 0.195 0.195 ...
 $ RaceHorse.FinishTimeSdv          : num  0.244 0.244 0.244 0.244 0.244 ...
 $ RaceHorse.FirstTimeSdv           : num  -0.495 -0.495 -0.495 -0.495 -0.495 ...
 $ RaceHorse.LastTimeSdv            : num  1.05 1.05 1.05 1.05 1.05 ...
 $ RaceHorse.IsHitA                 : num  0 0 0 0 0 0 0 0 0 0 ...
 $ RaceHorse.IsHitB                 : num  0 0 0 0 0 0 0 0 0 0 ...
 $ RaceHorse.IsHitC                 : num  0 0 0 0 0 0 0 0 0 0 ...
 $ PrevRaceHorse.RaceId             : Factor w/ 1139 levels "20150517-08-03-08-09",..: 1 2 2 3 4 5 6 7 8 9 ...
 $ PrevRaceHorse.KettoNum           : Factor w/ 2437 levels "2008101162","2007100476",..: 1 2 3 2 3 1 1 2 4 2 ...
 $ PrevRaceHorse.FinishTimeSdvByRace: num  0.0684 0.7453 0.9759 0.2624 -0.0445 ...
 $ PrevRaceHorse.FirstTimeSdvByRace : num  -1.2854 -1.4413 -0.9349 0.0985 -0.9946 ...
 $ PrevRaceHorse.LastTimeSdvByRace  : num  0.996 1.342 1.191 0.176 0.437 ...
 $ PrevRaceHorse.FinishTimeSdv      : num  0.995 1.324 1.367 -0.326 -0.303 ...
 $ PrevRaceHorse.FirstTimeSdv       : num  -0.248 0.686 0.784 -0.772 -0.744 ...
 $ PrevRaceHorse.LastTimeSdv        : num  1.991 1.263 1.19 0.642 0.348 ...
 $ PrevRaceHorse.IsRun              : num  1 1 1 1 1 1 1 1 1 1 ...
 $ PrevRaceHorse.IsHit1             : num  0 0 1 0 0 0 0 0 0 0 ...
 $ PrevRaceHorse.IsHit2             : num  0 0 0 0 0 0 0 0 0 0 ...
 $ PrevRaceHorse.IsHit3             : num  0 1 0 0 0 0 0 1 0 0 ...
 $ PrevRaceHorse.IsHit4             : num  0 0 0 0 0 0 0 0 0 0 ...
 $ PrevRaceHorse.IsHit5             : num  0 0 0 0 0 0 0 0 0 0 ...
 $ PrevRaceHorse.RowNum             : num  1 2 3 4 5 6 7 8 9 10 ...
 $ PrevOdds.RealOddsLog1            : num  4.09 2.94 2.47 2.11 2.79 ...
 $ EOF                              : int  1 1 1 1 1 1 1 1 1 1 ...
[1] "2022-03-09 08:50:23 --- RxSqlServerData Finish ---"
[1] "2022-03-09 08:50:23 --- subset Start ---"
[1] "--------------------------------------------------------------------------------"
[1] "nrow(data) subset before=826121"
[1] "nrow(data) subset after =826121"
[1] "nrow(data) subset diff =0"
[1] "--------------------------------------------------------------------------------"
[1] "2022-03-09 08:50:24 --- subset Finish---"
[1] "2022-03-09 08:50:24 --- transform Start ---"
[1] "--------------------------------------------------------------------------------"
[1] "nrow(data) transform before=826121"
[1] "nrow(data) transform after=826121"
[1] "nrow(data) transform diff=0"
[1] "--------------------------------------------------------------------------------"
[1] "str(data)="
'data.frame':	826121 obs. of  45 variables:
 $ Race.RaceId                      : Factor w/ 529 levels "20160109-06-01-02-10",..: 1 1 1 1 1 1 1 1 1 1 ...
 $ Race.IsAnalyzeNormalPastAndFuture: logi  TRUE TRUE TRUE TRUE TRUE TRUE ...
 $ Race.IsAnalyzeNormalPast         : logi  TRUE TRUE TRUE TRUE TRUE TRUE ...
 $ Race.IsAnalyzeNormalFuture       : logi  FALSE FALSE FALSE FALSE FALSE FALSE ...
 $ Race.IsAnalyzeFullPastAndFuture  : logi  TRUE TRUE TRUE TRUE TRUE TRUE ...
 $ Race.IsAnalyzeFullPast           : logi  TRUE TRUE TRUE TRUE TRUE TRUE ...
 $ Race.IsAnalyzeFullFuture         : logi  FALSE FALSE FALSE FALSE FALSE FALSE ...
 $ Race.JyokenCd                    : Factor w/ 1 level "2": 1 1 1 1 1 1 1 1 1 1 ...
 $ Race.JyoType1Cd                  : Factor w/ 112 levels "18-06-2200-1",..: 1 1 1 1 1 1 1 1 1 1 ...
 $ Race.RaceType1Cd                 : Factor w/ 2 levels "1-2-14","1-2-13": 1 1 1 1 1 1 1 1 1 1 ...
 $ RaceHorse.RaceId                 : Factor w/ 529 levels "20160109-06-01-02-10",..: 1 1 1 1 1 1 1 1 1 1 ...
 $ RaceHorse.KettoNum               : Factor w/ 1392 levels "2007100476","2008102799",..: 1 1 1 1 1 1 1 1 1 1 ...
 $ RaceHorse.IsHit1                 : num  0 0 0 0 0 0 0 0 0 0 ...
 $ RaceHorse.IsHit2                 : num  0 0 0 0 0 0 0 0 0 0 ...
 $ RaceHorse.IsHit3                 : num  0 0 0 0 0 0 0 0 0 0 ...
 $ RaceHorse.IsHit4                 : num  0 0 0 0 0 0 0 0 0 0 ...
 $ RaceHorse.IsHit5                 : num  0 0 0 0 0 0 0 0 0 0 ...
 $ RaceHorse.IsHit6                 : num  1 1 1 1 1 1 1 1 1 1 ...
 $ RaceHorse.IsValidRaceHorse       : logi  TRUE TRUE TRUE TRUE TRUE TRUE ...
 $ RaceHorse.FinishTimeSdvByRace    : num  0.0431 0.0431 0.0431 0.0431 0.0431 ...
 $ RaceHorse.FirstTimeSdvByRace     : num  -0.212 -0.212 -0.212 -0.212 -0.212 ...
 $ RaceHorse.LastTimeSdvByRace      : num  0.195 0.195 0.195 0.195 0.195 ...
 $ RaceHorse.FinishTimeSdv          : num  0.244 0.244 0.244 0.244 0.244 ...
 $ RaceHorse.FirstTimeSdv           : num  -0.495 -0.495 -0.495 -0.495 -0.495 ...
 $ RaceHorse.LastTimeSdv            : num  1.05 1.05 1.05 1.05 1.05 ...
 $ RaceHorse.IsHitA                 : num  0 0 0 0 0 0 0 0 0 0 ...
 $ RaceHorse.IsHitB                 : num  0 0 0 0 0 0 0 0 0 0 ...
 $ RaceHorse.IsHitC                 : num  0 0 0 0 0 0 0 0 0 0 ...
 $ PrevRaceHorse.RaceId             : Factor w/ 1139 levels "20150517-08-03-08-09",..: 1 2 2 3 4 5 6 7 8 9 ...
 $ PrevRaceHorse.KettoNum           : Factor w/ 2437 levels "2008101162","2007100476",..: 1 2 3 2 3 1 1 2 4 2 ...
 $ PrevRaceHorse.FinishTimeSdvByRace: num  0.0684 0.7453 0.9759 0.2624 -0.0445 ...
 $ PrevRaceHorse.FirstTimeSdvByRace : num  -1.2854 -1.4413 -0.9349 0.0985 -0.9946 ...
 $ PrevRaceHorse.LastTimeSdvByRace  : num  0.996 1.342 1.191 0.176 0.437 ...
 $ PrevRaceHorse.FinishTimeSdv      : num  0.995 1.324 1.367 -0.326 -0.303 ...
 $ PrevRaceHorse.FirstTimeSdv       : num  -0.248 0.686 0.784 -0.772 -0.744 ...
 $ PrevRaceHorse.LastTimeSdv        : num  1.991 1.263 1.19 0.642 0.348 ...
 $ PrevRaceHorse.IsRun              : num  1 1 1 1 1 1 1 1 1 1 ...
 $ PrevRaceHorse.IsHit1             : num  0 0 1 0 0 0 0 0 0 0 ...
 $ PrevRaceHorse.IsHit2             : num  0 0 0 0 0 0 0 0 0 0 ...
 $ PrevRaceHorse.IsHit3             : num  0 1 0 0 0 0 0 1 0 0 ...
 $ PrevRaceHorse.IsHit4             : num  0 0 0 0 0 0 0 0 0 0 ...
 $ PrevRaceHorse.IsHit5             : num  0 0 0 0 0 0 0 0 0 0 ...
 $ PrevRaceHorse.RowNum             : num  1 2 3 4 5 6 7 8 9 10 ...
 $ PrevOdds.RealOddsLog1            : num  4.09 2.94 2.47 2.11 2.79 ...
 $ EOF                              : int  1 1 1 1 1 1 1 1 1 1 ...
NULL
[1] "2022-03-09 08:50:24 --- transform Finish ---"
[1] "2022-03-09 08:50:24 --- na.omit Start ---"
[1] "--------------------------------------------------------------------------------"
[1] "nrow(data) na.omit before=826121"
[1] "nrow(data) na.omit after =821753"
[1] "nrow(data) na.omit diff =4368"
[1] "--------------------------------------------------------------------------------"
'data.frame':	821753 obs. of  45 variables:
 $ Race.RaceId                      : Factor w/ 529 levels "20160109-06-01-02-10",..: 1 1 1 1 1 1 1 1 1 1 ...
 $ Race.IsAnalyzeNormalPastAndFuture: logi  TRUE TRUE TRUE TRUE TRUE TRUE ...
 $ Race.IsAnalyzeNormalPast         : logi  TRUE TRUE TRUE TRUE TRUE TRUE ...
 $ Race.IsAnalyzeNormalFuture       : logi  FALSE FALSE FALSE FALSE FALSE FALSE ...
 $ Race.IsAnalyzeFullPastAndFuture  : logi  TRUE TRUE TRUE TRUE TRUE TRUE ...
 $ Race.IsAnalyzeFullPast           : logi  TRUE TRUE TRUE TRUE TRUE TRUE ...
 $ Race.IsAnalyzeFullFuture         : logi  FALSE FALSE FALSE FALSE FALSE FALSE ...
 $ Race.JyokenCd                    : Factor w/ 1 level "2": 1 1 1 1 1 1 1 1 1 1 ...
 $ Race.JyoType1Cd                  : Factor w/ 112 levels "18-06-2200-1",..: 1 1 1 1 1 1 1 1 1 1 ...
 $ Race.RaceType1Cd                 : Factor w/ 2 levels "1-2-14","1-2-13": 1 1 1 1 1 1 1 1 1 1 ...
 $ RaceHorse.RaceId                 : Factor w/ 529 levels "20160109-06-01-02-10",..: 1 1 1 1 1 1 1 1 1 1 ...
 $ RaceHorse.KettoNum               : Factor w/ 1392 levels "2007100476","2008102799",..: 1 1 1 1 1 1 1 1 1 1 ...
 $ RaceHorse.IsHit1                 : num  0 0 0 0 0 0 0 0 0 0 ...
 $ RaceHorse.IsHit2                 : num  0 0 0 0 0 0 0 0 0 0 ...
 $ RaceHorse.IsHit3                 : num  0 0 0 0 0 0 0 0 0 0 ...
 $ RaceHorse.IsHit4                 : num  0 0 0 0 0 0 0 0 0 0 ...
 $ RaceHorse.IsHit5                 : num  0 0 0 0 0 0 0 0 0 0 ...
 $ RaceHorse.IsHit6                 : num  1 1 1 1 1 1 1 1 1 1 ...
 $ RaceHorse.IsValidRaceHorse       : logi  TRUE TRUE TRUE TRUE TRUE TRUE ...
 $ RaceHorse.FinishTimeSdvByRace    : num  0.0431 0.0431 0.0431 0.0431 0.0431 ...
 $ RaceHorse.FirstTimeSdvByRace     : num  -0.212 -0.212 -0.212 -0.212 -0.212 ...
 $ RaceHorse.LastTimeSdvByRace      : num  0.195 0.195 0.195 0.195 0.195 ...
 $ RaceHorse.FinishTimeSdv          : num  0.244 0.244 0.244 0.244 0.244 ...
 $ RaceHorse.FirstTimeSdv           : num  -0.495 -0.495 -0.495 -0.495 -0.495 ...
 $ RaceHorse.LastTimeSdv            : num  1.05 1.05 1.05 1.05 1.05 ...
 $ RaceHorse.IsHitA                 : num  0 0 0 0 0 0 0 0 0 0 ...
 $ RaceHorse.IsHitB                 : num  0 0 0 0 0 0 0 0 0 0 ...
 $ RaceHorse.IsHitC                 : num  0 0 0 0 0 0 0 0 0 0 ...
 $ PrevRaceHorse.RaceId             : Factor w/ 1139 levels "20150517-08-03-08-09",..: 1 2 2 3 4 5 6 7 8 9 ...
 $ PrevRaceHorse.KettoNum           : Factor w/ 2437 levels "2008101162","2007100476",..: 1 2 3 2 3 1 1 2 4 2 ...
 $ PrevRaceHorse.FinishTimeSdvByRace: num  0.0684 0.7453 0.9759 0.2624 -0.0445 ...
 $ PrevRaceHorse.FirstTimeSdvByRace : num  -1.2854 -1.4413 -0.9349 0.0985 -0.9946 ...
 $ PrevRaceHorse.LastTimeSdvByRace  : num  0.996 1.342 1.191 0.176 0.437 ...
 $ PrevRaceHorse.FinishTimeSdv      : num  0.995 1.324 1.367 -0.326 -0.303 ...
 $ PrevRaceHorse.FirstTimeSdv       : num  -0.248 0.686 0.784 -0.772 -0.744 ...
 $ PrevRaceHorse.LastTimeSdv        : num  1.991 1.263 1.19 0.642 0.348 ...
 $ PrevRaceHorse.IsRun              : num  1 1 1 1 1 1 1 1 1 1 ...
 $ PrevRaceHorse.IsHit1             : num  0 0 1 0 0 0 0 0 0 0 ...
 $ PrevRaceHorse.IsHit2             : num  0 0 0 0 0 0 0 0 0 0 ...
 $ PrevRaceHorse.IsHit3             : num  0 1 0 0 0 0 0 1 0 0 ...
 $ PrevRaceHorse.IsHit4             : num  0 0 0 0 0 0 0 0 0 0 ...
 $ PrevRaceHorse.IsHit5             : num  0 0 0 0 0 0 0 0 0 0 ...
 $ PrevRaceHorse.RowNum             : num  1 2 3 4 5 6 7 8 9 10 ...
 $ PrevOdds.RealOddsLog1            : num  4.09 2.94 2.47 2.11 2.79 ...
 $ EOF                              : int  1 1 1 1 1 1 1 1 1 1 ...
 - attr(*, "na.action")= 'omit' Named int  11969 11970 11971 11972 11973 11974 11975 11976 11977 11978 ...
  ..- attr(*, "names")= chr  "11969" "11970" "11971" "11972" ...
[1] "2022-03-09 08:50:24 --- na.omit Finish ---"
[1] "2022-03-09 08:50:24 --- rxLogit with rxStepControl Start ---"

> print(paste0(Sys.time(), " --- source_logic_glm.R Start ---"))
[1] "2022-03-09 08:50:24 --- source_logic_glm.R Start ---"

> formula <- formula(RaceHorse.IsHitA ~ +1 + PrevRaceHorse.FinishTimeSdvByRace)

> print(paste0(Sys.time(), " --- source_logic_glm.R Finished ---"))
[1] "2022-03-09 08:50:25 --- source_logic_glm.R Finished ---"
Rows Read: 821753, Total Rows Processed: 821753, Total Chunk Time: 0.034 seconds 

Starting values (iteration 1) time: 0.056 secs.
Rows Read: 821753, Total Rows Processed: 821753, Total Chunk Time: 0.035 seconds 

Iteration 2 time: 0.045 secs.
Rows Read: 821753, Total Rows Processed: 821753, Total Chunk Time: 0.028 seconds 

Iteration 3 time: 0.032 secs.

Elapsed computation time: 0.137 secs.
Rows Read: 821753, Total Rows Processed: 821753, Total Chunk Time: 0.008 seconds 

Starting values (iteration 1) time: 0.013 secs.
Rows Read: 821753, Total Rows Processed: 821753, Total Chunk Time: 0.028 seconds 

Iteration 2 time: 0.033 secs.

Elapsed computation time: 0.054 secs.
Rows Read: 821753, Total Rows Processed: 821753, Total Chunk Time: 0.011 seconds 

Starting values (iteration 1) time: 0.016 secs.
Rows Read: 821753, Total Rows Processed: 821753, Total Chunk Time: 0.031 seconds 

Iteration 2 time: 0.037 secs.
Rows Read: 821753, Total Rows Processed: 821753, Total Chunk Time: 0.030 seconds 

Iteration 3 time: 0.034 secs.

Elapsed computation time: 0.094 secs.

Elapsed computation time: 0.304 secs.
[1] "--------------------------------------------------------------------------------"
[1] "analyze.results.glm.step="
Logistic Regression Results for: RaceHorse.IsHitA ~
    PrevRaceHorse.FinishTimeSdvByRace
Data: data
Dependent variable(s): RaceHorse.IsHitA
Total independent variables: 2 
Number of valid observations: 821753
Number of missing observations: 0 
 
Coefficients:
                                  RaceHorse.IsHitA
(Intercept)                                  -2.36
PrevRaceHorse.FinishTimeSdvByRace             0.02
[1] "analyze.results.glm.step.summary"
Call:
rxLogit(formula = formula, data = data, variableSelection = analyze.results.glm.step.varsel)

Logistic Regression Results for: RaceHorse.IsHitA ~
    PrevRaceHorse.FinishTimeSdvByRace
Data: data
Dependent variable(s): RaceHorse.IsHitA
Total independent variables: 2 
Number of valid observations: 821753
Number of missing observations: 0 
-2*LogLikelihood: 484981.434 (Residual deviance on 821751 degrees of freedom)
 
Coefficients:
                                  Estimate Std. Error z value Pr(>|z|)    
(Intercept)                       -2.35749    0.00407 -579.08  2.2e-16 ***
PrevRaceHorse.FinishTimeSdvByRace  0.01870    0.00471    3.97  7.1e-05 ***
---
Signif. codes:  0 '***' 0.001 '**' 0.01 '*' 0.05 '.' 0.1 ' ' 1

Condition number of final variance-covariance matrix: 1 
Number of iterations: 3
[1] "--------------------------------------------------------------------------------"
[1] "2022-03-09 08:50:25 --- rxLogit with rxStepControl Finish ---"
[1] "2022-03-09 08:50:25 --- rxStepPlot Start ---"
[1] "pdfFilename=pdf_analyze_glm_Gen01_Type12_rxStepPlot.pdf"
[1] "rxStepPlot="
[1] "2022-03-09 08:50:25 --- rxStepPlot Finish ---"
[1] "2022-03-09 08:50:25 --- save.image Start ---"
[1] "save.image"
[1] "rdataFilename=RData_analyze_glm_Gen01_Type12.RData"
[1] "2022-03-09 08:50:28 --- save.image Finish ---"
[1] "2022-03-09 08:50:28 --- final Start ---"
[1] "--------------------------------------------------------------------------------"
[1] "nrow(data) final=821753"
[1] "--------------------------------------------------------------------------------"
[1] "2022-03-09 08:50:28 --- final Finish ---"
[1] "2022-03-09 08:50:28 --- analyze_glm.R Finished ---"
[1] "2022-03-09 08:50:28 --- log Finish ---"
