[1] "2022-03-09 08:57:26 --- D1116_analyze_glm_Gen02_IsHitA_Type13 Start ---"
[1] "2022-03-09 08:57:26 --- Log Start ---"
[1] "2022-03-09 08:57:26 --- analyze_glm.R Start ---"
[1] "analyzeVersion=D1116"
[1] "analyzeCategory=analyze"
[1] "analyzeType=Gen02"
[1] "analyzeFamily=IsHitA"
[1] "analyzeFunc=glm"
[1] "analyzeTrackTypeCd=1"
[1] "analyzeJyokenCd=3"
[1] "2022-03-09 08:57:26 --- source_function.R Start ---"
[1] "2022-03-09 08:57:26 --- source_function.R Finished ---"

> print(paste0(Sys.time(), " --- source_library.R Start ---"))
[1] "2022-03-09 08:57:26 --- source_library.R Start ---"

> require("RevoScaleR")

> print(paste0(Sys.time(), " --- source_library.R Finished ---"))
[1] "2022-03-09 08:57:27 --- source_library.R Finished ---"
[1] "2022-03-09 08:57:27 --- RxSqlServerData Start ---"
[1] "2022-03-09 08:57:27 --- RxInSqlServer Start ---"
[1] "2022-03-09 08:57:27 --- RxInSqlServer Finish ---"
[1] "2022-03-09 08:57:27 --- rxSetComputeContext Start ---"
[1] "2022-03-09 08:57:27 --- rxSetComputeContext Finish ---"
[1] "2022-03-09 08:57:27 --- RxSqlServerData Start ---"
[1] "sqlQuery=SELECT * FROM ViewAnalyzeD1116analyze01Gen02Type13"
[1] "2022-03-09 08:57:27 --- RxSqlServerData Finish ---"
[1] "2022-03-09 08:57:27 --- rxGetVarInfo Start ---"
[1] "2022-03-09 08:57:27 --- rxGetVarInfo Finish---"
[1] "2022-03-09 08:57:27 --- rxImport Start ---"
Rows Read: 63743, Total Rows Processed: 63743, Total Chunk Time: 4.261 seconds 
[1] "2022-03-09 08:57:36 --- rxImport Finish ---"
[1] "object.size(data) auto=18.8 Mb"
[1] "--------------------------------------------------------------------------------"
[1] "nrow(data) RxSqlServerData=63743"
[1] "--------------------------------------------------------------------------------"
[1] "str(data)="
'data.frame':	63743 obs. of  45 variables:
 $ Race.RaceId                      : Factor w/ 1192 levels "20160105-06-01-01-12",..: 1 1 1 1 1 1 1 1 1 1 ...
 $ Race.IsAnalyzeNormalPastAndFuture: logi  TRUE TRUE TRUE TRUE TRUE TRUE ...
 $ Race.IsAnalyzeNormalPast         : logi  TRUE TRUE TRUE TRUE TRUE TRUE ...
 $ Race.IsAnalyzeNormalFuture       : logi  FALSE FALSE FALSE FALSE FALSE FALSE ...
 $ Race.IsAnalyzeFullPastAndFuture  : logi  TRUE TRUE TRUE TRUE TRUE TRUE ...
 $ Race.IsAnalyzeFullPast           : logi  TRUE TRUE TRUE TRUE TRUE TRUE ...
 $ Race.IsAnalyzeFullFuture         : logi  FALSE FALSE FALSE FALSE FALSE FALSE ...
 $ Race.JyokenCd                    : Factor w/ 1 level "3": 1 1 1 1 1 1 1 1 1 1 ...
 $ Race.JyoType1Cd                  : Factor w/ 154 levels "18-06-1600-1",..: 1 1 1 1 1 1 1 1 1 1 ...
 $ Race.RaceType1Cd                 : Factor w/ 2 levels "1-3-14","1-3-13": 1 1 1 1 1 1 1 1 1 1 ...
 $ RaceHorse.RaceId                 : Factor w/ 1192 levels "20160105-06-01-01-12",..: 1 1 1 1 1 1 1 1 1 1 ...
 $ RaceHorse.KettoNum               : Factor w/ 2389 levels "2010104127","2010109146",..: 1 1 1 1 2 2 2 3 4 4 ...
 $ RaceHorse.IsHit1                 : num  0 0 0 0 0 0 0 0 0 0 ...
 $ RaceHorse.IsHit2                 : num  0 0 0 0 0 0 0 0 0 0 ...
 $ RaceHorse.IsHit3                 : num  0 0 0 0 0 0 0 0 0 0 ...
 $ RaceHorse.IsHit4                 : num  0 0 0 0 0 0 0 1 0 0 ...
 $ RaceHorse.IsHit5                 : num  0 0 0 0 0 0 0 0 0 0 ...
 $ RaceHorse.IsHit6                 : num  1 1 1 1 1 1 1 0 1 1 ...
 $ RaceHorse.IsValidRaceHorse       : logi  TRUE TRUE TRUE TRUE TRUE TRUE ...
 $ RaceHorse.FinishTimeSdvByRace    : num  0.0965 0.0965 0.0965 0.0965 -0.5209 ...
 $ RaceHorse.FirstTimeSdvByRace     : num  0.298 0.298 0.298 0.298 1.448 ...
 $ RaceHorse.LastTimeSdvByRace      : num  -0.204 -0.204 -0.204 -0.204 -2.097 ...
 $ RaceHorse.FinishTimeSdv          : num  0.862 0.862 0.862 0.862 0.655 ...
 $ RaceHorse.FirstTimeSdv           : num  0.391 0.391 0.391 0.391 0.816 ...
 $ RaceHorse.LastTimeSdv            : num  0.9057 0.9057 0.9057 0.9057 -0.0674 ...
 $ RaceHorse.IsHitA                 : num  0 0 0 0 0 0 0 0 0 0 ...
 $ RaceHorse.IsHitB                 : num  0 0 0 0 0 0 0 0 0 0 ...
 $ RaceHorse.IsHitC                 : num  0 0 0 0 0 0 0 0 0 0 ...
 $ PrevRaceHorse.RaceId             : Factor w/ 2452 levels "20150426-05-02-02-09",..: 1 2 3 4 5 6 7 8 9 10 ...
 $ PrevRaceHorse.KettoNum           : Factor w/ 2843 levels "2010104127","2007103186",..: 1 1 2 2 3 4 4 5 6 6 ...
 $ PrevRaceHorse.FinishTimeSdvByRace: num  0.213 0.607 0.982 0.537 -1.554 ...
 $ PrevRaceHorse.FirstTimeSdvByRace : num  0.484 0.286 0.546 -0.612 0.509 ...
 $ PrevRaceHorse.LastTimeSdvByRace  : num  -0.3768 -0.0444 0.8363 0.6088 -2.0985 ...
 $ PrevRaceHorse.FinishTimeSdv      : num  0.559 0.862 0.797 -0.391 0.611 ...
 $ PrevRaceHorse.FirstTimeSdv       : num  0.534 0.816 0.403 -0.874 1.394 ...
 $ PrevRaceHorse.LastTimeSdv        : num  0.181 0.286 0.67 0.46 -1.019 ...
 $ PrevRaceHorse.IsRun              : num  1 1 1 1 1 1 1 1 1 1 ...
 $ PrevRaceHorse.IsHit1             : num  0 0 0 0 0 0 0 0 0 0 ...
 $ PrevRaceHorse.IsHit2             : num  0 0 0 1 0 0 0 0 0 0 ...
 $ PrevRaceHorse.IsHit3             : num  0 0 1 0 0 0 0 0 0 0 ...
 $ PrevRaceHorse.IsHit4             : num  0 0 0 0 0 0 0 1 0 0 ...
 $ PrevRaceHorse.IsHit5             : num  1 1 0 0 0 0 0 0 0 0 ...
 $ PrevRaceHorse.RowNum             : num  1 2 3 4 1 2 3 1 1 2 ...
 $ PrevOdds.RealOddsLog1            : num  2.21 2.92 1.53 2.11 2.72 ...
 $ EOF                              : int  1 1 1 1 1 1 1 1 1 1 ...
[1] "2022-03-09 08:57:36 --- RxSqlServerData Finish ---"
[1] "2022-03-09 08:57:36 --- subset Start ---"
[1] "--------------------------------------------------------------------------------"
[1] "nrow(data) subset before=63743"
[1] "nrow(data) subset after =63743"
[1] "nrow(data) subset diff =0"
[1] "--------------------------------------------------------------------------------"
[1] "2022-03-09 08:57:37 --- subset Finish---"
[1] "2022-03-09 08:57:37 --- transform Start ---"
[1] "--------------------------------------------------------------------------------"
[1] "nrow(data) transform before=63743"
[1] "nrow(data) transform after=63743"
[1] "nrow(data) transform diff=0"
[1] "--------------------------------------------------------------------------------"
[1] "str(data)="
'data.frame':	63743 obs. of  45 variables:
 $ Race.RaceId                      : Factor w/ 1192 levels "20160105-06-01-01-12",..: 1 1 1 1 1 1 1 1 1 1 ...
 $ Race.IsAnalyzeNormalPastAndFuture: logi  TRUE TRUE TRUE TRUE TRUE TRUE ...
 $ Race.IsAnalyzeNormalPast         : logi  TRUE TRUE TRUE TRUE TRUE TRUE ...
 $ Race.IsAnalyzeNormalFuture       : logi  FALSE FALSE FALSE FALSE FALSE FALSE ...
 $ Race.IsAnalyzeFullPastAndFuture  : logi  TRUE TRUE TRUE TRUE TRUE TRUE ...
 $ Race.IsAnalyzeFullPast           : logi  TRUE TRUE TRUE TRUE TRUE TRUE ...
 $ Race.IsAnalyzeFullFuture         : logi  FALSE FALSE FALSE FALSE FALSE FALSE ...
 $ Race.JyokenCd                    : Factor w/ 1 level "3": 1 1 1 1 1 1 1 1 1 1 ...
 $ Race.JyoType1Cd                  : Factor w/ 154 levels "18-06-1600-1",..: 1 1 1 1 1 1 1 1 1 1 ...
 $ Race.RaceType1Cd                 : Factor w/ 2 levels "1-3-14","1-3-13": 1 1 1 1 1 1 1 1 1 1 ...
 $ RaceHorse.RaceId                 : Factor w/ 1192 levels "20160105-06-01-01-12",..: 1 1 1 1 1 1 1 1 1 1 ...
 $ RaceHorse.KettoNum               : Factor w/ 2389 levels "2010104127","2010109146",..: 1 1 1 1 2 2 2 3 4 4 ...
 $ RaceHorse.IsHit1                 : num  0 0 0 0 0 0 0 0 0 0 ...
 $ RaceHorse.IsHit2                 : num  0 0 0 0 0 0 0 0 0 0 ...
 $ RaceHorse.IsHit3                 : num  0 0 0 0 0 0 0 0 0 0 ...
 $ RaceHorse.IsHit4                 : num  0 0 0 0 0 0 0 1 0 0 ...
 $ RaceHorse.IsHit5                 : num  0 0 0 0 0 0 0 0 0 0 ...
 $ RaceHorse.IsHit6                 : num  1 1 1 1 1 1 1 0 1 1 ...
 $ RaceHorse.IsValidRaceHorse       : logi  TRUE TRUE TRUE TRUE TRUE TRUE ...
 $ RaceHorse.FinishTimeSdvByRace    : num  0.0965 0.0965 0.0965 0.0965 -0.5209 ...
 $ RaceHorse.FirstTimeSdvByRace     : num  0.298 0.298 0.298 0.298 1.448 ...
 $ RaceHorse.LastTimeSdvByRace      : num  -0.204 -0.204 -0.204 -0.204 -2.097 ...
 $ RaceHorse.FinishTimeSdv          : num  0.862 0.862 0.862 0.862 0.655 ...
 $ RaceHorse.FirstTimeSdv           : num  0.391 0.391 0.391 0.391 0.816 ...
 $ RaceHorse.LastTimeSdv            : num  0.9057 0.9057 0.9057 0.9057 -0.0674 ...
 $ RaceHorse.IsHitA                 : num  0 0 0 0 0 0 0 0 0 0 ...
 $ RaceHorse.IsHitB                 : num  0 0 0 0 0 0 0 0 0 0 ...
 $ RaceHorse.IsHitC                 : num  0 0 0 0 0 0 0 0 0 0 ...
 $ PrevRaceHorse.RaceId             : Factor w/ 2452 levels "20150426-05-02-02-09",..: 1 2 3 4 5 6 7 8 9 10 ...
 $ PrevRaceHorse.KettoNum           : Factor w/ 2843 levels "2010104127","2007103186",..: 1 1 2 2 3 4 4 5 6 6 ...
 $ PrevRaceHorse.FinishTimeSdvByRace: num  0.213 0.607 0.982 0.537 -1.554 ...
 $ PrevRaceHorse.FirstTimeSdvByRace : num  0.484 0.286 0.546 -0.612 0.509 ...
 $ PrevRaceHorse.LastTimeSdvByRace  : num  -0.3768 -0.0444 0.8363 0.6088 -2.0985 ...
 $ PrevRaceHorse.FinishTimeSdv      : num  0.559 0.862 0.797 -0.391 0.611 ...
 $ PrevRaceHorse.FirstTimeSdv       : num  0.534 0.816 0.403 -0.874 1.394 ...
 $ PrevRaceHorse.LastTimeSdv        : num  0.181 0.286 0.67 0.46 -1.019 ...
 $ PrevRaceHorse.IsRun              : num  1 1 1 1 1 1 1 1 1 1 ...
 $ PrevRaceHorse.IsHit1             : num  0 0 0 0 0 0 0 0 0 0 ...
 $ PrevRaceHorse.IsHit2             : num  0 0 0 1 0 0 0 0 0 0 ...
 $ PrevRaceHorse.IsHit3             : num  0 0 1 0 0 0 0 0 0 0 ...
 $ PrevRaceHorse.IsHit4             : num  0 0 0 0 0 0 0 1 0 0 ...
 $ PrevRaceHorse.IsHit5             : num  1 1 0 0 0 0 0 0 0 0 ...
 $ PrevRaceHorse.RowNum             : num  1 2 3 4 1 2 3 1 1 2 ...
 $ PrevOdds.RealOddsLog1            : num  2.21 2.92 1.53 2.11 2.72 ...
 $ EOF                              : int  1 1 1 1 1 1 1 1 1 1 ...
NULL
[1] "2022-03-09 08:57:37 --- transform Finish ---"
[1] "2022-03-09 08:57:37 --- na.omit Start ---"
[1] "--------------------------------------------------------------------------------"
[1] "nrow(data) na.omit before=63743"
[1] "nrow(data) na.omit after =63421"
[1] "nrow(data) na.omit diff =322"
[1] "--------------------------------------------------------------------------------"
'data.frame':	63421 obs. of  45 variables:
 $ Race.RaceId                      : Factor w/ 1192 levels "20160105-06-01-01-12",..: 1 1 1 1 1 1 1 1 1 1 ...
 $ Race.IsAnalyzeNormalPastAndFuture: logi  TRUE TRUE TRUE TRUE TRUE TRUE ...
 $ Race.IsAnalyzeNormalPast         : logi  TRUE TRUE TRUE TRUE TRUE TRUE ...
 $ Race.IsAnalyzeNormalFuture       : logi  FALSE FALSE FALSE FALSE FALSE FALSE ...
 $ Race.IsAnalyzeFullPastAndFuture  : logi  TRUE TRUE TRUE TRUE TRUE TRUE ...
 $ Race.IsAnalyzeFullPast           : logi  TRUE TRUE TRUE TRUE TRUE TRUE ...
 $ Race.IsAnalyzeFullFuture         : logi  FALSE FALSE FALSE FALSE FALSE FALSE ...
 $ Race.JyokenCd                    : Factor w/ 1 level "3": 1 1 1 1 1 1 1 1 1 1 ...
 $ Race.JyoType1Cd                  : Factor w/ 154 levels "18-06-1600-1",..: 1 1 1 1 1 1 1 1 1 1 ...
 $ Race.RaceType1Cd                 : Factor w/ 2 levels "1-3-14","1-3-13": 1 1 1 1 1 1 1 1 1 1 ...
 $ RaceHorse.RaceId                 : Factor w/ 1192 levels "20160105-06-01-01-12",..: 1 1 1 1 1 1 1 1 1 1 ...
 $ RaceHorse.KettoNum               : Factor w/ 2389 levels "2010104127","2010109146",..: 1 1 1 1 2 2 2 3 4 4 ...
 $ RaceHorse.IsHit1                 : num  0 0 0 0 0 0 0 0 0 0 ...
 $ RaceHorse.IsHit2                 : num  0 0 0 0 0 0 0 0 0 0 ...
 $ RaceHorse.IsHit3                 : num  0 0 0 0 0 0 0 0 0 0 ...
 $ RaceHorse.IsHit4                 : num  0 0 0 0 0 0 0 1 0 0 ...
 $ RaceHorse.IsHit5                 : num  0 0 0 0 0 0 0 0 0 0 ...
 $ RaceHorse.IsHit6                 : num  1 1 1 1 1 1 1 0 1 1 ...
 $ RaceHorse.IsValidRaceHorse       : logi  TRUE TRUE TRUE TRUE TRUE TRUE ...
 $ RaceHorse.FinishTimeSdvByRace    : num  0.0965 0.0965 0.0965 0.0965 -0.5209 ...
 $ RaceHorse.FirstTimeSdvByRace     : num  0.298 0.298 0.298 0.298 1.448 ...
 $ RaceHorse.LastTimeSdvByRace      : num  -0.204 -0.204 -0.204 -0.204 -2.097 ...
 $ RaceHorse.FinishTimeSdv          : num  0.862 0.862 0.862 0.862 0.655 ...
 $ RaceHorse.FirstTimeSdv           : num  0.391 0.391 0.391 0.391 0.816 ...
 $ RaceHorse.LastTimeSdv            : num  0.9057 0.9057 0.9057 0.9057 -0.0674 ...
 $ RaceHorse.IsHitA                 : num  0 0 0 0 0 0 0 0 0 0 ...
 $ RaceHorse.IsHitB                 : num  0 0 0 0 0 0 0 0 0 0 ...
 $ RaceHorse.IsHitC                 : num  0 0 0 0 0 0 0 0 0 0 ...
 $ PrevRaceHorse.RaceId             : Factor w/ 2452 levels "20150426-05-02-02-09",..: 1 2 3 4 5 6 7 8 9 10 ...
 $ PrevRaceHorse.KettoNum           : Factor w/ 2843 levels "2010104127","2007103186",..: 1 1 2 2 3 4 4 5 6 6 ...
 $ PrevRaceHorse.FinishTimeSdvByRace: num  0.213 0.607 0.982 0.537 -1.554 ...
 $ PrevRaceHorse.FirstTimeSdvByRace : num  0.484 0.286 0.546 -0.612 0.509 ...
 $ PrevRaceHorse.LastTimeSdvByRace  : num  -0.3768 -0.0444 0.8363 0.6088 -2.0985 ...
 $ PrevRaceHorse.FinishTimeSdv      : num  0.559 0.862 0.797 -0.391 0.611 ...
 $ PrevRaceHorse.FirstTimeSdv       : num  0.534 0.816 0.403 -0.874 1.394 ...
 $ PrevRaceHorse.LastTimeSdv        : num  0.181 0.286 0.67 0.46 -1.019 ...
 $ PrevRaceHorse.IsRun              : num  1 1 1 1 1 1 1 1 1 1 ...
 $ PrevRaceHorse.IsHit1             : num  0 0 0 0 0 0 0 0 0 0 ...
 $ PrevRaceHorse.IsHit2             : num  0 0 0 1 0 0 0 0 0 0 ...
 $ PrevRaceHorse.IsHit3             : num  0 0 1 0 0 0 0 0 0 0 ...
 $ PrevRaceHorse.IsHit4             : num  0 0 0 0 0 0 0 1 0 0 ...
 $ PrevRaceHorse.IsHit5             : num  1 1 0 0 0 0 0 0 0 0 ...
 $ PrevRaceHorse.RowNum             : num  1 2 3 4 1 2 3 1 1 2 ...
 $ PrevOdds.RealOddsLog1            : num  2.21 2.92 1.53 2.11 2.72 ...
 $ EOF                              : int  1 1 1 1 1 1 1 1 1 1 ...
 - attr(*, "na.action")= 'omit' Named int  2346 2347 2348 2349 3228 3229 3230 3231 3232 3512 ...
  ..- attr(*, "names")= chr  "2346" "2347" "2348" "2349" ...
[1] "2022-03-09 08:57:37 --- na.omit Finish ---"
[1] "2022-03-09 08:57:37 --- rxLogit with rxStepControl Start ---"

> print(paste0(Sys.time(), " --- source_logic_glm.R Start ---"))
[1] "2022-03-09 08:57:37 --- source_logic_glm.R Start ---"

> formula <- formula(RaceHorse.IsHitA ~ +1 + PrevRaceHorse.FinishTimeSdvByRace)

> print(paste0(Sys.time(), " --- source_logic_glm.R Finished ---"))
[1] "2022-03-09 08:57:37 --- source_logic_glm.R Finished ---"
Rows Read: 63421, Total Rows Processed: 63421, Total Chunk Time: 0.003 seconds 

Starting values (iteration 1) time: 0.030 secs.
Rows Read: 63421, Total Rows Processed: 63421, Total Chunk Time: 0.005 seconds 

Iteration 2 time: 0.011 secs.
Rows Read: 63421, Total Rows Processed: 63421, Total Chunk Time: 0.004 seconds 

Iteration 3 time: 0.012 secs.
Rows Read: 63421, Total Rows Processed: 63421, Total Chunk Time: 0.004 seconds 

Iteration 4 time: 0.009 secs.

Elapsed computation time: 0.087 secs.
Rows Read: 63421, Total Rows Processed: 63421, Total Chunk Time: 0.002 seconds 

Starting values (iteration 1) time: 0.008 secs.
Rows Read: 63421, Total Rows Processed: 63421, Total Chunk Time: 0.003 seconds 

Iteration 2 time: 0.008 secs.

Elapsed computation time: 0.029 secs.
Rows Read: 63421, Total Rows Processed: 63421, Total Chunk Time: 0.002 seconds 

Starting values (iteration 1) time: 0.009 secs.
Rows Read: 63421, Total Rows Processed: 63421, Total Chunk Time: 0.005 seconds 

Iteration 2 time: 0.011 secs.
Rows Read: 63421, Total Rows Processed: 63421, Total Chunk Time: 0.004 seconds 

Iteration 3 time: 0.007 secs.
Rows Read: 63421, Total Rows Processed: 63421, Total Chunk Time: 0.004 seconds 

Iteration 4 time: 0.008 secs.

Elapsed computation time: 0.049 secs.

Elapsed computation time: 0.187 secs.
[1] "--------------------------------------------------------------------------------"
[1] "analyze.results.glm.step="
Logistic Regression Results for: RaceHorse.IsHitA ~
    PrevRaceHorse.FinishTimeSdvByRace
Data: data
Dependent variable(s): RaceHorse.IsHitA
Total independent variables: 2 
Number of valid observations: 63421
Number of missing observations: 0 
 
Coefficients:
                                  RaceHorse.IsHitA
(Intercept)                                   -2.8
PrevRaceHorse.FinishTimeSdvByRace              0.4
[1] "analyze.results.glm.step.summary"
Call:
rxLogit(formula = formula, data = data, variableSelection = analyze.results.glm.step.varsel)

Logistic Regression Results for: RaceHorse.IsHitA ~
    PrevRaceHorse.FinishTimeSdvByRace
Data: data
Dependent variable(s): RaceHorse.IsHitA
Total independent variables: 2 
Number of valid observations: 63421
Number of missing observations: 0 
-2*LogLikelihood: 30598.602 (Residual deviance on 63419 degrees of freedom)
 
Coefficients:
                                  Estimate Std. Error z value Pr(>|z|)    
(Intercept)                        -2.7638     0.0181  -152.6  2.2e-16 ***
PrevRaceHorse.FinishTimeSdvByRace   0.4317     0.0218    19.8  2.2e-16 ***
---
Signif. codes:  0 '***' 0.001 '**' 0.01 '*' 0.05 '.' 0.1 ' ' 1

Condition number of final variance-covariance matrix: 1 
Number of iterations: 4
[1] "--------------------------------------------------------------------------------"
[1] "2022-03-09 08:57:38 --- rxLogit with rxStepControl Finish ---"
[1] "2022-03-09 08:57:38 --- rxStepPlot Start ---"
[1] "pdfFilename=pdf_analyze_glm_Gen02_Type13_rxStepPlot.pdf"
[1] "rxStepPlot="
[1] "2022-03-09 08:57:38 --- rxStepPlot Finish ---"
[1] "2022-03-09 08:57:38 --- save.image Start ---"
[1] "save.image"
[1] "rdataFilename=RData_analyze_glm_Gen02_Type13.RData"
[1] "2022-03-09 08:57:38 --- save.image Finish ---"
[1] "2022-03-09 08:57:38 --- final Start ---"
[1] "--------------------------------------------------------------------------------"
[1] "nrow(data) final=63421"
[1] "--------------------------------------------------------------------------------"
[1] "2022-03-09 08:57:38 --- final Finish ---"
[1] "2022-03-09 08:57:38 --- analyze_glm.R Finished ---"
[1] "2022-03-09 08:57:38 --- log Finish ---"
