[1] "2022-03-09 08:57:26 --- D1116_analyze_glm_Gen02_IsHitA_Type25 Start ---"
[1] "2022-03-09 08:57:26 --- Log Start ---"
[1] "2022-03-09 08:57:26 --- analyze_glm.R Start ---"
[1] "analyzeVersion=D1116"
[1] "analyzeCategory=analyze"
[1] "analyzeType=Gen02"
[1] "analyzeFamily=IsHitA"
[1] "analyzeFunc=glm"
[1] "analyzeTrackTypeCd=2"
[1] "analyzeJyokenCd=5"
[1] "2022-03-09 08:57:26 --- source_function.R Start ---"
[1] "2022-03-09 08:57:26 --- source_function.R Finished ---"

> print(paste0(Sys.time(), " --- source_library.R Start ---"))
[1] "2022-03-09 08:57:26 --- source_library.R Start ---"

> require("RevoScaleR")

> print(paste0(Sys.time(), " --- source_library.R Finished ---"))
[1] "2022-03-09 08:57:27 --- source_library.R Finished ---"
[1] "2022-03-09 08:57:27 --- RxSqlServerData Start ---"
[1] "2022-03-09 08:57:27 --- RxInSqlServer Start ---"
[1] "2022-03-09 08:57:27 --- RxInSqlServer Finish ---"
[1] "2022-03-09 08:57:27 --- rxSetComputeContext Start ---"
[1] "2022-03-09 08:57:27 --- rxSetComputeContext Finish ---"
[1] "2022-03-09 08:57:27 --- RxSqlServerData Start ---"
[1] "sqlQuery=SELECT * FROM ViewAnalyzeD1116analyze01Gen02Type25"
[1] "2022-03-09 08:57:27 --- RxSqlServerData Finish ---"
[1] "2022-03-09 08:57:27 --- rxGetVarInfo Start ---"
[1] "2022-03-09 08:57:27 --- rxGetVarInfo Finish---"
[1] "2022-03-09 08:57:27 --- rxImport Start ---"
Rows Read: 224401, Total Rows Processed: 224401, Total Chunk Time: 8.581 seconds 
[1] "2022-03-09 08:57:43 --- rxImport Finish ---"
[1] "object.size(data) auto=66.7 Mb"
[1] "--------------------------------------------------------------------------------"
[1] "nrow(data) RxSqlServerData=224401"
[1] "--------------------------------------------------------------------------------"
[1] "str(data)="
'data.frame':	224401 obs. of  45 variables:
 $ Race.RaceId                      : Factor w/ 3266 levels "20160105-06-01-01-01",..: 1 1 1 1 1 1 1 1 1 1 ...
 $ Race.IsAnalyzeNormalPastAndFuture: logi  TRUE TRUE TRUE TRUE TRUE TRUE ...
 $ Race.IsAnalyzeNormalPast         : logi  TRUE TRUE TRUE TRUE TRUE TRUE ...
 $ Race.IsAnalyzeNormalFuture       : logi  FALSE FALSE FALSE FALSE FALSE FALSE ...
 $ Race.IsAnalyzeFullPastAndFuture  : logi  TRUE TRUE TRUE TRUE TRUE TRUE ...
 $ Race.IsAnalyzeFullPast           : logi  TRUE TRUE TRUE TRUE TRUE TRUE ...
 $ Race.IsAnalyzeFullFuture         : logi  FALSE FALSE FALSE FALSE FALSE FALSE ...
 $ Race.JyokenCd                    : Factor w/ 1 level "5": 1 1 1 1 1 1 1 1 1 1 ...
 $ Race.JyoType1Cd                  : Factor w/ 116 levels "24-06-1200-1",..: 1 1 1 1 1 1 1 1 1 1 ...
 $ Race.RaceType1Cd                 : Factor w/ 2 levels "2-5-12","2-5-11": 1 1 1 1 1 1 1 1 1 1 ...
 $ RaceHorse.RaceId                 : Factor w/ 3266 levels "20160105-06-01-01-01",..: 1 1 1 1 1 1 1 1 1 1 ...
 $ RaceHorse.KettoNum               : Factor w/ 13761 levels "2013102283","2013102845",..: 1 1 1 1 1 1 2 2 2 2 ...
 $ RaceHorse.IsHit1                 : num  0 0 0 0 0 0 0 0 0 0 ...
 $ RaceHorse.IsHit2                 : num  0 0 0 0 0 0 1 1 1 1 ...
 $ RaceHorse.IsHit3                 : num  0 0 0 0 0 0 0 0 0 0 ...
 $ RaceHorse.IsHit4                 : num  0 0 0 0 0 0 0 0 0 0 ...
 $ RaceHorse.IsHit5                 : num  0 0 0 0 0 0 0 0 0 0 ...
 $ RaceHorse.IsHit6                 : num  1 1 1 1 1 1 0 0 0 0 ...
 $ RaceHorse.IsValidRaceHorse       : logi  FALSE FALSE FALSE FALSE FALSE FALSE ...
 $ RaceHorse.FinishTimeSdvByRace    : num  0.0638 0.0638 0.0638 0.0638 0.0638 ...
 $ RaceHorse.FirstTimeSdvByRace     : num  -2.8 -2.8 -2.8 -2.8 -2.8 ...
 $ RaceHorse.LastTimeSdvByRace      : num  1.69 1.69 1.69 1.69 1.69 ...
 $ RaceHorse.FinishTimeSdv          : num  -0.444 -0.444 -0.444 -0.444 -0.444 ...
 $ RaceHorse.FirstTimeSdv           : num  -1.39 -1.39 -1.39 -1.39 -1.39 ...
 $ RaceHorse.LastTimeSdv            : num  0.496 0.496 0.496 0.496 0.496 ...
 $ RaceHorse.IsHitA                 : num  0 0 0 0 0 0 0 0 0 0 ...
 $ RaceHorse.IsHitB                 : num  0 0 0 0 0 0 1 1 1 1 ...
 $ RaceHorse.IsHitC                 : num  0 0 0 0 0 0 1 1 1 1 ...
 $ PrevRaceHorse.RaceId             : Factor w/ 7048 levels "20120917-06-04-05-03",..: 1 2 3 4 5 6 7 8 9 10 ...
 $ PrevRaceHorse.KettoNum           : Factor w/ 18770 levels "2009101506","2012105797",..: 1 1 1 1 1 1 2 2 2 2 ...
 $ PrevRaceHorse.FinishTimeSdvByRace: num  1.335 0.98 0.605 0.156 0.213 ...
 $ PrevRaceHorse.FirstTimeSdvByRace : num  0.4899 -0.3423 -0.0811 -0.9341 -1.8956 ...
 $ PrevRaceHorse.LastTimeSdvByRace  : num  1.601 1.158 0.778 0.613 1.296 ...
 $ PrevRaceHorse.FinishTimeSdv      : num  0.528 -0.149 -0.7 -0.598 -0.324 ...
 $ PrevRaceHorse.FirstTimeSdv       : num  -0.0905 -0.2438 -1.8943 -1.6753 -1.3599 ...
 $ PrevRaceHorse.LastTimeSdv        : num  0.823943 0.000574 0.584651 0.533378 0.748 ...
 $ PrevRaceHorse.IsRun              : num  1 1 1 1 1 1 1 1 1 1 ...
 $ PrevRaceHorse.IsHit1             : num  1 0 0 0 0 0 0 0 0 0 ...
 $ PrevRaceHorse.IsHit2             : num  0 1 0 0 0 0 0 0 0 1 ...
 $ PrevRaceHorse.IsHit3             : num  0 0 0 0 0 0 0 1 0 0 ...
 $ PrevRaceHorse.IsHit4             : num  0 0 0 0 0 0 0 0 0 0 ...
 $ PrevRaceHorse.IsHit5             : num  0 0 1 0 0 1 0 0 1 0 ...
 $ PrevRaceHorse.RowNum             : num  1 2 3 4 5 6 1 2 3 4 ...
 $ PrevOdds.RealOddsLog1            : num  1.79 3.92 2.48 3.92 4.18 ...
 $ EOF                              : int  1 1 1 1 1 1 1 1 1 1 ...
[1] "2022-03-09 08:57:43 --- RxSqlServerData Finish ---"
[1] "2022-03-09 08:57:43 --- subset Start ---"
[1] "--------------------------------------------------------------------------------"
[1] "nrow(data) subset before=224401"
[1] "nrow(data) subset after =224401"
[1] "nrow(data) subset diff =0"
[1] "--------------------------------------------------------------------------------"
[1] "2022-03-09 08:57:43 --- subset Finish---"
[1] "2022-03-09 08:57:43 --- transform Start ---"
[1] "--------------------------------------------------------------------------------"
[1] "nrow(data) transform before=224401"
[1] "nrow(data) transform after=224401"
[1] "nrow(data) transform diff=0"
[1] "--------------------------------------------------------------------------------"
[1] "str(data)="
'data.frame':	224401 obs. of  45 variables:
 $ Race.RaceId                      : Factor w/ 3266 levels "20160105-06-01-01-01",..: 1 1 1 1 1 1 1 1 1 1 ...
 $ Race.IsAnalyzeNormalPastAndFuture: logi  TRUE TRUE TRUE TRUE TRUE TRUE ...
 $ Race.IsAnalyzeNormalPast         : logi  TRUE TRUE TRUE TRUE TRUE TRUE ...
 $ Race.IsAnalyzeNormalFuture       : logi  FALSE FALSE FALSE FALSE FALSE FALSE ...
 $ Race.IsAnalyzeFullPastAndFuture  : logi  TRUE TRUE TRUE TRUE TRUE TRUE ...
 $ Race.IsAnalyzeFullPast           : logi  TRUE TRUE TRUE TRUE TRUE TRUE ...
 $ Race.IsAnalyzeFullFuture         : logi  FALSE FALSE FALSE FALSE FALSE FALSE ...
 $ Race.JyokenCd                    : Factor w/ 1 level "5": 1 1 1 1 1 1 1 1 1 1 ...
 $ Race.JyoType1Cd                  : Factor w/ 116 levels "24-06-1200-1",..: 1 1 1 1 1 1 1 1 1 1 ...
 $ Race.RaceType1Cd                 : Factor w/ 2 levels "2-5-12","2-5-11": 1 1 1 1 1 1 1 1 1 1 ...
 $ RaceHorse.RaceId                 : Factor w/ 3266 levels "20160105-06-01-01-01",..: 1 1 1 1 1 1 1 1 1 1 ...
 $ RaceHorse.KettoNum               : Factor w/ 13761 levels "2013102283","2013102845",..: 1 1 1 1 1 1 2 2 2 2 ...
 $ RaceHorse.IsHit1                 : num  0 0 0 0 0 0 0 0 0 0 ...
 $ RaceHorse.IsHit2                 : num  0 0 0 0 0 0 1 1 1 1 ...
 $ RaceHorse.IsHit3                 : num  0 0 0 0 0 0 0 0 0 0 ...
 $ RaceHorse.IsHit4                 : num  0 0 0 0 0 0 0 0 0 0 ...
 $ RaceHorse.IsHit5                 : num  0 0 0 0 0 0 0 0 0 0 ...
 $ RaceHorse.IsHit6                 : num  1 1 1 1 1 1 0 0 0 0 ...
 $ RaceHorse.IsValidRaceHorse       : logi  FALSE FALSE FALSE FALSE FALSE FALSE ...
 $ RaceHorse.FinishTimeSdvByRace    : num  0.0638 0.0638 0.0638 0.0638 0.0638 ...
 $ RaceHorse.FirstTimeSdvByRace     : num  -2.8 -2.8 -2.8 -2.8 -2.8 ...
 $ RaceHorse.LastTimeSdvByRace      : num  1.69 1.69 1.69 1.69 1.69 ...
 $ RaceHorse.FinishTimeSdv          : num  -0.444 -0.444 -0.444 -0.444 -0.444 ...
 $ RaceHorse.FirstTimeSdv           : num  -1.39 -1.39 -1.39 -1.39 -1.39 ...
 $ RaceHorse.LastTimeSdv            : num  0.496 0.496 0.496 0.496 0.496 ...
 $ RaceHorse.IsHitA                 : num  0 0 0 0 0 0 0 0 0 0 ...
 $ RaceHorse.IsHitB                 : num  0 0 0 0 0 0 1 1 1 1 ...
 $ RaceHorse.IsHitC                 : num  0 0 0 0 0 0 1 1 1 1 ...
 $ PrevRaceHorse.RaceId             : Factor w/ 7048 levels "20120917-06-04-05-03",..: 1 2 3 4 5 6 7 8 9 10 ...
 $ PrevRaceHorse.KettoNum           : Factor w/ 18770 levels "2009101506","2012105797",..: 1 1 1 1 1 1 2 2 2 2 ...
 $ PrevRaceHorse.FinishTimeSdvByRace: num  1.335 0.98 0.605 0.156 0.213 ...
 $ PrevRaceHorse.FirstTimeSdvByRace : num  0.4899 -0.3423 -0.0811 -0.9341 -1.8956 ...
 $ PrevRaceHorse.LastTimeSdvByRace  : num  1.601 1.158 0.778 0.613 1.296 ...
 $ PrevRaceHorse.FinishTimeSdv      : num  0.528 -0.149 -0.7 -0.598 -0.324 ...
 $ PrevRaceHorse.FirstTimeSdv       : num  -0.0905 -0.2438 -1.8943 -1.6753 -1.3599 ...
 $ PrevRaceHorse.LastTimeSdv        : num  0.823943 0.000574 0.584651 0.533378 0.748 ...
 $ PrevRaceHorse.IsRun              : num  1 1 1 1 1 1 1 1 1 1 ...
 $ PrevRaceHorse.IsHit1             : num  1 0 0 0 0 0 0 0 0 0 ...
 $ PrevRaceHorse.IsHit2             : num  0 1 0 0 0 0 0 0 0 1 ...
 $ PrevRaceHorse.IsHit3             : num  0 0 0 0 0 0 0 1 0 0 ...
 $ PrevRaceHorse.IsHit4             : num  0 0 0 0 0 0 0 0 0 0 ...
 $ PrevRaceHorse.IsHit5             : num  0 0 1 0 0 1 0 0 1 0 ...
 $ PrevRaceHorse.RowNum             : num  1 2 3 4 5 6 1 2 3 4 ...
 $ PrevOdds.RealOddsLog1            : num  1.79 3.92 2.48 3.92 4.18 ...
 $ EOF                              : int  1 1 1 1 1 1 1 1 1 1 ...
NULL
[1] "2022-03-09 08:57:44 --- transform Finish ---"
[1] "2022-03-09 08:57:44 --- na.omit Start ---"
[1] "--------------------------------------------------------------------------------"
[1] "nrow(data) na.omit before=224401"
[1] "nrow(data) na.omit after =222546"
[1] "nrow(data) na.omit diff =1855"
[1] "--------------------------------------------------------------------------------"
'data.frame':	222546 obs. of  45 variables:
 $ Race.RaceId                      : Factor w/ 3266 levels "20160105-06-01-01-01",..: 1 1 1 1 1 1 1 1 1 1 ...
 $ Race.IsAnalyzeNormalPastAndFuture: logi  TRUE TRUE TRUE TRUE TRUE TRUE ...
 $ Race.IsAnalyzeNormalPast         : logi  TRUE TRUE TRUE TRUE TRUE TRUE ...
 $ Race.IsAnalyzeNormalFuture       : logi  FALSE FALSE FALSE FALSE FALSE FALSE ...
 $ Race.IsAnalyzeFullPastAndFuture  : logi  TRUE TRUE TRUE TRUE TRUE TRUE ...
 $ Race.IsAnalyzeFullPast           : logi  TRUE TRUE TRUE TRUE TRUE TRUE ...
 $ Race.IsAnalyzeFullFuture         : logi  FALSE FALSE FALSE FALSE FALSE FALSE ...
 $ Race.JyokenCd                    : Factor w/ 1 level "5": 1 1 1 1 1 1 1 1 1 1 ...
 $ Race.JyoType1Cd                  : Factor w/ 116 levels "24-06-1200-1",..: 1 1 1 1 1 1 1 1 1 1 ...
 $ Race.RaceType1Cd                 : Factor w/ 2 levels "2-5-12","2-5-11": 1 1 1 1 1 1 1 1 1 1 ...
 $ RaceHorse.RaceId                 : Factor w/ 3266 levels "20160105-06-01-01-01",..: 1 1 1 1 1 1 1 1 1 1 ...
 $ RaceHorse.KettoNum               : Factor w/ 13761 levels "2013102283","2013102845",..: 1 1 1 1 1 1 2 2 2 2 ...
 $ RaceHorse.IsHit1                 : num  0 0 0 0 0 0 0 0 0 0 ...
 $ RaceHorse.IsHit2                 : num  0 0 0 0 0 0 1 1 1 1 ...
 $ RaceHorse.IsHit3                 : num  0 0 0 0 0 0 0 0 0 0 ...
 $ RaceHorse.IsHit4                 : num  0 0 0 0 0 0 0 0 0 0 ...
 $ RaceHorse.IsHit5                 : num  0 0 0 0 0 0 0 0 0 0 ...
 $ RaceHorse.IsHit6                 : num  1 1 1 1 1 1 0 0 0 0 ...
 $ RaceHorse.IsValidRaceHorse       : logi  FALSE FALSE FALSE FALSE FALSE FALSE ...
 $ RaceHorse.FinishTimeSdvByRace    : num  0.0638 0.0638 0.0638 0.0638 0.0638 ...
 $ RaceHorse.FirstTimeSdvByRace     : num  -2.8 -2.8 -2.8 -2.8 -2.8 ...
 $ RaceHorse.LastTimeSdvByRace      : num  1.69 1.69 1.69 1.69 1.69 ...
 $ RaceHorse.FinishTimeSdv          : num  -0.444 -0.444 -0.444 -0.444 -0.444 ...
 $ RaceHorse.FirstTimeSdv           : num  -1.39 -1.39 -1.39 -1.39 -1.39 ...
 $ RaceHorse.LastTimeSdv            : num  0.496 0.496 0.496 0.496 0.496 ...
 $ RaceHorse.IsHitA                 : num  0 0 0 0 0 0 0 0 0 0 ...
 $ RaceHorse.IsHitB                 : num  0 0 0 0 0 0 1 1 1 1 ...
 $ RaceHorse.IsHitC                 : num  0 0 0 0 0 0 1 1 1 1 ...
 $ PrevRaceHorse.RaceId             : Factor w/ 7048 levels "20120917-06-04-05-03",..: 1 2 3 4 5 6 7 8 9 10 ...
 $ PrevRaceHorse.KettoNum           : Factor w/ 18770 levels "2009101506","2012105797",..: 1 1 1 1 1 1 2 2 2 2 ...
 $ PrevRaceHorse.FinishTimeSdvByRace: num  1.335 0.98 0.605 0.156 0.213 ...
 $ PrevRaceHorse.FirstTimeSdvByRace : num  0.4899 -0.3423 -0.0811 -0.9341 -1.8956 ...
 $ PrevRaceHorse.LastTimeSdvByRace  : num  1.601 1.158 0.778 0.613 1.296 ...
 $ PrevRaceHorse.FinishTimeSdv      : num  0.528 -0.149 -0.7 -0.598 -0.324 ...
 $ PrevRaceHorse.FirstTimeSdv       : num  -0.0905 -0.2438 -1.8943 -1.6753 -1.3599 ...
 $ PrevRaceHorse.LastTimeSdv        : num  0.823943 0.000574 0.584651 0.533378 0.748 ...
 $ PrevRaceHorse.IsRun              : num  1 1 1 1 1 1 1 1 1 1 ...
 $ PrevRaceHorse.IsHit1             : num  1 0 0 0 0 0 0 0 0 0 ...
 $ PrevRaceHorse.IsHit2             : num  0 1 0 0 0 0 0 0 0 1 ...
 $ PrevRaceHorse.IsHit3             : num  0 0 0 0 0 0 0 1 0 0 ...
 $ PrevRaceHorse.IsHit4             : num  0 0 0 0 0 0 0 0 0 0 ...
 $ PrevRaceHorse.IsHit5             : num  0 0 1 0 0 1 0 0 1 0 ...
 $ PrevRaceHorse.RowNum             : num  1 2 3 4 5 6 1 2 3 4 ...
 $ PrevOdds.RealOddsLog1            : num  1.79 3.92 2.48 3.92 4.18 ...
 $ EOF                              : int  1 1 1 1 1 1 1 1 1 1 ...
 - attr(*, "na.action")= 'omit' Named int  242 243 244 245 246 591 592 593 594 1890 ...
  ..- attr(*, "names")= chr  "242" "243" "244" "245" ...
[1] "2022-03-09 08:57:44 --- na.omit Finish ---"
[1] "2022-03-09 08:57:44 --- rxLogit with rxStepControl Start ---"

> print(paste0(Sys.time(), " --- source_logic_glm.R Start ---"))
[1] "2022-03-09 08:57:44 --- source_logic_glm.R Start ---"

> formula <- formula(RaceHorse.IsHitA ~ +1 + PrevRaceHorse.FinishTimeSdvByRace)

> print(paste0(Sys.time(), " --- source_logic_glm.R Finished ---"))
[1] "2022-03-09 08:57:44 --- source_logic_glm.R Finished ---"
Rows Read: 222546, Total Rows Processed: 222546, Total Chunk Time: 0.004 seconds 

Starting values (iteration 1) time: 0.028 secs.
Rows Read: 222546, Total Rows Processed: 222546, Total Chunk Time: 0.010 seconds 

Iteration 2 time: 0.018 secs.
Rows Read: 222546, Total Rows Processed: 222546, Total Chunk Time: 0.009 seconds 

Iteration 3 time: 0.013 secs.
Rows Read: 222546, Total Rows Processed: 222546, Total Chunk Time: 0.010 seconds 

Iteration 4 time: 0.013 secs.

Elapsed computation time: 0.078 secs.
Rows Read: 222546, Total Rows Processed: 222546, Total Chunk Time: 0.002 seconds 

Starting values (iteration 1) time: 0.018 secs.
Rows Read: 222546, Total Rows Processed: 222546, Total Chunk Time: 0.007 seconds 

Iteration 2 time: 0.016 secs.

Elapsed computation time: 0.038 secs.
Rows Read: 222546, Total Rows Processed: 222546, Total Chunk Time: 0.004 seconds 

Starting values (iteration 1) time: 0.018 secs.
Rows Read: 222546, Total Rows Processed: 222546, Total Chunk Time: 0.009 seconds 

Iteration 2 time: 0.018 secs.
Rows Read: 222546, Total Rows Processed: 222546, Total Chunk Time: 0.010 seconds 

Iteration 3 time: 0.013 secs.
Rows Read: 222546, Total Rows Processed: 222546, Total Chunk Time: 0.010 seconds 

Iteration 4 time: 0.013 secs.

Elapsed computation time: 0.067 secs.

Elapsed computation time: 0.205 secs.
[1] "--------------------------------------------------------------------------------"
[1] "analyze.results.glm.step="
Logistic Regression Results for: RaceHorse.IsHitA ~
    PrevRaceHorse.FinishTimeSdvByRace
Data: data
Dependent variable(s): RaceHorse.IsHitA
Total independent variables: 2 
Number of valid observations: 222546
Number of missing observations: 0 
 
Coefficients:
                                  RaceHorse.IsHitA
(Intercept)                                   -2.7
PrevRaceHorse.FinishTimeSdvByRace              0.4
[1] "analyze.results.glm.step.summary"
Call:
rxLogit(formula = formula, data = data, variableSelection = analyze.results.glm.step.varsel)

Logistic Regression Results for: RaceHorse.IsHitA ~
    PrevRaceHorse.FinishTimeSdvByRace
Data: data
Dependent variable(s): RaceHorse.IsHitA
Total independent variables: 2 
Number of valid observations: 222546
Number of missing observations: 0 
-2*LogLikelihood: 115762.463 (Residual deviance on 222544 degrees of freedom)
 
Coefficients:
                                  Estimate Std. Error z value Pr(>|z|)    
(Intercept)                       -2.66933    0.00965  -276.6  2.2e-16 ***
PrevRaceHorse.FinishTimeSdvByRace  0.35688    0.01123    31.8  2.2e-16 ***
---
Signif. codes:  0 '***' 0.001 '**' 0.01 '*' 0.05 '.' 0.1 ' ' 1

Condition number of final variance-covariance matrix: 1 
Number of iterations: 4
[1] "--------------------------------------------------------------------------------"
[1] "2022-03-09 08:57:45 --- rxLogit with rxStepControl Finish ---"
[1] "2022-03-09 08:57:45 --- rxStepPlot Start ---"
[1] "pdfFilename=pdf_analyze_glm_Gen02_Type25_rxStepPlot.pdf"
[1] "rxStepPlot="
[1] "2022-03-09 08:57:45 --- rxStepPlot Finish ---"
[1] "2022-03-09 08:57:45 --- save.image Start ---"
[1] "save.image"
[1] "rdataFilename=RData_analyze_glm_Gen02_Type25.RData"
[1] "2022-03-09 08:57:45 --- save.image Finish ---"
[1] "2022-03-09 08:57:45 --- final Start ---"
[1] "--------------------------------------------------------------------------------"
[1] "nrow(data) final=222546"
[1] "--------------------------------------------------------------------------------"
[1] "2022-03-09 08:57:46 --- final Finish ---"
[1] "2022-03-09 08:57:46 --- analyze_glm.R Finished ---"
[1] "2022-03-09 08:57:46 --- log Finish ---"
