[1] "2022-03-09 09:01:15 --- D1116_analyze_glm_Jockey_IsHitA_Type16 Start ---"
[1] "2022-03-09 09:01:15 --- Log Start ---"
[1] "2022-03-09 09:01:15 --- analyze_glm.R Start ---"
[1] "analyzeVersion=D1116"
[1] "analyzeCategory=analyze"
[1] "analyzeType=Jockey"
[1] "analyzeFamily=IsHitA"
[1] "analyzeFunc=glm"
[1] "analyzeTrackTypeCd=1"
[1] "analyzeJyokenCd=6"
[1] "2022-03-09 09:01:15 --- source_function.R Start ---"
[1] "2022-03-09 09:01:15 --- source_function.R Finished ---"

> print(paste0(Sys.time(), " --- source_library.R Start ---"))
[1] "2022-03-09 09:01:15 --- source_library.R Start ---"

> require("RevoScaleR")

> print(paste0(Sys.time(), " --- source_library.R Finished ---"))
[1] "2022-03-09 09:01:15 --- source_library.R Finished ---"
[1] "2022-03-09 09:01:15 --- RxSqlServerData Start ---"
[1] "2022-03-09 09:01:15 --- RxInSqlServer Start ---"
[1] "2022-03-09 09:01:15 --- RxInSqlServer Finish ---"
[1] "2022-03-09 09:01:15 --- rxSetComputeContext Start ---"
[1] "2022-03-09 09:01:15 --- rxSetComputeContext Finish ---"
[1] "2022-03-09 09:01:15 --- RxSqlServerData Start ---"
[1] "sqlQuery=SELECT * FROM ViewAnalyzeD1116analyze01JockeyType16"
[1] "2022-03-09 09:01:15 --- RxSqlServerData Finish ---"
[1] "2022-03-09 09:01:15 --- rxGetVarInfo Start ---"
[1] "2022-03-09 09:01:15 --- rxGetVarInfo Finish---"
[1] "2022-03-09 09:01:15 --- rxImport Start ---"
Rows Read: 1878753, Total Rows Processed: 1878753, Total Chunk Time: 50.565 seconds 
[1] "2022-03-09 09:02:40 --- rxImport Finish ---"
[1] "object.size(data) auto=532.9 Mb"
[1] "--------------------------------------------------------------------------------"
[1] "nrow(data) RxSqlServerData=1878753"
[1] "--------------------------------------------------------------------------------"
[1] "str(data)="
'data.frame':	1878753 obs. of  45 variables:
 $ Race.RaceId                      : Factor w/ 992 levels "20160105-06-01-01-06",..: 1 1 1 1 1 1 1 1 1 1 ...
 $ Race.IsAnalyzeNormalPastAndFuture: logi  TRUE TRUE TRUE TRUE TRUE TRUE ...
 $ Race.IsAnalyzeNormalPast         : logi  TRUE TRUE TRUE TRUE TRUE TRUE ...
 $ Race.IsAnalyzeNormalFuture       : logi  FALSE FALSE FALSE FALSE FALSE FALSE ...
 $ Race.IsAnalyzeFullPastAndFuture  : logi  TRUE TRUE TRUE TRUE TRUE TRUE ...
 $ Race.IsAnalyzeFullPast           : logi  TRUE TRUE TRUE TRUE TRUE TRUE ...
 $ Race.IsAnalyzeFullFuture         : logi  FALSE FALSE FALSE FALSE FALSE FALSE ...
 $ Race.JyokenCd                    : Factor w/ 1 level "6": 1 1 1 1 1 1 1 1 1 1 ...
 $ Race.JyoType1Cd                  : Factor w/ 119 levels "17-06-2000-1",..: 1 1 1 1 1 1 1 1 1 1 ...
 $ Race.RaceType1Cd                 : Factor w/ 2 levels "1-6-12","1-6-11": 1 1 1 1 1 1 1 1 1 1 ...
 $ RaceHorse.RaceId                 : Factor w/ 992 levels "20160105-06-01-01-06",..: 1 1 1 1 1 1 1 1 1 1 ...
 $ RaceHorse.KettoNum               : Factor w/ 13229 levels "2013100548","2013101435",..: 1 1 1 1 1 1 1 1 1 1 ...
 $ RaceHorse.IsHit1                 : num  0 0 0 0 0 0 0 0 0 0 ...
 $ RaceHorse.IsHit2                 : num  0 0 0 0 0 0 0 0 0 0 ...
 $ RaceHorse.IsHit3                 : num  0 0 0 0 0 0 0 0 0 0 ...
 $ RaceHorse.IsHit4                 : num  0 0 0 0 0 0 0 0 0 0 ...
 $ RaceHorse.IsHit5                 : num  0 0 0 0 0 0 0 0 0 0 ...
 $ RaceHorse.IsHit6                 : num  1 1 1 1 1 1 1 1 1 1 ...
 $ RaceHorse.IsValidRaceHorse       : logi  TRUE TRUE TRUE TRUE TRUE TRUE ...
 $ RaceHorse.FinishTimeSdvByRace    : num  -0.173 -0.173 -0.173 -0.173 -0.173 ...
 $ RaceHorse.FirstTimeSdvByRace     : num  0.439 0.439 0.439 0.439 0.439 ...
 $ RaceHorse.LastTimeSdvByRace      : num  -0.458 -0.458 -0.458 -0.458 -0.458 ...
 $ RaceHorse.FinishTimeSdv          : num  -1.75 -1.75 -1.75 -1.75 -1.75 ...
 $ RaceHorse.FirstTimeSdv           : num  -1.8 -1.8 -1.8 -1.8 -1.8 ...
 $ RaceHorse.LastTimeSdv            : num  -0.332 -0.332 -0.332 -0.332 -0.332 ...
 $ RaceHorse.IsHitA                 : num  0 0 0 0 0 0 0 0 0 0 ...
 $ RaceHorse.IsHitB                 : num  0 0 0 0 0 0 0 0 0 0 ...
 $ RaceHorse.IsHitC                 : num  0 0 0 0 0 0 0 0 0 0 ...
 $ PrevRaceHorse.RaceId             : Factor w/ 1916 levels "20150228-06-02-01-05",..: 1 2 3 4 5 6 7 8 9 10 ...
 $ PrevRaceHorse.KettoNum           : Factor w/ 19001 levels "2012109126","2012106388",..: 1 2 3 4 5 6 7 8 9 10 ...
 $ PrevRaceHorse.FinishTimeSdvByRace: num  -0.62483 0.87602 1.04866 -0.00673 0.27168 ...
 $ PrevRaceHorse.FirstTimeSdvByRace : num  -0.589 1.358 0.188 -1.2 -0.516 ...
 $ PrevRaceHorse.LastTimeSdvByRace  : num  -0.2482 0.0717 1.1482 1.1705 0.5441 ...
 $ PrevRaceHorse.FinishTimeSdv      : num  -1.157 -1.249 -0.737 -1.116 -0.714 ...
 $ PrevRaceHorse.FirstTimeSdv       : num  -1.27 -1.51 -1.66 -1.79 -1.25 ...
 $ PrevRaceHorse.LastTimeSdv        : num  -0.115 0.132 1.19 0.954 0.533 ...
 $ PrevRaceHorse.IsRun              : num  1 1 1 1 1 1 1 1 1 1 ...
 $ PrevRaceHorse.IsHit1             : num  0 0 0 0 0 0 0 0 0 0 ...
 $ PrevRaceHorse.IsHit2             : num  0 0 0 0 0 0 0 0 0 0 ...
 $ PrevRaceHorse.IsHit3             : num  0 0 1 0 0 0 0 0 0 0 ...
 $ PrevRaceHorse.IsHit4             : num  0 1 0 0 0 0 0 0 0 0 ...
 $ PrevRaceHorse.IsHit5             : num  0 0 0 0 0 0 1 0 0 0 ...
 $ PrevRaceHorse.RowNum             : num  1 2 3 4 5 6 7 8 9 10 ...
 $ PrevOdds.RealOddsLog1            : num  2.53 4.08 2.83 4.52 2.93 ...
 $ EOF                              : int  1 1 1 1 1 1 1 1 1 1 ...
[1] "2022-03-09 09:02:40 --- RxSqlServerData Finish ---"
[1] "2022-03-09 09:02:40 --- subset Start ---"
[1] "--------------------------------------------------------------------------------"
[1] "nrow(data) subset before=1878753"
[1] "nrow(data) subset after =1878753"
[1] "nrow(data) subset diff =0"
[1] "--------------------------------------------------------------------------------"
[1] "2022-03-09 09:02:41 --- subset Finish---"
[1] "2022-03-09 09:02:41 --- transform Start ---"
[1] "--------------------------------------------------------------------------------"
[1] "nrow(data) transform before=1878753"
[1] "nrow(data) transform after=1878753"
[1] "nrow(data) transform diff=0"
[1] "--------------------------------------------------------------------------------"
[1] "str(data)="
'data.frame':	1878753 obs. of  45 variables:
 $ Race.RaceId                      : Factor w/ 992 levels "20160105-06-01-01-06",..: 1 1 1 1 1 1 1 1 1 1 ...
 $ Race.IsAnalyzeNormalPastAndFuture: logi  TRUE TRUE TRUE TRUE TRUE TRUE ...
 $ Race.IsAnalyzeNormalPast         : logi  TRUE TRUE TRUE TRUE TRUE TRUE ...
 $ Race.IsAnalyzeNormalFuture       : logi  FALSE FALSE FALSE FALSE FALSE FALSE ...
 $ Race.IsAnalyzeFullPastAndFuture  : logi  TRUE TRUE TRUE TRUE TRUE TRUE ...
 $ Race.IsAnalyzeFullPast           : logi  TRUE TRUE TRUE TRUE TRUE TRUE ...
 $ Race.IsAnalyzeFullFuture         : logi  FALSE FALSE FALSE FALSE FALSE FALSE ...
 $ Race.JyokenCd                    : Factor w/ 1 level "6": 1 1 1 1 1 1 1 1 1 1 ...
 $ Race.JyoType1Cd                  : Factor w/ 119 levels "17-06-2000-1",..: 1 1 1 1 1 1 1 1 1 1 ...
 $ Race.RaceType1Cd                 : Factor w/ 2 levels "1-6-12","1-6-11": 1 1 1 1 1 1 1 1 1 1 ...
 $ RaceHorse.RaceId                 : Factor w/ 992 levels "20160105-06-01-01-06",..: 1 1 1 1 1 1 1 1 1 1 ...
 $ RaceHorse.KettoNum               : Factor w/ 13229 levels "2013100548","2013101435",..: 1 1 1 1 1 1 1 1 1 1 ...
 $ RaceHorse.IsHit1                 : num  0 0 0 0 0 0 0 0 0 0 ...
 $ RaceHorse.IsHit2                 : num  0 0 0 0 0 0 0 0 0 0 ...
 $ RaceHorse.IsHit3                 : num  0 0 0 0 0 0 0 0 0 0 ...
 $ RaceHorse.IsHit4                 : num  0 0 0 0 0 0 0 0 0 0 ...
 $ RaceHorse.IsHit5                 : num  0 0 0 0 0 0 0 0 0 0 ...
 $ RaceHorse.IsHit6                 : num  1 1 1 1 1 1 1 1 1 1 ...
 $ RaceHorse.IsValidRaceHorse       : logi  TRUE TRUE TRUE TRUE TRUE TRUE ...
 $ RaceHorse.FinishTimeSdvByRace    : num  -0.173 -0.173 -0.173 -0.173 -0.173 ...
 $ RaceHorse.FirstTimeSdvByRace     : num  0.439 0.439 0.439 0.439 0.439 ...
 $ RaceHorse.LastTimeSdvByRace      : num  -0.458 -0.458 -0.458 -0.458 -0.458 ...
 $ RaceHorse.FinishTimeSdv          : num  -1.75 -1.75 -1.75 -1.75 -1.75 ...
 $ RaceHorse.FirstTimeSdv           : num  -1.8 -1.8 -1.8 -1.8 -1.8 ...
 $ RaceHorse.LastTimeSdv            : num  -0.332 -0.332 -0.332 -0.332 -0.332 ...
 $ RaceHorse.IsHitA                 : num  0 0 0 0 0 0 0 0 0 0 ...
 $ RaceHorse.IsHitB                 : num  0 0 0 0 0 0 0 0 0 0 ...
 $ RaceHorse.IsHitC                 : num  0 0 0 0 0 0 0 0 0 0 ...
 $ PrevRaceHorse.RaceId             : Factor w/ 1916 levels "20150228-06-02-01-05",..: 1 2 3 4 5 6 7 8 9 10 ...
 $ PrevRaceHorse.KettoNum           : Factor w/ 19001 levels "2012109126","2012106388",..: 1 2 3 4 5 6 7 8 9 10 ...
 $ PrevRaceHorse.FinishTimeSdvByRace: num  -0.62483 0.87602 1.04866 -0.00673 0.27168 ...
 $ PrevRaceHorse.FirstTimeSdvByRace : num  -0.589 1.358 0.188 -1.2 -0.516 ...
 $ PrevRaceHorse.LastTimeSdvByRace  : num  -0.2482 0.0717 1.1482 1.1705 0.5441 ...
 $ PrevRaceHorse.FinishTimeSdv      : num  -1.157 -1.249 -0.737 -1.116 -0.714 ...
 $ PrevRaceHorse.FirstTimeSdv       : num  -1.27 -1.51 -1.66 -1.79 -1.25 ...
 $ PrevRaceHorse.LastTimeSdv        : num  -0.115 0.132 1.19 0.954 0.533 ...
 $ PrevRaceHorse.IsRun              : num  1 1 1 1 1 1 1 1 1 1 ...
 $ PrevRaceHorse.IsHit1             : num  0 0 0 0 0 0 0 0 0 0 ...
 $ PrevRaceHorse.IsHit2             : num  0 0 0 0 0 0 0 0 0 0 ...
 $ PrevRaceHorse.IsHit3             : num  0 0 1 0 0 0 0 0 0 0 ...
 $ PrevRaceHorse.IsHit4             : num  0 1 0 0 0 0 0 0 0 0 ...
 $ PrevRaceHorse.IsHit5             : num  0 0 0 0 0 0 1 0 0 0 ...
 $ PrevRaceHorse.RowNum             : num  1 2 3 4 5 6 7 8 9 10 ...
 $ PrevOdds.RealOddsLog1            : num  2.53 4.08 2.83 4.52 2.93 ...
 $ EOF                              : int  1 1 1 1 1 1 1 1 1 1 ...
NULL
[1] "2022-03-09 09:02:41 --- transform Finish ---"
[1] "2022-03-09 09:02:41 --- na.omit Start ---"
[1] "--------------------------------------------------------------------------------"
[1] "nrow(data) na.omit before=1878753"
[1] "nrow(data) na.omit after =1868162"
[1] "nrow(data) na.omit diff =10591"
[1] "--------------------------------------------------------------------------------"
'data.frame':	1868162 obs. of  45 variables:
 $ Race.RaceId                      : Factor w/ 992 levels "20160105-06-01-01-06",..: 1 1 1 1 1 1 1 1 1 1 ...
 $ Race.IsAnalyzeNormalPastAndFuture: logi  TRUE TRUE TRUE TRUE TRUE TRUE ...
 $ Race.IsAnalyzeNormalPast         : logi  TRUE TRUE TRUE TRUE TRUE TRUE ...
 $ Race.IsAnalyzeNormalFuture       : logi  FALSE FALSE FALSE FALSE FALSE FALSE ...
 $ Race.IsAnalyzeFullPastAndFuture  : logi  TRUE TRUE TRUE TRUE TRUE TRUE ...
 $ Race.IsAnalyzeFullPast           : logi  TRUE TRUE TRUE TRUE TRUE TRUE ...
 $ Race.IsAnalyzeFullFuture         : logi  FALSE FALSE FALSE FALSE FALSE FALSE ...
 $ Race.JyokenCd                    : Factor w/ 1 level "6": 1 1 1 1 1 1 1 1 1 1 ...
 $ Race.JyoType1Cd                  : Factor w/ 119 levels "17-06-2000-1",..: 1 1 1 1 1 1 1 1 1 1 ...
 $ Race.RaceType1Cd                 : Factor w/ 2 levels "1-6-12","1-6-11": 1 1 1 1 1 1 1 1 1 1 ...
 $ RaceHorse.RaceId                 : Factor w/ 992 levels "20160105-06-01-01-06",..: 1 1 1 1 1 1 1 1 1 1 ...
 $ RaceHorse.KettoNum               : Factor w/ 13229 levels "2013100548","2013101435",..: 1 1 1 1 1 1 1 1 1 1 ...
 $ RaceHorse.IsHit1                 : num  0 0 0 0 0 0 0 0 0 0 ...
 $ RaceHorse.IsHit2                 : num  0 0 0 0 0 0 0 0 0 0 ...
 $ RaceHorse.IsHit3                 : num  0 0 0 0 0 0 0 0 0 0 ...
 $ RaceHorse.IsHit4                 : num  0 0 0 0 0 0 0 0 0 0 ...
 $ RaceHorse.IsHit5                 : num  0 0 0 0 0 0 0 0 0 0 ...
 $ RaceHorse.IsHit6                 : num  1 1 1 1 1 1 1 1 1 1 ...
 $ RaceHorse.IsValidRaceHorse       : logi  TRUE TRUE TRUE TRUE TRUE TRUE ...
 $ RaceHorse.FinishTimeSdvByRace    : num  -0.173 -0.173 -0.173 -0.173 -0.173 ...
 $ RaceHorse.FirstTimeSdvByRace     : num  0.439 0.439 0.439 0.439 0.439 ...
 $ RaceHorse.LastTimeSdvByRace      : num  -0.458 -0.458 -0.458 -0.458 -0.458 ...
 $ RaceHorse.FinishTimeSdv          : num  -1.75 -1.75 -1.75 -1.75 -1.75 ...
 $ RaceHorse.FirstTimeSdv           : num  -1.8 -1.8 -1.8 -1.8 -1.8 ...
 $ RaceHorse.LastTimeSdv            : num  -0.332 -0.332 -0.332 -0.332 -0.332 ...
 $ RaceHorse.IsHitA                 : num  0 0 0 0 0 0 0 0 0 0 ...
 $ RaceHorse.IsHitB                 : num  0 0 0 0 0 0 0 0 0 0 ...
 $ RaceHorse.IsHitC                 : num  0 0 0 0 0 0 0 0 0 0 ...
 $ PrevRaceHorse.RaceId             : Factor w/ 1916 levels "20150228-06-02-01-05",..: 1 2 3 4 5 6 7 8 9 10 ...
 $ PrevRaceHorse.KettoNum           : Factor w/ 19001 levels "2012109126","2012106388",..: 1 2 3 4 5 6 7 8 9 10 ...
 $ PrevRaceHorse.FinishTimeSdvByRace: num  -0.62483 0.87602 1.04866 -0.00673 0.27168 ...
 $ PrevRaceHorse.FirstTimeSdvByRace : num  -0.589 1.358 0.188 -1.2 -0.516 ...
 $ PrevRaceHorse.LastTimeSdvByRace  : num  -0.2482 0.0717 1.1482 1.1705 0.5441 ...
 $ PrevRaceHorse.FinishTimeSdv      : num  -1.157 -1.249 -0.737 -1.116 -0.714 ...
 $ PrevRaceHorse.FirstTimeSdv       : num  -1.27 -1.51 -1.66 -1.79 -1.25 ...
 $ PrevRaceHorse.LastTimeSdv        : num  -0.115 0.132 1.19 0.954 0.533 ...
 $ PrevRaceHorse.IsRun              : num  1 1 1 1 1 1 1 1 1 1 ...
 $ PrevRaceHorse.IsHit1             : num  0 0 0 0 0 0 0 0 0 0 ...
 $ PrevRaceHorse.IsHit2             : num  0 0 0 0 0 0 0 0 0 0 ...
 $ PrevRaceHorse.IsHit3             : num  0 0 1 0 0 0 0 0 0 0 ...
 $ PrevRaceHorse.IsHit4             : num  0 1 0 0 0 0 0 0 0 0 ...
 $ PrevRaceHorse.IsHit5             : num  0 0 0 0 0 0 1 0 0 0 ...
 $ PrevRaceHorse.RowNum             : num  1 2 3 4 5 6 7 8 9 10 ...
 $ PrevOdds.RealOddsLog1            : num  2.53 4.08 2.83 4.52 2.93 ...
 $ EOF                              : int  1 1 1 1 1 1 1 1 1 1 ...
 - attr(*, "na.action")= 'omit' Named int  2283 2284 2285 2286 2287 2288 2289 2290 2291 2292 ...
  ..- attr(*, "names")= chr  "2283" "2284" "2285" "2286" ...
[1] "2022-03-09 09:02:42 --- na.omit Finish ---"
[1] "2022-03-09 09:02:42 --- rxLogit with rxStepControl Start ---"

> print(paste0(Sys.time(), " --- source_logic_glm.R Start ---"))
[1] "2022-03-09 09:02:42 --- source_logic_glm.R Start ---"

> formula <- formula(RaceHorse.IsHitA ~ +1 + PrevRaceHorse.FinishTimeSdvByRace)

> print(paste0(Sys.time(), " --- source_logic_glm.R Finished ---"))
[1] "2022-03-09 09:02:42 --- source_logic_glm.R Finished ---"
Rows Read: 1868162, Total Rows Processed: 1868162, Total Chunk Time: 0.023 seconds 

Starting values (iteration 1) time: 0.038 secs.
Rows Read: 1868162, Total Rows Processed: 1868162, Total Chunk Time: 0.060 seconds 

Iteration 2 time: 0.068 secs.
Rows Read: 1868162, Total Rows Processed: 1868162, Total Chunk Time: 0.057 seconds 

Iteration 3 time: 0.062 secs.
Rows Read: 1868162, Total Rows Processed: 1868162, Total Chunk Time: 0.057 seconds 

Iteration 4 time: 0.061 secs.

Elapsed computation time: 0.231 secs.
Rows Read: 1868162, Total Rows Processed: 1868162, Total Chunk Time: 0.023 seconds 

Starting values (iteration 1) time: 0.037 secs.
Rows Read: 1868162, Total Rows Processed: 1868162, Total Chunk Time: 0.047 seconds 

Iteration 2 time: 0.056 secs.

Elapsed computation time: 0.095 secs.
Rows Read: 1868162, Total Rows Processed: 1868162, Total Chunk Time: 0.022 seconds 

Starting values (iteration 1) time: 0.035 secs.
Rows Read: 1868162, Total Rows Processed: 1868162, Total Chunk Time: 0.104 seconds 

Iteration 2 time: 0.121 secs.
Rows Read: 1868162, Total Rows Processed: 1868162, Total Chunk Time: 0.076 seconds 

Iteration 3 time: 0.082 secs.
Rows Read: 1868162, Total Rows Processed: 1868162, Total Chunk Time: 0.077 seconds 

Iteration 4 time: 0.082 secs.

Elapsed computation time: 0.323 secs.

Elapsed computation time: 0.669 secs.
[1] "--------------------------------------------------------------------------------"
[1] "analyze.results.glm.step="
Logistic Regression Results for: RaceHorse.IsHitA ~
    PrevRaceHorse.FinishTimeSdvByRace
Data: data
Dependent variable(s): RaceHorse.IsHitA
Total independent variables: 2 
Number of valid observations: 1868162
Number of missing observations: 0 
 
Coefficients:
                                  RaceHorse.IsHitA
(Intercept)                                   -2.4
PrevRaceHorse.FinishTimeSdvByRace              0.2
[1] "analyze.results.glm.step.summary"
Call:
rxLogit(formula = formula, data = data, variableSelection = analyze.results.glm.step.varsel)

Logistic Regression Results for: RaceHorse.IsHitA ~
    PrevRaceHorse.FinishTimeSdvByRace
Data: data
Dependent variable(s): RaceHorse.IsHitA
Total independent variables: 2 
Number of valid observations: 1868162
Number of missing observations: 0 
-2*LogLikelihood: 1125021.828 (Residual deviance on 1868160 degrees of freedom)
 
Coefficients:
                                  Estimate Std. Error z value Pr(>|z|)    
(Intercept)                       -2.41126    0.00303  -796.5  2.2e-16 ***
PrevRaceHorse.FinishTimeSdvByRace  0.24079    0.00355    67.9  2.2e-16 ***
---
Signif. codes:  0 '***' 0.001 '**' 0.01 '*' 0.05 '.' 0.1 ' ' 1

Condition number of final variance-covariance matrix: 1 
Number of iterations: 4
[1] "--------------------------------------------------------------------------------"
[1] "2022-03-09 09:02:43 --- rxLogit with rxStepControl Finish ---"
[1] "2022-03-09 09:02:43 --- rxStepPlot Start ---"
[1] "pdfFilename=pdf_analyze_glm_Jockey_Type16_rxStepPlot.pdf"
[1] "rxStepPlot="
[1] "2022-03-09 09:02:43 --- rxStepPlot Finish ---"
[1] "2022-03-09 09:02:43 --- save.image Start ---"
[1] "save.image"
[1] "rdataFilename=RData_analyze_glm_Jockey_Type16.RData"
[1] "2022-03-09 09:02:50 --- save.image Finish ---"
[1] "2022-03-09 09:02:50 --- final Start ---"
[1] "--------------------------------------------------------------------------------"
[1] "nrow(data) final=1868162"
[1] "--------------------------------------------------------------------------------"
[1] "2022-03-09 09:02:50 --- final Finish ---"
[1] "2022-03-09 09:02:50 --- analyze_glm.R Finished ---"
[1] "2022-03-09 09:02:50 --- log Finish ---"
