[1] "2022-03-09 08:49:19 --- D1116_analyze_glm_Gen01_IsHitA_Type24 Start ---"
[1] "2022-03-09 08:49:19 --- Log Start ---"
[1] "2022-03-09 08:49:19 --- analyze_glm.R Start ---"
[1] "analyzeVersion=D1116"
[1] "analyzeCategory=analyze"
[1] "analyzeType=Gen01"
[1] "analyzeFamily=IsHitA"
[1] "analyzeFunc=glm"
[1] "analyzeTrackTypeCd=2"
[1] "analyzeJyokenCd=4"
[1] "2022-03-09 08:49:19 --- source_function.R Start ---"
[1] "2022-03-09 08:49:19 --- source_function.R Finished ---"

> print(paste0(Sys.time(), " --- source_library.R Start ---"))
[1] "2022-03-09 08:49:19 --- source_library.R Start ---"

> require("RevoScaleR")

> print(paste0(Sys.time(), " --- source_library.R Finished ---"))
[1] "2022-03-09 08:49:19 --- source_library.R Finished ---"
[1] "2022-03-09 08:49:19 --- RxSqlServerData Start ---"
[1] "2022-03-09 08:49:19 --- RxInSqlServer Start ---"
[1] "2022-03-09 08:49:19 --- RxInSqlServer Finish ---"
[1] "2022-03-09 08:49:19 --- rxSetComputeContext Start ---"
[1] "2022-03-09 08:49:19 --- rxSetComputeContext Finish ---"
[1] "2022-03-09 08:49:19 --- RxSqlServerData Start ---"
[1] "sqlQuery=SELECT * FROM ViewAnalyzeD1116analyze01Gen01Type24"
[1] "2022-03-09 08:49:19 --- RxSqlServerData Finish ---"
[1] "2022-03-09 08:49:19 --- rxGetVarInfo Start ---"
[1] "2022-03-09 08:49:20 --- rxGetVarInfo Finish---"
[1] "2022-03-09 08:49:20 --- rxImport Start ---"
Rows Read: 10704160, Total Rows Processed: 10704160, Total Chunk Time: 238.997 seconds 
[1] "2022-03-09 08:55:20 --- rxImport Finish ---"
[1] "object.size(data) auto=3 Gb"
[1] "--------------------------------------------------------------------------------"
[1] "nrow(data) RxSqlServerData=10704160"
[1] "--------------------------------------------------------------------------------"
[1] "str(data)="
'data.frame':	10704160 obs. of  45 variables:
 $ Race.RaceId                      : Factor w/ 2833 levels "20160105-06-01-01-03",..: 1 1 1 1 1 1 1 1 1 1 ...
 $ Race.IsAnalyzeNormalPastAndFuture: logi  TRUE TRUE TRUE TRUE TRUE TRUE ...
 $ Race.IsAnalyzeNormalPast         : logi  TRUE TRUE TRUE TRUE TRUE TRUE ...
 $ Race.IsAnalyzeNormalFuture       : logi  FALSE FALSE FALSE FALSE FALSE FALSE ...
 $ Race.IsAnalyzeFullPastAndFuture  : logi  TRUE TRUE TRUE TRUE TRUE TRUE ...
 $ Race.IsAnalyzeFullPast           : logi  TRUE TRUE TRUE TRUE TRUE TRUE ...
 $ Race.IsAnalyzeFullFuture         : logi  FALSE FALSE FALSE FALSE FALSE FALSE ...
 $ Race.JyokenCd                    : Factor w/ 1 level "4": 1 1 1 1 1 1 1 1 1 1 ...
 $ Race.JyoType1Cd                  : Factor w/ 131 levels "24-06-1200-1",..: 1 1 1 1 1 1 1 1 1 1 ...
 $ Race.RaceType1Cd                 : Factor w/ 4 levels "2-4-14","2-4-12",..: 1 1 1 1 1 1 1 1 1 1 ...
 $ RaceHorse.RaceId                 : Factor w/ 2833 levels "20160105-06-01-01-03",..: 1 1 1 1 1 1 1 1 1 1 ...
 $ RaceHorse.KettoNum               : Factor w/ 7860 levels "2011104863","2013102190",..: 1 1 1 1 1 1 1 1 1 1 ...
 $ RaceHorse.IsHit1                 : num  0 0 0 0 0 0 0 0 0 0 ...
 $ RaceHorse.IsHit2                 : num  0 0 0 0 0 0 0 0 0 0 ...
 $ RaceHorse.IsHit3                 : num  0 0 0 0 0 0 0 0 0 0 ...
 $ RaceHorse.IsHit4                 : num  0 0 0 0 0 0 0 0 0 0 ...
 $ RaceHorse.IsHit5                 : num  0 0 0 0 0 0 0 0 0 0 ...
 $ RaceHorse.IsHit6                 : num  1 1 1 1 1 1 1 1 1 1 ...
 $ RaceHorse.IsValidRaceHorse       : logi  TRUE TRUE TRUE TRUE TRUE TRUE ...
 $ RaceHorse.FinishTimeSdvByRace    : num  -0.691 -0.691 -0.691 -0.691 -0.691 ...
 $ RaceHorse.FirstTimeSdvByRace     : num  0.874 0.874 0.874 0.874 0.874 ...
 $ RaceHorse.LastTimeSdvByRace      : num  -1.15 -1.15 -1.15 -1.15 -1.15 ...
 $ RaceHorse.FinishTimeSdv          : num  0.545 0.545 0.545 0.545 0.545 ...
 $ RaceHorse.FirstTimeSdv           : num  0.952 0.952 0.952 0.952 0.952 ...
 $ RaceHorse.LastTimeSdv            : num  -0.0279 -0.0279 -0.0279 -0.0279 -0.0279 ...
 $ RaceHorse.IsHitA                 : num  0 0 0 0 0 0 0 0 0 0 ...
 $ RaceHorse.IsHitB                 : num  0 0 0 0 0 0 0 0 0 0 ...
 $ RaceHorse.IsHitC                 : num  0 0 0 0 0 0 0 0 0 0 ...
 $ PrevRaceHorse.RaceId             : Factor w/ 6492 levels "20150124-07-01-03-07",..: 1 2 3 4 4 5 6 7 8 9 ...
 $ PrevRaceHorse.KettoNum           : Factor w/ 14513 levels "2011104347","2011105619",..: 1 2 3 4 5 6 7 8 9 10 ...
 $ PrevRaceHorse.FinishTimeSdvByRace: num  0.798 0.608 -1.141 -0.316 0.632 ...
 $ PrevRaceHorse.FirstTimeSdvByRace : num  0.188 0.677 1.204 -1.327 0.442 ...
 $ PrevRaceHorse.LastTimeSdvByRace  : num  0.642 0.336 -1.382 0.244 0.428 ...
 $ PrevRaceHorse.FinishTimeSdv      : num  -0.3797 0.6297 -0.5334 -0.2683 -0.0674 ...
 $ PrevRaceHorse.FirstTimeSdv       : num  -1.356 -0.243 0.854 -0.872 -0.63 ...
 $ PrevRaceHorse.LastTimeSdv        : num  0.683 1.017 -1.306 0.443 0.5 ...
 $ PrevRaceHorse.IsRun              : num  1 1 1 1 1 1 1 1 1 1 ...
 $ PrevRaceHorse.IsHit1             : num  0 0 0 0 0 0 1 0 0 1 ...
 $ PrevRaceHorse.IsHit2             : num  0 0 0 0 0 0 0 0 0 0 ...
 $ PrevRaceHorse.IsHit3             : num  1 0 0 0 0 0 0 0 0 0 ...
 $ PrevRaceHorse.IsHit4             : num  0 1 0 0 1 0 0 0 0 0 ...
 $ PrevRaceHorse.IsHit5             : num  0 0 0 0 0 0 0 0 0 0 ...
 $ PrevRaceHorse.RowNum             : num  76 77 78 79 80 81 82 83 84 85 ...
 $ PrevOdds.RealOddsLog1            : num  3.09 3.03 3.71 1.29 3.81 ...
 $ EOF                              : int  1 1 1 1 1 1 1 1 1 1 ...
[1] "2022-03-09 08:55:21 --- RxSqlServerData Finish ---"
[1] "2022-03-09 08:55:21 --- subset Start ---"
[1] "--------------------------------------------------------------------------------"
[1] "nrow(data) subset before=10704160"
[1] "nrow(data) subset after =10704160"
[1] "nrow(data) subset diff =0"
[1] "--------------------------------------------------------------------------------"
[1] "2022-03-09 08:55:24 --- subset Finish---"
[1] "2022-03-09 08:55:24 --- transform Start ---"
[1] "--------------------------------------------------------------------------------"
[1] "nrow(data) transform before=10704160"
[1] "nrow(data) transform after=10704160"
[1] "nrow(data) transform diff=0"
[1] "--------------------------------------------------------------------------------"
[1] "str(data)="
'data.frame':	10704160 obs. of  45 variables:
 $ Race.RaceId                      : Factor w/ 2833 levels "20160105-06-01-01-03",..: 1 1 1 1 1 1 1 1 1 1 ...
 $ Race.IsAnalyzeNormalPastAndFuture: logi  TRUE TRUE TRUE TRUE TRUE TRUE ...
 $ Race.IsAnalyzeNormalPast         : logi  TRUE TRUE TRUE TRUE TRUE TRUE ...
 $ Race.IsAnalyzeNormalFuture       : logi  FALSE FALSE FALSE FALSE FALSE FALSE ...
 $ Race.IsAnalyzeFullPastAndFuture  : logi  TRUE TRUE TRUE TRUE TRUE TRUE ...
 $ Race.IsAnalyzeFullPast           : logi  TRUE TRUE TRUE TRUE TRUE TRUE ...
 $ Race.IsAnalyzeFullFuture         : logi  FALSE FALSE FALSE FALSE FALSE FALSE ...
 $ Race.JyokenCd                    : Factor w/ 1 level "4": 1 1 1 1 1 1 1 1 1 1 ...
 $ Race.JyoType1Cd                  : Factor w/ 131 levels "24-06-1200-1",..: 1 1 1 1 1 1 1 1 1 1 ...
 $ Race.RaceType1Cd                 : Factor w/ 4 levels "2-4-14","2-4-12",..: 1 1 1 1 1 1 1 1 1 1 ...
 $ RaceHorse.RaceId                 : Factor w/ 2833 levels "20160105-06-01-01-03",..: 1 1 1 1 1 1 1 1 1 1 ...
 $ RaceHorse.KettoNum               : Factor w/ 7860 levels "2011104863","2013102190",..: 1 1 1 1 1 1 1 1 1 1 ...
 $ RaceHorse.IsHit1                 : num  0 0 0 0 0 0 0 0 0 0 ...
 $ RaceHorse.IsHit2                 : num  0 0 0 0 0 0 0 0 0 0 ...
 $ RaceHorse.IsHit3                 : num  0 0 0 0 0 0 0 0 0 0 ...
 $ RaceHorse.IsHit4                 : num  0 0 0 0 0 0 0 0 0 0 ...
 $ RaceHorse.IsHit5                 : num  0 0 0 0 0 0 0 0 0 0 ...
 $ RaceHorse.IsHit6                 : num  1 1 1 1 1 1 1 1 1 1 ...
 $ RaceHorse.IsValidRaceHorse       : logi  TRUE TRUE TRUE TRUE TRUE TRUE ...
 $ RaceHorse.FinishTimeSdvByRace    : num  -0.691 -0.691 -0.691 -0.691 -0.691 ...
 $ RaceHorse.FirstTimeSdvByRace     : num  0.874 0.874 0.874 0.874 0.874 ...
 $ RaceHorse.LastTimeSdvByRace      : num  -1.15 -1.15 -1.15 -1.15 -1.15 ...
 $ RaceHorse.FinishTimeSdv          : num  0.545 0.545 0.545 0.545 0.545 ...
 $ RaceHorse.FirstTimeSdv           : num  0.952 0.952 0.952 0.952 0.952 ...
 $ RaceHorse.LastTimeSdv            : num  -0.0279 -0.0279 -0.0279 -0.0279 -0.0279 ...
 $ RaceHorse.IsHitA                 : num  0 0 0 0 0 0 0 0 0 0 ...
 $ RaceHorse.IsHitB                 : num  0 0 0 0 0 0 0 0 0 0 ...
 $ RaceHorse.IsHitC                 : num  0 0 0 0 0 0 0 0 0 0 ...
 $ PrevRaceHorse.RaceId             : Factor w/ 6492 levels "20150124-07-01-03-07",..: 1 2 3 4 4 5 6 7 8 9 ...
 $ PrevRaceHorse.KettoNum           : Factor w/ 14513 levels "2011104347","2011105619",..: 1 2 3 4 5 6 7 8 9 10 ...
 $ PrevRaceHorse.FinishTimeSdvByRace: num  0.798 0.608 -1.141 -0.316 0.632 ...
 $ PrevRaceHorse.FirstTimeSdvByRace : num  0.188 0.677 1.204 -1.327 0.442 ...
 $ PrevRaceHorse.LastTimeSdvByRace  : num  0.642 0.336 -1.382 0.244 0.428 ...
 $ PrevRaceHorse.FinishTimeSdv      : num  -0.3797 0.6297 -0.5334 -0.2683 -0.0674 ...
 $ PrevRaceHorse.FirstTimeSdv       : num  -1.356 -0.243 0.854 -0.872 -0.63 ...
 $ PrevRaceHorse.LastTimeSdv        : num  0.683 1.017 -1.306 0.443 0.5 ...
 $ PrevRaceHorse.IsRun              : num  1 1 1 1 1 1 1 1 1 1 ...
 $ PrevRaceHorse.IsHit1             : num  0 0 0 0 0 0 1 0 0 1 ...
 $ PrevRaceHorse.IsHit2             : num  0 0 0 0 0 0 0 0 0 0 ...
 $ PrevRaceHorse.IsHit3             : num  1 0 0 0 0 0 0 0 0 0 ...
 $ PrevRaceHorse.IsHit4             : num  0 1 0 0 1 0 0 0 0 0 ...
 $ PrevRaceHorse.IsHit5             : num  0 0 0 0 0 0 0 0 0 0 ...
 $ PrevRaceHorse.RowNum             : num  76 77 78 79 80 81 82 83 84 85 ...
 $ PrevOdds.RealOddsLog1            : num  3.09 3.03 3.71 1.29 3.81 ...
 $ EOF                              : int  1 1 1 1 1 1 1 1 1 1 ...
NULL
[1] "2022-03-09 08:55:24 --- transform Finish ---"
[1] "2022-03-09 08:55:24 --- na.omit Start ---"
[1] "--------------------------------------------------------------------------------"
[1] "nrow(data) na.omit before=10704160"
[1] "nrow(data) na.omit after =10632909"
[1] "nrow(data) na.omit diff =71251"
[1] "--------------------------------------------------------------------------------"
'data.frame':	10632909 obs. of  45 variables:
 $ Race.RaceId                      : Factor w/ 2833 levels "20160105-06-01-01-03",..: 1 1 1 1 1 1 1 1 1 1 ...
 $ Race.IsAnalyzeNormalPastAndFuture: logi  TRUE TRUE TRUE TRUE TRUE TRUE ...
 $ Race.IsAnalyzeNormalPast         : logi  TRUE TRUE TRUE TRUE TRUE TRUE ...
 $ Race.IsAnalyzeNormalFuture       : logi  FALSE FALSE FALSE FALSE FALSE FALSE ...
 $ Race.IsAnalyzeFullPastAndFuture  : logi  TRUE TRUE TRUE TRUE TRUE TRUE ...
 $ Race.IsAnalyzeFullPast           : logi  TRUE TRUE TRUE TRUE TRUE TRUE ...
 $ Race.IsAnalyzeFullFuture         : logi  FALSE FALSE FALSE FALSE FALSE FALSE ...
 $ Race.JyokenCd                    : Factor w/ 1 level "4": 1 1 1 1 1 1 1 1 1 1 ...
 $ Race.JyoType1Cd                  : Factor w/ 131 levels "24-06-1200-1",..: 1 1 1 1 1 1 1 1 1 1 ...
 $ Race.RaceType1Cd                 : Factor w/ 4 levels "2-4-14","2-4-12",..: 1 1 1 1 1 1 1 1 1 1 ...
 $ RaceHorse.RaceId                 : Factor w/ 2833 levels "20160105-06-01-01-03",..: 1 1 1 1 1 1 1 1 1 1 ...
 $ RaceHorse.KettoNum               : Factor w/ 7860 levels "2011104863","2013102190",..: 1 1 1 1 1 1 1 1 1 1 ...
 $ RaceHorse.IsHit1                 : num  0 0 0 0 0 0 0 0 0 0 ...
 $ RaceHorse.IsHit2                 : num  0 0 0 0 0 0 0 0 0 0 ...
 $ RaceHorse.IsHit3                 : num  0 0 0 0 0 0 0 0 0 0 ...
 $ RaceHorse.IsHit4                 : num  0 0 0 0 0 0 0 0 0 0 ...
 $ RaceHorse.IsHit5                 : num  0 0 0 0 0 0 0 0 0 0 ...
 $ RaceHorse.IsHit6                 : num  1 1 1 1 1 1 1 1 1 1 ...
 $ RaceHorse.IsValidRaceHorse       : logi  TRUE TRUE TRUE TRUE TRUE TRUE ...
 $ RaceHorse.FinishTimeSdvByRace    : num  -0.691 -0.691 -0.691 -0.691 -0.691 ...
 $ RaceHorse.FirstTimeSdvByRace     : num  0.874 0.874 0.874 0.874 0.874 ...
 $ RaceHorse.LastTimeSdvByRace      : num  -1.15 -1.15 -1.15 -1.15 -1.15 ...
 $ RaceHorse.FinishTimeSdv          : num  0.545 0.545 0.545 0.545 0.545 ...
 $ RaceHorse.FirstTimeSdv           : num  0.952 0.952 0.952 0.952 0.952 ...
 $ RaceHorse.LastTimeSdv            : num  -0.0279 -0.0279 -0.0279 -0.0279 -0.0279 ...
 $ RaceHorse.IsHitA                 : num  0 0 0 0 0 0 0 0 0 0 ...
 $ RaceHorse.IsHitB                 : num  0 0 0 0 0 0 0 0 0 0 ...
 $ RaceHorse.IsHitC                 : num  0 0 0 0 0 0 0 0 0 0 ...
 $ PrevRaceHorse.RaceId             : Factor w/ 6492 levels "20150124-07-01-03-07",..: 1 2 3 4 4 5 6 7 8 9 ...
 $ PrevRaceHorse.KettoNum           : Factor w/ 14513 levels "2011104347","2011105619",..: 1 2 3 4 5 6 7 8 9 10 ...
 $ PrevRaceHorse.FinishTimeSdvByRace: num  0.798 0.608 -1.141 -0.316 0.632 ...
 $ PrevRaceHorse.FirstTimeSdvByRace : num  0.188 0.677 1.204 -1.327 0.442 ...
 $ PrevRaceHorse.LastTimeSdvByRace  : num  0.642 0.336 -1.382 0.244 0.428 ...
 $ PrevRaceHorse.FinishTimeSdv      : num  -0.3797 0.6297 -0.5334 -0.2683 -0.0674 ...
 $ PrevRaceHorse.FirstTimeSdv       : num  -1.356 -0.243 0.854 -0.872 -0.63 ...
 $ PrevRaceHorse.LastTimeSdv        : num  0.683 1.017 -1.306 0.443 0.5 ...
 $ PrevRaceHorse.IsRun              : num  1 1 1 1 1 1 1 1 1 1 ...
 $ PrevRaceHorse.IsHit1             : num  0 0 0 0 0 0 1 0 0 1 ...
 $ PrevRaceHorse.IsHit2             : num  0 0 0 0 0 0 0 0 0 0 ...
 $ PrevRaceHorse.IsHit3             : num  1 0 0 0 0 0 0 0 0 0 ...
 $ PrevRaceHorse.IsHit4             : num  0 1 0 0 1 0 0 0 0 0 ...
 $ PrevRaceHorse.IsHit5             : num  0 0 0 0 0 0 0 0 0 0 ...
 $ PrevRaceHorse.RowNum             : num  76 77 78 79 80 81 82 83 84 85 ...
 $ PrevOdds.RealOddsLog1            : num  3.09 3.03 3.71 1.29 3.81 ...
 $ EOF                              : int  1 1 1 1 1 1 1 1 1 1 ...
 - attr(*, "na.action")= 'omit' Named int  82704 82705 82706 82707 82708 82709 82710 82722 82723 82724 ...
  ..- attr(*, "names")= chr  "82704" "82705" "82706" "82707" ...
[1] "2022-03-09 08:55:30 --- na.omit Finish ---"
[1] "2022-03-09 08:55:30 --- rxLogit with rxStepControl Start ---"

> print(paste0(Sys.time(), " --- source_logic_glm.R Start ---"))
[1] "2022-03-09 08:55:30 --- source_logic_glm.R Start ---"

> formula <- formula(RaceHorse.IsHitA ~ +1 + PrevRaceHorse.FinishTimeSdvByRace)

> print(paste0(Sys.time(), " --- source_logic_glm.R Finished ---"))
[1] "2022-03-09 08:55:30 --- source_logic_glm.R Finished ---"
Rows Read: 10632909, Total Rows Processed: 10632909, Total Chunk Time: 0.153 seconds 

Starting values (iteration 1) time: 0.174 secs.
Rows Read: 10632909, Total Rows Processed: 10632909, Total Chunk Time: 0.386 seconds 

Iteration 2 time: 0.414 secs.
Rows Read: 10632909, Total Rows Processed: 10632909, Total Chunk Time: 0.392 seconds 

Iteration 3 time: 0.416 secs.

Elapsed computation time: 1.006 secs.
Rows Read: 10632909, Total Rows Processed: 10632909, Total Chunk Time: 0.110 seconds 

Starting values (iteration 1) time: 0.131 secs.
Rows Read: 10632909, Total Rows Processed: 10632909, Total Chunk Time: 0.281 seconds 

Iteration 2 time: 0.302 secs.

Elapsed computation time: 0.436 secs.
Rows Read: 10632909, Total Rows Processed: 10632909, Total Chunk Time: 0.147 seconds 

Starting values (iteration 1) time: 0.168 secs.
Rows Read: 10632909, Total Rows Processed: 10632909, Total Chunk Time: 0.387 seconds 

Iteration 2 time: 0.413 secs.
Rows Read: 10632909, Total Rows Processed: 10632909, Total Chunk Time: 0.368 seconds 

Iteration 3 time: 0.390 secs.

Elapsed computation time: 0.972 secs.

Elapsed computation time: 2.433 secs.
[1] "--------------------------------------------------------------------------------"
[1] "analyze.results.glm.step="
Logistic Regression Results for: RaceHorse.IsHitA ~
    PrevRaceHorse.FinishTimeSdvByRace
Data: data
Dependent variable(s): RaceHorse.IsHitA
Total independent variables: 2 
Number of valid observations: 10632909
Number of missing observations: 0 
 
Coefficients:
                                  RaceHorse.IsHitA
(Intercept)                                  -2.47
PrevRaceHorse.FinishTimeSdvByRace             0.02
[1] "analyze.results.glm.step.summary"
Call:
rxLogit(formula = formula, data = data, variableSelection = analyze.results.glm.step.varsel)

Logistic Regression Results for: RaceHorse.IsHitA ~
    PrevRaceHorse.FinishTimeSdvByRace
Data: data
Dependent variable(s): RaceHorse.IsHitA
Total independent variables: 2 
Number of valid observations: 10632909
Number of missing observations: 0 
-2*LogLikelihood: 5828077.104 (Residual deviance on 10632907 degrees of freedom)
 
Coefficients:
                                  Estimate Std. Error z value Pr(>|z|)    
(Intercept)                       -2.47224    0.00117   -2108  2.2e-16 ***
PrevRaceHorse.FinishTimeSdvByRace  0.01885    0.00134      14  2.2e-16 ***
---
Signif. codes:  0 '***' 0.001 '**' 0.01 '*' 0.05 '.' 0.1 ' ' 1

Condition number of final variance-covariance matrix: 1 
Number of iterations: 3
[1] "--------------------------------------------------------------------------------"
[1] "2022-03-09 08:55:38 --- rxLogit with rxStepControl Finish ---"
[1] "2022-03-09 08:55:38 --- rxStepPlot Start ---"
[1] "pdfFilename=pdf_analyze_glm_Gen01_Type24_rxStepPlot.pdf"
[1] "rxStepPlot="
[1] "2022-03-09 08:55:38 --- rxStepPlot Finish ---"
[1] "2022-03-09 08:55:38 --- save.image Start ---"
[1] "save.image"
[1] "rdataFilename=RData_analyze_glm_Gen01_Type24.RData"
[1] "2022-03-09 08:56:19 --- save.image Finish ---"
[1] "2022-03-09 08:56:19 --- final Start ---"
[1] "--------------------------------------------------------------------------------"
[1] "nrow(data) final=10632909"
[1] "--------------------------------------------------------------------------------"
[1] "2022-03-09 08:56:19 --- final Finish ---"
[1] "2022-03-09 08:56:19 --- analyze_glm.R Finished ---"
[1] "2022-03-09 08:56:19 --- log Finish ---"
