[1] "2022-03-09 08:57:26 --- D1116_analyze_glm_Gen02_IsHitA_Type15 Start ---"
[1] "2022-03-09 08:57:26 --- Log Start ---"
[1] "2022-03-09 08:57:26 --- analyze_glm.R Start ---"
[1] "analyzeVersion=D1116"
[1] "analyzeCategory=analyze"
[1] "analyzeType=Gen02"
[1] "analyzeFamily=IsHitA"
[1] "analyzeFunc=glm"
[1] "analyzeTrackTypeCd=1"
[1] "analyzeJyokenCd=5"
[1] "2022-03-09 08:57:26 --- source_function.R Start ---"
[1] "2022-03-09 08:57:26 --- source_function.R Finished ---"

> print(paste0(Sys.time(), " --- source_library.R Start ---"))
[1] "2022-03-09 08:57:26 --- source_library.R Start ---"

> require("RevoScaleR")

> print(paste0(Sys.time(), " --- source_library.R Finished ---"))
[1] "2022-03-09 08:57:27 --- source_library.R Finished ---"
[1] "2022-03-09 08:57:27 --- RxSqlServerData Start ---"
[1] "2022-03-09 08:57:27 --- RxInSqlServer Start ---"
[1] "2022-03-09 08:57:27 --- RxInSqlServer Finish ---"
[1] "2022-03-09 08:57:27 --- rxSetComputeContext Start ---"
[1] "2022-03-09 08:57:27 --- rxSetComputeContext Finish ---"
[1] "2022-03-09 08:57:27 --- RxSqlServerData Start ---"
[1] "sqlQuery=SELECT * FROM ViewAnalyzeD1116analyze01Gen02Type15"
[1] "2022-03-09 08:57:27 --- RxSqlServerData Finish ---"
[1] "2022-03-09 08:57:27 --- rxGetVarInfo Start ---"
[1] "2022-03-09 08:57:27 --- rxGetVarInfo Finish---"
[1] "2022-03-09 08:57:27 --- rxImport Start ---"
Rows Read: 137295, Total Rows Processed: 137295, Total Chunk Time: 6.373 seconds 
[1] "2022-03-09 08:57:39 --- rxImport Finish ---"
[1] "object.size(data) auto=41.4 Mb"
[1] "--------------------------------------------------------------------------------"
[1] "nrow(data) RxSqlServerData=137295"
[1] "--------------------------------------------------------------------------------"
[1] "str(data)="
'data.frame':	137295 obs. of  45 variables:
 $ Race.RaceId                      : Factor w/ 2474 levels "20160105-06-01-01-05",..: 1 1 1 1 1 1 1 1 1 1 ...
 $ Race.IsAnalyzeNormalPastAndFuture: logi  TRUE TRUE TRUE TRUE TRUE TRUE ...
 $ Race.IsAnalyzeNormalPast         : logi  TRUE TRUE TRUE TRUE TRUE TRUE ...
 $ Race.IsAnalyzeNormalFuture       : logi  FALSE FALSE FALSE FALSE FALSE FALSE ...
 $ Race.IsAnalyzeFullPastAndFuture  : logi  TRUE TRUE TRUE TRUE TRUE TRUE ...
 $ Race.IsAnalyzeFullPast           : logi  TRUE TRUE TRUE TRUE TRUE TRUE ...
 $ Race.IsAnalyzeFullFuture         : logi  FALSE FALSE FALSE FALSE FALSE FALSE ...
 $ Race.JyokenCd                    : Factor w/ 1 level "5": 1 1 1 1 1 1 1 1 1 1 ...
 $ Race.JyoType1Cd                  : Factor w/ 175 levels "17-06-2000-1",..: 1 1 1 1 1 1 1 1 1 1 ...
 $ Race.RaceType1Cd                 : Factor w/ 2 levels "1-5-12","1-5-11": 1 1 1 1 1 1 1 1 1 1 ...
 $ RaceHorse.RaceId                 : Factor w/ 2474 levels "20160105-06-01-01-05",..: 1 1 1 1 1 1 1 1 1 1 ...
 $ RaceHorse.KettoNum               : Factor w/ 10947 levels "2013101441","2013101759",..: 1 1 1 1 2 2 2 3 3 4 ...
 $ RaceHorse.IsHit1                 : num  0 0 0 0 0 0 0 0 0 0 ...
 $ RaceHorse.IsHit2                 : num  0 0 0 0 0 0 0 0 0 1 ...
 $ RaceHorse.IsHit3                 : num  0 0 0 0 0 0 0 0 0 0 ...
 $ RaceHorse.IsHit4                 : num  0 0 0 0 0 0 0 0 0 0 ...
 $ RaceHorse.IsHit5                 : num  0 0 0 0 0 0 0 0 0 0 ...
 $ RaceHorse.IsHit6                 : num  1 1 1 1 1 1 1 1 1 0 ...
 $ RaceHorse.IsValidRaceHorse       : logi  TRUE TRUE TRUE TRUE TRUE TRUE ...
 $ RaceHorse.FinishTimeSdvByRace    : num  -1.142 -1.142 -1.142 -1.142 0.571 ...
 $ RaceHorse.FirstTimeSdvByRace     : num  0.38 0.38 0.38 0.38 -0.465 ...
 $ RaceHorse.LastTimeSdvByRace      : num  -1.217 -1.217 -1.217 -1.217 0.723 ...
 $ RaceHorse.FinishTimeSdv          : num  -0.106 -0.106 -0.106 -0.106 0.651 ...
 $ RaceHorse.FirstTimeSdv           : num  0.735 0.735 0.735 0.735 0.54 ...
 $ RaceHorse.LastTimeSdv            : num  -1.27 -1.27 -1.27 -1.27 0.32 ...
 $ RaceHorse.IsHitA                 : num  0 0 0 0 0 0 0 0 0 0 ...
 $ RaceHorse.IsHitB                 : num  0 0 0 0 0 0 0 0 0 1 ...
 $ RaceHorse.IsHitC                 : num  0 0 0 0 0 0 0 0 0 1 ...
 $ PrevRaceHorse.RaceId             : Factor w/ 5275 levels "20150830-10-02-10-03",..: 1 2 3 4 5 6 7 8 9 10 ...
 $ PrevRaceHorse.KettoNum           : Factor w/ 14671 levels "2012100228","2011105036",..: 1 1 1 1 2 2 3 4 4 5 ...
 $ PrevRaceHorse.FinishTimeSdvByRace: num  0.6316 -0.5663 -0.1645 -0.4727 -0.0657 ...
 $ PrevRaceHorse.FirstTimeSdvByRace : num  0.3941 -1.1426 -0.0946 1.528 0.5282 ...
 $ PrevRaceHorse.LastTimeSdvByRace  : num  0.429 0 -0.177 -1.23 -0.285 ...
 $ PrevRaceHorse.FinishTimeSdv      : num  0.466 -0.668 -0.624 -1.692 -0.66 ...
 $ PrevRaceHorse.FirstTimeSdv       : num  -0.487 -1.262 -0.22 -1.028 -0.188 ...
 $ PrevRaceHorse.LastTimeSdv        : num  0.945 0.224 -0.596 -1.25 -0.768 ...
 $ PrevRaceHorse.IsRun              : num  1 1 1 1 1 1 1 1 1 1 ...
 $ PrevRaceHorse.IsHit1             : num  0 0 0 0 0 0 1 1 0 0 ...
 $ PrevRaceHorse.IsHit2             : num  0 0 0 0 0 0 0 0 0 0 ...
 $ PrevRaceHorse.IsHit3             : num  0 0 0 0 0 0 0 0 0 0 ...
 $ PrevRaceHorse.IsHit4             : num  0 0 0 0 0 0 0 0 0 0 ...
 $ PrevRaceHorse.IsHit5             : num  0 0 0 0 0 1 0 0 0 0 ...
 $ PrevRaceHorse.RowNum             : num  1 2 3 4 1 2 3 1 2 1 ...
 $ PrevOdds.RealOddsLog1            : num  4.64 4.02 3.84 4.65 3.21 ...
 $ EOF                              : int  1 1 1 1 1 1 1 1 1 1 ...
[1] "2022-03-09 08:57:40 --- RxSqlServerData Finish ---"
[1] "2022-03-09 08:57:40 --- subset Start ---"
[1] "--------------------------------------------------------------------------------"
[1] "nrow(data) subset before=137295"
[1] "nrow(data) subset after =137295"
[1] "nrow(data) subset diff =0"
[1] "--------------------------------------------------------------------------------"
[1] "2022-03-09 08:57:40 --- subset Finish---"
[1] "2022-03-09 08:57:40 --- transform Start ---"
[1] "--------------------------------------------------------------------------------"
[1] "nrow(data) transform before=137295"
[1] "nrow(data) transform after=137295"
[1] "nrow(data) transform diff=0"
[1] "--------------------------------------------------------------------------------"
[1] "str(data)="
'data.frame':	137295 obs. of  45 variables:
 $ Race.RaceId                      : Factor w/ 2474 levels "20160105-06-01-01-05",..: 1 1 1 1 1 1 1 1 1 1 ...
 $ Race.IsAnalyzeNormalPastAndFuture: logi  TRUE TRUE TRUE TRUE TRUE TRUE ...
 $ Race.IsAnalyzeNormalPast         : logi  TRUE TRUE TRUE TRUE TRUE TRUE ...
 $ Race.IsAnalyzeNormalFuture       : logi  FALSE FALSE FALSE FALSE FALSE FALSE ...
 $ Race.IsAnalyzeFullPastAndFuture  : logi  TRUE TRUE TRUE TRUE TRUE TRUE ...
 $ Race.IsAnalyzeFullPast           : logi  TRUE TRUE TRUE TRUE TRUE TRUE ...
 $ Race.IsAnalyzeFullFuture         : logi  FALSE FALSE FALSE FALSE FALSE FALSE ...
 $ Race.JyokenCd                    : Factor w/ 1 level "5": 1 1 1 1 1 1 1 1 1 1 ...
 $ Race.JyoType1Cd                  : Factor w/ 175 levels "17-06-2000-1",..: 1 1 1 1 1 1 1 1 1 1 ...
 $ Race.RaceType1Cd                 : Factor w/ 2 levels "1-5-12","1-5-11": 1 1 1 1 1 1 1 1 1 1 ...
 $ RaceHorse.RaceId                 : Factor w/ 2474 levels "20160105-06-01-01-05",..: 1 1 1 1 1 1 1 1 1 1 ...
 $ RaceHorse.KettoNum               : Factor w/ 10947 levels "2013101441","2013101759",..: 1 1 1 1 2 2 2 3 3 4 ...
 $ RaceHorse.IsHit1                 : num  0 0 0 0 0 0 0 0 0 0 ...
 $ RaceHorse.IsHit2                 : num  0 0 0 0 0 0 0 0 0 1 ...
 $ RaceHorse.IsHit3                 : num  0 0 0 0 0 0 0 0 0 0 ...
 $ RaceHorse.IsHit4                 : num  0 0 0 0 0 0 0 0 0 0 ...
 $ RaceHorse.IsHit5                 : num  0 0 0 0 0 0 0 0 0 0 ...
 $ RaceHorse.IsHit6                 : num  1 1 1 1 1 1 1 1 1 0 ...
 $ RaceHorse.IsValidRaceHorse       : logi  TRUE TRUE TRUE TRUE TRUE TRUE ...
 $ RaceHorse.FinishTimeSdvByRace    : num  -1.142 -1.142 -1.142 -1.142 0.571 ...
 $ RaceHorse.FirstTimeSdvByRace     : num  0.38 0.38 0.38 0.38 -0.465 ...
 $ RaceHorse.LastTimeSdvByRace      : num  -1.217 -1.217 -1.217 -1.217 0.723 ...
 $ RaceHorse.FinishTimeSdv          : num  -0.106 -0.106 -0.106 -0.106 0.651 ...
 $ RaceHorse.FirstTimeSdv           : num  0.735 0.735 0.735 0.735 0.54 ...
 $ RaceHorse.LastTimeSdv            : num  -1.27 -1.27 -1.27 -1.27 0.32 ...
 $ RaceHorse.IsHitA                 : num  0 0 0 0 0 0 0 0 0 0 ...
 $ RaceHorse.IsHitB                 : num  0 0 0 0 0 0 0 0 0 1 ...
 $ RaceHorse.IsHitC                 : num  0 0 0 0 0 0 0 0 0 1 ...
 $ PrevRaceHorse.RaceId             : Factor w/ 5275 levels "20150830-10-02-10-03",..: 1 2 3 4 5 6 7 8 9 10 ...
 $ PrevRaceHorse.KettoNum           : Factor w/ 14671 levels "2012100228","2011105036",..: 1 1 1 1 2 2 3 4 4 5 ...
 $ PrevRaceHorse.FinishTimeSdvByRace: num  0.6316 -0.5663 -0.1645 -0.4727 -0.0657 ...
 $ PrevRaceHorse.FirstTimeSdvByRace : num  0.3941 -1.1426 -0.0946 1.528 0.5282 ...
 $ PrevRaceHorse.LastTimeSdvByRace  : num  0.429 0 -0.177 -1.23 -0.285 ...
 $ PrevRaceHorse.FinishTimeSdv      : num  0.466 -0.668 -0.624 -1.692 -0.66 ...
 $ PrevRaceHorse.FirstTimeSdv       : num  -0.487 -1.262 -0.22 -1.028 -0.188 ...
 $ PrevRaceHorse.LastTimeSdv        : num  0.945 0.224 -0.596 -1.25 -0.768 ...
 $ PrevRaceHorse.IsRun              : num  1 1 1 1 1 1 1 1 1 1 ...
 $ PrevRaceHorse.IsHit1             : num  0 0 0 0 0 0 1 1 0 0 ...
 $ PrevRaceHorse.IsHit2             : num  0 0 0 0 0 0 0 0 0 0 ...
 $ PrevRaceHorse.IsHit3             : num  0 0 0 0 0 0 0 0 0 0 ...
 $ PrevRaceHorse.IsHit4             : num  0 0 0 0 0 0 0 0 0 0 ...
 $ PrevRaceHorse.IsHit5             : num  0 0 0 0 0 1 0 0 0 0 ...
 $ PrevRaceHorse.RowNum             : num  1 2 3 4 1 2 3 1 2 1 ...
 $ PrevOdds.RealOddsLog1            : num  4.64 4.02 3.84 4.65 3.21 ...
 $ EOF                              : int  1 1 1 1 1 1 1 1 1 1 ...
NULL
[1] "2022-03-09 08:57:40 --- transform Finish ---"
[1] "2022-03-09 08:57:40 --- na.omit Start ---"
[1] "--------------------------------------------------------------------------------"
[1] "nrow(data) na.omit before=137295"
[1] "nrow(data) na.omit after =136349"
[1] "nrow(data) na.omit diff =946"
[1] "--------------------------------------------------------------------------------"
'data.frame':	136349 obs. of  45 variables:
 $ Race.RaceId                      : Factor w/ 2474 levels "20160105-06-01-01-05",..: 1 1 1 1 1 1 1 1 1 1 ...
 $ Race.IsAnalyzeNormalPastAndFuture: logi  TRUE TRUE TRUE TRUE TRUE TRUE ...
 $ Race.IsAnalyzeNormalPast         : logi  TRUE TRUE TRUE TRUE TRUE TRUE ...
 $ Race.IsAnalyzeNormalFuture       : logi  FALSE FALSE FALSE FALSE FALSE FALSE ...
 $ Race.IsAnalyzeFullPastAndFuture  : logi  TRUE TRUE TRUE TRUE TRUE TRUE ...
 $ Race.IsAnalyzeFullPast           : logi  TRUE TRUE TRUE TRUE TRUE TRUE ...
 $ Race.IsAnalyzeFullFuture         : logi  FALSE FALSE FALSE FALSE FALSE FALSE ...
 $ Race.JyokenCd                    : Factor w/ 1 level "5": 1 1 1 1 1 1 1 1 1 1 ...
 $ Race.JyoType1Cd                  : Factor w/ 175 levels "17-06-2000-1",..: 1 1 1 1 1 1 1 1 1 1 ...
 $ Race.RaceType1Cd                 : Factor w/ 2 levels "1-5-12","1-5-11": 1 1 1 1 1 1 1 1 1 1 ...
 $ RaceHorse.RaceId                 : Factor w/ 2474 levels "20160105-06-01-01-05",..: 1 1 1 1 1 1 1 1 1 1 ...
 $ RaceHorse.KettoNum               : Factor w/ 10947 levels "2013101441","2013101759",..: 1 1 1 1 2 2 2 3 3 4 ...
 $ RaceHorse.IsHit1                 : num  0 0 0 0 0 0 0 0 0 0 ...
 $ RaceHorse.IsHit2                 : num  0 0 0 0 0 0 0 0 0 1 ...
 $ RaceHorse.IsHit3                 : num  0 0 0 0 0 0 0 0 0 0 ...
 $ RaceHorse.IsHit4                 : num  0 0 0 0 0 0 0 0 0 0 ...
 $ RaceHorse.IsHit5                 : num  0 0 0 0 0 0 0 0 0 0 ...
 $ RaceHorse.IsHit6                 : num  1 1 1 1 1 1 1 1 1 0 ...
 $ RaceHorse.IsValidRaceHorse       : logi  TRUE TRUE TRUE TRUE TRUE TRUE ...
 $ RaceHorse.FinishTimeSdvByRace    : num  -1.142 -1.142 -1.142 -1.142 0.571 ...
 $ RaceHorse.FirstTimeSdvByRace     : num  0.38 0.38 0.38 0.38 -0.465 ...
 $ RaceHorse.LastTimeSdvByRace      : num  -1.217 -1.217 -1.217 -1.217 0.723 ...
 $ RaceHorse.FinishTimeSdv          : num  -0.106 -0.106 -0.106 -0.106 0.651 ...
 $ RaceHorse.FirstTimeSdv           : num  0.735 0.735 0.735 0.735 0.54 ...
 $ RaceHorse.LastTimeSdv            : num  -1.27 -1.27 -1.27 -1.27 0.32 ...
 $ RaceHorse.IsHitA                 : num  0 0 0 0 0 0 0 0 0 0 ...
 $ RaceHorse.IsHitB                 : num  0 0 0 0 0 0 0 0 0 1 ...
 $ RaceHorse.IsHitC                 : num  0 0 0 0 0 0 0 0 0 1 ...
 $ PrevRaceHorse.RaceId             : Factor w/ 5275 levels "20150830-10-02-10-03",..: 1 2 3 4 5 6 7 8 9 10 ...
 $ PrevRaceHorse.KettoNum           : Factor w/ 14671 levels "2012100228","2011105036",..: 1 1 1 1 2 2 3 4 4 5 ...
 $ PrevRaceHorse.FinishTimeSdvByRace: num  0.6316 -0.5663 -0.1645 -0.4727 -0.0657 ...
 $ PrevRaceHorse.FirstTimeSdvByRace : num  0.3941 -1.1426 -0.0946 1.528 0.5282 ...
 $ PrevRaceHorse.LastTimeSdvByRace  : num  0.429 0 -0.177 -1.23 -0.285 ...
 $ PrevRaceHorse.FinishTimeSdv      : num  0.466 -0.668 -0.624 -1.692 -0.66 ...
 $ PrevRaceHorse.FirstTimeSdv       : num  -0.487 -1.262 -0.22 -1.028 -0.188 ...
 $ PrevRaceHorse.LastTimeSdv        : num  0.945 0.224 -0.596 -1.25 -0.768 ...
 $ PrevRaceHorse.IsRun              : num  1 1 1 1 1 1 1 1 1 1 ...
 $ PrevRaceHorse.IsHit1             : num  0 0 0 0 0 0 1 1 0 0 ...
 $ PrevRaceHorse.IsHit2             : num  0 0 0 0 0 0 0 0 0 0 ...
 $ PrevRaceHorse.IsHit3             : num  0 0 0 0 0 0 0 0 0 0 ...
 $ PrevRaceHorse.IsHit4             : num  0 0 0 0 0 0 0 0 0 0 ...
 $ PrevRaceHorse.IsHit5             : num  0 0 0 0 0 1 0 0 0 0 ...
 $ PrevRaceHorse.RowNum             : num  1 2 3 4 1 2 3 1 2 1 ...
 $ PrevOdds.RealOddsLog1            : num  4.64 4.02 3.84 4.65 3.21 ...
 $ EOF                              : int  1 1 1 1 1 1 1 1 1 1 ...
 - attr(*, "na.action")= 'omit' Named int  1163 1164 1165 2436 2437 2438 2455 2456 2457 2458 ...
  ..- attr(*, "names")= chr  "1163" "1164" "1165" "2436" ...
[1] "2022-03-09 08:57:41 --- na.omit Finish ---"
[1] "2022-03-09 08:57:41 --- rxLogit with rxStepControl Start ---"

> print(paste0(Sys.time(), " --- source_logic_glm.R Start ---"))
[1] "2022-03-09 08:57:41 --- source_logic_glm.R Start ---"

> formula <- formula(RaceHorse.IsHitA ~ +1 + PrevRaceHorse.FinishTimeSdvByRace)

> print(paste0(Sys.time(), " --- source_logic_glm.R Finished ---"))
[1] "2022-03-09 08:57:41 --- source_logic_glm.R Finished ---"
Rows Read: 136349, Total Rows Processed: 136349, Total Chunk Time: 0.003 seconds 

Starting values (iteration 1) time: 0.041 secs.
Rows Read: 136349, Total Rows Processed: 136349, Total Chunk Time: 0.006 seconds 

Iteration 2 time: 0.015 secs.
Rows Read: 136349, Total Rows Processed: 136349, Total Chunk Time: 0.008 seconds 

Iteration 3 time: 0.010 secs.
Rows Read: 136349, Total Rows Processed: 136349, Total Chunk Time: 0.006 seconds 

Iteration 4 time: 0.009 secs.

Elapsed computation time: 0.082 secs.
Rows Read: 136349, Total Rows Processed: 136349, Total Chunk Time: 0.002 seconds 

Starting values (iteration 1) time: 0.019 secs.
Rows Read: 136349, Total Rows Processed: 136349, Total Chunk Time: 0.006 seconds 

Iteration 2 time: 0.018 secs.

Elapsed computation time: 0.043 secs.
Rows Read: 136349, Total Rows Processed: 136349, Total Chunk Time: 0.004 seconds 

Starting values (iteration 1) time: 0.021 secs.
Rows Read: 136349, Total Rows Processed: 136349, Total Chunk Time: 0.014 seconds 

Iteration 2 time: 0.027 secs.
Rows Read: 136349, Total Rows Processed: 136349, Total Chunk Time: 0.014 seconds 

Iteration 3 time: 0.021 secs.
Rows Read: 136349, Total Rows Processed: 136349, Total Chunk Time: 0.012 seconds 

Iteration 4 time: 0.016 secs.

Elapsed computation time: 0.112 secs.

Elapsed computation time: 0.274 secs.
[1] "--------------------------------------------------------------------------------"
[1] "analyze.results.glm.step="
Logistic Regression Results for: RaceHorse.IsHitA ~
    PrevRaceHorse.FinishTimeSdvByRace
Data: data
Dependent variable(s): RaceHorse.IsHitA
Total independent variables: 2 
Number of valid observations: 136349
Number of missing observations: 0 
 
Coefficients:
                                  RaceHorse.IsHitA
(Intercept)                                   -2.7
PrevRaceHorse.FinishTimeSdvByRace              0.4
[1] "analyze.results.glm.step.summary"
Call:
rxLogit(formula = formula, data = data, variableSelection = analyze.results.glm.step.varsel)

Logistic Regression Results for: RaceHorse.IsHitA ~
    PrevRaceHorse.FinishTimeSdvByRace
Data: data
Dependent variable(s): RaceHorse.IsHitA
Total independent variables: 2 
Number of valid observations: 136349
Number of missing observations: 0 
-2*LogLikelihood: 69704.895 (Residual deviance on 136347 degrees of freedom)
 
Coefficients:
                                  Estimate Std. Error z value Pr(>|z|)    
(Intercept)                        -2.7261     0.0130  -210.3  2.2e-16 ***
PrevRaceHorse.FinishTimeSdvByRace   0.4128     0.0153    26.9  2.2e-16 ***
---
Signif. codes:  0 '***' 0.001 '**' 0.01 '*' 0.05 '.' 0.1 ' ' 1

Condition number of final variance-covariance matrix: 1 
Number of iterations: 4
[1] "--------------------------------------------------------------------------------"
[1] "2022-03-09 08:57:41 --- rxLogit with rxStepControl Finish ---"
[1] "2022-03-09 08:57:41 --- rxStepPlot Start ---"
[1] "pdfFilename=pdf_analyze_glm_Gen02_Type15_rxStepPlot.pdf"
[1] "rxStepPlot="
[1] "2022-03-09 08:57:41 --- rxStepPlot Finish ---"
[1] "2022-03-09 08:57:41 --- save.image Start ---"
[1] "save.image"
[1] "rdataFilename=RData_analyze_glm_Gen02_Type15.RData"
[1] "2022-03-09 08:57:42 --- save.image Finish ---"
[1] "2022-03-09 08:57:42 --- final Start ---"
[1] "--------------------------------------------------------------------------------"
[1] "nrow(data) final=136349"
[1] "--------------------------------------------------------------------------------"
[1] "2022-03-09 08:57:42 --- final Finish ---"
[1] "2022-03-09 08:57:42 --- analyze_glm.R Finished ---"
[1] "2022-03-09 08:57:42 --- log Finish ---"
