[1] "2022-03-09 09:01:15 --- D1116_analyze_glm_Jockey_IsHitA_Type22 Start ---"
[1] "2022-03-09 09:01:15 --- Log Start ---"
[1] "2022-03-09 09:01:15 --- analyze_glm.R Start ---"
[1] "analyzeVersion=D1116"
[1] "analyzeCategory=analyze"
[1] "analyzeType=Jockey"
[1] "analyzeFamily=IsHitA"
[1] "analyzeFunc=glm"
[1] "analyzeTrackTypeCd=2"
[1] "analyzeJyokenCd=2"
[1] "2022-03-09 09:01:15 --- source_function.R Start ---"
[1] "2022-03-09 09:01:15 --- source_function.R Finished ---"

> print(paste0(Sys.time(), " --- source_library.R Start ---"))
[1] "2022-03-09 09:01:15 --- source_library.R Start ---"

> require("RevoScaleR")

> print(paste0(Sys.time(), " --- source_library.R Finished ---"))
[1] "2022-03-09 09:01:15 --- source_library.R Finished ---"
[1] "2022-03-09 09:01:15 --- RxSqlServerData Start ---"
[1] "2022-03-09 09:01:15 --- RxInSqlServer Start ---"
[1] "2022-03-09 09:01:15 --- RxInSqlServer Finish ---"
[1] "2022-03-09 09:01:15 --- rxSetComputeContext Start ---"
[1] "2022-03-09 09:01:15 --- rxSetComputeContext Finish ---"
[1] "2022-03-09 09:01:15 --- RxSqlServerData Start ---"
[1] "sqlQuery=SELECT * FROM ViewAnalyzeD1116analyze01JockeyType22"
[1] "2022-03-09 09:01:15 --- RxSqlServerData Finish ---"
[1] "2022-03-09 09:01:15 --- rxGetVarInfo Start ---"
[1] "2022-03-09 09:01:15 --- rxGetVarInfo Finish---"
[1] "2022-03-09 09:01:15 --- rxImport Start ---"
Rows Read: 320810, Total Rows Processed: 320810, Total Chunk Time: 13.991 seconds 
[1] "2022-03-09 09:01:41 --- rxImport Finish ---"
[1] "object.size(data) auto=90.9 Mb"
[1] "--------------------------------------------------------------------------------"
[1] "nrow(data) RxSqlServerData=320810"
[1] "--------------------------------------------------------------------------------"
[1] "str(data)="
'data.frame':	320810 obs. of  45 variables:
 $ Race.RaceId                      : Factor w/ 399 levels "20160105-08-01-01-09",..: 1 1 1 1 1 1 1 1 1 1 ...
 $ Race.IsAnalyzeNormalPastAndFuture: logi  TRUE TRUE TRUE TRUE TRUE TRUE ...
 $ Race.IsAnalyzeNormalPast         : logi  TRUE TRUE TRUE TRUE TRUE TRUE ...
 $ Race.IsAnalyzeNormalFuture       : logi  FALSE FALSE FALSE FALSE FALSE FALSE ...
 $ Race.IsAnalyzeFullPastAndFuture  : logi  TRUE TRUE TRUE TRUE TRUE TRUE ...
 $ Race.IsAnalyzeFullPast           : logi  TRUE TRUE TRUE TRUE TRUE TRUE ...
 $ Race.IsAnalyzeFullFuture         : logi  FALSE FALSE FALSE FALSE FALSE FALSE ...
 $ Race.JyokenCd                    : Factor w/ 1 level "2": 1 1 1 1 1 1 1 1 1 1 ...
 $ Race.JyoType1Cd                  : Factor w/ 71 levels "24-08-1900-1",..: 1 1 1 1 1 1 1 1 1 1 ...
 $ Race.RaceType1Cd                 : Factor w/ 2 levels "2-2-14","2-2-13": 1 1 1 1 1 1 1 1 1 1 ...
 $ RaceHorse.RaceId                 : Factor w/ 399 levels "20160105-08-01-01-09",..: 1 1 1 1 1 1 1 1 1 1 ...
 $ RaceHorse.KettoNum               : Factor w/ 1197 levels "2009101989","2009103516",..: 1 1 1 1 1 1 1 1 1 1 ...
 $ RaceHorse.IsHit1                 : num  0 0 0 0 0 0 0 0 0 0 ...
 $ RaceHorse.IsHit2                 : num  0 0 0 0 0 0 0 0 0 0 ...
 $ RaceHorse.IsHit3                 : num  0 0 0 0 0 0 0 0 0 0 ...
 $ RaceHorse.IsHit4                 : num  1 1 1 1 1 1 1 1 1 1 ...
 $ RaceHorse.IsHit5                 : num  0 0 0 0 0 0 0 0 0 0 ...
 $ RaceHorse.IsHit6                 : num  0 0 0 0 0 0 0 0 0 0 ...
 $ RaceHorse.IsValidRaceHorse       : logi  TRUE TRUE TRUE TRUE TRUE TRUE ...
 $ RaceHorse.FinishTimeSdvByRace    : num  0.628 0.628 0.628 0.628 0.628 ...
 $ RaceHorse.FirstTimeSdvByRace     : num  -1.28 -1.28 -1.28 -1.28 -1.28 ...
 $ RaceHorse.LastTimeSdvByRace      : num  1.88 1.88 1.88 1.88 1.88 ...
 $ RaceHorse.FinishTimeSdv          : num  1.03 1.03 1.03 1.03 1.03 ...
 $ RaceHorse.FirstTimeSdv           : num  -0.262 -0.262 -0.262 -0.262 -0.262 ...
 $ RaceHorse.LastTimeSdv            : num  1.63 1.63 1.63 1.63 1.63 ...
 $ RaceHorse.IsHitA                 : num  0 0 0 0 0 0 0 0 0 0 ...
 $ RaceHorse.IsHitB                 : num  0 0 0 0 0 0 0 0 0 0 ...
 $ RaceHorse.IsHitC                 : num  0 0 0 0 0 0 0 0 0 0 ...
 $ PrevRaceHorse.RaceId             : Factor w/ 828 levels "20150531-08-03-12-09",..: 1 2 3 4 5 6 7 8 9 10 ...
 $ PrevRaceHorse.KettoNum           : Factor w/ 2182 levels "2007109067","2010104357",..: 1 2 3 4 5 6 6 3 7 7 ...
 $ PrevRaceHorse.FinishTimeSdvByRace: num  0.67 -0.901 1.459 -0.237 -0.282 ...
 $ PrevRaceHorse.FirstTimeSdvByRace : num  0.1073 0.4227 -0.2502 -0.0645 0.1107 ...
 $ PrevRaceHorse.LastTimeSdvByRace  : num  0.622 -1.395 1.662 -0.213 -0.276 ...
 $ PrevRaceHorse.FinishTimeSdv      : num  0.734 1.07 1.072 1.099 0.74 ...
 $ PrevRaceHorse.FirstTimeSdv       : num  0.375 0.681 0.291 0.463 1.047 ...
 $ PrevRaceHorse.LastTimeSdv        : num  0.702 0.916 1.195 1.156 0.211 ...
 $ PrevRaceHorse.IsRun              : num  1 1 1 1 1 1 1 1 1 1 ...
 $ PrevRaceHorse.IsHit1             : num  0 0 1 0 0 0 0 0 0 0 ...
 $ PrevRaceHorse.IsHit2             : num  0 0 0 0 0 0 1 0 0 0 ...
 $ PrevRaceHorse.IsHit3             : num  0 0 0 0 0 0 0 0 0 0 ...
 $ PrevRaceHorse.IsHit4             : num  0 0 0 0 0 0 0 0 0 0 ...
 $ PrevRaceHorse.IsHit5             : num  1 0 0 0 0 0 0 0 0 1 ...
 $ PrevRaceHorse.RowNum             : num  1 2 3 4 5 6 7 8 9 10 ...
 $ PrevOdds.RealOddsLog1            : num  4.78 1.25 2.97 3.31 3.95 ...
 $ EOF                              : int  1 1 1 1 1 1 1 1 1 1 ...
[1] "2022-03-09 09:01:41 --- RxSqlServerData Finish ---"
[1] "2022-03-09 09:01:41 --- subset Start ---"
[1] "--------------------------------------------------------------------------------"
[1] "nrow(data) subset before=320810"
[1] "nrow(data) subset after =320810"
[1] "nrow(data) subset diff =0"
[1] "--------------------------------------------------------------------------------"
[1] "2022-03-09 09:01:42 --- subset Finish---"
[1] "2022-03-09 09:01:42 --- transform Start ---"
[1] "--------------------------------------------------------------------------------"
[1] "nrow(data) transform before=320810"
[1] "nrow(data) transform after=320810"
[1] "nrow(data) transform diff=0"
[1] "--------------------------------------------------------------------------------"
[1] "str(data)="
'data.frame':	320810 obs. of  45 variables:
 $ Race.RaceId                      : Factor w/ 399 levels "20160105-08-01-01-09",..: 1 1 1 1 1 1 1 1 1 1 ...
 $ Race.IsAnalyzeNormalPastAndFuture: logi  TRUE TRUE TRUE TRUE TRUE TRUE ...
 $ Race.IsAnalyzeNormalPast         : logi  TRUE TRUE TRUE TRUE TRUE TRUE ...
 $ Race.IsAnalyzeNormalFuture       : logi  FALSE FALSE FALSE FALSE FALSE FALSE ...
 $ Race.IsAnalyzeFullPastAndFuture  : logi  TRUE TRUE TRUE TRUE TRUE TRUE ...
 $ Race.IsAnalyzeFullPast           : logi  TRUE TRUE TRUE TRUE TRUE TRUE ...
 $ Race.IsAnalyzeFullFuture         : logi  FALSE FALSE FALSE FALSE FALSE FALSE ...
 $ Race.JyokenCd                    : Factor w/ 1 level "2": 1 1 1 1 1 1 1 1 1 1 ...
 $ Race.JyoType1Cd                  : Factor w/ 71 levels "24-08-1900-1",..: 1 1 1 1 1 1 1 1 1 1 ...
 $ Race.RaceType1Cd                 : Factor w/ 2 levels "2-2-14","2-2-13": 1 1 1 1 1 1 1 1 1 1 ...
 $ RaceHorse.RaceId                 : Factor w/ 399 levels "20160105-08-01-01-09",..: 1 1 1 1 1 1 1 1 1 1 ...
 $ RaceHorse.KettoNum               : Factor w/ 1197 levels "2009101989","2009103516",..: 1 1 1 1 1 1 1 1 1 1 ...
 $ RaceHorse.IsHit1                 : num  0 0 0 0 0 0 0 0 0 0 ...
 $ RaceHorse.IsHit2                 : num  0 0 0 0 0 0 0 0 0 0 ...
 $ RaceHorse.IsHit3                 : num  0 0 0 0 0 0 0 0 0 0 ...
 $ RaceHorse.IsHit4                 : num  1 1 1 1 1 1 1 1 1 1 ...
 $ RaceHorse.IsHit5                 : num  0 0 0 0 0 0 0 0 0 0 ...
 $ RaceHorse.IsHit6                 : num  0 0 0 0 0 0 0 0 0 0 ...
 $ RaceHorse.IsValidRaceHorse       : logi  TRUE TRUE TRUE TRUE TRUE TRUE ...
 $ RaceHorse.FinishTimeSdvByRace    : num  0.628 0.628 0.628 0.628 0.628 ...
 $ RaceHorse.FirstTimeSdvByRace     : num  -1.28 -1.28 -1.28 -1.28 -1.28 ...
 $ RaceHorse.LastTimeSdvByRace      : num  1.88 1.88 1.88 1.88 1.88 ...
 $ RaceHorse.FinishTimeSdv          : num  1.03 1.03 1.03 1.03 1.03 ...
 $ RaceHorse.FirstTimeSdv           : num  -0.262 -0.262 -0.262 -0.262 -0.262 ...
 $ RaceHorse.LastTimeSdv            : num  1.63 1.63 1.63 1.63 1.63 ...
 $ RaceHorse.IsHitA                 : num  0 0 0 0 0 0 0 0 0 0 ...
 $ RaceHorse.IsHitB                 : num  0 0 0 0 0 0 0 0 0 0 ...
 $ RaceHorse.IsHitC                 : num  0 0 0 0 0 0 0 0 0 0 ...
 $ PrevRaceHorse.RaceId             : Factor w/ 828 levels "20150531-08-03-12-09",..: 1 2 3 4 5 6 7 8 9 10 ...
 $ PrevRaceHorse.KettoNum           : Factor w/ 2182 levels "2007109067","2010104357",..: 1 2 3 4 5 6 6 3 7 7 ...
 $ PrevRaceHorse.FinishTimeSdvByRace: num  0.67 -0.901 1.459 -0.237 -0.282 ...
 $ PrevRaceHorse.FirstTimeSdvByRace : num  0.1073 0.4227 -0.2502 -0.0645 0.1107 ...
 $ PrevRaceHorse.LastTimeSdvByRace  : num  0.622 -1.395 1.662 -0.213 -0.276 ...
 $ PrevRaceHorse.FinishTimeSdv      : num  0.734 1.07 1.072 1.099 0.74 ...
 $ PrevRaceHorse.FirstTimeSdv       : num  0.375 0.681 0.291 0.463 1.047 ...
 $ PrevRaceHorse.LastTimeSdv        : num  0.702 0.916 1.195 1.156 0.211 ...
 $ PrevRaceHorse.IsRun              : num  1 1 1 1 1 1 1 1 1 1 ...
 $ PrevRaceHorse.IsHit1             : num  0 0 1 0 0 0 0 0 0 0 ...
 $ PrevRaceHorse.IsHit2             : num  0 0 0 0 0 0 1 0 0 0 ...
 $ PrevRaceHorse.IsHit3             : num  0 0 0 0 0 0 0 0 0 0 ...
 $ PrevRaceHorse.IsHit4             : num  0 0 0 0 0 0 0 0 0 0 ...
 $ PrevRaceHorse.IsHit5             : num  1 0 0 0 0 0 0 0 0 1 ...
 $ PrevRaceHorse.RowNum             : num  1 2 3 4 5 6 7 8 9 10 ...
 $ PrevOdds.RealOddsLog1            : num  4.78 1.25 2.97 3.31 3.95 ...
 $ EOF                              : int  1 1 1 1 1 1 1 1 1 1 ...
NULL
[1] "2022-03-09 09:01:42 --- transform Finish ---"
[1] "2022-03-09 09:01:42 --- na.omit Start ---"
[1] "--------------------------------------------------------------------------------"
[1] "nrow(data) na.omit before=320810"
[1] "nrow(data) na.omit after =318725"
[1] "nrow(data) na.omit diff =2085"
[1] "--------------------------------------------------------------------------------"
'data.frame':	318725 obs. of  45 variables:
 $ Race.RaceId                      : Factor w/ 399 levels "20160105-08-01-01-09",..: 1 1 1 1 1 1 1 1 1 1 ...
 $ Race.IsAnalyzeNormalPastAndFuture: logi  TRUE TRUE TRUE TRUE TRUE TRUE ...
 $ Race.IsAnalyzeNormalPast         : logi  TRUE TRUE TRUE TRUE TRUE TRUE ...
 $ Race.IsAnalyzeNormalFuture       : logi  FALSE FALSE FALSE FALSE FALSE FALSE ...
 $ Race.IsAnalyzeFullPastAndFuture  : logi  TRUE TRUE TRUE TRUE TRUE TRUE ...
 $ Race.IsAnalyzeFullPast           : logi  TRUE TRUE TRUE TRUE TRUE TRUE ...
 $ Race.IsAnalyzeFullFuture         : logi  FALSE FALSE FALSE FALSE FALSE FALSE ...
 $ Race.JyokenCd                    : Factor w/ 1 level "2": 1 1 1 1 1 1 1 1 1 1 ...
 $ Race.JyoType1Cd                  : Factor w/ 71 levels "24-08-1900-1",..: 1 1 1 1 1 1 1 1 1 1 ...
 $ Race.RaceType1Cd                 : Factor w/ 2 levels "2-2-14","2-2-13": 1 1 1 1 1 1 1 1 1 1 ...
 $ RaceHorse.RaceId                 : Factor w/ 399 levels "20160105-08-01-01-09",..: 1 1 1 1 1 1 1 1 1 1 ...
 $ RaceHorse.KettoNum               : Factor w/ 1197 levels "2009101989","2009103516",..: 1 1 1 1 1 1 1 1 1 1 ...
 $ RaceHorse.IsHit1                 : num  0 0 0 0 0 0 0 0 0 0 ...
 $ RaceHorse.IsHit2                 : num  0 0 0 0 0 0 0 0 0 0 ...
 $ RaceHorse.IsHit3                 : num  0 0 0 0 0 0 0 0 0 0 ...
 $ RaceHorse.IsHit4                 : num  1 1 1 1 1 1 1 1 1 1 ...
 $ RaceHorse.IsHit5                 : num  0 0 0 0 0 0 0 0 0 0 ...
 $ RaceHorse.IsHit6                 : num  0 0 0 0 0 0 0 0 0 0 ...
 $ RaceHorse.IsValidRaceHorse       : logi  TRUE TRUE TRUE TRUE TRUE TRUE ...
 $ RaceHorse.FinishTimeSdvByRace    : num  0.628 0.628 0.628 0.628 0.628 ...
 $ RaceHorse.FirstTimeSdvByRace     : num  -1.28 -1.28 -1.28 -1.28 -1.28 ...
 $ RaceHorse.LastTimeSdvByRace      : num  1.88 1.88 1.88 1.88 1.88 ...
 $ RaceHorse.FinishTimeSdv          : num  1.03 1.03 1.03 1.03 1.03 ...
 $ RaceHorse.FirstTimeSdv           : num  -0.262 -0.262 -0.262 -0.262 -0.262 ...
 $ RaceHorse.LastTimeSdv            : num  1.63 1.63 1.63 1.63 1.63 ...
 $ RaceHorse.IsHitA                 : num  0 0 0 0 0 0 0 0 0 0 ...
 $ RaceHorse.IsHitB                 : num  0 0 0 0 0 0 0 0 0 0 ...
 $ RaceHorse.IsHitC                 : num  0 0 0 0 0 0 0 0 0 0 ...
 $ PrevRaceHorse.RaceId             : Factor w/ 828 levels "20150531-08-03-12-09",..: 1 2 3 4 5 6 7 8 9 10 ...
 $ PrevRaceHorse.KettoNum           : Factor w/ 2182 levels "2007109067","2010104357",..: 1 2 3 4 5 6 6 3 7 7 ...
 $ PrevRaceHorse.FinishTimeSdvByRace: num  0.67 -0.901 1.459 -0.237 -0.282 ...
 $ PrevRaceHorse.FirstTimeSdvByRace : num  0.1073 0.4227 -0.2502 -0.0645 0.1107 ...
 $ PrevRaceHorse.LastTimeSdvByRace  : num  0.622 -1.395 1.662 -0.213 -0.276 ...
 $ PrevRaceHorse.FinishTimeSdv      : num  0.734 1.07 1.072 1.099 0.74 ...
 $ PrevRaceHorse.FirstTimeSdv       : num  0.375 0.681 0.291 0.463 1.047 ...
 $ PrevRaceHorse.LastTimeSdv        : num  0.702 0.916 1.195 1.156 0.211 ...
 $ PrevRaceHorse.IsRun              : num  1 1 1 1 1 1 1 1 1 1 ...
 $ PrevRaceHorse.IsHit1             : num  0 0 1 0 0 0 0 0 0 0 ...
 $ PrevRaceHorse.IsHit2             : num  0 0 0 0 0 0 1 0 0 0 ...
 $ PrevRaceHorse.IsHit3             : num  0 0 0 0 0 0 0 0 0 0 ...
 $ PrevRaceHorse.IsHit4             : num  0 0 0 0 0 0 0 0 0 0 ...
 $ PrevRaceHorse.IsHit5             : num  1 0 0 0 0 0 0 0 0 1 ...
 $ PrevRaceHorse.RowNum             : num  1 2 3 4 5 6 7 8 9 10 ...
 $ PrevOdds.RealOddsLog1            : num  4.78 1.25 2.97 3.31 3.95 ...
 $ EOF                              : int  1 1 1 1 1 1 1 1 1 1 ...
 - attr(*, "na.action")= 'omit' Named int  91 92 93 94 95 96 97 98 99 100 ...
  ..- attr(*, "names")= chr  "91" "92" "93" "94" ...
[1] "2022-03-09 09:01:42 --- na.omit Finish ---"
[1] "2022-03-09 09:01:42 --- rxLogit with rxStepControl Start ---"

> print(paste0(Sys.time(), " --- source_logic_glm.R Start ---"))
[1] "2022-03-09 09:01:42 --- source_logic_glm.R Start ---"

> formula <- formula(RaceHorse.IsHitA ~ +1 + PrevRaceHorse.FinishTimeSdvByRace)

> print(paste0(Sys.time(), " --- source_logic_glm.R Finished ---"))
[1] "2022-03-09 09:01:42 --- source_logic_glm.R Finished ---"
Rows Read: 318725, Total Rows Processed: 318725, Total Chunk Time: 0.005 seconds 

Starting values (iteration 1) time: 0.012 secs.
Rows Read: 318725, Total Rows Processed: 318725, Total Chunk Time: 0.010 seconds 

Iteration 2 time: 0.015 secs.
Rows Read: 318725, Total Rows Processed: 318725, Total Chunk Time: 0.011 seconds 

Iteration 3 time: 0.014 secs.
Rows Read: 318725, Total Rows Processed: 318725, Total Chunk Time: 0.011 seconds 

Iteration 4 time: 0.014 secs.

Elapsed computation time: 0.064 secs.
Rows Read: 318725, Total Rows Processed: 318725, Total Chunk Time: 0.003 seconds 

Starting values (iteration 1) time: 0.008 secs.
Rows Read: 318725, Total Rows Processed: 318725, Total Chunk Time: 0.008 seconds 

Iteration 2 time: 0.012 secs.

Elapsed computation time: 0.027 secs.
Rows Read: 318725, Total Rows Processed: 318725, Total Chunk Time: 0.004 seconds 

Starting values (iteration 1) time: 0.009 secs.
Rows Read: 318725, Total Rows Processed: 318725, Total Chunk Time: 0.010 seconds 

Iteration 2 time: 0.014 secs.
Rows Read: 318725, Total Rows Processed: 318725, Total Chunk Time: 0.012 seconds 

Iteration 3 time: 0.015 secs.
Rows Read: 318725, Total Rows Processed: 318725, Total Chunk Time: 0.011 seconds 

Iteration 4 time: 0.014 secs.

Elapsed computation time: 0.062 secs.

Elapsed computation time: 0.168 secs.
[1] "--------------------------------------------------------------------------------"
[1] "analyze.results.glm.step="
Logistic Regression Results for: RaceHorse.IsHitA ~
    PrevRaceHorse.FinishTimeSdvByRace
Data: data
Dependent variable(s): RaceHorse.IsHitA
Total independent variables: 2 
Number of valid observations: 318725
Number of missing observations: 0 
 
Coefficients:
                                  RaceHorse.IsHitA
(Intercept)                                   -2.5
PrevRaceHorse.FinishTimeSdvByRace              0.2
[1] "analyze.results.glm.step.summary"
Call:
rxLogit(formula = formula, data = data, variableSelection = analyze.results.glm.step.varsel)

Logistic Regression Results for: RaceHorse.IsHitA ~
    PrevRaceHorse.FinishTimeSdvByRace
Data: data
Dependent variable(s): RaceHorse.IsHitA
Total independent variables: 2 
Number of valid observations: 318725
Number of missing observations: 0 
-2*LogLikelihood: 177224.873 (Residual deviance on 318723 degrees of freedom)
 
Coefficients:
                                  Estimate Std. Error z value Pr(>|z|)    
(Intercept)                       -2.48267    0.00696  -356.9  2.2e-16 ***
PrevRaceHorse.FinishTimeSdvByRace  0.15575    0.00797    19.5  2.2e-16 ***
---
Signif. codes:  0 '***' 0.001 '**' 0.01 '*' 0.05 '.' 0.1 ' ' 1

Condition number of final variance-covariance matrix: 1 
Number of iterations: 4
[1] "--------------------------------------------------------------------------------"
[1] "2022-03-09 09:01:43 --- rxLogit with rxStepControl Finish ---"
[1] "2022-03-09 09:01:43 --- rxStepPlot Start ---"
[1] "pdfFilename=pdf_analyze_glm_Jockey_Type22_rxStepPlot.pdf"
[1] "rxStepPlot="
[1] "2022-03-09 09:01:43 --- rxStepPlot Finish ---"
[1] "2022-03-09 09:01:43 --- save.image Start ---"
[1] "save.image"
[1] "rdataFilename=RData_analyze_glm_Jockey_Type22.RData"
[1] "2022-03-09 09:01:44 --- save.image Finish ---"
[1] "2022-03-09 09:01:44 --- final Start ---"
[1] "--------------------------------------------------------------------------------"
[1] "nrow(data) final=318725"
[1] "--------------------------------------------------------------------------------"
[1] "2022-03-09 09:01:44 --- final Finish ---"
[1] "2022-03-09 09:01:44 --- analyze_glm.R Finished ---"
[1] "2022-03-09 09:01:44 --- log Finish ---"
