[1] "2022-03-09 08:57:26 --- D1116_analyze_glm_Gen02_IsHitA_Type16 Start ---"
[1] "2022-03-09 08:57:26 --- Log Start ---"
[1] "2022-03-09 08:57:26 --- analyze_glm.R Start ---"
[1] "analyzeVersion=D1116"
[1] "analyzeCategory=analyze"
[1] "analyzeType=Gen02"
[1] "analyzeFamily=IsHitA"
[1] "analyzeFunc=glm"
[1] "analyzeTrackTypeCd=1"
[1] "analyzeJyokenCd=6"
[1] "2022-03-09 08:57:26 --- source_function.R Start ---"
[1] "2022-03-09 08:57:26 --- source_function.R Finished ---"

> print(paste0(Sys.time(), " --- source_library.R Start ---"))
[1] "2022-03-09 08:57:26 --- source_library.R Start ---"

> require("RevoScaleR")

> print(paste0(Sys.time(), " --- source_library.R Finished ---"))
[1] "2022-03-09 08:57:27 --- source_library.R Finished ---"
[1] "2022-03-09 08:57:27 --- RxSqlServerData Start ---"
[1] "2022-03-09 08:57:27 --- RxInSqlServer Start ---"
[1] "2022-03-09 08:57:27 --- RxInSqlServer Finish ---"
[1] "2022-03-09 08:57:27 --- rxSetComputeContext Start ---"
[1] "2022-03-09 08:57:27 --- rxSetComputeContext Finish ---"
[1] "2022-03-09 08:57:27 --- RxSqlServerData Start ---"
[1] "sqlQuery=SELECT * FROM ViewAnalyzeD1116analyze01Gen02Type16"
[1] "2022-03-09 08:57:27 --- RxSqlServerData Finish ---"
[1] "2022-03-09 08:57:27 --- rxGetVarInfo Start ---"
[1] "2022-03-09 08:57:27 --- rxGetVarInfo Finish---"
[1] "2022-03-09 08:57:27 --- rxImport Start ---"
Rows Read: 12196, Total Rows Processed: 12196, Total Chunk Time: 5.664 seconds 
[1] "2022-03-09 08:57:37 --- rxImport Finish ---"
[1] "object.size(data) auto=4.8 Mb"
[1] "--------------------------------------------------------------------------------"
[1] "nrow(data) RxSqlServerData=12196"
[1] "--------------------------------------------------------------------------------"
[1] "str(data)="
'data.frame':	12196 obs. of  45 variables:
 $ Race.RaceId                      : Factor w/ 985 levels "20160105-06-01-01-06",..: 1 1 2 2 3 3 3 3 4 4 ...
 $ Race.IsAnalyzeNormalPastAndFuture: logi  TRUE TRUE TRUE TRUE TRUE TRUE ...
 $ Race.IsAnalyzeNormalPast         : logi  TRUE TRUE TRUE TRUE TRUE TRUE ...
 $ Race.IsAnalyzeNormalFuture       : logi  FALSE FALSE FALSE FALSE FALSE FALSE ...
 $ Race.IsAnalyzeFullPastAndFuture  : logi  TRUE TRUE TRUE TRUE TRUE TRUE ...
 $ Race.IsAnalyzeFullPast           : logi  TRUE TRUE TRUE TRUE TRUE TRUE ...
 $ Race.IsAnalyzeFullFuture         : logi  FALSE FALSE FALSE FALSE FALSE FALSE ...
 $ Race.JyokenCd                    : Factor w/ 1 level "6": 1 1 1 1 1 1 1 1 1 1 ...
 $ Race.JyoType1Cd                  : Factor w/ 119 levels "17-06-2000-1",..: 1 1 2 2 3 3 3 3 1 1 ...
 $ Race.RaceType1Cd                 : Factor w/ 2 levels "1-6-12","1-6-11": 1 1 1 1 1 1 1 1 1 1 ...
 $ RaceHorse.RaceId                 : Factor w/ 985 levels "20160105-06-01-01-06",..: 1 1 2 2 3 3 3 3 4 4 ...
 $ RaceHorse.KettoNum               : Factor w/ 6744 levels "2013103587","2013105477",..: 1 2 3 4 5 5 6 7 8 9 ...
 $ RaceHorse.IsHit1                 : num  0 0 0 0 0 0 0 0 1 0 ...
 $ RaceHorse.IsHit2                 : num  0 1 0 0 0 0 0 0 0 0 ...
 $ RaceHorse.IsHit3                 : num  0 0 0 0 0 0 0 1 0 0 ...
 $ RaceHorse.IsHit4                 : num  0 0 0 0 0 0 0 0 0 0 ...
 $ RaceHorse.IsHit5                 : num  0 0 0 0 0 0 0 0 0 0 ...
 $ RaceHorse.IsHit6                 : num  1 0 1 1 1 1 1 0 0 1 ...
 $ RaceHorse.IsValidRaceHorse       : logi  TRUE TRUE FALSE FALSE TRUE TRUE ...
 $ RaceHorse.FinishTimeSdvByRace    : num  0.24 0.948 -0.968 0.116 0.149 ...
 $ RaceHorse.FirstTimeSdvByRace     : num  0.146 0.878 1.254 -0.727 -0.237 ...
 $ RaceHorse.LastTimeSdvByRace      : num  0.237 0.777 -1.608 0.524 0.287 ...
 $ RaceHorse.FinishTimeSdv          : num  -1.452 -0.947 -2.239 -1.877 -0.809 ...
 $ RaceHorse.FirstTimeSdv           : num  -1.899 -1.655 -2.038 -2.524 -0.814 ...
 $ RaceHorse.LastTimeSdv            : num  0.32 0.828 -0.864 0.463 -0.178 ...
 $ RaceHorse.IsHitA                 : num  0 0 0 0 0 0 0 0 1 0 ...
 $ RaceHorse.IsHitB                 : num  0 1 0 0 0 0 0 0 1 0 ...
 $ RaceHorse.IsHitC                 : num  0 1 0 0 0 0 0 1 1 0 ...
 $ PrevRaceHorse.RaceId             : Factor w/ 1626 levels "20110205-08-02-03-06",..: 1 2 3 4 5 6 7 8 9 10 ...
 $ PrevRaceHorse.KettoNum           : Factor w/ 7676 levels "2008102908","2009105811",..: 1 2 3 4 5 6 7 8 9 10 ...
 $ PrevRaceHorse.FinishTimeSdvByRace: num  -0.0219 0.9705 0.5853 0.5135 -0.1085 ...
 $ PrevRaceHorse.FirstTimeSdvByRace : num  -0.99 0.478 0.764 0.357 -0.188 ...
 $ PrevRaceHorse.LastTimeSdvByRace  : num  0.5785 0.8009 -0.052 0.6356 0.0089 ...
 $ PrevRaceHorse.FinishTimeSdv      : num  -0.48 -0.623 -0.739 -0.863 -1.157 ...
 $ PrevRaceHorse.FirstTimeSdv       : num  -1.066 -0.739 -1.372 -1.021 -1.753 ...
 $ PrevRaceHorse.LastTimeSdv        : num  0.5529 0.044 0.5529 0.0302 0.6102 ...
 $ PrevRaceHorse.IsRun              : num  1 1 1 1 1 1 1 1 1 1 ...
 $ PrevRaceHorse.IsHit1             : num  0 0 0 0 0 0 0 0 1 0 ...
 $ PrevRaceHorse.IsHit2             : num  0 0 0 0 0 0 0 0 0 0 ...
 $ PrevRaceHorse.IsHit3             : num  0 0 0 0 0 0 0 0 0 0 ...
 $ PrevRaceHorse.IsHit4             : num  0 0 1 1 0 0 0 0 0 0 ...
 $ PrevRaceHorse.IsHit5             : num  0 0 0 0 0 0 0 0 0 0 ...
 $ PrevRaceHorse.RowNum             : num  1 1 1 1 1 2 1 1 1 1 ...
 $ PrevOdds.RealOddsLog1            : num  3.78 1.14 1.91 2 3.64 ...
 $ EOF                              : int  1 1 1 1 1 1 1 1 1 1 ...
[1] "2022-03-09 08:57:37 --- RxSqlServerData Finish ---"
[1] "2022-03-09 08:57:37 --- subset Start ---"
[1] "--------------------------------------------------------------------------------"
[1] "nrow(data) subset before=12196"
[1] "nrow(data) subset after =12196"
[1] "nrow(data) subset diff =0"
[1] "--------------------------------------------------------------------------------"
[1] "2022-03-09 08:57:37 --- subset Finish---"
[1] "2022-03-09 08:57:37 --- transform Start ---"
[1] "--------------------------------------------------------------------------------"
[1] "nrow(data) transform before=12196"
[1] "nrow(data) transform after=12196"
[1] "nrow(data) transform diff=0"
[1] "--------------------------------------------------------------------------------"
[1] "str(data)="
'data.frame':	12196 obs. of  45 variables:
 $ Race.RaceId                      : Factor w/ 985 levels "20160105-06-01-01-06",..: 1 1 2 2 3 3 3 3 4 4 ...
 $ Race.IsAnalyzeNormalPastAndFuture: logi  TRUE TRUE TRUE TRUE TRUE TRUE ...
 $ Race.IsAnalyzeNormalPast         : logi  TRUE TRUE TRUE TRUE TRUE TRUE ...
 $ Race.IsAnalyzeNormalFuture       : logi  FALSE FALSE FALSE FALSE FALSE FALSE ...
 $ Race.IsAnalyzeFullPastAndFuture  : logi  TRUE TRUE TRUE TRUE TRUE TRUE ...
 $ Race.IsAnalyzeFullPast           : logi  TRUE TRUE TRUE TRUE TRUE TRUE ...
 $ Race.IsAnalyzeFullFuture         : logi  FALSE FALSE FALSE FALSE FALSE FALSE ...
 $ Race.JyokenCd                    : Factor w/ 1 level "6": 1 1 1 1 1 1 1 1 1 1 ...
 $ Race.JyoType1Cd                  : Factor w/ 119 levels "17-06-2000-1",..: 1 1 2 2 3 3 3 3 1 1 ...
 $ Race.RaceType1Cd                 : Factor w/ 2 levels "1-6-12","1-6-11": 1 1 1 1 1 1 1 1 1 1 ...
 $ RaceHorse.RaceId                 : Factor w/ 985 levels "20160105-06-01-01-06",..: 1 1 2 2 3 3 3 3 4 4 ...
 $ RaceHorse.KettoNum               : Factor w/ 6744 levels "2013103587","2013105477",..: 1 2 3 4 5 5 6 7 8 9 ...
 $ RaceHorse.IsHit1                 : num  0 0 0 0 0 0 0 0 1 0 ...
 $ RaceHorse.IsHit2                 : num  0 1 0 0 0 0 0 0 0 0 ...
 $ RaceHorse.IsHit3                 : num  0 0 0 0 0 0 0 1 0 0 ...
 $ RaceHorse.IsHit4                 : num  0 0 0 0 0 0 0 0 0 0 ...
 $ RaceHorse.IsHit5                 : num  0 0 0 0 0 0 0 0 0 0 ...
 $ RaceHorse.IsHit6                 : num  1 0 1 1 1 1 1 0 0 1 ...
 $ RaceHorse.IsValidRaceHorse       : logi  TRUE TRUE FALSE FALSE TRUE TRUE ...
 $ RaceHorse.FinishTimeSdvByRace    : num  0.24 0.948 -0.968 0.116 0.149 ...
 $ RaceHorse.FirstTimeSdvByRace     : num  0.146 0.878 1.254 -0.727 -0.237 ...
 $ RaceHorse.LastTimeSdvByRace      : num  0.237 0.777 -1.608 0.524 0.287 ...
 $ RaceHorse.FinishTimeSdv          : num  -1.452 -0.947 -2.239 -1.877 -0.809 ...
 $ RaceHorse.FirstTimeSdv           : num  -1.899 -1.655 -2.038 -2.524 -0.814 ...
 $ RaceHorse.LastTimeSdv            : num  0.32 0.828 -0.864 0.463 -0.178 ...
 $ RaceHorse.IsHitA                 : num  0 0 0 0 0 0 0 0 1 0 ...
 $ RaceHorse.IsHitB                 : num  0 1 0 0 0 0 0 0 1 0 ...
 $ RaceHorse.IsHitC                 : num  0 1 0 0 0 0 0 1 1 0 ...
 $ PrevRaceHorse.RaceId             : Factor w/ 1626 levels "20110205-08-02-03-06",..: 1 2 3 4 5 6 7 8 9 10 ...
 $ PrevRaceHorse.KettoNum           : Factor w/ 7676 levels "2008102908","2009105811",..: 1 2 3 4 5 6 7 8 9 10 ...
 $ PrevRaceHorse.FinishTimeSdvByRace: num  -0.0219 0.9705 0.5853 0.5135 -0.1085 ...
 $ PrevRaceHorse.FirstTimeSdvByRace : num  -0.99 0.478 0.764 0.357 -0.188 ...
 $ PrevRaceHorse.LastTimeSdvByRace  : num  0.5785 0.8009 -0.052 0.6356 0.0089 ...
 $ PrevRaceHorse.FinishTimeSdv      : num  -0.48 -0.623 -0.739 -0.863 -1.157 ...
 $ PrevRaceHorse.FirstTimeSdv       : num  -1.066 -0.739 -1.372 -1.021 -1.753 ...
 $ PrevRaceHorse.LastTimeSdv        : num  0.5529 0.044 0.5529 0.0302 0.6102 ...
 $ PrevRaceHorse.IsRun              : num  1 1 1 1 1 1 1 1 1 1 ...
 $ PrevRaceHorse.IsHit1             : num  0 0 0 0 0 0 0 0 1 0 ...
 $ PrevRaceHorse.IsHit2             : num  0 0 0 0 0 0 0 0 0 0 ...
 $ PrevRaceHorse.IsHit3             : num  0 0 0 0 0 0 0 0 0 0 ...
 $ PrevRaceHorse.IsHit4             : num  0 0 1 1 0 0 0 0 0 0 ...
 $ PrevRaceHorse.IsHit5             : num  0 0 0 0 0 0 0 0 0 0 ...
 $ PrevRaceHorse.RowNum             : num  1 1 1 1 1 2 1 1 1 1 ...
 $ PrevOdds.RealOddsLog1            : num  3.78 1.14 1.91 2 3.64 ...
 $ EOF                              : int  1 1 1 1 1 1 1 1 1 1 ...
NULL
[1] "2022-03-09 08:57:38 --- transform Finish ---"
[1] "2022-03-09 08:57:38 --- na.omit Start ---"
[1] "--------------------------------------------------------------------------------"
[1] "nrow(data) na.omit before=12196"
[1] "nrow(data) na.omit after =12123"
[1] "nrow(data) na.omit diff =73"
[1] "--------------------------------------------------------------------------------"
'data.frame':	12123 obs. of  45 variables:
 $ Race.RaceId                      : Factor w/ 985 levels "20160105-06-01-01-06",..: 1 1 2 2 3 3 3 3 4 4 ...
 $ Race.IsAnalyzeNormalPastAndFuture: logi  TRUE TRUE TRUE TRUE TRUE TRUE ...
 $ Race.IsAnalyzeNormalPast         : logi  TRUE TRUE TRUE TRUE TRUE TRUE ...
 $ Race.IsAnalyzeNormalFuture       : logi  FALSE FALSE FALSE FALSE FALSE FALSE ...
 $ Race.IsAnalyzeFullPastAndFuture  : logi  TRUE TRUE TRUE TRUE TRUE TRUE ...
 $ Race.IsAnalyzeFullPast           : logi  TRUE TRUE TRUE TRUE TRUE TRUE ...
 $ Race.IsAnalyzeFullFuture         : logi  FALSE FALSE FALSE FALSE FALSE FALSE ...
 $ Race.JyokenCd                    : Factor w/ 1 level "6": 1 1 1 1 1 1 1 1 1 1 ...
 $ Race.JyoType1Cd                  : Factor w/ 119 levels "17-06-2000-1",..: 1 1 2 2 3 3 3 3 1 1 ...
 $ Race.RaceType1Cd                 : Factor w/ 2 levels "1-6-12","1-6-11": 1 1 1 1 1 1 1 1 1 1 ...
 $ RaceHorse.RaceId                 : Factor w/ 985 levels "20160105-06-01-01-06",..: 1 1 2 2 3 3 3 3 4 4 ...
 $ RaceHorse.KettoNum               : Factor w/ 6744 levels "2013103587","2013105477",..: 1 2 3 4 5 5 6 7 8 9 ...
 $ RaceHorse.IsHit1                 : num  0 0 0 0 0 0 0 0 1 0 ...
 $ RaceHorse.IsHit2                 : num  0 1 0 0 0 0 0 0 0 0 ...
 $ RaceHorse.IsHit3                 : num  0 0 0 0 0 0 0 1 0 0 ...
 $ RaceHorse.IsHit4                 : num  0 0 0 0 0 0 0 0 0 0 ...
 $ RaceHorse.IsHit5                 : num  0 0 0 0 0 0 0 0 0 0 ...
 $ RaceHorse.IsHit6                 : num  1 0 1 1 1 1 1 0 0 1 ...
 $ RaceHorse.IsValidRaceHorse       : logi  TRUE TRUE FALSE FALSE TRUE TRUE ...
 $ RaceHorse.FinishTimeSdvByRace    : num  0.24 0.948 -0.968 0.116 0.149 ...
 $ RaceHorse.FirstTimeSdvByRace     : num  0.146 0.878 1.254 -0.727 -0.237 ...
 $ RaceHorse.LastTimeSdvByRace      : num  0.237 0.777 -1.608 0.524 0.287 ...
 $ RaceHorse.FinishTimeSdv          : num  -1.452 -0.947 -2.239 -1.877 -0.809 ...
 $ RaceHorse.FirstTimeSdv           : num  -1.899 -1.655 -2.038 -2.524 -0.814 ...
 $ RaceHorse.LastTimeSdv            : num  0.32 0.828 -0.864 0.463 -0.178 ...
 $ RaceHorse.IsHitA                 : num  0 0 0 0 0 0 0 0 1 0 ...
 $ RaceHorse.IsHitB                 : num  0 1 0 0 0 0 0 0 1 0 ...
 $ RaceHorse.IsHitC                 : num  0 1 0 0 0 0 0 1 1 0 ...
 $ PrevRaceHorse.RaceId             : Factor w/ 1626 levels "20110205-08-02-03-06",..: 1 2 3 4 5 6 7 8 9 10 ...
 $ PrevRaceHorse.KettoNum           : Factor w/ 7676 levels "2008102908","2009105811",..: 1 2 3 4 5 6 7 8 9 10 ...
 $ PrevRaceHorse.FinishTimeSdvByRace: num  -0.0219 0.9705 0.5853 0.5135 -0.1085 ...
 $ PrevRaceHorse.FirstTimeSdvByRace : num  -0.99 0.478 0.764 0.357 -0.188 ...
 $ PrevRaceHorse.LastTimeSdvByRace  : num  0.5785 0.8009 -0.052 0.6356 0.0089 ...
 $ PrevRaceHorse.FinishTimeSdv      : num  -0.48 -0.623 -0.739 -0.863 -1.157 ...
 $ PrevRaceHorse.FirstTimeSdv       : num  -1.066 -0.739 -1.372 -1.021 -1.753 ...
 $ PrevRaceHorse.LastTimeSdv        : num  0.5529 0.044 0.5529 0.0302 0.6102 ...
 $ PrevRaceHorse.IsRun              : num  1 1 1 1 1 1 1 1 1 1 ...
 $ PrevRaceHorse.IsHit1             : num  0 0 0 0 0 0 0 0 1 0 ...
 $ PrevRaceHorse.IsHit2             : num  0 0 0 0 0 0 0 0 0 0 ...
 $ PrevRaceHorse.IsHit3             : num  0 0 0 0 0 0 0 0 0 0 ...
 $ PrevRaceHorse.IsHit4             : num  0 0 1 1 0 0 0 0 0 0 ...
 $ PrevRaceHorse.IsHit5             : num  0 0 0 0 0 0 0 0 0 0 ...
 $ PrevRaceHorse.RowNum             : num  1 1 1 1 1 2 1 1 1 1 ...
 $ PrevOdds.RealOddsLog1            : num  3.78 1.14 1.91 2 3.64 ...
 $ EOF                              : int  1 1 1 1 1 1 1 1 1 1 ...
 - attr(*, "na.action")= 'omit' Named int  20 593 594 690 691 766 1569 1909 1910 2016 ...
  ..- attr(*, "names")= chr  "20" "593" "594" "690" ...
[1] "2022-03-09 08:57:38 --- na.omit Finish ---"
[1] "2022-03-09 08:57:38 --- rxLogit with rxStepControl Start ---"

> print(paste0(Sys.time(), " --- source_logic_glm.R Start ---"))
[1] "2022-03-09 08:57:38 --- source_logic_glm.R Start ---"

> formula <- formula(RaceHorse.IsHitA ~ +1 + PrevRaceHorse.FinishTimeSdvByRace)

> print(paste0(Sys.time(), " --- source_logic_glm.R Finished ---"))
[1] "2022-03-09 08:57:38 --- source_logic_glm.R Finished ---"
Rows Read: 12123, Total Rows Processed: 12123, Total Chunk Time: 0.002 seconds 

Starting values (iteration 1) time: 0.046 secs.
Rows Read: 12123, Total Rows Processed: 12123, Total Chunk Time: 0.003 seconds 

Iteration 2 time: 0.016 secs.
Rows Read: 12123, Total Rows Processed: 12123, Total Chunk Time: 0.002 seconds 

Iteration 3 time: 0.006 secs.
Rows Read: 12123, Total Rows Processed: 12123, Total Chunk Time: 0.002 seconds 

Iteration 4 time: 0.006 secs.

Elapsed computation time: 0.094 secs.
Rows Read: 12123, Total Rows Processed: 12123, Total Chunk Time: Less than .001 seconds 

Starting values (iteration 1) time: 0.015 secs.
Rows Read: 12123, Total Rows Processed: 12123, Total Chunk Time: Less than .001 seconds 

Iteration 2 time: 0.009 secs.

Elapsed computation time: 0.040 secs.
Rows Read: 12123, Total Rows Processed: 12123, Total Chunk Time: Less than .001 seconds 

Starting values (iteration 1) time: 0.015 secs.
Rows Read: 12123, Total Rows Processed: 12123, Total Chunk Time: Less than .001 seconds 

Iteration 2 time: 0.010 secs.
Rows Read: 12123, Total Rows Processed: 12123, Total Chunk Time: 0.002 seconds 

Iteration 3 time: 0.006 secs.
Rows Read: 12123, Total Rows Processed: 12123, Total Chunk Time: Less than .001 seconds 

Iteration 4 time: 0.006 secs.

Elapsed computation time: 0.061 secs.

Elapsed computation time: 0.217 secs.
[1] "--------------------------------------------------------------------------------"
[1] "analyze.results.glm.step="
Logistic Regression Results for: RaceHorse.IsHitA ~
    PrevRaceHorse.FinishTimeSdvByRace
Data: data
Dependent variable(s): RaceHorse.IsHitA
Total independent variables: 2 
Number of valid observations: 12123
Number of missing observations: 0 
 
Coefficients:
                                  RaceHorse.IsHitA
(Intercept)                                   -2.5
PrevRaceHorse.FinishTimeSdvByRace              0.4
[1] "analyze.results.glm.step.summary"
Call:
rxLogit(formula = formula, data = data, variableSelection = analyze.results.glm.step.varsel)

Logistic Regression Results for: RaceHorse.IsHitA ~
    PrevRaceHorse.FinishTimeSdvByRace
Data: data
Dependent variable(s): RaceHorse.IsHitA
Total independent variables: 2 
Number of valid observations: 12123
Number of missing observations: 0 
-2*LogLikelihood: 7283.941 (Residual deviance on 12121 degrees of freedom)
 
Coefficients:
                                  Estimate Std. Error z value Pr(>|z|)    
(Intercept)                        -2.5199     0.0418  -60.28  2.2e-16 ***
PrevRaceHorse.FinishTimeSdvByRace   0.4263     0.0457    9.32  2.2e-16 ***
---
Signif. codes:  0 '***' 0.001 '**' 0.01 '*' 0.05 '.' 0.1 ' ' 1

Condition number of final variance-covariance matrix: 1 
Number of iterations: 4
[1] "--------------------------------------------------------------------------------"
[1] "2022-03-09 08:57:38 --- rxLogit with rxStepControl Finish ---"
[1] "2022-03-09 08:57:38 --- rxStepPlot Start ---"
[1] "pdfFilename=pdf_analyze_glm_Gen02_Type16_rxStepPlot.pdf"
[1] "rxStepPlot="
[1] "2022-03-09 08:57:39 --- rxStepPlot Finish ---"
[1] "2022-03-09 08:57:39 --- save.image Start ---"
[1] "save.image"
[1] "rdataFilename=RData_analyze_glm_Gen02_Type16.RData"
[1] "2022-03-09 08:57:39 --- save.image Finish ---"
[1] "2022-03-09 08:57:39 --- final Start ---"
[1] "--------------------------------------------------------------------------------"
[1] "nrow(data) final=12123"
[1] "--------------------------------------------------------------------------------"
[1] "2022-03-09 08:57:39 --- final Finish ---"
[1] "2022-03-09 08:57:39 --- analyze_glm.R Finished ---"
[1] "2022-03-09 08:57:39 --- log Finish ---"
