[1] "2022-03-09 08:49:18 --- D1116_analyze_glm_Gen01_IsHitA_Type35 Start ---"
[1] "2022-03-09 08:49:18 --- Log Start ---"
[1] "2022-03-09 08:49:18 --- analyze_glm.R Start ---"
[1] "analyzeVersion=D1116"
[1] "analyzeCategory=analyze"
[1] "analyzeType=Gen01"
[1] "analyzeFamily=IsHitA"
[1] "analyzeFunc=glm"
[1] "analyzeTrackTypeCd=3"
[1] "analyzeJyokenCd=5"
[1] "2022-03-09 08:49:18 --- source_function.R Start ---"
[1] "2022-03-09 08:49:18 --- source_function.R Finished ---"

> print(paste0(Sys.time(), " --- source_library.R Start ---"))
[1] "2022-03-09 08:49:18 --- source_library.R Start ---"

> require("RevoScaleR")

> print(paste0(Sys.time(), " --- source_library.R Finished ---"))
[1] "2022-03-09 08:49:19 --- source_library.R Finished ---"
[1] "2022-03-09 08:49:19 --- RxSqlServerData Start ---"
[1] "2022-03-09 08:49:19 --- RxInSqlServer Start ---"
[1] "2022-03-09 08:49:19 --- RxInSqlServer Finish ---"
[1] "2022-03-09 08:49:19 --- rxSetComputeContext Start ---"
[1] "2022-03-09 08:49:19 --- rxSetComputeContext Finish ---"
[1] "2022-03-09 08:49:19 --- RxSqlServerData Start ---"
[1] "sqlQuery=SELECT * FROM ViewAnalyzeD1116analyze01Gen01Type35"
[1] "2022-03-09 08:49:19 --- RxSqlServerData Finish ---"
[1] "2022-03-09 08:49:19 --- rxGetVarInfo Start ---"
[1] "2022-03-09 08:49:19 --- rxGetVarInfo Finish---"
[1] "2022-03-09 08:49:19 --- rxImport Start ---"
Rows Read: 211417, Total Rows Processed: 211417, Total Chunk Time: 8.126 seconds 
[1] "2022-03-09 08:49:30 --- rxImport Finish ---"
[1] "object.size(data) auto=60.1 Mb"
[1] "--------------------------------------------------------------------------------"
[1] "nrow(data) RxSqlServerData=211417"
[1] "--------------------------------------------------------------------------------"
[1] "str(data)="
'data.frame':	211417 obs. of  45 variables:
 $ Race.RaceId                      : Factor w/ 419 levels "20160131-07-01-06-05",..: 2 2 2 2 2 2 2 2 2 2 ...
 $ Race.IsAnalyzeNormalPastAndFuture: logi  TRUE TRUE TRUE TRUE TRUE TRUE ...
 $ Race.IsAnalyzeNormalPast         : logi  TRUE TRUE TRUE TRUE TRUE TRUE ...
 $ Race.IsAnalyzeNormalFuture       : logi  FALSE FALSE FALSE FALSE FALSE FALSE ...
 $ Race.IsAnalyzeFullPastAndFuture  : logi  TRUE TRUE TRUE TRUE TRUE TRUE ...
 $ Race.IsAnalyzeFullPast           : logi  TRUE TRUE TRUE TRUE TRUE TRUE ...
 $ Race.IsAnalyzeFullFuture         : logi  FALSE FALSE FALSE FALSE FALSE FALSE ...
 $ Race.JyokenCd                    : Factor w/ 1 level "5": 1 1 1 1 1 1 1 1 1 1 ...
 $ Race.JyoType1Cd                  : Factor w/ 34 levels "54-07-3000-3",..: 2 2 2 2 2 2 2 2 2 2 ...
 $ Race.RaceType1Cd                 : Factor w/ 2 levels "3-5-19","3-5-18": 1 1 1 1 1 1 1 1 1 1 ...
 $ RaceHorse.RaceId                 : Factor w/ 419 levels "20160131-07-01-06-05",..: 2 2 2 2 2 2 2 2 2 2 ...
 $ RaceHorse.KettoNum               : Factor w/ 1547 levels "2008106354","2009106336",..: 3 3 3 3 3 3 3 3 3 3 ...
 $ RaceHorse.IsHit1                 : num  0 0 0 0 0 0 0 0 0 0 ...
 $ RaceHorse.IsHit2                 : num  0 0 0 0 0 0 0 0 0 0 ...
 $ RaceHorse.IsHit3                 : num  0 0 0 0 0 0 0 0 0 0 ...
 $ RaceHorse.IsHit4                 : num  0 0 0 0 0 0 0 0 0 0 ...
 $ RaceHorse.IsHit5                 : num  0 0 0 0 0 0 0 0 0 0 ...
 $ RaceHorse.IsHit6                 : num  1 1 1 1 1 1 1 1 1 1 ...
 $ RaceHorse.IsValidRaceHorse       : logi  TRUE TRUE TRUE TRUE TRUE TRUE ...
 $ RaceHorse.FinishTimeSdvByRace    : num  0.448 0.448 0.448 0.448 0.448 ...
 $ RaceHorse.FirstTimeSdvByRace     : num  0.491 0.491 0.491 0.491 0.491 ...
 $ RaceHorse.LastTimeSdvByRace      : num  0.26 0.26 0.26 0.26 0.26 ...
 $ RaceHorse.FinishTimeSdv          : num  0.553 0.553 0.553 0.553 0.553 ...
 $ RaceHorse.FirstTimeSdv           : num  0.562 0.562 0.562 0.562 0.562 ...
 $ RaceHorse.LastTimeSdv            : num  0.514 0.514 0.514 0.514 0.514 ...
 $ RaceHorse.IsHitA                 : num  0 0 0 0 0 0 0 0 0 0 ...
 $ RaceHorse.IsHitB                 : num  0 0 0 0 0 0 0 0 0 0 ...
 $ RaceHorse.IsHitC                 : num  0 0 0 0 0 0 0 0 0 0 ...
 $ PrevRaceHorse.RaceId             : Factor w/ 945 levels "20140601-08-03-12-04",..: 11 12 13 14 15 16 17 18 19 20 ...
 $ PrevRaceHorse.KettoNum           : Factor w/ 2551 levels "2009100338","2009101710",..: 7 8 9 10 10 9 10 9 8 9 ...
 $ PrevRaceHorse.FinishTimeSdvByRace: num  0.58111 -0.74425 -0.23347 0.43974 0.00768 ...
 $ PrevRaceHorse.FirstTimeSdvByRace : num  0.5748 -0.7568 -0.1399 0.4341 -0.0616 ...
 $ PrevRaceHorse.LastTimeSdvByRace  : num  0.603 -0.688 -0.552 0.458 0.29 ...
 $ PrevRaceHorse.FinishTimeSdv      : num  0.7714 -1.2815 0.0771 0.9527 0.7876 ...
 $ PrevRaceHorse.FirstTimeSdv       : num  0.753 -1.293 0.139 0.939 0.762 ...
 $ PrevRaceHorse.LastTimeSdv        : num  0.829 -1.201 -0.156 0.992 0.882 ...
 $ PrevRaceHorse.IsRun              : num  1 1 1 1 1 1 1 1 1 1 ...
 $ PrevRaceHorse.IsHit1             : num  0 0 0 0 0 0 0 0 0 0 ...
 $ PrevRaceHorse.IsHit2             : num  0 0 0 0 0 0 0 1 0 0 ...
 $ PrevRaceHorse.IsHit3             : num  1 0 0 0 0 0 0 0 0 0 ...
 $ PrevRaceHorse.IsHit4             : num  0 0 0 1 0 0 0 0 0 1 ...
 $ PrevRaceHorse.IsHit5             : num  0 0 0 0 0 0 0 0 0 0 ...
 $ PrevRaceHorse.RowNum             : num  1 2 3 4 5 6 7 8 9 10 ...
 $ PrevOdds.RealOddsLog1            : num  3.64 4.58 1.5 3.14 3.06 ...
 $ EOF                              : int  1 1 1 1 1 1 1 1 1 1 ...
[1] "2022-03-09 08:49:30 --- RxSqlServerData Finish ---"
[1] "2022-03-09 08:49:30 --- subset Start ---"
[1] "--------------------------------------------------------------------------------"
[1] "nrow(data) subset before=211417"
[1] "nrow(data) subset after =211417"
[1] "nrow(data) subset diff =0"
[1] "--------------------------------------------------------------------------------"
[1] "2022-03-09 08:49:31 --- subset Finish---"
[1] "2022-03-09 08:49:31 --- transform Start ---"
[1] "--------------------------------------------------------------------------------"
[1] "nrow(data) transform before=211417"
[1] "nrow(data) transform after=211417"
[1] "nrow(data) transform diff=0"
[1] "--------------------------------------------------------------------------------"
[1] "str(data)="
'data.frame':	211417 obs. of  45 variables:
 $ Race.RaceId                      : Factor w/ 419 levels "20160131-07-01-06-05",..: 2 2 2 2 2 2 2 2 2 2 ...
 $ Race.IsAnalyzeNormalPastAndFuture: logi  TRUE TRUE TRUE TRUE TRUE TRUE ...
 $ Race.IsAnalyzeNormalPast         : logi  TRUE TRUE TRUE TRUE TRUE TRUE ...
 $ Race.IsAnalyzeNormalFuture       : logi  FALSE FALSE FALSE FALSE FALSE FALSE ...
 $ Race.IsAnalyzeFullPastAndFuture  : logi  TRUE TRUE TRUE TRUE TRUE TRUE ...
 $ Race.IsAnalyzeFullPast           : logi  TRUE TRUE TRUE TRUE TRUE TRUE ...
 $ Race.IsAnalyzeFullFuture         : logi  FALSE FALSE FALSE FALSE FALSE FALSE ...
 $ Race.JyokenCd                    : Factor w/ 1 level "5": 1 1 1 1 1 1 1 1 1 1 ...
 $ Race.JyoType1Cd                  : Factor w/ 34 levels "54-07-3000-3",..: 2 2 2 2 2 2 2 2 2 2 ...
 $ Race.RaceType1Cd                 : Factor w/ 2 levels "3-5-19","3-5-18": 1 1 1 1 1 1 1 1 1 1 ...
 $ RaceHorse.RaceId                 : Factor w/ 419 levels "20160131-07-01-06-05",..: 2 2 2 2 2 2 2 2 2 2 ...
 $ RaceHorse.KettoNum               : Factor w/ 1547 levels "2008106354","2009106336",..: 3 3 3 3 3 3 3 3 3 3 ...
 $ RaceHorse.IsHit1                 : num  0 0 0 0 0 0 0 0 0 0 ...
 $ RaceHorse.IsHit2                 : num  0 0 0 0 0 0 0 0 0 0 ...
 $ RaceHorse.IsHit3                 : num  0 0 0 0 0 0 0 0 0 0 ...
 $ RaceHorse.IsHit4                 : num  0 0 0 0 0 0 0 0 0 0 ...
 $ RaceHorse.IsHit5                 : num  0 0 0 0 0 0 0 0 0 0 ...
 $ RaceHorse.IsHit6                 : num  1 1 1 1 1 1 1 1 1 1 ...
 $ RaceHorse.IsValidRaceHorse       : logi  TRUE TRUE TRUE TRUE TRUE TRUE ...
 $ RaceHorse.FinishTimeSdvByRace    : num  0.448 0.448 0.448 0.448 0.448 ...
 $ RaceHorse.FirstTimeSdvByRace     : num  0.491 0.491 0.491 0.491 0.491 ...
 $ RaceHorse.LastTimeSdvByRace      : num  0.26 0.26 0.26 0.26 0.26 ...
 $ RaceHorse.FinishTimeSdv          : num  0.553 0.553 0.553 0.553 0.553 ...
 $ RaceHorse.FirstTimeSdv           : num  0.562 0.562 0.562 0.562 0.562 ...
 $ RaceHorse.LastTimeSdv            : num  0.514 0.514 0.514 0.514 0.514 ...
 $ RaceHorse.IsHitA                 : num  0 0 0 0 0 0 0 0 0 0 ...
 $ RaceHorse.IsHitB                 : num  0 0 0 0 0 0 0 0 0 0 ...
 $ RaceHorse.IsHitC                 : num  0 0 0 0 0 0 0 0 0 0 ...
 $ PrevRaceHorse.RaceId             : Factor w/ 945 levels "20140601-08-03-12-04",..: 11 12 13 14 15 16 17 18 19 20 ...
 $ PrevRaceHorse.KettoNum           : Factor w/ 2551 levels "2009100338","2009101710",..: 7 8 9 10 10 9 10 9 8 9 ...
 $ PrevRaceHorse.FinishTimeSdvByRace: num  0.58111 -0.74425 -0.23347 0.43974 0.00768 ...
 $ PrevRaceHorse.FirstTimeSdvByRace : num  0.5748 -0.7568 -0.1399 0.4341 -0.0616 ...
 $ PrevRaceHorse.LastTimeSdvByRace  : num  0.603 -0.688 -0.552 0.458 0.29 ...
 $ PrevRaceHorse.FinishTimeSdv      : num  0.7714 -1.2815 0.0771 0.9527 0.7876 ...
 $ PrevRaceHorse.FirstTimeSdv       : num  0.753 -1.293 0.139 0.939 0.762 ...
 $ PrevRaceHorse.LastTimeSdv        : num  0.829 -1.201 -0.156 0.992 0.882 ...
 $ PrevRaceHorse.IsRun              : num  1 1 1 1 1 1 1 1 1 1 ...
 $ PrevRaceHorse.IsHit1             : num  0 0 0 0 0 0 0 0 0 0 ...
 $ PrevRaceHorse.IsHit2             : num  0 0 0 0 0 0 0 1 0 0 ...
 $ PrevRaceHorse.IsHit3             : num  1 0 0 0 0 0 0 0 0 0 ...
 $ PrevRaceHorse.IsHit4             : num  0 0 0 1 0 0 0 0 0 1 ...
 $ PrevRaceHorse.IsHit5             : num  0 0 0 0 0 0 0 0 0 0 ...
 $ PrevRaceHorse.RowNum             : num  1 2 3 4 5 6 7 8 9 10 ...
 $ PrevOdds.RealOddsLog1            : num  3.64 4.58 1.5 3.14 3.06 ...
 $ EOF                              : int  1 1 1 1 1 1 1 1 1 1 ...
NULL
[1] "2022-03-09 08:49:31 --- transform Finish ---"
[1] "2022-03-09 08:49:31 --- na.omit Start ---"
[1] "--------------------------------------------------------------------------------"
[1] "nrow(data) na.omit before=211417"
[1] "nrow(data) na.omit after =199861"
[1] "nrow(data) na.omit diff =11556"
[1] "--------------------------------------------------------------------------------"
'data.frame':	199861 obs. of  45 variables:
 $ Race.RaceId                      : Factor w/ 419 levels "20160131-07-01-06-05",..: 2 2 2 2 2 2 2 2 2 2 ...
 $ Race.IsAnalyzeNormalPastAndFuture: logi  TRUE TRUE TRUE TRUE TRUE TRUE ...
 $ Race.IsAnalyzeNormalPast         : logi  TRUE TRUE TRUE TRUE TRUE TRUE ...
 $ Race.IsAnalyzeNormalFuture       : logi  FALSE FALSE FALSE FALSE FALSE FALSE ...
 $ Race.IsAnalyzeFullPastAndFuture  : logi  TRUE TRUE TRUE TRUE TRUE TRUE ...
 $ Race.IsAnalyzeFullPast           : logi  TRUE TRUE TRUE TRUE TRUE TRUE ...
 $ Race.IsAnalyzeFullFuture         : logi  FALSE FALSE FALSE FALSE FALSE FALSE ...
 $ Race.JyokenCd                    : Factor w/ 1 level "5": 1 1 1 1 1 1 1 1 1 1 ...
 $ Race.JyoType1Cd                  : Factor w/ 34 levels "54-07-3000-3",..: 2 2 2 2 2 2 2 2 2 2 ...
 $ Race.RaceType1Cd                 : Factor w/ 2 levels "3-5-19","3-5-18": 1 1 1 1 1 1 1 1 1 1 ...
 $ RaceHorse.RaceId                 : Factor w/ 419 levels "20160131-07-01-06-05",..: 2 2 2 2 2 2 2 2 2 2 ...
 $ RaceHorse.KettoNum               : Factor w/ 1547 levels "2008106354","2009106336",..: 3 3 3 3 3 3 3 3 3 3 ...
 $ RaceHorse.IsHit1                 : num  0 0 0 0 0 0 0 0 0 0 ...
 $ RaceHorse.IsHit2                 : num  0 0 0 0 0 0 0 0 0 0 ...
 $ RaceHorse.IsHit3                 : num  0 0 0 0 0 0 0 0 0 0 ...
 $ RaceHorse.IsHit4                 : num  0 0 0 0 0 0 0 0 0 0 ...
 $ RaceHorse.IsHit5                 : num  0 0 0 0 0 0 0 0 0 0 ...
 $ RaceHorse.IsHit6                 : num  1 1 1 1 1 1 1 1 1 1 ...
 $ RaceHorse.IsValidRaceHorse       : logi  TRUE TRUE TRUE TRUE TRUE TRUE ...
 $ RaceHorse.FinishTimeSdvByRace    : num  0.448 0.448 0.448 0.448 0.448 ...
 $ RaceHorse.FirstTimeSdvByRace     : num  0.491 0.491 0.491 0.491 0.491 ...
 $ RaceHorse.LastTimeSdvByRace      : num  0.26 0.26 0.26 0.26 0.26 ...
 $ RaceHorse.FinishTimeSdv          : num  0.553 0.553 0.553 0.553 0.553 ...
 $ RaceHorse.FirstTimeSdv           : num  0.562 0.562 0.562 0.562 0.562 ...
 $ RaceHorse.LastTimeSdv            : num  0.514 0.514 0.514 0.514 0.514 ...
 $ RaceHorse.IsHitA                 : num  0 0 0 0 0 0 0 0 0 0 ...
 $ RaceHorse.IsHitB                 : num  0 0 0 0 0 0 0 0 0 0 ...
 $ RaceHorse.IsHitC                 : num  0 0 0 0 0 0 0 0 0 0 ...
 $ PrevRaceHorse.RaceId             : Factor w/ 945 levels "20140601-08-03-12-04",..: 11 12 13 14 15 16 17 18 19 20 ...
 $ PrevRaceHorse.KettoNum           : Factor w/ 2551 levels "2009100338","2009101710",..: 7 8 9 10 10 9 10 9 8 9 ...
 $ PrevRaceHorse.FinishTimeSdvByRace: num  0.58111 -0.74425 -0.23347 0.43974 0.00768 ...
 $ PrevRaceHorse.FirstTimeSdvByRace : num  0.5748 -0.7568 -0.1399 0.4341 -0.0616 ...
 $ PrevRaceHorse.LastTimeSdvByRace  : num  0.603 -0.688 -0.552 0.458 0.29 ...
 $ PrevRaceHorse.FinishTimeSdv      : num  0.7714 -1.2815 0.0771 0.9527 0.7876 ...
 $ PrevRaceHorse.FirstTimeSdv       : num  0.753 -1.293 0.139 0.939 0.762 ...
 $ PrevRaceHorse.LastTimeSdv        : num  0.829 -1.201 -0.156 0.992 0.882 ...
 $ PrevRaceHorse.IsRun              : num  1 1 1 1 1 1 1 1 1 1 ...
 $ PrevRaceHorse.IsHit1             : num  0 0 0 0 0 0 0 0 0 0 ...
 $ PrevRaceHorse.IsHit2             : num  0 0 0 0 0 0 0 1 0 0 ...
 $ PrevRaceHorse.IsHit3             : num  1 0 0 0 0 0 0 0 0 0 ...
 $ PrevRaceHorse.IsHit4             : num  0 0 0 1 0 0 0 0 0 1 ...
 $ PrevRaceHorse.IsHit5             : num  0 0 0 0 0 0 0 0 0 0 ...
 $ PrevRaceHorse.RowNum             : num  1 2 3 4 5 6 7 8 9 10 ...
 $ PrevOdds.RealOddsLog1            : num  3.64 4.58 1.5 3.14 3.06 ...
 $ EOF                              : int  1 1 1 1 1 1 1 1 1 1 ...
 - attr(*, "na.action")= 'omit' Named int  177 178 179 180 181 182 183 184 185 186 ...
  ..- attr(*, "names")= chr  "177" "178" "179" "180" ...
[1] "2022-03-09 08:49:32 --- na.omit Finish ---"
[1] "2022-03-09 08:49:32 --- rxLogit with rxStepControl Start ---"

> print(paste0(Sys.time(), " --- source_logic_glm.R Start ---"))
[1] "2022-03-09 08:49:32 --- source_logic_glm.R Start ---"

> formula <- formula(RaceHorse.IsHitA ~ +1 + PrevRaceHorse.FinishTimeSdvByRace)

> print(paste0(Sys.time(), " --- source_logic_glm.R Finished ---"))
[1] "2022-03-09 08:49:32 --- source_logic_glm.R Finished ---"
Rows Read: 199861, Total Rows Processed: 199861, Total Chunk Time: 0.005 seconds 

Starting values (iteration 1) time: 0.022 secs.
Rows Read: 199861, Total Rows Processed: 199861, Total Chunk Time: 0.012 seconds 

Iteration 2 time: 0.017 secs.
Rows Read: 199861, Total Rows Processed: 199861, Total Chunk Time: 0.012 seconds 

Iteration 3 time: 0.016 secs.

Elapsed computation time: 0.062 secs.
Rows Read: 199861, Total Rows Processed: 199861, Total Chunk Time: 0.003 seconds 

Starting values (iteration 1) time: 0.010 secs.
Rows Read: 199861, Total Rows Processed: 199861, Total Chunk Time: 0.009 seconds 

Iteration 2 time: 0.015 secs.

Elapsed computation time: 0.034 secs.
Rows Read: 199861, Total Rows Processed: 199861, Total Chunk Time: 0.005 seconds 

Starting values (iteration 1) time: 0.013 secs.
Rows Read: 199861, Total Rows Processed: 199861, Total Chunk Time: 0.013 seconds 

Iteration 2 time: 0.022 secs.
Rows Read: 199861, Total Rows Processed: 199861, Total Chunk Time: 0.013 seconds 

Iteration 3 time: 0.017 secs.

Elapsed computation time: 0.060 secs.

Elapsed computation time: 0.174 secs.
[1] "--------------------------------------------------------------------------------"
[1] "analyze.results.glm.step="
Logistic Regression Results for: RaceHorse.IsHitA ~
    PrevRaceHorse.FinishTimeSdvByRace
Data: data
Dependent variable(s): RaceHorse.IsHitA
Total independent variables: 2 
Number of valid observations: 199861
Number of missing observations: 0 
 
Coefficients:
                                  RaceHorse.IsHitA
(Intercept)                                  -2.26
PrevRaceHorse.FinishTimeSdvByRace             0.07
[1] "analyze.results.glm.step.summary"
Call:
rxLogit(formula = formula, data = data, variableSelection = analyze.results.glm.step.varsel)

Logistic Regression Results for: RaceHorse.IsHitA ~
    PrevRaceHorse.FinishTimeSdvByRace
Data: data
Dependent variable(s): RaceHorse.IsHitA
Total independent variables: 2 
Number of valid observations: 199861
Number of missing observations: 0 
-2*LogLikelihood: 125823.691 (Residual deviance on 199859 degrees of freedom)
 
Coefficients:
                                  Estimate Std. Error z value Pr(>|z|)    
(Intercept)                       -2.26457    0.00799 -283.28  2.2e-16 ***
PrevRaceHorse.FinishTimeSdvByRace  0.06720    0.00995    6.75  1.5e-11 ***
---
Signif. codes:  0 '***' 0.001 '**' 0.01 '*' 0.05 '.' 0.1 ' ' 1

Condition number of final variance-covariance matrix: 1 
Number of iterations: 3
[1] "--------------------------------------------------------------------------------"
[1] "2022-03-09 08:49:33 --- rxLogit with rxStepControl Finish ---"
[1] "2022-03-09 08:49:33 --- rxStepPlot Start ---"
[1] "pdfFilename=pdf_analyze_glm_Gen01_Type35_rxStepPlot.pdf"
[1] "rxStepPlot="
[1] "2022-03-09 08:49:33 --- rxStepPlot Finish ---"
[1] "2022-03-09 08:49:33 --- save.image Start ---"
[1] "save.image"
[1] "rdataFilename=RData_analyze_glm_Gen01_Type35.RData"
[1] "2022-03-09 08:49:34 --- save.image Finish ---"
[1] "2022-03-09 08:49:34 --- final Start ---"
[1] "--------------------------------------------------------------------------------"
[1] "nrow(data) final=199861"
[1] "--------------------------------------------------------------------------------"
[1] "2022-03-09 08:49:34 --- final Finish ---"
[1] "2022-03-09 08:49:34 --- analyze_glm.R Finished ---"
[1] "2022-03-09 08:49:34 --- log Finish ---"
