[1] "2022-03-09 08:57:26 --- D1116_analyze_glm_Gen02_IsHitA_Type23 Start ---"
[1] "2022-03-09 08:57:26 --- Log Start ---"
[1] "2022-03-09 08:57:26 --- analyze_glm.R Start ---"
[1] "analyzeVersion=D1116"
[1] "analyzeCategory=analyze"
[1] "analyzeType=Gen02"
[1] "analyzeFamily=IsHitA"
[1] "analyzeFunc=glm"
[1] "analyzeTrackTypeCd=2"
[1] "analyzeJyokenCd=3"
[1] "2022-03-09 08:57:26 --- source_function.R Start ---"
[1] "2022-03-09 08:57:26 --- source_function.R Finished ---"

> print(paste0(Sys.time(), " --- source_library.R Start ---"))
[1] "2022-03-09 08:57:26 --- source_library.R Start ---"

> require("RevoScaleR")

> print(paste0(Sys.time(), " --- source_library.R Finished ---"))
[1] "2022-03-09 08:57:27 --- source_library.R Finished ---"
[1] "2022-03-09 08:57:27 --- RxSqlServerData Start ---"
[1] "2022-03-09 08:57:27 --- RxInSqlServer Start ---"
[1] "2022-03-09 08:57:27 --- RxInSqlServer Finish ---"
[1] "2022-03-09 08:57:27 --- rxSetComputeContext Start ---"
[1] "2022-03-09 08:57:27 --- rxSetComputeContext Finish ---"
[1] "2022-03-09 08:57:27 --- RxSqlServerData Start ---"
[1] "sqlQuery=SELECT * FROM ViewAnalyzeD1116analyze01Gen02Type23"
[1] "2022-03-09 08:57:27 --- RxSqlServerData Finish ---"
[1] "2022-03-09 08:57:27 --- rxGetVarInfo Start ---"
[1] "2022-03-09 08:57:27 --- rxGetVarInfo Finish---"
[1] "2022-03-09 08:57:27 --- rxImport Start ---"
Rows Read: 55189, Total Rows Processed: 55189, Total Chunk Time: 6.727 seconds 
[1] "2022-03-09 08:57:39 --- rxImport Finish ---"
[1] "object.size(data) auto=16.3 Mb"
[1] "--------------------------------------------------------------------------------"
[1] "nrow(data) RxSqlServerData=55189"
[1] "--------------------------------------------------------------------------------"
[1] "str(data)="
'data.frame':	55189 obs. of  45 variables:
 $ Race.RaceId                      : Factor w/ 1011 levels "20160105-06-01-01-08",..: 1 1 1 1 1 1 1 1 1 1 ...
 $ Race.IsAnalyzeNormalPastAndFuture: logi  TRUE TRUE TRUE TRUE TRUE TRUE ...
 $ Race.IsAnalyzeNormalPast         : logi  TRUE TRUE TRUE TRUE TRUE TRUE ...
 $ Race.IsAnalyzeNormalFuture       : logi  FALSE FALSE FALSE FALSE FALSE FALSE ...
 $ Race.IsAnalyzeFullPastAndFuture  : logi  TRUE TRUE TRUE TRUE TRUE TRUE ...
 $ Race.IsAnalyzeFullPast           : logi  TRUE TRUE TRUE TRUE TRUE TRUE ...
 $ Race.IsAnalyzeFullFuture         : logi  FALSE FALSE FALSE FALSE FALSE FALSE ...
 $ Race.JyokenCd                    : Factor w/ 1 level "3": 1 1 1 1 1 1 1 1 1 1 ...
 $ Race.JyoType1Cd                  : Factor w/ 105 levels "24-06-1200-1",..: 1 1 1 1 1 1 1 1 1 1 ...
 $ Race.RaceType1Cd                 : Factor w/ 2 levels "2-3-14","2-3-13": 1 1 1 1 1 1 1 1 1 1 ...
 $ RaceHorse.RaceId                 : Factor w/ 1011 levels "20160105-06-01-01-08",..: 1 1 1 1 1 1 1 1 1 1 ...
 $ RaceHorse.KettoNum               : Factor w/ 2577 levels "2009103618","2010101761",..: 1 1 1 1 1 1 1 1 1 1 ...
 $ RaceHorse.IsHit1                 : num  0 0 0 0 0 0 0 0 0 0 ...
 $ RaceHorse.IsHit2                 : num  0 0 0 0 0 0 0 0 0 0 ...
 $ RaceHorse.IsHit3                 : num  0 0 0 0 0 0 0 0 0 0 ...
 $ RaceHorse.IsHit4                 : num  0 0 0 0 0 0 0 0 0 0 ...
 $ RaceHorse.IsHit5                 : num  0 0 0 0 0 0 0 0 0 0 ...
 $ RaceHorse.IsHit6                 : num  1 1 1 1 1 1 1 1 1 1 ...
 $ RaceHorse.IsValidRaceHorse       : logi  TRUE TRUE TRUE TRUE TRUE TRUE ...
 $ RaceHorse.FinishTimeSdvByRace    : num  -0.825 -0.825 -0.825 -0.825 -0.825 ...
 $ RaceHorse.FirstTimeSdvByRace     : num  -1.08 -1.08 -1.08 -1.08 -1.08 ...
 $ RaceHorse.LastTimeSdvByRace      : num  -0.106 -0.106 -0.106 -0.106 -0.106 ...
 $ RaceHorse.FinishTimeSdv          : num  0.661 0.661 0.661 0.661 0.661 ...
 $ RaceHorse.FirstTimeSdv           : num  -0.123 -0.123 -0.123 -0.123 -0.123 ...
 $ RaceHorse.LastTimeSdv            : num  0.945 0.945 0.945 0.945 0.945 ...
 $ RaceHorse.IsHitA                 : num  0 0 0 0 0 0 0 0 0 0 ...
 $ RaceHorse.IsHitB                 : num  0 0 0 0 0 0 0 0 0 0 ...
 $ RaceHorse.IsHitC                 : num  0 0 0 0 0 0 0 0 0 0 ...
 $ PrevRaceHorse.RaceId             : Factor w/ 2068 levels "20150530-08-03-11-12",..: 1 2 3 4 5 6 7 8 9 10 ...
 $ PrevRaceHorse.KettoNum           : Factor w/ 3035 levels "2009103618","2011102027",..: 1 2 1 2 1 2 1 1 1 1 ...
 $ PrevRaceHorse.FinishTimeSdvByRace: num  0.093 -1.345 0.044 0.631 0.451 ...
 $ PrevRaceHorse.FirstTimeSdvByRace : num  -0.967 1.115 -1.007 1.408 -1.142 ...
 $ PrevRaceHorse.LastTimeSdvByRace  : num  1.11 -1.849 0.717 0.287 1.863 ...
 $ PrevRaceHorse.FinishTimeSdv      : num  0.424 0.24 1.144 0.976 0.747 ...
 $ PrevRaceHorse.FirstTimeSdv       : num  -0.359 0.945 0.101 0.664 -0.76 ...
 $ PrevRaceHorse.LastTimeSdv        : num  0.838 -0.426 1.319 0.781 1.48 ...
 $ PrevRaceHorse.IsRun              : num  1 1 1 1 1 1 1 1 1 1 ...
 $ PrevRaceHorse.IsHit1             : num  0 0 0 0 0 0 0 0 0 0 ...
 $ PrevRaceHorse.IsHit2             : num  0 0 0 0 0 0 0 0 0 0 ...
 $ PrevRaceHorse.IsHit3             : num  0 0 0 1 0 0 0 0 0 0 ...
 $ PrevRaceHorse.IsHit4             : num  0 0 0 0 0 0 0 0 0 0 ...
 $ PrevRaceHorse.IsHit5             : num  0 0 0 0 0 0 0 0 0 0 ...
 $ PrevRaceHorse.RowNum             : num  1 2 3 4 5 6 7 8 9 10 ...
 $ PrevOdds.RealOddsLog1            : num  4.86 3.72 3.3 3.74 4.74 ...
 $ EOF                              : int  1 1 1 1 1 1 1 1 1 1 ...
[1] "2022-03-09 08:57:39 --- RxSqlServerData Finish ---"
[1] "2022-03-09 08:57:39 --- subset Start ---"
[1] "--------------------------------------------------------------------------------"
[1] "nrow(data) subset before=55189"
[1] "nrow(data) subset after =55189"
[1] "nrow(data) subset diff =0"
[1] "--------------------------------------------------------------------------------"
[1] "2022-03-09 08:57:39 --- subset Finish---"
[1] "2022-03-09 08:57:39 --- transform Start ---"
[1] "--------------------------------------------------------------------------------"
[1] "nrow(data) transform before=55189"
[1] "nrow(data) transform after=55189"
[1] "nrow(data) transform diff=0"
[1] "--------------------------------------------------------------------------------"
[1] "str(data)="
'data.frame':	55189 obs. of  45 variables:
 $ Race.RaceId                      : Factor w/ 1011 levels "20160105-06-01-01-08",..: 1 1 1 1 1 1 1 1 1 1 ...
 $ Race.IsAnalyzeNormalPastAndFuture: logi  TRUE TRUE TRUE TRUE TRUE TRUE ...
 $ Race.IsAnalyzeNormalPast         : logi  TRUE TRUE TRUE TRUE TRUE TRUE ...
 $ Race.IsAnalyzeNormalFuture       : logi  FALSE FALSE FALSE FALSE FALSE FALSE ...
 $ Race.IsAnalyzeFullPastAndFuture  : logi  TRUE TRUE TRUE TRUE TRUE TRUE ...
 $ Race.IsAnalyzeFullPast           : logi  TRUE TRUE TRUE TRUE TRUE TRUE ...
 $ Race.IsAnalyzeFullFuture         : logi  FALSE FALSE FALSE FALSE FALSE FALSE ...
 $ Race.JyokenCd                    : Factor w/ 1 level "3": 1 1 1 1 1 1 1 1 1 1 ...
 $ Race.JyoType1Cd                  : Factor w/ 105 levels "24-06-1200-1",..: 1 1 1 1 1 1 1 1 1 1 ...
 $ Race.RaceType1Cd                 : Factor w/ 2 levels "2-3-14","2-3-13": 1 1 1 1 1 1 1 1 1 1 ...
 $ RaceHorse.RaceId                 : Factor w/ 1011 levels "20160105-06-01-01-08",..: 1 1 1 1 1 1 1 1 1 1 ...
 $ RaceHorse.KettoNum               : Factor w/ 2577 levels "2009103618","2010101761",..: 1 1 1 1 1 1 1 1 1 1 ...
 $ RaceHorse.IsHit1                 : num  0 0 0 0 0 0 0 0 0 0 ...
 $ RaceHorse.IsHit2                 : num  0 0 0 0 0 0 0 0 0 0 ...
 $ RaceHorse.IsHit3                 : num  0 0 0 0 0 0 0 0 0 0 ...
 $ RaceHorse.IsHit4                 : num  0 0 0 0 0 0 0 0 0 0 ...
 $ RaceHorse.IsHit5                 : num  0 0 0 0 0 0 0 0 0 0 ...
 $ RaceHorse.IsHit6                 : num  1 1 1 1 1 1 1 1 1 1 ...
 $ RaceHorse.IsValidRaceHorse       : logi  TRUE TRUE TRUE TRUE TRUE TRUE ...
 $ RaceHorse.FinishTimeSdvByRace    : num  -0.825 -0.825 -0.825 -0.825 -0.825 ...
 $ RaceHorse.FirstTimeSdvByRace     : num  -1.08 -1.08 -1.08 -1.08 -1.08 ...
 $ RaceHorse.LastTimeSdvByRace      : num  -0.106 -0.106 -0.106 -0.106 -0.106 ...
 $ RaceHorse.FinishTimeSdv          : num  0.661 0.661 0.661 0.661 0.661 ...
 $ RaceHorse.FirstTimeSdv           : num  -0.123 -0.123 -0.123 -0.123 -0.123 ...
 $ RaceHorse.LastTimeSdv            : num  0.945 0.945 0.945 0.945 0.945 ...
 $ RaceHorse.IsHitA                 : num  0 0 0 0 0 0 0 0 0 0 ...
 $ RaceHorse.IsHitB                 : num  0 0 0 0 0 0 0 0 0 0 ...
 $ RaceHorse.IsHitC                 : num  0 0 0 0 0 0 0 0 0 0 ...
 $ PrevRaceHorse.RaceId             : Factor w/ 2068 levels "20150530-08-03-11-12",..: 1 2 3 4 5 6 7 8 9 10 ...
 $ PrevRaceHorse.KettoNum           : Factor w/ 3035 levels "2009103618","2011102027",..: 1 2 1 2 1 2 1 1 1 1 ...
 $ PrevRaceHorse.FinishTimeSdvByRace: num  0.093 -1.345 0.044 0.631 0.451 ...
 $ PrevRaceHorse.FirstTimeSdvByRace : num  -0.967 1.115 -1.007 1.408 -1.142 ...
 $ PrevRaceHorse.LastTimeSdvByRace  : num  1.11 -1.849 0.717 0.287 1.863 ...
 $ PrevRaceHorse.FinishTimeSdv      : num  0.424 0.24 1.144 0.976 0.747 ...
 $ PrevRaceHorse.FirstTimeSdv       : num  -0.359 0.945 0.101 0.664 -0.76 ...
 $ PrevRaceHorse.LastTimeSdv        : num  0.838 -0.426 1.319 0.781 1.48 ...
 $ PrevRaceHorse.IsRun              : num  1 1 1 1 1 1 1 1 1 1 ...
 $ PrevRaceHorse.IsHit1             : num  0 0 0 0 0 0 0 0 0 0 ...
 $ PrevRaceHorse.IsHit2             : num  0 0 0 0 0 0 0 0 0 0 ...
 $ PrevRaceHorse.IsHit3             : num  0 0 0 1 0 0 0 0 0 0 ...
 $ PrevRaceHorse.IsHit4             : num  0 0 0 0 0 0 0 0 0 0 ...
 $ PrevRaceHorse.IsHit5             : num  0 0 0 0 0 0 0 0 0 0 ...
 $ PrevRaceHorse.RowNum             : num  1 2 3 4 5 6 7 8 9 10 ...
 $ PrevOdds.RealOddsLog1            : num  4.86 3.72 3.3 3.74 4.74 ...
 $ EOF                              : int  1 1 1 1 1 1 1 1 1 1 ...
NULL
[1] "2022-03-09 08:57:39 --- transform Finish ---"
[1] "2022-03-09 08:57:39 --- na.omit Start ---"
[1] "--------------------------------------------------------------------------------"
[1] "nrow(data) na.omit before=55189"
[1] "nrow(data) na.omit after =54836"
[1] "nrow(data) na.omit diff =353"
[1] "--------------------------------------------------------------------------------"
'data.frame':	54836 obs. of  45 variables:
 $ Race.RaceId                      : Factor w/ 1011 levels "20160105-06-01-01-08",..: 1 1 1 1 1 1 1 1 1 1 ...
 $ Race.IsAnalyzeNormalPastAndFuture: logi  TRUE TRUE TRUE TRUE TRUE TRUE ...
 $ Race.IsAnalyzeNormalPast         : logi  TRUE TRUE TRUE TRUE TRUE TRUE ...
 $ Race.IsAnalyzeNormalFuture       : logi  FALSE FALSE FALSE FALSE FALSE FALSE ...
 $ Race.IsAnalyzeFullPastAndFuture  : logi  TRUE TRUE TRUE TRUE TRUE TRUE ...
 $ Race.IsAnalyzeFullPast           : logi  TRUE TRUE TRUE TRUE TRUE TRUE ...
 $ Race.IsAnalyzeFullFuture         : logi  FALSE FALSE FALSE FALSE FALSE FALSE ...
 $ Race.JyokenCd                    : Factor w/ 1 level "3": 1 1 1 1 1 1 1 1 1 1 ...
 $ Race.JyoType1Cd                  : Factor w/ 105 levels "24-06-1200-1",..: 1 1 1 1 1 1 1 1 1 1 ...
 $ Race.RaceType1Cd                 : Factor w/ 2 levels "2-3-14","2-3-13": 1 1 1 1 1 1 1 1 1 1 ...
 $ RaceHorse.RaceId                 : Factor w/ 1011 levels "20160105-06-01-01-08",..: 1 1 1 1 1 1 1 1 1 1 ...
 $ RaceHorse.KettoNum               : Factor w/ 2577 levels "2009103618","2010101761",..: 1 1 1 1 1 1 1 1 1 1 ...
 $ RaceHorse.IsHit1                 : num  0 0 0 0 0 0 0 0 0 0 ...
 $ RaceHorse.IsHit2                 : num  0 0 0 0 0 0 0 0 0 0 ...
 $ RaceHorse.IsHit3                 : num  0 0 0 0 0 0 0 0 0 0 ...
 $ RaceHorse.IsHit4                 : num  0 0 0 0 0 0 0 0 0 0 ...
 $ RaceHorse.IsHit5                 : num  0 0 0 0 0 0 0 0 0 0 ...
 $ RaceHorse.IsHit6                 : num  1 1 1 1 1 1 1 1 1 1 ...
 $ RaceHorse.IsValidRaceHorse       : logi  TRUE TRUE TRUE TRUE TRUE TRUE ...
 $ RaceHorse.FinishTimeSdvByRace    : num  -0.825 -0.825 -0.825 -0.825 -0.825 ...
 $ RaceHorse.FirstTimeSdvByRace     : num  -1.08 -1.08 -1.08 -1.08 -1.08 ...
 $ RaceHorse.LastTimeSdvByRace      : num  -0.106 -0.106 -0.106 -0.106 -0.106 ...
 $ RaceHorse.FinishTimeSdv          : num  0.661 0.661 0.661 0.661 0.661 ...
 $ RaceHorse.FirstTimeSdv           : num  -0.123 -0.123 -0.123 -0.123 -0.123 ...
 $ RaceHorse.LastTimeSdv            : num  0.945 0.945 0.945 0.945 0.945 ...
 $ RaceHorse.IsHitA                 : num  0 0 0 0 0 0 0 0 0 0 ...
 $ RaceHorse.IsHitB                 : num  0 0 0 0 0 0 0 0 0 0 ...
 $ RaceHorse.IsHitC                 : num  0 0 0 0 0 0 0 0 0 0 ...
 $ PrevRaceHorse.RaceId             : Factor w/ 2068 levels "20150530-08-03-11-12",..: 1 2 3 4 5 6 7 8 9 10 ...
 $ PrevRaceHorse.KettoNum           : Factor w/ 3035 levels "2009103618","2011102027",..: 1 2 1 2 1 2 1 1 1 1 ...
 $ PrevRaceHorse.FinishTimeSdvByRace: num  0.093 -1.345 0.044 0.631 0.451 ...
 $ PrevRaceHorse.FirstTimeSdvByRace : num  -0.967 1.115 -1.007 1.408 -1.142 ...
 $ PrevRaceHorse.LastTimeSdvByRace  : num  1.11 -1.849 0.717 0.287 1.863 ...
 $ PrevRaceHorse.FinishTimeSdv      : num  0.424 0.24 1.144 0.976 0.747 ...
 $ PrevRaceHorse.FirstTimeSdv       : num  -0.359 0.945 0.101 0.664 -0.76 ...
 $ PrevRaceHorse.LastTimeSdv        : num  0.838 -0.426 1.319 0.781 1.48 ...
 $ PrevRaceHorse.IsRun              : num  1 1 1 1 1 1 1 1 1 1 ...
 $ PrevRaceHorse.IsHit1             : num  0 0 0 0 0 0 0 0 0 0 ...
 $ PrevRaceHorse.IsHit2             : num  0 0 0 0 0 0 0 0 0 0 ...
 $ PrevRaceHorse.IsHit3             : num  0 0 0 1 0 0 0 0 0 0 ...
 $ PrevRaceHorse.IsHit4             : num  0 0 0 0 0 0 0 0 0 0 ...
 $ PrevRaceHorse.IsHit5             : num  0 0 0 0 0 0 0 0 0 0 ...
 $ PrevRaceHorse.RowNum             : num  1 2 3 4 5 6 7 8 9 10 ...
 $ PrevOdds.RealOddsLog1            : num  4.86 3.72 3.3 3.74 4.74 ...
 $ EOF                              : int  1 1 1 1 1 1 1 1 1 1 ...
 - attr(*, "na.action")= 'omit' Named int  225 226 227 228 661 662 1658 1659 1660 1843 ...
  ..- attr(*, "names")= chr  "225" "226" "227" "228" ...
[1] "2022-03-09 08:57:40 --- na.omit Finish ---"
[1] "2022-03-09 08:57:40 --- rxLogit with rxStepControl Start ---"

> print(paste0(Sys.time(), " --- source_logic_glm.R Start ---"))
[1] "2022-03-09 08:57:40 --- source_logic_glm.R Start ---"

> formula <- formula(RaceHorse.IsHitA ~ +1 + PrevRaceHorse.FinishTimeSdvByRace)

> print(paste0(Sys.time(), " --- source_logic_glm.R Finished ---"))
[1] "2022-03-09 08:57:40 --- source_logic_glm.R Finished ---"
Rows Read: 54836, Total Rows Processed: 54836, Total Chunk Time: 0.002 seconds 

Starting values (iteration 1) time: 0.042 secs.
Rows Read: 54836, Total Rows Processed: 54836, Total Chunk Time: 0.004 seconds 

Iteration 2 time: 0.007 secs.
Rows Read: 54836, Total Rows Processed: 54836, Total Chunk Time: 0.003 seconds 

Iteration 3 time: 0.005 secs.
Rows Read: 54836, Total Rows Processed: 54836, Total Chunk Time: 0.003 seconds 

Iteration 4 time: 0.006 secs.

Elapsed computation time: 0.072 secs.
Rows Read: 54836, Total Rows Processed: 54836, Total Chunk Time: 0.001 seconds 

Starting values (iteration 1) time: 0.005 secs.
Rows Read: 54836, Total Rows Processed: 54836, Total Chunk Time: 0.003 seconds 

Iteration 2 time: 0.006 secs.

Elapsed computation time: 0.022 secs.
Rows Read: 54836, Total Rows Processed: 54836, Total Chunk Time: 0.002 seconds 

Starting values (iteration 1) time: 0.008 secs.
Rows Read: 54836, Total Rows Processed: 54836, Total Chunk Time: 0.003 seconds 

Iteration 2 time: 0.008 secs.
Rows Read: 54836, Total Rows Processed: 54836, Total Chunk Time: 0.003 seconds 

Iteration 3 time: 0.005 secs.
Rows Read: 54836, Total Rows Processed: 54836, Total Chunk Time: 0.004 seconds 

Iteration 4 time: 0.006 secs.

Elapsed computation time: 0.044 secs.

Elapsed computation time: 0.156 secs.
[1] "--------------------------------------------------------------------------------"
[1] "analyze.results.glm.step="
Logistic Regression Results for: RaceHorse.IsHitA ~
    PrevRaceHorse.FinishTimeSdvByRace
Data: data
Dependent variable(s): RaceHorse.IsHitA
Total independent variables: 2 
Number of valid observations: 54836
Number of missing observations: 0 
 
Coefficients:
                                  RaceHorse.IsHitA
(Intercept)                                   -2.8
PrevRaceHorse.FinishTimeSdvByRace              0.3
[1] "analyze.results.glm.step.summary"
Call:
rxLogit(formula = formula, data = data, variableSelection = analyze.results.glm.step.varsel)

Logistic Regression Results for: RaceHorse.IsHitA ~
    PrevRaceHorse.FinishTimeSdvByRace
Data: data
Dependent variable(s): RaceHorse.IsHitA
Total independent variables: 2 
Number of valid observations: 54836
Number of missing observations: 0 
-2*LogLikelihood: 25337.289 (Residual deviance on 54834 degrees of freedom)
 
Coefficients:
                                  Estimate Std. Error z value Pr(>|z|)    
(Intercept)                        -2.8152     0.0201  -140.2  2.2e-16 ***
PrevRaceHorse.FinishTimeSdvByRace   0.3226     0.0241    13.4  2.2e-16 ***
---
Signif. codes:  0 '***' 0.001 '**' 0.01 '*' 0.05 '.' 0.1 ' ' 1

Condition number of final variance-covariance matrix: 1 
Number of iterations: 4
[1] "--------------------------------------------------------------------------------"
[1] "2022-03-09 08:57:40 --- rxLogit with rxStepControl Finish ---"
[1] "2022-03-09 08:57:40 --- rxStepPlot Start ---"
[1] "pdfFilename=pdf_analyze_glm_Gen02_Type23_rxStepPlot.pdf"
[1] "rxStepPlot="
[1] "2022-03-09 08:57:40 --- rxStepPlot Finish ---"
[1] "2022-03-09 08:57:40 --- save.image Start ---"
[1] "save.image"
[1] "rdataFilename=RData_analyze_glm_Gen02_Type23.RData"
[1] "2022-03-09 08:57:40 --- save.image Finish ---"
[1] "2022-03-09 08:57:40 --- final Start ---"
[1] "--------------------------------------------------------------------------------"
[1] "nrow(data) final=54836"
[1] "--------------------------------------------------------------------------------"
[1] "2022-03-09 08:57:40 --- final Finish ---"
[1] "2022-03-09 08:57:40 --- analyze_glm.R Finished ---"
[1] "2022-03-09 08:57:40 --- log Finish ---"
