[1] "2022-03-09 09:01:15 --- D1116_analyze_glm_Jockey_IsHitA_Type26 Start ---"
[1] "2022-03-09 09:01:15 --- Log Start ---"
[1] "2022-03-09 09:01:15 --- analyze_glm.R Start ---"
[1] "analyzeVersion=D1116"
[1] "analyzeCategory=analyze"
[1] "analyzeType=Jockey"
[1] "analyzeFamily=IsHitA"
[1] "analyzeFunc=glm"
[1] "analyzeTrackTypeCd=2"
[1] "analyzeJyokenCd=6"
[1] "2022-03-09 09:01:15 --- source_function.R Start ---"
[1] "2022-03-09 09:01:15 --- source_function.R Finished ---"

> print(paste0(Sys.time(), " --- source_library.R Start ---"))
[1] "2022-03-09 09:01:15 --- source_library.R Start ---"

> require("RevoScaleR")

> print(paste0(Sys.time(), " --- source_library.R Finished ---"))
[1] "2022-03-09 09:01:15 --- source_library.R Finished ---"
[1] "2022-03-09 09:01:15 --- RxSqlServerData Start ---"
[1] "2022-03-09 09:01:15 --- RxInSqlServer Start ---"
[1] "2022-03-09 09:01:15 --- RxInSqlServer Finish ---"
[1] "2022-03-09 09:01:15 --- rxSetComputeContext Start ---"
[1] "2022-03-09 09:01:15 --- rxSetComputeContext Finish ---"
[1] "2022-03-09 09:01:15 --- RxSqlServerData Start ---"
[1] "sqlQuery=SELECT * FROM ViewAnalyzeD1116analyze01JockeyType26"
[1] "2022-03-09 09:01:15 --- RxSqlServerData Finish ---"
[1] "2022-03-09 09:01:15 --- rxGetVarInfo Start ---"
[1] "2022-03-09 09:01:16 --- rxGetVarInfo Finish---"
[1] "2022-03-09 09:01:16 --- rxImport Start ---"
Rows Read: 281657, Total Rows Processed: 281657, Total Chunk Time: 8.370 seconds 
[1] "2022-03-09 09:01:30 --- rxImport Finish ---"
[1] "object.size(data) auto=80.8 Mb"
[1] "--------------------------------------------------------------------------------"
[1] "nrow(data) RxSqlServerData=281657"
[1] "--------------------------------------------------------------------------------"
[1] "str(data)="
'data.frame':	281657 obs. of  45 variables:
 $ Race.RaceId                      : Factor w/ 467 levels "20160109-06-01-02-03",..: 1 1 1 1 1 1 1 1 1 1 ...
 $ Race.IsAnalyzeNormalPastAndFuture: logi  TRUE TRUE TRUE TRUE TRUE TRUE ...
 $ Race.IsAnalyzeNormalPast         : logi  TRUE TRUE TRUE TRUE TRUE TRUE ...
 $ Race.IsAnalyzeNormalFuture       : logi  FALSE FALSE FALSE FALSE FALSE FALSE ...
 $ Race.IsAnalyzeFullPastAndFuture  : logi  TRUE TRUE TRUE TRUE TRUE TRUE ...
 $ Race.IsAnalyzeFullPast           : logi  TRUE TRUE TRUE TRUE TRUE TRUE ...
 $ Race.IsAnalyzeFullFuture         : logi  FALSE FALSE FALSE FALSE FALSE FALSE ...
 $ Race.JyokenCd                    : Factor w/ 1 level "6": 1 1 1 1 1 1 1 1 1 1 ...
 $ Race.JyoType1Cd                  : Factor w/ 68 levels "24-06-1200-1",..: 1 1 1 1 1 1 1 1 1 1 ...
 $ Race.RaceType1Cd                 : Factor w/ 2 levels "2-6-12","2-6-11": 1 1 1 1 1 1 1 1 1 1 ...
 $ RaceHorse.RaceId                 : Factor w/ 467 levels "20160109-06-01-02-03",..: 1 1 1 1 1 1 1 1 1 1 ...
 $ RaceHorse.KettoNum               : Factor w/ 6702 levels "2013100539","2013100598",..: 1 1 1 1 1 1 1 1 1 1 ...
 $ RaceHorse.IsHit1                 : num  0 0 0 0 0 0 0 0 0 0 ...
 $ RaceHorse.IsHit2                 : num  0 0 0 0 0 0 0 0 0 0 ...
 $ RaceHorse.IsHit3                 : num  0 0 0 0 0 0 0 0 0 0 ...
 $ RaceHorse.IsHit4                 : num  0 0 0 0 0 0 0 0 0 0 ...
 $ RaceHorse.IsHit5                 : num  0 0 0 0 0 0 0 0 0 0 ...
 $ RaceHorse.IsHit6                 : num  1 1 1 1 1 1 1 1 1 1 ...
 $ RaceHorse.IsValidRaceHorse       : logi  TRUE TRUE TRUE TRUE TRUE TRUE ...
 $ RaceHorse.FinishTimeSdvByRace    : num  0.251 0.251 0.251 0.251 0.251 ...
 $ RaceHorse.FirstTimeSdvByRace     : num  0.939 0.939 0.939 0.939 0.939 ...
 $ RaceHorse.LastTimeSdvByRace      : num  -1.03 -1.03 -1.03 -1.03 -1.03 ...
 $ RaceHorse.FinishTimeSdv          : num  -0.909 -0.909 -0.909 -0.909 -0.909 ...
 $ RaceHorse.FirstTimeSdv           : num  -0.612 -0.612 -0.612 -0.612 -0.612 ...
 $ RaceHorse.LastTimeSdv            : num  -0.701 -0.701 -0.701 -0.701 -0.701 ...
 $ RaceHorse.IsHitA                 : num  0 0 0 0 0 0 0 0 0 0 ...
 $ RaceHorse.IsHitB                 : num  0 0 0 0 0 0 0 0 0 0 ...
 $ RaceHorse.IsHitC                 : num  0 0 0 0 0 0 0 0 0 0 ...
 $ PrevRaceHorse.RaceId             : Factor w/ 943 levels "20150308-06-02-04-03",..: 1 2 3 4 5 6 7 8 9 10 ...
 $ PrevRaceHorse.KettoNum           : Factor w/ 9027 levels "2012102610","2012110123",..: 1 2 3 4 5 6 7 8 9 10 ...
 $ PrevRaceHorse.FinishTimeSdvByRace: num  0.1392 0.1792 0.8629 -0.376 0.0741 ...
 $ PrevRaceHorse.FirstTimeSdvByRace : num  -0.226 0.583 1.179 -0.463 0.17 ...
 $ PrevRaceHorse.LastTimeSdvByRace  : num  0.1938 -0.1899 -0.0412 -0.2044 0.0496 ...
 $ PrevRaceHorse.FinishTimeSdv      : num  -0.922 -1.04 -1.269 -1.107 -1.129 ...
 $ PrevRaceHorse.FirstTimeSdv       : num  -1.059 -0.545 -0.833 -1.681 -0.623 ...
 $ PrevRaceHorse.LastTimeSdv        : num  -0.447 -0.859 -0.991 -0.222 -1.064 ...
 $ PrevRaceHorse.IsRun              : num  1 1 1 1 1 1 1 1 1 1 ...
 $ PrevRaceHorse.IsHit1             : num  0 0 0 0 0 0 0 0 0 0 ...
 $ PrevRaceHorse.IsHit2             : num  0 0 0 0 0 0 0 0 0 0 ...
 $ PrevRaceHorse.IsHit3             : num  0 0 0 0 0 0 0 0 0 0 ...
 $ PrevRaceHorse.IsHit4             : num  0 0 1 0 0 0 0 1 0 0 ...
 $ PrevRaceHorse.IsHit5             : num  0 0 0 0 0 0 0 0 0 0 ...
 $ PrevRaceHorse.RowNum             : num  1 2 3 4 5 6 7 8 9 10 ...
 $ PrevOdds.RealOddsLog1            : num  3.33 3.36 1.06 2.97 2.26 ...
 $ EOF                              : int  1 1 1 1 1 1 1 1 1 1 ...
[1] "2022-03-09 09:01:30 --- RxSqlServerData Finish ---"
[1] "2022-03-09 09:01:30 --- subset Start ---"
[1] "--------------------------------------------------------------------------------"
[1] "nrow(data) subset before=281657"
[1] "nrow(data) subset after =281657"
[1] "nrow(data) subset diff =0"
[1] "--------------------------------------------------------------------------------"
[1] "2022-03-09 09:01:30 --- subset Finish---"
[1] "2022-03-09 09:01:30 --- transform Start ---"
[1] "--------------------------------------------------------------------------------"
[1] "nrow(data) transform before=281657"
[1] "nrow(data) transform after=281657"
[1] "nrow(data) transform diff=0"
[1] "--------------------------------------------------------------------------------"
[1] "str(data)="
'data.frame':	281657 obs. of  45 variables:
 $ Race.RaceId                      : Factor w/ 467 levels "20160109-06-01-02-03",..: 1 1 1 1 1 1 1 1 1 1 ...
 $ Race.IsAnalyzeNormalPastAndFuture: logi  TRUE TRUE TRUE TRUE TRUE TRUE ...
 $ Race.IsAnalyzeNormalPast         : logi  TRUE TRUE TRUE TRUE TRUE TRUE ...
 $ Race.IsAnalyzeNormalFuture       : logi  FALSE FALSE FALSE FALSE FALSE FALSE ...
 $ Race.IsAnalyzeFullPastAndFuture  : logi  TRUE TRUE TRUE TRUE TRUE TRUE ...
 $ Race.IsAnalyzeFullPast           : logi  TRUE TRUE TRUE TRUE TRUE TRUE ...
 $ Race.IsAnalyzeFullFuture         : logi  FALSE FALSE FALSE FALSE FALSE FALSE ...
 $ Race.JyokenCd                    : Factor w/ 1 level "6": 1 1 1 1 1 1 1 1 1 1 ...
 $ Race.JyoType1Cd                  : Factor w/ 68 levels "24-06-1200-1",..: 1 1 1 1 1 1 1 1 1 1 ...
 $ Race.RaceType1Cd                 : Factor w/ 2 levels "2-6-12","2-6-11": 1 1 1 1 1 1 1 1 1 1 ...
 $ RaceHorse.RaceId                 : Factor w/ 467 levels "20160109-06-01-02-03",..: 1 1 1 1 1 1 1 1 1 1 ...
 $ RaceHorse.KettoNum               : Factor w/ 6702 levels "2013100539","2013100598",..: 1 1 1 1 1 1 1 1 1 1 ...
 $ RaceHorse.IsHit1                 : num  0 0 0 0 0 0 0 0 0 0 ...
 $ RaceHorse.IsHit2                 : num  0 0 0 0 0 0 0 0 0 0 ...
 $ RaceHorse.IsHit3                 : num  0 0 0 0 0 0 0 0 0 0 ...
 $ RaceHorse.IsHit4                 : num  0 0 0 0 0 0 0 0 0 0 ...
 $ RaceHorse.IsHit5                 : num  0 0 0 0 0 0 0 0 0 0 ...
 $ RaceHorse.IsHit6                 : num  1 1 1 1 1 1 1 1 1 1 ...
 $ RaceHorse.IsValidRaceHorse       : logi  TRUE TRUE TRUE TRUE TRUE TRUE ...
 $ RaceHorse.FinishTimeSdvByRace    : num  0.251 0.251 0.251 0.251 0.251 ...
 $ RaceHorse.FirstTimeSdvByRace     : num  0.939 0.939 0.939 0.939 0.939 ...
 $ RaceHorse.LastTimeSdvByRace      : num  -1.03 -1.03 -1.03 -1.03 -1.03 ...
 $ RaceHorse.FinishTimeSdv          : num  -0.909 -0.909 -0.909 -0.909 -0.909 ...
 $ RaceHorse.FirstTimeSdv           : num  -0.612 -0.612 -0.612 -0.612 -0.612 ...
 $ RaceHorse.LastTimeSdv            : num  -0.701 -0.701 -0.701 -0.701 -0.701 ...
 $ RaceHorse.IsHitA                 : num  0 0 0 0 0 0 0 0 0 0 ...
 $ RaceHorse.IsHitB                 : num  0 0 0 0 0 0 0 0 0 0 ...
 $ RaceHorse.IsHitC                 : num  0 0 0 0 0 0 0 0 0 0 ...
 $ PrevRaceHorse.RaceId             : Factor w/ 943 levels "20150308-06-02-04-03",..: 1 2 3 4 5 6 7 8 9 10 ...
 $ PrevRaceHorse.KettoNum           : Factor w/ 9027 levels "2012102610","2012110123",..: 1 2 3 4 5 6 7 8 9 10 ...
 $ PrevRaceHorse.FinishTimeSdvByRace: num  0.1392 0.1792 0.8629 -0.376 0.0741 ...
 $ PrevRaceHorse.FirstTimeSdvByRace : num  -0.226 0.583 1.179 -0.463 0.17 ...
 $ PrevRaceHorse.LastTimeSdvByRace  : num  0.1938 -0.1899 -0.0412 -0.2044 0.0496 ...
 $ PrevRaceHorse.FinishTimeSdv      : num  -0.922 -1.04 -1.269 -1.107 -1.129 ...
 $ PrevRaceHorse.FirstTimeSdv       : num  -1.059 -0.545 -0.833 -1.681 -0.623 ...
 $ PrevRaceHorse.LastTimeSdv        : num  -0.447 -0.859 -0.991 -0.222 -1.064 ...
 $ PrevRaceHorse.IsRun              : num  1 1 1 1 1 1 1 1 1 1 ...
 $ PrevRaceHorse.IsHit1             : num  0 0 0 0 0 0 0 0 0 0 ...
 $ PrevRaceHorse.IsHit2             : num  0 0 0 0 0 0 0 0 0 0 ...
 $ PrevRaceHorse.IsHit3             : num  0 0 0 0 0 0 0 0 0 0 ...
 $ PrevRaceHorse.IsHit4             : num  0 0 1 0 0 0 0 1 0 0 ...
 $ PrevRaceHorse.IsHit5             : num  0 0 0 0 0 0 0 0 0 0 ...
 $ PrevRaceHorse.RowNum             : num  1 2 3 4 5 6 7 8 9 10 ...
 $ PrevOdds.RealOddsLog1            : num  3.33 3.36 1.06 2.97 2.26 ...
 $ EOF                              : int  1 1 1 1 1 1 1 1 1 1 ...
NULL
[1] "2022-03-09 09:01:30 --- transform Finish ---"
[1] "2022-03-09 09:01:30 --- na.omit Start ---"
[1] "--------------------------------------------------------------------------------"
[1] "nrow(data) na.omit before=281657"
[1] "nrow(data) na.omit after =279003"
[1] "nrow(data) na.omit diff =2654"
[1] "--------------------------------------------------------------------------------"
'data.frame':	279003 obs. of  45 variables:
 $ Race.RaceId                      : Factor w/ 467 levels "20160109-06-01-02-03",..: 1 1 1 1 1 1 1 1 1 1 ...
 $ Race.IsAnalyzeNormalPastAndFuture: logi  TRUE TRUE TRUE TRUE TRUE TRUE ...
 $ Race.IsAnalyzeNormalPast         : logi  TRUE TRUE TRUE TRUE TRUE TRUE ...
 $ Race.IsAnalyzeNormalFuture       : logi  FALSE FALSE FALSE FALSE FALSE FALSE ...
 $ Race.IsAnalyzeFullPastAndFuture  : logi  TRUE TRUE TRUE TRUE TRUE TRUE ...
 $ Race.IsAnalyzeFullPast           : logi  TRUE TRUE TRUE TRUE TRUE TRUE ...
 $ Race.IsAnalyzeFullFuture         : logi  FALSE FALSE FALSE FALSE FALSE FALSE ...
 $ Race.JyokenCd                    : Factor w/ 1 level "6": 1 1 1 1 1 1 1 1 1 1 ...
 $ Race.JyoType1Cd                  : Factor w/ 68 levels "24-06-1200-1",..: 1 1 1 1 1 1 1 1 1 1 ...
 $ Race.RaceType1Cd                 : Factor w/ 2 levels "2-6-12","2-6-11": 1 1 1 1 1 1 1 1 1 1 ...
 $ RaceHorse.RaceId                 : Factor w/ 467 levels "20160109-06-01-02-03",..: 1 1 1 1 1 1 1 1 1 1 ...
 $ RaceHorse.KettoNum               : Factor w/ 6702 levels "2013100539","2013100598",..: 1 1 1 1 1 1 1 1 1 1 ...
 $ RaceHorse.IsHit1                 : num  0 0 0 0 0 0 0 0 0 0 ...
 $ RaceHorse.IsHit2                 : num  0 0 0 0 0 0 0 0 0 0 ...
 $ RaceHorse.IsHit3                 : num  0 0 0 0 0 0 0 0 0 0 ...
 $ RaceHorse.IsHit4                 : num  0 0 0 0 0 0 0 0 0 0 ...
 $ RaceHorse.IsHit5                 : num  0 0 0 0 0 0 0 0 0 0 ...
 $ RaceHorse.IsHit6                 : num  1 1 1 1 1 1 1 1 1 1 ...
 $ RaceHorse.IsValidRaceHorse       : logi  TRUE TRUE TRUE TRUE TRUE TRUE ...
 $ RaceHorse.FinishTimeSdvByRace    : num  0.251 0.251 0.251 0.251 0.251 ...
 $ RaceHorse.FirstTimeSdvByRace     : num  0.939 0.939 0.939 0.939 0.939 ...
 $ RaceHorse.LastTimeSdvByRace      : num  -1.03 -1.03 -1.03 -1.03 -1.03 ...
 $ RaceHorse.FinishTimeSdv          : num  -0.909 -0.909 -0.909 -0.909 -0.909 ...
 $ RaceHorse.FirstTimeSdv           : num  -0.612 -0.612 -0.612 -0.612 -0.612 ...
 $ RaceHorse.LastTimeSdv            : num  -0.701 -0.701 -0.701 -0.701 -0.701 ...
 $ RaceHorse.IsHitA                 : num  0 0 0 0 0 0 0 0 0 0 ...
 $ RaceHorse.IsHitB                 : num  0 0 0 0 0 0 0 0 0 0 ...
 $ RaceHorse.IsHitC                 : num  0 0 0 0 0 0 0 0 0 0 ...
 $ PrevRaceHorse.RaceId             : Factor w/ 943 levels "20150308-06-02-04-03",..: 1 2 3 4 5 6 7 8 9 10 ...
 $ PrevRaceHorse.KettoNum           : Factor w/ 9027 levels "2012102610","2012110123",..: 1 2 3 4 5 6 7 8 9 10 ...
 $ PrevRaceHorse.FinishTimeSdvByRace: num  0.1392 0.1792 0.8629 -0.376 0.0741 ...
 $ PrevRaceHorse.FirstTimeSdvByRace : num  -0.226 0.583 1.179 -0.463 0.17 ...
 $ PrevRaceHorse.LastTimeSdvByRace  : num  0.1938 -0.1899 -0.0412 -0.2044 0.0496 ...
 $ PrevRaceHorse.FinishTimeSdv      : num  -0.922 -1.04 -1.269 -1.107 -1.129 ...
 $ PrevRaceHorse.FirstTimeSdv       : num  -1.059 -0.545 -0.833 -1.681 -0.623 ...
 $ PrevRaceHorse.LastTimeSdv        : num  -0.447 -0.859 -0.991 -0.222 -1.064 ...
 $ PrevRaceHorse.IsRun              : num  1 1 1 1 1 1 1 1 1 1 ...
 $ PrevRaceHorse.IsHit1             : num  0 0 0 0 0 0 0 0 0 0 ...
 $ PrevRaceHorse.IsHit2             : num  0 0 0 0 0 0 0 0 0 0 ...
 $ PrevRaceHorse.IsHit3             : num  0 0 0 0 0 0 0 0 0 0 ...
 $ PrevRaceHorse.IsHit4             : num  0 0 1 0 0 0 0 1 0 0 ...
 $ PrevRaceHorse.IsHit5             : num  0 0 0 0 0 0 0 0 0 0 ...
 $ PrevRaceHorse.RowNum             : num  1 2 3 4 5 6 7 8 9 10 ...
 $ PrevOdds.RealOddsLog1            : num  3.33 3.36 1.06 2.97 2.26 ...
 $ EOF                              : int  1 1 1 1 1 1 1 1 1 1 ...
 - attr(*, "na.action")= 'omit' Named int  1320 1321 1322 1323 1324 3184 3185 3186 3187 3188 ...
  ..- attr(*, "names")= chr  "1320" "1321" "1322" "1323" ...
[1] "2022-03-09 09:01:31 --- na.omit Finish ---"
[1] "2022-03-09 09:01:31 --- rxLogit with rxStepControl Start ---"

> print(paste0(Sys.time(), " --- source_logic_glm.R Start ---"))
[1] "2022-03-09 09:01:31 --- source_logic_glm.R Start ---"

> formula <- formula(RaceHorse.IsHitA ~ +1 + PrevRaceHorse.FinishTimeSdvByRace)

> print(paste0(Sys.time(), " --- source_logic_glm.R Finished ---"))
[1] "2022-03-09 09:01:31 --- source_logic_glm.R Finished ---"
Rows Read: 279003, Total Rows Processed: 279003, Total Chunk Time: 0.005 seconds 

Starting values (iteration 1) time: 0.017 secs.
Rows Read: 279003, Total Rows Processed: 279003, Total Chunk Time: 0.010 seconds 

Iteration 2 time: 0.017 secs.
Rows Read: 279003, Total Rows Processed: 279003, Total Chunk Time: 0.011 seconds 

Iteration 3 time: 0.014 secs.
Rows Read: 279003, Total Rows Processed: 279003, Total Chunk Time: 0.010 seconds 

Iteration 4 time: 0.013 secs.

Elapsed computation time: 0.069 secs.
Rows Read: 279003, Total Rows Processed: 279003, Total Chunk Time: 0.004 seconds 

Starting values (iteration 1) time: 0.012 secs.
Rows Read: 279003, Total Rows Processed: 279003, Total Chunk Time: 0.009 seconds 

Iteration 2 time: 0.013 secs.

Elapsed computation time: 0.031 secs.
Rows Read: 279003, Total Rows Processed: 279003, Total Chunk Time: 0.005 seconds 

Starting values (iteration 1) time: 0.012 secs.
Rows Read: 279003, Total Rows Processed: 279003, Total Chunk Time: 0.010 seconds 

Iteration 2 time: 0.015 secs.
Rows Read: 279003, Total Rows Processed: 279003, Total Chunk Time: 0.013 seconds 

Iteration 3 time: 0.016 secs.
Rows Read: 279003, Total Rows Processed: 279003, Total Chunk Time: 0.010 seconds 

Iteration 4 time: 0.013 secs.

Elapsed computation time: 0.065 secs.

Elapsed computation time: 0.184 secs.
[1] "--------------------------------------------------------------------------------"
[1] "analyze.results.glm.step="
Logistic Regression Results for: RaceHorse.IsHitA ~
    PrevRaceHorse.FinishTimeSdvByRace
Data: data
Dependent variable(s): RaceHorse.IsHitA
Total independent variables: 2 
Number of valid observations: 279003
Number of missing observations: 0 
 
Coefficients:
                                  RaceHorse.IsHitA
(Intercept)                                   -2.5
PrevRaceHorse.FinishTimeSdvByRace              0.2
[1] "analyze.results.glm.step.summary"
Call:
rxLogit(formula = formula, data = data, variableSelection = analyze.results.glm.step.varsel)

Logistic Regression Results for: RaceHorse.IsHitA ~
    PrevRaceHorse.FinishTimeSdvByRace
Data: data
Dependent variable(s): RaceHorse.IsHitA
Total independent variables: 2 
Number of valid observations: 279003
Number of missing observations: 0 
-2*LogLikelihood: 159893.629 (Residual deviance on 279001 degrees of freedom)
 
Coefficients:
                                  Estimate Std. Error z value Pr(>|z|)    
(Intercept)                       -2.47630    0.00825    -300  2.2e-16 ***
PrevRaceHorse.FinishTimeSdvByRace  0.17960    0.00944      19  2.2e-16 ***
---
Signif. codes:  0 '***' 0.001 '**' 0.01 '*' 0.05 '.' 0.1 ' ' 1

Condition number of final variance-covariance matrix: 1 
Number of iterations: 4
[1] "--------------------------------------------------------------------------------"
[1] "2022-03-09 09:01:31 --- rxLogit with rxStepControl Finish ---"
[1] "2022-03-09 09:01:31 --- rxStepPlot Start ---"
[1] "pdfFilename=pdf_analyze_glm_Jockey_Type26_rxStepPlot.pdf"
[1] "rxStepPlot="
[1] "2022-03-09 09:01:31 --- rxStepPlot Finish ---"
[1] "2022-03-09 09:01:31 --- save.image Start ---"
[1] "save.image"
[1] "rdataFilename=RData_analyze_glm_Jockey_Type26.RData"
[1] "2022-03-09 09:01:32 --- save.image Finish ---"
[1] "2022-03-09 09:01:32 --- final Start ---"
[1] "--------------------------------------------------------------------------------"
[1] "nrow(data) final=279003"
[1] "--------------------------------------------------------------------------------"
[1] "2022-03-09 09:01:32 --- final Finish ---"
[1] "2022-03-09 09:01:32 --- analyze_glm.R Finished ---"
[1] "2022-03-09 09:01:32 --- log Finish ---"
