[1] "2022-03-09 09:00:36 --- D1116_analyze_glm_Horse_IsHitA_Type11 Start ---"
[1] "2022-03-09 09:00:36 --- Log Start ---"
[1] "2022-03-09 09:00:36 --- analyze_glm.R Start ---"
[1] "analyzeVersion=D1116"
[1] "analyzeCategory=analyze"
[1] "analyzeType=Horse"
[1] "analyzeFamily=IsHitA"
[1] "analyzeFunc=glm"
[1] "analyzeTrackTypeCd=1"
[1] "analyzeJyokenCd=1"
[1] "2022-03-09 09:00:36 --- source_function.R Start ---"
[1] "2022-03-09 09:00:36 --- source_function.R Finished ---"

> print(paste0(Sys.time(), " --- source_library.R Start ---"))
[1] "2022-03-09 09:00:36 --- source_library.R Start ---"

> require("RevoScaleR")

> print(paste0(Sys.time(), " --- source_library.R Finished ---"))
[1] "2022-03-09 09:00:37 --- source_library.R Finished ---"
[1] "2022-03-09 09:00:37 --- RxSqlServerData Start ---"
[1] "2022-03-09 09:00:37 --- RxInSqlServer Start ---"
[1] "2022-03-09 09:00:37 --- RxInSqlServer Finish ---"
[1] "2022-03-09 09:00:37 --- rxSetComputeContext Start ---"
[1] "2022-03-09 09:00:37 --- rxSetComputeContext Finish ---"
[1] "2022-03-09 09:00:37 --- RxSqlServerData Start ---"
[1] "sqlQuery=SELECT * FROM ViewAnalyzeD1116analyze01HorseType11"
[1] "2022-03-09 09:00:37 --- RxSqlServerData Finish ---"
[1] "2022-03-09 09:00:37 --- rxGetVarInfo Start ---"
[1] "2022-03-09 09:00:37 --- rxGetVarInfo Finish---"
[1] "2022-03-09 09:00:37 --- rxImport Start ---"
Rows Read: 31982, Total Rows Processed: 31982, Total Chunk Time: 2.443 seconds 
[1] "2022-03-09 09:00:42 --- rxImport Finish ---"
[1] "object.size(data) auto=9.5 Mb"
[1] "--------------------------------------------------------------------------------"
[1] "nrow(data) RxSqlServerData=31982"
[1] "--------------------------------------------------------------------------------"
[1] "str(data)="
'data.frame':	31982 obs. of  45 variables:
 $ Race.RaceId                      : Factor w/ 866 levels "20160105-06-01-01-11",..: 1 1 1 1 1 1 1 1 1 1 ...
 $ Race.IsAnalyzeNormalPastAndFuture: logi  TRUE TRUE TRUE TRUE TRUE TRUE ...
 $ Race.IsAnalyzeNormalPast         : logi  TRUE TRUE TRUE TRUE TRUE TRUE ...
 $ Race.IsAnalyzeNormalFuture       : logi  FALSE FALSE FALSE FALSE FALSE FALSE ...
 $ Race.IsAnalyzeFullPastAndFuture  : logi  TRUE TRUE TRUE TRUE TRUE TRUE ...
 $ Race.IsAnalyzeFullPast           : logi  TRUE TRUE TRUE TRUE TRUE TRUE ...
 $ Race.IsAnalyzeFullFuture         : logi  FALSE FALSE FALSE FALSE FALSE FALSE ...
 $ Race.JyokenCd                    : Factor w/ 1 level "1": 1 1 1 1 1 1 1 1 1 1 ...
 $ Race.JyoType1Cd                  : Factor w/ 138 levels "17-06-2000-1",..: 1 1 1 1 1 1 1 1 1 1 ...
 $ Race.RaceType1Cd                 : Factor w/ 4 levels "1-1-14","1-1-12",..: 1 1 1 1 1 1 1 1 1 1 ...
 $ RaceHorse.RaceId                 : Factor w/ 866 levels "20160105-06-01-01-11",..: 1 1 1 1 1 1 1 1 1 1 ...
 $ RaceHorse.KettoNum               : Factor w/ 1654 levels "2007101798","2008103120",..: 1 1 1 1 1 1 1 1 1 2 ...
 $ RaceHorse.IsHit1                 : num  0 0 0 0 0 0 0 0 0 0 ...
 $ RaceHorse.IsHit2                 : num  0 0 0 0 0 0 0 0 0 0 ...
 $ RaceHorse.IsHit3                 : num  0 0 0 0 0 0 0 0 0 0 ...
 $ RaceHorse.IsHit4                 : num  0 0 0 0 0 0 0 0 0 0 ...
 $ RaceHorse.IsHit5                 : num  0 0 0 0 0 0 0 0 0 0 ...
 $ RaceHorse.IsHit6                 : num  1 1 1 1 1 1 1 1 1 1 ...
 $ RaceHorse.IsValidRaceHorse       : logi  TRUE TRUE TRUE TRUE TRUE TRUE ...
 $ RaceHorse.FinishTimeSdvByRace    : num  -1.71 -1.71 -1.71 -1.71 -1.71 ...
 $ RaceHorse.FirstTimeSdvByRace     : num  -1.15 -1.15 -1.15 -1.15 -1.15 ...
 $ RaceHorse.LastTimeSdvByRace      : num  0.227 0.227 0.227 0.227 0.227 ...
 $ RaceHorse.FinishTimeSdv          : num  0.357 0.357 0.357 0.357 0.357 ...
 $ RaceHorse.FirstTimeSdv           : num  -1.02 -1.02 -1.02 -1.02 -1.02 ...
 $ RaceHorse.LastTimeSdv            : num  2.13 2.13 2.13 2.13 2.13 ...
 $ RaceHorse.IsHitA                 : num  0 0 0 0 0 0 0 0 0 0 ...
 $ RaceHorse.IsHitB                 : num  0 0 0 0 0 0 0 0 0 0 ...
 $ RaceHorse.IsHitC                 : num  0 0 0 0 0 0 0 0 0 0 ...
 $ PrevRaceHorse.RaceId             : Factor w/ 1261 levels "20150510-04-01-04-11",..: 1 2 3 4 5 6 7 8 9 10 ...
 $ PrevRaceHorse.KettoNum           : Factor w/ 1654 levels "2007101798","2008103120",..: 1 1 1 1 1 1 1 1 1 2 ...
 $ PrevRaceHorse.FinishTimeSdvByRace: num  -0.914 -0.206 -1.103 -0.132 -0.132 ...
 $ PrevRaceHorse.FirstTimeSdvByRace : num  -0.703 -0.825 -1.021 -0.268 -0.536 ...
 $ PrevRaceHorse.LastTimeSdvByRace  : num  0.1545 0.0908 -0.4792 -0.0852 0.1447 ...
 $ PrevRaceHorse.FinishTimeSdv      : num  0.132 0.206 0.386 -0.114 1.231 ...
 $ PrevRaceHorse.FirstTimeSdv       : num  -0.812 0.446 0.193 1.358 0.766 ...
 $ PrevRaceHorse.LastTimeSdv        : num  1.186 -0.258 0.328 -1.254 0.493 ...
 $ PrevRaceHorse.IsRun              : num  1 1 1 1 1 1 1 1 1 1 ...
 $ PrevRaceHorse.IsHit1             : num  0 0 0 0 0 0 0 0 0 0 ...
 $ PrevRaceHorse.IsHit2             : num  0 0 0 0 0 0 0 0 0 0 ...
 $ PrevRaceHorse.IsHit3             : num  0 0 0 0 0 0 1 0 0 0 ...
 $ PrevRaceHorse.IsHit4             : num  0 0 0 0 0 0 0 0 0 0 ...
 $ PrevRaceHorse.IsHit5             : num  0 0 0 0 0 0 0 0 0 0 ...
 $ PrevRaceHorse.RowNum             : num  1 2 3 4 5 6 7 8 9 1 ...
 $ PrevOdds.RealOddsLog1            : num  6.05 6.32 5.33 5.66 4.64 ...
 $ EOF                              : int  1 1 1 1 1 1 1 1 1 1 ...
[1] "2022-03-09 09:00:42 --- RxSqlServerData Finish ---"
[1] "2022-03-09 09:00:42 --- subset Start ---"
[1] "--------------------------------------------------------------------------------"
[1] "nrow(data) subset before=31982"
[1] "nrow(data) subset after =31982"
[1] "nrow(data) subset diff =0"
[1] "--------------------------------------------------------------------------------"
[1] "2022-03-09 09:00:42 --- subset Finish---"
[1] "2022-03-09 09:00:42 --- transform Start ---"
[1] "--------------------------------------------------------------------------------"
[1] "nrow(data) transform before=31982"
[1] "nrow(data) transform after=31982"
[1] "nrow(data) transform diff=0"
[1] "--------------------------------------------------------------------------------"
[1] "str(data)="
'data.frame':	31982 obs. of  45 variables:
 $ Race.RaceId                      : Factor w/ 866 levels "20160105-06-01-01-11",..: 1 1 1 1 1 1 1 1 1 1 ...
 $ Race.IsAnalyzeNormalPastAndFuture: logi  TRUE TRUE TRUE TRUE TRUE TRUE ...
 $ Race.IsAnalyzeNormalPast         : logi  TRUE TRUE TRUE TRUE TRUE TRUE ...
 $ Race.IsAnalyzeNormalFuture       : logi  FALSE FALSE FALSE FALSE FALSE FALSE ...
 $ Race.IsAnalyzeFullPastAndFuture  : logi  TRUE TRUE TRUE TRUE TRUE TRUE ...
 $ Race.IsAnalyzeFullPast           : logi  TRUE TRUE TRUE TRUE TRUE TRUE ...
 $ Race.IsAnalyzeFullFuture         : logi  FALSE FALSE FALSE FALSE FALSE FALSE ...
 $ Race.JyokenCd                    : Factor w/ 1 level "1": 1 1 1 1 1 1 1 1 1 1 ...
 $ Race.JyoType1Cd                  : Factor w/ 138 levels "17-06-2000-1",..: 1 1 1 1 1 1 1 1 1 1 ...
 $ Race.RaceType1Cd                 : Factor w/ 4 levels "1-1-14","1-1-12",..: 1 1 1 1 1 1 1 1 1 1 ...
 $ RaceHorse.RaceId                 : Factor w/ 866 levels "20160105-06-01-01-11",..: 1 1 1 1 1 1 1 1 1 1 ...
 $ RaceHorse.KettoNum               : Factor w/ 1654 levels "2007101798","2008103120",..: 1 1 1 1 1 1 1 1 1 2 ...
 $ RaceHorse.IsHit1                 : num  0 0 0 0 0 0 0 0 0 0 ...
 $ RaceHorse.IsHit2                 : num  0 0 0 0 0 0 0 0 0 0 ...
 $ RaceHorse.IsHit3                 : num  0 0 0 0 0 0 0 0 0 0 ...
 $ RaceHorse.IsHit4                 : num  0 0 0 0 0 0 0 0 0 0 ...
 $ RaceHorse.IsHit5                 : num  0 0 0 0 0 0 0 0 0 0 ...
 $ RaceHorse.IsHit6                 : num  1 1 1 1 1 1 1 1 1 1 ...
 $ RaceHorse.IsValidRaceHorse       : logi  TRUE TRUE TRUE TRUE TRUE TRUE ...
 $ RaceHorse.FinishTimeSdvByRace    : num  -1.71 -1.71 -1.71 -1.71 -1.71 ...
 $ RaceHorse.FirstTimeSdvByRace     : num  -1.15 -1.15 -1.15 -1.15 -1.15 ...
 $ RaceHorse.LastTimeSdvByRace      : num  0.227 0.227 0.227 0.227 0.227 ...
 $ RaceHorse.FinishTimeSdv          : num  0.357 0.357 0.357 0.357 0.357 ...
 $ RaceHorse.FirstTimeSdv           : num  -1.02 -1.02 -1.02 -1.02 -1.02 ...
 $ RaceHorse.LastTimeSdv            : num  2.13 2.13 2.13 2.13 2.13 ...
 $ RaceHorse.IsHitA                 : num  0 0 0 0 0 0 0 0 0 0 ...
 $ RaceHorse.IsHitB                 : num  0 0 0 0 0 0 0 0 0 0 ...
 $ RaceHorse.IsHitC                 : num  0 0 0 0 0 0 0 0 0 0 ...
 $ PrevRaceHorse.RaceId             : Factor w/ 1261 levels "20150510-04-01-04-11",..: 1 2 3 4 5 6 7 8 9 10 ...
 $ PrevRaceHorse.KettoNum           : Factor w/ 1654 levels "2007101798","2008103120",..: 1 1 1 1 1 1 1 1 1 2 ...
 $ PrevRaceHorse.FinishTimeSdvByRace: num  -0.914 -0.206 -1.103 -0.132 -0.132 ...
 $ PrevRaceHorse.FirstTimeSdvByRace : num  -0.703 -0.825 -1.021 -0.268 -0.536 ...
 $ PrevRaceHorse.LastTimeSdvByRace  : num  0.1545 0.0908 -0.4792 -0.0852 0.1447 ...
 $ PrevRaceHorse.FinishTimeSdv      : num  0.132 0.206 0.386 -0.114 1.231 ...
 $ PrevRaceHorse.FirstTimeSdv       : num  -0.812 0.446 0.193 1.358 0.766 ...
 $ PrevRaceHorse.LastTimeSdv        : num  1.186 -0.258 0.328 -1.254 0.493 ...
 $ PrevRaceHorse.IsRun              : num  1 1 1 1 1 1 1 1 1 1 ...
 $ PrevRaceHorse.IsHit1             : num  0 0 0 0 0 0 0 0 0 0 ...
 $ PrevRaceHorse.IsHit2             : num  0 0 0 0 0 0 0 0 0 0 ...
 $ PrevRaceHorse.IsHit3             : num  0 0 0 0 0 0 1 0 0 0 ...
 $ PrevRaceHorse.IsHit4             : num  0 0 0 0 0 0 0 0 0 0 ...
 $ PrevRaceHorse.IsHit5             : num  0 0 0 0 0 0 0 0 0 0 ...
 $ PrevRaceHorse.RowNum             : num  1 2 3 4 5 6 7 8 9 1 ...
 $ PrevOdds.RealOddsLog1            : num  6.05 6.32 5.33 5.66 4.64 ...
 $ EOF                              : int  1 1 1 1 1 1 1 1 1 1 ...
NULL
[1] "2022-03-09 09:00:42 --- transform Finish ---"
[1] "2022-03-09 09:00:42 --- na.omit Start ---"
[1] "--------------------------------------------------------------------------------"
[1] "nrow(data) na.omit before=31982"
[1] "nrow(data) na.omit after =31766"
[1] "nrow(data) na.omit diff =216"
[1] "--------------------------------------------------------------------------------"
'data.frame':	31766 obs. of  45 variables:
 $ Race.RaceId                      : Factor w/ 866 levels "20160105-06-01-01-11",..: 1 1 1 1 1 1 1 1 1 1 ...
 $ Race.IsAnalyzeNormalPastAndFuture: logi  TRUE TRUE TRUE TRUE TRUE TRUE ...
 $ Race.IsAnalyzeNormalPast         : logi  TRUE TRUE TRUE TRUE TRUE TRUE ...
 $ Race.IsAnalyzeNormalFuture       : logi  FALSE FALSE FALSE FALSE FALSE FALSE ...
 $ Race.IsAnalyzeFullPastAndFuture  : logi  TRUE TRUE TRUE TRUE TRUE TRUE ...
 $ Race.IsAnalyzeFullPast           : logi  TRUE TRUE TRUE TRUE TRUE TRUE ...
 $ Race.IsAnalyzeFullFuture         : logi  FALSE FALSE FALSE FALSE FALSE FALSE ...
 $ Race.JyokenCd                    : Factor w/ 1 level "1": 1 1 1 1 1 1 1 1 1 1 ...
 $ Race.JyoType1Cd                  : Factor w/ 138 levels "17-06-2000-1",..: 1 1 1 1 1 1 1 1 1 1 ...
 $ Race.RaceType1Cd                 : Factor w/ 4 levels "1-1-14","1-1-12",..: 1 1 1 1 1 1 1 1 1 1 ...
 $ RaceHorse.RaceId                 : Factor w/ 866 levels "20160105-06-01-01-11",..: 1 1 1 1 1 1 1 1 1 1 ...
 $ RaceHorse.KettoNum               : Factor w/ 1654 levels "2007101798","2008103120",..: 1 1 1 1 1 1 1 1 1 2 ...
 $ RaceHorse.IsHit1                 : num  0 0 0 0 0 0 0 0 0 0 ...
 $ RaceHorse.IsHit2                 : num  0 0 0 0 0 0 0 0 0 0 ...
 $ RaceHorse.IsHit3                 : num  0 0 0 0 0 0 0 0 0 0 ...
 $ RaceHorse.IsHit4                 : num  0 0 0 0 0 0 0 0 0 0 ...
 $ RaceHorse.IsHit5                 : num  0 0 0 0 0 0 0 0 0 0 ...
 $ RaceHorse.IsHit6                 : num  1 1 1 1 1 1 1 1 1 1 ...
 $ RaceHorse.IsValidRaceHorse       : logi  TRUE TRUE TRUE TRUE TRUE TRUE ...
 $ RaceHorse.FinishTimeSdvByRace    : num  -1.71 -1.71 -1.71 -1.71 -1.71 ...
 $ RaceHorse.FirstTimeSdvByRace     : num  -1.15 -1.15 -1.15 -1.15 -1.15 ...
 $ RaceHorse.LastTimeSdvByRace      : num  0.227 0.227 0.227 0.227 0.227 ...
 $ RaceHorse.FinishTimeSdv          : num  0.357 0.357 0.357 0.357 0.357 ...
 $ RaceHorse.FirstTimeSdv           : num  -1.02 -1.02 -1.02 -1.02 -1.02 ...
 $ RaceHorse.LastTimeSdv            : num  2.13 2.13 2.13 2.13 2.13 ...
 $ RaceHorse.IsHitA                 : num  0 0 0 0 0 0 0 0 0 0 ...
 $ RaceHorse.IsHitB                 : num  0 0 0 0 0 0 0 0 0 0 ...
 $ RaceHorse.IsHitC                 : num  0 0 0 0 0 0 0 0 0 0 ...
 $ PrevRaceHorse.RaceId             : Factor w/ 1261 levels "20150510-04-01-04-11",..: 1 2 3 4 5 6 7 8 9 10 ...
 $ PrevRaceHorse.KettoNum           : Factor w/ 1654 levels "2007101798","2008103120",..: 1 1 1 1 1 1 1 1 1 2 ...
 $ PrevRaceHorse.FinishTimeSdvByRace: num  -0.914 -0.206 -1.103 -0.132 -0.132 ...
 $ PrevRaceHorse.FirstTimeSdvByRace : num  -0.703 -0.825 -1.021 -0.268 -0.536 ...
 $ PrevRaceHorse.LastTimeSdvByRace  : num  0.1545 0.0908 -0.4792 -0.0852 0.1447 ...
 $ PrevRaceHorse.FinishTimeSdv      : num  0.132 0.206 0.386 -0.114 1.231 ...
 $ PrevRaceHorse.FirstTimeSdv       : num  -0.812 0.446 0.193 1.358 0.766 ...
 $ PrevRaceHorse.LastTimeSdv        : num  1.186 -0.258 0.328 -1.254 0.493 ...
 $ PrevRaceHorse.IsRun              : num  1 1 1 1 1 1 1 1 1 1 ...
 $ PrevRaceHorse.IsHit1             : num  0 0 0 0 0 0 0 0 0 0 ...
 $ PrevRaceHorse.IsHit2             : num  0 0 0 0 0 0 0 0 0 0 ...
 $ PrevRaceHorse.IsHit3             : num  0 0 0 0 0 0 1 0 0 0 ...
 $ PrevRaceHorse.IsHit4             : num  0 0 0 0 0 0 0 0 0 0 ...
 $ PrevRaceHorse.IsHit5             : num  0 0 0 0 0 0 0 0 0 0 ...
 $ PrevRaceHorse.RowNum             : num  1 2 3 4 5 6 7 8 9 1 ...
 $ PrevOdds.RealOddsLog1            : num  6.05 6.32 5.33 5.66 4.64 ...
 $ EOF                              : int  1 1 1 1 1 1 1 1 1 1 ...
 - attr(*, "na.action")= 'omit' Named int  283 284 285 286 287 288 1753 4545 4546 4547 ...
  ..- attr(*, "names")= chr  "283" "284" "285" "286" ...
[1] "2022-03-09 09:00:43 --- na.omit Finish ---"
[1] "2022-03-09 09:00:43 --- rxLogit with rxStepControl Start ---"

> print(paste0(Sys.time(), " --- source_logic_glm.R Start ---"))
[1] "2022-03-09 09:00:43 --- source_logic_glm.R Start ---"

> formula <- formula(RaceHorse.IsHitA ~ +1 + PrevRaceHorse.FinishTimeSdvByRace)

> print(paste0(Sys.time(), " --- source_logic_glm.R Finished ---"))
[1] "2022-03-09 09:00:43 --- source_logic_glm.R Finished ---"
Rows Read: 31766, Total Rows Processed: 31766, Total Chunk Time: 0.002 seconds 

Starting values (iteration 1) time: 0.007 secs.
Rows Read: 31766, Total Rows Processed: 31766, Total Chunk Time: 0.002 seconds 

Iteration 2 time: 0.006 secs.
Rows Read: 31766, Total Rows Processed: 31766, Total Chunk Time: 0.003 seconds 

Iteration 3 time: 0.005 secs.
Rows Read: 31766, Total Rows Processed: 31766, Total Chunk Time: 0.002 seconds 

Iteration 4 time: 0.005 secs.
Rows Read: 31766, Total Rows Processed: 31766, Total Chunk Time: 0.002 seconds 

Iteration 5 time: 0.005 secs.

Elapsed computation time: 0.044 secs.
Rows Read: 31766, Total Rows Processed: 31766, Total Chunk Time: 0.001 seconds 

Starting values (iteration 1) time: 0.005 secs.
Rows Read: 31766, Total Rows Processed: 31766, Total Chunk Time: 0.002 seconds 

Iteration 2 time: 0.005 secs.

Elapsed computation time: 0.018 secs.
Rows Read: 31766, Total Rows Processed: 31766, Total Chunk Time: Less than .001 seconds 

Starting values (iteration 1) time: 0.005 secs.
Rows Read: 31766, Total Rows Processed: 31766, Total Chunk Time: 0.002 seconds 

Iteration 2 time: 0.005 secs.
Rows Read: 31766, Total Rows Processed: 31766, Total Chunk Time: 0.003 seconds 

Iteration 3 time: 0.005 secs.
Rows Read: 31766, Total Rows Processed: 31766, Total Chunk Time: 0.003 seconds 

Iteration 4 time: 0.005 secs.
Rows Read: 31766, Total Rows Processed: 31766, Total Chunk Time: 0.003 seconds 

Iteration 5 time: 0.006 secs.

Elapsed computation time: 0.044 secs.

Elapsed computation time: 0.118 secs.
[1] "--------------------------------------------------------------------------------"
[1] "analyze.results.glm.step="
Logistic Regression Results for: RaceHorse.IsHitA ~
    PrevRaceHorse.FinishTimeSdvByRace
Data: data
Dependent variable(s): RaceHorse.IsHitA
Total independent variables: 2 
Number of valid observations: 31766
Number of missing observations: 0 
 
Coefficients:
                                  RaceHorse.IsHitA
(Intercept)                                   -3.2
PrevRaceHorse.FinishTimeSdvByRace              0.5
[1] "analyze.results.glm.step.summary"
Call:
rxLogit(formula = formula, data = data, variableSelection = analyze.results.glm.step.varsel)

Logistic Regression Results for: RaceHorse.IsHitA ~
    PrevRaceHorse.FinishTimeSdvByRace
Data: data
Dependent variable(s): RaceHorse.IsHitA
Total independent variables: 2 
Number of valid observations: 31766
Number of missing observations: 0 
-2*LogLikelihood: 12527.427 (Residual deviance on 31764 degrees of freedom)
 
Coefficients:
                                  Estimate Std. Error z value Pr(>|z|)    
(Intercept)                        -3.1702     0.0332   -95.5  2.2e-16 ***
PrevRaceHorse.FinishTimeSdvByRace   0.5269     0.0353    14.9  2.2e-16 ***
---
Signif. codes:  0 '***' 0.001 '**' 0.01 '*' 0.05 '.' 0.1 ' ' 1

Condition number of final variance-covariance matrix: 1 
Number of iterations: 5
[1] "--------------------------------------------------------------------------------"
[1] "2022-03-09 09:00:43 --- rxLogit with rxStepControl Finish ---"
[1] "2022-03-09 09:00:43 --- rxStepPlot Start ---"
[1] "pdfFilename=pdf_analyze_glm_Horse_Type11_rxStepPlot.pdf"
[1] "rxStepPlot="
[1] "2022-03-09 09:00:43 --- rxStepPlot Finish ---"
[1] "2022-03-09 09:00:43 --- save.image Start ---"
[1] "save.image"
[1] "rdataFilename=RData_analyze_glm_Horse_Type11.RData"
[1] "2022-03-09 09:00:43 --- save.image Finish ---"
[1] "2022-03-09 09:00:43 --- final Start ---"
[1] "--------------------------------------------------------------------------------"
[1] "nrow(data) final=31766"
[1] "--------------------------------------------------------------------------------"
[1] "2022-03-09 09:00:43 --- final Finish ---"
[1] "2022-03-09 09:00:43 --- analyze_glm.R Finished ---"
[1] "2022-03-09 09:00:43 --- log Finish ---"
