[1] "2022-03-09 08:57:26 --- D1116_analyze_glm_Gen02_IsHitA_Type31 Start ---"
[1] "2022-03-09 08:57:26 --- Log Start ---"
[1] "2022-03-09 08:57:26 --- analyze_glm.R Start ---"
[1] "analyzeVersion=D1116"
[1] "analyzeCategory=analyze"
[1] "analyzeType=Gen02"
[1] "analyzeFamily=IsHitA"
[1] "analyzeFunc=glm"
[1] "analyzeTrackTypeCd=3"
[1] "analyzeJyokenCd=1"
[1] "2022-03-09 08:57:26 --- source_function.R Start ---"
[1] "2022-03-09 08:57:26 --- source_function.R Finished ---"

> print(paste0(Sys.time(), " --- source_library.R Start ---"))
[1] "2022-03-09 08:57:26 --- source_library.R Start ---"

> require("RevoScaleR")

> print(paste0(Sys.time(), " --- source_library.R Finished ---"))
[1] "2022-03-09 08:57:27 --- source_library.R Finished ---"
[1] "2022-03-09 08:57:27 --- RxSqlServerData Start ---"
[1] "2022-03-09 08:57:27 --- RxInSqlServer Start ---"
[1] "2022-03-09 08:57:27 --- RxInSqlServer Finish ---"
[1] "2022-03-09 08:57:27 --- rxSetComputeContext Start ---"
[1] "2022-03-09 08:57:27 --- rxSetComputeContext Finish ---"
[1] "2022-03-09 08:57:27 --- RxSqlServerData Start ---"
[1] "sqlQuery=SELECT * FROM ViewAnalyzeD1116analyze01Gen02Type31"
[1] "2022-03-09 08:57:27 --- RxSqlServerData Finish ---"
[1] "2022-03-09 08:57:27 --- rxGetVarInfo Start ---"
[1] "2022-03-09 08:57:27 --- rxGetVarInfo Finish---"
[1] "2022-03-09 08:57:27 --- rxImport Start ---"
Rows Read: 6766, Total Rows Processed: 6766, Total Chunk Time: 6.023 seconds 
[1] "2022-03-09 08:57:37 --- rxImport Finish ---"
[1] "object.size(data) auto=2 Mb"
[1] "--------------------------------------------------------------------------------"
[1] "nrow(data) RxSqlServerData=6766"
[1] "--------------------------------------------------------------------------------"
[1] "str(data)="
'data.frame':	6766 obs. of  45 variables:
 $ Race.RaceId                      : Factor w/ 213 levels "20160109-06-01-02-08",..: 1 1 1 1 1 1 2 2 2 2 ...
 $ Race.IsAnalyzeNormalPastAndFuture: logi  TRUE TRUE TRUE TRUE TRUE TRUE ...
 $ Race.IsAnalyzeNormalPast         : logi  TRUE TRUE TRUE TRUE TRUE TRUE ...
 $ Race.IsAnalyzeNormalFuture       : logi  FALSE FALSE FALSE FALSE FALSE FALSE ...
 $ Race.IsAnalyzeFullPastAndFuture  : logi  TRUE TRUE TRUE TRUE TRUE TRUE ...
 $ Race.IsAnalyzeFullPast           : logi  TRUE TRUE TRUE TRUE TRUE TRUE ...
 $ Race.IsAnalyzeFullFuture         : logi  FALSE FALSE FALSE FALSE FALSE FALSE ...
 $ Race.JyokenCd                    : Factor w/ 1 level "1": 1 1 1 1 1 1 1 1 1 1 ...
 $ Race.JyoType1Cd                  : Factor w/ 55 levels "52-06-3200-1",..: 1 1 1 1 1 1 2 2 2 2 ...
 $ Race.RaceType1Cd                 : Factor w/ 2 levels "3-1-19","3-1-18": 1 1 1 1 1 1 1 1 1 1 ...
 $ RaceHorse.RaceId                 : Factor w/ 213 levels "20160109-06-01-02-08",..: 1 1 1 1 1 1 2 2 2 2 ...
 $ RaceHorse.KettoNum               : Factor w/ 396 levels "2009103053","2010100880",..: 1 1 1 1 2 3 4 4 4 4 ...
 $ RaceHorse.IsHit1                 : num  0 0 0 0 0 0 0 0 0 0 ...
 $ RaceHorse.IsHit2                 : num  0 0 0 0 0 1 0 0 0 0 ...
 $ RaceHorse.IsHit3                 : num  0 0 0 0 0 0 0 0 0 0 ...
 $ RaceHorse.IsHit4                 : num  0 0 0 0 1 0 0 0 0 0 ...
 $ RaceHorse.IsHit5                 : num  0 0 0 0 0 0 0 0 0 0 ...
 $ RaceHorse.IsHit6                 : num  0 0 0 0 0 0 1 1 1 1 ...
 $ RaceHorse.IsValidRaceHorse       : logi  FALSE FALSE FALSE FALSE TRUE TRUE ...
 $ RaceHorse.FinishTimeSdvByRace    : num  NA NA NA NA 0.547 ...
 $ RaceHorse.FirstTimeSdvByRace     : num  NA NA NA NA 0.501 ...
 $ RaceHorse.LastTimeSdvByRace      : num  NA NA NA NA 0.729 ...
 $ RaceHorse.FinishTimeSdv          : num  NA NA NA NA 0.598 ...
 $ RaceHorse.FirstTimeSdv           : num  NA NA NA NA 0.573 ...
 $ RaceHorse.LastTimeSdv            : num  NA NA NA NA 0.692 ...
 $ RaceHorse.IsHitA                 : num  0 0 0 0 0 0 0 0 0 0 ...
 $ RaceHorse.IsHitB                 : num  0 0 0 0 0 1 0 0 0 0 ...
 $ RaceHorse.IsHitC                 : num  0 0 0 0 0 1 0 0 0 0 ...
 $ PrevRaceHorse.RaceId             : Factor w/ 359 levels "20150530-08-03-11-08",..: 1 2 3 4 5 6 7 8 9 3 ...
 $ PrevRaceHorse.KettoNum           : Factor w/ 410 levels "2009103053","2010100880",..: 1 1 1 1 2 3 4 4 4 5 ...
 $ PrevRaceHorse.FinishTimeSdvByRace: num  -0.445 0.407 0.357 0.386 0.251 ...
 $ PrevRaceHorse.FirstTimeSdvByRace : num  -0.472 0.361 0.464 0.4 0.227 ...
 $ PrevRaceHorse.LastTimeSdvByRace  : num  -0.302 0.552 -0.105 0.319 0.364 ...
 $ PrevRaceHorse.FinishTimeSdv      : num  -0.6548 0.0251 1.0491 0.2786 0.0356 ...
 $ PrevRaceHorse.FirstTimeSdv       : num  -0.6849 0.0129 1.1034 0.2973 0.0135 ...
 $ PrevRaceHorse.LastTimeSdv        : num  -0.4668 0.0753 0.8286 0.1937 0.1308 ...
 $ PrevRaceHorse.IsRun              : num  1 1 1 1 1 1 1 1 1 1 ...
 $ PrevRaceHorse.IsHit1             : num  0 0 0 0 0 0 0 0 0 0 ...
 $ PrevRaceHorse.IsHit2             : num  0 0 0 0 0 0 0 0 0 0 ...
 $ PrevRaceHorse.IsHit3             : num  0 0 0 0 0 0 0 0 0 0 ...
 $ PrevRaceHorse.IsHit4             : num  0 0 0 0 0 0 0 1 0 0 ...
 $ PrevRaceHorse.IsHit5             : num  0 0 1 1 0 0 0 0 0 0 ...
 $ PrevRaceHorse.RowNum             : num  1 2 3 4 1 1 1 2 3 4 ...
 $ PrevOdds.RealOddsLog1            : num  4.13 3.44 3.32 3.12 3.41 ...
 $ EOF                              : int  1 1 1 1 1 1 1 1 1 1 ...
[1] "2022-03-09 08:57:38 --- RxSqlServerData Finish ---"
[1] "2022-03-09 08:57:38 --- subset Start ---"
[1] "--------------------------------------------------------------------------------"
[1] "nrow(data) subset before=6766"
[1] "nrow(data) subset after =6766"
[1] "nrow(data) subset diff =0"
[1] "--------------------------------------------------------------------------------"
[1] "2022-03-09 08:57:38 --- subset Finish---"
[1] "2022-03-09 08:57:38 --- transform Start ---"
[1] "--------------------------------------------------------------------------------"
[1] "nrow(data) transform before=6766"
[1] "nrow(data) transform after=6766"
[1] "nrow(data) transform diff=0"
[1] "--------------------------------------------------------------------------------"
[1] "str(data)="
'data.frame':	6766 obs. of  45 variables:
 $ Race.RaceId                      : Factor w/ 213 levels "20160109-06-01-02-08",..: 1 1 1 1 1 1 2 2 2 2 ...
 $ Race.IsAnalyzeNormalPastAndFuture: logi  TRUE TRUE TRUE TRUE TRUE TRUE ...
 $ Race.IsAnalyzeNormalPast         : logi  TRUE TRUE TRUE TRUE TRUE TRUE ...
 $ Race.IsAnalyzeNormalFuture       : logi  FALSE FALSE FALSE FALSE FALSE FALSE ...
 $ Race.IsAnalyzeFullPastAndFuture  : logi  TRUE TRUE TRUE TRUE TRUE TRUE ...
 $ Race.IsAnalyzeFullPast           : logi  TRUE TRUE TRUE TRUE TRUE TRUE ...
 $ Race.IsAnalyzeFullFuture         : logi  FALSE FALSE FALSE FALSE FALSE FALSE ...
 $ Race.JyokenCd                    : Factor w/ 1 level "1": 1 1 1 1 1 1 1 1 1 1 ...
 $ Race.JyoType1Cd                  : Factor w/ 55 levels "52-06-3200-1",..: 1 1 1 1 1 1 2 2 2 2 ...
 $ Race.RaceType1Cd                 : Factor w/ 2 levels "3-1-19","3-1-18": 1 1 1 1 1 1 1 1 1 1 ...
 $ RaceHorse.RaceId                 : Factor w/ 213 levels "20160109-06-01-02-08",..: 1 1 1 1 1 1 2 2 2 2 ...
 $ RaceHorse.KettoNum               : Factor w/ 396 levels "2009103053","2010100880",..: 1 1 1 1 2 3 4 4 4 4 ...
 $ RaceHorse.IsHit1                 : num  0 0 0 0 0 0 0 0 0 0 ...
 $ RaceHorse.IsHit2                 : num  0 0 0 0 0 1 0 0 0 0 ...
 $ RaceHorse.IsHit3                 : num  0 0 0 0 0 0 0 0 0 0 ...
 $ RaceHorse.IsHit4                 : num  0 0 0 0 1 0 0 0 0 0 ...
 $ RaceHorse.IsHit5                 : num  0 0 0 0 0 0 0 0 0 0 ...
 $ RaceHorse.IsHit6                 : num  0 0 0 0 0 0 1 1 1 1 ...
 $ RaceHorse.IsValidRaceHorse       : logi  FALSE FALSE FALSE FALSE TRUE TRUE ...
 $ RaceHorse.FinishTimeSdvByRace    : num  NA NA NA NA 0.547 ...
 $ RaceHorse.FirstTimeSdvByRace     : num  NA NA NA NA 0.501 ...
 $ RaceHorse.LastTimeSdvByRace      : num  NA NA NA NA 0.729 ...
 $ RaceHorse.FinishTimeSdv          : num  NA NA NA NA 0.598 ...
 $ RaceHorse.FirstTimeSdv           : num  NA NA NA NA 0.573 ...
 $ RaceHorse.LastTimeSdv            : num  NA NA NA NA 0.692 ...
 $ RaceHorse.IsHitA                 : num  0 0 0 0 0 0 0 0 0 0 ...
 $ RaceHorse.IsHitB                 : num  0 0 0 0 0 1 0 0 0 0 ...
 $ RaceHorse.IsHitC                 : num  0 0 0 0 0 1 0 0 0 0 ...
 $ PrevRaceHorse.RaceId             : Factor w/ 359 levels "20150530-08-03-11-08",..: 1 2 3 4 5 6 7 8 9 3 ...
 $ PrevRaceHorse.KettoNum           : Factor w/ 410 levels "2009103053","2010100880",..: 1 1 1 1 2 3 4 4 4 5 ...
 $ PrevRaceHorse.FinishTimeSdvByRace: num  -0.445 0.407 0.357 0.386 0.251 ...
 $ PrevRaceHorse.FirstTimeSdvByRace : num  -0.472 0.361 0.464 0.4 0.227 ...
 $ PrevRaceHorse.LastTimeSdvByRace  : num  -0.302 0.552 -0.105 0.319 0.364 ...
 $ PrevRaceHorse.FinishTimeSdv      : num  -0.6548 0.0251 1.0491 0.2786 0.0356 ...
 $ PrevRaceHorse.FirstTimeSdv       : num  -0.6849 0.0129 1.1034 0.2973 0.0135 ...
 $ PrevRaceHorse.LastTimeSdv        : num  -0.4668 0.0753 0.8286 0.1937 0.1308 ...
 $ PrevRaceHorse.IsRun              : num  1 1 1 1 1 1 1 1 1 1 ...
 $ PrevRaceHorse.IsHit1             : num  0 0 0 0 0 0 0 0 0 0 ...
 $ PrevRaceHorse.IsHit2             : num  0 0 0 0 0 0 0 0 0 0 ...
 $ PrevRaceHorse.IsHit3             : num  0 0 0 0 0 0 0 0 0 0 ...
 $ PrevRaceHorse.IsHit4             : num  0 0 0 0 0 0 0 1 0 0 ...
 $ PrevRaceHorse.IsHit5             : num  0 0 1 1 0 0 0 0 0 0 ...
 $ PrevRaceHorse.RowNum             : num  1 2 3 4 1 1 1 2 3 4 ...
 $ PrevOdds.RealOddsLog1            : num  4.13 3.44 3.32 3.12 3.41 ...
 $ EOF                              : int  1 1 1 1 1 1 1 1 1 1 ...
NULL
[1] "2022-03-09 08:57:38 --- transform Finish ---"
[1] "2022-03-09 08:57:38 --- na.omit Start ---"
[1] "--------------------------------------------------------------------------------"
[1] "nrow(data) na.omit before=6766"
[1] "nrow(data) na.omit after =6380"
[1] "nrow(data) na.omit diff =386"
[1] "--------------------------------------------------------------------------------"
'data.frame':	6380 obs. of  45 variables:
 $ Race.RaceId                      : Factor w/ 213 levels "20160109-06-01-02-08",..: 1 1 2 2 2 2 2 2 2 2 ...
 $ Race.IsAnalyzeNormalPastAndFuture: logi  TRUE TRUE TRUE TRUE TRUE TRUE ...
 $ Race.IsAnalyzeNormalPast         : logi  TRUE TRUE TRUE TRUE TRUE TRUE ...
 $ Race.IsAnalyzeNormalFuture       : logi  FALSE FALSE FALSE FALSE FALSE FALSE ...
 $ Race.IsAnalyzeFullPastAndFuture  : logi  TRUE TRUE TRUE TRUE TRUE TRUE ...
 $ Race.IsAnalyzeFullPast           : logi  TRUE TRUE TRUE TRUE TRUE TRUE ...
 $ Race.IsAnalyzeFullFuture         : logi  FALSE FALSE FALSE FALSE FALSE FALSE ...
 $ Race.JyokenCd                    : Factor w/ 1 level "1": 1 1 1 1 1 1 1 1 1 1 ...
 $ Race.JyoType1Cd                  : Factor w/ 55 levels "52-06-3200-1",..: 1 1 2 2 2 2 2 2 2 2 ...
 $ Race.RaceType1Cd                 : Factor w/ 2 levels "3-1-19","3-1-18": 1 1 1 1 1 1 1 1 1 1 ...
 $ RaceHorse.RaceId                 : Factor w/ 213 levels "20160109-06-01-02-08",..: 1 1 2 2 2 2 2 2 2 2 ...
 $ RaceHorse.KettoNum               : Factor w/ 396 levels "2009103053","2010100880",..: 2 3 4 4 4 4 5 5 5 5 ...
 $ RaceHorse.IsHit1                 : num  0 0 0 0 0 0 0 0 0 0 ...
 $ RaceHorse.IsHit2                 : num  0 1 0 0 0 0 0 0 0 0 ...
 $ RaceHorse.IsHit3                 : num  0 0 0 0 0 0 1 1 1 1 ...
 $ RaceHorse.IsHit4                 : num  1 0 0 0 0 0 0 0 0 0 ...
 $ RaceHorse.IsHit5                 : num  0 0 0 0 0 0 0 0 0 0 ...
 $ RaceHorse.IsHit6                 : num  0 0 1 1 1 1 0 0 0 0 ...
 $ RaceHorse.IsValidRaceHorse       : logi  TRUE TRUE TRUE TRUE TRUE TRUE ...
 $ RaceHorse.FinishTimeSdvByRace    : num  0.547 0.985 0.215 0.215 0.215 ...
 $ RaceHorse.FirstTimeSdvByRace     : num  0.501 1.036 0.276 0.276 0.276 ...
 $ RaceHorse.LastTimeSdvByRace      : num  0.7293 0.7293 -0.0921 -0.0921 -0.0921 ...
 $ RaceHorse.FinishTimeSdv          : num  0.598 0.809 0.332 0.332 0.332 ...
 $ RaceHorse.FirstTimeSdv           : num  0.573 0.831 0.384 0.384 0.384 ...
 $ RaceHorse.LastTimeSdv            : num  0.6919 0.6919 0.0769 0.0769 0.0769 ...
 $ RaceHorse.IsHitA                 : num  0 0 0 0 0 0 0 0 0 0 ...
 $ RaceHorse.IsHitB                 : num  0 1 0 0 0 0 0 0 0 0 ...
 $ RaceHorse.IsHitC                 : num  0 1 0 0 0 0 1 1 1 1 ...
 $ PrevRaceHorse.RaceId             : Factor w/ 359 levels "20150530-08-03-11-08",..: 5 6 7 8 9 3 10 11 12 13 ...
 $ PrevRaceHorse.KettoNum           : Factor w/ 410 levels "2009103053","2010100880",..: 2 3 4 4 4 5 6 6 6 6 ...
 $ PrevRaceHorse.FinishTimeSdvByRace: num  0.251 0.278 -1.487 0.738 -0.24 ...
 $ PrevRaceHorse.FirstTimeSdvByRace : num  0.227 0.266 -1.559 0.927 -0.344 ...
 $ PrevRaceHorse.LastTimeSdvByRace  : num  0.364 0.331 -1.102 0 0.22 ...
 $ PrevRaceHorse.FinishTimeSdv      : num  0.0356 0.0668 -0.4488 1.431 -0.8366 ...
 $ PrevRaceHorse.FirstTimeSdv       : num  0.0135 0.0369 -0.5044 1.4541 -0.884 ...
 $ PrevRaceHorse.LastTimeSdv        : num  0.131 0.194 -0.166 1.321 -0.574 ...
 $ PrevRaceHorse.IsRun              : num  1 1 1 1 1 1 1 1 1 1 ...
 $ PrevRaceHorse.IsHit1             : num  0 0 0 0 0 0 0 0 0 0 ...
 $ PrevRaceHorse.IsHit2             : num  0 0 0 0 0 0 0 0 0 0 ...
 $ PrevRaceHorse.IsHit3             : num  0 0 0 0 0 0 1 0 1 0 ...
 $ PrevRaceHorse.IsHit4             : num  0 0 0 1 0 0 0 1 0 0 ...
 $ PrevRaceHorse.IsHit5             : num  0 0 0 0 0 0 0 0 0 1 ...
 $ PrevRaceHorse.RowNum             : num  1 1 1 2 3 4 1 2 3 4 ...
 $ PrevOdds.RealOddsLog1            : num  3.41 1.25 2.89 4.1 3.24 ...
 $ EOF                              : int  1 1 1 1 1 1 1 1 1 1 ...
 - attr(*, "na.action")= 'omit' Named int  1 2 3 4 139 188 190 191 192 193 ...
  ..- attr(*, "names")= chr  "1" "2" "3" "4" ...
[1] "2022-03-09 08:57:38 --- na.omit Finish ---"
[1] "2022-03-09 08:57:38 --- rxLogit with rxStepControl Start ---"

> print(paste0(Sys.time(), " --- source_logic_glm.R Start ---"))
[1] "2022-03-09 08:57:38 --- source_logic_glm.R Start ---"

> formula <- formula(RaceHorse.IsHitA ~ +1 + PrevRaceHorse.FinishTimeSdvByRace)

> print(paste0(Sys.time(), " --- source_logic_glm.R Finished ---"))
[1] "2022-03-09 08:57:38 --- source_logic_glm.R Finished ---"
Rows Read: 6380, Total Rows Processed: 6380, Total Chunk Time: Less than .001 seconds 

Starting values (iteration 1) time: 0.011 secs.
Rows Read: 6380, Total Rows Processed: 6380, Total Chunk Time: 0.002 seconds 

Iteration 2 time: 0.006 secs.
Rows Read: 6380, Total Rows Processed: 6380, Total Chunk Time: 0.001 seconds 

Iteration 3 time: 0.004 secs.
Rows Read: 6380, Total Rows Processed: 6380, Total Chunk Time: 0.002 seconds 

Iteration 4 time: 0.006 secs.
Rows Read: 6380, Total Rows Processed: 6380, Total Chunk Time: 0.001 seconds 

Iteration 5 time: 0.006 secs.

Elapsed computation time: 0.052 secs.
Rows Read: 6380, Total Rows Processed: 6380, Total Chunk Time: Less than .001 seconds 

Starting values (iteration 1) time: 0.004 secs.
Rows Read: 6380, Total Rows Processed: 6380, Total Chunk Time: 0.002 seconds 

Iteration 2 time: 0.007 secs.

Elapsed computation time: 0.022 secs.
Rows Read: 6380, Total Rows Processed: 6380, Total Chunk Time: 0.001 seconds 

Starting values (iteration 1) time: 0.006 secs.
Rows Read: 6380, Total Rows Processed: 6380, Total Chunk Time: 0.001 seconds 

Iteration 2 time: 0.005 secs.
Rows Read: 6380, Total Rows Processed: 6380, Total Chunk Time: 0.001 seconds 

Iteration 3 time: 0.005 secs.
Rows Read: 6380, Total Rows Processed: 6380, Total Chunk Time: 0.002 seconds 

Iteration 4 time: 0.008 secs.
Rows Read: 6380, Total Rows Processed: 6380, Total Chunk Time: Less than .001 seconds 

Iteration 5 time: 0.004 secs.

Elapsed computation time: 0.056 secs.

Elapsed computation time: 0.151 secs.
[1] "--------------------------------------------------------------------------------"
[1] "analyze.results.glm.step="
Logistic Regression Results for: RaceHorse.IsHitA ~
    PrevRaceHorse.FinishTimeSdvByRace
Data: data
Dependent variable(s): RaceHorse.IsHitA
Total independent variables: 2 
Number of valid observations: 6380
Number of missing observations: 0 
 
Coefficients:
                                  RaceHorse.IsHitA
(Intercept)                                   -2.7
PrevRaceHorse.FinishTimeSdvByRace              0.8
[1] "analyze.results.glm.step.summary"
Call:
rxLogit(formula = formula, data = data, variableSelection = analyze.results.glm.step.varsel)

Logistic Regression Results for: RaceHorse.IsHitA ~
    PrevRaceHorse.FinishTimeSdvByRace
Data: data
Dependent variable(s): RaceHorse.IsHitA
Total independent variables: 2 
Number of valid observations: 6380
Number of missing observations: 0 
-2*LogLikelihood: 3794.414 (Residual deviance on 6378 degrees of freedom)
 
Coefficients:
                                  Estimate Std. Error z value Pr(>|z|)    
(Intercept)                        -2.6642     0.0613   -43.4  2.2e-16 ***
PrevRaceHorse.FinishTimeSdvByRace   0.7990     0.0666    12.0  2.2e-16 ***
---
Signif. codes:  0 '***' 0.001 '**' 0.01 '*' 0.05 '.' 0.1 ' ' 1

Condition number of final variance-covariance matrix: 1 
Number of iterations: 5
[1] "--------------------------------------------------------------------------------"
[1] "2022-03-09 08:57:39 --- rxLogit with rxStepControl Finish ---"
[1] "2022-03-09 08:57:39 --- rxStepPlot Start ---"
[1] "pdfFilename=pdf_analyze_glm_Gen02_Type31_rxStepPlot.pdf"
[1] "rxStepPlot="
[1] "2022-03-09 08:57:39 --- rxStepPlot Finish ---"
[1] "2022-03-09 08:57:39 --- save.image Start ---"
[1] "save.image"
[1] "rdataFilename=RData_analyze_glm_Gen02_Type31.RData"
[1] "2022-03-09 08:57:39 --- save.image Finish ---"
[1] "2022-03-09 08:57:39 --- final Start ---"
[1] "--------------------------------------------------------------------------------"
[1] "nrow(data) final=6380"
[1] "--------------------------------------------------------------------------------"
[1] "2022-03-09 08:57:39 --- final Finish ---"
[1] "2022-03-09 08:57:39 --- analyze_glm.R Finished ---"
[1] "2022-03-09 08:57:39 --- log Finish ---"
