[1] "2022-03-09 09:00:36 --- D1116_analyze_glm_Horse_IsHitA_Type35 Start ---"
[1] "2022-03-09 09:00:36 --- Log Start ---"
[1] "2022-03-09 09:00:36 --- analyze_glm.R Start ---"
[1] "analyzeVersion=D1116"
[1] "analyzeCategory=analyze"
[1] "analyzeType=Horse"
[1] "analyzeFamily=IsHitA"
[1] "analyzeFunc=glm"
[1] "analyzeTrackTypeCd=3"
[1] "analyzeJyokenCd=5"
[1] "2022-03-09 09:00:36 --- source_function.R Start ---"
[1] "2022-03-09 09:00:36 --- source_function.R Finished ---"

> print(paste0(Sys.time(), " --- source_library.R Start ---"))
[1] "2022-03-09 09:00:36 --- source_library.R Start ---"

> require("RevoScaleR")

> print(paste0(Sys.time(), " --- source_library.R Finished ---"))
[1] "2022-03-09 09:00:37 --- source_library.R Finished ---"
[1] "2022-03-09 09:00:37 --- RxSqlServerData Start ---"
[1] "2022-03-09 09:00:37 --- RxInSqlServer Start ---"
[1] "2022-03-09 09:00:37 --- RxInSqlServer Finish ---"
[1] "2022-03-09 09:00:37 --- rxSetComputeContext Start ---"
[1] "2022-03-09 09:00:37 --- rxSetComputeContext Finish ---"
[1] "2022-03-09 09:00:37 --- RxSqlServerData Start ---"
[1] "sqlQuery=SELECT * FROM ViewAnalyzeD1116analyze01HorseType35"
[1] "2022-03-09 09:00:37 --- RxSqlServerData Finish ---"
[1] "2022-03-09 09:00:37 --- rxGetVarInfo Start ---"
[1] "2022-03-09 09:00:37 --- rxGetVarInfo Finish---"
[1] "2022-03-09 09:00:37 --- rxImport Start ---"
Rows Read: 7857, Total Rows Processed: 7857, Total Chunk Time: 1.649 seconds 
[1] "2022-03-09 09:00:40 --- rxImport Finish ---"
[1] "object.size(data) auto=2.5 Mb"
[1] "--------------------------------------------------------------------------------"
[1] "nrow(data) RxSqlServerData=7857"
[1] "--------------------------------------------------------------------------------"
[1] "str(data)="
'data.frame':	7857 obs. of  45 variables:
 $ Race.RaceId                      : Factor w/ 418 levels "20160110-06-01-03-04",..: 1 1 1 1 1 1 1 1 1 2 ...
 $ Race.IsAnalyzeNormalPastAndFuture: logi  TRUE TRUE TRUE TRUE TRUE TRUE ...
 $ Race.IsAnalyzeNormalPast         : logi  TRUE TRUE TRUE TRUE TRUE TRUE ...
 $ Race.IsAnalyzeNormalFuture       : logi  FALSE FALSE FALSE FALSE FALSE FALSE ...
 $ Race.IsAnalyzeFullPastAndFuture  : logi  TRUE TRUE TRUE TRUE TRUE TRUE ...
 $ Race.IsAnalyzeFullPast           : logi  TRUE TRUE TRUE TRUE TRUE TRUE ...
 $ Race.IsAnalyzeFullFuture         : logi  FALSE FALSE FALSE FALSE FALSE FALSE ...
 $ Race.JyokenCd                    : Factor w/ 1 level "5": 1 1 1 1 1 1 1 1 1 1 ...
 $ Race.JyoType1Cd                  : Factor w/ 34 levels "52-06-2880-1",..: 1 1 1 1 1 1 1 1 1 2 ...
 $ Race.RaceType1Cd                 : Factor w/ 2 levels "3-5-19","3-5-18": 1 1 1 1 1 1 1 1 1 1 ...
 $ RaceHorse.RaceId                 : Factor w/ 418 levels "20160110-06-01-03-04",..: 1 1 1 1 1 1 1 1 1 2 ...
 $ RaceHorse.KettoNum               : Factor w/ 1028 levels "2005105204","2010103789",..: 1 2 3 4 4 5 5 5 5 6 ...
 $ RaceHorse.IsHit1                 : num  0 0 0 0 0 0 0 0 0 0 ...
 $ RaceHorse.IsHit2                 : num  0 0 0 0 0 0 0 0 0 0 ...
 $ RaceHorse.IsHit3                 : num  0 1 0 0 0 0 0 0 0 0 ...
 $ RaceHorse.IsHit4                 : num  0 0 0 1 1 0 0 0 0 0 ...
 $ RaceHorse.IsHit5                 : num  0 0 0 0 0 0 0 0 0 0 ...
 $ RaceHorse.IsHit6                 : num  1 0 1 0 0 1 1 1 1 0 ...
 $ RaceHorse.IsValidRaceHorse       : logi  TRUE TRUE TRUE TRUE TRUE TRUE ...
 $ RaceHorse.FinishTimeSdvByRace    : num  0.448 1.173 -1.785 0.931 0.931 ...
 $ RaceHorse.FirstTimeSdvByRace     : num  0.491 1.163 -1.824 0.864 0.864 ...
 $ RaceHorse.LastTimeSdvByRace      : num  0.26 1.17 -1.56 1.17 1.17 ...
 $ RaceHorse.FinishTimeSdv          : num  0.553 0.875 -0.437 0.767 0.767 ...
 $ RaceHorse.FirstTimeSdv           : num  0.562 0.867 -0.487 0.731 0.731 ...
 $ RaceHorse.LastTimeSdv            : num  0.514 0.895 -0.247 0.895 0.895 ...
 $ RaceHorse.IsHitA                 : num  0 0 0 0 0 0 0 0 0 0 ...
 $ RaceHorse.IsHitB                 : num  0 0 0 0 0 0 0 0 0 0 ...
 $ RaceHorse.IsHitC                 : num  0 1 0 0 0 0 0 0 0 0 ...
 $ PrevRaceHorse.RaceId             : Factor w/ 559 levels "20150523-04-01-07-04",..: 1 2 3 4 5 6 7 8 9 9 ...
 $ PrevRaceHorse.KettoNum           : Factor w/ 1028 levels "2005105204","2010103789",..: 1 2 3 4 4 5 5 5 5 6 ...
 $ PrevRaceHorse.FinishTimeSdvByRace: num  0.581 0.731 -1.694 0.584 0.746 ...
 $ PrevRaceHorse.FirstTimeSdvByRace : num  0.575 0.746 -1.723 0.571 0.697 ...
 $ PrevRaceHorse.LastTimeSdvByRace  : num  0.603 0.668 -1.583 0.636 0.934 ...
 $ PrevRaceHorse.FinishTimeSdv      : num  0.7714 1.0084 -1.2967 -0.1659 -0.0103 ...
 $ PrevRaceHorse.FirstTimeSdv       : num  0.7527 1.0358 -1.3012 -0.1678 -0.0412 ...
 $ PrevRaceHorse.LastTimeSdv        : num  0.829 0.895 -1.265 -0.156 0.113 ...
 $ PrevRaceHorse.IsRun              : num  1 1 1 1 1 1 1 1 1 1 ...
 $ PrevRaceHorse.IsHit1             : num  0 0 0 0 0 0 0 0 0 0 ...
 $ PrevRaceHorse.IsHit2             : num  0 0 0 0 0 1 0 1 0 0 ...
 $ PrevRaceHorse.IsHit3             : num  1 0 0 0 0 0 0 0 0 0 ...
 $ PrevRaceHorse.IsHit4             : num  0 1 0 0 0 0 0 0 0 0 ...
 $ PrevRaceHorse.IsHit5             : num  0 0 0 0 1 0 0 0 0 0 ...
 $ PrevRaceHorse.RowNum             : num  1 1 1 1 2 1 2 3 4 1 ...
 $ PrevOdds.RealOddsLog1            : num  3.64 3.16 4.1 3.13 2.44 ...
 $ EOF                              : int  1 1 1 1 1 1 1 1 1 1 ...
[1] "2022-03-09 09:00:41 --- RxSqlServerData Finish ---"
[1] "2022-03-09 09:00:41 --- subset Start ---"
[1] "--------------------------------------------------------------------------------"
[1] "nrow(data) subset before=7857"
[1] "nrow(data) subset after =7857"
[1] "nrow(data) subset diff =0"
[1] "--------------------------------------------------------------------------------"
[1] "2022-03-09 09:00:41 --- subset Finish---"
[1] "2022-03-09 09:00:41 --- transform Start ---"
[1] "--------------------------------------------------------------------------------"
[1] "nrow(data) transform before=7857"
[1] "nrow(data) transform after=7857"
[1] "nrow(data) transform diff=0"
[1] "--------------------------------------------------------------------------------"
[1] "str(data)="
'data.frame':	7857 obs. of  45 variables:
 $ Race.RaceId                      : Factor w/ 418 levels "20160110-06-01-03-04",..: 1 1 1 1 1 1 1 1 1 2 ...
 $ Race.IsAnalyzeNormalPastAndFuture: logi  TRUE TRUE TRUE TRUE TRUE TRUE ...
 $ Race.IsAnalyzeNormalPast         : logi  TRUE TRUE TRUE TRUE TRUE TRUE ...
 $ Race.IsAnalyzeNormalFuture       : logi  FALSE FALSE FALSE FALSE FALSE FALSE ...
 $ Race.IsAnalyzeFullPastAndFuture  : logi  TRUE TRUE TRUE TRUE TRUE TRUE ...
 $ Race.IsAnalyzeFullPast           : logi  TRUE TRUE TRUE TRUE TRUE TRUE ...
 $ Race.IsAnalyzeFullFuture         : logi  FALSE FALSE FALSE FALSE FALSE FALSE ...
 $ Race.JyokenCd                    : Factor w/ 1 level "5": 1 1 1 1 1 1 1 1 1 1 ...
 $ Race.JyoType1Cd                  : Factor w/ 34 levels "52-06-2880-1",..: 1 1 1 1 1 1 1 1 1 2 ...
 $ Race.RaceType1Cd                 : Factor w/ 2 levels "3-5-19","3-5-18": 1 1 1 1 1 1 1 1 1 1 ...
 $ RaceHorse.RaceId                 : Factor w/ 418 levels "20160110-06-01-03-04",..: 1 1 1 1 1 1 1 1 1 2 ...
 $ RaceHorse.KettoNum               : Factor w/ 1028 levels "2005105204","2010103789",..: 1 2 3 4 4 5 5 5 5 6 ...
 $ RaceHorse.IsHit1                 : num  0 0 0 0 0 0 0 0 0 0 ...
 $ RaceHorse.IsHit2                 : num  0 0 0 0 0 0 0 0 0 0 ...
 $ RaceHorse.IsHit3                 : num  0 1 0 0 0 0 0 0 0 0 ...
 $ RaceHorse.IsHit4                 : num  0 0 0 1 1 0 0 0 0 0 ...
 $ RaceHorse.IsHit5                 : num  0 0 0 0 0 0 0 0 0 0 ...
 $ RaceHorse.IsHit6                 : num  1 0 1 0 0 1 1 1 1 0 ...
 $ RaceHorse.IsValidRaceHorse       : logi  TRUE TRUE TRUE TRUE TRUE TRUE ...
 $ RaceHorse.FinishTimeSdvByRace    : num  0.448 1.173 -1.785 0.931 0.931 ...
 $ RaceHorse.FirstTimeSdvByRace     : num  0.491 1.163 -1.824 0.864 0.864 ...
 $ RaceHorse.LastTimeSdvByRace      : num  0.26 1.17 -1.56 1.17 1.17 ...
 $ RaceHorse.FinishTimeSdv          : num  0.553 0.875 -0.437 0.767 0.767 ...
 $ RaceHorse.FirstTimeSdv           : num  0.562 0.867 -0.487 0.731 0.731 ...
 $ RaceHorse.LastTimeSdv            : num  0.514 0.895 -0.247 0.895 0.895 ...
 $ RaceHorse.IsHitA                 : num  0 0 0 0 0 0 0 0 0 0 ...
 $ RaceHorse.IsHitB                 : num  0 0 0 0 0 0 0 0 0 0 ...
 $ RaceHorse.IsHitC                 : num  0 1 0 0 0 0 0 0 0 0 ...
 $ PrevRaceHorse.RaceId             : Factor w/ 559 levels "20150523-04-01-07-04",..: 1 2 3 4 5 6 7 8 9 9 ...
 $ PrevRaceHorse.KettoNum           : Factor w/ 1028 levels "2005105204","2010103789",..: 1 2 3 4 4 5 5 5 5 6 ...
 $ PrevRaceHorse.FinishTimeSdvByRace: num  0.581 0.731 -1.694 0.584 0.746 ...
 $ PrevRaceHorse.FirstTimeSdvByRace : num  0.575 0.746 -1.723 0.571 0.697 ...
 $ PrevRaceHorse.LastTimeSdvByRace  : num  0.603 0.668 -1.583 0.636 0.934 ...
 $ PrevRaceHorse.FinishTimeSdv      : num  0.7714 1.0084 -1.2967 -0.1659 -0.0103 ...
 $ PrevRaceHorse.FirstTimeSdv       : num  0.7527 1.0358 -1.3012 -0.1678 -0.0412 ...
 $ PrevRaceHorse.LastTimeSdv        : num  0.829 0.895 -1.265 -0.156 0.113 ...
 $ PrevRaceHorse.IsRun              : num  1 1 1 1 1 1 1 1 1 1 ...
 $ PrevRaceHorse.IsHit1             : num  0 0 0 0 0 0 0 0 0 0 ...
 $ PrevRaceHorse.IsHit2             : num  0 0 0 0 0 1 0 1 0 0 ...
 $ PrevRaceHorse.IsHit3             : num  1 0 0 0 0 0 0 0 0 0 ...
 $ PrevRaceHorse.IsHit4             : num  0 1 0 0 0 0 0 0 0 0 ...
 $ PrevRaceHorse.IsHit5             : num  0 0 0 0 1 0 0 0 0 0 ...
 $ PrevRaceHorse.RowNum             : num  1 1 1 1 2 1 2 3 4 1 ...
 $ PrevOdds.RealOddsLog1            : num  3.64 3.16 4.1 3.13 2.44 ...
 $ EOF                              : int  1 1 1 1 1 1 1 1 1 1 ...
NULL
[1] "2022-03-09 09:00:41 --- transform Finish ---"
[1] "2022-03-09 09:00:41 --- na.omit Start ---"
[1] "--------------------------------------------------------------------------------"
[1] "nrow(data) na.omit before=7857"
[1] "nrow(data) na.omit after =7564"
[1] "nrow(data) na.omit diff =293"
[1] "--------------------------------------------------------------------------------"
'data.frame':	7564 obs. of  45 variables:
 $ Race.RaceId                      : Factor w/ 418 levels "20160110-06-01-03-04",..: 1 1 1 1 1 1 1 1 1 2 ...
 $ Race.IsAnalyzeNormalPastAndFuture: logi  TRUE TRUE TRUE TRUE TRUE TRUE ...
 $ Race.IsAnalyzeNormalPast         : logi  TRUE TRUE TRUE TRUE TRUE TRUE ...
 $ Race.IsAnalyzeNormalFuture       : logi  FALSE FALSE FALSE FALSE FALSE FALSE ...
 $ Race.IsAnalyzeFullPastAndFuture  : logi  TRUE TRUE TRUE TRUE TRUE TRUE ...
 $ Race.IsAnalyzeFullPast           : logi  TRUE TRUE TRUE TRUE TRUE TRUE ...
 $ Race.IsAnalyzeFullFuture         : logi  FALSE FALSE FALSE FALSE FALSE FALSE ...
 $ Race.JyokenCd                    : Factor w/ 1 level "5": 1 1 1 1 1 1 1 1 1 1 ...
 $ Race.JyoType1Cd                  : Factor w/ 34 levels "52-06-2880-1",..: 1 1 1 1 1 1 1 1 1 2 ...
 $ Race.RaceType1Cd                 : Factor w/ 2 levels "3-5-19","3-5-18": 1 1 1 1 1 1 1 1 1 1 ...
 $ RaceHorse.RaceId                 : Factor w/ 418 levels "20160110-06-01-03-04",..: 1 1 1 1 1 1 1 1 1 2 ...
 $ RaceHorse.KettoNum               : Factor w/ 1028 levels "2005105204","2010103789",..: 1 2 3 4 4 5 5 5 5 7 ...
 $ RaceHorse.IsHit1                 : num  0 0 0 0 0 0 0 0 0 0 ...
 $ RaceHorse.IsHit2                 : num  0 0 0 0 0 0 0 0 0 0 ...
 $ RaceHorse.IsHit3                 : num  0 1 0 0 0 0 0 0 0 0 ...
 $ RaceHorse.IsHit4                 : num  0 0 0 1 1 0 0 0 0 0 ...
 $ RaceHorse.IsHit5                 : num  0 0 0 0 0 0 0 0 0 0 ...
 $ RaceHorse.IsHit6                 : num  1 0 1 0 0 1 1 1 1 1 ...
 $ RaceHorse.IsValidRaceHorse       : logi  TRUE TRUE TRUE TRUE TRUE TRUE ...
 $ RaceHorse.FinishTimeSdvByRace    : num  0.448 1.173 -1.785 0.931 0.931 ...
 $ RaceHorse.FirstTimeSdvByRace     : num  0.491 1.163 -1.824 0.864 0.864 ...
 $ RaceHorse.LastTimeSdvByRace      : num  0.26 1.17 -1.56 1.17 1.17 ...
 $ RaceHorse.FinishTimeSdv          : num  0.553 0.875 -0.437 0.767 0.767 ...
 $ RaceHorse.FirstTimeSdv           : num  0.562 0.867 -0.487 0.731 0.731 ...
 $ RaceHorse.LastTimeSdv            : num  0.514 0.895 -0.247 0.895 0.895 ...
 $ RaceHorse.IsHitA                 : num  0 0 0 0 0 0 0 0 0 0 ...
 $ RaceHorse.IsHitB                 : num  0 0 0 0 0 0 0 0 0 0 ...
 $ RaceHorse.IsHitC                 : num  0 1 0 0 0 0 0 0 0 0 ...
 $ PrevRaceHorse.RaceId             : Factor w/ 559 levels "20150523-04-01-07-04",..: 1 2 3 4 5 6 7 8 9 9 ...
 $ PrevRaceHorse.KettoNum           : Factor w/ 1028 levels "2005105204","2010103789",..: 1 2 3 4 4 5 5 5 5 7 ...
 $ PrevRaceHorse.FinishTimeSdvByRace: num  0.581 0.731 -1.694 0.584 0.746 ...
 $ PrevRaceHorse.FirstTimeSdvByRace : num  0.575 0.746 -1.723 0.571 0.697 ...
 $ PrevRaceHorse.LastTimeSdvByRace  : num  0.603 0.668 -1.583 0.636 0.934 ...
 $ PrevRaceHorse.FinishTimeSdv      : num  0.7714 1.0084 -1.2967 -0.1659 -0.0103 ...
 $ PrevRaceHorse.FirstTimeSdv       : num  0.7527 1.0358 -1.3012 -0.1678 -0.0412 ...
 $ PrevRaceHorse.LastTimeSdv        : num  0.829 0.895 -1.265 -0.156 0.113 ...
 $ PrevRaceHorse.IsRun              : num  1 1 1 1 1 1 1 1 1 1 ...
 $ PrevRaceHorse.IsHit1             : num  0 0 0 0 0 0 0 0 0 0 ...
 $ PrevRaceHorse.IsHit2             : num  0 0 0 0 0 1 0 1 0 0 ...
 $ PrevRaceHorse.IsHit3             : num  1 0 0 0 0 0 0 0 0 0 ...
 $ PrevRaceHorse.IsHit4             : num  0 1 0 0 0 0 0 0 0 0 ...
 $ PrevRaceHorse.IsHit5             : num  0 0 0 0 1 0 0 0 0 1 ...
 $ PrevRaceHorse.RowNum             : num  1 1 1 1 2 1 2 3 4 1 ...
 $ PrevOdds.RealOddsLog1            : num  3.64 3.16 4.1 3.13 2.44 ...
 $ EOF                              : int  1 1 1 1 1 1 1 1 1 1 ...
 - attr(*, "na.action")= 'omit' Named int  10 15 16 17 18 19 20 21 22 23 ...
  ..- attr(*, "names")= chr  "10" "15" "16" "17" ...
[1] "2022-03-09 09:00:41 --- na.omit Finish ---"
[1] "2022-03-09 09:00:41 --- rxLogit with rxStepControl Start ---"

> print(paste0(Sys.time(), " --- source_logic_glm.R Start ---"))
[1] "2022-03-09 09:00:41 --- source_logic_glm.R Start ---"

> formula <- formula(RaceHorse.IsHitA ~ +1 + PrevRaceHorse.FinishTimeSdvByRace)

> print(paste0(Sys.time(), " --- source_logic_glm.R Finished ---"))
[1] "2022-03-09 09:00:41 --- source_logic_glm.R Finished ---"
Rows Read: 7564, Total Rows Processed: 7564, Total Chunk Time: 0.001 seconds 

Starting values (iteration 1) time: 0.008 secs.
Rows Read: 7564, Total Rows Processed: 7564, Total Chunk Time: Less than .001 seconds 

Iteration 2 time: 0.004 secs.
Rows Read: 7564, Total Rows Processed: 7564, Total Chunk Time: 0.001 seconds 

Iteration 3 time: 0.003 secs.
Rows Read: 7564, Total Rows Processed: 7564, Total Chunk Time: Less than .001 seconds 

Iteration 4 time: 0.004 secs.
Rows Read: 7564, Total Rows Processed: 7564, Total Chunk Time: 0.001 seconds 

Iteration 5 time: 0.003 secs.

Elapsed computation time: 0.035 secs.
Rows Read: 7564, Total Rows Processed: 7564, Total Chunk Time: 0.001 seconds 

Starting values (iteration 1) time: 0.003 secs.
Rows Read: 7564, Total Rows Processed: 7564, Total Chunk Time: 0.001 seconds 

Iteration 2 time: 0.003 secs.

Elapsed computation time: 0.012 secs.
Rows Read: 7564, Total Rows Processed: 7564, Total Chunk Time: 0.001 seconds 

Starting values (iteration 1) time: 0.004 secs.
Rows Read: 7564, Total Rows Processed: 7564, Total Chunk Time: 0.001 seconds 

Iteration 2 time: 0.004 secs.
Rows Read: 7564, Total Rows Processed: 7564, Total Chunk Time: Less than .001 seconds 

Iteration 3 time: 0.004 secs.
Rows Read: 7564, Total Rows Processed: 7564, Total Chunk Time: 0.001 seconds 

Iteration 4 time: 0.003 secs.
Rows Read: 7564, Total Rows Processed: 7564, Total Chunk Time: 0.001 seconds 

Iteration 5 time: 0.003 secs.

Elapsed computation time: 0.036 secs.

Elapsed computation time: 0.096 secs.
[1] "--------------------------------------------------------------------------------"
[1] "analyze.results.glm.step="
Logistic Regression Results for: RaceHorse.IsHitA ~
    PrevRaceHorse.FinishTimeSdvByRace
Data: data
Dependent variable(s): RaceHorse.IsHitA
Total independent variables: 2 
Number of valid observations: 7564
Number of missing observations: 0 
 
Coefficients:
                                  RaceHorse.IsHitA
(Intercept)                                   -2.5
PrevRaceHorse.FinishTimeSdvByRace              0.9
[1] "analyze.results.glm.step.summary"
Call:
rxLogit(formula = formula, data = data, variableSelection = analyze.results.glm.step.varsel)

Logistic Regression Results for: RaceHorse.IsHitA ~
    PrevRaceHorse.FinishTimeSdvByRace
Data: data
Dependent variable(s): RaceHorse.IsHitA
Total independent variables: 2 
Number of valid observations: 7564
Number of missing observations: 0 
-2*LogLikelihood: 4765.385 (Residual deviance on 7562 degrees of freedom)
 
Coefficients:
                                  Estimate Std. Error z value Pr(>|z|)    
(Intercept)                        -2.5113     0.0529   -47.5  2.2e-16 ***
PrevRaceHorse.FinishTimeSdvByRace   0.8682     0.0741    11.7  2.2e-16 ***
---
Signif. codes:  0 '***' 0.001 '**' 0.01 '*' 0.05 '.' 0.1 ' ' 1

Condition number of final variance-covariance matrix: 1 
Number of iterations: 5
[1] "--------------------------------------------------------------------------------"
[1] "2022-03-09 09:00:42 --- rxLogit with rxStepControl Finish ---"
[1] "2022-03-09 09:00:42 --- rxStepPlot Start ---"
[1] "pdfFilename=pdf_analyze_glm_Horse_Type35_rxStepPlot.pdf"
[1] "rxStepPlot="
[1] "2022-03-09 09:00:42 --- rxStepPlot Finish ---"
[1] "2022-03-09 09:00:42 --- save.image Start ---"
[1] "save.image"
[1] "rdataFilename=RData_analyze_glm_Horse_Type35.RData"
[1] "2022-03-09 09:00:42 --- save.image Finish ---"
[1] "2022-03-09 09:00:42 --- final Start ---"
[1] "--------------------------------------------------------------------------------"
[1] "nrow(data) final=7564"
[1] "--------------------------------------------------------------------------------"
[1] "2022-03-09 09:00:42 --- final Finish ---"
[1] "2022-03-09 09:00:42 --- analyze_glm.R Finished ---"
[1] "2022-03-09 09:00:42 --- log Finish ---"
