[1] "2022-03-09 09:00:37 --- D1116_analyze_glm_Horse_IsHitA_Type31 Start ---"
[1] "2022-03-09 09:00:37 --- Log Start ---"
[1] "2022-03-09 09:00:37 --- analyze_glm.R Start ---"
[1] "analyzeVersion=D1116"
[1] "analyzeCategory=analyze"
[1] "analyzeType=Horse"
[1] "analyzeFamily=IsHitA"
[1] "analyzeFunc=glm"
[1] "analyzeTrackTypeCd=3"
[1] "analyzeJyokenCd=1"
[1] "2022-03-09 09:00:37 --- source_function.R Start ---"
[1] "2022-03-09 09:00:37 --- source_function.R Finished ---"

> print(paste0(Sys.time(), " --- source_library.R Start ---"))
[1] "2022-03-09 09:00:37 --- source_library.R Start ---"

> require("RevoScaleR")

> print(paste0(Sys.time(), " --- source_library.R Finished ---"))
[1] "2022-03-09 09:00:37 --- source_library.R Finished ---"
[1] "2022-03-09 09:00:37 --- RxSqlServerData Start ---"
[1] "2022-03-09 09:00:37 --- RxInSqlServer Start ---"
[1] "2022-03-09 09:00:37 --- RxInSqlServer Finish ---"
[1] "2022-03-09 09:00:37 --- rxSetComputeContext Start ---"
[1] "2022-03-09 09:00:37 --- rxSetComputeContext Finish ---"
[1] "2022-03-09 09:00:37 --- RxSqlServerData Start ---"
[1] "sqlQuery=SELECT * FROM ViewAnalyzeD1116analyze01HorseType31"
[1] "2022-03-09 09:00:37 --- RxSqlServerData Finish ---"
[1] "2022-03-09 09:00:37 --- rxGetVarInfo Start ---"
[1] "2022-03-09 09:00:37 --- rxGetVarInfo Finish---"
[1] "2022-03-09 09:00:37 --- rxImport Start ---"
Rows Read: 6181, Total Rows Processed: 6181, Total Chunk Time: 0.839 seconds 
[1] "2022-03-09 09:00:40 --- rxImport Finish ---"
[1] "object.size(data) auto=1.9 Mb"
[1] "--------------------------------------------------------------------------------"
[1] "nrow(data) RxSqlServerData=6181"
[1] "--------------------------------------------------------------------------------"
[1] "str(data)="
'data.frame':	6181 obs. of  45 variables:
 $ Race.RaceId                      : Factor w/ 213 levels "20160109-06-01-02-08",..: 1 1 1 1 1 2 2 2 2 2 ...
 $ Race.IsAnalyzeNormalPastAndFuture: logi  TRUE TRUE TRUE TRUE TRUE TRUE ...
 $ Race.IsAnalyzeNormalPast         : logi  TRUE TRUE TRUE TRUE TRUE TRUE ...
 $ Race.IsAnalyzeNormalFuture       : logi  FALSE FALSE FALSE FALSE FALSE FALSE ...
 $ Race.IsAnalyzeFullPastAndFuture  : logi  TRUE TRUE TRUE TRUE TRUE TRUE ...
 $ Race.IsAnalyzeFullPast           : logi  TRUE TRUE TRUE TRUE TRUE TRUE ...
 $ Race.IsAnalyzeFullFuture         : logi  FALSE FALSE FALSE FALSE FALSE FALSE ...
 $ Race.JyokenCd                    : Factor w/ 1 level "1": 1 1 1 1 1 1 1 1 1 1 ...
 $ Race.JyoType1Cd                  : Factor w/ 55 levels "52-06-3200-1",..: 1 1 1 1 1 2 2 2 2 2 ...
 $ Race.RaceType1Cd                 : Factor w/ 2 levels "3-1-19","3-1-18": 1 1 1 1 1 1 1 1 1 1 ...
 $ RaceHorse.RaceId                 : Factor w/ 213 levels "20160109-06-01-02-08",..: 1 1 1 1 1 2 2 2 2 2 ...
 $ RaceHorse.KettoNum               : Factor w/ 386 levels "2009103053","2010100880",..: 1 1 1 1 2 3 3 3 4 4 ...
 $ RaceHorse.IsHit1                 : num  0 0 0 0 0 0 0 0 0 0 ...
 $ RaceHorse.IsHit2                 : num  0 0 0 0 0 0 0 0 0 0 ...
 $ RaceHorse.IsHit3                 : num  0 0 0 0 0 0 0 0 1 1 ...
 $ RaceHorse.IsHit4                 : num  0 0 0 0 1 0 0 0 0 0 ...
 $ RaceHorse.IsHit5                 : num  0 0 0 0 0 0 0 0 0 0 ...
 $ RaceHorse.IsHit6                 : num  0 0 0 0 0 1 1 1 0 0 ...
 $ RaceHorse.IsValidRaceHorse       : logi  FALSE FALSE FALSE FALSE TRUE TRUE ...
 $ RaceHorse.FinishTimeSdvByRace    : num  NA NA NA NA 0.547 ...
 $ RaceHorse.FirstTimeSdvByRace     : num  NA NA NA NA 0.501 ...
 $ RaceHorse.LastTimeSdvByRace      : num  NA NA NA NA 0.729 ...
 $ RaceHorse.FinishTimeSdv          : num  NA NA NA NA 0.598 ...
 $ RaceHorse.FirstTimeSdv           : num  NA NA NA NA 0.573 ...
 $ RaceHorse.LastTimeSdv            : num  NA NA NA NA 0.692 ...
 $ RaceHorse.IsHitA                 : num  0 0 0 0 0 0 0 0 0 0 ...
 $ RaceHorse.IsHitB                 : num  0 0 0 0 0 0 0 0 0 0 ...
 $ RaceHorse.IsHitC                 : num  0 0 0 0 0 0 0 0 1 1 ...
 $ PrevRaceHorse.RaceId             : Factor w/ 317 levels "20150530-08-03-11-08",..: 1 2 3 4 5 6 7 8 9 10 ...
 $ PrevRaceHorse.KettoNum           : Factor w/ 386 levels "2009103053","2010100880",..: 1 1 1 1 2 3 3 3 4 4 ...
 $ PrevRaceHorse.FinishTimeSdvByRace: num  -0.445 0.407 0.357 0.386 0.251 ...
 $ PrevRaceHorse.FirstTimeSdvByRace : num  -0.472 0.361 0.464 0.4 0.227 ...
 $ PrevRaceHorse.LastTimeSdvByRace  : num  -0.302 0.552 -0.105 0.319 0.364 ...
 $ PrevRaceHorse.FinishTimeSdv      : num  -0.6548 0.0251 1.0491 0.2786 0.0356 ...
 $ PrevRaceHorse.FirstTimeSdv       : num  -0.6849 0.0129 1.1034 0.2973 0.0135 ...
 $ PrevRaceHorse.LastTimeSdv        : num  -0.4668 0.0753 0.8286 0.1937 0.1308 ...
 $ PrevRaceHorse.IsRun              : num  1 1 1 1 1 1 1 1 1 1 ...
 $ PrevRaceHorse.IsHit1             : num  0 0 0 0 0 0 0 0 0 0 ...
 $ PrevRaceHorse.IsHit2             : num  0 0 0 0 0 0 0 0 0 0 ...
 $ PrevRaceHorse.IsHit3             : num  0 0 0 0 0 0 0 0 1 0 ...
 $ PrevRaceHorse.IsHit4             : num  0 0 0 0 0 0 1 0 0 1 ...
 $ PrevRaceHorse.IsHit5             : num  0 0 1 1 0 0 0 0 0 0 ...
 $ PrevRaceHorse.RowNum             : num  1 2 3 4 1 1 2 3 1 2 ...
 $ PrevOdds.RealOddsLog1            : num  4.13 3.44 3.32 3.12 3.41 ...
 $ EOF                              : int  1 1 1 1 1 1 1 1 1 1 ...
[1] "2022-03-09 09:00:40 --- RxSqlServerData Finish ---"
[1] "2022-03-09 09:00:40 --- subset Start ---"
[1] "--------------------------------------------------------------------------------"
[1] "nrow(data) subset before=6181"
[1] "nrow(data) subset after =6181"
[1] "nrow(data) subset diff =0"
[1] "--------------------------------------------------------------------------------"
[1] "2022-03-09 09:00:40 --- subset Finish---"
[1] "2022-03-09 09:00:40 --- transform Start ---"
[1] "--------------------------------------------------------------------------------"
[1] "nrow(data) transform before=6181"
[1] "nrow(data) transform after=6181"
[1] "nrow(data) transform diff=0"
[1] "--------------------------------------------------------------------------------"
[1] "str(data)="
'data.frame':	6181 obs. of  45 variables:
 $ Race.RaceId                      : Factor w/ 213 levels "20160109-06-01-02-08",..: 1 1 1 1 1 2 2 2 2 2 ...
 $ Race.IsAnalyzeNormalPastAndFuture: logi  TRUE TRUE TRUE TRUE TRUE TRUE ...
 $ Race.IsAnalyzeNormalPast         : logi  TRUE TRUE TRUE TRUE TRUE TRUE ...
 $ Race.IsAnalyzeNormalFuture       : logi  FALSE FALSE FALSE FALSE FALSE FALSE ...
 $ Race.IsAnalyzeFullPastAndFuture  : logi  TRUE TRUE TRUE TRUE TRUE TRUE ...
 $ Race.IsAnalyzeFullPast           : logi  TRUE TRUE TRUE TRUE TRUE TRUE ...
 $ Race.IsAnalyzeFullFuture         : logi  FALSE FALSE FALSE FALSE FALSE FALSE ...
 $ Race.JyokenCd                    : Factor w/ 1 level "1": 1 1 1 1 1 1 1 1 1 1 ...
 $ Race.JyoType1Cd                  : Factor w/ 55 levels "52-06-3200-1",..: 1 1 1 1 1 2 2 2 2 2 ...
 $ Race.RaceType1Cd                 : Factor w/ 2 levels "3-1-19","3-1-18": 1 1 1 1 1 1 1 1 1 1 ...
 $ RaceHorse.RaceId                 : Factor w/ 213 levels "20160109-06-01-02-08",..: 1 1 1 1 1 2 2 2 2 2 ...
 $ RaceHorse.KettoNum               : Factor w/ 386 levels "2009103053","2010100880",..: 1 1 1 1 2 3 3 3 4 4 ...
 $ RaceHorse.IsHit1                 : num  0 0 0 0 0 0 0 0 0 0 ...
 $ RaceHorse.IsHit2                 : num  0 0 0 0 0 0 0 0 0 0 ...
 $ RaceHorse.IsHit3                 : num  0 0 0 0 0 0 0 0 1 1 ...
 $ RaceHorse.IsHit4                 : num  0 0 0 0 1 0 0 0 0 0 ...
 $ RaceHorse.IsHit5                 : num  0 0 0 0 0 0 0 0 0 0 ...
 $ RaceHorse.IsHit6                 : num  0 0 0 0 0 1 1 1 0 0 ...
 $ RaceHorse.IsValidRaceHorse       : logi  FALSE FALSE FALSE FALSE TRUE TRUE ...
 $ RaceHorse.FinishTimeSdvByRace    : num  NA NA NA NA 0.547 ...
 $ RaceHorse.FirstTimeSdvByRace     : num  NA NA NA NA 0.501 ...
 $ RaceHorse.LastTimeSdvByRace      : num  NA NA NA NA 0.729 ...
 $ RaceHorse.FinishTimeSdv          : num  NA NA NA NA 0.598 ...
 $ RaceHorse.FirstTimeSdv           : num  NA NA NA NA 0.573 ...
 $ RaceHorse.LastTimeSdv            : num  NA NA NA NA 0.692 ...
 $ RaceHorse.IsHitA                 : num  0 0 0 0 0 0 0 0 0 0 ...
 $ RaceHorse.IsHitB                 : num  0 0 0 0 0 0 0 0 0 0 ...
 $ RaceHorse.IsHitC                 : num  0 0 0 0 0 0 0 0 1 1 ...
 $ PrevRaceHorse.RaceId             : Factor w/ 317 levels "20150530-08-03-11-08",..: 1 2 3 4 5 6 7 8 9 10 ...
 $ PrevRaceHorse.KettoNum           : Factor w/ 386 levels "2009103053","2010100880",..: 1 1 1 1 2 3 3 3 4 4 ...
 $ PrevRaceHorse.FinishTimeSdvByRace: num  -0.445 0.407 0.357 0.386 0.251 ...
 $ PrevRaceHorse.FirstTimeSdvByRace : num  -0.472 0.361 0.464 0.4 0.227 ...
 $ PrevRaceHorse.LastTimeSdvByRace  : num  -0.302 0.552 -0.105 0.319 0.364 ...
 $ PrevRaceHorse.FinishTimeSdv      : num  -0.6548 0.0251 1.0491 0.2786 0.0356 ...
 $ PrevRaceHorse.FirstTimeSdv       : num  -0.6849 0.0129 1.1034 0.2973 0.0135 ...
 $ PrevRaceHorse.LastTimeSdv        : num  -0.4668 0.0753 0.8286 0.1937 0.1308 ...
 $ PrevRaceHorse.IsRun              : num  1 1 1 1 1 1 1 1 1 1 ...
 $ PrevRaceHorse.IsHit1             : num  0 0 0 0 0 0 0 0 0 0 ...
 $ PrevRaceHorse.IsHit2             : num  0 0 0 0 0 0 0 0 0 0 ...
 $ PrevRaceHorse.IsHit3             : num  0 0 0 0 0 0 0 0 1 0 ...
 $ PrevRaceHorse.IsHit4             : num  0 0 0 0 0 0 1 0 0 1 ...
 $ PrevRaceHorse.IsHit5             : num  0 0 1 1 0 0 0 0 0 0 ...
 $ PrevRaceHorse.RowNum             : num  1 2 3 4 1 1 2 3 1 2 ...
 $ PrevOdds.RealOddsLog1            : num  4.13 3.44 3.32 3.12 3.41 ...
 $ EOF                              : int  1 1 1 1 1 1 1 1 1 1 ...
NULL
[1] "2022-03-09 09:00:40 --- transform Finish ---"
[1] "2022-03-09 09:00:40 --- na.omit Start ---"
[1] "--------------------------------------------------------------------------------"
[1] "nrow(data) na.omit before=6181"
[1] "nrow(data) na.omit after =5826"
[1] "nrow(data) na.omit diff =355"
[1] "--------------------------------------------------------------------------------"
'data.frame':	5826 obs. of  45 variables:
 $ Race.RaceId                      : Factor w/ 213 levels "20160109-06-01-02-08",..: 1 2 2 2 2 2 2 2 2 2 ...
 $ Race.IsAnalyzeNormalPastAndFuture: logi  TRUE TRUE TRUE TRUE TRUE TRUE ...
 $ Race.IsAnalyzeNormalPast         : logi  TRUE TRUE TRUE TRUE TRUE TRUE ...
 $ Race.IsAnalyzeNormalFuture       : logi  FALSE FALSE FALSE FALSE FALSE FALSE ...
 $ Race.IsAnalyzeFullPastAndFuture  : logi  TRUE TRUE TRUE TRUE TRUE TRUE ...
 $ Race.IsAnalyzeFullPast           : logi  TRUE TRUE TRUE TRUE TRUE TRUE ...
 $ Race.IsAnalyzeFullFuture         : logi  FALSE FALSE FALSE FALSE FALSE FALSE ...
 $ Race.JyokenCd                    : Factor w/ 1 level "1": 1 1 1 1 1 1 1 1 1 1 ...
 $ Race.JyoType1Cd                  : Factor w/ 55 levels "52-06-3200-1",..: 1 2 2 2 2 2 2 2 2 2 ...
 $ Race.RaceType1Cd                 : Factor w/ 2 levels "3-1-19","3-1-18": 1 1 1 1 1 1 1 1 1 1 ...
 $ RaceHorse.RaceId                 : Factor w/ 213 levels "20160109-06-01-02-08",..: 1 2 2 2 2 2 2 2 2 2 ...
 $ RaceHorse.KettoNum               : Factor w/ 386 levels "2009103053","2010100880",..: 2 3 3 3 4 4 4 4 5 5 ...
 $ RaceHorse.IsHit1                 : num  0 0 0 0 0 0 0 0 0 0 ...
 $ RaceHorse.IsHit2                 : num  0 0 0 0 0 0 0 0 0 0 ...
 $ RaceHorse.IsHit3                 : num  0 0 0 0 1 1 1 1 0 0 ...
 $ RaceHorse.IsHit4                 : num  1 0 0 0 0 0 0 0 0 0 ...
 $ RaceHorse.IsHit5                 : num  0 0 0 0 0 0 0 0 0 0 ...
 $ RaceHorse.IsHit6                 : num  0 1 1 1 0 0 0 0 1 1 ...
 $ RaceHorse.IsValidRaceHorse       : logi  TRUE TRUE TRUE TRUE TRUE TRUE ...
 $ RaceHorse.FinishTimeSdvByRace    : num  0.547 0.215 0.215 0.215 0.541 ...
 $ RaceHorse.FirstTimeSdvByRace     : num  0.501 0.276 0.276 0.276 0.537 ...
 $ RaceHorse.LastTimeSdvByRace      : num  0.7293 -0.0921 -0.0921 -0.0921 0.5523 ...
 $ RaceHorse.FinishTimeSdv          : num  0.598 0.332 0.332 0.332 0.672 ...
 $ RaceHorse.FirstTimeSdv           : num  0.573 0.384 0.384 0.384 0.658 ...
 $ RaceHorse.LastTimeSdv            : num  0.6919 0.0769 0.0769 0.0769 0.7098 ...
 $ RaceHorse.IsHitA                 : num  0 0 0 0 0 0 0 0 0 0 ...
 $ RaceHorse.IsHitB                 : num  0 0 0 0 0 0 0 0 0 0 ...
 $ RaceHorse.IsHitC                 : num  0 0 0 0 1 1 1 1 0 0 ...
 $ PrevRaceHorse.RaceId             : Factor w/ 317 levels "20150530-08-03-11-08",..: 5 6 7 8 9 10 11 12 13 14 ...
 $ PrevRaceHorse.KettoNum           : Factor w/ 386 levels "2009103053","2010100880",..: 2 3 3 3 4 4 4 4 5 5 ...
 $ PrevRaceHorse.FinishTimeSdvByRace: num  0.251 -1.487 0.738 -0.24 1.037 ...
 $ PrevRaceHorse.FirstTimeSdvByRace : num  0.227 -1.559 0.927 -0.344 1.049 ...
 $ PrevRaceHorse.LastTimeSdvByRace  : num  0.364 -1.102 0 0.22 0.962 ...
 $ PrevRaceHorse.FinishTimeSdv      : num  0.0356 -0.4488 1.431 -0.8366 0.5539 ...
 $ PrevRaceHorse.FirstTimeSdv       : num  0.0135 -0.5044 1.4541 -0.884 0.6112 ...
 $ PrevRaceHorse.LastTimeSdv        : num  0.131 -0.166 1.321 -0.574 0.283 ...
 $ PrevRaceHorse.IsRun              : num  1 1 1 1 1 1 1 1 1 1 ...
 $ PrevRaceHorse.IsHit1             : num  0 0 0 0 0 0 0 0 0 0 ...
 $ PrevRaceHorse.IsHit2             : num  0 0 0 0 0 0 0 0 0 0 ...
 $ PrevRaceHorse.IsHit3             : num  0 0 0 0 1 0 1 0 0 0 ...
 $ PrevRaceHorse.IsHit4             : num  0 0 1 0 0 1 0 0 0 0 ...
 $ PrevRaceHorse.IsHit5             : num  0 0 0 0 0 0 0 1 0 0 ...
 $ PrevRaceHorse.RowNum             : num  1 1 2 3 1 2 3 4 1 2 ...
 $ PrevOdds.RealOddsLog1            : num  3.41 2.89 4.1 3.24 4.04 ...
 $ EOF                              : int  1 1 1 1 1 1 1 1 1 1 ...
 - attr(*, "na.action")= 'omit' Named int  1 2 3 4 124 163 165 166 167 168 ...
  ..- attr(*, "names")= chr  "1" "2" "3" "4" ...
[1] "2022-03-09 09:00:41 --- na.omit Finish ---"
[1] "2022-03-09 09:00:41 --- rxLogit with rxStepControl Start ---"

> print(paste0(Sys.time(), " --- source_logic_glm.R Start ---"))
[1] "2022-03-09 09:00:41 --- source_logic_glm.R Start ---"

> formula <- formula(RaceHorse.IsHitA ~ +1 + PrevRaceHorse.FinishTimeSdvByRace)

> print(paste0(Sys.time(), " --- source_logic_glm.R Finished ---"))
[1] "2022-03-09 09:00:41 --- source_logic_glm.R Finished ---"
Rows Read: 5826, Total Rows Processed: 5826, Total Chunk Time: 0.001 seconds 

Starting values (iteration 1) time: 0.010 secs.
Rows Read: 5826, Total Rows Processed: 5826, Total Chunk Time: Less than .001 seconds 

Iteration 2 time: 0.006 secs.
Rows Read: 5826, Total Rows Processed: 5826, Total Chunk Time: Less than .001 seconds 

Iteration 3 time: 0.008 secs.
Rows Read: 5826, Total Rows Processed: 5826, Total Chunk Time: 0.001 seconds 

Iteration 4 time: 0.005 secs.
Rows Read: 5826, Total Rows Processed: 5826, Total Chunk Time: 0.001 seconds 

Iteration 5 time: 0.004 secs.

Elapsed computation time: 0.054 secs.
Rows Read: 5826, Total Rows Processed: 5826, Total Chunk Time: Less than .001 seconds 

Starting values (iteration 1) time: 0.003 secs.
Rows Read: 5826, Total Rows Processed: 5826, Total Chunk Time: 0.001 seconds 

Iteration 2 time: 0.005 secs.

Elapsed computation time: 0.019 secs.
Rows Read: 5826, Total Rows Processed: 5826, Total Chunk Time: Less than .001 seconds 

Starting values (iteration 1) time: 0.005 secs.
Rows Read: 5826, Total Rows Processed: 5826, Total Chunk Time: Less than .001 seconds 

Iteration 2 time: 0.007 secs.
Rows Read: 5826, Total Rows Processed: 5826, Total Chunk Time: 0.002 seconds 

Iteration 3 time: 0.003 secs.
Rows Read: 5826, Total Rows Processed: 5826, Total Chunk Time: Less than .001 seconds 

Iteration 4 time: 0.006 secs.
Rows Read: 5826, Total Rows Processed: 5826, Total Chunk Time: Less than .001 seconds 

Iteration 5 time: 0.005 secs.

Elapsed computation time: 0.051 secs.

Elapsed computation time: 0.141 secs.
[1] "--------------------------------------------------------------------------------"
[1] "analyze.results.glm.step="
Logistic Regression Results for: RaceHorse.IsHitA ~
    PrevRaceHorse.FinishTimeSdvByRace
Data: data
Dependent variable(s): RaceHorse.IsHitA
Total independent variables: 2 
Number of valid observations: 5826
Number of missing observations: 0 
 
Coefficients:
                                  RaceHorse.IsHitA
(Intercept)                                   -2.7
PrevRaceHorse.FinishTimeSdvByRace              0.9
[1] "analyze.results.glm.step.summary"
Call:
rxLogit(formula = formula, data = data, variableSelection = analyze.results.glm.step.varsel)

Logistic Regression Results for: RaceHorse.IsHitA ~
    PrevRaceHorse.FinishTimeSdvByRace
Data: data
Dependent variable(s): RaceHorse.IsHitA
Total independent variables: 2 
Number of valid observations: 5826
Number of missing observations: 0 
-2*LogLikelihood: 3434.402 (Residual deviance on 5824 degrees of freedom)
 
Coefficients:
                                  Estimate Std. Error z value Pr(>|z|)    
(Intercept)                        -2.6874     0.0649   -41.4  2.2e-16 ***
PrevRaceHorse.FinishTimeSdvByRace   0.8515     0.0721    11.8  2.2e-16 ***
---
Signif. codes:  0 '***' 0.001 '**' 0.01 '*' 0.05 '.' 0.1 ' ' 1

Condition number of final variance-covariance matrix: 1 
Number of iterations: 5
[1] "--------------------------------------------------------------------------------"
[1] "2022-03-09 09:00:41 --- rxLogit with rxStepControl Finish ---"
[1] "2022-03-09 09:00:41 --- rxStepPlot Start ---"
[1] "pdfFilename=pdf_analyze_glm_Horse_Type31_rxStepPlot.pdf"
[1] "rxStepPlot="
[1] "2022-03-09 09:00:41 --- rxStepPlot Finish ---"
[1] "2022-03-09 09:00:41 --- save.image Start ---"
[1] "save.image"
[1] "rdataFilename=RData_analyze_glm_Horse_Type31.RData"
[1] "2022-03-09 09:00:41 --- save.image Finish ---"
[1] "2022-03-09 09:00:41 --- final Start ---"
[1] "--------------------------------------------------------------------------------"
[1] "nrow(data) final=5826"
[1] "--------------------------------------------------------------------------------"
[1] "2022-03-09 09:00:41 --- final Finish ---"
[1] "2022-03-09 09:00:41 --- analyze_glm.R Finished ---"
[1] "2022-03-09 09:00:41 --- log Finish ---"
