[1] "2022-03-09 08:57:26 --- D1116_analyze_glm_Gen02_IsHitA_Type24 Start ---"
[1] "2022-03-09 08:57:26 --- Log Start ---"
[1] "2022-03-09 08:57:26 --- analyze_glm.R Start ---"
[1] "analyzeVersion=D1116"
[1] "analyzeCategory=analyze"
[1] "analyzeType=Gen02"
[1] "analyzeFamily=IsHitA"
[1] "analyzeFunc=glm"
[1] "analyzeTrackTypeCd=2"
[1] "analyzeJyokenCd=4"
[1] "2022-03-09 08:57:26 --- source_function.R Start ---"
[1] "2022-03-09 08:57:26 --- source_function.R Finished ---"

> print(paste0(Sys.time(), " --- source_library.R Start ---"))
[1] "2022-03-09 08:57:26 --- source_library.R Start ---"

> require("RevoScaleR")

> print(paste0(Sys.time(), " --- source_library.R Finished ---"))
[1] "2022-03-09 08:57:27 --- source_library.R Finished ---"
[1] "2022-03-09 08:57:27 --- RxSqlServerData Start ---"
[1] "2022-03-09 08:57:27 --- RxInSqlServer Start ---"
[1] "2022-03-09 08:57:27 --- RxInSqlServer Finish ---"
[1] "2022-03-09 08:57:27 --- rxSetComputeContext Start ---"
[1] "2022-03-09 08:57:27 --- rxSetComputeContext Finish ---"
[1] "2022-03-09 08:57:27 --- RxSqlServerData Start ---"
[1] "sqlQuery=SELECT * FROM ViewAnalyzeD1116analyze01Gen02Type24"
[1] "2022-03-09 08:57:27 --- RxSqlServerData Finish ---"
[1] "2022-03-09 08:57:27 --- rxGetVarInfo Start ---"
[1] "2022-03-09 08:57:27 --- rxGetVarInfo Finish---"
[1] "2022-03-09 08:57:27 --- rxImport Start ---"
Rows Read: 187227, Total Rows Processed: 187227, Total Chunk Time: 7.557 seconds 
[1] "2022-03-09 08:57:41 --- rxImport Finish ---"
[1] "object.size(data) auto=54.9 Mb"
[1] "--------------------------------------------------------------------------------"
[1] "nrow(data) RxSqlServerData=187227"
[1] "--------------------------------------------------------------------------------"
[1] "str(data)="
'data.frame':	187227 obs. of  45 variables:
 $ Race.RaceId                      : Factor w/ 2829 levels "20160105-06-01-01-03",..: 1 1 1 1 1 1 1 1 1 1 ...
 $ Race.IsAnalyzeNormalPastAndFuture: logi  TRUE TRUE TRUE TRUE TRUE TRUE ...
 $ Race.IsAnalyzeNormalPast         : logi  TRUE TRUE TRUE TRUE TRUE TRUE ...
 $ Race.IsAnalyzeNormalFuture       : logi  FALSE FALSE FALSE FALSE FALSE FALSE ...
 $ Race.IsAnalyzeFullPastAndFuture  : logi  TRUE TRUE TRUE TRUE TRUE TRUE ...
 $ Race.IsAnalyzeFullPast           : logi  TRUE TRUE TRUE TRUE TRUE TRUE ...
 $ Race.IsAnalyzeFullFuture         : logi  FALSE FALSE FALSE FALSE FALSE FALSE ...
 $ Race.JyokenCd                    : Factor w/ 1 level "4": 1 1 1 1 1 1 1 1 1 1 ...
 $ Race.JyoType1Cd                  : Factor w/ 131 levels "24-06-1200-1",..: 1 1 1 1 1 1 1 1 1 1 ...
 $ Race.RaceType1Cd                 : Factor w/ 4 levels "2-4-14","2-4-12",..: 1 1 1 1 1 1 1 1 1 1 ...
 $ RaceHorse.RaceId                 : Factor w/ 2829 levels "20160105-06-01-01-03",..: 1 1 1 1 1 1 1 1 1 1 ...
 $ RaceHorse.KettoNum               : Factor w/ 6538 levels "2011101394","2011101687",..: 1 1 1 1 1 2 2 3 4 4 ...
 $ RaceHorse.IsHit1                 : num  0 0 0 0 0 0 0 1 0 0 ...
 $ RaceHorse.IsHit2                 : num  0 0 0 0 0 1 1 0 0 0 ...
 $ RaceHorse.IsHit3                 : num  0 0 0 0 0 0 0 0 0 0 ...
 $ RaceHorse.IsHit4                 : num  0 0 0 0 0 0 0 0 1 1 ...
 $ RaceHorse.IsHit5                 : num  0 0 0 0 0 0 0 0 0 0 ...
 $ RaceHorse.IsHit6                 : num  1 1 1 1 1 0 0 0 0 0 ...
 $ RaceHorse.IsValidRaceHorse       : logi  TRUE TRUE TRUE TRUE TRUE TRUE ...
 $ RaceHorse.FinishTimeSdvByRace    : num  0.187 0.187 0.187 0.187 0.187 ...
 $ RaceHorse.FirstTimeSdvByRace     : num  -1.42 -1.42 -1.42 -1.42 -1.42 ...
 $ RaceHorse.LastTimeSdvByRace      : num  1.15 1.15 1.15 1.15 1.15 ...
 $ RaceHorse.FinishTimeSdv          : num  0.835 0.835 0.835 0.835 0.835 ...
 $ RaceHorse.FirstTimeSdv           : num  -0.221 -0.221 -0.221 -0.221 -0.221 ...
 $ RaceHorse.LastTimeSdv            : num  1.24 1.24 1.24 1.24 1.24 ...
 $ RaceHorse.IsHitA                 : num  0 0 0 0 0 0 0 1 0 0 ...
 $ RaceHorse.IsHitB                 : num  0 0 0 0 0 1 1 1 0 0 ...
 $ RaceHorse.IsHitC                 : num  0 0 0 0 0 1 1 1 0 0 ...
 $ PrevRaceHorse.RaceId             : Factor w/ 6281 levels "20150531-05-02-12-07",..: 1 2 3 4 5 6 7 8 9 10 ...
 $ PrevRaceHorse.KettoNum           : Factor w/ 8447 levels "2011101394","2010101477",..: 1 1 2 2 2 3 3 4 5 5 ...
 $ PrevRaceHorse.FinishTimeSdvByRace: num  0.996 0.789 -1.93 0.379 -1.525 ...
 $ PrevRaceHorse.FirstTimeSdvByRace : num  1.0759 0.3297 0.0697 1.0928 0.4008 ...
 $ PrevRaceHorse.LastTimeSdvByRace  : num  0.5489 0.6329 -2.1261 -0.0681 -1.6173 ...
 $ PrevRaceHorse.FinishTimeSdv      : num  0.4262 0.5663 -0.0706 -0.951 -0.3778 ...
 $ PrevRaceHorse.FirstTimeSdv       : num  -0.269 -0.442 0.153 -1.714 0.245 ...
 $ PrevRaceHorse.LastTimeSdv        : num  0.775 1.073 -0.239 0.257 -0.755 ...
 $ PrevRaceHorse.IsRun              : num  1 1 1 1 1 1 1 1 1 1 ...
 $ PrevRaceHorse.IsHit1             : num  0 0 0 0 0 0 0 1 0 0 ...
 $ PrevRaceHorse.IsHit2             : num  0 0 0 0 0 0 0 0 0 1 ...
 $ PrevRaceHorse.IsHit3             : num  0 0 0 0 0 0 0 0 0 0 ...
 $ PrevRaceHorse.IsHit4             : num  1 0 0 0 0 0 0 0 0 0 ...
 $ PrevRaceHorse.IsHit5             : num  0 1 0 0 0 0 0 0 0 0 ...
 $ PrevRaceHorse.RowNum             : num  1 2 3 4 5 1 2 1 1 2 ...
 $ PrevOdds.RealOddsLog1            : num  2.45 3.69 3.68 4.38 4.68 ...
 $ EOF                              : int  1 1 1 1 1 1 1 1 1 1 ...
[1] "2022-03-09 08:57:42 --- RxSqlServerData Finish ---"
[1] "2022-03-09 08:57:42 --- subset Start ---"
[1] "--------------------------------------------------------------------------------"
[1] "nrow(data) subset before=187227"
[1] "nrow(data) subset after =187227"
[1] "nrow(data) subset diff =0"
[1] "--------------------------------------------------------------------------------"
[1] "2022-03-09 08:57:42 --- subset Finish---"
[1] "2022-03-09 08:57:42 --- transform Start ---"
[1] "--------------------------------------------------------------------------------"
[1] "nrow(data) transform before=187227"
[1] "nrow(data) transform after=187227"
[1] "nrow(data) transform diff=0"
[1] "--------------------------------------------------------------------------------"
[1] "str(data)="
'data.frame':	187227 obs. of  45 variables:
 $ Race.RaceId                      : Factor w/ 2829 levels "20160105-06-01-01-03",..: 1 1 1 1 1 1 1 1 1 1 ...
 $ Race.IsAnalyzeNormalPastAndFuture: logi  TRUE TRUE TRUE TRUE TRUE TRUE ...
 $ Race.IsAnalyzeNormalPast         : logi  TRUE TRUE TRUE TRUE TRUE TRUE ...
 $ Race.IsAnalyzeNormalFuture       : logi  FALSE FALSE FALSE FALSE FALSE FALSE ...
 $ Race.IsAnalyzeFullPastAndFuture  : logi  TRUE TRUE TRUE TRUE TRUE TRUE ...
 $ Race.IsAnalyzeFullPast           : logi  TRUE TRUE TRUE TRUE TRUE TRUE ...
 $ Race.IsAnalyzeFullFuture         : logi  FALSE FALSE FALSE FALSE FALSE FALSE ...
 $ Race.JyokenCd                    : Factor w/ 1 level "4": 1 1 1 1 1 1 1 1 1 1 ...
 $ Race.JyoType1Cd                  : Factor w/ 131 levels "24-06-1200-1",..: 1 1 1 1 1 1 1 1 1 1 ...
 $ Race.RaceType1Cd                 : Factor w/ 4 levels "2-4-14","2-4-12",..: 1 1 1 1 1 1 1 1 1 1 ...
 $ RaceHorse.RaceId                 : Factor w/ 2829 levels "20160105-06-01-01-03",..: 1 1 1 1 1 1 1 1 1 1 ...
 $ RaceHorse.KettoNum               : Factor w/ 6538 levels "2011101394","2011101687",..: 1 1 1 1 1 2 2 3 4 4 ...
 $ RaceHorse.IsHit1                 : num  0 0 0 0 0 0 0 1 0 0 ...
 $ RaceHorse.IsHit2                 : num  0 0 0 0 0 1 1 0 0 0 ...
 $ RaceHorse.IsHit3                 : num  0 0 0 0 0 0 0 0 0 0 ...
 $ RaceHorse.IsHit4                 : num  0 0 0 0 0 0 0 0 1 1 ...
 $ RaceHorse.IsHit5                 : num  0 0 0 0 0 0 0 0 0 0 ...
 $ RaceHorse.IsHit6                 : num  1 1 1 1 1 0 0 0 0 0 ...
 $ RaceHorse.IsValidRaceHorse       : logi  TRUE TRUE TRUE TRUE TRUE TRUE ...
 $ RaceHorse.FinishTimeSdvByRace    : num  0.187 0.187 0.187 0.187 0.187 ...
 $ RaceHorse.FirstTimeSdvByRace     : num  -1.42 -1.42 -1.42 -1.42 -1.42 ...
 $ RaceHorse.LastTimeSdvByRace      : num  1.15 1.15 1.15 1.15 1.15 ...
 $ RaceHorse.FinishTimeSdv          : num  0.835 0.835 0.835 0.835 0.835 ...
 $ RaceHorse.FirstTimeSdv           : num  -0.221 -0.221 -0.221 -0.221 -0.221 ...
 $ RaceHorse.LastTimeSdv            : num  1.24 1.24 1.24 1.24 1.24 ...
 $ RaceHorse.IsHitA                 : num  0 0 0 0 0 0 0 1 0 0 ...
 $ RaceHorse.IsHitB                 : num  0 0 0 0 0 1 1 1 0 0 ...
 $ RaceHorse.IsHitC                 : num  0 0 0 0 0 1 1 1 0 0 ...
 $ PrevRaceHorse.RaceId             : Factor w/ 6281 levels "20150531-05-02-12-07",..: 1 2 3 4 5 6 7 8 9 10 ...
 $ PrevRaceHorse.KettoNum           : Factor w/ 8447 levels "2011101394","2010101477",..: 1 1 2 2 2 3 3 4 5 5 ...
 $ PrevRaceHorse.FinishTimeSdvByRace: num  0.996 0.789 -1.93 0.379 -1.525 ...
 $ PrevRaceHorse.FirstTimeSdvByRace : num  1.0759 0.3297 0.0697 1.0928 0.4008 ...
 $ PrevRaceHorse.LastTimeSdvByRace  : num  0.5489 0.6329 -2.1261 -0.0681 -1.6173 ...
 $ PrevRaceHorse.FinishTimeSdv      : num  0.4262 0.5663 -0.0706 -0.951 -0.3778 ...
 $ PrevRaceHorse.FirstTimeSdv       : num  -0.269 -0.442 0.153 -1.714 0.245 ...
 $ PrevRaceHorse.LastTimeSdv        : num  0.775 1.073 -0.239 0.257 -0.755 ...
 $ PrevRaceHorse.IsRun              : num  1 1 1 1 1 1 1 1 1 1 ...
 $ PrevRaceHorse.IsHit1             : num  0 0 0 0 0 0 0 1 0 0 ...
 $ PrevRaceHorse.IsHit2             : num  0 0 0 0 0 0 0 0 0 1 ...
 $ PrevRaceHorse.IsHit3             : num  0 0 0 0 0 0 0 0 0 0 ...
 $ PrevRaceHorse.IsHit4             : num  1 0 0 0 0 0 0 0 0 0 ...
 $ PrevRaceHorse.IsHit5             : num  0 1 0 0 0 0 0 0 0 0 ...
 $ PrevRaceHorse.RowNum             : num  1 2 3 4 5 1 2 1 1 2 ...
 $ PrevOdds.RealOddsLog1            : num  2.45 3.69 3.68 4.38 4.68 ...
 $ EOF                              : int  1 1 1 1 1 1 1 1 1 1 ...
NULL
[1] "2022-03-09 08:57:42 --- transform Finish ---"
[1] "2022-03-09 08:57:42 --- na.omit Start ---"
[1] "--------------------------------------------------------------------------------"
[1] "nrow(data) na.omit before=187227"
[1] "nrow(data) na.omit after =185695"
[1] "nrow(data) na.omit diff =1532"
[1] "--------------------------------------------------------------------------------"
'data.frame':	185695 obs. of  45 variables:
 $ Race.RaceId                      : Factor w/ 2829 levels "20160105-06-01-01-03",..: 1 1 1 1 1 1 1 1 1 1 ...
 $ Race.IsAnalyzeNormalPastAndFuture: logi  TRUE TRUE TRUE TRUE TRUE TRUE ...
 $ Race.IsAnalyzeNormalPast         : logi  TRUE TRUE TRUE TRUE TRUE TRUE ...
 $ Race.IsAnalyzeNormalFuture       : logi  FALSE FALSE FALSE FALSE FALSE FALSE ...
 $ Race.IsAnalyzeFullPastAndFuture  : logi  TRUE TRUE TRUE TRUE TRUE TRUE ...
 $ Race.IsAnalyzeFullPast           : logi  TRUE TRUE TRUE TRUE TRUE TRUE ...
 $ Race.IsAnalyzeFullFuture         : logi  FALSE FALSE FALSE FALSE FALSE FALSE ...
 $ Race.JyokenCd                    : Factor w/ 1 level "4": 1 1 1 1 1 1 1 1 1 1 ...
 $ Race.JyoType1Cd                  : Factor w/ 131 levels "24-06-1200-1",..: 1 1 1 1 1 1 1 1 1 1 ...
 $ Race.RaceType1Cd                 : Factor w/ 4 levels "2-4-14","2-4-12",..: 1 1 1 1 1 1 1 1 1 1 ...
 $ RaceHorse.RaceId                 : Factor w/ 2829 levels "20160105-06-01-01-03",..: 1 1 1 1 1 1 1 1 1 1 ...
 $ RaceHorse.KettoNum               : Factor w/ 6538 levels "2011101394","2011101687",..: 1 1 1 1 1 2 2 3 4 4 ...
 $ RaceHorse.IsHit1                 : num  0 0 0 0 0 0 0 1 0 0 ...
 $ RaceHorse.IsHit2                 : num  0 0 0 0 0 1 1 0 0 0 ...
 $ RaceHorse.IsHit3                 : num  0 0 0 0 0 0 0 0 0 0 ...
 $ RaceHorse.IsHit4                 : num  0 0 0 0 0 0 0 0 1 1 ...
 $ RaceHorse.IsHit5                 : num  0 0 0 0 0 0 0 0 0 0 ...
 $ RaceHorse.IsHit6                 : num  1 1 1 1 1 0 0 0 0 0 ...
 $ RaceHorse.IsValidRaceHorse       : logi  TRUE TRUE TRUE TRUE TRUE TRUE ...
 $ RaceHorse.FinishTimeSdvByRace    : num  0.187 0.187 0.187 0.187 0.187 ...
 $ RaceHorse.FirstTimeSdvByRace     : num  -1.42 -1.42 -1.42 -1.42 -1.42 ...
 $ RaceHorse.LastTimeSdvByRace      : num  1.15 1.15 1.15 1.15 1.15 ...
 $ RaceHorse.FinishTimeSdv          : num  0.835 0.835 0.835 0.835 0.835 ...
 $ RaceHorse.FirstTimeSdv           : num  -0.221 -0.221 -0.221 -0.221 -0.221 ...
 $ RaceHorse.LastTimeSdv            : num  1.24 1.24 1.24 1.24 1.24 ...
 $ RaceHorse.IsHitA                 : num  0 0 0 0 0 0 0 1 0 0 ...
 $ RaceHorse.IsHitB                 : num  0 0 0 0 0 1 1 1 0 0 ...
 $ RaceHorse.IsHitC                 : num  0 0 0 0 0 1 1 1 0 0 ...
 $ PrevRaceHorse.RaceId             : Factor w/ 6281 levels "20150531-05-02-12-07",..: 1 2 3 4 5 6 7 8 9 10 ...
 $ PrevRaceHorse.KettoNum           : Factor w/ 8447 levels "2011101394","2010101477",..: 1 1 2 2 2 3 3 4 5 5 ...
 $ PrevRaceHorse.FinishTimeSdvByRace: num  0.996 0.789 -1.93 0.379 -1.525 ...
 $ PrevRaceHorse.FirstTimeSdvByRace : num  1.0759 0.3297 0.0697 1.0928 0.4008 ...
 $ PrevRaceHorse.LastTimeSdvByRace  : num  0.5489 0.6329 -2.1261 -0.0681 -1.6173 ...
 $ PrevRaceHorse.FinishTimeSdv      : num  0.4262 0.5663 -0.0706 -0.951 -0.3778 ...
 $ PrevRaceHorse.FirstTimeSdv       : num  -0.269 -0.442 0.153 -1.714 0.245 ...
 $ PrevRaceHorse.LastTimeSdv        : num  0.775 1.073 -0.239 0.257 -0.755 ...
 $ PrevRaceHorse.IsRun              : num  1 1 1 1 1 1 1 1 1 1 ...
 $ PrevRaceHorse.IsHit1             : num  0 0 0 0 0 0 0 1 0 0 ...
 $ PrevRaceHorse.IsHit2             : num  0 0 0 0 0 0 0 0 0 1 ...
 $ PrevRaceHorse.IsHit3             : num  0 0 0 0 0 0 0 0 0 0 ...
 $ PrevRaceHorse.IsHit4             : num  1 0 0 0 0 0 0 0 0 0 ...
 $ PrevRaceHorse.IsHit5             : num  0 1 0 0 0 0 0 0 0 0 ...
 $ PrevRaceHorse.RowNum             : num  1 2 3 4 5 1 2 1 1 2 ...
 $ PrevOdds.RealOddsLog1            : num  2.45 3.69 3.68 4.38 4.68 ...
 $ EOF                              : int  1 1 1 1 1 1 1 1 1 1 ...
 - attr(*, "na.action")= 'omit' Named int  1934 2313 2314 2315 2316 2317 2318 2559 2560 2938 ...
  ..- attr(*, "names")= chr  "1934" "2313" "2314" "2315" ...
[1] "2022-03-09 08:57:43 --- na.omit Finish ---"
[1] "2022-03-09 08:57:43 --- rxLogit with rxStepControl Start ---"

> print(paste0(Sys.time(), " --- source_logic_glm.R Start ---"))
[1] "2022-03-09 08:57:43 --- source_logic_glm.R Start ---"

> formula <- formula(RaceHorse.IsHitA ~ +1 + PrevRaceHorse.FinishTimeSdvByRace)

> print(paste0(Sys.time(), " --- source_logic_glm.R Finished ---"))
[1] "2022-03-09 08:57:43 --- source_logic_glm.R Finished ---"
Rows Read: 185695, Total Rows Processed: 185695, Total Chunk Time: 0.004 seconds 

Starting values (iteration 1) time: 0.015 secs.
Rows Read: 185695, Total Rows Processed: 185695, Total Chunk Time: 0.009 seconds 

Iteration 2 time: 0.015 secs.
Rows Read: 185695, Total Rows Processed: 185695, Total Chunk Time: 0.008 seconds 

Iteration 3 time: 0.011 secs.
Rows Read: 185695, Total Rows Processed: 185695, Total Chunk Time: 0.008 seconds 

Iteration 4 time: 0.011 secs.

Elapsed computation time: 0.059 secs.
Rows Read: 185695, Total Rows Processed: 185695, Total Chunk Time: 0.002 seconds 

Starting values (iteration 1) time: 0.012 secs.
Rows Read: 185695, Total Rows Processed: 185695, Total Chunk Time: 0.006 seconds 

Iteration 2 time: 0.012 secs.

Elapsed computation time: 0.031 secs.
Rows Read: 185695, Total Rows Processed: 185695, Total Chunk Time: 0.004 seconds 

Starting values (iteration 1) time: 0.014 secs.
Rows Read: 185695, Total Rows Processed: 185695, Total Chunk Time: 0.009 seconds 

Iteration 2 time: 0.017 secs.
Rows Read: 185695, Total Rows Processed: 185695, Total Chunk Time: 0.009 seconds 

Iteration 3 time: 0.012 secs.
Rows Read: 185695, Total Rows Processed: 185695, Total Chunk Time: 0.023 seconds 

Iteration 4 time: 0.032 secs.

Elapsed computation time: 0.109 secs.

Elapsed computation time: 0.226 secs.
[1] "--------------------------------------------------------------------------------"
[1] "analyze.results.glm.step="
Logistic Regression Results for: RaceHorse.IsHitA ~
    PrevRaceHorse.FinishTimeSdvByRace
Data: data
Dependent variable(s): RaceHorse.IsHitA
Total independent variables: 2 
Number of valid observations: 185695
Number of missing observations: 0 
 
Coefficients:
                                  RaceHorse.IsHitA
(Intercept)                                   -2.6
PrevRaceHorse.FinishTimeSdvByRace              0.3
[1] "analyze.results.glm.step.summary"
Call:
rxLogit(formula = formula, data = data, variableSelection = analyze.results.glm.step.varsel)

Logistic Regression Results for: RaceHorse.IsHitA ~
    PrevRaceHorse.FinishTimeSdvByRace
Data: data
Dependent variable(s): RaceHorse.IsHitA
Total independent variables: 2 
Number of valid observations: 185695
Number of missing observations: 0 
-2*LogLikelihood: 96259.415 (Residual deviance on 185693 degrees of freedom)
 
Coefficients:
                                  Estimate Std. Error z value Pr(>|z|)    
(Intercept)                         -2.640      0.010    -264  2.2e-16 ***
PrevRaceHorse.FinishTimeSdvByRace    0.349      0.012      29  2.2e-16 ***
---
Signif. codes:  0 '***' 0.001 '**' 0.01 '*' 0.05 '.' 0.1 ' ' 1

Condition number of final variance-covariance matrix: 1 
Number of iterations: 4
[1] "--------------------------------------------------------------------------------"
[1] "2022-03-09 08:57:43 --- rxLogit with rxStepControl Finish ---"
[1] "2022-03-09 08:57:43 --- rxStepPlot Start ---"
[1] "pdfFilename=pdf_analyze_glm_Gen02_Type24_rxStepPlot.pdf"
[1] "rxStepPlot="
[1] "2022-03-09 08:57:43 --- rxStepPlot Finish ---"
[1] "2022-03-09 08:57:43 --- save.image Start ---"
[1] "save.image"
[1] "rdataFilename=RData_analyze_glm_Gen02_Type24.RData"
[1] "2022-03-09 08:57:44 --- save.image Finish ---"
[1] "2022-03-09 08:57:44 --- final Start ---"
[1] "--------------------------------------------------------------------------------"
[1] "nrow(data) final=185695"
[1] "--------------------------------------------------------------------------------"
[1] "2022-03-09 08:57:44 --- final Finish ---"
[1] "2022-03-09 08:57:44 --- analyze_glm.R Finished ---"
[1] "2022-03-09 08:57:44 --- log Finish ---"
