[1] "2022-03-09 09:01:15 --- D1116_analyze_glm_Jockey_IsHitA_Type31 Start ---"
[1] "2022-03-09 09:01:15 --- Log Start ---"
[1] "2022-03-09 09:01:15 --- analyze_glm.R Start ---"
[1] "analyzeVersion=D1116"
[1] "analyzeCategory=analyze"
[1] "analyzeType=Jockey"
[1] "analyzeFamily=IsHitA"
[1] "analyzeFunc=glm"
[1] "analyzeTrackTypeCd=3"
[1] "analyzeJyokenCd=1"
[1] "2022-03-09 09:01:15 --- source_function.R Start ---"
[1] "2022-03-09 09:01:15 --- source_function.R Finished ---"

> print(paste0(Sys.time(), " --- source_library.R Start ---"))
[1] "2022-03-09 09:01:15 --- source_library.R Start ---"

> require("RevoScaleR")

> print(paste0(Sys.time(), " --- source_library.R Finished ---"))
[1] "2022-03-09 09:01:15 --- source_library.R Finished ---"
[1] "2022-03-09 09:01:15 --- RxSqlServerData Start ---"
[1] "2022-03-09 09:01:15 --- RxInSqlServer Start ---"
[1] "2022-03-09 09:01:15 --- RxInSqlServer Finish ---"
[1] "2022-03-09 09:01:15 --- rxSetComputeContext Start ---"
[1] "2022-03-09 09:01:15 --- rxSetComputeContext Finish ---"
[1] "2022-03-09 09:01:15 --- RxSqlServerData Start ---"
[1] "sqlQuery=SELECT * FROM ViewAnalyzeD1116analyze01JockeyType31"
[1] "2022-03-09 09:01:16 --- RxSqlServerData Finish ---"
[1] "2022-03-09 09:01:16 --- rxGetVarInfo Start ---"
[1] "2022-03-09 09:01:16 --- rxGetVarInfo Finish---"
[1] "2022-03-09 09:01:16 --- rxImport Start ---"
Rows Read: 175501, Total Rows Processed: 175501, Total Chunk Time: 5.864 seconds 
[1] "2022-03-09 09:01:26 --- rxImport Finish ---"
[1] "object.size(data) auto=49.7 Mb"
[1] "--------------------------------------------------------------------------------"
[1] "nrow(data) RxSqlServerData=175501"
[1] "--------------------------------------------------------------------------------"
[1] "str(data)="
'data.frame':	175501 obs. of  45 variables:
 $ Race.RaceId                      : Factor w/ 213 levels "20160109-06-01-02-08",..: 1 1 1 1 1 1 1 1 1 1 ...
 $ Race.IsAnalyzeNormalPastAndFuture: logi  TRUE TRUE TRUE TRUE TRUE TRUE ...
 $ Race.IsAnalyzeNormalPast         : logi  TRUE TRUE TRUE TRUE TRUE TRUE ...
 $ Race.IsAnalyzeNormalFuture       : logi  FALSE FALSE FALSE FALSE FALSE FALSE ...
 $ Race.IsAnalyzeFullPastAndFuture  : logi  TRUE TRUE TRUE TRUE TRUE TRUE ...
 $ Race.IsAnalyzeFullPast           : logi  TRUE TRUE TRUE TRUE TRUE TRUE ...
 $ Race.IsAnalyzeFullFuture         : logi  FALSE FALSE FALSE FALSE FALSE FALSE ...
 $ Race.JyokenCd                    : Factor w/ 1 level "1": 1 1 1 1 1 1 1 1 1 1 ...
 $ Race.JyoType1Cd                  : Factor w/ 55 levels "52-06-3200-1",..: 1 1 1 1 1 1 1 1 1 1 ...
 $ Race.RaceType1Cd                 : Factor w/ 2 levels "3-1-19","3-1-18": 1 1 1 1 1 1 1 1 1 1 ...
 $ RaceHorse.RaceId                 : Factor w/ 213 levels "20160109-06-01-02-08",..: 1 1 1 1 1 1 1 1 1 1 ...
 $ RaceHorse.KettoNum               : Factor w/ 478 levels "2009103053","2010100880",..: 1 1 1 1 1 1 1 1 1 1 ...
 $ RaceHorse.IsHit1                 : num  0 0 0 0 0 0 0 0 0 0 ...
 $ RaceHorse.IsHit2                 : num  0 0 0 0 0 0 0 0 0 0 ...
 $ RaceHorse.IsHit3                 : num  0 0 0 0 0 0 0 0 0 0 ...
 $ RaceHorse.IsHit4                 : num  0 0 0 0 0 0 0 0 0 0 ...
 $ RaceHorse.IsHit5                 : num  0 0 0 0 0 0 0 0 0 0 ...
 $ RaceHorse.IsHit6                 : num  0 0 0 0 0 0 0 0 0 0 ...
 $ RaceHorse.IsValidRaceHorse       : logi  FALSE FALSE FALSE FALSE FALSE FALSE ...
 $ RaceHorse.FinishTimeSdvByRace    : num  NA NA NA NA NA NA NA NA NA NA ...
 $ RaceHorse.FirstTimeSdvByRace     : num  NA NA NA NA NA NA NA NA NA NA ...
 $ RaceHorse.LastTimeSdvByRace      : num  NA NA NA NA NA NA NA NA NA NA ...
 $ RaceHorse.FinishTimeSdv          : num  NA NA NA NA NA NA NA NA NA NA ...
 $ RaceHorse.FirstTimeSdv           : num  NA NA NA NA NA NA NA NA NA NA ...
 $ RaceHorse.LastTimeSdv            : num  NA NA NA NA NA NA NA NA NA NA ...
 $ RaceHorse.IsHitA                 : num  0 0 0 0 0 0 0 0 0 0 ...
 $ RaceHorse.IsHitB                 : num  0 0 0 0 0 0 0 0 0 0 ...
 $ RaceHorse.IsHitC                 : num  0 0 0 0 0 0 0 0 0 0 ...
 $ PrevRaceHorse.RaceId             : Factor w/ 455 levels "20150530-08-03-11-08",..: 1 2 3 4 5 6 7 8 9 10 ...
 $ PrevRaceHorse.KettoNum           : Factor w/ 906 levels "2009103053","2008103812",..: 1 2 3 4 1 4 4 5 4 1 ...
 $ PrevRaceHorse.FinishTimeSdvByRace: num  -0.445 0.919 -0.608 1.022 0.407 ...
 $ PrevRaceHorse.FirstTimeSdvByRace : num  -0.472 1.001 -0.764 1.042 0.361 ...
 $ PrevRaceHorse.LastTimeSdvByRace  : num  -0.302 0.522 0 0.928 0.552 ...
 $ PrevRaceHorse.FinishTimeSdv      : num  -0.6548 1.3189 1.1532 1.2777 0.0251 ...
 $ PrevRaceHorse.FirstTimeSdv       : num  -0.6849 1.36 1.1034 1.29 0.0129 ...
 $ PrevRaceHorse.LastTimeSdv        : num  -0.4668 0.9977 1.3209 1.2059 0.0753 ...
 $ PrevRaceHorse.IsRun              : num  1 1 1 1 1 1 1 1 1 1 ...
 $ PrevRaceHorse.IsHit1             : num  0 0 0 1 0 0 0 0 0 0 ...
 $ PrevRaceHorse.IsHit2             : num  0 0 0 0 0 0 0 0 0 0 ...
 $ PrevRaceHorse.IsHit3             : num  0 0 0 0 0 1 0 0 0 0 ...
 $ PrevRaceHorse.IsHit4             : num  0 1 0 0 0 0 0 0 0 0 ...
 $ PrevRaceHorse.IsHit5             : num  0 0 0 0 0 0 0 0 0 1 ...
 $ PrevRaceHorse.RowNum             : num  1 2 3 4 5 6 7 8 9 10 ...
 $ PrevOdds.RealOddsLog1            : num  4.13 2.15 3.34 2.28 3.44 ...
 $ EOF                              : int  1 1 1 1 1 1 1 1 1 1 ...
[1] "2022-03-09 09:01:26 --- RxSqlServerData Finish ---"
[1] "2022-03-09 09:01:26 --- subset Start ---"
[1] "--------------------------------------------------------------------------------"
[1] "nrow(data) subset before=175501"
[1] "nrow(data) subset after =175501"
[1] "nrow(data) subset diff =0"
[1] "--------------------------------------------------------------------------------"
[1] "2022-03-09 09:01:27 --- subset Finish---"
[1] "2022-03-09 09:01:27 --- transform Start ---"
[1] "--------------------------------------------------------------------------------"
[1] "nrow(data) transform before=175501"
[1] "nrow(data) transform after=175501"
[1] "nrow(data) transform diff=0"
[1] "--------------------------------------------------------------------------------"
[1] "str(data)="
'data.frame':	175501 obs. of  45 variables:
 $ Race.RaceId                      : Factor w/ 213 levels "20160109-06-01-02-08",..: 1 1 1 1 1 1 1 1 1 1 ...
 $ Race.IsAnalyzeNormalPastAndFuture: logi  TRUE TRUE TRUE TRUE TRUE TRUE ...
 $ Race.IsAnalyzeNormalPast         : logi  TRUE TRUE TRUE TRUE TRUE TRUE ...
 $ Race.IsAnalyzeNormalFuture       : logi  FALSE FALSE FALSE FALSE FALSE FALSE ...
 $ Race.IsAnalyzeFullPastAndFuture  : logi  TRUE TRUE TRUE TRUE TRUE TRUE ...
 $ Race.IsAnalyzeFullPast           : logi  TRUE TRUE TRUE TRUE TRUE TRUE ...
 $ Race.IsAnalyzeFullFuture         : logi  FALSE FALSE FALSE FALSE FALSE FALSE ...
 $ Race.JyokenCd                    : Factor w/ 1 level "1": 1 1 1 1 1 1 1 1 1 1 ...
 $ Race.JyoType1Cd                  : Factor w/ 55 levels "52-06-3200-1",..: 1 1 1 1 1 1 1 1 1 1 ...
 $ Race.RaceType1Cd                 : Factor w/ 2 levels "3-1-19","3-1-18": 1 1 1 1 1 1 1 1 1 1 ...
 $ RaceHorse.RaceId                 : Factor w/ 213 levels "20160109-06-01-02-08",..: 1 1 1 1 1 1 1 1 1 1 ...
 $ RaceHorse.KettoNum               : Factor w/ 478 levels "2009103053","2010100880",..: 1 1 1 1 1 1 1 1 1 1 ...
 $ RaceHorse.IsHit1                 : num  0 0 0 0 0 0 0 0 0 0 ...
 $ RaceHorse.IsHit2                 : num  0 0 0 0 0 0 0 0 0 0 ...
 $ RaceHorse.IsHit3                 : num  0 0 0 0 0 0 0 0 0 0 ...
 $ RaceHorse.IsHit4                 : num  0 0 0 0 0 0 0 0 0 0 ...
 $ RaceHorse.IsHit5                 : num  0 0 0 0 0 0 0 0 0 0 ...
 $ RaceHorse.IsHit6                 : num  0 0 0 0 0 0 0 0 0 0 ...
 $ RaceHorse.IsValidRaceHorse       : logi  FALSE FALSE FALSE FALSE FALSE FALSE ...
 $ RaceHorse.FinishTimeSdvByRace    : num  NA NA NA NA NA NA NA NA NA NA ...
 $ RaceHorse.FirstTimeSdvByRace     : num  NA NA NA NA NA NA NA NA NA NA ...
 $ RaceHorse.LastTimeSdvByRace      : num  NA NA NA NA NA NA NA NA NA NA ...
 $ RaceHorse.FinishTimeSdv          : num  NA NA NA NA NA NA NA NA NA NA ...
 $ RaceHorse.FirstTimeSdv           : num  NA NA NA NA NA NA NA NA NA NA ...
 $ RaceHorse.LastTimeSdv            : num  NA NA NA NA NA NA NA NA NA NA ...
 $ RaceHorse.IsHitA                 : num  0 0 0 0 0 0 0 0 0 0 ...
 $ RaceHorse.IsHitB                 : num  0 0 0 0 0 0 0 0 0 0 ...
 $ RaceHorse.IsHitC                 : num  0 0 0 0 0 0 0 0 0 0 ...
 $ PrevRaceHorse.RaceId             : Factor w/ 455 levels "20150530-08-03-11-08",..: 1 2 3 4 5 6 7 8 9 10 ...
 $ PrevRaceHorse.KettoNum           : Factor w/ 906 levels "2009103053","2008103812",..: 1 2 3 4 1 4 4 5 4 1 ...
 $ PrevRaceHorse.FinishTimeSdvByRace: num  -0.445 0.919 -0.608 1.022 0.407 ...
 $ PrevRaceHorse.FirstTimeSdvByRace : num  -0.472 1.001 -0.764 1.042 0.361 ...
 $ PrevRaceHorse.LastTimeSdvByRace  : num  -0.302 0.522 0 0.928 0.552 ...
 $ PrevRaceHorse.FinishTimeSdv      : num  -0.6548 1.3189 1.1532 1.2777 0.0251 ...
 $ PrevRaceHorse.FirstTimeSdv       : num  -0.6849 1.36 1.1034 1.29 0.0129 ...
 $ PrevRaceHorse.LastTimeSdv        : num  -0.4668 0.9977 1.3209 1.2059 0.0753 ...
 $ PrevRaceHorse.IsRun              : num  1 1 1 1 1 1 1 1 1 1 ...
 $ PrevRaceHorse.IsHit1             : num  0 0 0 1 0 0 0 0 0 0 ...
 $ PrevRaceHorse.IsHit2             : num  0 0 0 0 0 0 0 0 0 0 ...
 $ PrevRaceHorse.IsHit3             : num  0 0 0 0 0 1 0 0 0 0 ...
 $ PrevRaceHorse.IsHit4             : num  0 1 0 0 0 0 0 0 0 0 ...
 $ PrevRaceHorse.IsHit5             : num  0 0 0 0 0 0 0 0 0 1 ...
 $ PrevRaceHorse.RowNum             : num  1 2 3 4 5 6 7 8 9 10 ...
 $ PrevOdds.RealOddsLog1            : num  4.13 2.15 3.34 2.28 3.44 ...
 $ EOF                              : int  1 1 1 1 1 1 1 1 1 1 ...
NULL
[1] "2022-03-09 09:01:27 --- transform Finish ---"
[1] "2022-03-09 09:01:27 --- na.omit Start ---"
[1] "--------------------------------------------------------------------------------"
[1] "nrow(data) na.omit before=175501"
[1] "nrow(data) na.omit after =167395"
[1] "nrow(data) na.omit diff =8106"
[1] "--------------------------------------------------------------------------------"
'data.frame':	167395 obs. of  45 variables:
 $ Race.RaceId                      : Factor w/ 213 levels "20160109-06-01-02-08",..: 1 1 1 1 1 1 1 1 1 1 ...
 $ Race.IsAnalyzeNormalPastAndFuture: logi  TRUE TRUE TRUE TRUE TRUE TRUE ...
 $ Race.IsAnalyzeNormalPast         : logi  TRUE TRUE TRUE TRUE TRUE TRUE ...
 $ Race.IsAnalyzeNormalFuture       : logi  FALSE FALSE FALSE FALSE FALSE FALSE ...
 $ Race.IsAnalyzeFullPastAndFuture  : logi  TRUE TRUE TRUE TRUE TRUE TRUE ...
 $ Race.IsAnalyzeFullPast           : logi  TRUE TRUE TRUE TRUE TRUE TRUE ...
 $ Race.IsAnalyzeFullFuture         : logi  FALSE FALSE FALSE FALSE FALSE FALSE ...
 $ Race.JyokenCd                    : Factor w/ 1 level "1": 1 1 1 1 1 1 1 1 1 1 ...
 $ Race.JyoType1Cd                  : Factor w/ 55 levels "52-06-3200-1",..: 1 1 1 1 1 1 1 1 1 1 ...
 $ Race.RaceType1Cd                 : Factor w/ 2 levels "3-1-19","3-1-18": 1 1 1 1 1 1 1 1 1 1 ...
 $ RaceHorse.RaceId                 : Factor w/ 213 levels "20160109-06-01-02-08",..: 1 1 1 1 1 1 1 1 1 1 ...
 $ RaceHorse.KettoNum               : Factor w/ 478 levels "2009103053","2010100880",..: 2 2 2 2 2 2 2 2 2 2 ...
 $ RaceHorse.IsHit1                 : num  0 0 0 0 0 0 0 0 0 0 ...
 $ RaceHorse.IsHit2                 : num  0 0 0 0 0 0 0 0 0 0 ...
 $ RaceHorse.IsHit3                 : num  0 0 0 0 0 0 0 0 0 0 ...
 $ RaceHorse.IsHit4                 : num  1 1 1 1 1 1 1 1 1 1 ...
 $ RaceHorse.IsHit5                 : num  0 0 0 0 0 0 0 0 0 0 ...
 $ RaceHorse.IsHit6                 : num  0 0 0 0 0 0 0 0 0 0 ...
 $ RaceHorse.IsValidRaceHorse       : logi  TRUE TRUE TRUE TRUE TRUE TRUE ...
 $ RaceHorse.FinishTimeSdvByRace    : num  0.547 0.547 0.547 0.547 0.547 ...
 $ RaceHorse.FirstTimeSdvByRace     : num  0.501 0.501 0.501 0.501 0.501 ...
 $ RaceHorse.LastTimeSdvByRace      : num  0.729 0.729 0.729 0.729 0.729 ...
 $ RaceHorse.FinishTimeSdv          : num  0.598 0.598 0.598 0.598 0.598 ...
 $ RaceHorse.FirstTimeSdv           : num  0.573 0.573 0.573 0.573 0.573 ...
 $ RaceHorse.LastTimeSdv            : num  0.692 0.692 0.692 0.692 0.692 ...
 $ RaceHorse.IsHitA                 : num  0 0 0 0 0 0 0 0 0 0 ...
 $ RaceHorse.IsHitB                 : num  0 0 0 0 0 0 0 0 0 0 ...
 $ RaceHorse.IsHitC                 : num  0 0 0 0 0 0 0 0 0 0 ...
 $ PrevRaceHorse.RaceId             : Factor w/ 455 levels "20150530-08-03-11-08",..: 4 5 44 45 7 8 46 47 48 9 ...
 $ PrevRaceHorse.KettoNum           : Factor w/ 906 levels "2009103053","2008103812",..: 18 19 18 19 20 19 21 18 22 23 ...
 $ PrevRaceHorse.FinishTimeSdvByRace: num  0.867 1.101 0.75 0.793 -0.749 ...
 $ PrevRaceHorse.FirstTimeSdvByRace : num  0.846 1.221 0.714 0.658 -0.723 ...
 $ PrevRaceHorse.LastTimeSdvByRace  : num  0.928 0.552 0.896 1.342 -0.843 ...
 $ PrevRaceHorse.FinishTimeSdv      : num  1.203 0.295 0.2 0.944 -0.409 ...
 $ PrevRaceHorse.FirstTimeSdv       : num  1.195 0.346 0.189 0.893 -0.383 ...
 $ PrevRaceHorse.LastTimeSdv        : num  1.2059 0.0753 0.2288 1.1488 -0.505 ...
 $ PrevRaceHorse.IsRun              : num  1 1 1 1 1 1 1 1 1 1 ...
 $ PrevRaceHorse.IsHit1             : num  0 0 0 0 0 0 1 0 0 0 ...
 $ PrevRaceHorse.IsHit2             : num  1 0 0 0 0 0 0 0 0 0 ...
 $ PrevRaceHorse.IsHit3             : num  0 1 1 1 0 0 0 0 0 0 ...
 $ PrevRaceHorse.IsHit4             : num  0 0 0 0 0 0 0 0 0 1 ...
 $ PrevRaceHorse.IsHit5             : num  0 0 0 0 0 0 0 0 0 0 ...
 $ PrevRaceHorse.RowNum             : num  1 2 3 4 5 6 7 8 9 10 ...
 $ PrevOdds.RealOddsLog1            : num  1.87 1.98 3.36 2.18 4.17 ...
 $ EOF                              : int  1 1 1 1 1 1 1 1 1 1 ...
 - attr(*, "na.action")= 'omit' Named int  1 2 3 4 5 6 7 8 9 10 ...
  ..- attr(*, "names")= chr  "1" "2" "3" "4" ...
[1] "2022-03-09 09:01:27 --- na.omit Finish ---"
[1] "2022-03-09 09:01:27 --- rxLogit with rxStepControl Start ---"

> print(paste0(Sys.time(), " --- source_logic_glm.R Start ---"))
[1] "2022-03-09 09:01:27 --- source_logic_glm.R Start ---"

> formula <- formula(RaceHorse.IsHitA ~ +1 + PrevRaceHorse.FinishTimeSdvByRace)

> print(paste0(Sys.time(), " --- source_logic_glm.R Finished ---"))
[1] "2022-03-09 09:01:27 --- source_logic_glm.R Finished ---"
Rows Read: 167395, Total Rows Processed: 167395, Total Chunk Time: 0.003 seconds 

Starting values (iteration 1) time: 0.008 secs.
Rows Read: 167395, Total Rows Processed: 167395, Total Chunk Time: 0.007 seconds 

Iteration 2 time: 0.009 secs.
Rows Read: 167395, Total Rows Processed: 167395, Total Chunk Time: 0.008 seconds 

Iteration 3 time: 0.012 secs.
Rows Read: 167395, Total Rows Processed: 167395, Total Chunk Time: 0.007 seconds 

Iteration 4 time: 0.011 secs.

Elapsed computation time: 0.046 secs.
Rows Read: 167395, Total Rows Processed: 167395, Total Chunk Time: 0.002 seconds 

Starting values (iteration 1) time: 0.005 secs.
Rows Read: 167395, Total Rows Processed: 167395, Total Chunk Time: 0.007 seconds 

Iteration 2 time: 0.011 secs.

Elapsed computation time: 0.023 secs.
Rows Read: 167395, Total Rows Processed: 167395, Total Chunk Time: 0.003 seconds 

Starting values (iteration 1) time: 0.007 secs.
Rows Read: 167395, Total Rows Processed: 167395, Total Chunk Time: 0.008 seconds 

Iteration 2 time: 0.010 secs.
Rows Read: 167395, Total Rows Processed: 167395, Total Chunk Time: 0.007 seconds 

Iteration 3 time: 0.009 secs.
Rows Read: 167395, Total Rows Processed: 167395, Total Chunk Time: 0.010 seconds 

Iteration 4 time: 0.012 secs.

Elapsed computation time: 0.049 secs.

Elapsed computation time: 0.129 secs.
[1] "--------------------------------------------------------------------------------"
[1] "analyze.results.glm.step="
Logistic Regression Results for: RaceHorse.IsHitA ~
    PrevRaceHorse.FinishTimeSdvByRace
Data: data
Dependent variable(s): RaceHorse.IsHitA
Total independent variables: 2 
Number of valid observations: 167395
Number of missing observations: 0 
 
Coefficients:
                                  RaceHorse.IsHitA
(Intercept)                                   -2.3
PrevRaceHorse.FinishTimeSdvByRace              0.1
[1] "analyze.results.glm.step.summary"
Call:
rxLogit(formula = formula, data = data, variableSelection = analyze.results.glm.step.varsel)

Logistic Regression Results for: RaceHorse.IsHitA ~
    PrevRaceHorse.FinishTimeSdvByRace
Data: data
Dependent variable(s): RaceHorse.IsHitA
Total independent variables: 2 
Number of valid observations: 167395
Number of missing observations: 0 
-2*LogLikelihood: 104634.923 (Residual deviance on 167393 degrees of freedom)
 
Coefficients:
                                  Estimate Std. Error z value Pr(>|z|)    
(Intercept)                        -2.2831     0.0088 -259.57  2.2e-16 ***
PrevRaceHorse.FinishTimeSdvByRace   0.0977     0.0105    9.34  2.2e-16 ***
---
Signif. codes:  0 '***' 0.001 '**' 0.01 '*' 0.05 '.' 0.1 ' ' 1

Condition number of final variance-covariance matrix: 1 
Number of iterations: 4
[1] "--------------------------------------------------------------------------------"
[1] "2022-03-09 09:01:28 --- rxLogit with rxStepControl Finish ---"
[1] "2022-03-09 09:01:28 --- rxStepPlot Start ---"
[1] "pdfFilename=pdf_analyze_glm_Jockey_Type31_rxStepPlot.pdf"
[1] "rxStepPlot="
[1] "2022-03-09 09:01:28 --- rxStepPlot Finish ---"
[1] "2022-03-09 09:01:28 --- save.image Start ---"
[1] "save.image"
[1] "rdataFilename=RData_analyze_glm_Jockey_Type31.RData"
[1] "2022-03-09 09:01:28 --- save.image Finish ---"
[1] "2022-03-09 09:01:28 --- final Start ---"
[1] "--------------------------------------------------------------------------------"
[1] "nrow(data) final=167395"
[1] "--------------------------------------------------------------------------------"
[1] "2022-03-09 09:01:28 --- final Finish ---"
[1] "2022-03-09 09:01:28 --- analyze_glm.R Finished ---"
[1] "2022-03-09 09:01:28 --- log Finish ---"
