[1] "2022-03-09 09:00:36 --- D1116_analyze_glm_Horse_IsHitA_Type13 Start ---"
[1] "2022-03-09 09:00:36 --- Log Start ---"
[1] "2022-03-09 09:00:36 --- analyze_glm.R Start ---"
[1] "analyzeVersion=D1116"
[1] "analyzeCategory=analyze"
[1] "analyzeType=Horse"
[1] "analyzeFamily=IsHitA"
[1] "analyzeFunc=glm"
[1] "analyzeTrackTypeCd=1"
[1] "analyzeJyokenCd=3"
[1] "2022-03-09 09:00:36 --- source_function.R Start ---"
[1] "2022-03-09 09:00:36 --- source_function.R Finished ---"

> print(paste0(Sys.time(), " --- source_library.R Start ---"))
[1] "2022-03-09 09:00:36 --- source_library.R Start ---"

> require("RevoScaleR")

> print(paste0(Sys.time(), " --- source_library.R Finished ---"))
[1] "2022-03-09 09:00:37 --- source_library.R Finished ---"
[1] "2022-03-09 09:00:37 --- RxSqlServerData Start ---"
[1] "2022-03-09 09:00:37 --- RxInSqlServer Start ---"
[1] "2022-03-09 09:00:37 --- RxInSqlServer Finish ---"
[1] "2022-03-09 09:00:37 --- rxSetComputeContext Start ---"
[1] "2022-03-09 09:00:37 --- rxSetComputeContext Finish ---"
[1] "2022-03-09 09:00:37 --- RxSqlServerData Start ---"
[1] "sqlQuery=SELECT * FROM ViewAnalyzeD1116analyze01HorseType13"
[1] "2022-03-09 09:00:37 --- RxSqlServerData Finish ---"
[1] "2022-03-09 09:00:37 --- rxGetVarInfo Start ---"
[1] "2022-03-09 09:00:37 --- rxGetVarInfo Finish---"
[1] "2022-03-09 09:00:37 --- rxImport Start ---"
Rows Read: 40784, Total Rows Processed: 40784, Total Chunk Time: 2.312 seconds 
[1] "2022-03-09 09:00:42 --- rxImport Finish ---"
[1] "object.size(data) auto=12.2 Mb"
[1] "--------------------------------------------------------------------------------"
[1] "nrow(data) RxSqlServerData=40784"
[1] "--------------------------------------------------------------------------------"
[1] "str(data)="
'data.frame':	40784 obs. of  45 variables:
 $ Race.RaceId                      : Factor w/ 1192 levels "20160105-06-01-01-12",..: 1 1 1 1 2 2 2 2 2 2 ...
 $ Race.IsAnalyzeNormalPastAndFuture: logi  TRUE TRUE TRUE TRUE TRUE TRUE ...
 $ Race.IsAnalyzeNormalPast         : logi  TRUE TRUE TRUE TRUE TRUE TRUE ...
 $ Race.IsAnalyzeNormalFuture       : logi  FALSE FALSE FALSE FALSE FALSE FALSE ...
 $ Race.IsAnalyzeFullPastAndFuture  : logi  TRUE TRUE TRUE TRUE TRUE TRUE ...
 $ Race.IsAnalyzeFullPast           : logi  TRUE TRUE TRUE TRUE TRUE TRUE ...
 $ Race.IsAnalyzeFullFuture         : logi  FALSE FALSE FALSE FALSE FALSE FALSE ...
 $ Race.JyokenCd                    : Factor w/ 1 level "3": 1 1 1 1 1 1 1 1 1 1 ...
 $ Race.JyoType1Cd                  : Factor w/ 154 levels "18-06-1600-1",..: 1 1 1 1 2 2 2 2 2 2 ...
 $ Race.RaceType1Cd                 : Factor w/ 2 levels "1-3-14","1-3-13": 1 1 1 1 1 1 1 1 1 1 ...
 $ RaceHorse.RaceId                 : Factor w/ 1192 levels "20160105-06-01-01-12",..: 1 1 1 1 2 2 2 2 2 2 ...
 $ RaceHorse.KettoNum               : Factor w/ 2109 levels "2010104127","2010109146",..: 1 1 2 3 4 4 4 4 5 5 ...
 $ RaceHorse.IsHit1                 : num  0 0 0 0 0 0 0 0 0 0 ...
 $ RaceHorse.IsHit2                 : num  0 0 0 0 0 0 0 0 0 0 ...
 $ RaceHorse.IsHit3                 : num  0 0 0 0 0 0 0 0 0 0 ...
 $ RaceHorse.IsHit4                 : num  0 0 0 1 0 0 0 0 0 0 ...
 $ RaceHorse.IsHit5                 : num  0 0 0 0 0 0 0 0 1 1 ...
 $ RaceHorse.IsHit6                 : num  1 1 1 0 1 1 1 1 0 0 ...
 $ RaceHorse.IsValidRaceHorse       : logi  TRUE TRUE TRUE TRUE TRUE TRUE ...
 $ RaceHorse.FinishTimeSdvByRace    : num  9.65e-02 9.65e-02 -5.21e-01 7.14e-01 -8.91e-14 ...
 $ RaceHorse.FirstTimeSdvByRace     : num  0.2979 0.2979 1.4482 -0.0308 -1.7969 ...
 $ RaceHorse.LastTimeSdvByRace      : num  -0.204 -0.204 -2.097 0.828 0.955 ...
 $ RaceHorse.FinishTimeSdv          : num  0.8618 0.8618 0.6551 1.0685 0.0613 ...
 $ RaceHorse.FirstTimeSdv           : num  0.391 0.391 0.816 0.269 -0.604 ...
 $ RaceHorse.LastTimeSdv            : num  0.9057 0.9057 -0.0674 1.4364 0.9931 ...
 $ RaceHorse.IsHitA                 : num  0 0 0 0 0 0 0 0 0 0 ...
 $ RaceHorse.IsHitB                 : num  0 0 0 0 0 0 0 0 0 0 ...
 $ RaceHorse.IsHitC                 : num  0 0 0 0 0 0 0 0 0 0 ...
 $ PrevRaceHorse.RaceId             : Factor w/ 1716 levels "20150426-05-02-02-09",..: 1 2 3 4 5 6 7 8 9 10 ...
 $ PrevRaceHorse.KettoNum           : Factor w/ 2109 levels "2010104127","2010109146",..: 1 1 2 3 4 4 4 4 5 5 ...
 $ PrevRaceHorse.FinishTimeSdvByRace: num  0.213 0.607 -1.554 0.968 -0.924 ...
 $ PrevRaceHorse.FirstTimeSdvByRace : num  0.484 0.286 0.509 0.686 -1.026 ...
 $ PrevRaceHorse.LastTimeSdvByRace  : num  -0.3768 -0.0444 -2.0985 0.0219 -0.1092 ...
 $ PrevRaceHorse.FinishTimeSdv      : num  0.559 0.862 0.611 1.048 -0.587 ...
 $ PrevRaceHorse.FirstTimeSdv       : num  0.534 0.816 1.394 0.926 -0.488 ...
 $ PrevRaceHorse.LastTimeSdv        : num  0.181 0.286 -1.019 0.397 -0.258 ...
 $ PrevRaceHorse.IsRun              : num  1 1 1 1 1 1 1 1 1 1 ...
 $ PrevRaceHorse.IsHit1             : num  0 0 0 0 0 0 0 0 0 0 ...
 $ PrevRaceHorse.IsHit2             : num  0 0 0 0 0 0 0 0 0 0 ...
 $ PrevRaceHorse.IsHit3             : num  0 0 0 0 0 0 0 0 1 1 ...
 $ PrevRaceHorse.IsHit4             : num  0 0 0 1 0 0 0 0 0 0 ...
 $ PrevRaceHorse.IsHit5             : num  1 1 0 0 0 0 1 0 0 0 ...
 $ PrevRaceHorse.RowNum             : num  1 2 1 1 1 2 3 4 1 2 ...
 $ PrevOdds.RealOddsLog1            : num  2.21 2.92 2.72 4.77 4.17 ...
 $ EOF                              : int  1 1 1 1 1 1 1 1 1 1 ...
[1] "2022-03-09 09:00:42 --- RxSqlServerData Finish ---"
[1] "2022-03-09 09:00:42 --- subset Start ---"
[1] "--------------------------------------------------------------------------------"
[1] "nrow(data) subset before=40784"
[1] "nrow(data) subset after =40784"
[1] "nrow(data) subset diff =0"
[1] "--------------------------------------------------------------------------------"
[1] "2022-03-09 09:00:42 --- subset Finish---"
[1] "2022-03-09 09:00:42 --- transform Start ---"
[1] "--------------------------------------------------------------------------------"
[1] "nrow(data) transform before=40784"
[1] "nrow(data) transform after=40784"
[1] "nrow(data) transform diff=0"
[1] "--------------------------------------------------------------------------------"
[1] "str(data)="
'data.frame':	40784 obs. of  45 variables:
 $ Race.RaceId                      : Factor w/ 1192 levels "20160105-06-01-01-12",..: 1 1 1 1 2 2 2 2 2 2 ...
 $ Race.IsAnalyzeNormalPastAndFuture: logi  TRUE TRUE TRUE TRUE TRUE TRUE ...
 $ Race.IsAnalyzeNormalPast         : logi  TRUE TRUE TRUE TRUE TRUE TRUE ...
 $ Race.IsAnalyzeNormalFuture       : logi  FALSE FALSE FALSE FALSE FALSE FALSE ...
 $ Race.IsAnalyzeFullPastAndFuture  : logi  TRUE TRUE TRUE TRUE TRUE TRUE ...
 $ Race.IsAnalyzeFullPast           : logi  TRUE TRUE TRUE TRUE TRUE TRUE ...
 $ Race.IsAnalyzeFullFuture         : logi  FALSE FALSE FALSE FALSE FALSE FALSE ...
 $ Race.JyokenCd                    : Factor w/ 1 level "3": 1 1 1 1 1 1 1 1 1 1 ...
 $ Race.JyoType1Cd                  : Factor w/ 154 levels "18-06-1600-1",..: 1 1 1 1 2 2 2 2 2 2 ...
 $ Race.RaceType1Cd                 : Factor w/ 2 levels "1-3-14","1-3-13": 1 1 1 1 1 1 1 1 1 1 ...
 $ RaceHorse.RaceId                 : Factor w/ 1192 levels "20160105-06-01-01-12",..: 1 1 1 1 2 2 2 2 2 2 ...
 $ RaceHorse.KettoNum               : Factor w/ 2109 levels "2010104127","2010109146",..: 1 1 2 3 4 4 4 4 5 5 ...
 $ RaceHorse.IsHit1                 : num  0 0 0 0 0 0 0 0 0 0 ...
 $ RaceHorse.IsHit2                 : num  0 0 0 0 0 0 0 0 0 0 ...
 $ RaceHorse.IsHit3                 : num  0 0 0 0 0 0 0 0 0 0 ...
 $ RaceHorse.IsHit4                 : num  0 0 0 1 0 0 0 0 0 0 ...
 $ RaceHorse.IsHit5                 : num  0 0 0 0 0 0 0 0 1 1 ...
 $ RaceHorse.IsHit6                 : num  1 1 1 0 1 1 1 1 0 0 ...
 $ RaceHorse.IsValidRaceHorse       : logi  TRUE TRUE TRUE TRUE TRUE TRUE ...
 $ RaceHorse.FinishTimeSdvByRace    : num  9.65e-02 9.65e-02 -5.21e-01 7.14e-01 -8.91e-14 ...
 $ RaceHorse.FirstTimeSdvByRace     : num  0.2979 0.2979 1.4482 -0.0308 -1.7969 ...
 $ RaceHorse.LastTimeSdvByRace      : num  -0.204 -0.204 -2.097 0.828 0.955 ...
 $ RaceHorse.FinishTimeSdv          : num  0.8618 0.8618 0.6551 1.0685 0.0613 ...
 $ RaceHorse.FirstTimeSdv           : num  0.391 0.391 0.816 0.269 -0.604 ...
 $ RaceHorse.LastTimeSdv            : num  0.9057 0.9057 -0.0674 1.4364 0.9931 ...
 $ RaceHorse.IsHitA                 : num  0 0 0 0 0 0 0 0 0 0 ...
 $ RaceHorse.IsHitB                 : num  0 0 0 0 0 0 0 0 0 0 ...
 $ RaceHorse.IsHitC                 : num  0 0 0 0 0 0 0 0 0 0 ...
 $ PrevRaceHorse.RaceId             : Factor w/ 1716 levels "20150426-05-02-02-09",..: 1 2 3 4 5 6 7 8 9 10 ...
 $ PrevRaceHorse.KettoNum           : Factor w/ 2109 levels "2010104127","2010109146",..: 1 1 2 3 4 4 4 4 5 5 ...
 $ PrevRaceHorse.FinishTimeSdvByRace: num  0.213 0.607 -1.554 0.968 -0.924 ...
 $ PrevRaceHorse.FirstTimeSdvByRace : num  0.484 0.286 0.509 0.686 -1.026 ...
 $ PrevRaceHorse.LastTimeSdvByRace  : num  -0.3768 -0.0444 -2.0985 0.0219 -0.1092 ...
 $ PrevRaceHorse.FinishTimeSdv      : num  0.559 0.862 0.611 1.048 -0.587 ...
 $ PrevRaceHorse.FirstTimeSdv       : num  0.534 0.816 1.394 0.926 -0.488 ...
 $ PrevRaceHorse.LastTimeSdv        : num  0.181 0.286 -1.019 0.397 -0.258 ...
 $ PrevRaceHorse.IsRun              : num  1 1 1 1 1 1 1 1 1 1 ...
 $ PrevRaceHorse.IsHit1             : num  0 0 0 0 0 0 0 0 0 0 ...
 $ PrevRaceHorse.IsHit2             : num  0 0 0 0 0 0 0 0 0 0 ...
 $ PrevRaceHorse.IsHit3             : num  0 0 0 0 0 0 0 0 1 1 ...
 $ PrevRaceHorse.IsHit4             : num  0 0 0 1 0 0 0 0 0 0 ...
 $ PrevRaceHorse.IsHit5             : num  1 1 0 0 0 0 1 0 0 0 ...
 $ PrevRaceHorse.RowNum             : num  1 2 1 1 1 2 3 4 1 2 ...
 $ PrevOdds.RealOddsLog1            : num  2.21 2.92 2.72 4.77 4.17 ...
 $ EOF                              : int  1 1 1 1 1 1 1 1 1 1 ...
NULL
[1] "2022-03-09 09:00:42 --- transform Finish ---"
[1] "2022-03-09 09:00:42 --- na.omit Start ---"
[1] "--------------------------------------------------------------------------------"
[1] "nrow(data) na.omit before=40784"
[1] "nrow(data) na.omit after =40552"
[1] "nrow(data) na.omit diff =232"
[1] "--------------------------------------------------------------------------------"
'data.frame':	40552 obs. of  45 variables:
 $ Race.RaceId                      : Factor w/ 1192 levels "20160105-06-01-01-12",..: 1 1 1 1 2 2 2 2 2 2 ...
 $ Race.IsAnalyzeNormalPastAndFuture: logi  TRUE TRUE TRUE TRUE TRUE TRUE ...
 $ Race.IsAnalyzeNormalPast         : logi  TRUE TRUE TRUE TRUE TRUE TRUE ...
 $ Race.IsAnalyzeNormalFuture       : logi  FALSE FALSE FALSE FALSE FALSE FALSE ...
 $ Race.IsAnalyzeFullPastAndFuture  : logi  TRUE TRUE TRUE TRUE TRUE TRUE ...
 $ Race.IsAnalyzeFullPast           : logi  TRUE TRUE TRUE TRUE TRUE TRUE ...
 $ Race.IsAnalyzeFullFuture         : logi  FALSE FALSE FALSE FALSE FALSE FALSE ...
 $ Race.JyokenCd                    : Factor w/ 1 level "3": 1 1 1 1 1 1 1 1 1 1 ...
 $ Race.JyoType1Cd                  : Factor w/ 154 levels "18-06-1600-1",..: 1 1 1 1 2 2 2 2 2 2 ...
 $ Race.RaceType1Cd                 : Factor w/ 2 levels "1-3-14","1-3-13": 1 1 1 1 1 1 1 1 1 1 ...
 $ RaceHorse.RaceId                 : Factor w/ 1192 levels "20160105-06-01-01-12",..: 1 1 1 1 2 2 2 2 2 2 ...
 $ RaceHorse.KettoNum               : Factor w/ 2109 levels "2010104127","2010109146",..: 1 1 2 3 4 4 4 4 5 5 ...
 $ RaceHorse.IsHit1                 : num  0 0 0 0 0 0 0 0 0 0 ...
 $ RaceHorse.IsHit2                 : num  0 0 0 0 0 0 0 0 0 0 ...
 $ RaceHorse.IsHit3                 : num  0 0 0 0 0 0 0 0 0 0 ...
 $ RaceHorse.IsHit4                 : num  0 0 0 1 0 0 0 0 0 0 ...
 $ RaceHorse.IsHit5                 : num  0 0 0 0 0 0 0 0 1 1 ...
 $ RaceHorse.IsHit6                 : num  1 1 1 0 1 1 1 1 0 0 ...
 $ RaceHorse.IsValidRaceHorse       : logi  TRUE TRUE TRUE TRUE TRUE TRUE ...
 $ RaceHorse.FinishTimeSdvByRace    : num  9.65e-02 9.65e-02 -5.21e-01 7.14e-01 -8.91e-14 ...
 $ RaceHorse.FirstTimeSdvByRace     : num  0.2979 0.2979 1.4482 -0.0308 -1.7969 ...
 $ RaceHorse.LastTimeSdvByRace      : num  -0.204 -0.204 -2.097 0.828 0.955 ...
 $ RaceHorse.FinishTimeSdv          : num  0.8618 0.8618 0.6551 1.0685 0.0613 ...
 $ RaceHorse.FirstTimeSdv           : num  0.391 0.391 0.816 0.269 -0.604 ...
 $ RaceHorse.LastTimeSdv            : num  0.9057 0.9057 -0.0674 1.4364 0.9931 ...
 $ RaceHorse.IsHitA                 : num  0 0 0 0 0 0 0 0 0 0 ...
 $ RaceHorse.IsHitB                 : num  0 0 0 0 0 0 0 0 0 0 ...
 $ RaceHorse.IsHitC                 : num  0 0 0 0 0 0 0 0 0 0 ...
 $ PrevRaceHorse.RaceId             : Factor w/ 1716 levels "20150426-05-02-02-09",..: 1 2 3 4 5 6 7 8 9 10 ...
 $ PrevRaceHorse.KettoNum           : Factor w/ 2109 levels "2010104127","2010109146",..: 1 1 2 3 4 4 4 4 5 5 ...
 $ PrevRaceHorse.FinishTimeSdvByRace: num  0.213 0.607 -1.554 0.968 -0.924 ...
 $ PrevRaceHorse.FirstTimeSdvByRace : num  0.484 0.286 0.509 0.686 -1.026 ...
 $ PrevRaceHorse.LastTimeSdvByRace  : num  -0.3768 -0.0444 -2.0985 0.0219 -0.1092 ...
 $ PrevRaceHorse.FinishTimeSdv      : num  0.559 0.862 0.611 1.048 -0.587 ...
 $ PrevRaceHorse.FirstTimeSdv       : num  0.534 0.816 1.394 0.926 -0.488 ...
 $ PrevRaceHorse.LastTimeSdv        : num  0.181 0.286 -1.019 0.397 -0.258 ...
 $ PrevRaceHorse.IsRun              : num  1 1 1 1 1 1 1 1 1 1 ...
 $ PrevRaceHorse.IsHit1             : num  0 0 0 0 0 0 0 0 0 0 ...
 $ PrevRaceHorse.IsHit2             : num  0 0 0 0 0 0 0 0 0 0 ...
 $ PrevRaceHorse.IsHit3             : num  0 0 0 0 0 0 0 0 1 1 ...
 $ PrevRaceHorse.IsHit4             : num  0 0 0 1 0 0 0 0 0 0 ...
 $ PrevRaceHorse.IsHit5             : num  1 1 0 0 0 0 1 0 0 0 ...
 $ PrevRaceHorse.RowNum             : num  1 2 1 1 1 2 3 4 1 2 ...
 $ PrevOdds.RealOddsLog1            : num  2.21 2.92 2.72 4.77 4.17 ...
 $ EOF                              : int  1 1 1 1 1 1 1 1 1 1 ...
 - attr(*, "na.action")= 'omit' Named int  1530 1531 1532 1533 2143 2144 2145 2348 2349 2350 ...
  ..- attr(*, "names")= chr  "1530" "1531" "1532" "1533" ...
[1] "2022-03-09 09:00:43 --- na.omit Finish ---"
[1] "2022-03-09 09:00:43 --- rxLogit with rxStepControl Start ---"

> print(paste0(Sys.time(), " --- source_logic_glm.R Start ---"))
[1] "2022-03-09 09:00:43 --- source_logic_glm.R Start ---"

> formula <- formula(RaceHorse.IsHitA ~ +1 + PrevRaceHorse.FinishTimeSdvByRace)

> print(paste0(Sys.time(), " --- source_logic_glm.R Finished ---"))
[1] "2022-03-09 09:00:43 --- source_logic_glm.R Finished ---"
Rows Read: 40552, Total Rows Processed: 40552, Total Chunk Time: 0.002 seconds 

Starting values (iteration 1) time: 0.008 secs.
Rows Read: 40552, Total Rows Processed: 40552, Total Chunk Time: 0.003 seconds 

Iteration 2 time: 0.006 secs.
Rows Read: 40552, Total Rows Processed: 40552, Total Chunk Time: 0.003 seconds 

Iteration 3 time: 0.005 secs.
Rows Read: 40552, Total Rows Processed: 40552, Total Chunk Time: 0.002 seconds 

Iteration 4 time: 0.005 secs.
Rows Read: 40552, Total Rows Processed: 40552, Total Chunk Time: 0.003 seconds 

Iteration 5 time: 0.005 secs.

Elapsed computation time: 0.044 secs.
Rows Read: 40552, Total Rows Processed: 40552, Total Chunk Time: 0.002 seconds 

Starting values (iteration 1) time: 0.005 secs.
Rows Read: 40552, Total Rows Processed: 40552, Total Chunk Time: 0.002 seconds 

Iteration 2 time: 0.004 secs.

Elapsed computation time: 0.017 secs.
Rows Read: 40552, Total Rows Processed: 40552, Total Chunk Time: 0.001 seconds 

Starting values (iteration 1) time: 0.005 secs.
Rows Read: 40552, Total Rows Processed: 40552, Total Chunk Time: 0.002 seconds 

Iteration 2 time: 0.005 secs.
Rows Read: 40552, Total Rows Processed: 40552, Total Chunk Time: 0.003 seconds 

Iteration 3 time: 0.005 secs.
Rows Read: 40552, Total Rows Processed: 40552, Total Chunk Time: 0.003 seconds 

Iteration 4 time: 0.006 secs.
Rows Read: 40552, Total Rows Processed: 40552, Total Chunk Time: 0.003 seconds 

Iteration 5 time: 0.005 secs.

Elapsed computation time: 0.046 secs.

Elapsed computation time: 0.120 secs.
[1] "--------------------------------------------------------------------------------"
[1] "analyze.results.glm.step="
Logistic Regression Results for: RaceHorse.IsHitA ~
    PrevRaceHorse.FinishTimeSdvByRace
Data: data
Dependent variable(s): RaceHorse.IsHitA
Total independent variables: 2 
Number of valid observations: 40552
Number of missing observations: 0 
 
Coefficients:
                                  RaceHorse.IsHitA
(Intercept)                                   -3.1
PrevRaceHorse.FinishTimeSdvByRace              0.7
[1] "analyze.results.glm.step.summary"
Call:
rxLogit(formula = formula, data = data, variableSelection = analyze.results.glm.step.varsel)

Logistic Regression Results for: RaceHorse.IsHitA ~
    PrevRaceHorse.FinishTimeSdvByRace
Data: data
Dependent variable(s): RaceHorse.IsHitA
Total independent variables: 2 
Number of valid observations: 40552
Number of missing observations: 0 
-2*LogLikelihood: 16738.352 (Residual deviance on 40550 degrees of freedom)
 
Coefficients:
                                  Estimate Std. Error z value Pr(>|z|)    
(Intercept)                        -3.0586     0.0266  -114.9  2.2e-16 ***
PrevRaceHorse.FinishTimeSdvByRace   0.7130     0.0333    21.4  2.2e-16 ***
---
Signif. codes:  0 '***' 0.001 '**' 0.01 '*' 0.05 '.' 0.1 ' ' 1

Condition number of final variance-covariance matrix: 1 
Number of iterations: 5
[1] "--------------------------------------------------------------------------------"
[1] "2022-03-09 09:00:43 --- rxLogit with rxStepControl Finish ---"
[1] "2022-03-09 09:00:43 --- rxStepPlot Start ---"
[1] "pdfFilename=pdf_analyze_glm_Horse_Type13_rxStepPlot.pdf"
[1] "rxStepPlot="
[1] "2022-03-09 09:00:43 --- rxStepPlot Finish ---"
[1] "2022-03-09 09:00:43 --- save.image Start ---"
[1] "save.image"
[1] "rdataFilename=RData_analyze_glm_Horse_Type13.RData"
[1] "2022-03-09 09:00:43 --- save.image Finish ---"
[1] "2022-03-09 09:00:43 --- final Start ---"
[1] "--------------------------------------------------------------------------------"
[1] "nrow(data) final=40552"
[1] "--------------------------------------------------------------------------------"
[1] "2022-03-09 09:00:43 --- final Finish ---"
[1] "2022-03-09 09:00:43 --- analyze_glm.R Finished ---"
[1] "2022-03-09 09:00:43 --- log Finish ---"
