[1] "2022-03-09 08:49:19 --- D1116_analyze_glm_Gen01_IsHitA_Type16 Start ---"
[1] "2022-03-09 08:49:19 --- Log Start ---"
[1] "2022-03-09 08:49:19 --- analyze_glm.R Start ---"
[1] "analyzeVersion=D1116"
[1] "analyzeCategory=analyze"
[1] "analyzeType=Gen01"
[1] "analyzeFamily=IsHitA"
[1] "analyzeFunc=glm"
[1] "analyzeTrackTypeCd=1"
[1] "analyzeJyokenCd=6"
[1] "2022-03-09 08:49:19 --- source_function.R Start ---"
[1] "2022-03-09 08:49:19 --- source_function.R Finished ---"

> print(paste0(Sys.time(), " --- source_library.R Start ---"))
[1] "2022-03-09 08:49:19 --- source_library.R Start ---"

> require("RevoScaleR")

> print(paste0(Sys.time(), " --- source_library.R Finished ---"))
[1] "2022-03-09 08:49:19 --- source_library.R Finished ---"
[1] "2022-03-09 08:49:19 --- RxSqlServerData Start ---"
[1] "2022-03-09 08:49:19 --- RxInSqlServer Start ---"
[1] "2022-03-09 08:49:19 --- RxInSqlServer Finish ---"
[1] "2022-03-09 08:49:19 --- rxSetComputeContext Start ---"
[1] "2022-03-09 08:49:19 --- rxSetComputeContext Finish ---"
[1] "2022-03-09 08:49:19 --- RxSqlServerData Start ---"
[1] "sqlQuery=SELECT * FROM ViewAnalyzeD1116analyze01Gen01Type16"
[1] "2022-03-09 08:49:19 --- RxSqlServerData Finish ---"
[1] "2022-03-09 08:49:19 --- rxGetVarInfo Start ---"
[1] "2022-03-09 08:49:19 --- rxGetVarInfo Finish---"
[1] "2022-03-09 08:49:19 --- rxImport Start ---"
Rows Read: 1607229, Total Rows Processed: 1607229, Total Chunk Time: 38.914 seconds 
[1] "2022-03-09 08:50:24 --- rxImport Finish ---"
[1] "object.size(data) auto=456.1 Mb"
[1] "--------------------------------------------------------------------------------"
[1] "nrow(data) RxSqlServerData=1607229"
[1] "--------------------------------------------------------------------------------"
[1] "str(data)="
'data.frame':	1607229 obs. of  45 variables:
 $ Race.RaceId                      : Factor w/ 992 levels "20160105-06-01-01-06",..: 2 2 2 2 2 2 2 2 2 2 ...
 $ Race.IsAnalyzeNormalPastAndFuture: logi  TRUE TRUE TRUE TRUE TRUE TRUE ...
 $ Race.IsAnalyzeNormalPast         : logi  TRUE TRUE TRUE TRUE TRUE TRUE ...
 $ Race.IsAnalyzeNormalFuture       : logi  FALSE FALSE FALSE FALSE FALSE FALSE ...
 $ Race.IsAnalyzeFullPastAndFuture  : logi  TRUE TRUE TRUE TRUE TRUE TRUE ...
 $ Race.IsAnalyzeFullPast           : logi  TRUE TRUE TRUE TRUE TRUE TRUE ...
 $ Race.IsAnalyzeFullFuture         : logi  FALSE FALSE FALSE FALSE FALSE FALSE ...
 $ Race.JyokenCd                    : Factor w/ 1 level "6": 1 1 1 1 1 1 1 1 1 1 ...
 $ Race.JyoType1Cd                  : Factor w/ 119 levels "17-06-2000-1",..: 2 2 2 2 2 2 2 2 2 2 ...
 $ Race.RaceType1Cd                 : Factor w/ 2 levels "1-6-12","1-6-11": 1 1 1 1 1 1 1 1 1 1 ...
 $ RaceHorse.RaceId                 : Factor w/ 992 levels "20160105-06-01-01-06",..: 2 2 2 2 2 2 2 2 2 2 ...
 $ RaceHorse.KettoNum               : Factor w/ 12927 levels "2013100548","2013101435",..: 3 3 3 3 3 3 3 3 3 3 ...
 $ RaceHorse.IsHit1                 : num  0 0 0 0 0 0 0 0 0 0 ...
 $ RaceHorse.IsHit2                 : num  0 0 0 0 0 0 0 0 0 0 ...
 $ RaceHorse.IsHit3                 : num  0 0 0 0 0 0 0 0 0 0 ...
 $ RaceHorse.IsHit4                 : num  0 0 0 0 0 0 0 0 0 0 ...
 $ RaceHorse.IsHit5                 : num  0 0 0 0 0 0 0 0 0 0 ...
 $ RaceHorse.IsHit6                 : num  1 1 1 1 1 1 1 1 1 1 ...
 $ RaceHorse.IsValidRaceHorse       : logi  FALSE FALSE FALSE FALSE FALSE FALSE ...
 $ RaceHorse.FinishTimeSdvByRace    : num  -0.81 -0.81 -0.81 -0.81 -0.81 ...
 $ RaceHorse.FirstTimeSdvByRace     : num  -0.179 -0.179 -0.179 -0.179 -0.179 ...
 $ RaceHorse.LastTimeSdvByRace      : num  -0.66 -0.66 -0.66 -0.66 -0.66 ...
 $ RaceHorse.FinishTimeSdv          : num  -2.18 -2.18 -2.18 -2.18 -2.18 ...
 $ RaceHorse.FirstTimeSdv           : num  -1.81 -1.81 -1.81 -1.81 -1.81 ...
 $ RaceHorse.LastTimeSdv            : num  -1.02 -1.02 -1.02 -1.02 -1.02 ...
 $ RaceHorse.IsHitA                 : num  0 0 0 0 0 0 0 0 0 0 ...
 $ RaceHorse.IsHitB                 : num  0 0 0 0 0 0 0 0 0 0 ...
 $ RaceHorse.IsHitC                 : num  0 0 0 0 0 0 0 0 0 0 ...
 $ PrevRaceHorse.RaceId             : Factor w/ 1911 levels "20150301-09-01-02-05",..: 8 8 9 10 10 10 11 12 13 14 ...
 $ PrevRaceHorse.KettoNum           : Factor w/ 17421 levels "2012102117","2012103489",..: 11 12 13 14 15 16 17 18 19 20 ...
 $ PrevRaceHorse.FinishTimeSdvByRace: num  0.745 1.366 -0.237 -0.406 0.472 ...
 $ PrevRaceHorse.FirstTimeSdvByRace : num  0.797 0.595 -0.201 1.207 -0.826 ...
 $ PrevRaceHorse.LastTimeSdvByRace  : num  0.0137 0.9656 -0.1141 -1.2536 1.0256 ...
 $ PrevRaceHorse.FinishTimeSdv      : num  -0.454 0.123 -1.798 -0.61 -0.286 ...
 $ PrevRaceHorse.FirstTimeSdv       : num  0.4398 0.2435 -1.6465 0.0042 -0.7604 ...
 $ PrevRaceHorse.LastTimeSdv        : num  -1.091 -0.119 -0.676 -0.805 0.468 ...
 $ PrevRaceHorse.IsRun              : num  1 1 1 1 1 1 1 1 1 1 ...
 $ PrevRaceHorse.IsHit1             : num  0 1 0 0 0 0 0 0 0 0 ...
 $ PrevRaceHorse.IsHit2             : num  0 0 0 0 0 0 0 0 0 0 ...
 $ PrevRaceHorse.IsHit3             : num  0 0 0 0 0 0 0 1 0 0 ...
 $ PrevRaceHorse.IsHit4             : num  0 0 0 0 0 0 0 0 1 0 ...
 $ PrevRaceHorse.IsHit5             : num  1 0 0 0 0 0 0 0 0 1 ...
 $ PrevRaceHorse.RowNum             : num  76 77 78 79 80 81 82 83 84 85 ...
 $ PrevOdds.RealOddsLog1            : num  2.86 2.17 2 3.44 2.05 ...
 $ EOF                              : int  1 1 1 1 1 1 1 1 1 1 ...
[1] "2022-03-09 08:50:24 --- RxSqlServerData Finish ---"
[1] "2022-03-09 08:50:24 --- subset Start ---"
[1] "--------------------------------------------------------------------------------"
[1] "nrow(data) subset before=1607229"
[1] "nrow(data) subset after =1607229"
[1] "nrow(data) subset diff =0"
[1] "--------------------------------------------------------------------------------"
[1] "2022-03-09 08:50:25 --- subset Finish---"
[1] "2022-03-09 08:50:25 --- transform Start ---"
[1] "--------------------------------------------------------------------------------"
[1] "nrow(data) transform before=1607229"
[1] "nrow(data) transform after=1607229"
[1] "nrow(data) transform diff=0"
[1] "--------------------------------------------------------------------------------"
[1] "str(data)="
'data.frame':	1607229 obs. of  45 variables:
 $ Race.RaceId                      : Factor w/ 992 levels "20160105-06-01-01-06",..: 2 2 2 2 2 2 2 2 2 2 ...
 $ Race.IsAnalyzeNormalPastAndFuture: logi  TRUE TRUE TRUE TRUE TRUE TRUE ...
 $ Race.IsAnalyzeNormalPast         : logi  TRUE TRUE TRUE TRUE TRUE TRUE ...
 $ Race.IsAnalyzeNormalFuture       : logi  FALSE FALSE FALSE FALSE FALSE FALSE ...
 $ Race.IsAnalyzeFullPastAndFuture  : logi  TRUE TRUE TRUE TRUE TRUE TRUE ...
 $ Race.IsAnalyzeFullPast           : logi  TRUE TRUE TRUE TRUE TRUE TRUE ...
 $ Race.IsAnalyzeFullFuture         : logi  FALSE FALSE FALSE FALSE FALSE FALSE ...
 $ Race.JyokenCd                    : Factor w/ 1 level "6": 1 1 1 1 1 1 1 1 1 1 ...
 $ Race.JyoType1Cd                  : Factor w/ 119 levels "17-06-2000-1",..: 2 2 2 2 2 2 2 2 2 2 ...
 $ Race.RaceType1Cd                 : Factor w/ 2 levels "1-6-12","1-6-11": 1 1 1 1 1 1 1 1 1 1 ...
 $ RaceHorse.RaceId                 : Factor w/ 992 levels "20160105-06-01-01-06",..: 2 2 2 2 2 2 2 2 2 2 ...
 $ RaceHorse.KettoNum               : Factor w/ 12927 levels "2013100548","2013101435",..: 3 3 3 3 3 3 3 3 3 3 ...
 $ RaceHorse.IsHit1                 : num  0 0 0 0 0 0 0 0 0 0 ...
 $ RaceHorse.IsHit2                 : num  0 0 0 0 0 0 0 0 0 0 ...
 $ RaceHorse.IsHit3                 : num  0 0 0 0 0 0 0 0 0 0 ...
 $ RaceHorse.IsHit4                 : num  0 0 0 0 0 0 0 0 0 0 ...
 $ RaceHorse.IsHit5                 : num  0 0 0 0 0 0 0 0 0 0 ...
 $ RaceHorse.IsHit6                 : num  1 1 1 1 1 1 1 1 1 1 ...
 $ RaceHorse.IsValidRaceHorse       : logi  FALSE FALSE FALSE FALSE FALSE FALSE ...
 $ RaceHorse.FinishTimeSdvByRace    : num  -0.81 -0.81 -0.81 -0.81 -0.81 ...
 $ RaceHorse.FirstTimeSdvByRace     : num  -0.179 -0.179 -0.179 -0.179 -0.179 ...
 $ RaceHorse.LastTimeSdvByRace      : num  -0.66 -0.66 -0.66 -0.66 -0.66 ...
 $ RaceHorse.FinishTimeSdv          : num  -2.18 -2.18 -2.18 -2.18 -2.18 ...
 $ RaceHorse.FirstTimeSdv           : num  -1.81 -1.81 -1.81 -1.81 -1.81 ...
 $ RaceHorse.LastTimeSdv            : num  -1.02 -1.02 -1.02 -1.02 -1.02 ...
 $ RaceHorse.IsHitA                 : num  0 0 0 0 0 0 0 0 0 0 ...
 $ RaceHorse.IsHitB                 : num  0 0 0 0 0 0 0 0 0 0 ...
 $ RaceHorse.IsHitC                 : num  0 0 0 0 0 0 0 0 0 0 ...
 $ PrevRaceHorse.RaceId             : Factor w/ 1911 levels "20150301-09-01-02-05",..: 8 8 9 10 10 10 11 12 13 14 ...
 $ PrevRaceHorse.KettoNum           : Factor w/ 17421 levels "2012102117","2012103489",..: 11 12 13 14 15 16 17 18 19 20 ...
 $ PrevRaceHorse.FinishTimeSdvByRace: num  0.745 1.366 -0.237 -0.406 0.472 ...
 $ PrevRaceHorse.FirstTimeSdvByRace : num  0.797 0.595 -0.201 1.207 -0.826 ...
 $ PrevRaceHorse.LastTimeSdvByRace  : num  0.0137 0.9656 -0.1141 -1.2536 1.0256 ...
 $ PrevRaceHorse.FinishTimeSdv      : num  -0.454 0.123 -1.798 -0.61 -0.286 ...
 $ PrevRaceHorse.FirstTimeSdv       : num  0.4398 0.2435 -1.6465 0.0042 -0.7604 ...
 $ PrevRaceHorse.LastTimeSdv        : num  -1.091 -0.119 -0.676 -0.805 0.468 ...
 $ PrevRaceHorse.IsRun              : num  1 1 1 1 1 1 1 1 1 1 ...
 $ PrevRaceHorse.IsHit1             : num  0 1 0 0 0 0 0 0 0 0 ...
 $ PrevRaceHorse.IsHit2             : num  0 0 0 0 0 0 0 0 0 0 ...
 $ PrevRaceHorse.IsHit3             : num  0 0 0 0 0 0 0 1 0 0 ...
 $ PrevRaceHorse.IsHit4             : num  0 0 0 0 0 0 0 0 1 0 ...
 $ PrevRaceHorse.IsHit5             : num  1 0 0 0 0 0 0 0 0 1 ...
 $ PrevRaceHorse.RowNum             : num  76 77 78 79 80 81 82 83 84 85 ...
 $ PrevOdds.RealOddsLog1            : num  2.86 2.17 2 3.44 2.05 ...
 $ EOF                              : int  1 1 1 1 1 1 1 1 1 1 ...
NULL
[1] "2022-03-09 08:50:25 --- transform Finish ---"
[1] "2022-03-09 08:50:25 --- na.omit Start ---"
[1] "--------------------------------------------------------------------------------"
[1] "nrow(data) na.omit before=1607229"
[1] "nrow(data) na.omit after =1598222"
[1] "nrow(data) na.omit diff =9007"
[1] "--------------------------------------------------------------------------------"
'data.frame':	1598222 obs. of  45 variables:
 $ Race.RaceId                      : Factor w/ 992 levels "20160105-06-01-01-06",..: 2 2 2 2 2 2 2 2 2 2 ...
 $ Race.IsAnalyzeNormalPastAndFuture: logi  TRUE TRUE TRUE TRUE TRUE TRUE ...
 $ Race.IsAnalyzeNormalPast         : logi  TRUE TRUE TRUE TRUE TRUE TRUE ...
 $ Race.IsAnalyzeNormalFuture       : logi  FALSE FALSE FALSE FALSE FALSE FALSE ...
 $ Race.IsAnalyzeFullPastAndFuture  : logi  TRUE TRUE TRUE TRUE TRUE TRUE ...
 $ Race.IsAnalyzeFullPast           : logi  TRUE TRUE TRUE TRUE TRUE TRUE ...
 $ Race.IsAnalyzeFullFuture         : logi  FALSE FALSE FALSE FALSE FALSE FALSE ...
 $ Race.JyokenCd                    : Factor w/ 1 level "6": 1 1 1 1 1 1 1 1 1 1 ...
 $ Race.JyoType1Cd                  : Factor w/ 119 levels "17-06-2000-1",..: 2 2 2 2 2 2 2 2 2 2 ...
 $ Race.RaceType1Cd                 : Factor w/ 2 levels "1-6-12","1-6-11": 1 1 1 1 1 1 1 1 1 1 ...
 $ RaceHorse.RaceId                 : Factor w/ 992 levels "20160105-06-01-01-06",..: 2 2 2 2 2 2 2 2 2 2 ...
 $ RaceHorse.KettoNum               : Factor w/ 12927 levels "2013100548","2013101435",..: 3 3 3 3 3 3 3 3 3 3 ...
 $ RaceHorse.IsHit1                 : num  0 0 0 0 0 0 0 0 0 0 ...
 $ RaceHorse.IsHit2                 : num  0 0 0 0 0 0 0 0 0 0 ...
 $ RaceHorse.IsHit3                 : num  0 0 0 0 0 0 0 0 0 0 ...
 $ RaceHorse.IsHit4                 : num  0 0 0 0 0 0 0 0 0 0 ...
 $ RaceHorse.IsHit5                 : num  0 0 0 0 0 0 0 0 0 0 ...
 $ RaceHorse.IsHit6                 : num  1 1 1 1 1 1 1 1 1 1 ...
 $ RaceHorse.IsValidRaceHorse       : logi  FALSE FALSE FALSE FALSE FALSE FALSE ...
 $ RaceHorse.FinishTimeSdvByRace    : num  -0.81 -0.81 -0.81 -0.81 -0.81 ...
 $ RaceHorse.FirstTimeSdvByRace     : num  -0.179 -0.179 -0.179 -0.179 -0.179 ...
 $ RaceHorse.LastTimeSdvByRace      : num  -0.66 -0.66 -0.66 -0.66 -0.66 ...
 $ RaceHorse.FinishTimeSdv          : num  -2.18 -2.18 -2.18 -2.18 -2.18 ...
 $ RaceHorse.FirstTimeSdv           : num  -1.81 -1.81 -1.81 -1.81 -1.81 ...
 $ RaceHorse.LastTimeSdv            : num  -1.02 -1.02 -1.02 -1.02 -1.02 ...
 $ RaceHorse.IsHitA                 : num  0 0 0 0 0 0 0 0 0 0 ...
 $ RaceHorse.IsHitB                 : num  0 0 0 0 0 0 0 0 0 0 ...
 $ RaceHorse.IsHitC                 : num  0 0 0 0 0 0 0 0 0 0 ...
 $ PrevRaceHorse.RaceId             : Factor w/ 1911 levels "20150301-09-01-02-05",..: 8 8 9 10 10 10 11 12 13 14 ...
 $ PrevRaceHorse.KettoNum           : Factor w/ 17421 levels "2012102117","2012103489",..: 11 12 13 14 15 16 17 18 19 20 ...
 $ PrevRaceHorse.FinishTimeSdvByRace: num  0.745 1.366 -0.237 -0.406 0.472 ...
 $ PrevRaceHorse.FirstTimeSdvByRace : num  0.797 0.595 -0.201 1.207 -0.826 ...
 $ PrevRaceHorse.LastTimeSdvByRace  : num  0.0137 0.9656 -0.1141 -1.2536 1.0256 ...
 $ PrevRaceHorse.FinishTimeSdv      : num  -0.454 0.123 -1.798 -0.61 -0.286 ...
 $ PrevRaceHorse.FirstTimeSdv       : num  0.4398 0.2435 -1.6465 0.0042 -0.7604 ...
 $ PrevRaceHorse.LastTimeSdv        : num  -1.091 -0.119 -0.676 -0.805 0.468 ...
 $ PrevRaceHorse.IsRun              : num  1 1 1 1 1 1 1 1 1 1 ...
 $ PrevRaceHorse.IsHit1             : num  0 1 0 0 0 0 0 0 0 0 ...
 $ PrevRaceHorse.IsHit2             : num  0 0 0 0 0 0 0 0 0 0 ...
 $ PrevRaceHorse.IsHit3             : num  0 0 0 0 0 0 0 1 0 0 ...
 $ PrevRaceHorse.IsHit4             : num  0 0 0 0 0 0 0 0 1 0 ...
 $ PrevRaceHorse.IsHit5             : num  1 0 0 0 0 0 0 0 0 1 ...
 $ PrevRaceHorse.RowNum             : num  76 77 78 79 80 81 82 83 84 85 ...
 $ PrevOdds.RealOddsLog1            : num  2.86 2.17 2 3.44 2.05 ...
 $ EOF                              : int  1 1 1 1 1 1 1 1 1 1 ...
 - attr(*, "na.action")= 'omit' Named int  4054 4055 4056 4057 4058 4059 4060 4259 4260 4261 ...
  ..- attr(*, "names")= chr  "4054" "4055" "4056" "4057" ...
[1] "2022-03-09 08:50:26 --- na.omit Finish ---"
[1] "2022-03-09 08:50:26 --- rxLogit with rxStepControl Start ---"

> print(paste0(Sys.time(), " --- source_logic_glm.R Start ---"))
[1] "2022-03-09 08:50:26 --- source_logic_glm.R Start ---"

> formula <- formula(RaceHorse.IsHitA ~ +1 + PrevRaceHorse.FinishTimeSdvByRace)

> print(paste0(Sys.time(), " --- source_logic_glm.R Finished ---"))
[1] "2022-03-09 08:50:26 --- source_logic_glm.R Finished ---"
Rows Read: 1598222, Total Rows Processed: 1598222, Total Chunk Time: 0.025 seconds 

Starting values (iteration 1) time: 0.055 secs.
Rows Read: 1598222, Total Rows Processed: 1598222, Total Chunk Time: 0.059 seconds 

Iteration 2 time: 0.071 secs.
Rows Read: 1598222, Total Rows Processed: 1598222, Total Chunk Time: 0.057 seconds 

Iteration 3 time: 0.062 secs.
Rows Read: 1598222, Total Rows Processed: 1598222, Total Chunk Time: 0.092 seconds 

Iteration 4 time: 0.098 secs.

Elapsed computation time: 0.290 secs.
Rows Read: 1598222, Total Rows Processed: 1598222, Total Chunk Time: 0.017 seconds 

Starting values (iteration 1) time: 0.034 secs.
Rows Read: 1598222, Total Rows Processed: 1598222, Total Chunk Time: 0.062 seconds 

Iteration 2 time: 0.075 secs.

Elapsed computation time: 0.112 secs.
Rows Read: 1598222, Total Rows Processed: 1598222, Total Chunk Time: 0.028 seconds 

Starting values (iteration 1) time: 0.046 secs.
Rows Read: 1598222, Total Rows Processed: 1598222, Total Chunk Time: 0.078 seconds 

Iteration 2 time: 0.087 secs.
Rows Read: 1598222, Total Rows Processed: 1598222, Total Chunk Time: 0.055 seconds 

Iteration 3 time: 0.059 secs.
Rows Read: 1598222, Total Rows Processed: 1598222, Total Chunk Time: 0.065 seconds 

Iteration 4 time: 0.069 secs.

Elapsed computation time: 0.266 secs.

Elapsed computation time: 0.692 secs.
[1] "--------------------------------------------------------------------------------"
[1] "analyze.results.glm.step="
Logistic Regression Results for: RaceHorse.IsHitA ~
    PrevRaceHorse.FinishTimeSdvByRace
Data: data
Dependent variable(s): RaceHorse.IsHitA
Total independent variables: 2 
Number of valid observations: 1598222
Number of missing observations: 0 
 
Coefficients:
                                  RaceHorse.IsHitA
(Intercept)                                   -2.2
PrevRaceHorse.FinishTimeSdvByRace              0.3
[1] "analyze.results.glm.step.summary"
Call:
rxLogit(formula = formula, data = data, variableSelection = analyze.results.glm.step.varsel)

Logistic Regression Results for: RaceHorse.IsHitA ~
    PrevRaceHorse.FinishTimeSdvByRace
Data: data
Dependent variable(s): RaceHorse.IsHitA
Total independent variables: 2 
Number of valid observations: 1598222
Number of missing observations: 0 
-2*LogLikelihood: 1087645.943 (Residual deviance on 1598220 degrees of freedom)
 
Coefficients:
                                  Estimate Std. Error z value Pr(>|z|)    
(Intercept)                       -2.23995    0.00320    -701  2.2e-16 ***
PrevRaceHorse.FinishTimeSdvByRace  0.26537    0.00359      74  2.2e-16 ***
---
Signif. codes:  0 '***' 0.001 '**' 0.01 '*' 0.05 '.' 0.1 ' ' 1

Condition number of final variance-covariance matrix: 1 
Number of iterations: 4
[1] "--------------------------------------------------------------------------------"
[1] "2022-03-09 08:50:27 --- rxLogit with rxStepControl Finish ---"
[1] "2022-03-09 08:50:27 --- rxStepPlot Start ---"
[1] "pdfFilename=pdf_analyze_glm_Gen01_Type16_rxStepPlot.pdf"
[1] "rxStepPlot="
[1] "2022-03-09 08:50:27 --- rxStepPlot Finish ---"
[1] "2022-03-09 08:50:27 --- save.image Start ---"
[1] "save.image"
[1] "rdataFilename=RData_analyze_glm_Gen01_Type16.RData"
[1] "2022-03-09 08:50:34 --- save.image Finish ---"
[1] "2022-03-09 08:50:34 --- final Start ---"
[1] "--------------------------------------------------------------------------------"
[1] "nrow(data) final=1598222"
[1] "--------------------------------------------------------------------------------"
[1] "2022-03-09 08:50:34 --- final Finish ---"
[1] "2022-03-09 08:50:34 --- analyze_glm.R Finished ---"
[1] "2022-03-09 08:50:34 --- log Finish ---"
