[1] "2022-03-09 09:01:15 --- D1116_analyze_glm_Jockey_IsHitA_Type23 Start ---"
[1] "2022-03-09 09:01:15 --- Log Start ---"
[1] "2022-03-09 09:01:15 --- analyze_glm.R Start ---"
[1] "analyzeVersion=D1116"
[1] "analyzeCategory=analyze"
[1] "analyzeType=Jockey"
[1] "analyzeFamily=IsHitA"
[1] "analyzeFunc=glm"
[1] "analyzeTrackTypeCd=2"
[1] "analyzeJyokenCd=3"
[1] "2022-03-09 09:01:15 --- source_function.R Start ---"
[1] "2022-03-09 09:01:15 --- source_function.R Finished ---"

> print(paste0(Sys.time(), " --- source_library.R Start ---"))
[1] "2022-03-09 09:01:15 --- source_library.R Start ---"

> require("RevoScaleR")

> print(paste0(Sys.time(), " --- source_library.R Finished ---"))
[1] "2022-03-09 09:01:15 --- source_library.R Finished ---"
[1] "2022-03-09 09:01:15 --- RxSqlServerData Start ---"
[1] "2022-03-09 09:01:15 --- RxInSqlServer Start ---"
[1] "2022-03-09 09:01:15 --- RxInSqlServer Finish ---"
[1] "2022-03-09 09:01:15 --- rxSetComputeContext Start ---"
[1] "2022-03-09 09:01:15 --- rxSetComputeContext Finish ---"
[1] "2022-03-09 09:01:15 --- RxSqlServerData Start ---"
[1] "sqlQuery=SELECT * FROM ViewAnalyzeD1116analyze01JockeyType23"
[1] "2022-03-09 09:01:15 --- RxSqlServerData Finish ---"
[1] "2022-03-09 09:01:15 --- rxGetVarInfo Start ---"
[1] "2022-03-09 09:01:15 --- rxGetVarInfo Finish---"
[1] "2022-03-09 09:01:15 --- rxImport Start ---"
Rows Read: 1884378, Total Rows Processed: 1884378, Total Chunk Time: 47.106 seconds 
[1] "2022-03-09 09:02:34 --- rxImport Finish ---"
[1] "object.size(data) auto=532.9 Mb"
[1] "--------------------------------------------------------------------------------"
[1] "nrow(data) RxSqlServerData=1884378"
[1] "--------------------------------------------------------------------------------"
[1] "str(data)="
'data.frame':	1884378 obs. of  45 variables:
 $ Race.RaceId                      : Factor w/ 1011 levels "20160105-06-01-01-08",..: 1 1 1 1 1 1 1 1 1 1 ...
 $ Race.IsAnalyzeNormalPastAndFuture: logi  TRUE TRUE TRUE TRUE TRUE TRUE ...
 $ Race.IsAnalyzeNormalPast         : logi  TRUE TRUE TRUE TRUE TRUE TRUE ...
 $ Race.IsAnalyzeNormalFuture       : logi  FALSE FALSE FALSE FALSE FALSE FALSE ...
 $ Race.IsAnalyzeFullPastAndFuture  : logi  TRUE TRUE TRUE TRUE TRUE TRUE ...
 $ Race.IsAnalyzeFullPast           : logi  TRUE TRUE TRUE TRUE TRUE TRUE ...
 $ Race.IsAnalyzeFullFuture         : logi  FALSE FALSE FALSE FALSE FALSE FALSE ...
 $ Race.JyokenCd                    : Factor w/ 1 level "3": 1 1 1 1 1 1 1 1 1 1 ...
 $ Race.JyoType1Cd                  : Factor w/ 105 levels "24-06-1200-1",..: 1 1 1 1 1 1 1 1 1 1 ...
 $ Race.RaceType1Cd                 : Factor w/ 2 levels "2-3-14","2-3-13": 1 1 1 1 1 1 1 1 1 1 ...
 $ RaceHorse.RaceId                 : Factor w/ 1011 levels "20160105-06-01-01-08",..: 1 1 1 1 1 1 1 1 1 1 ...
 $ RaceHorse.KettoNum               : Factor w/ 3179 levels "2009101967","2009103618",..: 1 1 1 1 1 1 1 1 1 1 ...
 $ RaceHorse.IsHit1                 : num  0 0 0 0 0 0 0 0 0 0 ...
 $ RaceHorse.IsHit2                 : num  0 0 0 0 0 0 0 0 0 0 ...
 $ RaceHorse.IsHit3                 : num  0 0 0 0 0 0 0 0 0 0 ...
 $ RaceHorse.IsHit4                 : num  1 1 1 1 1 1 1 1 1 1 ...
 $ RaceHorse.IsHit5                 : num  0 0 0 0 0 0 0 0 0 0 ...
 $ RaceHorse.IsHit6                 : num  0 0 0 0 0 0 0 0 0 0 ...
 $ RaceHorse.IsValidRaceHorse       : logi  TRUE TRUE TRUE TRUE TRUE TRUE ...
 $ RaceHorse.FinishTimeSdvByRace    : num  0.554 0.554 0.554 0.554 0.554 ...
 $ RaceHorse.FirstTimeSdvByRace     : num  -1.08 -1.08 -1.08 -1.08 -1.08 ...
 $ RaceHorse.LastTimeSdvByRace      : num  1.87 1.87 1.87 1.87 1.87 ...
 $ RaceHorse.FinishTimeSdv          : num  1.07 1.07 1.07 1.07 1.07 ...
 $ RaceHorse.FirstTimeSdv           : num  -0.123 -0.123 -0.123 -0.123 -0.123 ...
 $ RaceHorse.LastTimeSdv            : num  1.47 1.47 1.47 1.47 1.47 ...
 $ RaceHorse.IsHitA                 : num  0 0 0 0 0 0 0 0 0 0 ...
 $ RaceHorse.IsHitB                 : num  0 0 0 0 0 0 0 0 0 0 ...
 $ RaceHorse.IsHitC                 : num  0 0 0 0 0 0 0 0 0 0 ...
 $ PrevRaceHorse.RaceId             : Factor w/ 2153 levels "20150524-04-01-08-12",..: 1 2 3 4 5 6 7 8 9 10 ...
 $ PrevRaceHorse.KettoNum           : Factor w/ 5847 levels "2008109158","2010103880",..: 1 2 3 4 5 6 7 8 6 9 ...
 $ PrevRaceHorse.FinishTimeSdvByRace: num  0.279 0.224 0.303 0.665 0.597 ...
 $ PrevRaceHorse.FirstTimeSdvByRace : num  -0.257 -1.737 0.367 -0.81 1.322 ...
 $ PrevRaceHorse.LastTimeSdvByRace  : num  0.3336 1.3233 0.129 1.0639 0.0469 ...
 $ PrevRaceHorse.FinishTimeSdv      : num  0.724 1.317 1.091 0.719 0.928 ...
 $ PrevRaceHorse.FirstTimeSdv       : num  1.782 0.229 0.882 0.35 1.828 ...
 $ PrevRaceHorse.LastTimeSdv        : num  -0.467 1.52 0.701 0.701 -0.191 ...
 $ PrevRaceHorse.IsRun              : num  1 1 1 1 1 1 1 1 1 1 ...
 $ PrevRaceHorse.IsHit1             : num  0 0 0 0 0 0 0 0 0 0 ...
 $ PrevRaceHorse.IsHit2             : num  0 0 0 0 0 0 0 0 0 0 ...
 $ PrevRaceHorse.IsHit3             : num  0 0 0 1 0 0 0 0 0 1 ...
 $ PrevRaceHorse.IsHit4             : num  0 0 0 0 0 0 0 0 1 0 ...
 $ PrevRaceHorse.IsHit5             : num  0 1 0 0 1 0 0 0 0 0 ...
 $ PrevRaceHorse.RowNum             : num  1 2 3 4 5 6 7 8 9 10 ...
 $ PrevOdds.RealOddsLog1            : num  3.62 2.47 3.6 1.75 3.53 ...
 $ EOF                              : int  1 1 1 1 1 1 1 1 1 1 ...
[1] "2022-03-09 09:02:34 --- RxSqlServerData Finish ---"
[1] "2022-03-09 09:02:34 --- subset Start ---"
[1] "--------------------------------------------------------------------------------"
[1] "nrow(data) subset before=1884378"
[1] "nrow(data) subset after =1884378"
[1] "nrow(data) subset diff =0"
[1] "--------------------------------------------------------------------------------"
[1] "2022-03-09 09:02:35 --- subset Finish---"
[1] "2022-03-09 09:02:35 --- transform Start ---"
[1] "--------------------------------------------------------------------------------"
[1] "nrow(data) transform before=1884378"
[1] "nrow(data) transform after=1884378"
[1] "nrow(data) transform diff=0"
[1] "--------------------------------------------------------------------------------"
[1] "str(data)="
'data.frame':	1884378 obs. of  45 variables:
 $ Race.RaceId                      : Factor w/ 1011 levels "20160105-06-01-01-08",..: 1 1 1 1 1 1 1 1 1 1 ...
 $ Race.IsAnalyzeNormalPastAndFuture: logi  TRUE TRUE TRUE TRUE TRUE TRUE ...
 $ Race.IsAnalyzeNormalPast         : logi  TRUE TRUE TRUE TRUE TRUE TRUE ...
 $ Race.IsAnalyzeNormalFuture       : logi  FALSE FALSE FALSE FALSE FALSE FALSE ...
 $ Race.IsAnalyzeFullPastAndFuture  : logi  TRUE TRUE TRUE TRUE TRUE TRUE ...
 $ Race.IsAnalyzeFullPast           : logi  TRUE TRUE TRUE TRUE TRUE TRUE ...
 $ Race.IsAnalyzeFullFuture         : logi  FALSE FALSE FALSE FALSE FALSE FALSE ...
 $ Race.JyokenCd                    : Factor w/ 1 level "3": 1 1 1 1 1 1 1 1 1 1 ...
 $ Race.JyoType1Cd                  : Factor w/ 105 levels "24-06-1200-1",..: 1 1 1 1 1 1 1 1 1 1 ...
 $ Race.RaceType1Cd                 : Factor w/ 2 levels "2-3-14","2-3-13": 1 1 1 1 1 1 1 1 1 1 ...
 $ RaceHorse.RaceId                 : Factor w/ 1011 levels "20160105-06-01-01-08",..: 1 1 1 1 1 1 1 1 1 1 ...
 $ RaceHorse.KettoNum               : Factor w/ 3179 levels "2009101967","2009103618",..: 1 1 1 1 1 1 1 1 1 1 ...
 $ RaceHorse.IsHit1                 : num  0 0 0 0 0 0 0 0 0 0 ...
 $ RaceHorse.IsHit2                 : num  0 0 0 0 0 0 0 0 0 0 ...
 $ RaceHorse.IsHit3                 : num  0 0 0 0 0 0 0 0 0 0 ...
 $ RaceHorse.IsHit4                 : num  1 1 1 1 1 1 1 1 1 1 ...
 $ RaceHorse.IsHit5                 : num  0 0 0 0 0 0 0 0 0 0 ...
 $ RaceHorse.IsHit6                 : num  0 0 0 0 0 0 0 0 0 0 ...
 $ RaceHorse.IsValidRaceHorse       : logi  TRUE TRUE TRUE TRUE TRUE TRUE ...
 $ RaceHorse.FinishTimeSdvByRace    : num  0.554 0.554 0.554 0.554 0.554 ...
 $ RaceHorse.FirstTimeSdvByRace     : num  -1.08 -1.08 -1.08 -1.08 -1.08 ...
 $ RaceHorse.LastTimeSdvByRace      : num  1.87 1.87 1.87 1.87 1.87 ...
 $ RaceHorse.FinishTimeSdv          : num  1.07 1.07 1.07 1.07 1.07 ...
 $ RaceHorse.FirstTimeSdv           : num  -0.123 -0.123 -0.123 -0.123 -0.123 ...
 $ RaceHorse.LastTimeSdv            : num  1.47 1.47 1.47 1.47 1.47 ...
 $ RaceHorse.IsHitA                 : num  0 0 0 0 0 0 0 0 0 0 ...
 $ RaceHorse.IsHitB                 : num  0 0 0 0 0 0 0 0 0 0 ...
 $ RaceHorse.IsHitC                 : num  0 0 0 0 0 0 0 0 0 0 ...
 $ PrevRaceHorse.RaceId             : Factor w/ 2153 levels "20150524-04-01-08-12",..: 1 2 3 4 5 6 7 8 9 10 ...
 $ PrevRaceHorse.KettoNum           : Factor w/ 5847 levels "2008109158","2010103880",..: 1 2 3 4 5 6 7 8 6 9 ...
 $ PrevRaceHorse.FinishTimeSdvByRace: num  0.279 0.224 0.303 0.665 0.597 ...
 $ PrevRaceHorse.FirstTimeSdvByRace : num  -0.257 -1.737 0.367 -0.81 1.322 ...
 $ PrevRaceHorse.LastTimeSdvByRace  : num  0.3336 1.3233 0.129 1.0639 0.0469 ...
 $ PrevRaceHorse.FinishTimeSdv      : num  0.724 1.317 1.091 0.719 0.928 ...
 $ PrevRaceHorse.FirstTimeSdv       : num  1.782 0.229 0.882 0.35 1.828 ...
 $ PrevRaceHorse.LastTimeSdv        : num  -0.467 1.52 0.701 0.701 -0.191 ...
 $ PrevRaceHorse.IsRun              : num  1 1 1 1 1 1 1 1 1 1 ...
 $ PrevRaceHorse.IsHit1             : num  0 0 0 0 0 0 0 0 0 0 ...
 $ PrevRaceHorse.IsHit2             : num  0 0 0 0 0 0 0 0 0 0 ...
 $ PrevRaceHorse.IsHit3             : num  0 0 0 1 0 0 0 0 0 1 ...
 $ PrevRaceHorse.IsHit4             : num  0 0 0 0 0 0 0 0 1 0 ...
 $ PrevRaceHorse.IsHit5             : num  0 1 0 0 1 0 0 0 0 0 ...
 $ PrevRaceHorse.RowNum             : num  1 2 3 4 5 6 7 8 9 10 ...
 $ PrevOdds.RealOddsLog1            : num  3.62 2.47 3.6 1.75 3.53 ...
 $ EOF                              : int  1 1 1 1 1 1 1 1 1 1 ...
NULL
[1] "2022-03-09 09:02:35 --- transform Finish ---"
[1] "2022-03-09 09:02:35 --- na.omit Start ---"
[1] "--------------------------------------------------------------------------------"
[1] "nrow(data) na.omit before=1884378"
[1] "nrow(data) na.omit after =1869740"
[1] "nrow(data) na.omit diff =14638"
[1] "--------------------------------------------------------------------------------"
'data.frame':	1869740 obs. of  45 variables:
 $ Race.RaceId                      : Factor w/ 1011 levels "20160105-06-01-01-08",..: 1 1 1 1 1 1 1 1 1 1 ...
 $ Race.IsAnalyzeNormalPastAndFuture: logi  TRUE TRUE TRUE TRUE TRUE TRUE ...
 $ Race.IsAnalyzeNormalPast         : logi  TRUE TRUE TRUE TRUE TRUE TRUE ...
 $ Race.IsAnalyzeNormalFuture       : logi  FALSE FALSE FALSE FALSE FALSE FALSE ...
 $ Race.IsAnalyzeFullPastAndFuture  : logi  TRUE TRUE TRUE TRUE TRUE TRUE ...
 $ Race.IsAnalyzeFullPast           : logi  TRUE TRUE TRUE TRUE TRUE TRUE ...
 $ Race.IsAnalyzeFullFuture         : logi  FALSE FALSE FALSE FALSE FALSE FALSE ...
 $ Race.JyokenCd                    : Factor w/ 1 level "3": 1 1 1 1 1 1 1 1 1 1 ...
 $ Race.JyoType1Cd                  : Factor w/ 105 levels "24-06-1200-1",..: 1 1 1 1 1 1 1 1 1 1 ...
 $ Race.RaceType1Cd                 : Factor w/ 2 levels "2-3-14","2-3-13": 1 1 1 1 1 1 1 1 1 1 ...
 $ RaceHorse.RaceId                 : Factor w/ 1011 levels "20160105-06-01-01-08",..: 1 1 1 1 1 1 1 1 1 1 ...
 $ RaceHorse.KettoNum               : Factor w/ 3179 levels "2009101967","2009103618",..: 1 1 1 1 1 1 1 1 1 1 ...
 $ RaceHorse.IsHit1                 : num  0 0 0 0 0 0 0 0 0 0 ...
 $ RaceHorse.IsHit2                 : num  0 0 0 0 0 0 0 0 0 0 ...
 $ RaceHorse.IsHit3                 : num  0 0 0 0 0 0 0 0 0 0 ...
 $ RaceHorse.IsHit4                 : num  1 1 1 1 1 1 1 1 1 1 ...
 $ RaceHorse.IsHit5                 : num  0 0 0 0 0 0 0 0 0 0 ...
 $ RaceHorse.IsHit6                 : num  0 0 0 0 0 0 0 0 0 0 ...
 $ RaceHorse.IsValidRaceHorse       : logi  TRUE TRUE TRUE TRUE TRUE TRUE ...
 $ RaceHorse.FinishTimeSdvByRace    : num  0.554 0.554 0.554 0.554 0.554 ...
 $ RaceHorse.FirstTimeSdvByRace     : num  -1.08 -1.08 -1.08 -1.08 -1.08 ...
 $ RaceHorse.LastTimeSdvByRace      : num  1.87 1.87 1.87 1.87 1.87 ...
 $ RaceHorse.FinishTimeSdv          : num  1.07 1.07 1.07 1.07 1.07 ...
 $ RaceHorse.FirstTimeSdv           : num  -0.123 -0.123 -0.123 -0.123 -0.123 ...
 $ RaceHorse.LastTimeSdv            : num  1.47 1.47 1.47 1.47 1.47 ...
 $ RaceHorse.IsHitA                 : num  0 0 0 0 0 0 0 0 0 0 ...
 $ RaceHorse.IsHitB                 : num  0 0 0 0 0 0 0 0 0 0 ...
 $ RaceHorse.IsHitC                 : num  0 0 0 0 0 0 0 0 0 0 ...
 $ PrevRaceHorse.RaceId             : Factor w/ 2153 levels "20150524-04-01-08-12",..: 1 2 3 4 5 6 7 8 9 10 ...
 $ PrevRaceHorse.KettoNum           : Factor w/ 5847 levels "2008109158","2010103880",..: 1 2 3 4 5 6 7 8 6 9 ...
 $ PrevRaceHorse.FinishTimeSdvByRace: num  0.279 0.224 0.303 0.665 0.597 ...
 $ PrevRaceHorse.FirstTimeSdvByRace : num  -0.257 -1.737 0.367 -0.81 1.322 ...
 $ PrevRaceHorse.LastTimeSdvByRace  : num  0.3336 1.3233 0.129 1.0639 0.0469 ...
 $ PrevRaceHorse.FinishTimeSdv      : num  0.724 1.317 1.091 0.719 0.928 ...
 $ PrevRaceHorse.FirstTimeSdv       : num  1.782 0.229 0.882 0.35 1.828 ...
 $ PrevRaceHorse.LastTimeSdv        : num  -0.467 1.52 0.701 0.701 -0.191 ...
 $ PrevRaceHorse.IsRun              : num  1 1 1 1 1 1 1 1 1 1 ...
 $ PrevRaceHorse.IsHit1             : num  0 0 0 0 0 0 0 0 0 0 ...
 $ PrevRaceHorse.IsHit2             : num  0 0 0 0 0 0 0 0 0 0 ...
 $ PrevRaceHorse.IsHit3             : num  0 0 0 1 0 0 0 0 0 1 ...
 $ PrevRaceHorse.IsHit4             : num  0 0 0 0 0 0 0 0 1 0 ...
 $ PrevRaceHorse.IsHit5             : num  0 1 0 0 1 0 0 0 0 0 ...
 $ PrevRaceHorse.RowNum             : num  1 2 3 4 5 6 7 8 9 10 ...
 $ PrevOdds.RealOddsLog1            : num  3.62 2.47 3.6 1.75 3.53 ...
 $ EOF                              : int  1 1 1 1 1 1 1 1 1 1 ...
 - attr(*, "na.action")= 'omit' Named int  9009 9010 9011 9012 9013 9014 9015 9016 9017 9018 ...
  ..- attr(*, "names")= chr  "9009" "9010" "9011" "9012" ...
[1] "2022-03-09 09:02:36 --- na.omit Finish ---"
[1] "2022-03-09 09:02:36 --- rxLogit with rxStepControl Start ---"

> print(paste0(Sys.time(), " --- source_logic_glm.R Start ---"))
[1] "2022-03-09 09:02:36 --- source_logic_glm.R Start ---"

> formula <- formula(RaceHorse.IsHitA ~ +1 + PrevRaceHorse.FinishTimeSdvByRace)

> print(paste0(Sys.time(), " --- source_logic_glm.R Finished ---"))
[1] "2022-03-09 09:02:36 --- source_logic_glm.R Finished ---"
Rows Read: 1869740, Total Rows Processed: 1869740, Total Chunk Time: 0.036 seconds 

Starting values (iteration 1) time: 0.058 secs.
Rows Read: 1869740, Total Rows Processed: 1869740, Total Chunk Time: 0.079 seconds 

Iteration 2 time: 0.091 secs.
Rows Read: 1869740, Total Rows Processed: 1869740, Total Chunk Time: 0.074 seconds 

Iteration 3 time: 0.079 secs.
Rows Read: 1869740, Total Rows Processed: 1869740, Total Chunk Time: 0.065 seconds 

Iteration 4 time: 0.070 secs.

Elapsed computation time: 0.301 secs.
Rows Read: 1869740, Total Rows Processed: 1869740, Total Chunk Time: 0.017 seconds 

Starting values (iteration 1) time: 0.024 secs.
Rows Read: 1869740, Total Rows Processed: 1869740, Total Chunk Time: 0.050 seconds 

Iteration 2 time: 0.056 secs.

Elapsed computation time: 0.085 secs.
Rows Read: 1869740, Total Rows Processed: 1869740, Total Chunk Time: 0.025 seconds 

Starting values (iteration 1) time: 0.032 secs.
Rows Read: 1869740, Total Rows Processed: 1869740, Total Chunk Time: 0.063 seconds 

Iteration 2 time: 0.071 secs.
Rows Read: 1869740, Total Rows Processed: 1869740, Total Chunk Time: 0.065 seconds 

Iteration 3 time: 0.070 secs.
Rows Read: 1869740, Total Rows Processed: 1869740, Total Chunk Time: 0.065 seconds 

Iteration 4 time: 0.070 secs.

Elapsed computation time: 0.246 secs.

Elapsed computation time: 0.645 secs.
[1] "--------------------------------------------------------------------------------"
[1] "analyze.results.glm.step="
Logistic Regression Results for: RaceHorse.IsHitA ~
    PrevRaceHorse.FinishTimeSdvByRace
Data: data
Dependent variable(s): RaceHorse.IsHitA
Total independent variables: 2 
Number of valid observations: 1869740
Number of missing observations: 0 
 
Coefficients:
                                  RaceHorse.IsHitA
(Intercept)                                   -2.5
PrevRaceHorse.FinishTimeSdvByRace              0.1
[1] "analyze.results.glm.step.summary"
Call:
rxLogit(formula = formula, data = data, variableSelection = analyze.results.glm.step.varsel)

Logistic Regression Results for: RaceHorse.IsHitA ~
    PrevRaceHorse.FinishTimeSdvByRace
Data: data
Dependent variable(s): RaceHorse.IsHitA
Total independent variables: 2 
Number of valid observations: 1869740
Number of missing observations: 0 
-2*LogLikelihood: 1010718.948 (Residual deviance on 1869738 degrees of freedom)
 
Coefficients:
                                  Estimate Std. Error z value Pr(>|z|)    
(Intercept)                       -2.51562    0.00288  -873.4  2.2e-16 ***
PrevRaceHorse.FinishTimeSdvByRace  0.12322    0.00328    37.6  2.2e-16 ***
---
Signif. codes:  0 '***' 0.001 '**' 0.01 '*' 0.05 '.' 0.1 ' ' 1

Condition number of final variance-covariance matrix: 1 
Number of iterations: 4
[1] "--------------------------------------------------------------------------------"
[1] "2022-03-09 09:02:38 --- rxLogit with rxStepControl Finish ---"
[1] "2022-03-09 09:02:38 --- rxStepPlot Start ---"
[1] "pdfFilename=pdf_analyze_glm_Jockey_Type23_rxStepPlot.pdf"
[1] "rxStepPlot="
[1] "2022-03-09 09:02:38 --- rxStepPlot Finish ---"
[1] "2022-03-09 09:02:38 --- save.image Start ---"
[1] "save.image"
[1] "rdataFilename=RData_analyze_glm_Jockey_Type23.RData"
[1] "2022-03-09 09:02:44 --- save.image Finish ---"
[1] "2022-03-09 09:02:44 --- final Start ---"
[1] "--------------------------------------------------------------------------------"
[1] "nrow(data) final=1869740"
[1] "--------------------------------------------------------------------------------"
[1] "2022-03-09 09:02:44 --- final Finish ---"
[1] "2022-03-09 09:02:44 --- analyze_glm.R Finished ---"
[1] "2022-03-09 09:02:44 --- log Finish ---"
