[1] "2022-03-09 09:00:36 --- D1116_analyze_glm_Horse_IsHitA_Type15 Start ---"
[1] "2022-03-09 09:00:36 --- Log Start ---"
[1] "2022-03-09 09:00:36 --- analyze_glm.R Start ---"
[1] "analyzeVersion=D1116"
[1] "analyzeCategory=analyze"
[1] "analyzeType=Horse"
[1] "analyzeFamily=IsHitA"
[1] "analyzeFunc=glm"
[1] "analyzeTrackTypeCd=1"
[1] "analyzeJyokenCd=5"
[1] "2022-03-09 09:00:36 --- source_function.R Start ---"
[1] "2022-03-09 09:00:36 --- source_function.R Finished ---"

> print(paste0(Sys.time(), " --- source_library.R Start ---"))
[1] "2022-03-09 09:00:36 --- source_library.R Start ---"

> require("RevoScaleR")

> print(paste0(Sys.time(), " --- source_library.R Finished ---"))
[1] "2022-03-09 09:00:37 --- source_library.R Finished ---"
[1] "2022-03-09 09:00:37 --- RxSqlServerData Start ---"
[1] "2022-03-09 09:00:37 --- RxInSqlServer Start ---"
[1] "2022-03-09 09:00:37 --- RxInSqlServer Finish ---"
[1] "2022-03-09 09:00:37 --- rxSetComputeContext Start ---"
[1] "2022-03-09 09:00:37 --- rxSetComputeContext Finish ---"
[1] "2022-03-09 09:00:37 --- RxSqlServerData Start ---"
[1] "sqlQuery=SELECT * FROM ViewAnalyzeD1116analyze01HorseType15"
[1] "2022-03-09 09:00:37 --- RxSqlServerData Finish ---"
[1] "2022-03-09 09:00:37 --- rxGetVarInfo Start ---"
[1] "2022-03-09 09:00:37 --- rxGetVarInfo Finish---"
[1] "2022-03-09 09:00:37 --- rxImport Start ---"
Rows Read: 41348, Total Rows Processed: 41348, Total Chunk Time: 3.669 seconds 
[1] "2022-03-09 09:00:43 --- rxImport Finish ---"
[1] "object.size(data) auto=13.3 Mb"
[1] "--------------------------------------------------------------------------------"
[1] "nrow(data) RxSqlServerData=41348"
[1] "--------------------------------------------------------------------------------"
[1] "str(data)="
'data.frame':	41348 obs. of  45 variables:
 $ Race.RaceId                      : Factor w/ 2333 levels "20160123-06-01-07-05",..: 1 1 1 1 1 2 3 3 4 4 ...
 $ Race.IsAnalyzeNormalPastAndFuture: logi  TRUE TRUE TRUE TRUE TRUE TRUE ...
 $ Race.IsAnalyzeNormalPast         : logi  TRUE TRUE TRUE TRUE TRUE TRUE ...
 $ Race.IsAnalyzeNormalFuture       : logi  FALSE FALSE FALSE FALSE FALSE FALSE ...
 $ Race.IsAnalyzeFullPastAndFuture  : logi  TRUE TRUE TRUE TRUE TRUE TRUE ...
 $ Race.IsAnalyzeFullPast           : logi  TRUE TRUE TRUE TRUE TRUE TRUE ...
 $ Race.IsAnalyzeFullFuture         : logi  FALSE FALSE FALSE FALSE FALSE FALSE ...
 $ Race.JyokenCd                    : Factor w/ 1 level "5": 1 1 1 1 1 1 1 1 1 1 ...
 $ Race.JyoType1Cd                  : Factor w/ 175 levels "18-06-2200-1",..: 1 1 1 1 1 2 3 3 4 4 ...
 $ Race.RaceType1Cd                 : Factor w/ 2 levels "1-5-12","1-5-11": 1 1 1 1 1 1 1 1 1 1 ...
 $ RaceHorse.RaceId                 : Factor w/ 2333 levels "20160123-06-01-07-05",..: 1 1 1 1 1 2 3 3 4 4 ...
 $ RaceHorse.KettoNum               : Factor w/ 7646 levels "2013102907","2013103947",..: 1 2 3 4 5 6 7 8 9 10 ...
 $ RaceHorse.IsHit1                 : num  0 0 0 0 1 0 0 0 0 0 ...
 $ RaceHorse.IsHit2                 : num  0 0 0 1 0 1 0 1 0 0 ...
 $ RaceHorse.IsHit3                 : num  0 0 0 0 0 0 0 0 0 0 ...
 $ RaceHorse.IsHit4                 : num  0 0 1 0 0 0 0 0 0 0 ...
 $ RaceHorse.IsHit5                 : num  0 0 0 0 0 0 0 0 0 1 ...
 $ RaceHorse.IsHit6                 : num  1 1 0 0 0 0 1 0 1 0 ...
 $ RaceHorse.IsValidRaceHorse       : logi  TRUE TRUE TRUE TRUE TRUE TRUE ...
 $ RaceHorse.FinishTimeSdvByRace    : num  0.332 -0.111 0.553 0.627 0.7 ...
 $ RaceHorse.FirstTimeSdvByRace     : num  -0.586 0.222 -0.101 1.193 1.031 ...
 $ RaceHorse.LastTimeSdvByRace      : num  0.55 -0.19 0.68 0.419 0.55 ...
 $ RaceHorse.FinishTimeSdv          : num  0.198 -0.356 0.475 0.567 0.659 ...
 $ RaceHorse.FirstTimeSdv           : num  0.0805 0.3422 0.2375 0.6562 0.6038 ...
 $ RaceHorse.LastTimeSdv            : num  0.1952 -1.014 0.4086 -0.0182 0.1952 ...
 $ RaceHorse.IsHitA                 : num  0 0 0 0 1 0 0 0 0 0 ...
 $ RaceHorse.IsHitB                 : num  0 0 0 1 1 1 0 1 0 0 ...
 $ RaceHorse.IsHitC                 : num  0 0 0 1 1 1 0 1 0 0 ...
 $ PrevRaceHorse.RaceId             : Factor w/ 2354 levels "20160110-06-01-03-05",..: 1 1 1 2 2 3 4 5 6 6 ...
 $ PrevRaceHorse.KettoNum           : Factor w/ 7646 levels "2013102907","2013103947",..: 1 2 3 4 5 6 7 8 9 10 ...
 $ PrevRaceHorse.FinishTimeSdvByRace: num  0.71 0.71 1.39 1.43 1.33 ...
 $ PrevRaceHorse.FirstTimeSdvByRace : num  -1.259 0.267 0.267 1.225 0.169 ...
 $ PrevRaceHorse.LastTimeSdvByRace  : num  1.182 0.547 1.182 0.811 1.164 ...
 $ PrevRaceHorse.FinishTimeSdv      : num  0.013 0.013 0.244 1.03 0.988 ...
 $ PrevRaceHorse.FirstTimeSdv       : num  -0.0765 0.1851 0.1851 0.9303 0.6864 ...
 $ PrevRaceHorse.LastTimeSdv        : num  0.124 -0.232 0.124 0.393 0.683 ...
 $ PrevRaceHorse.IsRun              : num  1 1 1 1 1 1 1 1 1 1 ...
 $ PrevRaceHorse.IsHit1             : num  0 0 0 0 0 0 0 0 0 0 ...
 $ PrevRaceHorse.IsHit2             : num  0 0 1 1 0 0 0 0 0 0 ...
 $ PrevRaceHorse.IsHit3             : num  0 0 0 0 1 0 0 0 0 0 ...
 $ PrevRaceHorse.IsHit4             : num  1 0 0 0 0 0 0 0 0 0 ...
 $ PrevRaceHorse.IsHit5             : num  0 1 0 0 0 1 1 1 0 0 ...
 $ PrevRaceHorse.RowNum             : num  1 1 1 1 1 1 1 1 1 1 ...
 $ PrevOdds.RealOddsLog1            : num  3.3 2.89 1.14 1.91 2.2 ...
 $ EOF                              : int  1 1 1 1 1 1 1 1 1 1 ...
[1] "2022-03-09 09:00:44 --- RxSqlServerData Finish ---"
[1] "2022-03-09 09:00:44 --- subset Start ---"
[1] "--------------------------------------------------------------------------------"
[1] "nrow(data) subset before=41348"
[1] "nrow(data) subset after =41348"
[1] "nrow(data) subset diff =0"
[1] "--------------------------------------------------------------------------------"
[1] "2022-03-09 09:00:44 --- subset Finish---"
[1] "2022-03-09 09:00:44 --- transform Start ---"
[1] "--------------------------------------------------------------------------------"
[1] "nrow(data) transform before=41348"
[1] "nrow(data) transform after=41348"
[1] "nrow(data) transform diff=0"
[1] "--------------------------------------------------------------------------------"
[1] "str(data)="
'data.frame':	41348 obs. of  45 variables:
 $ Race.RaceId                      : Factor w/ 2333 levels "20160123-06-01-07-05",..: 1 1 1 1 1 2 3 3 4 4 ...
 $ Race.IsAnalyzeNormalPastAndFuture: logi  TRUE TRUE TRUE TRUE TRUE TRUE ...
 $ Race.IsAnalyzeNormalPast         : logi  TRUE TRUE TRUE TRUE TRUE TRUE ...
 $ Race.IsAnalyzeNormalFuture       : logi  FALSE FALSE FALSE FALSE FALSE FALSE ...
 $ Race.IsAnalyzeFullPastAndFuture  : logi  TRUE TRUE TRUE TRUE TRUE TRUE ...
 $ Race.IsAnalyzeFullPast           : logi  TRUE TRUE TRUE TRUE TRUE TRUE ...
 $ Race.IsAnalyzeFullFuture         : logi  FALSE FALSE FALSE FALSE FALSE FALSE ...
 $ Race.JyokenCd                    : Factor w/ 1 level "5": 1 1 1 1 1 1 1 1 1 1 ...
 $ Race.JyoType1Cd                  : Factor w/ 175 levels "18-06-2200-1",..: 1 1 1 1 1 2 3 3 4 4 ...
 $ Race.RaceType1Cd                 : Factor w/ 2 levels "1-5-12","1-5-11": 1 1 1 1 1 1 1 1 1 1 ...
 $ RaceHorse.RaceId                 : Factor w/ 2333 levels "20160123-06-01-07-05",..: 1 1 1 1 1 2 3 3 4 4 ...
 $ RaceHorse.KettoNum               : Factor w/ 7646 levels "2013102907","2013103947",..: 1 2 3 4 5 6 7 8 9 10 ...
 $ RaceHorse.IsHit1                 : num  0 0 0 0 1 0 0 0 0 0 ...
 $ RaceHorse.IsHit2                 : num  0 0 0 1 0 1 0 1 0 0 ...
 $ RaceHorse.IsHit3                 : num  0 0 0 0 0 0 0 0 0 0 ...
 $ RaceHorse.IsHit4                 : num  0 0 1 0 0 0 0 0 0 0 ...
 $ RaceHorse.IsHit5                 : num  0 0 0 0 0 0 0 0 0 1 ...
 $ RaceHorse.IsHit6                 : num  1 1 0 0 0 0 1 0 1 0 ...
 $ RaceHorse.IsValidRaceHorse       : logi  TRUE TRUE TRUE TRUE TRUE TRUE ...
 $ RaceHorse.FinishTimeSdvByRace    : num  0.332 -0.111 0.553 0.627 0.7 ...
 $ RaceHorse.FirstTimeSdvByRace     : num  -0.586 0.222 -0.101 1.193 1.031 ...
 $ RaceHorse.LastTimeSdvByRace      : num  0.55 -0.19 0.68 0.419 0.55 ...
 $ RaceHorse.FinishTimeSdv          : num  0.198 -0.356 0.475 0.567 0.659 ...
 $ RaceHorse.FirstTimeSdv           : num  0.0805 0.3422 0.2375 0.6562 0.6038 ...
 $ RaceHorse.LastTimeSdv            : num  0.1952 -1.014 0.4086 -0.0182 0.1952 ...
 $ RaceHorse.IsHitA                 : num  0 0 0 0 1 0 0 0 0 0 ...
 $ RaceHorse.IsHitB                 : num  0 0 0 1 1 1 0 1 0 0 ...
 $ RaceHorse.IsHitC                 : num  0 0 0 1 1 1 0 1 0 0 ...
 $ PrevRaceHorse.RaceId             : Factor w/ 2354 levels "20160110-06-01-03-05",..: 1 1 1 2 2 3 4 5 6 6 ...
 $ PrevRaceHorse.KettoNum           : Factor w/ 7646 levels "2013102907","2013103947",..: 1 2 3 4 5 6 7 8 9 10 ...
 $ PrevRaceHorse.FinishTimeSdvByRace: num  0.71 0.71 1.39 1.43 1.33 ...
 $ PrevRaceHorse.FirstTimeSdvByRace : num  -1.259 0.267 0.267 1.225 0.169 ...
 $ PrevRaceHorse.LastTimeSdvByRace  : num  1.182 0.547 1.182 0.811 1.164 ...
 $ PrevRaceHorse.FinishTimeSdv      : num  0.013 0.013 0.244 1.03 0.988 ...
 $ PrevRaceHorse.FirstTimeSdv       : num  -0.0765 0.1851 0.1851 0.9303 0.6864 ...
 $ PrevRaceHorse.LastTimeSdv        : num  0.124 -0.232 0.124 0.393 0.683 ...
 $ PrevRaceHorse.IsRun              : num  1 1 1 1 1 1 1 1 1 1 ...
 $ PrevRaceHorse.IsHit1             : num  0 0 0 0 0 0 0 0 0 0 ...
 $ PrevRaceHorse.IsHit2             : num  0 0 1 1 0 0 0 0 0 0 ...
 $ PrevRaceHorse.IsHit3             : num  0 0 0 0 1 0 0 0 0 0 ...
 $ PrevRaceHorse.IsHit4             : num  1 0 0 0 0 0 0 0 0 0 ...
 $ PrevRaceHorse.IsHit5             : num  0 1 0 0 0 1 1 1 0 0 ...
 $ PrevRaceHorse.RowNum             : num  1 1 1 1 1 1 1 1 1 1 ...
 $ PrevOdds.RealOddsLog1            : num  3.3 2.89 1.14 1.91 2.2 ...
 $ EOF                              : int  1 1 1 1 1 1 1 1 1 1 ...
NULL
[1] "2022-03-09 09:00:44 --- transform Finish ---"
[1] "2022-03-09 09:00:44 --- na.omit Start ---"
[1] "--------------------------------------------------------------------------------"
[1] "nrow(data) na.omit before=41348"
[1] "nrow(data) na.omit after =41094"
[1] "nrow(data) na.omit diff =254"
[1] "--------------------------------------------------------------------------------"
'data.frame':	41094 obs. of  45 variables:
 $ Race.RaceId                      : Factor w/ 2333 levels "20160123-06-01-07-05",..: 1 1 1 1 1 2 3 3 4 4 ...
 $ Race.IsAnalyzeNormalPastAndFuture: logi  TRUE TRUE TRUE TRUE TRUE TRUE ...
 $ Race.IsAnalyzeNormalPast         : logi  TRUE TRUE TRUE TRUE TRUE TRUE ...
 $ Race.IsAnalyzeNormalFuture       : logi  FALSE FALSE FALSE FALSE FALSE FALSE ...
 $ Race.IsAnalyzeFullPastAndFuture  : logi  TRUE TRUE TRUE TRUE TRUE TRUE ...
 $ Race.IsAnalyzeFullPast           : logi  TRUE TRUE TRUE TRUE TRUE TRUE ...
 $ Race.IsAnalyzeFullFuture         : logi  FALSE FALSE FALSE FALSE FALSE FALSE ...
 $ Race.JyokenCd                    : Factor w/ 1 level "5": 1 1 1 1 1 1 1 1 1 1 ...
 $ Race.JyoType1Cd                  : Factor w/ 175 levels "18-06-2200-1",..: 1 1 1 1 1 2 3 3 4 4 ...
 $ Race.RaceType1Cd                 : Factor w/ 2 levels "1-5-12","1-5-11": 1 1 1 1 1 1 1 1 1 1 ...
 $ RaceHorse.RaceId                 : Factor w/ 2333 levels "20160123-06-01-07-05",..: 1 1 1 1 1 2 3 3 4 4 ...
 $ RaceHorse.KettoNum               : Factor w/ 7646 levels "2013102907","2013103947",..: 1 2 3 4 5 6 7 8 9 10 ...
 $ RaceHorse.IsHit1                 : num  0 0 0 0 1 0 0 0 0 0 ...
 $ RaceHorse.IsHit2                 : num  0 0 0 1 0 1 0 1 0 0 ...
 $ RaceHorse.IsHit3                 : num  0 0 0 0 0 0 0 0 0 0 ...
 $ RaceHorse.IsHit4                 : num  0 0 1 0 0 0 0 0 0 0 ...
 $ RaceHorse.IsHit5                 : num  0 0 0 0 0 0 0 0 0 1 ...
 $ RaceHorse.IsHit6                 : num  1 1 0 0 0 0 1 0 1 0 ...
 $ RaceHorse.IsValidRaceHorse       : logi  TRUE TRUE TRUE TRUE TRUE TRUE ...
 $ RaceHorse.FinishTimeSdvByRace    : num  0.332 -0.111 0.553 0.627 0.7 ...
 $ RaceHorse.FirstTimeSdvByRace     : num  -0.586 0.222 -0.101 1.193 1.031 ...
 $ RaceHorse.LastTimeSdvByRace      : num  0.55 -0.19 0.68 0.419 0.55 ...
 $ RaceHorse.FinishTimeSdv          : num  0.198 -0.356 0.475 0.567 0.659 ...
 $ RaceHorse.FirstTimeSdv           : num  0.0805 0.3422 0.2375 0.6562 0.6038 ...
 $ RaceHorse.LastTimeSdv            : num  0.1952 -1.014 0.4086 -0.0182 0.1952 ...
 $ RaceHorse.IsHitA                 : num  0 0 0 0 1 0 0 0 0 0 ...
 $ RaceHorse.IsHitB                 : num  0 0 0 1 1 1 0 1 0 0 ...
 $ RaceHorse.IsHitC                 : num  0 0 0 1 1 1 0 1 0 0 ...
 $ PrevRaceHorse.RaceId             : Factor w/ 2354 levels "20160110-06-01-03-05",..: 1 1 1 2 2 3 4 5 6 6 ...
 $ PrevRaceHorse.KettoNum           : Factor w/ 7646 levels "2013102907","2013103947",..: 1 2 3 4 5 6 7 8 9 10 ...
 $ PrevRaceHorse.FinishTimeSdvByRace: num  0.71 0.71 1.39 1.43 1.33 ...
 $ PrevRaceHorse.FirstTimeSdvByRace : num  -1.259 0.267 0.267 1.225 0.169 ...
 $ PrevRaceHorse.LastTimeSdvByRace  : num  1.182 0.547 1.182 0.811 1.164 ...
 $ PrevRaceHorse.FinishTimeSdv      : num  0.013 0.013 0.244 1.03 0.988 ...
 $ PrevRaceHorse.FirstTimeSdv       : num  -0.0765 0.1851 0.1851 0.9303 0.6864 ...
 $ PrevRaceHorse.LastTimeSdv        : num  0.124 -0.232 0.124 0.393 0.683 ...
 $ PrevRaceHorse.IsRun              : num  1 1 1 1 1 1 1 1 1 1 ...
 $ PrevRaceHorse.IsHit1             : num  0 0 0 0 0 0 0 0 0 0 ...
 $ PrevRaceHorse.IsHit2             : num  0 0 1 1 0 0 0 0 0 0 ...
 $ PrevRaceHorse.IsHit3             : num  0 0 0 0 1 0 0 0 0 0 ...
 $ PrevRaceHorse.IsHit4             : num  1 0 0 0 0 0 0 0 0 0 ...
 $ PrevRaceHorse.IsHit5             : num  0 1 0 0 0 1 1 1 0 0 ...
 $ PrevRaceHorse.RowNum             : num  1 1 1 1 1 1 1 1 1 1 ...
 $ PrevOdds.RealOddsLog1            : num  3.3 2.89 1.14 1.91 2.2 ...
 $ EOF                              : int  1 1 1 1 1 1 1 1 1 1 ...
 - attr(*, "na.action")= 'omit' Named int  27 196 448 650 651 881 882 883 1061 1228 ...
  ..- attr(*, "names")= chr  "27" "196" "448" "650" ...
[1] "2022-03-09 09:00:44 --- na.omit Finish ---"
[1] "2022-03-09 09:00:44 --- rxLogit with rxStepControl Start ---"

> print(paste0(Sys.time(), " --- source_logic_glm.R Start ---"))
[1] "2022-03-09 09:00:44 --- source_logic_glm.R Start ---"

> formula <- formula(RaceHorse.IsHitA ~ +1 + PrevRaceHorse.FinishTimeSdvByRace)

> print(paste0(Sys.time(), " --- source_logic_glm.R Finished ---"))
[1] "2022-03-09 09:00:44 --- source_logic_glm.R Finished ---"
Rows Read: 41094, Total Rows Processed: 41094, Total Chunk Time: 0.001 seconds 

Starting values (iteration 1) time: 0.011 secs.
Rows Read: 41094, Total Rows Processed: 41094, Total Chunk Time: 0.002 seconds 

Iteration 2 time: 0.007 secs.
Rows Read: 41094, Total Rows Processed: 41094, Total Chunk Time: 0.002 seconds 

Iteration 3 time: 0.004 secs.
Rows Read: 41094, Total Rows Processed: 41094, Total Chunk Time: 0.002 seconds 

Iteration 4 time: 0.004 secs.
Rows Read: 41094, Total Rows Processed: 41094, Total Chunk Time: 0.002 seconds 

Iteration 5 time: 0.004 secs.

Elapsed computation time: 0.049 secs.
Rows Read: 41094, Total Rows Processed: 41094, Total Chunk Time: Less than .001 seconds 

Starting values (iteration 1) time: 0.012 secs.
Rows Read: 41094, Total Rows Processed: 41094, Total Chunk Time: Less than .001 seconds 

Iteration 2 time: 0.007 secs.

Elapsed computation time: 0.027 secs.
Rows Read: 41094, Total Rows Processed: 41094, Total Chunk Time: 0.002 seconds 

Starting values (iteration 1) time: 0.009 secs.
Rows Read: 41094, Total Rows Processed: 41094, Total Chunk Time: 0.002 seconds 

Iteration 2 time: 0.008 secs.
Rows Read: 41094, Total Rows Processed: 41094, Total Chunk Time: 0.002 seconds 

Iteration 3 time: 0.004 secs.
Rows Read: 41094, Total Rows Processed: 41094, Total Chunk Time: 0.002 seconds 

Iteration 4 time: 0.004 secs.
Rows Read: 41094, Total Rows Processed: 41094, Total Chunk Time: 0.003 seconds 

Iteration 5 time: 0.005 secs.

Elapsed computation time: 0.049 secs.

Elapsed computation time: 0.141 secs.
[1] "--------------------------------------------------------------------------------"
[1] "analyze.results.glm.step="
Logistic Regression Results for: RaceHorse.IsHitA ~
    PrevRaceHorse.FinishTimeSdvByRace
Data: data
Dependent variable(s): RaceHorse.IsHitA
Total independent variables: 2 
Number of valid observations: 41094
Number of missing observations: 0 
 
Coefficients:
                                  RaceHorse.IsHitA
(Intercept)                                     -3
PrevRaceHorse.FinishTimeSdvByRace                1
[1] "analyze.results.glm.step.summary"
Call:
rxLogit(formula = formula, data = data, variableSelection = analyze.results.glm.step.varsel)

Logistic Regression Results for: RaceHorse.IsHitA ~
    PrevRaceHorse.FinishTimeSdvByRace
Data: data
Dependent variable(s): RaceHorse.IsHitA
Total independent variables: 2 
Number of valid observations: 41094
Number of missing observations: 0 
-2*LogLikelihood: 22056.403 (Residual deviance on 41092 degrees of freedom)
 
Coefficients:
                                  Estimate Std. Error z value Pr(>|z|)    
(Intercept)                        -3.1044     0.0318   -97.6  2.2e-16 ***
PrevRaceHorse.FinishTimeSdvByRace   1.3151     0.0376    35.0  2.2e-16 ***
---
Signif. codes:  0 '***' 0.001 '**' 0.01 '*' 0.05 '.' 0.1 ' ' 1

Condition number of final variance-covariance matrix: 1 
Number of iterations: 5
[1] "--------------------------------------------------------------------------------"
[1] "2022-03-09 09:00:45 --- rxLogit with rxStepControl Finish ---"
[1] "2022-03-09 09:00:45 --- rxStepPlot Start ---"
[1] "pdfFilename=pdf_analyze_glm_Horse_Type15_rxStepPlot.pdf"
[1] "rxStepPlot="
[1] "2022-03-09 09:00:45 --- rxStepPlot Finish ---"
[1] "2022-03-09 09:00:45 --- save.image Start ---"
[1] "save.image"
[1] "rdataFilename=RData_analyze_glm_Horse_Type15.RData"
[1] "2022-03-09 09:00:45 --- save.image Finish ---"
[1] "2022-03-09 09:00:45 --- final Start ---"
[1] "--------------------------------------------------------------------------------"
[1] "nrow(data) final=41094"
[1] "--------------------------------------------------------------------------------"
[1] "2022-03-09 09:00:45 --- final Finish ---"
[1] "2022-03-09 09:00:45 --- analyze_glm.R Finished ---"
[1] "2022-03-09 09:00:45 --- log Finish ---"
