[1] "2022-03-09 09:01:15 --- D1116_analyze_glm_Jockey_IsHitA_Type21 Start ---"
[1] "2022-03-09 09:01:15 --- Log Start ---"
[1] "2022-03-09 09:01:15 --- analyze_glm.R Start ---"
[1] "analyzeVersion=D1116"
[1] "analyzeCategory=analyze"
[1] "analyzeType=Jockey"
[1] "analyzeFamily=IsHitA"
[1] "analyzeFunc=glm"
[1] "analyzeTrackTypeCd=2"
[1] "analyzeJyokenCd=1"
[1] "2022-03-09 09:01:15 --- source_function.R Start ---"
[1] "2022-03-09 09:01:15 --- source_function.R Finished ---"

> print(paste0(Sys.time(), " --- source_library.R Start ---"))
[1] "2022-03-09 09:01:15 --- source_library.R Start ---"

> require("RevoScaleR")

> print(paste0(Sys.time(), " --- source_library.R Finished ---"))
[1] "2022-03-09 09:01:15 --- source_library.R Finished ---"
[1] "2022-03-09 09:01:15 --- RxSqlServerData Start ---"
[1] "2022-03-09 09:01:15 --- RxInSqlServer Start ---"
[1] "2022-03-09 09:01:15 --- RxInSqlServer Finish ---"
[1] "2022-03-09 09:01:15 --- rxSetComputeContext Start ---"
[1] "2022-03-09 09:01:15 --- rxSetComputeContext Finish ---"
[1] "2022-03-09 09:01:15 --- RxSqlServerData Start ---"
[1] "sqlQuery=SELECT * FROM ViewAnalyzeD1116analyze01JockeyType21"
[1] "2022-03-09 09:01:15 --- RxSqlServerData Finish ---"
[1] "2022-03-09 09:01:15 --- rxGetVarInfo Start ---"
[1] "2022-03-09 09:01:15 --- rxGetVarInfo Finish---"
[1] "2022-03-09 09:01:15 --- rxImport Start ---"
Rows Read: 155838, Total Rows Processed: 155838, Total Chunk Time: 5.555 seconds 
[1] "2022-03-09 09:01:25 --- rxImport Finish ---"
[1] "object.size(data) auto=44.3 Mb"
[1] "--------------------------------------------------------------------------------"
[1] "nrow(data) RxSqlServerData=155838"
[1] "--------------------------------------------------------------------------------"
[1] "str(data)="
'data.frame':	155838 obs. of  45 variables:
 $ Race.RaceId                      : Factor w/ 300 levels "20160109-06-01-02-11",..: 1 1 1 1 1 1 1 1 1 1 ...
 $ Race.IsAnalyzeNormalPastAndFuture: logi  TRUE TRUE TRUE TRUE TRUE TRUE ...
 $ Race.IsAnalyzeNormalPast         : logi  TRUE TRUE TRUE TRUE TRUE TRUE ...
 $ Race.IsAnalyzeNormalFuture       : logi  FALSE FALSE FALSE FALSE FALSE FALSE ...
 $ Race.IsAnalyzeFullPastAndFuture  : logi  TRUE TRUE TRUE TRUE TRUE TRUE ...
 $ Race.IsAnalyzeFullPast           : logi  TRUE TRUE TRUE TRUE TRUE TRUE ...
 $ Race.IsAnalyzeFullFuture         : logi  FALSE FALSE FALSE FALSE FALSE FALSE ...
 $ Race.JyokenCd                    : Factor w/ 1 level "1": 1 1 1 1 1 1 1 1 1 1 ...
 $ Race.JyoType1Cd                  : Factor w/ 62 levels "24-06-1800-1",..: 1 1 1 1 1 1 1 1 1 1 ...
 $ Race.RaceType1Cd                 : Factor w/ 3 levels "2-1-14","2-1-12",..: 1 1 1 1 1 1 1 1 1 1 ...
 $ RaceHorse.RaceId                 : Factor w/ 300 levels "20160109-06-01-02-11",..: 1 1 1 1 1 1 1 1 1 1 ...
 $ RaceHorse.KettoNum               : Factor w/ 906 levels "2006100429","2008100608",..: 1 1 2 2 2 2 2 2 2 2 ...
 $ RaceHorse.IsHit1                 : num  0 0 0 0 0 0 0 0 0 0 ...
 $ RaceHorse.IsHit2                 : num  0 0 0 0 0 0 0 0 0 0 ...
 $ RaceHorse.IsHit3                 : num  0 0 1 1 1 1 1 1 1 1 ...
 $ RaceHorse.IsHit4                 : num  0 0 0 0 0 0 0 0 0 0 ...
 $ RaceHorse.IsHit5                 : num  0 0 0 0 0 0 0 0 0 0 ...
 $ RaceHorse.IsHit6                 : num  1 1 0 0 0 0 0 0 0 0 ...
 $ RaceHorse.IsValidRaceHorse       : logi  TRUE TRUE TRUE TRUE TRUE TRUE ...
 $ RaceHorse.FinishTimeSdvByRace    : num  -1.302 -1.302 0.938 0.938 0.938 ...
 $ RaceHorse.FirstTimeSdvByRace     : num  -1.134 -1.134 -0.608 -0.608 -0.608 ...
 $ RaceHorse.LastTimeSdvByRace      : num  -0.718 -0.718 1.049 1.049 1.049 ...
 $ RaceHorse.FinishTimeSdv          : num  0.993 0.993 1.712 1.712 1.712 ...
 $ RaceHorse.FirstTimeSdv           : num  1.12 1.12 1.24 1.24 1.24 ...
 $ RaceHorse.LastTimeSdv            : num  0.453 0.453 1.363 1.363 1.363 ...
 $ RaceHorse.IsHitA                 : num  0 0 0 0 0 0 0 0 0 0 ...
 $ RaceHorse.IsHitB                 : num  0 0 0 0 0 0 0 0 0 0 ...
 $ RaceHorse.IsHitC                 : num  0 0 1 1 1 1 1 1 1 1 ...
 $ PrevRaceHorse.RaceId             : Factor w/ 609 levels "20140330-06-03-02-11",..: 1 2 3 4 5 6 7 8 9 10 ...
 $ PrevRaceHorse.KettoNum           : Factor w/ 1515 levels "2009102415","2007102775",..: 1 2 3 4 5 6 7 8 9 8 ...
 $ PrevRaceHorse.FinishTimeSdvByRace: num  0.475 -1.117 -0.306 -1.958 0.707 ...
 $ PrevRaceHorse.FirstTimeSdvByRace : num  -0.0801 -1.8864 -1.0167 1.3735 0.1956 ...
 $ PrevRaceHorse.LastTimeSdvByRace  : num  0.497 0.349 0.24 -2.29 0.376 ...
 $ PrevRaceHorse.FinishTimeSdv      : num  1.502 1.433 1.228 0.646 1.765 ...
 $ PrevRaceHorse.FirstTimeSdv       : num  1.493 1.441 1.293 1.458 0.854 ...
 $ PrevRaceHorse.LastTimeSdv        : num  0.918 0.704 0.641 -0.605 1.618 ...
 $ PrevRaceHorse.IsRun              : num  1 1 1 1 1 1 1 1 1 1 ...
 $ PrevRaceHorse.IsHit1             : num  0 0 0 0 0 0 0 0 0 0 ...
 $ PrevRaceHorse.IsHit2             : num  0 0 0 0 0 0 1 0 0 1 ...
 $ PrevRaceHorse.IsHit3             : num  0 0 0 0 0 0 0 0 0 0 ...
 $ PrevRaceHorse.IsHit4             : num  0 0 0 0 0 0 0 0 0 0 ...
 $ PrevRaceHorse.IsHit5             : num  0 0 0 0 1 0 0 0 0 0 ...
 $ PrevRaceHorse.RowNum             : num  1 2 1 2 3 4 5 6 7 8 ...
 $ PrevOdds.RealOddsLog1            : num  4.69 5.97 5.2 3.78 2.32 ...
 $ EOF                              : int  1 1 1 1 1 1 1 1 1 1 ...
[1] "2022-03-09 09:01:25 --- RxSqlServerData Finish ---"
[1] "2022-03-09 09:01:25 --- subset Start ---"
[1] "--------------------------------------------------------------------------------"
[1] "nrow(data) subset before=155838"
[1] "nrow(data) subset after =155838"
[1] "nrow(data) subset diff =0"
[1] "--------------------------------------------------------------------------------"
[1] "2022-03-09 09:01:25 --- subset Finish---"
[1] "2022-03-09 09:01:25 --- transform Start ---"
[1] "--------------------------------------------------------------------------------"
[1] "nrow(data) transform before=155838"
[1] "nrow(data) transform after=155838"
[1] "nrow(data) transform diff=0"
[1] "--------------------------------------------------------------------------------"
[1] "str(data)="
'data.frame':	155838 obs. of  45 variables:
 $ Race.RaceId                      : Factor w/ 300 levels "20160109-06-01-02-11",..: 1 1 1 1 1 1 1 1 1 1 ...
 $ Race.IsAnalyzeNormalPastAndFuture: logi  TRUE TRUE TRUE TRUE TRUE TRUE ...
 $ Race.IsAnalyzeNormalPast         : logi  TRUE TRUE TRUE TRUE TRUE TRUE ...
 $ Race.IsAnalyzeNormalFuture       : logi  FALSE FALSE FALSE FALSE FALSE FALSE ...
 $ Race.IsAnalyzeFullPastAndFuture  : logi  TRUE TRUE TRUE TRUE TRUE TRUE ...
 $ Race.IsAnalyzeFullPast           : logi  TRUE TRUE TRUE TRUE TRUE TRUE ...
 $ Race.IsAnalyzeFullFuture         : logi  FALSE FALSE FALSE FALSE FALSE FALSE ...
 $ Race.JyokenCd                    : Factor w/ 1 level "1": 1 1 1 1 1 1 1 1 1 1 ...
 $ Race.JyoType1Cd                  : Factor w/ 62 levels "24-06-1800-1",..: 1 1 1 1 1 1 1 1 1 1 ...
 $ Race.RaceType1Cd                 : Factor w/ 3 levels "2-1-14","2-1-12",..: 1 1 1 1 1 1 1 1 1 1 ...
 $ RaceHorse.RaceId                 : Factor w/ 300 levels "20160109-06-01-02-11",..: 1 1 1 1 1 1 1 1 1 1 ...
 $ RaceHorse.KettoNum               : Factor w/ 906 levels "2006100429","2008100608",..: 1 1 2 2 2 2 2 2 2 2 ...
 $ RaceHorse.IsHit1                 : num  0 0 0 0 0 0 0 0 0 0 ...
 $ RaceHorse.IsHit2                 : num  0 0 0 0 0 0 0 0 0 0 ...
 $ RaceHorse.IsHit3                 : num  0 0 1 1 1 1 1 1 1 1 ...
 $ RaceHorse.IsHit4                 : num  0 0 0 0 0 0 0 0 0 0 ...
 $ RaceHorse.IsHit5                 : num  0 0 0 0 0 0 0 0 0 0 ...
 $ RaceHorse.IsHit6                 : num  1 1 0 0 0 0 0 0 0 0 ...
 $ RaceHorse.IsValidRaceHorse       : logi  TRUE TRUE TRUE TRUE TRUE TRUE ...
 $ RaceHorse.FinishTimeSdvByRace    : num  -1.302 -1.302 0.938 0.938 0.938 ...
 $ RaceHorse.FirstTimeSdvByRace     : num  -1.134 -1.134 -0.608 -0.608 -0.608 ...
 $ RaceHorse.LastTimeSdvByRace      : num  -0.718 -0.718 1.049 1.049 1.049 ...
 $ RaceHorse.FinishTimeSdv          : num  0.993 0.993 1.712 1.712 1.712 ...
 $ RaceHorse.FirstTimeSdv           : num  1.12 1.12 1.24 1.24 1.24 ...
 $ RaceHorse.LastTimeSdv            : num  0.453 0.453 1.363 1.363 1.363 ...
 $ RaceHorse.IsHitA                 : num  0 0 0 0 0 0 0 0 0 0 ...
 $ RaceHorse.IsHitB                 : num  0 0 0 0 0 0 0 0 0 0 ...
 $ RaceHorse.IsHitC                 : num  0 0 1 1 1 1 1 1 1 1 ...
 $ PrevRaceHorse.RaceId             : Factor w/ 609 levels "20140330-06-03-02-11",..: 1 2 3 4 5 6 7 8 9 10 ...
 $ PrevRaceHorse.KettoNum           : Factor w/ 1515 levels "2009102415","2007102775",..: 1 2 3 4 5 6 7 8 9 8 ...
 $ PrevRaceHorse.FinishTimeSdvByRace: num  0.475 -1.117 -0.306 -1.958 0.707 ...
 $ PrevRaceHorse.FirstTimeSdvByRace : num  -0.0801 -1.8864 -1.0167 1.3735 0.1956 ...
 $ PrevRaceHorse.LastTimeSdvByRace  : num  0.497 0.349 0.24 -2.29 0.376 ...
 $ PrevRaceHorse.FinishTimeSdv      : num  1.502 1.433 1.228 0.646 1.765 ...
 $ PrevRaceHorse.FirstTimeSdv       : num  1.493 1.441 1.293 1.458 0.854 ...
 $ PrevRaceHorse.LastTimeSdv        : num  0.918 0.704 0.641 -0.605 1.618 ...
 $ PrevRaceHorse.IsRun              : num  1 1 1 1 1 1 1 1 1 1 ...
 $ PrevRaceHorse.IsHit1             : num  0 0 0 0 0 0 0 0 0 0 ...
 $ PrevRaceHorse.IsHit2             : num  0 0 0 0 0 0 1 0 0 1 ...
 $ PrevRaceHorse.IsHit3             : num  0 0 0 0 0 0 0 0 0 0 ...
 $ PrevRaceHorse.IsHit4             : num  0 0 0 0 0 0 0 0 0 0 ...
 $ PrevRaceHorse.IsHit5             : num  0 0 0 0 1 0 0 0 0 0 ...
 $ PrevRaceHorse.RowNum             : num  1 2 1 2 3 4 5 6 7 8 ...
 $ PrevOdds.RealOddsLog1            : num  4.69 5.97 5.2 3.78 2.32 ...
 $ EOF                              : int  1 1 1 1 1 1 1 1 1 1 ...
NULL
[1] "2022-03-09 09:01:26 --- transform Finish ---"
[1] "2022-03-09 09:01:26 --- na.omit Start ---"
[1] "--------------------------------------------------------------------------------"
[1] "nrow(data) na.omit before=155838"
[1] "nrow(data) na.omit after =154913"
[1] "nrow(data) na.omit diff =925"
[1] "--------------------------------------------------------------------------------"
'data.frame':	154913 obs. of  45 variables:
 $ Race.RaceId                      : Factor w/ 300 levels "20160109-06-01-02-11",..: 1 1 1 1 1 1 1 1 1 1 ...
 $ Race.IsAnalyzeNormalPastAndFuture: logi  TRUE TRUE TRUE TRUE TRUE TRUE ...
 $ Race.IsAnalyzeNormalPast         : logi  TRUE TRUE TRUE TRUE TRUE TRUE ...
 $ Race.IsAnalyzeNormalFuture       : logi  FALSE FALSE FALSE FALSE FALSE FALSE ...
 $ Race.IsAnalyzeFullPastAndFuture  : logi  TRUE TRUE TRUE TRUE TRUE TRUE ...
 $ Race.IsAnalyzeFullPast           : logi  TRUE TRUE TRUE TRUE TRUE TRUE ...
 $ Race.IsAnalyzeFullFuture         : logi  FALSE FALSE FALSE FALSE FALSE FALSE ...
 $ Race.JyokenCd                    : Factor w/ 1 level "1": 1 1 1 1 1 1 1 1 1 1 ...
 $ Race.JyoType1Cd                  : Factor w/ 62 levels "24-06-1800-1",..: 1 1 1 1 1 1 1 1 1 1 ...
 $ Race.RaceType1Cd                 : Factor w/ 3 levels "2-1-14","2-1-12",..: 1 1 1 1 1 1 1 1 1 1 ...
 $ RaceHorse.RaceId                 : Factor w/ 300 levels "20160109-06-01-02-11",..: 1 1 1 1 1 1 1 1 1 1 ...
 $ RaceHorse.KettoNum               : Factor w/ 906 levels "2006100429","2008100608",..: 1 1 2 2 2 2 2 2 2 2 ...
 $ RaceHorse.IsHit1                 : num  0 0 0 0 0 0 0 0 0 0 ...
 $ RaceHorse.IsHit2                 : num  0 0 0 0 0 0 0 0 0 0 ...
 $ RaceHorse.IsHit3                 : num  0 0 1 1 1 1 1 1 1 1 ...
 $ RaceHorse.IsHit4                 : num  0 0 0 0 0 0 0 0 0 0 ...
 $ RaceHorse.IsHit5                 : num  0 0 0 0 0 0 0 0 0 0 ...
 $ RaceHorse.IsHit6                 : num  1 1 0 0 0 0 0 0 0 0 ...
 $ RaceHorse.IsValidRaceHorse       : logi  TRUE TRUE TRUE TRUE TRUE TRUE ...
 $ RaceHorse.FinishTimeSdvByRace    : num  -1.302 -1.302 0.938 0.938 0.938 ...
 $ RaceHorse.FirstTimeSdvByRace     : num  -1.134 -1.134 -0.608 -0.608 -0.608 ...
 $ RaceHorse.LastTimeSdvByRace      : num  -0.718 -0.718 1.049 1.049 1.049 ...
 $ RaceHorse.FinishTimeSdv          : num  0.993 0.993 1.712 1.712 1.712 ...
 $ RaceHorse.FirstTimeSdv           : num  1.12 1.12 1.24 1.24 1.24 ...
 $ RaceHorse.LastTimeSdv            : num  0.453 0.453 1.363 1.363 1.363 ...
 $ RaceHorse.IsHitA                 : num  0 0 0 0 0 0 0 0 0 0 ...
 $ RaceHorse.IsHitB                 : num  0 0 0 0 0 0 0 0 0 0 ...
 $ RaceHorse.IsHitC                 : num  0 0 1 1 1 1 1 1 1 1 ...
 $ PrevRaceHorse.RaceId             : Factor w/ 609 levels "20140330-06-03-02-11",..: 1 2 3 4 5 6 7 8 9 10 ...
 $ PrevRaceHorse.KettoNum           : Factor w/ 1515 levels "2009102415","2007102775",..: 1 2 3 4 5 6 7 8 9 8 ...
 $ PrevRaceHorse.FinishTimeSdvByRace: num  0.475 -1.117 -0.306 -1.958 0.707 ...
 $ PrevRaceHorse.FirstTimeSdvByRace : num  -0.0801 -1.8864 -1.0167 1.3735 0.1956 ...
 $ PrevRaceHorse.LastTimeSdvByRace  : num  0.497 0.349 0.24 -2.29 0.376 ...
 $ PrevRaceHorse.FinishTimeSdv      : num  1.502 1.433 1.228 0.646 1.765 ...
 $ PrevRaceHorse.FirstTimeSdv       : num  1.493 1.441 1.293 1.458 0.854 ...
 $ PrevRaceHorse.LastTimeSdv        : num  0.918 0.704 0.641 -0.605 1.618 ...
 $ PrevRaceHorse.IsRun              : num  1 1 1 1 1 1 1 1 1 1 ...
 $ PrevRaceHorse.IsHit1             : num  0 0 0 0 0 0 0 0 0 0 ...
 $ PrevRaceHorse.IsHit2             : num  0 0 0 0 0 0 1 0 0 1 ...
 $ PrevRaceHorse.IsHit3             : num  0 0 0 0 0 0 0 0 0 0 ...
 $ PrevRaceHorse.IsHit4             : num  0 0 0 0 0 0 0 0 0 0 ...
 $ PrevRaceHorse.IsHit5             : num  0 0 0 0 1 0 0 0 0 0 ...
 $ PrevRaceHorse.RowNum             : num  1 2 1 2 3 4 5 6 7 8 ...
 $ PrevOdds.RealOddsLog1            : num  4.69 5.97 5.2 3.78 2.32 ...
 $ EOF                              : int  1 1 1 1 1 1 1 1 1 1 ...
 - attr(*, "na.action")= 'omit' Named int  4087 4088 5053 5054 5055 5056 5057 5058 5059 5060 ...
  ..- attr(*, "names")= chr  "4087" "4088" "5053" "5054" ...
[1] "2022-03-09 09:01:26 --- na.omit Finish ---"
[1] "2022-03-09 09:01:26 --- rxLogit with rxStepControl Start ---"

> print(paste0(Sys.time(), " --- source_logic_glm.R Start ---"))
[1] "2022-03-09 09:01:26 --- source_logic_glm.R Start ---"

> formula <- formula(RaceHorse.IsHitA ~ +1 + PrevRaceHorse.FinishTimeSdvByRace)

> print(paste0(Sys.time(), " --- source_logic_glm.R Finished ---"))
[1] "2022-03-09 09:01:26 --- source_logic_glm.R Finished ---"
Rows Read: 154913, Total Rows Processed: 154913, Total Chunk Time: 0.003 seconds 

Starting values (iteration 1) time: 0.010 secs.
Rows Read: 154913, Total Rows Processed: 154913, Total Chunk Time: 0.008 seconds 

Iteration 2 time: 0.011 secs.
Rows Read: 154913, Total Rows Processed: 154913, Total Chunk Time: 0.008 seconds 

Iteration 3 time: 0.010 secs.
Rows Read: 154913, Total Rows Processed: 154913, Total Chunk Time: 0.008 seconds 

Iteration 4 time: 0.012 secs.

Elapsed computation time: 0.057 secs.
Rows Read: 154913, Total Rows Processed: 154913, Total Chunk Time: 0.003 seconds 

Starting values (iteration 1) time: 0.007 secs.
Rows Read: 154913, Total Rows Processed: 154913, Total Chunk Time: 0.007 seconds 

Iteration 2 time: 0.010 secs.

Elapsed computation time: 0.026 secs.
Rows Read: 154913, Total Rows Processed: 154913, Total Chunk Time: 0.003 seconds 

Starting values (iteration 1) time: 0.007 secs.
Rows Read: 154913, Total Rows Processed: 154913, Total Chunk Time: 0.008 seconds 

Iteration 2 time: 0.012 secs.
Rows Read: 154913, Total Rows Processed: 154913, Total Chunk Time: 0.007 seconds 

Iteration 3 time: 0.010 secs.
Rows Read: 154913, Total Rows Processed: 154913, Total Chunk Time: 0.008 seconds 

Iteration 4 time: 0.012 secs.

Elapsed computation time: 0.055 secs.

Elapsed computation time: 0.155 secs.
[1] "--------------------------------------------------------------------------------"
[1] "analyze.results.glm.step="
Logistic Regression Results for: RaceHorse.IsHitA ~
    PrevRaceHorse.FinishTimeSdvByRace
Data: data
Dependent variable(s): RaceHorse.IsHitA
Total independent variables: 2 
Number of valid observations: 154913
Number of missing observations: 0 
 
Coefficients:
                                  RaceHorse.IsHitA
(Intercept)                                   -2.5
PrevRaceHorse.FinishTimeSdvByRace              0.1
[1] "analyze.results.glm.step.summary"
Call:
rxLogit(formula = formula, data = data, variableSelection = analyze.results.glm.step.varsel)

Logistic Regression Results for: RaceHorse.IsHitA ~
    PrevRaceHorse.FinishTimeSdvByRace
Data: data
Dependent variable(s): RaceHorse.IsHitA
Total independent variables: 2 
Number of valid observations: 154913
Number of missing observations: 0 
-2*LogLikelihood: 86486.459 (Residual deviance on 154911 degrees of freedom)
 
Coefficients:
                                  Estimate Std. Error z value Pr(>|z|)    
(Intercept)                        -2.4673     0.0099  -249.3  2.2e-16 ***
PrevRaceHorse.FinishTimeSdvByRace   0.1174     0.0116    10.1  2.2e-16 ***
---
Signif. codes:  0 '***' 0.001 '**' 0.01 '*' 0.05 '.' 0.1 ' ' 1

Condition number of final variance-covariance matrix: 1 
Number of iterations: 4
[1] "--------------------------------------------------------------------------------"
[1] "2022-03-09 09:01:26 --- rxLogit with rxStepControl Finish ---"
[1] "2022-03-09 09:01:26 --- rxStepPlot Start ---"
[1] "pdfFilename=pdf_analyze_glm_Jockey_Type21_rxStepPlot.pdf"
[1] "rxStepPlot="
[1] "2022-03-09 09:01:27 --- rxStepPlot Finish ---"
[1] "2022-03-09 09:01:27 --- save.image Start ---"
[1] "save.image"
[1] "rdataFilename=RData_analyze_glm_Jockey_Type21.RData"
[1] "2022-03-09 09:01:27 --- save.image Finish ---"
[1] "2022-03-09 09:01:27 --- final Start ---"
[1] "--------------------------------------------------------------------------------"
[1] "nrow(data) final=154913"
[1] "--------------------------------------------------------------------------------"
[1] "2022-03-09 09:01:27 --- final Finish ---"
[1] "2022-03-09 09:01:27 --- analyze_glm.R Finished ---"
[1] "2022-03-09 09:01:27 --- log Finish ---"
