[1] "2022-03-09 08:49:19 --- D1116_analyze_glm_Gen01_IsHitA_Type22 Start ---"
[1] "2022-03-09 08:49:19 --- Log Start ---"
[1] "2022-03-09 08:49:19 --- analyze_glm.R Start ---"
[1] "analyzeVersion=D1116"
[1] "analyzeCategory=analyze"
[1] "analyzeType=Gen01"
[1] "analyzeFamily=IsHitA"
[1] "analyzeFunc=glm"
[1] "analyzeTrackTypeCd=2"
[1] "analyzeJyokenCd=2"
[1] "2022-03-09 08:49:19 --- source_function.R Start ---"
[1] "2022-03-09 08:49:19 --- source_function.R Finished ---"

> print(paste0(Sys.time(), " --- source_library.R Start ---"))
[1] "2022-03-09 08:49:19 --- source_library.R Start ---"

> require("RevoScaleR")

> print(paste0(Sys.time(), " --- source_library.R Finished ---"))
[1] "2022-03-09 08:49:19 --- source_library.R Finished ---"
[1] "2022-03-09 08:49:19 --- RxSqlServerData Start ---"
[1] "2022-03-09 08:49:19 --- RxInSqlServer Start ---"
[1] "2022-03-09 08:49:19 --- RxInSqlServer Finish ---"
[1] "2022-03-09 08:49:19 --- rxSetComputeContext Start ---"
[1] "2022-03-09 08:49:19 --- rxSetComputeContext Finish ---"
[1] "2022-03-09 08:49:19 --- RxSqlServerData Start ---"
[1] "sqlQuery=SELECT * FROM ViewAnalyzeD1116analyze01Gen01Type22"
[1] "2022-03-09 08:49:19 --- RxSqlServerData Finish ---"
[1] "2022-03-09 08:49:19 --- rxGetVarInfo Start ---"
[1] "2022-03-09 08:49:19 --- rxGetVarInfo Finish---"
[1] "2022-03-09 08:49:19 --- rxImport Start ---"
Rows Read: 384073, Total Rows Processed: 384073, Total Chunk Time: 20.475 seconds 
[1] "2022-03-09 08:49:59 --- rxImport Finish ---"
[1] "object.size(data) auto=108.8 Mb"
[1] "--------------------------------------------------------------------------------"
[1] "nrow(data) RxSqlServerData=384073"
[1] "--------------------------------------------------------------------------------"
[1] "str(data)="
'data.frame':	384073 obs. of  45 variables:
 $ Race.RaceId                      : Factor w/ 399 levels "20160105-08-01-01-09",..: 1 1 1 1 1 1 1 1 1 1 ...
 $ Race.IsAnalyzeNormalPastAndFuture: logi  TRUE TRUE TRUE TRUE TRUE TRUE ...
 $ Race.IsAnalyzeNormalPast         : logi  TRUE TRUE TRUE TRUE TRUE TRUE ...
 $ Race.IsAnalyzeNormalFuture       : logi  FALSE FALSE FALSE FALSE FALSE FALSE ...
 $ Race.IsAnalyzeFullPastAndFuture  : logi  TRUE TRUE TRUE TRUE TRUE TRUE ...
 $ Race.IsAnalyzeFullPast           : logi  TRUE TRUE TRUE TRUE TRUE TRUE ...
 $ Race.IsAnalyzeFullFuture         : logi  FALSE FALSE FALSE FALSE FALSE FALSE ...
 $ Race.JyokenCd                    : Factor w/ 1 level "2": 1 1 1 1 1 1 1 1 1 1 ...
 $ Race.JyoType1Cd                  : Factor w/ 71 levels "24-08-1900-1",..: 1 1 1 1 1 1 1 1 1 1 ...
 $ Race.RaceType1Cd                 : Factor w/ 2 levels "2-2-14","2-2-13": 1 1 1 1 1 1 1 1 1 1 ...
 $ RaceHorse.RaceId                 : Factor w/ 399 levels "20160105-08-01-01-09",..: 1 1 1 1 1 1 1 1 1 1 ...
 $ RaceHorse.KettoNum               : Factor w/ 1160 levels "2009101989","2009103516",..: 1 1 1 1 1 1 1 1 1 1 ...
 $ RaceHorse.IsHit1                 : num  0 0 0 0 0 0 0 0 0 0 ...
 $ RaceHorse.IsHit2                 : num  0 0 0 0 0 0 0 0 0 0 ...
 $ RaceHorse.IsHit3                 : num  0 0 0 0 0 0 0 0 0 0 ...
 $ RaceHorse.IsHit4                 : num  1 1 1 1 1 1 1 1 1 1 ...
 $ RaceHorse.IsHit5                 : num  0 0 0 0 0 0 0 0 0 0 ...
 $ RaceHorse.IsHit6                 : num  0 0 0 0 0 0 0 0 0 0 ...
 $ RaceHorse.IsValidRaceHorse       : logi  TRUE TRUE TRUE TRUE TRUE TRUE ...
 $ RaceHorse.FinishTimeSdvByRace    : num  0.628 0.628 0.628 0.628 0.628 ...
 $ RaceHorse.FirstTimeSdvByRace     : num  -1.28 -1.28 -1.28 -1.28 -1.28 ...
 $ RaceHorse.LastTimeSdvByRace      : num  1.88 1.88 1.88 1.88 1.88 ...
 $ RaceHorse.FinishTimeSdv          : num  1.03 1.03 1.03 1.03 1.03 ...
 $ RaceHorse.FirstTimeSdv           : num  -0.262 -0.262 -0.262 -0.262 -0.262 ...
 $ RaceHorse.LastTimeSdv            : num  1.63 1.63 1.63 1.63 1.63 ...
 $ RaceHorse.IsHitA                 : num  0 0 0 0 0 0 0 0 0 0 ...
 $ RaceHorse.IsHitB                 : num  0 0 0 0 0 0 0 0 0 0 ...
 $ RaceHorse.IsHitC                 : num  0 0 0 0 0 0 0 0 0 0 ...
 $ PrevRaceHorse.RaceId             : Factor w/ 829 levels "20150530-05-02-11-10",..: 1 2 2 3 4 5 6 6 7 8 ...
 $ PrevRaceHorse.KettoNum           : Factor w/ 1926 levels "2009101989","2010103248",..: 1 1 2 3 1 3 2 1 3 3 ...
 $ PrevRaceHorse.FinishTimeSdvByRace: num  -0.111 0.963 0.529 0.246 0.819 ...
 $ PrevRaceHorse.FirstTimeSdvByRace : num  -1.491 -1.398 -1.398 0.284 -1.046 ...
 $ PrevRaceHorse.LastTimeSdvByRace  : num  1.3093 1.77 1.4464 0.0859 1.2924 ...
 $ PrevRaceHorse.FinishTimeSdv      : num  1.23 1.3 1.19 1.6 1.29 ...
 $ PrevRaceHorse.FirstTimeSdv       : num  0.425 -0.789 -0.789 1.218 -0.482 ...
 $ PrevRaceHorse.LastTimeSdv        : num  1.31 2.17 2.03 1.17 1.93 ...
 $ PrevRaceHorse.IsRun              : num  1 1 1 1 1 1 1 1 1 1 ...
 $ PrevRaceHorse.IsHit1             : num  0 0 0 0 0 0 0 0 0 0 ...
 $ PrevRaceHorse.IsHit2             : num  0 0 0 0 0 0 0 0 0 0 ...
 $ PrevRaceHorse.IsHit3             : num  0 1 0 0 0 0 0 0 0 0 ...
 $ PrevRaceHorse.IsHit4             : num  0 0 0 0 0 0 0 0 0 0 ...
 $ PrevRaceHorse.IsHit5             : num  0 0 0 0 0 0 0 0 0 0 ...
 $ PrevRaceHorse.RowNum             : num  1 2 3 4 5 6 7 8 9 10 ...
 $ PrevOdds.RealOddsLog1            : num  2.56 4.21 2.9 5.75 4.76 ...
 $ EOF                              : int  1 1 1 1 1 1 1 1 1 1 ...
[1] "2022-03-09 08:50:00 --- RxSqlServerData Finish ---"
[1] "2022-03-09 08:50:00 --- subset Start ---"
[1] "--------------------------------------------------------------------------------"
[1] "nrow(data) subset before=384073"
[1] "nrow(data) subset after =384073"
[1] "nrow(data) subset diff =0"
[1] "--------------------------------------------------------------------------------"
[1] "2022-03-09 08:50:00 --- subset Finish---"
[1] "2022-03-09 08:50:00 --- transform Start ---"
[1] "--------------------------------------------------------------------------------"
[1] "nrow(data) transform before=384073"
[1] "nrow(data) transform after=384073"
[1] "nrow(data) transform diff=0"
[1] "--------------------------------------------------------------------------------"
[1] "str(data)="
'data.frame':	384073 obs. of  45 variables:
 $ Race.RaceId                      : Factor w/ 399 levels "20160105-08-01-01-09",..: 1 1 1 1 1 1 1 1 1 1 ...
 $ Race.IsAnalyzeNormalPastAndFuture: logi  TRUE TRUE TRUE TRUE TRUE TRUE ...
 $ Race.IsAnalyzeNormalPast         : logi  TRUE TRUE TRUE TRUE TRUE TRUE ...
 $ Race.IsAnalyzeNormalFuture       : logi  FALSE FALSE FALSE FALSE FALSE FALSE ...
 $ Race.IsAnalyzeFullPastAndFuture  : logi  TRUE TRUE TRUE TRUE TRUE TRUE ...
 $ Race.IsAnalyzeFullPast           : logi  TRUE TRUE TRUE TRUE TRUE TRUE ...
 $ Race.IsAnalyzeFullFuture         : logi  FALSE FALSE FALSE FALSE FALSE FALSE ...
 $ Race.JyokenCd                    : Factor w/ 1 level "2": 1 1 1 1 1 1 1 1 1 1 ...
 $ Race.JyoType1Cd                  : Factor w/ 71 levels "24-08-1900-1",..: 1 1 1 1 1 1 1 1 1 1 ...
 $ Race.RaceType1Cd                 : Factor w/ 2 levels "2-2-14","2-2-13": 1 1 1 1 1 1 1 1 1 1 ...
 $ RaceHorse.RaceId                 : Factor w/ 399 levels "20160105-08-01-01-09",..: 1 1 1 1 1 1 1 1 1 1 ...
 $ RaceHorse.KettoNum               : Factor w/ 1160 levels "2009101989","2009103516",..: 1 1 1 1 1 1 1 1 1 1 ...
 $ RaceHorse.IsHit1                 : num  0 0 0 0 0 0 0 0 0 0 ...
 $ RaceHorse.IsHit2                 : num  0 0 0 0 0 0 0 0 0 0 ...
 $ RaceHorse.IsHit3                 : num  0 0 0 0 0 0 0 0 0 0 ...
 $ RaceHorse.IsHit4                 : num  1 1 1 1 1 1 1 1 1 1 ...
 $ RaceHorse.IsHit5                 : num  0 0 0 0 0 0 0 0 0 0 ...
 $ RaceHorse.IsHit6                 : num  0 0 0 0 0 0 0 0 0 0 ...
 $ RaceHorse.IsValidRaceHorse       : logi  TRUE TRUE TRUE TRUE TRUE TRUE ...
 $ RaceHorse.FinishTimeSdvByRace    : num  0.628 0.628 0.628 0.628 0.628 ...
 $ RaceHorse.FirstTimeSdvByRace     : num  -1.28 -1.28 -1.28 -1.28 -1.28 ...
 $ RaceHorse.LastTimeSdvByRace      : num  1.88 1.88 1.88 1.88 1.88 ...
 $ RaceHorse.FinishTimeSdv          : num  1.03 1.03 1.03 1.03 1.03 ...
 $ RaceHorse.FirstTimeSdv           : num  -0.262 -0.262 -0.262 -0.262 -0.262 ...
 $ RaceHorse.LastTimeSdv            : num  1.63 1.63 1.63 1.63 1.63 ...
 $ RaceHorse.IsHitA                 : num  0 0 0 0 0 0 0 0 0 0 ...
 $ RaceHorse.IsHitB                 : num  0 0 0 0 0 0 0 0 0 0 ...
 $ RaceHorse.IsHitC                 : num  0 0 0 0 0 0 0 0 0 0 ...
 $ PrevRaceHorse.RaceId             : Factor w/ 829 levels "20150530-05-02-11-10",..: 1 2 2 3 4 5 6 6 7 8 ...
 $ PrevRaceHorse.KettoNum           : Factor w/ 1926 levels "2009101989","2010103248",..: 1 1 2 3 1 3 2 1 3 3 ...
 $ PrevRaceHorse.FinishTimeSdvByRace: num  -0.111 0.963 0.529 0.246 0.819 ...
 $ PrevRaceHorse.FirstTimeSdvByRace : num  -1.491 -1.398 -1.398 0.284 -1.046 ...
 $ PrevRaceHorse.LastTimeSdvByRace  : num  1.3093 1.77 1.4464 0.0859 1.2924 ...
 $ PrevRaceHorse.FinishTimeSdv      : num  1.23 1.3 1.19 1.6 1.29 ...
 $ PrevRaceHorse.FirstTimeSdv       : num  0.425 -0.789 -0.789 1.218 -0.482 ...
 $ PrevRaceHorse.LastTimeSdv        : num  1.31 2.17 2.03 1.17 1.93 ...
 $ PrevRaceHorse.IsRun              : num  1 1 1 1 1 1 1 1 1 1 ...
 $ PrevRaceHorse.IsHit1             : num  0 0 0 0 0 0 0 0 0 0 ...
 $ PrevRaceHorse.IsHit2             : num  0 0 0 0 0 0 0 0 0 0 ...
 $ PrevRaceHorse.IsHit3             : num  0 1 0 0 0 0 0 0 0 0 ...
 $ PrevRaceHorse.IsHit4             : num  0 0 0 0 0 0 0 0 0 0 ...
 $ PrevRaceHorse.IsHit5             : num  0 0 0 0 0 0 0 0 0 0 ...
 $ PrevRaceHorse.RowNum             : num  1 2 3 4 5 6 7 8 9 10 ...
 $ PrevOdds.RealOddsLog1            : num  2.56 4.21 2.9 5.75 4.76 ...
 $ EOF                              : int  1 1 1 1 1 1 1 1 1 1 ...
NULL
[1] "2022-03-09 08:50:01 --- transform Finish ---"
[1] "2022-03-09 08:50:01 --- na.omit Start ---"
[1] "--------------------------------------------------------------------------------"
[1] "nrow(data) na.omit before=384073"
[1] "nrow(data) na.omit after =381652"
[1] "nrow(data) na.omit diff =2421"
[1] "--------------------------------------------------------------------------------"
'data.frame':	381652 obs. of  45 variables:
 $ Race.RaceId                      : Factor w/ 399 levels "20160105-08-01-01-09",..: 1 1 1 1 1 1 1 1 1 1 ...
 $ Race.IsAnalyzeNormalPastAndFuture: logi  TRUE TRUE TRUE TRUE TRUE TRUE ...
 $ Race.IsAnalyzeNormalPast         : logi  TRUE TRUE TRUE TRUE TRUE TRUE ...
 $ Race.IsAnalyzeNormalFuture       : logi  FALSE FALSE FALSE FALSE FALSE FALSE ...
 $ Race.IsAnalyzeFullPastAndFuture  : logi  TRUE TRUE TRUE TRUE TRUE TRUE ...
 $ Race.IsAnalyzeFullPast           : logi  TRUE TRUE TRUE TRUE TRUE TRUE ...
 $ Race.IsAnalyzeFullFuture         : logi  FALSE FALSE FALSE FALSE FALSE FALSE ...
 $ Race.JyokenCd                    : Factor w/ 1 level "2": 1 1 1 1 1 1 1 1 1 1 ...
 $ Race.JyoType1Cd                  : Factor w/ 71 levels "24-08-1900-1",..: 1 1 1 1 1 1 1 1 1 1 ...
 $ Race.RaceType1Cd                 : Factor w/ 2 levels "2-2-14","2-2-13": 1 1 1 1 1 1 1 1 1 1 ...
 $ RaceHorse.RaceId                 : Factor w/ 399 levels "20160105-08-01-01-09",..: 1 1 1 1 1 1 1 1 1 1 ...
 $ RaceHorse.KettoNum               : Factor w/ 1160 levels "2009101989","2009103516",..: 1 1 1 1 1 1 1 1 1 1 ...
 $ RaceHorse.IsHit1                 : num  0 0 0 0 0 0 0 0 0 0 ...
 $ RaceHorse.IsHit2                 : num  0 0 0 0 0 0 0 0 0 0 ...
 $ RaceHorse.IsHit3                 : num  0 0 0 0 0 0 0 0 0 0 ...
 $ RaceHorse.IsHit4                 : num  1 1 1 1 1 1 1 1 1 1 ...
 $ RaceHorse.IsHit5                 : num  0 0 0 0 0 0 0 0 0 0 ...
 $ RaceHorse.IsHit6                 : num  0 0 0 0 0 0 0 0 0 0 ...
 $ RaceHorse.IsValidRaceHorse       : logi  TRUE TRUE TRUE TRUE TRUE TRUE ...
 $ RaceHorse.FinishTimeSdvByRace    : num  0.628 0.628 0.628 0.628 0.628 ...
 $ RaceHorse.FirstTimeSdvByRace     : num  -1.28 -1.28 -1.28 -1.28 -1.28 ...
 $ RaceHorse.LastTimeSdvByRace      : num  1.88 1.88 1.88 1.88 1.88 ...
 $ RaceHorse.FinishTimeSdv          : num  1.03 1.03 1.03 1.03 1.03 ...
 $ RaceHorse.FirstTimeSdv           : num  -0.262 -0.262 -0.262 -0.262 -0.262 ...
 $ RaceHorse.LastTimeSdv            : num  1.63 1.63 1.63 1.63 1.63 ...
 $ RaceHorse.IsHitA                 : num  0 0 0 0 0 0 0 0 0 0 ...
 $ RaceHorse.IsHitB                 : num  0 0 0 0 0 0 0 0 0 0 ...
 $ RaceHorse.IsHitC                 : num  0 0 0 0 0 0 0 0 0 0 ...
 $ PrevRaceHorse.RaceId             : Factor w/ 829 levels "20150530-05-02-11-10",..: 1 2 2 3 4 5 6 6 7 8 ...
 $ PrevRaceHorse.KettoNum           : Factor w/ 1926 levels "2009101989","2010103248",..: 1 1 2 3 1 3 2 1 3 3 ...
 $ PrevRaceHorse.FinishTimeSdvByRace: num  -0.111 0.963 0.529 0.246 0.819 ...
 $ PrevRaceHorse.FirstTimeSdvByRace : num  -1.491 -1.398 -1.398 0.284 -1.046 ...
 $ PrevRaceHorse.LastTimeSdvByRace  : num  1.3093 1.77 1.4464 0.0859 1.2924 ...
 $ PrevRaceHorse.FinishTimeSdv      : num  1.23 1.3 1.19 1.6 1.29 ...
 $ PrevRaceHorse.FirstTimeSdv       : num  0.425 -0.789 -0.789 1.218 -0.482 ...
 $ PrevRaceHorse.LastTimeSdv        : num  1.31 2.17 2.03 1.17 1.93 ...
 $ PrevRaceHorse.IsRun              : num  1 1 1 1 1 1 1 1 1 1 ...
 $ PrevRaceHorse.IsHit1             : num  0 0 0 0 0 0 0 0 0 0 ...
 $ PrevRaceHorse.IsHit2             : num  0 0 0 0 0 0 0 0 0 0 ...
 $ PrevRaceHorse.IsHit3             : num  0 1 0 0 0 0 0 0 0 0 ...
 $ PrevRaceHorse.IsHit4             : num  0 0 0 0 0 0 0 0 0 0 ...
 $ PrevRaceHorse.IsHit5             : num  0 0 0 0 0 0 0 0 0 0 ...
 $ PrevRaceHorse.RowNum             : num  1 2 3 4 5 6 7 8 9 10 ...
 $ PrevOdds.RealOddsLog1            : num  2.56 4.21 2.9 5.75 4.76 ...
 $ EOF                              : int  1 1 1 1 1 1 1 1 1 1 ...
 - attr(*, "na.action")= 'omit' Named int  136 137 138 139 140 141 3389 3390 3391 3392 ...
  ..- attr(*, "names")= chr  "136" "137" "138" "139" ...
[1] "2022-03-09 08:50:01 --- na.omit Finish ---"
[1] "2022-03-09 08:50:01 --- rxLogit with rxStepControl Start ---"

> print(paste0(Sys.time(), " --- source_logic_glm.R Start ---"))
[1] "2022-03-09 08:50:01 --- source_logic_glm.R Start ---"

> formula <- formula(RaceHorse.IsHitA ~ +1 + PrevRaceHorse.FinishTimeSdvByRace)

> print(paste0(Sys.time(), " --- source_logic_glm.R Finished ---"))
[1] "2022-03-09 08:50:01 --- source_logic_glm.R Finished ---"
Rows Read: 381652, Total Rows Processed: 381652, Total Chunk Time: 0.010 seconds 

Starting values (iteration 1) time: 0.035 secs.
Rows Read: 381652, Total Rows Processed: 381652, Total Chunk Time: 0.020 seconds 

Iteration 2 time: 0.026 secs.
Rows Read: 381652, Total Rows Processed: 381652, Total Chunk Time: 0.018 seconds 

Iteration 3 time: 0.022 secs.

Elapsed computation time: 0.091 secs.
Rows Read: 381652, Total Rows Processed: 381652, Total Chunk Time: 0.005 seconds 

Starting values (iteration 1) time: 0.011 secs.
Rows Read: 381652, Total Rows Processed: 381652, Total Chunk Time: 0.016 seconds 

Iteration 2 time: 0.020 secs.

Elapsed computation time: 0.040 secs.
Rows Read: 381652, Total Rows Processed: 381652, Total Chunk Time: 0.007 seconds 

Starting values (iteration 1) time: 0.016 secs.
Rows Read: 381652, Total Rows Processed: 381652, Total Chunk Time: 0.021 seconds 

Iteration 2 time: 0.028 secs.
Rows Read: 381652, Total Rows Processed: 381652, Total Chunk Time: 0.017 seconds 

Iteration 3 time: 0.021 secs.

Elapsed computation time: 0.074 secs.

Elapsed computation time: 0.219 secs.
[1] "--------------------------------------------------------------------------------"
[1] "analyze.results.glm.step="
Logistic Regression Results for: RaceHorse.IsHitA ~
    PrevRaceHorse.FinishTimeSdvByRace
Data: data
Dependent variable(s): RaceHorse.IsHitA
Total independent variables: 2 
Number of valid observations: 381652
Number of missing observations: 0 
 
Coefficients:
                                  RaceHorse.IsHitA
(Intercept)                                  -2.64
PrevRaceHorse.FinishTimeSdvByRace             0.03
[1] "analyze.results.glm.step.summary"
Call:
rxLogit(formula = formula, data = data, variableSelection = analyze.results.glm.step.varsel)

Logistic Regression Results for: RaceHorse.IsHitA ~
    PrevRaceHorse.FinishTimeSdvByRace
Data: data
Dependent variable(s): RaceHorse.IsHitA
Total independent variables: 2 
Number of valid observations: 381652
Number of missing observations: 0 
-2*LogLikelihood: 187692.324 (Residual deviance on 381650 degrees of freedom)
 
Coefficients:
                                  Estimate Std. Error z value Pr(>|z|)    
(Intercept)                       -2.63915    0.00668 -395.35  2.2e-16 ***
PrevRaceHorse.FinishTimeSdvByRace  0.02982    0.00766    3.89  9.9e-05 ***
---
Signif. codes:  0 '***' 0.001 '**' 0.01 '*' 0.05 '.' 0.1 ' ' 1

Condition number of final variance-covariance matrix: 1 
Number of iterations: 3
[1] "--------------------------------------------------------------------------------"
[1] "2022-03-09 08:50:02 --- rxLogit with rxStepControl Finish ---"
[1] "2022-03-09 08:50:02 --- rxStepPlot Start ---"
[1] "pdfFilename=pdf_analyze_glm_Gen01_Type22_rxStepPlot.pdf"
[1] "rxStepPlot="
[1] "2022-03-09 08:50:02 --- rxStepPlot Finish ---"
[1] "2022-03-09 08:50:02 --- save.image Start ---"
[1] "save.image"
[1] "rdataFilename=RData_analyze_glm_Gen01_Type22.RData"
[1] "2022-03-09 08:50:03 --- save.image Finish ---"
[1] "2022-03-09 08:50:03 --- final Start ---"
[1] "--------------------------------------------------------------------------------"
[1] "nrow(data) final=381652"
[1] "--------------------------------------------------------------------------------"
[1] "2022-03-09 08:50:03 --- final Finish ---"
[1] "2022-03-09 08:50:03 --- analyze_glm.R Finished ---"
[1] "2022-03-09 08:50:03 --- log Finish ---"
