[1] "2022-03-09 09:01:15 --- D1116_analyze_glm_Jockey_IsHitA_Type24 Start ---"
[1] "2022-03-09 09:01:15 --- Log Start ---"
[1] "2022-03-09 09:01:15 --- analyze_glm.R Start ---"
[1] "analyzeVersion=D1116"
[1] "analyzeCategory=analyze"
[1] "analyzeType=Jockey"
[1] "analyzeFamily=IsHitA"
[1] "analyzeFunc=glm"
[1] "analyzeTrackTypeCd=2"
[1] "analyzeJyokenCd=4"
[1] "2022-03-09 09:01:15 --- source_function.R Start ---"
[1] "2022-03-09 09:01:15 --- source_function.R Finished ---"

> print(paste0(Sys.time(), " --- source_library.R Start ---"))
[1] "2022-03-09 09:01:15 --- source_library.R Start ---"

> require("RevoScaleR")

> print(paste0(Sys.time(), " --- source_library.R Finished ---"))
[1] "2022-03-09 09:01:15 --- source_library.R Finished ---"
[1] "2022-03-09 09:01:15 --- RxSqlServerData Start ---"
[1] "2022-03-09 09:01:15 --- RxInSqlServer Start ---"
[1] "2022-03-09 09:01:15 --- RxInSqlServer Finish ---"
[1] "2022-03-09 09:01:15 --- rxSetComputeContext Start ---"
[1] "2022-03-09 09:01:15 --- rxSetComputeContext Finish ---"
[1] "2022-03-09 09:01:15 --- RxSqlServerData Start ---"
[1] "sqlQuery=SELECT * FROM ViewAnalyzeD1116analyze01JockeyType24"
[1] "2022-03-09 09:01:15 --- RxSqlServerData Finish ---"
[1] "2022-03-09 09:01:15 --- rxGetVarInfo Start ---"
[1] "2022-03-09 09:01:15 --- rxGetVarInfo Finish---"
[1] "2022-03-09 09:01:15 --- rxImport Start ---"
Rows Read: 9525810, Total Rows Processed: 9525810, Total Chunk Time: 283.375 seconds 
[1] "2022-03-09 09:08:55 --- rxImport Finish ---"
[1] "object.size(data) auto=2.6 Gb"
[1] "--------------------------------------------------------------------------------"
[1] "nrow(data) RxSqlServerData=9525810"
[1] "--------------------------------------------------------------------------------"
[1] "str(data)="
'data.frame':	9525810 obs. of  45 variables:
 $ Race.RaceId                      : Factor w/ 2833 levels "20160105-06-01-01-03",..: 1 1 1 1 1 1 1 1 1 1 ...
 $ Race.IsAnalyzeNormalPastAndFuture: logi  TRUE TRUE TRUE TRUE TRUE TRUE ...
 $ Race.IsAnalyzeNormalPast         : logi  TRUE TRUE TRUE TRUE TRUE TRUE ...
 $ Race.IsAnalyzeNormalFuture       : logi  FALSE FALSE FALSE FALSE FALSE FALSE ...
 $ Race.IsAnalyzeFullPastAndFuture  : logi  TRUE TRUE TRUE TRUE TRUE TRUE ...
 $ Race.IsAnalyzeFullPast           : logi  TRUE TRUE TRUE TRUE TRUE TRUE ...
 $ Race.IsAnalyzeFullFuture         : logi  FALSE FALSE FALSE FALSE FALSE FALSE ...
 $ Race.JyokenCd                    : Factor w/ 1 level "4": 1 1 1 1 1 1 1 1 1 1 ...
 $ Race.JyoType1Cd                  : Factor w/ 131 levels "24-06-1200-1",..: 1 1 1 1 1 1 1 1 1 1 ...
 $ Race.RaceType1Cd                 : Factor w/ 4 levels "2-4-14","2-4-12",..: 1 1 1 1 1 1 1 1 1 1 ...
 $ RaceHorse.RaceId                 : Factor w/ 2833 levels "20160105-06-01-01-03",..: 1 1 1 1 1 1 1 1 1 1 ...
 $ RaceHorse.KettoNum               : Factor w/ 7978 levels "2011101394","2011101687",..: 1 1 1 1 1 1 1 1 1 1 ...
 $ RaceHorse.IsHit1                 : num  0 0 0 0 0 0 0 0 0 0 ...
 $ RaceHorse.IsHit2                 : num  0 0 0 0 0 0 0 0 0 0 ...
 $ RaceHorse.IsHit3                 : num  0 0 0 0 0 0 0 0 0 0 ...
 $ RaceHorse.IsHit4                 : num  0 0 0 0 0 0 0 0 0 0 ...
 $ RaceHorse.IsHit5                 : num  0 0 0 0 0 0 0 0 0 0 ...
 $ RaceHorse.IsHit6                 : num  1 1 1 1 1 1 1 1 1 1 ...
 $ RaceHorse.IsValidRaceHorse       : logi  TRUE TRUE TRUE TRUE TRUE TRUE ...
 $ RaceHorse.FinishTimeSdvByRace    : num  0.187 0.187 0.187 0.187 0.187 ...
 $ RaceHorse.FirstTimeSdvByRace     : num  -1.42 -1.42 -1.42 -1.42 -1.42 ...
 $ RaceHorse.LastTimeSdvByRace      : num  1.15 1.15 1.15 1.15 1.15 ...
 $ RaceHorse.FinishTimeSdv          : num  0.835 0.835 0.835 0.835 0.835 ...
 $ RaceHorse.FirstTimeSdv           : num  -0.221 -0.221 -0.221 -0.221 -0.221 ...
 $ RaceHorse.LastTimeSdv            : num  1.24 1.24 1.24 1.24 1.24 ...
 $ RaceHorse.IsHitA                 : num  0 0 0 0 0 0 0 0 0 0 ...
 $ RaceHorse.IsHitB                 : num  0 0 0 0 0 0 0 0 0 0 ...
 $ RaceHorse.IsHitC                 : num  0 0 0 0 0 0 0 0 0 0 ...
 $ PrevRaceHorse.RaceId             : Factor w/ 6490 levels "20150531-05-02-12-07",..: 1 2 3 4 5 6 7 8 9 10 ...
 $ PrevRaceHorse.KettoNum           : Factor w/ 15437 levels "2011102334","2010110050",..: 1 2 3 4 5 6 7 8 9 10 ...
 $ PrevRaceHorse.FinishTimeSdvByRace: num  -0.939 0.855 1.15 1.442 1.13 ...
 $ PrevRaceHorse.FirstTimeSdvByRace : num  -0.795 -1.485 -0.145 -1.408 0.625 ...
 $ PrevRaceHorse.LastTimeSdvByRace  : num  -0.732 1.535 1.142 2.035 0.785 ...
 $ PrevRaceHorse.FinishTimeSdv      : num  -0.426 1.125 0.567 0.526 1.307 ...
 $ PrevRaceHorse.FirstTimeSdv       : num  -1.138 0.328 0.928 -0.443 1.041 ...
 $ PrevRaceHorse.LastTimeSdv        : num  0.3075 1.1926 -0.0423 1.0416 0.9431 ...
 $ PrevRaceHorse.IsRun              : num  1 1 1 1 1 1 1 1 1 1 ...
 $ PrevRaceHorse.IsHit1             : num  0 0 1 1 1 0 0 0 0 0 ...
 $ PrevRaceHorse.IsHit2             : num  0 0 0 0 0 0 0 0 0 0 ...
 $ PrevRaceHorse.IsHit3             : num  0 1 0 0 0 0 0 0 0 0 ...
 $ PrevRaceHorse.IsHit4             : num  0 0 0 0 0 0 0 0 1 0 ...
 $ PrevRaceHorse.IsHit5             : num  0 0 0 0 0 0 0 0 0 0 ...
 $ PrevRaceHorse.RowNum             : num  1 2 3 4 5 6 7 8 9 10 ...
 $ PrevOdds.RealOddsLog1            : num  3.22 2.73 1.48 3.46 1.61 ...
 $ EOF                              : int  1 1 1 1 1 1 1 1 1 1 ...
[1] "2022-03-09 09:08:55 --- RxSqlServerData Finish ---"
[1] "2022-03-09 09:08:55 --- subset Start ---"
[1] "--------------------------------------------------------------------------------"
[1] "nrow(data) subset before=9525810"
[1] "nrow(data) subset after =9525810"
[1] "nrow(data) subset diff =0"
[1] "--------------------------------------------------------------------------------"
[1] "2022-03-09 09:08:57 --- subset Finish---"
[1] "2022-03-09 09:08:57 --- transform Start ---"
[1] "--------------------------------------------------------------------------------"
[1] "nrow(data) transform before=9525810"
[1] "nrow(data) transform after=9525810"
[1] "nrow(data) transform diff=0"
[1] "--------------------------------------------------------------------------------"
[1] "str(data)="
'data.frame':	9525810 obs. of  45 variables:
 $ Race.RaceId                      : Factor w/ 2833 levels "20160105-06-01-01-03",..: 1 1 1 1 1 1 1 1 1 1 ...
 $ Race.IsAnalyzeNormalPastAndFuture: logi  TRUE TRUE TRUE TRUE TRUE TRUE ...
 $ Race.IsAnalyzeNormalPast         : logi  TRUE TRUE TRUE TRUE TRUE TRUE ...
 $ Race.IsAnalyzeNormalFuture       : logi  FALSE FALSE FALSE FALSE FALSE FALSE ...
 $ Race.IsAnalyzeFullPastAndFuture  : logi  TRUE TRUE TRUE TRUE TRUE TRUE ...
 $ Race.IsAnalyzeFullPast           : logi  TRUE TRUE TRUE TRUE TRUE TRUE ...
 $ Race.IsAnalyzeFullFuture         : logi  FALSE FALSE FALSE FALSE FALSE FALSE ...
 $ Race.JyokenCd                    : Factor w/ 1 level "4": 1 1 1 1 1 1 1 1 1 1 ...
 $ Race.JyoType1Cd                  : Factor w/ 131 levels "24-06-1200-1",..: 1 1 1 1 1 1 1 1 1 1 ...
 $ Race.RaceType1Cd                 : Factor w/ 4 levels "2-4-14","2-4-12",..: 1 1 1 1 1 1 1 1 1 1 ...
 $ RaceHorse.RaceId                 : Factor w/ 2833 levels "20160105-06-01-01-03",..: 1 1 1 1 1 1 1 1 1 1 ...
 $ RaceHorse.KettoNum               : Factor w/ 7978 levels "2011101394","2011101687",..: 1 1 1 1 1 1 1 1 1 1 ...
 $ RaceHorse.IsHit1                 : num  0 0 0 0 0 0 0 0 0 0 ...
 $ RaceHorse.IsHit2                 : num  0 0 0 0 0 0 0 0 0 0 ...
 $ RaceHorse.IsHit3                 : num  0 0 0 0 0 0 0 0 0 0 ...
 $ RaceHorse.IsHit4                 : num  0 0 0 0 0 0 0 0 0 0 ...
 $ RaceHorse.IsHit5                 : num  0 0 0 0 0 0 0 0 0 0 ...
 $ RaceHorse.IsHit6                 : num  1 1 1 1 1 1 1 1 1 1 ...
 $ RaceHorse.IsValidRaceHorse       : logi  TRUE TRUE TRUE TRUE TRUE TRUE ...
 $ RaceHorse.FinishTimeSdvByRace    : num  0.187 0.187 0.187 0.187 0.187 ...
 $ RaceHorse.FirstTimeSdvByRace     : num  -1.42 -1.42 -1.42 -1.42 -1.42 ...
 $ RaceHorse.LastTimeSdvByRace      : num  1.15 1.15 1.15 1.15 1.15 ...
 $ RaceHorse.FinishTimeSdv          : num  0.835 0.835 0.835 0.835 0.835 ...
 $ RaceHorse.FirstTimeSdv           : num  -0.221 -0.221 -0.221 -0.221 -0.221 ...
 $ RaceHorse.LastTimeSdv            : num  1.24 1.24 1.24 1.24 1.24 ...
 $ RaceHorse.IsHitA                 : num  0 0 0 0 0 0 0 0 0 0 ...
 $ RaceHorse.IsHitB                 : num  0 0 0 0 0 0 0 0 0 0 ...
 $ RaceHorse.IsHitC                 : num  0 0 0 0 0 0 0 0 0 0 ...
 $ PrevRaceHorse.RaceId             : Factor w/ 6490 levels "20150531-05-02-12-07",..: 1 2 3 4 5 6 7 8 9 10 ...
 $ PrevRaceHorse.KettoNum           : Factor w/ 15437 levels "2011102334","2010110050",..: 1 2 3 4 5 6 7 8 9 10 ...
 $ PrevRaceHorse.FinishTimeSdvByRace: num  -0.939 0.855 1.15 1.442 1.13 ...
 $ PrevRaceHorse.FirstTimeSdvByRace : num  -0.795 -1.485 -0.145 -1.408 0.625 ...
 $ PrevRaceHorse.LastTimeSdvByRace  : num  -0.732 1.535 1.142 2.035 0.785 ...
 $ PrevRaceHorse.FinishTimeSdv      : num  -0.426 1.125 0.567 0.526 1.307 ...
 $ PrevRaceHorse.FirstTimeSdv       : num  -1.138 0.328 0.928 -0.443 1.041 ...
 $ PrevRaceHorse.LastTimeSdv        : num  0.3075 1.1926 -0.0423 1.0416 0.9431 ...
 $ PrevRaceHorse.IsRun              : num  1 1 1 1 1 1 1 1 1 1 ...
 $ PrevRaceHorse.IsHit1             : num  0 0 1 1 1 0 0 0 0 0 ...
 $ PrevRaceHorse.IsHit2             : num  0 0 0 0 0 0 0 0 0 0 ...
 $ PrevRaceHorse.IsHit3             : num  0 1 0 0 0 0 0 0 0 0 ...
 $ PrevRaceHorse.IsHit4             : num  0 0 0 0 0 0 0 0 1 0 ...
 $ PrevRaceHorse.IsHit5             : num  0 0 0 0 0 0 0 0 0 0 ...
 $ PrevRaceHorse.RowNum             : num  1 2 3 4 5 6 7 8 9 10 ...
 $ PrevOdds.RealOddsLog1            : num  3.22 2.73 1.48 3.46 1.61 ...
 $ EOF                              : int  1 1 1 1 1 1 1 1 1 1 ...
NULL
[1] "2022-03-09 09:08:58 --- transform Finish ---"
[1] "2022-03-09 09:08:58 --- na.omit Start ---"
[1] "--------------------------------------------------------------------------------"
[1] "nrow(data) na.omit before=9525810"
[1] "nrow(data) na.omit after =9461952"
[1] "nrow(data) na.omit diff =63858"
[1] "--------------------------------------------------------------------------------"
'data.frame':	9461952 obs. of  45 variables:
 $ Race.RaceId                      : Factor w/ 2833 levels "20160105-06-01-01-03",..: 1 1 1 1 1 1 1 1 1 1 ...
 $ Race.IsAnalyzeNormalPastAndFuture: logi  TRUE TRUE TRUE TRUE TRUE TRUE ...
 $ Race.IsAnalyzeNormalPast         : logi  TRUE TRUE TRUE TRUE TRUE TRUE ...
 $ Race.IsAnalyzeNormalFuture       : logi  FALSE FALSE FALSE FALSE FALSE FALSE ...
 $ Race.IsAnalyzeFullPastAndFuture  : logi  TRUE TRUE TRUE TRUE TRUE TRUE ...
 $ Race.IsAnalyzeFullPast           : logi  TRUE TRUE TRUE TRUE TRUE TRUE ...
 $ Race.IsAnalyzeFullFuture         : logi  FALSE FALSE FALSE FALSE FALSE FALSE ...
 $ Race.JyokenCd                    : Factor w/ 1 level "4": 1 1 1 1 1 1 1 1 1 1 ...
 $ Race.JyoType1Cd                  : Factor w/ 131 levels "24-06-1200-1",..: 1 1 1 1 1 1 1 1 1 1 ...
 $ Race.RaceType1Cd                 : Factor w/ 4 levels "2-4-14","2-4-12",..: 1 1 1 1 1 1 1 1 1 1 ...
 $ RaceHorse.RaceId                 : Factor w/ 2833 levels "20160105-06-01-01-03",..: 1 1 1 1 1 1 1 1 1 1 ...
 $ RaceHorse.KettoNum               : Factor w/ 7978 levels "2011101394","2011101687",..: 1 1 1 1 1 1 1 1 1 1 ...
 $ RaceHorse.IsHit1                 : num  0 0 0 0 0 0 0 0 0 0 ...
 $ RaceHorse.IsHit2                 : num  0 0 0 0 0 0 0 0 0 0 ...
 $ RaceHorse.IsHit3                 : num  0 0 0 0 0 0 0 0 0 0 ...
 $ RaceHorse.IsHit4                 : num  0 0 0 0 0 0 0 0 0 0 ...
 $ RaceHorse.IsHit5                 : num  0 0 0 0 0 0 0 0 0 0 ...
 $ RaceHorse.IsHit6                 : num  1 1 1 1 1 1 1 1 1 1 ...
 $ RaceHorse.IsValidRaceHorse       : logi  TRUE TRUE TRUE TRUE TRUE TRUE ...
 $ RaceHorse.FinishTimeSdvByRace    : num  0.187 0.187 0.187 0.187 0.187 ...
 $ RaceHorse.FirstTimeSdvByRace     : num  -1.42 -1.42 -1.42 -1.42 -1.42 ...
 $ RaceHorse.LastTimeSdvByRace      : num  1.15 1.15 1.15 1.15 1.15 ...
 $ RaceHorse.FinishTimeSdv          : num  0.835 0.835 0.835 0.835 0.835 ...
 $ RaceHorse.FirstTimeSdv           : num  -0.221 -0.221 -0.221 -0.221 -0.221 ...
 $ RaceHorse.LastTimeSdv            : num  1.24 1.24 1.24 1.24 1.24 ...
 $ RaceHorse.IsHitA                 : num  0 0 0 0 0 0 0 0 0 0 ...
 $ RaceHorse.IsHitB                 : num  0 0 0 0 0 0 0 0 0 0 ...
 $ RaceHorse.IsHitC                 : num  0 0 0 0 0 0 0 0 0 0 ...
 $ PrevRaceHorse.RaceId             : Factor w/ 6490 levels "20150531-05-02-12-07",..: 1 2 3 4 5 6 7 8 9 10 ...
 $ PrevRaceHorse.KettoNum           : Factor w/ 15437 levels "2011102334","2010110050",..: 1 2 3 4 5 6 7 8 9 10 ...
 $ PrevRaceHorse.FinishTimeSdvByRace: num  -0.939 0.855 1.15 1.442 1.13 ...
 $ PrevRaceHorse.FirstTimeSdvByRace : num  -0.795 -1.485 -0.145 -1.408 0.625 ...
 $ PrevRaceHorse.LastTimeSdvByRace  : num  -0.732 1.535 1.142 2.035 0.785 ...
 $ PrevRaceHorse.FinishTimeSdv      : num  -0.426 1.125 0.567 0.526 1.307 ...
 $ PrevRaceHorse.FirstTimeSdv       : num  -1.138 0.328 0.928 -0.443 1.041 ...
 $ PrevRaceHorse.LastTimeSdv        : num  0.3075 1.1926 -0.0423 1.0416 0.9431 ...
 $ PrevRaceHorse.IsRun              : num  1 1 1 1 1 1 1 1 1 1 ...
 $ PrevRaceHorse.IsHit1             : num  0 0 1 1 1 0 0 0 0 0 ...
 $ PrevRaceHorse.IsHit2             : num  0 0 0 0 0 0 0 0 0 0 ...
 $ PrevRaceHorse.IsHit3             : num  0 1 0 0 0 0 0 0 0 0 ...
 $ PrevRaceHorse.IsHit4             : num  0 0 0 0 0 0 0 0 1 0 ...
 $ PrevRaceHorse.IsHit5             : num  0 0 0 0 0 0 0 0 0 0 ...
 $ PrevRaceHorse.RowNum             : num  1 2 3 4 5 6 7 8 9 10 ...
 $ PrevOdds.RealOddsLog1            : num  3.22 2.73 1.48 3.46 1.61 ...
 $ EOF                              : int  1 1 1 1 1 1 1 1 1 1 ...
 - attr(*, "na.action")= 'omit' Named int  70531 70532 70533 70534 70535 70536 70537 70538 70539 70540 ...
  ..- attr(*, "names")= chr  "70531" "70532" "70533" "70534" ...
[1] "2022-03-09 09:09:01 --- na.omit Finish ---"
[1] "2022-03-09 09:09:01 --- rxLogit with rxStepControl Start ---"

> print(paste0(Sys.time(), " --- source_logic_glm.R Start ---"))
[1] "2022-03-09 09:09:01 --- source_logic_glm.R Start ---"

> formula <- formula(RaceHorse.IsHitA ~ +1 + PrevRaceHorse.FinishTimeSdvByRace)

> print(paste0(Sys.time(), " --- source_logic_glm.R Finished ---"))
[1] "2022-03-09 09:09:01 --- source_logic_glm.R Finished ---"
Rows Read: 9461952, Total Rows Processed: 9461952, Total Chunk Time: 0.118 seconds 

Starting values (iteration 1) time: 0.140 secs.
Rows Read: 9461952, Total Rows Processed: 9461952, Total Chunk Time: 0.294 seconds 

Iteration 2 time: 0.316 secs.
Rows Read: 9461952, Total Rows Processed: 9461952, Total Chunk Time: 0.385 seconds 

Iteration 3 time: 0.400 secs.
Rows Read: 9461952, Total Rows Processed: 9461952, Total Chunk Time: 0.297 seconds 

Iteration 4 time: 0.312 secs.

Elapsed computation time: 1.168 secs.
Rows Read: 9461952, Total Rows Processed: 9461952, Total Chunk Time: 0.078 seconds 

Starting values (iteration 1) time: 0.095 secs.
Rows Read: 9461952, Total Rows Processed: 9461952, Total Chunk Time: 0.225 seconds 

Iteration 2 time: 0.243 secs.

Elapsed computation time: 0.338 secs.
Rows Read: 9461952, Total Rows Processed: 9461952, Total Chunk Time: 0.141 seconds 

Starting values (iteration 1) time: 0.164 secs.
Rows Read: 9461952, Total Rows Processed: 9461952, Total Chunk Time: 0.292 seconds 

Iteration 2 time: 0.313 secs.
Rows Read: 9461952, Total Rows Processed: 9461952, Total Chunk Time: 0.295 seconds 

Iteration 3 time: 0.310 secs.
Rows Read: 9461952, Total Rows Processed: 9461952, Total Chunk Time: 0.324 seconds 

Iteration 4 time: 0.339 secs.

Elapsed computation time: 1.126 secs.

Elapsed computation time: 2.650 secs.
[1] "--------------------------------------------------------------------------------"
[1] "analyze.results.glm.step="
Logistic Regression Results for: RaceHorse.IsHitA ~
    PrevRaceHorse.FinishTimeSdvByRace
Data: data
Dependent variable(s): RaceHorse.IsHitA
Total independent variables: 2 
Number of valid observations: 9461952
Number of missing observations: 0 
 
Coefficients:
                                  RaceHorse.IsHitA
(Intercept)                                   -2.5
PrevRaceHorse.FinishTimeSdvByRace              0.1
[1] "analyze.results.glm.step.summary"
Call:
rxLogit(formula = formula, data = data, variableSelection = analyze.results.glm.step.varsel)

Logistic Regression Results for: RaceHorse.IsHitA ~
    PrevRaceHorse.FinishTimeSdvByRace
Data: data
Dependent variable(s): RaceHorse.IsHitA
Total independent variables: 2 
Number of valid observations: 9461952
Number of missing observations: 0 
-2*LogLikelihood: 5119189.397 (Residual deviance on 9461950 degrees of freedom)
 
Coefficients:
                                  Estimate Std. Error z value Pr(>|z|)    
(Intercept)                       -2.50949    0.00127 -1973.0  2.2e-16 ***
PrevRaceHorse.FinishTimeSdvByRace  0.10645    0.00147    72.5  2.2e-16 ***
---
Signif. codes:  0 '***' 0.001 '**' 0.01 '*' 0.05 '.' 0.1 ' ' 1

Condition number of final variance-covariance matrix: 1 
Number of iterations: 4
[1] "--------------------------------------------------------------------------------"
[1] "2022-03-09 09:09:06 --- rxLogit with rxStepControl Finish ---"
[1] "2022-03-09 09:09:06 --- rxStepPlot Start ---"
[1] "pdfFilename=pdf_analyze_glm_Jockey_Type24_rxStepPlot.pdf"
[1] "rxStepPlot="
[1] "2022-03-09 09:09:07 --- rxStepPlot Finish ---"
[1] "2022-03-09 09:09:07 --- save.image Start ---"
[1] "save.image"
[1] "rdataFilename=RData_analyze_glm_Jockey_Type24.RData"
[1] "2022-03-09 09:09:41 --- save.image Finish ---"
[1] "2022-03-09 09:09:41 --- final Start ---"
[1] "--------------------------------------------------------------------------------"
[1] "nrow(data) final=9461952"
[1] "--------------------------------------------------------------------------------"
[1] "2022-03-09 09:09:41 --- final Finish ---"
[1] "2022-03-09 09:09:41 --- analyze_glm.R Finished ---"
[1] "2022-03-09 09:09:41 --- log Finish ---"
