[1] "2022-03-09 08:49:19 --- D1116_analyze_glm_Gen01_IsHitA_Type26 Start ---"
[1] "2022-03-09 08:49:19 --- Log Start ---"
[1] "2022-03-09 08:49:19 --- analyze_glm.R Start ---"
[1] "analyzeVersion=D1116"
[1] "analyzeCategory=analyze"
[1] "analyzeType=Gen01"
[1] "analyzeFamily=IsHitA"
[1] "analyzeFunc=glm"
[1] "analyzeTrackTypeCd=2"
[1] "analyzeJyokenCd=6"
[1] "2022-03-09 08:49:19 --- source_function.R Start ---"
[1] "2022-03-09 08:49:19 --- source_function.R Finished ---"

> print(paste0(Sys.time(), " --- source_library.R Start ---"))
[1] "2022-03-09 08:49:19 --- source_library.R Start ---"

> require("RevoScaleR")

> print(paste0(Sys.time(), " --- source_library.R Finished ---"))
[1] "2022-03-09 08:49:19 --- source_library.R Finished ---"
[1] "2022-03-09 08:49:19 --- RxSqlServerData Start ---"
[1] "2022-03-09 08:49:19 --- RxInSqlServer Start ---"
[1] "2022-03-09 08:49:19 --- RxInSqlServer Finish ---"
[1] "2022-03-09 08:49:19 --- rxSetComputeContext Start ---"
[1] "2022-03-09 08:49:19 --- rxSetComputeContext Finish ---"
[1] "2022-03-09 08:49:19 --- RxSqlServerData Start ---"
[1] "sqlQuery=SELECT * FROM ViewAnalyzeD1116analyze01Gen01Type26"
[1] "2022-03-09 08:49:19 --- RxSqlServerData Finish ---"
[1] "2022-03-09 08:49:19 --- rxGetVarInfo Start ---"
[1] "2022-03-09 08:49:20 --- rxGetVarInfo Finish---"
[1] "2022-03-09 08:49:20 --- rxImport Start ---"
Rows Read: 263650, Total Rows Processed: 263650, Total Chunk Time: 11.015 seconds 
[1] "2022-03-09 08:49:37 --- rxImport Finish ---"
[1] "object.size(data) auto=75.6 Mb"
[1] "--------------------------------------------------------------------------------"
[1] "nrow(data) RxSqlServerData=263650"
[1] "--------------------------------------------------------------------------------"
[1] "str(data)="
'data.frame':	263650 obs. of  45 variables:
 $ Race.RaceId                      : Factor w/ 467 levels "20160110-08-01-03-04",..: 2 2 2 2 2 2 2 2 2 2 ...
 $ Race.IsAnalyzeNormalPastAndFuture: logi  TRUE TRUE TRUE TRUE TRUE TRUE ...
 $ Race.IsAnalyzeNormalPast         : logi  TRUE TRUE TRUE TRUE TRUE TRUE ...
 $ Race.IsAnalyzeNormalFuture       : logi  FALSE FALSE FALSE FALSE FALSE FALSE ...
 $ Race.IsAnalyzeFullPastAndFuture  : logi  TRUE TRUE TRUE TRUE TRUE TRUE ...
 $ Race.IsAnalyzeFullPast           : logi  TRUE TRUE TRUE TRUE TRUE TRUE ...
 $ Race.IsAnalyzeFullFuture         : logi  FALSE FALSE FALSE FALSE FALSE FALSE ...
 $ Race.JyokenCd                    : Factor w/ 1 level "6": 1 1 1 1 1 1 1 1 1 1 ...
 $ Race.JyoType1Cd                  : Factor w/ 68 levels "24-08-1400-1",..: 2 2 2 2 2 2 2 2 2 2 ...
 $ Race.RaceType1Cd                 : Factor w/ 2 levels "2-6-12","2-6-11": 1 1 1 1 1 1 1 1 1 1 ...
 $ RaceHorse.RaceId                 : Factor w/ 467 levels "20160110-08-01-03-04",..: 2 2 2 2 2 2 2 2 2 2 ...
 $ RaceHorse.KettoNum               : Factor w/ 6357 levels "2013103249","2013100539",..: 2 2 2 2 2 2 2 2 2 2 ...
 $ RaceHorse.IsHit1                 : num  0 0 0 0 0 0 0 0 0 0 ...
 $ RaceHorse.IsHit2                 : num  0 0 0 0 0 0 0 0 0 0 ...
 $ RaceHorse.IsHit3                 : num  0 0 0 0 0 0 0 0 0 0 ...
 $ RaceHorse.IsHit4                 : num  0 0 0 0 0 0 0 0 0 0 ...
 $ RaceHorse.IsHit5                 : num  0 0 0 0 0 0 0 0 0 0 ...
 $ RaceHorse.IsHit6                 : num  1 1 1 1 1 1 1 1 1 1 ...
 $ RaceHorse.IsValidRaceHorse       : logi  TRUE TRUE TRUE TRUE TRUE TRUE ...
 $ RaceHorse.FinishTimeSdvByRace    : num  0.251 0.251 0.251 0.251 0.251 ...
 $ RaceHorse.FirstTimeSdvByRace     : num  0.939 0.939 0.939 0.939 0.939 ...
 $ RaceHorse.LastTimeSdvByRace      : num  -1.03 -1.03 -1.03 -1.03 -1.03 ...
 $ RaceHorse.FinishTimeSdv          : num  -0.909 -0.909 -0.909 -0.909 -0.909 ...
 $ RaceHorse.FirstTimeSdv           : num  -0.612 -0.612 -0.612 -0.612 -0.612 ...
 $ RaceHorse.LastTimeSdv            : num  -0.701 -0.701 -0.701 -0.701 -0.701 ...
 $ RaceHorse.IsHitA                 : num  0 0 0 0 0 0 0 0 0 0 ...
 $ RaceHorse.IsHitB                 : num  0 0 0 0 0 0 0 0 0 0 ...
 $ RaceHorse.IsHitC                 : num  0 0 0 0 0 0 0 0 0 0 ...
 $ PrevRaceHorse.RaceId             : Factor w/ 942 levels "20140308-09-01-03-04",..: 10 11 12 13 14 15 16 1 17 18 ...
 $ PrevRaceHorse.KettoNum           : Factor w/ 8102 levels "2011103618","2011102565",..: 11 12 13 14 15 16 17 18 19 20 ...
 $ PrevRaceHorse.FinishTimeSdvByRace: num  0.57 -0.31 0.729 1.321 0.767 ...
 $ PrevRaceHorse.FirstTimeSdvByRace : num  1.553 0.123 0.705 1.19 0.444 ...
 $ PrevRaceHorse.LastTimeSdvByRace  : num  -1.428 -0.485 0.663 0.862 0.381 ...
 $ PrevRaceHorse.FinishTimeSdv      : num  -0.2473 -0.8947 0.0484 0.1948 -0.6763 ...
 $ PrevRaceHorse.FirstTimeSdv       : num  1.058 -0.889 -0.253 -0.531 -0.417 ...
 $ PrevRaceHorse.LastTimeSdv        : num  -1.131 -0.517 0.316 0.656 -0.552 ...
 $ PrevRaceHorse.IsRun              : num  1 1 1 1 1 1 1 1 1 1 ...
 $ PrevRaceHorse.IsHit1             : num  0 0 0 0 0 0 0 0 0 0 ...
 $ PrevRaceHorse.IsHit2             : num  0 0 0 1 0 0 0 0 0 0 ...
 $ PrevRaceHorse.IsHit3             : num  0 0 0 0 0 0 0 0 1 0 ...
 $ PrevRaceHorse.IsHit4             : num  0 0 1 0 0 0 0 0 0 0 ...
 $ PrevRaceHorse.IsHit5             : num  0 0 0 0 0 0 0 0 0 0 ...
 $ PrevRaceHorse.RowNum             : num  1 2 3 4 5 6 7 8 9 10 ...
 $ PrevOdds.RealOddsLog1            : num  4.59 5.23 1.7 3.76 3.16 ...
 $ EOF                              : int  1 1 1 1 1 1 1 1 1 1 ...
[1] "2022-03-09 08:49:37 --- RxSqlServerData Finish ---"
[1] "2022-03-09 08:49:37 --- subset Start ---"
[1] "--------------------------------------------------------------------------------"
[1] "nrow(data) subset before=263650"
[1] "nrow(data) subset after =263650"
[1] "nrow(data) subset diff =0"
[1] "--------------------------------------------------------------------------------"
[1] "2022-03-09 08:49:37 --- subset Finish---"
[1] "2022-03-09 08:49:37 --- transform Start ---"
[1] "--------------------------------------------------------------------------------"
[1] "nrow(data) transform before=263650"
[1] "nrow(data) transform after=263650"
[1] "nrow(data) transform diff=0"
[1] "--------------------------------------------------------------------------------"
[1] "str(data)="
'data.frame':	263650 obs. of  45 variables:
 $ Race.RaceId                      : Factor w/ 467 levels "20160110-08-01-03-04",..: 2 2 2 2 2 2 2 2 2 2 ...
 $ Race.IsAnalyzeNormalPastAndFuture: logi  TRUE TRUE TRUE TRUE TRUE TRUE ...
 $ Race.IsAnalyzeNormalPast         : logi  TRUE TRUE TRUE TRUE TRUE TRUE ...
 $ Race.IsAnalyzeNormalFuture       : logi  FALSE FALSE FALSE FALSE FALSE FALSE ...
 $ Race.IsAnalyzeFullPastAndFuture  : logi  TRUE TRUE TRUE TRUE TRUE TRUE ...
 $ Race.IsAnalyzeFullPast           : logi  TRUE TRUE TRUE TRUE TRUE TRUE ...
 $ Race.IsAnalyzeFullFuture         : logi  FALSE FALSE FALSE FALSE FALSE FALSE ...
 $ Race.JyokenCd                    : Factor w/ 1 level "6": 1 1 1 1 1 1 1 1 1 1 ...
 $ Race.JyoType1Cd                  : Factor w/ 68 levels "24-08-1400-1",..: 2 2 2 2 2 2 2 2 2 2 ...
 $ Race.RaceType1Cd                 : Factor w/ 2 levels "2-6-12","2-6-11": 1 1 1 1 1 1 1 1 1 1 ...
 $ RaceHorse.RaceId                 : Factor w/ 467 levels "20160110-08-01-03-04",..: 2 2 2 2 2 2 2 2 2 2 ...
 $ RaceHorse.KettoNum               : Factor w/ 6357 levels "2013103249","2013100539",..: 2 2 2 2 2 2 2 2 2 2 ...
 $ RaceHorse.IsHit1                 : num  0 0 0 0 0 0 0 0 0 0 ...
 $ RaceHorse.IsHit2                 : num  0 0 0 0 0 0 0 0 0 0 ...
 $ RaceHorse.IsHit3                 : num  0 0 0 0 0 0 0 0 0 0 ...
 $ RaceHorse.IsHit4                 : num  0 0 0 0 0 0 0 0 0 0 ...
 $ RaceHorse.IsHit5                 : num  0 0 0 0 0 0 0 0 0 0 ...
 $ RaceHorse.IsHit6                 : num  1 1 1 1 1 1 1 1 1 1 ...
 $ RaceHorse.IsValidRaceHorse       : logi  TRUE TRUE TRUE TRUE TRUE TRUE ...
 $ RaceHorse.FinishTimeSdvByRace    : num  0.251 0.251 0.251 0.251 0.251 ...
 $ RaceHorse.FirstTimeSdvByRace     : num  0.939 0.939 0.939 0.939 0.939 ...
 $ RaceHorse.LastTimeSdvByRace      : num  -1.03 -1.03 -1.03 -1.03 -1.03 ...
 $ RaceHorse.FinishTimeSdv          : num  -0.909 -0.909 -0.909 -0.909 -0.909 ...
 $ RaceHorse.FirstTimeSdv           : num  -0.612 -0.612 -0.612 -0.612 -0.612 ...
 $ RaceHorse.LastTimeSdv            : num  -0.701 -0.701 -0.701 -0.701 -0.701 ...
 $ RaceHorse.IsHitA                 : num  0 0 0 0 0 0 0 0 0 0 ...
 $ RaceHorse.IsHitB                 : num  0 0 0 0 0 0 0 0 0 0 ...
 $ RaceHorse.IsHitC                 : num  0 0 0 0 0 0 0 0 0 0 ...
 $ PrevRaceHorse.RaceId             : Factor w/ 942 levels "20140308-09-01-03-04",..: 10 11 12 13 14 15 16 1 17 18 ...
 $ PrevRaceHorse.KettoNum           : Factor w/ 8102 levels "2011103618","2011102565",..: 11 12 13 14 15 16 17 18 19 20 ...
 $ PrevRaceHorse.FinishTimeSdvByRace: num  0.57 -0.31 0.729 1.321 0.767 ...
 $ PrevRaceHorse.FirstTimeSdvByRace : num  1.553 0.123 0.705 1.19 0.444 ...
 $ PrevRaceHorse.LastTimeSdvByRace  : num  -1.428 -0.485 0.663 0.862 0.381 ...
 $ PrevRaceHorse.FinishTimeSdv      : num  -0.2473 -0.8947 0.0484 0.1948 -0.6763 ...
 $ PrevRaceHorse.FirstTimeSdv       : num  1.058 -0.889 -0.253 -0.531 -0.417 ...
 $ PrevRaceHorse.LastTimeSdv        : num  -1.131 -0.517 0.316 0.656 -0.552 ...
 $ PrevRaceHorse.IsRun              : num  1 1 1 1 1 1 1 1 1 1 ...
 $ PrevRaceHorse.IsHit1             : num  0 0 0 0 0 0 0 0 0 0 ...
 $ PrevRaceHorse.IsHit2             : num  0 0 0 1 0 0 0 0 0 0 ...
 $ PrevRaceHorse.IsHit3             : num  0 0 0 0 0 0 0 0 1 0 ...
 $ PrevRaceHorse.IsHit4             : num  0 0 1 0 0 0 0 0 0 0 ...
 $ PrevRaceHorse.IsHit5             : num  0 0 0 0 0 0 0 0 0 0 ...
 $ PrevRaceHorse.RowNum             : num  1 2 3 4 5 6 7 8 9 10 ...
 $ PrevOdds.RealOddsLog1            : num  4.59 5.23 1.7 3.76 3.16 ...
 $ EOF                              : int  1 1 1 1 1 1 1 1 1 1 ...
NULL
[1] "2022-03-09 08:49:38 --- transform Finish ---"
[1] "2022-03-09 08:49:38 --- na.omit Start ---"
[1] "--------------------------------------------------------------------------------"
[1] "nrow(data) na.omit before=263650"
[1] "nrow(data) na.omit after =261388"
[1] "nrow(data) na.omit diff =2262"
[1] "--------------------------------------------------------------------------------"
'data.frame':	261388 obs. of  45 variables:
 $ Race.RaceId                      : Factor w/ 467 levels "20160110-08-01-03-04",..: 2 2 2 2 2 2 2 2 2 2 ...
 $ Race.IsAnalyzeNormalPastAndFuture: logi  TRUE TRUE TRUE TRUE TRUE TRUE ...
 $ Race.IsAnalyzeNormalPast         : logi  TRUE TRUE TRUE TRUE TRUE TRUE ...
 $ Race.IsAnalyzeNormalFuture       : logi  FALSE FALSE FALSE FALSE FALSE FALSE ...
 $ Race.IsAnalyzeFullPastAndFuture  : logi  TRUE TRUE TRUE TRUE TRUE TRUE ...
 $ Race.IsAnalyzeFullPast           : logi  TRUE TRUE TRUE TRUE TRUE TRUE ...
 $ Race.IsAnalyzeFullFuture         : logi  FALSE FALSE FALSE FALSE FALSE FALSE ...
 $ Race.JyokenCd                    : Factor w/ 1 level "6": 1 1 1 1 1 1 1 1 1 1 ...
 $ Race.JyoType1Cd                  : Factor w/ 68 levels "24-08-1400-1",..: 2 2 2 2 2 2 2 2 2 2 ...
 $ Race.RaceType1Cd                 : Factor w/ 2 levels "2-6-12","2-6-11": 1 1 1 1 1 1 1 1 1 1 ...
 $ RaceHorse.RaceId                 : Factor w/ 467 levels "20160110-08-01-03-04",..: 2 2 2 2 2 2 2 2 2 2 ...
 $ RaceHorse.KettoNum               : Factor w/ 6357 levels "2013103249","2013100539",..: 2 2 2 2 2 2 2 2 2 2 ...
 $ RaceHorse.IsHit1                 : num  0 0 0 0 0 0 0 0 0 0 ...
 $ RaceHorse.IsHit2                 : num  0 0 0 0 0 0 0 0 0 0 ...
 $ RaceHorse.IsHit3                 : num  0 0 0 0 0 0 0 0 0 0 ...
 $ RaceHorse.IsHit4                 : num  0 0 0 0 0 0 0 0 0 0 ...
 $ RaceHorse.IsHit5                 : num  0 0 0 0 0 0 0 0 0 0 ...
 $ RaceHorse.IsHit6                 : num  1 1 1 1 1 1 1 1 1 1 ...
 $ RaceHorse.IsValidRaceHorse       : logi  TRUE TRUE TRUE TRUE TRUE TRUE ...
 $ RaceHorse.FinishTimeSdvByRace    : num  0.251 0.251 0.251 0.251 0.251 ...
 $ RaceHorse.FirstTimeSdvByRace     : num  0.939 0.939 0.939 0.939 0.939 ...
 $ RaceHorse.LastTimeSdvByRace      : num  -1.03 -1.03 -1.03 -1.03 -1.03 ...
 $ RaceHorse.FinishTimeSdv          : num  -0.909 -0.909 -0.909 -0.909 -0.909 ...
 $ RaceHorse.FirstTimeSdv           : num  -0.612 -0.612 -0.612 -0.612 -0.612 ...
 $ RaceHorse.LastTimeSdv            : num  -0.701 -0.701 -0.701 -0.701 -0.701 ...
 $ RaceHorse.IsHitA                 : num  0 0 0 0 0 0 0 0 0 0 ...
 $ RaceHorse.IsHitB                 : num  0 0 0 0 0 0 0 0 0 0 ...
 $ RaceHorse.IsHitC                 : num  0 0 0 0 0 0 0 0 0 0 ...
 $ PrevRaceHorse.RaceId             : Factor w/ 942 levels "20140308-09-01-03-04",..: 10 11 12 13 14 15 16 1 17 18 ...
 $ PrevRaceHorse.KettoNum           : Factor w/ 8102 levels "2011103618","2011102565",..: 11 12 13 14 15 16 17 18 19 20 ...
 $ PrevRaceHorse.FinishTimeSdvByRace: num  0.57 -0.31 0.729 1.321 0.767 ...
 $ PrevRaceHorse.FirstTimeSdvByRace : num  1.553 0.123 0.705 1.19 0.444 ...
 $ PrevRaceHorse.LastTimeSdvByRace  : num  -1.428 -0.485 0.663 0.862 0.381 ...
 $ PrevRaceHorse.FinishTimeSdv      : num  -0.2473 -0.8947 0.0484 0.1948 -0.6763 ...
 $ PrevRaceHorse.FirstTimeSdv       : num  1.058 -0.889 -0.253 -0.531 -0.417 ...
 $ PrevRaceHorse.LastTimeSdv        : num  -1.131 -0.517 0.316 0.656 -0.552 ...
 $ PrevRaceHorse.IsRun              : num  1 1 1 1 1 1 1 1 1 1 ...
 $ PrevRaceHorse.IsHit1             : num  0 0 0 0 0 0 0 0 0 0 ...
 $ PrevRaceHorse.IsHit2             : num  0 0 0 1 0 0 0 0 0 0 ...
 $ PrevRaceHorse.IsHit3             : num  0 0 0 0 0 0 0 0 1 0 ...
 $ PrevRaceHorse.IsHit4             : num  0 0 1 0 0 0 0 0 0 0 ...
 $ PrevRaceHorse.IsHit5             : num  0 0 0 0 0 0 0 0 0 0 ...
 $ PrevRaceHorse.RowNum             : num  1 2 3 4 5 6 7 8 9 10 ...
 $ PrevOdds.RealOddsLog1            : num  4.59 5.23 1.7 3.76 3.16 ...
 $ EOF                              : int  1 1 1 1 1 1 1 1 1 1 ...
 - attr(*, "na.action")= 'omit' Named int  4404 4405 4406 4805 4806 4807 4808 4809 4810 4811 ...
  ..- attr(*, "names")= chr  "4404" "4405" "4406" "4805" ...
[1] "2022-03-09 08:49:38 --- na.omit Finish ---"
[1] "2022-03-09 08:49:38 --- rxLogit with rxStepControl Start ---"

> print(paste0(Sys.time(), " --- source_logic_glm.R Start ---"))
[1] "2022-03-09 08:49:38 --- source_logic_glm.R Start ---"

> formula <- formula(RaceHorse.IsHitA ~ +1 + PrevRaceHorse.FinishTimeSdvByRace)

> print(paste0(Sys.time(), " --- source_logic_glm.R Finished ---"))
[1] "2022-03-09 08:49:38 --- source_logic_glm.R Finished ---"
Rows Read: 261388, Total Rows Processed: 261388, Total Chunk Time: 0.006 seconds 

Starting values (iteration 1) time: 0.036 secs.
Rows Read: 261388, Total Rows Processed: 261388, Total Chunk Time: 0.013 seconds 

Iteration 2 time: 0.022 secs.
Rows Read: 261388, Total Rows Processed: 261388, Total Chunk Time: 0.014 seconds 

Iteration 3 time: 0.019 secs.
Rows Read: 261388, Total Rows Processed: 261388, Total Chunk Time: 0.014 seconds 

Iteration 4 time: 0.018 secs.

Elapsed computation time: 0.104 secs.
Rows Read: 261388, Total Rows Processed: 261388, Total Chunk Time: 0.004 seconds 

Starting values (iteration 1) time: 0.015 secs.
Rows Read: 261388, Total Rows Processed: 261388, Total Chunk Time: 0.011 seconds 

Iteration 2 time: 0.021 secs.

Elapsed computation time: 0.042 secs.
Rows Read: 261388, Total Rows Processed: 261388, Total Chunk Time: 0.006 seconds 

Starting values (iteration 1) time: 0.021 secs.
Rows Read: 261388, Total Rows Processed: 261388, Total Chunk Time: 0.015 seconds 

Iteration 2 time: 0.024 secs.
Rows Read: 261388, Total Rows Processed: 261388, Total Chunk Time: 0.015 seconds 

Iteration 3 time: 0.020 secs.
Rows Read: 261388, Total Rows Processed: 261388, Total Chunk Time: 0.014 seconds 

Iteration 4 time: 0.019 secs.

Elapsed computation time: 0.094 secs.

Elapsed computation time: 0.262 secs.
[1] "--------------------------------------------------------------------------------"
[1] "analyze.results.glm.step="
Logistic Regression Results for: RaceHorse.IsHitA ~
    PrevRaceHorse.FinishTimeSdvByRace
Data: data
Dependent variable(s): RaceHorse.IsHitA
Total independent variables: 2 
Number of valid observations: 261388
Number of missing observations: 0 
 
Coefficients:
                                  RaceHorse.IsHitA
(Intercept)                                   -2.4
PrevRaceHorse.FinishTimeSdvByRace              0.1
[1] "analyze.results.glm.step.summary"
Call:
rxLogit(formula = formula, data = data, variableSelection = analyze.results.glm.step.varsel)

Logistic Regression Results for: RaceHorse.IsHitA ~
    PrevRaceHorse.FinishTimeSdvByRace
Data: data
Dependent variable(s): RaceHorse.IsHitA
Total independent variables: 2 
Number of valid observations: 261388
Number of missing observations: 0 
-2*LogLikelihood: 154946.243 (Residual deviance on 261386 degrees of freedom)
 
Coefficients:
                                  Estimate Std. Error z value Pr(>|z|)    
(Intercept)                       -2.39287    0.00831  -287.9  2.2e-16 ***
PrevRaceHorse.FinishTimeSdvByRace  0.10416    0.00954    10.9  2.2e-16 ***
---
Signif. codes:  0 '***' 0.001 '**' 0.01 '*' 0.05 '.' 0.1 ' ' 1

Condition number of final variance-covariance matrix: 1 
Number of iterations: 4
[1] "--------------------------------------------------------------------------------"
[1] "2022-03-09 08:49:39 --- rxLogit with rxStepControl Finish ---"
[1] "2022-03-09 08:49:39 --- rxStepPlot Start ---"
[1] "pdfFilename=pdf_analyze_glm_Gen01_Type26_rxStepPlot.pdf"
[1] "rxStepPlot="
[1] "2022-03-09 08:49:39 --- rxStepPlot Finish ---"
[1] "2022-03-09 08:49:39 --- save.image Start ---"
[1] "save.image"
[1] "rdataFilename=RData_analyze_glm_Gen01_Type26.RData"
[1] "2022-03-09 08:49:40 --- save.image Finish ---"
[1] "2022-03-09 08:49:40 --- final Start ---"
[1] "--------------------------------------------------------------------------------"
[1] "nrow(data) final=261388"
[1] "--------------------------------------------------------------------------------"
[1] "2022-03-09 08:49:40 --- final Finish ---"
[1] "2022-03-09 08:49:40 --- analyze_glm.R Finished ---"
[1] "2022-03-09 08:49:40 --- log Finish ---"
