[1] "2022-03-09 08:49:19 --- D1116_analyze_glm_Gen01_IsHitA_Type21 Start ---"
[1] "2022-03-09 08:49:19 --- Log Start ---"
[1] "2022-03-09 08:49:19 --- analyze_glm.R Start ---"
[1] "analyzeVersion=D1116"
[1] "analyzeCategory=analyze"
[1] "analyzeType=Gen01"
[1] "analyzeFamily=IsHitA"
[1] "analyzeFunc=glm"
[1] "analyzeTrackTypeCd=2"
[1] "analyzeJyokenCd=1"
[1] "2022-03-09 08:49:19 --- source_function.R Start ---"
[1] "2022-03-09 08:49:19 --- source_function.R Finished ---"

> print(paste0(Sys.time(), " --- source_library.R Start ---"))
[1] "2022-03-09 08:49:19 --- source_library.R Start ---"

> require("RevoScaleR")

> print(paste0(Sys.time(), " --- source_library.R Finished ---"))
[1] "2022-03-09 08:49:19 --- source_library.R Finished ---"
[1] "2022-03-09 08:49:19 --- RxSqlServerData Start ---"
[1] "2022-03-09 08:49:19 --- RxInSqlServer Start ---"
[1] "2022-03-09 08:49:19 --- RxInSqlServer Finish ---"
[1] "2022-03-09 08:49:19 --- rxSetComputeContext Start ---"
[1] "2022-03-09 08:49:19 --- rxSetComputeContext Finish ---"
[1] "2022-03-09 08:49:19 --- RxSqlServerData Start ---"
[1] "sqlQuery=SELECT * FROM ViewAnalyzeD1116analyze01Gen01Type21"
[1] "2022-03-09 08:49:19 --- RxSqlServerData Finish ---"
[1] "2022-03-09 08:49:19 --- rxGetVarInfo Start ---"
[1] "2022-03-09 08:49:19 --- rxGetVarInfo Finish---"
[1] "2022-03-09 08:49:19 --- rxImport Start ---"
Rows Read: 191000, Total Rows Processed: 191000, Total Chunk Time: 7.648 seconds 
[1] "2022-03-09 08:49:31 --- rxImport Finish ---"
[1] "object.size(data) auto=54.2 Mb"
[1] "--------------------------------------------------------------------------------"
[1] "nrow(data) RxSqlServerData=191000"
[1] "--------------------------------------------------------------------------------"
[1] "str(data)="
'data.frame':	191000 obs. of  45 variables:
 $ Race.RaceId                      : Factor w/ 300 levels "20160117-06-01-06-10",..: 2 2 2 2 2 2 2 2 2 2 ...
 $ Race.IsAnalyzeNormalPastAndFuture: logi  TRUE TRUE TRUE TRUE TRUE TRUE ...
 $ Race.IsAnalyzeNormalPast         : logi  TRUE TRUE TRUE TRUE TRUE TRUE ...
 $ Race.IsAnalyzeNormalFuture       : logi  FALSE FALSE FALSE FALSE FALSE FALSE ...
 $ Race.IsAnalyzeFullPastAndFuture  : logi  TRUE TRUE TRUE TRUE TRUE TRUE ...
 $ Race.IsAnalyzeFullPast           : logi  TRUE TRUE TRUE TRUE TRUE TRUE ...
 $ Race.IsAnalyzeFullFuture         : logi  FALSE FALSE FALSE FALSE FALSE FALSE ...
 $ Race.JyokenCd                    : Factor w/ 1 level "1": 1 1 1 1 1 1 1 1 1 1 ...
 $ Race.JyoType1Cd                  : Factor w/ 62 levels "24-06-1200-1",..: 2 2 2 2 2 2 2 2 2 2 ...
 $ Race.RaceType1Cd                 : Factor w/ 3 levels "2-1-14","2-1-13",..: 1 1 1 1 1 1 1 1 1 1 ...
 $ RaceHorse.RaceId                 : Factor w/ 300 levels "20160117-06-01-06-10",..: 2 2 2 2 2 2 2 2 2 2 ...
 $ RaceHorse.KettoNum               : Factor w/ 871 levels "2007106154","2011104144",..: 2 2 2 2 2 2 2 2 2 2 ...
 $ RaceHorse.IsHit1                 : num  0 0 0 0 0 0 0 0 0 0 ...
 $ RaceHorse.IsHit2                 : num  0 0 0 0 0 0 0 0 0 0 ...
 $ RaceHorse.IsHit3                 : num  1 1 1 1 1 1 1 1 1 1 ...
 $ RaceHorse.IsHit4                 : num  0 0 0 0 0 0 0 0 0 0 ...
 $ RaceHorse.IsHit5                 : num  0 0 0 0 0 0 0 0 0 0 ...
 $ RaceHorse.IsHit6                 : num  0 0 0 0 0 0 0 0 0 0 ...
 $ RaceHorse.IsValidRaceHorse       : logi  TRUE TRUE TRUE TRUE TRUE TRUE ...
 $ RaceHorse.FinishTimeSdvByRace    : num  0.7 0.7 0.7 0.7 0.7 ...
 $ RaceHorse.FirstTimeSdvByRace     : num  0.255 0.255 0.255 0.255 0.255 ...
 $ RaceHorse.LastTimeSdvByRace      : num  0.651 0.651 0.651 0.651 0.651 ...
 $ RaceHorse.FinishTimeSdv          : num  1.31 1.31 1.31 1.31 1.31 ...
 $ RaceHorse.FirstTimeSdv           : num  0.744 0.744 0.744 0.744 0.744 ...
 $ RaceHorse.LastTimeSdv            : num  1.16 1.16 1.16 1.16 1.16 ...
 $ RaceHorse.IsHitA                 : num  0 0 0 0 0 0 0 0 0 0 ...
 $ RaceHorse.IsHitB                 : num  0 0 0 0 0 0 0 0 0 0 ...
 $ RaceHorse.IsHitC                 : num  1 1 1 1 1 1 1 1 1 1 ...
 $ PrevRaceHorse.RaceId             : Factor w/ 609 levels "20140419-09-02-07-11",..: 7 8 9 10 10 11 11 12 12 12 ...
 $ PrevRaceHorse.KettoNum           : Factor w/ 1296 levels "2007100624","2008102865",..: 10 11 1 12 13 9 11 14 15 5 ...
 $ PrevRaceHorse.FinishTimeSdvByRace: num  0.57 0.441 0.708 1.103 0.296 ...
 $ PrevRaceHorse.FirstTimeSdvByRace : num  0.407 0.14 1.549 0.143 0.952 ...
 $ PrevRaceHorse.LastTimeSdvByRace  : num  0.478 0.266 0.373 1.196 -0.633 ...
 $ PrevRaceHorse.FinishTimeSdv      : num  1.49 1.67 1.7 1.96 1.64 ...
 $ PrevRaceHorse.FirstTimeSdv       : num  1.189 1.112 1.76 0.868 1.33 ...
 $ PrevRaceHorse.LastTimeSdv        : num  0.945 1.452 0.646 1.852 1.073 ...
 $ PrevRaceHorse.IsRun              : num  1 1 1 1 1 1 1 1 1 1 ...
 $ PrevRaceHorse.IsHit1             : num  0 0 0 0 0 0 0 0 0 0 ...
 $ PrevRaceHorse.IsHit2             : num  0 0 0 1 0 0 0 0 0 0 ...
 $ PrevRaceHorse.IsHit3             : num  0 0 1 0 0 0 0 0 0 0 ...
 $ PrevRaceHorse.IsHit4             : num  0 0 0 0 0 0 0 0 1 0 ...
 $ PrevRaceHorse.IsHit5             : num  1 1 0 0 0 1 0 1 0 0 ...
 $ PrevRaceHorse.RowNum             : num  84 85 86 87 88 89 90 91 92 93 ...
 $ PrevOdds.RealOddsLog1            : num  2.29 4.76 2.24 1.58 2.63 ...
 $ EOF                              : int  1 1 1 1 1 1 1 1 1 1 ...
[1] "2022-03-09 08:49:31 --- RxSqlServerData Finish ---"
[1] "2022-03-09 08:49:31 --- subset Start ---"
[1] "--------------------------------------------------------------------------------"
[1] "nrow(data) subset before=191000"
[1] "nrow(data) subset after =191000"
[1] "nrow(data) subset diff =0"
[1] "--------------------------------------------------------------------------------"
[1] "2022-03-09 08:49:31 --- subset Finish---"
[1] "2022-03-09 08:49:31 --- transform Start ---"
[1] "--------------------------------------------------------------------------------"
[1] "nrow(data) transform before=191000"
[1] "nrow(data) transform after=191000"
[1] "nrow(data) transform diff=0"
[1] "--------------------------------------------------------------------------------"
[1] "str(data)="
'data.frame':	191000 obs. of  45 variables:
 $ Race.RaceId                      : Factor w/ 300 levels "20160117-06-01-06-10",..: 2 2 2 2 2 2 2 2 2 2 ...
 $ Race.IsAnalyzeNormalPastAndFuture: logi  TRUE TRUE TRUE TRUE TRUE TRUE ...
 $ Race.IsAnalyzeNormalPast         : logi  TRUE TRUE TRUE TRUE TRUE TRUE ...
 $ Race.IsAnalyzeNormalFuture       : logi  FALSE FALSE FALSE FALSE FALSE FALSE ...
 $ Race.IsAnalyzeFullPastAndFuture  : logi  TRUE TRUE TRUE TRUE TRUE TRUE ...
 $ Race.IsAnalyzeFullPast           : logi  TRUE TRUE TRUE TRUE TRUE TRUE ...
 $ Race.IsAnalyzeFullFuture         : logi  FALSE FALSE FALSE FALSE FALSE FALSE ...
 $ Race.JyokenCd                    : Factor w/ 1 level "1": 1 1 1 1 1 1 1 1 1 1 ...
 $ Race.JyoType1Cd                  : Factor w/ 62 levels "24-06-1200-1",..: 2 2 2 2 2 2 2 2 2 2 ...
 $ Race.RaceType1Cd                 : Factor w/ 3 levels "2-1-14","2-1-13",..: 1 1 1 1 1 1 1 1 1 1 ...
 $ RaceHorse.RaceId                 : Factor w/ 300 levels "20160117-06-01-06-10",..: 2 2 2 2 2 2 2 2 2 2 ...
 $ RaceHorse.KettoNum               : Factor w/ 871 levels "2007106154","2011104144",..: 2 2 2 2 2 2 2 2 2 2 ...
 $ RaceHorse.IsHit1                 : num  0 0 0 0 0 0 0 0 0 0 ...
 $ RaceHorse.IsHit2                 : num  0 0 0 0 0 0 0 0 0 0 ...
 $ RaceHorse.IsHit3                 : num  1 1 1 1 1 1 1 1 1 1 ...
 $ RaceHorse.IsHit4                 : num  0 0 0 0 0 0 0 0 0 0 ...
 $ RaceHorse.IsHit5                 : num  0 0 0 0 0 0 0 0 0 0 ...
 $ RaceHorse.IsHit6                 : num  0 0 0 0 0 0 0 0 0 0 ...
 $ RaceHorse.IsValidRaceHorse       : logi  TRUE TRUE TRUE TRUE TRUE TRUE ...
 $ RaceHorse.FinishTimeSdvByRace    : num  0.7 0.7 0.7 0.7 0.7 ...
 $ RaceHorse.FirstTimeSdvByRace     : num  0.255 0.255 0.255 0.255 0.255 ...
 $ RaceHorse.LastTimeSdvByRace      : num  0.651 0.651 0.651 0.651 0.651 ...
 $ RaceHorse.FinishTimeSdv          : num  1.31 1.31 1.31 1.31 1.31 ...
 $ RaceHorse.FirstTimeSdv           : num  0.744 0.744 0.744 0.744 0.744 ...
 $ RaceHorse.LastTimeSdv            : num  1.16 1.16 1.16 1.16 1.16 ...
 $ RaceHorse.IsHitA                 : num  0 0 0 0 0 0 0 0 0 0 ...
 $ RaceHorse.IsHitB                 : num  0 0 0 0 0 0 0 0 0 0 ...
 $ RaceHorse.IsHitC                 : num  1 1 1 1 1 1 1 1 1 1 ...
 $ PrevRaceHorse.RaceId             : Factor w/ 609 levels "20140419-09-02-07-11",..: 7 8 9 10 10 11 11 12 12 12 ...
 $ PrevRaceHorse.KettoNum           : Factor w/ 1296 levels "2007100624","2008102865",..: 10 11 1 12 13 9 11 14 15 5 ...
 $ PrevRaceHorse.FinishTimeSdvByRace: num  0.57 0.441 0.708 1.103 0.296 ...
 $ PrevRaceHorse.FirstTimeSdvByRace : num  0.407 0.14 1.549 0.143 0.952 ...
 $ PrevRaceHorse.LastTimeSdvByRace  : num  0.478 0.266 0.373 1.196 -0.633 ...
 $ PrevRaceHorse.FinishTimeSdv      : num  1.49 1.67 1.7 1.96 1.64 ...
 $ PrevRaceHorse.FirstTimeSdv       : num  1.189 1.112 1.76 0.868 1.33 ...
 $ PrevRaceHorse.LastTimeSdv        : num  0.945 1.452 0.646 1.852 1.073 ...
 $ PrevRaceHorse.IsRun              : num  1 1 1 1 1 1 1 1 1 1 ...
 $ PrevRaceHorse.IsHit1             : num  0 0 0 0 0 0 0 0 0 0 ...
 $ PrevRaceHorse.IsHit2             : num  0 0 0 1 0 0 0 0 0 0 ...
 $ PrevRaceHorse.IsHit3             : num  0 0 1 0 0 0 0 0 0 0 ...
 $ PrevRaceHorse.IsHit4             : num  0 0 0 0 0 0 0 0 1 0 ...
 $ PrevRaceHorse.IsHit5             : num  1 1 0 0 0 1 0 1 0 0 ...
 $ PrevRaceHorse.RowNum             : num  84 85 86 87 88 89 90 91 92 93 ...
 $ PrevOdds.RealOddsLog1            : num  2.29 4.76 2.24 1.58 2.63 ...
 $ EOF                              : int  1 1 1 1 1 1 1 1 1 1 ...
NULL
[1] "2022-03-09 08:49:32 --- transform Finish ---"
[1] "2022-03-09 08:49:32 --- na.omit Start ---"
[1] "--------------------------------------------------------------------------------"
[1] "nrow(data) na.omit before=191000"
[1] "nrow(data) na.omit after =190349"
[1] "nrow(data) na.omit diff =651"
[1] "--------------------------------------------------------------------------------"
'data.frame':	190349 obs. of  45 variables:
 $ Race.RaceId                      : Factor w/ 300 levels "20160117-06-01-06-10",..: 2 2 2 2 2 2 2 2 2 2 ...
 $ Race.IsAnalyzeNormalPastAndFuture: logi  TRUE TRUE TRUE TRUE TRUE TRUE ...
 $ Race.IsAnalyzeNormalPast         : logi  TRUE TRUE TRUE TRUE TRUE TRUE ...
 $ Race.IsAnalyzeNormalFuture       : logi  FALSE FALSE FALSE FALSE FALSE FALSE ...
 $ Race.IsAnalyzeFullPastAndFuture  : logi  TRUE TRUE TRUE TRUE TRUE TRUE ...
 $ Race.IsAnalyzeFullPast           : logi  TRUE TRUE TRUE TRUE TRUE TRUE ...
 $ Race.IsAnalyzeFullFuture         : logi  FALSE FALSE FALSE FALSE FALSE FALSE ...
 $ Race.JyokenCd                    : Factor w/ 1 level "1": 1 1 1 1 1 1 1 1 1 1 ...
 $ Race.JyoType1Cd                  : Factor w/ 62 levels "24-06-1200-1",..: 2 2 2 2 2 2 2 2 2 2 ...
 $ Race.RaceType1Cd                 : Factor w/ 3 levels "2-1-14","2-1-13",..: 1 1 1 1 1 1 1 1 1 1 ...
 $ RaceHorse.RaceId                 : Factor w/ 300 levels "20160117-06-01-06-10",..: 2 2 2 2 2 2 2 2 2 2 ...
 $ RaceHorse.KettoNum               : Factor w/ 871 levels "2007106154","2011104144",..: 2 2 2 2 2 2 2 2 2 2 ...
 $ RaceHorse.IsHit1                 : num  0 0 0 0 0 0 0 0 0 0 ...
 $ RaceHorse.IsHit2                 : num  0 0 0 0 0 0 0 0 0 0 ...
 $ RaceHorse.IsHit3                 : num  1 1 1 1 1 1 1 1 1 1 ...
 $ RaceHorse.IsHit4                 : num  0 0 0 0 0 0 0 0 0 0 ...
 $ RaceHorse.IsHit5                 : num  0 0 0 0 0 0 0 0 0 0 ...
 $ RaceHorse.IsHit6                 : num  0 0 0 0 0 0 0 0 0 0 ...
 $ RaceHorse.IsValidRaceHorse       : logi  TRUE TRUE TRUE TRUE TRUE TRUE ...
 $ RaceHorse.FinishTimeSdvByRace    : num  0.7 0.7 0.7 0.7 0.7 ...
 $ RaceHorse.FirstTimeSdvByRace     : num  0.255 0.255 0.255 0.255 0.255 ...
 $ RaceHorse.LastTimeSdvByRace      : num  0.651 0.651 0.651 0.651 0.651 ...
 $ RaceHorse.FinishTimeSdv          : num  1.31 1.31 1.31 1.31 1.31 ...
 $ RaceHorse.FirstTimeSdv           : num  0.744 0.744 0.744 0.744 0.744 ...
 $ RaceHorse.LastTimeSdv            : num  1.16 1.16 1.16 1.16 1.16 ...
 $ RaceHorse.IsHitA                 : num  0 0 0 0 0 0 0 0 0 0 ...
 $ RaceHorse.IsHitB                 : num  0 0 0 0 0 0 0 0 0 0 ...
 $ RaceHorse.IsHitC                 : num  1 1 1 1 1 1 1 1 1 1 ...
 $ PrevRaceHorse.RaceId             : Factor w/ 609 levels "20140419-09-02-07-11",..: 7 8 9 10 10 11 11 12 12 12 ...
 $ PrevRaceHorse.KettoNum           : Factor w/ 1296 levels "2007100624","2008102865",..: 10 11 1 12 13 9 11 14 15 5 ...
 $ PrevRaceHorse.FinishTimeSdvByRace: num  0.57 0.441 0.708 1.103 0.296 ...
 $ PrevRaceHorse.FirstTimeSdvByRace : num  0.407 0.14 1.549 0.143 0.952 ...
 $ PrevRaceHorse.LastTimeSdvByRace  : num  0.478 0.266 0.373 1.196 -0.633 ...
 $ PrevRaceHorse.FinishTimeSdv      : num  1.49 1.67 1.7 1.96 1.64 ...
 $ PrevRaceHorse.FirstTimeSdv       : num  1.189 1.112 1.76 0.868 1.33 ...
 $ PrevRaceHorse.LastTimeSdv        : num  0.945 1.452 0.646 1.852 1.073 ...
 $ PrevRaceHorse.IsRun              : num  1 1 1 1 1 1 1 1 1 1 ...
 $ PrevRaceHorse.IsHit1             : num  0 0 0 0 0 0 0 0 0 0 ...
 $ PrevRaceHorse.IsHit2             : num  0 0 0 1 0 0 0 0 0 0 ...
 $ PrevRaceHorse.IsHit3             : num  0 0 1 0 0 0 0 0 0 0 ...
 $ PrevRaceHorse.IsHit4             : num  0 0 0 0 0 0 0 0 1 0 ...
 $ PrevRaceHorse.IsHit5             : num  1 1 0 0 0 1 0 1 0 0 ...
 $ PrevRaceHorse.RowNum             : num  84 85 86 87 88 89 90 91 92 93 ...
 $ PrevOdds.RealOddsLog1            : num  2.29 4.76 2.24 1.58 2.63 ...
 $ EOF                              : int  1 1 1 1 1 1 1 1 1 1 ...
 - attr(*, "na.action")= 'omit' Named int  10482 10483 10495 10496 10497 10498 10499 10500 10501 10502 ...
  ..- attr(*, "names")= chr  "10482" "10483" "10495" "10496" ...
[1] "2022-03-09 08:49:32 --- na.omit Finish ---"
[1] "2022-03-09 08:49:32 --- rxLogit with rxStepControl Start ---"

> print(paste0(Sys.time(), " --- source_logic_glm.R Start ---"))
[1] "2022-03-09 08:49:32 --- source_logic_glm.R Start ---"

> formula <- formula(RaceHorse.IsHitA ~ +1 + PrevRaceHorse.FinishTimeSdvByRace)

> print(paste0(Sys.time(), " --- source_logic_glm.R Finished ---"))
[1] "2022-03-09 08:49:32 --- source_logic_glm.R Finished ---"
Rows Read: 190349, Total Rows Processed: 190349, Total Chunk Time: 0.005 seconds 

Starting values (iteration 1) time: 0.014 secs.
Rows Read: 190349, Total Rows Processed: 190349, Total Chunk Time: 0.011 seconds 

Iteration 2 time: 0.015 secs.
Rows Read: 190349, Total Rows Processed: 190349, Total Chunk Time: 0.010 seconds 

Iteration 3 time: 0.014 secs.

Elapsed computation time: 0.050 secs.
Rows Read: 190349, Total Rows Processed: 190349, Total Chunk Time: 0.003 seconds 

Starting values (iteration 1) time: 0.008 secs.
Rows Read: 190349, Total Rows Processed: 190349, Total Chunk Time: 0.008 seconds 

Iteration 2 time: 0.011 secs.

Elapsed computation time: 0.026 secs.
Rows Read: 190349, Total Rows Processed: 190349, Total Chunk Time: 0.003 seconds 

Starting values (iteration 1) time: 0.008 secs.
Rows Read: 190349, Total Rows Processed: 190349, Total Chunk Time: 0.009 seconds 

Iteration 2 time: 0.013 secs.

Elapsed computation time: 0.027 secs.
Rows Read: 190349, Total Rows Processed: 190349, Total Chunk Time: 0.003 seconds 

Starting values (iteration 1) time: 0.007 secs.
Rows Read: 190349, Total Rows Processed: 190349, Total Chunk Time: 0.010 seconds 

Iteration 2 time: 0.015 secs.

Elapsed computation time: 0.030 secs.

Elapsed computation time: 0.161 secs.
[1] "--------------------------------------------------------------------------------"
[1] "analyze.results.glm.step="
Logistic Regression Results for: RaceHorse.IsHitA ~ 1
Data: data
Dependent variable(s): RaceHorse.IsHitA
Total independent variables: 1 
Number of valid observations: 190349
Number of missing observations: 0 
 
Coefficients:
            RaceHorse.IsHitA
(Intercept)               -3
[1] "analyze.results.glm.step.summary"
Call:
rxLogit(formula = formula, data = data, variableSelection = analyze.results.glm.step.varsel)

Logistic Regression Results for: RaceHorse.IsHitA ~ 1
Data: data
Dependent variable(s): RaceHorse.IsHitA
Total independent variables: 1 
Number of valid observations: 190349
Number of missing observations: 0 
-2*LogLikelihood: 96712.746 (Residual deviance on 190348 degrees of freedom)
 
Coefficients:
            Estimate Std. Error z value Pr(>|z|)    
(Intercept) -2.58431    0.00897    -288  2.2e-16 ***
---
Signif. codes:  0 '***' 0.001 '**' 0.01 '*' 0.05 '.' 0.1 ' ' 1

Condition number of final variance-covariance matrix: 1 
Number of iterations: 2
[1] "--------------------------------------------------------------------------------"
[1] "2022-03-09 08:49:33 --- rxLogit with rxStepControl Finish ---"
[1] "2022-03-09 08:49:33 --- rxStepPlot Start ---"
[1] "pdfFilename=pdf_analyze_glm_Gen01_Type21_rxStepPlot.pdf"
[1] "rxStepPlot="
[1] "2022-03-09 08:49:33 --- rxStepPlot Finish ---"
[1] "2022-03-09 08:49:33 --- save.image Start ---"
[1] "save.image"
[1] "rdataFilename=RData_analyze_glm_Gen01_Type21.RData"
[1] "2022-03-09 08:49:34 --- save.image Finish ---"
[1] "2022-03-09 08:49:34 --- final Start ---"
[1] "--------------------------------------------------------------------------------"
[1] "nrow(data) final=190349"
[1] "--------------------------------------------------------------------------------"
[1] "2022-03-09 08:49:34 --- final Finish ---"
[1] "2022-03-09 08:49:34 --- analyze_glm.R Finished ---"
[1] "2022-03-09 08:49:34 --- log Finish ---"
