[1] "2022-03-09 08:57:26 --- D1116_analyze_glm_Gen02_IsHitA_Type14 Start ---"
[1] "2022-03-09 08:57:26 --- Log Start ---"
[1] "2022-03-09 08:57:26 --- analyze_glm.R Start ---"
[1] "analyzeVersion=D1116"
[1] "analyzeCategory=analyze"
[1] "analyzeType=Gen02"
[1] "analyzeFamily=IsHitA"
[1] "analyzeFunc=glm"
[1] "analyzeTrackTypeCd=1"
[1] "analyzeJyokenCd=4"
[1] "2022-03-09 08:57:26 --- source_function.R Start ---"
[1] "2022-03-09 08:57:26 --- source_function.R Finished ---"

> print(paste0(Sys.time(), " --- source_library.R Start ---"))
[1] "2022-03-09 08:57:26 --- source_library.R Start ---"

> require("RevoScaleR")

> print(paste0(Sys.time(), " --- source_library.R Finished ---"))
[1] "2022-03-09 08:57:27 --- source_library.R Finished ---"
[1] "2022-03-09 08:57:27 --- RxSqlServerData Start ---"
[1] "2022-03-09 08:57:27 --- RxInSqlServer Start ---"
[1] "2022-03-09 08:57:27 --- RxInSqlServer Finish ---"
[1] "2022-03-09 08:57:27 --- rxSetComputeContext Start ---"
[1] "2022-03-09 08:57:27 --- rxSetComputeContext Finish ---"
[1] "2022-03-09 08:57:27 --- RxSqlServerData Start ---"
[1] "sqlQuery=SELECT * FROM ViewAnalyzeD1116analyze01Gen02Type14"
[1] "2022-03-09 08:57:27 --- RxSqlServerData Finish ---"
[1] "2022-03-09 08:57:27 --- rxGetVarInfo Start ---"
[1] "2022-03-09 08:57:27 --- rxGetVarInfo Finish---"
[1] "2022-03-09 08:57:27 --- rxImport Start ---"
Rows Read: 129542, Total Rows Processed: 129542, Total Chunk Time: 6.114 seconds 
[1] "2022-03-09 08:57:39 --- rxImport Finish ---"
[1] "object.size(data) auto=38.2 Mb"
[1] "--------------------------------------------------------------------------------"
[1] "nrow(data) RxSqlServerData=129542"
[1] "--------------------------------------------------------------------------------"
[1] "str(data)="
'data.frame':	129542 obs. of  45 variables:
 $ Race.RaceId                      : Factor w/ 2244 levels "20160109-06-01-02-06",..: 1 1 1 1 1 1 1 1 1 1 ...
 $ Race.IsAnalyzeNormalPastAndFuture: logi  TRUE TRUE TRUE TRUE TRUE TRUE ...
 $ Race.IsAnalyzeNormalPast         : logi  TRUE TRUE TRUE TRUE TRUE TRUE ...
 $ Race.IsAnalyzeNormalFuture       : logi  FALSE FALSE FALSE FALSE FALSE FALSE ...
 $ Race.IsAnalyzeFullPastAndFuture  : logi  TRUE TRUE TRUE TRUE TRUE TRUE ...
 $ Race.IsAnalyzeFullPast           : logi  TRUE TRUE TRUE TRUE TRUE TRUE ...
 $ Race.IsAnalyzeFullFuture         : logi  FALSE FALSE FALSE FALSE FALSE FALSE ...
 $ Race.JyokenCd                    : Factor w/ 1 level "4": 1 1 1 1 1 1 1 1 1 1 ...
 $ Race.JyoType1Cd                  : Factor w/ 180 levels "18-06-1200-1",..: 1 1 1 1 1 1 1 1 1 1 ...
 $ Race.RaceType1Cd                 : Factor w/ 4 levels "1-4-12","1-4-14",..: 1 1 1 1 1 1 1 1 1 1 ...
 $ RaceHorse.RaceId                 : Factor w/ 2244 levels "20160109-06-01-02-06",..: 1 1 1 1 1 1 1 1 1 1 ...
 $ RaceHorse.KettoNum               : Factor w/ 5176 levels "2013100092","2013100782",..: 1 1 1 1 1 2 2 2 2 3 ...
 $ RaceHorse.IsHit1                 : num  0 0 0 0 0 0 0 0 0 0 ...
 $ RaceHorse.IsHit2                 : num  0 0 0 0 0 1 1 1 1 0 ...
 $ RaceHorse.IsHit3                 : num  0 0 0 0 0 0 0 0 0 0 ...
 $ RaceHorse.IsHit4                 : num  0 0 0 0 0 0 0 0 0 0 ...
 $ RaceHorse.IsHit5                 : num  0 0 0 0 0 0 0 0 0 0 ...
 $ RaceHorse.IsHit6                 : num  1 1 1 1 1 0 0 0 0 1 ...
 $ RaceHorse.IsValidRaceHorse       : logi  TRUE TRUE TRUE TRUE TRUE TRUE ...
 $ RaceHorse.FinishTimeSdvByRace    : num  -0.919 -0.919 -0.919 -0.919 -0.919 ...
 $ RaceHorse.FirstTimeSdvByRace     : num  1.4 1.4 1.4 1.4 1.4 ...
 $ RaceHorse.LastTimeSdvByRace      : num  -1.45 -1.45 -1.45 -1.45 -1.45 ...
 $ RaceHorse.FinishTimeSdv          : num  -0.269 -0.269 -0.269 -0.269 -0.269 ...
 $ RaceHorse.FirstTimeSdv           : num  1.18 1.18 1.18 1.18 1.18 ...
 $ RaceHorse.LastTimeSdv            : num  -1.32 -1.32 -1.32 -1.32 -1.32 ...
 $ RaceHorse.IsHitA                 : num  0 0 0 0 0 0 0 0 0 0 ...
 $ RaceHorse.IsHitB                 : num  0 0 0 0 0 1 1 1 1 0 ...
 $ RaceHorse.IsHitC                 : num  0 0 0 0 0 1 1 1 1 0 ...
 $ PrevRaceHorse.RaceId             : Factor w/ 4659 levels "20150517-05-02-08-07",..: 1 2 3 4 5 6 7 8 9 10 ...
 $ PrevRaceHorse.KettoNum           : Factor w/ 6455 levels "2012101095","2009106570",..: 1 1 1 1 1 2 2 2 2 3 ...
 $ PrevRaceHorse.FinishTimeSdvByRace: num  -0.93 0.672 0.374 0.319 0.565 ...
 $ PrevRaceHorse.FirstTimeSdvByRace : num  -1.54 -1.39 -1.84 -1.79 -1.4 ...
 $ PrevRaceHorse.LastTimeSdvByRace  : num  0.864 1.701 1.056 1.684 1.196 ...
 $ PrevRaceHorse.FinishTimeSdv      : num  0.341 0.833 0.603 -0.327 -0.349 ...
 $ PrevRaceHorse.FirstTimeSdv       : num  -0.3834 -0.0603 -0.2772 -1.3096 -1.0854 ...
 $ PrevRaceHorse.LastTimeSdv        : num  1.037 1.173 1.436 1.348 0.472 ...
 $ PrevRaceHorse.IsRun              : num  1 1 1 1 1 1 1 1 1 1 ...
 $ PrevRaceHorse.IsHit1             : num  0 0 0 0 0 0 0 0 0 0 ...
 $ PrevRaceHorse.IsHit2             : num  0 0 0 0 0 0 1 0 0 0 ...
 $ PrevRaceHorse.IsHit3             : num  0 0 0 0 0 0 0 0 1 1 ...
 $ PrevRaceHorse.IsHit4             : num  0 0 0 0 0 0 0 0 0 0 ...
 $ PrevRaceHorse.IsHit5             : num  0 1 0 0 0 0 0 1 0 0 ...
 $ PrevRaceHorse.RowNum             : num  1 2 3 4 5 1 2 3 4 1 ...
 $ PrevOdds.RealOddsLog1            : num  3.88 2.8 2.91 4.42 4.47 ...
 $ EOF                              : int  1 1 1 1 1 1 1 1 1 1 ...
[1] "2022-03-09 08:57:39 --- RxSqlServerData Finish ---"
[1] "2022-03-09 08:57:39 --- subset Start ---"
[1] "--------------------------------------------------------------------------------"
[1] "nrow(data) subset before=129542"
[1] "nrow(data) subset after =129542"
[1] "nrow(data) subset diff =0"
[1] "--------------------------------------------------------------------------------"
[1] "2022-03-09 08:57:39 --- subset Finish---"
[1] "2022-03-09 08:57:39 --- transform Start ---"
[1] "--------------------------------------------------------------------------------"
[1] "nrow(data) transform before=129542"
[1] "nrow(data) transform after=129542"
[1] "nrow(data) transform diff=0"
[1] "--------------------------------------------------------------------------------"
[1] "str(data)="
'data.frame':	129542 obs. of  45 variables:
 $ Race.RaceId                      : Factor w/ 2244 levels "20160109-06-01-02-06",..: 1 1 1 1 1 1 1 1 1 1 ...
 $ Race.IsAnalyzeNormalPastAndFuture: logi  TRUE TRUE TRUE TRUE TRUE TRUE ...
 $ Race.IsAnalyzeNormalPast         : logi  TRUE TRUE TRUE TRUE TRUE TRUE ...
 $ Race.IsAnalyzeNormalFuture       : logi  FALSE FALSE FALSE FALSE FALSE FALSE ...
 $ Race.IsAnalyzeFullPastAndFuture  : logi  TRUE TRUE TRUE TRUE TRUE TRUE ...
 $ Race.IsAnalyzeFullPast           : logi  TRUE TRUE TRUE TRUE TRUE TRUE ...
 $ Race.IsAnalyzeFullFuture         : logi  FALSE FALSE FALSE FALSE FALSE FALSE ...
 $ Race.JyokenCd                    : Factor w/ 1 level "4": 1 1 1 1 1 1 1 1 1 1 ...
 $ Race.JyoType1Cd                  : Factor w/ 180 levels "18-06-1200-1",..: 1 1 1 1 1 1 1 1 1 1 ...
 $ Race.RaceType1Cd                 : Factor w/ 4 levels "1-4-12","1-4-14",..: 1 1 1 1 1 1 1 1 1 1 ...
 $ RaceHorse.RaceId                 : Factor w/ 2244 levels "20160109-06-01-02-06",..: 1 1 1 1 1 1 1 1 1 1 ...
 $ RaceHorse.KettoNum               : Factor w/ 5176 levels "2013100092","2013100782",..: 1 1 1 1 1 2 2 2 2 3 ...
 $ RaceHorse.IsHit1                 : num  0 0 0 0 0 0 0 0 0 0 ...
 $ RaceHorse.IsHit2                 : num  0 0 0 0 0 1 1 1 1 0 ...
 $ RaceHorse.IsHit3                 : num  0 0 0 0 0 0 0 0 0 0 ...
 $ RaceHorse.IsHit4                 : num  0 0 0 0 0 0 0 0 0 0 ...
 $ RaceHorse.IsHit5                 : num  0 0 0 0 0 0 0 0 0 0 ...
 $ RaceHorse.IsHit6                 : num  1 1 1 1 1 0 0 0 0 1 ...
 $ RaceHorse.IsValidRaceHorse       : logi  TRUE TRUE TRUE TRUE TRUE TRUE ...
 $ RaceHorse.FinishTimeSdvByRace    : num  -0.919 -0.919 -0.919 -0.919 -0.919 ...
 $ RaceHorse.FirstTimeSdvByRace     : num  1.4 1.4 1.4 1.4 1.4 ...
 $ RaceHorse.LastTimeSdvByRace      : num  -1.45 -1.45 -1.45 -1.45 -1.45 ...
 $ RaceHorse.FinishTimeSdv          : num  -0.269 -0.269 -0.269 -0.269 -0.269 ...
 $ RaceHorse.FirstTimeSdv           : num  1.18 1.18 1.18 1.18 1.18 ...
 $ RaceHorse.LastTimeSdv            : num  -1.32 -1.32 -1.32 -1.32 -1.32 ...
 $ RaceHorse.IsHitA                 : num  0 0 0 0 0 0 0 0 0 0 ...
 $ RaceHorse.IsHitB                 : num  0 0 0 0 0 1 1 1 1 0 ...
 $ RaceHorse.IsHitC                 : num  0 0 0 0 0 1 1 1 1 0 ...
 $ PrevRaceHorse.RaceId             : Factor w/ 4659 levels "20150517-05-02-08-07",..: 1 2 3 4 5 6 7 8 9 10 ...
 $ PrevRaceHorse.KettoNum           : Factor w/ 6455 levels "2012101095","2009106570",..: 1 1 1 1 1 2 2 2 2 3 ...
 $ PrevRaceHorse.FinishTimeSdvByRace: num  -0.93 0.672 0.374 0.319 0.565 ...
 $ PrevRaceHorse.FirstTimeSdvByRace : num  -1.54 -1.39 -1.84 -1.79 -1.4 ...
 $ PrevRaceHorse.LastTimeSdvByRace  : num  0.864 1.701 1.056 1.684 1.196 ...
 $ PrevRaceHorse.FinishTimeSdv      : num  0.341 0.833 0.603 -0.327 -0.349 ...
 $ PrevRaceHorse.FirstTimeSdv       : num  -0.3834 -0.0603 -0.2772 -1.3096 -1.0854 ...
 $ PrevRaceHorse.LastTimeSdv        : num  1.037 1.173 1.436 1.348 0.472 ...
 $ PrevRaceHorse.IsRun              : num  1 1 1 1 1 1 1 1 1 1 ...
 $ PrevRaceHorse.IsHit1             : num  0 0 0 0 0 0 0 0 0 0 ...
 $ PrevRaceHorse.IsHit2             : num  0 0 0 0 0 0 1 0 0 0 ...
 $ PrevRaceHorse.IsHit3             : num  0 0 0 0 0 0 0 0 1 1 ...
 $ PrevRaceHorse.IsHit4             : num  0 0 0 0 0 0 0 0 0 0 ...
 $ PrevRaceHorse.IsHit5             : num  0 1 0 0 0 0 0 1 0 0 ...
 $ PrevRaceHorse.RowNum             : num  1 2 3 4 5 1 2 3 4 1 ...
 $ PrevOdds.RealOddsLog1            : num  3.88 2.8 2.91 4.42 4.47 ...
 $ EOF                              : int  1 1 1 1 1 1 1 1 1 1 ...
NULL
[1] "2022-03-09 08:57:40 --- transform Finish ---"
[1] "2022-03-09 08:57:40 --- na.omit Start ---"
[1] "--------------------------------------------------------------------------------"
[1] "nrow(data) na.omit before=129542"
[1] "nrow(data) na.omit after =128802"
[1] "nrow(data) na.omit diff =740"
[1] "--------------------------------------------------------------------------------"
'data.frame':	128802 obs. of  45 variables:
 $ Race.RaceId                      : Factor w/ 2244 levels "20160109-06-01-02-06",..: 1 1 1 1 1 1 1 1 1 1 ...
 $ Race.IsAnalyzeNormalPastAndFuture: logi  TRUE TRUE TRUE TRUE TRUE TRUE ...
 $ Race.IsAnalyzeNormalPast         : logi  TRUE TRUE TRUE TRUE TRUE TRUE ...
 $ Race.IsAnalyzeNormalFuture       : logi  FALSE FALSE FALSE FALSE FALSE FALSE ...
 $ Race.IsAnalyzeFullPastAndFuture  : logi  TRUE TRUE TRUE TRUE TRUE TRUE ...
 $ Race.IsAnalyzeFullPast           : logi  TRUE TRUE TRUE TRUE TRUE TRUE ...
 $ Race.IsAnalyzeFullFuture         : logi  FALSE FALSE FALSE FALSE FALSE FALSE ...
 $ Race.JyokenCd                    : Factor w/ 1 level "4": 1 1 1 1 1 1 1 1 1 1 ...
 $ Race.JyoType1Cd                  : Factor w/ 180 levels "18-06-1200-1",..: 1 1 1 1 1 1 1 1 1 1 ...
 $ Race.RaceType1Cd                 : Factor w/ 4 levels "1-4-12","1-4-14",..: 1 1 1 1 1 1 1 1 1 1 ...
 $ RaceHorse.RaceId                 : Factor w/ 2244 levels "20160109-06-01-02-06",..: 1 1 1 1 1 1 1 1 1 1 ...
 $ RaceHorse.KettoNum               : Factor w/ 5176 levels "2013100092","2013100782",..: 1 1 1 1 1 2 2 2 2 3 ...
 $ RaceHorse.IsHit1                 : num  0 0 0 0 0 0 0 0 0 0 ...
 $ RaceHorse.IsHit2                 : num  0 0 0 0 0 1 1 1 1 0 ...
 $ RaceHorse.IsHit3                 : num  0 0 0 0 0 0 0 0 0 0 ...
 $ RaceHorse.IsHit4                 : num  0 0 0 0 0 0 0 0 0 0 ...
 $ RaceHorse.IsHit5                 : num  0 0 0 0 0 0 0 0 0 0 ...
 $ RaceHorse.IsHit6                 : num  1 1 1 1 1 0 0 0 0 1 ...
 $ RaceHorse.IsValidRaceHorse       : logi  TRUE TRUE TRUE TRUE TRUE TRUE ...
 $ RaceHorse.FinishTimeSdvByRace    : num  -0.919 -0.919 -0.919 -0.919 -0.919 ...
 $ RaceHorse.FirstTimeSdvByRace     : num  1.4 1.4 1.4 1.4 1.4 ...
 $ RaceHorse.LastTimeSdvByRace      : num  -1.45 -1.45 -1.45 -1.45 -1.45 ...
 $ RaceHorse.FinishTimeSdv          : num  -0.269 -0.269 -0.269 -0.269 -0.269 ...
 $ RaceHorse.FirstTimeSdv           : num  1.18 1.18 1.18 1.18 1.18 ...
 $ RaceHorse.LastTimeSdv            : num  -1.32 -1.32 -1.32 -1.32 -1.32 ...
 $ RaceHorse.IsHitA                 : num  0 0 0 0 0 0 0 0 0 0 ...
 $ RaceHorse.IsHitB                 : num  0 0 0 0 0 1 1 1 1 0 ...
 $ RaceHorse.IsHitC                 : num  0 0 0 0 0 1 1 1 1 0 ...
 $ PrevRaceHorse.RaceId             : Factor w/ 4659 levels "20150517-05-02-08-07",..: 1 2 3 4 5 6 7 8 9 10 ...
 $ PrevRaceHorse.KettoNum           : Factor w/ 6455 levels "2012101095","2009106570",..: 1 1 1 1 1 2 2 2 2 3 ...
 $ PrevRaceHorse.FinishTimeSdvByRace: num  -0.93 0.672 0.374 0.319 0.565 ...
 $ PrevRaceHorse.FirstTimeSdvByRace : num  -1.54 -1.39 -1.84 -1.79 -1.4 ...
 $ PrevRaceHorse.LastTimeSdvByRace  : num  0.864 1.701 1.056 1.684 1.196 ...
 $ PrevRaceHorse.FinishTimeSdv      : num  0.341 0.833 0.603 -0.327 -0.349 ...
 $ PrevRaceHorse.FirstTimeSdv       : num  -0.3834 -0.0603 -0.2772 -1.3096 -1.0854 ...
 $ PrevRaceHorse.LastTimeSdv        : num  1.037 1.173 1.436 1.348 0.472 ...
 $ PrevRaceHorse.IsRun              : num  1 1 1 1 1 1 1 1 1 1 ...
 $ PrevRaceHorse.IsHit1             : num  0 0 0 0 0 0 0 0 0 0 ...
 $ PrevRaceHorse.IsHit2             : num  0 0 0 0 0 0 1 0 0 0 ...
 $ PrevRaceHorse.IsHit3             : num  0 0 0 0 0 0 0 0 1 1 ...
 $ PrevRaceHorse.IsHit4             : num  0 0 0 0 0 0 0 0 0 0 ...
 $ PrevRaceHorse.IsHit5             : num  0 1 0 0 0 0 0 1 0 0 ...
 $ PrevRaceHorse.RowNum             : num  1 2 3 4 5 1 2 3 4 1 ...
 $ PrevOdds.RealOddsLog1            : num  3.88 2.8 2.91 4.42 4.47 ...
 $ EOF                              : int  1 1 1 1 1 1 1 1 1 1 ...
 - attr(*, "na.action")= 'omit' Named int  3067 3324 3325 3429 4464 4465 4466 4467 4468 5569 ...
  ..- attr(*, "names")= chr  "3067" "3324" "3325" "3429" ...
[1] "2022-03-09 08:57:40 --- na.omit Finish ---"
[1] "2022-03-09 08:57:40 --- rxLogit with rxStepControl Start ---"

> print(paste0(Sys.time(), " --- source_logic_glm.R Start ---"))
[1] "2022-03-09 08:57:40 --- source_logic_glm.R Start ---"

> formula <- formula(RaceHorse.IsHitA ~ +1 + PrevRaceHorse.FinishTimeSdvByRace)

> print(paste0(Sys.time(), " --- source_logic_glm.R Finished ---"))
[1] "2022-03-09 08:57:40 --- source_logic_glm.R Finished ---"
Rows Read: 128802, Total Rows Processed: 128802, Total Chunk Time: 0.003 seconds 

Starting values (iteration 1) time: 0.015 secs.
Rows Read: 128802, Total Rows Processed: 128802, Total Chunk Time: 0.005 seconds 

Iteration 2 time: 0.011 secs.
Rows Read: 128802, Total Rows Processed: 128802, Total Chunk Time: 0.006 seconds 

Iteration 3 time: 0.008 secs.
Rows Read: 128802, Total Rows Processed: 128802, Total Chunk Time: 0.006 seconds 

Iteration 4 time: 0.009 secs.

Elapsed computation time: 0.054 secs.
Rows Read: 128802, Total Rows Processed: 128802, Total Chunk Time: 0.002 seconds 

Starting values (iteration 1) time: 0.012 secs.
Rows Read: 128802, Total Rows Processed: 128802, Total Chunk Time: 0.003 seconds 

Iteration 2 time: 0.009 secs.

Elapsed computation time: 0.027 secs.
Rows Read: 128802, Total Rows Processed: 128802, Total Chunk Time: 0.003 seconds 

Starting values (iteration 1) time: 0.010 secs.
Rows Read: 128802, Total Rows Processed: 128802, Total Chunk Time: 0.006 seconds 

Iteration 2 time: 0.011 secs.
Rows Read: 128802, Total Rows Processed: 128802, Total Chunk Time: 0.005 seconds 

Iteration 3 time: 0.007 secs.
Rows Read: 128802, Total Rows Processed: 128802, Total Chunk Time: 0.006 seconds 

Iteration 4 time: 0.008 secs.

Elapsed computation time: 0.051 secs.

Elapsed computation time: 0.147 secs.
[1] "--------------------------------------------------------------------------------"
[1] "analyze.results.glm.step="
Logistic Regression Results for: RaceHorse.IsHitA ~
    PrevRaceHorse.FinishTimeSdvByRace
Data: data
Dependent variable(s): RaceHorse.IsHitA
Total independent variables: 2 
Number of valid observations: 128802
Number of missing observations: 0 
 
Coefficients:
                                  RaceHorse.IsHitA
(Intercept)                                   -2.7
PrevRaceHorse.FinishTimeSdvByRace              0.4
[1] "analyze.results.glm.step.summary"
Call:
rxLogit(formula = formula, data = data, variableSelection = analyze.results.glm.step.varsel)

Logistic Regression Results for: RaceHorse.IsHitA ~
    PrevRaceHorse.FinishTimeSdvByRace
Data: data
Dependent variable(s): RaceHorse.IsHitA
Total independent variables: 2 
Number of valid observations: 128802
Number of missing observations: 0 
-2*LogLikelihood: 63996 (Residual deviance on 128800 degrees of freedom)
 
Coefficients:
                                  Estimate Std. Error z value Pr(>|z|)    
(Intercept)                        -2.7286     0.0128  -213.7  2.2e-16 ***
PrevRaceHorse.FinishTimeSdvByRace   0.3855     0.0155    24.9  2.2e-16 ***
---
Signif. codes:  0 '***' 0.001 '**' 0.01 '*' 0.05 '.' 0.1 ' ' 1

Condition number of final variance-covariance matrix: 1 
Number of iterations: 4
[1] "--------------------------------------------------------------------------------"
[1] "2022-03-09 08:57:40 --- rxLogit with rxStepControl Finish ---"
[1] "2022-03-09 08:57:40 --- rxStepPlot Start ---"
[1] "pdfFilename=pdf_analyze_glm_Gen02_Type14_rxStepPlot.pdf"
[1] "rxStepPlot="
[1] "2022-03-09 08:57:41 --- rxStepPlot Finish ---"
[1] "2022-03-09 08:57:41 --- save.image Start ---"
[1] "save.image"
[1] "rdataFilename=RData_analyze_glm_Gen02_Type14.RData"
[1] "2022-03-09 08:57:41 --- save.image Finish ---"
[1] "2022-03-09 08:57:41 --- final Start ---"
[1] "--------------------------------------------------------------------------------"
[1] "nrow(data) final=128802"
[1] "--------------------------------------------------------------------------------"
[1] "2022-03-09 08:57:41 --- final Finish ---"
[1] "2022-03-09 08:57:41 --- analyze_glm.R Finished ---"
[1] "2022-03-09 08:57:41 --- log Finish ---"
