[1] "2022-03-09 09:01:14 --- D1116_analyze_glm_Jockey_IsHitA_Type14 Start ---"
[1] "2022-03-09 09:01:14 --- Log Start ---"
[1] "2022-03-09 09:01:14 --- analyze_glm.R Start ---"
[1] "analyzeVersion=D1116"
[1] "analyzeCategory=analyze"
[1] "analyzeType=Jockey"
[1] "analyzeFamily=IsHitA"
[1] "analyzeFunc=glm"
[1] "analyzeTrackTypeCd=1"
[1] "analyzeJyokenCd=4"
[1] "2022-03-09 09:01:15 --- source_function.R Start ---"
[1] "2022-03-09 09:01:15 --- source_function.R Finished ---"

> print(paste0(Sys.time(), " --- source_library.R Start ---"))
[1] "2022-03-09 09:01:15 --- source_library.R Start ---"

> require("RevoScaleR")

> print(paste0(Sys.time(), " --- source_library.R Finished ---"))
[1] "2022-03-09 09:01:15 --- source_library.R Finished ---"
[1] "2022-03-09 09:01:15 --- RxSqlServerData Start ---"
[1] "2022-03-09 09:01:15 --- RxInSqlServer Start ---"
[1] "2022-03-09 09:01:15 --- RxInSqlServer Finish ---"
[1] "2022-03-09 09:01:15 --- rxSetComputeContext Start ---"
[1] "2022-03-09 09:01:15 --- rxSetComputeContext Finish ---"
[1] "2022-03-09 09:01:15 --- RxSqlServerData Start ---"
[1] "sqlQuery=SELECT * FROM ViewAnalyzeD1116analyze01JockeyType14"
[1] "2022-03-09 09:01:15 --- RxSqlServerData Finish ---"
[1] "2022-03-09 09:01:15 --- rxGetVarInfo Start ---"
[1] "2022-03-09 09:01:15 --- rxGetVarInfo Finish---"
[1] "2022-03-09 09:01:15 --- rxImport Start ---"
Rows Read: 5945074, Total Rows Processed: 5945074, Total Chunk Time: 201.964 seconds 
[1] "2022-03-09 09:06:10 --- rxImport Finish ---"
[1] "object.size(data) auto=1.6 Gb"
[1] "--------------------------------------------------------------------------------"
[1] "nrow(data) RxSqlServerData=5945074"
[1] "--------------------------------------------------------------------------------"
[1] "str(data)="
'data.frame':	5945074 obs. of  45 variables:
 $ Race.RaceId                      : Factor w/ 2247 levels "20160109-06-01-02-06",..: 1 1 1 1 1 1 1 1 1 1 ...
 $ Race.IsAnalyzeNormalPastAndFuture: logi  TRUE TRUE TRUE TRUE TRUE TRUE ...
 $ Race.IsAnalyzeNormalPast         : logi  TRUE TRUE TRUE TRUE TRUE TRUE ...
 $ Race.IsAnalyzeNormalFuture       : logi  FALSE FALSE FALSE FALSE FALSE FALSE ...
 $ Race.IsAnalyzeFullPastAndFuture  : logi  TRUE TRUE TRUE TRUE TRUE TRUE ...
 $ Race.IsAnalyzeFullPast           : logi  TRUE TRUE TRUE TRUE TRUE TRUE ...
 $ Race.IsAnalyzeFullFuture         : logi  FALSE FALSE FALSE FALSE FALSE FALSE ...
 $ Race.JyokenCd                    : Factor w/ 1 level "4": 1 1 1 1 1 1 1 1 1 1 ...
 $ Race.JyoType1Cd                  : Factor w/ 180 levels "18-06-1200-1",..: 1 1 1 1 1 1 1 1 1 1 ...
 $ Race.RaceType1Cd                 : Factor w/ 4 levels "1-4-12","1-4-14",..: 1 1 1 1 1 1 1 1 1 1 ...
 $ RaceHorse.RaceId                 : Factor w/ 2247 levels "20160109-06-01-02-06",..: 1 1 1 1 1 1 1 1 1 1 ...
 $ RaceHorse.KettoNum               : Factor w/ 6901 levels "2013100092","2013100782",..: 1 1 1 1 1 1 1 2 2 2 ...
 $ RaceHorse.IsHit1                 : num  0 0 0 0 0 0 0 0 0 0 ...
 $ RaceHorse.IsHit2                 : num  0 0 0 0 0 0 0 1 1 1 ...
 $ RaceHorse.IsHit3                 : num  0 0 0 0 0 0 0 0 0 0 ...
 $ RaceHorse.IsHit4                 : num  0 0 0 0 0 0 0 0 0 0 ...
 $ RaceHorse.IsHit5                 : num  0 0 0 0 0 0 0 0 0 0 ...
 $ RaceHorse.IsHit6                 : num  1 1 1 1 1 1 1 0 0 0 ...
 $ RaceHorse.IsValidRaceHorse       : logi  TRUE TRUE TRUE TRUE TRUE TRUE ...
 $ RaceHorse.FinishTimeSdvByRace    : num  -0.919 -0.919 -0.919 -0.919 -0.919 ...
 $ RaceHorse.FirstTimeSdvByRace     : num  1.4 1.4 1.4 1.4 1.4 ...
 $ RaceHorse.LastTimeSdvByRace      : num  -1.45 -1.45 -1.45 -1.45 -1.45 ...
 $ RaceHorse.FinishTimeSdv          : num  -0.269 -0.269 -0.269 -0.269 -0.269 ...
 $ RaceHorse.FirstTimeSdv           : num  1.18 1.18 1.18 1.18 1.18 ...
 $ RaceHorse.LastTimeSdv            : num  -1.32 -1.32 -1.32 -1.32 -1.32 ...
 $ RaceHorse.IsHitA                 : num  0 0 0 0 0 0 0 0 0 0 ...
 $ RaceHorse.IsHitB                 : num  0 0 0 0 0 0 0 1 1 1 ...
 $ RaceHorse.IsHitC                 : num  0 0 0 0 0 0 0 1 1 1 ...
 $ PrevRaceHorse.RaceId             : Factor w/ 4950 levels "20150531-05-02-12-06",..: 1 2 3 4 5 6 7 8 9 10 ...
 $ PrevRaceHorse.KettoNum           : Factor w/ 12986 levels "2012100164","2012103641",..: 1 2 3 4 5 6 7 8 9 10 ...
 $ PrevRaceHorse.FinishTimeSdvByRace: num  -1.004 -0.993 -1.315 -0.179 -1.846 ...
 $ PrevRaceHorse.FirstTimeSdvByRace : num  0.976 -1.196 0.499 -1.389 0.549 ...
 $ PrevRaceHorse.LastTimeSdvByRace  : num  -1.946 -0.267 -1.227 0.804 -1.826 ...
 $ PrevRaceHorse.FinishTimeSdv      : num  0.22 0.205 0.562 -1.093 -1.303 ...
 $ PrevRaceHorse.FirstTimeSdv       : num  0.759 0.551 1.184 -1.693 -0.37 ...
 $ PrevRaceHorse.LastTimeSdv        : num  -0.618 -0.48 -0.767 -0.361 -1.325 ...
 $ PrevRaceHorse.IsRun              : num  1 1 1 1 1 1 1 1 1 1 ...
 $ PrevRaceHorse.IsHit1             : num  0 0 0 0 0 0 0 0 1 0 ...
 $ PrevRaceHorse.IsHit2             : num  0 0 0 0 0 0 0 0 0 0 ...
 $ PrevRaceHorse.IsHit3             : num  0 0 0 0 0 0 0 0 0 0 ...
 $ PrevRaceHorse.IsHit4             : num  0 0 0 0 0 0 0 0 0 0 ...
 $ PrevRaceHorse.IsHit5             : num  0 0 0 0 0 1 0 0 0 0 ...
 $ PrevRaceHorse.RowNum             : num  1 2 3 4 5 6 7 1 2 3 ...
 $ PrevOdds.RealOddsLog1            : num  5.26 4.14 4.15 3.54 5.98 ...
 $ EOF                              : int  1 1 1 1 1 1 1 1 1 1 ...
[1] "2022-03-09 09:06:10 --- RxSqlServerData Finish ---"
[1] "2022-03-09 09:06:10 --- subset Start ---"
[1] "--------------------------------------------------------------------------------"
[1] "nrow(data) subset before=5945074"
[1] "nrow(data) subset after =5945074"
[1] "nrow(data) subset diff =0"
[1] "--------------------------------------------------------------------------------"
[1] "2022-03-09 09:06:12 --- subset Finish---"
[1] "2022-03-09 09:06:12 --- transform Start ---"
[1] "--------------------------------------------------------------------------------"
[1] "nrow(data) transform before=5945074"
[1] "nrow(data) transform after=5945074"
[1] "nrow(data) transform diff=0"
[1] "--------------------------------------------------------------------------------"
[1] "str(data)="
'data.frame':	5945074 obs. of  45 variables:
 $ Race.RaceId                      : Factor w/ 2247 levels "20160109-06-01-02-06",..: 1 1 1 1 1 1 1 1 1 1 ...
 $ Race.IsAnalyzeNormalPastAndFuture: logi  TRUE TRUE TRUE TRUE TRUE TRUE ...
 $ Race.IsAnalyzeNormalPast         : logi  TRUE TRUE TRUE TRUE TRUE TRUE ...
 $ Race.IsAnalyzeNormalFuture       : logi  FALSE FALSE FALSE FALSE FALSE FALSE ...
 $ Race.IsAnalyzeFullPastAndFuture  : logi  TRUE TRUE TRUE TRUE TRUE TRUE ...
 $ Race.IsAnalyzeFullPast           : logi  TRUE TRUE TRUE TRUE TRUE TRUE ...
 $ Race.IsAnalyzeFullFuture         : logi  FALSE FALSE FALSE FALSE FALSE FALSE ...
 $ Race.JyokenCd                    : Factor w/ 1 level "4": 1 1 1 1 1 1 1 1 1 1 ...
 $ Race.JyoType1Cd                  : Factor w/ 180 levels "18-06-1200-1",..: 1 1 1 1 1 1 1 1 1 1 ...
 $ Race.RaceType1Cd                 : Factor w/ 4 levels "1-4-12","1-4-14",..: 1 1 1 1 1 1 1 1 1 1 ...
 $ RaceHorse.RaceId                 : Factor w/ 2247 levels "20160109-06-01-02-06",..: 1 1 1 1 1 1 1 1 1 1 ...
 $ RaceHorse.KettoNum               : Factor w/ 6901 levels "2013100092","2013100782",..: 1 1 1 1 1 1 1 2 2 2 ...
 $ RaceHorse.IsHit1                 : num  0 0 0 0 0 0 0 0 0 0 ...
 $ RaceHorse.IsHit2                 : num  0 0 0 0 0 0 0 1 1 1 ...
 $ RaceHorse.IsHit3                 : num  0 0 0 0 0 0 0 0 0 0 ...
 $ RaceHorse.IsHit4                 : num  0 0 0 0 0 0 0 0 0 0 ...
 $ RaceHorse.IsHit5                 : num  0 0 0 0 0 0 0 0 0 0 ...
 $ RaceHorse.IsHit6                 : num  1 1 1 1 1 1 1 0 0 0 ...
 $ RaceHorse.IsValidRaceHorse       : logi  TRUE TRUE TRUE TRUE TRUE TRUE ...
 $ RaceHorse.FinishTimeSdvByRace    : num  -0.919 -0.919 -0.919 -0.919 -0.919 ...
 $ RaceHorse.FirstTimeSdvByRace     : num  1.4 1.4 1.4 1.4 1.4 ...
 $ RaceHorse.LastTimeSdvByRace      : num  -1.45 -1.45 -1.45 -1.45 -1.45 ...
 $ RaceHorse.FinishTimeSdv          : num  -0.269 -0.269 -0.269 -0.269 -0.269 ...
 $ RaceHorse.FirstTimeSdv           : num  1.18 1.18 1.18 1.18 1.18 ...
 $ RaceHorse.LastTimeSdv            : num  -1.32 -1.32 -1.32 -1.32 -1.32 ...
 $ RaceHorse.IsHitA                 : num  0 0 0 0 0 0 0 0 0 0 ...
 $ RaceHorse.IsHitB                 : num  0 0 0 0 0 0 0 1 1 1 ...
 $ RaceHorse.IsHitC                 : num  0 0 0 0 0 0 0 1 1 1 ...
 $ PrevRaceHorse.RaceId             : Factor w/ 4950 levels "20150531-05-02-12-06",..: 1 2 3 4 5 6 7 8 9 10 ...
 $ PrevRaceHorse.KettoNum           : Factor w/ 12986 levels "2012100164","2012103641",..: 1 2 3 4 5 6 7 8 9 10 ...
 $ PrevRaceHorse.FinishTimeSdvByRace: num  -1.004 -0.993 -1.315 -0.179 -1.846 ...
 $ PrevRaceHorse.FirstTimeSdvByRace : num  0.976 -1.196 0.499 -1.389 0.549 ...
 $ PrevRaceHorse.LastTimeSdvByRace  : num  -1.946 -0.267 -1.227 0.804 -1.826 ...
 $ PrevRaceHorse.FinishTimeSdv      : num  0.22 0.205 0.562 -1.093 -1.303 ...
 $ PrevRaceHorse.FirstTimeSdv       : num  0.759 0.551 1.184 -1.693 -0.37 ...
 $ PrevRaceHorse.LastTimeSdv        : num  -0.618 -0.48 -0.767 -0.361 -1.325 ...
 $ PrevRaceHorse.IsRun              : num  1 1 1 1 1 1 1 1 1 1 ...
 $ PrevRaceHorse.IsHit1             : num  0 0 0 0 0 0 0 0 1 0 ...
 $ PrevRaceHorse.IsHit2             : num  0 0 0 0 0 0 0 0 0 0 ...
 $ PrevRaceHorse.IsHit3             : num  0 0 0 0 0 0 0 0 0 0 ...
 $ PrevRaceHorse.IsHit4             : num  0 0 0 0 0 0 0 0 0 0 ...
 $ PrevRaceHorse.IsHit5             : num  0 0 0 0 0 1 0 0 0 0 ...
 $ PrevRaceHorse.RowNum             : num  1 2 3 4 5 6 7 1 2 3 ...
 $ PrevOdds.RealOddsLog1            : num  5.26 4.14 4.15 3.54 5.98 ...
 $ EOF                              : int  1 1 1 1 1 1 1 1 1 1 ...
NULL
[1] "2022-03-09 09:06:12 --- transform Finish ---"
[1] "2022-03-09 09:06:12 --- na.omit Start ---"
[1] "--------------------------------------------------------------------------------"
[1] "nrow(data) na.omit before=5945074"
[1] "nrow(data) na.omit after =5913264"
[1] "nrow(data) na.omit diff =31810"
[1] "--------------------------------------------------------------------------------"
'data.frame':	5913264 obs. of  45 variables:
 $ Race.RaceId                      : Factor w/ 2247 levels "20160109-06-01-02-06",..: 1 1 1 1 1 1 1 1 1 1 ...
 $ Race.IsAnalyzeNormalPastAndFuture: logi  TRUE TRUE TRUE TRUE TRUE TRUE ...
 $ Race.IsAnalyzeNormalPast         : logi  TRUE TRUE TRUE TRUE TRUE TRUE ...
 $ Race.IsAnalyzeNormalFuture       : logi  FALSE FALSE FALSE FALSE FALSE FALSE ...
 $ Race.IsAnalyzeFullPastAndFuture  : logi  TRUE TRUE TRUE TRUE TRUE TRUE ...
 $ Race.IsAnalyzeFullPast           : logi  TRUE TRUE TRUE TRUE TRUE TRUE ...
 $ Race.IsAnalyzeFullFuture         : logi  FALSE FALSE FALSE FALSE FALSE FALSE ...
 $ Race.JyokenCd                    : Factor w/ 1 level "4": 1 1 1 1 1 1 1 1 1 1 ...
 $ Race.JyoType1Cd                  : Factor w/ 180 levels "18-06-1200-1",..: 1 1 1 1 1 1 1 1 1 1 ...
 $ Race.RaceType1Cd                 : Factor w/ 4 levels "1-4-12","1-4-14",..: 1 1 1 1 1 1 1 1 1 1 ...
 $ RaceHorse.RaceId                 : Factor w/ 2247 levels "20160109-06-01-02-06",..: 1 1 1 1 1 1 1 1 1 1 ...
 $ RaceHorse.KettoNum               : Factor w/ 6901 levels "2013100092","2013100782",..: 1 1 1 1 1 1 1 2 2 2 ...
 $ RaceHorse.IsHit1                 : num  0 0 0 0 0 0 0 0 0 0 ...
 $ RaceHorse.IsHit2                 : num  0 0 0 0 0 0 0 1 1 1 ...
 $ RaceHorse.IsHit3                 : num  0 0 0 0 0 0 0 0 0 0 ...
 $ RaceHorse.IsHit4                 : num  0 0 0 0 0 0 0 0 0 0 ...
 $ RaceHorse.IsHit5                 : num  0 0 0 0 0 0 0 0 0 0 ...
 $ RaceHorse.IsHit6                 : num  1 1 1 1 1 1 1 0 0 0 ...
 $ RaceHorse.IsValidRaceHorse       : logi  TRUE TRUE TRUE TRUE TRUE TRUE ...
 $ RaceHorse.FinishTimeSdvByRace    : num  -0.919 -0.919 -0.919 -0.919 -0.919 ...
 $ RaceHorse.FirstTimeSdvByRace     : num  1.4 1.4 1.4 1.4 1.4 ...
 $ RaceHorse.LastTimeSdvByRace      : num  -1.45 -1.45 -1.45 -1.45 -1.45 ...
 $ RaceHorse.FinishTimeSdv          : num  -0.269 -0.269 -0.269 -0.269 -0.269 ...
 $ RaceHorse.FirstTimeSdv           : num  1.18 1.18 1.18 1.18 1.18 ...
 $ RaceHorse.LastTimeSdv            : num  -1.32 -1.32 -1.32 -1.32 -1.32 ...
 $ RaceHorse.IsHitA                 : num  0 0 0 0 0 0 0 0 0 0 ...
 $ RaceHorse.IsHitB                 : num  0 0 0 0 0 0 0 1 1 1 ...
 $ RaceHorse.IsHitC                 : num  0 0 0 0 0 0 0 1 1 1 ...
 $ PrevRaceHorse.RaceId             : Factor w/ 4950 levels "20150531-05-02-12-06",..: 1 2 3 4 5 6 7 8 9 10 ...
 $ PrevRaceHorse.KettoNum           : Factor w/ 12986 levels "2012100164","2012103641",..: 1 2 3 4 5 6 7 8 9 10 ...
 $ PrevRaceHorse.FinishTimeSdvByRace: num  -1.004 -0.993 -1.315 -0.179 -1.846 ...
 $ PrevRaceHorse.FirstTimeSdvByRace : num  0.976 -1.196 0.499 -1.389 0.549 ...
 $ PrevRaceHorse.LastTimeSdvByRace  : num  -1.946 -0.267 -1.227 0.804 -1.826 ...
 $ PrevRaceHorse.FinishTimeSdv      : num  0.22 0.205 0.562 -1.093 -1.303 ...
 $ PrevRaceHorse.FirstTimeSdv       : num  0.759 0.551 1.184 -1.693 -0.37 ...
 $ PrevRaceHorse.LastTimeSdv        : num  -0.618 -0.48 -0.767 -0.361 -1.325 ...
 $ PrevRaceHorse.IsRun              : num  1 1 1 1 1 1 1 1 1 1 ...
 $ PrevRaceHorse.IsHit1             : num  0 0 0 0 0 0 0 0 1 0 ...
 $ PrevRaceHorse.IsHit2             : num  0 0 0 0 0 0 0 0 0 0 ...
 $ PrevRaceHorse.IsHit3             : num  0 0 0 0 0 0 0 0 0 0 ...
 $ PrevRaceHorse.IsHit4             : num  0 0 0 0 0 0 0 0 0 0 ...
 $ PrevRaceHorse.IsHit5             : num  0 0 0 0 0 1 0 0 0 0 ...
 $ PrevRaceHorse.RowNum             : num  1 2 3 4 5 6 7 1 2 3 ...
 $ PrevOdds.RealOddsLog1            : num  5.26 4.14 4.15 3.54 5.98 ...
 $ EOF                              : int  1 1 1 1 1 1 1 1 1 1 ...
 - attr(*, "na.action")= 'omit' Named int  30438 30439 30440 30441 30442 30443 30444 30445 30446 30447 ...
  ..- attr(*, "names")= chr  "30438" "30439" "30440" "30441" ...
[1] "2022-03-09 09:06:15 --- na.omit Finish ---"
[1] "2022-03-09 09:06:15 --- rxLogit with rxStepControl Start ---"

> print(paste0(Sys.time(), " --- source_logic_glm.R Start ---"))
[1] "2022-03-09 09:06:15 --- source_logic_glm.R Start ---"

> formula <- formula(RaceHorse.IsHitA ~ +1 + PrevRaceHorse.FinishTimeSdvByRace)

> print(paste0(Sys.time(), " --- source_logic_glm.R Finished ---"))
[1] "2022-03-09 09:06:15 --- source_logic_glm.R Finished ---"
Rows Read: 5913264, Total Rows Processed: 5913264, Total Chunk Time: 0.073 seconds 

Starting values (iteration 1) time: 0.087 secs.
Rows Read: 5913264, Total Rows Processed: 5913264, Total Chunk Time: 0.195 seconds 

Iteration 2 time: 0.209 secs.
Rows Read: 5913264, Total Rows Processed: 5913264, Total Chunk Time: 0.204 seconds 

Iteration 3 time: 0.214 secs.
Rows Read: 5913264, Total Rows Processed: 5913264, Total Chunk Time: 0.266 seconds 

Iteration 4 time: 0.277 secs.

Elapsed computation time: 0.788 secs.
Rows Read: 5913264, Total Rows Processed: 5913264, Total Chunk Time: 0.075 seconds 

Starting values (iteration 1) time: 0.090 secs.
Rows Read: 5913264, Total Rows Processed: 5913264, Total Chunk Time: 0.154 seconds 

Iteration 2 time: 0.165 secs.

Elapsed computation time: 0.258 secs.
Rows Read: 5913264, Total Rows Processed: 5913264, Total Chunk Time: 0.076 seconds 

Starting values (iteration 1) time: 0.088 secs.
Rows Read: 5913264, Total Rows Processed: 5913264, Total Chunk Time: 0.207 seconds 

Iteration 2 time: 0.222 secs.
Rows Read: 5913264, Total Rows Processed: 5913264, Total Chunk Time: 0.242 seconds 

Iteration 3 time: 0.253 secs.
Rows Read: 5913264, Total Rows Processed: 5913264, Total Chunk Time: 0.198 seconds 

Iteration 4 time: 0.210 secs.

Elapsed computation time: 0.775 secs.

Elapsed computation time: 1.836 secs.
[1] "--------------------------------------------------------------------------------"
[1] "analyze.results.glm.step="
Logistic Regression Results for: RaceHorse.IsHitA ~
    PrevRaceHorse.FinishTimeSdvByRace
Data: data
Dependent variable(s): RaceHorse.IsHitA
Total independent variables: 2 
Number of valid observations: 5913264
Number of missing observations: 0 
 
Coefficients:
                                  RaceHorse.IsHitA
(Intercept)                                   -2.5
PrevRaceHorse.FinishTimeSdvByRace              0.1
[1] "analyze.results.glm.step.summary"
Call:
rxLogit(formula = formula, data = data, variableSelection = analyze.results.glm.step.varsel)

Logistic Regression Results for: RaceHorse.IsHitA ~
    PrevRaceHorse.FinishTimeSdvByRace
Data: data
Dependent variable(s): RaceHorse.IsHitA
Total independent variables: 2 
Number of valid observations: 5913264
Number of missing observations: 0 
-2*LogLikelihood: 3253503.302 (Residual deviance on 5913262 degrees of freedom)
 
Coefficients:
                                  Estimate Std. Error z value Pr(>|z|)    
(Intercept)                       -2.49337    0.00162 -1540.6  2.2e-16 ***
PrevRaceHorse.FinishTimeSdvByRace  0.13603    0.00190    71.5  2.2e-16 ***
---
Signif. codes:  0 '***' 0.001 '**' 0.01 '*' 0.05 '.' 0.1 ' ' 1

Condition number of final variance-covariance matrix: 1 
Number of iterations: 4
[1] "--------------------------------------------------------------------------------"
[1] "2022-03-09 09:06:18 --- rxLogit with rxStepControl Finish ---"
[1] "2022-03-09 09:06:18 --- rxStepPlot Start ---"
[1] "pdfFilename=pdf_analyze_glm_Jockey_Type14_rxStepPlot.pdf"
[1] "rxStepPlot="
[1] "2022-03-09 09:06:18 --- rxStepPlot Finish ---"
[1] "2022-03-09 09:06:18 --- save.image Start ---"
[1] "save.image"
[1] "rdataFilename=RData_analyze_glm_Jockey_Type14.RData"
[1] "2022-03-09 09:06:39 --- save.image Finish ---"
[1] "2022-03-09 09:06:39 --- final Start ---"
[1] "--------------------------------------------------------------------------------"
[1] "nrow(data) final=5913264"
[1] "--------------------------------------------------------------------------------"
[1] "2022-03-09 09:06:39 --- final Finish ---"
[1] "2022-03-09 09:06:39 --- analyze_glm.R Finished ---"
[1] "2022-03-09 09:06:39 --- log Finish ---"
