[1] "2022-03-09 08:49:18 --- D1116_analyze_glm_Gen01_IsHitA_Type11 Start ---"
[1] "2022-03-09 08:49:18 --- Log Start ---"
[1] "2022-03-09 08:49:18 --- analyze_glm.R Start ---"
[1] "analyzeVersion=D1116"
[1] "analyzeCategory=analyze"
[1] "analyzeType=Gen01"
[1] "analyzeFamily=IsHitA"
[1] "analyzeFunc=glm"
[1] "analyzeTrackTypeCd=1"
[1] "analyzeJyokenCd=1"
[1] "2022-03-09 08:49:18 --- source_function.R Start ---"
[1] "2022-03-09 08:49:18 --- source_function.R Finished ---"

> print(paste0(Sys.time(), " --- source_library.R Start ---"))
[1] "2022-03-09 08:49:18 --- source_library.R Start ---"

> require("RevoScaleR")

> print(paste0(Sys.time(), " --- source_library.R Finished ---"))
[1] "2022-03-09 08:49:19 --- source_library.R Finished ---"
[1] "2022-03-09 08:49:19 --- RxSqlServerData Start ---"
[1] "2022-03-09 08:49:19 --- RxInSqlServer Start ---"
[1] "2022-03-09 08:49:19 --- RxInSqlServer Finish ---"
[1] "2022-03-09 08:49:19 --- rxSetComputeContext Start ---"
[1] "2022-03-09 08:49:19 --- rxSetComputeContext Finish ---"
[1] "2022-03-09 08:49:19 --- RxSqlServerData Start ---"
[1] "sqlQuery=SELECT * FROM ViewAnalyzeD1116analyze01Gen01Type11"
[1] "2022-03-09 08:49:19 --- RxSqlServerData Finish ---"
[1] "2022-03-09 08:49:19 --- rxGetVarInfo Start ---"
[1] "2022-03-09 08:49:19 --- rxGetVarInfo Finish---"
[1] "2022-03-09 08:49:19 --- rxImport Start ---"
Rows Read: 2122902, Total Rows Processed: 2122902, Total Chunk Time: 52.652 seconds 
[1] "2022-03-09 08:50:29 --- rxImport Finish ---"
[1] "object.size(data) auto=600.1 Mb"
[1] "--------------------------------------------------------------------------------"
[1] "nrow(data) RxSqlServerData=2122902"
[1] "--------------------------------------------------------------------------------"
[1] "str(data)="
'data.frame':	2122902 obs. of  45 variables:
 $ Race.RaceId                      : Factor w/ 928 levels "20160105-08-01-01-10",..: 2 2 2 2 2 2 2 2 2 2 ...
 $ Race.IsAnalyzeNormalPastAndFuture: logi  TRUE TRUE TRUE TRUE TRUE TRUE ...
 $ Race.IsAnalyzeNormalPast         : logi  TRUE TRUE TRUE TRUE TRUE TRUE ...
 $ Race.IsAnalyzeNormalFuture       : logi  FALSE FALSE FALSE FALSE FALSE FALSE ...
 $ Race.IsAnalyzeFullPastAndFuture  : logi  TRUE TRUE TRUE TRUE TRUE TRUE ...
 $ Race.IsAnalyzeFullPast           : logi  TRUE TRUE TRUE TRUE TRUE TRUE ...
 $ Race.IsAnalyzeFullFuture         : logi  FALSE FALSE FALSE FALSE FALSE FALSE ...
 $ Race.JyokenCd                    : Factor w/ 1 level "1": 1 1 1 1 1 1 1 1 1 1 ...
 $ Race.JyoType1Cd                  : Factor w/ 141 levels "18-08-3000-1",..: 2 2 2 2 2 2 2 2 2 2 ...
 $ Race.RaceType1Cd                 : Factor w/ 4 levels "1-1-14","1-1-12",..: 1 1 1 1 1 1 1 1 1 1 ...
 $ RaceHorse.RaceId                 : Factor w/ 928 levels "20160105-08-01-01-10",..: 2 2 2 2 2 2 2 2 2 2 ...
 $ RaceHorse.KettoNum               : Factor w/ 2941 levels "2011103483","2011103748",..: 2 2 2 2 2 2 2 2 2 2 ...
 $ RaceHorse.IsHit1                 : num  0 0 0 0 0 0 0 0 0 0 ...
 $ RaceHorse.IsHit2                 : num  0 0 0 0 0 0 0 0 0 0 ...
 $ RaceHorse.IsHit3                 : num  0 0 0 0 0 0 0 0 0 0 ...
 $ RaceHorse.IsHit4                 : num  0 0 0 0 0 0 0 0 0 0 ...
 $ RaceHorse.IsHit5                 : num  0 0 0 0 0 0 0 0 0 0 ...
 $ RaceHorse.IsHit6                 : num  1 1 1 1 1 1 1 1 1 1 ...
 $ RaceHorse.IsValidRaceHorse       : logi  TRUE TRUE TRUE TRUE TRUE TRUE ...
 $ RaceHorse.FinishTimeSdvByRace    : num  -0.139 -0.139 -0.139 -0.139 -0.139 ...
 $ RaceHorse.FirstTimeSdvByRace     : num  -0.524 -0.524 -0.524 -0.524 -0.524 ...
 $ RaceHorse.LastTimeSdvByRace      : num  0.386 0.386 0.386 0.386 0.386 ...
 $ RaceHorse.FinishTimeSdv          : num  0.791 0.791 0.791 0.791 0.791 ...
 $ RaceHorse.FirstTimeSdv           : num  0.206 0.206 0.206 0.206 0.206 ...
 $ RaceHorse.LastTimeSdv            : num  0.703 0.703 0.703 0.703 0.703 ...
 $ RaceHorse.IsHitA                 : num  0 0 0 0 0 0 0 0 0 0 ...
 $ RaceHorse.IsHitB                 : num  0 0 0 0 0 0 0 0 0 0 ...
 $ RaceHorse.IsHitC                 : num  0 0 0 0 0 0 0 0 0 0 ...
 $ PrevRaceHorse.RaceId             : Factor w/ 2012 levels "20140126-06-01-09-11",..: 10 11 11 12 13 13 14 15 15 16 ...
 $ PrevRaceHorse.KettoNum           : Factor w/ 4740 levels "2006103077","2009101075",..: 10 11 12 13 14 15 16 17 18 19 ...
 $ PrevRaceHorse.FinishTimeSdvByRace: num  1.0824 1.1712 0.0317 0.9366 -0.3102 ...
 $ PrevRaceHorse.FirstTimeSdvByRace : num  1.152 0.572 -1.775 -1.233 0.617 ...
 $ PrevRaceHorse.LastTimeSdvByRace  : num  0.901 0.138 1.455 1.321 -0.549 ...
 $ PrevRaceHorse.FinishTimeSdv      : num  1.071 1.66 1.344 1.299 0.334 ...
 $ PrevRaceHorse.FirstTimeSdv       : num  1.71 1.985 0.883 0.698 -0.408 ...
 $ PrevRaceHorse.LastTimeSdv        : num  -0.204 -0.226 0.61 1.029 0.855 ...
 $ PrevRaceHorse.IsRun              : num  1 1 1 1 1 1 1 1 1 1 ...
 $ PrevRaceHorse.IsHit1             : num  0 0 0 0 0 0 0 0 0 0 ...
 $ PrevRaceHorse.IsHit2             : num  1 0 0 0 0 0 0 0 0 0 ...
 $ PrevRaceHorse.IsHit3             : num  0 1 0 0 0 0 0 0 0 0 ...
 $ PrevRaceHorse.IsHit4             : num  0 0 0 1 0 0 0 0 0 0 ...
 $ PrevRaceHorse.IsHit5             : num  0 0 0 0 0 0 0 0 0 0 ...
 $ PrevRaceHorse.RowNum             : num  186 187 188 189 190 191 192 193 194 195 ...
 $ PrevOdds.RealOddsLog1            : num  2.83 2.03 2.83 1.66 3.67 ...
 $ EOF                              : int  1 1 1 1 1 1 1 1 1 1 ...
[1] "2022-03-09 08:50:29 --- RxSqlServerData Finish ---"
[1] "2022-03-09 08:50:29 --- subset Start ---"
[1] "--------------------------------------------------------------------------------"
[1] "nrow(data) subset before=2122902"
[1] "nrow(data) subset after =2122902"
[1] "nrow(data) subset diff =0"
[1] "--------------------------------------------------------------------------------"
[1] "2022-03-09 08:50:30 --- subset Finish---"
[1] "2022-03-09 08:50:30 --- transform Start ---"
[1] "--------------------------------------------------------------------------------"
[1] "nrow(data) transform before=2122902"
[1] "nrow(data) transform after=2122902"
[1] "nrow(data) transform diff=0"
[1] "--------------------------------------------------------------------------------"
[1] "str(data)="
'data.frame':	2122902 obs. of  45 variables:
 $ Race.RaceId                      : Factor w/ 928 levels "20160105-08-01-01-10",..: 2 2 2 2 2 2 2 2 2 2 ...
 $ Race.IsAnalyzeNormalPastAndFuture: logi  TRUE TRUE TRUE TRUE TRUE TRUE ...
 $ Race.IsAnalyzeNormalPast         : logi  TRUE TRUE TRUE TRUE TRUE TRUE ...
 $ Race.IsAnalyzeNormalFuture       : logi  FALSE FALSE FALSE FALSE FALSE FALSE ...
 $ Race.IsAnalyzeFullPastAndFuture  : logi  TRUE TRUE TRUE TRUE TRUE TRUE ...
 $ Race.IsAnalyzeFullPast           : logi  TRUE TRUE TRUE TRUE TRUE TRUE ...
 $ Race.IsAnalyzeFullFuture         : logi  FALSE FALSE FALSE FALSE FALSE FALSE ...
 $ Race.JyokenCd                    : Factor w/ 1 level "1": 1 1 1 1 1 1 1 1 1 1 ...
 $ Race.JyoType1Cd                  : Factor w/ 141 levels "18-08-3000-1",..: 2 2 2 2 2 2 2 2 2 2 ...
 $ Race.RaceType1Cd                 : Factor w/ 4 levels "1-1-14","1-1-12",..: 1 1 1 1 1 1 1 1 1 1 ...
 $ RaceHorse.RaceId                 : Factor w/ 928 levels "20160105-08-01-01-10",..: 2 2 2 2 2 2 2 2 2 2 ...
 $ RaceHorse.KettoNum               : Factor w/ 2941 levels "2011103483","2011103748",..: 2 2 2 2 2 2 2 2 2 2 ...
 $ RaceHorse.IsHit1                 : num  0 0 0 0 0 0 0 0 0 0 ...
 $ RaceHorse.IsHit2                 : num  0 0 0 0 0 0 0 0 0 0 ...
 $ RaceHorse.IsHit3                 : num  0 0 0 0 0 0 0 0 0 0 ...
 $ RaceHorse.IsHit4                 : num  0 0 0 0 0 0 0 0 0 0 ...
 $ RaceHorse.IsHit5                 : num  0 0 0 0 0 0 0 0 0 0 ...
 $ RaceHorse.IsHit6                 : num  1 1 1 1 1 1 1 1 1 1 ...
 $ RaceHorse.IsValidRaceHorse       : logi  TRUE TRUE TRUE TRUE TRUE TRUE ...
 $ RaceHorse.FinishTimeSdvByRace    : num  -0.139 -0.139 -0.139 -0.139 -0.139 ...
 $ RaceHorse.FirstTimeSdvByRace     : num  -0.524 -0.524 -0.524 -0.524 -0.524 ...
 $ RaceHorse.LastTimeSdvByRace      : num  0.386 0.386 0.386 0.386 0.386 ...
 $ RaceHorse.FinishTimeSdv          : num  0.791 0.791 0.791 0.791 0.791 ...
 $ RaceHorse.FirstTimeSdv           : num  0.206 0.206 0.206 0.206 0.206 ...
 $ RaceHorse.LastTimeSdv            : num  0.703 0.703 0.703 0.703 0.703 ...
 $ RaceHorse.IsHitA                 : num  0 0 0 0 0 0 0 0 0 0 ...
 $ RaceHorse.IsHitB                 : num  0 0 0 0 0 0 0 0 0 0 ...
 $ RaceHorse.IsHitC                 : num  0 0 0 0 0 0 0 0 0 0 ...
 $ PrevRaceHorse.RaceId             : Factor w/ 2012 levels "20140126-06-01-09-11",..: 10 11 11 12 13 13 14 15 15 16 ...
 $ PrevRaceHorse.KettoNum           : Factor w/ 4740 levels "2006103077","2009101075",..: 10 11 12 13 14 15 16 17 18 19 ...
 $ PrevRaceHorse.FinishTimeSdvByRace: num  1.0824 1.1712 0.0317 0.9366 -0.3102 ...
 $ PrevRaceHorse.FirstTimeSdvByRace : num  1.152 0.572 -1.775 -1.233 0.617 ...
 $ PrevRaceHorse.LastTimeSdvByRace  : num  0.901 0.138 1.455 1.321 -0.549 ...
 $ PrevRaceHorse.FinishTimeSdv      : num  1.071 1.66 1.344 1.299 0.334 ...
 $ PrevRaceHorse.FirstTimeSdv       : num  1.71 1.985 0.883 0.698 -0.408 ...
 $ PrevRaceHorse.LastTimeSdv        : num  -0.204 -0.226 0.61 1.029 0.855 ...
 $ PrevRaceHorse.IsRun              : num  1 1 1 1 1 1 1 1 1 1 ...
 $ PrevRaceHorse.IsHit1             : num  0 0 0 0 0 0 0 0 0 0 ...
 $ PrevRaceHorse.IsHit2             : num  1 0 0 0 0 0 0 0 0 0 ...
 $ PrevRaceHorse.IsHit3             : num  0 1 0 0 0 0 0 0 0 0 ...
 $ PrevRaceHorse.IsHit4             : num  0 0 0 1 0 0 0 0 0 0 ...
 $ PrevRaceHorse.IsHit5             : num  0 0 0 0 0 0 0 0 0 0 ...
 $ PrevRaceHorse.RowNum             : num  186 187 188 189 190 191 192 193 194 195 ...
 $ PrevOdds.RealOddsLog1            : num  2.83 2.03 2.83 1.66 3.67 ...
 $ EOF                              : int  1 1 1 1 1 1 1 1 1 1 ...
NULL
[1] "2022-03-09 08:50:30 --- transform Finish ---"
[1] "2022-03-09 08:50:30 --- na.omit Start ---"
[1] "--------------------------------------------------------------------------------"
[1] "nrow(data) na.omit before=2122902"
[1] "nrow(data) na.omit after =2112081"
[1] "nrow(data) na.omit diff =10821"
[1] "--------------------------------------------------------------------------------"
'data.frame':	2112081 obs. of  45 variables:
 $ Race.RaceId                      : Factor w/ 928 levels "20160105-08-01-01-10",..: 2 2 2 2 2 2 2 2 2 2 ...
 $ Race.IsAnalyzeNormalPastAndFuture: logi  TRUE TRUE TRUE TRUE TRUE TRUE ...
 $ Race.IsAnalyzeNormalPast         : logi  TRUE TRUE TRUE TRUE TRUE TRUE ...
 $ Race.IsAnalyzeNormalFuture       : logi  FALSE FALSE FALSE FALSE FALSE FALSE ...
 $ Race.IsAnalyzeFullPastAndFuture  : logi  TRUE TRUE TRUE TRUE TRUE TRUE ...
 $ Race.IsAnalyzeFullPast           : logi  TRUE TRUE TRUE TRUE TRUE TRUE ...
 $ Race.IsAnalyzeFullFuture         : logi  FALSE FALSE FALSE FALSE FALSE FALSE ...
 $ Race.JyokenCd                    : Factor w/ 1 level "1": 1 1 1 1 1 1 1 1 1 1 ...
 $ Race.JyoType1Cd                  : Factor w/ 141 levels "18-08-3000-1",..: 2 2 2 2 2 2 2 2 2 2 ...
 $ Race.RaceType1Cd                 : Factor w/ 4 levels "1-1-14","1-1-12",..: 1 1 1 1 1 1 1 1 1 1 ...
 $ RaceHorse.RaceId                 : Factor w/ 928 levels "20160105-08-01-01-10",..: 2 2 2 2 2 2 2 2 2 2 ...
 $ RaceHorse.KettoNum               : Factor w/ 2941 levels "2011103483","2011103748",..: 2 2 2 2 2 2 2 2 2 2 ...
 $ RaceHorse.IsHit1                 : num  0 0 0 0 0 0 0 0 0 0 ...
 $ RaceHorse.IsHit2                 : num  0 0 0 0 0 0 0 0 0 0 ...
 $ RaceHorse.IsHit3                 : num  0 0 0 0 0 0 0 0 0 0 ...
 $ RaceHorse.IsHit4                 : num  0 0 0 0 0 0 0 0 0 0 ...
 $ RaceHorse.IsHit5                 : num  0 0 0 0 0 0 0 0 0 0 ...
 $ RaceHorse.IsHit6                 : num  1 1 1 1 1 1 1 1 1 1 ...
 $ RaceHorse.IsValidRaceHorse       : logi  TRUE TRUE TRUE TRUE TRUE TRUE ...
 $ RaceHorse.FinishTimeSdvByRace    : num  -0.139 -0.139 -0.139 -0.139 -0.139 ...
 $ RaceHorse.FirstTimeSdvByRace     : num  -0.524 -0.524 -0.524 -0.524 -0.524 ...
 $ RaceHorse.LastTimeSdvByRace      : num  0.386 0.386 0.386 0.386 0.386 ...
 $ RaceHorse.FinishTimeSdv          : num  0.791 0.791 0.791 0.791 0.791 ...
 $ RaceHorse.FirstTimeSdv           : num  0.206 0.206 0.206 0.206 0.206 ...
 $ RaceHorse.LastTimeSdv            : num  0.703 0.703 0.703 0.703 0.703 ...
 $ RaceHorse.IsHitA                 : num  0 0 0 0 0 0 0 0 0 0 ...
 $ RaceHorse.IsHitB                 : num  0 0 0 0 0 0 0 0 0 0 ...
 $ RaceHorse.IsHitC                 : num  0 0 0 0 0 0 0 0 0 0 ...
 $ PrevRaceHorse.RaceId             : Factor w/ 2012 levels "20140126-06-01-09-11",..: 10 11 11 12 13 13 14 15 15 16 ...
 $ PrevRaceHorse.KettoNum           : Factor w/ 4740 levels "2006103077","2009101075",..: 10 11 12 13 14 15 16 17 18 19 ...
 $ PrevRaceHorse.FinishTimeSdvByRace: num  1.0824 1.1712 0.0317 0.9366 -0.3102 ...
 $ PrevRaceHorse.FirstTimeSdvByRace : num  1.152 0.572 -1.775 -1.233 0.617 ...
 $ PrevRaceHorse.LastTimeSdvByRace  : num  0.901 0.138 1.455 1.321 -0.549 ...
 $ PrevRaceHorse.FinishTimeSdv      : num  1.071 1.66 1.344 1.299 0.334 ...
 $ PrevRaceHorse.FirstTimeSdv       : num  1.71 1.985 0.883 0.698 -0.408 ...
 $ PrevRaceHorse.LastTimeSdv        : num  -0.204 -0.226 0.61 1.029 0.855 ...
 $ PrevRaceHorse.IsRun              : num  1 1 1 1 1 1 1 1 1 1 ...
 $ PrevRaceHorse.IsHit1             : num  0 0 0 0 0 0 0 0 0 0 ...
 $ PrevRaceHorse.IsHit2             : num  1 0 0 0 0 0 0 0 0 0 ...
 $ PrevRaceHorse.IsHit3             : num  0 1 0 0 0 0 0 0 0 0 ...
 $ PrevRaceHorse.IsHit4             : num  0 0 0 1 0 0 0 0 0 0 ...
 $ PrevRaceHorse.IsHit5             : num  0 0 0 0 0 0 0 0 0 0 ...
 $ PrevRaceHorse.RowNum             : num  186 187 188 189 190 191 192 193 194 195 ...
 $ PrevOdds.RealOddsLog1            : num  2.83 2.03 2.83 1.66 3.67 ...
 $ EOF                              : int  1 1 1 1 1 1 1 1 1 1 ...
 - attr(*, "na.action")= 'omit' Named int  25907 25908 25909 32327 32328 32329 32330 32331 32332 32333 ...
  ..- attr(*, "names")= chr  "25907" "25908" "25909" "32327" ...
[1] "2022-03-09 08:50:31 --- na.omit Finish ---"
[1] "2022-03-09 08:50:31 --- rxLogit with rxStepControl Start ---"

> print(paste0(Sys.time(), " --- source_logic_glm.R Start ---"))
[1] "2022-03-09 08:50:31 --- source_logic_glm.R Start ---"

> formula <- formula(RaceHorse.IsHitA ~ +1 + PrevRaceHorse.FinishTimeSdvByRace)

> print(paste0(Sys.time(), " --- source_logic_glm.R Finished ---"))
[1] "2022-03-09 08:50:31 --- source_logic_glm.R Finished ---"
Rows Read: 2112081, Total Rows Processed: 2112081, Total Chunk Time: 0.029 seconds 

Starting values (iteration 1) time: 0.037 secs.
Rows Read: 2112081, Total Rows Processed: 2112081, Total Chunk Time: 0.070 seconds 

Iteration 2 time: 0.077 secs.
Rows Read: 2112081, Total Rows Processed: 2112081, Total Chunk Time: 0.069 seconds 

Iteration 3 time: 0.074 secs.

Elapsed computation time: 0.192 secs.
Rows Read: 2112081, Total Rows Processed: 2112081, Total Chunk Time: 0.018 seconds 

Starting values (iteration 1) time: 0.025 secs.
Rows Read: 2112081, Total Rows Processed: 2112081, Total Chunk Time: 0.054 seconds 

Iteration 2 time: 0.060 secs.

Elapsed computation time: 0.088 secs.
Rows Read: 2112081, Total Rows Processed: 2112081, Total Chunk Time: 0.029 seconds 

Starting values (iteration 1) time: 0.036 secs.
Rows Read: 2112081, Total Rows Processed: 2112081, Total Chunk Time: 0.068 seconds 

Iteration 2 time: 0.076 secs.
Rows Read: 2112081, Total Rows Processed: 2112081, Total Chunk Time: 0.070 seconds 

Iteration 3 time: 0.075 secs.

Elapsed computation time: 0.193 secs.

Elapsed computation time: 0.486 secs.
[1] "--------------------------------------------------------------------------------"
[1] "analyze.results.glm.step="
Logistic Regression Results for: RaceHorse.IsHitA ~
    PrevRaceHorse.FinishTimeSdvByRace
Data: data
Dependent variable(s): RaceHorse.IsHitA
Total independent variables: 2 
Number of valid observations: 2112081
Number of missing observations: 0 
 
Coefficients:
                                  RaceHorse.IsHitA
(Intercept)                                  -2.37
PrevRaceHorse.FinishTimeSdvByRace             0.05
[1] "analyze.results.glm.step.summary"
Call:
rxLogit(formula = formula, data = data, variableSelection = analyze.results.glm.step.varsel)

Logistic Regression Results for: RaceHorse.IsHitA ~
    PrevRaceHorse.FinishTimeSdvByRace
Data: data
Dependent variable(s): RaceHorse.IsHitA
Total independent variables: 2 
Number of valid observations: 2112081
Number of missing observations: 0 
-2*LogLikelihood: 1242363.738 (Residual deviance on 2112079 degrees of freedom)
 
Coefficients:
                                  Estimate Std. Error z value Pr(>|z|)    
(Intercept)                       -2.37390    0.00264  -897.8  2.2e-16 ***
PrevRaceHorse.FinishTimeSdvByRace  0.05029    0.00305    16.5  2.2e-16 ***
---
Signif. codes:  0 '***' 0.001 '**' 0.01 '*' 0.05 '.' 0.1 ' ' 1

Condition number of final variance-covariance matrix: 1 
Number of iterations: 3
[1] "--------------------------------------------------------------------------------"
[1] "2022-03-09 08:50:33 --- rxLogit with rxStepControl Finish ---"
[1] "2022-03-09 08:50:33 --- rxStepPlot Start ---"
[1] "pdfFilename=pdf_analyze_glm_Gen01_Type11_rxStepPlot.pdf"
[1] "rxStepPlot="
[1] "2022-03-09 08:50:33 --- rxStepPlot Finish ---"
[1] "2022-03-09 08:50:33 --- save.image Start ---"
[1] "save.image"
[1] "rdataFilename=RData_analyze_glm_Gen01_Type11.RData"
[1] "2022-03-09 08:50:41 --- save.image Finish ---"
[1] "2022-03-09 08:50:41 --- final Start ---"
[1] "--------------------------------------------------------------------------------"
[1] "nrow(data) final=2112081"
[1] "--------------------------------------------------------------------------------"
[1] "2022-03-09 08:50:41 --- final Finish ---"
[1] "2022-03-09 08:50:41 --- analyze_glm.R Finished ---"
[1] "2022-03-09 08:50:41 --- log Finish ---"
