[1] "2022-03-09 09:00:36 --- D1116_analyze_glm_Horse_IsHitA_Type21 Start ---"
[1] "2022-03-09 09:00:36 --- Log Start ---"
[1] "2022-03-09 09:00:36 --- analyze_glm.R Start ---"
[1] "analyzeVersion=D1116"
[1] "analyzeCategory=analyze"
[1] "analyzeType=Horse"
[1] "analyzeFamily=IsHitA"
[1] "analyzeFunc=glm"
[1] "analyzeTrackTypeCd=2"
[1] "analyzeJyokenCd=1"
[1] "2022-03-09 09:00:36 --- source_function.R Start ---"
[1] "2022-03-09 09:00:36 --- source_function.R Finished ---"

> print(paste0(Sys.time(), " --- source_library.R Start ---"))
[1] "2022-03-09 09:00:36 --- source_library.R Start ---"

> require("RevoScaleR")

> print(paste0(Sys.time(), " --- source_library.R Finished ---"))
[1] "2022-03-09 09:00:37 --- source_library.R Finished ---"
[1] "2022-03-09 09:00:37 --- RxSqlServerData Start ---"
[1] "2022-03-09 09:00:37 --- RxInSqlServer Start ---"
[1] "2022-03-09 09:00:37 --- RxInSqlServer Finish ---"
[1] "2022-03-09 09:00:37 --- rxSetComputeContext Start ---"
[1] "2022-03-09 09:00:37 --- rxSetComputeContext Finish ---"
[1] "2022-03-09 09:00:37 --- RxSqlServerData Start ---"
[1] "sqlQuery=SELECT * FROM ViewAnalyzeD1116analyze01HorseType21"
[1] "2022-03-09 09:00:37 --- RxSqlServerData Finish ---"
[1] "2022-03-09 09:00:37 --- rxGetVarInfo Start ---"
[1] "2022-03-09 09:00:37 --- rxGetVarInfo Finish---"
[1] "2022-03-09 09:00:37 --- rxImport Start ---"
Rows Read: 12075, Total Rows Processed: 12075, Total Chunk Time: 1.016 seconds 
[1] "2022-03-09 09:00:40 --- rxImport Finish ---"
[1] "object.size(data) auto=3.6 Mb"
[1] "--------------------------------------------------------------------------------"
[1] "nrow(data) RxSqlServerData=12075"
[1] "--------------------------------------------------------------------------------"
[1] "str(data)="
'data.frame':	12075 obs. of  45 variables:
 $ Race.RaceId                      : Factor w/ 294 levels "20160109-06-01-02-11",..: 1 1 1 1 1 1 1 1 1 1 ...
 $ Race.IsAnalyzeNormalPastAndFuture: logi  TRUE TRUE TRUE TRUE TRUE TRUE ...
 $ Race.IsAnalyzeNormalPast         : logi  TRUE TRUE TRUE TRUE TRUE TRUE ...
 $ Race.IsAnalyzeNormalFuture       : logi  FALSE FALSE FALSE FALSE FALSE FALSE ...
 $ Race.IsAnalyzeFullPastAndFuture  : logi  TRUE TRUE TRUE TRUE TRUE TRUE ...
 $ Race.IsAnalyzeFullPast           : logi  TRUE TRUE TRUE TRUE TRUE TRUE ...
 $ Race.IsAnalyzeFullFuture         : logi  FALSE FALSE FALSE FALSE FALSE FALSE ...
 $ Race.JyokenCd                    : Factor w/ 1 level "1": 1 1 1 1 1 1 1 1 1 1 ...
 $ Race.JyoType1Cd                  : Factor w/ 62 levels "24-06-1800-1",..: 1 1 1 1 1 1 1 1 1 1 ...
 $ Race.RaceType1Cd                 : Factor w/ 3 levels "2-1-14","2-1-12",..: 1 1 1 1 1 1 1 1 1 1 ...
 $ RaceHorse.RaceId                 : Factor w/ 294 levels "20160109-06-01-02-11",..: 1 1 1 1 1 1 1 1 1 1 ...
 $ RaceHorse.KettoNum               : Factor w/ 577 levels "2006100429","2009102606",..: 1 1 2 2 2 3 3 3 3 3 ...
 $ RaceHorse.IsHit1                 : num  0 0 1 1 1 0 0 0 0 0 ...
 $ RaceHorse.IsHit2                 : num  0 0 0 0 0 0 0 0 0 0 ...
 $ RaceHorse.IsHit3                 : num  0 0 0 0 0 0 0 0 0 0 ...
 $ RaceHorse.IsHit4                 : num  0 0 0 0 0 0 0 0 0 0 ...
 $ RaceHorse.IsHit5                 : num  0 0 0 0 0 0 0 0 0 0 ...
 $ RaceHorse.IsHit6                 : num  1 1 0 0 0 1 1 1 1 1 ...
 $ RaceHorse.IsValidRaceHorse       : logi  TRUE TRUE TRUE TRUE TRUE TRUE ...
 $ RaceHorse.FinishTimeSdvByRace    : num  -1.3 -1.3 1.27 1.27 1.27 ...
 $ RaceHorse.FirstTimeSdvByRace     : num  -1.13 -1.13 -1.92 -1.92 -1.92 ...
 $ RaceHorse.LastTimeSdvByRace      : num  -0.718 -0.718 1.835 1.835 1.835 ...
 $ RaceHorse.FinishTimeSdv          : num  0.993 0.993 1.82 1.82 1.82 ...
 $ RaceHorse.FirstTimeSdv           : num  1.122 1.122 0.941 0.941 0.941 ...
 $ RaceHorse.LastTimeSdv            : num  0.453 0.453 1.767 1.767 1.767 ...
 $ RaceHorse.IsHitA                 : num  0 0 1 1 1 0 0 0 0 0 ...
 $ RaceHorse.IsHitB                 : num  0 0 1 1 1 0 0 0 0 0 ...
 $ RaceHorse.IsHitC                 : num  0 0 1 1 1 0 0 0 0 0 ...
 $ PrevRaceHorse.RaceId             : Factor w/ 446 levels "20100221-05-01-08-11",..: 1 2 3 4 5 6 7 8 9 10 ...
 $ PrevRaceHorse.KettoNum           : Factor w/ 577 levels "2006100429","2009102606",..: 1 1 2 2 2 3 3 3 3 3 ...
 $ PrevRaceHorse.FinishTimeSdvByRace: num  0.303 1.074 -0.545 0.145 0.347 ...
 $ PrevRaceHorse.FirstTimeSdvByRace : num  -0.565 -0.126 -0.91 -0.659 -1.312 ...
 $ PrevRaceHorse.LastTimeSdvByRace  : num  0.472 0.999 -0.154 0.442 0.943 ...
 $ PrevRaceHorse.FinishTimeSdv      : num  1.4 1.78 1.08 1.35 1.42 ...
 $ PrevRaceHorse.FirstTimeSdv       : num  1.407 0.946 1.055 1.396 1.242 ...
 $ PrevRaceHorse.LastTimeSdv        : num  0.713 1.642 0.483 0.57 0.958 ...
 $ PrevRaceHorse.IsRun              : num  1 1 1 1 1 1 1 1 1 1 ...
 $ PrevRaceHorse.IsHit1             : num  0 1 0 0 0 0 0 0 0 0 ...
 $ PrevRaceHorse.IsHit2             : num  0 0 0 0 0 0 0 0 0 0 ...
 $ PrevRaceHorse.IsHit3             : num  0 0 0 0 0 0 0 0 0 0 ...
 $ PrevRaceHorse.IsHit4             : num  0 0 0 0 0 0 1 0 0 0 ...
 $ PrevRaceHorse.IsHit5             : num  1 0 0 0 0 0 0 0 0 0 ...
 $ PrevRaceHorse.RowNum             : num  1 2 1 2 3 1 2 3 4 5 ...
 $ PrevOdds.RealOddsLog1            : num  2.94 4.05 5.3 3.89 5.48 ...
 $ EOF                              : int  1 1 1 1 1 1 1 1 1 1 ...
[1] "2022-03-09 09:00:40 --- RxSqlServerData Finish ---"
[1] "2022-03-09 09:00:40 --- subset Start ---"
[1] "--------------------------------------------------------------------------------"
[1] "nrow(data) subset before=12075"
[1] "nrow(data) subset after =12075"
[1] "nrow(data) subset diff =0"
[1] "--------------------------------------------------------------------------------"
[1] "2022-03-09 09:00:40 --- subset Finish---"
[1] "2022-03-09 09:00:40 --- transform Start ---"
[1] "--------------------------------------------------------------------------------"
[1] "nrow(data) transform before=12075"
[1] "nrow(data) transform after=12075"
[1] "nrow(data) transform diff=0"
[1] "--------------------------------------------------------------------------------"
[1] "str(data)="
'data.frame':	12075 obs. of  45 variables:
 $ Race.RaceId                      : Factor w/ 294 levels "20160109-06-01-02-11",..: 1 1 1 1 1 1 1 1 1 1 ...
 $ Race.IsAnalyzeNormalPastAndFuture: logi  TRUE TRUE TRUE TRUE TRUE TRUE ...
 $ Race.IsAnalyzeNormalPast         : logi  TRUE TRUE TRUE TRUE TRUE TRUE ...
 $ Race.IsAnalyzeNormalFuture       : logi  FALSE FALSE FALSE FALSE FALSE FALSE ...
 $ Race.IsAnalyzeFullPastAndFuture  : logi  TRUE TRUE TRUE TRUE TRUE TRUE ...
 $ Race.IsAnalyzeFullPast           : logi  TRUE TRUE TRUE TRUE TRUE TRUE ...
 $ Race.IsAnalyzeFullFuture         : logi  FALSE FALSE FALSE FALSE FALSE FALSE ...
 $ Race.JyokenCd                    : Factor w/ 1 level "1": 1 1 1 1 1 1 1 1 1 1 ...
 $ Race.JyoType1Cd                  : Factor w/ 62 levels "24-06-1800-1",..: 1 1 1 1 1 1 1 1 1 1 ...
 $ Race.RaceType1Cd                 : Factor w/ 3 levels "2-1-14","2-1-12",..: 1 1 1 1 1 1 1 1 1 1 ...
 $ RaceHorse.RaceId                 : Factor w/ 294 levels "20160109-06-01-02-11",..: 1 1 1 1 1 1 1 1 1 1 ...
 $ RaceHorse.KettoNum               : Factor w/ 577 levels "2006100429","2009102606",..: 1 1 2 2 2 3 3 3 3 3 ...
 $ RaceHorse.IsHit1                 : num  0 0 1 1 1 0 0 0 0 0 ...
 $ RaceHorse.IsHit2                 : num  0 0 0 0 0 0 0 0 0 0 ...
 $ RaceHorse.IsHit3                 : num  0 0 0 0 0 0 0 0 0 0 ...
 $ RaceHorse.IsHit4                 : num  0 0 0 0 0 0 0 0 0 0 ...
 $ RaceHorse.IsHit5                 : num  0 0 0 0 0 0 0 0 0 0 ...
 $ RaceHorse.IsHit6                 : num  1 1 0 0 0 1 1 1 1 1 ...
 $ RaceHorse.IsValidRaceHorse       : logi  TRUE TRUE TRUE TRUE TRUE TRUE ...
 $ RaceHorse.FinishTimeSdvByRace    : num  -1.3 -1.3 1.27 1.27 1.27 ...
 $ RaceHorse.FirstTimeSdvByRace     : num  -1.13 -1.13 -1.92 -1.92 -1.92 ...
 $ RaceHorse.LastTimeSdvByRace      : num  -0.718 -0.718 1.835 1.835 1.835 ...
 $ RaceHorse.FinishTimeSdv          : num  0.993 0.993 1.82 1.82 1.82 ...
 $ RaceHorse.FirstTimeSdv           : num  1.122 1.122 0.941 0.941 0.941 ...
 $ RaceHorse.LastTimeSdv            : num  0.453 0.453 1.767 1.767 1.767 ...
 $ RaceHorse.IsHitA                 : num  0 0 1 1 1 0 0 0 0 0 ...
 $ RaceHorse.IsHitB                 : num  0 0 1 1 1 0 0 0 0 0 ...
 $ RaceHorse.IsHitC                 : num  0 0 1 1 1 0 0 0 0 0 ...
 $ PrevRaceHorse.RaceId             : Factor w/ 446 levels "20100221-05-01-08-11",..: 1 2 3 4 5 6 7 8 9 10 ...
 $ PrevRaceHorse.KettoNum           : Factor w/ 577 levels "2006100429","2009102606",..: 1 1 2 2 2 3 3 3 3 3 ...
 $ PrevRaceHorse.FinishTimeSdvByRace: num  0.303 1.074 -0.545 0.145 0.347 ...
 $ PrevRaceHorse.FirstTimeSdvByRace : num  -0.565 -0.126 -0.91 -0.659 -1.312 ...
 $ PrevRaceHorse.LastTimeSdvByRace  : num  0.472 0.999 -0.154 0.442 0.943 ...
 $ PrevRaceHorse.FinishTimeSdv      : num  1.4 1.78 1.08 1.35 1.42 ...
 $ PrevRaceHorse.FirstTimeSdv       : num  1.407 0.946 1.055 1.396 1.242 ...
 $ PrevRaceHorse.LastTimeSdv        : num  0.713 1.642 0.483 0.57 0.958 ...
 $ PrevRaceHorse.IsRun              : num  1 1 1 1 1 1 1 1 1 1 ...
 $ PrevRaceHorse.IsHit1             : num  0 1 0 0 0 0 0 0 0 0 ...
 $ PrevRaceHorse.IsHit2             : num  0 0 0 0 0 0 0 0 0 0 ...
 $ PrevRaceHorse.IsHit3             : num  0 0 0 0 0 0 0 0 0 0 ...
 $ PrevRaceHorse.IsHit4             : num  0 0 0 0 0 0 1 0 0 0 ...
 $ PrevRaceHorse.IsHit5             : num  1 0 0 0 0 0 0 0 0 0 ...
 $ PrevRaceHorse.RowNum             : num  1 2 1 2 3 1 2 3 4 5 ...
 $ PrevOdds.RealOddsLog1            : num  2.94 4.05 5.3 3.89 5.48 ...
 $ EOF                              : int  1 1 1 1 1 1 1 1 1 1 ...
NULL
[1] "2022-03-09 09:00:40 --- transform Finish ---"
[1] "2022-03-09 09:00:40 --- na.omit Start ---"
[1] "--------------------------------------------------------------------------------"
[1] "nrow(data) na.omit before=12075"
[1] "nrow(data) na.omit after =12007"
[1] "nrow(data) na.omit diff =68"
[1] "--------------------------------------------------------------------------------"
'data.frame':	12007 obs. of  45 variables:
 $ Race.RaceId                      : Factor w/ 294 levels "20160109-06-01-02-11",..: 1 1 1 1 1 1 1 1 1 1 ...
 $ Race.IsAnalyzeNormalPastAndFuture: logi  TRUE TRUE TRUE TRUE TRUE TRUE ...
 $ Race.IsAnalyzeNormalPast         : logi  TRUE TRUE TRUE TRUE TRUE TRUE ...
 $ Race.IsAnalyzeNormalFuture       : logi  FALSE FALSE FALSE FALSE FALSE FALSE ...
 $ Race.IsAnalyzeFullPastAndFuture  : logi  TRUE TRUE TRUE TRUE TRUE TRUE ...
 $ Race.IsAnalyzeFullPast           : logi  TRUE TRUE TRUE TRUE TRUE TRUE ...
 $ Race.IsAnalyzeFullFuture         : logi  FALSE FALSE FALSE FALSE FALSE FALSE ...
 $ Race.JyokenCd                    : Factor w/ 1 level "1": 1 1 1 1 1 1 1 1 1 1 ...
 $ Race.JyoType1Cd                  : Factor w/ 62 levels "24-06-1800-1",..: 1 1 1 1 1 1 1 1 1 1 ...
 $ Race.RaceType1Cd                 : Factor w/ 3 levels "2-1-14","2-1-12",..: 1 1 1 1 1 1 1 1 1 1 ...
 $ RaceHorse.RaceId                 : Factor w/ 294 levels "20160109-06-01-02-11",..: 1 1 1 1 1 1 1 1 1 1 ...
 $ RaceHorse.KettoNum               : Factor w/ 577 levels "2006100429","2009102606",..: 1 1 2 2 2 3 3 3 3 3 ...
 $ RaceHorse.IsHit1                 : num  0 0 1 1 1 0 0 0 0 0 ...
 $ RaceHorse.IsHit2                 : num  0 0 0 0 0 0 0 0 0 0 ...
 $ RaceHorse.IsHit3                 : num  0 0 0 0 0 0 0 0 0 0 ...
 $ RaceHorse.IsHit4                 : num  0 0 0 0 0 0 0 0 0 0 ...
 $ RaceHorse.IsHit5                 : num  0 0 0 0 0 0 0 0 0 0 ...
 $ RaceHorse.IsHit6                 : num  1 1 0 0 0 1 1 1 1 1 ...
 $ RaceHorse.IsValidRaceHorse       : logi  TRUE TRUE TRUE TRUE TRUE TRUE ...
 $ RaceHorse.FinishTimeSdvByRace    : num  -1.3 -1.3 1.27 1.27 1.27 ...
 $ RaceHorse.FirstTimeSdvByRace     : num  -1.13 -1.13 -1.92 -1.92 -1.92 ...
 $ RaceHorse.LastTimeSdvByRace      : num  -0.718 -0.718 1.835 1.835 1.835 ...
 $ RaceHorse.FinishTimeSdv          : num  0.993 0.993 1.82 1.82 1.82 ...
 $ RaceHorse.FirstTimeSdv           : num  1.122 1.122 0.941 0.941 0.941 ...
 $ RaceHorse.LastTimeSdv            : num  0.453 0.453 1.767 1.767 1.767 ...
 $ RaceHorse.IsHitA                 : num  0 0 1 1 1 0 0 0 0 0 ...
 $ RaceHorse.IsHitB                 : num  0 0 1 1 1 0 0 0 0 0 ...
 $ RaceHorse.IsHitC                 : num  0 0 1 1 1 0 0 0 0 0 ...
 $ PrevRaceHorse.RaceId             : Factor w/ 446 levels "20100221-05-01-08-11",..: 1 2 3 4 5 6 7 8 9 10 ...
 $ PrevRaceHorse.KettoNum           : Factor w/ 577 levels "2006100429","2009102606",..: 1 1 2 2 2 3 3 3 3 3 ...
 $ PrevRaceHorse.FinishTimeSdvByRace: num  0.303 1.074 -0.545 0.145 0.347 ...
 $ PrevRaceHorse.FirstTimeSdvByRace : num  -0.565 -0.126 -0.91 -0.659 -1.312 ...
 $ PrevRaceHorse.LastTimeSdvByRace  : num  0.472 0.999 -0.154 0.442 0.943 ...
 $ PrevRaceHorse.FinishTimeSdv      : num  1.4 1.78 1.08 1.35 1.42 ...
 $ PrevRaceHorse.FirstTimeSdv       : num  1.407 0.946 1.055 1.396 1.242 ...
 $ PrevRaceHorse.LastTimeSdv        : num  0.713 1.642 0.483 0.57 0.958 ...
 $ PrevRaceHorse.IsRun              : num  1 1 1 1 1 1 1 1 1 1 ...
 $ PrevRaceHorse.IsHit1             : num  0 1 0 0 0 0 0 0 0 0 ...
 $ PrevRaceHorse.IsHit2             : num  0 0 0 0 0 0 0 0 0 0 ...
 $ PrevRaceHorse.IsHit3             : num  0 0 0 0 0 0 0 0 0 0 ...
 $ PrevRaceHorse.IsHit4             : num  0 0 0 0 0 0 1 0 0 0 ...
 $ PrevRaceHorse.IsHit5             : num  1 0 0 0 0 0 0 0 0 0 ...
 $ PrevRaceHorse.RowNum             : num  1 2 1 2 3 1 2 3 4 5 ...
 $ PrevOdds.RealOddsLog1            : num  2.94 4.05 5.3 3.89 5.48 ...
 $ EOF                              : int  1 1 1 1 1 1 1 1 1 1 ...
 - attr(*, "na.action")= 'omit' Named int  486 487 488 489 490 491 492 493 494 495 ...
  ..- attr(*, "names")= chr  "486" "487" "488" "489" ...
[1] "2022-03-09 09:00:41 --- na.omit Finish ---"
[1] "2022-03-09 09:00:41 --- rxLogit with rxStepControl Start ---"

> print(paste0(Sys.time(), " --- source_logic_glm.R Start ---"))
[1] "2022-03-09 09:00:41 --- source_logic_glm.R Start ---"

> formula <- formula(RaceHorse.IsHitA ~ +1 + PrevRaceHorse.FinishTimeSdvByRace)

> print(paste0(Sys.time(), " --- source_logic_glm.R Finished ---"))
[1] "2022-03-09 09:00:41 --- source_logic_glm.R Finished ---"
Rows Read: 12007, Total Rows Processed: 12007, Total Chunk Time: 0.001 seconds 

Starting values (iteration 1) time: 0.018 secs.
Rows Read: 12007, Total Rows Processed: 12007, Total Chunk Time: 0.001 seconds 

Iteration 2 time: 0.006 secs.
Rows Read: 12007, Total Rows Processed: 12007, Total Chunk Time: 0.002 seconds 

Iteration 3 time: 0.007 secs.
Rows Read: 12007, Total Rows Processed: 12007, Total Chunk Time: Less than .001 seconds 

Iteration 4 time: 0.004 secs.
Rows Read: 12007, Total Rows Processed: 12007, Total Chunk Time: 0.001 seconds 

Iteration 5 time: 0.005 secs.

Elapsed computation time: 0.059 secs.
Rows Read: 12007, Total Rows Processed: 12007, Total Chunk Time: 0.001 seconds 

Starting values (iteration 1) time: 0.005 secs.
Rows Read: 12007, Total Rows Processed: 12007, Total Chunk Time: Less than .001 seconds 

Iteration 2 time: 0.005 secs.

Elapsed computation time: 0.020 secs.
Rows Read: 12007, Total Rows Processed: 12007, Total Chunk Time: Less than .001 seconds 

Starting values (iteration 1) time: 0.005 secs.
Rows Read: 12007, Total Rows Processed: 12007, Total Chunk Time: 0.002 seconds 

Iteration 2 time: 0.007 secs.
Rows Read: 12007, Total Rows Processed: 12007, Total Chunk Time: 0.002 seconds 

Iteration 3 time: 0.004 secs.
Rows Read: 12007, Total Rows Processed: 12007, Total Chunk Time: Less than .001 seconds 

Iteration 4 time: 0.004 secs.
Rows Read: 12007, Total Rows Processed: 12007, Total Chunk Time: 0.002 seconds 

Iteration 5 time: 0.004 secs.

Elapsed computation time: 0.047 secs.

Elapsed computation time: 0.139 secs.
[1] "--------------------------------------------------------------------------------"
[1] "analyze.results.glm.step="
Logistic Regression Results for: RaceHorse.IsHitA ~
    PrevRaceHorse.FinishTimeSdvByRace
Data: data
Dependent variable(s): RaceHorse.IsHitA
Total independent variables: 2 
Number of valid observations: 12007
Number of missing observations: 0 
 
Coefficients:
                                  RaceHorse.IsHitA
(Intercept)                                   -3.3
PrevRaceHorse.FinishTimeSdvByRace              0.5
[1] "analyze.results.glm.step.summary"
Call:
rxLogit(formula = formula, data = data, variableSelection = analyze.results.glm.step.varsel)

Logistic Regression Results for: RaceHorse.IsHitA ~
    PrevRaceHorse.FinishTimeSdvByRace
Data: data
Dependent variable(s): RaceHorse.IsHitA
Total independent variables: 2 
Number of valid observations: 12007
Number of missing observations: 0 
-2*LogLikelihood: 4286.836 (Residual deviance on 12005 degrees of freedom)
 
Coefficients:
                                  Estimate Std. Error z value Pr(>|z|)    
(Intercept)                        -3.3013     0.0580  -56.87  2.2e-16 ***
PrevRaceHorse.FinishTimeSdvByRace   0.4902     0.0641    7.65  2.2e-16 ***
---
Signif. codes:  0 '***' 0.001 '**' 0.01 '*' 0.05 '.' 0.1 ' ' 1

Condition number of final variance-covariance matrix: 1 
Number of iterations: 5
[1] "--------------------------------------------------------------------------------"
[1] "2022-03-09 09:00:41 --- rxLogit with rxStepControl Finish ---"
[1] "2022-03-09 09:00:41 --- rxStepPlot Start ---"
[1] "pdfFilename=pdf_analyze_glm_Horse_Type21_rxStepPlot.pdf"
[1] "rxStepPlot="
[1] "2022-03-09 09:00:41 --- rxStepPlot Finish ---"
[1] "2022-03-09 09:00:41 --- save.image Start ---"
[1] "save.image"
[1] "rdataFilename=RData_analyze_glm_Horse_Type21.RData"
[1] "2022-03-09 09:00:41 --- save.image Finish ---"
[1] "2022-03-09 09:00:41 --- final Start ---"
[1] "--------------------------------------------------------------------------------"
[1] "nrow(data) final=12007"
[1] "--------------------------------------------------------------------------------"
[1] "2022-03-09 09:00:41 --- final Finish ---"
[1] "2022-03-09 09:00:41 --- analyze_glm.R Finished ---"
[1] "2022-03-09 09:00:41 --- log Finish ---"
