[1] "2022-03-09 09:01:15 --- D1116_analyze_glm_Jockey_IsHitA_Type25 Start ---"
[1] "2022-03-09 09:01:15 --- Log Start ---"
[1] "2022-03-09 09:01:15 --- analyze_glm.R Start ---"
[1] "analyzeVersion=D1116"
[1] "analyzeCategory=analyze"
[1] "analyzeType=Jockey"
[1] "analyzeFamily=IsHitA"
[1] "analyzeFunc=glm"
[1] "analyzeTrackTypeCd=2"
[1] "analyzeJyokenCd=5"
[1] "2022-03-09 09:01:15 --- source_function.R Start ---"
[1] "2022-03-09 09:01:15 --- source_function.R Finished ---"

> print(paste0(Sys.time(), " --- source_library.R Start ---"))
[1] "2022-03-09 09:01:15 --- source_library.R Start ---"

> require("RevoScaleR")

> print(paste0(Sys.time(), " --- source_library.R Finished ---"))
[1] "2022-03-09 09:01:15 --- source_library.R Finished ---"
[1] "2022-03-09 09:01:15 --- RxSqlServerData Start ---"
[1] "2022-03-09 09:01:15 --- RxInSqlServer Start ---"
[1] "2022-03-09 09:01:15 --- RxInSqlServer Finish ---"
[1] "2022-03-09 09:01:15 --- rxSetComputeContext Start ---"
[1] "2022-03-09 09:01:15 --- rxSetComputeContext Finish ---"
[1] "2022-03-09 09:01:15 --- RxSqlServerData Start ---"
[1] "sqlQuery=SELECT * FROM ViewAnalyzeD1116analyze01JockeyType25"
[1] "2022-03-09 09:01:15 --- RxSqlServerData Finish ---"
[1] "2022-03-09 09:01:15 --- rxGetVarInfo Start ---"
[1] "2022-03-09 09:01:15 --- rxGetVarInfo Finish---"
[1] "2022-03-09 09:01:15 --- rxImport Start ---"
Rows Read: 20239715, Total Rows Processed: 20239715, Total Chunk Time: 549.235 seconds 
[1] "2022-03-09 09:17:02 --- rxImport Finish ---"
[1] "object.size(data) auto=5.6 Gb"
[1] "--------------------------------------------------------------------------------"
[1] "nrow(data) RxSqlServerData=20239715"
[1] "--------------------------------------------------------------------------------"
[1] "str(data)="
'data.frame':	20239715 obs. of  45 variables:
 $ Race.RaceId                      : Factor w/ 3266 levels "20160105-06-01-01-01",..: 1 1 1 1 1 1 1 1 1 1 ...
 $ Race.IsAnalyzeNormalPastAndFuture: logi  TRUE TRUE TRUE TRUE TRUE TRUE ...
 $ Race.IsAnalyzeNormalPast         : logi  TRUE TRUE TRUE TRUE TRUE TRUE ...
 $ Race.IsAnalyzeNormalFuture       : logi  FALSE FALSE FALSE FALSE FALSE FALSE ...
 $ Race.IsAnalyzeFullPastAndFuture  : logi  TRUE TRUE TRUE TRUE TRUE TRUE ...
 $ Race.IsAnalyzeFullPast           : logi  TRUE TRUE TRUE TRUE TRUE TRUE ...
 $ Race.IsAnalyzeFullFuture         : logi  FALSE FALSE FALSE FALSE FALSE FALSE ...
 $ Race.JyokenCd                    : Factor w/ 1 level "5": 1 1 1 1 1 1 1 1 1 1 ...
 $ Race.JyoType1Cd                  : Factor w/ 116 levels "24-06-1200-1",..: 1 1 1 1 1 1 1 1 1 1 ...
 $ Race.RaceType1Cd                 : Factor w/ 2 levels "2-5-12","2-5-11": 1 1 1 1 1 1 1 1 1 1 ...
 $ RaceHorse.RaceId                 : Factor w/ 3266 levels "20160105-06-01-01-01",..: 1 1 1 1 1 1 1 1 1 1 ...
 $ RaceHorse.KettoNum               : Factor w/ 16784 levels "2013100103","2013100107",..: 1 1 1 1 1 1 1 1 1 1 ...
 $ RaceHorse.IsHit1                 : num  0 0 0 0 0 0 0 0 0 0 ...
 $ RaceHorse.IsHit2                 : num  0 0 0 0 0 0 0 0 0 0 ...
 $ RaceHorse.IsHit3                 : num  0 0 0 0 0 0 0 0 0 0 ...
 $ RaceHorse.IsHit4                 : num  0 0 0 0 0 0 0 0 0 0 ...
 $ RaceHorse.IsHit5                 : num  0 0 0 0 0 0 0 0 0 0 ...
 $ RaceHorse.IsHit6                 : num  1 1 1 1 1 1 1 1 1 1 ...
 $ RaceHorse.IsValidRaceHorse       : logi  TRUE TRUE TRUE TRUE TRUE TRUE ...
 $ RaceHorse.FinishTimeSdvByRace    : num  -0.344 -0.344 -0.344 -0.344 -0.344 ...
 $ RaceHorse.FirstTimeSdvByRace     : num  -0.0324 -0.0324 -0.0324 -0.0324 -0.0324 ...
 $ RaceHorse.LastTimeSdvByRace      : num  -0.321 -0.321 -0.321 -0.321 -0.321 ...
 $ RaceHorse.FinishTimeSdv          : num  -0.676 -0.676 -0.676 -0.676 -0.676 ...
 $ RaceHorse.FirstTimeSdv           : num  0.17 0.17 0.17 0.17 0.17 ...
 $ RaceHorse.LastTimeSdv            : num  -1 -1 -1 -1 -1 ...
 $ RaceHorse.IsHitA                 : num  0 0 0 0 0 0 0 0 0 0 ...
 $ RaceHorse.IsHitB                 : num  0 0 0 0 0 0 0 0 0 0 ...
 $ RaceHorse.IsHitC                 : num  0 0 0 0 0 0 0 0 0 0 ...
 $ PrevRaceHorse.RaceId             : Factor w/ 7141 levels "20150920-06-04-04-06",..: 1 2 3 4 5 6 7 8 9 10 ...
 $ PrevRaceHorse.KettoNum           : Factor w/ 30468 levels "2012101109","2012103953",..: 1 2 3 4 3 5 4 3 6 7 ...
 $ PrevRaceHorse.FinishTimeSdvByRace: num  0.522 -1.05 0.815 -0.388 0.803 ...
 $ PrevRaceHorse.FirstTimeSdvByRace : num  0.461 -0.487 0.781 -0.785 0.274 ...
 $ PrevRaceHorse.LastTimeSdvByRace  : num  0.3712 -1.1211 0.4075 0.0725 0.9218 ...
 $ PrevRaceHorse.FinishTimeSdv      : num  0.129 -0.849 0.143 0.02 -0.263 ...
 $ PrevRaceHorse.FirstTimeSdv       : num  -0.464 0.216 0.134 -0.349 0.498 ...
 $ PrevRaceHorse.LastTimeSdv        : num  0.5667 -1.2834 0.0915 0.3578 -0.6939 ...
 $ PrevRaceHorse.IsRun              : num  1 1 1 1 1 1 1 1 1 1 ...
 $ PrevRaceHorse.IsHit1             : num  0 0 0 0 0 0 0 0 0 0 ...
 $ PrevRaceHorse.IsHit2             : num  0 0 0 0 0 0 0 0 0 0 ...
 $ PrevRaceHorse.IsHit3             : num  0 0 1 0 0 0 0 0 0 0 ...
 $ PrevRaceHorse.IsHit4             : num  0 0 0 0 0 1 0 1 0 0 ...
 $ PrevRaceHorse.IsHit5             : num  1 0 0 0 1 0 1 0 0 0 ...
 $ PrevRaceHorse.RowNum             : num  1 2 3 4 5 6 7 8 9 10 ...
 $ PrevOdds.RealOddsLog1            : num  3.68 6.41 2.72 3.94 3.03 ...
 $ EOF                              : int  1 1 1 1 1 1 1 1 1 1 ...
[1] "2022-03-09 09:17:02 --- RxSqlServerData Finish ---"
[1] "2022-03-09 09:17:02 --- subset Start ---"
[1] "--------------------------------------------------------------------------------"
[1] "nrow(data) subset before=20239715"
[1] "nrow(data) subset after =20239715"
[1] "nrow(data) subset diff =0"
[1] "--------------------------------------------------------------------------------"
[1] "2022-03-09 09:17:07 --- subset Finish---"
[1] "2022-03-09 09:17:07 --- transform Start ---"
[1] "--------------------------------------------------------------------------------"
[1] "nrow(data) transform before=20239715"
[1] "nrow(data) transform after=20239715"
[1] "nrow(data) transform diff=0"
[1] "--------------------------------------------------------------------------------"
[1] "str(data)="
'data.frame':	20239715 obs. of  45 variables:
 $ Race.RaceId                      : Factor w/ 3266 levels "20160105-06-01-01-01",..: 1 1 1 1 1 1 1 1 1 1 ...
 $ Race.IsAnalyzeNormalPastAndFuture: logi  TRUE TRUE TRUE TRUE TRUE TRUE ...
 $ Race.IsAnalyzeNormalPast         : logi  TRUE TRUE TRUE TRUE TRUE TRUE ...
 $ Race.IsAnalyzeNormalFuture       : logi  FALSE FALSE FALSE FALSE FALSE FALSE ...
 $ Race.IsAnalyzeFullPastAndFuture  : logi  TRUE TRUE TRUE TRUE TRUE TRUE ...
 $ Race.IsAnalyzeFullPast           : logi  TRUE TRUE TRUE TRUE TRUE TRUE ...
 $ Race.IsAnalyzeFullFuture         : logi  FALSE FALSE FALSE FALSE FALSE FALSE ...
 $ Race.JyokenCd                    : Factor w/ 1 level "5": 1 1 1 1 1 1 1 1 1 1 ...
 $ Race.JyoType1Cd                  : Factor w/ 116 levels "24-06-1200-1",..: 1 1 1 1 1 1 1 1 1 1 ...
 $ Race.RaceType1Cd                 : Factor w/ 2 levels "2-5-12","2-5-11": 1 1 1 1 1 1 1 1 1 1 ...
 $ RaceHorse.RaceId                 : Factor w/ 3266 levels "20160105-06-01-01-01",..: 1 1 1 1 1 1 1 1 1 1 ...
 $ RaceHorse.KettoNum               : Factor w/ 16784 levels "2013100103","2013100107",..: 1 1 1 1 1 1 1 1 1 1 ...
 $ RaceHorse.IsHit1                 : num  0 0 0 0 0 0 0 0 0 0 ...
 $ RaceHorse.IsHit2                 : num  0 0 0 0 0 0 0 0 0 0 ...
 $ RaceHorse.IsHit3                 : num  0 0 0 0 0 0 0 0 0 0 ...
 $ RaceHorse.IsHit4                 : num  0 0 0 0 0 0 0 0 0 0 ...
 $ RaceHorse.IsHit5                 : num  0 0 0 0 0 0 0 0 0 0 ...
 $ RaceHorse.IsHit6                 : num  1 1 1 1 1 1 1 1 1 1 ...
 $ RaceHorse.IsValidRaceHorse       : logi  TRUE TRUE TRUE TRUE TRUE TRUE ...
 $ RaceHorse.FinishTimeSdvByRace    : num  -0.344 -0.344 -0.344 -0.344 -0.344 ...
 $ RaceHorse.FirstTimeSdvByRace     : num  -0.0324 -0.0324 -0.0324 -0.0324 -0.0324 ...
 $ RaceHorse.LastTimeSdvByRace      : num  -0.321 -0.321 -0.321 -0.321 -0.321 ...
 $ RaceHorse.FinishTimeSdv          : num  -0.676 -0.676 -0.676 -0.676 -0.676 ...
 $ RaceHorse.FirstTimeSdv           : num  0.17 0.17 0.17 0.17 0.17 ...
 $ RaceHorse.LastTimeSdv            : num  -1 -1 -1 -1 -1 ...
 $ RaceHorse.IsHitA                 : num  0 0 0 0 0 0 0 0 0 0 ...
 $ RaceHorse.IsHitB                 : num  0 0 0 0 0 0 0 0 0 0 ...
 $ RaceHorse.IsHitC                 : num  0 0 0 0 0 0 0 0 0 0 ...
 $ PrevRaceHorse.RaceId             : Factor w/ 7141 levels "20150920-06-04-04-06",..: 1 2 3 4 5 6 7 8 9 10 ...
 $ PrevRaceHorse.KettoNum           : Factor w/ 30468 levels "2012101109","2012103953",..: 1 2 3 4 3 5 4 3 6 7 ...
 $ PrevRaceHorse.FinishTimeSdvByRace: num  0.522 -1.05 0.815 -0.388 0.803 ...
 $ PrevRaceHorse.FirstTimeSdvByRace : num  0.461 -0.487 0.781 -0.785 0.274 ...
 $ PrevRaceHorse.LastTimeSdvByRace  : num  0.3712 -1.1211 0.4075 0.0725 0.9218 ...
 $ PrevRaceHorse.FinishTimeSdv      : num  0.129 -0.849 0.143 0.02 -0.263 ...
 $ PrevRaceHorse.FirstTimeSdv       : num  -0.464 0.216 0.134 -0.349 0.498 ...
 $ PrevRaceHorse.LastTimeSdv        : num  0.5667 -1.2834 0.0915 0.3578 -0.6939 ...
 $ PrevRaceHorse.IsRun              : num  1 1 1 1 1 1 1 1 1 1 ...
 $ PrevRaceHorse.IsHit1             : num  0 0 0 0 0 0 0 0 0 0 ...
 $ PrevRaceHorse.IsHit2             : num  0 0 0 0 0 0 0 0 0 0 ...
 $ PrevRaceHorse.IsHit3             : num  0 0 1 0 0 0 0 0 0 0 ...
 $ PrevRaceHorse.IsHit4             : num  0 0 0 0 0 1 0 1 0 0 ...
 $ PrevRaceHorse.IsHit5             : num  1 0 0 0 1 0 1 0 0 0 ...
 $ PrevRaceHorse.RowNum             : num  1 2 3 4 5 6 7 8 9 10 ...
 $ PrevOdds.RealOddsLog1            : num  3.68 6.41 2.72 3.94 3.03 ...
 $ EOF                              : int  1 1 1 1 1 1 1 1 1 1 ...
NULL
[1] "2022-03-09 09:17:07 --- transform Finish ---"
[1] "2022-03-09 09:17:07 --- na.omit Start ---"
[1] "--------------------------------------------------------------------------------"
[1] "nrow(data) na.omit before=20239715"
[1] "nrow(data) na.omit after =20048548"
[1] "nrow(data) na.omit diff =191167"
[1] "--------------------------------------------------------------------------------"
'data.frame':	20048548 obs. of  45 variables:
 $ Race.RaceId                      : Factor w/ 3266 levels "20160105-06-01-01-01",..: 1 1 1 1 1 1 1 1 1 1 ...
 $ Race.IsAnalyzeNormalPastAndFuture: logi  TRUE TRUE TRUE TRUE TRUE TRUE ...
 $ Race.IsAnalyzeNormalPast         : logi  TRUE TRUE TRUE TRUE TRUE TRUE ...
 $ Race.IsAnalyzeNormalFuture       : logi  FALSE FALSE FALSE FALSE FALSE FALSE ...
 $ Race.IsAnalyzeFullPastAndFuture  : logi  TRUE TRUE TRUE TRUE TRUE TRUE ...
 $ Race.IsAnalyzeFullPast           : logi  TRUE TRUE TRUE TRUE TRUE TRUE ...
 $ Race.IsAnalyzeFullFuture         : logi  FALSE FALSE FALSE FALSE FALSE FALSE ...
 $ Race.JyokenCd                    : Factor w/ 1 level "5": 1 1 1 1 1 1 1 1 1 1 ...
 $ Race.JyoType1Cd                  : Factor w/ 116 levels "24-06-1200-1",..: 1 1 1 1 1 1 1 1 1 1 ...
 $ Race.RaceType1Cd                 : Factor w/ 2 levels "2-5-12","2-5-11": 1 1 1 1 1 1 1 1 1 1 ...
 $ RaceHorse.RaceId                 : Factor w/ 3266 levels "20160105-06-01-01-01",..: 1 1 1 1 1 1 1 1 1 1 ...
 $ RaceHorse.KettoNum               : Factor w/ 16784 levels "2013100103","2013100107",..: 1 1 1 1 1 1 1 1 1 1 ...
 $ RaceHorse.IsHit1                 : num  0 0 0 0 0 0 0 0 0 0 ...
 $ RaceHorse.IsHit2                 : num  0 0 0 0 0 0 0 0 0 0 ...
 $ RaceHorse.IsHit3                 : num  0 0 0 0 0 0 0 0 0 0 ...
 $ RaceHorse.IsHit4                 : num  0 0 0 0 0 0 0 0 0 0 ...
 $ RaceHorse.IsHit5                 : num  0 0 0 0 0 0 0 0 0 0 ...
 $ RaceHorse.IsHit6                 : num  1 1 1 1 1 1 1 1 1 1 ...
 $ RaceHorse.IsValidRaceHorse       : logi  TRUE TRUE TRUE TRUE TRUE TRUE ...
 $ RaceHorse.FinishTimeSdvByRace    : num  -0.344 -0.344 -0.344 -0.344 -0.344 ...
 $ RaceHorse.FirstTimeSdvByRace     : num  -0.0324 -0.0324 -0.0324 -0.0324 -0.0324 ...
 $ RaceHorse.LastTimeSdvByRace      : num  -0.321 -0.321 -0.321 -0.321 -0.321 ...
 $ RaceHorse.FinishTimeSdv          : num  -0.676 -0.676 -0.676 -0.676 -0.676 ...
 $ RaceHorse.FirstTimeSdv           : num  0.17 0.17 0.17 0.17 0.17 ...
 $ RaceHorse.LastTimeSdv            : num  -1 -1 -1 -1 -1 ...
 $ RaceHorse.IsHitA                 : num  0 0 0 0 0 0 0 0 0 0 ...
 $ RaceHorse.IsHitB                 : num  0 0 0 0 0 0 0 0 0 0 ...
 $ RaceHorse.IsHitC                 : num  0 0 0 0 0 0 0 0 0 0 ...
 $ PrevRaceHorse.RaceId             : Factor w/ 7141 levels "20150920-06-04-04-06",..: 1 2 3 4 5 6 7 8 9 10 ...
 $ PrevRaceHorse.KettoNum           : Factor w/ 30468 levels "2012101109","2012103953",..: 1 2 3 4 3 5 4 3 6 7 ...
 $ PrevRaceHorse.FinishTimeSdvByRace: num  0.522 -1.05 0.815 -0.388 0.803 ...
 $ PrevRaceHorse.FirstTimeSdvByRace : num  0.461 -0.487 0.781 -0.785 0.274 ...
 $ PrevRaceHorse.LastTimeSdvByRace  : num  0.3712 -1.1211 0.4075 0.0725 0.9218 ...
 $ PrevRaceHorse.FinishTimeSdv      : num  0.129 -0.849 0.143 0.02 -0.263 ...
 $ PrevRaceHorse.FirstTimeSdv       : num  -0.464 0.216 0.134 -0.349 0.498 ...
 $ PrevRaceHorse.LastTimeSdv        : num  0.5667 -1.2834 0.0915 0.3578 -0.6939 ...
 $ PrevRaceHorse.IsRun              : num  1 1 1 1 1 1 1 1 1 1 ...
 $ PrevRaceHorse.IsHit1             : num  0 0 0 0 0 0 0 0 0 0 ...
 $ PrevRaceHorse.IsHit2             : num  0 0 0 0 0 0 0 0 0 0 ...
 $ PrevRaceHorse.IsHit3             : num  0 0 1 0 0 0 0 0 0 0 ...
 $ PrevRaceHorse.IsHit4             : num  0 0 0 0 0 1 0 1 0 0 ...
 $ PrevRaceHorse.IsHit5             : num  1 0 0 0 1 0 1 0 0 0 ...
 $ PrevRaceHorse.RowNum             : num  1 2 3 4 5 6 7 8 9 10 ...
 $ PrevOdds.RealOddsLog1            : num  3.68 6.41 2.72 3.94 3.03 ...
 $ EOF                              : int  1 1 1 1 1 1 1 1 1 1 ...
 - attr(*, "na.action")= 'omit' Named int  29494 29495 29496 29497 29498 29499 29500 29501 29502 29503 ...
  ..- attr(*, "names")= chr  "29494" "29495" "29496" "29497" ...
[1] "2022-03-09 09:17:15 --- na.omit Finish ---"
[1] "2022-03-09 09:17:15 --- rxLogit with rxStepControl Start ---"

> print(paste0(Sys.time(), " --- source_logic_glm.R Start ---"))
[1] "2022-03-09 09:17:15 --- source_logic_glm.R Start ---"

> formula <- formula(RaceHorse.IsHitA ~ +1 + PrevRaceHorse.FinishTimeSdvByRace)

> print(paste0(Sys.time(), " --- source_logic_glm.R Finished ---"))
[1] "2022-03-09 09:17:15 --- source_logic_glm.R Finished ---"
Rows Read: 20048548, Total Rows Processed: 20048548, Total Chunk Time: 0.252 seconds 

Starting values (iteration 1) time: 0.289 secs.
Rows Read: 20048548, Total Rows Processed: 20048548, Total Chunk Time: 0.733 seconds 

Iteration 2 time: 0.770 secs.
Rows Read: 20048548, Total Rows Processed: 20048548, Total Chunk Time: 0.718 seconds 

Iteration 3 time: 0.748 secs.
Rows Read: 20048548, Total Rows Processed: 20048548, Total Chunk Time: 0.683 seconds 

Iteration 4 time: 0.714 secs.

Elapsed computation time: 2.523 secs.
Rows Read: 20048548, Total Rows Processed: 20048548, Total Chunk Time: 0.237 seconds 

Starting values (iteration 1) time: 0.292 secs.
Rows Read: 20048548, Total Rows Processed: 20048548, Total Chunk Time: 0.494 seconds 

Iteration 2 time: 0.523 secs.

Elapsed computation time: 0.816 secs.
Rows Read: 20048548, Total Rows Processed: 20048548, Total Chunk Time: 0.283 seconds 

Starting values (iteration 1) time: 0.310 secs.
Rows Read: 20048548, Total Rows Processed: 20048548, Total Chunk Time: 0.623 seconds 

Iteration 2 time: 0.658 secs.
Rows Read: 20048548, Total Rows Processed: 20048548, Total Chunk Time: 0.642 seconds 

Iteration 3 time: 0.672 secs.
Rows Read: 20048548, Total Rows Processed: 20048548, Total Chunk Time: 0.652 seconds 

Iteration 4 time: 0.680 secs.

Elapsed computation time: 2.321 secs.

Elapsed computation time: 5.682 secs.
[1] "--------------------------------------------------------------------------------"
[1] "analyze.results.glm.step="
Logistic Regression Results for: RaceHorse.IsHitA ~
    PrevRaceHorse.FinishTimeSdvByRace
Data: data
Dependent variable(s): RaceHorse.IsHitA
Total independent variables: 2 
Number of valid observations: 20048548
Number of missing observations: 0 
 
Coefficients:
                                  RaceHorse.IsHitA
(Intercept)                                   -2.5
PrevRaceHorse.FinishTimeSdvByRace              0.2
[1] "analyze.results.glm.step.summary"
Call:
rxLogit(formula = formula, data = data, variableSelection = analyze.results.glm.step.varsel)

Logistic Regression Results for: RaceHorse.IsHitA ~
    PrevRaceHorse.FinishTimeSdvByRace
Data: data
Dependent variable(s): RaceHorse.IsHitA
Total independent variables: 2 
Number of valid observations: 20048548
Number of missing observations: 0 
-2*LogLikelihood: 10800424.61 (Residual deviance on 20048546 degrees of freedom)
 
Coefficients:
                                   Estimate Std. Error z value Pr(>|z|)    
(Intercept)                       -2.546639   0.000924   -2756  2.2e-16 ***
PrevRaceHorse.FinishTimeSdvByRace  0.179159   0.001075     167  2.2e-16 ***
---
Signif. codes:  0 '***' 0.001 '**' 0.01 '*' 0.05 '.' 0.1 ' ' 1

Condition number of final variance-covariance matrix: 1 
Number of iterations: 4
[1] "--------------------------------------------------------------------------------"
[1] "2022-03-09 09:17:28 --- rxLogit with rxStepControl Finish ---"
[1] "2022-03-09 09:17:28 --- rxStepPlot Start ---"
[1] "pdfFilename=pdf_analyze_glm_Jockey_Type25_rxStepPlot.pdf"
[1] "rxStepPlot="
[1] "2022-03-09 09:17:28 --- rxStepPlot Finish ---"
[1] "2022-03-09 09:17:28 --- save.image Start ---"
[1] "save.image"
[1] "rdataFilename=RData_analyze_glm_Jockey_Type25.RData"
[1] "2022-03-09 09:18:41 --- save.image Finish ---"
[1] "2022-03-09 09:18:41 --- final Start ---"
[1] "--------------------------------------------------------------------------------"
[1] "nrow(data) final=20048548"
[1] "--------------------------------------------------------------------------------"
[1] "2022-03-09 09:18:41 --- final Finish ---"
[1] "2022-03-09 09:18:41 --- analyze_glm.R Finished ---"
[1] "2022-03-09 09:18:41 --- log Finish ---"
