[1] "2022-03-09 09:01:14 --- D1116_analyze_glm_Jockey_IsHitA_Type11 Start ---"
[1] "2022-03-09 09:01:14 --- Log Start ---"
[1] "2022-03-09 09:01:14 --- analyze_glm.R Start ---"
[1] "analyzeVersion=D1116"
[1] "analyzeCategory=analyze"
[1] "analyzeType=Jockey"
[1] "analyzeFamily=IsHitA"
[1] "analyzeFunc=glm"
[1] "analyzeTrackTypeCd=1"
[1] "analyzeJyokenCd=1"
[1] "2022-03-09 09:01:14 --- source_function.R Start ---"
[1] "2022-03-09 09:01:14 --- source_function.R Finished ---"

> print(paste0(Sys.time(), " --- source_library.R Start ---"))
[1] "2022-03-09 09:01:14 --- source_library.R Start ---"

> require("RevoScaleR")

> print(paste0(Sys.time(), " --- source_library.R Finished ---"))
[1] "2022-03-09 09:01:15 --- source_library.R Finished ---"
[1] "2022-03-09 09:01:15 --- RxSqlServerData Start ---"
[1] "2022-03-09 09:01:15 --- RxInSqlServer Start ---"
[1] "2022-03-09 09:01:15 --- RxInSqlServer Finish ---"
[1] "2022-03-09 09:01:15 --- rxSetComputeContext Start ---"
[1] "2022-03-09 09:01:15 --- rxSetComputeContext Finish ---"
[1] "2022-03-09 09:01:15 --- RxSqlServerData Start ---"
[1] "sqlQuery=SELECT * FROM ViewAnalyzeD1116analyze01JockeyType11"
[1] "2022-03-09 09:01:15 --- RxSqlServerData Finish ---"
[1] "2022-03-09 09:01:15 --- rxGetVarInfo Start ---"
[1] "2022-03-09 09:01:15 --- rxGetVarInfo Finish---"
[1] "2022-03-09 09:01:15 --- rxImport Start ---"
Rows Read: 1079163, Total Rows Processed: 1079163, Total Chunk Time: 32.976 seconds 
[1] "2022-03-09 09:02:02 --- rxImport Finish ---"
[1] "object.size(data) auto=305.6 Mb"
[1] "--------------------------------------------------------------------------------"
[1] "nrow(data) RxSqlServerData=1079163"
[1] "--------------------------------------------------------------------------------"
[1] "str(data)="
'data.frame':	1079163 obs. of  45 variables:
 $ Race.RaceId                      : Factor w/ 928 levels "20160105-06-01-01-10",..: 1 1 1 1 1 1 1 1 1 1 ...
 $ Race.IsAnalyzeNormalPastAndFuture: logi  TRUE TRUE TRUE TRUE TRUE TRUE ...
 $ Race.IsAnalyzeNormalPast         : logi  TRUE TRUE TRUE TRUE TRUE TRUE ...
 $ Race.IsAnalyzeNormalFuture       : logi  FALSE FALSE FALSE FALSE FALSE FALSE ...
 $ Race.IsAnalyzeFullPastAndFuture  : logi  TRUE TRUE TRUE TRUE TRUE TRUE ...
 $ Race.IsAnalyzeFullPast           : logi  TRUE TRUE TRUE TRUE TRUE TRUE ...
 $ Race.IsAnalyzeFullFuture         : logi  FALSE FALSE FALSE FALSE FALSE FALSE ...
 $ Race.JyokenCd                    : Factor w/ 1 level "1": 1 1 1 1 1 1 1 1 1 1 ...
 $ Race.JyoType1Cd                  : Factor w/ 141 levels "18-06-1600-1",..: 1 1 1 1 1 1 1 1 1 1 ...
 $ Race.RaceType1Cd                 : Factor w/ 4 levels "1-1-12","1-1-14",..: 1 1 1 1 1 1 1 1 1 1 ...
 $ RaceHorse.RaceId                 : Factor w/ 928 levels "20160105-06-01-01-10",..: 1 1 1 1 1 1 1 1 1 1 ...
 $ RaceHorse.KettoNum               : Factor w/ 3029 levels "2013100637","2013101006",..: 1 1 1 1 1 1 1 1 1 1 ...
 $ RaceHorse.IsHit1                 : num  0 0 0 0 0 0 0 0 0 0 ...
 $ RaceHorse.IsHit2                 : num  0 0 0 0 0 0 0 0 0 0 ...
 $ RaceHorse.IsHit3                 : num  0 0 0 0 0 0 0 0 0 0 ...
 $ RaceHorse.IsHit4                 : num  0 0 0 0 0 0 0 0 0 0 ...
 $ RaceHorse.IsHit5                 : num  0 0 0 0 0 0 0 0 0 0 ...
 $ RaceHorse.IsHit6                 : num  1 1 1 1 1 1 1 1 1 1 ...
 $ RaceHorse.IsValidRaceHorse       : logi  TRUE TRUE TRUE TRUE TRUE TRUE ...
 $ RaceHorse.FinishTimeSdvByRace    : num  -0.804 -0.804 -0.804 -0.804 -0.804 ...
 $ RaceHorse.FirstTimeSdvByRace     : num  -1.08 -1.08 -1.08 -1.08 -1.08 ...
 $ RaceHorse.LastTimeSdvByRace      : num  0.0213 0.0213 0.0213 0.0213 0.0213 ...
 $ RaceHorse.FinishTimeSdv          : num  0.448 0.448 0.448 0.448 0.448 ...
 $ RaceHorse.FirstTimeSdv           : num  -0.216 -0.216 -0.216 -0.216 -0.216 ...
 $ RaceHorse.LastTimeSdv            : num  1.08 1.08 1.08 1.08 1.08 ...
 $ RaceHorse.IsHitA                 : num  0 0 0 0 0 0 0 0 0 0 ...
 $ RaceHorse.IsHitB                 : num  0 0 0 0 0 0 0 0 0 0 ...
 $ RaceHorse.IsHitC                 : num  0 0 0 0 0 0 0 0 0 0 ...
 $ PrevRaceHorse.RaceId             : Factor w/ 2011 levels "20151018-08-04-05-11",..: 1 2 3 4 5 6 7 8 9 10 ...
 $ PrevRaceHorse.KettoNum           : Factor w/ 5304 levels "2012105832","2012104061",..: 1 2 3 4 5 6 7 4 6 4 ...
 $ PrevRaceHorse.FinishTimeSdvByRace: num  0.646 0.126 0.578 1.235 1.086 ...
 $ PrevRaceHorse.FirstTimeSdvByRace : num  -0.483 -0.965 -0.308 0.401 1.438 ...
 $ PrevRaceHorse.LastTimeSdvByRace  : num  0.695 0.652 0.56 0.868 -0.342 ...
 $ PrevRaceHorse.FinishTimeSdv      : num  2.4 1.23 1.34 1.03 1.02 ...
 $ PrevRaceHorse.FirstTimeSdv       : num  2.289 0.847 0.318 0.649 1.061 ...
 $ PrevRaceHorse.LastTimeSdv        : num  0.683 0.872 1.75 0.67 0.379 ...
 $ PrevRaceHorse.IsRun              : num  1 1 1 1 1 1 1 1 1 1 ...
 $ PrevRaceHorse.IsHit1             : num  0 0 0 0 0 0 0 0 1 0 ...
 $ PrevRaceHorse.IsHit2             : num  0 0 0 0 0 0 0 1 0 0 ...
 $ PrevRaceHorse.IsHit3             : num  0 0 0 1 1 0 0 0 0 0 ...
 $ PrevRaceHorse.IsHit4             : num  0 0 0 0 0 0 0 0 0 0 ...
 $ PrevRaceHorse.IsHit5             : num  0 0 1 0 0 0 0 0 0 0 ...
 $ PrevRaceHorse.RowNum             : num  1 2 3 4 5 6 7 8 9 10 ...
 $ PrevOdds.RealOddsLog1            : num  4.18 3.01 3.11 2.69 3.78 ...
 $ EOF                              : int  1 1 1 1 1 1 1 1 1 1 ...
[1] "2022-03-09 09:02:02 --- RxSqlServerData Finish ---"
[1] "2022-03-09 09:02:02 --- subset Start ---"
[1] "--------------------------------------------------------------------------------"
[1] "nrow(data) subset before=1079163"
[1] "nrow(data) subset after =1079163"
[1] "nrow(data) subset diff =0"
[1] "--------------------------------------------------------------------------------"
[1] "2022-03-09 09:02:03 --- subset Finish---"
[1] "2022-03-09 09:02:03 --- transform Start ---"
[1] "--------------------------------------------------------------------------------"
[1] "nrow(data) transform before=1079163"
[1] "nrow(data) transform after=1079163"
[1] "nrow(data) transform diff=0"
[1] "--------------------------------------------------------------------------------"
[1] "str(data)="
'data.frame':	1079163 obs. of  45 variables:
 $ Race.RaceId                      : Factor w/ 928 levels "20160105-06-01-01-10",..: 1 1 1 1 1 1 1 1 1 1 ...
 $ Race.IsAnalyzeNormalPastAndFuture: logi  TRUE TRUE TRUE TRUE TRUE TRUE ...
 $ Race.IsAnalyzeNormalPast         : logi  TRUE TRUE TRUE TRUE TRUE TRUE ...
 $ Race.IsAnalyzeNormalFuture       : logi  FALSE FALSE FALSE FALSE FALSE FALSE ...
 $ Race.IsAnalyzeFullPastAndFuture  : logi  TRUE TRUE TRUE TRUE TRUE TRUE ...
 $ Race.IsAnalyzeFullPast           : logi  TRUE TRUE TRUE TRUE TRUE TRUE ...
 $ Race.IsAnalyzeFullFuture         : logi  FALSE FALSE FALSE FALSE FALSE FALSE ...
 $ Race.JyokenCd                    : Factor w/ 1 level "1": 1 1 1 1 1 1 1 1 1 1 ...
 $ Race.JyoType1Cd                  : Factor w/ 141 levels "18-06-1600-1",..: 1 1 1 1 1 1 1 1 1 1 ...
 $ Race.RaceType1Cd                 : Factor w/ 4 levels "1-1-12","1-1-14",..: 1 1 1 1 1 1 1 1 1 1 ...
 $ RaceHorse.RaceId                 : Factor w/ 928 levels "20160105-06-01-01-10",..: 1 1 1 1 1 1 1 1 1 1 ...
 $ RaceHorse.KettoNum               : Factor w/ 3029 levels "2013100637","2013101006",..: 1 1 1 1 1 1 1 1 1 1 ...
 $ RaceHorse.IsHit1                 : num  0 0 0 0 0 0 0 0 0 0 ...
 $ RaceHorse.IsHit2                 : num  0 0 0 0 0 0 0 0 0 0 ...
 $ RaceHorse.IsHit3                 : num  0 0 0 0 0 0 0 0 0 0 ...
 $ RaceHorse.IsHit4                 : num  0 0 0 0 0 0 0 0 0 0 ...
 $ RaceHorse.IsHit5                 : num  0 0 0 0 0 0 0 0 0 0 ...
 $ RaceHorse.IsHit6                 : num  1 1 1 1 1 1 1 1 1 1 ...
 $ RaceHorse.IsValidRaceHorse       : logi  TRUE TRUE TRUE TRUE TRUE TRUE ...
 $ RaceHorse.FinishTimeSdvByRace    : num  -0.804 -0.804 -0.804 -0.804 -0.804 ...
 $ RaceHorse.FirstTimeSdvByRace     : num  -1.08 -1.08 -1.08 -1.08 -1.08 ...
 $ RaceHorse.LastTimeSdvByRace      : num  0.0213 0.0213 0.0213 0.0213 0.0213 ...
 $ RaceHorse.FinishTimeSdv          : num  0.448 0.448 0.448 0.448 0.448 ...
 $ RaceHorse.FirstTimeSdv           : num  -0.216 -0.216 -0.216 -0.216 -0.216 ...
 $ RaceHorse.LastTimeSdv            : num  1.08 1.08 1.08 1.08 1.08 ...
 $ RaceHorse.IsHitA                 : num  0 0 0 0 0 0 0 0 0 0 ...
 $ RaceHorse.IsHitB                 : num  0 0 0 0 0 0 0 0 0 0 ...
 $ RaceHorse.IsHitC                 : num  0 0 0 0 0 0 0 0 0 0 ...
 $ PrevRaceHorse.RaceId             : Factor w/ 2011 levels "20151018-08-04-05-11",..: 1 2 3 4 5 6 7 8 9 10 ...
 $ PrevRaceHorse.KettoNum           : Factor w/ 5304 levels "2012105832","2012104061",..: 1 2 3 4 5 6 7 4 6 4 ...
 $ PrevRaceHorse.FinishTimeSdvByRace: num  0.646 0.126 0.578 1.235 1.086 ...
 $ PrevRaceHorse.FirstTimeSdvByRace : num  -0.483 -0.965 -0.308 0.401 1.438 ...
 $ PrevRaceHorse.LastTimeSdvByRace  : num  0.695 0.652 0.56 0.868 -0.342 ...
 $ PrevRaceHorse.FinishTimeSdv      : num  2.4 1.23 1.34 1.03 1.02 ...
 $ PrevRaceHorse.FirstTimeSdv       : num  2.289 0.847 0.318 0.649 1.061 ...
 $ PrevRaceHorse.LastTimeSdv        : num  0.683 0.872 1.75 0.67 0.379 ...
 $ PrevRaceHorse.IsRun              : num  1 1 1 1 1 1 1 1 1 1 ...
 $ PrevRaceHorse.IsHit1             : num  0 0 0 0 0 0 0 0 1 0 ...
 $ PrevRaceHorse.IsHit2             : num  0 0 0 0 0 0 0 1 0 0 ...
 $ PrevRaceHorse.IsHit3             : num  0 0 0 1 1 0 0 0 0 0 ...
 $ PrevRaceHorse.IsHit4             : num  0 0 0 0 0 0 0 0 0 0 ...
 $ PrevRaceHorse.IsHit5             : num  0 0 1 0 0 0 0 0 0 0 ...
 $ PrevRaceHorse.RowNum             : num  1 2 3 4 5 6 7 8 9 10 ...
 $ PrevOdds.RealOddsLog1            : num  4.18 3.01 3.11 2.69 3.78 ...
 $ EOF                              : int  1 1 1 1 1 1 1 1 1 1 ...
NULL
[1] "2022-03-09 09:02:03 --- transform Finish ---"
[1] "2022-03-09 09:02:03 --- na.omit Start ---"
[1] "--------------------------------------------------------------------------------"
[1] "nrow(data) na.omit before=1079163"
[1] "nrow(data) na.omit after =1072741"
[1] "nrow(data) na.omit diff =6422"
[1] "--------------------------------------------------------------------------------"
'data.frame':	1072741 obs. of  45 variables:
 $ Race.RaceId                      : Factor w/ 928 levels "20160105-06-01-01-10",..: 1 1 1 1 1 1 1 1 1 1 ...
 $ Race.IsAnalyzeNormalPastAndFuture: logi  TRUE TRUE TRUE TRUE TRUE TRUE ...
 $ Race.IsAnalyzeNormalPast         : logi  TRUE TRUE TRUE TRUE TRUE TRUE ...
 $ Race.IsAnalyzeNormalFuture       : logi  FALSE FALSE FALSE FALSE FALSE FALSE ...
 $ Race.IsAnalyzeFullPastAndFuture  : logi  TRUE TRUE TRUE TRUE TRUE TRUE ...
 $ Race.IsAnalyzeFullPast           : logi  TRUE TRUE TRUE TRUE TRUE TRUE ...
 $ Race.IsAnalyzeFullFuture         : logi  FALSE FALSE FALSE FALSE FALSE FALSE ...
 $ Race.JyokenCd                    : Factor w/ 1 level "1": 1 1 1 1 1 1 1 1 1 1 ...
 $ Race.JyoType1Cd                  : Factor w/ 141 levels "18-06-1600-1",..: 1 1 1 1 1 1 1 1 1 1 ...
 $ Race.RaceType1Cd                 : Factor w/ 4 levels "1-1-12","1-1-14",..: 1 1 1 1 1 1 1 1 1 1 ...
 $ RaceHorse.RaceId                 : Factor w/ 928 levels "20160105-06-01-01-10",..: 1 1 1 1 1 1 1 1 1 1 ...
 $ RaceHorse.KettoNum               : Factor w/ 3029 levels "2013100637","2013101006",..: 1 1 1 1 1 1 1 1 1 1 ...
 $ RaceHorse.IsHit1                 : num  0 0 0 0 0 0 0 0 0 0 ...
 $ RaceHorse.IsHit2                 : num  0 0 0 0 0 0 0 0 0 0 ...
 $ RaceHorse.IsHit3                 : num  0 0 0 0 0 0 0 0 0 0 ...
 $ RaceHorse.IsHit4                 : num  0 0 0 0 0 0 0 0 0 0 ...
 $ RaceHorse.IsHit5                 : num  0 0 0 0 0 0 0 0 0 0 ...
 $ RaceHorse.IsHit6                 : num  1 1 1 1 1 1 1 1 1 1 ...
 $ RaceHorse.IsValidRaceHorse       : logi  TRUE TRUE TRUE TRUE TRUE TRUE ...
 $ RaceHorse.FinishTimeSdvByRace    : num  -0.804 -0.804 -0.804 -0.804 -0.804 ...
 $ RaceHorse.FirstTimeSdvByRace     : num  -1.08 -1.08 -1.08 -1.08 -1.08 ...
 $ RaceHorse.LastTimeSdvByRace      : num  0.0213 0.0213 0.0213 0.0213 0.0213 ...
 $ RaceHorse.FinishTimeSdv          : num  0.448 0.448 0.448 0.448 0.448 ...
 $ RaceHorse.FirstTimeSdv           : num  -0.216 -0.216 -0.216 -0.216 -0.216 ...
 $ RaceHorse.LastTimeSdv            : num  1.08 1.08 1.08 1.08 1.08 ...
 $ RaceHorse.IsHitA                 : num  0 0 0 0 0 0 0 0 0 0 ...
 $ RaceHorse.IsHitB                 : num  0 0 0 0 0 0 0 0 0 0 ...
 $ RaceHorse.IsHitC                 : num  0 0 0 0 0 0 0 0 0 0 ...
 $ PrevRaceHorse.RaceId             : Factor w/ 2011 levels "20151018-08-04-05-11",..: 1 2 3 4 5 6 7 8 9 10 ...
 $ PrevRaceHorse.KettoNum           : Factor w/ 5304 levels "2012105832","2012104061",..: 1 2 3 4 5 6 7 4 6 4 ...
 $ PrevRaceHorse.FinishTimeSdvByRace: num  0.646 0.126 0.578 1.235 1.086 ...
 $ PrevRaceHorse.FirstTimeSdvByRace : num  -0.483 -0.965 -0.308 0.401 1.438 ...
 $ PrevRaceHorse.LastTimeSdvByRace  : num  0.695 0.652 0.56 0.868 -0.342 ...
 $ PrevRaceHorse.FinishTimeSdv      : num  2.4 1.23 1.34 1.03 1.02 ...
 $ PrevRaceHorse.FirstTimeSdv       : num  2.289 0.847 0.318 0.649 1.061 ...
 $ PrevRaceHorse.LastTimeSdv        : num  0.683 0.872 1.75 0.67 0.379 ...
 $ PrevRaceHorse.IsRun              : num  1 1 1 1 1 1 1 1 1 1 ...
 $ PrevRaceHorse.IsHit1             : num  0 0 0 0 0 0 0 0 1 0 ...
 $ PrevRaceHorse.IsHit2             : num  0 0 0 0 0 0 0 1 0 0 ...
 $ PrevRaceHorse.IsHit3             : num  0 0 0 1 1 0 0 0 0 0 ...
 $ PrevRaceHorse.IsHit4             : num  0 0 0 0 0 0 0 0 0 0 ...
 $ PrevRaceHorse.IsHit5             : num  0 0 1 0 0 0 0 0 0 0 ...
 $ PrevRaceHorse.RowNum             : num  1 2 3 4 5 6 7 8 9 10 ...
 $ PrevOdds.RealOddsLog1            : num  4.18 3.01 3.11 2.69 3.78 ...
 $ EOF                              : int  1 1 1 1 1 1 1 1 1 1 ...
 - attr(*, "na.action")= 'omit' Named int  1172 1173 1174 1175 1176 1177 1178 1179 1180 1181 ...
  ..- attr(*, "names")= chr  "1172" "1173" "1174" "1175" ...
[1] "2022-03-09 09:02:04 --- na.omit Finish ---"
[1] "2022-03-09 09:02:04 --- rxLogit with rxStepControl Start ---"

> print(paste0(Sys.time(), " --- source_logic_glm.R Start ---"))
[1] "2022-03-09 09:02:04 --- source_logic_glm.R Start ---"

> formula <- formula(RaceHorse.IsHitA ~ +1 + PrevRaceHorse.FinishTimeSdvByRace)

> print(paste0(Sys.time(), " --- source_logic_glm.R Finished ---"))
[1] "2022-03-09 09:02:04 --- source_logic_glm.R Finished ---"
Rows Read: 1072741, Total Rows Processed: 1072741, Total Chunk Time: 0.014 seconds 

Starting values (iteration 1) time: 0.021 secs.
Rows Read: 1072741, Total Rows Processed: 1072741, Total Chunk Time: 0.037 seconds 

Iteration 2 time: 0.044 secs.
Rows Read: 1072741, Total Rows Processed: 1072741, Total Chunk Time: 0.034 seconds 

Iteration 3 time: 0.038 secs.
Rows Read: 1072741, Total Rows Processed: 1072741, Total Chunk Time: 0.034 seconds 

Iteration 4 time: 0.038 secs.

Elapsed computation time: 0.147 secs.
Rows Read: 1072741, Total Rows Processed: 1072741, Total Chunk Time: 0.011 seconds 

Starting values (iteration 1) time: 0.017 secs.
Rows Read: 1072741, Total Rows Processed: 1072741, Total Chunk Time: 0.028 seconds 

Iteration 2 time: 0.033 secs.

Elapsed computation time: 0.054 secs.
Rows Read: 1072741, Total Rows Processed: 1072741, Total Chunk Time: 0.014 seconds 

Starting values (iteration 1) time: 0.021 secs.
Rows Read: 1072741, Total Rows Processed: 1072741, Total Chunk Time: 0.037 seconds 

Iteration 2 time: 0.043 secs.
Rows Read: 1072741, Total Rows Processed: 1072741, Total Chunk Time: 0.036 seconds 

Iteration 3 time: 0.040 secs.
Rows Read: 1072741, Total Rows Processed: 1072741, Total Chunk Time: 0.036 seconds 

Iteration 4 time: 0.040 secs.

Elapsed computation time: 0.152 secs.

Elapsed computation time: 0.367 secs.
[1] "--------------------------------------------------------------------------------"
[1] "analyze.results.glm.step="
Logistic Regression Results for: RaceHorse.IsHitA ~
    PrevRaceHorse.FinishTimeSdvByRace
Data: data
Dependent variable(s): RaceHorse.IsHitA
Total independent variables: 2 
Number of valid observations: 1072741
Number of missing observations: 0 
 
Coefficients:
                                  RaceHorse.IsHitA
(Intercept)                                   -2.5
PrevRaceHorse.FinishTimeSdvByRace              0.2
[1] "analyze.results.glm.step.summary"
Call:
rxLogit(formula = formula, data = data, variableSelection = analyze.results.glm.step.varsel)

Logistic Regression Results for: RaceHorse.IsHitA ~
    PrevRaceHorse.FinishTimeSdvByRace
Data: data
Dependent variable(s): RaceHorse.IsHitA
Total independent variables: 2 
Number of valid observations: 1072741
Number of missing observations: 0 
-2*LogLikelihood: 608637.459 (Residual deviance on 1072739 degrees of freedom)
 
Coefficients:
                                  Estimate Std. Error z value Pr(>|z|)    
(Intercept)                       -2.45374    0.00377  -650.5  2.2e-16 ***
PrevRaceHorse.FinishTimeSdvByRace  0.15443    0.00435    35.5  2.2e-16 ***
---
Signif. codes:  0 '***' 0.001 '**' 0.01 '*' 0.05 '.' 0.1 ' ' 1

Condition number of final variance-covariance matrix: 1 
Number of iterations: 4
[1] "--------------------------------------------------------------------------------"
[1] "2022-03-09 09:02:05 --- rxLogit with rxStepControl Finish ---"
[1] "2022-03-09 09:02:05 --- rxStepPlot Start ---"
[1] "pdfFilename=pdf_analyze_glm_Jockey_Type11_rxStepPlot.pdf"
[1] "rxStepPlot="
[1] "2022-03-09 09:02:05 --- rxStepPlot Finish ---"
[1] "2022-03-09 09:02:05 --- save.image Start ---"
[1] "save.image"
[1] "rdataFilename=RData_analyze_glm_Jockey_Type11.RData"
[1] "2022-03-09 09:02:08 --- save.image Finish ---"
[1] "2022-03-09 09:02:08 --- final Start ---"
[1] "--------------------------------------------------------------------------------"
[1] "nrow(data) final=1072741"
[1] "--------------------------------------------------------------------------------"
[1] "2022-03-09 09:02:08 --- final Finish ---"
[1] "2022-03-09 09:02:08 --- analyze_glm.R Finished ---"
[1] "2022-03-09 09:02:08 --- log Finish ---"
